Punto[0.         0.47559117 0.5034986 ] -> F: 0.14778567116491664
Punto[1.         0.48248249 0.50036834] -> F: 0.4731909954015402
Punto[2.         0.50246228 0.49779387] -> F: 0.15604246866692195
Punto[1.         0.48902672 0.50064624] -> F: 0.47673434814009163
Punto[1.         0.48261337 0.50037389] -> F: 0.47333389673364745
Punto[1.         0.48274164 0.50037934] -> F: 0.4734739561721608
Punto[1.         0.48286991 0.50038479] -> F: 0.4736140315807619
Punto[1.         0.48299818 0.50039024] -> F: 0.47375409228087495
Punto[1.         0.48312644 0.50039568] -> F: 0.47388963701473286
Punto[1.         0.48325471 0.50040113] -> F: 0.47402519522215797
Punto[1.         0.48338298 0.50040658] -> F: 0.4741607669031501
Punto[1.         0.48351124 0.50041202] -> F: 0.4742963520577093
Punto[1.         0.48363951 0.50041747] -> F: 0.47443195068583577
Punto[1.         0.48376778 0.50042292] -> F: 0.47456756278752915
Punto[1.         0.48389604 0.50042836] -> F: 0.4747031883627899
Punto[1.         0.48402431 0.50043381] -> F: 0.4748388274116174
Punto[1.         0.48415258 0.50043926] -> F: 0.4749744799340123
Punto[1.         0.48428085 0.5004447 ] -> F: 0.47511014592997436
Punto[1.         0.48440911 0.50045015] -> F: 0.47524582539950333
Punto[1.         0.48453738 0.5004556 ] -> F: 0.47538151834259945
Punto[1.         0.48466565 0.50046104] -> F: 0.47549562154898806
Punto[1.         0.48479391 0.50046649] -> F: 0.4755377796586476
Punto[1.         0.48492218 0.50047194] -> F: 0.4755799387331867
Punto[1.         0.48505045 0.50047738] -> F: 0.47562209877260553
Punto[1.         0.48517871 0.50048283] -> F: 0.47566425977690396
Punto[1.         0.48530698 0.50048828] -> F: 0.47570275255762395
Punto[1.         0.48543525 0.50049372] -> F: 0.47573927090642937
Punto[1.         0.48556351 0.50049917] -> F: 0.47577578998122183
Punto[1.         0.48569178 0.50050462] -> F: 0.47581230978200206
Punto[1.         0.48582005 0.50051007] -> F: 0.47584883030876957
Punto[1.         0.48594832 0.50051551] -> F: 0.4758853515615246
Punto[1.         0.48607658 0.50052096] -> F: 0.47592187354026677
Punto[1.         0.48620485 0.50052641] -> F: 0.47595839624499664
Punto[1.         0.48633312 0.50053185] -> F: 0.47599491967571383
Punto[1.         0.48646138 0.5005373 ] -> F: 0.47603144383241847
Punto[1.         0.48658965 0.50054275] -> F: 0.4760679687151102
Punto[1.         0.48671792 0.50054819] -> F: 0.4761044943237899
Punto[1.         0.48684618 0.50055364] -> F: 0.4761410206584566
Punto[1.         0.48697445 0.50055909] -> F: 0.4761775477191109
Punto[1.         0.48710272 0.50056453] -> F: 0.47621407550575257
Punto[1.         0.48723098 0.50056998] -> F: 0.4762506040183816
Punto[1.         0.48735925 0.50057543] -> F: 0.4762871332569979
Punto[1.         0.48748752 0.50058087] -> F: 0.4763236632216019
Punto[1.         0.48761579 0.50058632] -> F: 0.47636019391219336
Punto[1.         0.48774405 0.50059177] -> F: 0.47639672532877186
Punto[1.         0.48787232 0.50059721] -> F: 0.4764332574713381
Punto[1.         0.48800059 0.50060266] -> F: 0.47646979033989173
Punto[1.         0.48812885 0.50060811] -> F: 0.4765063239344326
Punto[1.         0.48825712 0.50061356] -> F: 0.47654285825496095
Punto[1.         0.48838539 0.500619  ] -> F: 0.4765793933014767
Punto[1.         0.48851365 0.50062445] -> F: 0.4766105206496369
Punto[1.         0.48864192 0.5006299 ] -> F: 0.47664147673786883
Punto[1.         0.48877019 0.50063534] -> F: 0.476672433349022
Punto[1.         0.48889845 0.50064079] -> F: 0.4767033904830964
{
  "seed": 19045,
  "n_per_z": 10,
  "nz": 100,
  "nd": 100,
  "n_muestras": 50,
  "best_f": 0.47673434814009163,
  "best_cp": [
    1.0,
    0.4890267217281393,
    0.5006462361196246
  ],
  "best_u": [
    -0.12533323356430415,
    -0.21642311678190265,
    0.9682213667786528
  ],
  "best_index": 3,
  "n_candidatos": 54
}
