Punto[0.         0.49795156 0.29709598] -> F: 0.06615645052331842
Punto[1.         0.55018651 0.44224504] -> F: 0.3437746860379113
Punto[2.         0.65225731 0.37100073] -> F: 0.15976334156079394
Punto[1.         0.57510443 0.33404836] -> F: 0.31816696949150686
Punto[1.         0.55068487 0.44008111] -> F: 0.34566908724223233
Punto[1.         0.55117326 0.43796045] -> F: 0.34750241355527145
Punto[1.         0.55166166 0.4358398 ] -> F: 0.34929087625861316
Punto[1.         0.55215005 0.43371914] -> F: 0.3510512335477832
Punto[1.         0.55263844 0.43159849] -> F: 0.3527784966043609
Punto[1.         0.55312683 0.42947783] -> F: 0.35443858495024005
Punto[1.         0.55361522 0.42735718] -> F: 0.3560387178610837
Punto[1.         0.55410361 0.42523652] -> F: 0.35753378141104863
Punto[1.         0.554592   0.42311587] -> F: 0.3590563005891175
Punto[1.         0.55508039 0.42099521] -> F: 0.3606062753952905
Punto[1.         0.55556879 0.41887456] -> F: 0.36190773577394353
Punto[1.         0.55605718 0.4167539 ] -> F: 0.3632581813994112
Punto[1.         0.55654557 0.41463325] -> F: 0.3646645563644682
Punto[1.         0.55703396 0.41251259] -> F: 0.3661268606691143
Punto[1.         0.55752235 0.41039194] -> F: 0.3676450943133496
Punto[1.         0.55801074 0.40827128] -> F: 0.36899729367727035
Punto[1.         0.55849913 0.40615063] -> F: 0.3701492279395673
Punto[1.         0.55898752 0.40402997] -> F: 0.3698570434224215
Punto[1.         0.55947592 0.40190932] -> F: 0.3684697650750793
Punto[1.         0.55996431 0.39978866] -> F: 0.3670769220750279
Punto[1.         0.5604527  0.39766801] -> F: 0.36568451729609824
Punto[1.         0.56094109 0.39554735] -> F: 0.3642848469516286
Punto[1.         0.56142948 0.3934267 ] -> F: 0.3628854572141645
Punto[1.         0.56191787 0.39130604] -> F: 0.36148115113067747
Punto[1.         0.56240626 0.38918539] -> F: 0.36007652397686013
Punto[1.         0.56289465 0.38706473] -> F: 0.35864504363379296
Punto[1.         0.56338305 0.38494408] -> F: 0.3568994601136868
Punto[1.         0.56387144 0.38282342] -> F: 0.35533105703593154
Punto[1.         0.56435983 0.38070277] -> F: 0.35365591308456956
Punto[1.         0.56484822 0.37858211] -> F: 0.35214580580328486
Punto[1.         0.56533661 0.37646146] -> F: 0.35067955660978073
Punto[1.        0.565825  0.3743408] -> F: 0.3491723440004148
Punto[1.         0.56631339 0.37222015] -> F: 0.3475256533696805
Punto[1.         0.56680178 0.37009949] -> F: 0.34594957961073575
Punto[1.         0.56729018 0.36797884] -> F: 0.344443257486617
Punto[1.         0.56777857 0.36585818] -> F: 0.3429243304774462
Punto[1.         0.56826696 0.36373753] -> F: 0.34128426699697256
Punto[1.         0.56875535 0.36161687] -> F: 0.33968911383848543
Punto[1.         0.56924374 0.35949622] -> F: 0.33813887100198475
Punto[1.         0.56973213 0.35737556] -> F: 0.3365985659865488
Punto[1.         0.57022052 0.35525491] -> F: 0.3349623027043938
Punto[1.         0.57070891 0.35313425] -> F: 0.33335922989785255
Punto[1.         0.57119731 0.3510136 ] -> F: 0.33178934756692513
Punto[1.         0.5716857  0.34889294] -> F: 0.3299764545175256
Punto[1.         0.57217409 0.34677229] -> F: 0.3281579401658177
Punto[1.         0.57266248 0.34465163] -> F: 0.32651132506423974
Punto[1.         0.57315087 0.34253098] -> F: 0.32497954410080515
Punto[1.         0.57363926 0.34041032] -> F: 0.3231855526744423
Punto[1.         0.57412765 0.33828967] -> F: 0.32146217811986894
Punto[1.         0.57461604 0.33616901] -> F: 0.31980942043708493
Best centerpoint:  [1.         0.55849913 0.40615063] Best F:  0.3701492279395673 Best u:  [-0.15643447 -0.89368713  0.42053724] índice:  17
{
  "seed": 3298,
  "n_per_z": 5,
  "nz": 100,
  "nd": 100,
  "n_muestras": 50,
  "best_f": 0.3701492279395673,
  "best_cp": [
    1.0,
    0.5584991329227057,
    0.40615062763000526
  ],
  "best_u": [
    -0.1564344650402308,
    -0.8936871299757523,
    0.42053724194568015
  ],
  "n_candidatos": 54
}
