Punto[0.         0.51366688 0.47944146] -> F: 0.13568676120812215
Punto[1.         0.51718332 0.4924412 ] -> F: 0.4591425781564481
Punto[2.         0.47926129 0.492787  ] -> F: 0.16628765425451783
Punto[1.         0.49646408 0.48611423] -> F: 0.45594219690423277
Punto[1.         0.51676894 0.49231466] -> F: 0.45943116697228265
Punto[1.         0.51636284 0.49219065] -> F: 0.45971414814593325
Punto[1.         0.51595674 0.49206664] -> F: 0.4599972917957965
Punto[1.         0.51555065 0.49194263] -> F: 0.46028059792187215
Punto[1.         0.51514455 0.49181862] -> F: 0.46056406652416026
Punto[1.         0.51473845 0.49169461] -> F: 0.4608476976026607
Punto[1.         0.51433235 0.49157061] -> F: 0.46113149115737356
Punto[1.         0.51392626 0.4914466 ] -> F: 0.46141544718829897
Punto[1.         0.51352016 0.49132259] -> F: 0.46169956569543685
Punto[1.         0.51311406 0.49119858] -> F: 0.46198384667878734
Punto[1.         0.51270797 0.49107457] -> F: 0.46226829013835
Punto[1.         0.51230187 0.49095056] -> F: 0.4625528960741253
Punto[1.         0.51189577 0.49082656] -> F: 0.46283766448611297
Punto[1.         0.51148968 0.49070255] -> F: 0.4626921962737597
Punto[1.         0.51108358 0.49057854] -> F: 0.4625096917050378
Punto[1.         0.51067748 0.49045453] -> F: 0.46232722384273733
Punto[1.         0.51027138 0.49033052] -> F: 0.4621447926868582
Punto[1.         0.50986529 0.49020651] -> F: 0.46196239823740043
Punto[1.         0.50945919 0.4900825 ] -> F: 0.46178004049436383
Punto[1.         0.50905309 0.4899585 ] -> F: 0.46159771945774863
Punto[1.         0.508647   0.48983449] -> F: 0.4614154351275548
Punto[1.         0.5082409  0.48971048] -> F: 0.4612331875037822
Punto[1.         0.5078348  0.48958647] -> F: 0.46105097658643096
Punto[1.         0.5074287  0.48946246] -> F: 0.46086880237550104
Punto[1.         0.50702261 0.48933845] -> F: 0.4606861182835038
Punto[1.         0.50661651 0.48921444] -> F: 0.4605031967926326
Punto[1.         0.50621041 0.48909044] -> F: 0.46032031233986415
Punto[1.         0.50580432 0.48896643] -> F: 0.46013746492519836
Punto[1.         0.50539822 0.48884242] -> F: 0.45995465454863527
Punto[1.         0.50499212 0.48871841] -> F: 0.459771881210175
Punto[1.         0.50458602 0.4885944 ] -> F: 0.45958914490981734
Punto[1.         0.50417993 0.48847039] -> F: 0.45940644564756233
Punto[1.         0.50377383 0.48834638] -> F: 0.45922378342341014
Punto[1.         0.50336773 0.48822238] -> F: 0.4590411582373606
Punto[1.         0.50296164 0.48809837] -> F: 0.4588585700894138
Punto[1.         0.50255554 0.48797436] -> F: 0.4586760189795697
Punto[1.         0.50214944 0.48785035] -> F: 0.4584935049078283
Punto[1.         0.50174335 0.48772634] -> F: 0.45831102787418965
Punto[1.         0.50133725 0.48760233] -> F: 0.4581285878786536
Punto[1.         0.50093115 0.48747833] -> F: 0.4579461849212203
Punto[1.         0.50052505 0.48735432] -> F: 0.4577638190018897
Punto[1.         0.50011896 0.48723031] -> F: 0.45758149012066185
Punto[1.         0.49971286 0.4871063 ] -> F: 0.4573991982775367
Punto[1.         0.49930676 0.48698229] -> F: 0.45721694347251424
Punto[1.         0.49890067 0.48685828] -> F: 0.4570347257055945
Punto[1.         0.49849457 0.48673427] -> F: 0.4568525449767774
Punto[1.         0.49808847 0.48661027] -> F: 0.4566704012860631
Punto[1.         0.49768237 0.48648626] -> F: 0.4564882946334514
Punto[1.         0.49727628 0.48636225] -> F: 0.45630622501894247
Punto[1.         0.49687018 0.48623824] -> F: 0.45612419244253627
{
  "seed": 14163,
  "n_per_z": 10,
  "nz": 100,
  "nd": 100,
  "n_muestras": 50,
  "best_f": 0.46283766448611297,
  "best_cp": [
    1.0,
    0.5118957724531082,
    0.4908265550525392
  ],
  "best_u": [
    -0.36812455268467775,
    0.5226119078355523,
    0.7690000698954389
  ],
  "best_index": 16,
  "n_candidatos": 54
}
