Punto[0.         0.44701196 0.50083545] -> F: 0.08813317004026212
Punto[1.         0.48034738 0.50266546] -> F: 0.3934949065663027
Punto[2.         0.53872575 0.47783634] -> F: 0.1842908874205295
Punto[1.         0.49286886 0.48933589] -> F: 0.3849059694207068
Punto[1.         0.48059781 0.50239887] -> F: 0.39369622991070746
Punto[1.         0.48084323 0.50213761] -> F: 0.3935438549690159
Punto[1.         0.48108865 0.50187635] -> F: 0.3933915034175901
Punto[1.         0.48133407 0.50161509] -> F: 0.3932353080967214
Punto[1.         0.48157949 0.50135383] -> F: 0.3930763050857838
Punto[1.         0.48182491 0.50109257] -> F: 0.3929173275680934
Punto[1.         0.48207033 0.50083131] -> F: 0.39275837554365023
Punto[1.         0.48231575 0.50057005] -> F: 0.3925994490124543
Punto[1.         0.48256118 0.50030879] -> F: 0.3924405479745056
Punto[1.         0.4828066  0.50004753] -> F: 0.39228167242980416
Punto[1.         0.48305202 0.49978627] -> F: 0.39212282237834994
Punto[1.         0.48329744 0.49952501] -> F: 0.3919602423610699
Punto[1.         0.48354286 0.49926375] -> F: 0.3917946535520248
Punto[1.         0.48378828 0.49900249] -> F: 0.3916290924632538
Punto[1.         0.4840337  0.49874123] -> F: 0.39146355909475683
Punto[1.         0.48427912 0.49847998] -> F: 0.39129805344653396
Punto[1.         0.48452454 0.49821872] -> F: 0.39113257551858527
Punto[1.         0.48476996 0.49795746] -> F: 0.39096712531091055
Punto[1.         0.48501539 0.4976962 ] -> F: 0.39080170282351007
Punto[1.         0.48526081 0.49743494] -> F: 0.3906333302073223
Punto[1.         0.48550623 0.49717368] -> F: 0.39046106531776087
Punto[1.         0.48575165 0.49691242] -> F: 0.3902888305096501
Punto[1.         0.48599707 0.49665116] -> F: 0.39011662578299017
Punto[1.         0.48624249 0.4963899 ] -> F: 0.38994445113778103
Punto[1.         0.48648791 0.49612864] -> F: 0.3897723065740226
Punto[1.         0.48673333 0.49586738] -> F: 0.389600192091715
Punto[1.         0.48697875 0.49560612] -> F: 0.3894281076908581
Punto[1.         0.48722417 0.49534486] -> F: 0.38925468375838795
Punto[1.        0.4874696 0.4950836] -> F: 0.3890756358888544
Punto[1.         0.48771502 0.49482234] -> F: 0.38889662060765195
Punto[1.         0.48796044 0.49456108] -> F: 0.3887176379147805
Punto[1.         0.48820586 0.49429982] -> F: 0.38853868781023987
Punto[1.         0.48845128 0.49403856] -> F: 0.38835977029403024
Punto[1.         0.4886967  0.49377731] -> F: 0.3881808853661516
Punto[1.         0.48894212 0.49351605] -> F: 0.38800203302660385
Punto[1.         0.48918754 0.49325479] -> F: 0.3878190122176883
Punto[1.         0.48943296 0.49299353] -> F: 0.38763351501419635
Punto[1.         0.48967839 0.49273227] -> F: 0.3874480329844291
Punto[1.         0.48992381 0.49247101] -> F: 0.3872625661283868
Punto[1.         0.49016923 0.49220975] -> F: 0.3870770871212576
Punto[1.         0.49041465 0.49194849] -> F: 0.38688520996037834
Punto[1.         0.49066007 0.49168723] -> F: 0.3866933490456143
Punto[1.         0.49090549 0.49142597] -> F: 0.38650150437696557
Punto[1.         0.49115091 0.49116471] -> F: 0.386309675954432
Punto[1.         0.49139633 0.49090345] -> F: 0.38611260883677156
Punto[1.         0.49164175 0.49064219] -> F: 0.38591427152113467
Punto[1.         0.49188717 0.49038093] -> F: 0.3857159515788205
Punto[1.         0.4921326  0.49011967] -> F: 0.38551764900982904
Punto[1.         0.49237802 0.48985841] -> F: 0.385315804756213
Punto[1.         0.49262344 0.48959715] -> F: 0.3851108778084335
Best centerpoint:  [1.         0.48059781 0.50239887] Best F:  0.39369622991070746 Best u:  [-0.87630668 -0.06037975 -0.4779549 ] índice:  1
{
  "seed": 5019,
  "n_per_z": 5,
  "nz": 100,
  "nd": 100,
  "n_muestras": 50,
  "best_f": 0.39369622991070746,
  "best_cp": [
    1.0,
    0.4805978070498219,
    0.5023988672004168
  ],
  "best_u": [
    -0.8763066800438636,
    -0.06037974575665211,
    -0.4779549024885756
  ],
  "n_candidatos": 54
}
