Punto[0.         0.53171263 0.36840408] -> F: 0.13840881088120666
Punto[1.         0.46361478 0.47538427] -> F: 0.45704642285120434
Punto[2.         0.38197872 0.52508955] -> F: 0.13971338080803083
Punto[1.         0.45684568 0.44674681] -> F: 0.4562177766740222
Punto[1.         0.4634794  0.47481153] -> F: 0.4578370167503758
Punto[1.         0.46334673 0.47425023] -> F: 0.4586066844330738
Punto[1.         0.46321405 0.47368894] -> F: 0.45936731839978473
Punto[1.         0.46308138 0.47312764] -> F: 0.4601282075262712
Punto[1.         0.4629487  0.47256635] -> F: 0.46088935181253354
Punto[1.         0.46281603 0.47200505] -> F: 0.4616507512585721
Punto[1.         0.46268335 0.47144376] -> F: 0.4624124058643862
Punto[1.         0.46255068 0.47088247] -> F: 0.4631743156299766
Punto[1.         0.46241801 0.47032117] -> F: 0.4639364805553427
Punto[1.         0.46228533 0.46975988] -> F: 0.4646989006404846
Punto[1.         0.46215266 0.46919858] -> F: 0.4654615758854024
Punto[1.         0.46201998 0.46863729] -> F: 0.4662245062900961
Punto[1.         0.46188731 0.46807599] -> F: 0.46698769185456573
Punto[1.         0.46175463 0.4675147 ] -> F: 0.4677511325788111
Punto[1.         0.46162196 0.46695341] -> F: 0.4685148284628326
Punto[1.         0.46148928 0.46639211] -> F: 0.46927877950663
Punto[1.         0.46135661 0.46583082] -> F: 0.4700335976289434
Punto[1.         0.46122394 0.46526952] -> F: 0.4707833872954446
Punto[1.         0.46109126 0.46470823] -> F: 0.4715334215479954
Punto[1.         0.46095859 0.46414694] -> F: 0.4718876069963334
Punto[1.         0.46082591 0.46358564] -> F: 0.4713371613263796
Punto[1.         0.46069324 0.46302435] -> F: 0.470801124132485
Punto[1.         0.46056056 0.46246305] -> F: 0.47027949541465
Punto[1.         0.46042789 0.46190176] -> F: 0.4697722751728742
Punto[1.         0.46029521 0.46134046] -> F: 0.4692794634071578
Punto[1.         0.46016254 0.46077917] -> F: 0.4688010601175008
Punto[1.         0.46002987 0.46021788] -> F: 0.4683370653039032
Punto[1.         0.45989719 0.45965658] -> F: 0.4678874723973254
Punto[1.         0.45976452 0.45909529] -> F: 0.4674445424086634
Punto[1.         0.45963184 0.45853399] -> F: 0.46700139340202873
Punto[1.         0.45949917 0.4579727 ] -> F: 0.4665580253774216
Punto[1.         0.45936649 0.4574114 ] -> F: 0.4661144383348417
Punto[1.         0.45923382 0.45685011] -> F: 0.46567063227428906
Punto[1.         0.45910114 0.45628882] -> F: 0.465226607195764
Punto[1.         0.45896847 0.45572752] -> F: 0.4647823630992663
Punto[1.         0.45883579 0.45516623] -> F: 0.4643378999847959
Punto[1.         0.45870312 0.45460493] -> F: 0.4638932178523529
Punto[1.         0.45857045 0.45404364] -> F: 0.463421269221804
Punto[1.         0.45843777 0.45348235] -> F: 0.46292939704622016
Punto[1.         0.4583051  0.45292105] -> F: 0.46244164722341774
Punto[1.         0.45817242 0.45235976] -> F: 0.46195801975339623
Punto[1.         0.45803975 0.45179846] -> F: 0.461478514636156
Punto[1.         0.45790707 0.45123717] -> F: 0.4610031318716969
Punto[1.         0.4577744  0.45067587] -> F: 0.460531871460019
Punto[1.         0.45764172 0.45011458] -> F: 0.4600647334011223
Punto[1.         0.45750905 0.44955329] -> F: 0.45960171769500663
Punto[1.         0.45737638 0.44899199] -> F: 0.4590502298725217
Punto[1.        0.4572437 0.4484307] -> F: 0.45836308327430675
Punto[1.         0.45711103 0.4478694 ] -> F: 0.45767829357774187
Punto[1.         0.45697835 0.44730811] -> F: 0.4569559927664365
{
  "seed": 7276,
  "n_per_z": 10,
  "nz": 100,
  "nd": 100,
  "n_muestras": 50,
  "best_f": 0.4718876069963334,
  "best_cp": [
    1.0,
    0.46095858636968634,
    0.4641469352701053
  ],
  "best_u": [
    0.36812455268467775,
    0.0292049851947446,
    -0.9293176973191034
  ],
  "best_index": 23,
  "n_candidatos": 54
}
