Punto[0.         0.51186442 0.46171247] -> F: 0.13927450816986556
Punto[1.        0.5369365 0.4354946] -> F: 0.40498765382328045
Punto[2.         0.62391585 0.38372886] -> F: 0.11804457271760178
Punto[1.         0.56789013 0.42272066] -> F: 0.43102897455079225
Punto[1.         0.53755557 0.43523912] -> F: 0.4059765346984576
Punto[1.         0.53816226 0.43498875] -> F: 0.40691455335717847
Punto[1.         0.53876895 0.43473838] -> F: 0.40781340970275626
Punto[1.         0.53937565 0.43448801] -> F: 0.40871452011450876
Punto[1.         0.53998234 0.43423764] -> F: 0.4096178845924355
Punto[1.         0.54058903 0.43398727] -> F: 0.41052350313653735
Punto[1.         0.54119572 0.4337369 ] -> F: 0.41143137574681343
Punto[1.         0.54180241 0.43348653] -> F: 0.41234150242326384
Punto[1.         0.5424091  0.43323616] -> F: 0.4132538831658891
Punto[1.         0.54301579 0.4329858 ] -> F: 0.4141685179746891
Punto[1.         0.54362248 0.43273543] -> F: 0.41508540684966344
Punto[1.         0.54422918 0.43248506] -> F: 0.41600454979081264
Punto[1.         0.54483587 0.43223469] -> F: 0.41692594679813605
Punto[1.         0.54544256 0.43198432] -> F: 0.41784959787163445
Punto[1.         0.54604925 0.43173395] -> F: 0.4187755030113068
Punto[1.         0.54665594 0.43148358] -> F: 0.41970366221715405
Punto[1.         0.54726263 0.43123321] -> F: 0.42063407548917614
Punto[1.         0.54786932 0.43098284] -> F: 0.42156674282737266
Punto[1.         0.54847601 0.43073247] -> F: 0.4225016642317437
Punto[1.         0.54908271 0.43048211] -> F: 0.42342819084633115
Punto[1.         0.5496894  0.43023174] -> F: 0.4243028438658887
Punto[1.         0.55029609 0.42998137] -> F: 0.4251793220327018
Punto[1.         0.55090278 0.429731  ] -> F: 0.4260576253467706
Punto[1.         0.55150947 0.42948063] -> F: 0.42693775380809573
Punto[1.         0.55211616 0.42923026] -> F: 0.4278197074166765
Punto[1.         0.55272285 0.42897989] -> F: 0.42870348617251297
Punto[1.         0.55332954 0.42872952] -> F: 0.4295890900756052
Punto[1.         0.55393624 0.42847915] -> F: 0.43047651912595347
Punto[1.         0.55454293 0.42822878] -> F: 0.4313657733235574
Punto[1.         0.55514962 0.42797841] -> F: 0.4322568526684172
Punto[1.         0.55575631 0.42772805] -> F: 0.43314975716053317
Punto[1.         0.556363   0.42747768] -> F: 0.4340444867999045
Punto[1.         0.55696969 0.42722731] -> F: 0.43490373415544387
Punto[1.         0.55757638 0.42697694] -> F: 0.43460998606198037
Punto[1.         0.55818307 0.42672657] -> F: 0.43432656366804245
Punto[1.         0.55878977 0.4264762 ] -> F: 0.43405346697363056
Punto[1.         0.55939646 0.42622583] -> F: 0.43379069597874403
Punto[1.         0.56000315 0.42597546] -> F: 0.4335382506833831
Punto[1.         0.56060984 0.42572509] -> F: 0.4332961310875483
Punto[1.         0.56121653 0.42547472] -> F: 0.433064337191239
Punto[1.         0.56182322 0.42522435] -> F: 0.43284286899445534
Punto[1.         0.56242991 0.42497399] -> F: 0.4326317264971974
Punto[1.         0.5630366  0.42472362] -> F: 0.43243090969946524
Punto[1.         0.5636433  0.42447325] -> F: 0.43224041860125867
Punto[1.         0.56424999 0.42422288] -> F: 0.43206025320257785
Punto[1.         0.56485668 0.42397251] -> F: 0.4318880062119245
Punto[1.         0.56546337 0.42372214] -> F: 0.4317162552590757
Punto[1.         0.56607006 0.42347177] -> F: 0.43154447661653816
Punto[1.         0.56667675 0.4232214 ] -> F: 0.43137267028431175
Punto[1.         0.56728344 0.42297103] -> F: 0.43120083626239636
Best centerpoint:  [1.         0.55696969 0.42722731] Best F:  0.43490373415544387 Best u:  [0.18738131 0.57737396 0.79468708] índice:  33
{
  "seed": 16183,
  "n_per_z": 5,
  "nz": 100,
  "nd": 100,
  "n_muestras": 50,
  "best_f": 0.43490373415544387,
  "best_cp": [
    1.0,
    0.5569696923208582,
    0.4272273069158133
  ],
  "best_u": [
    0.18738131458572474,
    0.5773739594932421,
    0.7946870791973539
  ],
  "n_candidatos": 54
}
