Punto[0.         0.60182516 0.58111006] -> F: 0.04218980593479061
Punto[1.         0.58765519 0.54964927] -> F: 0.3044914140933334
Punto[2.         0.62208351 0.49725395] -> F: 0.213232343521594
Punto[1.         0.61195433 0.539182  ] -> F: 0.28479218937065987
Punto[1.         0.58814117 0.54943992] -> F: 0.3049529724637
Punto[1.         0.58861743 0.54923476] -> F: 0.3054051674309414
Punto[1.         0.5890937  0.54902961] -> F: 0.30585723149817884
Punto[1.         0.58956996 0.54882445] -> F: 0.30630916466541264
Punto[1.         0.59004622 0.54861929] -> F: 0.3067609669326426
Punto[1.         0.59052249 0.54841413] -> F: 0.30721298426166854
Punto[1.         0.59099875 0.54820897] -> F: 0.30698105751563026
Punto[1.         0.59147501 0.54800381] -> F: 0.3064787469297445
Punto[1.         0.59195128 0.54779865] -> F: 0.305976495812791
Punto[1.         0.59242754 0.5475935 ] -> F: 0.3054736857134722
Punto[1.         0.5929038  0.54738834] -> F: 0.30496454655032723
Punto[1.         0.59338007 0.54718318] -> F: 0.30445546852752753
Punto[1.         0.59385633 0.54697802] -> F: 0.30394645164507267
Punto[1.         0.59433259 0.54677286] -> F: 0.30343749590296304
Punto[1.         0.59480886 0.5465677 ] -> F: 0.3029286013011984
Punto[1.         0.59528512 0.54636255] -> F: 0.3024197678397789
Punto[1.         0.59576138 0.54615739] -> F: 0.3019109955187045
Punto[1.         0.59623765 0.54595223] -> F: 0.301402284337975
Punto[1.         0.59671391 0.54574707] -> F: 0.3008936342975907
Punto[1.         0.59719017 0.54554191] -> F: 0.3003850453975515
Punto[1.         0.59766644 0.54533675] -> F: 0.29987651763785733
Punto[1.        0.5981427 0.5451316] -> F: 0.2993680510185083
Punto[1.         0.59861896 0.54492644] -> F: 0.2988596455395041
Punto[1.         0.59909523 0.54472128] -> F: 0.2983513012008452
Punto[1.         0.59957149 0.54451612] -> F: 0.29784301800253127
Punto[1.         0.60004775 0.54431096] -> F: 0.2973347959987823
Punto[1.         0.60052402 0.5441058 ] -> F: 0.29682687075999686
Punto[1.         0.60100028 0.54390064] -> F: 0.29631946393568315
Punto[1.         0.60147654 0.54369549] -> F: 0.2958125755258411
Punto[1.         0.60195281 0.54349033] -> F: 0.29530620553047066
Punto[1.         0.60242907 0.54328517] -> F: 0.29480035394957216
Punto[1.         0.60290533 0.54308001] -> F: 0.2942950207831451
Punto[1.         0.6033816  0.54287485] -> F: 0.29379020603118994
Punto[1.         0.60385786 0.54266969] -> F: 0.2932859096937065
Punto[1.         0.60433412 0.54246454] -> F: 0.2927821317706947
Punto[1.         0.60481039 0.54225938] -> F: 0.29227887226215465
Punto[1.         0.60528665 0.54205422] -> F: 0.29177613116808626
Punto[1.         0.60576291 0.54184906] -> F: 0.29127390848848966
Punto[1.         0.60623917 0.5416439 ] -> F: 0.2907722042233649
Punto[1.         0.60671544 0.54143874] -> F: 0.2902710183727117
Punto[1.         0.6071917  0.54123358] -> F: 0.28977035093653014
Punto[1.         0.60766796 0.54102843] -> F: 0.28927020191482045
Punto[1.         0.60814423 0.54082327] -> F: 0.28877057130758244
Punto[1.         0.60862049 0.54061811] -> F: 0.28827145911481605
Punto[1.         0.60909675 0.54041295] -> F: 0.2877728653365215
Punto[1.         0.60957302 0.54020779] -> F: 0.2872747899726985
Punto[1.         0.61004928 0.54000263] -> F: 0.2867772330233474
Punto[1.         0.61052554 0.53979748] -> F: 0.2862801944884679
Punto[1.         0.61100181 0.53959232] -> F: 0.2857836743680601
Punto[1.         0.61147807 0.53938716] -> F: 0.28528767266212424
Best centerpoint:  [1.         0.59052249 0.54841413] Best F:  0.30721298426166854 Best u:  [-0.15643447 -0.58054864  0.79905665] índice:  6
{
  "seed": 9854,
  "n_per_z": 5,
  "nz": 100,
  "nd": 100,
  "n_muestras": 50,
  "best_f": 0.30721298426166854,
  "best_cp": [
    1.0,
    0.5905224875233485,
    0.5484141302839132
  ],
  "best_u": [
    -0.1564344650402308,
    -0.5805486404630471,
    0.7990566526874577
  ],
  "n_candidatos": 54
}
