Punto[0.         0.6296341  0.54656095] -> F: 0.1553176256438045
Punto[1.         0.49291978 0.67368275] -> F: 0.4057881041177979
Punto[2.         0.39261391 0.83334686] -> F: 0.0904612108056227
Punto[1.         0.511124   0.68995391] -> F: 0.38223849836140145
Punto[1.         0.49328387 0.67400817] -> F: 0.40679202699552486
Punto[1.         0.49364067 0.67432709] -> F: 0.40744588110009305
Punto[1.         0.49399747 0.674646  ] -> F: 0.40710579351431686
Punto[1.         0.49435428 0.67496492] -> F: 0.40657293710176684
Punto[1.         0.49471108 0.67528383] -> F: 0.40604070995575087
Punto[1.         0.49506788 0.67560275] -> F: 0.40550911207626755
Punto[1.         0.49542468 0.67592166] -> F: 0.40497814346331756
Punto[1.         0.49578149 0.67624058] -> F: 0.40444780411690084
Punto[1.         0.49613829 0.67655949] -> F: 0.4039180940370171
Punto[1.         0.49649509 0.6768784 ] -> F: 0.40338901322366705
Punto[1.         0.4968519  0.67719732] -> F: 0.4028605616768496
Punto[1.         0.4972087  0.67751623] -> F: 0.40233273939656605
Punto[1.         0.4975655  0.67783515] -> F: 0.4018055463828153
Punto[1.         0.4979223  0.67815406] -> F: 0.40127898263559786
Punto[1.         0.49827911 0.67847298] -> F: 0.4007530481549136
Punto[1.         0.49863591 0.67879189] -> F: 0.40022774294076285
Punto[1.         0.49899271 0.67911081] -> F: 0.3997030669931447
Punto[1.         0.49934951 0.67942972] -> F: 0.3991790203120601
Punto[1.         0.49970632 0.67974864] -> F: 0.39865560289750895
Punto[1.         0.50006312 0.68006755] -> F: 0.39813281474949075
Punto[1.         0.50041992 0.68038647] -> F: 0.3976106558680058
Punto[1.         0.50077672 0.68070538] -> F: 0.3970891262530541
Punto[1.         0.50113353 0.6810243 ] -> F: 0.3965682259046355
Punto[1.         0.50149033 0.68134321] -> F: 0.39604795482274996
Punto[1.         0.50184713 0.68166213] -> F: 0.39552831300739777
Punto[1.         0.50220394 0.68198104] -> F: 0.3950093004585789
Punto[1.         0.50256074 0.68229996] -> F: 0.39449091717629314
Punto[1.         0.50291754 0.68261887] -> F: 0.39397316316054065
Punto[1.         0.50327434 0.68293778] -> F: 0.39345603841132165
Punto[1.         0.50363115 0.6832567 ] -> F: 0.3929395429286355
Punto[1.         0.50398795 0.68357561] -> F: 0.3924236767124825
Punto[1.         0.50434475 0.68389453] -> F: 0.39190843976286305
Punto[1.         0.50470155 0.68421344] -> F: 0.39139383207977674
Punto[1.         0.50505836 0.68453236] -> F: 0.39087985366322364
Punto[1.         0.50541516 0.68485127] -> F: 0.3903665045132033
Punto[1.         0.50577196 0.68517019] -> F: 0.389853784629717
Punto[1.         0.50612877 0.6854891 ] -> F: 0.38934169401276325
Punto[1.         0.50648557 0.68580802] -> F: 0.388830232662343
Punto[1.         0.50684237 0.68612693] -> F: 0.3883194005784558
Punto[1.         0.50719917 0.68644585] -> F: 0.3878091977611022
Punto[1.         0.50755598 0.68676476] -> F: 0.3872996242102814
Punto[1.         0.50791278 0.68708368] -> F: 0.386790679925994
Punto[1.         0.50826958 0.68740259] -> F: 0.3862823649082398
Punto[1.         0.50862638 0.68772151] -> F: 0.38577467915701863
Punto[1.         0.50898319 0.68804042] -> F: 0.38526762267233083
Punto[1.         0.50933999 0.68835933] -> F: 0.38476119545417614
Punto[1.         0.50969679 0.68867825] -> F: 0.38425539750255466
Punto[1.         0.5100536  0.68899716] -> F: 0.3837502288174664
Punto[1.         0.5104104  0.68931608] -> F: 0.38324568939891157
Punto[1.         0.5107672  0.68963499] -> F: 0.38274177924688996
Best centerpoint:  [1.         0.49364067 0.67432709] Best F:  0.40744588110009305 Best u:  [ 0.24868989  0.35655924 -0.90056585] índice:  2
{
  "seed": 7351,
  "n_per_z": 5,
  "nz": 100,
  "nd": 100,
  "n_muestras": 50,
  "best_f": 0.40744588110009305,
  "best_cp": [
    1.0,
    0.493640670627579,
    0.6743270871296618
  ],
  "best_u": [
    0.24868988716485485,
    0.3565592429283885,
    -0.9005658478447126
  ],
  "n_candidatos": 54
}
