Punto[0.         0.45390917 0.42783881] -> F: 0.1828397869208126
Punto[1.         0.46226022 0.41697587] -> F: 0.3352125031151654
Punto[2.         0.52728765 0.25959665] -> F: 0.08295312395362509
Punto[1.         0.49059841 0.34371773] -> F: 0.3402942337955316
Punto[1.         0.46282699 0.41551071] -> F: 0.338349533956873
Punto[1.         0.46338241 0.41407485] -> F: 0.3414461124848583
Punto[1.         0.46393784 0.41263899] -> F: 0.3445647541815808
Punto[1.         0.46449327 0.41120313] -> F: 0.347705456467782
Punto[1.         0.4650487  0.40976727] -> F: 0.3508673123711511
Punto[1.         0.46560413 0.40833141] -> F: 0.35404959115396095
Punto[1.         0.46615956 0.40689555] -> F: 0.35725229281621274
Punto[1.         0.46671498 0.40545969] -> F: 0.3603879785390286
Punto[1.         0.46727041 0.40402383] -> F: 0.3634173629561332
Punto[1.         0.46782584 0.40258797] -> F: 0.366464047493814
Punto[1.         0.46838127 0.40115211] -> F: 0.36952803215207103
Punto[1.         0.4689367  0.39971625] -> F: 0.372609316930905
Punto[1.         0.46949213 0.39828039] -> F: 0.3757079018303146
Punto[1.         0.47004756 0.39684453] -> F: 0.3788237868503006
Punto[1.         0.47060298 0.39540867] -> F: 0.3805213809615345
Punto[1.         0.47115841 0.39397281] -> F: 0.3796511289122299
Punto[1.         0.47171384 0.39253695] -> F: 0.3786083008010415
Punto[1.         0.47226927 0.39110109] -> F: 0.37756016888132327
Punto[1.         0.4728247  0.38966523] -> F: 0.37650820085100334
Punto[1.         0.47338013 0.38822937] -> F: 0.37545196201897607
Punto[1.         0.47393555 0.38679351] -> F: 0.37438896933431803
Punto[1.         0.47449098 0.38535766] -> F: 0.37332216796185397
Punto[1.         0.47504641 0.3839218 ] -> F: 0.3722516219374983
Punto[1.         0.47560184 0.38248594] -> F: 0.37117459160633376
Punto[1.         0.47615727 0.38105008] -> F: 0.3700930003367023
Punto[1.         0.4767127  0.37961422] -> F: 0.3690077875415424
Punto[1.         0.47726813 0.37817836] -> F: 0.3679169051857055
Punto[1.         0.47782355 0.3767425 ] -> F: 0.3668206162290243
Punto[1.         0.47837898 0.37530664] -> F: 0.36572090680539754
Punto[1.         0.47893441 0.37387078] -> F: 0.36461574835001664
Punto[1.         0.47948984 0.37243492] -> F: 0.36350494565925207
Punto[1.         0.48004527 0.37099906] -> F: 0.3623910384895899
Punto[1.        0.4806007 0.3695632] -> F: 0.3612710105900897
Punto[1.         0.48115612 0.36812734] -> F: 0.36014604250988025
Punto[1.         0.48171155 0.36669148] -> F: 0.3590184599852123
Punto[1.         0.48226698 0.36525562] -> F: 0.3578827738253567
Punto[1.         0.48282241 0.36381976] -> F: 0.3567442708021685
Punto[1.         0.48337784 0.3623839 ] -> F: 0.3556009743250272
Punto[1.         0.48393327 0.36094804] -> F: 0.35445154571131987
Punto[1.         0.4844887  0.35951218] -> F: 0.35330037238130957
Punto[1.         0.48504412 0.35807632] -> F: 0.35214004341416527
Punto[1.         0.48559955 0.35664046] -> F: 0.3509786421523321
Punto[1.         0.48615498 0.35520461] -> F: 0.3498095329589483
Punto[1.         0.48671041 0.35376875] -> F: 0.34863784931770603
Punto[1.         0.48726584 0.35233289] -> F: 0.34745980993288667
Punto[1.         0.48782127 0.35089703] -> F: 0.3462781246852682
Punto[1.         0.48837669 0.34946117] -> F: 0.34509071828344196
Punto[1.         0.48893212 0.34802531] -> F: 0.34389944672587125
Punto[1.         0.48948755 0.34658945] -> F: 0.3427021797684895
Punto[1.         0.49004298 0.34515359] -> F: 0.3415019195934987
Best centerpoint:  [1.         0.47060298 0.39540867] Best F:  0.3805213809615345 Best u:  [ 0.42577929  0.84128692 -0.33308905] índice:  15
{
  "seed": 18988,
  "n_per_z": 5,
  "nz": 100,
  "nd": 100,
  "n_muestras": 50,
  "best_f": 0.3805213809615345,
  "best_cp": [
    1.0,
    0.47060298406990414,
    0.3954086721998642
  ],
  "best_u": [
    0.4257792915650727,
    0.84128691717848,
    -0.3330890539460492
  ],
  "n_candidatos": 54
}
