Punto[0.         0.54689772 0.72625539] -> F: 0.05480735207008367
Punto[1.         0.57920234 0.58323586] -> F: 0.35531551193515437
Punto[2.         0.54845376 0.40888517] -> F: 0.16832249970309923
Punto[1.         0.54767574 0.56757028] -> F: 0.3330487386548967
Punto[1.         0.57857181 0.58292255] -> F: 0.35605384642633753
Punto[1.         0.57795389 0.5826155 ] -> F: 0.35679094257168736
Punto[1.         0.57733597 0.58230846] -> F: 0.35754143041108827
Punto[1.         0.57671805 0.58200141] -> F: 0.35799828831516495
Punto[1.         0.57610013 0.58169437] -> F: 0.3574597507604224
Punto[1.         0.5754822  0.58138732] -> F: 0.3569218226765459
Punto[1.         0.57486428 0.58108028] -> F: 0.35638450406353533
Punto[1.         0.57424636 0.58077323] -> F: 0.3558477949213906
Punto[1.         0.57362844 0.58046619] -> F: 0.355311695250112
Punto[1.         0.57301052 0.58015914] -> F: 0.3547699826685094
Punto[1.        0.5723926 0.5798521] -> F: 0.3542287091339354
Punto[1.         0.57177468 0.57954505] -> F: 0.35368805975092743
Punto[1.         0.57115675 0.57923801] -> F: 0.35314803451948573
Punto[1.         0.57053883 0.57893096] -> F: 0.35260863343960996
Punto[1.         0.56992091 0.57862391] -> F: 0.35206985651130057
Punto[1.         0.56930299 0.57831687] -> F: 0.3515317037345572
Punto[1.         0.56868507 0.57800982] -> F: 0.35099417510937997
Punto[1.         0.56806715 0.57770278] -> F: 0.350457270635769
Punto[1.         0.56744923 0.57739573] -> F: 0.3499209903137241
Punto[1.         0.5668313  0.57708869] -> F: 0.34938533414324524
Punto[1.         0.56621338 0.57678164] -> F: 0.3488503021243328
Punto[1.         0.56559546 0.5764746 ] -> F: 0.3483158942569863
Punto[1.         0.56497754 0.57616755] -> F: 0.347782110541206
Punto[1.         0.56435962 0.57586051] -> F: 0.3472489509769919
Punto[1.         0.5637417  0.57555346] -> F: 0.346716415564344
Punto[1.         0.56312378 0.57524642] -> F: 0.3461845043032621
Punto[1.         0.56250585 0.57493937] -> F: 0.3456532171937463
Punto[1.         0.56188793 0.57463232] -> F: 0.3451225542357968
Punto[1.         0.56127001 0.57432528] -> F: 0.34459251542941344
Punto[1.         0.56065209 0.57401823] -> F: 0.3440631007745961
Punto[1.         0.56003417 0.57371119] -> F: 0.3435343102713451
Punto[1.         0.55941625 0.57340414] -> F: 0.34300614391966017
Punto[1.         0.55879833 0.5730971 ] -> F: 0.3424786017195413
Punto[1.         0.5581804  0.57279005] -> F: 0.3419516836709887
Punto[1.         0.55756248 0.57248301] -> F: 0.34142538977400216
Punto[1.         0.55694456 0.57217596] -> F: 0.3408997200285819
Punto[1.         0.55632664 0.57186892] -> F: 0.3403746744347276
Punto[1.         0.55570872 0.57156187] -> F: 0.3398502529924395
Punto[1.         0.5550908  0.57125483] -> F: 0.3393264557017176
Punto[1.         0.55447288 0.57094778] -> F: 0.3388032825625619
Punto[1.         0.55385495 0.57064073] -> F: 0.3382807335749723
Punto[1.         0.55323703 0.57033369] -> F: 0.3377588087389488
Punto[1.         0.55261911 0.57002664] -> F: 0.3372375080544916
Punto[1.         0.55200119 0.5697196 ] -> F: 0.33671683152160037
Punto[1.         0.55138327 0.56941255] -> F: 0.3361940573679901
Punto[1.         0.55076535 0.56910551] -> F: 0.3356682385283871
Punto[1.         0.55014743 0.56879846] -> F: 0.33514305931041916
Punto[1.         0.5495295  0.56849142] -> F: 0.334618519714086
Punto[1.         0.54891158 0.56818437] -> F: 0.3340946197393879
Punto[1.         0.54829366 0.56787733] -> F: 0.33357135938632493
Best centerpoint:  [1.         0.57671805 0.58200141] Best F:  0.35799828831516495 Best u:  [-0.99950656 -0.02002197 -0.02420241] índice:  4
{
  "seed": 8268,
  "n_per_z": 5,
  "nz": 100,
  "nd": 100,
  "n_muestras": 50,
  "best_f": 0.35799828831516495,
  "best_cp": [
    1.0,
    0.5767180472560884,
    0.582001413941658
  ],
  "best_u": [
    -0.9995065603657316,
    -0.02002197137261541,
    -0.02420240583533769
  ],
  "n_candidatos": 54
}
