Punto[0.         0.63544825 0.46792332] -> F: 0.1316971191013663
Punto[1.         0.57297217 0.50811023] -> F: 0.4587352886261526
Punto[2.         0.49726041 0.49437602] -> F: 0.15809976248661128
Punto[1.         0.56635433 0.48114967] -> F: 0.4546173281866811
Punto[1.         0.57283981 0.50757102] -> F: 0.4595341002401384
Punto[1.        0.5727101 0.5070426] -> F: 0.4603173711693853
Punto[1.         0.57258039 0.50651417] -> F: 0.4610903802849091
Punto[1.         0.57245068 0.50598574] -> F: 0.46185373617613446
Punto[1.         0.57232097 0.50545731] -> F: 0.46261748954082893
Punto[1.         0.57219126 0.50492889] -> F: 0.46338164037899243
Punto[1.         0.57206156 0.50440046] -> F: 0.46414618869062485
Punto[1.         0.57193185 0.50387203] -> F: 0.46434307907874606
Punto[1.         0.57180214 0.50334361] -> F: 0.46453410943149787
Punto[1.         0.57167243 0.50281518] -> F: 0.4647251609631168
Punto[1.         0.57154272 0.50228675] -> F: 0.464916233673603
Punto[1.         0.57141301 0.50175832] -> F: 0.4651073275629563
Punto[1.        0.5712833 0.5012299] -> F: 0.46529844263117703
Punto[1.         0.57115359 0.50070147] -> F: 0.465489578878265
Punto[1.         0.57102388 0.50017304] -> F: 0.46525097595432224
Punto[1.         0.57089417 0.49964462] -> F: 0.4650058208287478
Punto[1.         0.57076446 0.49911619] -> F: 0.464760760852799
Punto[1.         0.57063475 0.49858776] -> F: 0.4645157960264756
Punto[1.         0.57050504 0.49805934] -> F: 0.4642709263497776
Punto[1.         0.57037533 0.49753091] -> F: 0.4640261518227052
Punto[1.         0.57024562 0.49700248] -> F: 0.46378147244525825
Punto[1.         0.57011591 0.49647405] -> F: 0.4635368882174368
Punto[1.         0.5699862  0.49594563] -> F: 0.46329239913924086
Punto[1.         0.56985649 0.4954172 ] -> F: 0.46304597746937304
Punto[1.         0.56972678 0.49488877] -> F: 0.46279582706898353
Punto[1.         0.56959707 0.49436035] -> F: 0.4625457764325716
Punto[1.         0.56946736 0.49383192] -> F: 0.4622958255601372
Punto[1.         0.56933765 0.49330349] -> F: 0.46204597445168033
Punto[1.         0.56920794 0.49277506] -> F: 0.46179622310720103
Punto[1.         0.56907823 0.49224664] -> F: 0.46154657152669915
Punto[1.         0.56894852 0.49171821] -> F: 0.4612970197101748
Punto[1.         0.56881881 0.49118978] -> F: 0.46104756765762805
Punto[1.         0.5686891  0.49066136] -> F: 0.4607982153690587
Punto[1.         0.56855939 0.49013293] -> F: 0.460548962844467
Punto[1.         0.56842969 0.4896045 ] -> F: 0.46021220546915925
Punto[1.         0.56829998 0.48907607] -> F: 0.4598598742801032
Punto[1.         0.56817027 0.48854765] -> F: 0.4595078966055671
Punto[1.         0.56804056 0.48801922] -> F: 0.4591562724455512
Punto[1.         0.56791085 0.48749079] -> F: 0.4588050018000557
Punto[1.         0.56778114 0.48696237] -> F: 0.4584540846690803
Punto[1.         0.56765143 0.48643394] -> F: 0.4581035210526249
Punto[1.         0.56752172 0.48590551] -> F: 0.45775331095068994
Punto[1.         0.56739201 0.48537709] -> F: 0.4574034543632749
Punto[1.         0.5672623  0.48484866] -> F: 0.45705395129038
Punto[1.         0.56713259 0.48432023] -> F: 0.4567048017320054
Punto[1.         0.56700288 0.4837918 ] -> F: 0.45635600568815093
Punto[1.         0.56687317 0.48326338] -> F: 0.4560075631588168
Punto[1.         0.56674346 0.48273495] -> F: 0.4556594741440025
Punto[1.         0.56661375 0.48220652] -> F: 0.45531173864370844
Punto[1.         0.56648404 0.4816781 ] -> F: 0.4549643566579348
{
  "seed": 16106,
  "n_per_z": 10,
  "nz": 100,
  "nd": 100,
  "n_muestras": 50,
  "best_f": 0.465489578878265,
  "best_cp": [
    1.0,
    0.571153587623299,
    0.5007014704654646
  ],
  "best_u": [
    -0.24868988716485485,
    -0.8630139157846034,
    0.4397275533600973
  ],
  "best_index": 17,
  "n_candidatos": 54
}
