Punto[0.         0.4164646  0.42813086] -> F: 0.13372116377587892
Punto[1.        0.5215099 0.4480648] -> F: 0.4089783636555752
Punto[2.         0.47460728 0.4120806 ] -> F: 0.12570580570260687
Punto[1.         0.44553594 0.42010573] -> F: 0.42584456912407637
Punto[1.         0.51999042 0.44750561] -> F: 0.4110937282115507
Punto[1.         0.51850133 0.44695762] -> F: 0.4131722312120913
Punto[1.         0.51701224 0.44640962] -> F: 0.41525612494088593
Punto[1.         0.51552315 0.44586162] -> F: 0.41734540939793446
Punto[1.         0.51403406 0.44531362] -> F: 0.4194400845832369
Punto[1.         0.51254497 0.44476563] -> F: 0.4215401504967931
Punto[1.         0.51105588 0.44421763] -> F: 0.4236456071386031
Punto[1.         0.50956679 0.44366963] -> F: 0.4257564545086673
Punto[1.         0.5080777  0.44312163] -> F: 0.427872692606985
Punto[1.         0.50658861 0.44257363] -> F: 0.4299943214335568
Punto[1.         0.50509952 0.44202564] -> F: 0.4321213409883824
Punto[1.         0.50361043 0.44147764] -> F: 0.434253751271462
Punto[1.         0.50212134 0.44092964] -> F: 0.43639155228279525
Punto[1.         0.50063225 0.44038164] -> F: 0.4385347440223825
Punto[1.         0.49914316 0.43983365] -> F: 0.44068332649022346
Punto[1.         0.49765408 0.43928565] -> F: 0.4428372601801401
Punto[1.         0.49616499 0.43873765] -> F: 0.4449915124829694
Punto[1.         0.4946759  0.43818965] -> F: 0.44715113887902297
Punto[1.         0.49318681 0.43764165] -> F: 0.44931613936830095
Punto[1.         0.49169772 0.43709366] -> F: 0.45148651395080286
Punto[1.         0.49020863 0.43654566] -> F: 0.45361948211596737
Punto[1.         0.48871954 0.43599766] -> F: 0.4557194600845595
Punto[1.         0.48723045 0.43544966] -> F: 0.457819732805376
Punto[1.         0.48574136 0.43490167] -> F: 0.4598702979240688
Punto[1.         0.48425227 0.43435367] -> F: 0.4585918405232387
Punto[1.         0.48276318 0.43380567] -> F: 0.4570994452668896
Punto[1.         0.48127409 0.43325767] -> F: 0.4556242548024684
Punto[1.         0.479785   0.43270967] -> F: 0.45424574010945407
Punto[1.         0.47829591 0.43216168] -> F: 0.45297343313526023
Punto[1.         0.47680682 0.43161368] -> F: 0.45180733387988625
Punto[1.         0.47531773 0.43106568] -> F: 0.4507474423433325
Punto[1.         0.47382864 0.43051768] -> F: 0.4497784661363103
Punto[1.         0.47233955 0.42996969] -> F: 0.4487178589892245
Punto[1.         0.47085046 0.42942169] -> F: 0.4474815727257579
Punto[1.         0.46936137 0.42887369] -> F: 0.4462686096193624
Punto[1.         0.46787228 0.42832569] -> F: 0.4450789696700376
Punto[1.         0.46638319 0.42777769] -> F: 0.4439126528777841
Punto[1.         0.46489411 0.4272297 ] -> F: 0.44276965924260137
Punto[1.         0.46340502 0.4266817 ] -> F: 0.44161412478194373
Punto[1.         0.46191593 0.4261337 ] -> F: 0.4403634076198069
Punto[1.         0.46042684 0.4255857 ] -> F: 0.4391263951849314
Punto[1.         0.45893775 0.42503771] -> F: 0.437903087477317
Punto[1.         0.45744866 0.42448971] -> F: 0.436674868945166
Punto[1.         0.45595957 0.42394171] -> F: 0.4353774446660317
Punto[1.         0.45447048 0.42339371] -> F: 0.4340900024408189
Punto[1.         0.45298139 0.42284571] -> F: 0.4328091883985432
Punto[1.         0.4514923  0.42229772] -> F: 0.43147368104362
Punto[1.         0.45000321 0.42174972] -> F: 0.43011576593918605
Punto[1.         0.44851412 0.42120172] -> F: 0.4287030707145949
Punto[1.         0.44702503 0.42065372] -> F: 0.42727715451022996
Best centerpoint:  [1.         0.48574136 0.43490167] Best F:  0.4598702979240688 Best u:  [-0.15643447  0.69840112 -0.69840112] índice:  24
{
  "seed": 15150,
  "n_per_z": 5,
  "nz": 100,
  "nd": 100,
  "n_muestras": 50,
  "best_f": 0.4598702979240688,
  "best_cp": [
    1.0,
    0.4857413590213431,
    0.4349016654964941
  ],
  "best_u": [
    -0.15643446504023092,
    0.6984011233337103,
    -0.6984011233337104
  ],
  "n_candidatos": 54
}
