Punto[0.         0.66928489 0.26380347] -> F: 0.16991159851004625
Punto[1.         0.64433778 0.43950438] -> F: 0.37107644773458237
Punto[2.         0.60460453 0.62936495] -> F: 0.05761049762181868
Punto[1.         0.63694471 0.44658421] -> F: 0.3640369150415382
Punto[1.         0.64418992 0.43964598] -> F: 0.37093947572658986
Punto[1.         0.64404502 0.43978474] -> F: 0.37080191491939624
Punto[1.         0.64390011 0.43992351] -> F: 0.3706643831401273
Punto[1.         0.64375521 0.44006227] -> F: 0.37052688038878356
Punto[1.         0.64361031 0.44020104] -> F: 0.3703894066653646
Punto[1.        0.6434654 0.4403398] -> F: 0.37025196196987076
Punto[1.         0.6433205  0.44047857] -> F: 0.3701145463023017
Punto[1.         0.64317559 0.44061733] -> F: 0.36997715966265776
Punto[1.         0.64303069 0.4407561 ] -> F: 0.3698398020509387
Punto[1.         0.64288578 0.44089486] -> F: 0.3697024734671446
Punto[1.         0.64274088 0.44103362] -> F: 0.3695651739112753
Punto[1.         0.64259598 0.44117239] -> F: 0.3694279033833311
Punto[1.         0.64245107 0.44131115] -> F: 0.36929066188331194
Punto[1.         0.64230617 0.44144992] -> F: 0.36915344941121725
Punto[1.         0.64216126 0.44158868] -> F: 0.36901626596704784
Punto[1.         0.64201636 0.44172745] -> F: 0.3688791115508035
Punto[1.         0.64187145 0.44186621] -> F: 0.36874198616248394
Punto[1.         0.64172655 0.44200498] -> F: 0.3686048898020893
Punto[1.         0.64158165 0.44214374] -> F: 0.36846782246961973
Punto[1.         0.64143674 0.44228251] -> F: 0.368330784165075
Punto[1.         0.64129184 0.44242127] -> F: 0.3681937748884552
Punto[1.         0.64114693 0.44256004] -> F: 0.3680567946397602
Punto[1.         0.64100203 0.4426988 ] -> F: 0.3679198434189904
Punto[1.         0.64085712 0.44283757] -> F: 0.3677829212261454
Punto[1.         0.64071222 0.44297633] -> F: 0.36764602806122554
Punto[1.         0.64056732 0.4431151 ] -> F: 0.3675091639242304
Punto[1.         0.64042241 0.44325386] -> F: 0.3673723288151603
Punto[1.         0.64027751 0.44339262] -> F: 0.3672355227340152
Punto[1.         0.6401326  0.44353139] -> F: 0.3670987456807948
Punto[1.         0.6399877  0.44367015] -> F: 0.3669619976554996
Punto[1.         0.63984279 0.44380892] -> F: 0.36682527865812914
Punto[1.         0.63969789 0.44394768] -> F: 0.36668858868868387
Punto[1.         0.63955299 0.44408645] -> F: 0.36655192774716344
Punto[1.         0.63940808 0.44422521] -> F: 0.36641529583356797
Punto[1.         0.63926318 0.44436398] -> F: 0.36627869294789733
Punto[1.         0.63911827 0.44450274] -> F: 0.3661421190901517
Punto[1.         0.63897337 0.44464151] -> F: 0.366005574260331
Punto[1.         0.63882846 0.44478027] -> F: 0.36586905845843515
Punto[1.         0.63868356 0.44491904] -> F: 0.36573257168446444
Punto[1.         0.63853866 0.4450578 ] -> F: 0.3655916892628945
Punto[1.         0.63839375 0.44519657] -> F: 0.36545025544321963
Punto[1.         0.63824885 0.44533533] -> F: 0.3653088348097005
Punto[1.         0.63810394 0.4454741 ] -> F: 0.3651674273623373
Punto[1.         0.63795904 0.44561286] -> F: 0.36502603310113013
Punto[1.         0.63781413 0.44575162] -> F: 0.3648846520260788
Punto[1.         0.63766923 0.44589039] -> F: 0.36474328635119463
Punto[1.         0.63752433 0.44602915] -> F: 0.3646019496144967
Punto[1.         0.63737942 0.44616792] -> F: 0.3644606441151819
Punto[1.         0.63723452 0.44630668] -> F: 0.36431936985325064
Punto[1.         0.63708961 0.44644545] -> F: 0.3641781268287029
Best centerpoint:  [1.         0.64433778 0.43950438] Best F:  0.37107644773458237 Best u:  [0.99556196 0.0117949  0.09336624] índice:  1
{
  "seed": 10823,
  "n_per_z": 5,
  "nz": 100,
  "nd": 100,
  "n_muestras": 50,
  "best_f": 0.37107644773458237,
  "best_cp": [
    1.0,
    0.644337783944657,
    0.43950438104504663
  ],
  "best_u": [
    0.99556196460308,
    0.0117948992134921,
    0.09336624115920712
  ],
  "n_candidatos": 54
}
