Punto[0.         0.58892751 0.43114248] -> F: 0.11974309158787814
Punto[1.         0.53091737 0.49383523] -> F: 0.44392023807714226
Punto[2.         0.46723932 0.57756218] -> F: 0.1550646429721483
Punto[1.         0.52808341 0.50435233] -> F: 0.4522633710996343
Punto[1.         0.53086069 0.49404558] -> F: 0.444093959924048
Punto[1.         0.53080514 0.49425171] -> F: 0.44423778105299244
Punto[1.         0.5307496  0.49445785] -> F: 0.4443815594739033
Punto[1.         0.53069405 0.49466398] -> F: 0.44452529518678036
Punto[1.         0.53063851 0.49487012] -> F: 0.44466898819162387
Punto[1.         0.53058296 0.49507625] -> F: 0.44481263848843366
Punto[1.         0.53052742 0.49528239] -> F: 0.44495624607720985
Punto[1.         0.53047187 0.49548852] -> F: 0.44509981095795226
Punto[1.         0.53041633 0.49569466] -> F: 0.4452433331306611
Punto[1.         0.53036078 0.49590079] -> F: 0.4453872059732997
Punto[1.         0.53030523 0.49610693] -> F: 0.44553269534486484
Punto[1.         0.53024969 0.49631306] -> F: 0.44567989707895755
Punto[1.         0.53019414 0.4965192 ] -> F: 0.4458288111755783
Punto[1.         0.5301386  0.49672533] -> F: 0.4459794376347268
Punto[1.         0.53008305 0.49693147] -> F: 0.446131776456403
Punto[1.         0.53002751 0.4971376 ] -> F: 0.4462858276406069
Punto[1.         0.52997196 0.49734374] -> F: 0.4464415911873389
Punto[1.         0.52991642 0.49754987] -> F: 0.4465990670965985
Punto[1.         0.52986087 0.49775601] -> F: 0.44675825536838587
Punto[1.         0.52980532 0.49796214] -> F: 0.4469191560027011
Punto[1.         0.52974978 0.49816828] -> F: 0.44708176899954416
Punto[1.         0.52969423 0.49837441] -> F: 0.4472460943589149
Punto[1.         0.52963869 0.49858055] -> F: 0.4474121320808135
Punto[1.         0.52958314 0.49878668] -> F: 0.44757988216524
Punto[1.         0.5295276  0.49899282] -> F: 0.44774934461219423
Punto[1.         0.52947205 0.49919895] -> F: 0.44792051942167627
Punto[1.         0.52941651 0.49940509] -> F: 0.44809340659368607
Punto[1.         0.52936096 0.49961122] -> F: 0.4482680061282237
Punto[1.         0.52930542 0.49981736] -> F: 0.44844431802528906
Punto[1.         0.52924987 0.50002349] -> F: 0.4486223422848824
Punto[1.         0.52919432 0.50022963] -> F: 0.4488020789070034
Punto[1.         0.52913878 0.50043576] -> F: 0.44898352789165213
Punto[1.         0.52908323 0.5006419 ] -> F: 0.44916668923882885
Punto[1.         0.52902769 0.50084803] -> F: 0.4493515629485332
Punto[1.         0.52897214 0.50105417] -> F: 0.4495381490207654
Punto[1.        0.5289166 0.5012603] -> F: 0.4497264474555255
Punto[1.         0.52886105 0.50146644] -> F: 0.44991645825281334
Punto[1.         0.52880551 0.50167257] -> F: 0.450108181412629
Punto[1.         0.52874996 0.50187871] -> F: 0.4502929089781635
Punto[1.         0.52869441 0.50208484] -> F: 0.45044978203988445
Punto[1.         0.52863887 0.50229098] -> F: 0.4506079882134361
Punto[1.         0.52858332 0.50249711] -> F: 0.4507675274988183
Punto[1.         0.52852778 0.50270325] -> F: 0.45092839989603106
Punto[1.         0.52847223 0.50290938] -> F: 0.4510906054050745
Punto[1.         0.52841669 0.50311552] -> F: 0.45125414402594843
Punto[1.         0.52836114 0.50332165] -> F: 0.45141901575865295
Punto[1.         0.5283056  0.50352779] -> F: 0.4515852206031881
Punto[1.         0.52825005 0.50373392] -> F: 0.45175275855955377
Punto[1.         0.5281945  0.50394006] -> F: 0.4519216296277501
Punto[1.         0.52813896 0.50414619] -> F: 0.4520918338077769
{
  "seed": 15448,
  "n_per_z": 10,
  "nz": 100,
  "nd": 100,
  "n_muestras": 50,
  "best_f": 0.4522633710996343,
  "best_cp": [
    1.0,
    0.5280834135185949,
    0.5043523256821516
  ],
  "best_u": [
    -0.2789911060392295,
    0.4359642102572065,
    -0.8556279390750501
  ],
  "best_index": 3,
  "n_candidatos": 54
}
