Punto[0.         0.48443797 0.48442708] -> F: 0.11303815699993089
Punto[1.         0.50502195 0.54703275] -> F: 0.426303547282294
Punto[2.         0.52764307 0.51375655] -> F: 0.18020086101471902
Punto[1.         0.50604052 0.49909181] -> F: 0.4049019255947561
Punto[1.         0.50504232 0.54607394] -> F: 0.4267263860530602
Punto[1.         0.50506228 0.54513429] -> F: 0.42710218610880984
Punto[1.         0.50508225 0.54419465] -> F: 0.4270967225338483
Punto[1.         0.50510221 0.54325501] -> F: 0.42667989065783946
Punto[1.         0.50512218 0.54231537] -> F: 0.42626316075499415
Punto[1.         0.50514214 0.54137572] -> F: 0.4258465328253127
Punto[1.         0.5051621  0.54043608] -> F: 0.42543000686879484
Punto[1.         0.50518207 0.53949644] -> F: 0.42501358288544056
Punto[1.         0.50520203 0.5385568 ] -> F: 0.42459726087524996
Punto[1.         0.505222   0.53761715] -> F: 0.42418104083822294
Punto[1.         0.50524196 0.53667751] -> F: 0.4237649227743596
Punto[1.         0.50526192 0.53573787] -> F: 0.42334890668365993
Punto[1.         0.50528189 0.53479823] -> F: 0.42293299256612393
Punto[1.         0.50530185 0.53385858] -> F: 0.4225171804217516
Punto[1.         0.50532182 0.53291894] -> F: 0.4221014702505428
Punto[1.         0.50534178 0.5319793 ] -> F: 0.4216858620524977
Punto[1.         0.50536174 0.53103966] -> F: 0.4212703558276162
Punto[1.         0.50538171 0.53010001] -> F: 0.42085495157589836
Punto[1.         0.50540167 0.52916037] -> F: 0.4204396492973442
Punto[1.         0.50542164 0.52822073] -> F: 0.42002444899195357
Punto[1.         0.5054416  0.52728109] -> F: 0.41960935065972677
Punto[1.         0.50546157 0.52634144] -> F: 0.4191943543006635
Punto[1.         0.50548153 0.5254018 ] -> F: 0.4187790232293257
Punto[1.         0.50550149 0.52446216] -> F: 0.41836320505102975
Punto[1.         0.50552146 0.52352252] -> F: 0.41794748935098763
Punto[1.         0.50554142 0.52258288] -> F: 0.41753187612919956
Punto[1.         0.50556139 0.52164323] -> F: 0.41711636538566543
Punto[1.         0.50558135 0.52070359] -> F: 0.41670095712038524
Punto[1.         0.50560131 0.51976395] -> F: 0.41628565133335915
Punto[1.         0.50562128 0.51882431] -> F: 0.4158704480245869
Punto[1.         0.50564124 0.51788466] -> F: 0.41542975889265416
Punto[1.         0.50566121 0.51694502] -> F: 0.41498331503568614
Punto[1.         0.50568117 0.51600538] -> F: 0.41454002892975633
Punto[1.         0.50570113 0.51506574] -> F: 0.41377925305929136
Punto[1.         0.5057211  0.51412609] -> F: 0.41295518934682107
Punto[1.         0.50574106 0.51318645] -> F: 0.4123973859535912
Punto[1.         0.50576103 0.51224681] -> F: 0.41192540034811115
Punto[1.         0.50578099 0.51130717] -> F: 0.41145266548714143
Punto[1.         0.50580096 0.51036752] -> F: 0.41097918137068146
Punto[1.         0.50582092 0.50942788] -> F: 0.4105023780355274
Punto[1.         0.50584088 0.50848824] -> F: 0.4099484986687123
Punto[1.         0.50586085 0.5075486 ] -> F: 0.4094102567567305
Punto[1.         0.50588081 0.50660895] -> F: 0.4088876522995814
Punto[1.         0.50590078 0.50566931] -> F: 0.4083806852972655
Punto[1.         0.50592074 0.50472967] -> F: 0.4078893557497824
Punto[1.         0.5059407  0.50379003] -> F: 0.407409580416186
Punto[1.         0.50596067 0.50285038] -> F: 0.4069297722175709
Punto[1.         0.50598063 0.50191074] -> F: 0.406449224060372
Punto[1.        0.5060006 0.5009711] -> F: 0.40595904392719406
Punto[1.         0.50602056 0.50003146] -> F: 0.40542688182748843
{
  "seed": 6463,
  "n_per_z": 10,
  "nz": 100,
  "nd": 100,
  "n_muestras": 50,
  "best_f": 0.42710218610880984,
  "best_cp": [
    1.0,
    0.5050622834646387,
    0.5451342931036656
  ],
  "best_u": [
    -0.4257792915650727,
    0.7639707481467372,
    0.48483057953315967
  ],
  "best_index": 5,
  "n_candidatos": 54
}
