Punto[0.         0.58902719 0.61517812] -> F: 0.15446129293890803
Punto[1.         0.49302943 0.55937582] -> F: 0.3712926448259295
Punto[2.         0.324276   0.54145792] -> F: 0.061244537855073264
Punto[1.         0.45665159 0.57831802] -> F: 0.3405812985231581
Punto[1.         0.49230187 0.55975466] -> F: 0.3726884133732995
Punto[1.         0.49158887 0.56012593] -> F: 0.37406415245523483
Punto[1.         0.49087586 0.5604972 ] -> F: 0.37544769778707116
Punto[1.         0.49016286 0.56086847] -> F: 0.37587494886695133
Punto[1.         0.48944985 0.56123973] -> F: 0.37525603654378475
Punto[1.         0.48873684 0.561611  ] -> F: 0.3746429997402451
Punto[1.         0.48802384 0.56198227] -> F: 0.37396852186859697
Punto[1.         0.48731083 0.56235353] -> F: 0.37311727978370307
Punto[1.         0.48659783 0.5627248 ] -> F: 0.3722668856618254
Punto[1.         0.48588482 0.56309607] -> F: 0.37141733950296385
Punto[1.         0.48517182 0.56346734] -> F: 0.37061047362209754
Punto[1.         0.48445881 0.5638386 ] -> F: 0.37000961549595823
Punto[1.         0.48374581 0.56420987] -> F: 0.36940941540137423
Punto[1.         0.4830328  0.56458114] -> F: 0.36880929396584694
Punto[1.         0.48231979 0.5649524 ] -> F: 0.36820925118937575
Punto[1.         0.48160679 0.56532367] -> F: 0.36760928707196106
Punto[1.         0.48089378 0.56569494] -> F: 0.3670094016136028
Punto[1.         0.48018078 0.5660662 ] -> F: 0.3664095948143011
Punto[1.         0.47946777 0.56643747] -> F: 0.36580986667405546
Punto[1.         0.47875477 0.56680874] -> F: 0.3652102171928664
Punto[1.         0.47804176 0.56718001] -> F: 0.3646106463707334
Punto[1.         0.47732875 0.56755127] -> F: 0.36383480575778143
Punto[1.         0.47661575 0.56792254] -> F: 0.3630651393262431
Punto[1.         0.47590274 0.56829381] -> F: 0.36230445447858733
Punto[1.         0.47518974 0.56866507] -> F: 0.3615527512148146
Punto[1.         0.47447673 0.56903634] -> F: 0.3608100295349248
Punto[1.         0.47376373 0.56940761] -> F: 0.36007628943891745
Punto[1.         0.47305072 0.56977888] -> F: 0.3593515309267932
Punto[1.         0.47233772 0.57015014] -> F: 0.3586357539985519
Punto[1.         0.47162471 0.57052141] -> F: 0.35792826927958327
Punto[1.         0.4709117  0.57089268] -> F: 0.3571198523841695
Punto[1.         0.4701987  0.57126394] -> F: 0.3563238460554516
Punto[1.         0.46948569 0.57163521] -> F: 0.35554025029342995
Punto[1.         0.46877269 0.57200648] -> F: 0.35476906509810424
Punto[1.         0.46805968 0.57237775] -> F: 0.35401029046947435
Punto[1.         0.46734668 0.57274901] -> F: 0.35326392640754056
Punto[1.         0.46663367 0.57312028] -> F: 0.35252997291230287
Punto[1.         0.46592066 0.57349155] -> F: 0.35180842998376105
Punto[1.         0.46520766 0.57386281] -> F: 0.35099852961999267
Punto[1.         0.46449465 0.57423408] -> F: 0.3501368228503911
Punto[1.         0.46378165 0.57460535] -> F: 0.3492815236389387
Punto[1.         0.46306864 0.57497661] -> F: 0.3484326319856352
Punto[1.         0.46235564 0.57534788] -> F: 0.34759014789048065
Punto[1.         0.46164263 0.57571915] -> F: 0.3467540713534748
Punto[1.         0.46092963 0.57609042] -> F: 0.3459244023746177
Punto[1.         0.46021662 0.57646168] -> F: 0.34510114095390976
Punto[1.         0.45950361 0.57683295] -> F: 0.3442842870913507
Punto[1.         0.45879061 0.57720422] -> F: 0.34339360433645194
Punto[1.         0.4580776  0.57757548] -> F: 0.3424508957564392
Punto[1.         0.4573646  0.57794675] -> F: 0.34151346048534126
{
  "seed": 95,
  "n_per_z": 5,
  "nz": 100,
  "nd": 100,
  "n_muestras": 50,
  "best_f": 0.37587494886695133,
  "best_cp": [
    1.0,
    0.4901628555792405,
    0.560868465848797
  ],
  "best_u": [
    0.2789911060392295,
    -0.3252878859108932,
    0.9035218614016094
  ],
  "best_index": 7,
  "n_candidatos": 54
}
