Punto[0.         0.46666414 0.42702996] -> F: 0.10787326125649574
Punto[1.         0.49997696 0.4932672 ] -> F: 0.4146684698183916
Punto[2.         0.39634593 0.53175611] -> F: 0.14630568871206318
Punto[1.         0.43150504 0.47939304] -> F: 0.4104288477652641
Punto[1.         0.49860752 0.49298971] -> F: 0.41693887591771184
Punto[1.         0.49726547 0.49271778] -> F: 0.4191405888555719
Punto[1.         0.49592342 0.49244584] -> F: 0.42134634910518465
Punto[1.         0.49458137 0.49217391] -> F: 0.4235561566665497
Punto[1.         0.49323932 0.49190198] -> F: 0.42577001153966754
Punto[1.         0.49189727 0.49163004] -> F: 0.427987913724538
Punto[1.         0.49055522 0.49135811] -> F: 0.4302098632211608
Punto[1.         0.48921317 0.49108618] -> F: 0.4324108186584552
Punto[1.         0.48787112 0.49081424] -> F: 0.4330166727408091
Punto[1.         0.48652907 0.49054231] -> F: 0.433232971392009
Punto[1.         0.48518702 0.49027038] -> F: 0.4334492406068165
Punto[1.         0.48384497 0.48999844] -> F: 0.43366548038523106
Punto[1.         0.48250292 0.48972651] -> F: 0.4338816907272529
Punto[1.         0.48116087 0.48945458] -> F: 0.43409787163288244
Punto[1.         0.47981882 0.48918264] -> F: 0.4343140231021191
Punto[1.         0.47847677 0.48891071] -> F: 0.4345301451349633
Punto[1.         0.47713472 0.48863878] -> F: 0.4347462377314147
Punto[1.         0.47579267 0.48836684] -> F: 0.4349623008914736
Punto[1.         0.47445062 0.48809491] -> F: 0.4351783346151398
Punto[1.         0.47310857 0.48782298] -> F: 0.4353943389024134
Punto[1.         0.47176652 0.48755104] -> F: 0.4356103137532943
Punto[1.         0.47042447 0.48727911] -> F: 0.43582625916778256
Punto[1.         0.46908243 0.48700718] -> F: 0.4360421751458781
Punto[1.         0.46774038 0.48673524] -> F: 0.4362580616875812
Punto[1.         0.46639833 0.48646331] -> F: 0.43565543966945985
Punto[1.         0.46505628 0.48619137] -> F: 0.4348091297090983
Punto[1.         0.46371423 0.48591944] -> F: 0.43396329613975343
Punto[1.         0.46237218 0.48564751] -> F: 0.43310783979224127
Punto[1.         0.46103013 0.48537557] -> F: 0.43224909243931975
Punto[1.         0.45968808 0.48510364] -> F: 0.4313908372544198
Punto[1.         0.45834603 0.48483171] -> F: 0.43053307423754084
Punto[1.         0.45700398 0.48455977] -> F: 0.4296678800386695
Punto[1.         0.45566193 0.48428784] -> F: 0.42879707464752037
Punto[1.         0.45431988 0.48401591] -> F: 0.4279267776814996
Punto[1.         0.45297783 0.48374397] -> F: 0.42705698914060736
Punto[1.         0.45163578 0.48347204] -> F: 0.42618244968963054
Punto[1.         0.45029373 0.48320011] -> F: 0.4252680020013773
Punto[1.         0.44895168 0.48292817] -> F: 0.42434071532189954
Punto[1.         0.44760963 0.48265624] -> F: 0.4234010606740614
Punto[1.         0.44626758 0.48238431] -> F: 0.4224406020776658
Punto[1.         0.44492553 0.48211237] -> F: 0.42148520767068814
Punto[1.         0.44358348 0.48184044] -> F: 0.4204819599515534
Punto[1.         0.44224143 0.48156851] -> F: 0.4193725520433433
Punto[1.         0.44089938 0.48129657] -> F: 0.4182740410693841
Punto[1.         0.43955733 0.48102464] -> F: 0.4171864270296761
Punto[1.         0.43821528 0.4807527 ] -> F: 0.41610970992421914
Punto[1.         0.43687323 0.48048077] -> F: 0.4150438897530134
Punto[1.         0.43553118 0.48020884] -> F: 0.41398896651605843
Punto[1.         0.43418913 0.4799369 ] -> F: 0.4128840011436625
Punto[1.         0.43284709 0.47966497] -> F: 0.41178392652545387
{
  "seed": 19641,
  "n_per_z": 10,
  "nz": 100,
  "nd": 100,
  "n_muestras": 50,
  "best_f": 0.4362580616875812,
  "best_cp": [
    1.0,
    0.467740375619229,
    0.4867352416766084
  ],
  "best_u": [
    -0.2181432413965427,
    0.3015748645344425,
    -0.9281519958035118
  ],
  "best_index": 27,
  "n_candidatos": 54
}
