Punto[0.         0.47054714 0.43528426] -> F: 0.15814789048985722
Punto[1.         0.4577941  0.47847737] -> F: 0.3848353745770226
Punto[2.         0.44994581 0.6304039 ] -> F: 0.07536987037291759
Punto[1.         0.46024647 0.53284408] -> F: 0.372962835020278
Punto[1.         0.45784314 0.4795647 ] -> F: 0.38645436188547394
Punto[1.         0.45789121 0.48063029] -> F: 0.38804121074633824
Punto[1.         0.45793928 0.48169588] -> F: 0.3894413721507713
Punto[1.         0.45798734 0.48276147] -> F: 0.39075314687477514
Punto[1.         0.45803541 0.48382705] -> F: 0.3920858604252809
Punto[1.         0.45808348 0.48489264] -> F: 0.39343951280228856
Punto[1.         0.45813154 0.48595823] -> F: 0.3948141040057984
Punto[1.         0.45817961 0.48702382] -> F: 0.39620963403581
Punto[1.         0.45822768 0.4880894 ] -> F: 0.3976261028923237
Punto[1.         0.45827574 0.48915499] -> F: 0.39785094550882816
Punto[1.         0.45832381 0.49022058] -> F: 0.3972661223004921
Punto[1.         0.45837188 0.49128617] -> F: 0.39668160889987575
Punto[1.         0.45841994 0.49235175] -> F: 0.39609740530697934
Punto[1.         0.45846801 0.49341734] -> F: 0.39551351152180253
Punto[1.         0.45851608 0.49448293] -> F: 0.3949299275443456
Punto[1.         0.45856414 0.49554852] -> F: 0.3943463145011558
Punto[1.         0.45861221 0.4966141 ] -> F: 0.3937603874102082
Punto[1.         0.45866028 0.49767969] -> F: 0.3931747732850174
Punto[1.         0.45870834 0.49874528] -> F: 0.3925894721255832
Punto[1.         0.45875641 0.49981087] -> F: 0.3920044839319059
Punto[1.         0.45880448 0.50087645] -> F: 0.3914198087039853
Punto[1.         0.45885254 0.50194204] -> F: 0.39083544644182144
Punto[1.         0.45890061 0.50300763] -> F: 0.3902513971454145
Punto[1.         0.45894867 0.50407322] -> F: 0.38966766081476417
Punto[1.         0.45899674 0.5051388 ] -> F: 0.38908423744987064
Punto[1.         0.45904481 0.50620439] -> F: 0.38850112705073386
Punto[1.         0.45909287 0.50726998] -> F: 0.3879183296173539
Punto[1.         0.45914094 0.50833557] -> F: 0.38733584514973063
Punto[1.         0.45918901 0.50940115] -> F: 0.3867536736478642
Punto[1.         0.45923707 0.51046674] -> F: 0.3861718151117544
Punto[1.         0.45928514 0.51153233] -> F: 0.3855902695414016
Punto[1.         0.45933321 0.51259792] -> F: 0.3850069833223741
Punto[1.         0.45938127 0.5136635 ] -> F: 0.3844231109343034
Punto[1.         0.45942934 0.51472909] -> F: 0.3838395547036849
Punto[1.         0.45947741 0.51579468] -> F: 0.3832563146305187
Punto[1.         0.45952547 0.51686027] -> F: 0.3826733907148046
Punto[1.         0.45957354 0.51792585] -> F: 0.3820907829565429
Punto[1.         0.45962161 0.51899144] -> F: 0.3815084913557333
Punto[1.         0.45966967 0.52005703] -> F: 0.3809265159123759
Punto[1.         0.45971774 0.52112262] -> F: 0.3803448566264709
Punto[1.         0.45976581 0.5221882 ] -> F: 0.37976351349801807
Punto[1.         0.45981387 0.52325379] -> F: 0.3791824865270174
Punto[1.         0.45986194 0.52431938] -> F: 0.37848478539489855
Punto[1.         0.45991001 0.52538497] -> F: 0.3777668209440655
Punto[1.         0.45995807 0.52645055] -> F: 0.37705841157424846
Punto[1.         0.46000614 0.52751614] -> F: 0.37635955728544757
Punto[1.         0.46005421 0.52858173] -> F: 0.37565440081806495
Punto[1.         0.46010227 0.52964732] -> F: 0.37495821745282926
Punto[1.         0.46015034 0.5307129 ] -> F: 0.37427756203145285
Punto[1.         0.46019841 0.53177849] -> F: 0.37361243455393595
{
  "seed": 16198,
  "n_per_z": 10,
  "nz": 100,
  "nd": 100,
  "n_muestras": 50,
  "best_f": 0.39785094550882816,
  "best_cp": [
    1.0,
    0.4582757422559126,
    0.48915499227646675
  ],
  "best_u": [
    0.9995065603657316,
    -0.005885789328195163,
    0.03085438817815584
  ],
  "best_index": 13,
  "n_candidatos": 54
}
