Punto[0.         0.48016459 0.48767257] -> F: 0.187237102481353
Punto[1.         0.46172747 0.51996291] -> F: 0.3837889996004505
Punto[2.         0.4880586  0.48354658] -> F: 0.08430858631826582
Punto[1.         0.4841116  0.48560958] -> F: 0.3771581732554042
Punto[1.         0.46217515 0.51927585] -> F: 0.3843279718864787
Punto[1.         0.46261388 0.51860252] -> F: 0.3848726909366973
Punto[1.         0.46305261 0.51792919] -> F: 0.3854328031812429
Punto[1.         0.46349134 0.51725587] -> F: 0.38593871672795876
Punto[1.         0.46393007 0.51658254] -> F: 0.38644773283043415
Punto[1.         0.4643688  0.51590922] -> F: 0.3869994418773193
Punto[1.         0.46480753 0.51523589] -> F: 0.387605306509149
Punto[1.         0.46524626 0.51456257] -> F: 0.387796107699092
Punto[1.         0.46568499 0.51388924] -> F: 0.3875782977106399
Punto[1.         0.46612371 0.51321592] -> F: 0.38735832017254695
Punto[1.         0.46656244 0.51254259] -> F: 0.3871384326304368
Punto[1.         0.46700117 0.51186927] -> F: 0.3869186350843091
Punto[1.         0.4674399  0.51119594] -> F: 0.3866989275341643
Punto[1.         0.46787863 0.51052262] -> F: 0.3864793099800022
Punto[1.         0.46831736 0.50984929] -> F: 0.3862597824218228
Punto[1.         0.46875609 0.50917596] -> F: 0.386040344859626
Punto[1.         0.46919482 0.50850264] -> F: 0.3858209972934119
Punto[1.         0.46963355 0.50782931] -> F: 0.3856017397231806
Punto[1.         0.47007227 0.50715599] -> F: 0.385382572148932
Punto[1.         0.470511   0.50648266] -> F: 0.38516349457066595
Punto[1.         0.47094973 0.50580934] -> F: 0.3849445069883826
Punto[1.         0.47138846 0.50513601] -> F: 0.38472560940208217
Punto[1.         0.47182719 0.50446269] -> F: 0.3845046272954172
Punto[1.         0.47226592 0.50378936] -> F: 0.3842735912497516
Punto[1.         0.47270465 0.50311604] -> F: 0.3840426556260679
Punto[1.         0.47314338 0.50244271] -> F: 0.383811820424366
Punto[1.         0.4735821  0.50176939] -> F: 0.38358108564464605
Punto[1.         0.47402083 0.50109606] -> F: 0.3833504512869081
Punto[1.         0.47445956 0.50042273] -> F: 0.383119917351152
Punto[1.         0.47489829 0.49974941] -> F: 0.3828894838373778
Punto[1.         0.47533702 0.49907608] -> F: 0.3826591507455856
Punto[1.         0.47577575 0.49840276] -> F: 0.3824289180757752
Punto[1.         0.47621448 0.49772943] -> F: 0.3821987858279468
Punto[1.         0.47665321 0.49705611] -> F: 0.38196875400210023
Punto[1.         0.47709194 0.49638278] -> F: 0.3817388225982356
Punto[1.         0.47753066 0.49570946] -> F: 0.3815089916163529
Punto[1.         0.47796939 0.49503613] -> F: 0.38127926105645216
Punto[1.         0.47840812 0.49436281] -> F: 0.3810387491681533
Punto[1.         0.47884685 0.49368948] -> F: 0.3807970473781103
Punto[1.         0.47928558 0.49301616] -> F: 0.3805554569505176
Punto[1.         0.47972431 0.49234283] -> F: 0.3803139778853757
Punto[1.         0.48016304 0.4916695 ] -> F: 0.3800726101826843
Punto[1.         0.48060177 0.49099618] -> F: 0.3798313538424434
Punto[1.         0.4810405  0.49032285] -> F: 0.37959020886465306
Punto[1.         0.48147922 0.48964953] -> F: 0.37934917524931333
Punto[1.         0.48191795 0.4889762 ] -> F: 0.37910825299642414
Punto[1.         0.48235668 0.48830288] -> F: 0.37886744210598555
Punto[1.         0.48279541 0.48762955] -> F: 0.37844896613130613
Punto[1.         0.48323414 0.48695623] -> F: 0.378018532658072
Punto[1.         0.48367287 0.4862829 ] -> F: 0.3775882683661047
{
  "seed": 12737,
  "n_per_z": 10,
  "nz": 100,
  "nd": 100,
  "n_muestras": 50,
  "best_f": 0.387796107699092,
  "best_cp": [
    1.0,
    0.46524625640680034,
    0.5145625678643134
  ],
  "best_u": [
    0.5358267949789969,
    -0.4524135262330096,
    -0.7128896457825362
  ],
  "best_index": 11,
  "n_candidatos": 54
}
