Punto[0.         0.45718435 0.67669992] -> F: 0.0874559712696018
Punto[1.         0.51192569 0.55969165] -> F: 0.28802190295919194
Punto[2.         0.44871938 0.70632102] -> F: 0.10596481012350492
Punto[1.         0.45295186 0.69151047] -> F: 0.3243249762903953
Punto[1.         0.51074622 0.56232803] -> F: 0.29332421338917086
Punto[1.         0.50959033 0.56491168] -> F: 0.30010505009293675
Punto[1.         0.50843444 0.56749533] -> F: 0.30773997539095144
Punto[1.         0.50727856 0.57007898] -> F: 0.3154086672307873
Punto[1.         0.50612267 0.57266263] -> F: 0.32077237490049426
Punto[1.         0.50496678 0.57524627] -> F: 0.3259267178182873
Punto[1.         0.50381089 0.57782992] -> F: 0.3310238854638422
Punto[1.         0.50265501 0.58041357] -> F: 0.3358873384854052
Punto[1.         0.50149912 0.58299722] -> F: 0.3412091352973555
Punto[1.         0.50034323 0.58558087] -> F: 0.3462144930545799
Punto[1.         0.49918735 0.58816452] -> F: 0.35120158159773646
Punto[1.         0.49803146 0.59074817] -> F: 0.35740940702793267
Punto[1.         0.49687557 0.59333182] -> F: 0.3651306596467777
Punto[1.         0.49571968 0.59591546] -> F: 0.3737923974402404
Punto[1.         0.4945638  0.59849911] -> F: 0.382354315351839
Punto[1.         0.49340791 0.60108276] -> F: 0.3907365937901729
Punto[1.         0.49225202 0.60366641] -> F: 0.39915123316529555
Punto[1.         0.49109614 0.60625006] -> F: 0.40713075768086837
Punto[1.         0.48994025 0.60883371] -> F: 0.4126483932862048
Punto[1.         0.48878436 0.61141736] -> F: 0.41359918249299865
Punto[1.         0.48762847 0.61400101] -> F: 0.41060408944331434
Punto[1.         0.48647259 0.61658466] -> F: 0.40758432569873104
Punto[1.        0.4853167 0.6191683] -> F: 0.40456295052651114
Punto[1.         0.48416081 0.62175195] -> F: 0.40155834477849284
Punto[1.         0.48300493 0.6243356 ] -> F: 0.39857168447824637
Punto[1.         0.48184904 0.62691925] -> F: 0.3956029696257719
Punto[1.         0.48069315 0.6295029 ] -> F: 0.39264081681832097
Punto[1.         0.47953727 0.63208655] -> F: 0.38969205529981593
Punto[1.         0.47838138 0.6346702 ] -> F: 0.3867614362643137
Punto[1.         0.47722549 0.63725385] -> F: 0.3838489597118142
Punto[1.         0.4760696  0.63983749] -> F: 0.3809546256423174
Punto[1.         0.47491372 0.64242114] -> F: 0.3780784340558237
Punto[1.         0.47375783 0.64500479] -> F: 0.3752203849523325
Punto[1.         0.47260194 0.64758844] -> F: 0.37238047833184423
Punto[1.         0.47144606 0.65017209] -> F: 0.3695587141943588
Punto[1.         0.47029017 0.65275574] -> F: 0.36674370559140185
Punto[1.         0.46913428 0.65533939] -> F: 0.36394226405392366
Punto[1.         0.46797839 0.65792304] -> F: 0.3611591751931199
Punto[1.         0.46682251 0.66050668] -> F: 0.35839443900899054
Punto[1.         0.46566662 0.66309033] -> F: 0.3556480555015355
Punto[1.         0.46451073 0.66567398] -> F: 0.35292002467075473
Punto[1.         0.46335485 0.66825763] -> F: 0.35021034651664856
Punto[1.         0.46219896 0.67084128] -> F: 0.34751902103921667
Punto[1.         0.46104307 0.67342493] -> F: 0.3448360588862266
Punto[1.         0.45988718 0.67600858] -> F: 0.3421653901167814
Punto[1.         0.4587313  0.67859223] -> F: 0.33951329834465155
Punto[1.         0.45757541 0.68117587] -> F: 0.33687978356983783
Punto[1.         0.45641952 0.68375952] -> F: 0.3342648457923398
Punto[1.         0.45526364 0.68634317] -> F: 0.3316684850121574
Punto[1.         0.45410775 0.68892682] -> F: 0.3290907012292907
Best centerpoint:  [1.         0.48878436 0.61141736] Best F:  0.41359918249299865 Best u:  [-0.92977649 -0.08030388  0.35925892] índice:  20
{
  "seed": 8056,
  "n_per_z": 5,
  "nz": 100,
  "nd": 100,
  "n_muestras": 50,
  "best_f": 0.41359918249299865,
  "best_cp": [
    1.0,
    0.48878436187539875,
    0.6114173575056837
  ],
  "best_u": [
    -0.9297764858882513,
    -0.08030388316028791,
    0.35925892144618093
  ],
  "n_candidatos": 54
}
