Punto[0.         0.40780055 0.43146456] -> F: 0.05532335872447969
Punto[1.         0.53484923 0.4489275 ] -> F: 0.3199772017170627
Punto[2.         0.51762961 0.50142182] -> F: 0.21401651201240363
Punto[1.         0.46271508 0.46644319] -> F: 0.2838195455951953
Punto[1.         0.53340655 0.44927782] -> F: 0.3206159565775379
Punto[1.         0.53199272 0.44962112] -> F: 0.3199001532518481
Punto[1.         0.53057889 0.44996443] -> F: 0.31918524712953045
Punto[1.         0.52916506 0.45030774] -> F: 0.3184713486329535
Punto[1.         0.52775123 0.45065105] -> F: 0.3177584845172373
Punto[1.         0.5263374  0.45099435] -> F: 0.31704665478238186
Punto[1.         0.52492357 0.45133766] -> F: 0.3163248736480101
Punto[1.         0.52350974 0.45168097] -> F: 0.31559770752713356
Punto[1.         0.52209591 0.45202427] -> F: 0.31487146870516075
Punto[1.         0.52068209 0.45236758] -> F: 0.31414615718209177
Punto[1.         0.51926826 0.45271089] -> F: 0.31342177295792667
Punto[1.         0.51785443 0.4530542 ] -> F: 0.3126983160326651
Punto[1.        0.5164406 0.4533975] -> F: 0.3119757864063076
Punto[1.         0.51502677 0.45374081] -> F: 0.3112541840788538
Punto[1.         0.51361294 0.45408412] -> F: 0.31053350905030375
Punto[1.         0.51219911 0.45442743] -> F: 0.3098113607820794
Punto[1.         0.51078528 0.45477073] -> F: 0.3090759248288039
Punto[1.         0.50937145 0.45511404] -> F: 0.30834145957621645
Punto[1.         0.50795762 0.45545735] -> F: 0.30760796502431687
Punto[1.         0.50654379 0.45580066] -> F: 0.30687544117310517
Punto[1.         0.50512996 0.45614396] -> F: 0.30614388802258163
Punto[1.         0.50371613 0.45648727] -> F: 0.305413305572746
Punto[1.         0.5023023  0.45683058] -> F: 0.3046836938235982
Punto[1.         0.50088847 0.45717389] -> F: 0.30395505277513846
Punto[1.         0.49947465 0.45751719] -> F: 0.30322738242736674
Punto[1.         0.49806082 0.4578605 ] -> F: 0.3024845377606359
Punto[1.         0.49664699 0.45820381] -> F: 0.30174226463604437
Punto[1.         0.49523316 0.45854712] -> F: 0.3010010070654451
Punto[1.         0.49381933 0.45889042] -> F: 0.30026076504883775
Punto[1.         0.4924055  0.45923373] -> F: 0.2995215385862226
Punto[1.         0.49099167 0.45957704] -> F: 0.2987833276775995
Punto[1.         0.48957784 0.45992035] -> F: 0.2980461323229685
Punto[1.         0.48816401 0.46026365] -> F: 0.2973099525223296
Punto[1.         0.48675018 0.46060696] -> F: 0.29657428306853056
Punto[1.         0.48533635 0.46095027] -> F: 0.2958235399611776
Punto[1.         0.48392252 0.46129358] -> F: 0.29507385887232296
Punto[1.         0.48250869 0.46163688] -> F: 0.2943252398019666
Punto[1.         0.48109486 0.46198019] -> F: 0.29357768275010854
Punto[1.         0.47968103 0.4623235 ] -> F: 0.29283118771674876
Punto[1.         0.4782672  0.46266681] -> F: 0.2920857547018873
Punto[1.         0.47685338 0.46301011] -> F: 0.29134138370552404
Punto[1.         0.47543955 0.46335342] -> F: 0.29059807472765914
Punto[1.         0.47402572 0.46369673] -> F: 0.2898509923400991
Punto[1.         0.47261189 0.46404004] -> F: 0.2890931755443869
Punto[1.         0.47119806 0.46438334] -> F: 0.2883364690208458
Punto[1.         0.46978423 0.46472665] -> F: 0.2875808727694761
Punto[1.         0.4683704  0.46506996] -> F: 0.2868263867902774
Punto[1.         0.46695657 0.46541327] -> F: 0.28607301108325006
Punto[1.         0.46554274 0.46575657] -> F: 0.28532074564839394
Punto[1.         0.46412891 0.46609988] -> F: 0.284569590485709
{
  "seed": 14122,
  "n_per_z": 10,
  "nz": 100,
  "nd": 100,
  "n_muestras": 50,
  "best_f": 0.3206159565775379,
  "best_cp": [
    1.0,
    0.5334065498579296,
    0.4492778152795222
  ],
  "best_u": [
    -0.9995065603657316,
    -0.02798719126832131,
    -0.014260186211077969
  ],
  "best_index": 4,
  "n_candidatos": 54
}
