Punto[0.         0.4816551  0.53214601] -> F: 0.10086591931291869
Punto[1.         0.50179324 0.419082  ] -> F: 0.3288325197726303
Punto[2.         0.66763612 0.55181488] -> F: 0.09141293334160591
Punto[1.         0.57464561 0.54198044] -> F: 0.3290742391598191
Punto[1.         0.50325029 0.42153997] -> F: 0.33266718762879466
Punto[1.         0.50467819 0.42394878] -> F: 0.3365553947654501
Punto[1.         0.5061061  0.42635759] -> F: 0.3402833483336504
Punto[1.         0.50753401 0.4287664 ] -> F: 0.34383174140274597
Punto[1.         0.50896191 0.43117521] -> F: 0.34761473310386903
Punto[1.         0.51038982 0.43358402] -> F: 0.35163232343701983
Punto[1.         0.51181773 0.43599283] -> F: 0.35519717923425215
Punto[1.         0.51324563 0.43840164] -> F: 0.358519357129473
Punto[1.         0.51467354 0.44081045] -> F: 0.36340829979259126
Punto[1.         0.51610144 0.44321926] -> F: 0.3690004047391405
Punto[1.         0.51752935 0.44562807] -> F: 0.37460766365962855
Punto[1.         0.51895726 0.44803687] -> F: 0.3802300765540549
Punto[1.         0.52038516 0.45044568] -> F: 0.3855990498944318
Punto[1.         0.52181307 0.45285449] -> F: 0.3897076019715975
Punto[1.         0.52324098 0.4552633 ] -> F: 0.3933802208963664
Punto[1.         0.52466888 0.45767211] -> F: 0.3972874384531629
Punto[1.         0.52609679 0.46008092] -> F: 0.40113250867777667
Punto[1.         0.5275247  0.46248973] -> F: 0.40463107477399834
Punto[1.         0.5289526  0.46489854] -> F: 0.40813725970872655
Punto[1.         0.53038051 0.46730735] -> F: 0.4125477910463775
Punto[1.         0.53180842 0.46971616] -> F: 0.41832204647491217
Punto[1.         0.53323632 0.47212497] -> F: 0.4241114558773857
Punto[1.         0.53466423 0.47453378] -> F: 0.42930936538355663
Punto[1.         0.53609214 0.47694259] -> F: 0.42789182665603354
Punto[1.         0.53752004 0.4793514 ] -> F: 0.4248981745903098
Punto[1.         0.53894795 0.48176021] -> F: 0.42181913447099795
Punto[1.         0.54037586 0.48416902] -> F: 0.4188996220509524
Punto[1.         0.54180376 0.48657783] -> F: 0.4153543536988181
Punto[1.         0.54323167 0.48898664] -> F: 0.4111639230309313
Punto[1.         0.54465958 0.49139545] -> F: 0.4067616436140614
Punto[1.         0.54608748 0.49380426] -> F: 0.4030003375590652
Punto[1.         0.54751539 0.49621306] -> F: 0.39987890689605676
Punto[1.         0.5489433  0.49862187] -> F: 0.3970380952311616
Punto[1.         0.5503712  0.50103068] -> F: 0.3941907670793203
Punto[1.         0.55179911 0.50343949] -> F: 0.39133692244053303
Punto[1.         0.55322702 0.5058483 ] -> F: 0.3884765613147994
Punto[1.         0.55465492 0.50825711] -> F: 0.38529849471846106
Punto[1.         0.55608283 0.51066592] -> F: 0.3813580623947697
Punto[1.         0.55751074 0.51307473] -> F: 0.3765349158420602
Punto[1.         0.55893864 0.51548354] -> F: 0.37206896450476157
Punto[1.         0.56036655 0.51789235] -> F: 0.3678491685829999
Punto[1.         0.56179445 0.52030116] -> F: 0.36368236344074345
Punto[1.         0.56322236 0.52270997] -> F: 0.36015653166036116
Punto[1.         0.56465027 0.52511878] -> F: 0.35712273317181953
Punto[1.         0.56607817 0.52752759] -> F: 0.35411592854799856
Punto[1.         0.56750608 0.5299364 ] -> F: 0.35110260743723154
Punto[1.         0.56893399 0.53234521] -> F: 0.34808276983951825
Punto[1.         0.57036189 0.53475402] -> F: 0.344366235934959
Punto[1.         0.5717898  0.53716283] -> F: 0.33891170846116847
Punto[1.         0.57321771 0.53957164] -> F: 0.3338143762027885
Best centerpoint:  [1.         0.53466423 0.47453378] Best F:  0.42930936538355663 Best u:  [ 0.09410831 -0.50678227 -0.85692202] índice:  23
{
  "seed": 14758,
  "n_per_z": 5,
  "nz": 100,
  "nd": 100,
  "n_muestras": 50,
  "best_f": 0.42930936538355663,
  "best_cp": [
    1.0,
    0.5346642301053727,
    0.47453377912406863
  ],
  "best_u": [
    0.09410831331851438,
    -0.5067822719287728,
    -0.8569220234204835
  ],
  "n_candidatos": 54
}
