Punto[0.         0.41223059 0.47683797] -> F: 0.10080414406502047
Punto[1.         0.52344528 0.57984099] -> F: 0.38208863296372636
Punto[2.         0.55960174 0.5327045 ] -> F: 0.15232917079049116
Punto[1.         0.48591617 0.50477123] -> F: 0.37606172660294956
Punto[1.         0.52269469 0.5783396 ] -> F: 0.38387099192612734
Punto[1.         0.52195912 0.57686823] -> F: 0.3855973040019624
Punto[1.         0.52122355 0.57539686] -> F: 0.387314877407034
Punto[1.         0.52048798 0.57392549] -> F: 0.3890214529334843
Punto[1.         0.51975241 0.57245413] -> F: 0.39071224140866284
Punto[1.         0.51901684 0.57098276] -> F: 0.39240712428548574
Punto[1.         0.51828127 0.56951139] -> F: 0.39409473649777416
Punto[1.         0.5175457  0.56804003] -> F: 0.39576743477143816
Punto[1.         0.51681013 0.56656866] -> F: 0.3974445485770334
Punto[1.         0.51607456 0.56509729] -> F: 0.39912607791455984
Punto[1.         0.51533899 0.56362592] -> F: 0.4008120227840175
Punto[1.         0.51460342 0.56215456] -> F: 0.4024997455601214
Punto[1.         0.51386785 0.56068319] -> F: 0.4040587811906271
Punto[1.         0.51313228 0.55921182] -> F: 0.4054247582768099
Punto[1.         0.51239671 0.55774045] -> F: 0.40673620817012407
Punto[1.         0.51166114 0.55626909] -> F: 0.40793939294534326
Punto[1.         0.51092557 0.55479772] -> F: 0.4091422812370769
Punto[1.         0.51018999 0.55332635] -> F: 0.4103532519486935
Punto[1.         0.50945442 0.55185499] -> F: 0.4116795042174165
Punto[1.         0.50871885 0.55038362] -> F: 0.4131536931511309
Punto[1.         0.50798328 0.54891225] -> F: 0.4144845927575246
Punto[1.         0.50724771 0.54744088] -> F: 0.415589157505911
Punto[1.         0.50651214 0.54596952] -> F: 0.41446515783651716
Punto[1.         0.50577657 0.54449815] -> F: 0.4133388412891597
Punto[1.         0.505041   0.54302678] -> F: 0.41213729530099996
Punto[1.         0.50430543 0.54155541] -> F: 0.4109915429458486
Punto[1.         0.50356986 0.54008405] -> F: 0.40986701135933146
Punto[1.         0.50283429 0.53861268] -> F: 0.4087400987437283
Punto[1.         0.50209872 0.53714131] -> F: 0.4076108050990388
Punto[1.         0.50136315 0.53566995] -> F: 0.4064791304252632
Punto[1.         0.50062758 0.53419858] -> F: 0.40534507472240133
Punto[1.         0.49989201 0.53272721] -> F: 0.4042086379904533
Punto[1.         0.49915644 0.53125584] -> F: 0.4028013198885767
Punto[1.         0.49842087 0.52978448] -> F: 0.4011357254438809
Punto[1.         0.4976853  0.52831311] -> F: 0.3994597681219791
Punto[1.         0.49694973 0.52684174] -> F: 0.39782434069531153
Punto[1.         0.49621415 0.52537037] -> F: 0.3962294431638782
Punto[1.         0.49547858 0.52389901] -> F: 0.39457729985798
Punto[1.         0.49474301 0.52242764] -> F: 0.3929091512996984
Punto[1.         0.49400744 0.52095627] -> F: 0.391361204921008
Punto[1.         0.49327187 0.51948491] -> F: 0.3899334607219089
Punto[1.         0.4925363  0.51801354] -> F: 0.38862591870240143
Punto[1.         0.49180073 0.51654217] -> F: 0.38739939581023813
Punto[1.         0.49106516 0.5150708 ] -> F: 0.38617301218703987
Punto[1.         0.49032959 0.51359944] -> F: 0.3849293391408476
Punto[1.         0.48959402 0.51212807] -> F: 0.3836897612742203
Punto[1.         0.48885845 0.5106567 ] -> F: 0.3824503331675245
Punto[1.         0.48812288 0.50918534] -> F: 0.3812086482651571
Punto[1.         0.48738731 0.50771397] -> F: 0.3795500606781047
Punto[1.         0.48665174 0.5062426 ] -> F: 0.37781890067986024
Best centerpoint:  [1.         0.50724771 0.54744088] Best F:  0.415589157505911 Best u:  [-0.27899111 -0.43596421 -0.85562794] índice:  22
{
  "seed": 3510,
  "n_per_z": 5,
  "nz": 100,
  "nd": 100,
  "n_muestras": 50,
  "best_f": 0.415589157505911,
  "best_cp": [
    1.0,
    0.5072477126936199,
    0.5474408835890645
  ],
  "best_u": [
    -0.2789911060392295,
    -0.4359642102572066,
    -0.85562793907505
  ],
  "n_candidatos": 54
}
