Punto[0.         0.55040546 0.58057577] -> F: 0.12387850002707057
Punto[1.         0.44779865 0.50818287] -> F: 0.44507884137285825
Punto[2.         0.36411778 0.45135004] -> F: 0.12960518214322725
Punto[1.         0.45726162 0.5159629 ] -> F: 0.4603382663132377
Punto[1.         0.44798791 0.50833847] -> F: 0.4453594854879429
Punto[1.         0.44817338 0.50849096] -> F: 0.4456356771391194
Punto[1.         0.44835886 0.50864345] -> F: 0.44591301748729145
Punto[1.         0.44854433 0.50879594] -> F: 0.44619150653245915
Punto[1.         0.44872981 0.50894843] -> F: 0.4464711442746221
Punto[1.         0.44891528 0.50910092] -> F: 0.44675193071378083
Punto[1.         0.44910076 0.5092534 ] -> F: 0.4470338658499353
Punto[1.         0.44928623 0.50940589] -> F: 0.447316949683085
Punto[1.         0.4494717  0.50955838] -> F: 0.44760118221323053
Punto[1.         0.44965718 0.50971087] -> F: 0.44788656344037153
Punto[1.         0.44984265 0.50986336] -> F: 0.44817309336450806
Punto[1.         0.45002813 0.51001585] -> F: 0.4484607719856401
Punto[1.         0.4502136  0.51016834] -> F: 0.44874959930376795
Punto[1.         0.45039908 0.51032082] -> F: 0.44903957531889127
Punto[1.         0.45058455 0.51047331] -> F: 0.44933070003100994
Punto[1.         0.45077002 0.5106258 ] -> F: 0.44962297344012425
Punto[1.         0.4509555  0.51077829] -> F: 0.4499163955462343
Punto[1.         0.45114097 0.51093078] -> F: 0.4502109663493399
Punto[1.         0.45132645 0.51108327] -> F: 0.4505066858494408
Punto[1.         0.45151192 0.51123576] -> F: 0.4508035540465375
Punto[1.         0.4516974  0.51138824] -> F: 0.45110157094062964
Punto[1.         0.45188287 0.51154073] -> F: 0.4514007365317175
Punto[1.         0.45206834 0.51169322] -> F: 0.4517010508198007
Punto[1.         0.45225382 0.51184571] -> F: 0.45200251380487977
Punto[1.         0.45243929 0.5119982 ] -> F: 0.45230497630288424
Punto[1.         0.45262477 0.51215069] -> F: 0.45260795524246017
Punto[1.         0.45281024 0.51230318] -> F: 0.45291141368228616
Punto[1.         0.45299571 0.51245566] -> F: 0.45321535162236287
Punto[1.         0.45318119 0.51260815] -> F: 0.45351976906269
Punto[1.         0.45336666 0.51276064] -> F: 0.4538246660032673
Punto[1.         0.45355214 0.51291313] -> F: 0.45413004244409527
Punto[1.         0.45373761 0.51306562] -> F: 0.45443589838517345
Punto[1.         0.45392309 0.51321811] -> F: 0.4547422338265022
Punto[1.         0.45410856 0.5133706 ] -> F: 0.45504904876808133
Punto[1.         0.45429403 0.51352308] -> F: 0.45535634320991075
Punto[1.         0.45447951 0.51367557] -> F: 0.4556641171519906
Punto[1.         0.45466498 0.51382806] -> F: 0.455972370594321
Punto[1.         0.45485046 0.51398055] -> F: 0.45628110353690154
Punto[1.         0.45503593 0.51413304] -> F: 0.4565903159797327
Punto[1.         0.45522141 0.51428553] -> F: 0.45690000792281427
Punto[1.         0.45540688 0.51443802] -> F: 0.45721017936614633
Punto[1.         0.45559235 0.5145905 ] -> F: 0.4575208303097286
Punto[1.         0.45577783 0.51474299] -> F: 0.4578319607535612
Punto[1.         0.4559633  0.51489548] -> F: 0.4581435706976444
Punto[1.         0.45614878 0.51504797] -> F: 0.45845566014197786
Punto[1.         0.45633425 0.51520046] -> F: 0.458768229086562
Punto[1.         0.45651973 0.51535295] -> F: 0.45908127753139616
Punto[1.         0.4567052  0.51550544] -> F: 0.45939480547648104
Punto[1.         0.45689067 0.51565792] -> F: 0.4597088129218162
Punto[1.         0.45707615 0.51581041] -> F: 0.46002329986740187
{
  "seed": 17881,
  "n_per_z": 10,
  "nz": 100,
  "nd": 100,
  "n_muestras": 50,
  "best_f": 0.4603382663132377,
  "best_cp": [
    1.0,
    0.4572616221058718,
    0.5159629006425517
  ],
  "best_u": [
    0.12533323356430415,
    -0.6560972237412952,
    -0.7441962197991068
  ],
  "best_index": 3,
  "n_candidatos": 54
}
