Punto[0.         0.50913819 0.5516775 ] -> F: 0.1680361432864784
Punto[1.         0.50853545 0.49534236] -> F: 0.4043863265006926
Punto[2.         0.55588886 0.34861211] -> F: 0.1082418633354445
Punto[1.         0.53251352 0.45014481] -> F: 0.3986789039057273
Punto[1.         0.50901501 0.49443841] -> F: 0.4061144765560447
Punto[1.         0.50948498 0.49355254] -> F: 0.4078106947013543
Punto[1.         0.50995495 0.49266667] -> F: 0.4095095173610511
Punto[1.         0.51042492 0.49178079] -> F: 0.41121094453513507
Punto[1.         0.51089489 0.49089492] -> F: 0.41291497622360634
Punto[1.         0.51136486 0.49000905] -> F: 0.4146144203818932
Punto[1.         0.51183483 0.48912318] -> F: 0.41630180908308784
Punto[1.         0.5123048  0.48823731] -> F: 0.41799160284471265
Punto[1.         0.51277477 0.48735143] -> F: 0.4196838016667677
Punto[1.         0.51324474 0.48646556] -> F: 0.4213784055492527
Punto[1.         0.51371471 0.48557969] -> F: 0.4218710979792545
Punto[1.         0.51418468 0.48469382] -> F: 0.4213207473983142
Punto[1.         0.51465465 0.48380795] -> F: 0.42077067344470587
Punto[1.         0.51512462 0.48292207] -> F: 0.420219159100558
Punto[1.         0.51559459 0.4820362 ] -> F: 0.41965714088566425
Punto[1.         0.51606456 0.48115033] -> F: 0.41909541202784023
Punto[1.         0.51653453 0.48026446] -> F: 0.4185339725270866
Punto[1.         0.5170045  0.47937859] -> F: 0.4179728223834029
Punto[1.         0.51747447 0.47849271] -> F: 0.41741196159678917
Punto[1.         0.51794444 0.47760684] -> F: 0.4168469196697982
Punto[1.         0.51841441 0.47672097] -> F: 0.41627435838708315
Punto[1.         0.51888438 0.4758351 ] -> F: 0.4157022271295252
Punto[1.         0.51935436 0.47494922] -> F: 0.4151305258971245
Punto[1.         0.51982433 0.47406335] -> F: 0.4145592546898809
Punto[1.         0.5202943  0.47317748] -> F: 0.4139884135077946
Punto[1.         0.52076427 0.47229161] -> F: 0.4134180023508654
Punto[1.         0.52123424 0.47140574] -> F: 0.4128480212190934
Punto[1.         0.52170421 0.47051986] -> F: 0.4122784701124786
Punto[1.         0.52217418 0.46963399] -> F: 0.4117008822188924
Punto[1.         0.52264415 0.46874812] -> F: 0.41112150756569726
Punto[1.         0.52311412 0.46786225] -> F: 0.41054257926297616
Punto[1.         0.52358409 0.46697638] -> F: 0.40996409731072936
Punto[1.         0.52405406 0.4660905 ] -> F: 0.4093860617089567
Punto[1.         0.52452403 0.46520463] -> F: 0.4088084724576582
Punto[1.         0.524994   0.46431876] -> F: 0.4082313295568339
Punto[1.         0.52546397 0.46343289] -> F: 0.4076546330064837
Punto[1.         0.52593394 0.46254702] -> F: 0.4070783828066076
Punto[1.         0.52640391 0.46166114] -> F: 0.4065009295053943
Punto[1.         0.52687388 0.46077527] -> F: 0.405914810537694
Punto[1.         0.52734385 0.4598894 ] -> F: 0.4053291547824536
Punto[1.         0.52781382 0.45900353] -> F: 0.40474396223967307
Punto[1.         0.52828379 0.45811766] -> F: 0.4041592329093522
Punto[1.         0.52875376 0.45723178] -> F: 0.40357496679149124
Punto[1.         0.52922373 0.45634591] -> F: 0.40299116388608996
Punto[1.         0.5296937  0.45546004] -> F: 0.4024078241931486
Punto[1.         0.53016367 0.45457417] -> F: 0.4018249477126671
Punto[1.         0.53063364 0.45368829] -> F: 0.40124253444464536
Punto[1.         0.53110361 0.45280242] -> F: 0.4006542033769779
Punto[1.         0.53157358 0.45191655] -> F: 0.4000618700446787
Punto[1.         0.53204355 0.45103068] -> F: 0.39937440602828256
{
  "seed": 9367,
  "n_per_z": 10,
  "nz": 100,
  "nd": 100,
  "n_muestras": 50,
  "best_f": 0.4218710979792545,
  "best_cp": [
    1.0,
    0.5137147124018374,
    0.48557968976927396
  ],
  "best_u": [
    0.33873792024529137,
    -0.05907839229777582,
    -0.939024155680462
  ],
  "best_index": 14,
  "n_candidatos": 54
}
