Punto[0.         0.47640134 0.45142885] -> F: 0.11402635169909522
Punto[1.         0.45866359 0.44395425] -> F: 0.39093102427405235
Punto[2.         0.4179661  0.56255151] -> F: 0.10233213001951208
Punto[1.         0.44718372 0.50699018] -> F: 0.40986243955574353
Punto[1.         0.45843399 0.44521497] -> F: 0.3930417700215011
Punto[1.         0.45820899 0.44645048] -> F: 0.3951331484959985
Punto[1.         0.45798398 0.44768598] -> F: 0.39724714382823156
Punto[1.         0.45775898 0.44892148] -> F: 0.3993837560181996
Punto[1.         0.45753397 0.45015699] -> F: 0.40154298506590297
Punto[1.         0.45730896 0.45139249] -> F: 0.4037248309713418
Punto[1.         0.45708396 0.452628  ] -> F: 0.40592929373451553
Punto[1.         0.45685895 0.4538635 ] -> F: 0.40815637335542493
Punto[1.         0.45663395 0.455099  ] -> F: 0.41036981586315724
Punto[1.         0.45640894 0.45633451] -> F: 0.4122236540754165
Punto[1.         0.45618394 0.45757001] -> F: 0.4141073870345555
Punto[1.         0.45595893 0.45880552] -> F: 0.4160210147405747
Punto[1.         0.45573393 0.46004102] -> F: 0.4179645371934739
Punto[1.         0.45550892 0.46127652] -> F: 0.41993795439325293
Punto[1.         0.45528392 0.46251203] -> F: 0.4219404900946469
Punto[1.         0.45505891 0.46374753] -> F: 0.42383272117922965
Punto[1.         0.4548339  0.46498304] -> F: 0.42574919032990177
Punto[1.         0.4546089  0.46621854] -> F: 0.42768989754666337
Punto[1.         0.45438389 0.46745405] -> F: 0.4296548428295145
Punto[1.         0.45415889 0.46868955] -> F: 0.43164402617845515
Punto[1.         0.45393388 0.46992505] -> F: 0.4336574475934851
Punto[1.         0.45370888 0.47116056] -> F: 0.4356951070746044
Punto[1.         0.45348387 0.47239606] -> F: 0.4377570046218134
Punto[1.         0.45325887 0.47363157] -> F: 0.4398431402351117
Punto[1.         0.45303386 0.47486707] -> F: 0.44195351391449933
Punto[1.         0.45280886 0.47610257] -> F: 0.4440881256599765
Punto[1.         0.45258385 0.47733808] -> F: 0.4456395189613013
Punto[1.         0.45235884 0.47857358] -> F: 0.44425028588532656
Punto[1.         0.45213384 0.47980909] -> F: 0.4428518119597784
Punto[1.         0.45190883 0.48104459] -> F: 0.44144547835457976
Punto[1.         0.45168383 0.48228009] -> F: 0.4400100405636897
Punto[1.         0.45145882 0.4835156 ] -> F: 0.43853612427815747
Punto[1.         0.45123382 0.4847511 ] -> F: 0.43706484670649326
Punto[1.         0.45100881 0.48598661] -> F: 0.4355994300515773
Punto[1.         0.45078381 0.48722211] -> F: 0.4341398743134094
Punto[1.         0.4505588  0.48845762] -> F: 0.4326861794919896
Punto[1.         0.45033379 0.48969312] -> F: 0.4312383455873178
Punto[1.         0.45010879 0.49092862] -> F: 0.429796372599394
Punto[1.         0.44988378 0.49216413] -> F: 0.42831850409148703
Punto[1.         0.44965878 0.49339963] -> F: 0.42680881515498303
Punto[1.         0.44943377 0.49463514] -> F: 0.425290085700647
Punto[1.         0.44920877 0.49587064] -> F: 0.4237622665021312
Punto[1.         0.44898376 0.49710614] -> F: 0.42222000440292995
Punto[1.         0.44875876 0.49834165] -> F: 0.42066810765011736
Punto[1.         0.44853375 0.49957715] -> F: 0.4191142037506045
Punto[1.         0.44830875 0.50081266] -> F: 0.4175637119858167
Punto[1.         0.44808374 0.50204816] -> F: 0.416016632355754
Punto[1.         0.44785873 0.50328367] -> F: 0.41447138101760206
Punto[1.         0.44763373 0.50451917] -> F: 0.41292968596330715
Punto[1.         0.44740872 0.50575467] -> F: 0.41139362277343583
Best centerpoint:  [1.         0.45258385 0.47733808] Best F:  0.4456395189613013 Best u:  [ 0.21814324 -0.41552515  0.88303589] índice:  27
{
  "seed": 7273,
  "n_per_z": 5,
  "nz": 100,
  "nd": 100,
  "n_muestras": 50,
  "best_f": 0.4456395189613013,
  "best_cp": [
    1.0,
    0.4525838495942236,
    0.47733807846037263
  ],
  "best_u": [
    0.2181432413965427,
    -0.41552514752475955,
    0.8830358871572187
  ],
  "n_candidatos": 54
}
