Punto[0.         0.64059012 0.68067405] -> F: 0.059228954075325024
Punto[1.         0.54130662 0.53131007] -> F: 0.3377616184077547
Punto[2.         0.4144519  0.45364558] -> F: 0.19602001201619454
Punto[1.         0.52752101 0.56715982] -> F: 0.3142222277593487
Punto[1.         0.5410309  0.53202707] -> F: 0.337296994740298
Punto[1.         0.54076071 0.53272972] -> F: 0.3368421221238646
Punto[1.         0.54049051 0.53343238] -> F: 0.3363877034530078
Punto[1.         0.54022031 0.53413503] -> F: 0.3359337387277274
Punto[1.         0.53995011 0.53483769] -> F: 0.33548022794802357
Punto[1.         0.53967992 0.53554034] -> F: 0.33502717111389646
Punto[1.         0.53940972 0.536243  ] -> F: 0.3345745682253458
Punto[1.         0.53913952 0.53694565] -> F: 0.33412241928237163
Punto[1.         0.53886932 0.53764831] -> F: 0.3336619172263885
Punto[1.         0.53859912 0.53835096] -> F: 0.33319852530085853
Punto[1.         0.53832893 0.53905362] -> F: 0.33273561212923747
Punto[1.         0.53805873 0.53975627] -> F: 0.33227317771152487
Punto[1.         0.53778853 0.54045893] -> F: 0.331811222047721
Punto[1.         0.53751833 0.54116158] -> F: 0.3313497451378258
Punto[1.         0.53724813 0.54186424] -> F: 0.3308887469818391
Punto[1.         0.53697794 0.54256689] -> F: 0.33042822757976126
Punto[1.         0.53670774 0.54326955] -> F: 0.32996818693159197
Punto[1.         0.53643754 0.5439722 ] -> F: 0.3295086250373314
Punto[1.         0.53616734 0.54467486] -> F: 0.3290495418969793
Punto[1.         0.53589715 0.54537751] -> F: 0.32859093751053614
Punto[1.         0.53562695 0.54608017] -> F: 0.32813281187800153
Punto[1.         0.53535675 0.54678282] -> F: 0.3276751649993756
Punto[1.         0.53508655 0.54748548] -> F: 0.32721799687465825
Punto[1.         0.53481635 0.54818813] -> F: 0.3267613075038496
Punto[1.         0.53454616 0.54889079] -> F: 0.3263050968869496
Punto[1.         0.53427596 0.54959344] -> F: 0.3258493650239582
Punto[1.         0.53400576 0.5502961 ] -> F: 0.32538285237016484
Punto[1.         0.53373556 0.55099875] -> F: 0.3249159345898421
Punto[1.         0.53346536 0.55170141] -> F: 0.3244495215127426
Punto[1.         0.53319517 0.55240406] -> F: 0.3239836131388668
Punto[1.         0.53292497 0.55310672] -> F: 0.32351820946821447
Punto[1.         0.53265477 0.55380937] -> F: 0.32305331050078573
Punto[1.         0.53238457 0.55451203] -> F: 0.3225889162365804
Punto[1.         0.53211438 0.55521468] -> F: 0.3221250266755988
Punto[1.         0.53184418 0.55591734] -> F: 0.3216616418178406
Punto[1.         0.53157398 0.55661999] -> F: 0.32119876166330613
Punto[1.         0.53130378 0.55732265] -> F: 0.320736386211995
Punto[1.         0.53103358 0.5580253 ] -> F: 0.32027451546390756
Punto[1.         0.53076339 0.55872796] -> F: 0.31981314941904365
Punto[1.         0.53049319 0.55943061] -> F: 0.31935228807740323
Punto[1.         0.53022299 0.56013327] -> F: 0.31889193143898636
Punto[1.         0.52995279 0.56083592] -> F: 0.318432079503793
Punto[1.         0.52968259 0.56153858] -> F: 0.31797273227182327
Punto[1.         0.5294124  0.56224123] -> F: 0.3175046931015357
Punto[1.         0.5291422  0.56294389] -> F: 0.317034173701611
Punto[1.         0.528872   0.56364654] -> F: 0.3165641862282239
Punto[1.        0.5286018 0.5643492] -> F: 0.31609473068137406
Punto[1.         0.52833161 0.56505185] -> F: 0.31562580706106164
Punto[1.         0.52806141 0.56575451] -> F: 0.3151574153672866
Punto[1.         0.52779121 0.56645716] -> F: 0.3146895556000489
Best centerpoint:  [1.         0.54130662 0.53131007] Best F:  0.3377616184077547 Best u:  [-0.48175367 -0.78079497  0.39783491] índice:  1
{
  "seed": 4800,
  "n_per_z": 5,
  "nz": 100,
  "nd": 100,
  "n_muestras": 50,
  "best_f": 0.3377616184077547,
  "best_cp": [
    1.0,
    0.5413066165586113,
    0.5313100700990503
  ],
  "best_u": [
    -0.48175367410171543,
    -0.7807949691089309,
    0.39783490759821677
  ],
  "n_candidatos": 54
}
