Punto[0.         0.32505944 0.60633489] -> F: 0.12165350129927946
Punto[1.         0.47535528 0.4639119 ] -> F: 0.30974486862122014
Punto[2.         0.3880536  0.50011823] -> F: 0.12754477126358027
Punto[1.         0.35655652 0.55322656] -> F: 0.3939035669640358
Punto[1.         0.4729793  0.46569819] -> F: 0.3152524231263468
Punto[1.         0.47065085 0.46744876] -> F: 0.3207872764310905
Punto[1.         0.46832239 0.46919932] -> F: 0.32645819124282904
Punto[1.         0.46599394 0.47094989] -> F: 0.33214136909961056
Punto[1.         0.46366548 0.47270046] -> F: 0.33758078725541885
Punto[1.         0.46133703 0.47445103] -> F: 0.3425875192566375
Punto[1.         0.45900857 0.47620159] -> F: 0.34773102034103637
Punto[1.         0.45668011 0.47795216] -> F: 0.353277022623786
Punto[1.         0.45435166 0.47970273] -> F: 0.35913240295354293
Punto[1.        0.4520232 0.4814533] -> F: 0.3650107619483999
Punto[1.         0.44969475 0.48320386] -> F: 0.37065062751636296
Punto[1.         0.44736629 0.48495443] -> F: 0.3762198180367659
Punto[1.         0.44503784 0.486705  ] -> F: 0.381925070064164
Punto[1.         0.44270938 0.48845556] -> F: 0.3877663835985571
Punto[1.         0.44038092 0.49020613] -> F: 0.3936863352814943
Punto[1.         0.43805247 0.4919567 ] -> F: 0.39951999481378137
Punto[1.         0.43572401 0.49370727] -> F: 0.4049307894018955
Punto[1.         0.43339556 0.49545783] -> F: 0.4102694166912601
Punto[1.        0.4310671 0.4972084] -> F: 0.4159606037315417
Punto[1.         0.42873865 0.49895897] -> F: 0.4213794891438465
Punto[1.         0.42641019 0.50070954] -> F: 0.42668413489761975
Punto[1.         0.42408173 0.5024601 ] -> F: 0.43202662127118463
Punto[1.         0.42175328 0.50421067] -> F: 0.4374069482645409
Punto[1.         0.41942482 0.50596124] -> F: 0.4428251158776887
Punto[1.         0.41709637 0.50771181] -> F: 0.4482205485636929
Punto[1.         0.41476791 0.50946237] -> F: 0.45353790829714535
Punto[1.         0.41243946 0.51121294] -> F: 0.4539876697726672
Punto[1.         0.410111   0.51296351] -> F: 0.45233344851945523
Punto[1.         0.40778254 0.51471408] -> F: 0.45028490567712676
Punto[1.         0.40545409 0.51646464] -> F: 0.44823803472309953
Punto[1.         0.40312563 0.51821521] -> F: 0.44618816893944513
Punto[1.         0.40079718 0.51996578] -> F: 0.444142094486036
Punto[1.         0.39846872 0.52171635] -> F: 0.4421019496805065
Punto[1.         0.39614027 0.52346691] -> F: 0.4400677345228564
Punto[1.         0.39381181 0.52521748] -> F: 0.4380394490130858
Punto[1.         0.39148335 0.52696805] -> F: 0.43601547977745325
Punto[1.         0.3891549  0.52871861] -> F: 0.4339966363570621
Punto[1.         0.38682644 0.53046918] -> F: 0.431983736858448
Punto[1.         0.38449799 0.53221975] -> F: 0.4299767812816108
Punto[1.         0.38216953 0.53397032] -> F: 0.4279757696265506
Punto[1.         0.37984108 0.53572088] -> F: 0.42598070189326753
Punto[1.         0.37751262 0.53747145] -> F: 0.42399157808176136
Punto[1.         0.37518416 0.53922202] -> F: 0.4220083981920322
Punto[1.         0.37285571 0.54097259] -> F: 0.42003116222408
Punto[1.         0.37052725 0.54272315] -> F: 0.41782960273564035
Punto[1.         0.3681988  0.54447372] -> F: 0.4149289538225655
Punto[1.         0.36587034 0.54622429] -> F: 0.41189149347000825
Punto[1.         0.36354189 0.54797486] -> F: 0.40896896625558854
Punto[1.         0.36121343 0.54972542] -> F: 0.40516150506177734
Punto[1.         0.35888497 0.55147599] -> F: 0.3995129713105677
{
  "seed": 15075,
  "n_per_z": 10,
  "nz": 100,
  "nd": 100,
  "n_muestras": 50,
  "best_f": 0.4539876697726672,
  "best_cp": [
    1.0,
    0.4124394552605479,
    0.5112129408886826
  ],
  "best_u": [
    0.9995065603657316,
    -0.031271357017495435,
    0.0029560135568968663
  ],
  "best_index": 30,
  "n_candidatos": 54
}
