Punto[0.         0.42679365 0.54643858] -> F: 0.09872506617423508
Punto[1.         0.47743685 0.53582744] -> F: 0.38931939579963526
Punto[2.         0.60352374 0.45948911] -> F: 0.17265786433668331
Punto[1.         0.5151587  0.50296384] -> F: 0.39143512870436104
Punto[1.         0.47819129 0.53517017] -> F: 0.3901096952127857
Punto[1.         0.47893064 0.53452604] -> F: 0.39088299690887346
Punto[1.         0.47966999 0.53388191] -> F: 0.3916551189138261
Punto[1.         0.48040934 0.53323779] -> F: 0.39242606122764356
Punto[1.         0.48114868 0.53259366] -> F: 0.39319582385032587
Punto[1.         0.48188803 0.53194953] -> F: 0.3939644067818732
Punto[1.         0.48262738 0.53130541] -> F: 0.3947318100222854
Punto[1.         0.48336673 0.53066128] -> F: 0.39549803357156244
Punto[1.         0.48410608 0.53001715] -> F: 0.3962630774297044
Punto[1.         0.48484542 0.52937303] -> F: 0.3970532501729028
Punto[1.         0.48558477 0.5287289 ] -> F: 0.39804778803780855
Punto[1.         0.48632412 0.52808477] -> F: 0.3992773863843441
Punto[1.         0.48706347 0.52744065] -> F: 0.4005904841287462
Punto[1.         0.48780282 0.52679652] -> F: 0.4019027259567095
Punto[1.         0.48854216 0.5261524 ] -> F: 0.4032141118682341
Punto[1.         0.48928151 0.52550827] -> F: 0.40452464186332004
Punto[1.         0.49002086 0.52486414] -> F: 0.40583431594196717
Punto[1.         0.49076021 0.52422002] -> F: 0.4070510004995325
Punto[1.         0.49149956 0.52357589] -> F: 0.4077831113663033
Punto[1.         0.49223891 0.52293176] -> F: 0.40727173792790883
Punto[1.         0.49297825 0.52228764] -> F: 0.4067605546307384
Punto[1.         0.4937176  0.52164351] -> F: 0.40624956147479224
Punto[1.         0.49445695 0.52099938] -> F: 0.4057387584600702
Punto[1.         0.4951963  0.52035526] -> F: 0.40522814558657244
Punto[1.         0.49593565 0.51971113] -> F: 0.40471662716248813
Punto[1.         0.49667499 0.51906701] -> F: 0.4042042847718346
Punto[1.         0.49741434 0.51842288] -> F: 0.4036921340987175
Punto[1.         0.49815369 0.51777875] -> F: 0.4031801751431367
Punto[1.         0.49889304 0.51713463] -> F: 0.40266840790509245
Punto[1.         0.49963239 0.5164905 ] -> F: 0.4021568323845845
Punto[1.         0.50037173 0.51584637] -> F: 0.40164544858161294
Punto[1.         0.50111108 0.51520225] -> F: 0.4011342564961779
Punto[1.         0.50185043 0.51455812] -> F: 0.4006232561282792
Punto[1.         0.50258978 0.51391399] -> F: 0.400112447477917
Punto[1.         0.50332913 0.51326987] -> F: 0.3996018305450913
Punto[1.         0.50406847 0.51262574] -> F: 0.3990914053298019
Punto[1.         0.50480782 0.51198161] -> F: 0.3985811718320489
Punto[1.         0.50554717 0.51133749] -> F: 0.39807113005183237
Punto[1.         0.50628652 0.51069336] -> F: 0.3975612799891522
Punto[1.         0.50702587 0.51004924] -> F: 0.3970516216440085
Punto[1.         0.50776522 0.50940511] -> F: 0.39654018345210595
Punto[1.         0.50850456 0.50876098] -> F: 0.396028808113462
Punto[1.         0.50924391 0.50811686] -> F: 0.3955176260779003
Punto[1.         0.50998326 0.50747273] -> F: 0.39500663734542063
Punto[1.         0.51072261 0.5068286 ] -> F: 0.3944958419160229
Punto[1.         0.51146196 0.50618448] -> F: 0.3939852397897074
Punto[1.         0.5122013  0.50554035] -> F: 0.39347483096647395
Punto[1.         0.51294065 0.50489622] -> F: 0.3929646154463226
Punto[1.        0.51368   0.5042521] -> F: 0.39245459322925336
Punto[1.         0.51441935 0.50360797] -> F: 0.3919447643152662
{
  "seed": 7817,
  "n_per_z": 10,
  "nz": 100,
  "nd": 100,
  "n_muestras": 50,
  "best_f": 0.4077831113663033,
  "best_cp": [
    1.0,
    0.4914995569896541,
    0.5235758899508156
  ],
  "best_u": [
    -0.9995065603657316,
    0.018462780949435726,
    -0.025411837900422948
  ],
  "best_index": 22,
  "n_candidatos": 54
}
