Punto[0.         0.64118403 0.54143115] -> F: 0.18657476432420117
Punto[1.         0.53673438 0.5540672 ] -> F: 0.36034537711961995
Punto[2.         0.56062839 0.60440346] -> F: 0.07667841375250214
Punto[1.         0.60090621 0.57291731] -> F: 0.32413232228331107
Punto[1.         0.53801782 0.55444421] -> F: 0.35961878962181926
Punto[1.         0.53927559 0.55481367] -> F: 0.3589079933456144
Punto[1.         0.54053335 0.55518313] -> F: 0.35819844381911375
Punto[1.         0.54179112 0.55555259] -> F: 0.3574901410423172
Punto[1.         0.54304889 0.55592205] -> F: 0.35678128640703616
Punto[1.         0.54430666 0.55629152] -> F: 0.35606120729232676
Punto[1.         0.54556443 0.55666098] -> F: 0.35534242590781956
Punto[1.         0.54682219 0.55703044] -> F: 0.3546249422535149
Punto[1.         0.54807996 0.5573999 ] -> F: 0.3539087563294124
Punto[1.         0.54933773 0.55776936] -> F: 0.3531938681355124
Punto[1.         0.5505955  0.55813883] -> F: 0.3524802776718146
Punto[1.         0.55185326 0.55850829] -> F: 0.3517679849383193
Punto[1.         0.55311103 0.55887775] -> F: 0.3510569899350261
Punto[1.         0.5543688  0.55924721] -> F: 0.3503472926619354
Punto[1.         0.55562657 0.55961667] -> F: 0.349638893119047
Punto[1.         0.55688434 0.55998614] -> F: 0.34893179130636104
Punto[1.        0.5581421 0.5603556] -> F: 0.3482259872238772
Punto[1.         0.55939987 0.56072506] -> F: 0.34751670422522557
Punto[1.         0.56065764 0.56109452] -> F: 0.34679927184377074
Punto[1.         0.56191541 0.56146398] -> F: 0.34608319030601997
Punto[1.         0.56317317 0.56183345] -> F: 0.3453684596119731
Punto[1.         0.56443094 0.56220291] -> F: 0.3446550797616301
Punto[1.         0.56568871 0.56257237] -> F: 0.34394305075499115
Punto[1.         0.56694648 0.56294183] -> F: 0.3432323725920563
Punto[1.         0.56820425 0.5633113 ] -> F: 0.34252304527282523
Punto[1.         0.56946201 0.56368076] -> F: 0.3418150687972983
Punto[1.         0.57071978 0.56405022] -> F: 0.3411084431654753
Punto[1.         0.57197755 0.56441968] -> F: 0.3404031683773562
Punto[1.         0.57323532 0.56478914] -> F: 0.3396992444329411
Punto[1.         0.57449308 0.56515861] -> F: 0.3389947265436643
Punto[1.         0.57575085 0.56552807] -> F: 0.33827926357423843
Punto[1.         0.57700862 0.56589753] -> F: 0.33756520694273595
Punto[1.         0.57826639 0.56626699] -> F: 0.33685255664915703
Punto[1.         0.57952416 0.56663645] -> F: 0.33614131269350167
Punto[1.         0.58078192 0.56700592] -> F: 0.33543147507576976
Punto[1.         0.58203969 0.56737538] -> F: 0.33472304379596124
Punto[1.         0.58329746 0.56774484] -> F: 0.33401601885407645
Punto[1.         0.58455523 0.5681143 ] -> F: 0.333310400250115
Punto[1.         0.58581299 0.56848376] -> F: 0.33260618798407715
Punto[1.         0.58707076 0.56885323] -> F: 0.33190338205596276
Punto[1.         0.58832853 0.56922269] -> F: 0.3312019824657719
Punto[1.         0.5895863  0.56959215] -> F: 0.3304953069645147
Punto[1.         0.59084407 0.56996161] -> F: 0.32978245069396706
Punto[1.         0.59210183 0.57033107] -> F: 0.32907105891657834
Punto[1.         0.5933596  0.57070054] -> F: 0.3283611316323487
Punto[1.         0.59461737 0.57107   ] -> F: 0.32765266884127814
Punto[1.         0.59587514 0.57143946] -> F: 0.3269456705433667
Punto[1.         0.5971329  0.57180892] -> F: 0.32624013673861413
Punto[1.         0.59839067 0.57217838] -> F: 0.32553606742702074
Punto[1.         0.59964844 0.57254785] -> F: 0.32483346260858637
Best centerpoint:  [1.         0.53673438 0.5540672 ] Best F:  0.36034537711961995 Best u:  [0.9921147  0.07681762 0.09903268] índice:  1
{
  "seed": 16624,
  "n_per_z": 5,
  "nz": 100,
  "nd": 100,
  "n_muestras": 50,
  "best_f": 0.36034537711961995,
  "best_cp": [
    1.0,
    0.5367343825532157,
    0.5540672041814398
  ],
  "best_u": [
    0.9921147013144779,
    0.07681762290869806,
    0.09903268271808813
  ],
  "n_candidatos": 54
}
