Punto[0.         0.53457029 0.55398901] -> F: 0.1534595154723326
Punto[1.         0.50683513 0.48524535] -> F: 0.401855809368006
Punto[2.         0.46471758 0.56313978] -> F: 0.1104974093204801
Punto[1.         0.49964393 0.5585644 ] -> F: 0.40993567938326675
Punto[1.         0.5066913  0.48671173] -> F: 0.4030893659861851
Punto[1.         0.50655036 0.48814878] -> F: 0.40422619082258016
Punto[1.         0.50640941 0.48958583] -> F: 0.4053717819895245
Punto[1.         0.50626846 0.49102289] -> F: 0.4065261394870179
Punto[1.         0.50612751 0.49245994] -> F: 0.40768926331506034
Punto[1.         0.50598657 0.49389699] -> F: 0.40886115347365204
Punto[1.         0.50584562 0.49533405] -> F: 0.41004180996279305
Punto[1.         0.50570467 0.4967711 ] -> F: 0.41123123278248297
Punto[1.         0.50556372 0.49820815] -> F: 0.41242937301765203
Punto[1.         0.50542278 0.49964521] -> F: 0.4135673890093035
Punto[1.         0.50528183 0.50108226] -> F: 0.41468563854398943
Punto[1.         0.50514088 0.50251931] -> F: 0.4158103968442742
Punto[1.         0.50499994 0.50395637] -> F: 0.41694166391015797
Punto[1.         0.50485899 0.50539342] -> F: 0.41807943974164036
Punto[1.         0.50471804 0.50683047] -> F: 0.41922372433872146
Punto[1.         0.50457709 0.50826753] -> F: 0.42037451770140144
Punto[1.         0.50443615 0.50970458] -> F: 0.42153181982968024
Punto[1.         0.5042952  0.51114163] -> F: 0.422695630723558
Punto[1.         0.50415425 0.51257869] -> F: 0.42385524487046555
Punto[1.         0.5040133  0.51401574] -> F: 0.4249600479835637
Punto[1.         0.50387236 0.51545279] -> F: 0.4260704283619346
Punto[1.         0.50373141 0.51688985] -> F: 0.42718638600557796
Punto[1.         0.50359046 0.5183269 ] -> F: 0.4281568768309623
Punto[1.         0.50344951 0.51976395] -> F: 0.42903541429408953
Punto[1.         0.50330857 0.52120101] -> F: 0.4299195290224892
Punto[1.         0.50316762 0.52263806] -> F: 0.4307865639675482
Punto[1.         0.50302667 0.52407511] -> F: 0.43164144444427877
Punto[1.         0.50288572 0.52551217] -> F: 0.4314947205759477
Punto[1.         0.50274478 0.52694922] -> F: 0.43068348119186567
Punto[1.         0.50260383 0.52838627] -> F: 0.4298442503510195
Punto[1.         0.50246288 0.52982333] -> F: 0.428988544131462
Punto[1.         0.50232193 0.53126038] -> F: 0.42814030608697257
Punto[1.         0.50218099 0.53269743] -> F: 0.42721297400201685
Punto[1.         0.50204004 0.53413449] -> F: 0.4261628102393715
Punto[1.         0.50189909 0.53557154] -> F: 0.4251994188082999
Punto[1.         0.50175814 0.5370086 ] -> F: 0.42432279970880177
Punto[1.         0.5016172  0.53844565] -> F: 0.4234955669166343
Punto[1.         0.50147625 0.5398827 ] -> F: 0.42250095938826526
Punto[1.         0.5013353  0.54131976] -> F: 0.4215306185441712
Punto[1.         0.50119435 0.54275681] -> F: 0.4205865287923429
Punto[1.         0.50105341 0.54419386] -> F: 0.4196686901327803
Punto[1.         0.50091246 0.54563092] -> F: 0.41872382770630867
Punto[1.         0.50077151 0.54706797] -> F: 0.41774468419206545
Punto[1.         0.50063056 0.54850502] -> F: 0.41678039748629253
Punto[1.         0.50048962 0.54994208] -> F: 0.41583096758899
Punto[1.         0.50034867 0.55137913] -> F: 0.4148573910250129
Punto[1.         0.50020772 0.55281618] -> F: 0.41387077845743353
Punto[1.         0.50006677 0.55425324] -> F: 0.41289424419014426
Punto[1.         0.49992583 0.55569029] -> F: 0.41192778822314535
Punto[1.         0.49978488 0.55712734] -> F: 0.4109283114865878
{
  "seed": 17525,
  "n_per_z": 10,
  "nz": 100,
  "nd": 100,
  "n_muestras": 50,
  "best_f": 0.43164144444427877,
  "best_cp": [
    1.0,
    0.5030266705906268,
    0.5240751145924931
  ],
  "best_u": [
    0.24868988716485485,
    -0.7463061523792464,
    -0.6173981429700099
  ],
  "best_index": 30,
  "n_candidatos": 54
}
