Punto[0.         0.54941561 0.56902651] -> F: 0.1385280447095262
Punto[1.         0.46523472 0.57274908] -> F: 0.42683552140729436
Punto[2.         0.33621264 0.50223949] -> F: 0.1393904835393819
Punto[1.         0.44281412 0.535633  ] -> F: 0.44800437069240545
Punto[1.         0.4647863  0.57200676] -> F: 0.4287571554187214
Punto[1.         0.46434686 0.57127928] -> F: 0.4306432235088741
Punto[1.         0.46390742 0.57055181] -> F: 0.43241733239322433
Punto[1.         0.46346797 0.56982433] -> F: 0.4341928492441856
Punto[1.         0.46302853 0.56909686] -> F: 0.4359727237719328
Punto[1.         0.46258909 0.56836938] -> F: 0.4377569559764648
Punto[1.         0.46214964 0.56764191] -> F: 0.43954554585778327
Punto[1.         0.4617102  0.56691443] -> F: 0.441338493415887
Punto[1.         0.46127076 0.56618696] -> F: 0.4431357986507761
Punto[1.         0.46083131 0.56545948] -> F: 0.444937461562451
Punto[1.         0.46039187 0.56473201] -> F: 0.446574861165017
Punto[1.         0.45995242 0.56400453] -> F: 0.44817003354143115
Punto[1.         0.45951298 0.56327706] -> F: 0.44976868089539246
Punto[1.         0.45907354 0.56254958] -> F: 0.4513708032269014
Punto[1.         0.45863409 0.56182211] -> F: 0.45297640053595767
Punto[1.         0.45819465 0.56109463] -> F: 0.4545854728225614
Punto[1.         0.45775521 0.56036716] -> F: 0.4561980200867122
Punto[1.         0.45731576 0.55963968] -> F: 0.45781404232841055
Punto[1.         0.45687632 0.55891221] -> F: 0.4594335395476565
Punto[1.         0.45643688 0.55818473] -> F: 0.46105651174444984
Punto[1.         0.45599743 0.55745725] -> F: 0.46267711533768346
Punto[1.         0.45555799 0.55672978] -> F: 0.46426693209485076
Punto[1.         0.45511854 0.5560023 ] -> F: 0.4658576635900745
Punto[1.         0.4546791  0.55527483] -> F: 0.4674493098233544
Punto[1.         0.45423966 0.55454735] -> F: 0.46904187079469095
Punto[1.         0.45380021 0.55381988] -> F: 0.47048850631406114
Punto[1.         0.45336077 0.5530924 ] -> F: 0.47190687070857584
Punto[1.         0.45292133 0.55236493] -> F: 0.47226525999042357
Punto[1.         0.45248188 0.55163745] -> F: 0.4713895146806953
Punto[1.         0.45204244 0.55090998] -> F: 0.47040618982625365
Punto[1.        0.451603  0.5501825] -> F: 0.46938753405758854
Punto[1.         0.45116355 0.54945503] -> F: 0.4683732452199127
Punto[1.         0.45072411 0.54872755] -> F: 0.46736332331322633
Punto[1.         0.45028467 0.54800008] -> F: 0.46635776833752884
Punto[1.         0.44984522 0.5472726 ] -> F: 0.465356580292821
Punto[1.         0.44940578 0.54654513] -> F: 0.4643597591791024
Punto[1.         0.44896633 0.54581765] -> F: 0.4633673049963728
Punto[1.         0.44852689 0.54509018] -> F: 0.4623792177446328
Punto[1.         0.44808745 0.5443627 ] -> F: 0.461375003413884
Punto[1.         0.447648   0.54363523] -> F: 0.46036572598461806
Punto[1.         0.44720856 0.54290775] -> F: 0.45935982359676286
Punto[1.         0.44676912 0.54218028] -> F: 0.45835729625031835
Punto[1.         0.44632967 0.5414528 ] -> F: 0.45735814394528457
Punto[1.         0.44589023 0.54072533] -> F: 0.4563623666816617
Punto[1.         0.44545079 0.53999785] -> F: 0.45530956444031945
Punto[1.         0.44501134 0.53927038] -> F: 0.45409842812206713
Punto[1.        0.4445719 0.5385429] -> F: 0.45288681007682635
Punto[1.         0.44413245 0.53781543] -> F: 0.45167471030459716
Punto[1.         0.44369301 0.53708795] -> F: 0.4504621288053793
Punto[1.         0.44325357 0.53636048] -> F: 0.449249065579173
{
  "seed": 11574,
  "n_per_z": 10,
  "nz": 100,
  "nd": 100,
  "n_muestras": 50,
  "best_f": 0.47226525999042357,
  "best_cp": [
    1.0,
    0.4529213267669346,
    0.5523649288030736
  ],
  "best_u": [
    0.24868988716485485,
    -0.18149438601787973,
    -0.9514268904471455
  ],
  "best_index": 31,
  "n_candidatos": 54
}
