Punto[0.         0.64504843 0.5794115 ] -> F: 0.0879283612969927
Punto[1.         0.61850894 0.52821615] -> F: 0.4094909572134765
Punto[2.         0.54223363 0.39283883] -> F: 0.12315841193205458
Punto[1.         0.59364103 0.48612516] -> F: 0.39922279118265636
Punto[1.         0.61801159 0.52737433] -> F: 0.4119293705477662
Punto[1.         0.61752418 0.52654934] -> F: 0.41430598750581016
Punto[1.         0.61703676 0.52572436] -> F: 0.4166877259638215
Punto[1.         0.61654935 0.52489938] -> F: 0.4190745859217991
Punto[1.         0.61606194 0.52407439] -> F: 0.4214665673797431
Punto[1.         0.61557453 0.52324941] -> F: 0.42385331940332355
Punto[1.         0.61508712 0.52242443] -> F: 0.42622455646249807
Punto[1.         0.61459971 0.52159944] -> F: 0.42860057841445065
Punto[1.         0.6141123  0.52077446] -> F: 0.4309813852591811
Punto[1.         0.61362489 0.51994948] -> F: 0.43336697699668913
Punto[1.         0.61313747 0.51912449] -> F: 0.4357518789173029
Punto[1.         0.61265006 0.51829951] -> F: 0.43811848724108093
Punto[1.         0.61216265 0.51747453] -> F: 0.44048958217434314
Punto[1.         0.61167524 0.51664954] -> F: 0.43982422415385486
Punto[1.         0.61118783 0.51582456] -> F: 0.43883104226453806
Punto[1.         0.61070042 0.51499958] -> F: 0.43783888214028366
Punto[1.         0.61021301 0.51417459] -> F: 0.4368477437810914
Punto[1.         0.6097256  0.51334961] -> F: 0.4358414650944416
Punto[1.         0.60923819 0.51252463] -> F: 0.4348303853053489
Punto[1.         0.60875077 0.51169964] -> F: 0.4338203732689702
Punto[1.         0.60826336 0.51087466] -> F: 0.43281142898530506
Punto[1.         0.60777595 0.51004968] -> F: 0.4318035524543535
Punto[1.         0.60728854 0.50922469] -> F: 0.43079674367611587
Punto[1.         0.60680113 0.50839971] -> F: 0.42979100265059145
Punto[1.         0.60631372 0.50757473] -> F: 0.42877608475684437
Punto[1.         0.60582631 0.50674974] -> F: 0.4277500561166424
Punto[1.         0.6053389  0.50592476] -> F: 0.42672514352561614
Punto[1.         0.60485148 0.50509978] -> F: 0.4257013469837655
Punto[1.         0.60436407 0.50427479] -> F: 0.4246786664910905
Punto[1.         0.60387666 0.50344981] -> F: 0.42365710204759105
Punto[1.         0.60338925 0.50262483] -> F: 0.42263665365326747
Punto[1.         0.60290184 0.50179984] -> F: 0.421614028042766
Punto[1.         0.60241443 0.50097486] -> F: 0.4205728812181784
Punto[1.         0.60192702 0.50014988] -> F: 0.41953290131338716
Punto[1.         0.60143961 0.4993249 ] -> F: 0.4184940883283924
Punto[1.         0.6009522  0.49849991] -> F: 0.41745644226319445
Punto[1.         0.60046478 0.49767493] -> F: 0.4164199631177928
Punto[1.         0.59997737 0.49684995] -> F: 0.4152534874614139
Punto[1.         0.59948996 0.49602496] -> F: 0.4140863584364904
Punto[1.         0.59900255 0.49519998] -> F: 0.4129211700535493
Punto[1.         0.59851514 0.494375  ] -> F: 0.4117566079363174
Punto[1.         0.59802773 0.49355001] -> F: 0.41059267208479455
Punto[1.         0.59754032 0.49272503] -> F: 0.4094293624989807
Punto[1.         0.59705291 0.49190005] -> F: 0.4082666791788757
Punto[1.         0.59656549 0.49107506] -> F: 0.40710462212448006
Punto[1.         0.59607808 0.49025008] -> F: 0.40589846608356805
Punto[1.         0.59559067 0.4894251 ] -> F: 0.40469260875618884
Punto[1.         0.59510326 0.48860011] -> F: 0.40348747606016977
Punto[1.         0.59461585 0.48777513] -> F: 0.4022830679955116
Punto[1.         0.59412844 0.48695015] -> F: 0.4008175954650363
Best centerpoint:  [1.         0.61216265 0.51747453] Best F:  0.44048958217434314 Best u:  [0.09410831 0.47961563 0.8724176 ] índice:  13
{
  "seed": 16727,
  "n_per_z": 5,
  "nz": 100,
  "nd": 100,
  "n_muestras": 50,
  "best_f": 0.44048958217434314,
  "best_cp": [
    1.0,
    0.6121626524602711,
    0.5174745265296163
  ],
  "best_u": [
    0.09410831331851428,
    0.4796156342434555,
    0.8724175999792716
  ],
  "n_candidatos": 54
}
