Punto[0.         0.80475743 0.46517221] -> F: 0.06293120104013854
Punto[1.         0.58015484 0.39713728] -> F: 0.35583534356502566
Punto[2.         0.40032469 0.45724708] -> F: 0.15812944673849574
Punto[1.         0.60254106 0.46120965] -> F: 0.3272638997607131
Punto[1.         0.58060257 0.39841873] -> F: 0.3572277935750854
Punto[1.         0.58104134 0.39967454] -> F: 0.3586257491121925
Punto[1.         0.58148011 0.40093036] -> F: 0.360056722262132
Punto[1.         0.58191888 0.40218618] -> F: 0.3615207130249036
Punto[1.         0.58235765 0.403442  ] -> F: 0.3627731420852343
Punto[1.         0.58279642 0.40469782] -> F: 0.36389287962373335
Punto[1.         0.58323519 0.40595364] -> F: 0.3650659751386914
Punto[1.         0.58367396 0.40720945] -> F: 0.36630367506407463
Punto[1.         0.58411273 0.40846527] -> F: 0.36760597939988365
Punto[1.         0.5845515  0.40972109] -> F: 0.36897288814611773
Punto[1.         0.58499027 0.41097691] -> F: 0.37015468341130386
Punto[1.         0.58542904 0.41223273] -> F: 0.3693578017350503
Punto[1.         0.58586781 0.41348855] -> F: 0.36856137450308424
Punto[1.         0.58630658 0.41474436] -> F: 0.36776037273086215
Punto[1.         0.58674534 0.41600018] -> F: 0.3669572001846124
Punto[1.         0.58718411 0.417256  ] -> F: 0.3661544832290626
Punto[1.         0.58762288 0.41851182] -> F: 0.36535222186421296
Punto[1.         0.58806165 0.41976764] -> F: 0.36455041609006333
Punto[1.         0.58850042 0.42102346] -> F: 0.36374906590661377
Punto[1.         0.58893919 0.42227927] -> F: 0.36294817131386437
Punto[1.         0.58937796 0.42353509] -> F: 0.3621477323118147
Punto[1.         0.58981673 0.42479091] -> F: 0.3613477489004655
Punto[1.         0.5902555  0.42604673] -> F: 0.3605450081127362
Punto[1.         0.59069427 0.42730255] -> F: 0.3597387182460592
Punto[1.         0.59113304 0.42855837] -> F: 0.3589328922420338
Punto[1.         0.59157181 0.42981419] -> F: 0.3581275301006598
Punto[1.         0.59201058 0.43107   ] -> F: 0.3573226318219375
Punto[1.         0.59244935 0.43232582] -> F: 0.3565181974058669
Punto[1.         0.59288812 0.43358164] -> F: 0.35571422685244775
Punto[1.         0.59332689 0.43483746] -> F: 0.35491072016168035
Punto[1.         0.59376566 0.43609328] -> F: 0.35410767733356446
Punto[1.         0.59420443 0.4373491 ] -> F: 0.35329955068745933
Punto[1.         0.5946432  0.43860491] -> F: 0.3524905899409069
Punto[1.         0.59508197 0.43986073] -> F: 0.3516821010145591
Punto[1.         0.59552074 0.44111655] -> F: 0.35087408390841585
Punto[1.         0.59595951 0.44237237] -> F: 0.3493372494751581
Punto[1.         0.59639828 0.44362819] -> F: 0.34762755490159397
Punto[1.         0.59683705 0.44488401] -> F: 0.346092358237573
Punto[1.         0.59727582 0.44613982] -> F: 0.3447316594830951
Punto[1.         0.59771459 0.44739564] -> F: 0.34349485502156396
Punto[1.         0.59815336 0.44865146] -> F: 0.34226217497503664
Punto[1.         0.59859213 0.44990728] -> F: 0.3409482640479346
Punto[1.        0.5990309 0.4511631] -> F: 0.3392168318638912
Punto[1.         0.59946967 0.45241892] -> F: 0.3375381364956578
Punto[1.         0.59990844 0.45367474] -> F: 0.3359121779432348
Punto[1.         0.60034721 0.45493055] -> F: 0.33433895620662224
Punto[1.         0.60078598 0.45618637] -> F: 0.33281847128581976
Punto[1.         0.60122475 0.45744219] -> F: 0.33135072318082787
Punto[1.         0.60166352 0.45869801] -> F: 0.3299357118916459
Punto[1.         0.60210229 0.45995383] -> F: 0.32857343741827433
