Punto[0.         0.36123029 0.52587231] -> F: 0.17650463675948408
Punto[1.         0.46920123 0.47009039] -> F: 0.41481333030150286
Punto[2.         0.52583126 0.43355076] -> F: 0.09884011090310178
Punto[1.         0.44353078 0.47971153] -> F: 0.4054646385411038
Punto[1.         0.46868782 0.47028281] -> F: 0.41538036622214586
Punto[1.         0.46818468 0.47047139] -> F: 0.4159376623867639
Punto[1.         0.46768153 0.47065996] -> F: 0.4164965433424325
Punto[1.         0.46717839 0.47084854] -> F: 0.41705700908915166
Punto[1.         0.46667525 0.47103711] -> F: 0.4175569987286278
Punto[1.         0.46617211 0.47122568] -> F: 0.4179811387453413
Punto[1.         0.46566897 0.47141426] -> F: 0.4184074164346614
Punto[1.         0.46516583 0.47160283] -> F: 0.4188358317965883
Punto[1.         0.46466269 0.47179141] -> F: 0.4192663848311215
Punto[1.         0.46415955 0.47197998] -> F: 0.4196990755382614
Punto[1.         0.46365641 0.47216856] -> F: 0.4199144997253294
Punto[1.         0.46315327 0.47235713] -> F: 0.41957351946566496
Punto[1.         0.46265013 0.47254571] -> F: 0.41923233486572586
Punto[1.         0.46214699 0.47273428] -> F: 0.41889094592551207
Punto[1.         0.46164385 0.47292285] -> F: 0.41854935264502363
Punto[1.         0.4611407  0.47311143] -> F: 0.41820755502426055
Punto[1.         0.46063756 0.4733    ] -> F: 0.4178655530632228
Punto[1.         0.46013442 0.47348858] -> F: 0.41751532269348396
Punto[1.         0.45963128 0.47367715] -> F: 0.41711648855902855
Punto[1.         0.45912814 0.47386573] -> F: 0.41672472280519585
Punto[1.        0.458625  0.4740543] -> F: 0.416340025431986
Punto[1.         0.45812186 0.47424288] -> F: 0.4159623964393986
Punto[1.         0.45761872 0.47443145] -> F: 0.41559183582743386
Punto[1.         0.45711558 0.47462002] -> F: 0.4152283435960918
Punto[1.         0.45661244 0.4748086 ] -> F: 0.41487191974537235
Punto[1.         0.4561093  0.47499717] -> F: 0.41452211124297633
Punto[1.         0.45560616 0.47518575] -> F: 0.4141736251620327
Punto[1.         0.45510301 0.47537432] -> F: 0.41382494121780344
Punto[1.         0.45459987 0.4755629 ] -> F: 0.4134760594102886
Punto[1.         0.45409673 0.47575147] -> F: 0.41312697973948803
Punto[1.         0.45359359 0.47594005] -> F: 0.41277770220540183
Punto[1.         0.45309045 0.47612862] -> F: 0.41242822680803004
Punto[1.         0.45258731 0.47631719] -> F: 0.4120785535473726
Punto[1.         0.45208417 0.47650577] -> F: 0.4117286824234294
Punto[1.         0.45158103 0.47669434] -> F: 0.41137861343620064
Punto[1.         0.45107789 0.47688292] -> F: 0.41102834658568616
Punto[1.         0.45057475 0.47707149] -> F: 0.4106778818718861
Punto[1.         0.45007161 0.47726007] -> F: 0.41032721929480037
Punto[1.         0.44956847 0.47744864] -> F: 0.4099751833186658
Punto[1.         0.44906532 0.47763722] -> F: 0.4095825067722869
Punto[1.         0.44856218 0.47782579] -> F: 0.40919288437407453
Punto[1.         0.44805904 0.47801436] -> F: 0.40880631612402873
Punto[1.         0.4475559  0.47820294] -> F: 0.40842280202214903
Punto[1.         0.44705276 0.47839151] -> F: 0.40804234206843604
Punto[1.         0.44654962 0.47858009] -> F: 0.40766493626288935
Punto[1.         0.44604648 0.47876866] -> F: 0.40729058460550904
Punto[1.         0.44554334 0.47895724] -> F: 0.4069192870962952
Punto[1.         0.4450402  0.47914581] -> F: 0.40655104373524775
Punto[1.         0.44453706 0.47933439] -> F: 0.40618585452236666
Punto[1.         0.44403392 0.47952296] -> F: 0.40582371945765205
{
  "seed": 14429,
  "n_per_z": 10,
  "nz": 100,
  "nd": 100,
  "n_muestras": 50,
  "best_f": 0.4199144997253294,
  "best_cp": [
    1.0,
    0.46365640834176103,
    0.4721685568858531
  ],
  "best_u": [
    0.39714789063478056,
    -0.9159436465712967,
    0.05762628974712789
  ],
  "best_index": 14,
  "n_candidatos": 54
}
