Punto[0.         0.53192099 0.48370204] -> F: 0.1293845046608849
Punto[1.         0.52724118 0.51595704] -> F: 0.4443902024910444
Punto[2.         0.57923639 0.56844078] -> F: 0.11051237667126732
Punto[1.         0.55557869 0.52607141] -> F: 0.45194995364659
Punto[1.         0.52780793 0.51615933] -> F: 0.4454201862958948
Punto[1.         0.52836334 0.51635757] -> F: 0.4464300813623537
Punto[1.         0.52891876 0.51655582] -> F: 0.4474404822055313
Punto[1.         0.52947417 0.51675406] -> F: 0.44845138882542773
Punto[1.         0.53002959 0.5169523 ] -> F: 0.4494458987543282
Punto[1.         0.530585   0.51715054] -> F: 0.45043209432428
Punto[1.         0.53114042 0.51734878] -> F: 0.4514194204138743
Punto[1.         0.53169583 0.51754702] -> F: 0.45240787702311114
Punto[1.         0.53225125 0.51774526] -> F: 0.45339746415199045
Punto[1.         0.53280667 0.51794351] -> F: 0.45438818180051255
Punto[1.         0.53336208 0.51814175] -> F: 0.45538002996867705
Punto[1.         0.5339175  0.51833999] -> F: 0.45637300865648406
Punto[1.         0.53447291 0.51853823] -> F: 0.4573671178639337
Punto[1.         0.53502833 0.51873647] -> F: 0.4583623575910258
Punto[1.         0.53558374 0.51893471] -> F: 0.45935872783776055
Punto[1.         0.53613916 0.51913296] -> F: 0.46035622860413794
Punto[1.         0.53669457 0.5193312 ] -> F: 0.4613548598901577
Punto[1.         0.53724999 0.51952944] -> F: 0.46235458528329576
Punto[1.         0.5378054  0.51972768] -> F: 0.46335311698834286
Punto[1.         0.53836082 0.51992592] -> F: 0.46432562448497566
Punto[1.         0.53891623 0.52012416] -> F: 0.4652991723585544
Punto[1.         0.53947165 0.5203224 ] -> F: 0.46627376060907905
Punto[1.         0.54002706 0.52052065] -> F: 0.46724938923654963
Punto[1.         0.54058248 0.52071889] -> F: 0.46822605824096614
Punto[1.         0.54113789 0.52091713] -> F: 0.46920376762232885
Punto[1.         0.54169331 0.52111537] -> F: 0.4701825173806372
Punto[1.         0.54224872 0.52131361] -> F: 0.4701393053183137
Punto[1.         0.54280414 0.52151185] -> F: 0.46939311984187587
Punto[1.         0.54335955 0.5217101 ] -> F: 0.4686514053152112
Punto[1.         0.54391497 0.52190834] -> F: 0.4678835303423069
Punto[1.         0.54447038 0.52210658] -> F: 0.46705086055841444
Punto[1.         0.5450258  0.52230482] -> F: 0.4662279102018533
Punto[1.         0.54558121 0.52250306] -> F: 0.465414679272623
Punto[1.         0.54613663 0.5227013 ] -> F: 0.4646111677707242
Punto[1.         0.54669204 0.52289955] -> F: 0.46381737569615644
Punto[1.         0.54724746 0.52309779] -> F: 0.46303330304892
Punto[1.         0.54780287 0.52329603] -> F: 0.4622589498290146
Punto[1.         0.54835829 0.52349427] -> F: 0.46149431603644037
Punto[1.         0.54891371 0.52369251] -> F: 0.4607394016711973
Punto[1.         0.54946912 0.52389075] -> F: 0.4599942067332855
Punto[1.         0.55002454 0.52408899] -> F: 0.45925873122270483
Punto[1.         0.55057995 0.52428724] -> F: 0.4585329751394553
Punto[1.         0.55113537 0.52448548] -> F: 0.45781693848353705
Punto[1.         0.55169078 0.52468372] -> F: 0.45711062125495
Punto[1.         0.5522462  0.52488196] -> F: 0.45641402345369414
Punto[1.         0.55280161 0.5250802 ] -> F: 0.45572714507976925
Punto[1.         0.55335703 0.52527844] -> F: 0.4550499861331757
Punto[1.         0.55391244 0.52547669] -> F: 0.45438254661391353
Punto[1.         0.55446786 0.52567493] -> F: 0.4535693357142498
Punto[1.         0.55502327 0.52587317] -> F: 0.4527422152797141
{
  "seed": 15046,
  "n_per_z": 10,
  "nz": 100,
  "nd": 100,
  "n_muestras": 50,
  "best_f": 0.4701825173806372,
  "best_cp": [
    1.0,
    0.5416933078148649,
    0.5211153710266263
  ],
  "best_u": [
    0.12533323356430415,
    -0.9799001230213374,
    -0.15520093255867878
  ],
  "best_index": 29,
  "n_candidatos": 54
}
