Punto[0.         0.53778082 0.46894947] -> F: 0.1480080999478004
Punto[1.         0.5086344  0.51648694] -> F: 0.41168966945642477
Punto[2.         0.61134851 0.55537485] -> F: 0.11832146708048319
Punto[1.         0.57456466 0.51216216] -> F: 0.4179176426788116
Punto[1.         0.50995301 0.51640044] -> F: 0.41347958848794686
Punto[1.         0.51124524 0.51631568] -> F: 0.41523735168217596
Punto[1.         0.51253747 0.51623091] -> F: 0.41699872062637533
Punto[1.         0.5138297  0.51614614] -> F: 0.4187636953205451
Punto[1.         0.51512194 0.51606138] -> F: 0.4205322757646853
Punto[1.         0.51641417 0.51597661] -> F: 0.42230446195879595
Punto[1.         0.5177064  0.51589185] -> F: 0.42408025390287685
Punto[1.         0.51899864 0.51580708] -> F: 0.42585965159692823
Punto[1.         0.52029087 0.51572232] -> F: 0.42764265504095
Punto[1.         0.5215831  0.51563755] -> F: 0.4294292642349422
Punto[1.         0.52287534 0.51555278] -> F: 0.4312194791789046
Punto[1.         0.52416757 0.51546802] -> F: 0.4330132998728376
Punto[1.         0.5254598  0.51538325] -> F: 0.43481072631674084
Punto[1.         0.52675204 0.51529849] -> F: 0.43661175851061446
Punto[1.         0.52804427 0.51521372] -> F: 0.4384163964544586
Punto[1.         0.5293365  0.51512896] -> F: 0.4402160745111118
Punto[1.         0.53062874 0.51504419] -> F: 0.44201372263553074
Punto[1.         0.53192097 0.51495942] -> F: 0.44381484682921274
Punto[1.         0.5332132  0.51487466] -> F: 0.4456194470921581
Punto[1.         0.53450543 0.51478989] -> F: 0.4453165397594336
Punto[1.         0.53579767 0.51470513] -> F: 0.4444905425629255
Punto[1.         0.5370899  0.51462036] -> F: 0.44369674996849007
Punto[1.         0.53838213 0.5145356 ] -> F: 0.44293516197612737
Punto[1.         0.53967437 0.51445083] -> F: 0.4421202037371571
Punto[1.         0.5409666  0.51436606] -> F: 0.4413115146279339
Punto[1.         0.54225883 0.5142813 ] -> F: 0.4405163485690801
Punto[1.         0.54355107 0.51419653] -> F: 0.43973141155912593
Punto[1.         0.5448433  0.51411177] -> F: 0.43890714533438757
Punto[1.         0.54613553 0.514027  ] -> F: 0.4380918117562949
Punto[1.         0.54742777 0.51394224] -> F: 0.4372854108248477
Punto[1.         0.54872    0.51385747] -> F: 0.4364863503530655
Punto[1.         0.55001223 0.5137727 ] -> F: 0.4356537560192344
Punto[1.         0.55130446 0.51368794] -> F: 0.43482803936946485
Punto[1.         0.5525967  0.51360317] -> F: 0.4340092004037566
Punto[1.         0.55388893 0.51351841] -> F: 0.43319723912210956
Punto[1.         0.55518116 0.51343364] -> F: 0.4323612922889558
Punto[1.         0.5564734  0.51334888] -> F: 0.4315242796605601
Punto[1.         0.55776563 0.51326411] -> F: 0.43069299346218287
Punto[1.         0.55905786 0.51317934] -> F: 0.42986743369382374
Punto[1.         0.5603501  0.51309458] -> F: 0.4290337593477418
Punto[1.         0.56164233 0.51300981] -> F: 0.42812223502245195
Punto[1.         0.56293456 0.51292505] -> F: 0.42708045080277496
Punto[1.         0.5642268  0.51284028] -> F: 0.42604366754353384
Punto[1.         0.56551903 0.51275552] -> F: 0.4250118852447286
Punto[1.         0.56681126 0.51267075] -> F: 0.4239851039063591
Punto[1.         0.5681035  0.51258598] -> F: 0.4229633235284251
Punto[1.         0.56939573 0.51250122] -> F: 0.42194654411092697
Punto[1.         0.57068796 0.51241645] -> F: 0.42093476565386473
Punto[1.         0.57198019 0.51233169] -> F: 0.41992798815723825
Punto[1.         0.57327243 0.51224692] -> F: 0.4189262116210474
{
  "seed": 17107,
  "n_per_z": 10,
  "nz": 100,
  "nd": 100,
  "n_muestras": 50,
  "best_f": 0.4456194470921581,
  "best_cp": [
    1.0,
    0.5332132013352812,
    0.5148746584293917
  ],
  "best_u": [
    0.18738131458572474,
    -0.9803489312215544,
    0.06167832680027547
  ],
  "best_index": 22,
  "n_candidatos": 54
}
