Punto[0.         0.44611155 0.3865697 ] -> F: 0.09069731160164335
Punto[1.         0.50316823 0.46140558] -> F: 0.396650195785122
Punto[2.         0.51869025 0.5650329 ] -> F: 0.18349135933338012
Punto[1.        0.4824009 0.4758013] -> F: 0.38416329029446905
Punto[1.         0.50275288 0.46169349] -> F: 0.396414640145268
Punto[1.         0.50234584 0.46197565] -> F: 0.39618225296115067
Punto[1.         0.5019388  0.46225781] -> F: 0.39594989794337065
Punto[1.         0.50153177 0.46253996] -> F: 0.39571757509192795
Punto[1.         0.50112473 0.46282212] -> F: 0.3954852844068225
Punto[1.         0.50071769 0.46310427] -> F: 0.3952530258880545
Punto[1.         0.50031065 0.46338643] -> F: 0.3950207995356237
Punto[1.         0.49990361 0.46366859] -> F: 0.3947866330068752
Punto[1.         0.49949657 0.46395074] -> F: 0.3945500754953364
Punto[1.         0.49908953 0.4642329 ] -> F: 0.39431355137983304
Punto[1.         0.49868249 0.46451505] -> F: 0.394077060660365
Punto[1.         0.49827545 0.46479721] -> F: 0.39384060333693244
Punto[1.         0.49786841 0.46507937] -> F: 0.39360417940953524
Punto[1.         0.49746137 0.46536152] -> F: 0.3933677888781736
Punto[1.         0.49705433 0.46564368] -> F: 0.3931303735746956
Punto[1.         0.49664729 0.46592583] -> F: 0.39288963891943357
Punto[1.         0.49624025 0.46620799] -> F: 0.39264893891863156
Punto[1.         0.49583321 0.46649015] -> F: 0.3924082735722898
Punto[1.         0.49542617 0.4667723 ] -> F: 0.392167642880408
Punto[1.         0.49501913 0.46705446] -> F: 0.3919270468429863
Punto[1.         0.49461209 0.46733662] -> F: 0.3916864854600247
Punto[1.         0.49420505 0.46761877] -> F: 0.3914458978047688
Punto[1.         0.49379801 0.46790093] -> F: 0.3912009703411517
Punto[1.         0.49339097 0.46818308] -> F: 0.3909560788221431
Punto[1.         0.49298393 0.46846524] -> F: 0.39071122324774293
Punto[1.         0.49257689 0.4687474 ] -> F: 0.3904664036179514
Punto[1.         0.49216985 0.46902955] -> F: 0.3902216199327681
Punto[1.         0.49176281 0.46931171] -> F: 0.3899768721921934
Punto[1.         0.49135577 0.46959386] -> F: 0.38973216039622716
Punto[1.         0.49094873 0.46987602] -> F: 0.38948410665596783
Punto[1.         0.49054169 0.47015818] -> F: 0.38923499893975205
Punto[1.         0.49013465 0.47044033] -> F: 0.38898592849328295
Punto[1.         0.48972761 0.47072249] -> F: 0.3887368953165605
Punto[1.         0.48932057 0.47100464] -> F: 0.3884878994095847
Punto[1.         0.48891354 0.4712868 ] -> F: 0.38823894077235543
Punto[1.         0.4885065  0.47156896] -> F: 0.3879900194048729
Punto[1.         0.48809946 0.47185111] -> F: 0.3877390978954839
Punto[1.         0.48769242 0.47213327] -> F: 0.38748573997632413
Punto[1.         0.48728538 0.47241542] -> F: 0.387232420690609
Punto[1.         0.48687834 0.47269758] -> F: 0.3869791400383384
Punto[1.         0.4864713  0.47297974] -> F: 0.3867258980195128
Punto[1.         0.48606426 0.47326189] -> F: 0.3864726946341318
Punto[1.         0.48565722 0.47354405] -> F: 0.3862195298821955
Punto[1.         0.48525018 0.4738262 ] -> F: 0.3859660122077334
Punto[1.         0.48484314 0.47410836] -> F: 0.3857083603869845
Punto[1.         0.4844361  0.47439052] -> F: 0.3854507486058536
Punto[1.         0.48402906 0.47467267] -> F: 0.38519317686434074
Punto[1.         0.48362202 0.47495483] -> F: 0.3849356451624459
Punto[1.         0.48321498 0.47523698] -> F: 0.38467815350016893
Punto[1.         0.48280794 0.47551914] -> F: 0.38442070187750993
{
  "seed": 19202,
  "n_per_z": 10,
  "nz": 100,
  "nd": 100,
  "n_muestras": 50,
  "best_f": 0.396650195785122,
  "best_cp": [
    1.0,
    0.5031682308745912,
    0.4614055800670022
  ],
  "best_u": [
    -0.5620833778521307,
    -0.32847330545814524,
    0.7590570228538426
  ],
  "best_index": 1,
  "n_candidatos": 54
}
