Punto[0.         0.39709846 0.66767144] -> F: 0.18725859097264924
Punto[1.         0.41655439 0.44206822] -> F: 0.34328348007641696
Punto[2.         0.49170306 0.30267869] -> F: 0.050423933294749534
Punto[1.         0.44440076 0.48517507] -> F: 0.31358659556220325
Punto[1.         0.41711131 0.44293036] -> F: 0.3427609326925268
Punto[1.         0.4176571  0.44377525] -> F: 0.34224924050386557
Punto[1.         0.41820289 0.44462015] -> F: 0.3417379484794474
Punto[1.         0.41874868 0.44546504] -> F: 0.3412270566192719
Punto[1.         0.41929447 0.44630994] -> F: 0.3407165649233393
Punto[1.         0.41984026 0.44715483] -> F: 0.34018874478695055
Punto[1.         0.42038605 0.44799972] -> F: 0.33965809794833485
Punto[1.         0.42093184 0.44884462] -> F: 0.3391278848928222
Punto[1.         0.42147762 0.44968951] -> F: 0.33859810562041237
Punto[1.         0.42202341 0.45053441] -> F: 0.33806876013110576
Punto[1.        0.4225692 0.4513793] -> F: 0.337531576843466
Punto[1.         0.42311499 0.45222419] -> F: 0.33698226073621657
Punto[1.         0.42366078 0.45306909] -> F: 0.33643345980168754
Punto[1.         0.42420657 0.45391398] -> F: 0.3358851740398793
Punto[1.         0.42475236 0.45475888] -> F: 0.33533740345079166
Punto[1.         0.42529815 0.45560377] -> F: 0.33479014803442475
Punto[1.         0.42584394 0.45644867] -> F: 0.33423671234117885
Punto[1.         0.42638972 0.45729356] -> F: 0.33366956508311846
Punto[1.         0.42693551 0.45813845] -> F: 0.33310297325208876
Punto[1.         0.4274813  0.45898335] -> F: 0.33253693684808977
Punto[1.         0.42802709 0.45982824] -> F: 0.33197145587112126
Punto[1.         0.42857288 0.46067314] -> F: 0.3314065303211835
Punto[1.         0.42911867 0.46151803] -> F: 0.3308386497571306
Punto[1.         0.42966446 0.46236292] -> F: 0.33025351879520554
Punto[1.         0.43021025 0.46320782] -> F: 0.32966898608216605
Punto[1.         0.43075604 0.46405271] -> F: 0.3290850516180119
Punto[1.         0.43130182 0.46489761] -> F: 0.3285017154027432
Punto[1.         0.43184761 0.4657425 ] -> F: 0.3279189774363598
Punto[1.        0.4323934 0.4665874] -> F: 0.32733683771886163
Punto[1.         0.43293919 0.46743229] -> F: 0.326734303928599
Punto[1.         0.43348498 0.46827718] -> F: 0.326131628798982
Punto[1.         0.43403077 0.46912208] -> F: 0.3255295975867138
Punto[1.         0.43457656 0.46996697] -> F: 0.3249282102917943
Punto[1.         0.43512235 0.47081187] -> F: 0.3243274669142237
Punto[1.         0.43566814 0.47165676] -> F: 0.32372736745400194
Punto[1.         0.43621392 0.47250165] -> F: 0.32311218302571754
Punto[1.         0.43675971 0.47334655] -> F: 0.32249110744998394
Punto[1.         0.4373055  0.47419144] -> F: 0.3218707246305594
Punto[1.         0.43785129 0.47503634] -> F: 0.32125103456744364
Punto[1.         0.43839708 0.47588123] -> F: 0.3206320372606368
Punto[1.         0.43894287 0.47672613] -> F: 0.3200137327101389
Punto[1.         0.43948866 0.47757102] -> F: 0.31938753694786737
Punto[1.         0.44003445 0.47841591] -> F: 0.3187477402893248
Punto[1.         0.44058024 0.47926081] -> F: 0.3181086887739908
Punto[1.         0.44112602 0.4801057 ] -> F: 0.3174703824018652
Punto[1.         0.44167181 0.4809506 ] -> F: 0.3168328211729483
Punto[1.         0.4422176  0.48179549] -> F: 0.3161960050872397
Punto[1.         0.44276339 0.48264038] -> F: 0.3155599341447397
Punto[1.         0.44330918 0.48348528] -> F: 0.31490200804918916
Punto[1.         0.44385497 0.48433017] -> F: 0.31424390104570044
Best centerpoint:  [1.         0.41655439 0.44206822] Best F:  0.34328348007641696 Best u:  [ 0.99950656 -0.00781154  0.03042393] índice:  1
{
  "seed": 12973,
  "n_per_z": 5,
  "nz": 100,
  "nd": 100,
  "n_muestras": 50,
  "best_f": 0.34328348007641696,
  "best_cp": [
    1.0,
    0.4165543852118826,
    0.4420682220101969
  ],
  "best_u": [
    0.9995065603657316,
    -0.007811538130902165,
    0.030423932321343345
  ],
  "n_candidatos": 54
}
