Punto[0.         0.5864099  0.77866866] -> F: 0.09235063551516176
Punto[1.         0.47614765 0.40928296] -> F: 0.2549619964304764
Punto[2.         0.45035545 0.32758901] -> F: 0.1216429971221394
Punto[1.         0.51838268 0.55312884] -> F: 0.3173818496696721
Punto[1.         0.47699236 0.41215988] -> F: 0.258408368497329
Punto[1.         0.47782016 0.41497926] -> F: 0.261670961825054
Punto[1.         0.47864797 0.41779864] -> F: 0.2651000174448886
Punto[1.         0.47947577 0.42061802] -> F: 0.2686955353568329
Punto[1.         0.48030358 0.4234374 ] -> F: 0.2729269119648483
Punto[1.         0.48113139 0.42625678] -> F: 0.27865140171369907
Punto[1.         0.48195919 0.42907616] -> F: 0.28564018205803565
Punto[1.         0.482787   0.43189554] -> F: 0.2928939728624871
Punto[1.         0.48361481 0.43471491] -> F: 0.30030701939664234
Punto[1.         0.48444261 0.43753429] -> F: 0.3078793216605011
Punto[1.         0.48527042 0.44035367] -> F: 0.3153896400703896
Punto[1.         0.48609823 0.44317305] -> F: 0.32303170545343396
Punto[1.         0.48692603 0.44599243] -> F: 0.3308078362070224
Punto[1.         0.48775384 0.44881181] -> F: 0.3387180323311553
Punto[1.         0.48858165 0.45163119] -> F: 0.3467622938258327
Punto[1.         0.48940945 0.45445057] -> F: 0.35493895778071616
Punto[1.         0.49023726 0.45726995] -> F: 0.3622471588496537
Punto[1.         0.49106506 0.46008933] -> F: 0.36955336018368673
Punto[1.         0.49189287 0.4629087 ] -> F: 0.37819105379256424
Punto[1.         0.49272068 0.46572808] -> F: 0.38721963943907683
Punto[1.         0.49354848 0.46854746] -> F: 0.3959486921185275
Punto[1.         0.49437629 0.47136684] -> F: 0.40458832217523416
Punto[1.         0.4952041  0.47418622] -> F: 0.40243836819853707
Punto[1.        0.4960319 0.4770056] -> F: 0.39953636665821923
Punto[1.         0.49685971 0.47982498] -> F: 0.3965772343061135
Punto[1.         0.49768752 0.48264436] -> F: 0.3936026577511509
Punto[1.         0.49851532 0.48546374] -> F: 0.3905446061407196
Punto[1.         0.49934313 0.48828312] -> F: 0.3874756516493419
Punto[1.         0.50017094 0.4911025 ] -> F: 0.384336471861239
Punto[1.         0.50099874 0.49392187] -> F: 0.3811774405683872
Punto[1.         0.50182655 0.49674125] -> F: 0.37795040685038567
Punto[1.         0.50265435 0.49956063] -> F: 0.3747452460881016
Punto[1.         0.50348216 0.50238001] -> F: 0.3715653704190033
Punto[1.         0.50430997 0.50519939] -> F: 0.3683955944136625
Punto[1.         0.50513777 0.50801877] -> F: 0.365193074387919
Punto[1.         0.50596558 0.51083815] -> F: 0.3620170435630391
Punto[1.         0.50679339 0.51365753] -> F: 0.35886759694719955
Punto[1.         0.50762119 0.51647691] -> F: 0.3557476631708792
Punto[1.         0.508449   0.51929629] -> F: 0.35265862567835604
Punto[1.         0.50927681 0.52211567] -> F: 0.3496004844696306
Punto[1.         0.51010461 0.52493504] -> F: 0.34657323954470226
Punto[1.         0.51093242 0.52775442] -> F: 0.3435348350457881
Punto[1.         0.51176022 0.5305738 ] -> F: 0.340511281761222
Punto[1.         0.51258803 0.53339318] -> F: 0.3375198633888294
Punto[1.         0.51341584 0.53621256] -> F: 0.3345605799286098
Punto[1.         0.51424364 0.53903194] -> F: 0.3316334313805639
Punto[1.         0.51507145 0.54185132] -> F: 0.3287384177446912
Punto[1.         0.51589926 0.5446707 ] -> F: 0.3258755390209918
Punto[1.         0.51672706 0.54749008] -> F: 0.323044795209466
Punto[1.         0.51755487 0.55030946] -> F: 0.3202099214571057
Best centerpoint:  [1.         0.49437629 0.47136684] Best F:  0.40458832217523416 Best u:  [-0.24868989  0.15151979 -0.9566583 ] índice:  22
{
  "seed": 5950,
  "n_per_z": 5,
  "nz": 100,
  "nd": 100,
  "n_muestras": 50,
  "best_f": 0.40458832217523416,
  "best_cp": [
    1.0,
    0.4943762900388876,
    0.4713668421047834
  ],
  "best_u": [
    -0.24868988716485474,
    0.1515197886581331,
    -0.9566582951435306
  ],
  "n_candidatos": 54
}
