Punto[0.         0.62256853 0.45820279] -> F: 0.11418482609678114
Punto[1.         0.50253575 0.46970428] -> F: 0.41721163007749984
Punto[2.         0.43769586 0.42087   ] -> F: 0.13158862973209606
Punto[1.         0.53013219 0.43953639] -> F: 0.4279080897641404
Punto[1.         0.50308768 0.46910092] -> F: 0.41950210217434714
Punto[1.         0.50362857 0.46850963] -> F: 0.4217433702936555
Punto[1.         0.50416946 0.46791834] -> F: 0.4239812781656013
Punto[1.         0.50471035 0.46732705] -> F: 0.4262158257901838
Punto[1.         0.50525124 0.46673576] -> F: 0.42844701316740347
Punto[1.         0.50579213 0.46614447] -> F: 0.43052614914332965
Punto[1.         0.50633302 0.46555318] -> F: 0.4323563560172793
Punto[1.         0.50687391 0.46496189] -> F: 0.4342084039226373
Punto[1.        0.5074148 0.4643706] -> F: 0.4360822928594044
Punto[1.         0.50795569 0.46377931] -> F: 0.43797802282758
Punto[1.         0.50849658 0.46318802] -> F: 0.4398955938271641
Punto[1.         0.50903747 0.46259673] -> F: 0.4418350058581573
Punto[1.         0.50957836 0.46200544] -> F: 0.4437962589205588
Punto[1.         0.51011925 0.46141415] -> F: 0.44577935301436916
Punto[1.         0.51066014 0.46082285] -> F: 0.44778428813958826
Punto[1.         0.51120103 0.46023156] -> F: 0.4498110642962157
Punto[1.         0.51174192 0.45964027] -> F: 0.4518596814842522
Punto[1.         0.51228282 0.45904898] -> F: 0.45393013970369744
Punto[1.         0.51282371 0.45845769] -> F: 0.45602243895455125
Punto[1.        0.5133646 0.4578664] -> F: 0.45813657923681367
Punto[1.         0.51390549 0.45727511] -> F: 0.4602725605504847
Punto[1.         0.51444638 0.45668382] -> F: 0.4624303828955645
Punto[1.         0.51498727 0.45609253] -> F: 0.46366260354789746
Punto[1.         0.51552816 0.45550124] -> F: 0.4629480026865288
Punto[1.         0.51606905 0.45490995] -> F: 0.46186745400101303
Punto[1.         0.51660994 0.45431866] -> F: 0.46054660736543296
Punto[1.         0.51715083 0.45372737] -> F: 0.45922924728685643
Punto[1.         0.51769172 0.45313608] -> F: 0.4579451999099409
Punto[1.         0.51823261 0.45254479] -> F: 0.45670073002329703
Punto[1.        0.5187735 0.4519535] -> F: 0.455495837626925
Punto[1.         0.51931439 0.45136221] -> F: 0.45433052272082475
Punto[1.         0.51985528 0.45077091] -> F: 0.4532047853049964
Punto[1.         0.52039617 0.45017962] -> F: 0.45211862537944003
Punto[1.         0.52093706 0.44958833] -> F: 0.4510720429441553
Punto[1.         0.52147795 0.44899704] -> F: 0.45006503799914266
Punto[1.         0.52201884 0.44840575] -> F: 0.44909761054440184
Punto[1.         0.52255973 0.44781446] -> F: 0.4481697605799328
Punto[1.         0.52310062 0.44722317] -> F: 0.44727240031757093
Punto[1.         0.52364151 0.44663188] -> F: 0.4462281710193286
Punto[1.         0.5241824  0.44604059] -> F: 0.44518382209712065
Punto[1.         0.52472329 0.4454493 ] -> F: 0.4441522707813359
Punto[1.         0.52526418 0.44485801] -> F: 0.4431335170719742
Punto[1.         0.52580507 0.44426672] -> F: 0.44195408392914726
Punto[1.         0.52634596 0.44367543] -> F: 0.44024532330063604
Punto[1.         0.52688685 0.44308414] -> F: 0.43854181614840027
Punto[1.         0.52742774 0.44249285] -> F: 0.43684356247243966
Punto[1.         0.52796863 0.44190156] -> F: 0.4351505622727545
Punto[1.         0.52850952 0.44131026] -> F: 0.4333439002137097
Punto[1.         0.52905041 0.44071897] -> F: 0.43152765270424825
Punto[1.         0.5295913  0.44012768] -> F: 0.4297157158877254
Best centerpoint:  [1.         0.51498727 0.45609253] Best F:  0.46366260354789746 Best u:  [-0.09410831  0.47961563  0.8724176 ] índice:  23
{
  "seed": 10931,
  "n_per_z": 5,
  "nz": 100,
  "nd": 100,
  "n_muestras": 50,
  "best_f": 0.46366260354789746,
  "best_cp": [
    1.0,
    0.5149872665295668,
    0.4560925299969483
  ],
  "best_u": [
    -0.09410831331851438,
    0.4796156342434555,
    0.8724175999792716
  ],
  "n_candidatos": 54
}
