Punto[0.         0.46330968 0.56591371] -> F: 0.13432212248598083
Punto[1.         0.50814725 0.55763368] -> F: 0.4457501868133943
Punto[2.         0.50094715 0.54193738] -> F: 0.1708316347434695
Punto[1.         0.48212842 0.55392554] -> F: 0.44575336524137077
Punto[1.         0.50762688 0.55755952] -> F: 0.44579120818098206
Punto[1.         0.50711691 0.55748684] -> F: 0.4458187101712521
Punto[1.         0.50660694 0.55741416] -> F: 0.4458462113501002
Punto[1.         0.50609697 0.55734148] -> F: 0.44587371171752666
Punto[1.        0.505587  0.5572688] -> F: 0.44590121127353133
Punto[1.         0.50507703 0.55719612] -> F: 0.4459287100181143
Punto[1.         0.50456706 0.55712344] -> F: 0.44595620795127544
Punto[1.         0.50405709 0.55705076] -> F: 0.4459837050730149
Punto[1.         0.50354712 0.55697808] -> F: 0.4460112013833327
Punto[1.         0.50303715 0.5569054 ] -> F: 0.4460386968822285
Punto[1.         0.50252718 0.55683272] -> F: 0.44606619156970284
Punto[1.         0.50201722 0.55676004] -> F: 0.44609368544575523
Punto[1.         0.50150725 0.55668737] -> F: 0.4461148975655106
Punto[1.         0.50099728 0.55661469] -> F: 0.44612419436501594
Punto[1.         0.50048731 0.55654201] -> F: 0.4461334910502711
Punto[1.         0.49997734 0.55646933] -> F: 0.44614278762127596
Punto[1.         0.49946737 0.55639665] -> F: 0.4461520840780309
Punto[1.         0.4989574  0.55632397] -> F: 0.4461613804205356
Punto[1.         0.49844743 0.55625129] -> F: 0.4461706766487901
Punto[1.         0.49793746 0.55617861] -> F: 0.44616573251372077
Punto[1.         0.49742749 0.55610593] -> F: 0.4461565380752162
Punto[1.         0.49691752 0.55603325] -> F: 0.4461473446456622
Punto[1.         0.49640755 0.55596057] -> F: 0.4461381522250589
Punto[1.         0.49589758 0.55588789] -> F: 0.44612896081340647
Punto[1.         0.49538762 0.55581521] -> F: 0.44611977041070455
Punto[1.         0.49487765 0.55574253] -> F: 0.4461105810169535
Punto[1.         0.49436768 0.55566985] -> F: 0.44610139263215304
Punto[1.         0.49385771 0.55559717] -> F: 0.44609220525630344
Punto[1.         0.49334774 0.55552449] -> F: 0.44608301888940427
Punto[1.         0.49283777 0.55545181] -> F: 0.4460738335314559
Punto[1.         0.4923278  0.55537913] -> F: 0.4460646491824582
Punto[1.         0.49181783 0.55530645] -> F: 0.44605546584241135
Punto[1.         0.49130786 0.55523378] -> F: 0.44604628351131514
Punto[1.         0.49079789 0.5551611 ] -> F: 0.44603710218916964
Punto[1.         0.49028792 0.55508842] -> F: 0.4460279218759747
Punto[1.         0.48977795 0.55501574] -> F: 0.44601874257173046
Punto[1.         0.48926799 0.55494306] -> F: 0.44600956427643723
Punto[1.         0.48875802 0.55487038] -> F: 0.4460003869900944
Punto[1.         0.48824805 0.5547977 ] -> F: 0.44599121071270253
Punto[1.         0.48773808 0.55472502] -> F: 0.445982035444261
Punto[1.         0.48722811 0.55465234] -> F: 0.44597286118477036
Punto[1.         0.48671814 0.55457966] -> F: 0.44596368793423047
Punto[1.         0.48620817 0.55450698] -> F: 0.44595451569264133
Punto[1.        0.4856982 0.5544343] -> F: 0.4459453444600027
Punto[1.         0.48518823 0.55436162] -> F: 0.4459361742363149
Punto[1.         0.48467826 0.55428894] -> F: 0.44592700502157784
Punto[1.         0.48416829 0.55421626] -> F: 0.44591783681579145
Punto[1.         0.48365832 0.55414358] -> F: 0.44590866961895564
Punto[1.         0.48314836 0.5540709 ] -> F: 0.4458995034310706
Punto[1.         0.48263839 0.55399822] -> F: 0.44589033825213636
{
  "seed": 2159,
  "n_per_z": 10,
  "nz": 100,
  "nd": 100,
  "n_muestras": 50,
  "best_f": 0.4461706766487901,
  "best_cp": [
    1.0,
    0.49844743079337206,
    0.5562512880682865
  ],
  "best_u": [
    -0.3681245526846781,
    0.14544908717691432,
    -0.9183293944713455
  ],
  "best_index": 22,
  "n_candidatos": 54
}
