Punto[0.         0.44414828 0.55907644] -> F: 0.12607767746015033
Punto[1.         0.47848792 0.56823171] -> F: 0.42486418455705616
Punto[2.         0.41368617 0.65982255] -> F: 0.11268353603638448
Punto[1.         0.42891722 0.6094495 ] -> F: 0.41394950892991167
Punto[1.         0.4774965  0.56905607] -> F: 0.42655002753606003
Punto[1.         0.47652492 0.56986394] -> F: 0.4281858578504917
Punto[1.         0.47555333 0.5706718 ] -> F: 0.4297320847526294
Punto[1.         0.47458175 0.57147967] -> F: 0.43125180218848425
Punto[1.         0.47361016 0.57228754] -> F: 0.4327176985908582
Punto[1.         0.47263857 0.57309541] -> F: 0.4341857140485513
Punto[1.         0.47166699 0.57390328] -> F: 0.435655848561564
Punto[1.         0.4706954  0.57471115] -> F: 0.4371071166279671
Punto[1.         0.46972382 0.57551902] -> F: 0.4385251521800034
Punto[1.         0.46875223 0.57632688] -> F: 0.4399451310238276
Punto[1.         0.46778065 0.57713475] -> F: 0.4413670531594388
Punto[1.         0.46680906 0.57794262] -> F: 0.44274936426249345
Punto[1.         0.46583747 0.57875049] -> F: 0.4441200386677507
Punto[1.         0.46486589 0.57955836] -> F: 0.44549249483735964
Punto[1.         0.4638943  0.58036623] -> F: 0.4468579946875734
Punto[1.         0.46292272 0.5811741 ] -> F: 0.4481800319428419
Punto[1.         0.46195113 0.58198196] -> F: 0.44947561212140325
Punto[1.         0.46097955 0.58278983] -> F: 0.4507134209597565
Punto[1.         0.46000796 0.5835977 ] -> F: 0.4519525957678019
Punto[1.         0.45903638 0.58440557] -> F: 0.45133645545168954
Punto[1.         0.45806479 0.58521344] -> F: 0.45040581940836144
Punto[1.         0.4570932  0.58602131] -> F: 0.4494768989547638
Punto[1.         0.45612162 0.58682918] -> F: 0.4485496940908971
Punto[1.         0.45515003 0.58763704] -> F: 0.4476242048167611
Punto[1.         0.45417845 0.58844491] -> F: 0.44670043113235575
Punto[1.         0.45320686 0.58925278] -> F: 0.4457783730376811
Punto[1.         0.45223528 0.59006065] -> F: 0.4448580305327372
Punto[1.         0.45126369 0.59086852] -> F: 0.4439394036175239
Punto[1.         0.4502921  0.59167639] -> F: 0.4430224922920414
Punto[1.         0.44932052 0.59248426] -> F: 0.4421072965562896
Punto[1.         0.44834893 0.59329212] -> F: 0.44119381641026845
Punto[1.         0.44737735 0.59409999] -> F: 0.4402820518539781
Punto[1.         0.44640576 0.59490786] -> F: 0.4393720028874184
Punto[1.         0.44543418 0.59571573] -> F: 0.43846366951058946
Punto[1.         0.44446259 0.5965236 ] -> F: 0.4375570517234912
Punto[1.         0.44349101 0.59733147] -> F: 0.4366521495261237
Punto[1.         0.44251942 0.59813934] -> F: 0.4357489629184869
Punto[1.         0.44154783 0.5989472 ] -> F: 0.4348474919005807
Punto[1.         0.44057625 0.59975507] -> F: 0.4339477364724053
Punto[1.         0.43960466 0.60056294] -> F: 0.4330496966339606
Punto[1.         0.43863308 0.60137081] -> F: 0.4321533723852466
Punto[1.         0.43766149 0.60217868] -> F: 0.43125876372626326
Punto[1.         0.43668991 0.60298655] -> F: 0.4303658706570107
Punto[1.         0.43571832 0.60379442] -> F: 0.4294746931774888
Punto[1.         0.43474673 0.60460228] -> F: 0.4273818846723499
Punto[1.         0.43377515 0.60541015] -> F: 0.42512935248031497
Punto[1.         0.43280356 0.60621802] -> F: 0.4228823414489318
Punto[1.         0.43183198 0.60702589] -> F: 0.4206408515781997
Punto[1.         0.43086039 0.60783376] -> F: 0.4184048828681191
Punto[1.         0.42988881 0.60864163] -> F: 0.41617443531868975
{
  "seed": 636,
  "n_per_z": 5,
  "nz": 100,
  "nd": 100,
  "n_muestras": 50,
  "best_f": 0.4519525957678019,
  "best_cp": [
    1.0,
    0.46000796078531137,
    0.5835977015611403
  ],
  "best_u": [
    0.06279051952931353,
    0.9803489312215545,
    0.1870115603645795
  ],
  "best_index": 22,
  "n_candidatos": 54
}
