Punto[0.         0.45997325 0.64666084] -> F: 0.09152174093690804
Punto[1.         0.5432466  0.60408026] -> F: 0.3873293352321346
Punto[2.         0.58544196 0.49589374] -> F: 0.19435550622242986
Punto[1.         0.5227076  0.57127729] -> F: 0.3630627396057206
Punto[1.         0.54283582 0.6034242 ] -> F: 0.38739407745323756
Punto[1.         0.54243325 0.60278126] -> F: 0.3869843382386583
Punto[1.         0.54203069 0.60213832] -> F: 0.3865308038818632
Punto[1.         0.54162813 0.60149538] -> F: 0.3860774932797276
Punto[1.         0.54122556 0.60085245] -> F: 0.3856244064322513
Punto[1.         0.540823   0.60020951] -> F: 0.3851662432855723
Punto[1.         0.54042043 0.59956657] -> F: 0.3847031735235919
Punto[1.         0.54001787 0.59892363] -> F: 0.3842403379526753
Punto[1.         0.5396153  0.59828069] -> F: 0.38377773657282255
Punto[1.         0.53921274 0.59763776] -> F: 0.38331536938403377
Punto[1.         0.53881018 0.59699482] -> F: 0.3828532363863089
Punto[1.         0.53840761 0.59635188] -> F: 0.38238923239616296
Punto[1.         0.53800505 0.59570894] -> F: 0.38191691100472486
Punto[1.         0.53760248 0.595066  ] -> F: 0.3814448347449815
Punto[1.         0.53719992 0.59442307] -> F: 0.3809730036169326
Punto[1.         0.53679735 0.59378013] -> F: 0.3805014176205784
Punto[1.         0.53639479 0.59313719] -> F: 0.3800300767559188
Punto[1.         0.53599223 0.59249425] -> F: 0.3795589810229539
Punto[1.         0.53558966 0.59185131] -> F: 0.37907954894844736
Punto[1.         0.5351871  0.59120837] -> F: 0.37859803972470585
Punto[1.         0.53478453 0.59056544] -> F: 0.37811678713144753
Punto[1.         0.53438197 0.5899225 ] -> F: 0.3776357911686723
Punto[1.         0.5339794  0.58927956] -> F: 0.3771550518363801
Punto[1.         0.53357684 0.58863662] -> F: 0.37667456913457115
Punto[1.         0.53317428 0.58799368] -> F: 0.3761914423739887
Punto[1.         0.53277171 0.58735075] -> F: 0.3757002761021381
Punto[1.         0.53236915 0.58670781] -> F: 0.3752093785789831
Punto[1.         0.53196658 0.58606487] -> F: 0.37471874980452374
Punto[1.         0.53156402 0.58542193] -> F: 0.37422838977876033
Punto[1.         0.53116145 0.58477899] -> F: 0.3737382985016924
Punto[1.         0.53075889 0.58413606] -> F: 0.37324847597332017
Punto[1.         0.53035633 0.58349312] -> F: 0.3727520206026985
Punto[1.         0.52995376 0.58285018] -> F: 0.37225121965194813
Punto[1.         0.5295512  0.58220724] -> F: 0.3717507002574279
Punto[1.         0.52914863 0.5815643 ] -> F: 0.3712504624191378
Punto[1.         0.52874607 0.58092137] -> F: 0.3707505061370778
Punto[1.         0.5283435  0.58027843] -> F: 0.3702508314112479
Punto[1.         0.52794094 0.57963549] -> F: 0.3697514382416482
Punto[1.         0.52753838 0.57899255] -> F: 0.3692429551379128
Punto[1.         0.52713581 0.57834961] -> F: 0.36873224844313746
Punto[1.         0.52673325 0.57770668] -> F: 0.3682218368815604
Punto[1.         0.52633068 0.57706374] -> F: 0.3677117204531814
Punto[1.         0.52592812 0.5764208 ] -> F: 0.36720189915800067
Punto[1.         0.52552555 0.57577786] -> F: 0.3666923729960182
Punto[1.         0.52512299 0.57513492] -> F: 0.3661831419672339
Punto[1.         0.52472043 0.57449198] -> F: 0.36566426712242023
Punto[1.         0.52431786 0.57384905] -> F: 0.36514334247534214
Punto[1.         0.5239153  0.57320611] -> F: 0.36462272740013313
Punto[1.         0.52351273 0.57256317] -> F: 0.36410242189679326
Punto[1.         0.52311017 0.57192023] -> F: 0.3635824259653223
