Punto[0.         0.77229577 0.39686218] -> F: 0.06189431399772551
Punto[1.         0.54567854 0.55270851] -> F: 0.36854540618144
Punto[2.         0.34536558 0.70526947] -> F: 0.17117012253379355
Punto[1.         0.55883067 0.55106583] -> F: 0.3555581969231389
Punto[1.         0.54594159 0.55267565] -> F: 0.36832165436994113
Punto[1.         0.54619937 0.55264346] -> F: 0.3681024498654129
Punto[1.         0.54645715 0.55261126] -> F: 0.36788331690161824
Punto[1.         0.54671493 0.55257906] -> F: 0.36766425547855686
Punto[1.         0.54697271 0.55254687] -> F: 0.367445265596229
Punto[1.         0.5472305  0.55251467] -> F: 0.36722634725463416
Punto[1.         0.54748828 0.55248247] -> F: 0.3670075004537729
Punto[1.         0.54774606 0.55245028] -> F: 0.36678872519364497
Punto[1.         0.54800384 0.55241808] -> F: 0.36657002147425044
Punto[1.         0.54826162 0.55238588] -> F: 0.36635138929558914
Punto[1.         0.5485194  0.55235369] -> F: 0.3661328286576612
Punto[1.         0.54877719 0.55232149] -> F: 0.36591433956046676
Punto[1.         0.54903497 0.55228929] -> F: 0.3656959220040055
Punto[1.         0.54929275 0.5522571 ] -> F: 0.36547757598827774
Punto[1.         0.54955053 0.5522249 ] -> F: 0.36525930151328323
Punto[1.         0.54980831 0.5521927 ] -> F: 0.3650410985790222
Punto[1.         0.55006609 0.55216051] -> F: 0.36482296718549456
Punto[1.         0.55032388 0.55212831] -> F: 0.3646049073327
Punto[1.         0.55058166 0.55209612] -> F: 0.3643869190206389
Punto[1.         0.55083944 0.55206392] -> F: 0.36416900224931126
Punto[1.         0.55109722 0.55203172] -> F: 0.3639484045997203
Punto[1.         0.551355   0.55199953] -> F: 0.36372630101155207
Punto[1.         0.55161278 0.55196733] -> F: 0.3635042718383286
Punto[1.         0.55187057 0.55193513] -> F: 0.3632823170800493
Punto[1.         0.55212835 0.55190294] -> F: 0.3630604367367145
Punto[1.         0.55238613 0.55187074] -> F: 0.3628386308083241
Punto[1.         0.55264391 0.55183854] -> F: 0.36261689929487806
Punto[1.         0.55290169 0.55180635] -> F: 0.3623952421963763
Punto[1.         0.55315947 0.55177415] -> F: 0.36217365951281905
Punto[1.         0.55341726 0.55174195] -> F: 0.3619261977725431
Punto[1.         0.55367504 0.55170976] -> F: 0.3616254090691898
Punto[1.         0.55393282 0.55167756] -> F: 0.36132522710722176
Punto[1.         0.5541906  0.55164536] -> F: 0.3610256518866395
Punto[1.         0.55444838 0.55161317] -> F: 0.3607266834074427
Punto[1.         0.55470616 0.55158097] -> F: 0.36042832166963185
Punto[1.         0.55496395 0.55154878] -> F: 0.3601305666732065
Punto[1.         0.55522173 0.55151658] -> F: 0.3598334184181667
Punto[1.         0.55547951 0.55148438] -> F: 0.35953687690451264
Punto[1.         0.55573729 0.55145219] -> F: 0.359240942132244
Punto[1.         0.55599507 0.55141999] -> F: 0.35894561410136105
Punto[1.         0.55625285 0.55138779] -> F: 0.3586508928118637
Punto[1.         0.55651064 0.5513556 ] -> F: 0.3583414505313673
Punto[1.         0.55676842 0.5513234 ] -> F: 0.358022626694748
Punto[1.        0.5570262 0.5512912] -> F: 0.3577061962170553
Punto[1.         0.55728398 0.55125901] -> F: 0.3573921590982886
Punto[1.         0.55754176 0.55122681] -> F: 0.3570805153384481
Punto[1.         0.55779954 0.55119461] -> F: 0.3567712649375339
Punto[1.         0.55805733 0.55116242] -> F: 0.35646440789554584
Punto[1.         0.55831511 0.55113022] -> F: 0.35615994421248404
Punto[1.         0.55857289 0.55109802] -> F: 0.35585787388834833
Best centerpoint:  [1.         0.54567854 0.55270851] Best F:  0.36854540618144 Best u:  [-0.21814324  0.96822137  0.1223148 ] índice:  1
{
  "seed": 8414,
  "n_per_z": 5,
  "nz": 100,
  "nd": 100,
  "n_muestras": 50,
  "best_f": 0.36854540618144,
  "best_cp": [
    1.0,
    0.545678544162684,
    0.5527085058905136
  ],
  "best_u": [
    -0.21814324139654234,
    0.9682213667786528,
    0.12231480346338855
  ],
  "n_candidatos": 54
}
