Punto[0.         0.51236117 0.53971453] -> F: 0.17648049088593507
Punto[1.         0.51291594 0.45974571] -> F: 0.33414933948483433
Punto[2.         0.43835855 0.6519131 ] -> F: 0.08458425413081753
Punto[1.         0.47535986 0.59581381] -> F: 0.3260783613305558
Punto[1.         0.51216482 0.46246707] -> F: 0.3384771351052935
Punto[1.         0.51142872 0.465134  ] -> F: 0.34275963702305967
Punto[1.         0.51069262 0.46780094] -> F: 0.34708298436054497
Punto[1.         0.50995653 0.47046787] -> F: 0.3514471771177493
Punto[1.         0.50922043 0.47313481] -> F: 0.35582674617369625
Punto[1.         0.50848433 0.47580174] -> F: 0.3601600676234589
Punto[1.         0.50774823 0.47846868] -> F: 0.36452245787346504
Punto[1.         0.50701213 0.48113561] -> F: 0.36891391692371456
Punto[1.         0.50627603 0.48380255] -> F: 0.3733343468408532
Punto[1.         0.50553993 0.48646948] -> F: 0.3776550779577994
Punto[1.         0.50480383 0.48913642] -> F: 0.3820011348615264
Punto[1.         0.50406773 0.49180335] -> F: 0.3863736641621572
Punto[1.         0.50333163 0.49447029] -> F: 0.3887532296569034
Punto[1.         0.50259553 0.49713722] -> F: 0.3870500357501469
Punto[1.         0.50185943 0.49980416] -> F: 0.38533367267547175
Punto[1.         0.50112333 0.50247109] -> F: 0.3836178688047741
Punto[1.         0.50038723 0.50513803] -> F: 0.3819083341271435
Punto[1.         0.49965114 0.50780496] -> F: 0.38020506864257975
Punto[1.         0.49891504 0.5104719 ] -> F: 0.37850807235108275
Punto[1.         0.49817894 0.51313883] -> F: 0.37681734525265276
Punto[1.         0.49744284 0.51580577] -> F: 0.37513288734728967
Punto[1.         0.49670674 0.5184727 ] -> F: 0.37345469863499337
Punto[1.         0.49597064 0.52113964] -> F: 0.37178277911576413
Punto[1.         0.49523454 0.52380657] -> F: 0.37009836164822657
Punto[1.         0.49449844 0.52647351] -> F: 0.36841422897948733
Punto[1.         0.49376234 0.52914044] -> F: 0.3667365548393651
Punto[1.         0.49302624 0.53180738] -> F: 0.3650653392278601
Punto[1.         0.49229014 0.53447431] -> F: 0.3634005821449721
Punto[1.         0.49155404 0.53714125] -> F: 0.3617422835907013
Punto[1.         0.49081794 0.53980818] -> F: 0.36009044356504755
Punto[1.         0.49008185 0.54247512] -> F: 0.35844506206801086
Punto[1.         0.48934575 0.54514205] -> F: 0.3567984295444229
Punto[1.         0.48860965 0.54780899] -> F: 0.3551410911446404
Punto[1.         0.48787355 0.55047592] -> F: 0.35349041024183914
Punto[1.         0.48713745 0.55314286] -> F: 0.3518463868360193
Punto[1.         0.48640135 0.55580979] -> F: 0.3502090209271807
Punto[1.         0.48566525 0.55847673] -> F: 0.34857831251532334
Punto[1.         0.48492915 0.56114366] -> F: 0.3469542616004474
Punto[1.         0.48419305 0.56381059] -> F: 0.34533686818255277
Punto[1.         0.48345695 0.56647753] -> F: 0.34371686120254497
Punto[1.         0.48272085 0.56914446] -> F: 0.34208780959062
Punto[1.         0.48198475 0.5718114 ] -> F: 0.3404656251586871
Punto[1.         0.48124865 0.57447833] -> F: 0.3388503079067463
Punto[1.         0.48051255 0.57714527] -> F: 0.3372418578347975
Punto[1.         0.47977646 0.5798122 ] -> F: 0.3356402749428408
Punto[1.         0.47904036 0.58247914] -> F: 0.3340455592308763
Punto[1.         0.47830426 0.58514607] -> F: 0.3324577106989039
Punto[1.         0.47756816 0.58781301] -> F: 0.3308545789213129
Punto[1.         0.47683206 0.59047994] -> F: 0.3292554175688013
Punto[1.         0.47609596 0.59314688] -> F: 0.3276633450385488
{
  "seed": 12328,
  "n_per_z": 10,
  "nz": 100,
  "nd": 100,
  "n_muestras": 50,
  "best_f": 0.3887532296569034,
  "best_cp": [
    1.0,
    0.5033316319086857,
    0.4944702881316952
  ],
  "best_u": [
    0.99556196460308,
    -0.06442157352601924,
    0.06860200798874151
  ],
  "best_index": 16,
  "n_candidatos": 54
}
