Punto[0.         0.71222737 0.46062698] -> F: 0.04937009691736341
Punto[1.         0.51795433 0.50408427] -> F: 0.35599434015322823
Punto[2.         0.53745489 0.4271608 ] -> F: 0.12874552458455416
Punto[1.         0.62484113 0.44389389] -> F: 0.3157018397287254
Punto[1.         0.52009206 0.50288046] -> F: 0.36126086786286105
Punto[1.         0.52218704 0.50170073] -> F: 0.3663056977610061
Punto[1.         0.52428203 0.500521  ] -> F: 0.37133143308322036
Punto[1.         0.52637701 0.49934126] -> F: 0.3763356624600156
Punto[1.         0.52847199 0.49816153] -> F: 0.38076449097904763
Punto[1.         0.53056697 0.4969818 ] -> F: 0.3794861543659251
Punto[1.         0.53266195 0.49580207] -> F: 0.37820914735109923
Punto[1.         0.53475693 0.49462234] -> F: 0.3769334699345701
Punto[1.         0.53685191 0.49344261] -> F: 0.3756591221163374
Punto[1.         0.5389469  0.49226288] -> F: 0.3743861038964016
Punto[1.         0.54104188 0.49108314] -> F: 0.37311441527476236
Punto[1.         0.54313686 0.48990341] -> F: 0.37184405625141964
Punto[1.         0.54523184 0.48872368] -> F: 0.37056571538198463
Punto[1.         0.54732682 0.48754395] -> F: 0.3692410918928737
Punto[1.         0.5494218  0.48636422] -> F: 0.367917890501326
Punto[1.         0.55151678 0.48518449] -> F: 0.36659611120734154
Punto[1.         0.55361177 0.48400476] -> F: 0.36527575401091994
Punto[1.         0.55570675 0.48282503] -> F: 0.3639568189120614
Punto[1.         0.55780173 0.48164529] -> F: 0.362639305910766
Punto[1.         0.55989671 0.48046556] -> F: 0.3613232150070336
Punto[1.         0.56199169 0.47928583] -> F: 0.3600085462008642
Punto[1.         0.56408667 0.4781061 ] -> F: 0.35862855294730195
Punto[1.         0.56618165 0.47692637] -> F: 0.35718046296800576
Punto[1.         0.56827663 0.47574664] -> F: 0.3557666550338159
Punto[1.         0.57037162 0.47456691] -> F: 0.35438711457750827
Punto[1.         0.5724666  0.47338717] -> F: 0.3530245078475182
Punto[1.         0.57456158 0.47220744] -> F: 0.35138288206331925
Punto[1.         0.57665656 0.47102771] -> F: 0.349506645456586
Punto[1.         0.57875154 0.46984798] -> F: 0.34778341349240927
Punto[1.         0.58084652 0.46866825] -> F: 0.3462131861707894
Punto[1.         0.5829415  0.46748852] -> F: 0.34479596349172664
Punto[1.         0.58503649 0.46630879] -> F: 0.34351441455414744
Punto[1.         0.58713147 0.46512906] -> F: 0.34200201219701
Punto[1.         0.58922645 0.46394932] -> F: 0.34037124587814904
Punto[1.         0.59132143 0.46276959] -> F: 0.33881652172270754
Punto[1.         0.59341641 0.46158986] -> F: 0.3373378397306863
Punto[1.         0.59551139 0.46041013] -> F: 0.3359351999020849
Punto[1.         0.59760637 0.4592304 ] -> F: 0.3346059378559311
Punto[1.         0.59970135 0.45805067] -> F: 0.33329813159489413
Punto[1.         0.60179634 0.45687094] -> F: 0.3319917474314201
Punto[1.         0.60389132 0.4556912 ] -> F: 0.33068678536550916
Punto[1.         0.6059863  0.45451147] -> F: 0.3292302029405202
Punto[1.         0.60808128 0.45333174] -> F: 0.3276184910568523
Punto[1.         0.61017626 0.45215201] -> F: 0.32604106121829046
Punto[1.         0.61227124 0.45097228] -> F: 0.3244979134248351
Punto[1.         0.61436622 0.44979255] -> F: 0.322989047676486
Punto[1.         0.61646121 0.44861282] -> F: 0.3215144639732433
Punto[1.         0.61855619 0.44743308] -> F: 0.3200741623151069
Punto[1.         0.62065117 0.44625335] -> F: 0.31866814270207655
Punto[1.         0.62274615 0.44507362] -> F: 0.31729640513415275
Best centerpoint:  [1.         0.52847199 0.49816153] Best F:  0.38076449097904763 Best u:  [-0.15643447  0.83393285  0.52922988] índice:  5
{
  "seed": 11186,
  "n_per_z": 5,
  "nz": 100,
  "nd": 100,
  "n_muestras": 50,
  "best_f": 0.38076449097904763,
  "best_cp": [
    1.0,
    0.5284719888564501,
    0.4981615329897876
  ],
  "best_u": [
    -0.1564344650402308,
    0.8339328476572204,
    0.5292298779792163
  ],
  "n_candidatos": 54
}
