Punto[0.         0.40078666 0.59264216] -> F: 0.08987661801318578
Punto[1.         0.47548176 0.51834214] -> F: 0.39165560688673323
Punto[2.         0.35601164 0.51905361] -> F: 0.13002232495035237
Punto[1.         0.37839915 0.55584789] -> F: 0.3846878100063655
Punto[1.         0.47354011 0.51909226] -> F: 0.3937906489768935
Punto[1.         0.47163729 0.51982737] -> F: 0.3958758959280463
Punto[1.         0.46973447 0.52056248] -> F: 0.39796447509384264
Punto[1.         0.46783165 0.52129759] -> F: 0.40023226636887305
Punto[1.         0.46592883 0.52203271] -> F: 0.402742468639691
Punto[1.         0.46402602 0.52276782] -> F: 0.4054950819062965
Punto[1.         0.4621232  0.52350293] -> F: 0.4084901061686893
Punto[1.         0.46022038 0.52423804] -> F: 0.41172754142687024
Punto[1.         0.45831756 0.52497316] -> F: 0.4151711160730476
Punto[1.         0.45641474 0.52570827] -> F: 0.4186322253710543
Punto[1.         0.45451192 0.52644338] -> F: 0.42208382231710045
Punto[1.         0.4526091  0.52717849] -> F: 0.42516652610830036
Punto[1.         0.45070628 0.52791361] -> F: 0.42832116015509397
Punto[1.         0.44880346 0.52864872] -> F: 0.42904650585210524
Punto[1.         0.44690064 0.52938383] -> F: 0.42785899400949745
Punto[1.         0.44499782 0.53011894] -> F: 0.42667314822389835
Punto[1.         0.443095   0.53085406] -> F: 0.4254792900949184
Punto[1.         0.44119218 0.53158917] -> F: 0.4242819687353698
Punto[1.         0.43928936 0.53232428] -> F: 0.4230863554890692
Punto[1.         0.43738655 0.5330594 ] -> F: 0.4218924503560167
Punto[1.         0.43548373 0.53379451] -> F: 0.42070025333621214
Punto[1.         0.43358091 0.53452962] -> F: 0.41950976442965565
Punto[1.         0.43167809 0.53526473] -> F: 0.41832098363634723
Punto[1.         0.42977527 0.53599985] -> F: 0.41713207433286464
Punto[1.         0.42787245 0.53673496] -> F: 0.41593237006989725
Punto[1.         0.42596963 0.53747007] -> F: 0.4147344155355624
Punto[1.         0.42406681 0.53820518] -> F: 0.4135382107298599
Punto[1.         0.42216399 0.5389403 ] -> F: 0.4123437556527901
Punto[1.         0.42026117 0.53967541] -> F: 0.4111510503043528
Punto[1.         0.41835835 0.54041052] -> F: 0.4099600946845479
Punto[1.         0.41645553 0.54114563] -> F: 0.4087708887933757
Punto[1.         0.41455271 0.54188075] -> F: 0.407569591064722
Punto[1.         0.4126499  0.54261586] -> F: 0.40637001639211023
Punto[1.         0.41074708 0.54335097] -> F: 0.4051722327104266
Punto[1.         0.40884426 0.54408608] -> F: 0.40397624001967086
Punto[1.         0.40694144 0.5448212 ] -> F: 0.4027820383198429
Punto[1.         0.40503862 0.54555631] -> F: 0.40158962761094297
Punto[1.         0.4031358  0.54629142] -> F: 0.40039615130120976
Punto[1.         0.40123298 0.54702654] -> F: 0.3991938086137539
Punto[1.         0.39933016 0.54776165] -> F: 0.39799329791134447
Punto[1.         0.39742734 0.54849676] -> F: 0.3967946191939812
Punto[1.         0.39552452 0.54923187] -> F: 0.39559777246166444
Punto[1.         0.3936217  0.54996699] -> F: 0.3944027577143937
Punto[1.         0.39171888 0.5507021 ] -> F: 0.39320957495216924
Punto[1.         0.38981606 0.55143721] -> F: 0.39200849246310776
Punto[1.         0.38791325 0.55217232] -> F: 0.3908058233726111
Punto[1.         0.38601043 0.55290744] -> F: 0.3896050270758714
Punto[1.         0.38410761 0.55364255] -> F: 0.38840610357288863
Punto[1.         0.38220479 0.55437766] -> F: 0.3872090528636628
Punto[1.         0.38030197 0.55511277] -> F: 0.3860138749481939
Best centerpoint:  [1.         0.44880346 0.52864872] Best F:  0.42904650585210524 Best u:  [-0.99950656 -0.02882737 -0.01247472] índice:  14
{
  "seed": 6167,
  "n_per_z": 5,
  "nz": 100,
  "nd": 100,
  "n_muestras": 50,
  "best_f": 0.42904650585210524,
  "best_cp": [
    1.0,
    0.44880346125765286,
    0.5286487196140608
  ],
  "best_u": [
    -0.9995065603657316,
    -0.028827369440197342,
    -0.012474716711115937
  ],
  "n_candidatos": 54
}
