Punto[0.         0.44074338 0.48388128] -> F: 0.14711107640415316
Punto[1.         0.51701897 0.56070944] -> F: 0.44179343828402995
Punto[2.         0.55446026 0.5940585 ] -> F: 0.14587785021130462
Punto[1.         0.49760182 0.53896989] -> F: 0.45551974216355007
Punto[1.         0.51663062 0.56027465] -> F: 0.44255716159277275
Punto[1.         0.51625005 0.55984855] -> F: 0.4433093201486768
Punto[1.         0.51586947 0.55942246] -> F: 0.4440623113247738
Punto[1.         0.5154889  0.55899636] -> F: 0.4448154146094368
Punto[1.         0.51510832 0.55857027] -> F: 0.4455686300026659
Punto[1.         0.51472774 0.55814417] -> F: 0.4463219575044609
Punto[1.         0.51434717 0.55771808] -> F: 0.44704902105095806
Punto[1.         0.51396659 0.55729198] -> F: 0.4477628453706838
Punto[1.         0.51358602 0.55686589] -> F: 0.4484789516600128
Punto[1.         0.51320544 0.55643979] -> F: 0.44919733991894517
Punto[1.         0.51282486 0.5560137 ] -> F: 0.44983052586751815
Punto[1.         0.51244429 0.5555876 ] -> F: 0.4503025882896174
Punto[1.         0.51206371 0.5551615 ] -> F: 0.45077446955135225
Punto[1.         0.51168313 0.55473541] -> F: 0.4512461696527231
Punto[1.         0.51130256 0.55430931] -> F: 0.4517176885937298
Punto[1.         0.51092198 0.55388322] -> F: 0.4521890263743722
Punto[1.         0.51054141 0.55345712] -> F: 0.45266062575475435
Punto[1.         0.51016083 0.55303103] -> F: 0.4531420528602891
Punto[1.         0.50978025 0.55260493] -> F: 0.4536371880513815
Punto[1.         0.50939968 0.55217884] -> F: 0.4541460313280314
Punto[1.         0.5090191  0.55175274] -> F: 0.4546685826902388
Punto[1.         0.50863853 0.55132665] -> F: 0.4552048421380038
Punto[1.         0.50825795 0.55090055] -> F: 0.4557548096713266
Punto[1.         0.50787737 0.55047446] -> F: 0.45631848529020663
Punto[1.         0.5074968  0.55004836] -> F: 0.4568958689946443
Punto[1.         0.50711622 0.54962227] -> F: 0.4574869607846397
Punto[1.         0.50673565 0.54919617] -> F: 0.4580917606601924
Punto[1.         0.50635507 0.54877008] -> F: 0.4583759089278785
Punto[1.         0.50597449 0.54834398] -> F: 0.4582634509699812
Punto[1.         0.50559392 0.54791789] -> F: 0.45815102785118744
Punto[1.         0.50521334 0.54749179] -> F: 0.45803863957149726
Punto[1.         0.50483277 0.5470657 ] -> F: 0.4579262861309107
Punto[1.         0.50445219 0.5466396 ] -> F: 0.45781396752942777
Punto[1.         0.50407161 0.54621351] -> F: 0.4577016837670483
Punto[1.         0.50369104 0.54578741] -> F: 0.45758943484377274
Punto[1.         0.50331046 0.54536132] -> F: 0.45747722075960057
Punto[1.         0.50292988 0.54493522] -> F: 0.4573650415145319
Punto[1.         0.50254931 0.54450913] -> F: 0.45725289710856704
Punto[1.         0.50216873 0.54408303] -> F: 0.45714078754170573
Punto[1.         0.50178816 0.54365694] -> F: 0.4570088502189362
Punto[1.         0.50140758 0.54323084] -> F: 0.4568731845458457
Punto[1.         0.501027   0.54280475] -> F: 0.4567375773154573
Punto[1.         0.50064643 0.54237865] -> F: 0.45660202852777076
Punto[1.         0.50026585 0.54195256] -> F: 0.4564665381827862
Punto[1.         0.49988528 0.54152646] -> F: 0.4563311062805037
Punto[1.         0.4995047  0.54110036] -> F: 0.4561957328209231
Punto[1.         0.49912412 0.54067427] -> F: 0.45606041780404455
Punto[1.         0.49874355 0.54024817] -> F: 0.45592516122986804
Punto[1.         0.49836297 0.53982208] -> F: 0.4557899630983934
Punto[1.         0.4979824  0.53939598] -> F: 0.4556548234096208
{
  "seed": 10764,
  "n_per_z": 10,
  "nz": 100,
  "nd": 100,
  "n_muestras": 50,
  "best_f": 0.4583759089278785,
  "best_cp": [
    1.0,
    0.5063550695350617,
    0.548770077624
  ],
  "best_u": [
    -0.27899110603922916,
    -0.8108027755002972,
    0.5145510878348447
  ],
  "best_index": 31,
  "n_candidatos": 54
}
