Punto[0.         0.60742701 0.8191909 ] -> F: 0.039213281092007675
Punto[1.         0.43517549 0.64020846] -> F: 0.32296626270486295
Punto[2.         0.33921595 0.48177427] -> F: 0.18315631412387934
Punto[1.         0.47332148 0.65048259] -> F: 0.2933327039989982
Punto[1.         0.43593841 0.64041394] -> F: 0.32356040884691256
Punto[1.         0.43668607 0.64061531] -> F: 0.32414321138147145
Punto[1.         0.43743373 0.64081668] -> F: 0.32455648673310566
Punto[1.         0.43818139 0.64101806] -> F: 0.32465935007589614
Punto[1.         0.43892905 0.64121943] -> F: 0.32435301979148184
Punto[1.         0.43967671 0.6414208 ] -> F: 0.32367344401629905
Punto[1.         0.44042438 0.64162218] -> F: 0.3229943586111665
Punto[1.         0.44117204 0.64182355] -> F: 0.322315763576084
Punto[1.         0.4419197  0.64202492] -> F: 0.3216376589110512
Punto[1.         0.44266736 0.6422263 ] -> F: 0.3209600446160687
Punto[1.         0.44341502 0.64242767] -> F: 0.3202829206911362
Punto[1.         0.44416268 0.64262904] -> F: 0.3196062871362536
Punto[1.         0.44491034 0.64283041] -> F: 0.318930143951421
Punto[1.         0.44565801 0.64303179] -> F: 0.31825449113663845
Punto[1.         0.44640567 0.64323316] -> F: 0.3175793286919059
Punto[1.         0.44715333 0.64343453] -> F: 0.3169046566172235
Punto[1.         0.44790099 0.64363591] -> F: 0.31623047491259093
Punto[1.         0.44864865 0.64383728] -> F: 0.3155567835780085
Punto[1.         0.44939631 0.64403865] -> F: 0.314883582613476
Punto[1.         0.45014397 0.64424002] -> F: 0.3142073467802531
Punto[1.         0.45089164 0.6444414 ] -> F: 0.31352974528088917
Punto[1.         0.4516393  0.64464277] -> F: 0.3128526420407692
Punto[1.         0.45238696 0.64484414] -> F: 0.3121760370598933
Punto[1.         0.45313462 0.64504552] -> F: 0.3114999303382612
Punto[1.         0.45388228 0.64524689] -> F: 0.31082432187587294
Punto[1.         0.45462994 0.64544826] -> F: 0.3101492116727287
Punto[1.         0.4553776  0.64564964] -> F: 0.3094745997288286
Punto[1.         0.45612527 0.64585101] -> F: 0.30880048604417226
Punto[1.         0.45687293 0.64605238] -> F: 0.3081268706187597
Punto[1.         0.45762059 0.64625375] -> F: 0.30745375345259135
Punto[1.         0.45836825 0.64645513] -> F: 0.30678113454566686
Punto[1.         0.45911591 0.6466565 ] -> F: 0.30610901389798634
Punto[1.         0.45986357 0.64685787] -> F: 0.3054373915095496
Punto[1.         0.46061124 0.64705925] -> F: 0.3047662673803568
Punto[1.         0.4613589  0.64726062] -> F: 0.304091696095127
Punto[1.         0.46210656 0.64746199] -> F: 0.3034161400466281
Punto[1.         0.46285422 0.64766337] -> F: 0.3027410903699541
Punto[1.         0.46360188 0.64786474] -> F: 0.3020665470651047
Punto[1.         0.46434954 0.64806611] -> F: 0.3013925101320803
Punto[1.         0.4650972  0.64826748] -> F: 0.30071897957088045
Punto[1.         0.46584487 0.64846886] -> F: 0.3000459553815051
Punto[1.         0.46659253 0.64867023] -> F: 0.2993734375639549
Punto[1.         0.46734019 0.6488716 ] -> F: 0.29870142611822903
Punto[1.         0.46808785 0.64907298] -> F: 0.29802992104432807
Punto[1.         0.46883551 0.64927435] -> F: 0.29735892234225186
Punto[1.         0.46958317 0.64947572] -> F: 0.2966884300120004
Punto[1.         0.47033083 0.64967709] -> F: 0.2960184440535736
Punto[1.         0.4710785  0.64987847] -> F: 0.29534896446697145
Punto[1.         0.47182616 0.65007984] -> F: 0.2946799912521942
Punto[1.         0.47257382 0.65028121] -> F: 0.294006151025971
Best centerpoint:  [1.         0.43818139 0.64101806] Best F:  0.32465935007589614 Best u:  [-0.99802673  0.00786974 -0.0622954 ] índice:  4
{
  "seed": 19422,
  "n_per_z": 5,
  "nz": 100,
  "nd": 100,
  "n_muestras": 50,
  "best_f": 0.32465935007589614,
  "best_cp": [
    1.0,
    0.438181390797375,
    0.6410180575927935
  ],
  "best_u": [
    -0.9980267284282716,
    0.007869738849791435,
    -0.06229539752820563
  ],
  "n_candidatos": 54
}
