Punto[0.         0.48042786 0.51720321] -> F: 0.13563458120757677
Punto[1.         0.47636288 0.522873  ] -> F: 0.41336873960546894
Punto[2.         0.56042586 0.43126552] -> F: 0.12922127149000773
Punto[1.         0.52042686 0.47423436] -> F: 0.42105555051206345
Punto[1.         0.47724416 0.52190022] -> F: 0.41528145935978245
Punto[1.         0.47810781 0.52094691] -> F: 0.41724461465094864
Punto[1.         0.47897146 0.51999359] -> F: 0.4192955640161552
Punto[1.         0.47983512 0.51904027] -> F: 0.42143035375404414
Punto[1.         0.48069877 0.51808695] -> F: 0.4235862142487399
Punto[1.         0.48156243 0.51713364] -> F: 0.42574141009974126
Punto[1.         0.48242608 0.51618032] -> F: 0.42789594130704844
Punto[1.         0.48328973 0.515227  ] -> F: 0.4300498078706614
Punto[1.         0.48415339 0.51427369] -> F: 0.4322030097905803
Punto[1.         0.48501704 0.51332037] -> F: 0.43435554706680474
Punto[1.         0.4858807  0.51236705] -> F: 0.43640567653453954
Punto[1.         0.48674435 0.51141373] -> F: 0.4383158832257146
Punto[1.         0.48760801 0.51046042] -> F: 0.44022905749009505
Punto[1.         0.48847166 0.5095071 ] -> F: 0.4421451993276812
Punto[1.         0.48933531 0.50855378] -> F: 0.444064308738473
Punto[1.         0.49019897 0.50760047] -> F: 0.44566556845546756
Punto[1.         0.49106262 0.50664715] -> F: 0.44697286837073463
Punto[1.         0.49192628 0.50569383] -> F: 0.44827787335701286
Punto[1.         0.49278993 0.50474051] -> F: 0.44956139700737113
Punto[1.         0.49365358 0.5037872 ] -> F: 0.45084284335076497
Punto[1.         0.49451724 0.50283388] -> F: 0.4521656425561934
Punto[1.         0.49538089 0.50188056] -> F: 0.453576223009671
Punto[1.         0.49624455 0.50092725] -> F: 0.45507459753718904
Punto[1.         0.4971082  0.49997393] -> F: 0.4566607661387477
Punto[1.         0.49797186 0.49902061] -> F: 0.45728956872215937
Punto[1.         0.49883551 0.49806729] -> F: 0.45627149668586625
Punto[1.         0.49969916 0.49711398] -> F: 0.45531406320972545
Punto[1.         0.50056282 0.49616066] -> F: 0.45441726829373685
Punto[1.         0.50142647 0.49520734] -> F: 0.45357263666933473
Punto[1.         0.50229013 0.49425403] -> F: 0.45273446409069235
Punto[1.         0.50315378 0.49330071] -> F: 0.4518959311453575
Punto[1.         0.50401743 0.49234739] -> F: 0.45102848924629596
Punto[1.         0.50488109 0.49139407] -> F: 0.45006359064071505
Punto[1.         0.50574474 0.49044076] -> F: 0.44911338676092394
Punto[1.         0.5066084  0.48948744] -> F: 0.4481778776069226
Punto[1.         0.50747205 0.48853412] -> F: 0.44725706317871117
Punto[1.         0.50833571 0.4875808 ] -> F: 0.44635094347628945
Punto[1.         0.50919936 0.48662749] -> F: 0.4454595184996574
Punto[1.         0.51006301 0.48567417] -> F: 0.44458278824881525
Punto[1.         0.51092667 0.48472085] -> F: 0.4435208714078622
Punto[1.         0.51179032 0.48376754] -> F: 0.4414580434221604
Punto[1.         0.51265398 0.48281422] -> F: 0.4394000659658619
Punto[1.         0.51351763 0.4818609 ] -> F: 0.4373469390389664
Punto[1.         0.51438128 0.48090758] -> F: 0.43529866264147404
Punto[1.         0.51524494 0.47995427] -> F: 0.4332552367733848
Punto[1.         0.51610859 0.47900095] -> F: 0.43121666143469894
Punto[1.         0.51697225 0.47804763] -> F: 0.42918293662541607
Punto[1.         0.5178359  0.47709432] -> F: 0.42715406234553654
Punto[1.         0.51869956 0.476141  ] -> F: 0.4251290209813448
Punto[1.         0.51956321 0.47518768] -> F: 0.42308983132984745
{
  "seed": 18809,
  "n_per_z": 10,
  "nz": 100,
  "nd": 100,
  "n_muestras": 50,
  "best_f": 0.45728956872215937,
  "best_cp": [
    1.0,
    0.4979718554975281,
    0.49902061089092
  ],
  "best_u": [
    0.24868988716485485,
    -5.930861339921016e-17,
    -0.9685831611286311
  ],
  "best_index": 28,
  "n_candidatos": 54
}
