Punto[0.         0.42188492 0.56968273] -> F: 0.14117522356624046
Punto[1.         0.5001526  0.49503707] -> F: 0.4060856326794002
Punto[2.         0.44095517 0.40140947] -> F: 0.09936410885191034
Punto[1.         0.43142005 0.4855461 ] -> F: 0.39058587375982273
Punto[1.         0.49877795 0.49484725] -> F: 0.40806961542881715
Punto[1.         0.49743079 0.49466122] -> F: 0.4100167384203382
Punto[1.         0.49608363 0.4944752 ] -> F: 0.4119666528251427
Punto[1.         0.49473648 0.49428918] -> F: 0.41391935864323065
Punto[1.         0.49338932 0.49410316] -> F: 0.4158748558746021
Punto[1.         0.49204216 0.49391713] -> F: 0.4176014060011539
Punto[1.         0.490695   0.49373111] -> F: 0.4189382684074766
Punto[1.         0.48934784 0.49354509] -> F: 0.4203349121903379
Punto[1.         0.48800069 0.49335906] -> F: 0.4217913373497381
Punto[1.         0.48665353 0.49317304] -> F: 0.42330754388567726
Punto[1.         0.48530637 0.49298702] -> F: 0.42488353179815536
Punto[1.         0.48395921 0.49280099] -> F: 0.426519301087172
Punto[1.         0.48261205 0.49261497] -> F: 0.42821485175272783
Punto[1.         0.4812649  0.49242895] -> F: 0.42994372575942874
Punto[1.         0.47991774 0.49224293] -> F: 0.4314392055316606
Punto[1.         0.47857058 0.4920569 ] -> F: 0.43070300633667646
Punto[1.         0.47722342 0.49187088] -> F: 0.4299670048114237
Punto[1.         0.47587626 0.49168486] -> F: 0.42904842827151307
Punto[1.         0.47452911 0.49149883] -> F: 0.4279877577139453
Punto[1.         0.47318195 0.49131281] -> F: 0.4268424309213825
Punto[1.         0.47183479 0.49112679] -> F: 0.42576405616460167
Punto[1.         0.47048763 0.49094076] -> F: 0.4247526334436025
Punto[1.         0.46914047 0.49075474] -> F: 0.4237948172307006
Punto[1.         0.46779331 0.49056872] -> F: 0.42284026136745784
Punto[1.         0.46644616 0.4903827 ] -> F: 0.4218841228719903
Punto[1.         0.465099   0.49019667] -> F: 0.4209264017442982
Punto[1.         0.46375184 0.49001065] -> F: 0.4198698627196266
Punto[1.         0.46240468 0.48982463] -> F: 0.4187855119651809
Punto[1.         0.46105752 0.4896386 ] -> F: 0.4177274399417142
Punto[1.         0.45971037 0.48945258] -> F: 0.41669564664922626
Punto[1.         0.45836321 0.48926656] -> F: 0.41569013208771716
Punto[1.         0.45701605 0.48908053] -> F: 0.414710684290546
Punto[1.         0.45566889 0.48889451] -> F: 0.4137403592206875
Punto[1.         0.45432173 0.48870849] -> F: 0.4127684505876272
Punto[1.         0.45297458 0.48852247] -> F: 0.41170575681843213
Punto[1.         0.45162742 0.48833644] -> F: 0.41063307358648327
Punto[1.         0.45028026 0.48815042] -> F: 0.4095764046741625
Punto[1.        0.4489331 0.4879644] -> F: 0.40793228008848387
Punto[1.         0.44758594 0.48777837] -> F: 0.40620896318349964
Punto[1.         0.44623879 0.48759235] -> F: 0.4045525983142972
Punto[1.         0.44489163 0.48740633] -> F: 0.4028230561662588
Punto[1.         0.44354447 0.4872203 ] -> F: 0.4012304520575034
Punto[1.         0.44219731 0.48703428] -> F: 0.39977594368736485
Punto[1.         0.44085015 0.48684826] -> F: 0.39845953105584325
Punto[1.         0.43950299 0.48666224] -> F: 0.39727505450501194
Punto[1.         0.43815584 0.48647621] -> F: 0.3960204018505005
Punto[1.         0.43680868 0.48629019] -> F: 0.3948327012317709
Punto[1.         0.43546152 0.48610417] -> F: 0.39371195264882297
Punto[1.         0.43411436 0.48591814] -> F: 0.3926568133269716
Punto[1.         0.4327672  0.48573212] -> F: 0.3916221348595095
Best centerpoint:  [1.         0.47991774 0.49224293] Best F:  0.4314392055316606 Best u:  [ 0.48175367 -0.57951201 -0.65732734] índice:  15
{
  "seed": 14028,
  "n_per_z": 5,
  "nz": 100,
  "nd": 100,
  "n_muestras": 50,
  "best_f": 0.4314392055316606,
  "best_cp": [
    1.0,
    0.47991773767998747,
    0.4922429256606189
  ],
  "best_u": [
    0.48175367410171543,
    -0.579512005175384,
    -0.6573273410920193
  ],
  "n_candidatos": 54
}
