Punto[0.         0.55347051 0.50480988] -> F: 0.08487859401925206
Punto[1.         0.51331912 0.49291205] -> F: 0.40003096559087087
Punto[2.         0.48433043 0.49128833] -> F: 0.18266862122532773
Punto[1.         0.51890047 0.49804911] -> F: 0.3968910939885806
Punto[1.         0.51343075 0.4930148 ] -> F: 0.4000287837191641
Punto[1.         0.51354014 0.49311548] -> F: 0.40002664548688366
Punto[1.         0.51364953 0.49321617] -> F: 0.40002450725657507
Punto[1.         0.51375893 0.49331685] -> F: 0.4000223690282386
Punto[1.         0.51386832 0.49341754] -> F: 0.400020230801874
Punto[1.         0.51397772 0.49351823] -> F: 0.4000180925774815
Punto[1.         0.51408711 0.49361891] -> F: 0.4000159543550608
Punto[1.         0.51419651 0.4937196 ] -> F: 0.40001381613461234
Punto[1.         0.5143059  0.49382029] -> F: 0.4000116779161355
Punto[1.         0.5144153  0.49392097] -> F: 0.40000953969963093
Punto[1.         0.51452469 0.49402166] -> F: 0.4000071757058447
Punto[1.         0.51463408 0.49412234] -> F: 0.40000195810814293
Punto[1.         0.51474348 0.49422303] -> F: 0.3999967405221831
Punto[1.         0.51485287 0.49432372] -> F: 0.39997947787111837
Punto[1.         0.51496227 0.4944244 ] -> F: 0.3999208538396404
Punto[1.         0.51507166 0.49452509] -> F: 0.3998622305397957
Punto[1.         0.51518106 0.49462578] -> F: 0.39980360797158404
Punto[1.         0.51529045 0.49472646] -> F: 0.3997449861350058
Punto[1.         0.51539985 0.49482715] -> F: 0.39968636503006055
Punto[1.         0.51550924 0.49492783] -> F: 0.3996273358563762
Punto[1.         0.51561863 0.49502852] -> F: 0.3995667600296865
Punto[1.         0.51572803 0.49512921] -> F: 0.3995061849842757
Punto[1.         0.51583742 0.49522989] -> F: 0.39944561072014356
Punto[1.         0.51594682 0.49533058] -> F: 0.3993850372372903
Punto[1.         0.51605621 0.49543127] -> F: 0.39932446453571574
Punto[1.         0.51616561 0.49553195] -> F: 0.3992638926154201
Punto[1.         0.516275   0.49563264] -> F: 0.3991960654326772
Punto[1.         0.5163844  0.49573332] -> F: 0.39910025823495415
Punto[1.         0.51649379 0.49583401] -> F: 0.39900445963388315
Punto[1.         0.51660318 0.4959347 ] -> F: 0.39890866962946436
Punto[1.         0.51671258 0.49603538] -> F: 0.3988128882216976
Punto[1.         0.51682197 0.49613607] -> F: 0.3987171154105831
Punto[1.         0.51693137 0.49623676] -> F: 0.39862135119612063
Punto[1.         0.51704076 0.49633744] -> F: 0.3985253943314005
Punto[1.         0.51715016 0.49643813] -> F: 0.39842918958472134
Punto[1.         0.51725955 0.49653881] -> F: 0.3983329935170918
Punto[1.         0.51736895 0.4966395 ] -> F: 0.3982368061285115
Punto[1.         0.51747834 0.49674019] -> F: 0.3981406274189808
Punto[1.         0.51758773 0.49684087] -> F: 0.39804445738849953
Punto[1.         0.51769713 0.49694156] -> F: 0.3979482960370676
Punto[1.         0.51780652 0.49704225] -> F: 0.39785214336468516
Punto[1.         0.51791592 0.49714293] -> F: 0.39775599937135225
Punto[1.         0.51802531 0.49724362] -> F: 0.3976598640570687
Punto[1.         0.51813471 0.4973443 ] -> F: 0.3975637374218347
Punto[1.         0.5182441  0.49744499] -> F: 0.39746761946564996
Punto[1.         0.5183535  0.49754568] -> F: 0.3973715101885148
Punto[1.         0.51846289 0.49764636] -> F: 0.3972754095904289
Punto[1.         0.51857228 0.49774705] -> F: 0.3971793176713928
Punto[1.         0.51868168 0.49784774] -> F: 0.3970832344314058
Punto[1.         0.51879107 0.49794842] -> F: 0.3969871598704685
{
  "seed": 4872,
  "n_per_z": 10,
  "nz": 100,
  "nd": 100,
  "n_muestras": 50,
  "best_f": 0.40003096559087087,
  "best_cp": [
    1.0,
    0.5133191190868297,
    0.4929120539421042
  ],
  "best_u": [
    -0.4539904997395467,
    -0.589233186526553,
    0.6683538569066547
  ],
  "best_index": 1,
  "n_candidatos": 54
}
