Punto[0.         0.4784366  0.51124622] -> F: 0.2347090778061731
Punto[1.         0.46051499 0.50569822] -> F: 0.2811077872820378
Punto[2.         0.29251585 0.44837537] -> F: 0.031245667986792083
Punto[1.         0.38547623 0.47981079] -> F: 0.22834853440224478
Punto[1.         0.45901422 0.50518047] -> F: 0.2808994035075272
Punto[1.         0.45754346 0.50467308] -> F: 0.28023883699937074
Punto[1.         0.4560727  0.50416568] -> F: 0.27956016119973365
Punto[1.         0.45460194 0.50365829] -> F: 0.2788675958555753
Punto[1.         0.45313118 0.5031509 ] -> F: 0.2781609576486677
Punto[1.         0.45166042 0.5026435 ] -> F: 0.27743488864975885
Punto[1.         0.45018966 0.50213611] -> F: 0.2766924066624428
Punto[1.         0.4487189  0.50162872] -> F: 0.2759357386881129
Punto[1.         0.44724814 0.50112132] -> F: 0.27516484830767113
Punto[1.         0.44577738 0.50061393] -> F: 0.2743742757502315
Punto[1.         0.44430662 0.50010654] -> F: 0.2735675818716796
Punto[1.         0.44283586 0.49959914] -> F: 0.2727466929003709
Punto[1.         0.4413651  0.49909175] -> F: 0.27191170691384386
Punto[1.         0.43989434 0.49858436] -> F: 0.2710564515623069
Punto[1.         0.43842358 0.49807696] -> F: 0.27018558316191266
Punto[1.         0.43695282 0.49756957] -> F: 0.269300799279343
Punto[1.         0.43548206 0.49706217] -> F: 0.2684018784293654
Punto[1.         0.4340113  0.49655478] -> F: 0.26748103744313195
Punto[1.         0.43254054 0.49604739] -> F: 0.2665465791868362
Punto[1.         0.43106978 0.49553999] -> F: 0.26554959130510203
Punto[1.         0.42959902 0.4950326 ] -> F: 0.2643852892024511
Punto[1.         0.42812826 0.49452521] -> F: 0.26321879071295906
Punto[1.         0.4266575  0.49401781] -> F: 0.2620405588514735
Punto[1.         0.42518674 0.49351042] -> F: 0.2608634917571434
Punto[1.         0.42371598 0.49300303] -> F: 0.25968758942996867
Punto[1.         0.42224522 0.49249563] -> F: 0.2585128518699493
Punto[1.         0.42077446 0.49198824] -> F: 0.2573351973003916
Punto[1.         0.4193037  0.49148085] -> F: 0.2561463571102021
Punto[1.         0.41783294 0.49097345] -> F: 0.25495871459109043
Punto[1.         0.41636218 0.49046606] -> F: 0.2537722697430564
Punto[1.         0.41489142 0.48995866] -> F: 0.2525870225661002
Punto[1.         0.41342066 0.48945127] -> F: 0.25139858858489655
Punto[1.         0.4119499  0.48894388] -> F: 0.25019902636142655
Punto[1.         0.41047914 0.48843648] -> F: 0.24900069591442378
Punto[1.         0.40900838 0.48792909] -> F: 0.24780359724388826
Punto[1.         0.40753762 0.4874217 ] -> F: 0.2466077303498201
Punto[1.         0.40606686 0.4869143 ] -> F: 0.24540905356458256
Punto[1.         0.4045961  0.48640691] -> F: 0.2441986167637546
Punto[1.         0.40312534 0.48589952] -> F: 0.2429894471801871
Punto[1.         0.40165458 0.48539212] -> F: 0.24178154481388017
Punto[1.         0.40018382 0.48488473] -> F: 0.24057490966483372
Punto[1.         0.39871306 0.48437734] -> F: 0.23936671235528878
Punto[1.         0.3972423  0.48386994] -> F: 0.23814520652029714
Punto[1.         0.39577154 0.48336255] -> F: 0.2369250048285666
Punto[1.         0.39430078 0.48285515] -> F: 0.23570610728009708
Punto[1.         0.39283002 0.48234776] -> F: 0.23448851387488867
Punto[1.         0.39135926 0.48184037] -> F: 0.23327173781137922
Punto[1.         0.3898885  0.48133297] -> F: 0.23203892287483
Punto[1.         0.38841775 0.48082558] -> F: 0.23080745066112454
Punto[1.         0.38694699 0.48031819] -> F: 0.22957732117026275
Best centerpoint:  [1.         0.46051499 0.50569822] Best F:  0.2811077872820378 Best u:  [ 0.84432793 -0.21280248  0.49175752] índice:  1
{
  "seed": 12444,
  "n_per_z": 5,
  "nz": 100,
  "nd": 100,
  "n_muestras": 50,
  "best_f": 0.2811077872820378,
  "best_cp": [
    1.0,
    0.46051499191789563,
    0.5056982201993538
  ],
  "best_u": [
    0.8443279255020151,
    -0.21280248137150362,
    0.4917575196573964
  ],
  "n_candidatos": 54
}
