Punto[0.         0.44294873 0.42392776] -> F: 0.16205602201929892
Punto[1.         0.48749783 0.47688483] -> F: 0.4009978165579961
Punto[2.         0.59546641 0.46476419] -> F: 0.08768141483904694
Punto[1.         0.51920757 0.44434597] -> F: 0.3914344720663874
Punto[1.         0.48813202 0.47623405] -> F: 0.40128562264114065
Punto[1.         0.48875353 0.47559629] -> F: 0.40156809180499853
Punto[1.         0.48937504 0.47495853] -> F: 0.40184242676084486
Punto[1.         0.48999656 0.47432076] -> F: 0.40209438599869407
Punto[1.         0.49061807 0.473683  ] -> F: 0.4023468345929947
Punto[1.         0.49123958 0.47304524] -> F: 0.40259977254374657
Punto[1.         0.49186109 0.47240748] -> F: 0.40285319985094986
Punto[1.         0.4924826  0.47176972] -> F: 0.40310711651460435
Punto[1.         0.49310411 0.47113196] -> F: 0.4033615225347098
Punto[1.         0.49372562 0.4704942 ] -> F: 0.40361641791126696
Punto[1.         0.49434713 0.46985643] -> F: 0.40387180264427497
Punto[1.         0.49496864 0.46921867] -> F: 0.4041276767337346
Punto[1.         0.49559015 0.46858091] -> F: 0.40438404017964524
Punto[1.         0.49621167 0.46794315] -> F: 0.40464089298200734
Punto[1.         0.49683318 0.46730539] -> F: 0.404883491073304
Punto[1.         0.49745469 0.46666763] -> F: 0.4051095131609383
Punto[1.         0.4980762  0.46602987] -> F: 0.40533562245978816
Punto[1.         0.49869771 0.4653921 ] -> F: 0.4055618189698533
Punto[1.         0.49931922 0.46475434] -> F: 0.40578810269113424
Punto[1.         0.49994073 0.46411658] -> F: 0.4060144736236308
Punto[1.         0.50056224 0.46347882] -> F: 0.40624093176734277
Punto[1.         0.50118375 0.46284106] -> F: 0.4064674771222701
Punto[1.         0.50180526 0.4622033 ] -> F: 0.40668349457897573
Punto[1.         0.50242678 0.46156553] -> F: 0.4066683722296684
Punto[1.         0.50304829 0.46092777] -> F: 0.40610064104606747
Punto[1.         0.5036698  0.46029001] -> F: 0.40553139609510436
Punto[1.         0.50429131 0.45965225] -> F: 0.40496240044376086
Punto[1.         0.50491282 0.45901449] -> F: 0.4043938313499336
Punto[1.         0.50553433 0.45837673] -> F: 0.40382568881362263
Punto[1.         0.50615584 0.45773897] -> F: 0.4032579728348278
Punto[1.         0.50677735 0.4571012 ] -> F: 0.40269068341354924
Punto[1.         0.50739886 0.45646344] -> F: 0.4021238205497869
Punto[1.         0.50802037 0.45582568] -> F: 0.40155738424354076
Punto[1.         0.50864188 0.45518792] -> F: 0.4009913744948109
Punto[1.         0.5092634  0.45455016] -> F: 0.40042579130359723
Punto[1.         0.50988491 0.4539124 ] -> F: 0.3998606346698999
Punto[1.         0.51050642 0.45327464] -> F: 0.3992959045937187
Punto[1.         0.51112793 0.45263687] -> F: 0.3987316010750538
Punto[1.         0.51174944 0.45199911] -> F: 0.39816772411390516
Punto[1.         0.51237095 0.45136135] -> F: 0.3976042737102727
Punto[1.         0.51299246 0.45072359] -> F: 0.39704124986415645
Punto[1.         0.51361397 0.45008583] -> F: 0.39647865257555653
Punto[1.         0.51423548 0.44944807] -> F: 0.3959164818444728
Punto[1.         0.51485699 0.4488103 ] -> F: 0.39535473767090523
Punto[1.         0.51547851 0.44817254] -> F: 0.394793420054854
Punto[1.         0.51610002 0.44753478] -> F: 0.39423252899631894
Punto[1.         0.51672153 0.44689702] -> F: 0.3936720644953001
Punto[1.         0.51734304 0.44625926] -> F: 0.3931120265517976
Punto[1.         0.51796455 0.4456215 ] -> F: 0.3925524151658113
Punto[1.         0.51858606 0.44498374] -> F: 0.3919932303373412
{
  "seed": 9611,
  "n_per_z": 10,
  "nz": 100,
  "nd": 100,
  "n_muestras": 50,
  "best_f": 0.40668349457897573,
  "best_cp": [
    1.0,
    0.5018052642566018,
    0.46220329626756923
  ],
  "best_u": [
    0.15643446504023092,
    0.6053611507615634,
    0.7804268929862762
  ],
  "best_index": 26,
  "n_candidatos": 54
}
