Punto[0.         0.56775855 0.44178411] -> F: 0.15812480570799367
Punto[1.         0.50756965 0.46373368] -> F: 0.4764661556987971
Punto[2.         0.42510485 0.47668347] -> F: 0.14472551765608294
Punto[1.         0.4964317  0.45923379] -> F: 0.4756130722480145
Punto[1.         0.50734689 0.46364368] -> F: 0.4764840852522571
Punto[1.         0.50712859 0.46355548] -> F: 0.4765016588241474
Punto[1.         0.50691028 0.46346728] -> F: 0.47651923497917886
Punto[1.         0.50669198 0.46337908] -> F: 0.47653681371735124
Punto[1.         0.50647367 0.46329089] -> F: 0.47655439503866476
Punto[1.         0.50625537 0.46320269] -> F: 0.4765719789431191
Punto[1.         0.50603707 0.46311449] -> F: 0.47658956543071457
Punto[1.         0.50581876 0.46302629] -> F: 0.4766071545014511
Punto[1.         0.50560046 0.46293809] -> F: 0.4766247461553287
Punto[1.         0.50538215 0.4628499 ] -> F: 0.4766423403923471
Punto[1.         0.50516385 0.4627617 ] -> F: 0.4766599372125067
Punto[1.         0.50494555 0.4626735 ] -> F: 0.4766775366158073
Punto[1.         0.50472724 0.4625853 ] -> F: 0.4766951386022488
Punto[1.         0.50450894 0.46249711] -> F: 0.4767127431718314
Punto[1.         0.50429064 0.46240891] -> F: 0.476730350324555
Punto[1.         0.50407233 0.46232071] -> F: 0.4767479600604196
Punto[1.         0.50385403 0.46223251] -> F: 0.4767655723794253
Punto[1.         0.50363572 0.46214431] -> F: 0.476783187281572
Punto[1.         0.50341742 0.46205612] -> F: 0.47680080476685965
Punto[1.         0.50319912 0.46196792] -> F: 0.4768184248352883
Punto[1.         0.50298081 0.46187972] -> F: 0.476836047486858
Punto[1.         0.50276251 0.46179152] -> F: 0.47685367272156864
Punto[1.         0.50254421 0.46170333] -> F: 0.4768713005394205
Punto[1.         0.5023259  0.46161513] -> F: 0.4768889309404131
Punto[1.         0.5021076  0.46152693] -> F: 0.47690656392454694
Punto[1.         0.50188929 0.46143873] -> F: 0.4769241994918218
Punto[1.         0.50167099 0.46135053] -> F: 0.47694183764223747
Punto[1.         0.50145269 0.46126234] -> F: 0.47695947837579433
Punto[1.         0.50123438 0.46117414] -> F: 0.47697712169249223
Punto[1.         0.50101608 0.46108594] -> F: 0.4769947675923311
Punto[1.         0.50079778 0.46099774] -> F: 0.47701241607531086
Punto[1.         0.50057947 0.46090955] -> F: 0.4770300671414319
Punto[1.         0.50036117 0.46082135] -> F: 0.4770477207906937
Punto[1.         0.50014286 0.46073315] -> F: 0.47706537702309665
Punto[1.         0.49992456 0.46064495] -> F: 0.47708303583864053
Punto[1.         0.49970626 0.46055675] -> F: 0.47710069723732557
Punto[1.         0.49948795 0.46046856] -> F: 0.47711836121915147
Punto[1.         0.49926965 0.46038036] -> F: 0.47702010482746604
Punto[1.         0.49905135 0.46029216] -> F: 0.4769117895353629
Punto[1.         0.49883304 0.46020396] -> F: 0.47680348791272
Punto[1.         0.49861474 0.46011576] -> F: 0.476695199959537
Punto[1.         0.49839643 0.46002757] -> F: 0.47658692567581423
Punto[1.         0.49817813 0.45993937] -> F: 0.4764786650615514
Punto[1.         0.49795983 0.45985117] -> F: 0.47637041811674896
Punto[1.         0.49774152 0.45976297] -> F: 0.4762621848414065
Punto[1.         0.49752322 0.45967478] -> F: 0.4761539652355243
Punto[1.         0.49730491 0.45958658] -> F: 0.4760457592991021
Punto[1.         0.49708661 0.45949838] -> F: 0.47593756703213996
Punto[1.         0.49686831 0.45941018] -> F: 0.47582938843463807
Punto[1.         0.49665    0.45932198] -> F: 0.4757212235065962
{
  "seed": 12535,
  "n_per_z": 10,
  "nz": 100,
  "nd": 100,
  "n_muestras": 50,
  "best_f": 0.47711836121915147,
  "best_cp": [
    1.0,
    0.4994879526482466,
    0.46046855602046244
  ],
  "best_u": [
    0.30901699437494745,
    -0.29389262614623624,
    0.9045084971874737
  ],
  "best_index": 40,
  "n_candidatos": 54
}
