Punto[0.         0.52680691 0.42731973] -> F: 0.14555381582352755
Punto[1.         0.52996474 0.5226636 ] -> F: 0.4315584749857558
Punto[2.         0.54518679 0.47857465] -> F: 0.13394027786382715
Punto[1.         0.53599685 0.45294719] -> F: 0.43348390458506464
Punto[1.         0.53008539 0.52126927] -> F: 0.4330744308996549
Punto[1.         0.53020362 0.51990283] -> F: 0.43456172600299586
Punto[1.         0.53032184 0.51853639] -> F: 0.4360252508711266
Punto[1.         0.53044007 0.51716995] -> F: 0.4374785648902344
Punto[1.         0.5305583  0.51580351] -> F: 0.43893342971334415
Punto[1.         0.53067653 0.51443706] -> F: 0.440389845340455
Punto[1.         0.53079476 0.51307062] -> F: 0.441847811771567
Punto[1.         0.53091299 0.51170418] -> F: 0.44327266765113116
Punto[1.         0.53103122 0.51033774] -> F: 0.444696445769545
Punto[1.         0.53114945 0.5089713 ] -> F: 0.4461216879403322
Punto[1.         0.53126768 0.50760486] -> F: 0.4475483508358071
Punto[1.         0.53138591 0.50623841] -> F: 0.4489592756480249
Punto[1.         0.53150414 0.50487197] -> F: 0.45036439417818774
Punto[1.         0.53162237 0.50350553] -> F: 0.4517480590911389
Punto[1.         0.5317406  0.50213909] -> F: 0.45312539274330027
Punto[1.         0.53185883 0.50077265] -> F: 0.4545040273182117
Punto[1.         0.53197706 0.49940621] -> F: 0.45588396281587334
Punto[1.         0.53209528 0.49803976] -> F: 0.4572651992362851
Punto[1.         0.53221351 0.49667332] -> F: 0.4586134604962304
Punto[1.         0.53233174 0.49530688] -> F: 0.45995877929286183
Punto[1.         0.53244997 0.49394044] -> F: 0.46130538381217867
Punto[1.        0.5325682 0.492574 ] -> F: 0.4626532720242021
Punto[1.         0.53268643 0.49120756] -> F: 0.4640024012066124
Punto[1.         0.53280466 0.48984111] -> F: 0.4653309631059398
Punto[1.         0.53292289 0.48847467] -> F: 0.46664305507195897
Punto[1.         0.53304112 0.48710823] -> F: 0.46597342037764194
Punto[1.         0.53315935 0.48574179] -> F: 0.4652565823449384
Punto[1.         0.53327758 0.48437535] -> F: 0.46454109493967427
Punto[1.         0.53339581 0.48300891] -> F: 0.4638269581618495
Punto[1.         0.53351404 0.48164246] -> F: 0.4631141720114638
Punto[1.         0.53363227 0.48027602] -> F: 0.46240273648851765
Punto[1.         0.53375049 0.47890958] -> F: 0.46169265159301065
Punto[1.         0.53386872 0.47754314] -> F: 0.46098391732494315
Punto[1.         0.53398695 0.4761767 ] -> F: 0.460276533684315
Punto[1.         0.53410518 0.47481026] -> F: 0.459570500671126
Punto[1.         0.53422341 0.47344381] -> F: 0.45886581828537637
Punto[1.         0.53434164 0.47207737] -> F: 0.45816248652706604
Punto[1.         0.53445987 0.47071093] -> F: 0.45746050539619515
Punto[1.         0.5345781  0.46934449] -> F: 0.4567598748927635
Punto[1.         0.53469633 0.46797805] -> F: 0.4558848667253032
Punto[1.         0.53481456 0.46661161] -> F: 0.45382649178240325
Punto[1.         0.53493279 0.46524516] -> F: 0.4517725016073515
Punto[1.         0.53505102 0.46387872] -> F: 0.4497228962001482
Punto[1.         0.53516925 0.46251228] -> F: 0.44767767556079324
Punto[1.         0.53528748 0.46114584] -> F: 0.44563683968928697
Punto[1.         0.53540571 0.4597794 ] -> F: 0.44360038858562884
Punto[1.         0.53552393 0.45841296] -> F: 0.441568322249819
Punto[1.         0.53564216 0.45704651] -> F: 0.43954064068185794
Punto[1.         0.53576039 0.45568007] -> F: 0.4375173438817451
Punto[1.         0.53587862 0.45431363] -> F: 0.4354984318494808
{
  "seed": 14244,
  "n_per_z": 10,
  "nz": 100,
  "nd": 100,
  "n_muestras": 50,
  "best_f": 0.46664305507195897,
  "best_cp": [
    1.0,
    0.5329228896834752,
    0.48847467198618255
  ],
  "best_u": [
    -0.03141075907812828,
    0.7067578666750501,
    0.70675786667505
  ],
  "best_index": 28,
  "n_candidatos": 54
}
