Punto[0.         0.34527277 0.62271238] -> F: 0.1264150931840122
Punto[1.         0.45075423 0.60943056] -> F: 0.37350852581110383
Punto[2.         0.50561647 0.7523885 ] -> F: 0.10497724527112168
Punto[1.         0.42544462 0.68755044] -> F: 0.40463060913514487
Punto[1.         0.45024804 0.61099296] -> F: 0.375404771751642
Punto[1.         0.44975197 0.61252411] -> F: 0.37734628412666726
Punto[1.         0.4492559  0.61405526] -> F: 0.3793701475382901
Punto[1.         0.44875984 0.61558641] -> F: 0.38144370838402636
Punto[1.         0.44826377 0.61711756] -> F: 0.3832141882323058
Punto[1.         0.4477677  0.61864871] -> F: 0.3850990798895471
Punto[1.         0.44727163 0.62017986] -> F: 0.38709850219569997
Punto[1.         0.44677556 0.62171101] -> F: 0.389212455150764
Punto[1.         0.44627949 0.62324216] -> F: 0.3910011169254993
Punto[1.         0.44578343 0.62477331] -> F: 0.3922656637949285
Punto[1.         0.44528736 0.62630446] -> F: 0.39352976700173103
Punto[1.         0.44479129 0.62783561] -> F: 0.39494416065833676
Punto[1.         0.44429522 0.62936676] -> F: 0.3967644966811164
Punto[1.         0.44379915 0.63089791] -> F: 0.39899472899937477
Punto[1.         0.44330308 0.63242906] -> F: 0.4014149749297528
Punto[1.         0.44280701 0.63396021] -> F: 0.403833399154497
Punto[1.         0.44231095 0.63549135] -> F: 0.40615220551030506
Punto[1.         0.44181488 0.6370225 ] -> F: 0.40793571640001486
Punto[1.         0.44131881 0.63855365] -> F: 0.4097653210926947
Punto[1.         0.44082274 0.6400848 ] -> F: 0.4116410195883441
Punto[1.         0.44032667 0.64161595] -> F: 0.41356281188696353
Punto[1.        0.4398306 0.6431471] -> F: 0.41553069798855247
Punto[1.         0.43933454 0.64467825] -> F: 0.41754467789311156
Punto[1.         0.43883847 0.6462094 ] -> F: 0.4194825531440142
Punto[1.         0.4383424  0.64774055] -> F: 0.42075251828409505
Punto[1.         0.43784633 0.6492717 ] -> F: 0.42204017280881767
Punto[1.         0.43735026 0.65080285] -> F: 0.42310529787197343
Punto[1.         0.43685419 0.652334  ] -> F: 0.4224735375127911
Punto[1.         0.43635812 0.65386515] -> F: 0.42184638024977184
Punto[1.         0.43586206 0.6553963 ] -> F: 0.42122382608291625
Punto[1.         0.43536599 0.65692745] -> F: 0.42060587501222396
Punto[1.         0.43486992 0.6584586 ] -> F: 0.41999252703769524
Punto[1.         0.43437385 0.65998975] -> F: 0.4193837821593299
Punto[1.         0.43387778 0.6615209 ] -> F: 0.41877964037712795
Punto[1.         0.43338171 0.66305205] -> F: 0.41818010169108927
Punto[1.         0.43288564 0.6645832 ] -> F: 0.41758516610121416
Punto[1.         0.43238958 0.66611435] -> F: 0.41699483360750234
Punto[1.         0.43189351 0.6676455 ] -> F: 0.4164091042099542
Punto[1.         0.43139744 0.66917665] -> F: 0.41582797790856946
Punto[1.         0.43090137 0.67070779] -> F: 0.41525145470334807
Punto[1.         0.4304053  0.67223894] -> F: 0.41467953459428997
Punto[1.         0.42990923 0.67377009] -> F: 0.4141037907031682
Punto[1.         0.42941317 0.67530124] -> F: 0.4134739407621986
Punto[1.         0.4289171  0.67683239] -> F: 0.41278593713120026
Punto[1.         0.42842103 0.67836354] -> F: 0.41203905546754993
Punto[1.         0.42792496 0.67989469] -> F: 0.41123340113355006
Punto[1.         0.42742889 0.68142584] -> F: 0.41036947515561667
Punto[1.         0.42693282 0.68295699] -> F: 0.40944802132274954
Punto[1.         0.42643675 0.68448814] -> F: 0.4084699465605618
Punto[1.         0.42594069 0.68601929] -> F: 0.40677373600427563
Best centerpoint:  [1.         0.43735026 0.65080285] Best F:  0.42310529787197343 Best u:  [ 0.24868989 -0.96428455 -0.09115173] índice:  27
{
  "seed": 5565,
  "n_per_z": 5,
  "nz": 100,
  "nd": 100,
  "n_muestras": 50,
  "best_f": 0.42310529787197343,
  "best_cp": [
    1.0,
    0.4373502611931003,
    0.6508028505524819
  ],
  "best_u": [
    0.24868988716485485,
    -0.9642845547746816,
    -0.09115172760253025
  ],
  "n_candidatos": 54
}
