Punto[0.         0.70224744 0.46232709] -> F: 0.09714466710613354
Punto[1.         0.47788078 0.56890888] -> F: 0.41648116824793535
Punto[2.         0.32326876 0.61747584] -> F: 0.1422033036712268
Punto[1.         0.5127581  0.53990146] -> F: 0.41253257355508066
Punto[1.         0.47857833 0.56832874] -> F: 0.4185334062870182
Punto[1.         0.47926192 0.56776019] -> F: 0.42055037107140475
Punto[1.         0.47994552 0.56719164] -> F: 0.42257304906383547
Punto[1.         0.48062911 0.5666231 ] -> F: 0.4246014402643105
Punto[1.         0.48131271 0.56605455] -> F: 0.4266355446728297
Punto[1.         0.4819963  0.56548601] -> F: 0.428675362289393
Punto[1.         0.4826799  0.56491746] -> F: 0.43068958263567
Punto[1.         0.48336349 0.56434892] -> F: 0.43269207194396936
Punto[1.         0.48404709 0.56378037] -> F: 0.4346997894973994
Punto[1.         0.48473069 0.56321183] -> F: 0.4354256230408433
Punto[1.         0.48541428 0.56264328] -> F: 0.43503798937180127
Punto[1.         0.48609788 0.56207473] -> F: 0.43465065846673295
Punto[1.         0.48678147 0.56150619] -> F: 0.4342502659227632
Punto[1.         0.48746507 0.56093764] -> F: 0.43384291374601613
Punto[1.         0.48814866 0.5603691 ] -> F: 0.4334358975238595
Punto[1.         0.48883226 0.55980055] -> F: 0.4330292172562935
Punto[1.         0.48951585 0.55923201] -> F: 0.4326228729433183
Punto[1.         0.49019945 0.55866346] -> F: 0.43221686458493364
Punto[1.         0.49088304 0.55809492] -> F: 0.43181119218113945
Punto[1.         0.49156664 0.55752637] -> F: 0.431405855731936
Punto[1.         0.49225024 0.55695783] -> F: 0.4310008552373232
Punto[1.         0.49293383 0.55638928] -> F: 0.4305764537192036
Punto[1.         0.49361743 0.55582073] -> F: 0.4301512983430812
Punto[1.         0.49430102 0.55525219] -> F: 0.4297265144687102
Punto[1.         0.49498462 0.55468364] -> F: 0.4293021020960906
Punto[1.         0.49566821 0.5541151 ] -> F: 0.4288780612252222
Punto[1.         0.49635181 0.55354655] -> F: 0.4284543918561053
Punto[1.         0.4970354  0.55297801] -> F: 0.42803109398873973
Punto[1.         0.497719   0.55240946] -> F: 0.4275977022920957
Punto[1.         0.4984026  0.55184092] -> F: 0.42715814128358615
Punto[1.         0.49908619 0.55127237] -> F: 0.4267170990992853
Punto[1.         0.49976979 0.55070383] -> F: 0.4262642332757755
Punto[1.         0.50045338 0.55013528] -> F: 0.42580322931703407
Punto[1.         0.50113698 0.54956673] -> F: 0.425335305147854
Punto[1.         0.50182057 0.54899819] -> F: 0.42485643910781146
Punto[1.         0.50250417 0.54842964] -> F: 0.42436859357401935
Punto[1.         0.50318776 0.5478611 ] -> F: 0.42387354640978203
Punto[1.         0.50387136 0.54729255] -> F: 0.4233693555993596
Punto[1.         0.50455496 0.54672401] -> F: 0.42285444314434995
Punto[1.         0.50523855 0.54615546] -> F: 0.4223321549714091
Punto[1.         0.50592215 0.54558692] -> F: 0.4217686531209851
Punto[1.         0.50660574 0.54501837] -> F: 0.42115470081672046
Punto[1.         0.50728934 0.54444982] -> F: 0.4204728670513046
Punto[1.         0.50797293 0.54388128] -> F: 0.41971698244143774
Punto[1.         0.50865653 0.54331273] -> F: 0.41885244683574313
Punto[1.         0.50934012 0.54274419] -> F: 0.4178977343612634
Punto[1.         0.51002372 0.54217564] -> F: 0.4167842315523957
Punto[1.         0.51070732 0.5416071 ] -> F: 0.41568636227686734
Punto[1.         0.51139091 0.54103855] -> F: 0.4146117961854722
Punto[1.         0.51207451 0.54047001] -> F: 0.41356053327820985
Best centerpoint:  [1.         0.48473069 0.56321183] Best F:  0.4354256230408433 Best u:  [-0.99950656 -0.00393681 -0.03116308] índice:  10
{
  "seed": 5594,
  "n_per_z": 5,
  "nz": 100,
  "nd": 100,
  "n_muestras": 50,
  "best_f": 0.4354256230408433,
  "best_cp": [
    1.0,
    0.4847306850665501,
    0.563211825912439
  ],
  "best_u": [
    -0.9995065603657316,
    -0.00393681200397115,
    -0.031163075860858272
  ],
  "n_candidatos": 54
}
