Punto[0.         0.39283717 0.36597492] -> F: 0.10929810363614918
Punto[1.         0.45635177 0.47072199] -> F: 0.42998129093541804
Punto[2.         0.47917705 0.55754899] -> F: 0.17020788495475897
Punto[1.         0.43600711 0.46176196] -> F: 0.4208442307378052
Punto[1.         0.45594487 0.47054279] -> F: 0.4302052428153008
Punto[1.         0.45554612 0.47036717] -> F: 0.4304247825606356
Punto[1.         0.45514736 0.47019155] -> F: 0.4305545952121248
Punto[1.         0.45474861 0.47001594] -> F: 0.4303540417802387
Punto[1.         0.45434985 0.46984032] -> F: 0.4301535375634438
Punto[1.        0.4539511 0.4696647] -> F: 0.42995308256174036
Punto[1.         0.45355234 0.46948909] -> F: 0.429752676775128
Punto[1.         0.45315359 0.46931347] -> F: 0.42955232020360706
Punto[1.         0.45275483 0.46913785] -> F: 0.4293520128471772
Punto[1.         0.45235607 0.46896224] -> F: 0.4291517547058387
Punto[1.         0.45195732 0.46878662] -> F: 0.42895154577959144
Punto[1.         0.45155856 0.468611  ] -> F: 0.42875138606843555
Punto[1.         0.45115981 0.46843539] -> F: 0.42855055810388776
Punto[1.         0.45076105 0.46825977] -> F: 0.4283476012484446
Punto[1.         0.4503623  0.46808415] -> F: 0.4281446950432953
Punto[1.         0.44996354 0.46790854] -> F: 0.4279418394884395
Punto[1.         0.44956479 0.46773292] -> F: 0.4277390345838773
Punto[1.         0.44916603 0.4675573 ] -> F: 0.42753628032960905
Punto[1.         0.44876728 0.46738169] -> F: 0.4273335767256343
Punto[1.         0.44836852 0.46720607] -> F: 0.42713092377195344
Punto[1.         0.44796977 0.46703045] -> F: 0.42692832146856613
Punto[1.         0.44757101 0.46685484] -> F: 0.4267257698154726
Punto[1.         0.44717226 0.46667922] -> F: 0.42652326881267266
Punto[1.        0.4467735 0.4665036] -> F: 0.42632081846016656
Punto[1.         0.44637475 0.46632799] -> F: 0.42611841875795414
Punto[1.         0.44597599 0.46615237] -> F: 0.4259160697060354
Punto[1.         0.44557724 0.46597675] -> F: 0.4257137713044103
Punto[1.         0.44517848 0.46580114] -> F: 0.42551152355307886
Punto[1.         0.44477973 0.46562552] -> F: 0.4253093264520413
Punto[1.         0.44438097 0.46544991] -> F: 0.4251071800012972
Punto[1.         0.44398221 0.46527429] -> F: 0.4249050842008471
Punto[1.         0.44358346 0.46509867] -> F: 0.4247030390506904
Punto[1.         0.4431847  0.46492306] -> F: 0.42450104455082754
Punto[1.         0.44278595 0.46474744] -> F: 0.4242991007012584
Punto[1.         0.44238719 0.46457182] -> F: 0.42409720750198293
Punto[1.         0.44198844 0.46439621] -> F: 0.4238953649530011
Punto[1.         0.44158968 0.46422059] -> F: 0.42369357305431304
Punto[1.         0.44119093 0.46404497] -> F: 0.4234918318059187
Punto[1.         0.44079217 0.46386936] -> F: 0.42329014120781794
Punto[1.         0.44039342 0.46369374] -> F: 0.42308850126001096
Punto[1.         0.43999466 0.46351812] -> F: 0.4228856221449029
Punto[1.         0.43959591 0.46334251] -> F: 0.42268124861908724
Punto[1.         0.43919715 0.46316689] -> F: 0.42247692717885077
Punto[1.         0.4387984  0.46299127] -> F: 0.4222726578241933
Punto[1.         0.43839964 0.46281566] -> F: 0.4220684405551149
Punto[1.         0.43800089 0.46264004] -> F: 0.42186427537161547
Punto[1.         0.43760213 0.46246442] -> F: 0.4216601622736953
Punto[1.         0.43720338 0.46228881] -> F: 0.4214561012613542
Punto[1.         0.43680462 0.46211319] -> F: 0.4212520923345921
Punto[1.         0.43640586 0.46193757] -> F: 0.42104813549340897
{
  "seed": 9312,
  "n_per_z": 10,
  "nz": 100,
  "nd": 100,
  "n_muestras": 50,
  "best_f": 0.4305545952121248,
  "best_cp": [
    1.0,
    0.45514736155899677,
    0.4701915528117842
  ],
  "best_u": [
    -0.4539904997395467,
    -0.8556279390750501,
    0.2485828956714823
  ],
  "best_index": 6,
  "n_candidatos": 54
}
