Punto[0.         0.56127213 0.6319128 ] -> F: 0.12493818796106457
Punto[1.         0.48515533 0.52166237] -> F: 0.39676401844762127
Punto[2.         0.5322827  0.56847607] -> F: 0.15243883843374406
Punto[1.         0.54677742 0.60019444] -> F: 0.4169383370292084
Punto[1.         0.48638778 0.52323301] -> F: 0.3998543969216774
Punto[1.         0.48759557 0.52477224] -> F: 0.40288810012976983
Punto[1.         0.48880336 0.52631147] -> F: 0.4059268837999301
Punto[1.         0.49001115 0.5278507 ] -> F: 0.40895027332672695
Punto[1.         0.49121895 0.52938993] -> F: 0.41197172497274387
Punto[1.         0.49242674 0.53092916] -> F: 0.4149829901249774
Punto[1.         0.49363453 0.53246838] -> F: 0.41798936451387164
Punto[1.         0.49484233 0.53400761] -> F: 0.42100071587129934
Punto[1.         0.49605012 0.53554684] -> F: 0.42401704419726044
Punto[1.         0.49725791 0.53708607] -> F: 0.42703834949175495
Punto[1.        0.4984657 0.5386253] -> F: 0.43006463175478293
Punto[1.         0.4996735  0.54016453] -> F: 0.4330958909863443
Punto[1.         0.50088129 0.54170375] -> F: 0.43613212718643934
Punto[1.         0.50208908 0.54324298] -> F: 0.439170115046577
Punto[1.         0.50329687 0.54478221] -> F: 0.442190017905382
Punto[1.         0.50450467 0.54632144] -> F: 0.4452148009825692
Punto[1.         0.50571246 0.54786067] -> F: 0.44824446427813913
Punto[1.         0.50692025 0.5493999 ] -> F: 0.45127900779209135
Punto[1.         0.50812805 0.55093913] -> F: 0.4524940896512272
Punto[1.         0.50933584 0.55247835] -> F: 0.45147126702822316
Punto[1.         0.51054363 0.55401758] -> F: 0.45044675644457244
Punto[1.         0.51175142 0.55555681] -> F: 0.4493996076947951
Punto[1.         0.51295922 0.55709604] -> F: 0.44835213794400974
Punto[1.         0.51416701 0.55863527] -> F: 0.44728223078900076
Punto[1.        0.5153748 0.5601745] -> F: 0.44621259373342864
Punto[1.         0.5165826  0.56171372] -> F: 0.445103544426102
Punto[1.         0.51779039 0.56325295] -> F: 0.443957559456818
Punto[1.         0.51899818 0.56479218] -> F: 0.44281324844727116
Punto[1.         0.52020597 0.56633141] -> F: 0.4416706113974614
Punto[1.         0.52141377 0.56787064] -> F: 0.4405296483073888
Punto[1.         0.52262156 0.56940987] -> F: 0.4393903591770533
Punto[1.         0.52382935 0.5709491 ] -> F: 0.4382527440064549
Punto[1.         0.52503715 0.57248832] -> F: 0.43711680279559345
Punto[1.         0.52624494 0.57402755] -> F: 0.4359825355444693
Punto[1.         0.52745273 0.57556678] -> F: 0.43484994225308216
Punto[1.         0.52866052 0.57710601] -> F: 0.4337190229214321
Punto[1.         0.52986832 0.57864524] -> F: 0.4325897775495192
Punto[1.         0.53107611 0.58018447] -> F: 0.4314622061373435
Punto[1.         0.5322839  0.58172369] -> F: 0.4303363086849048
Punto[1.         0.5334917  0.58326292] -> F: 0.42921208519220316
Punto[1.         0.53469949 0.58480215] -> F: 0.4280895356592387
Punto[1.         0.53590728 0.58634138] -> F: 0.4269686600860112
Punto[1.         0.53711507 0.58788061] -> F: 0.42584945847252104
Punto[1.         0.53832287 0.58941984] -> F: 0.4247305939648399
Punto[1.         0.53953066 0.59095907] -> F: 0.42361237114211336
Punto[1.         0.54073845 0.59249829] -> F: 0.4224958294062179
Punto[1.         0.54194625 0.59403752] -> F: 0.42138096875715375
Punto[1.         0.54315404 0.59557675] -> F: 0.4202677891949207
Punto[1.         0.54436183 0.59711598] -> F: 0.4191562907195188
Punto[1.         0.54556962 0.59865521] -> F: 0.418046473330948
{
  "seed": 18664,
  "n_per_z": 10,
  "nz": 100,
  "nd": 100,
  "n_muestras": 50,
  "best_f": 0.4524940896512272,
  "best_cp": [
    1.0,
    0.5081280462827024,
    0.5509391253426799
  ],
  "best_u": [
    -0.48175367410171543,
    0.373113237422817,
    0.7929059903603722
  ],
  "best_index": 22,
  "n_candidatos": 54
}
