Punto[0.         0.5248985  0.43343773] -> F: 0.13308693905107905
Punto[1.         0.49408594 0.55651861] -> F: 0.4362182542408647
Punto[2.         0.53783421 0.65355276] -> F: 0.1344980175381377
Punto[1.         0.53136636 0.54349525] -> F: 0.44056433659788735
Punto[1.         0.49483155 0.55625815] -> F: 0.4373438848945093
Punto[1.         0.49556225 0.55600289] -> F: 0.4384482170750438
Punto[1.         0.49629294 0.55574763] -> F: 0.43955375113150114
Punto[1.         0.49702364 0.55549237] -> F: 0.4406604870638812
Punto[1.         0.49775433 0.55523712] -> F: 0.4417684248721841
Punto[1.         0.49848503 0.55498186] -> F: 0.44287756455640986
Punto[1.         0.49921573 0.5547266 ] -> F: 0.44398790611655836
Punto[1.         0.49994642 0.55447134] -> F: 0.4450994495526297
Punto[1.         0.50067712 0.55421608] -> F: 0.4462121948646239
Punto[1.         0.50140782 0.55396083] -> F: 0.4473261420525409
Punto[1.         0.50213851 0.55370557] -> F: 0.4484412911163807
Punto[1.         0.50286921 0.55345031] -> F: 0.44955764205614324
Punto[1.         0.5035999  0.55319505] -> F: 0.45067519487182855
Punto[1.         0.5043306  0.55293979] -> F: 0.45179394956343677
Punto[1.         0.5050613  0.55268454] -> F: 0.45287684238546805
Punto[1.         0.50579199 0.55242928] -> F: 0.4539579730414669
Punto[1.         0.50652269 0.55217402] -> F: 0.4550398682835958
Punto[1.         0.50725338 0.55191876] -> F: 0.4561225281118547
Punto[1.         0.50798408 0.5516635 ] -> F: 0.4572059525262436
Punto[1.         0.50871478 0.55140825] -> F: 0.45829014152676273
Punto[1.         0.50944547 0.55115299] -> F: 0.45937509511341185
Punto[1.         0.51017617 0.55089773] -> F: 0.4604608132861909
Punto[1.         0.51090686 0.55064247] -> F: 0.46154729604510014
Punto[1.         0.51163756 0.55038721] -> F: 0.4626345433901395
Punto[1.         0.51236826 0.55013196] -> F: 0.46340418106571424
Punto[1.         0.51309895 0.5498767 ] -> F: 0.4624660453205044
Punto[1.         0.51382965 0.54962144] -> F: 0.46153430060844636
Punto[1.         0.51456035 0.54936618] -> F: 0.46060894692954063
Punto[1.         0.51529104 0.54911092] -> F: 0.4596899842837871
Punto[1.         0.51602174 0.54885567] -> F: 0.45877741267118544
Punto[1.         0.51675243 0.54860041] -> F: 0.4578712320917361
Punto[1.         0.51748313 0.54834515] -> F: 0.45697144254543887
Punto[1.         0.51821383 0.54808989] -> F: 0.45607804403229363
Punto[1.         0.51894452 0.54783463] -> F: 0.4551910365523005
Punto[1.         0.51967522 0.54757938] -> F: 0.45431042010545963
Punto[1.         0.52040591 0.54732412] -> F: 0.4534361946917709
Punto[1.         0.52113661 0.54706886] -> F: 0.4525101244912185
Punto[1.         0.52186731 0.5468136 ] -> F: 0.45157925561887674
Punto[1.         0.522598   0.54655834] -> F: 0.4506484349737871
Punto[1.         0.5233287  0.54630309] -> F: 0.44971766255594975
Punto[1.         0.5240594  0.54604783] -> F: 0.4487889286595469
Punto[1.         0.52479009 0.54579257] -> F: 0.44787317058935616
Punto[1.         0.52552079 0.54553731] -> F: 0.44697205347986324
Punto[1.         0.52625148 0.54528205] -> F: 0.4460860115964095
Punto[1.         0.52698218 0.5450268 ] -> F: 0.4452223281025964
Punto[1.         0.52771288 0.54477154] -> F: 0.4443836022020295
Punto[1.         0.52844357 0.54451628] -> F: 0.4435698338947088
Punto[1.         0.52917427 0.54426102] -> F: 0.44278102318063417
Punto[1.         0.52990496 0.54400576] -> F: 0.44201717005980584
Punto[1.         0.53063566 0.54375051] -> F: 0.44127827453222346
{
  "seed": 517,
  "n_per_z": 10,
  "nz": 100,
  "nd": 100,
  "n_muestras": 50,
  "best_f": 0.46340418106571424,
  "best_cp": [
    1.0,
    0.5123682572995947,
    0.5501319554835086
  ],
  "best_u": [
    0.30901699437494745,
    0.9491798235084412,
    0.05971733275991158
  ],
  "best_index": 28,
  "n_candidatos": 54
}
