Punto[0.         0.53734154 0.50962575] -> F: 0.14710549646315352
Punto[1.         0.50293136 0.52383458] -> F: 0.35475724875787545
Punto[2.         0.40811948 0.27978879] -> F: 0.07303650018373367
Punto[1.         0.47273051 0.39470727] -> F: 0.33363757910329883
Punto[1.         0.50232734 0.52125203] -> F: 0.3586779819523548
Punto[1.         0.50173541 0.51872114] -> F: 0.36237750472975105
Punto[1.         0.50114347 0.51619024] -> F: 0.3660796178134846
Punto[1.         0.50055153 0.51365935] -> F: 0.36974798219455035
Punto[1.         0.4999596  0.51112845] -> F: 0.37348204242350264
Punto[1.         0.49936766 0.50859756] -> F: 0.37720495791835557
Punto[1.         0.49877572 0.50606666] -> F: 0.3809044846195919
Punto[1.         0.49818379 0.50353577] -> F: 0.3846509901516175
Punto[1.         0.49759185 0.50100487] -> F: 0.3884078281227227
Punto[1.         0.49699991 0.49847397] -> F: 0.39210832110806143
Punto[1.         0.49640798 0.49594308] -> F: 0.3958438357111628
Punto[1.         0.49581604 0.49341218] -> F: 0.39785431209281397
Punto[1.         0.4952241  0.49088129] -> F: 0.3965245867906421
Punto[1.         0.49463217 0.48835039] -> F: 0.3951922349554274
Punto[1.         0.49404023 0.4858195 ] -> F: 0.3935682342005044
Punto[1.         0.49344829 0.4832886 ] -> F: 0.3919191071402986
Punto[1.         0.49285636 0.48075771] -> F: 0.3902745041985758
Punto[1.         0.49226442 0.47822681] -> F: 0.38862849982546305
Punto[1.         0.49167248 0.47569592] -> F: 0.38695724604491794
Punto[1.         0.49108055 0.47316502] -> F: 0.3852907164134046
Punto[1.         0.49048861 0.47063413] -> F: 0.38362891093092333
Punto[1.         0.48989667 0.46810323] -> F: 0.3819718295974738
Punto[1.         0.48930474 0.46557234] -> F: 0.3803194724130561
Punto[1.         0.4887128  0.46304144] -> F: 0.37867183937767024
Punto[1.         0.48812086 0.46051055] -> F: 0.3770150077611771
Punto[1.         0.48752893 0.45797965] -> F: 0.3753411252113543
Punto[1.         0.48693699 0.45544876] -> F: 0.37367217549466764
Punto[1.         0.48634505 0.45291786] -> F: 0.3720081586111171
Punto[1.         0.48575312 0.45038697] -> F: 0.37034907456070254
Punto[1.         0.48516118 0.44785607] -> F: 0.36869492334342413
Punto[1.         0.48456924 0.44532517] -> F: 0.3670457049592818
Punto[1.         0.48397731 0.44279428] -> F: 0.3653708584505563
Punto[1.         0.48338537 0.44026338] -> F: 0.3636957648950384
Punto[1.         0.48279343 0.43773249] -> F: 0.36202582252293874
Punto[1.         0.4822015  0.43520159] -> F: 0.3603610313342571
Punto[1.         0.48160956 0.4326707 ] -> F: 0.3587013913289937
Punto[1.         0.48101762 0.4301398 ] -> F: 0.3570469025071483
Punto[1.         0.48042569 0.42760891] -> F: 0.3553779603597251
Punto[1.         0.47983375 0.42507801] -> F: 0.3536982559352489
Punto[1.         0.47924181 0.42254712] -> F: 0.3520233934749109
Punto[1.         0.47864988 0.42001622] -> F: 0.35035391136321464
Punto[1.         0.47805794 0.41748533] -> F: 0.3486898096001602
Punto[1.         0.477466   0.41495443] -> F: 0.3470310881857476
Punto[1.         0.47687407 0.41242354] -> F: 0.3453612295071048
Punto[1.         0.47628213 0.40989264] -> F: 0.3436789223163222
Punto[1.         0.47569019 0.40736175] -> F: 0.3420001447898074
Punto[1.         0.47509826 0.40483085] -> F: 0.34032698890256513
Punto[1.         0.47450632 0.40229996] -> F: 0.3386594546545955
Punto[1.         0.47391438 0.39976906] -> F: 0.33699754204589843
Punto[1.         0.47332245 0.39723817] -> F: 0.33532170746125234
{
  "seed": 11327,
  "n_per_z": 10,
  "nz": 100,
  "nd": 100,
  "n_muestras": 50,
  "best_f": 0.39785431209281397,
  "best_cp": [
    1.0,
    0.495816039519529,
    0.4934121843925485
  ],
  "best_u": [
    0.4539904997395467,
    0.353861361623238,
    -0.8177253590884807
  ],
  "best_index": 15,
  "n_candidatos": 54
}
