Punto[0.         0.41352124 0.43966122] -> F: 0.14345036638855854
Punto[1.         0.46519765 0.50074785] -> F: 0.4292308058590378
Punto[2.         0.53517835 0.46585659] -> F: 0.13938292163664542
Punto[1.         0.4743498  0.45275891] -> F: 0.451131218391387
Punto[1.         0.4653807  0.49978807] -> F: 0.43065289210879154
Punto[1.         0.46556008 0.49884749] -> F: 0.4320494891572931
Punto[1.         0.46573946 0.49790691] -> F: 0.4334490089060658
Punto[1.         0.46591884 0.49696632] -> F: 0.43485145135510944
Punto[1.         0.46609823 0.49602574] -> F: 0.4362568165044244
Punto[1.         0.46627761 0.49508516] -> F: 0.4376651043540099
Punto[1.         0.46645699 0.49414457] -> F: 0.4390763149038666
Punto[1.         0.46663637 0.49320399] -> F: 0.4404735447259873
Punto[1.         0.46681575 0.49226341] -> F: 0.44186230500146995
Punto[1.         0.46699514 0.49132282] -> F: 0.44325362254191947
Punto[1.         0.46717452 0.49038224] -> F: 0.4446474973473359
Punto[1.         0.4673539  0.48944166] -> F: 0.4460439294177192
Punto[1.         0.46753328 0.48850107] -> F: 0.4474429187530694
Punto[1.         0.46771266 0.48756049] -> F: 0.4488444653533865
Punto[1.         0.46789205 0.48661991] -> F: 0.45024414069947916
Punto[1.         0.46807143 0.48567932] -> F: 0.45162525049060853
Punto[1.         0.46825081 0.48473874] -> F: 0.45300863981868245
Punto[1.         0.46843019 0.48379816] -> F: 0.45439430868370073
Punto[1.         0.46860957 0.48285757] -> F: 0.4557822570856635
Punto[1.         0.46878896 0.48191699] -> F: 0.45717248502457075
Punto[1.         0.46896834 0.48097641] -> F: 0.4585649925004222
Punto[1.         0.46914772 0.48003582] -> F: 0.4599597795132185
Punto[1.         0.4693271  0.47909524] -> F: 0.46133908790277095
Punto[1.         0.46950648 0.47815466] -> F: 0.46161943054948645
Punto[1.         0.46968587 0.47721407] -> F: 0.46159614183088327
Punto[1.         0.46986525 0.47627349] -> F: 0.4615728663615263
Punto[1.         0.47004463 0.47533291] -> F: 0.4615496041414154
Punto[1.         0.47022401 0.47439232] -> F: 0.4615263551705506
Punto[1.         0.47040339 0.47345174] -> F: 0.461503119448932
Punto[1.         0.47058277 0.47251116] -> F: 0.46147989697655944
Punto[1.         0.47076216 0.47157057] -> F: 0.4614566877534331
Punto[1.         0.47094154 0.47062999] -> F: 0.461433491779553
Punto[1.         0.47112092 0.46968941] -> F: 0.461410309054919
Punto[1.         0.4713003  0.46874882] -> F: 0.46138713957953115
Punto[1.         0.47147968 0.46780824] -> F: 0.46136398335338924
Punto[1.         0.47165907 0.46686766] -> F: 0.4613408403764937
Punto[1.         0.47183845 0.46592707] -> F: 0.46131771064884425
Punto[1.         0.47201783 0.46498649] -> F: 0.46129459417044083
Punto[1.         0.47219721 0.46404591] -> F: 0.4612714909412837
Punto[1.         0.47237659 0.46310532] -> F: 0.46124840096137265
Punto[1.         0.47255598 0.46216474] -> F: 0.46122532423070783
Punto[1.         0.47273536 0.46122416] -> F: 0.46120226074928905
Punto[1.         0.47291474 0.46028357] -> F: 0.4603932919676346
Punto[1.         0.47309412 0.45934299] -> F: 0.4591711164269305
Punto[1.         0.4732735  0.45840241] -> F: 0.45796886535573683
Punto[1.         0.47345289 0.45746182] -> F: 0.4567865387540538
Punto[1.         0.47363227 0.45652124] -> F: 0.4556241366218811
Punto[1.         0.47381165 0.45558066] -> F: 0.454481658959219
Punto[1.         0.47399103 0.45464007] -> F: 0.4533591057660672
Punto[1.         0.47417041 0.45369949] -> F: 0.45225647704242594
{
  "seed": 12377,
  "n_per_z": 10,
  "nz": 100,
  "nd": 100,
  "n_muestras": 50,
  "best_f": 0.46161943054948645,
  "best_cp": [
    1.0,
    0.46950648305937204,
    0.4781546569529167
  ],
  "best_u": [
    0.2789911060392295,
    0.9484708768902486,
    0.15022302900038417
  ],
  "best_index": 27,
  "n_candidatos": 54
}
