Punto[0.        0.4874502 0.3502146] -> F: 0.12209661224768728
Punto[1.         0.38755257 0.54980761] -> F: 0.31129884172259104
Punto[2.         0.51311218 0.56912974] -> F: 0.09345147163073257
Punto[1.         0.50028119 0.45967217] -> F: 0.36167761434044315
Punto[1.         0.38980714 0.5480049 ] -> F: 0.3169768279436164
Punto[1.         0.39201662 0.54623825] -> F: 0.3208168892820357
Punto[1.         0.3942261  0.54447159] -> F: 0.3246821745569047
Punto[1.         0.39643559 0.54270494] -> F: 0.32861037369660945
Punto[1.         0.39864507 0.54093828] -> F: 0.333393158443903
Punto[1.         0.40085455 0.53917163] -> F: 0.3393473864899928
Punto[1.         0.40306403 0.53740497] -> F: 0.34555053381175843
Punto[1.         0.40527351 0.53563832] -> F: 0.35113006085192605
Punto[1.         0.40748299 0.53387166] -> F: 0.3569445605117527
Punto[1.         0.40969247 0.53210501] -> F: 0.3629690375272008
Punto[1.         0.41190195 0.53033835] -> F: 0.36858053886973463
Punto[1.         0.41411143 0.5285717 ] -> F: 0.37432812037315905
Punto[1.         0.41632091 0.52680505] -> F: 0.3801107161774507
Punto[1.         0.41853039 0.52503839] -> F: 0.3857004689029448
Punto[1.         0.42073988 0.52327174] -> F: 0.3911426151556991
Punto[1.         0.42294936 0.52150508] -> F: 0.39569320011710485
Punto[1.         0.42515884 0.51973843] -> F: 0.4013712333096478
Punto[1.         0.42736832 0.51797177] -> F: 0.4078103714500012
Punto[1.         0.4295778  0.51620512] -> F: 0.41328386245321047
Punto[1.         0.43178728 0.51443846] -> F: 0.41894934304151094
Punto[1.         0.43399676 0.51267181] -> F: 0.42161195030068666
Punto[1.         0.43620624 0.51090515] -> F: 0.41958536657017975
Punto[1.         0.43841572 0.5091385 ] -> F: 0.41756462527945454
Punto[1.         0.4406252  0.50737184] -> F: 0.415544769775346
Punto[1.         0.44283468 0.50560519] -> F: 0.41351669573273286
Punto[1.         0.44504417 0.50383854] -> F: 0.4114945755114837
Punto[1.         0.44725365 0.50207188] -> F: 0.4094784091115984
Punto[1.         0.44946313 0.50030523] -> F: 0.4074681965330769
Punto[1.         0.45167261 0.49853857] -> F: 0.40545678129469837
Punto[1.         0.45388209 0.49677192] -> F: 0.4034393986970687
Punto[1.         0.45609157 0.49500526] -> F: 0.40142808444716604
Punto[1.         0.45830105 0.49323861] -> F: 0.39942283854499067
Punto[1.         0.46051053 0.49147195] -> F: 0.3974236609905422
Punto[1.         0.46272001 0.4897053 ] -> F: 0.3954189524384819
Punto[1.         0.46492949 0.48793864] -> F: 0.3934127445962744
Punto[1.         0.46713898 0.48617199] -> F: 0.39141272314000786
Punto[1.         0.46934846 0.48440533] -> F: 0.38941888806968217
Punto[1.         0.47155794 0.48263868] -> F: 0.3874312393852975
Punto[1.         0.47376742 0.48087203] -> F: 0.38543168370786474
Punto[1.         0.4759769  0.47910537] -> F: 0.383437120957528
Punto[1.         0.47818638 0.47733872] -> F: 0.3814488665473664
Punto[1.         0.48039586 0.47557206] -> F: 0.37946692047738056
Punto[1.         0.48260534 0.47380541] -> F: 0.377484364130364
Punto[1.         0.48481482 0.47203875] -> F: 0.3754954697204406
Punto[1.        0.4870243 0.4702721] -> F: 0.37351300996828
Punto[1.         0.48923378 0.46850544] -> F: 0.37153698487388237
Punto[1.         0.49144327 0.46673879] -> F: 0.3695673944372475
Punto[1.         0.49365275 0.46497213] -> F: 0.3675873467004125
Punto[1.         0.49586223 0.46320548] -> F: 0.36561087007739523
Punto[1.         0.49807171 0.46143882] -> F: 0.36364095929073875
Best centerpoint:  [1.         0.43399676 0.51267181] Best F:  0.42161195030068666 Best u:  [ 0.97591676  0.20020197 -0.08663513] índice:  21
{
  "seed": 4844,
  "n_per_z": 5,
  "nz": 100,
  "nd": 100,
  "n_muestras": 50,
  "best_f": 0.42161195030068666,
  "best_cp": [
    1.0,
    0.43399676124446934,
    0.5126718084306199
  ],
  "best_u": [
    0.9759167619387473,
    0.20020196885337438,
    -0.08663512817687082
  ],
  "n_candidatos": 54
}
