Punto[0.         0.33834338 0.52597183] -> F: 0.16374453280293166
Punto[1.         0.45041798 0.42780067] -> F: 0.3946038585045924
Punto[2.         0.4360193  0.30900846] -> F: 0.11426282350268642
Punto[1.         0.38718134 0.41749014] -> F: 0.41028797187183946
Punto[1.         0.44915325 0.42759446] -> F: 0.395960285038605
Punto[1.         0.44791381 0.42739237] -> F: 0.3973335059135277
Punto[1.         0.44667437 0.42719029] -> F: 0.3987423936391374
Punto[1.         0.44543493 0.4269882 ] -> F: 0.40021038528203523
Punto[1.         0.44419549 0.42678612] -> F: 0.4017140437756201
Punto[1.         0.44295606 0.42658403] -> F: 0.40326118147542556
Punto[1.         0.44171662 0.42638194] -> F: 0.40485179838145174
Punto[1.         0.44047718 0.42617986] -> F: 0.40648589449369876
Punto[1.         0.43923774 0.42597777] -> F: 0.4081634698121663
Punto[1.         0.4379983  0.42577568] -> F: 0.4098845243368547
Punto[1.         0.43675887 0.4255736 ] -> F: 0.4116490580677636
Punto[1.         0.43551943 0.42537151] -> F: 0.41345707100489343
Punto[1.         0.43427999 0.42516942] -> F: 0.4153081352288322
Punto[1.         0.43304055 0.42496734] -> F: 0.4170573907587703
Punto[1.         0.43180111 0.42476525] -> F: 0.418803001288378
Punto[1.         0.43056168 0.42456316] -> F: 0.42057147453448024
Punto[1.         0.42932224 0.42436108] -> F: 0.4223628104970775
Punto[1.         0.4280828  0.42415899] -> F: 0.42417700917616963
Punto[1.         0.42684336 0.42395691] -> F: 0.42601407057175666
Punto[1.         0.42560392 0.42375482] -> F: 0.4278739946838385
Punto[1.         0.42436449 0.42355273] -> F: 0.4293536513165383
Punto[1.         0.42312505 0.42335065] -> F: 0.4306151259701414
Punto[1.         0.42188561 0.42314856] -> F: 0.4318987728060347
Punto[1.         0.42064617 0.42294647] -> F: 0.43310086898973255
Punto[1.         0.41940673 0.42274439] -> F: 0.43237636239524635
Punto[1.        0.4181673 0.4225423] -> F: 0.4316445627009769
Punto[1.         0.41692786 0.42234021] -> F: 0.4309133851862626
Punto[1.         0.41568842 0.42213813] -> F: 0.43018282985110345
Punto[1.         0.41444898 0.42193604] -> F: 0.4294528966954994
Punto[1.         0.41320954 0.42173396] -> F: 0.4287235857194506
Punto[1.         0.4119701  0.42153187] -> F: 0.42799489692295684
Punto[1.         0.41073067 0.42132978] -> F: 0.4272668303060182
Punto[1.         0.40949123 0.4211277 ] -> F: 0.42653938586863466
Punto[1.         0.40825179 0.42092561] -> F: 0.4258125636108064
Punto[1.         0.40701235 0.42072352] -> F: 0.4250863635325332
Punto[1.         0.40577291 0.42052144] -> F: 0.424359115180353
Punto[1.         0.40453348 0.42031935] -> F: 0.4236320111064772
Punto[1.         0.40329404 0.42011726] -> F: 0.42290553290925814
Punto[1.         0.4020546  0.41991518] -> F: 0.42217968058869576
Punto[1.         0.40081516 0.41971309] -> F: 0.4214544541447901
Punto[1.         0.39957572 0.41951101] -> F: 0.42072985357754095
Punto[1.         0.39833629 0.41930892] -> F: 0.42000587888694857
Punto[1.         0.39709685 0.41910683] -> F: 0.41928253007301286
Punto[1.         0.39585741 0.41890475] -> F: 0.4185598071357338
Punto[1.         0.39461797 0.41870266] -> F: 0.4176555411197731
Punto[1.         0.39337853 0.41850057] -> F: 0.41670566236140255
Punto[1.         0.3921391  0.41829849] -> F: 0.41568796607562725
Punto[1.         0.39089966 0.4180964 ] -> F: 0.41431799680669584
Punto[1.         0.38966022 0.41789431] -> F: 0.41296129259044706
Punto[1.         0.38842078 0.41769223] -> F: 0.411617950945495
{
  "seed": 1823,
  "n_per_z": 10,
  "nz": 100,
  "nd": 100,
  "n_muestras": 50,
  "best_f": 0.43310086898973255,
  "best_cp": [
    1.0,
    0.4206461713441055,
    0.4229464739173608
  ],
  "best_u": [
    0.2181432413965427,
    0.9715856088048156,
    0.09184188040532157
  ],
  "best_index": 27,
  "n_candidatos": 54
}
