Punto[0.         0.62500093 0.47581284] -> F: 0.11396780484197078
Punto[1.         0.51436797 0.53631436] -> F: 0.3518687739231442
Punto[2.         0.58257316 0.4785692 ] -> F: 0.14905175857451822
Punto[1.         0.60378704 0.47719102] -> F: 0.3920619166823971
Punto[1.         0.51615635 0.5351319 ] -> F: 0.3544798794315951
Punto[1.         0.51790897 0.53397308] -> F: 0.357112637835167
Punto[1.         0.51966158 0.53281426] -> F: 0.35981852503185413
Punto[1.         0.5214142  0.53165544] -> F: 0.36259754102165626
Punto[1.         0.52316681 0.53049663] -> F: 0.36539748440067205
Punto[1.         0.52491942 0.52933781] -> F: 0.3681201296508061
Punto[1.         0.52667204 0.52817899] -> F: 0.37088497275601917
Punto[1.         0.52842465 0.52702017] -> F: 0.37369201371631083
Punto[1.         0.53017726 0.52586136] -> F: 0.37654125253168175
Punto[1.         0.53192988 0.52470254] -> F: 0.37943268920213125
Punto[1.         0.53368249 0.52354372] -> F: 0.38186468011506014
Punto[1.         0.53543511 0.5223849 ] -> F: 0.38399987157118876
Punto[1.         0.53718772 0.52122609] -> F: 0.3861554538577941
Punto[1.         0.53894033 0.52006727] -> F: 0.38799036533688674
Punto[1.         0.54069295 0.51890845] -> F: 0.3899950078014109
Punto[1.         0.54244556 0.51774963] -> F: 0.3923804376485131
Punto[1.         0.54419817 0.51659082] -> F: 0.39514729810661003
Punto[1.         0.54595079 0.515432  ] -> F: 0.3982380466057445
Punto[1.         0.5477034  0.51427318] -> F: 0.4009938179713156
Punto[1.         0.54945602 0.51311436] -> F: 0.4037140397723657
Punto[1.         0.55120863 0.51195555] -> F: 0.40650739036653116
Punto[1.         0.55296124 0.51079673] -> F: 0.40937386975381185
Punto[1.         0.55471386 0.50963791] -> F: 0.4123134779342076
Punto[1.         0.55646647 0.50847909] -> F: 0.4153262149077187
Punto[1.         0.55821909 0.50732028] -> F: 0.4182881465459843
Punto[1.         0.5599717  0.50616146] -> F: 0.4211684101218488
Punto[1.         0.56172431 0.50500264] -> F: 0.42409087155279224
Punto[1.         0.56347693 0.50384382] -> F: 0.42656881125173335
Punto[1.         0.56522954 0.50268501] -> F: 0.4259883286144522
Punto[1.         0.56698215 0.50152619] -> F: 0.424857681871452
Punto[1.         0.56873477 0.50036737] -> F: 0.42375258433412943
Punto[1.         0.57048738 0.49920855] -> F: 0.4226730360024839
Punto[1.         0.57224    0.49804974] -> F: 0.4216159036415198
Punto[1.         0.57399261 0.49689092] -> F: 0.42055990931916354
Punto[1.         0.57574522 0.4957321 ] -> F: 0.4194359106993354
Punto[1.         0.57749784 0.49457328] -> F: 0.4175539730375508
Punto[1.         0.57925045 0.49341447] -> F: 0.41564574390592796
Punto[1.         0.58100306 0.49225565] -> F: 0.4136113883950418
Punto[1.         0.58275568 0.49109683] -> F: 0.41157537074362377
Punto[1.         0.58450829 0.48993802] -> F: 0.4096224326963936
Punto[1.         0.58626091 0.4887792 ] -> F: 0.4078063045993721
Punto[1.         0.58801352 0.48762038] -> F: 0.40612698645255946
Punto[1.         0.58976613 0.48646156] -> F: 0.40458447825595567
Punto[1.         0.59151875 0.48530275] -> F: 0.4031787800095605
Punto[1.         0.59327136 0.48414393] -> F: 0.40190199467945004
Punto[1.         0.59502397 0.48298511] -> F: 0.4006526554088339
Punto[1.         0.59677659 0.48182629] -> F: 0.3993155209409182
Punto[1.         0.5985292  0.48066748] -> F: 0.3978813764033154
Punto[1.         0.60028182 0.47950866] -> F: 0.39643256002551325
Punto[1.         0.60203443 0.47834984] -> F: 0.3942444284870531
Best centerpoint:  [1.         0.56347693 0.50384382] Best F:  0.42656881125173335 Best u:  [-0.21814324 -0.96822137  0.1223148 ] índice:  28
{
  "seed": 3571,
  "n_per_z": 5,
  "nz": 100,
  "nd": 100,
  "n_muestras": 50,
  "best_f": 0.42656881125173335,
  "best_cp": [
    1.0,
    0.5634769265000572,
    0.5038438244398283
  ],
  "best_u": [
    -0.21814324139654234,
    -0.9682213667786527,
    0.12231480346338881
  ],
  "n_candidatos": 54
}
