Punto[0.         0.43146256 0.49850909] -> F: 0.15744706053442223
Punto[1.         0.5057339  0.48305396] -> F: 0.36983050713915777
Punto[2.         0.46320476 0.28992726] -> F: 0.09591951918950926
Punto[1.         0.44733366 0.39421818] -> F: 0.37920169896383193
Punto[1.         0.50456589 0.48127725] -> F: 0.37347133544450895
Punto[1.         0.50342125 0.47953607] -> F: 0.37705806278772186
Punto[1.         0.5022766  0.47779488] -> F: 0.38066331668839876
Punto[1.         0.50113196 0.4760537 ] -> F: 0.3842870971465399
Punto[1.         0.49998731 0.47431252] -> F: 0.38792940416214544
Punto[1.         0.49884267 0.47257134] -> F: 0.39159023773521445
Punto[1.         0.49769802 0.47083016] -> F: 0.3952033597772927
Punto[1.         0.49655338 0.46908898] -> F: 0.3987971561362481
Punto[1.         0.49540873 0.4673478 ] -> F: 0.40240771052671254
Punto[1.         0.49426409 0.46560661] -> F: 0.40603502294868615
Punto[1.         0.49311945 0.46386543] -> F: 0.4096790934021687
Punto[1.         0.4919748  0.46212425] -> F: 0.4133399218871606
Punto[1.         0.49083016 0.46038307] -> F: 0.4170175084036618
Punto[1.         0.48968551 0.45864189] -> F: 0.41963476054167304
Punto[1.         0.48854087 0.45690071] -> F: 0.4186796695308486
Punto[1.         0.48739622 0.45515953] -> F: 0.41771094889952426
Punto[1.         0.48625158 0.45341834] -> F: 0.41673739526092296
Punto[1.         0.48510693 0.45167716] -> F: 0.4157587773345234
Punto[1.         0.48396229 0.44993598] -> F: 0.4147668137677873
Punto[1.         0.48281764 0.4481948 ] -> F: 0.4137759088845064
Punto[1.         0.481673   0.44645362] -> F: 0.4127678504447481
Punto[1.         0.48052835 0.44471244] -> F: 0.4117585915680098
Punto[1.         0.47938371 0.44297126] -> F: 0.4107404982045262
Punto[1.         0.47823906 0.44123007] -> F: 0.40971285643838606
Punto[1.         0.47709442 0.43948889] -> F: 0.4086848176396354
Punto[1.         0.47594977 0.43774771] -> F: 0.4076387214895128
Punto[1.         0.47480513 0.43600653] -> F: 0.40659382099246755
Punto[1.         0.47366048 0.43426535] -> F: 0.40553627405670667
Punto[1.         0.47251584 0.43252417] -> F: 0.404472852198906
Punto[1.         0.4713712  0.43078299] -> F: 0.4034056765168681
Punto[1.         0.47022655 0.4290418 ] -> F: 0.4023235736301591
Punto[1.         0.46908191 0.42730062] -> F: 0.4012427651047809
Punto[1.         0.46793726 0.42555944] -> F: 0.40014618374676497
Punto[1.         0.46679262 0.42381826] -> F: 0.39904653853993083
Punto[1.         0.46564797 0.42207708] -> F: 0.3979409751272931
Punto[1.         0.46450333 0.4203359 ] -> F: 0.3968222366940912
Punto[1.         0.46335868 0.41859472] -> F: 0.39570489872556525
Punto[1.         0.46221404 0.41685353] -> F: 0.3945702088366783
Punto[1.         0.46106939 0.41511235] -> F: 0.39343352324223846
Punto[1.         0.45992475 0.41337117] -> F: 0.3922909329241115
Punto[1.         0.4587801  0.41162999] -> F: 0.3911345331375979
Punto[1.         0.45763546 0.40988881] -> F: 0.38997964892103676
Punto[1.         0.45649081 0.40814763] -> F: 0.3888084995892698
Punto[1.         0.45534617 0.40640645] -> F: 0.3876335331051442
Punto[1.         0.45420152 0.40466526] -> F: 0.38645617950057537
Punto[1.         0.45305688 0.40292408] -> F: 0.3852606352370982
Punto[1.         0.45191223 0.4011829 ] -> F: 0.38406673267033614
Punto[1.         0.45076759 0.39944172] -> F: 0.38286186628571245
Punto[1.         0.44962295 0.39770054] -> F: 0.38164688279120984
Punto[1.         0.4484783  0.39595936] -> F: 0.3804336089690451
{
  "seed": 6541,
  "n_per_z": 10,
  "nz": 100,
  "nd": 100,
  "n_muestras": 50,
  "best_f": 0.41963476054167304,
  "best_cp": [
    1.0,
    0.489685511130611,
    0.45864188893198066
  ],
  "best_u": [
    0.4539904997395467,
    0.0279871912683213,
    -0.8905668662549416
  ],
  "best_index": 17,
  "n_candidatos": 54
}
