Punto[0.         0.58778477 0.52631523] -> F: 0.1413141081785284
Punto[1.         0.5325467  0.49254223] -> F: 0.43493758902810825
Punto[2.         0.42234726 0.40126118] -> F: 0.12782927787110068
Punto[1.         0.50506602 0.4637882 ] -> F: 0.44563995422116104
Punto[1.         0.53199709 0.49196715] -> F: 0.43621293900458114
Punto[1.         0.53145847 0.49140357] -> F: 0.4374659531139347
Punto[1.         0.53091985 0.49083999] -> F: 0.438684018910154
Punto[1.         0.53038123 0.49027642] -> F: 0.4398453448038251
Punto[1.         0.5298426  0.48971284] -> F: 0.44102919956181136
Punto[1.         0.52930398 0.48914926] -> F: 0.44223558318411244
Punto[1.         0.52876536 0.48858568] -> F: 0.4434630185942961
Punto[1.         0.52822674 0.4880221 ] -> F: 0.444686881794597
Punto[1.         0.52768812 0.48745852] -> F: 0.44585840865581045
Punto[1.         0.5271495  0.48689494] -> F: 0.4470347493843277
Punto[1.         0.52661088 0.48633136] -> F: 0.4482159039801489
Punto[1.         0.52607225 0.48576778] -> F: 0.4494018724432738
Punto[1.         0.52553363 0.4852042 ] -> F: 0.4505926547737025
Punto[1.         0.52499501 0.48464063] -> F: 0.4517882509714347
Punto[1.         0.52445639 0.48407705] -> F: 0.452988661036471
Punto[1.         0.52391777 0.48351347] -> F: 0.45419388496881097
Punto[1.         0.52337915 0.48294989] -> F: 0.45540392276845465
Punto[1.         0.52284052 0.48238631] -> F: 0.45600879421605595
Punto[1.         0.5223019  0.48182273] -> F: 0.4564973348136686
Punto[1.         0.52176328 0.48125915] -> F: 0.45698713940118274
Punto[1.         0.52122466 0.48069557] -> F: 0.45747820797859834
Punto[1.         0.52068604 0.48013199] -> F: 0.4578992531856946
Punto[1.         0.52014742 0.47956841] -> F: 0.4576975485287555
Punto[1.         0.5196088  0.47900484] -> F: 0.4574959036521886
Punto[1.         0.51907017 0.47844126] -> F: 0.4572943185559943
Punto[1.         0.51853155 0.47787768] -> F: 0.4570927932401724
Punto[1.         0.51799293 0.4773141 ] -> F: 0.45689132770472274
Punto[1.         0.51745431 0.47675052] -> F: 0.4566894419601726
Punto[1.         0.51691569 0.47618694] -> F: 0.4564619011542223
Punto[1.         0.51637707 0.47562336] -> F: 0.4562344376514987
Punto[1.         0.51583845 0.47505978] -> F: 0.4560070514520019
Punto[1.         0.51529982 0.4744962 ] -> F: 0.45577974255573156
Punto[1.         0.5147612  0.47393262] -> F: 0.45555251096268795
Punto[1.         0.51422258 0.47336905] -> F: 0.4553253566728713
Punto[1.         0.51368396 0.47280547] -> F: 0.45508090805508067
Punto[1.         0.51314534 0.47224189] -> F: 0.4548296637480221
Punto[1.         0.51260672 0.47167831] -> F: 0.45455714873417824
Punto[1.         0.51206809 0.47111473] -> F: 0.4542741423422714
Punto[1.         0.51152947 0.47055115] -> F: 0.45397755345750657
Punto[1.         0.51099085 0.46998757] -> F: 0.4536631335562088
Punto[1.         0.51045223 0.46942399] -> F: 0.45334083694032795
Punto[1.         0.50991361 0.46886041] -> F: 0.45300068751776373
Punto[1.         0.50937499 0.46829683] -> F: 0.4526503100904929
Punto[1.         0.50883637 0.46773326] -> F: 0.45228900710099235
Punto[1.         0.50829774 0.46716968] -> F: 0.4518360393784721
Punto[1.         0.50775912 0.4666061 ] -> F: 0.45079945697031726
Punto[1.         0.5072205  0.46604252] -> F: 0.44976443518160336
Punto[1.         0.50668188 0.46547894] -> F: 0.4487309740123309
Punto[1.         0.50614326 0.46491536] -> F: 0.4476990734624997
Punto[1.         0.50560464 0.46435178] -> F: 0.44666873353210973
{
  "seed": 3138,
  "n_per_z": 10,
  "nz": 100,
  "nd": 100,
  "n_muestras": 50,
  "best_f": 0.4578992531856946,
  "best_cp": [
    1.0,
    0.5206860387264947,
    0.48013199368481707
  ],
  "best_u": [
    0.24868988716485474,
    -0.8337002334317454,
    0.49304894361288815
  ],
  "best_index": 25,
  "n_candidatos": 54
}
