Punto[0.         0.63043529 0.4813758 ] -> F: 0.2161120995013517
Punto[1.         0.60146172 0.40218197] -> F: 0.2963764144986818
Punto[2.         0.56592163 0.35618134] -> F: 0.054792052136322135
Punto[1.         0.59817846 0.41877857] -> F: 0.2822704741441008
Punto[1.         0.60139605 0.40251391] -> F: 0.296093068432487
Punto[1.        0.6013317 0.4028392] -> F: 0.2958155915862073
Punto[1.         0.60126735 0.40316449] -> F: 0.29553831499509886
Punto[1.         0.601203   0.40348979] -> F: 0.2952612386591613
Punto[1.         0.60113864 0.40381508] -> F: 0.29498436257839505
Punto[1.         0.60107429 0.40414037] -> F: 0.2947076867527999
Punto[1.         0.60100994 0.40446567] -> F: 0.2944312111823759
Punto[1.         0.60094559 0.40479096] -> F: 0.29415493586712294
Punto[1.         0.60088124 0.40511625] -> F: 0.2938788608070412
Punto[1.         0.60081688 0.40544155] -> F: 0.29360298600213064
Punto[1.         0.60075253 0.40576684] -> F: 0.293327311452391
Punto[1.         0.60068818 0.40609213] -> F: 0.29305183715782257
Punto[1.         0.60062383 0.40641743] -> F: 0.2927765631184253
Punto[1.         0.60055948 0.40674272] -> F: 0.29250148933419917
Punto[1.         0.60049513 0.40706801] -> F: 0.29222171508639055
Punto[1.         0.60043077 0.4073933 ] -> F: 0.29194166807292954
Punto[1.         0.60036642 0.4077186 ] -> F: 0.29166182923530515
Punto[1.         0.60030207 0.40804389] -> F: 0.2913821985735171
Punto[1.         0.60023772 0.40836918] -> F: 0.29110277608756563
Punto[1.         0.60017337 0.40869448] -> F: 0.2908235617774509
Punto[1.         0.60010901 0.40901977] -> F: 0.29054455564317244
Punto[1.         0.60004466 0.40934506] -> F: 0.29026575768473056
Punto[1.         0.59998031 0.40967036] -> F: 0.28998716790212525
Punto[1.         0.59991596 0.40999565] -> F: 0.28970878629535635
Punto[1.         0.59985161 0.41032094] -> F: 0.2894306128644241
Punto[1.         0.59978726 0.41064624] -> F: 0.28915264760932835
Punto[1.         0.5997229  0.41097153] -> F: 0.28887489053006904
Punto[1.         0.59965855 0.41129682] -> F: 0.2885973416266464
Punto[1.         0.5995942  0.41162212] -> F: 0.2883200008990602
Punto[1.         0.59952985 0.41194741] -> F: 0.2880428683473104
Punto[1.        0.5994655 0.4122727] -> F: 0.28776594397139743
Punto[1.         0.59940115 0.412598  ] -> F: 0.28748922777132063
Punto[1.         0.59933679 0.41292329] -> F: 0.2872127197470807
Punto[1.         0.59927244 0.41324858] -> F: 0.28693641989867696
Punto[1.         0.59920809 0.41357388] -> F: 0.2866603282261099
Punto[1.         0.59914374 0.41389917] -> F: 0.2863844447293794
Punto[1.         0.59907939 0.41422446] -> F: 0.28610876940848534
Punto[1.         0.59901503 0.41454976] -> F: 0.28583330226342774
Punto[1.         0.59895068 0.41487505] -> F: 0.2855580432942068
Punto[1.         0.59888633 0.41520034] -> F: 0.2852829925008224
Punto[1.         0.59882198 0.41552564] -> F: 0.2850081498832744
Punto[1.         0.59875763 0.41585093] -> F: 0.28473351544156306
Punto[1.         0.59869328 0.41617622] -> F: 0.2844590891756882
Punto[1.         0.59862892 0.41650152] -> F: 0.28418487108564977
Punto[1.         0.59856457 0.41682681] -> F: 0.2839108611714479
Punto[1.         0.59850022 0.4171521 ] -> F: 0.2836370594330826
Punto[1.         0.59843587 0.4174774 ] -> F: 0.2833634658705539
Punto[1.         0.59837152 0.41780269] -> F: 0.28309008048386153
Punto[1.         0.59830717 0.41812798] -> F: 0.28281690327300574
Punto[1.         0.59824281 0.41845327] -> F: 0.28254393423798657
Best centerpoint:  [1.         0.60146172 0.40218197] Best F:  0.2963764144986818 Best u:  [0.9921147  0.02348511 0.12311324] índice:  1
{
  "seed": 12869,
  "n_per_z": 5,
  "nz": 100,
  "nd": 100,
  "n_muestras": 50,
  "best_f": 0.2963764144986818,
  "best_cp": [
    1.0,
    0.6014617154851213,
    0.4021819746159748
  ],
  "best_u": [
    0.9921147013144779,
    0.02348510606655901,
    0.12311323742281703
  ],
  "n_candidatos": 54
}
