Punto[0.         0.55639234 0.36649073] -> F: 0.12603496250827734
Punto[1.         0.53135082 0.52866136] -> F: 0.42726133235749997
Punto[2.         0.56159207 0.61802695] -> F: 0.12318083664207599
Punto[1.         0.5589922  0.49225884] -> F: 0.42998333192439125
Punto[1.         0.53190364 0.52793331] -> F: 0.42860593557327725
Punto[1.         0.53244541 0.52721982] -> F: 0.42989160797371756
Punto[1.         0.53298719 0.52650633] -> F: 0.4311805510134425
Punto[1.         0.53352896 0.52579284] -> F: 0.43247276469245177
Punto[1.         0.53407073 0.52507935] -> F: 0.4337682490107455
Punto[1.         0.5346125  0.52436586] -> F: 0.43506700396832354
Punto[1.         0.53515427 0.52365237] -> F: 0.43633294379456083
Punto[1.         0.53569604 0.52293888] -> F: 0.4375882731945278
Punto[1.         0.53623781 0.52222539] -> F: 0.43884633643786325
Punto[1.         0.53677958 0.5215119 ] -> F: 0.44010713352456804
Punto[1.         0.53732136 0.52079841] -> F: 0.44137066445464174
Punto[1.         0.53786313 0.52008493] -> F: 0.44262526284575643
Punto[1.         0.5384049  0.51937144] -> F: 0.44378729963402513
Punto[1.         0.53894667 0.51865795] -> F: 0.44447085612638965
Punto[1.         0.53948844 0.51794446] -> F: 0.44515558767253494
Punto[1.         0.54003021 0.51723097] -> F: 0.4458414942724612
Punto[1.         0.54057198 0.51651748] -> F: 0.44651116612085123
Punto[1.         0.54111375 0.51580399] -> F: 0.4471684096433227
Punto[1.         0.54165553 0.5150905 ] -> F: 0.4474519528569854
Punto[1.         0.5421973  0.51437701] -> F: 0.44726320580600903
Punto[1.         0.54273907 0.51366352] -> F: 0.44707531269399153
Punto[1.         0.54328084 0.51295003] -> F: 0.44688827352093297
Punto[1.         0.54382261 0.51223654] -> F: 0.4467020882868334
Punto[1.         0.54436438 0.51152305] -> F: 0.44651675699169274
Punto[1.         0.54490615 0.51080956] -> F: 0.4463322796355108
Punto[1.         0.54544792 0.51009607] -> F: 0.44614865621828814
Punto[1.         0.54598969 0.50938258] -> F: 0.4459658867400242
Punto[1.         0.54653147 0.5086691 ] -> F: 0.44578397120071916
Punto[1.         0.54707324 0.50795561] -> F: 0.445602909600373
Punto[1.         0.54761501 0.50724212] -> F: 0.4454227019389858
Punto[1.         0.54815678 0.50652863] -> F: 0.4452433482165577
Punto[1.         0.54869855 0.50581514] -> F: 0.44506484843308824
Punto[1.         0.54924032 0.50510165] -> F: 0.4448872025885778
Punto[1.         0.54978209 0.50438816] -> F: 0.4447104106830264
Punto[1.         0.55032386 0.50367467] -> F: 0.4445344727164339
Punto[1.         0.55086564 0.50296118] -> F: 0.4443593886888001
Punto[1.         0.55140741 0.50224769] -> F: 0.44418515860012536
Punto[1.         0.55194918 0.5015342 ] -> F: 0.4434812071988165
Punto[1.         0.55249095 0.50082071] -> F: 0.4424310411447741
Punto[1.         0.55303272 0.50010722] -> F: 0.4413828530834
Punto[1.         0.55357449 0.49939373] -> F: 0.4403366430146941
Punto[1.         0.55411626 0.49868024] -> F: 0.43929241093865656
Punto[1.         0.55465803 0.49796675] -> F: 0.4382501568552872
Punto[1.         0.55519981 0.49725327] -> F: 0.43720988076458617
Punto[1.         0.55574158 0.49653978] -> F: 0.4361715826665534
Punto[1.         0.55628335 0.49582629] -> F: 0.4351352625611892
Punto[1.         0.55682512 0.4951128 ] -> F: 0.43410092044849286
Punto[1.         0.55736689 0.49439931] -> F: 0.4330685563284651
Punto[1.         0.55790866 0.49368582] -> F: 0.4320381702011055
Punto[1.         0.55845043 0.49297233] -> F: 0.4310097620664142
{
  "seed": 1509,
  "n_per_z": 10,
  "nz": 100,
  "nd": 100,
  "n_muestras": 50,
  "best_f": 0.4474519528569854,
  "best_cp": [
    1.0,
    0.541655525132233,
    0.5150904996053782
  ],
  "best_u": [
    0.18738131458572474,
    0.8888000777517893,
    0.41823756972866394
  ],
  "best_index": 22,
  "n_candidatos": 54
}
