Punto[0.         0.51828844 0.19411819] -> F: 0.07912468402124588
Punto[1.         0.45710342 0.35422177] -> F: 0.3559622902544192
Punto[2.         0.4715153  0.43845882] -> F: 0.18296390419262692
Punto[1.         0.49490187 0.3162885 ] -> F: 0.3422582272086423
Punto[1.         0.45785939 0.3534631 ] -> F: 0.35736984902099583
Punto[1.         0.45860024 0.35271961] -> F: 0.3587679240458674
Punto[1.         0.45934109 0.35197612] -> F: 0.36018447794443
Punto[1.         0.46008194 0.35123263] -> F: 0.36109576137320987
Punto[1.         0.46082279 0.35048914] -> F: 0.36198786129299504
Punto[1.         0.46156364 0.34974564] -> F: 0.36288489148270237
Punto[1.         0.46230449 0.34900215] -> F: 0.36380031174549526
Punto[1.         0.46304534 0.34825866] -> F: 0.3647349559938781
Punto[1.         0.46378619 0.34751517] -> F: 0.365688824227851
Punto[1.         0.46452704 0.34677168] -> F: 0.3666619164474137
Punto[1.         0.46526789 0.34602818] -> F: 0.3676542326525666
Punto[1.         0.46600874 0.34528469] -> F: 0.3686657728433091
Punto[1.         0.46674959 0.3445412 ] -> F: 0.36969653701964167
Punto[1.         0.46749044 0.34379771] -> F: 0.3707465251815643
Punto[1.         0.46823129 0.34305422] -> F: 0.3702151035484624
Punto[1.         0.46897214 0.34231072] -> F: 0.3694245577627396
Punto[1.         0.46971299 0.34156723] -> F: 0.36863498233639325
Punto[1.         0.47045384 0.34082374] -> F: 0.36784637726942326
Punto[1.         0.47119469 0.34008025] -> F: 0.3670587425618296
Punto[1.         0.47193553 0.33933676] -> F: 0.3662720782136123
Punto[1.         0.47267638 0.33859326] -> F: 0.36548638422477137
Punto[1.         0.47341723 0.33784977] -> F: 0.36470166059530673
Punto[1.         0.47415808 0.33710628] -> F: 0.36391790732521856
Punto[1.         0.47489893 0.33636279] -> F: 0.36313512441450657
Punto[1.         0.47563978 0.3356193 ] -> F: 0.362353311863171
Punto[1.         0.47638063 0.3348758 ] -> F: 0.36157246967121187
Punto[1.         0.47712148 0.33413231] -> F: 0.36079259783862894
Punto[1.         0.47786233 0.33338882] -> F: 0.36001369636542246
Punto[1.         0.47860318 0.33264533] -> F: 0.3592357652515923
Punto[1.         0.47934403 0.33190184] -> F: 0.3584550609581136
Punto[1.         0.48008488 0.33115834] -> F: 0.3576741802016483
Punto[1.         0.48082573 0.33041485] -> F: 0.3568942820932876
Punto[1.         0.48156658 0.32967136] -> F: 0.35611536663303117
Punto[1.         0.48230743 0.32892787] -> F: 0.35533743382087923
Punto[1.         0.48304828 0.32818438] -> F: 0.3545604836568318
Punto[1.         0.48378913 0.32744088] -> F: 0.35378451614088885
Punto[1.         0.48452998 0.32669739] -> F: 0.3530095312730503
Punto[1.         0.48527083 0.3259539 ] -> F: 0.35223552905331623
Punto[1.         0.48601168 0.32521041] -> F: 0.3514625094816866
Punto[1.         0.48675253 0.32446692] -> F: 0.3506904725581613
Punto[1.         0.48749338 0.32372342] -> F: 0.3499194182827406
Punto[1.         0.48823422 0.32297993] -> F: 0.3491493466554243
Punto[1.         0.48897507 0.32223644] -> F: 0.3483802576762124
Punto[1.         0.48971592 0.32149295] -> F: 0.347612151345105
Punto[1.         0.49045677 0.32074946] -> F: 0.346845027662102
Punto[1.         0.49119762 0.32000596] -> F: 0.34607888662720354
Punto[1.         0.49193847 0.31926247] -> F: 0.3453137282404094
Punto[1.         0.49267932 0.31851898] -> F: 0.34454955250171987
Punto[1.         0.49342017 0.31777549] -> F: 0.3437863594111346
Punto[1.         0.49416102 0.317032  ] -> F: 0.34302414896865396
Best centerpoint:  [1.         0.46749044 0.34379771] Best F:  0.3707465251815643 Best u:  [-0.21814324 -0.97591676 -0.        ] índice:  14
{
  "seed": 18779,
  "n_per_z": 5,
  "nz": 100,
  "nd": 100,
  "n_muestras": 50,
  "best_f": 0.3707465251815643,
  "best_cp": [
    1.0,
    0.46749043766262455,
    0.3437977084313674
  ],
  "best_u": [
    -0.2181432413965427,
    -0.9759167619387473,
    -0.0
  ],
  "n_candidatos": 54
}
