Punto[0.         0.48066618 0.44256439] -> F: 0.13053607323128694
Punto[1.         0.51784533 0.4957046 ] -> F: 0.45800156747203297
Punto[2.         0.5568688  0.53593111] -> F: 0.14857152421177203
Punto[1.         0.51876749 0.48924775] -> F: 0.45503775229977156
Punto[1.         0.51786378 0.49557546] -> F: 0.4579620860318471
Punto[1.         0.51788185 0.49544891] -> F: 0.4579234621680282
Punto[1.         0.51789993 0.49532236] -> F: 0.4578849055654336
Punto[1.        0.517918  0.4951958] -> F: 0.4578464162240635
Punto[1.         0.51793607 0.49506925] -> F: 0.4578079941439176
Punto[1.         0.51795415 0.49494269] -> F: 0.45776963932499615
Punto[1.         0.51797222 0.49481614] -> F: 0.4577313517672988
Punto[1.         0.5179903  0.49468958] -> F: 0.4576931314708259
Punto[1.         0.51800837 0.49456303] -> F: 0.45765497843557745
Punto[1.         0.51802645 0.49443648] -> F: 0.45761689266155325
Punto[1.         0.51804452 0.49430992] -> F: 0.4575788741487534
Punto[1.         0.5180626  0.49418337] -> F: 0.45754092289717785
Punto[1.         0.51808067 0.49405681] -> F: 0.4575030389068268
Punto[1.         0.51809874 0.49393026] -> F: 0.4574652221776997
Punto[1.         0.51811682 0.4938037 ] -> F: 0.4574013469318635
Punto[1.         0.51813489 0.49367715] -> F: 0.4573353869729714
Punto[1.         0.51815297 0.4935506 ] -> F: 0.4572694444170756
Punto[1.         0.51817104 0.49342404] -> F: 0.45720351926417685
Punto[1.         0.51818912 0.49329749] -> F: 0.4571376115142753
Punto[1.         0.51820719 0.49317093] -> F: 0.4570717211673704
Punto[1.         0.51822526 0.49304438] -> F: 0.45700584822346235
Punto[1.         0.51824334 0.49291782] -> F: 0.45693999268255114
Punto[1.         0.51826141 0.49279127] -> F: 0.45687415454463726
Punto[1.         0.51827949 0.49266472] -> F: 0.45680833380971964
Punto[1.         0.51829756 0.49253816] -> F: 0.4567425304777991
Punto[1.         0.51831564 0.49241161] -> F: 0.45667674454887547
Punto[1.         0.51833371 0.49228505] -> F: 0.45661097602294887
Punto[1.         0.51835178 0.4921585 ] -> F: 0.4565452249000191
Punto[1.         0.51836986 0.49203194] -> F: 0.45647949118008635
Punto[1.         0.51838793 0.49190539] -> F: 0.45641377486315005
Punto[1.         0.51840601 0.49177884] -> F: 0.45634807594921084
Punto[1.         0.51842408 0.49165228] -> F: 0.45628239443826846
Punto[1.         0.51844216 0.49152573] -> F: 0.456216730330323
Punto[1.         0.51846023 0.49139917] -> F: 0.45615108362537454
Punto[1.         0.5184783  0.49127262] -> F: 0.45608545432342285
Punto[1.         0.51849638 0.49114606] -> F: 0.45601984242446797
Punto[1.         0.51851445 0.49101951] -> F: 0.45595424792851014
Punto[1.         0.51853253 0.49089296] -> F: 0.4558886708355492
Punto[1.        0.5185506 0.4907664] -> F: 0.4558231111455849
Punto[1.         0.51856868 0.49063985] -> F: 0.4557575688586176
Punto[1.         0.51858675 0.49051329] -> F: 0.45569204397464713
Punto[1.         0.51860482 0.49038674] -> F: 0.4556265364936736
Punto[1.         0.5186229  0.49026018] -> F: 0.45556104641569706
Punto[1.         0.51864097 0.49013363] -> F: 0.4554955737407172
Punto[1.         0.51865905 0.49000708] -> F: 0.45543011846873427
Punto[1.         0.51867712 0.48988052] -> F: 0.4553646805997485
Punto[1.         0.5186952  0.48975397] -> F: 0.45529926013375915
Punto[1.         0.51871327 0.48962741] -> F: 0.4552338570707671
Punto[1.         0.51873135 0.48950086] -> F: 0.4551684714107717
Punto[1.         0.51874942 0.4893743 ] -> F: 0.45510310315377334
{
  "seed": 10510,
  "n_per_z": 10,
  "nz": 100,
  "nd": 100,
  "n_muestras": 50,
  "best_f": 0.45800156747203297,
  "best_cp": [
    1.0,
    0.517845334332921,
    0.4957046013224189
  ],
  "best_u": [
    -0.3387379202452915,
    0.929296965386276,
    -0.14718617975799542
  ],
  "best_index": 1,
  "n_candidatos": 54
}
