Punto[0.         0.45134824 0.34075484] -> F: 0.08523700310298142
Punto[1.         0.51786448 0.38726137] -> F: 0.35684746555101465
Punto[2.         0.67368424 0.43271094] -> F: 0.18233573951823726
Punto[1.         0.56251624 0.38673289] -> F: 0.3560174473539307
Punto[1.         0.51875752 0.3872508 ] -> F: 0.3577826912658372
Punto[1.         0.51963269 0.38724044] -> F: 0.35869928552739194
Punto[1.         0.52050787 0.38723008] -> F: 0.35961595211198527
Punto[1.         0.52138304 0.38721973] -> F: 0.3605378532823339
Punto[1.         0.52225822 0.38720937] -> F: 0.36148069865501115
Punto[1.         0.52313339 0.38719901] -> F: 0.3624455724347162
Punto[1.         0.52400857 0.38718865] -> F: 0.36343247462144923
Punto[1.         0.52488374 0.38717829] -> F: 0.3644414052152104
Punto[1.         0.52575891 0.38716793] -> F: 0.3654723642159993
Punto[1.         0.52663409 0.38715758] -> F: 0.3665253516238161
Punto[1.         0.52750926 0.38714722] -> F: 0.3674564816282325
Punto[1.         0.52838444 0.38713686] -> F: 0.3683787945824809
Punto[1.         0.52925961 0.3871265 ] -> F: 0.3693011796782974
Punto[1.         0.53013479 0.38711614] -> F: 0.37022363691568166
Punto[1.         0.53100996 0.38710579] -> F: 0.3711461662946338
Punto[1.         0.53188513 0.38709543] -> F: 0.3720782723779093
Punto[1.         0.53276031 0.38708507] -> F: 0.37307846039331644
Punto[1.         0.53363548 0.38707471] -> F: 0.37415673173968883
Punto[1.         0.53451066 0.38706435] -> F: 0.37531308641702604
Punto[1.         0.53538583 0.38705399] -> F: 0.3765475244253285
Punto[1.         0.53626101 0.38704364] -> F: 0.37602389688057003
Punto[1.         0.53713618 0.38703328] -> F: 0.3753887986007064
Punto[1.         0.53801135 0.38702292] -> F: 0.37475419961515033
Punto[1.         0.53888653 0.38701256] -> F: 0.37412009992390194
Punto[1.        0.5397617 0.3870022] -> F: 0.3734864995269611
Punto[1.         0.54063688 0.38699185] -> F: 0.3728533984243278
Punto[1.         0.54151205 0.38698149] -> F: 0.37222079661600227
Punto[1.         0.54238723 0.38697113] -> F: 0.37158869410198425
Punto[1.         0.5432624  0.38696077] -> F: 0.3709570908822738
Punto[1.         0.54413758 0.38695041] -> F: 0.370325986956871
Punto[1.         0.54501275 0.38694005] -> F: 0.3696953823257758
Punto[1.         0.54588792 0.3869297 ] -> F: 0.3690652769889883
Punto[1.         0.5467631  0.38691934] -> F: 0.3684356709465081
Punto[1.         0.54763827 0.38690898] -> F: 0.3678065641983357
Punto[1.         0.54851345 0.38689862] -> F: 0.36717677155220724
Punto[1.         0.54938862 0.38688826] -> F: 0.36654393593323986
Punto[1.         0.5502638  0.38687791] -> F: 0.3659116071573007
Punto[1.         0.55113897 0.38686755] -> F: 0.3652797852243902
Punto[1.         0.55201414 0.38685719] -> F: 0.36464847013450796
Punto[1.         0.55288932 0.38684683] -> F: 0.36401766188765416
Punto[1.         0.55376449 0.38683647] -> F: 0.36338736048382864
Punto[1.         0.55463967 0.38682611] -> F: 0.36275756592303177
Punto[1.         0.55551484 0.38681576] -> F: 0.3621282782052633
Punto[1.         0.55639002 0.3868054 ] -> F: 0.36149949733052306
Punto[1.         0.55726519 0.38679504] -> F: 0.3608712232988112
Punto[1.         0.55814036 0.38678468] -> F: 0.3602434561101279
Punto[1.         0.55901554 0.38677432] -> F: 0.3596161957644729
Punto[1.         0.55989071 0.38676397] -> F: 0.3587662242374776
Punto[1.         0.56076589 0.38675361] -> F: 0.35784361528490954
Punto[1.         0.56164106 0.38674325] -> F: 0.35692735632372735
Best centerpoint:  [1.         0.53538583 0.38705399] Best F:  0.3765475244253285 Best u:  [-0.09410831 -0.96428455  0.24758619] índice:  20
{
  "seed": 5343,
  "n_per_z": 5,
  "nz": 100,
  "nd": 100,
  "n_muestras": 50,
  "best_f": 0.3765475244253285,
  "best_cp": [
    1.0,
    0.5353858319378046,
    0.38705399438139787
  ],
  "best_u": [
    -0.09410831331851438,
    -0.9642845547746814,
    0.24758619264276158
  ],
  "n_candidatos": 54
}
