Punto[0.         0.58890801 0.3570316 ] -> F: 0.1072195258853477
Punto[1.         0.57302642 0.47835557] -> F: 0.35604600898623573
Punto[2.         0.4984526  0.41851246] -> F: 0.1393316267496876
Punto[1.         0.54368031 0.38777203] -> F: 0.3929049927917531
Punto[1.        0.5724395 0.4765439] -> F: 0.35845960982695163
Punto[1.         0.57186432 0.47476846] -> F: 0.36084350556461675
Punto[1.         0.57128913 0.47299303] -> F: 0.3632457806714617
Punto[1.         0.57071395 0.47121759] -> F: 0.3656664351474865
Punto[1.         0.57013876 0.46944215] -> F: 0.3681054689926914
Punto[1.         0.56956358 0.46766671] -> F: 0.37056288220707606
Punto[1.         0.5689884  0.46589128] -> F: 0.37297518940319535
Punto[1.         0.56841321 0.46411584] -> F: 0.37540150498382485
Punto[1.         0.56783803 0.4623404 ] -> F: 0.377844927794744
Punto[1.         0.56726285 0.46056496] -> F: 0.38030545783595304
Punto[1.         0.56668766 0.45878953] -> F: 0.38278309510745184
Punto[1.         0.56611248 0.45701409] -> F: 0.3852778396092403
Punto[1.         0.56553729 0.45523865] -> F: 0.3877896913413189
Punto[1.         0.56496211 0.45346321] -> F: 0.39031865030368695
Punto[1.         0.56438693 0.45168778] -> F: 0.3928647164963451
Punto[1.         0.56381174 0.44991234] -> F: 0.39542788991929295
Punto[1.         0.56323656 0.4481369 ] -> F: 0.39800817057253074
Punto[1.         0.56266137 0.44636146] -> F: 0.40060555845605794
Punto[1.         0.56208619 0.44458603] -> F: 0.40319649797948054
Punto[1.         0.56151101 0.44281059] -> F: 0.40576575174813834
Punto[1.         0.56093582 0.44103515] -> F: 0.408351207804165
Punto[1.         0.56036064 0.43925972] -> F: 0.41095286614756066
Punto[1.         0.55978546 0.43748428] -> F: 0.41357072677832535
Punto[1.         0.55921027 0.43570884] -> F: 0.41620478969645874
Punto[1.         0.55863509 0.4339334 ] -> F: 0.418855054901961
Punto[1.         0.5580599  0.43215797] -> F: 0.42152152239483176
Punto[1.         0.55748472 0.43038253] -> F: 0.42420419217507194
Punto[1.         0.55690954 0.42860709] -> F: 0.42690306424268076
Punto[1.         0.55633435 0.42683165] -> F: 0.4296181385976584
Punto[1.         0.55575917 0.42505622] -> F: 0.42863539281159857
Punto[1.         0.55518398 0.42328078] -> F: 0.42710283245030684
Punto[1.         0.5546088  0.42150534] -> F: 0.4255020925160043
Punto[1.         0.55403362 0.4197299 ] -> F: 0.42382378885457356
Punto[1.         0.55345843 0.41795447] -> F: 0.42216529722000007
Punto[1.         0.55288325 0.41617903] -> F: 0.42052661761228366
Punto[1.         0.55230807 0.41440359] -> F: 0.4188596212854682
Punto[1.         0.55173288 0.41262815] -> F: 0.417184257590603
Punto[1.         0.5511577  0.41085272] -> F: 0.41552723042631207
Punto[1.         0.55058251 0.40907728] -> F: 0.4138885397925951
Punto[1.         0.55000733 0.40730184] -> F: 0.4122681856894525
Punto[1.         0.54943215 0.40552641] -> F: 0.4105795421298808
Punto[1.         0.54885696 0.40375097] -> F: 0.40875827657165026
Punto[1.         0.54828178 0.40197553] -> F: 0.40696250120277755
Punto[1.         0.5477066  0.40020009] -> F: 0.4051922160232627
Punto[1.         0.54713141 0.39842466] -> F: 0.40344742103310594
Punto[1.         0.54655623 0.39664922] -> F: 0.4016660281932403
Punto[1.         0.54598104 0.39487378] -> F: 0.39988722160293055
Punto[1.         0.54540586 0.39309834] -> F: 0.3981304459883082
Punto[1.         0.54483068 0.39132291] -> F: 0.3963957013493731
Punto[1.         0.54425549 0.38954747] -> F: 0.3946718317985439
{
  "seed": 68,
  "n_per_z": 5,
  "nz": 100,
  "nd": 100,
  "n_muestras": 50,
  "best_f": 0.4296181385976584,
  "best_cp": [
    1.0,
    0.556334352490429,
    0.4268316538062398
  ],
  "best_u": [
    -0.1564344650402308,
    -0.4484011233337102,
    0.8800367553350505
  ],
  "best_index": 32,
  "n_candidatos": 54
}
