Punto[0.         0.47098158 0.49120419] -> F: 0.13111858059562173
Punto[1.         0.43671403 0.5531756 ] -> F: 0.45562156970981116
Punto[2.         0.37301853 0.55101307] -> F: 0.12456318971446585
Punto[1.         0.42200005 0.52110863] -> F: 0.455390444837466
Punto[1.         0.43641975 0.55253426] -> F: 0.45630213618775445
Punto[1.         0.43613136 0.55190575] -> F: 0.45696943131481554
Punto[1.         0.43584296 0.55127723] -> F: 0.4576370629864251
Punto[1.         0.43555457 0.55064872] -> F: 0.45830503120258337
Punto[1.         0.43526618 0.55002021] -> F: 0.45897333596329
Punto[1.         0.43497778 0.5493917 ] -> F: 0.4596419772685453
Punto[1.         0.43468939 0.54876318] -> F: 0.4603098442715516
Punto[1.         0.43440099 0.54813467] -> F: 0.4609537540299177
Punto[1.         0.4341126  0.54750616] -> F: 0.46159797626419086
Punto[1.         0.43382421 0.54687765] -> F: 0.46224251097437147
Punto[1.         0.43353581 0.54624913] -> F: 0.4628873581604589
Punto[1.         0.43324742 0.54562062] -> F: 0.4635325178224539
Punto[1.         0.43295902 0.54499211] -> F: 0.4641779899603558
Punto[1.         0.43267063 0.54436359] -> F: 0.4648237745741653
Punto[1.         0.43238224 0.54373508] -> F: 0.46546987166388165
Punto[1.         0.43209384 0.54310657] -> F: 0.46611628122950544
Punto[1.         0.43180545 0.54247806] -> F: 0.46676300327103637
Punto[1.         0.43151705 0.54184954] -> F: 0.4674100377884743
Punto[1.         0.43122866 0.54122103] -> F: 0.46805738478181963
Punto[1.         0.43094027 0.54059252] -> F: 0.4687050442510721
Punto[1.         0.43065187 0.53996401] -> F: 0.4693530161962319
Punto[1.         0.43036348 0.53933549] -> F: 0.47000130061729883
Punto[1.         0.43007508 0.53870698] -> F: 0.4706498975142731
Punto[1.         0.42978669 0.53807847] -> F: 0.47129880688715436
Punto[1.         0.4294983  0.53744996] -> F: 0.4719480287359428
Punto[1.         0.4292099  0.53682144] -> F: 0.4725975630606386
Punto[1.         0.42892151 0.53619293] -> F: 0.4732474098612415
Punto[1.         0.42863311 0.53556442] -> F: 0.47329897979604424
Punto[1.         0.42834472 0.5349359 ] -> F: 0.47291212928276183
Punto[1.         0.42805633 0.53430739] -> F: 0.4724761231372909
Punto[1.         0.42776793 0.53367888] -> F: 0.4716596547541034
Punto[1.         0.42747954 0.53305037] -> F: 0.47084359936147335
Punto[1.         0.42719114 0.53242185] -> F: 0.47002795695940064
Punto[1.         0.42690275 0.53179334] -> F: 0.4692127275478854
Punto[1.         0.42661436 0.53116483] -> F: 0.4683979111269279
Punto[1.         0.42632596 0.53053632] -> F: 0.46758350769652757
Punto[1.         0.42603757 0.5299078 ] -> F: 0.4667695172566848
Punto[1.         0.42574917 0.52927929] -> F: 0.4659559398073993
Punto[1.         0.42546078 0.52865078] -> F: 0.4651427753486715
Punto[1.         0.42517239 0.52802227] -> F: 0.46433002388050104
Punto[1.         0.42488399 0.52739375] -> F: 0.4635176854028882
Punto[1.         0.4245956  0.52676524] -> F: 0.46270575991583257
Punto[1.         0.42430721 0.52613673] -> F: 0.4618942474193345
Punto[1.         0.42401881 0.52550822] -> F: 0.4610831479133939
Punto[1.         0.42373042 0.5248797 ] -> F: 0.46027246139801065
Punto[1.         0.42344202 0.52425119] -> F: 0.45946218787318494
Punto[1.         0.42315363 0.52362268] -> F: 0.4586523273389168
Punto[1.         0.42286524 0.52299416] -> F: 0.4578425677796318
Punto[1.         0.42257684 0.52236565] -> F: 0.4570247807865598
Punto[1.         0.42228845 0.52173714] -> F: 0.4562074064725045
{
  "seed": 15923,
  "n_per_z": 10,
  "nz": 100,
  "nd": 100,
  "n_muestras": 50,
  "best_f": 0.47329897979604424,
  "best_cp": [
    1.0,
    0.4286331146470166,
    0.5355644175719911
  ],
  "best_u": [
    0.48175367410171543,
    -0.32259000460574255,
    -0.8147693455315836
  ],
  "best_index": 31,
  "n_candidatos": 54
}
