Punto[0.         0.53691025 0.3943114 ] -> F: 0.07291576804918096
Punto[1.        0.5326063 0.5311466] -> F: 0.3695253901898071
Punto[2.         0.33705787 0.47279972] -> F: 0.09935134667947267
Punto[1.         0.43698406 0.43355556] -> F: 0.32237390222025303
Punto[1.         0.53069386 0.52919478] -> F: 0.37308744167052005
Punto[1.         0.52881966 0.52728199] -> F: 0.37636763866363077
Punto[1.         0.52694547 0.52536921] -> F: 0.37948984180713613
Punto[1.         0.52507127 0.52345642] -> F: 0.38264142008340213
Punto[1.         0.52319707 0.52154364] -> F: 0.38583107138903433
Punto[1.         0.52132288 0.51963085] -> F: 0.3890587957240319
Punto[1.         0.51944868 0.51771807] -> F: 0.3923245930883954
Punto[1.         0.51757449 0.51580529] -> F: 0.3956284634821248
Punto[1.         0.51570029 0.5138925 ] -> F: 0.39897040690521973
Punto[1.         0.51382609 0.51197972] -> F: 0.4023504233576811
Punto[1.         0.5119519  0.51006693] -> F: 0.4053985311565974
Punto[1.         0.5100777  0.50815415] -> F: 0.40802015430641625
Punto[1.         0.50820351 0.50624136] -> F: 0.4106660434551972
Punto[1.         0.50632931 0.50432858] -> F: 0.4133275031756559
Punto[1.         0.50445511 0.5024158 ] -> F: 0.4135442740068402
Punto[1.         0.50258092 0.50050301] -> F: 0.41078973326229723
Punto[1.         0.50070672 0.49859023] -> F: 0.40804853670341734
Punto[1.         0.49883253 0.49667744] -> F: 0.4053206843302007
Punto[1.         0.49695833 0.49476466] -> F: 0.402606176142647
Punto[1.         0.49508413 0.49285187] -> F: 0.3999050121407563
Punto[1.         0.49320994 0.49093909] -> F: 0.3972171923245289
Punto[1.         0.49133574 0.4890263 ] -> F: 0.39454271669396435
Punto[1.         0.48946155 0.48711352] -> F: 0.391881585249063
Punto[1.         0.48758735 0.48520074] -> F: 0.3892337979898248
Punto[1.         0.48571315 0.48328795] -> F: 0.3865993549162496
Punto[1.         0.48383896 0.48137517] -> F: 0.3839782560283374
Punto[1.         0.48196476 0.47946238] -> F: 0.3813705013260883
Punto[1.         0.48009057 0.4775496 ] -> F: 0.37877609080950236
Punto[1.         0.47821637 0.47563681] -> F: 0.3761948880611942
Punto[1.         0.47634217 0.47372403] -> F: 0.3736094572762018
Punto[1.         0.47446798 0.47181125] -> F: 0.37103755586514353
Punto[1.         0.47259378 0.46989846] -> F: 0.36847918382801925
Punto[1.         0.47071959 0.46798568] -> F: 0.3659343411648292
Punto[1.         0.46884539 0.46607289] -> F: 0.36340302787557327
Punto[1.         0.4669712  0.46416011] -> F: 0.3608852439602513
Punto[1.         0.465097   0.46224732] -> F: 0.35838098941886337
Punto[1.         0.4632228  0.46033454] -> F: 0.3558902642514096
Punto[1.         0.46134861 0.45842176] -> F: 0.35341306845789017
Punto[1.         0.45947441 0.45650897] -> F: 0.35094940203830455
Punto[1.         0.45760022 0.45459619] -> F: 0.34849926499265305
Punto[1.         0.45572602 0.4526834 ] -> F: 0.3460626573209358
Punto[1.         0.45385182 0.45077062] -> F: 0.34363957902315256
Punto[1.         0.45197763 0.44885783] -> F: 0.34123003009930336
Punto[1.         0.45010343 0.44694505] -> F: 0.33883401054938833
Punto[1.         0.44822924 0.44503226] -> F: 0.33645152037340736
Punto[1.         0.44635504 0.44311948] -> F: 0.33408255957136046
Punto[1.         0.44448084 0.4412067 ] -> F: 0.3317271281432477
Punto[1.         0.44260665 0.43929391] -> F: 0.3293705665163947
Punto[1.         0.44073245 0.43738113] -> F: 0.32702460896984675
Punto[1.         0.43885826 0.43546834] -> F: 0.3246923875377996
Best centerpoint:  [1.         0.50445511 0.5024158 ] Best F:  0.4135442740068402 Best u:  [-0.99950656 -0.01683073 -0.02652098] índice:  15
{
  "seed": 17181,
  "n_per_z": 5,
  "nz": 100,
  "nd": 100,
  "n_muestras": 50,
  "best_f": 0.4135442740068402,
  "best_cp": [
    1.0,
    0.504455113856364,
    0.5024157952645886
  ],
  "best_u": [
    -0.9995065603657316,
    -0.016830726364690903,
    -0.026520981050879647
  ],
  "n_candidatos": 54
}
