Punto[0.         0.44846223 0.44001953] -> F: 0.122867716605632
Punto[1.         0.50453239 0.52744311] -> F: 0.4363427673639035
Punto[2.         0.46577722 0.65339498] -> F: 0.10758171860683985
Punto[1.         0.45711973 0.54670725] -> F: 0.43740022184699945
Punto[1.         0.50358413 0.52782839] -> F: 0.4379477778526877
Punto[1.         0.50265485 0.52820597] -> F: 0.4395197509539811
Punto[1.         0.50172556 0.52858355] -> F: 0.441093539029234
Punto[1.         0.50079627 0.52896112] -> F: 0.4426691420784463
Punto[1.         0.49986698 0.5293387 ] -> F: 0.444246560101618
Punto[1.         0.49893769 0.52971628] -> F: 0.44582104375034304
Punto[1.         0.49800841 0.53009386] -> F: 0.44737449129987616
Punto[1.         0.49707912 0.53047143] -> F: 0.4489296719063648
Punto[1.         0.49614983 0.53084901] -> F: 0.45048658556980825
Punto[1.         0.49522054 0.53122659] -> F: 0.4520452322902066
Punto[1.         0.49429125 0.53160416] -> F: 0.45360561206755995
Punto[1.         0.49336196 0.53198174] -> F: 0.4551531854916458
Punto[1.         0.49243268 0.53235932] -> F: 0.45669027577753696
Punto[1.         0.49150339 0.5327369 ] -> F: 0.45771159262146505
Punto[1.         0.4905741  0.53311447] -> F: 0.4574023850252704
Punto[1.         0.48964481 0.53349205] -> F: 0.4570954982865618
Punto[1.         0.48871552 0.53386963] -> F: 0.45679093240533947
Punto[1.         0.48778624 0.5342472 ] -> F: 0.45648868738160314
Punto[1.         0.48685695 0.53462478] -> F: 0.456187574007654
Punto[1.         0.48592766 0.53500236] -> F: 0.45588635452314075
Punto[1.         0.48499837 0.53537994] -> F: 0.4555825680568066
Punto[1.         0.48406908 0.53575751] -> F: 0.455268683055574
Punto[1.         0.4831398  0.53613509] -> F: 0.4549558141254253
Punto[1.         0.48221051 0.53651267] -> F: 0.45464396126636053
Punto[1.         0.48128122 0.53689024] -> F: 0.4543331244783799
Punto[1.         0.48035193 0.53726782] -> F: 0.4540233037614832
Punto[1.         0.47942264 0.5376454 ] -> F: 0.4537144991156705
Punto[1.         0.47849335 0.53802298] -> F: 0.4534067105409418
Punto[1.         0.47756407 0.53840055] -> F: 0.4530999380372971
Punto[1.         0.47663478 0.53877813] -> F: 0.4527941816047364
Punto[1.         0.47570549 0.53915571] -> F: 0.45248944124325957
Punto[1.         0.4747762  0.53953329] -> F: 0.45218571695286686
Punto[1.         0.47384691 0.53991086] -> F: 0.451883008733558
Punto[1.         0.47291763 0.54028844] -> F: 0.45155871284513993
Punto[1.         0.47198834 0.54066602] -> F: 0.4509216074418253
Punto[1.         0.47105905 0.54104359] -> F: 0.4502846103065263
Punto[1.         0.47012976 0.54142117] -> F: 0.44964773004759895
Punto[1.         0.46920047 0.54179875] -> F: 0.44901374372932507
Punto[1.         0.46827119 0.54217633] -> F: 0.4483848673433773
Punto[1.        0.4673419 0.5425539] -> F: 0.4477611008897553
Punto[1.         0.46641261 0.54293148] -> F: 0.4471424443684599
Punto[1.         0.46548332 0.54330906] -> F: 0.44652889777949023
Punto[1.         0.46455403 0.54368663] -> F: 0.4459204611228468
Punto[1.         0.46362475 0.54406421] -> F: 0.4453171343985291
Punto[1.         0.46269546 0.54444179] -> F: 0.4447189179286663
Punto[1.         0.46176617 0.54481937] -> F: 0.44412582343442486
Punto[1.         0.46083688 0.54519694] -> F: 0.4435378568053183
Punto[1.         0.45990759 0.54557452] -> F: 0.4429303001266547
Punto[1.        0.4589783 0.5459521] -> F: 0.44108321160749026
Punto[1.         0.45804902 0.54632967] -> F: 0.43923985218093864
Best centerpoint:  [1.         0.49150339 0.5327369 ] Best F:  0.45771159262146505 Best u:  [0.12533323 0.0622954  0.99015699] índice:  14
{
  "seed": 7513,
  "n_per_z": 5,
  "nz": 100,
  "nd": 100,
  "n_muestras": 50,
  "best_f": 0.45771159262146505,
  "best_cp": [
    1.0,
    0.4915033886350536,
    0.5327368962060322
  ],
  "best_u": [
    0.12533323356430448,
    0.06229539752820577,
    0.9901569895784801
  ],
  "n_candidatos": 54
}
