Punto[0.         0.65709597 0.54509844] -> F: 0.15145235037856278
Punto[1.         0.5775084  0.59746636] -> F: 0.4398020170194117
Punto[2.        0.5132959 0.6313157] -> F: 0.15383447914758927
Punto[1.         0.58519594 0.58820707] -> F: 0.4459011461988418
Punto[1.         0.57766215 0.59728117] -> F: 0.43999893489164205
Punto[1.         0.57781283 0.59709969] -> F: 0.44019280429968816
Punto[1.         0.57796351 0.59691821] -> F: 0.44038755461217344
Punto[1.         0.57811418 0.59673673] -> F: 0.44058318582909795
Punto[1.         0.57826486 0.59655524] -> F: 0.44077969795046157
Punto[1.         0.57841553 0.59637376] -> F: 0.4409770909762648
Punto[1.         0.57856621 0.59619228] -> F: 0.44117536490650716
Punto[1.         0.57871688 0.5960108 ] -> F: 0.4413745197411887
Punto[1.         0.57886756 0.59582931] -> F: 0.4415745554803095
Punto[1.         0.57901824 0.59564783] -> F: 0.44177547212386964
Punto[1.         0.57916891 0.59546635] -> F: 0.4419772696718692
Punto[1.         0.57931959 0.59528487] -> F: 0.44217994812430783
Punto[1.         0.57947026 0.59510339] -> F: 0.44238350748118577
Punto[1.         0.57962094 0.5949219 ] -> F: 0.44258794774250293
Punto[1.         0.57977161 0.59474042] -> F: 0.44279326890825954
Punto[1.         0.57992229 0.59455894] -> F: 0.44296132918011877
Punto[1.         0.58007296 0.59437746] -> F: 0.4431288359306536
Punto[1.         0.58022364 0.59419598] -> F: 0.44329632612556796
Punto[1.         0.58037432 0.59401449] -> F: 0.4434637997648623
Punto[1.         0.58052499 0.59383301] -> F: 0.443631256848536
Punto[1.         0.58067567 0.59365153] -> F: 0.44379869737658945
Punto[1.         0.58082634 0.59347005] -> F: 0.44396612134902247
Punto[1.         0.58097702 0.59328857] -> F: 0.4441335287658351
Punto[1.         0.58112769 0.59310708] -> F: 0.4443009196270273
Punto[1.         0.58127837 0.5929256 ] -> F: 0.4444682939325992
Punto[1.         0.58142905 0.59274412] -> F: 0.4446356516825506
Punto[1.         0.58157972 0.59256264] -> F: 0.44480299287688185
Punto[1.         0.5817304  0.59238116] -> F: 0.44497031751559263
Punto[1.         0.58188107 0.59219967] -> F: 0.445137625598683
Punto[1.         0.58203175 0.59201819] -> F: 0.44530491712615305
Punto[1.         0.58218242 0.59183671] -> F: 0.44547219209800265
Punto[1.         0.5823331  0.59165523] -> F: 0.44563945051423187
Punto[1.         0.58248378 0.59147375] -> F: 0.44580669237484083
Punto[1.         0.58263445 0.59129226] -> F: 0.4459739176798294
Punto[1.         0.58278513 0.59111078] -> F: 0.4461411264291975
Punto[1.        0.5829358 0.5909293] -> F: 0.4463083186229453
Punto[1.         0.58308648 0.59074782] -> F: 0.44647549426107264
Punto[1.         0.58323715 0.59056634] -> F: 0.4466426533435797
Punto[1.         0.58338783 0.59038485] -> F: 0.4468097958704664
Punto[1.         0.58353851 0.59020337] -> F: 0.44697694128068166
Punto[1.         0.58368918 0.59002189] -> F: 0.4471503333794471
Punto[1.         0.58383986 0.58984041] -> F: 0.4473349520067474
Punto[1.         0.58399053 0.58965893] -> F: 0.4475307971625826
Punto[1.         0.58414121 0.58947744] -> F: 0.44735875127248526
Punto[1.         0.58429188 0.58929596] -> F: 0.447150526077842
Punto[1.         0.58444256 0.58911448] -> F: 0.4469422995160016
Punto[1.         0.58459323 0.588933  ] -> F: 0.4467340715869638
Punto[1.         0.58474391 0.58875152] -> F: 0.44652584229072917
Punto[1.         0.58489459 0.58857003] -> F: 0.4463176116272972
Punto[1.         0.58504526 0.58838855] -> F: 0.4461093795966682
{
  "seed": 4215,
  "n_per_z": 10,
  "nz": 100,
  "nd": 100,
  "n_muestras": 50,
  "best_f": 0.4475307971625826,
  "best_cp": [
    1.0,
    0.5839905319970702,
    0.5896589252819717
  ],
  "best_u": [
    -0.3090169943749471,
    -0.14877801734965793,
    0.9393474323917529
  ],
  "best_index": 46,
  "n_candidatos": 54
}
