Punto[0.         0.52132516 0.41666566] -> F: 0.14211987448197724
Punto[1.         0.52594327 0.48414179] -> F: 0.4172446913371337
Punto[2.         0.56651223 0.43461906] -> F: 0.10333184180903428
Punto[1.         0.54391869 0.42564236] -> F: 0.4064581587608927
Punto[1.         0.52630277 0.4829718 ] -> F: 0.41869224077316197
Punto[1.         0.52665509 0.48182521] -> F: 0.4200956112504017
Punto[1.         0.52700741 0.48067862] -> F: 0.4215006748840545
Punto[1.         0.52735973 0.47953203] -> F: 0.42290743167412026
Punto[1.         0.52771205 0.47838545] -> F: 0.42429238211136033
Punto[1.         0.52806437 0.47723886] -> F: 0.42562520677317284
Punto[1.         0.52841668 0.47609227] -> F: 0.4269355367329564
Punto[1.         0.528769   0.47494568] -> F: 0.4282473649680726
Punto[1.         0.52912132 0.47379909] -> F: 0.4295544234352097
Punto[1.         0.52947364 0.4726525 ] -> F: 0.43084112860544604
Punto[1.         0.52982596 0.47150591] -> F: 0.432129272600278
Punto[1.         0.53017828 0.47035932] -> F: 0.43277207314146793
Punto[1.         0.53053059 0.46921273] -> F: 0.43209333837997815
Punto[1.         0.53088291 0.46806615] -> F: 0.4314155453184235
Punto[1.         0.53123523 0.46691956] -> F: 0.43073869395680414
Punto[1.         0.53158755 0.46577297] -> F: 0.43006278429512
Punto[1.         0.53193987 0.46462638] -> F: 0.429387816333371
Punto[1.         0.53229219 0.46347979] -> F: 0.42871379007155735
Punto[1.         0.53264451 0.4623332 ] -> F: 0.4280407055096788
Punto[1.         0.53299682 0.46118661] -> F: 0.42736856264773565
Punto[1.         0.53334914 0.46004002] -> F: 0.4266876694718935
Punto[1.         0.53370146 0.45889344] -> F: 0.42600616398821367
Punto[1.         0.53405378 0.45774685] -> F: 0.4253256321329375
Punto[1.         0.5344061  0.45660026] -> F: 0.4246460739060649
Punto[1.         0.53475842 0.45545367] -> F: 0.4239674893075958
Punto[1.         0.53511073 0.45430708] -> F: 0.42328987833753046
Punto[1.         0.53546305 0.45316049] -> F: 0.4226132409958685
Punto[1.         0.53581537 0.4520139 ] -> F: 0.4219375772826102
Punto[1.         0.53616769 0.45086731] -> F: 0.4212628871977555
Punto[1.         0.53652001 0.44972072] -> F: 0.42058917074130436
Punto[1.         0.53687233 0.44857414] -> F: 0.4199164279132568
Punto[1.         0.53722464 0.44742755] -> F: 0.4192446587136128
Punto[1.         0.53757696 0.44628096] -> F: 0.4185738631423723
Punto[1.         0.53792928 0.44513437] -> F: 0.4179040411995354
Punto[1.         0.5382816  0.44398778] -> F: 0.41723107691241007
Punto[1.         0.53863392 0.44284119] -> F: 0.4165519402706651
Punto[1.         0.53898624 0.4416946 ] -> F: 0.41587381041240346
Punto[1.         0.53933856 0.44054801] -> F: 0.41519668733762505
Punto[1.         0.53969087 0.43940142] -> F: 0.4145205710463298
Punto[1.         0.54004319 0.43825484] -> F: 0.4138454615385177
Punto[1.         0.54039551 0.43710825] -> F: 0.41317135881418887
Punto[1.         0.54074783 0.43596166] -> F: 0.41249826287334324
Punto[1.         0.54110015 0.43481507] -> F: 0.4118261737159808
Punto[1.         0.54145247 0.43366848] -> F: 0.41115509134210154
Punto[1.         0.54180478 0.43252189] -> F: 0.41048501575170565
Punto[1.        0.5421571 0.4313753] -> F: 0.4098159469447928
Punto[1.         0.54250942 0.43022871] -> F: 0.4091478849213633
Punto[1.         0.54286174 0.42908213] -> F: 0.40848082968141675
Punto[1.         0.54321406 0.42793554] -> F: 0.4078097798968735
Punto[1.         0.54356638 0.42678895] -> F: 0.4071334486759771
{
  "seed": 2312,
  "n_per_z": 10,
  "nz": 100,
  "nd": 100,
  "n_muestras": 50,
  "best_f": 0.43277207314146793,
  "best_cp": [
    1.0,
    0.5301782765353735,
    0.470359323753204
  ],
  "best_u": [
    0.5620833778521307,
    0.6029157909958399,
    -0.5661756134894892
  ],
  "best_index": 15,
  "n_candidatos": 54
}
