Punto[0.         0.48098416 0.54977186] -> F: 0.15186151212534757
Punto[1.         0.48447981 0.47675491] -> F: 0.4280826604087649
Punto[2.         0.4713239  0.46674175] -> F: 0.14167986847011665
Punto[1.         0.47615403 0.5082568 ] -> F: 0.4525374153513754
Punto[1.         0.48431329 0.47738494] -> F: 0.4290854605173452
Punto[1.         0.48415011 0.47800238] -> F: 0.43006971663438376
Punto[1.         0.48398692 0.47861982] -> F: 0.43105546948921786
Punto[1.         0.48382374 0.47923725] -> F: 0.4320427190818472
Punto[1.         0.48366055 0.47985469] -> F: 0.43300251342500257
Punto[1.         0.48349737 0.48047213] -> F: 0.43395700775164225
Punto[1.         0.48333418 0.48108957] -> F: 0.4349128294501287
Punto[1.       0.483171 0.481707] -> F: 0.43586997852046194
Punto[1.         0.48300781 0.48232444] -> F: 0.4368284549626421
Punto[1.         0.48284463 0.48294188] -> F: 0.43778825877666905
Punto[1.         0.48268144 0.48355932] -> F: 0.43874938996254287
Punto[1.         0.48251825 0.48417675] -> F: 0.4397118485202635
Punto[1.         0.48235507 0.48479419] -> F: 0.44067563444983093
Punto[1.         0.48219188 0.48541163] -> F: 0.44164074775124557
Punto[1.         0.4820287  0.48602906] -> F: 0.44260718842450664
Punto[1.         0.48186551 0.4866465 ] -> F: 0.4435749564696145
Punto[1.         0.48170233 0.48726394] -> F: 0.4445440518865694
Punto[1.         0.48153914 0.48788138] -> F: 0.44551051395626995
Punto[1.         0.48137596 0.48849881] -> F: 0.44644945856915047
Punto[1.         0.48121277 0.48911625] -> F: 0.4473895964526749
Punto[1.         0.48104959 0.48973369] -> F: 0.4483309276068439
Punto[1.         0.4808864  0.49035112] -> F: 0.4492734520316567
Punto[1.         0.48072322 0.49096856] -> F: 0.4502171697271138
Punto[1.         0.48056003 0.491586  ] -> F: 0.4511620806932149
Punto[1.         0.48039685 0.49220344] -> F: 0.45210818492996036
Punto[1.         0.48023366 0.49282087] -> F: 0.45305548243734983
Punto[1.         0.48007048 0.49343831] -> F: 0.45400397321538355
Punto[1.         0.47990729 0.49405575] -> F: 0.4549536572640612
Punto[1.         0.4797441  0.49467319] -> F: 0.4559045345833832
Punto[1.         0.47958092 0.49529062] -> F: 0.4568566051733492
Punto[1.         0.47941773 0.49590806] -> F: 0.45780986903395954
Punto[1.         0.47925455 0.4965255 ] -> F: 0.4587595905805584
Punto[1.         0.47909136 0.49714293] -> F: 0.45968465381276946
Punto[1.         0.47892818 0.49776037] -> F: 0.4606108010377163
Punto[1.         0.47876499 0.49837781] -> F: 0.4615380322553988
Punto[1.         0.47860181 0.49899525] -> F: 0.46246634746581705
Punto[1.         0.47843862 0.49961268] -> F: 0.46203194825875815
Punto[1.         0.47827544 0.50023012] -> F: 0.461326347068426
Punto[1.         0.47811225 0.50084756] -> F: 0.46062483116402875
Punto[1.         0.47794907 0.501465  ] -> F: 0.45992755596527424
Punto[1.         0.47778588 0.50208243] -> F: 0.459234521472162
Punto[1.         0.4776227  0.50269987] -> F: 0.45854572768469226
Punto[1.         0.47745951 0.50331731] -> F: 0.4578611746028649
Punto[1.         0.47729633 0.50393474] -> F: 0.4571808622266801
Punto[1.         0.47713314 0.50455218] -> F: 0.45650479055613763
Punto[1.         0.47696995 0.50516962] -> F: 0.4558329595912379
Punto[1.         0.47680677 0.50578706] -> F: 0.4551653693319804
Punto[1.         0.47664358 0.50640449] -> F: 0.4545020197783655
Punto[1.         0.4764804  0.50702193] -> F: 0.453842910930393
Punto[1.         0.47631721 0.50763937] -> F: 0.45318804278806296
{
  "seed": 14671,
  "n_per_z": 10,
  "nz": 100,
  "nd": 100,
  "n_muestras": 50,
  "best_f": 0.46246634746581705,
  "best_cp": [
    1.0,
    0.47860180786237655,
    0.4989952461090764
  ],
  "best_u": [
    0.12533323356430415,
    -0.18590375695213052,
    -0.9745416223617125
  ],
  "best_index": 39,
  "n_candidatos": 54
}
