Punto[0.         0.57437248 0.49209895] -> F: 0.14542811560329771
Punto[1.         0.47421706 0.53748493] -> F: 0.3811124983057657
Punto[2.         0.48576475 0.48006399] -> F: 0.13965290424540291
Punto[1.         0.53006861 0.48608147] -> F: 0.4334061600802407
Punto[1.         0.47533409 0.53645686] -> F: 0.3837612556024354
Punto[1.         0.47642878 0.53544935] -> F: 0.3863646763121014
Punto[1.         0.47752347 0.53444184] -> F: 0.3889756584235361
Punto[1.         0.47861816 0.53343433] -> F: 0.39159420193673955
Punto[1.         0.47971285 0.53242683] -> F: 0.39422030685171217
Punto[1.         0.48080754 0.53141932] -> F: 0.39685397316845333
Punto[1.         0.48190223 0.53041181] -> F: 0.3994952008869634
Punto[1.         0.48299692 0.5294043 ] -> F: 0.4021439900072424
Punto[1.         0.48409161 0.5283968 ] -> F: 0.40480034052928976
Punto[1.         0.4851863  0.52738929] -> F: 0.4074642524531062
Punto[1.         0.48628099 0.52638178] -> F: 0.4101357257786914
Punto[1.         0.48737568 0.52537427] -> F: 0.4127857129983978
Punto[1.         0.48847037 0.52436676] -> F: 0.41543441852350466
Punto[1.         0.48956506 0.52335926] -> F: 0.4180904614571217
Punto[1.         0.49065975 0.52235175] -> F: 0.42075384179924913
Punto[1.         0.49175445 0.52134424] -> F: 0.4234245595498866
Punto[1.         0.49284914 0.52033673] -> F: 0.42610261470903443
Punto[1.         0.49394383 0.51932922] -> F: 0.4287880072766924
Punto[1.         0.49503852 0.51832172] -> F: 0.4314807372528605
Punto[1.         0.49613321 0.51731421] -> F: 0.43418080463753883
Punto[1.        0.4972279 0.5163067] -> F: 0.43688820943072737
Punto[1.         0.49832259 0.51529919] -> F: 0.439602951632426
Punto[1.         0.49941728 0.51429169] -> F: 0.442325031242635
Punto[1.         0.50051197 0.51328418] -> F: 0.44505444826135443
Punto[1.         0.50160666 0.51227667] -> F: 0.4477912026885835
Punto[1.         0.50270135 0.51126916] -> F: 0.45053525444877723
Punto[1.         0.50379604 0.51026165] -> F: 0.4532848729805796
Punto[1.         0.50489073 0.50925415] -> F: 0.45603913657043493
Punto[1.         0.50598542 0.50824664] -> F: 0.4587980452183433
Punto[1.         0.50708011 0.50723913] -> F: 0.46156159892430443
Punto[1.         0.5081748  0.50623162] -> F: 0.4642931065834364
Punto[1.         0.50926949 0.50522412] -> F: 0.4644105752645845
Punto[1.         0.51036418 0.50421661] -> F: 0.4625418981651542
Punto[1.         0.51145887 0.5032091 ] -> F: 0.4607023119768104
Punto[1.         0.51255356 0.50220159] -> F: 0.4588918166995529
Punto[1.         0.51364826 0.50119408] -> F: 0.45697105652890885
Punto[1.         0.51474295 0.50018658] -> F: 0.4549491386610284
Punto[1.         0.51583764 0.49917907] -> F: 0.45300454845831023
Punto[1.         0.51693233 0.49817156] -> F: 0.4511730778003626
Punto[1.         0.51802702 0.49716405] -> F: 0.4494547266871854
Punto[1.         0.51912171 0.49615655] -> F: 0.4478494951187786
Punto[1.         0.5202164  0.49514904] -> F: 0.44635738309514217
Punto[1.         0.52131109 0.49414153] -> F: 0.4449783906162762
Punto[1.         0.52240578 0.49313402] -> F: 0.4436609617925704
Punto[1.         0.52350047 0.49212651] -> F: 0.4423395041391197
Punto[1.         0.52459516 0.49111901] -> F: 0.4409282433499521
Punto[1.         0.52568985 0.4901115 ] -> F: 0.4394780812882142
Punto[1.         0.52678454 0.48910399] -> F: 0.43805870509326467
Punto[1.         0.52787923 0.48809648] -> F: 0.43667011476510303
Punto[1.         0.52897392 0.48708898] -> F: 0.4353123103037298
{
  "seed": 15279,
  "n_per_z": 10,
  "nz": 100,
  "nd": 100,
  "n_muestras": 50,
  "best_f": 0.4644105752645845,
  "best_cp": [
    1.0,
    0.5092694932724329,
    0.505224115894802
  ],
  "best_u": [
    0.27899110603922916,
    0.5644464663104908,
    -0.776893911303601
  ],
  "best_index": 35,
  "n_candidatos": 54
}
