Punto[0.         0.58698089 0.69542874] -> F: 0.09535789407579634
Punto[1.         0.53770094 0.5776293 ] -> F: 0.38060108897524886
Punto[2.         0.56834724 0.56337847] -> F: 0.16081562903551916
Punto[1.         0.57766407 0.62940361] -> F: 0.368765125976577
Punto[1.         0.5385002  0.57866478] -> F: 0.38366183603525744
Punto[1.         0.53928348 0.57967956] -> F: 0.3866803376567594
Punto[1.         0.54006676 0.58069434] -> F: 0.38971761716981634
Punto[1.         0.54085003 0.58170911] -> F: 0.3923469480669887
Punto[1.         0.54163331 0.58272389] -> F: 0.3948513943117607
Punto[1.         0.54241659 0.58373867] -> F: 0.397365947671579
Punto[1.         0.54319986 0.58475344] -> F: 0.3998987692788713
Punto[1.         0.54398314 0.58576822] -> F: 0.4024498591336375
Punto[1.         0.54476642 0.586783  ] -> F: 0.4050192172358778
Punto[1.         0.5455497  0.58779777] -> F: 0.4076068435855918
Punto[1.         0.54633297 0.58881255] -> F: 0.41021273818278003
Punto[1.         0.54711625 0.58982733] -> F: 0.41283690102744197
Punto[1.         0.54789953 0.5908421 ] -> F: 0.41317240897865115
Punto[1.         0.54868281 0.59185688] -> F: 0.411985031734754
Punto[1.         0.54946608 0.59287165] -> F: 0.41079906206026734
Punto[1.         0.55024936 0.59388643] -> F: 0.4096144999551914
Punto[1.         0.55103264 0.59490121] -> F: 0.40843134541952586
Punto[1.         0.55181592 0.59591598] -> F: 0.407249598453271
Punto[1.         0.55259919 0.59693076] -> F: 0.4060692590564267
Punto[1.         0.55338247 0.59794554] -> F: 0.4048903272289929
Punto[1.         0.55416575 0.59896031] -> F: 0.40371280297096973
Punto[1.         0.55494902 0.59997509] -> F: 0.40253668628235706
Punto[1.         0.5557323  0.60098987] -> F: 0.40136197716315514
Punto[1.         0.55651558 0.60200464] -> F: 0.40018867561336363
Punto[1.         0.55729886 0.60301942] -> F: 0.39901678163298265
Punto[1.         0.55808213 0.6040342 ] -> F: 0.39784629522201226
Punto[1.         0.55886541 0.60504897] -> F: 0.3966707462363004
Punto[1.         0.55964869 0.60606375] -> F: 0.395487807735363
Punto[1.         0.56043197 0.60707853] -> F: 0.3943063138943125
Punto[1.         0.56121524 0.6080933 ] -> F: 0.39312626471314815
Punto[1.         0.56199852 0.60910808] -> F: 0.39194766019187066
Punto[1.         0.5627818  0.61012286] -> F: 0.39077050033047966
Punto[1.         0.56356507 0.61113763] -> F: 0.3895947851289751
Punto[1.         0.56434835 0.61215241] -> F: 0.38842051458735743
Punto[1.         0.56513163 0.61316718] -> F: 0.3872476887056258
Punto[1.         0.56591491 0.61418196] -> F: 0.3860763074837813
Punto[1.         0.56669818 0.61519674] -> F: 0.3849063709218229
Punto[1.         0.56748146 0.61621151] -> F: 0.38373787901975126
Punto[1.         0.56826474 0.61722629] -> F: 0.38257083177756623
Punto[1.         0.56904802 0.61824107] -> F: 0.38140534721583985
Punto[1.         0.56983129 0.61925584] -> F: 0.3802417595806647
Punto[1.         0.57061457 0.62027062] -> F: 0.3790802035529701
Punto[1.         0.57139785 0.6212854 ] -> F: 0.37792158047031765
Punto[1.         0.57218113 0.62230017] -> F: 0.37676608322565086
Punto[1.         0.5729644  0.62331495] -> F: 0.3756137118189696
Punto[1.         0.57374768 0.62432973] -> F: 0.37446446625027363
Punto[1.         0.57453096 0.6253445 ] -> F: 0.37331834651956336
Punto[1.         0.57531423 0.62635928] -> F: 0.3721753526268385
Punto[1.         0.57609751 0.62737406] -> F: 0.3710354845720991
Punto[1.         0.57688079 0.62838883] -> F: 0.36989874235534526
Best centerpoint:  [1.         0.54789953 0.5908421 ] Best F:  0.41317240897865115 Best u:  [-0.27899111  0.65736626  0.70002397] índice:  13
{
  "seed": 16254,
  "n_per_z": 5,
  "nz": 100,
  "nd": 100,
  "n_muestras": 50,
  "best_f": 0.41317240897865115,
  "best_cp": [
    1.0,
    0.5478995284193301,
    0.5908421019121389
  ],
  "best_u": [
    -0.27899110603922916,
    0.6573662633717452,
    0.7000239699693696
  ],
  "n_candidatos": 54
}
