Punto[0.         0.36091014 0.6431623 ] -> F: 0.12428050846010996
Punto[1.         0.61523216 0.49766821] -> F: 0.29613762762875434
Punto[2.         0.58938829 0.48711325] -> F: 0.04585727196646984
Punto[1.         0.47514922 0.56513777] -> F: 0.22557405327122648
Punto[1.        0.6124305 0.4990176] -> F: 0.29964716717653067
Punto[1.         0.60968487 0.50034   ] -> F: 0.30319216061995713
Punto[1.         0.60693925 0.50166241] -> F: 0.30704357557078826
Punto[1.         0.60419362 0.50298481] -> F: 0.311224489097908
Punto[1.         0.60144799 0.50430721] -> F: 0.31573490120131653
Punto[1.         0.59870237 0.50562962] -> F: 0.3197391585649738
Punto[1.         0.59595674 0.50695202] -> F: 0.3236808752090616
Punto[1.         0.59321112 0.50827442] -> F: 0.3283988306257937
Punto[1.         0.59046549 0.50959683] -> F: 0.33417782467147383
Punto[1.         0.58771987 0.51091923] -> F: 0.3408698285480248
Punto[1.         0.58497424 0.51224163] -> F: 0.3472294515390342
Punto[1.         0.58222861 0.51356404] -> F: 0.352328663390326
Punto[1.         0.57948299 0.51488644] -> F: 0.3488407000823983
Punto[1.         0.57673736 0.51620884] -> F: 0.34535549933350645
Punto[1.         0.57399174 0.51753125] -> F: 0.3418594979644568
Punto[1.         0.57124611 0.51885365] -> F: 0.33838479668213584
Punto[1.         0.56850049 0.52017605] -> F: 0.33493139548654305
Punto[1.         0.56575486 0.52149846] -> F: 0.3314992943776786
Punto[1.         0.56300924 0.52282086] -> F: 0.32808849335554263
Punto[1.         0.56026361 0.52414327] -> F: 0.32469699546210057
Punto[1.         0.55751798 0.52546567] -> F: 0.3212785020442139
Punto[1.         0.55477236 0.52678807] -> F: 0.3178819517931274
Punto[1.         0.55202673 0.52811048] -> F: 0.31450734470884084
Punto[1.         0.54928111 0.52943288] -> F: 0.3111546807913544
Punto[1.         0.54653548 0.53075528] -> F: 0.3078239600406677
Punto[1.         0.54378986 0.53207769] -> F: 0.3045099354119132
Punto[1.         0.54104423 0.53340009] -> F: 0.30117201375102887
Punto[1.         0.5382986  0.53472249] -> F: 0.2978567255219997
Punto[1.         0.53555298 0.5360449 ] -> F: 0.29456407072482577
Punto[1.         0.53280735 0.5373673 ] -> F: 0.29129404935950687
Punto[1.         0.53006173 0.5386897 ] -> F: 0.28804666142604307
Punto[1.         0.5273161  0.54001211] -> F: 0.28479557373651826
Punto[1.         0.52457048 0.54133451] -> F: 0.28154164223857464
Punto[1.         0.52182485 0.54265691] -> F: 0.2783110879179836
Punto[1.         0.51907923 0.54397932] -> F: 0.2751039107747449
Punto[1.         0.5163336  0.54530172] -> F: 0.2719201108088591
Punto[1.         0.51358797 0.54662413] -> F: 0.26874873718758646
Punto[1.         0.51084235 0.54794653] -> F: 0.26555844042916105
Punto[1.         0.50809672 0.54926893] -> F: 0.2623923255649409
Punto[1.         0.5053511  0.55059134] -> F: 0.25925039259492655
Punto[1.         0.50260547 0.55191374] -> F: 0.2561326415191177
Punto[1.         0.49985985 0.55323614] -> F: 0.2530295929444595
Punto[1.         0.49711422 0.55455855] -> F: 0.24990548484927458
Punto[1.         0.4943686  0.55588095] -> F: 0.24680643331288454
Punto[1.         0.49162297 0.55720335] -> F: 0.24373243833528954
Punto[1.         0.48887734 0.55852576] -> F: 0.24068349991648952
Punto[1.         0.48613172 0.55984816] -> F: 0.23763815235414834
Punto[1.         0.48338609 0.56117056] -> F: 0.23458310956330378
Punto[1.         0.48064047 0.56249297] -> F: 0.23155407878586878
Punto[1.         0.47789484 0.56381537] -> F: 0.22855106002184286
Best centerpoint:  [1.         0.58222861 0.51356404] Best F:  0.352328663390326 Best u:  [ 0.97591676 -0.16363166  0.14426071] índice:  12
{
  "seed": 13650,
  "n_per_z": 5,
  "nz": 100,
  "nd": 100,
  "n_muestras": 50,
  "best_f": 0.352328663390326,
  "best_cp": [
    1.0,
    0.5822286148303726,
    0.5135640372667898
  ],
  "best_u": [
    0.9759167619387474,
    -0.16363166013661606,
    0.1442607138756952
  ],
  "n_candidatos": 54
}
