Punto[0.         0.63877886 0.33925146] -> F: 0.04245960291175714
Punto[1.         0.49546149 0.56329264] -> F: 0.31061311667707203
Punto[2.         0.56514153 0.35196132] -> F: 0.12886803510651754
Punto[1.         0.6019602  0.34560639] -> F: 0.22760292167576612
Punto[1.         0.49759147 0.55893891] -> F: 0.3146444545889449
Punto[1.         0.49967884 0.55467226] -> F: 0.31862209216217213
Punto[1.         0.50176622 0.55040561] -> F: 0.3228739552811226
Punto[1.         0.50385359 0.54613896] -> F: 0.32709166591715966
Punto[1.         0.50594097 0.54187231] -> F: 0.3325372836206243
Punto[1.         0.50802834 0.53760566] -> F: 0.33808652563335206
Punto[1.         0.51011571 0.53333901] -> F: 0.34289100972047765
Punto[1.         0.51220309 0.52907236] -> F: 0.3472075753633977
Punto[1.         0.51429046 0.52480571] -> F: 0.3515491896850138
Punto[1.         0.51637784 0.52053906] -> F: 0.35592127516480204
Punto[1.         0.51846521 0.51627241] -> F: 0.3604970593341289
Punto[1.         0.52055259 0.51200576] -> F: 0.3613019730571187
Punto[1.         0.52263996 0.50773911] -> F: 0.35800095279844174
Punto[1.         0.52472734 0.50347246] -> F: 0.3546890288863211
Punto[1.         0.52681471 0.49920581] -> F: 0.3513661667646355
Punto[1.         0.52890209 0.49493916] -> F: 0.3480323189340057
Punto[1.         0.53098946 0.4906725 ] -> F: 0.3446864339283531
Punto[1.         0.53307683 0.48640585] -> F: 0.3413295803501455
Punto[1.         0.53516421 0.4821392 ] -> F: 0.33796191054640184
Punto[1.         0.53725158 0.47787255] -> F: 0.3345835752173339
Punto[1.         0.53933896 0.4736059 ] -> F: 0.3311941949274781
Punto[1.         0.54142633 0.46933925] -> F: 0.32779266038177496
Punto[1.         0.54351371 0.4650726 ] -> F: 0.3243808095572672
Punto[1.         0.54560108 0.46080595] -> F: 0.32095793499610253
Punto[1.         0.54768846 0.4565393 ] -> F: 0.3175232101611804
Punto[1.         0.54977583 0.45227265] -> F: 0.3140784375819088
Punto[1.         0.55186321 0.448006  ] -> F: 0.31062136530501844
Punto[1.         0.55395058 0.44373935] -> F: 0.3071539650028578
Punto[1.         0.55603796 0.4394727 ] -> F: 0.3036751343587592
Punto[1.         0.55812533 0.43520605] -> F: 0.30018512186874546
Punto[1.        0.5602127 0.4309394] -> F: 0.2966845979501445
Punto[1.         0.56230008 0.42667275] -> F: 0.29317189660665516
Punto[1.         0.56438745 0.4224061 ] -> F: 0.28965638479572503
Punto[1.         0.56647483 0.41813945] -> F: 0.28614796203601967
Punto[1.        0.5685622 0.4138728] -> F: 0.28264681992157814
Punto[1.         0.57064958 0.40960614] -> F: 0.2791529584524008
Punto[1.         0.57273695 0.40533949] -> F: 0.27566637762848717
Punto[1.         0.57482433 0.40107284] -> F: 0.27218707744983767
Punto[1.         0.5769117  0.39680619] -> F: 0.2687150579164521
Punto[1.         0.57899908 0.39253954] -> F: 0.26525031902833046
Punto[1.         0.58108645 0.38827289] -> F: 0.2617928607854727
Punto[1.         0.58317382 0.38400624] -> F: 0.2583420150885174
Punto[1.         0.5852612  0.37973959] -> F: 0.25489740870276095
Punto[1.         0.58734857 0.37547294] -> F: 0.2514600902075338
Punto[1.         0.58943595 0.37120629] -> F: 0.24803005960283606
Punto[1.         0.59152332 0.36693964] -> F: 0.24460731688866763
Punto[1.         0.5936107  0.36267299] -> F: 0.24119186206502866
Punto[1.         0.59569807 0.35840634] -> F: 0.23778369513191894
Punto[1.         0.59778545 0.35413969] -> F: 0.23438281608933867
Punto[1.         0.59987282 0.34987304] -> F: 0.23098922493728774
Best centerpoint:  [1.         0.52055259 0.51200576] Best F:  0.3613019730571187 Best u:  [-0.4539905  -0.22158431 -0.86301392] índice:  12
{
  "seed": 18529,
  "n_per_z": 5,
  "nz": 100,
  "nd": 100,
  "n_muestras": 50,
  "best_f": 0.3613019730571187,
  "best_cp": [
    1.0,
    0.5205525874063972,
    0.5120057570331051
  ],
  "best_u": [
    -0.4539904997395468,
    -0.2215843119635546,
    -0.8630139157846034
  ],
  "n_candidatos": 54
}
