Punto[0.         0.53467095 0.59014785] -> F: 0.16194279625036997
Punto[1.         0.49074906 0.62647243] -> F: 0.42086957048573775
Punto[2.         0.42028353 0.67445318] -> F: 0.11338840239118914
Punto[1.         0.47747724 0.63230052] -> F: 0.4236293112919551
Punto[1.         0.49048362 0.62658899] -> F: 0.4210588112585864
Punto[1.         0.49022349 0.62670322] -> F: 0.42124435259105486
Punto[1.         0.48996336 0.62681745] -> F: 0.4214299784362256
Punto[1.         0.48970324 0.62693168] -> F: 0.42161568879409844
Punto[1.         0.48944311 0.62704591] -> F: 0.4218014836646735
Punto[1.         0.48918298 0.62716014] -> F: 0.4219873630479509
Punto[1.         0.48892285 0.62727438] -> F: 0.42217332694393045
Punto[1.         0.48866273 0.62738861] -> F: 0.4223593753526123
Punto[1.         0.4884026  0.62750284] -> F: 0.42254550827399634
Punto[1.         0.48814247 0.62761707] -> F: 0.42272315096761653
Punto[1.         0.48788234 0.6277313 ] -> F: 0.4228974717401137
Punto[1.         0.48762222 0.62784553] -> F: 0.42307186284052906
Punto[1.         0.48736209 0.62795976] -> F: 0.4232463242688626
Punto[1.         0.48710196 0.62807399] -> F: 0.4234208560251143
Punto[1.         0.48684183 0.62818822] -> F: 0.42359545810928445
Punto[1.         0.4865817  0.62830245] -> F: 0.42377013052137236
Punto[1.         0.48632158 0.62841668] -> F: 0.4239448732613787
Punto[1.         0.48606145 0.62853091] -> F: 0.42411968632930314
Punto[1.         0.48580132 0.62864514] -> F: 0.42429456972514595
Punto[1.         0.48554119 0.62875937] -> F: 0.4244695234489069
Punto[1.         0.48528107 0.6288736 ] -> F: 0.42464454750058594
Punto[1.         0.48502094 0.62898783] -> F: 0.4248196418801832
Punto[1.         0.48476081 0.62910206] -> F: 0.42499480658769867
Punto[1.         0.48450068 0.62921629] -> F: 0.4251700416231322
Punto[1.         0.48424056 0.62933052] -> F: 0.42534534698648413
Punto[1.         0.48398043 0.62944475] -> F: 0.42529378327109413
Punto[1.         0.4837203  0.62955898] -> F: 0.42522643789391196
Punto[1.         0.48346017 0.62967322] -> F: 0.4251591563915645
Punto[1.         0.48320005 0.62978745] -> F: 0.4250919387640517
Punto[1.         0.48293992 0.62990168] -> F: 0.4250247850113738
Punto[1.         0.48267979 0.63001591] -> F: 0.42495769513353054
Punto[1.         0.48241966 0.63013014] -> F: 0.42489066913052204
Punto[1.         0.48215954 0.63024437] -> F: 0.4248237070023481
Punto[1.         0.48189941 0.6303586 ] -> F: 0.42475680874900895
Punto[1.         0.48163928 0.63047283] -> F: 0.42468997437050454
Punto[1.         0.48137915 0.63058706] -> F: 0.4246232038668349
Punto[1.         0.48111903 0.63070129] -> F: 0.42455649723799993
Punto[1.         0.4808589  0.63081552] -> F: 0.4244898544839997
Punto[1.         0.48059877 0.63092975] -> F: 0.42442327560483406
Punto[1.         0.48033864 0.63104398] -> F: 0.42435676060050326
Punto[1.         0.48007851 0.63115821] -> F: 0.4242903094710071
Punto[1.         0.47981839 0.63127244] -> F: 0.4242239222163457
Punto[1.         0.47955826 0.63138667] -> F: 0.4241575988365191
Punto[1.         0.47929813 0.6315009 ] -> F: 0.424091339331527
Punto[1.         0.479038   0.63161513] -> F: 0.4240251437013698
Punto[1.         0.47877788 0.63172936] -> F: 0.4239590119460472
Punto[1.         0.47851775 0.63184359] -> F: 0.42389294406555933
Punto[1.         0.47825762 0.63195782] -> F: 0.42382694005990623
Punto[1.         0.47799749 0.63207206] -> F: 0.4237609999290878
Punto[1.         0.47773737 0.63218629] -> F: 0.4236951236731042
{
  "seed": 12813,
  "n_per_z": 10,
  "nz": 100,
  "nd": 100,
  "n_muestras": 50,
  "best_f": 0.42534534698648413,
  "best_cp": [
    1.0,
    0.4842405564212665,
    0.6293305239460076
  ],
  "best_u": [
    0.30901699437494745,
    0.7866003696649597,
    0.5345730592074598
  ],
  "best_index": 28,
  "n_candidatos": 54
}
