Punto[0.         0.54349106 0.46296455] -> F: 0.1546570218728093
Punto[1.         0.4971646  0.46373069] -> F: 0.4070163799498684
Punto[2.         0.47916605 0.48290746] -> F: 0.09749115673176782
Punto[1.         0.51132855 0.472936  ] -> F: 0.42283957700449987
Punto[1.         0.49744788 0.4639148 ] -> F: 0.40736133525962004
Punto[1.         0.49772549 0.46409522] -> F: 0.40769429887459874
Punto[1.         0.4980031  0.46427564] -> F: 0.40802455169272095
Punto[1.         0.49828072 0.46445607] -> F: 0.40835828851509537
Punto[1.         0.49855833 0.46463649] -> F: 0.40869550934172155
Punto[1.         0.49883594 0.46481692] -> F: 0.4090362141725998
Punto[1.         0.49911356 0.46499734] -> F: 0.4093804030077299
Punto[1.         0.49939117 0.46517776] -> F: 0.40972807584711163
Punto[1.         0.49966879 0.46535819] -> F: 0.41007923269074564
Punto[1.         0.4999464  0.46553861] -> F: 0.41043387353863164
Punto[1.         0.50022401 0.46571904] -> F: 0.4107919983907694
Punto[1.         0.50050163 0.46589946] -> F: 0.41115360724715905
Punto[1.         0.50077924 0.46607989] -> F: 0.41151870010780073
Punto[1.         0.50105685 0.46626031] -> F: 0.41188727697269434
Punto[1.         0.50133447 0.46644073] -> F: 0.4122485238421122
Punto[1.         0.50161208 0.46662116] -> F: 0.41260862245141433
Punto[1.         0.50188969 0.46680158] -> F: 0.412955818554661
Punto[1.         0.50216731 0.46698201] -> F: 0.41324342399893577
Punto[1.         0.50244492 0.46716243] -> F: 0.4135315793741888
Punto[1.         0.50272253 0.46734285] -> F: 0.41382028468042004
Punto[1.         0.50300015 0.46752328] -> F: 0.4141095399176297
Punto[1.         0.50327776 0.4677037 ] -> F: 0.4143993450858176
Punto[1.         0.50355537 0.46788413] -> F: 0.4146897001849837
Punto[1.         0.50383299 0.46806455] -> F: 0.4149806052151282
Punto[1.         0.5041106  0.46824498] -> F: 0.41527206017625107
Punto[1.         0.50438822 0.4684254 ] -> F: 0.4155640650683521
Punto[1.         0.50466583 0.46860582] -> F: 0.41585661989143147
Punto[1.         0.50494344 0.46878625] -> F: 0.41614972464548927
Punto[1.         0.50522106 0.46896667] -> F: 0.4164350052239604
Punto[1.         0.50549867 0.4691471 ] -> F: 0.4167188753026449
Punto[1.         0.50577628 0.46932752] -> F: 0.417003435554704
Punto[1.         0.5060539  0.46950794] -> F: 0.4172886859801372
Punto[1.         0.50633151 0.46968837] -> F: 0.417574626578945
Punto[1.         0.50660912 0.46986879] -> F: 0.41786125735112695
Punto[1.         0.50688674 0.47004922] -> F: 0.41814857829668334
Punto[1.         0.50716435 0.47022964] -> F: 0.41843658941561424
Punto[1.         0.50744196 0.47041007] -> F: 0.41872529070791925
Punto[1.         0.50771958 0.47059049] -> F: 0.41901468217359883
Punto[1.         0.50799719 0.47077091] -> F: 0.4193047638126527
Punto[1.         0.5082748  0.47095134] -> F: 0.4195955356250809
Punto[1.         0.50855242 0.47113176] -> F: 0.4198869976108835
Punto[1.         0.50883003 0.47131219] -> F: 0.42017914977006043
Punto[1.         0.50910765 0.47149261] -> F: 0.42047199210261194
Punto[1.         0.50938526 0.47167303] -> F: 0.4207655246085375
Punto[1.         0.50966287 0.47185346] -> F: 0.42105974728783757
Punto[1.         0.50994049 0.47203388] -> F: 0.4213546601405121
Punto[1.         0.5102181  0.47221431] -> F: 0.4216502631665609
Punto[1.         0.51049571 0.47239473] -> F: 0.4219465563659842
Punto[1.         0.51077333 0.47257515] -> F: 0.4222435397387815
Punto[1.         0.51105094 0.47275558] -> F: 0.4225412132849534
{
  "seed": 4165,
  "n_per_z": 10,
  "nz": 100,
  "nd": 100,
  "n_muestras": 50,
  "best_f": 0.42283957700449987,
  "best_cp": [
    1.0,
    0.5113285534096141,
    0.4729360031948656
  ],
  "best_u": [
    0.3090169943749471,
    -0.6932903632838675,
    -0.6510429858044681
  ],
  "best_index": 3,
  "n_candidatos": 54
}
