Punto[0.         0.44147829 0.56205992] -> F: 0.08959361899561447
Punto[1.         0.48865233 0.60195934] -> F: 0.3086801040040721
Punto[2.         0.36280912 0.58110894] -> F: 0.16346721590567823
Punto[1.         0.4021437  0.57158443] -> F: 0.3405438788000886
Punto[1.         0.48692216 0.60135184] -> F: 0.31179984907027797
Punto[1.         0.48522659 0.60075649] -> F: 0.31490117509513077
Punto[1.         0.48353102 0.60016115] -> F: 0.31799364831348137
Punto[1.         0.48183545 0.5995658 ] -> F: 0.32113206048096316
Punto[1.         0.48013988 0.59897045] -> F: 0.3243164115975764
Punto[1.         0.47844431 0.5983751 ] -> F: 0.327546701663321
Punto[1.         0.47674874 0.59777975] -> F: 0.3307625146319707
Punto[1.         0.47505317 0.5971844 ] -> F: 0.333990693113171
Punto[1.         0.4733576  0.59658906] -> F: 0.33725573831354927
Punto[1.         0.47166203 0.59599371] -> F: 0.3405576502331061
Punto[1.         0.46996647 0.59539836] -> F: 0.34389642887184063
Punto[1.         0.4682709  0.59480301] -> F: 0.34698515888186343
Punto[1.         0.46657533 0.59420766] -> F: 0.34980285098472486
Punto[1.         0.46487976 0.59361232] -> F: 0.3526664820367177
Punto[1.         0.46318419 0.59301697] -> F: 0.35557605203784176
Punto[1.         0.46148862 0.59242162] -> F: 0.3585315609880976
Punto[1.         0.45979305 0.59182627] -> F: 0.36153300888748435
Punto[1.         0.45809748 0.59123092] -> F: 0.3645803957360025
Punto[1.         0.45640191 0.59063557] -> F: 0.3676737215336525
Punto[1.         0.45470634 0.59004023] -> F: 0.3708129862804334
Punto[1.         0.45301077 0.58944488] -> F: 0.37275217312692627
Punto[1.         0.45131521 0.58884953] -> F: 0.37179008093982957
Punto[1.         0.44961964 0.58825418] -> F: 0.37083019543943607
Punto[1.         0.44792407 0.58765883] -> F: 0.369872516625746
Punto[1.         0.4462285  0.58706349] -> F: 0.36889714263200046
Punto[1.         0.44453293 0.58646814] -> F: 0.3679044274401196
Punto[1.         0.44283736 0.58587279] -> F: 0.36691410581727163
Punto[1.         0.44114179 0.58527744] -> F: 0.36592617776345626
Punto[1.         0.43944622 0.58468209] -> F: 0.36490659698220673
Punto[1.         0.43775065 0.58408674] -> F: 0.3638834999625163
Punto[1.         0.43605508 0.5834914 ] -> F: 0.36286299571482333
Punto[1.         0.43435951 0.58289605] -> F: 0.36183686924788006
Punto[1.         0.43266395 0.5823007 ] -> F: 0.3607807632099239
Punto[1.         0.43096838 0.58170535] -> F: 0.35972746284570467
Punto[1.         0.42927281 0.58111   ] -> F: 0.3586769681552224
Punto[1.         0.42757724 0.58051466] -> F: 0.3576061975253438
Punto[1.         0.42588167 0.57991931] -> F: 0.35651977235864296
Punto[1.         0.4241861  0.57932396] -> F: 0.3554363810771756
Punto[1.         0.42249053 0.57872861] -> F: 0.3543560236809415
Punto[1.         0.42079496 0.57813326] -> F: 0.3532403714339472
Punto[1.         0.41909939 0.57753792] -> F: 0.35212365168983834
Punto[1.         0.41740382 0.57694257] -> F: 0.3510102112432754
Punto[1.         0.41570826 0.57634722] -> F: 0.34989000172180124
Punto[1.         0.41401269 0.57575187] -> F: 0.34873938877948485
Punto[1.         0.41231712 0.57515652] -> F: 0.34759231997887396
Punto[1.         0.41062155 0.57456117] -> F: 0.3464487953199685
Punto[1.         0.40892598 0.57396583] -> F: 0.34528453697719214
Punto[1.         0.40723041 0.57337048] -> F: 0.3441031461611223
Punto[1.         0.40553484 0.57277513] -> F: 0.3429255864103274
Punto[1.         0.40383927 0.57217978] -> F: 0.34175185772480715
Best centerpoint:  [1.         0.45301077 0.58944488] Best F:  0.37275217312692627 Best u:  [-0.50904142 -0.75427399  0.41466563] índice:  21
{
  "seed": 17721,
  "n_per_z": 5,
  "nz": 100,
  "nd": 100,
  "n_muestras": 50,
  "best_f": 0.37275217312692627,
  "best_cp": [
    1.0,
    0.45301077464504136,
    0.589444878363729
  ],
  "best_u": [
    -0.5090414157503713,
    -0.7542739880580515,
    0.4146656339629076
  ],
  "n_candidatos": 54
}
