Punto[0.         0.83336044 0.36373241] -> F: 0.07652278381593214
Punto[1.         0.65171192 0.5399674 ] -> F: 0.3438711150734117
Punto[2.         0.63037444 0.56517809] -> F: 0.15331626937641232
Punto[1.         0.73186744 0.46445525] -> F: 0.31637197194444844
Punto[1.         0.65331503 0.53845715] -> F: 0.34720521264465903
Punto[1.         0.65488607 0.53697711] -> F: 0.35041646508685126
Punto[1.         0.65645712 0.53549708] -> F: 0.3535490228628998
Punto[1.         0.65802817 0.53401704] -> F: 0.35657650560755505
Punto[1.         0.65959922 0.532537  ] -> F: 0.3595131222744391
Punto[1.         0.66117027 0.53105696] -> F: 0.3623383819762768
Punto[1.         0.66274132 0.52957692] -> F: 0.3650637264053187
Punto[1.         0.66431236 0.52809689] -> F: 0.36776750912321887
Punto[1.         0.66588341 0.52661685] -> F: 0.37054584863742407
Punto[1.         0.66745446 0.52513681] -> F: 0.3733987449479346
Punto[1.         0.66902551 0.52365677] -> F: 0.37632619805475015
Punto[1.         0.67059656 0.52217673] -> F: 0.3793248032038211
Punto[1.        0.6721676 0.5206967] -> F: 0.38233722960276045
Punto[1.         0.67373865 0.51921666] -> F: 0.3846987307536084
Punto[1.         0.6753097  0.51773662] -> F: 0.38305361516345277
Punto[1.         0.67688075 0.51625658] -> F: 0.3814004870335561
Punto[1.         0.6784518  0.51477654] -> F: 0.37972641436953725
Punto[1.         0.68002285 0.51329651] -> F: 0.37804732129463264
Punto[1.         0.68159389 0.51181647] -> F: 0.37634458068789733
Punto[1.         0.68316494 0.51033643] -> F: 0.37463906311762385
Punto[1.         0.68473599 0.50885639] -> F: 0.37290803936633066
Punto[1.         0.68630704 0.50737635] -> F: 0.37117555644684913
Punto[1.         0.68787809 0.50589631] -> F: 0.36941675942402435
Punto[1.         0.68944914 0.50441628] -> F: 0.3676566817903537
Punto[1.         0.69102018 0.50293624] -> F: 0.365870783984504
Punto[1.         0.69259123 0.5014562 ] -> F: 0.3640823852136352
Punto[1.         0.69416228 0.49997616] -> F: 0.36227191474125753
Punto[1.         0.69573333 0.49849612] -> F: 0.3604551518327977
Punto[1.         0.69730438 0.49701609] -> F: 0.3586265216858974
Punto[1.         0.69887542 0.49553605] -> F: 0.35678080318696176
Punto[1.         0.70044647 0.49405601] -> F: 0.3549361436654826
Punto[1.         0.70201752 0.49257597] -> F: 0.35306043148836797
Punto[1.         0.70358857 0.49109593] -> F: 0.35118782645435204
Punto[1.         0.70515962 0.4896159 ] -> F: 0.3492953159327865
Punto[1.         0.70673067 0.48813586] -> F: 0.34739165809388195
Punto[1.         0.70830171 0.48665582] -> F: 0.34548377035044103
Punto[1.         0.70987276 0.48517578] -> F: 0.34354977901021877
Punto[1.         0.71144381 0.48369574] -> F: 0.34161823769368277
Punto[1.         0.71301486 0.48221571] -> F: 0.3396553040251865
Punto[1.         0.71458591 0.48073567] -> F: 0.3376934339517644
Punto[1.         0.71615696 0.47925563] -> F: 0.3357154897388599
Punto[1.         0.717728   0.47777559] -> F: 0.33373632233954087
Punto[1.         0.71929905 0.47629555] -> F: 0.3317670965851015
Punto[1.         0.7208701  0.47481551] -> F: 0.3298078124755425
Punto[1.         0.72244115 0.47333548] -> F: 0.3278584700108632
Punto[1.         0.7240122  0.47185544] -> F: 0.3259190691910641
Punto[1.         0.72558324 0.4703754 ] -> F: 0.32398961001614485
Punto[1.         0.72715429 0.46889536] -> F: 0.3220700924861057
Punto[1.         0.72872534 0.46741532] -> F: 0.3201605166009465
Punto[1.         0.73029639 0.46593529] -> F: 0.3182609105003176
Best centerpoint:  [1.         0.67373865 0.51921666] Best F:  0.3846987307536084 Best u:  [-0.9921147   0.06037975 -0.10983035] índice:  14
{
  "seed": 11445,
  "n_per_z": 5,
  "nz": 100,
  "nd": 100,
  "n_muestras": 50,
  "best_f": 0.3846987307536084,
  "best_cp": [
    1.0,
    0.6737386529996565,
    0.5192166576137266
  ],
  "best_u": [
    -0.9921147013144779,
    0.06037974575665202,
    -0.10983034980389758
  ],
  "n_candidatos": 54
}
