Punto[0.         0.61783709 0.43405873] -> F: 0.1667231970311577
Punto[1.         0.55893139 0.46880124] -> F: 0.3768643617840769
Punto[2.         0.40628302 0.44063304] -> F: 0.07486781600008091
Punto[1.         0.51206006 0.43734588] -> F: 0.3621484206342816
Punto[1.         0.55799396 0.46817213] -> F: 0.3789354687416616
Punto[1.         0.55707529 0.46755561] -> F: 0.38096072978946777
Punto[1.         0.55615661 0.46693908] -> F: 0.38299240137703827
Punto[1.         0.55523793 0.46632256] -> F: 0.3850304835043732
Punto[1.         0.55431925 0.46570603] -> F: 0.38705886443962095
Punto[1.         0.55340057 0.46508951] -> F: 0.3890527047494147
Punto[1.         0.5524819  0.46447298] -> F: 0.39105262875423336
Punto[1.         0.55156322 0.46385646] -> F: 0.393058636454077
Punto[1.         0.55064454 0.46323993] -> F: 0.3950707278489457
Punto[1.         0.54972586 0.46262341] -> F: 0.397055414707785
Punto[1.         0.54880718 0.46200688] -> F: 0.3990265149168077
Punto[1.         0.5478885  0.46139036] -> F: 0.39912001767473104
Punto[1.         0.54696983 0.46077383] -> F: 0.39845672807063875
Punto[1.         0.54605115 0.46015731] -> F: 0.3978103594068127
Punto[1.         0.54513247 0.45954078] -> F: 0.3970347704318307
Punto[1.         0.54421379 0.45892426] -> F: 0.3963221160081489
Punto[1.         0.54329511 0.45830773] -> F: 0.39569634762383915
Punto[1.         0.54237644 0.45769121] -> F: 0.3951261025757727
Punto[1.         0.54145776 0.45707468] -> F: 0.3945566963069235
Punto[1.         0.54053908 0.45645816] -> F: 0.39398713529193025
Punto[1.         0.5396204  0.45584163] -> F: 0.3934174195307932
Punto[1.         0.53870172 0.45522511] -> F: 0.3928475490235121
Punto[1.         0.53778304 0.45460858] -> F: 0.3922775237700871
Punto[1.         0.53686437 0.45399206] -> F: 0.3916371712855114
Punto[1.         0.53594569 0.45337553] -> F: 0.39053708488825223
Punto[1.         0.53502701 0.45275901] -> F: 0.38943922210225485
Punto[1.         0.53410833 0.45214248] -> F: 0.38834358292751964
Punto[1.         0.53318965 0.45152596] -> F: 0.38725016736404644
Punto[1.         0.53227098 0.45090943] -> F: 0.3861589754118351
Punto[1.         0.5313523  0.45029291] -> F: 0.3850700070708857
Punto[1.         0.53043362 0.44967638] -> F: 0.3839832623411983
Punto[1.         0.52951494 0.44905986] -> F: 0.38289874122277295
Punto[1.         0.52859626 0.44844333] -> F: 0.3818164437156096
Punto[1.         0.52767758 0.44782681] -> F: 0.38073636981970815
Punto[1.         0.52675891 0.44721028] -> F: 0.37965851953506874
Punto[1.         0.52584023 0.44659376] -> F: 0.3785828928616911
Punto[1.         0.52492155 0.44597723] -> F: 0.3775094897995757
Punto[1.         0.52400287 0.44536071] -> F: 0.3764383103487221
Punto[1.         0.52308419 0.44474418] -> F: 0.3753693545091305
Punto[1.         0.52216552 0.44412766] -> F: 0.37430262228080097
Punto[1.         0.52124684 0.44351113] -> F: 0.37323811366373333
Punto[1.         0.52032816 0.44289461] -> F: 0.3721758286579277
Punto[1.         0.51940948 0.44227808] -> F: 0.3711157672633841
Punto[1.         0.5184908  0.44166156] -> F: 0.37005792948010235
Punto[1.         0.51757212 0.44104503] -> F: 0.36895610133351436
Punto[1.         0.51665345 0.44042851] -> F: 0.36785972681946544
Punto[1.         0.51573477 0.43981198] -> F: 0.36677381732889536
Punto[1.         0.51481609 0.43919546] -> F: 0.36561981750145806
Punto[1.         0.51389741 0.43857893] -> F: 0.3644537176650285
Punto[1.         0.51297873 0.43796241] -> F: 0.3632965853759697
Best centerpoint:  [1.         0.5478885  0.46139036] Best F:  0.39912001767473104 Best u:  [ 0.30901699 -0.14877802 -0.93934743] índice:  12
{
  "seed": 4226,
  "n_per_z": 5,
  "nz": 100,
  "nd": 100,
  "n_muestras": 50,
  "best_f": 0.39912001767473104,
  "best_cp": [
    1.0,
    0.5478885045114166,
    0.46139035788041666
  ],
  "best_u": [
    0.3090169943749471,
    -0.14877801734965804,
    -0.9393474323917529
  ],
  "n_candidatos": 54
}
