Punto[0.         0.4651691  0.55814736] -> F: 0.11789371191842477
Punto[1.         0.53547238 0.5265351 ] -> F: 0.42054057524593047
Punto[2.         0.55430438 0.44491494] -> F: 0.11436947751469646
Punto[1.         0.50973674 0.50153115] -> F: 0.42612591012381296
Punto[1.         0.53495767 0.52603502] -> F: 0.42186912873407223
Punto[1.         0.53445325 0.52554494] -> F: 0.42284351083777977
Punto[1.         0.53394883 0.52505486] -> F: 0.4238287594683094
Punto[1.         0.53344441 0.52456479] -> F: 0.42482487462566093
Punto[1.         0.53293999 0.52407471] -> F: 0.4258318563098341
Punto[1.         0.53243557 0.52358463] -> F: 0.4268497045208294
Punto[1.         0.53193116 0.52309456] -> F: 0.4278784192586463
Punto[1.         0.53142674 0.52260448] -> F: 0.4289180005232853
Punto[1.         0.53092232 0.5221144 ] -> F: 0.42996844831474623
Punto[1.         0.5304179  0.52162432] -> F: 0.43102976263302883
Punto[1.         0.52991348 0.52113425] -> F: 0.43203462906891826
Punto[1.         0.52940906 0.52064417] -> F: 0.4329478961980191
Punto[1.         0.52890464 0.52015409] -> F: 0.433861361146344
Punto[1.         0.52840023 0.51966401] -> F: 0.4347750239138929
Punto[1.         0.52789581 0.51917394] -> F: 0.43568888450066595
Punto[1.         0.52739139 0.51868386] -> F: 0.4356539209356466
Punto[1.         0.52688697 0.51819378] -> F: 0.4353904606990344
Punto[1.         0.52638255 0.5177037 ] -> F: 0.4351270732558265
Punto[1.         0.52587813 0.51721363] -> F: 0.4348637586060224
Punto[1.         0.52537371 0.51672355] -> F: 0.43460051674962247
Punto[1.         0.5248693  0.51623347] -> F: 0.43433734768662685
Punto[1.         0.52436488 0.51574339] -> F: 0.43407425141703515
Punto[1.         0.52386046 0.51525332] -> F: 0.43381122794084787
Punto[1.         0.52335604 0.51476324] -> F: 0.43354827725806444
Punto[1.         0.52285162 0.51427316] -> F: 0.433285399368685
Punto[1.         0.5223472  0.51378308] -> F: 0.4330225942727097
Punto[1.         0.52184278 0.51329301] -> F: 0.4327598619701389
Punto[1.         0.52133837 0.51280293] -> F: 0.4324972024609722
Punto[1.         0.52083395 0.51231285] -> F: 0.43223461574520927
Punto[1.         0.52032953 0.51182277] -> F: 0.43197210182285045
Punto[1.         0.51982511 0.5113327 ] -> F: 0.43170966069389594
Punto[1.         0.51932069 0.51084262] -> F: 0.4314472923583456
Punto[1.         0.51881627 0.51035254] -> F: 0.4311849968161992
Punto[1.         0.51831185 0.50986246] -> F: 0.4309227740674569
Punto[1.         0.51780744 0.50937239] -> F: 0.430660624112119
Punto[1.         0.51730302 0.50888231] -> F: 0.43039854695018487
Punto[1.         0.5167986  0.50839223] -> F: 0.4301365425816551
Punto[1.         0.51629418 0.50790215] -> F: 0.4298746907301768
Punto[1.         0.51578976 0.50741208] -> F: 0.4296140056277154
Punto[1.         0.51528534 0.506922  ] -> F: 0.4293547951297471
Punto[1.         0.51478092 0.50643192] -> F: 0.4290970592362714
Punto[1.         0.51427651 0.50594184] -> F: 0.4288407979472889
Punto[1.         0.51377209 0.50545177] -> F: 0.42858601126279916
Punto[1.         0.51326767 0.50496169] -> F: 0.42833269918280226
Punto[1.         0.51276325 0.50447161] -> F: 0.4280808617072985
Punto[1.         0.51225883 0.50398153] -> F: 0.42783049883628754
Punto[1.         0.51175441 0.50349146] -> F: 0.42758161056976945
Punto[1.         0.51124999 0.50300138] -> F: 0.4273341969077444
Punto[1.         0.51074558 0.5025113 ] -> F: 0.42708825785021226
Punto[1.         0.51024116 0.50202122] -> F: 0.42684379339717293
{
  "seed": 13677,
  "n_per_z": 10,
  "nz": 100,
  "nd": 100,
  "n_muestras": 50,
  "best_f": 0.43568888450066595,
  "best_cp": [
    1.0,
    0.5278958070505733,
    0.51917393532211
  ],
  "best_u": [
    -0.12533323356430415,
    0.6323977112002042,
    0.7644375157153519
  ],
  "best_index": 18,
  "n_candidatos": 54
}
