Punto[0.         0.46362411 0.58590595] -> F: 0.12474691122078405
Punto[1.         0.46321641 0.47897193] -> F: 0.42954395312855204
Punto[2.         0.56570214 0.41404127] -> F: 0.1479677718192223
Punto[1.         0.51466312 0.49997361] -> F: 0.44053675288595234
Punto[1.         0.46424534 0.47939196] -> F: 0.4311218204350883
Punto[1.         0.4652537  0.47980359] -> F: 0.43266770321425624
Punto[1.         0.46626205 0.48021523] -> F: 0.4342140272441772
Punto[1.         0.46727041 0.48062686] -> F: 0.4357623508832683
Punto[1.         0.46827877 0.48103849] -> F: 0.4373126741315299
Punto[1.         0.46928712 0.48145013] -> F: 0.43886499698896203
Punto[1.         0.47029548 0.48186176] -> F: 0.44041931945556456
Punto[1.         0.47130383 0.48227339] -> F: 0.4419756415313372
Punto[1.         0.47231219 0.48268502] -> F: 0.4435339632162806
Punto[1.         0.47332054 0.48309666] -> F: 0.445094284510394
Punto[1.         0.4743289  0.48350829] -> F: 0.44665660541367813
Punto[1.         0.47533726 0.48391992] -> F: 0.44822092592613244
Punto[1.         0.47634561 0.48433156] -> F: 0.4497872460477573
Punto[1.         0.47735397 0.48474319] -> F: 0.45130286578776074
Punto[1.         0.47836232 0.48515482] -> F: 0.45281838798828744
Punto[1.         0.47937068 0.48556645] -> F: 0.45433512395929704
Punto[1.         0.48037903 0.48597809] -> F: 0.4558173252345711
Punto[1.         0.48138739 0.48638972] -> F: 0.4572549084931971
Punto[1.         0.48239574 0.48680135] -> F: 0.45869378331840754
Punto[1.         0.4834041  0.48721299] -> F: 0.4601251444092791
Punto[1.         0.48441246 0.48762462] -> F: 0.4615288631864485
Punto[1.         0.48542081 0.48803625] -> F: 0.4629338123401139
Punto[1.         0.48642917 0.48844788] -> F: 0.4643399918702748
Punto[1.         0.48743752 0.48885952] -> F: 0.4650874040518055
Punto[1.         0.48844588 0.48927115] -> F: 0.46422510617641616
Punto[1.         0.48945423 0.48968278] -> F: 0.46336350646781965
Punto[1.         0.49046259 0.49009442] -> F: 0.4625046876837814
Punto[1.         0.49147095 0.49050605] -> F: 0.4616206773962182
Punto[1.         0.4924793  0.49091768] -> F: 0.4607015761071492
Punto[1.         0.49348766 0.49132932] -> F: 0.45978504596308667
Punto[1.         0.49449601 0.49174095] -> F: 0.45887108696403067
Punto[1.         0.49550437 0.49215258] -> F: 0.45795969910998136
Punto[1.         0.49651272 0.49256421] -> F: 0.4570508824009387
Punto[1.         0.49752108 0.49297585] -> F: 0.45614463683690276
Punto[1.         0.49852943 0.49338748] -> F: 0.4552409624178734
Punto[1.         0.49953779 0.49379911] -> F: 0.45431788135190015
Punto[1.         0.50054615 0.49421075] -> F: 0.4533930039563118
Punto[1.         0.5015545  0.49462238] -> F: 0.4524707933664552
Punto[1.         0.50256286 0.49503401] -> F: 0.4515512495823299
Punto[1.         0.50357121 0.49544564] -> F: 0.4506343726039366
Punto[1.         0.50457957 0.49585728] -> F: 0.4497201624312747
Punto[1.         0.50558792 0.49626891] -> F: 0.4488086190643447
Punto[1.         0.50659628 0.49668054] -> F: 0.44789974250314596
Punto[1.         0.50760464 0.49709218] -> F: 0.44698721076256237
Punto[1.         0.50861299 0.49750381] -> F: 0.44605737400651435
Punto[1.         0.50962135 0.49791544] -> F: 0.4451303181750251
Punto[1.         0.5106297  0.49832707] -> F: 0.4442060432680937
Punto[1.         0.51163806 0.49873871] -> F: 0.443284549285721
Punto[1.         0.51264641 0.49915034] -> F: 0.4423658362279063
Punto[1.         0.51365477 0.49956197] -> F: 0.4414499040946502
{
  "seed": 16988,
  "n_per_z": 10,
  "nz": 100,
  "nd": 100,
  "n_muestras": 50,
  "best_f": 0.4650874040518055,
  "best_cp": [
    1.0,
    0.48743752284248487,
    0.488859517766836
  ],
  "best_u": [
    -0.36812455268467775,
    0.6364758025753487,
    0.6777778887266621
  ],
  "best_index": 27,
  "n_candidatos": 54
}
