Punto[0.         0.45961769 0.44288825] -> F: 0.10743195220136431
Punto[1.         0.42296229 0.47434286] -> F: 0.4387105870427694
Punto[2.         0.44261364 0.50294138] -> F: 0.15496049963662026
Punto[1.         0.45111567 0.47291481] -> F: 0.42521709751736886
Punto[1.         0.42352536 0.4743143 ] -> F: 0.43888508648409885
Punto[1.         0.42407716 0.47428631] -> F: 0.4390562127910022
Punto[1.         0.42462897 0.47425832] -> F: 0.4392258583423666
Punto[1.         0.42518077 0.47423033] -> F: 0.4393876486863654
Punto[1.         0.42573258 0.47420234] -> F: 0.4395495501417347
Punto[1.         0.42628439 0.47417435] -> F: 0.4397115627084745
Punto[1.         0.42683619 0.47414636] -> F: 0.4398736863865848
Punto[1.         0.427388   0.47411837] -> F: 0.4400118659150162
Punto[1.         0.42793981 0.47409038] -> F: 0.4396658803187981
Punto[1.         0.42849161 0.47406239] -> F: 0.4393199862090028
Punto[1.         0.42904342 0.4740344 ] -> F: 0.43897418358563006
Punto[1.         0.42959522 0.47400641] -> F: 0.4386284724486803
Punto[1.         0.43014703 0.47397842] -> F: 0.43828285279815316
Punto[1.         0.43069884 0.47395043] -> F: 0.43793732463404866
Punto[1.         0.43125064 0.47392244] -> F: 0.4375918879563671
Punto[1.         0.43180245 0.47389445] -> F: 0.4372465427651082
Punto[1.         0.43235426 0.47386646] -> F: 0.43690128906027204
Punto[1.         0.43290606 0.47383847] -> F: 0.4365561268418585
Punto[1.         0.43345787 0.47381048] -> F: 0.4362110561098678
Punto[1.         0.43400967 0.47378249] -> F: 0.43586607686429973
Punto[1.         0.43456148 0.4737545 ] -> F: 0.43552118910515447
Punto[1.         0.43511329 0.47372651] -> F: 0.435176392832432
Punto[1.         0.43566509 0.47369852] -> F: 0.4348316880461323
Punto[1.         0.4362169  0.47367053] -> F: 0.4344870747462552
Punto[1.         0.43676871 0.47364254] -> F: 0.4341425529328008
Punto[1.         0.43732051 0.47361455] -> F: 0.4337981226057693
Punto[1.         0.43787232 0.47358657] -> F: 0.43345378376516047
Punto[1.         0.43842412 0.47355858] -> F: 0.43310953641097427
Punto[1.         0.43897593 0.47353059] -> F: 0.43276538054321095
Punto[1.         0.43952774 0.4735026 ] -> F: 0.43242131616187024
Punto[1.         0.44007954 0.47347461] -> F: 0.4320773432669524
Punto[1.         0.44063135 0.47344662] -> F: 0.4317334618584571
Punto[1.         0.44118316 0.47341863] -> F: 0.4313896719363848
Punto[1.         0.44173496 0.47339064] -> F: 0.43104597350073504
Punto[1.         0.44228677 0.47336265] -> F: 0.4307023665515082
Punto[1.         0.44283857 0.47333466] -> F: 0.4303588510887039
Punto[1.         0.44339038 0.47330667] -> F: 0.4300154271123224
Punto[1.         0.44394219 0.47327868] -> F: 0.4296720946223636
Punto[1.         0.44449399 0.47325069] -> F: 0.4293288536188276
Punto[1.        0.4450458 0.4732227] -> F: 0.4289857041017143
Punto[1.         0.44559761 0.47319471] -> F: 0.4286426460710238
Punto[1.         0.44614941 0.47316672] -> F: 0.428299679526756
Punto[1.         0.44670122 0.47313873] -> F: 0.427956804468911
Punto[1.         0.44725302 0.47311074] -> F: 0.4276140208974886
Punto[1.         0.44780483 0.47308275] -> F: 0.42727132881248897
Punto[1.         0.44835664 0.47305476] -> F: 0.42692872821391203
Punto[1.         0.44890844 0.47302677] -> F: 0.426586219101758
Punto[1.         0.44946025 0.47299878] -> F: 0.42624380147602653
Punto[1.         0.45001206 0.47297079] -> F: 0.42590147533671785
Punto[1.         0.45056386 0.4729428 ] -> F: 0.425559240683832
{
  "seed": 12805,
  "n_per_z": 10,
  "nz": 100,
  "nd": 100,
  "n_muestras": 50,
  "best_f": 0.4400118659150162,
  "best_cp": [
    1.0,
    0.4273879993041463,
    0.47411836994569745
  ],
  "best_u": [
    -0.9995065603657316,
    0.03042393232134334,
    -0.007811538130902177
  ],
  "best_index": 11,
  "n_candidatos": 54
}
