Punto[0.         0.6466887  0.65752241] -> F: 0.1318534608814459
Punto[1.         0.45198346 0.45296252] -> F: 0.33514212289329015
Punto[2.         0.2584197  0.62447246] -> F: 0.07315404225711254
Punto[1.         0.4525542  0.64099743] -> F: 0.3082360683555938
Punto[1.         0.45199487 0.45672322] -> F: 0.3403599557227493
Punto[1.         0.45200606 0.4604087 ] -> F: 0.34552318194278453
Punto[1.         0.45201725 0.46409419] -> F: 0.34996399792067623
Punto[1.         0.45202843 0.46777967] -> F: 0.35565608937403903
Punto[1.         0.45203962 0.47146516] -> F: 0.3602055680876024
Punto[1.         0.45205081 0.47515064] -> F: 0.36562494789739136
Punto[1.         0.45206199 0.47883612] -> F: 0.37079864904701854
Punto[1.         0.45207318 0.48252161] -> F: 0.3759021871825146
Punto[1.         0.45208437 0.48620709] -> F: 0.38140595651138054
Punto[1.         0.45209555 0.48989258] -> F: 0.3864517743021869
Punto[1.         0.45210674 0.49357806] -> F: 0.39144901178142283
Punto[1.         0.45211793 0.49726355] -> F: 0.39520372387148706
Punto[1.         0.45212911 0.50094903] -> F: 0.392870840055353
Punto[1.         0.4521403  0.50463451] -> F: 0.3905423281754862
Punto[1.         0.45215149 0.50832   ] -> F: 0.38821886125645627
Punto[1.         0.45216267 0.51200548] -> F: 0.3859011925414079
Punto[1.         0.45217386 0.51569097] -> F: 0.38358932203034113
Punto[1.         0.45218504 0.51937645] -> F: 0.3812832497232557
Punto[1.         0.45219623 0.52306194] -> F: 0.3789829756201522
Punto[1.         0.45220742 0.52674742] -> F: 0.3766880080343146
Punto[1.        0.4522186 0.5304329] -> F: 0.3743971728592512
Punto[1.         0.45222979 0.53411839] -> F: 0.3721121468451836
Punto[1.         0.45224098 0.53780387] -> F: 0.36983292999211215
Punto[1.         0.45225216 0.54148936] -> F: 0.3675595223000366
Punto[1.         0.45226335 0.54517484] -> F: 0.3652919237689568
Punto[1.         0.45227454 0.54886033] -> F: 0.3630301100082708
Punto[1.         0.45228572 0.55254581] -> F: 0.36077197061916727
Punto[1.         0.45229691 0.55623129] -> F: 0.35851965153086773
Punto[1.         0.4523081  0.55991678] -> F: 0.35627315274337246
Punto[1.         0.45231928 0.56360226] -> F: 0.35403247425668094
Punto[1.         0.45233047 0.56728775] -> F: 0.3517976160707935
Punto[1.         0.45234166 0.57097323] -> F: 0.34956857818571024
Punto[1.         0.45235284 0.57465872] -> F: 0.3473432329704367
Punto[1.         0.45236403 0.5783442 ] -> F: 0.3451236838726763
Punto[1.         0.45237522 0.58202968] -> F: 0.34290996642176236
Punto[1.         0.4523864  0.58571517] -> F: 0.34070208061769497
Punto[1.         0.45239759 0.58940065] -> F: 0.33850002646047417
Punto[1.         0.45240877 0.59308614] -> F: 0.3363035332066
Punto[1.         0.45241996 0.59677162] -> F: 0.3341109727777553
Punto[1.         0.45243115 0.60045711] -> F: 0.3319242555731566
Punto[1.         0.45244233 0.60414259] -> F: 0.3297433815928036
Punto[1.         0.45245352 0.60782807] -> F: 0.32756835083669666
Punto[1.         0.45246471 0.61151356] -> F: 0.3253991633048357
Punto[1.         0.45247589 0.61519904] -> F: 0.32323491014069833
Punto[1.         0.45248708 0.61888453] -> F: 0.3210752305113403
Punto[1.         0.45249827 0.62257001] -> F: 0.31892140594202156
Punto[1.         0.45250945 0.6262555 ] -> F: 0.316773436432742
Punto[1.         0.45252064 0.62994098] -> F: 0.31463132198350147
Punto[1.         0.45253183 0.63362646] -> F: 0.3124950625943002
Punto[1.         0.45254301 0.63731195] -> F: 0.3103628078881853
Best centerpoint:  [1.         0.45211793 0.49726355] Best F:  0.39520372387148706 Best u:  [ 0.99950656 -0.00295601  0.03127136] índice:  12
{
  "seed": 6186,
  "n_per_z": 5,
  "nz": 100,
  "nd": 100,
  "n_muestras": 50,
  "best_f": 0.39520372387148706,
  "best_cp": [
    1.0,
    0.45211792587393423,
    0.49726354530608197
  ],
  "best_u": [
    0.9995065603657316,
    -0.002956013556896867,
    0.031271357017495435
  ],
  "n_candidatos": 54
}
