Punto[0.         0.25554517 0.51381825] -> F: 0.07225411801845379
Punto[1.         0.51690585 0.51117057] -> F: 0.3400638387769818
Punto[2.         0.49235323 0.42237522] -> F: 0.10921291546466474
Punto[1.         0.3739492  0.46809673] -> F: 0.3372481507403377
Punto[1.         0.51404672 0.51030909] -> F: 0.3453466158721096
Punto[1.         0.51124477 0.50946484] -> F: 0.3506798679073635
Punto[1.         0.50844282 0.5086206 ] -> F: 0.35630979453123535
Punto[1.         0.50564087 0.50777635] -> F: 0.3622305005047685
Punto[1.         0.50283892 0.5069321 ] -> F: 0.3681029488736842
Punto[1.         0.50003697 0.50608785] -> F: 0.37330002733478085
Punto[1.         0.49723502 0.50524361] -> F: 0.3786060577324203
Punto[1.         0.49443307 0.50439936] -> F: 0.3840210400666024
Punto[1.         0.49163112 0.50355511] -> F: 0.3895449743373271
Punto[1.         0.48882917 0.50271087] -> F: 0.3937206238019358
Punto[1.         0.48602722 0.50186662] -> F: 0.3974837685529978
Punto[1.         0.48322527 0.50102237] -> F: 0.40183321549261036
Punto[1.         0.48042332 0.50017812] -> F: 0.4064241467463692
Punto[1.         0.47762137 0.49933388] -> F: 0.41083687334488705
Punto[1.         0.47481942 0.49848963] -> F: 0.41554627453202264
Punto[1.         0.47201747 0.49764538] -> F: 0.41636374200637627
Punto[1.         0.46921551 0.49680113] -> F: 0.41408986158627675
Punto[1.         0.46641356 0.49595689] -> F: 0.4118141218029561
Punto[1.         0.46361161 0.49511264] -> F: 0.40953911979195173
Punto[1.         0.46080966 0.49426839] -> F: 0.40726582084242896
Punto[1.         0.45800771 0.49342415] -> F: 0.4049942249543879
Punto[1.         0.45520576 0.4925799 ] -> F: 0.402723512980718
Punto[1.         0.45240381 0.49173565] -> F: 0.4004508076726308
Punto[1.         0.44960186 0.4908914 ] -> F: 0.3981798122172151
Punto[1.         0.44679991 0.49004716] -> F: 0.39591052661447085
Punto[1.         0.44399796 0.48920291] -> F: 0.3936429508643979
Punto[1.         0.44119601 0.48835866] -> F: 0.391374344386965
Punto[1.         0.43839406 0.48751442] -> F: 0.3891056694627401
Punto[1.         0.43559211 0.48667017] -> F: 0.3868387112288883
Punto[1.         0.43279016 0.48582592] -> F: 0.38457346968540984
Punto[1.         0.42998821 0.48498167] -> F: 0.38230971397049807
Punto[1.         0.42718626 0.48413743] -> F: 0.3800433678527631
Punto[1.         0.42438431 0.48329318] -> F: 0.3777787453237317
Punto[1.         0.42158236 0.48244893] -> F: 0.37551584638340385
Punto[1.         0.41878041 0.48160469] -> F: 0.37325467103177956
Punto[1.         0.41597846 0.48076044] -> F: 0.37099290307264193
Punto[1.         0.41317651 0.47991619] -> F: 0.36873061568753057
Punto[1.         0.41037456 0.47907194] -> F: 0.3664700588646917
Punto[1.         0.40757261 0.4782277 ] -> F: 0.3642112326041255
Punto[1.         0.40477066 0.47738345] -> F: 0.3619541369058319
Punto[1.         0.40196871 0.4765392 ] -> F: 0.35969432880809926
Punto[1.         0.39916676 0.47569496] -> F: 0.35743610451153435
Punto[1.         0.39636481 0.47485071] -> F: 0.3551796178412806
Punto[1.         0.39356286 0.47400646] -> F: 0.35292486879733803
Punto[1.         0.3907609  0.47316221] -> F: 0.35067185737970663
Punto[1.         0.38795895 0.47231797] -> F: 0.34842058358838646
Punto[1.         0.385157   0.47147372] -> F: 0.34617352404178986
Punto[1.         0.38235505 0.47062947] -> F: 0.3439376152009087
Punto[1.         0.3795531  0.46978523] -> F: 0.3417132703054866
Punto[1.         0.37675115 0.46894098] -> F: 0.3394786627154202
Best centerpoint:  [1.         0.47201747 0.49764538] Best F:  0.41636374200637627 Best u:  [-0.99950656 -0.03085439 -0.00588579] índice:  16
{
  "seed": 3938,
  "n_per_z": 5,
  "nz": 100,
  "nd": 100,
  "n_muestras": 50,
  "best_f": 0.41636374200637627,
  "best_cp": [
    1.0,
    0.4720174652914765,
    0.49764538215139953
  ],
  "best_u": [
    -0.9995065603657316,
    -0.03085438817815584,
    -0.005885789328195163
  ],
  "n_candidatos": 54
}
