Punto[0.         0.40929656 0.45626355] -> F: 0.16910877777890043
Punto[1.         0.45086871 0.50038066] -> F: 0.37466721696772454
Punto[2.         0.53517076 0.6767117 ] -> F: 0.06734290340627293
Punto[1.         0.47223366 0.56648762] -> F: 0.3328964295250791
Punto[1.         0.45129601 0.5017028 ] -> F: 0.3739218579017841
Punto[1.         0.45171476 0.50299849] -> F: 0.373183039523842
Punto[1.         0.45213351 0.50429419] -> F: 0.37244489380443085
Punto[1.         0.45255227 0.50558989] -> F: 0.37170742074355073
Punto[1.         0.45297102 0.50688558] -> F: 0.37096511205089566
Punto[1.         0.45338977 0.50818128] -> F: 0.3702115541591392
Punto[1.         0.45380853 0.50947698] -> F: 0.3694587011825701
Punto[1.         0.45422728 0.51077267] -> F: 0.3687065531211883
Punto[1.         0.45464603 0.51206837] -> F: 0.36795152305909395
Punto[1.         0.45506479 0.51336407] -> F: 0.36718350913073394
Punto[1.         0.45548354 0.51465976] -> F: 0.36641623295587616
Punto[1.         0.45590229 0.51595546] -> F: 0.3656496945345205
Punto[1.         0.45632104 0.51725116] -> F: 0.3648810904969355
Punto[1.         0.4567398  0.51854685] -> F: 0.3640988695102352
Punto[1.         0.45715855 0.51984255] -> F: 0.3633174197614508
Punto[1.         0.4575773  0.52113824] -> F: 0.3625367412505826
Punto[1.         0.45799606 0.52243394] -> F: 0.36175386327887404
Punto[1.         0.45841481 0.52372964] -> F: 0.36095765085307346
Punto[1.         0.45883356 0.52502533] -> F: 0.360162243865796
Punto[1.         0.45925232 0.52632103] -> F: 0.359367642317042
Punto[1.         0.45967107 0.52761673] -> F: 0.35856992035162394
Punto[1.         0.46008982 0.52891242] -> F: 0.3577598995718502
Punto[1.         0.46050857 0.53020812] -> F: 0.35695071922374066
Punto[1.         0.46092733 0.53150382] -> F: 0.3561423793072958
Punto[1.         0.46134608 0.53279951] -> F: 0.3553293552705
Punto[1.         0.46176483 0.53409521] -> F: 0.3545056772101511
Punto[1.         0.46218359 0.53539091] -> F: 0.35368287545044047
Punto[1.         0.46260234 0.5366866 ] -> F: 0.35286094999136813
Punto[1.         0.46302109 0.5379823 ] -> F: 0.352032264044033
Punto[1.         0.46343985 0.539278  ] -> F: 0.3511950479904831
Punto[1.         0.4638586  0.54057369] -> F: 0.3503587450734815
Punto[1.         0.46427735 0.54186939] -> F: 0.3495233552930278
Punto[1.         0.4646961  0.54316509] -> F: 0.34867873579008163
Punto[1.         0.46511486 0.54446078] -> F: 0.3478280691730848
Punto[1.         0.46553361 0.54575648] -> F: 0.34697835359538926
Punto[1.         0.46595236 0.54705218] -> F: 0.3461295890569949
Punto[1.         0.46637112 0.54834787] -> F: 0.34526884588568935
Punto[1.         0.46678987 0.54964357] -> F: 0.34440478390129753
Punto[1.         0.46720862 0.55093927] -> F: 0.3435417120356946
Punto[1.         0.46762737 0.55223496] -> F: 0.3426796302888806
Punto[1.         0.46804613 0.55353066] -> F: 0.3418026514168218
Punto[1.         0.46846488 0.55482636] -> F: 0.3409252163327254
Punto[1.         0.46888363 0.55612205] -> F: 0.34004881174490137
Punto[1.         0.46930239 0.55741775] -> F: 0.33917208103602803
Punto[1.         0.46972114 0.55871345] -> F: 0.3382801888506379
Punto[1.         0.47013989 0.56000914] -> F: 0.3373893689712681
Punto[1.         0.47055865 0.56130484] -> F: 0.3364996213979185
Punto[1.         0.4709774  0.56260054] -> F: 0.3356068414054487
Punto[1.         0.47139615 0.56389623] -> F: 0.3347015484261225
Punto[1.         0.4718149  0.56519193] -> F: 0.33379803553107545
Best centerpoint:  [1.         0.45086871 0.50038066] Best F:  0.37466721696772454 Best u:  [ 0.58778525 -0.36728603  0.72083942] índice:  1
{
  "seed": 13622,
  "n_per_z": 5,
  "nz": 100,
  "nd": 100,
  "n_muestras": 50,
  "best_f": 0.37466721696772454,
  "best_cp": [
    1.0,
    0.4508687097401214,
    0.5003806570012849
  ],
  "best_u": [
    0.5877852522924732,
    -0.36728602957406836,
    0.7208394201673423
  ],
  "n_candidatos": 54
}
