Punto[0.         0.58212278 0.51714328] -> F: 0.1423860207140468
Punto[1.         0.55826746 0.51679376] -> F: 0.45342903902731496
Punto[2.         0.57742658 0.4495477 ] -> F: 0.13955036207927338
Punto[1.         0.57977468 0.48334549] -> F: 0.4537435722488145
Punto[1.         0.55869761 0.51612479] -> F: 0.45436387812765594
Punto[1.         0.55911915 0.5154692 ] -> F: 0.4552805677100089
Punto[1.         0.55954069 0.51481362] -> F: 0.4561977990284608
Punto[1.         0.55996223 0.51415803] -> F: 0.4570891191751699
Punto[1.         0.56038377 0.51350245] -> F: 0.4579762576543661
Punto[1.         0.56080531 0.51284686] -> F: 0.4588639005625065
Punto[1.         0.56122685 0.51219127] -> F: 0.45974357556813483
Punto[1.         0.5616484  0.51153569] -> F: 0.4606006326557027
Punto[1.         0.56206994 0.5108801 ] -> F: 0.46145815949113184
Punto[1.         0.56249148 0.51022452] -> F: 0.462311414016021
Punto[1.         0.56291302 0.50956893] -> F: 0.4631403302098866
Punto[1.         0.56333456 0.50891334] -> F: 0.46396968379156345
Punto[1.         0.5637561  0.50825776] -> F: 0.46456290817829954
Punto[1.         0.56417764 0.50760217] -> F: 0.4651103174196909
Punto[1.         0.56459919 0.50694659] -> F: 0.4656422333759231
Punto[1.         0.56502073 0.506291  ] -> F: 0.46615974895326473
Punto[1.         0.56544227 0.50563541] -> F: 0.46667747668110476
Punto[1.         0.56586381 0.50497983] -> F: 0.46719541655944297
Punto[1.         0.56628535 0.50432424] -> F: 0.46768778601231253
Punto[1.         0.56670689 0.50366866] -> F: 0.4681003379443086
Punto[1.         0.56712843 0.50301307] -> F: 0.46782127705308185
Punto[1.         0.56754998 0.50235748] -> F: 0.4675445722894121
Punto[1.         0.56797152 0.5017019 ] -> F: 0.46727022365329907
Punto[1.         0.56839306 0.50104631] -> F: 0.4669682302804667
Punto[1.         0.5688146  0.50039072] -> F: 0.466668575282839
Punto[1.         0.56923614 0.49973514] -> F: 0.466372692995194
Punto[1.         0.56965768 0.49907955] -> F: 0.4660805834175317
Punto[1.         0.57007922 0.49842397] -> F: 0.465792246549852
Punto[1.         0.57050077 0.49776838] -> F: 0.465507682392155
Punto[1.         0.57092231 0.49711279] -> F: 0.46522689094444053
Punto[1.         0.57134385 0.49645721] -> F: 0.46494987220670875
Punto[1.         0.57176539 0.49580162] -> F: 0.4646766261789597
Punto[1.         0.57218693 0.49514604] -> F: 0.4644071528611932
Punto[1.         0.57260847 0.49449045] -> F: 0.46414145225340936
Punto[1.         0.57303001 0.49383486] -> F: 0.46387952435560803
Punto[1.         0.57345156 0.49317928] -> F: 0.4636213691677895
Punto[1.         0.5738731  0.49252369] -> F: 0.4633669866899536
Punto[1.         0.57429464 0.49186811] -> F: 0.4631163769221003
Punto[1.         0.57471618 0.49121252] -> F: 0.46286953986422963
Punto[1.         0.57513772 0.49055693] -> F: 0.4626264755163417
Punto[1.         0.57555926 0.48990135] -> F: 0.4623871838784362
Punto[1.         0.5759808  0.48924576] -> F: 0.4621516649505134
Punto[1.         0.57640235 0.48859018] -> F: 0.46191991873257343
Punto[1.         0.57682389 0.48793459] -> F: 0.4616919452246159
Punto[1.         0.57724543 0.487279  ] -> F: 0.46083013073757906
Punto[1.         0.57766697 0.48662342] -> F: 0.4596454632400952
Punto[1.         0.57808851 0.48596783] -> F: 0.4584622255090208
Punto[1.         0.57851005 0.48531225] -> F: 0.4572804175443554
Punto[1.         0.57893159 0.48465666] -> F: 0.4561000393460991
Punto[1.         0.57935314 0.48400107] -> F: 0.4549210909142523
{
  "seed": 5420,
  "n_per_z": 10,
  "nz": 100,
  "nd": 100,
  "n_muestras": 50,
  "best_f": 0.4681003379443086,
  "best_cp": [
    1.0,
    0.5667068931279238,
    0.5036686550569934
  ],
  "best_u": [
    0.3090169943749471,
    -0.5590169943749476,
    -0.7694208842938133
  ],
  "best_index": 23,
  "n_candidatos": 54
}
