Punto[0.         0.57107439 0.46675705] -> F: 0.13187425819842175
Punto[1.         0.50121672 0.50130994] -> F: 0.43721581257759334
Punto[2.         0.39311241 0.61691269] -> F: 0.13067281686057816
Punto[1.         0.4820934  0.54183487] -> F: 0.44750192938746775
Punto[1.         0.50083426 0.50212044] -> F: 0.4387263415466843
Punto[1.         0.50045944 0.50291473] -> F: 0.440208481808673
Punto[1.         0.50008462 0.50370902] -> F: 0.4416919166179314
Punto[1.         0.49970981 0.50450331] -> F: 0.4431758040708841
Punto[1.         0.49933499 0.5052976 ] -> F: 0.4446601315623553
Punto[1.         0.49896017 0.50609188] -> F: 0.4461448990923453
Punto[1.         0.49858535 0.50688617] -> F: 0.4475657736363247
Punto[1.         0.49821054 0.50768046] -> F: 0.4489590959299863
Punto[1.         0.49783572 0.50847475] -> F: 0.4503449241012019
Punto[1.         0.4974609  0.50926904] -> F: 0.4517222743786231
Punto[1.         0.49708609 0.51006333] -> F: 0.4531007771471954
Punto[1.         0.49671127 0.51085762] -> F: 0.45447972422444555
Punto[1.         0.49633645 0.5116519 ] -> F: 0.4558591037132073
Punto[1.         0.49596163 0.51244619] -> F: 0.45723891561348046
Punto[1.         0.49558682 0.51324048] -> F: 0.4585411691130972
Punto[1.         0.495212   0.51403477] -> F: 0.45983284140505587
Punto[1.         0.49483718 0.51482906] -> F: 0.4611249470091956
Punto[1.         0.49446237 0.51562335] -> F: 0.4624174859255159
Punto[1.         0.49408755 0.51641764] -> F: 0.4637048592665958
Punto[1.         0.49371273 0.51721192] -> F: 0.4649841845514136
Punto[1.         0.49333791 0.51800621] -> F: 0.4662639456500735
Punto[1.        0.4929631 0.5188005] -> F: 0.46749851314897883
Punto[1.         0.49258828 0.51959479] -> F: 0.4686910189124865
Punto[1.         0.49221346 0.52038908] -> F: 0.4698839703929671
Punto[1.         0.49183864 0.52118337] -> F: 0.4708133087953363
Punto[1.         0.49146383 0.52197766] -> F: 0.4700594318818525
Punto[1.         0.49108901 0.52277194] -> F: 0.46931085433427105
Punto[1.         0.49071419 0.52356623] -> F: 0.4685675761525916
Punto[1.         0.49033938 0.52436052] -> F: 0.4678295973368145
Punto[1.         0.48996456 0.52515481] -> F: 0.46709691788693936
Punto[1.         0.48958974 0.5259491 ] -> F: 0.46636953780296647
Punto[1.         0.48921492 0.52674339] -> F: 0.46564745708489574
Punto[1.         0.48884011 0.52753767] -> F: 0.46473586621322227
Punto[1.         0.48846529 0.52833196] -> F: 0.46382529057036076
Punto[1.         0.48809047 0.52912625] -> F: 0.46293102828794547
Punto[1.         0.48771566 0.52992054] -> F: 0.46205637176740927
Punto[1.         0.48734084 0.53071483] -> F: 0.46120132100875205
Punto[1.         0.48696602 0.53150912] -> F: 0.46036587601197365
Punto[1.         0.4865912  0.53230341] -> F: 0.45955003677707434
Punto[1.         0.48621639 0.53309769] -> F: 0.45875380330405446
Punto[1.         0.48584157 0.53389198] -> F: 0.45797717559291323
Punto[1.         0.48546675 0.53468627] -> F: 0.45722015364365115
Punto[1.         0.48509193 0.53548056] -> F: 0.4564827374562682
Punto[1.         0.48471712 0.53627485] -> F: 0.4557608230121192
Punto[1.         0.4843423  0.53706914] -> F: 0.4545725329908845
Punto[1.         0.48396748 0.53786343] -> F: 0.4533870589946018
Punto[1.         0.48359267 0.53865771] -> F: 0.45220440102327103
Punto[1.         0.48321785 0.539452  ] -> F: 0.4510245590768923
Punto[1.         0.48284303 0.54024629] -> F: 0.44984753315546533
Punto[1.         0.48246821 0.54104058] -> F: 0.4486733232589907
Best centerpoint:  [1.         0.49183864 0.52118337] Best F:  0.4708133087953363 Best u:  [-0.27899111  0.40887317  0.86889971] índice:  25
{
  "seed": 5444,
  "n_per_z": 5,
  "nz": 100,
  "nd": 100,
  "n_muestras": 50,
  "best_f": 0.4708133087953363,
  "best_cp": [
    1.0,
    0.4918386445123427,
    0.5211833666213233
  ],
  "best_u": [
    -0.27899110603922916,
    0.4088731651819414,
    0.8688997051127987
  ],
  "n_candidatos": 54
}
