Punto[0.         0.45183629 0.47351894] -> F: 0.10249060215373093
Punto[1.         0.5994447  0.45889978] -> F: 0.433541529847863
Punto[2.         0.71561304 0.53063227] -> F: 0.11261503913540406
Punto[1.         0.58372467 0.5020756 ] -> F: 0.417195684242366
Punto[1.        0.5991303 0.4597633] -> F: 0.43427048212348685
Punto[1.         0.59882219 0.46060954] -> F: 0.43501196628542216
Punto[1.         0.59851408 0.46145579] -> F: 0.43578220554329516
Punto[1.         0.59820596 0.46230204] -> F: 0.43658119989710586
Punto[1.         0.59789785 0.46314828] -> F: 0.4374089493468542
Punto[1.         0.59758974 0.46399453] -> F: 0.43826545389254007
Punto[1.         0.59728163 0.46484077] -> F: 0.4391507135341635
Punto[1.         0.59697351 0.46568702] -> F: 0.4400647282717248
Punto[1.         0.5966654  0.46653327] -> F: 0.4410074981052235
Punto[1.         0.59635729 0.46737951] -> F: 0.44197902303465986
Punto[1.         0.59604918 0.46822576] -> F: 0.4429793030600337
Punto[1.         0.59574106 0.469072  ] -> F: 0.4440083381813453
Punto[1.         0.59543295 0.46991825] -> F: 0.4450661283985944
Punto[1.         0.59512484 0.4707645 ] -> F: 0.4461433519417527
Punto[1.         0.59481672 0.47161074] -> F: 0.44722091762246097
Punto[1.         0.59450861 0.47245699] -> F: 0.4482982577400109
Punto[1.         0.5942005  0.47330324] -> F: 0.44937537229440216
Punto[1.         0.59389239 0.47414948] -> F: 0.4495045755253411
Punto[1.         0.59358427 0.47499573] -> F: 0.4484217581076494
Punto[1.         0.59327616 0.47584197] -> F: 0.44725644333626247
Punto[1.         0.59296805 0.47668822] -> F: 0.4461155021130902
Punto[1.         0.59265994 0.47753447] -> F: 0.44499893443813254
Punto[1.         0.59235182 0.47838071] -> F: 0.44390674031138927
Punto[1.         0.59204371 0.47922696] -> F: 0.4428389197328607
Punto[1.        0.5917356 0.4800732] -> F: 0.44179547270254677
Punto[1.         0.59142748 0.48091945] -> F: 0.4407763992204472
Punto[1.         0.59111937 0.4817657 ] -> F: 0.4396250643586255
Punto[1.         0.59081126 0.48261194] -> F: 0.4383140626460685
Punto[1.         0.59050315 0.48345819] -> F: 0.4371437729531579
Punto[1.         0.59019503 0.48430444] -> F: 0.4361472220034882
Punto[1.         0.58988692 0.48515068] -> F: 0.4353153124203129
Punto[1.         0.58957881 0.48599693] -> F: 0.43452316518488265
Punto[1.         0.5892707  0.48684317] -> F: 0.43373104750271535
Punto[1.         0.58896258 0.48768942] -> F: 0.43293895937381066
Punto[1.         0.58865447 0.48853567] -> F: 0.43214690079816864
Punto[1.         0.58834636 0.48938191] -> F: 0.4313548717757895
Punto[1.         0.58803824 0.49022816] -> F: 0.430414096768834
Punto[1.         0.58773013 0.4910744 ] -> F: 0.42947830616522215
Punto[1.         0.58742202 0.49192065] -> F: 0.42857720177394
Punto[1.         0.58711391 0.4927669 ] -> F: 0.4277107835949875
Punto[1.         0.58680579 0.49361314] -> F: 0.4268790516283646
Punto[1.         0.58649768 0.49445939] -> F: 0.42607699580730407
Punto[1.         0.58618957 0.49530563] -> F: 0.42527867201138636
Punto[1.         0.58588146 0.49615188] -> F: 0.42448037660570886
Punto[1.         0.58557334 0.49699813] -> F: 0.4236821095902714
Punto[1.         0.58526523 0.49784437] -> F: 0.4228838709650742
Punto[1.         0.58495712 0.49869062] -> F: 0.4217565146876609
Punto[1.         0.584649   0.49953687] -> F: 0.42059686307757554
Punto[1.         0.58434089 0.50038311] -> F: 0.41945017413333135
Punto[1.         0.58403278 0.50122936] -> F: 0.41831644785492833
Best centerpoint:  [1.         0.59389239 0.47414948] Best F:  0.4495045755253411 Best u:  [-0.21814324 -0.47015149  0.85520238] índice:  18
{
  "seed": 18938,
  "n_per_z": 5,
  "nz": 100,
  "nd": 100,
  "n_muestras": 50,
  "best_f": 0.4495045755253411,
  "best_cp": [
    1.0,
    0.5938923861700259,
    0.4741494815470565
  ],
  "best_u": [
    -0.21814324139654234,
    -0.4701514856814407,
    0.8552023776537012
  ],
  "n_candidatos": 54
}
