Punto[0.         0.26460901 0.43960666] -> F: 0.14987496005315146
Punto[1.         0.38531552 0.50777847] -> F: 0.42891562659247084
Punto[2.         0.50217868 0.57323812] -> F: 0.12710993171335458
Punto[1.         0.38339385 0.50642239] -> F: 0.43145978587064654
Punto[1.         0.38527708 0.50775134] -> F: 0.4289665952122662
Punto[1.         0.38523942 0.50772477] -> F: 0.42901654107646997
Punto[1.         0.38520175 0.50769819] -> F: 0.4290664835916518
Punto[1.         0.38516409 0.50767161] -> F: 0.429116422757812
Punto[1.         0.38512642 0.50764503] -> F: 0.42916635857495017
Punto[1.         0.38508876 0.50761845] -> F: 0.42921629104306636
Punto[1.         0.38505109 0.50759187] -> F: 0.4292662201621607
Punto[1.         0.38501343 0.50756529] -> F: 0.4293161459322333
Punto[1.         0.38497577 0.50753871] -> F: 0.42936606835328395
Punto[1.         0.3849381  0.50751213] -> F: 0.4294159874253127
Punto[1.         0.38490044 0.50748555] -> F: 0.4294659031483194
Punto[1.         0.38486277 0.50745897] -> F: 0.4295158155223044
Punto[1.         0.38482511 0.50743239] -> F: 0.42956572454726755
Punto[1.         0.38478744 0.50740582] -> F: 0.4296156302232088
Punto[1.         0.38474978 0.50737924] -> F: 0.42966553255012796
Punto[1.         0.38471211 0.50735266] -> F: 0.42971543152802544
Punto[1.         0.38467445 0.50732608] -> F: 0.429765327156901
Punto[1.         0.38463678 0.5072995 ] -> F: 0.4298152194367546
Punto[1.         0.38459912 0.50727292] -> F: 0.42986510836758635
Punto[1.         0.38456145 0.50724634] -> F: 0.42991499394939625
Punto[1.         0.38452379 0.50721976] -> F: 0.42996487618218426
Punto[1.         0.38448612 0.50719318] -> F: 0.4300147550659504
Punto[1.         0.38444846 0.5071666 ] -> F: 0.43006463060069455
Punto[1.         0.38441079 0.50714002] -> F: 0.43011450278641683
Punto[1.         0.38437313 0.50711345] -> F: 0.4301643716231172
Punto[1.         0.38433546 0.50708687] -> F: 0.4302142371107958
Punto[1.         0.3842978  0.50706029] -> F: 0.43026409924945247
Punto[1.         0.38426014 0.50703371] -> F: 0.4303139580390873
Punto[1.         0.38422247 0.50700713] -> F: 0.4303638134797002
Punto[1.         0.38418481 0.50698055] -> F: 0.4304136655712913
Punto[1.         0.38414714 0.50695397] -> F: 0.4304635143138602
Punto[1.         0.38410948 0.50692739] -> F: 0.43051335970740745
Punto[1.         0.38407181 0.50690081] -> F: 0.4305632017519328
Punto[1.         0.38403415 0.50687423] -> F: 0.4306130404474363
Punto[1.         0.38399648 0.50684765] -> F: 0.430662875793918
Punto[1.         0.38395882 0.50682107] -> F: 0.43071270779137755
Punto[1.         0.38392115 0.5067945 ] -> F: 0.43076253643981527
Punto[1.         0.38388349 0.50676792] -> F: 0.43081236173923143
Punto[1.         0.38384582 0.50674134] -> F: 0.4308621836896254
Punto[1.         0.38380816 0.50671476] -> F: 0.4309120022909975
Punto[1.         0.38377049 0.50668818] -> F: 0.43096181754334767
Punto[1.         0.38373283 0.5066616 ] -> F: 0.431011629446676
Punto[1.         0.38369516 0.50663502] -> F: 0.43106143800098257
Punto[1.         0.3836575  0.50660844] -> F: 0.43111124320626715
Punto[1.         0.38361983 0.50658186] -> F: 0.4311610450625299
Punto[1.         0.38358217 0.50655528] -> F: 0.4312108435697707
Punto[1.         0.38354451 0.5065287 ] -> F: 0.4312606387279896
Punto[1.         0.38350684 0.50650213] -> F: 0.4313104305371867
Punto[1.         0.38346918 0.50647555] -> F: 0.4313602189973617
Punto[1.         0.38343151 0.50644897] -> F: 0.431410004108515
Best centerpoint:  [1.         0.38339385 0.50642239] Best F:  0.43145978587064654 Best u:  [0.06279052 0.85904355 0.50803694] índice:  3
{
  "seed": 18860,
  "n_per_z": 5,
  "nz": 100,
  "nd": 100,
  "n_muestras": 50,
  "best_f": 0.43145978587064654,
  "best_cp": [
    1.0,
    0.38339384629315565,
    0.5064223881094695
  ],
  "best_u": [
    0.06279051952931353,
    0.8590435492314649,
    0.5080369387958387
  ],
  "n_candidatos": 54
}
