Punto[0.         0.42945264 0.52149598] -> F: 0.14637987179679895
Punto[1.         0.59115804 0.57635451] -> F: 0.3953457840740815
Punto[2.         0.73875955 0.76349345] -> F: 0.07787152286793443
Punto[1.         0.5841061  0.64249472] -> F: 0.35373952681329707
Punto[1.         0.591017   0.57767732] -> F: 0.397322716987907
Punto[1.         0.59087878 0.57897367] -> F: 0.39914723317736034
Punto[1.         0.59074057 0.58027001] -> F: 0.4009912413376538
Punto[1.         0.59060235 0.58156636] -> F: 0.4028547414687871
Punto[1.         0.59046413 0.58286271] -> F: 0.40457842158047447
Punto[1.         0.59032591 0.58415906] -> F: 0.4048692765615085
Punto[1.         0.59018769 0.58545541] -> F: 0.40442875564696185
Punto[1.         0.59004948 0.58675175] -> F: 0.40398806351534733
Punto[1.         0.58991126 0.5880481 ] -> F: 0.4035472001666651
Punto[1.         0.58977304 0.58934445] -> F: 0.4031061656009157
Punto[1.         0.58963482 0.5906408 ] -> F: 0.40266495981809836
Punto[1.         0.5894966  0.59193715] -> F: 0.40222358281821324
Punto[1.         0.58935839 0.59323349] -> F: 0.40178203460126083
Punto[1.         0.58922017 0.59452984] -> F: 0.4013403151672406
Punto[1.         0.58908195 0.59582619] -> F: 0.4008984245161526
Punto[1.         0.58894373 0.59712254] -> F: 0.40033196356559525
Punto[1.         0.58880551 0.59841889] -> F: 0.3989405179292038
Punto[1.         0.5886673  0.59971523] -> F: 0.3975526154197389
Punto[1.         0.58852908 0.60101158] -> F: 0.3961682560372008
Punto[1.         0.58839086 0.60230793] -> F: 0.39478743978158953
Punto[1.         0.58825264 0.60360428] -> F: 0.3934101666529049
Punto[1.         0.58811442 0.60490063] -> F: 0.392036436651147
Punto[1.         0.5879762  0.60619698] -> F: 0.39066624977631614
Punto[1.         0.58783799 0.60749332] -> F: 0.3892996060284114
Punto[1.         0.58769977 0.60878967] -> F: 0.3879365054074339
Punto[1.         0.58756155 0.61008602] -> F: 0.3865769479133829
Punto[1.         0.58742333 0.61138237] -> F: 0.3852209335462587
Punto[1.         0.58728511 0.61267872] -> F: 0.38386846230606114
Punto[1.         0.5871469  0.61397506] -> F: 0.38251953419279056
Punto[1.         0.58700868 0.61527141] -> F: 0.3811741492064463
Punto[1.         0.58687046 0.61656776] -> F: 0.3798323073470291
Punto[1.         0.58673224 0.61786411] -> F: 0.37849400861453847
Punto[1.         0.58659402 0.61916046] -> F: 0.37715925300897474
Punto[1.         0.58645581 0.6204568 ] -> F: 0.37582804053033775
Punto[1.         0.58631759 0.62175315] -> F: 0.37450037117862733
Punto[1.         0.58617937 0.6230495 ] -> F: 0.37317624495384366
Punto[1.         0.58604115 0.62434585] -> F: 0.37185566185598684
Punto[1.         0.58590293 0.6256422 ] -> F: 0.3705386218850566
Punto[1.         0.58576472 0.62693854] -> F: 0.3692251250410532
Punto[1.         0.5856265  0.62823489] -> F: 0.36791517132397655
Punto[1.         0.58548828 0.62953124] -> F: 0.3666087607338265
Punto[1.         0.58535006 0.63082759] -> F: 0.36530589327060353
Punto[1.         0.58521184 0.63212394] -> F: 0.364006568934307
Punto[1.         0.58507362 0.63342028] -> F: 0.3627107877249371
Punto[1.         0.58493541 0.63471663] -> F: 0.3614185496424941
Punto[1.         0.58479719 0.63601298] -> F: 0.3601298546869778
Punto[1.         0.58465897 0.63730933] -> F: 0.35884470285838843
Punto[1.         0.58452075 0.63860568] -> F: 0.3575630941567253
Punto[1.         0.58438253 0.63990202] -> F: 0.3562850285819892
Punto[1.         0.58424432 0.64119837] -> F: 0.3550105061341799
Best centerpoint:  [1.         0.59032591 0.58415906] Best F:  0.4048692765615085 Best u:  [6.12323400e-17 9.29776486e-01 3.68124553e-01] índice:  6
{
  "seed": 11586,
  "n_per_z": 5,
  "nz": 100,
  "nd": 100,
  "n_muestras": 50,
  "best_f": 0.4048692765615085,
  "best_cp": [
    1.0,
    0.5903259124921557,
    0.5841590586193799
  ],
  "best_u": [
    6.123233995736766e-17,
    0.9297764858882515,
    0.3681245526846779
  ],
  "n_candidatos": 54
}
