Punto[0.         0.56121974 0.64551638] -> F: 0.1052633720806495
Punto[1.         0.52854158 0.57532976] -> F: 0.3306267991238409
Punto[2.         0.59565178 0.21163603] -> F: 0.05931145821692241
Punto[1.         0.57843576 0.4285762 ] -> F: 0.26565758428024416
Punto[1.         0.52953947 0.57239469] -> F: 0.33913321905917865
Punto[1.         0.53051739 0.56951832] -> F: 0.3445597592740084
Punto[1.         0.53149532 0.56664195] -> F: 0.34978332994640576
Punto[1.         0.53247324 0.56376558] -> F: 0.355176253237378
Punto[1.         0.53345117 0.56088921] -> F: 0.36016052956408146
Punto[1.         0.5344291  0.55801284] -> F: 0.36493483558245626
Punto[1.         0.53540702 0.55513647] -> F: 0.3699826675319287
Punto[1.         0.53638495 0.5522601 ] -> F: 0.3753722486450393
Punto[1.         0.53736287 0.54938373] -> F: 0.38068979695564686
Punto[1.         0.5383408  0.54650736] -> F: 0.38550056290667634
Punto[1.         0.53931873 0.54363099] -> F: 0.3903200399071743
Punto[1.         0.54029665 0.54075462] -> F: 0.3917799199720294
Punto[1.         0.54127458 0.53787825] -> F: 0.3882199797732252
Punto[1.         0.5422525  0.53500188] -> F: 0.384662652471926
Punto[1.         0.54323043 0.53212551] -> F: 0.38109146530186766
Punto[1.         0.54420836 0.52924914] -> F: 0.3775380393141057
Punto[1.         0.54518628 0.52637277] -> F: 0.3740023745086403
Punto[1.         0.54616421 0.52349641] -> F: 0.3704844708854713
Punto[1.         0.54714213 0.52062004] -> F: 0.36698432844459855
Punto[1.         0.54812006 0.51774367] -> F: 0.36350194718602225
Punto[1.         0.54909799 0.5148673 ] -> F: 0.36003732710974246
Punto[1.         0.55007591 0.51199093] -> F: 0.3565904682157589
Punto[1.         0.55105384 0.50911456] -> F: 0.3531619735253149
Punto[1.         0.55203176 0.50623819] -> F: 0.3497541811556255
Punto[1.         0.55300969 0.50336182] -> F: 0.3463673247571164
Punto[1.         0.55398762 0.50048545] -> F: 0.34300140432978804
Punto[1.         0.55496554 0.49760908] -> F: 0.33965641987364
Punto[1.         0.55594347 0.49473271] -> F: 0.33633237138867245
Punto[1.         0.55692139 0.49185634] -> F: 0.3330292588748856
Punto[1.         0.55789932 0.48897997] -> F: 0.3297470823322792
Punto[1.         0.55887724 0.4861036 ] -> F: 0.3264858417608533
Punto[1.         0.55985517 0.48322723] -> F: 0.32324553716060794
Punto[1.         0.5608331  0.48035086] -> F: 0.3200261685315431
Punto[1.         0.56181102 0.47747449] -> F: 0.31682773587365876
Punto[1.         0.56278895 0.47459812] -> F: 0.31365023918695484
Punto[1.         0.56376687 0.47172175] -> F: 0.3104936784714316
Punto[1.         0.5647448  0.46884538] -> F: 0.3073580537270889
Punto[1.         0.56572273 0.46596901] -> F: 0.30424336495392656
Punto[1.         0.56670065 0.46309264] -> F: 0.3011496121519448
Punto[1.         0.56767858 0.46021627] -> F: 0.2980767953211435
Punto[1.        0.5686565 0.4573399] -> F: 0.2950249144615229
Punto[1.         0.56963443 0.45446353] -> F: 0.2919939695730826
Punto[1.         0.57061236 0.45158716] -> F: 0.28898396065582294
Punto[1.         0.57159028 0.44871079] -> F: 0.28599488770974385
Punto[1.         0.57256821 0.44583442] -> F: 0.2830267507348452
Punto[1.         0.57354613 0.44295805] -> F: 0.2800795497311269
Punto[1.         0.57452406 0.44008168] -> F: 0.27715328469858935
Punto[1.         0.57550199 0.43720531] -> F: 0.27424795563723225
Punto[1.         0.57647991 0.43432894] -> F: 0.27136356254705574
Punto[1.         0.57745784 0.43145257] -> F: 0.2685001054280597
Best centerpoint:  [1.         0.54029665 0.54075462] Best F:  0.3917799199720294 Best u:  [ 0.21814324  0.06127832 -0.97399101] índice:  12
{
  "seed": 6735,
  "n_per_z": 5,
  "nz": 100,
  "nd": 100,
  "n_muestras": 50,
  "best_f": 0.3917799199720294,
  "best_cp": [
    1.0,
    0.5402966521591215,
    0.5407546234879607
  ],
  "best_u": [
    0.21814324139654234,
    0.06127832049949922,
    -0.9739910131360404
  ],
  "n_candidatos": 54
}
