Punto[0.         0.49766441 0.36501813] -> F: 0.1125174575204408
Punto[1.         0.47079852 0.45390794] -> F: 0.38109468603909424
Punto[2.         0.3655347  0.40010003] -> F: 0.14356372188454633
Punto[1.         0.43159955 0.38255908] -> F: 0.4147345626325153
Punto[1.         0.47001454 0.45248097] -> F: 0.3835910587585269
Punto[1.         0.46924624 0.45108253] -> F: 0.3860801839494685
Punto[1.         0.46847794 0.44968409] -> F: 0.3886115579559456
Punto[1.         0.46770964 0.44828565] -> F: 0.3911851807779577
Punto[1.         0.46694134 0.44688722] -> F: 0.3938010524155051
Punto[1.         0.46617304 0.44548878] -> F: 0.3964591728685876
Punto[1.         0.46540474 0.44409034] -> F: 0.3985276779453466
Punto[1.         0.46463644 0.4426919 ] -> F: 0.40032369488815606
Punto[1.         0.46386814 0.44129347] -> F: 0.4021619606465006
Punto[1.         0.46309984 0.43989503] -> F: 0.40404247522038034
Punto[1.         0.46233154 0.43849659] -> F: 0.4057549153865817
Punto[1.         0.46156325 0.43709815] -> F: 0.4075170872835116
Punto[1.         0.46079495 0.43569971] -> F: 0.409389244428793
Punto[1.         0.46002665 0.43430128] -> F: 0.41137138682242586
Punto[1.         0.45925835 0.43290284] -> F: 0.41346351446441043
Punto[1.         0.45849005 0.4315044 ] -> F: 0.4156656273547464
Punto[1.         0.45772175 0.43010596] -> F: 0.4179777254934337
Punto[1.         0.45695345 0.42870753] -> F: 0.4203886662545451
Punto[1.         0.45618515 0.42730909] -> F: 0.42282082276953387
Punto[1.         0.45541685 0.42591065] -> F: 0.4251705046431926
Punto[1.         0.45464855 0.42451221] -> F: 0.4275140904175703
Punto[1.         0.45388025 0.42311377] -> F: 0.4298990122217027
Punto[1.         0.45311195 0.42171534] -> F: 0.4323252700555904
Punto[1.         0.45234365 0.4203169 ] -> F: 0.43479244399633793
Punto[1.         0.45157535 0.41891846] -> F: 0.4371919044269156
Punto[1.         0.45080705 0.41752002] -> F: 0.43876301235083265
Punto[1.         0.45003875 0.41612159] -> F: 0.44037454351872457
Punto[1.         0.44927045 0.41472315] -> F: 0.4401840275138112
Punto[1.         0.44850215 0.41332471] -> F: 0.4393617098386902
Punto[1.         0.44773385 0.41192627] -> F: 0.43852552294486735
Punto[1.         0.44696555 0.41052783] -> F: 0.4376825733379825
Punto[1.         0.44619725 0.4091294 ] -> F: 0.4368303839288494
Punto[1.         0.44542895 0.40773096] -> F: 0.43583715177747934
Punto[1.         0.44466065 0.40633252] -> F: 0.43476958504900526
Punto[1.         0.44389235 0.40493408] -> F: 0.4336966329888106
Punto[1.         0.44312405 0.40353565] -> F: 0.4326260781627342
Punto[1.         0.44235575 0.40213721] -> F: 0.43155792057077585
Punto[1.         0.44158745 0.40073877] -> F: 0.43049216021293585
Punto[1.         0.44081915 0.39934033] -> F: 0.42939045284022337
Punto[1.         0.44005085 0.39794189] -> F: 0.4281918319145142
Punto[1.         0.43928255 0.39654346] -> F: 0.426996556471214
Punto[1.         0.43851425 0.39514502] -> F: 0.42580462651032286
Punto[1.         0.43774595 0.39374658] -> F: 0.4246160420318409
Punto[1.         0.43697765 0.39234814] -> F: 0.4234308030357678
Punto[1.         0.43620935 0.39094971] -> F: 0.422248909522104
Punto[1.         0.43544105 0.38955127] -> F: 0.42107036149084937
Punto[1.         0.43467275 0.38815283] -> F: 0.41989357089664475
Punto[1.         0.43390445 0.38675439] -> F: 0.41860099304395143
Punto[1.         0.43313615 0.38535595] -> F: 0.4173108048608735
Punto[1.         0.43236785 0.38395752] -> F: 0.41602180321128424
{
  "seed": 10792,
  "n_per_z": 10,
  "nz": 100,
  "nd": 100,
  "n_muestras": 50,
  "best_f": 0.44037454351872457,
  "best_cp": [
    1.0,
    0.4500387477717675,
    0.41612158536633803
  ],
  "best_u": [
    -0.21814324139654234,
    0.5736294801326202,
    0.7895332455038164
  ],
  "best_index": 30,
  "n_candidatos": 54
}
