Punto[0.         0.46196681 0.56434941] -> F: 0.1299246957494805
Punto[1.         0.50740662 0.5596177 ] -> F: 0.42977477521879087
Punto[2.         0.57096396 0.56127163] -> F: 0.0955896907713161
Punto[1.         0.51646538 0.56281052] -> F: 0.43252850535787746
Punto[1.         0.50758779 0.55968156] -> F: 0.43006958758881125
Punto[1.         0.50776535 0.55974414] -> F: 0.43035909506192244
Punto[1.         0.5079429  0.55980672] -> F: 0.430649187912288
Punto[1.         0.50812045 0.5598693 ] -> F: 0.43093986613990815
Punto[1.         0.508298   0.55993188] -> F: 0.4312311297447824
Punto[1.         0.50847555 0.55999446] -> F: 0.43152297872691114
Punto[1.         0.5086531  0.56005704] -> F: 0.43181541308629395
Punto[1.         0.50883066 0.56011962] -> F: 0.4321084328229311
Punto[1.         0.50900821 0.5601822 ] -> F: 0.43240203793682264
Punto[1.         0.50918576 0.56024477] -> F: 0.4326962284279684
Punto[1.         0.50936331 0.56030735] -> F: 0.4329901008746352
Punto[1.         0.50954086 0.56036993] -> F: 0.4332776210380625
Punto[1.         0.50971841 0.56043251] -> F: 0.4335654949971652
Punto[1.         0.50989597 0.56049509] -> F: 0.43385372275194356
Punto[1.         0.51007352 0.56055767] -> F: 0.4341423043023974
Punto[1.         0.51025107 0.56062025] -> F: 0.43443123964852665
Punto[1.         0.51042862 0.56068283] -> F: 0.4347205287903316
Punto[1.         0.51060617 0.56074541] -> F: 0.43501017172781214
Punto[1.         0.51078373 0.56080799] -> F: 0.4353001684609679
Punto[1.         0.51096128 0.56087057] -> F: 0.43559051898979945
Punto[1.         0.51113883 0.56093315] -> F: 0.4358812233143066
Punto[1.         0.51131638 0.56099572] -> F: 0.43617228143448905
Punto[1.         0.51149393 0.5610583 ] -> F: 0.4364636933503471
Punto[1.         0.51167148 0.56112088] -> F: 0.436755459061881
Punto[1.         0.51184904 0.56118346] -> F: 0.43704757856909016
Punto[1.         0.51202659 0.56124604] -> F: 0.437340051871975
Punto[1.         0.51220414 0.56130862] -> F: 0.43763287897053516
Punto[1.         0.51238169 0.5613712 ] -> F: 0.43792605986477096
Punto[1.         0.51255924 0.56143378] -> F: 0.43815848665438145
Punto[1.         0.51273679 0.56149636] -> F: 0.43799080182655026
Punto[1.         0.51291435 0.56155894] -> F: 0.4377221330706079
Punto[1.         0.5130919  0.56162152] -> F: 0.4374543202546948
Punto[1.         0.51326945 0.5616841 ] -> F: 0.43718736337881037
Punto[1.         0.513447   0.56174668] -> F: 0.4369212624429554
Punto[1.         0.51362455 0.56180925] -> F: 0.43665601744712945
Punto[1.         0.51380211 0.56187183] -> F: 0.43639162839133283
Punto[1.         0.51397966 0.56193441] -> F: 0.4361280952755651
Punto[1.         0.51415721 0.56199699] -> F: 0.4358654180998266
Punto[1.         0.51433476 0.56205957] -> F: 0.4356035968641173
Punto[1.         0.51451231 0.56212215] -> F: 0.4353426315684369
Punto[1.         0.51468986 0.56218473] -> F: 0.4350825222127857
Punto[1.         0.51486742 0.56224731] -> F: 0.43482326879716404
Punto[1.         0.51504497 0.56230989] -> F: 0.43456487132157107
Punto[1.         0.51522252 0.56237247] -> F: 0.43430732978600767
Punto[1.         0.51540007 0.56243505] -> F: 0.43405064419047307
Punto[1.         0.51557762 0.56249763] -> F: 0.43379481453496743
Punto[1.         0.51575517 0.56256021] -> F: 0.4335398408194912
Punto[1.         0.51593273 0.56262278] -> F: 0.43328572304404434
Punto[1.         0.51611028 0.56268536] -> F: 0.43303246120862604
Punto[1.         0.51628783 0.56274794] -> F: 0.4327800553132375
Best centerpoint:  [1.         0.51255924 0.56143378] Best F:  0.43815848665438145 Best u:  [ 0.24868989 -0.68489172 -0.68489172] índice:  29
{
  "seed": 19865,
  "n_per_z": 5,
  "nz": 100,
  "nd": 100,
  "n_muestras": 50,
  "best_f": 0.43815848665438145,
  "best_cp": [
    1.0,
    0.5125592428726048,
    0.5614337794727449
  ],
  "best_u": [
    0.24868988716485485,
    -0.6848917213771575,
    -0.6848917213771574
  ],
  "n_candidatos": 54
}
