Punto[0.         0.48842993 0.53368863] -> F: 0.1543213678079868
Punto[1.         0.4964268  0.49293821] -> F: 0.43666590272654116
Punto[2.         0.51078548 0.51863874] -> F: 0.12466496989222582
Punto[1.         0.4996077  0.52616368] -> F: 0.43700981003320916
Punto[1.         0.49649042 0.49360272] -> F: 0.4375893482333536
Punto[1.         0.49655277 0.49425394] -> F: 0.4384952013688219
Punto[1.         0.49661511 0.49490516] -> F: 0.4394019221891549
Punto[1.         0.49667746 0.49555638] -> F: 0.4403095106943523
Punto[1.        0.4967398 0.4962076] -> F: 0.44121796688441445
Punto[1.         0.49680215 0.49685881] -> F: 0.4421272907593414
Punto[1.         0.49686449 0.49751003] -> F: 0.443037482319133
Punto[1.         0.49692684 0.49816125] -> F: 0.44394854156378905
Punto[1.         0.49698919 0.49881247] -> F: 0.44486046849330996
Punto[1.         0.49705153 0.49946369] -> F: 0.4457732631076954
Punto[1.         0.49711388 0.50011491] -> F: 0.44668692540694577
Punto[1.         0.49717622 0.50076613] -> F: 0.4476014553910603
Punto[1.         0.49723857 0.50141735] -> F: 0.4485168530600401
Punto[1.         0.49730091 0.50206857] -> F: 0.4494331184138842
Punto[1.         0.49736326 0.50271979] -> F: 0.4495224667116533
Punto[1.         0.49742561 0.50337101] -> F: 0.449170084517642
Punto[1.         0.49748795 0.50402223] -> F: 0.4488180222587222
Punto[1.         0.4975503  0.50467345] -> F: 0.4484662799348939
Punto[1.         0.49761264 0.50532467] -> F: 0.4481148575461573
Punto[1.         0.49767499 0.50597588] -> F: 0.4477637550925122
Punto[1.         0.49773733 0.5066271 ] -> F: 0.4474129725739586
Punto[1.         0.49779968 0.50727832] -> F: 0.4470625099904967
Punto[1.         0.49786203 0.50792954] -> F: 0.4467123673421263
Punto[1.         0.49792437 0.50858076] -> F: 0.44636254462884745
Punto[1.         0.49798672 0.50923198] -> F: 0.4460130418506602
Punto[1.         0.49804906 0.5098832 ] -> F: 0.44566385900756456
Punto[1.         0.49811141 0.51053442] -> F: 0.4453149960995604
Punto[1.         0.49817375 0.51118564] -> F: 0.4449664531266479
Punto[1.         0.4982361  0.51183686] -> F: 0.44461823008882695
Punto[1.         0.49829844 0.51248808] -> F: 0.44427032698609753
Punto[1.         0.49836079 0.5131393 ] -> F: 0.44392274381845964
Punto[1.         0.49842314 0.51379052] -> F: 0.44357548058591345
Punto[1.         0.49848548 0.51444174] -> F: 0.44322853728845873
Punto[1.         0.49854783 0.51509295] -> F: 0.44288191392609555
Punto[1.         0.49861017 0.51574417] -> F: 0.442535610498824
Punto[1.         0.49867252 0.51639539] -> F: 0.442189627006644
Punto[1.         0.49873486 0.51704661] -> F: 0.44184396344955557
Punto[1.         0.49879721 0.51769783] -> F: 0.4414986198275587
Punto[1.         0.49885956 0.51834905] -> F: 0.4411535961406534
Punto[1.         0.4989219  0.51900027] -> F: 0.4408088923888397
Punto[1.         0.49898425 0.51965149] -> F: 0.44046450857211755
Punto[1.         0.49904659 0.52030271] -> F: 0.44012044469048694
Punto[1.         0.49910894 0.52095393] -> F: 0.439776700743948
Punto[1.         0.49917128 0.52160515] -> F: 0.4394332767325005
Punto[1.         0.49923363 0.52225637] -> F: 0.43909017265614453
Punto[1.         0.49929598 0.52290759] -> F: 0.4387473885148803
Punto[1.         0.49935832 0.52355881] -> F: 0.4384049243087076
Punto[1.         0.49942067 0.52421002] -> F: 0.43806163178449053
Punto[1.         0.49948301 0.52486124] -> F: 0.4377106872884007
Punto[1.         0.49954536 0.52551246] -> F: 0.4373600800379736
{
  "seed": 1689,
  "n_per_z": 10,
  "nz": 100,
  "nd": 100,
  "n_muestras": 50,
  "best_f": 0.4495224667116533,
  "best_cp": [
    1.0,
    0.49736325991129615,
    0.5027197882173569
  ],
  "best_u": [
    0.9995065603657316,
    -0.016830726364690914,
    0.026520981050879643
  ],
  "best_index": 18,
  "n_candidatos": 54
}
