Punto[0.         0.39159091 0.57323911] -> F: 0.13076601507130822
Punto[1.         0.44673762 0.50068037] -> F: 0.449346138471196
Punto[2.         0.52576502 0.45173421] -> F: 0.14862536565182563
Punto[1.         0.45867797 0.51248666] -> F: 0.45543734227432897
Punto[1.         0.44697643 0.50091649] -> F: 0.4496000935505929
Punto[1.         0.44721046 0.5011479 ] -> F: 0.4498509998606869
Punto[1.         0.44744449 0.5013793 ] -> F: 0.4501039159946587
Punto[1.         0.44767852 0.5016107 ] -> F: 0.4503588419525087
Punto[1.         0.44791255 0.50184211] -> F: 0.45061577773423656
Punto[1.         0.44814658 0.50207351] -> F: 0.45087472333984235
Punto[1.         0.44838061 0.50230491] -> F: 0.4511356787693264
Punto[1.         0.44861464 0.50253632] -> F: 0.4513986440226881
Punto[1.         0.44884867 0.50276772] -> F: 0.45166361909992797
Punto[1.         0.4490827  0.50299912] -> F: 0.45193060400104573
Punto[1.         0.44931673 0.50323053] -> F: 0.4521995987260417
Punto[1.         0.44955077 0.50346193] -> F: 0.45247060327491545
Punto[1.         0.4497848  0.50369333] -> F: 0.4527436176476672
Punto[1.         0.45001883 0.50392474] -> F: 0.4530186418442972
Punto[1.         0.45025286 0.50415614] -> F: 0.4532956758648049
Punto[1.         0.45048689 0.50438754] -> F: 0.4535747197091906
Punto[1.         0.45072092 0.50461895] -> F: 0.4538557733774544
Punto[1.         0.45095495 0.50485035] -> F: 0.4541388368695963
Punto[1.         0.45118898 0.50508175] -> F: 0.45442372658400454
Punto[1.         0.45142301 0.50531316] -> F: 0.45471002723729625
Punto[1.         0.45165704 0.50554456] -> F: 0.4549977229729465
Punto[1.         0.45189107 0.50577596] -> F: 0.45528681379095526
Punto[1.         0.4521251  0.50600737] -> F: 0.45556634060159445
Punto[1.         0.45235913 0.50623877] -> F: 0.4558335689934976
Punto[1.         0.45259317 0.50647017] -> F: 0.4561013494649646
Punto[1.         0.4528272  0.50670158] -> F: 0.4563696820159954
Punto[1.         0.45306123 0.50693298] -> F: 0.4566385666465899
Punto[1.         0.45329526 0.50716438] -> F: 0.4569080033567484
Punto[1.         0.45352929 0.50739579] -> F: 0.45717799214647076
Punto[1.         0.45376332 0.50762719] -> F: 0.4574485330157568
Punto[1.         0.45399735 0.50785859] -> F: 0.4577196259646067
Punto[1.         0.45423138 0.50809   ] -> F: 0.45799127099302045
Punto[1.         0.45446541 0.5083214 ] -> F: 0.45826346810099805
Punto[1.         0.45469944 0.50855281] -> F: 0.4585362172885395
Punto[1.         0.45493347 0.50878421] -> F: 0.45880951855564467
Punto[1.         0.4551675  0.50901561] -> F: 0.4590833719023138
Punto[1.         0.45540153 0.50924702] -> F: 0.4592862153391601
Punto[1.         0.45563557 0.50947842] -> F: 0.4594813872111346
Punto[1.         0.4558696  0.50970982] -> F: 0.4596786981032755
Punto[1.         0.45610363 0.50994123] -> F: 0.4596431451787461
Punto[1.         0.45633766 0.51017263] -> F: 0.45926011512256626
Punto[1.         0.45657169 0.51040403] -> F: 0.45887722193390584
Punto[1.         0.45680572 0.51063544] -> F: 0.45849446561276447
Punto[1.         0.45703975 0.51086684] -> F: 0.4581118461591426
Punto[1.         0.45727378 0.51109824] -> F: 0.4577293635730399
Punto[1.         0.45750781 0.51132965] -> F: 0.4573470178544566
Punto[1.         0.45774184 0.51156105] -> F: 0.45696480900339237
Punto[1.         0.45797587 0.51179245] -> F: 0.4565827370198477
Punto[1.         0.4582099  0.51202386] -> F: 0.45620080190382206
Punto[1.         0.45844393 0.51225526] -> F: 0.45581900365531586
{
  "seed": 19948,
  "n_per_z": 10,
  "nz": 100,
  "nd": 100,
  "n_muestras": 50,
  "best_f": 0.4596786981032755,
  "best_cp": [
    1.0,
    0.4558695964206326,
    0.5097098218911006
  ],
  "best_u": [
    -0.24868988716485474,
    -0.9685831611286311,
    -0.0
  ],
  "best_index": 42,
  "n_candidatos": 54
}
