Punto[0.         0.5581035  0.42961219] -> F: 0.14625386416841446
Punto[1.         0.5364777  0.48972531] -> F: 0.4417546686233873
Punto[2.         0.42021007 0.48369697] -> F: 0.13994940432697858
Punto[1.         0.48915678 0.45665458] -> F: 0.4521246221365242
Punto[1.         0.53553128 0.48906389] -> F: 0.44307223492983294
Punto[1.         0.53460379 0.48841571] -> F: 0.44436636330220974
Punto[1.         0.5336763  0.48776752] -> F: 0.44566337563844344
Punto[1.         0.53274881 0.48711934] -> F: 0.44696327193853425
Punto[1.         0.53182132 0.48647115] -> F: 0.44826605220248217
Punto[1.         0.53089383 0.48582296] -> F: 0.4495717164302871
Punto[1.         0.52996634 0.48517478] -> F: 0.4508760522841238
Punto[1.         0.52903885 0.48452659] -> F: 0.45216718617914875
Punto[1.         0.52811136 0.4838784 ] -> F: 0.453441665158161
Punto[1.         0.52718387 0.48323022] -> F: 0.4546788071781293
Punto[1.         0.52625638 0.48258203] -> F: 0.45589560441088167
Punto[1.         0.52532889 0.48193385] -> F: 0.45710502981905027
Punto[1.         0.5244014  0.48128566] -> F: 0.45829417006058
Punto[1.         0.52347391 0.48063747] -> F: 0.4594844047089037
Punto[1.         0.52254642 0.47998929] -> F: 0.46065101077267057
Punto[1.         0.52161893 0.4793411 ] -> F: 0.4618144754333285
Punto[1.         0.52069144 0.47869291] -> F: 0.46296366697097385
Punto[1.         0.51976395 0.47804473] -> F: 0.46410116905782695
Punto[1.         0.51883646 0.47739654] -> F: 0.4652302340508643
Punto[1.         0.51790897 0.47674835] -> F: 0.46634245410542363
Punto[1.         0.51698148 0.47610017] -> F: 0.4674491971600079
Punto[1.         0.51605399 0.47545198] -> F: 0.4685367070990811
Punto[1.        0.5151265 0.4748038] -> F: 0.4696193137391221
Punto[1.         0.51419901 0.47415561] -> F: 0.47068259126108236
Punto[1.         0.51327152 0.47350742] -> F: 0.4717395296888678
Punto[1.         0.51234403 0.47285924] -> F: 0.4727789697776786
Punto[1.         0.51141654 0.47221105] -> F: 0.4735009225577655
Punto[1.         0.51048905 0.47156286] -> F: 0.47294359422403176
Punto[1.         0.50956156 0.47091468] -> F: 0.47238310290086105
Punto[1.         0.50863407 0.47026649] -> F: 0.47182269833207274
Punto[1.         0.50770658 0.46961831] -> F: 0.47126033985893934
Punto[1.         0.50677909 0.46897012] -> F: 0.4706955224515089
Punto[1.         0.5058516  0.46832193] -> F: 0.4701307932249209
Punto[1.         0.50492411 0.46767375] -> F: 0.46956253365579104
Punto[1.         0.50399662 0.46702556] -> F: 0.4689941773671276
Punto[1.         0.50306913 0.46637737] -> F: 0.4684261531798202
Punto[1.         0.50214164 0.46572919] -> F: 0.46785846109386875
Punto[1.         0.50121415 0.465081  ] -> F: 0.4669060573890886
Punto[1.         0.50028666 0.46443281] -> F: 0.4658154903649653
Punto[1.         0.49935917 0.46378463] -> F: 0.46472580833979166
Punto[1.         0.49843168 0.46313644] -> F: 0.4636370113135678
Punto[1.         0.49750419 0.46248826] -> F: 0.4625490992862936
Punto[1.         0.4965767  0.46184007] -> F: 0.4614038870518965
Punto[1.         0.49564921 0.46119188] -> F: 0.4602489824235337
Punto[1.         0.49472172 0.4605437 ] -> F: 0.45909435739095955
Punto[1.         0.49379423 0.45989551] -> F: 0.45794059537972115
Punto[1.         0.49286674 0.45924732] -> F: 0.45678769638981853
Punto[1.         0.49193925 0.45859914] -> F: 0.45563566042125164
Punto[1.         0.49101176 0.45795095] -> F: 0.4544844874740205
Punto[1.         0.49008427 0.45730277] -> F: 0.45333200778464616
{
  "seed": 19331,
  "n_per_z": 10,
  "nz": 100,
  "nd": 100,
  "n_muestras": 50,
  "best_f": 0.4735009225577655,
  "best_cp": [
    1.0,
    0.511416542516105,
    0.4722110505875119
  ],
  "best_u": [
    0.5090414157503713,
    -0.7788226712276054,
    -0.36648613047802375
  ],
  "best_index": 30,
  "n_candidatos": 54
}
