Punto[0.         0.35922135 0.40578002] -> F: 0.10764024141549199
Punto[1.         0.44957926 0.4954941 ] -> F: 0.4275604757703374
Punto[2.         0.5004956  0.50731502] -> F: 0.1520488863787662
Punto[1.         0.42985848 0.45654752] -> F: 0.4216647955595078
Punto[1.         0.44918484 0.49471517] -> F: 0.4285806850061328
Punto[1.         0.44879831 0.49395181] -> F: 0.42960302875258605
Punto[1.         0.44841179 0.49318846] -> F: 0.4306471267486887
Punto[1.         0.44802526 0.49242511] -> F: 0.43169791862530926
Punto[1.         0.44763873 0.49166176] -> F: 0.4327486549705506
Punto[1.        0.4472522 0.4908984] -> F: 0.43379933578441254
Punto[1.         0.44686568 0.49013505] -> F: 0.43484996106689533
Punto[1.         0.44647915 0.4893717 ] -> F: 0.43590053081799907
Punto[1.         0.44609262 0.48860834] -> F: 0.4369510450377235
Punto[1.         0.44570609 0.48784499] -> F: 0.43800150372606866
Punto[1.         0.44531957 0.48708164] -> F: 0.4389970395941026
Punto[1.         0.44493304 0.48631828] -> F: 0.43999831850366306
Punto[1.         0.44454651 0.48555493] -> F: 0.4396740266992707
Punto[1.         0.44415999 0.48479158] -> F: 0.43919535725635944
Punto[1.         0.44377346 0.48402823] -> F: 0.4387170232533689
Punto[1.         0.44338693 0.48326487] -> F: 0.4382390246902994
Punto[1.         0.4430004  0.48250152] -> F: 0.43776136156715073
Punto[1.         0.44261388 0.48173817] -> F: 0.4372840338839227
Punto[1.         0.44222735 0.48097481] -> F: 0.4368070416406156
Punto[1.         0.44184082 0.48021146] -> F: 0.4363303848372294
Punto[1.         0.44145429 0.47944811] -> F: 0.43585406347376393
Punto[1.         0.44106777 0.47868476] -> F: 0.4353780775502194
Punto[1.         0.44068124 0.4779214 ] -> F: 0.43490242706659554
Punto[1.         0.44029471 0.47715805] -> F: 0.4344271120228927
Punto[1.         0.43990818 0.4763947 ] -> F: 0.4339521324191107
Punto[1.         0.43952166 0.47563134] -> F: 0.43347748825524934
Punto[1.         0.43913513 0.47486799] -> F: 0.43300317953130896
Punto[1.         0.4387486  0.47410464] -> F: 0.4325268781757999
Punto[1.         0.43836208 0.47334129] -> F: 0.43204973103509203
Punto[1.         0.43797555 0.47257793] -> F: 0.43157292432758687
Punto[1.         0.43758902 0.47181458] -> F: 0.43109645805328417
Punto[1.         0.43720249 0.47105123] -> F: 0.43062034044526953
Punto[1.         0.43681597 0.47028787] -> F: 0.4301446729830655
Punto[1.         0.43642944 0.46952452] -> F: 0.4296694858535872
Punto[1.         0.43604291 0.46876117] -> F: 0.42919477905683484
Punto[1.         0.43565638 0.46799782] -> F: 0.4287205525928083
Punto[1.         0.43526986 0.46723446] -> F: 0.4282468064615074
Punto[1.         0.43488333 0.46647111] -> F: 0.42777354066293255
Punto[1.         0.4344968  0.46570776] -> F: 0.4273007551970834
Punto[1.         0.43411028 0.4649444 ] -> F: 0.42682845006396014
Punto[1.         0.43372375 0.46418105] -> F: 0.4263566252635626
Punto[1.         0.43333722 0.4634177 ] -> F: 0.4258852807958909
Punto[1.         0.43295069 0.46265435] -> F: 0.4254144166609451
Punto[1.         0.43256417 0.46189099] -> F: 0.42494403285872495
Punto[1.         0.43217764 0.46112764] -> F: 0.42447412938923085
Punto[1.         0.43179111 0.46036429] -> F: 0.42400470625246245
Punto[1.         0.43140458 0.45960093] -> F: 0.4235357634484199
Punto[1.         0.43101806 0.45883758] -> F: 0.42306730097710316
Punto[1.         0.43063153 0.45807423] -> F: 0.42259931883851226
Punto[1.         0.430245   0.45731088] -> F: 0.4221318170326471
{
  "seed": 3726,
  "n_per_z": 10,
  "nz": 100,
  "nd": 100,
  "n_muestras": 50,
  "best_f": 0.43999831850366306,
  "best_cp": [
    1.0,
    0.4449330396832567,
    0.48631828497019525
  ],
  "best_u": [
    -0.3090169943749471,
    0.059717332759911736,
    0.9491798235084413
  ],
  "best_index": 15,
  "n_candidatos": 54
}
