Punto[0.         0.35859801 0.5270074 ] -> F: 0.16855379072250667
Punto[1.         0.42716338 0.49895496] -> F: 0.43038333728607403
Punto[2.         0.50706392 0.44449763] -> F: 0.12600595744452997
Punto[1.         0.43283096 0.48575252] -> F: 0.4317451169165561
Punto[1.         0.42727673 0.49869091] -> F: 0.4305501350498829
Punto[1.         0.42738782 0.49843214] -> F: 0.43071380283964183
Punto[1.         0.4274989  0.49817337] -> F: 0.4308776745300087
Punto[1.         0.42760999 0.4979146 ] -> F: 0.43104175012098345
Punto[1.         0.42772107 0.49765584] -> F: 0.43120602961256604
Punto[1.         0.42783216 0.49739707] -> F: 0.4313705130047565
Punto[1.         0.42794324 0.4971383 ] -> F: 0.43153520029755493
Punto[1.         0.42805433 0.49687953] -> F: 0.43170009149096106
Punto[1.         0.42816541 0.49662077] -> F: 0.4318651865849751
Punto[1.        0.4282765 0.496362 ] -> F: 0.43203048557959695
Punto[1.         0.42838758 0.49610323] -> F: 0.4321959884748269
Punto[1.         0.42849866 0.49584446] -> F: 0.4323616952706645
Punto[1.         0.42860975 0.49558569] -> F: 0.43252760596711004
Punto[1.         0.42872083 0.49532693] -> F: 0.4326937205641634
Punto[1.         0.42883192 0.49506816] -> F: 0.4328600390618247
Punto[1.         0.428943   0.49480939] -> F: 0.4330265614600938
Punto[1.         0.42905409 0.49455062] -> F: 0.4331932877589708
Punto[1.         0.42916517 0.49429185] -> F: 0.4333602179584558
Punto[1.         0.42927626 0.49403309] -> F: 0.4335273520585486
Punto[1.         0.42938734 0.49377432] -> F: 0.4336946900592492
Punto[1.         0.42949843 0.49351555] -> F: 0.43386223196055757
Punto[1.         0.42960951 0.49325678] -> F: 0.4340299777624741
Punto[1.         0.4297206  0.49299802] -> F: 0.43419792746499813
Punto[1.         0.42983168 0.49273925] -> F: 0.4343660810681303
Punto[1.         0.42994276 0.49248048] -> F: 0.4345344385718702
Punto[1.         0.43005385 0.49222171] -> F: 0.43470299997621803
Punto[1.         0.43016493 0.49196294] -> F: 0.43487176528117377
Punto[1.         0.43027602 0.49170418] -> F: 0.4350407344867374
Punto[1.         0.4303871  0.49144541] -> F: 0.4352099075929088
Punto[1.         0.43049819 0.49118664] -> F: 0.43508254929426315
Punto[1.         0.43060927 0.49092787] -> F: 0.43491920791359995
Punto[1.         0.43072036 0.4906691 ] -> F: 0.4347563395133724
Punto[1.         0.43083144 0.49041034] -> F: 0.4345939440935805
Punto[1.         0.43094253 0.49015157] -> F: 0.4344320216542245
Punto[1.         0.43105361 0.4898928 ] -> F: 0.43427057219530396
Punto[1.         0.4311647  0.48963403] -> F: 0.43410959571681945
Punto[1.         0.43127578 0.48937527] -> F: 0.43394909221877037
Punto[1.         0.43138686 0.4891165 ] -> F: 0.4337890617011574
Punto[1.         0.43149795 0.48885773] -> F: 0.43362950416397994
Punto[1.         0.43160903 0.48859896] -> F: 0.4334704196072382
Punto[1.         0.43172012 0.48834019] -> F: 0.43331180803093217
Punto[1.         0.4318312  0.48808143] -> F: 0.43315366943506217
Punto[1.         0.43194229 0.48782266] -> F: 0.4329960038196276
Punto[1.         0.43205337 0.48756389] -> F: 0.43283881118462886
Punto[1.         0.43216446 0.48730512] -> F: 0.43268209153006576
Punto[1.         0.43227554 0.48704635] -> F: 0.4325258448559386
Punto[1.         0.43238663 0.48678759] -> F: 0.43237007116224707
Punto[1.         0.43249771 0.48652882] -> F: 0.43221477044899115
Punto[1.         0.4326088  0.48627005] -> F: 0.43205933875389935
Punto[1.         0.43271988 0.48601128] -> F: 0.43190198464065116
{
  "seed": 6872,
  "n_per_z": 10,
  "nz": 100,
  "nd": 100,
  "n_muestras": 50,
  "best_f": 0.4352099075929088,
  "best_cp": [
    1.0,
    0.4303871029367391,
    0.49144540798329583
  ],
  "best_u": [
    0.3387379202452915,
    -0.939024155680462,
    0.059078392297775874
  ],
  "best_index": 32,
  "n_candidatos": 54
}
