Punto[0.         0.62101656 0.47872069] -> F: 0.13091691993811658
Punto[1.         0.45406537 0.43026892] -> F: 0.43630349215775605
Punto[2.         0.37282477 0.4155246 ] -> F: 0.1458960139729564
Punto[1.         0.49692067 0.44712264] -> F: 0.45092592024559325
Punto[1.         0.45492248 0.430606  ] -> F: 0.43784431826809966
Punto[1.         0.45576244 0.43093633] -> F: 0.43935577340060494
Punto[1.         0.45660241 0.43126666] -> F: 0.44086865947602033
Punto[1.         0.45744237 0.43159699] -> F: 0.4423829764943462
Punto[1.         0.45828234 0.43192733] -> F: 0.443898724455582
Punto[1.         0.4591223  0.43225766] -> F: 0.44541590335972814
Punto[1.         0.45996226 0.43258799] -> F: 0.44691339345926356
Punto[1.         0.46080223 0.43291833] -> F: 0.44841128772779076
Punto[1.         0.46164219 0.43324866] -> F: 0.4499105649740251
Punto[1.         0.46248215 0.43357899] -> F: 0.45141122519796617
Punto[1.         0.46332212 0.43390933] -> F: 0.45291326839961477
Punto[1.         0.46416208 0.43423966] -> F: 0.4544166945789702
Punto[1.         0.46500205 0.43456999] -> F: 0.4559215037360329
Punto[1.         0.46584201 0.43490032] -> F: 0.4574186455867857
Punto[1.         0.46668197 0.43523066] -> F: 0.45890378283138983
Punto[1.         0.46752194 0.43556099] -> F: 0.46039010487092974
Punto[1.         0.4683619  0.43589132] -> F: 0.46187761170540564
Punto[1.         0.46920186 0.43622166] -> F: 0.46336630333481765
Punto[1.         0.47004183 0.43655199] -> F: 0.4648561797591653
Punto[1.         0.47088179 0.43688232] -> F: 0.4663444304179986
Punto[1.         0.47172175 0.43721265] -> F: 0.4678146052093218
Punto[1.         0.47256172 0.43754299] -> F: 0.4692859237948564
Punto[1.         0.47340168 0.43787332] -> F: 0.47075838617460214
Punto[1.         0.47424165 0.43820365] -> F: 0.47223199234855934
Punto[1.         0.47508161 0.43853399] -> F: 0.47254121021095585
Punto[1.         0.47592157 0.43886432] -> F: 0.47211850575426006
Punto[1.         0.47676154 0.43919465] -> F: 0.4716967444956097
Punto[1.         0.4776015  0.43952499] -> F: 0.4712745097935661
Punto[1.         0.47844146 0.43985532] -> F: 0.4707816022350391
Punto[1.         0.47928143 0.44018565] -> F: 0.4702837168151712
Punto[1.         0.48012139 0.44051598] -> F: 0.46978900147055747
Punto[1.         0.48096136 0.44084632] -> F: 0.4692974562011981
Punto[1.         0.48180132 0.44117665] -> F: 0.46880908100709306
Punto[1.         0.48264128 0.44150698] -> F: 0.468323875888242
Punto[1.         0.48348125 0.44183732] -> F: 0.4678418408446454
Punto[1.         0.48432121 0.44216765] -> F: 0.4673629758763027
Punto[1.         0.48516117 0.44249798] -> F: 0.4668872809832145
Punto[1.         0.48600114 0.44282831] -> F: 0.46605878003378975
Punto[1.         0.4868411  0.44315865] -> F: 0.4651280501934502
Punto[1.         0.48768107 0.44348898] -> F: 0.46421872443625006
Punto[1.         0.48852103 0.44381931] -> F: 0.4633369934397717
Punto[1.         0.48936099 0.44414965] -> F: 0.46248285720401505
Punto[1.         0.49020096 0.44447998] -> F: 0.4616538567846733
Punto[1.         0.49104092 0.44481031] -> F: 0.46078580493227267
Punto[1.         0.49188088 0.44514065] -> F: 0.45995581680090636
Punto[1.         0.49272085 0.44547098] -> F: 0.4587274125815473
Punto[1.         0.49356081 0.44580131] -> F: 0.45718682915532866
Punto[1.         0.49440078 0.44613164] -> F: 0.45564878422922017
Punto[1.         0.49524074 0.44646198] -> F: 0.45411327780322164
Punto[1.         0.4960807  0.44679231] -> F: 0.45252011169321565
Best centerpoint:  [1.         0.47508161 0.43853399] Best F:  0.47254121021095585 Best u:  [-0.21814324  0.21288965  0.95241353] índice:  25
{
  "seed": 2314,
  "n_per_z": 5,
  "nz": 100,
  "nd": 100,
  "n_muestras": 50,
  "best_f": 0.47254121021095585,
  "best_cp": [
    1.0,
    0.4750816096449318,
    0.4385339865192087
  ],
  "best_u": [
    -0.21814324139654234,
    0.21288964578253647,
    0.9524135262330097
  ],
  "n_candidatos": 54
}
