Punto[0.         0.43912388 0.6347495 ] -> F: 0.1408026900666262
Punto[1.         0.45146253 0.5108879 ] -> F: 0.37174029130932024
Punto[2.         0.58136911 0.55143526] -> F: 0.09799095880247248
Punto[1.         0.5102465  0.59309238] -> F: 0.3648016755312984
Punto[1.         0.45263821 0.51253199] -> F: 0.3752745136848743
Punto[1.         0.45379038 0.51414319] -> F: 0.37876191500508904
Punto[1.         0.45494254 0.5157544 ] -> F: 0.382271260443322
Punto[1.         0.45609471 0.51736561] -> F: 0.3857611649358094
Punto[1.         0.45724687 0.51897682] -> F: 0.3892732536126644
Punto[1.         0.45839904 0.52058802] -> F: 0.3928075264738868
Punto[1.         0.45955121 0.52219923] -> F: 0.39636398351947744
Punto[1.         0.46070337 0.52381044] -> F: 0.3999426247494353
Punto[1.         0.46185554 0.52542165] -> F: 0.4035434501637613
Punto[1.         0.4630077  0.52703286] -> F: 0.4071664597624546
Punto[1.         0.46415987 0.52864406] -> F: 0.4106621111306085
Punto[1.         0.46531203 0.53025527] -> F: 0.41407511417559756
Punto[1.         0.4664642  0.53186648] -> F: 0.41648702180891906
Punto[1.         0.46761637 0.53347769] -> F: 0.41506214037828754
Punto[1.         0.46876853 0.5350889 ] -> F: 0.41364173926460945
Punto[1.        0.4699207 0.5367001] -> F: 0.41222581846788475
Punto[1.         0.47107286 0.53831131] -> F: 0.4108143779881136
Punto[1.         0.47222503 0.53992252] -> F: 0.4094074178252959
Punto[1.         0.47337719 0.54153373] -> F: 0.4080049379794317
Punto[1.         0.47452936 0.54314494] -> F: 0.40660693845052104
Punto[1.         0.47568153 0.54475614] -> F: 0.40521136331064944
Punto[1.         0.47683369 0.54636735] -> F: 0.4038086299365097
Punto[1.         0.47798586 0.54797856] -> F: 0.40241046584650564
Punto[1.         0.47913802 0.54958977] -> F: 0.40101687104063727
Punto[1.         0.48029019 0.55120097] -> F: 0.3996278455189046
Punto[1.         0.48144235 0.55281218] -> F: 0.39824338928130787
Punto[1.         0.48259452 0.55442339] -> F: 0.39686350232784656
Punto[1.         0.48374668 0.5560346 ] -> F: 0.39548818465852126
Punto[1.         0.48489885 0.55764581] -> F: 0.39411743627333146
Punto[1.         0.48605102 0.55925701] -> F: 0.3927512571722774
Punto[1.         0.48720318 0.56086822] -> F: 0.3913896473553592
Punto[1.         0.48835535 0.56247943] -> F: 0.39003260682257657
Punto[1.         0.48950751 0.56409064] -> F: 0.38868013557392983
Punto[1.         0.49065968 0.56570185] -> F: 0.38732219292829256
Punto[1.         0.49181184 0.56731305] -> F: 0.3859651191987327
Punto[1.         0.49296401 0.56892426] -> F: 0.3846127091101815
Punto[1.         0.49411618 0.57053547] -> F: 0.38326496266263893
Punto[1.         0.49526834 0.57214668] -> F: 0.38192187985610504
Punto[1.         0.49642051 0.57375789] -> F: 0.3805834606905796
Punto[1.         0.49757267 0.57536909] -> F: 0.3792497051660629
Punto[1.         0.49872484 0.5769803 ] -> F: 0.37792061328255483
Punto[1.         0.499877   0.57859151] -> F: 0.3765961850400553
Punto[1.         0.50102917 0.58020272] -> F: 0.37527642043856435
Punto[1.         0.50218134 0.58181392] -> F: 0.37396131947808214
Punto[1.         0.5033335  0.58342513] -> F: 0.37264846484681
Punto[1.         0.50448567 0.58503634] -> F: 0.3713287567474049
Punto[1.         0.50563783 0.58664755] -> F: 0.37001381260006105
Punto[1.         0.50679    0.58825876] -> F: 0.3687036324047785
Punto[1.         0.50794216 0.58986996] -> F: 0.36739821616155727
Punto[1.         0.50909433 0.59148117] -> F: 0.36609756387039716
Best centerpoint:  [1.         0.4664642  0.53186648] Best F:  0.41648702180891906 Best u:  [0.50904142 0.64565212 0.56921892] índice:  13
{
  "seed": 1391,
  "n_per_z": 5,
  "nz": 100,
  "nd": 100,
  "n_muestras": 50,
  "best_f": 0.41648702180891906,
  "best_cp": [
    1.0,
    0.46646419995350674,
    0.5318664801512826
  ],
  "best_u": [
    0.5090414157503712,
    0.6456521225518181,
    0.569218915440439
  ],
  "n_candidatos": 54
}
