Punto[0.         0.71869304 0.38996564] -> F: 0.15601464130219958
Punto[1.         0.55113056 0.49810015] -> F: 0.35341385114132257
Punto[2.         0.52062364 0.63805363] -> F: 0.048714536815583326
Punto[1.         0.61965834 0.51400964] -> F: 0.3092633447692979
Punto[1.         0.55250112 0.49841834] -> F: 0.3547042063408745
Punto[1.         0.55384426 0.49873017] -> F: 0.356040722765212
Punto[1.         0.55518741 0.49904199] -> F: 0.35722581908204437
Punto[1.         0.55653055 0.49935382] -> F: 0.35837536336998876
Punto[1.         0.5578737  0.49966565] -> F: 0.35954514517064196
Punto[1.         0.55921684 0.49997747] -> F: 0.3588817308872234
Punto[1.         0.56055998 0.5002893 ] -> F: 0.3577625439578189
Punto[1.         0.56190313 0.50060112] -> F: 0.3566409028529925
Punto[1.         0.56324627 0.50091295] -> F: 0.35552051285278496
Punto[1.         0.56458942 0.50122477] -> F: 0.3544013739571962
Punto[1.         0.56593256 0.5015366 ] -> F: 0.3532834861662261
Punto[1.         0.56727571 0.50184843] -> F: 0.35216684947987487
Punto[1.         0.56861885 0.50216025] -> F: 0.35105146389814235
Punto[1.         0.569962   0.50247208] -> F: 0.3499373294210288
Punto[1.         0.57130514 0.5027839 ] -> F: 0.3488244460485337
Punto[1.         0.57264828 0.50309573] -> F: 0.34771281378065766
Punto[1.         0.57399143 0.50340756] -> F: 0.3466024326174003
Punto[1.         0.57533457 0.50371938] -> F: 0.34549330255876176
Punto[1.         0.57667772 0.50403121] -> F: 0.34438119340471934
Punto[1.         0.57802086 0.50434303] -> F: 0.34326935668561376
Punto[1.         0.57936401 0.50465486] -> F: 0.34215878289432294
Punto[1.         0.58070715 0.50496669] -> F: 0.34104947203084657
Punto[1.         0.5820503  0.50527851] -> F: 0.3399414240951851
Punto[1.         0.58339344 0.50559034] -> F: 0.3388346390873381
Punto[1.         0.58473658 0.50590216] -> F: 0.33772911700730585
Punto[1.         0.58607973 0.50621399] -> F: 0.3366248578550883
Punto[1.         0.58742287 0.50652582] -> F: 0.3355218616306856
Punto[1.         0.58876602 0.50683764] -> F: 0.33442012833409734
Punto[1.         0.59010916 0.50714947] -> F: 0.3333196579653238
Punto[1.         0.59145231 0.50746129] -> F: 0.3322171598914644
Punto[1.         0.59279545 0.50777312] -> F: 0.33111400452521433
Punto[1.         0.5941386  0.50808494] -> F: 0.33001212411871117
Punto[1.         0.59548174 0.50839677] -> F: 0.3289115186719546
Punto[1.         0.59682488 0.5087086 ] -> F: 0.32781218818494506
Punto[1.         0.59816803 0.50902042] -> F: 0.3267141326576824
Punto[1.         0.59951117 0.50933225] -> F: 0.3256173520901663
Punto[1.         0.60085432 0.50964407] -> F: 0.32452184648239707
Punto[1.         0.60219746 0.5099559 ] -> F: 0.32342761583437474
Punto[1.         0.60354061 0.51026773] -> F: 0.3223346601460991
Punto[1.         0.60488375 0.51057955] -> F: 0.32124297941757024
Punto[1.         0.6062269  0.51089138] -> F: 0.3201488107470804
Punto[1.         0.60757004 0.5112032 ] -> F: 0.3190544593940554
Punto[1.         0.60891318 0.51151503] -> F: 0.3179613952702701
Punto[1.         0.61025633 0.51182686] -> F: 0.31686961837572436
Punto[1.         0.61159947 0.51213868] -> F: 0.3157791287104184
Punto[1.         0.61294262 0.51245051] -> F: 0.3146899262743519
Punto[1.         0.61428576 0.51276233] -> F: 0.3136020110675251
Punto[1.         0.61562891 0.51307416] -> F: 0.3125153830899379
Punto[1.         0.61697205 0.51338599] -> F: 0.31143004234159033
Punto[1.         0.6183152  0.51369781] -> F: 0.3103459888224825
Best centerpoint:  [1.         0.5578737  0.49966565] Best F:  0.35954514517064196 Best u:  [ 0.24868989 -0.32809585 -0.91132127] índice:  5
{
  "seed": 13165,
  "n_per_z": 5,
  "nz": 100,
  "nd": 100,
  "n_muestras": 50,
  "best_f": 0.35954514517064196,
  "best_cp": [
    1.0,
    0.5578736957475319,
    0.4996656451176913
  ],
  "best_u": [
    0.24868988716485485,
    -0.32809584558532257,
    -0.9113212694388209
  ],
  "n_candidatos": 54
}
