Punto[0.         0.51880602 0.53736253] -> F: 0.12983501610074824
Punto[1.         0.51145972 0.5022255 ] -> F: 0.4488042883576092
Punto[2.         0.56959295 0.48747828] -> F: 0.15313440926129177
Punto[1.         0.54419948 0.5124204 ] -> F: 0.4553433722290649
Punto[1.         0.51211452 0.50242939] -> F: 0.44956057239591546
Punto[1.         0.51275622 0.50262921] -> F: 0.4503022281877299
Punto[1.         0.51339791 0.50282903] -> F: 0.4510206859609282
Punto[1.         0.51403961 0.50302885] -> F: 0.4517351071740878
Punto[1.         0.51468131 0.50322867] -> F: 0.45244998266745623
Punto[1.         0.51532301 0.50342849] -> F: 0.45316531244103325
Punto[1.         0.51596471 0.50362831] -> F: 0.4538810964948188
Punto[1.         0.51660641 0.50382813] -> F: 0.45459733482881276
Punto[1.         0.51724811 0.50402795] -> F: 0.4553140274430155
Punto[1.         0.51788981 0.50422778] -> F: 0.45603117433742685
Punto[1.         0.51853151 0.5044276 ] -> F: 0.45674877551204673
Punto[1.         0.51917321 0.50462742] -> F: 0.4574668309668753
Punto[1.         0.51981491 0.50482724] -> F: 0.4581853407019123
Punto[1.         0.52045661 0.50502706] -> F: 0.45890430471715826
Punto[1.         0.52109831 0.50522688] -> F: 0.4596237230126126
Punto[1.         0.52174001 0.5054267 ] -> F: 0.4603435955882755
Punto[1.         0.52238171 0.50562652] -> F: 0.461063922444147
Punto[1.         0.5230234  0.50582634] -> F: 0.4617801470365612
Punto[1.         0.5236651  0.50602616] -> F: 0.46247339226518747
Punto[1.         0.5243068  0.50622598] -> F: 0.46316705596997165
Punto[1.        0.5249485 0.5064258] -> F: 0.463861138150914
Punto[1.         0.5255902  0.50662562] -> F: 0.46455563880801426
Punto[1.         0.5262319  0.50682544] -> F: 0.4652505579412726
Punto[1.         0.5268736  0.50702526] -> F: 0.4659458955506893
Punto[1.         0.5275153  0.50722508] -> F: 0.4666416516362636
Punto[1.        0.528157  0.5074249] -> F: 0.4673378261979964
Punto[1.         0.5287987  0.50762472] -> F: 0.4679032972735165
Punto[1.         0.5294404  0.50782454] -> F: 0.4675404706821796
Punto[1.         0.5300821  0.50802436] -> F: 0.46717785081216645
Punto[1.         0.5307238  0.50822418] -> F: 0.4668154376634773
Punto[1.        0.5313655 0.508424 ] -> F: 0.46645323123611176
Punto[1.         0.5320072  0.50862382] -> F: 0.46609123153007026
Punto[1.         0.53264889 0.50882364] -> F: 0.4657294385453525
Punto[1.         0.53329059 0.50902346] -> F: 0.4653678522819586
Punto[1.         0.53393229 0.50922328] -> F: 0.46500647273988854
Punto[1.         0.53457399 0.5094231 ] -> F: 0.4644048354498962
Punto[1.         0.53521569 0.50962292] -> F: 0.4637477236673887
Punto[1.         0.53585739 0.50982274] -> F: 0.4630981853469456
Punto[1.         0.53649909 0.51002256] -> F: 0.46245622048856727
Punto[1.         0.53714079 0.51022238] -> F: 0.4618218290922535
Punto[1.         0.53778249 0.5104222 ] -> F: 0.4611950111580043
Punto[1.         0.53842419 0.51062202] -> F: 0.46057576668581945
Punto[1.         0.53906589 0.51082184] -> F: 0.45996409567569957
Punto[1.         0.53970759 0.51102166] -> F: 0.45935999812764405
Punto[1.         0.54034929 0.51122148] -> F: 0.4586827145843388
Punto[1.         0.54099099 0.5114213 ] -> F: 0.4580011004632048
Punto[1.         0.54163269 0.51162112] -> F: 0.4575349325946936
Punto[1.         0.54227438 0.51182094] -> F: 0.4570193425560683
Punto[1.         0.54291608 0.51202076] -> F: 0.45645311231833585
Punto[1.         0.54355778 0.51222058] -> F: 0.45589445554266805
{
  "seed": 7018,
  "n_per_z": 10,
  "nz": 100,
  "nd": 100,
  "n_muestras": 50,
  "best_f": 0.4679032972735165,
  "best_cp": [
    1.0,
    0.5287986987380989,
    0.5076247181047339
  ],
  "best_u": [
    -0.3971478906347807,
    0.895652122551818,
    0.20020196885337424
  ],
  "best_index": 30,
  "n_candidatos": 54
}
