Punto[0.         0.54160081 0.49267696] -> F: 0.036125008518494796
Punto[1.         0.52924191 0.47521796] -> F: 0.32957865011266363
Punto[2.         0.33183908 0.42962144] -> F: 0.16995315746160697
Punto[1.         0.43671994 0.4611492 ] -> F: 0.26570400602664795
Punto[1.         0.52739147 0.47493658] -> F: 0.33197923603630825
Punto[1.         0.52557804 0.47466084] -> F: 0.3328325701510794
Punto[1.         0.52376461 0.47438509] -> F: 0.33166584560013496
Punto[1.         0.52195118 0.47410934] -> F: 0.3304858387952198
Punto[1.         0.52013775 0.47383359] -> F: 0.3292959795089124
Punto[1.         0.51832432 0.47355784] -> F: 0.3281038973827651
Punto[1.         0.51651089 0.4732821 ] -> F: 0.3268906344850903
Punto[1.         0.51469746 0.47300635] -> F: 0.32567901806670047
Punto[1.         0.51288402 0.4727306 ] -> F: 0.3244501506708179
Punto[1.         0.51107059 0.47245485] -> F: 0.32321487186725845
Punto[1.         0.50925716 0.47217911] -> F: 0.32197500274842566
Punto[1.         0.50744373 0.47190336] -> F: 0.320715662750074
Punto[1.         0.5056303  0.47162761] -> F: 0.31945812141889957
Punto[1.         0.50381687 0.47135186] -> F: 0.31818195367838986
Punto[1.         0.50200344 0.47107612] -> F: 0.31689995954719274
Punto[1.         0.50019001 0.47080037] -> F: 0.3156144997672037
Punto[1.         0.49837658 0.47052462] -> F: 0.31430750281045167
Punto[1.         0.49656315 0.47024887] -> F: 0.31300247169818496
Punto[1.         0.49474972 0.46997312] -> F: 0.311681655085609
Punto[1.         0.49293629 0.46969738] -> F: 0.31035107276891916
Punto[1.         0.49112286 0.46942163] -> F: 0.3090225465533567
Punto[1.         0.48930943 0.46914588] -> F: 0.3076667408277017
Punto[1.         0.487496   0.46887013] -> F: 0.30631202715094036
Punto[1.         0.48568257 0.46859439] -> F: 0.30494994282527166
Punto[1.         0.48386914 0.46831864] -> F: 0.30356902192548013
Punto[1.         0.48205571 0.46804289] -> F: 0.3021896952021588
Punto[1.         0.48024228 0.46776714] -> F: 0.3007871723574148
Punto[1.         0.47842885 0.4674914 ] -> F: 0.29938311460887146
Punto[1.         0.47661542 0.46721565] -> F: 0.2979632802008685
Punto[1.         0.47480198 0.4669399 ] -> F: 0.29653381895333486
Punto[1.         0.47298855 0.46666415] -> F: 0.2950981362131426
Punto[1.         0.47117512 0.4663884 ] -> F: 0.29364243606418017
Punto[1.         0.46936169 0.46611266] -> F: 0.2921885063473521
Punto[1.         0.46754826 0.46583691] -> F: 0.29071133124833176
Punto[1.         0.46573483 0.46556116] -> F: 0.28923328371218326
Punto[1.         0.4639214  0.46528541] -> F: 0.2877587309638744
Punto[1.         0.46210797 0.46500967] -> F: 0.2862876730034051
Punto[1.         0.46029454 0.46473392] -> F: 0.2848201098307755
Punto[1.         0.45848111 0.46445817] -> F: 0.2833516258557284
Punto[1.         0.45666768 0.46418242] -> F: 0.2818703153412123
Punto[1.         0.45485425 0.46390668] -> F: 0.2803925997298168
Punto[1.         0.45304082 0.46363093] -> F: 0.27891847902154165
Punto[1.         0.45122739 0.46335518] -> F: 0.277447953216387
Punto[1.         0.44941396 0.46307943] -> F: 0.2759810223143529
Punto[1.         0.44760053 0.46280368] -> F: 0.2745176863154393
Punto[1.         0.4457871  0.46252794] -> F: 0.27305418210932625
Punto[1.         0.44397367 0.46225219] -> F: 0.2715767449365936
Punto[1.         0.44216024 0.46197644] -> F: 0.27010300874195947
Punto[1.         0.44034681 0.46170069] -> F: 0.2686329735254238
Punto[1.         0.43853337 0.46142495] -> F: 0.26716663928698664
Best centerpoint:  [1.         0.52557804 0.47466084] Best F:  0.3328325701510794 Best u:  [-0.99950656 -0.02541184 -0.01846278] índice:  2
{
  "seed": 4079,
  "n_per_z": 5,
  "nz": 100,
  "nd": 100,
  "n_muestras": 50,
  "best_f": 0.3328325701510794,
  "best_cp": [
    1.0,
    0.5255780381063377,
    0.47466083546630305
  ],
  "best_u": [
    -0.9995065603657316,
    -0.025411837900422948,
    -0.01846278094943573
  ],
  "n_candidatos": 54
}
