Punto[0.         0.48506343 0.5824306 ] -> F: 0.12298300686603583
Punto[1.         0.54717831 0.46060399] -> F: 0.4334211380902625
Punto[2.         0.5699232  0.38893581] -> F: 0.16867030379072634
Punto[1.         0.52749332 0.48568321] -> F: 0.42722392546872634
Punto[1.         0.54678461 0.46110557] -> F: 0.43407827605389565
Punto[1.         0.54639878 0.46159712] -> F: 0.43472419917146826
Punto[1.         0.54601295 0.46208868] -> F: 0.43522620467887657
Punto[1.         0.54562713 0.46258023] -> F: 0.4356119650204288
Punto[1.         0.5452413  0.46307178] -> F: 0.43599759119825676
Punto[1.         0.54485548 0.46356333] -> F: 0.43638308321236036
Punto[1.         0.54446965 0.46405489] -> F: 0.43676844106273977
Punto[1.         0.54408383 0.46454644] -> F: 0.43715366474939477
Punto[1.         0.543698   0.46503799] -> F: 0.4375387542723254
Punto[1.         0.54331217 0.46552955] -> F: 0.43792370963153177
Punto[1.         0.54292635 0.4660211 ] -> F: 0.4383085308270139
Punto[1.         0.54254052 0.46651265] -> F: 0.4386932178587716
Punto[1.        0.5421547 0.4670042] -> F: 0.439077770726805
Punto[1.         0.54176887 0.46749576] -> F: 0.43945890847015356
Punto[1.         0.54138304 0.46798731] -> F: 0.4398437802424988
Punto[1.         0.54099722 0.46847886] -> F: 0.4402306243485594
Punto[1.         0.54061139 0.46897041] -> F: 0.4406146405616956
Punto[1.         0.54022557 0.46946197] -> F: 0.4409997349265628
Punto[1.         0.53983974 0.46995352] -> F: 0.4413941541456502
Punto[1.         0.53945392 0.47044507] -> F: 0.4408096645751013
Punto[1.         0.53906809 0.47093663] -> F: 0.4402394916300766
Punto[1.         0.53868226 0.47142818] -> F: 0.4396871591061905
Punto[1.         0.53829644 0.47191973] -> F: 0.4391526670034434
Punto[1.         0.53791061 0.47241128] -> F: 0.4386360153218348
Punto[1.         0.53752479 0.47290284] -> F: 0.4381372040613649
Punto[1.         0.53713896 0.47339439] -> F: 0.4376562332220338
Punto[1.         0.53675313 0.47388594] -> F: 0.43719310280384144
Punto[1.         0.53636731 0.47437749] -> F: 0.43674781280678787
Punto[1.         0.53598148 0.47486905] -> F: 0.43632036323087287
Punto[1.         0.53559566 0.4753606 ] -> F: 0.4359107540760966
Punto[1.         0.53520983 0.47585215] -> F: 0.43547883066008164
Punto[1.         0.53482401 0.47634371] -> F: 0.434998276964287
Punto[1.         0.53443818 0.47683526] -> F: 0.4345256815852734
Punto[1.         0.53405235 0.47732681] -> F: 0.43406104452304073
Punto[1.         0.53366653 0.47781836] -> F: 0.43360436577758904
Punto[1.         0.5332807  0.47830992] -> F: 0.43315564534891837
Punto[1.         0.53289488 0.47880147] -> F: 0.43271488323702867
Punto[1.         0.53250905 0.47929302] -> F: 0.43228207944192
Punto[1.         0.53212323 0.47978457] -> F: 0.4318572339635922
Punto[1.         0.5317374  0.48027613] -> F: 0.43144034680204557
Punto[1.         0.53135157 0.48076768] -> F: 0.43103141795728006
Punto[1.         0.53096575 0.48125923] -> F: 0.4306304474292954
Punto[1.         0.53057992 0.48175079] -> F: 0.4302374352180917
Punto[1.         0.5301941  0.48224234] -> F: 0.429852381323669
Punto[1.         0.52980827 0.48273389] -> F: 0.4294751960308135
Punto[1.         0.52942244 0.48322544] -> F: 0.4291007164189244
Punto[1.         0.52903662 0.483717  ] -> F: 0.4287259439476517
Punto[1.         0.52865079 0.48420855] -> F: 0.4283508786169956
Punto[1.         0.52826497 0.4847001 ] -> F: 0.427975520426956
Punto[1.         0.52787914 0.48519165] -> F: 0.4275998693775328
{
  "seed": 16414,
  "n_per_z": 10,
  "nz": 100,
  "nd": 100,
  "n_muestras": 50,
  "best_f": 0.4413941541456502,
  "best_cp": [
    1.0,
    0.5398397414351801,
    0.4699535196221701
  ],
  "best_u": [
    -0.39714789063478056,
    -0.02882736944019744,
    -0.9173017691771355
  ],
  "best_index": 22,
  "n_candidatos": 54
}
