Punto[0.         0.46083723 0.45598478] -> F: 0.08549955955356013
Punto[1.         0.50185138 0.53244443] -> F: 0.4158044994159452
Punto[2.         0.41944283 0.53678147] -> F: 0.14665029124697063
Punto[1.         0.44014003 0.49638313] -> F: 0.3748976492624787
Punto[1.         0.50061715 0.53172321] -> F: 0.4177654550933887
Punto[1.         0.49940761 0.5310164 ] -> F: 0.41809962682765883
Punto[1.         0.49819806 0.5303096 ] -> F: 0.41720187476921006
Punto[1.         0.49698852 0.5296028 ] -> F: 0.41630544177786516
Punto[1.         0.49577898 0.528896  ] -> F: 0.4154103278536242
Punto[1.         0.49456944 0.5281892 ] -> F: 0.4145078794530017
Punto[1.         0.49335989 0.5274824 ] -> F: 0.41360598856164343
Punto[1.         0.49215035 0.52677559] -> F: 0.41270544477460164
Punto[1.         0.49094081 0.52606879] -> F: 0.4118062480918766
Punto[1.         0.48973127 0.52536199] -> F: 0.4109083985134683
Punto[1.         0.48852172 0.52465519] -> F: 0.41001189603937654
Punto[1.         0.48731218 0.52394839] -> F: 0.4091167406696016
Punto[1.         0.48610264 0.52324159] -> F: 0.4082229324041432
Punto[1.         0.4848931  0.52253479] -> F: 0.4073304712430015
Punto[1.         0.48368356 0.52182798] -> F: 0.40643935718617624
Punto[1.         0.48247401 0.52112118] -> F: 0.40554959023366777
Punto[1.         0.48126447 0.52041438] -> F: 0.4046611703854761
Punto[1.         0.48005493 0.51970758] -> F: 0.403774097641601
Punto[1.         0.47884539 0.51900078] -> F: 0.4028883720020424
Punto[1.         0.47763584 0.51829398] -> F: 0.40200399346680066
Punto[1.         0.4764263  0.51758717] -> F: 0.4011209620358755
Punto[1.         0.47521676 0.51688037] -> F: 0.40023927770926704
Punto[1.         0.47400722 0.51617357] -> F: 0.3993573775565604
Punto[1.         0.47279767 0.51546677] -> F: 0.3984689906787828
Punto[1.         0.47158813 0.51475997] -> F: 0.39758197989151745
Punto[1.         0.47037859 0.51405317] -> F: 0.3966963451947648
Punto[1.         0.46916905 0.51334636] -> F: 0.3958120865885244
Punto[1.         0.4679595  0.51263956] -> F: 0.39492920407279675
Punto[1.         0.46674996 0.51193276] -> F: 0.3940476976475815
Punto[1.         0.46554042 0.51122596] -> F: 0.3931675673128788
Punto[1.         0.46433088 0.51051916] -> F: 0.39228881306868846
Punto[1.         0.46312134 0.50981236] -> F: 0.3914114349150108
Punto[1.         0.46191179 0.50910556] -> F: 0.39053543285184544
Punto[1.         0.46070225 0.50839875] -> F: 0.38966080687919274
Punto[1.         0.45949271 0.50769195] -> F: 0.3887875569970525
Punto[1.         0.45828317 0.50698515] -> F: 0.38791568320542474
Punto[1.         0.45707362 0.50627835] -> F: 0.3870451855043095
Punto[1.         0.45586408 0.50557155] -> F: 0.38617606389370673
Punto[1.         0.45465454 0.50486475] -> F: 0.3853083183736165
Punto[1.         0.453445   0.50415794] -> F: 0.38443836298947526
Punto[1.         0.45223545 0.50345114] -> F: 0.38356399476095543
Punto[1.         0.45102591 0.50274434] -> F: 0.38269103265583054
Punto[1.         0.44981637 0.50203754] -> F: 0.38181947667410066
Punto[1.         0.44860683 0.50133074] -> F: 0.38094932681576554
Punto[1.         0.44739728 0.50062394] -> F: 0.3800805830808255
Punto[1.         0.44618774 0.49991713] -> F: 0.3792132454692804
Punto[1.         0.4449782  0.49921033] -> F: 0.3783473139811301
Punto[1.         0.44376866 0.49850353] -> F: 0.37748278861637485
Punto[1.         0.44255912 0.49779673] -> F: 0.3766196693750145
Punto[1.         0.44134957 0.49708993] -> F: 0.37575795625704916
{
  "seed": 5007,
  "n_per_z": 10,
  "nz": 100,
  "nd": 100,
  "n_muestras": 50,
  "best_f": 0.41809962682765883,
  "best_cp": [
    1.0,
    0.4994076061067541,
    0.5310164041289566
  ],
  "best_u": [
    -0.9995065603657316,
    -0.018462780949435733,
    -0.025411837900422944
  ],
  "best_index": 5,
  "n_candidatos": 54
}
