Punto[0.         0.44378257 0.52942228] -> F: 0.15109652526880749
Punto[1.         0.47613223 0.53306044] -> F: 0.4033548887767999
Punto[2.         0.45293395 0.55030373] -> F: 0.1244134771359385
Punto[1.         0.44835826 0.53986301] -> F: 0.4196899199598218
Punto[1.         0.47557675 0.53319649] -> F: 0.4038863920780788
Punto[1.         0.47503238 0.53332982] -> F: 0.40440988537067374
Punto[1.         0.47448801 0.53346315] -> F: 0.4049359722553853
Punto[1.         0.47394364 0.53359648] -> F: 0.40546465273221277
Punto[1.         0.47339927 0.53372981] -> F: 0.4059959268011566
Punto[1.         0.4728549  0.53386314] -> F: 0.40652979446221676
Punto[1.         0.47231053 0.53399647] -> F: 0.4070282755193221
Punto[1.         0.47176616 0.5341298 ] -> F: 0.40750486621305404
Punto[1.         0.47122179 0.53426313] -> F: 0.40798290194215886
Punto[1.         0.47067742 0.53439646] -> F: 0.40846238270663676
Punto[1.         0.47013305 0.53452979] -> F: 0.40894330850648736
Punto[1.         0.46958868 0.53466312] -> F: 0.4094256793417112
Punto[1.         0.46904431 0.53479645] -> F: 0.40990949521230785
Punto[1.         0.46849995 0.53492978] -> F: 0.41039475611827747
Punto[1.         0.46795558 0.53506311] -> F: 0.4108814620596202
Punto[1.         0.46741121 0.53519644] -> F: 0.41136961303633585
Punto[1.         0.46686684 0.53532977] -> F: 0.4118592090484242
Punto[1.         0.46632247 0.5354631 ] -> F: 0.4123502500958856
Punto[1.         0.4657781  0.53559643] -> F: 0.4128427361787201
Punto[1.         0.46523373 0.53572976] -> F: 0.41333666729692753
Punto[1.         0.46468936 0.5358631 ] -> F: 0.4138320434505078
Punto[1.         0.46414499 0.53599643] -> F: 0.41432886463946117
Punto[1.         0.46360062 0.53612976] -> F: 0.4148271308637875
Punto[1.         0.46305625 0.53626309] -> F: 0.4153268421234866
Punto[1.         0.46251188 0.53639642] -> F: 0.4158279984185587
Punto[1.         0.46196751 0.53652975] -> F: 0.4163305997490039
Punto[1.         0.46142314 0.53666308] -> F: 0.416834646114822
Punto[1.         0.46087877 0.53679641] -> F: 0.4173401375160131
Punto[1.         0.4603344  0.53692974] -> F: 0.4178089328244945
Punto[1.         0.45979003 0.53706307] -> F: 0.41827542703872567
Punto[1.         0.45924566 0.5371964 ] -> F: 0.4187429079097468
Punto[1.         0.45870129 0.53732973] -> F: 0.41921137543755804
Punto[1.         0.45815692 0.53746306] -> F: 0.41968082962215897
Punto[1.         0.45761255 0.53759639] -> F: 0.42015127046354955
Punto[1.         0.45706818 0.53772972] -> F: 0.4206226979617306
Punto[1.         0.45652381 0.53786305] -> F: 0.4210951121167013
Punto[1.         0.45597944 0.53799638] -> F: 0.4215685129284619
Punto[1.         0.45543507 0.53812971] -> F: 0.42204290039701253
Punto[1.         0.4548907  0.53826304] -> F: 0.42205332795309386
Punto[1.         0.45434633 0.53839637] -> F: 0.4218552814887044
Punto[1.         0.45380196 0.5385297 ] -> F: 0.4216574342603663
Punto[1.         0.45325759 0.53866303] -> F: 0.4214597862680799
Punto[1.         0.45271322 0.53879636] -> F: 0.42126233751184483
Punto[1.         0.45216885 0.53892969] -> F: 0.4210650879916615
Punto[1.         0.45162448 0.53906302] -> F: 0.4208680377075297
Punto[1.         0.45108011 0.53919636] -> F: 0.42067118665944947
Punto[1.         0.45053574 0.53932969] -> F: 0.4204745348474208
Punto[1.         0.44999137 0.53946302] -> F: 0.42027808227144375
Punto[1.         0.449447   0.53959635] -> F: 0.4200818289315182
Punto[1.         0.44890263 0.53972968] -> F: 0.4198857748276442
{
  "seed": 6267,
  "n_per_z": 10,
  "nz": 100,
  "nd": 100,
  "n_muestras": 50,
  "best_f": 0.42205332795309386,
  "best_cp": [
    1.0,
    0.4548906990808919,
    0.5382630422287211
  ],
  "best_u": [
    0.24868988716485485,
    -0.49304894361288826,
    -0.8337002334317453
  ],
  "best_index": 42,
  "n_candidatos": 54
}
