Punto[0.         0.4468052  0.36764173] -> F: 0.08939324091790618
Punto[1.         0.4251379  0.52624145] -> F: 0.38699808519915074
Punto[2.         0.40065229 0.57594882] -> F: 0.14360080220785823
Punto[1.         0.42372875 0.47179527] -> F: 0.37477478945798415
Punto[1.         0.42510972 0.52515253] -> F: 0.38781120390854135
Punto[1.         0.4250821  0.52408538] -> F: 0.3885994340413771
Punto[1.         0.42505448 0.52301824] -> F: 0.3893544741510647
Punto[1.         0.42502686 0.52195109] -> F: 0.39011044223940905
Punto[1.         0.42499924 0.52088395] -> F: 0.3908673383064104
Punto[1.         0.42497162 0.5198168 ] -> F: 0.3915716483987188
Punto[1.         0.424944   0.51874966] -> F: 0.39223830352546546
Punto[1.         0.42491638 0.51768251] -> F: 0.39287487310169117
Punto[1.         0.42488876 0.51661537] -> F: 0.39349713964490185
Punto[1.         0.42486114 0.51554822] -> F: 0.3941200056247717
Punto[1.         0.42483352 0.51448108] -> F: 0.39474347104130053
Punto[1.         0.4248059  0.51341393] -> F: 0.39533014331265487
Punto[1.         0.42477828 0.51234679] -> F: 0.3959086417462945
Punto[1.         0.42475066 0.51127964] -> F: 0.3964876669794129
Punto[1.         0.42472305 0.5102125 ] -> F: 0.39706721901201
Punto[1.         0.42469543 0.50914535] -> F: 0.39761265859552397
Punto[1.         0.42466781 0.50807821] -> F: 0.3981466113637422
Punto[1.         0.42464019 0.50701106] -> F: 0.3986810218797415
Punto[1.         0.42461257 0.50594392] -> F: 0.39921589014352227
Punto[1.         0.42458495 0.50487677] -> F: 0.3997306437368204
Punto[1.         0.42455733 0.50380962] -> F: 0.4002192291852743
Punto[1.         0.42452971 0.50274248] -> F: 0.4007082068961077
Punto[1.         0.42450209 0.50167533] -> F: 0.4010753101298346
Punto[1.         0.42447447 0.50060819] -> F: 0.40012474204667337
Punto[1.         0.42444685 0.49954104] -> F: 0.39917529071911745
Punto[1.         0.42441923 0.4984739 ] -> F: 0.3982269561471668
Punto[1.         0.42439161 0.49740675] -> F: 0.3972797383308215
Punto[1.         0.42436399 0.49633961] -> F: 0.39633363727008153
Punto[1.         0.42433637 0.49527246] -> F: 0.39538655147808344
Punto[1.         0.42430875 0.49420532] -> F: 0.394438379472309
Punto[1.         0.42428113 0.49313817] -> F: 0.39349133444319323
Punto[1.         0.42425352 0.49207103] -> F: 0.39254541639073653
Punto[1.         0.4242259  0.49100388] -> F: 0.3916006253149385
Punto[1.         0.42419828 0.48993674] -> F: 0.3906569612157993
Punto[1.         0.42417066 0.48886959] -> F: 0.38971442409331897
Punto[1.         0.42414304 0.48780245] -> F: 0.38877301394749725
Punto[1.         0.42411542 0.4867353 ] -> F: 0.38783273077833463
Punto[1.         0.4240878  0.48566816] -> F: 0.3868935745858306
Punto[1.         0.42406018 0.48460101] -> F: 0.3859555453699855
Punto[1.         0.42403256 0.48353387] -> F: 0.38501864313079914
Punto[1.         0.42400494 0.48246672] -> F: 0.3840828678682715
Punto[1.         0.42397732 0.48139958] -> F: 0.38314821958240286
Punto[1.         0.4239497  0.48033243] -> F: 0.38221469827319293
Punto[1.         0.42392208 0.47926529] -> F: 0.3812823039406418
Punto[1.         0.42389446 0.47819814] -> F: 0.3803510365847494
Punto[1.         0.42386684 0.477131  ] -> F: 0.37942089620551606
Punto[1.         0.42383922 0.47606385] -> F: 0.3784918828029414
Punto[1.         0.4238116  0.47499671] -> F: 0.37756399637702537
Punto[1.         0.42378399 0.47392956] -> F: 0.37663368226000565
Punto[1.         0.42375637 0.47286242] -> F: 0.3757036670133138
Best centerpoint:  [1.         0.42450209 0.50167533] Best F:  0.4010753101298346 Best u:  [-0.99802673  0.00590911 -0.06251185] índice:  23
{
  "seed": 14503,
  "n_per_z": 5,
  "nz": 100,
  "nd": 100,
  "n_muestras": 50,
  "best_f": 0.4010753101298346,
  "best_cp": [
    1.0,
    0.424502090033236,
    0.5016753346236875
  ],
  "best_u": [
    -0.9980267284282716,
    0.005909109885296919,
    -0.06251185298105129
  ],
  "n_candidatos": 54
}
