Punto[0.         0.48902495 0.58469541] -> F: 0.11359956502731117
Punto[1.         0.54384535 0.54355413] -> F: 0.4087548994941211
Punto[2.         0.54974258 0.63712785] -> F: 0.12064963149388103
Punto[1.         0.51938376 0.61091163] -> F: 0.413042832803227
Punto[1.         0.54335612 0.54490128] -> F: 0.41078012977724343
Punto[1.         0.54287667 0.54622148] -> F: 0.41276992167024695
Punto[1.         0.54239722 0.54754169] -> F: 0.41476472860489977
Punto[1.         0.54191778 0.5488619 ] -> F: 0.4167645505812019
Punto[1.         0.54143833 0.5501821 ] -> F: 0.4187693875991529
Punto[1.         0.54095888 0.55150231] -> F: 0.42077923965875336
Punto[1.         0.54047944 0.55282252] -> F: 0.42279410676000295
Punto[1.         0.53999999 0.55414273] -> F: 0.42478141193739
Punto[1.         0.53952054 0.55546293] -> F: 0.4266960192703879
Punto[1.         0.53904109 0.55678314] -> F: 0.42861605044645307
Punto[1.         0.53856165 0.55810335] -> F: 0.4305415054655855
Punto[1.         0.5380822  0.55942355] -> F: 0.4324723843277846
Punto[1.         0.53760275 0.56074376] -> F: 0.43440868703305147
Punto[1.         0.53712331 0.56206397] -> F: 0.4363504135813852
Punto[1.         0.53664386 0.56338417] -> F: 0.43829756397278596
Punto[1.         0.53616441 0.56470438] -> F: 0.44024882598406995
Punto[1.         0.53568496 0.56602459] -> F: 0.44219165915428976
Punto[1.         0.53520552 0.5673448 ] -> F: 0.4441362746124239
Punto[1.         0.53472607 0.568665  ] -> F: 0.4460826723584723
Punto[1.         0.53424662 0.56998521] -> F: 0.448030852392435
Punto[1.         0.53376718 0.57130542] -> F: 0.4499138805747485
Punto[1.         0.53328773 0.57262562] -> F: 0.4517829802846447
Punto[1.         0.53280828 0.57394583] -> F: 0.4536587275360686
Punto[1.         0.53232883 0.57526604] -> F: 0.45494284237698757
Punto[1.         0.53184939 0.57658625] -> F: 0.4541190161862687
Punto[1.         0.53136994 0.57790645] -> F: 0.453294146628963
Punto[1.         0.53089049 0.57922666] -> F: 0.4524709472293146
Punto[1.         0.53041105 0.58054687] -> F: 0.4516494179873232
Punto[1.         0.5299316  0.58186707] -> F: 0.45082955890298926
Punto[1.         0.52945215 0.58318728] -> F: 0.4495917348516588
Punto[1.         0.5289727  0.58450749] -> F: 0.44790416241962305
Punto[1.         0.52849326 0.58582769] -> F: 0.4462211999281101
Punto[1.         0.52801381 0.5871479 ] -> F: 0.4445428473771201
Punto[1.         0.52753436 0.58846811] -> F: 0.44286910476665303
Punto[1.         0.52705492 0.58978832] -> F: 0.4411999720967086
Punto[1.         0.52657547 0.59110852] -> F: 0.4395354493672872
Punto[1.         0.52609602 0.59242873] -> F: 0.43787489815009784
Punto[1.         0.52561657 0.59374894] -> F: 0.43608531624408037
Punto[1.         0.52513713 0.59506914] -> F: 0.43430043051077455
Punto[1.         0.52465768 0.59638935] -> F: 0.43252024095018077
Punto[1.         0.52417823 0.59770956] -> F: 0.430744747562299
Punto[1.         0.52369879 0.59902976] -> F: 0.42897395034712915
Punto[1.         0.52321934 0.60034997] -> F: 0.42720784930467115
Punto[1.         0.52273989 0.60167018] -> F: 0.425446444434925
Punto[1.         0.52226044 0.60299039] -> F: 0.4236656612691072
Punto[1.         0.521781   0.60431059] -> F: 0.42188329143885206
Punto[1.         0.52130155 0.6056308 ] -> F: 0.42010568097630696
Punto[1.         0.5208221  0.60695101] -> F: 0.41833282988147186
Punto[1.         0.52034266 0.60827121] -> F: 0.4165647381543469
Punto[1.         0.51986321 0.60959142] -> F: 0.4148014057949319
Best centerpoint:  [1.         0.53232883 0.57526604] Best F:  0.45494284237698757 Best u:  [-0.36812455 -0.69743563  0.61487222] índice:  24
{
  "seed": 16881,
  "n_per_z": 5,
  "nz": 100,
  "nd": 100,
  "n_muestras": 50,
  "best_f": 0.45494284237698757,
  "best_cp": [
    1.0,
    0.5323288344145536,
    0.5752660381121091
  ],
  "best_u": [
    -0.36812455268467775,
    -0.6974356343468863,
    0.6148722222168296
  ],
  "n_candidatos": 54
}
