Punto[0.         0.52503336 0.48179128] -> F: 0.13054466988849137
Punto[1.         0.49617939 0.60006754] -> F: 0.43378267393394027
Punto[2.         0.3886199  0.68099497] -> F: 0.1298130278346342
Punto[1.         0.45682663 0.58139312] -> F: 0.4429146750196774
Punto[1.         0.49539234 0.59969405] -> F: 0.43463760956279257
Punto[1.         0.49462102 0.59932803] -> F: 0.43549850731151574
Punto[1.         0.49384971 0.59896202] -> F: 0.4363822329549857
Punto[1.         0.49307839 0.598596  ] -> F: 0.4372887864932022
Punto[1.         0.49230708 0.59822998] -> F: 0.4382181679261653
Punto[1.         0.49153577 0.59786396] -> F: 0.43917037725387503
Punto[1.         0.49076445 0.59749794] -> F: 0.4401452277970767
Punto[1.         0.48999314 0.59713192] -> F: 0.4411338289926461
Punto[1.         0.48922182 0.5967659 ] -> F: 0.44213129649718036
Punto[1.         0.48845051 0.59639989] -> F: 0.44313763031068
Punto[1.         0.4876792  0.59603387] -> F: 0.44415283043314435
Punto[1.         0.48690788 0.59566785] -> F: 0.44517689686457407
Punto[1.         0.48613657 0.59530183] -> F: 0.4462098296049688
Punto[1.         0.48536525 0.59493581] -> F: 0.4472516286543283
Punto[1.         0.48459394 0.59456979] -> F: 0.44830229401265326
Punto[1.         0.48382263 0.59420377] -> F: 0.4493214886164949
Punto[1.         0.48305131 0.59383776] -> F: 0.45033291534580844
Punto[1.         0.48228    0.59347174] -> F: 0.4513503170933409
Punto[1.         0.48150868 0.59310572] -> F: 0.45237369385909226
Punto[1.         0.48073737 0.5927397 ] -> F: 0.4534030456430623
Punto[1.         0.47996606 0.59237368] -> F: 0.4544383724452508
Punto[1.         0.47919474 0.59200766] -> F: 0.45547967426565844
Punto[1.         0.47842343 0.59164164] -> F: 0.45652695110428476
Punto[1.         0.47765211 0.59127563] -> F: 0.45757218753359474
Punto[1.         0.4768808  0.59090961] -> F: 0.45858903325209577
Punto[1.         0.47610949 0.59054359] -> F: 0.4596103844910361
Punto[1.         0.47533817 0.59017757] -> F: 0.46063624125041513
Punto[1.         0.47456686 0.58981155] -> F: 0.4616666035302334
Punto[1.         0.47379554 0.58944553] -> F: 0.4627014713304906
Punto[1.         0.47302423 0.58907951] -> F: 0.4628891489641169
Punto[1.         0.47225292 0.5887135 ] -> F: 0.4628362737061475
Punto[1.         0.4714816  0.58834748] -> F: 0.4627834075065788
Punto[1.         0.47071029 0.58798146] -> F: 0.46244491090094536
Punto[1.         0.46993897 0.58761544] -> F: 0.4613566590879061
Punto[1.         0.46916766 0.58724942] -> F: 0.46027143719845637
Punto[1.         0.46839635 0.5868834 ] -> F: 0.45918924523259624
Punto[1.         0.46762503 0.58651738] -> F: 0.4581100831903255
Punto[1.         0.46685372 0.58615137] -> F: 0.45703395107164435
Punto[1.         0.4660824  0.58578535] -> F: 0.4559608488765527
Punto[1.         0.46531109 0.58541933] -> F: 0.4548705117479898
Punto[1.         0.46453977 0.58505331] -> F: 0.4537736036002681
Punto[1.         0.46376846 0.58468729] -> F: 0.45268024363633436
Punto[1.         0.46299715 0.58432127] -> F: 0.45159043185618875
Punto[1.         0.46222583 0.58395525] -> F: 0.45050416825983114
Punto[1.         0.46145452 0.58358924] -> F: 0.4494214528472616
Punto[1.         0.4606832  0.58322322] -> F: 0.44834228561848016
Punto[1.         0.45991189 0.5828572 ] -> F: 0.44726666657348657
Punto[1.         0.45914058 0.58249118] -> F: 0.4461945957122811
Punto[1.         0.45836926 0.58212516] -> F: 0.4451091832071156
Punto[1.         0.45759795 0.58175914] -> F: 0.4440097811676598
{
  "seed": 4791,
  "n_per_z": 10,
  "nz": 100,
  "nd": 100,
  "n_muestras": 50,
  "best_f": 0.4628891489641169,
  "best_cp": [
    1.0,
    0.47302422944755446,
    0.5890795147225298
  ],
  "best_u": [
    0.27899110603922916,
    0.38137861165649706,
    -0.8813139720451335
  ],
  "best_index": 33,
  "n_candidatos": 54
}
