Punto[0.         0.53888401 0.43182587] -> F: 0.2044562437854643
Punto[1.         0.57155072 0.3924014 ] -> F: 0.2963410308519853
Punto[2.         0.72875184 0.51695236] -> F: 0.02756250592227392
Punto[1.         0.63381793 0.47438911] -> F: 0.22173732855432188
Punto[1.         0.57279607 0.39404116] -> F: 0.2975537349986858
Punto[1.         0.57401651 0.39564812] -> F: 0.2987406201711056
Punto[1.         0.57523694 0.39725508] -> F: 0.2986195583172161
Punto[1.         0.57645738 0.39886204] -> F: 0.2976724788058506
Punto[1.         0.57767782 0.400469  ] -> F: 0.296699202480922
Punto[1.         0.57889825 0.40207595] -> F: 0.29570093013039617
Punto[1.         0.58011869 0.40368291] -> F: 0.2942989632001634
Punto[1.         0.58133913 0.40528987] -> F: 0.29265624063443957
Punto[1.         0.58255957 0.40689683] -> F: 0.291012089285056
Punto[1.         0.58378    0.40850379] -> F: 0.289368639913019
Punto[1.         0.58500044 0.41011075] -> F: 0.2877258925183283
Punto[1.         0.58622088 0.41171771] -> F: 0.2860812484334977
Punto[1.         0.58744131 0.41332467] -> F: 0.2844362212741279
Punto[1.         0.58866175 0.41493163] -> F: 0.2827918992482128
Punto[1.         0.58988219 0.41653859] -> F: 0.2811482823557519
Punto[1.         0.59110263 0.41814555] -> F: 0.27950173406360374
Punto[1.         0.59232306 0.4197525 ] -> F: 0.27785581829678824
Punto[1.         0.5935435  0.42135946] -> F: 0.2762106108543334
Punto[1.         0.59476394 0.42296642] -> F: 0.2745652277890922
Punto[1.         0.59598437 0.42457338] -> F: 0.2729176914388099
Punto[1.         0.59720481 0.42618034] -> F: 0.27127086664558264
Punto[1.         0.59842525 0.4277873 ] -> F: 0.26962475340941067
Punto[1.         0.59964569 0.42939426] -> F: 0.26797758525263216
Punto[1.         0.60086612 0.43100122] -> F: 0.2663291082807567
Punto[1.         0.60208656 0.43260818] -> F: 0.26468134614776295
Punto[1.         0.603307   0.43421514] -> F: 0.2630342988536509
Punto[1.         0.60452743 0.4358221 ] -> F: 0.2613854220357479
Punto[1.         0.60574787 0.43742905] -> F: 0.2597359678323864
Punto[1.         0.60696831 0.43903601] -> F: 0.25808723180662985
Punto[1.         0.60818875 0.44064297] -> F: 0.2564392139584783
Punto[1.         0.60940918 0.44224993] -> F: 0.25478872795932017
Punto[1.         0.61062962 0.44385689] -> F: 0.2531382512420986
Punto[1.         0.61185006 0.44546385] -> F: 0.2514884961063679
Punto[1.         0.61307049 0.44707081] -> F: 0.24983946255212797
Punto[1.         0.61429093 0.44867777] -> F: 0.2481874944550594
Punto[1.         0.61551137 0.45028473] -> F: 0.24653594075596355
Punto[1.         0.61673181 0.45189169] -> F: 0.24488511211626138
Punto[1.         0.61795224 0.45349865] -> F: 0.24323500853595278
Punto[1.         0.61917268 0.4551056 ] -> F: 0.2415817188481635
Punto[1.         0.62039312 0.45671256] -> F: 0.23992902390158105
Punto[1.         0.62161355 0.45831952] -> F: 0.2382770575758556
Punto[1.         0.62283399 0.45992648] -> F: 0.23662581987098683
Punto[1.         0.62405443 0.46153344] -> F: 0.2349714098864629
Punto[1.         0.62527487 0.4631404 ] -> F: 0.23331749890529893
Punto[1.         0.6264953  0.46474736] -> F: 0.23166432020036173
Punto[1.         0.62771574 0.46635432] -> F: 0.23001187377165078
Punto[1.         0.62893618 0.46796128] -> F: 0.22835659483524287
Punto[1.         0.63015661 0.46956824] -> F: 0.22670138165906586
Punto[1.         0.63137705 0.4711752 ] -> F: 0.22504690451967205
Punto[1.         0.63259749 0.47278215] -> F: 0.2233931634170616
Best centerpoint:  [1.         0.57401651 0.39564812] Best F:  0.2987406201711056 Best u:  [ 0.15643447  0.33456749 -0.92929697] índice:  2
{
  "seed": 9161,
  "n_per_z": 5,
  "nz": 100,
  "nd": 100,
  "n_muestras": 50,
  "best_f": 0.2987406201711056,
  "best_cp": [
    1.0,
    0.5740165051878428,
    0.395648117914996
  ],
  "best_u": [
    0.1564344650402308,
    0.33456749434371996,
    -0.9292969653862762
  ],
  "n_candidatos": 54
}
