Punto[0.         0.60856397 0.53552671] -> F: 0.0913497722045899
Punto[1.         0.52548373 0.43722935] -> F: 0.4188983002421059
Punto[2.         0.48844796 0.40868374] -> F: 0.16169620753053032
Punto[1.         0.54850596 0.47210523] -> F: 0.40408644343687294
Punto[1.         0.52594417 0.43792687] -> F: 0.4186503956353076
Punto[1.         0.52639541 0.43861044] -> F: 0.4184075527255259
Punto[1.         0.52684664 0.43929401] -> F: 0.4181648123741109
Punto[1.         0.52729788 0.43997757] -> F: 0.4179221745810627
Punto[1.         0.52774911 0.44066114] -> F: 0.41767963934638125
Punto[1.         0.52820035 0.44134471] -> F: 0.4174372066700665
Punto[1.         0.52865159 0.44202827] -> F: 0.41719487655211857
Punto[1.         0.52910282 0.44271184] -> F: 0.4169446882817799
Punto[1.         0.52955406 0.44339541] -> F: 0.4166863435221399
Punto[1.         0.53000529 0.44407897] -> F: 0.41642811552827347
Punto[1.         0.53045653 0.44476254] -> F: 0.4161700043001803
Punto[1.         0.53090777 0.44544611] -> F: 0.4159120098378608
Punto[1.         0.531359   0.44612968] -> F: 0.41565413214131447
Punto[1.         0.53181024 0.44681324] -> F: 0.4153963712105416
Punto[1.         0.53226147 0.44749681] -> F: 0.41513872704554217
Punto[1.         0.53271271 0.44818038] -> F: 0.4148806374986265
Punto[1.         0.53316394 0.44886394] -> F: 0.4146072452378409
Punto[1.         0.53361518 0.44954751] -> F: 0.4143339846959633
Punto[1.         0.53406642 0.45023108] -> F: 0.4140608558729934
Punto[1.         0.53451765 0.45091465] -> F: 0.4137878587689313
Punto[1.         0.53496889 0.45159821] -> F: 0.41351499338377706
Punto[1.         0.53542012 0.45228178] -> F: 0.41324225971753076
Punto[1.         0.53587136 0.45296535] -> F: 0.41296965777019207
Punto[1.         0.53632259 0.45364891] -> F: 0.4126971875417614
Punto[1.         0.53677383 0.45433248] -> F: 0.4124128309837345
Punto[1.         0.53722507 0.45501605] -> F: 0.41212485481346367
Punto[1.         0.5376763  0.45569962] -> F: 0.4118370260759713
Punto[1.         0.53812754 0.45638318] -> F: 0.4115493447712568
Punto[1.         0.53857877 0.45706675] -> F: 0.4112618108993209
Punto[1.         0.53903001 0.45775032] -> F: 0.41097442446016313
Punto[1.         0.53948125 0.45843388] -> F: 0.4106871854537835
Punto[1.         0.53993248 0.45911745] -> F: 0.4104000938801822
Punto[1.         0.54038372 0.45980102] -> F: 0.4101030295279145
Punto[1.         0.54083495 0.46048459] -> F: 0.4098006214520538
Punto[1.         0.54128619 0.46116815] -> F: 0.40949837730693633
Punto[1.         0.54173742 0.46185172] -> F: 0.4091962970925623
Punto[1.         0.54218866 0.46253529] -> F: 0.40889438080893165
Punto[1.         0.5426399  0.46321885] -> F: 0.40859262845604427
Punto[1.         0.54309113 0.46390242] -> F: 0.40829104003390004
Punto[1.         0.54354237 0.46458599] -> F: 0.40798961554249935
Punto[1.         0.5439936  0.46526955] -> F: 0.4076658387542787
Punto[1.         0.54444484 0.46595312] -> F: 0.4073243916718081
Punto[1.         0.54489608 0.46663669] -> F: 0.40698309804268773
Punto[1.         0.54534731 0.46732026] -> F: 0.40663437721987794
Punto[1.         0.54579855 0.46800382] -> F: 0.4062698605657338
Punto[1.         0.54624978 0.46868739] -> F: 0.4059055192828278
Punto[1.         0.54670102 0.46937096] -> F: 0.40554135337116026
Punto[1.         0.54715225 0.47005452] -> F: 0.40517736283073086
Punto[1.         0.54760349 0.47073809] -> F: 0.4048135476615399
Punto[1.         0.54805473 0.47142166] -> F: 0.4044499078635872
{
  "seed": 3956,
  "n_per_z": 10,
  "nz": 100,
  "nd": 100,
  "n_muestras": 50,
  "best_f": 0.4188983002421059,
  "best_cp": [
    1.0,
    0.5254837267653039,
    0.43722935342299074
  ],
  "best_u": [
    -0.33873792024529137,
    -0.5288534407699012,
    0.778184206710552
  ],
  "best_index": 1,
  "n_candidatos": 54
}
