Punto[0.         0.5210251  0.54703024] -> F: 0.12417729330505382
Punto[1.         0.5012125  0.54252095] -> F: 0.4410375924130902
Punto[2.         0.44477581 0.51150717] -> F: 0.15065076982745945
Punto[1.         0.48290045 0.5292687 ] -> F: 0.44476592703341733
Punto[1.         0.50084626 0.5422559 ] -> F: 0.44166761516739333
Punto[1.         0.50048734 0.54199616] -> F: 0.44214411947183363
Punto[1.         0.50012843 0.54173641] -> F: 0.44256549493378006
Punto[1.         0.49976951 0.54147667] -> F: 0.4429612409892484
Punto[1.         0.4994106  0.54121693] -> F: 0.4433378041161567
Punto[1.         0.49905168 0.54095718] -> F: 0.4437142228622568
Punto[1.         0.49869276 0.54069744] -> F: 0.44409049722754823
Punto[1.         0.49833385 0.54043769] -> F: 0.4444666272120316
Punto[1.         0.49797493 0.54017795] -> F: 0.44484261281570636
Punto[1.         0.49761602 0.53991821] -> F: 0.44521845403857274
Punto[1.         0.4972571  0.53965846] -> F: 0.4455941508806308
Punto[1.         0.49689818 0.53939872] -> F: 0.4459697033418806
Punto[1.         0.49653927 0.53913897] -> F: 0.44634511142232175
Punto[1.         0.49618035 0.53887923] -> F: 0.44672103075841324
Punto[1.         0.49582143 0.53861949] -> F: 0.447101679029025
Punto[1.         0.49546252 0.53835974] -> F: 0.44748780871339944
Punto[1.        0.4951036 0.5381   ] -> F: 0.44787941981153606
Punto[1.         0.49474469 0.53784025] -> F: 0.4482765123234354
Punto[1.         0.49438577 0.53758051] -> F: 0.4486790862490971
Punto[1.         0.49402685 0.53732077] -> F: 0.44908714158852137
Punto[1.         0.49366794 0.53706102] -> F: 0.44950067834170776
Punto[1.         0.49330902 0.53680128] -> F: 0.4499194235992333
Punto[1.         0.49295011 0.53654153] -> F: 0.4502864792163965
Punto[1.         0.49259119 0.53628179] -> F: 0.4506533938298606
Punto[1.         0.49223227 0.53602205] -> F: 0.45102628664706096
Punto[1.         0.49187336 0.5357623 ] -> F: 0.4514142180122605
Punto[1.         0.49151444 0.53550256] -> F: 0.45181727133693655
Punto[1.         0.49115552 0.53524282] -> F: 0.45223544662108933
Punto[1.         0.49079661 0.53498307] -> F: 0.4526687438647189
Punto[1.         0.49043769 0.53472333] -> F: 0.4531171630678253
Punto[1.         0.49007878 0.53446358] -> F: 0.45358070423040836
Punto[1.         0.48971986 0.53420384] -> F: 0.45405936735246816
Punto[1.         0.48936094 0.5339441 ] -> F: 0.45439257026785496
Punto[1.         0.48900203 0.53368435] -> F: 0.45384656505848747
Punto[1.         0.48864311 0.53342461] -> F: 0.4533024272748179
Punto[1.         0.4882842  0.53316486] -> F: 0.45276015691684673
Punto[1.         0.48792528 0.53290512] -> F: 0.45221975398457387
Punto[1.         0.48756636 0.53264538] -> F: 0.45168121847799925
Punto[1.         0.48720745 0.53238563] -> F: 0.45114455039712253
Punto[1.         0.48684853 0.53212589] -> F: 0.4506097497419442
Punto[1.         0.48648962 0.53186614] -> F: 0.45007681651246406
Punto[1.        0.4861307 0.5316064] -> F: 0.44954575070868213
Punto[1.         0.48577178 0.53134666] -> F: 0.4490165523305983
Punto[1.         0.48541287 0.53108691] -> F: 0.4484746221771735
Punto[1.         0.48505395 0.53082717] -> F: 0.4479345362779853
Punto[1.         0.48469503 0.53056742] -> F: 0.44739787448120466
Punto[1.         0.48433612 0.53030768] -> F: 0.44686463678683214
Punto[1.         0.4839772  0.53004794] -> F: 0.44633482319486695
Punto[1.         0.48361829 0.52978819] -> F: 0.4458084337053095
Punto[1.         0.48325937 0.52952845] -> F: 0.4452854683181595
{
  "seed": 10251,
  "n_per_z": 10,
  "nz": 100,
  "nd": 100,
  "n_muestras": 50,
  "best_f": 0.45439257026785496,
  "best_cp": [
    1.0,
    0.48936094411223674,
    0.5339440951725647
  ],
  "best_u": [
    -0.30901699437494745,
    -0.8473975608908426,
    -0.43177062311338915
  ],
  "best_index": 36,
  "n_candidatos": 54
}
