Punto[0.         0.55311628 0.44640027] -> F: 0.1572168461655625
Punto[1.         0.55592752 0.45751546] -> F: 0.4622706000391772
Punto[2.         0.56534435 0.45630897] -> F: 0.1265221332804075
Punto[1.         0.55923032 0.45135462] -> F: 0.4648164677144662
Punto[1.         0.55599358 0.45739224] -> F: 0.4623828661796661
Punto[1.         0.55605831 0.45727149] -> F: 0.4624940621535852
Punto[1.         0.55612305 0.45715074] -> F: 0.46260642141347885
Punto[1.         0.55618778 0.45702998] -> F: 0.4627199439593472
Punto[1.         0.55625252 0.45690923] -> F: 0.4628346297911902
Punto[1.         0.55631725 0.45678848] -> F: 0.4629504789090077
Punto[1.         0.55638199 0.45666773] -> F: 0.46306749131279995
Punto[1.         0.55644672 0.45654698] -> F: 0.463185667002567
Punto[1.         0.55651146 0.45642622] -> F: 0.463304580443539
Punto[1.         0.55657619 0.45630547] -> F: 0.4634235408823982
Punto[1.         0.55664093 0.45618472] -> F: 0.46354253872205403
Punto[1.         0.55670566 0.45606397] -> F: 0.46366157396250673
Punto[1.         0.5567704  0.45594321] -> F: 0.46378064660375623
Punto[1.         0.55683513 0.45582246] -> F: 0.4638997566458027
Punto[1.         0.55689986 0.45570171] -> F: 0.46401890408864577
Punto[1.         0.5569646  0.45558096] -> F: 0.464138088932286
Punto[1.         0.55702933 0.4554602 ] -> F: 0.4642573111767227
Punto[1.         0.55709407 0.45533945] -> F: 0.4643765708219563
Punto[1.        0.5571588 0.4552187] -> F: 0.46449586786798686
Punto[1.         0.55722354 0.45509795] -> F: 0.4646152023148143
Punto[1.         0.55728827 0.45497719] -> F: 0.4647345741624382
Punto[1.         0.55735301 0.45485644] -> F: 0.46485398341085915
Punto[1.         0.55741774 0.45473569] -> F: 0.464973430060077
Punto[1.         0.55748248 0.45461494] -> F: 0.4650929141100915
Punto[1.         0.55754721 0.45449418] -> F: 0.4652124355609029
Punto[1.         0.55761195 0.45437343] -> F: 0.46533199441251116
Punto[1.         0.55767668 0.45425268] -> F: 0.4654515906649162
Punto[1.         0.55774142 0.45413193] -> F: 0.46557122431811815
Punto[1.         0.55780615 0.45401118] -> F: 0.46569089537211666
Punto[1.         0.55787089 0.45389042] -> F: 0.4658106038269123
Punto[1.         0.55793562 0.45376967] -> F: 0.46593034968250463
Punto[1.         0.55800036 0.45364892] -> F: 0.46605013293889375
Punto[1.         0.55806509 0.45352817] -> F: 0.4660010800932611
Punto[1.         0.55812982 0.45340741] -> F: 0.4659407658771909
Punto[1.         0.55819456 0.45328666] -> F: 0.4658806826313152
Punto[1.         0.55825929 0.45316591] -> F: 0.46582083035563426
Punto[1.         0.55832403 0.45304516] -> F: 0.4657612090501477
Punto[1.         0.55838876 0.4529244 ] -> F: 0.4657018187148557
Punto[1.         0.5584535  0.45280365] -> F: 0.46564265934975846
Punto[1.         0.55851823 0.4526829 ] -> F: 0.46557598157736246
Punto[1.         0.55858297 0.45256215] -> F: 0.46550645968121057
Punto[1.         0.5586477  0.45244139] -> F: 0.4654370328213272
Punto[1.         0.55871244 0.45232064] -> F: 0.46536770099771246
Punto[1.         0.55877717 0.45219989] -> F: 0.4652984642103664
Punto[1.         0.55884191 0.45207914] -> F: 0.4652293224592891
Punto[1.         0.55890664 0.45195838] -> F: 0.46516027574448027
Punto[1.         0.55897138 0.45183763] -> F: 0.4650913240659403
Punto[1.         0.55903611 0.45171688] -> F: 0.4650224674236687
Punto[1.         0.55910085 0.45159613] -> F: 0.4649537058176659
Punto[1.         0.55916558 0.45147538] -> F: 0.4648850392479317
{
  "seed": 11803,
  "n_per_z": 10,
  "nz": 100,
  "nd": 100,
  "n_muestras": 50,
  "best_f": 0.46605013293889375,
  "best_cp": [
    1.0,
    0.5580003551459463,
    0.4536489181165718
  ],
  "best_u": [
    0.2789911060392295,
    0.20948157728620106,
    0.9371667042360674
  ],
  "best_index": 35,
  "n_candidatos": 54
}
