Punto[0.         0.56035822 0.21174342] -> F: 0.06330477236544091
Punto[1.         0.56641625 0.39780176] -> F: 0.3146251621185674
Punto[2.         0.66656778 0.21946492] -> F: 0.09103598245785116
Punto[1.         0.613463   0.21560417] -> F: 0.2913940045310637
Punto[1.         0.56735718 0.39415781] -> F: 0.31817788547982995
Punto[1.         0.5682793  0.39058674] -> F: 0.32169365645458886
Punto[1.         0.56920142 0.38701566] -> F: 0.32526542811838166
Punto[1.         0.57012353 0.38344459] -> F: 0.3288932604580535
Punto[1.         0.57104565 0.37987352] -> F: 0.33269669756333176
Punto[1.         0.57196776 0.37630244] -> F: 0.33669312297249226
Punto[1.         0.57288988 0.37273137] -> F: 0.34060435946351325
Punto[1.        0.573812  0.3691603] -> F: 0.3447073827526573
Punto[1.         0.57473411 0.36558923] -> F: 0.3488535216025645
Punto[1.         0.57565623 0.36201815] -> F: 0.35316443267993586
Punto[1.         0.57657835 0.35844708] -> F: 0.3576290085874838
Punto[1.         0.57750046 0.35487601] -> F: 0.36230977831907174
Punto[1.         0.57842258 0.35130493] -> F: 0.3671497354832392
Punto[1.         0.57934469 0.34773386] -> F: 0.37206707771601083
Punto[1.         0.58026681 0.34416279] -> F: 0.3769274443550665
Punto[1.         0.58118893 0.34059172] -> F: 0.382011084791971
Punto[1.         0.58211104 0.33702064] -> F: 0.38721705407668944
Punto[1.         0.58303316 0.33344957] -> F: 0.3925175043864921
Punto[1.         0.58395528 0.3298785 ] -> F: 0.3980450072582731
Punto[1.         0.58487739 0.32630742] -> F: 0.3980065192091307
Punto[1.         0.58579951 0.32273635] -> F: 0.3949319829370822
Punto[1.         0.58672162 0.31916528] -> F: 0.39182196599565255
Punto[1.         0.58764374 0.31559421] -> F: 0.3886934152238522
Punto[1.         0.58856586 0.31202313] -> F: 0.385546045681606
Punto[1.         0.58948797 0.30845206] -> F: 0.38237188382745985
Punto[1.         0.59041009 0.30488099] -> F: 0.37917010311878446
Punto[1.         0.59133221 0.30130992] -> F: 0.37594928250148973
Punto[1.         0.59225432 0.29773884] -> F: 0.3727094539979752
Punto[1.         0.59317644 0.29416777] -> F: 0.36943716248090863
Punto[1.         0.59409856 0.2905967 ] -> F: 0.36614280923646486
Punto[1.         0.59502067 0.28702562] -> F: 0.3628295821270002
Punto[1.         0.59594279 0.28345455] -> F: 0.35949454642980605
Punto[1.         0.5968649  0.27988348] -> F: 0.35612658216799764
Punto[1.         0.59778702 0.27631241] -> F: 0.3527400818497616
Punto[1.         0.59870914 0.27274133] -> F: 0.34933563896638264
Punto[1.         0.59963125 0.26917026] -> F: 0.3458999122736244
Punto[1.         0.60055337 0.26559919] -> F: 0.3424403864066451
Punto[1.         0.60147549 0.26202811] -> F: 0.3389638477303645
Punto[1.         0.6023976  0.25845704] -> F: 0.33546161378407935
Punto[1.         0.60331972 0.25488597] -> F: 0.3319296315424384
Punto[1.         0.60424183 0.2513149 ] -> F: 0.32838211839676207
Punto[1.         0.60516395 0.24774382] -> F: 0.324810346723626
Punto[1.         0.60608607 0.24417275] -> F: 0.32120715674809114
Punto[1.         0.60700818 0.24060168] -> F: 0.3175907923442605
Punto[1.         0.6079303  0.23703061] -> F: 0.31394526186874255
Punto[1.         0.60885242 0.23345953] -> F: 0.31027340297035677
Punto[1.         0.60977453 0.22988846] -> F: 0.30659212963803906
Punto[1.         0.61069665 0.22631739] -> F: 0.30286714574831536
Punto[1.         0.61161876 0.22274631] -> F: 0.29913147805876317
Punto[1.         0.61254088 0.21917524] -> F: 0.2953704194627045
Best centerpoint:  [1.         0.58395528 0.3298785 ] Best F:  0.3980450072582731 Best u:  [ 6.12323400e-17 -9.41083133e-02  9.95561965e-01] índice:  19
{
  "seed": 12840,
  "n_per_z": 5,
  "nz": 100,
  "nd": 100,
  "n_muestras": 50,
  "best_f": 0.3980450072582731,
  "best_cp": [
    1.0,
    0.5839552759066434,
    0.3298784977731826
  ],
  "best_u": [
    6.123233995736766e-17,
    -0.09410831331851438,
    0.99556196460308
  ],
  "n_candidatos": 54
}
