Punto[0.         0.6614203  0.44951558] -> F: 0.15717865277274942
Punto[1.         0.54418846 0.49576472] -> F: 0.4388629568969477
Punto[2.         0.47004732 0.49110885] -> F: 0.12072345671052974
Punto[1.         0.56573381 0.47031222] -> F: 0.4302368169817066
Punto[1.         0.54461937 0.49525567] -> F: 0.43943793971906875
Punto[1.         0.54504166 0.4947568 ] -> F: 0.44004603113554003
Punto[1.         0.54546395 0.49425793] -> F: 0.4406982802144121
Punto[1.         0.54588624 0.49375906] -> F: 0.441394686955685
Punto[1.         0.54630852 0.49326019] -> F: 0.44213525135935877
Punto[1.         0.54673081 0.49276133] -> F: 0.4429199734254331
Punto[1.         0.5471531  0.49226246] -> F: 0.44374885315390844
Punto[1.         0.54757539 0.49176359] -> F: 0.4446218905447846
Punto[1.         0.54799768 0.49126472] -> F: 0.4455386516285284
Punto[1.         0.54841997 0.49076585] -> F: 0.4463773146882392
Punto[1.         0.54884226 0.49026698] -> F: 0.44598159617154326
Punto[1.         0.54926455 0.48976811] -> F: 0.4455861438808817
Punto[1.         0.54968684 0.48926924] -> F: 0.4451909578162541
Punto[1.         0.55010912 0.48877037] -> F: 0.4447960379776606
Punto[1.         0.55053141 0.4882715 ] -> F: 0.44440138436510135
Punto[1.         0.5509537  0.48777263] -> F: 0.4440069969785761
Punto[1.         0.55137599 0.48727377] -> F: 0.44361287581808506
Punto[1.         0.55179828 0.4867749 ] -> F: 0.4432190208836281
Punto[1.         0.55222057 0.48627603] -> F: 0.4428254321752052
Punto[1.         0.55264286 0.48577716] -> F: 0.44243210969281643
Punto[1.         0.55306515 0.48527829] -> F: 0.44203593021371745
Punto[1.         0.55348743 0.48477942] -> F: 0.4416386778810495
Punto[1.         0.55390972 0.48428055] -> F: 0.44124169786274464
Punto[1.         0.55433201 0.48378168] -> F: 0.4408449901588033
Punto[1.         0.5547543  0.48328281] -> F: 0.4404485547692252
Punto[1.         0.55517659 0.48278394] -> F: 0.4400523916940103
Punto[1.         0.55559888 0.48228507] -> F: 0.43965650093315867
Punto[1.         0.55602117 0.48178621] -> F: 0.4392608824866704
Punto[1.         0.55644346 0.48128734] -> F: 0.43886553635454545
Punto[1.         0.55686574 0.48078847] -> F: 0.4384704625367836
Punto[1.         0.55728803 0.4802896 ] -> F: 0.4380756610333853
Punto[1.         0.55771032 0.47979073] -> F: 0.43768113184435015
Punto[1.         0.55813261 0.47929186] -> F: 0.4372868749696781
Punto[1.         0.5585549  0.47879299] -> F: 0.43689289040936974
Punto[1.         0.55897719 0.47829412] -> F: 0.4364991781634244
Punto[1.         0.55939948 0.47779525] -> F: 0.43610573823184245
Punto[1.         0.55982177 0.47729638] -> F: 0.43571257061462354
Punto[1.         0.56024406 0.47679752] -> F: 0.43531967531176824
Punto[1.         0.56066634 0.47629865] -> F: 0.4349270523232761
Punto[1.         0.56108863 0.47579978] -> F: 0.43453470164914715
Punto[1.         0.56151092 0.47530091] -> F: 0.43414262328938147
Punto[1.         0.56193321 0.47480204] -> F: 0.4337508172439793
Punto[1.         0.5623555  0.47430317] -> F: 0.4333592835129404
Punto[1.         0.56277779 0.4738043 ] -> F: 0.43296802209626467
Punto[1.         0.56320008 0.47330543] -> F: 0.4325770329939523
Punto[1.         0.56362237 0.47280656] -> F: 0.432186316206003
Punto[1.         0.56404465 0.47230769] -> F: 0.4317958717324172
Punto[1.         0.56446694 0.47180882] -> F: 0.4314056995731945
Punto[1.         0.56488923 0.47130996] -> F: 0.43101579972833537
Punto[1.         0.56531152 0.47081109] -> F: 0.4306261721978393
{
  "seed": 6832,
  "n_per_z": 10,
  "nz": 100,
  "nd": 100,
  "n_muestras": 50,
  "best_f": 0.4463773146882392,
  "best_cp": [
    1.0,
    0.5484199689180769,
    0.49076584942606977
  ],
  "best_u": [
    0.5358267949789969,
    0.712889645782536,
    -0.45241352623301
  ],
  "best_index": 13,
  "n_candidatos": 54
}
