Punto[0.         0.64151713 0.57084377] -> F: 0.09286351967160898
Punto[1.         0.50268106 0.51347321] -> F: 0.36057455667169586
Punto[2.         0.50445233 0.25672208] -> F: 0.07531832272434845
Punto[1.         0.57298473 0.41378292] -> F: 0.35208572397142673
Punto[1.         0.50408713 0.5114794 ] -> F: 0.36345063990441356
Punto[1.         0.50546508 0.50952547] -> F: 0.3661890499867118
Punto[1.         0.50684303 0.50757154] -> F: 0.368962767838271
Punto[1.         0.50822099 0.50561761] -> F: 0.37177179345909084
Punto[1.         0.50959894 0.50366368] -> F: 0.37448349588597374
Punto[1.         0.51097689 0.50170975] -> F: 0.37720831286595785
Punto[1.         0.51235484 0.49975582] -> F: 0.37997361656827716
Punto[1.         0.51373279 0.49780189] -> F: 0.38272098688441425
Punto[1.         0.51511075 0.49584797] -> F: 0.3853767624126341
Punto[1.         0.5164887  0.49389404] -> F: 0.388081541703106
Punto[1.         0.51786665 0.49194011] -> F: 0.39083532475582944
Punto[1.         0.5192446  0.48998618] -> F: 0.3935088962447027
Punto[1.         0.52062255 0.48803225] -> F: 0.39611685463357027
Punto[1.         0.52200051 0.48607832] -> F: 0.398790150666952
Punto[1.         0.52337846 0.48412439] -> F: 0.40152878434484784
Punto[1.         0.52475641 0.48217046] -> F: 0.40420594462134746
Punto[1.         0.52613436 0.48021653] -> F: 0.40670714915839284
Punto[1.         0.52751231 0.4782626 ] -> F: 0.4093168230838385
Punto[1.         0.52889027 0.47630867] -> F: 0.41203496639768455
Punto[1.         0.53026822 0.47435474] -> F: 0.4148615790999308
Punto[1.         0.53164617 0.47240081] -> F: 0.41749423956812437
Punto[1.         0.53302412 0.47044688] -> F: 0.4196972821234169
Punto[1.         0.53440207 0.46849295] -> F: 0.42194168117497444
Punto[1.         0.53578003 0.46653902] -> F: 0.4200856132961599
Punto[1.         0.53715798 0.46458509] -> F: 0.4182342465853022
Punto[1.         0.53853593 0.46263116] -> F: 0.4163875810424013
Punto[1.         0.53991388 0.46067723] -> F: 0.41454561666745743
Punto[1.         0.54129183 0.4587233 ] -> F: 0.41269236090305544
Punto[1.         0.54266979 0.45676937] -> F: 0.41082778421643384
Punto[1.         0.54404774 0.45481544] -> F: 0.40896807482662684
Punto[1.         0.54542569 0.45286152] -> F: 0.4071132327336345
Punto[1.         0.54680364 0.45090759] -> F: 0.4052632579374568
Punto[1.         0.54818159 0.44895366] -> F: 0.4026734769943052
Punto[1.         0.54955955 0.44699973] -> F: 0.3998758356811883
Punto[1.        0.5509375 0.4450458] -> F: 0.3970926095937466
Punto[1.         0.55231545 0.44309187] -> F: 0.3943237987319798
Punto[1.         0.5536934  0.44113794] -> F: 0.39152995204032476
Punto[1.         0.55507135 0.43918401] -> F: 0.3887202496289933
Punto[1.         0.55644931 0.43723008] -> F: 0.38592536871917277
Punto[1.         0.55782726 0.43527615] -> F: 0.3831453093108627
Punto[1.         0.55920521 0.43332222] -> F: 0.38033366387688144
Punto[1.         0.56058316 0.43136829] -> F: 0.3775159385282427
Punto[1.         0.56196112 0.42941436] -> F: 0.3747134682201049
Punto[1.         0.56333907 0.42746043] -> F: 0.3719262529524672
Punto[1.         0.56471702 0.4255065 ] -> F: 0.3690920006597653
Punto[1.         0.56609497 0.42355257] -> F: 0.36627043673112253
Punto[1.         0.56747292 0.42159864] -> F: 0.36346458708222823
Punto[1.         0.56885088 0.41964471] -> F: 0.36065403084691444
Punto[1.         0.57022883 0.41769078] -> F: 0.35781675301003596
Punto[1.         0.57160678 0.41573685] -> F: 0.35499567369578927
Best centerpoint:  [1.         0.53440207 0.46849295] Best F:  0.42194168117497444 Best u:  [ 0.27899111 -0.12035671 -0.95272148] índice:  23
{
  "seed": 8839,
  "n_per_z": 5,
  "nz": 100,
  "nd": 100,
  "n_muestras": 50,
  "best_f": 0.42194168117497444,
  "best_cp": [
    1.0,
    0.534402074483642,
    0.4684929517730606
  ],
  "best_u": [
    0.27899110603922916,
    -0.1203567127972751,
    -0.9527214831395594
  ],
  "n_candidatos": 54
}
