Punto[0.         0.50287837 0.45120988] -> F: 0.08255441789291518
Punto[1.         0.502227   0.38552668] -> F: 0.3925331833001891
Punto[2.         0.47541997 0.33461327] -> F: 0.17821684779552935
Punto[1.         0.48914917 0.39291157] -> F: 0.38400449938551523
Punto[1.         0.50196544 0.38567437] -> F: 0.3925447807988499
Punto[1.         0.50170912 0.38581912] -> F: 0.39238127105062487
Punto[1.         0.50145279 0.38596386] -> F: 0.39221777698315713
Punto[1.         0.50119647 0.38610861] -> F: 0.39205429859644686
Punto[1.         0.50094014 0.38625335] -> F: 0.39188917347619184
Punto[1.         0.50068382 0.38639809] -> F: 0.3917233995481903
Punto[1.         0.50042749 0.38654284] -> F: 0.3915576417506538
Punto[1.         0.50017117 0.38668758] -> F: 0.3913919000835822
Punto[1.         0.49991484 0.38683233] -> F: 0.3912261745469757
Punto[1.         0.49965851 0.38697707] -> F: 0.3910604651408343
Punto[1.         0.49940219 0.38712181] -> F: 0.390894771865158
Punto[1.         0.49914586 0.38726656] -> F: 0.3907290311702499
Punto[1.         0.49888954 0.3874113 ] -> F: 0.39056106830771714
Punto[1.         0.49863321 0.38755605] -> F: 0.3903931220270506
Punto[1.         0.49837689 0.38770079] -> F: 0.39022519232825065
Punto[1.         0.49812056 0.38784553] -> F: 0.3900572792113167
Punto[1.         0.49786424 0.38799028] -> F: 0.3898893826762492
Punto[1.         0.49760791 0.38813502] -> F: 0.38972150272304795
Punto[1.         0.49735158 0.38827977] -> F: 0.38955363935171294
Punto[1.         0.49709526 0.38842451] -> F: 0.3893848153250419
Punto[1.         0.49683893 0.38856925] -> F: 0.389214703878604
Punto[1.         0.49658261 0.388714  ] -> F: 0.3890446094679179
Punto[1.         0.49632628 0.38885874] -> F: 0.38887453209298356
Punto[1.         0.49606996 0.38900349] -> F: 0.3887044717538009
Punto[1.         0.49581363 0.38914823] -> F: 0.38853442845037
Punto[1.         0.49555731 0.38929297] -> F: 0.3883644021826909
Punto[1.         0.49530098 0.38943772] -> F: 0.3881943929507636
Punto[1.         0.49504466 0.38958246] -> F: 0.38802236110750166
Punto[1.         0.49478833 0.38972721] -> F: 0.38785012058465024
Punto[1.         0.494532   0.38987195] -> F: 0.38767789755473364
Punto[1.         0.49427568 0.39001669] -> F: 0.38750569201775187
Punto[1.         0.49401935 0.39016144] -> F: 0.3873335039737051
Punto[1.         0.49376303 0.39030618] -> F: 0.38716133342259296
Punto[1.         0.4935067  0.39045093] -> F: 0.38698918036441576
Punto[1.         0.49325038 0.39059567] -> F: 0.3868160807583638
Punto[1.         0.49299405 0.39074041] -> F: 0.3866417081288811
Punto[1.         0.49273773 0.39088516] -> F: 0.38646735345365535
Punto[1.        0.4924814 0.3910299] -> F: 0.3862930167326868
Punto[1.         0.49222508 0.39117464] -> F: 0.3861186979659751
Punto[1.         0.49196875 0.39131939] -> F: 0.3859443971535204
Punto[1.         0.49171242 0.39146413] -> F: 0.3857701142953227
Punto[1.         0.4914561  0.39160888] -> F: 0.38559584939138203
Punto[1.         0.49119977 0.39175362] -> F: 0.3854193651321342
Punto[1.         0.49094345 0.39189836] -> F: 0.3852428883155503
Punto[1.         0.49068712 0.39204311] -> F: 0.38506642991956
Punto[1.         0.4904308  0.39218785] -> F: 0.3848899899441634
Punto[1.         0.49017447 0.3923326 ] -> F: 0.38471356838936027
Punto[1.         0.48991815 0.39247734] -> F: 0.38453716525515086
Punto[1.         0.48966182 0.39262208] -> F: 0.384360780541535
Punto[1.         0.48940549 0.39276683] -> F: 0.38418309329452893
Best centerpoint:  [1.         0.50196544 0.38567437] Best F:  0.3925447807988499 Best u:  [-0.42577929 -0.41078289  0.80620681] índice:  1
{
  "seed": 18485,
  "n_per_z": 5,
  "nz": 100,
  "nd": 100,
  "n_muestras": 50,
  "best_f": 0.3925447807988499,
  "best_cp": [
    1.0,
    0.501965443661043,
    0.38567437390248105
  ],
  "best_u": [
    -0.4257792915650727,
    -0.4107828857269092,
    0.806206807009354
  ],
  "n_candidatos": 54
}
