Punto[0.        0.5255625 0.4722272] -> F: 0.1534449022284109
Punto[1.         0.48433226 0.54105416] -> F: 0.4205760935853756
Punto[2.         0.52426798 0.51182389] -> F: 0.11462223770867862
Punto[1.         0.52491524 0.49202555] -> F: 0.42196562531723636
Punto[1.         0.48514392 0.54007358] -> F: 0.42218211228619335
Punto[1.         0.48593934 0.53911262] -> F: 0.4237593476813388
Punto[1.         0.48673477 0.53815166] -> F: 0.42533988643706766
Punto[1.        0.4875302 0.5371907] -> F: 0.4269237285533793
Punto[1.         0.48832562 0.53622974] -> F: 0.4285108740302742
Punto[1.         0.48912105 0.53526878] -> F: 0.43010132286775216
Punto[1.         0.48991648 0.53430782] -> F: 0.4316950750658131
Punto[1.         0.4907119  0.53334686] -> F: 0.43329213062445743
Punto[1.         0.49150733 0.5323859 ] -> F: 0.43489201801605454
Punto[1.         0.49230275 0.53142494] -> F: 0.4364919770602778
Punto[1.         0.49309818 0.53046398] -> F: 0.43809529176010276
Punto[1.         0.49389361 0.52950302] -> F: 0.4397019621155293
Punto[1.         0.49468903 0.52854206] -> F: 0.44129399337187813
Punto[1.         0.49548446 0.52758109] -> F: 0.4428169505792311
Punto[1.         0.49627989 0.52662013] -> F: 0.4443434324903171
Punto[1.         0.49707531 0.52565917] -> F: 0.44587343910513644
Punto[1.         0.49787074 0.52469821] -> F: 0.4458256574934464
Punto[1.         0.49866617 0.52373725] -> F: 0.44511099485935746
Punto[1.         0.49946159 0.52277629] -> F: 0.4443971555531735
Punto[1.         0.50025702 0.52181533] -> F: 0.44368413957489466
Punto[1.         0.50105245 0.52085437] -> F: 0.4429719469245208
Punto[1.         0.50184787 0.51989341] -> F: 0.442260577602052
Punto[1.         0.5026433  0.51893245] -> F: 0.4415500316074881
Punto[1.         0.50343873 0.51797149] -> F: 0.4408403089408294
Punto[1.         0.50423415 0.51701053] -> F: 0.44013140960207575
Punto[1.         0.50502958 0.51604957] -> F: 0.43942333359122704
Punto[1.         0.50582501 0.51508861] -> F: 0.4387160809082833
Punto[1.         0.50662043 0.51412764] -> F: 0.4380096515532448
Punto[1.         0.50741586 0.51316668] -> F: 0.4373040455261112
Punto[1.         0.50821129 0.51220572] -> F: 0.43659926282688255
Punto[1.         0.50900671 0.51124476] -> F: 0.4358953034555591
Punto[1.         0.50980214 0.5102838 ] -> F: 0.4351921674121406
Punto[1.         0.51059756 0.50932284] -> F: 0.43448985469662715
Punto[1.         0.51139299 0.50836188] -> F: 0.43378836530901865
Punto[1.         0.51218842 0.50740092] -> F: 0.4330876992493154
Punto[1.         0.51298384 0.50643996] -> F: 0.43238785651751693
Punto[1.         0.51377927 0.505479  ] -> F: 0.43168883711362366
Punto[1.         0.5145747  0.50451804] -> F: 0.43099064103763535
Punto[1.         0.51537012 0.50355708] -> F: 0.4302923506901725
Punto[1.         0.51616555 0.50259612] -> F: 0.42959390387301843
Punto[1.         0.51696098 0.50163516] -> F: 0.4288962848806054
Punto[1.         0.5177564  0.50067419] -> F: 0.4281994937129336
Punto[1.         0.51855183 0.49971323] -> F: 0.42750353037000277
Punto[1.         0.51934726 0.49875227] -> F: 0.4268083948518132
Punto[1.         0.52014268 0.49779131] -> F: 0.4261140871583645
Punto[1.         0.52093811 0.49683035] -> F: 0.4254206072896571
Punto[1.         0.52173354 0.49586939] -> F: 0.42472795524569074
Punto[1.         0.52252896 0.49490843] -> F: 0.4240361310264655
Punto[1.         0.52332439 0.49394747] -> F: 0.4233451346319814
Punto[1.         0.52411982 0.49298651] -> F: 0.42265496606223835
{
  "seed": 3127,
  "n_per_z": 10,
  "nz": 100,
  "nd": 100,
  "n_muestras": 50,
  "best_f": 0.44587343910513644,
  "best_cp": [
    1.0,
    0.49707531398342075,
    0.5256591732214633
  ],
  "best_u": [
    0.2181432413965427,
    -0.8071617959084699,
    0.5485465900530448
  ],
  "best_index": 19,
  "n_candidatos": 54
}
