Punto[0.         0.59566521 0.29702662] -> F: 0.08250737222653755
Punto[1.         0.50587639 0.51501542] -> F: 0.3080987754296505
Punto[2.         0.51996601 0.41157476] -> F: 0.1556283503904736
Punto[1.         0.55781561 0.35430069] -> F: 0.31778959129235196
Punto[1.         0.50691517 0.51180112] -> F: 0.3118129540080219
Punto[1.         0.50793318 0.50865111] -> F: 0.3163839232103714
Punto[1.         0.50895119 0.5055011 ] -> F: 0.32108052374459706
Punto[1.        0.5099692 0.5023511] -> F: 0.3261823122558003
Punto[1.         0.51098721 0.49920109] -> F: 0.33118309408200786
Punto[1.         0.51200521 0.49605108] -> F: 0.3361073077583381
Punto[1.         0.51302322 0.49290107] -> F: 0.3412140330874246
Punto[1.         0.51404123 0.48975106] -> F: 0.34614037157670663
Punto[1.         0.51505924 0.48660105] -> F: 0.3511278783771279
Punto[1.         0.51607725 0.48345104] -> F: 0.3556580814866607
Punto[1.         0.51709526 0.48030103] -> F: 0.359894533316097
Punto[1.         0.51811327 0.47715103] -> F: 0.36452309078913264
Punto[1.         0.51913128 0.47400102] -> F: 0.3695375743669263
Punto[1.         0.52014928 0.47085101] -> F: 0.3744532686579414
Punto[1.         0.52116729 0.467701  ] -> F: 0.3794711387354336
Punto[1.         0.5221853  0.46455099] -> F: 0.3843997458533408
Punto[1.         0.52320331 0.46140098] -> F: 0.3894108519661251
Punto[1.         0.52422132 0.45825097] -> F: 0.3899419175977934
Punto[1.         0.52523933 0.45510096] -> F: 0.38792861318191496
Punto[1.         0.52625734 0.45195096] -> F: 0.3859183628565931
Punto[1.         0.52727535 0.44880095] -> F: 0.3839111666218276
Punto[1.         0.52829336 0.44565094] -> F: 0.3819070244776185
Punto[1.         0.52931136 0.44250093] -> F: 0.3799059364239659
Punto[1.         0.53032937 0.43935092] -> F: 0.3779079024608697
Punto[1.         0.53134738 0.43620091] -> F: 0.3759129225883299
Punto[1.         0.53236539 0.4330509 ] -> F: 0.3739209968063466
Punto[1.        0.5333834 0.4299009] -> F: 0.37193212511491974
Punto[1.         0.53440141 0.42675089] -> F: 0.3699463075140492
Punto[1.         0.53541942 0.42360088] -> F: 0.3679635440037352
Punto[1.         0.53643743 0.42045087] -> F: 0.36598383458397765
Punto[1.         0.53745543 0.41730086] -> F: 0.36400717925477655
Punto[1.         0.53847344 0.41415085] -> F: 0.36203357801613173
Punto[1.         0.53949145 0.41100084] -> F: 0.36006303086804353
Punto[1.         0.54050946 0.40785083] -> F: 0.3580955378105116
Punto[1.         0.54152747 0.40470083] -> F: 0.35613109884353616
Punto[1.         0.54254548 0.40155082] -> F: 0.3541697139671172
Punto[1.         0.54356349 0.39840081] -> F: 0.3522113831812547
Punto[1.        0.5445815 0.3952508] -> F: 0.3502561064859486
Punto[1.         0.54559951 0.39210079] -> F: 0.3483038838811988
Punto[1.         0.54661751 0.38895078] -> F: 0.3463547153670056
Punto[1.         0.54763552 0.38580077] -> F: 0.34440860094336884
Punto[1.         0.54865353 0.38265076] -> F: 0.34150683111950897
Punto[1.         0.54967154 0.37950076] -> F: 0.33872414732582035
Punto[1.         0.55068955 0.37635075] -> F: 0.3364103533454026
Punto[1.         0.55170756 0.37320074] -> F: 0.33416988776199585
Punto[1.         0.55272557 0.37005073] -> F: 0.3319203789410456
Punto[1.         0.55374358 0.36690072] -> F: 0.3296107548867992
Punto[1.         0.55476158 0.36375071] -> F: 0.3273351533808567
Punto[1.         0.55577959 0.3606007 ] -> F: 0.3250509286216718
Punto[1.        0.5567976 0.3574507] -> F: 0.3217929253771246
Best centerpoint:  [1.         0.52422132 0.45825097] Best F:  0.3899419175977934 Best u:  [-0.99950656  0.01513225 -0.02752546] índice:  18
{
  "seed": 15844,
  "n_per_z": 5,
  "nz": 100,
  "nd": 100,
  "n_muestras": 50,
  "best_f": 0.3899419175977934,
  "best_cp": [
    1.0,
    0.5242213199317943,
    0.4582509736195155
  ],
  "best_u": [
    -0.9995065603657316,
    0.015132248592212117,
    -0.02752545800541225
  ],
  "n_candidatos": 54
}
