Punto[0.         0.68382167 0.73827372] -> F: 0.06357747051070536
Punto[1.         0.5399081  0.55438719] -> F: 0.3764400589007736
Punto[2.         0.52686683 0.36795391] -> F: 0.16100630611859645
Punto[1.         0.60534425 0.55311382] -> F: 0.32330618608506156
Punto[1.         0.54121683 0.55436172] -> F: 0.37666638990258405
Punto[1.         0.54249938 0.55433677] -> F: 0.3768882797463798
Punto[1.         0.54378192 0.55431181] -> F: 0.3770870460575107
Punto[1.         0.54506447 0.55428685] -> F: 0.37726949800467435
Punto[1.         0.54634702 0.55426189] -> F: 0.37703624343324366
Punto[1.         0.54762957 0.55423693] -> F: 0.37598265468105696
Punto[1.         0.54891212 0.55421198] -> F: 0.37490892575696555
Punto[1.         0.55019467 0.55418702] -> F: 0.3737828739425402
Punto[1.         0.55147721 0.55416206] -> F: 0.37261499153343997
Punto[1.         0.55275976 0.5541371 ] -> F: 0.37144800340076534
Punto[1.         0.55404231 0.55411214] -> F: 0.3702773223259463
Punto[1.         0.55532486 0.55408718] -> F: 0.3691004500164524
Punto[1.         0.55660741 0.55406223] -> F: 0.3679244900030149
Punto[1.         0.55788996 0.55403727] -> F: 0.3667494422856335
Punto[1.         0.55917251 0.55401231] -> F: 0.36557530686430884
Punto[1.         0.56045505 0.55398735] -> F: 0.36440208373904015
Punto[1.         0.5617376  0.55396239] -> F: 0.36322588602853123
Punto[1.         0.56302015 0.55393744] -> F: 0.3620424469563307
Punto[1.         0.5643027  0.55391248] -> F: 0.3608599390434102
Punto[1.         0.56558525 0.55388752] -> F: 0.35967836228977
Punto[1.         0.5668678  0.55386256] -> F: 0.35849771669541003
Punto[1.         0.56815035 0.5538376 ] -> F: 0.35731800226033034
Punto[1.         0.56943289 0.55381264] -> F: 0.3561378055453612
Punto[1.         0.57071544 0.55378769] -> F: 0.3549474984618662
Punto[1.         0.57199799 0.55376273] -> F: 0.35375814234425074
Punto[1.         0.57328054 0.55373777] -> F: 0.35256973719251483
Punto[1.         0.57456309 0.55371281] -> F: 0.35138228300665825
Punto[1.         0.57584564 0.55368785] -> F: 0.35019577978668104
Punto[1.         0.57712818 0.5536629 ] -> F: 0.34901022753258326
Punto[1.         0.57841073 0.55363794] -> F: 0.3478159664616951
Punto[1.         0.57969328 0.55361298] -> F: 0.3466195667592695
Punto[1.         0.58097583 0.55358802] -> F: 0.3454258997016325
Punto[1.         0.58225838 0.55356306] -> F: 0.3442353984659095
Punto[1.         0.58354093 0.55353811] -> F: 0.34304806305210095
Punto[1.         0.58482348 0.55351315] -> F: 0.34186389346020685
Punto[1.         0.58610602 0.55348819] -> F: 0.3406828896902269
Punto[1.         0.58738857 0.55346323] -> F: 0.33950505174216133
Punto[1.         0.58867112 0.55343827] -> F: 0.33833037961601015
Punto[1.         0.58995367 0.55341331] -> F: 0.33715887331177324
Punto[1.         0.59123622 0.55338836] -> F: 0.3359905328294507
Punto[1.         0.59251877 0.5533634 ] -> F: 0.3348253581690426
Punto[1.         0.59380132 0.55333844] -> F: 0.3336633493305487
Punto[1.         0.59508386 0.55331348] -> F: 0.3325045063139693
Punto[1.         0.59636641 0.55328852] -> F: 0.331348829119304
Punto[1.         0.59764896 0.55326357] -> F: 0.3301963177465532
Punto[1.         0.59893151 0.55323861] -> F: 0.3290424972854683
Punto[1.         0.60021406 0.55321365] -> F: 0.3278888200417503
Punto[1.         0.60149661 0.55318869] -> F: 0.32673835029985066
Punto[1.         0.60277915 0.55316373] -> F: 0.3255910880597692
Punto[1.         0.6040617  0.55313877] -> F: 0.32444703332150626
Best centerpoint:  [1.         0.54506447 0.55428685] Best F:  0.37726949800467435 Best u:  [-0.30901699 -0.11919899  0.94355715] índice:  4
{
  "seed": 19216,
  "n_per_z": 5,
  "nz": 100,
  "nd": 100,
  "n_muestras": 50,
  "best_f": 0.37726949800467435,
  "best_cp": [
    1.0,
    0.5450644724881096,
    0.5542868495601565
  ],
  "best_u": [
    -0.3090169943749471,
    -0.11919898848967392,
    0.9435571515973542
  ],
  "n_candidatos": 54
}
