Punto[0.         0.72674823 0.55855525] -> F: 0.09338658718639166
Punto[1.         0.64157395 0.43522949] -> F: 0.3632438567273226
Punto[2.         0.5787047  0.41982931] -> F: 0.15928517481653204
Punto[1.         0.65272646 0.48919228] -> F: 0.3798569714390865
Punto[1.         0.641797   0.43630874] -> F: 0.36450647854529555
Punto[1.         0.64201559 0.43736641] -> F: 0.3657081886613603
Punto[1.         0.64223418 0.43842408] -> F: 0.3668452412167117
Punto[1.         0.64245277 0.43948175] -> F: 0.3679975515616527
Punto[1.         0.64267136 0.44053943] -> F: 0.36916511969618315
Punto[1.         0.64288995 0.4415971 ] -> F: 0.3703479456203034
Punto[1.         0.64310854 0.44265477] -> F: 0.37154602933401304
Punto[1.         0.64332713 0.44371244] -> F: 0.3727593708373123
Punto[1.         0.64354572 0.44477011] -> F: 0.37398797013020085
Punto[1.         0.64376431 0.44582778] -> F: 0.3752318272126793
Punto[1.         0.6439829  0.44688545] -> F: 0.3764909420847469
Punto[1.         0.64420148 0.44794312] -> F: 0.37768457906223973
Punto[1.         0.64442007 0.44900079] -> F: 0.37876843702036156
Punto[1.         0.64463866 0.45005846] -> F: 0.3799011445275377
Punto[1.         0.64485725 0.45111613] -> F: 0.38108256302694854
Punto[1.         0.64507584 0.4521738 ] -> F: 0.382312692518594
Punto[1.         0.64529443 0.45323147] -> F: 0.3835915330024738
Punto[1.         0.64551302 0.45428914] -> F: 0.3849190844785885
Punto[1.         0.64573161 0.45534682] -> F: 0.38629534694693735
Punto[1.         0.6459502  0.45640449] -> F: 0.3877170862539245
Punto[1.         0.64616879 0.45746216] -> F: 0.3891492782891686
Punto[1.         0.64638738 0.45851983] -> F: 0.3905823685109949
Punto[1.         0.64660597 0.4595775 ] -> F: 0.39201635691940373
Punto[1.         0.64682456 0.46063517] -> F: 0.3934511046209764
Punto[1.         0.64704314 0.46169284] -> F: 0.3946555334808398
Punto[1.         0.64726173 0.46275051] -> F: 0.395885182480658
Punto[1.         0.64748032 0.46380818] -> F: 0.3971400516204312
Punto[1.         0.64769891 0.46486585] -> F: 0.39842014090015904
Punto[1.         0.6479175  0.46592352] -> F: 0.39972545031984147
Punto[1.         0.64813609 0.46698119] -> F: 0.39943473302503085
Punto[1.         0.64835468 0.46803886] -> F: 0.3988268245399627
Punto[1.         0.64857327 0.46909653] -> F: 0.39821864129733237
Punto[1.         0.64879186 0.4701542 ] -> F: 0.39761018329713993
Punto[1.         0.64901045 0.47121188] -> F: 0.39700145053938524
Punto[1.         0.64922904 0.47226955] -> F: 0.3963924430240686
Punto[1.         0.64944763 0.47332722] -> F: 0.395762451685895
Punto[1.         0.64966622 0.47438489] -> F: 0.39512515657656433
Punto[1.         0.6498848  0.47544256] -> F: 0.3944875783215612
Punto[1.         0.65010339 0.47650023] -> F: 0.3938420992428369
Punto[1.         0.65032198 0.4775579 ] -> F: 0.3930227597752234
Punto[1.         0.65054057 0.47861557] -> F: 0.39194164348560606
Punto[1.         0.65075916 0.47967324] -> F: 0.3906262720165507
Punto[1.         0.65097775 0.48073091] -> F: 0.3893328349048129
Punto[1.         0.65119634 0.48178858] -> F: 0.38806360983274696
Punto[1.         0.65141493 0.48284625] -> F: 0.38681859680035247
Punto[1.         0.65163352 0.48390392] -> F: 0.3855977958076293
Punto[1.         0.65185211 0.48496159] -> F: 0.38440120685457774
Punto[1.         0.6520707  0.48601927] -> F: 0.38322882994119767
Punto[1.         0.65228929 0.48707694] -> F: 0.3820806650674891
Punto[1.         0.65250788 0.48813461] -> F: 0.3809567122334521
Best centerpoint:  [1.         0.6479175  0.46592352] Best F:  0.39972545031984147 Best u:  [-0.15643447  0.62957624 -0.76102695] índice:  29
{
  "seed": 8911,
  "n_per_z": 5,
  "nz": 100,
  "nd": 100,
  "n_muestras": 50,
  "best_f": 0.39972545031984147,
  "best_cp": [
    1.0,
    0.6479175015083931,
    0.46592352216209443
  ],
  "best_u": [
    -0.15643446504023092,
    0.6295762426904155,
    -0.7610269461637978
  ],
  "n_candidatos": 54
}
