Punto[0.         0.31143421 0.32436777] -> F: 0.05482628177326787
Punto[1.         0.3500506  0.52289275] -> F: 0.34824919106005137
Punto[2.         0.13604779 0.67001002] -> F: 0.0517520738480772
Punto[1.        0.223741  0.4971889] -> F: 0.25839309034344937
Punto[1.         0.34752441 0.52237868] -> F: 0.352502959624639
Punto[1.         0.34504874 0.52187488] -> F: 0.356696705172334
Punto[1.         0.34257307 0.52137109] -> F: 0.36096126163283676
Punto[1.         0.3400974  0.52086729] -> F: 0.36558090333502397
Punto[1.         0.33762173 0.52036349] -> F: 0.36996772981893544
Punto[1.         0.33514607 0.5198597 ] -> F: 0.3744060440941631
Punto[1.        0.3326704 0.5193559] -> F: 0.3788958461607065
Punto[1.         0.33019473 0.51885211] -> F: 0.38343713601856655
Punto[1.         0.32771906 0.51834831] -> F: 0.3880299136677418
Punto[1.         0.32524339 0.51784452] -> F: 0.3932712164207998
Punto[1.         0.32276772 0.51734072] -> F: 0.3984467834040968
Punto[1.         0.32029206 0.51683692] -> F: 0.40389256428734005
Punto[1.         0.31781639 0.51633313] -> F: 0.4096085590705294
Punto[1.         0.31534072 0.51582933] -> F: 0.41463227222101456
Punto[1.         0.31286505 0.51532554] -> F: 0.41729282515953664
Punto[1.         0.31038938 0.51482174] -> F: 0.4161697834075317
Punto[1.         0.30791371 0.51431795] -> F: 0.4126680811475419
Punto[1.         0.30543805 0.51381415] -> F: 0.40914803946165135
Punto[1.         0.30296238 0.51331036] -> F: 0.40551754825027586
Punto[1.         0.30048671 0.51280656] -> F: 0.4019153987359195
Punto[1.         0.29801104 0.51230276] -> F: 0.39828558785643436
Punto[1.         0.29553537 0.51179897] -> F: 0.3946026378524331
Punto[1.         0.29305971 0.51129517] -> F: 0.39086420203733135
Punto[1.         0.29058404 0.51079138] -> F: 0.3871343746362189
Punto[1.         0.28810837 0.51028758] -> F: 0.3833516744144791
Punto[1.         0.2856327  0.50978379] -> F: 0.3795717527128001
Punto[1.         0.28315703 0.50927999] -> F: 0.3757479442524689
Punto[1.         0.28068136 0.50877619] -> F: 0.37191799695500427
Punto[1.        0.2782057 0.5082724] -> F: 0.3680530254905955
Punto[1.         0.27573003 0.5077686 ] -> F: 0.36417298492924205
Punto[1.         0.27325436 0.50726481] -> F: 0.3602670068800869
Punto[1.         0.27077869 0.50676101] -> F: 0.35633666302277694
Punto[1.         0.26830302 0.50625722] -> F: 0.3523900591352069
Punto[1.         0.26582736 0.50575342] -> F: 0.34840905190625127
Punto[1.         0.26335169 0.50524963] -> F: 0.3444224498320198
Punto[1.         0.26087602 0.50474583] -> F: 0.3403902595244628
Punto[1.         0.25840035 0.50424203] -> F: 0.33636456720870017
Punto[1.         0.25592468 0.50373824] -> F: 0.33228050270952414
Punto[1.         0.25344901 0.50323444] -> F: 0.32820750852808794
Punto[1.         0.25097335 0.50273065] -> F: 0.32408013901067895
Punto[1.         0.24849768 0.50222685] -> F: 0.31995480621678535
Punto[1.         0.24602201 0.50172306] -> F: 0.3157897109666129
Punto[1.         0.24354634 0.50121926] -> F: 0.31008207765862106
Punto[1.         0.24107067 0.50071547] -> F: 0.3041615971417635
Punto[1.         0.238595   0.50021167] -> F: 0.2980486381876145
Punto[1.         0.23611934 0.49970787] -> F: 0.2917165472969777
Punto[1.         0.23364367 0.49920408] -> F: 0.28549360456116596
Punto[1.         0.231168   0.49870028] -> F: 0.279135175404796
Punto[1.         0.22869233 0.49819649] -> F: 0.27235216829197345
Punto[1.         0.22621666 0.49769269] -> F: 0.26531641486926255
Best centerpoint:  [1.         0.31286505 0.51532554] Best F:  0.41729282515953664 Best u:  [ 2.48689887e-01 -5.93086134e-17 -9.68583161e-01] índice:  15
{
  "seed": 8720,
  "n_per_z": 5,
  "nz": 100,
  "nd": 100,
  "n_muestras": 50,
  "best_f": 0.41729282515953664,
  "best_cp": [
    1.0,
    0.3128650513395697,
    0.51532553771259
  ],
  "best_u": [
    0.24868988716485485,
    -5.930861339921016e-17,
    -0.9685831611286311
  ],
  "n_candidatos": 54
}
