Punto[0.         0.64256781 0.28007687] -> F: 0.051609965080342095
Punto[1.         0.41155985 0.3956767 ] -> F: 0.3139232318925648
Punto[2.         0.39220189 0.5878038 ] -> F: 0.14586261395576855
Punto[1.         0.51738485 0.43394033] -> F: 0.2705273430557276
Punto[1.         0.41367635 0.39644197] -> F: 0.3177698490069731
Punto[1.         0.41575052 0.39719194] -> F: 0.32167212191701616
Punto[1.         0.41782469 0.3979419 ] -> F: 0.32570564369086175
Punto[1.         0.41989886 0.39869187] -> F: 0.32951209423068467
Punto[1.         0.42197303 0.39944184] -> F: 0.33322156802058206
Punto[1.         0.4240472  0.40019181] -> F: 0.33718311634541376
Punto[1.         0.42612137 0.40094177] -> F: 0.3413967392051796
Punto[1.         0.42819554 0.40169174] -> F: 0.3458607789679501
Punto[1.         0.43026971 0.40244171] -> F: 0.35000598007030614
Punto[1.         0.43234388 0.40319168] -> F: 0.3534314621632389
Punto[1.         0.43441805 0.40394164] -> F: 0.3536844350496673
Punto[1.         0.43649222 0.40469161] -> F: 0.3515865785388764
Punto[1.         0.43856639 0.40544158] -> F: 0.3494956475000621
Punto[1.         0.44064056 0.40619154] -> F: 0.3474116419332243
Punto[1.         0.44271473 0.40694151] -> F: 0.3453121588152733
Punto[1.         0.4447889  0.40769148] -> F: 0.3432082976356004
Punto[1.         0.44686307 0.40844145] -> F: 0.3411115901952805
Punto[1.         0.44893724 0.40919141] -> F: 0.3390220364943131
Punto[1.         0.45101141 0.40994138] -> F: 0.3369396365326989
Punto[1.         0.45308558 0.41069135] -> F: 0.33483348087759995
Punto[1.         0.45515975 0.41144131] -> F: 0.33273164808825806
Punto[1.         0.45723392 0.41219128] -> F: 0.33063720554651843
Punto[1.         0.45930809 0.41294125] -> F: 0.32855015325238135
Punto[1.         0.46138226 0.41369122] -> F: 0.32646051705663975
Punto[1.         0.46345643 0.41444118] -> F: 0.324354177389516
Punto[1.         0.4655306  0.41519115] -> F: 0.32225547366732693
Punto[1.         0.46760477 0.41594112] -> F: 0.32016440589007245
Punto[1.         0.46967894 0.41669109] -> F: 0.31808097405775276
Punto[1.         0.47175311 0.41744105] -> F: 0.3159826050419692
Punto[1.         0.47382728 0.41819102] -> F: 0.3138830373510581
Punto[1.         0.47590145 0.41894099] -> F: 0.31179201717163463
Punto[1.         0.47797562 0.41969095] -> F: 0.3097095445036985
Punto[1.         0.48004979 0.42044092] -> F: 0.30763561934725
Punto[1.         0.48212396 0.42119089] -> F: 0.30555284032664976
Punto[1.         0.48419813 0.42194086] -> F: 0.30346443584617855
Punto[1.         0.4862723  0.42269082] -> F: 0.30138484449981057
Punto[1.         0.48834647 0.42344079] -> F: 0.2993140662875459
Punto[1.         0.49042064 0.42419076] -> F: 0.2972521012093847
Punto[1.         0.49249481 0.42494072] -> F: 0.2951815072830172
Punto[1.         0.49456898 0.42569069] -> F: 0.29310526923080993
Punto[1.         0.49664315 0.42644066] -> F: 0.2910381227751204
Punto[1.         0.49871732 0.42719063] -> F: 0.2889800679159482
Punto[1.         0.50079149 0.42794059] -> F: 0.28693110465329363
Punto[1.         0.50286566 0.42869056] -> F: 0.2848687894041107
Punto[1.         0.50493983 0.42944053] -> F: 0.28280573921827135
Punto[1.         0.507014   0.43019049] -> F: 0.2807520734624877
Punto[1.         0.50908817 0.43094046] -> F: 0.2787077921367598
Punto[1.         0.51116234 0.43169043] -> F: 0.27667289524108757
Punto[1.         0.51323651 0.4324404 ] -> F: 0.2746152851862839
Punto[1.         0.51531068 0.43319036] -> F: 0.2725664674272432
Best centerpoint:  [1.         0.43441805 0.40394164] Best F:  0.3536844350496673 Best u:  [-0.42577929  0.61939674  0.65959053] índice:  11
{
  "seed": 15268,
  "n_per_z": 5,
  "nz": 100,
  "nd": 100,
  "n_muestras": 50,
  "best_f": 0.3536844350496673,
  "best_cp": [
    1.0,
    0.4344180518170877,
    0.4039416425222099
  ],
  "best_u": [
    -0.4257792915650727,
    0.6193967401315993,
    0.6595905344899158
  ],
  "n_candidatos": 54
}
