Punto[0.         0.39916009 0.60678339] -> F: 0.15032705750672218
Punto[1.         0.56940743 0.54693065] -> F: 0.33454278880075783
Punto[2.         0.70739388 0.65840755] -> F: 0.04064181766841831
Punto[1.         0.55327699 0.63259547] -> F: 0.293033759971974
Punto[1.         0.56908482 0.54864394] -> F: 0.33768727523766895
Punto[1.         0.56876867 0.55032298] -> F: 0.340817061862023
Punto[1.         0.56845251 0.55200201] -> F: 0.34399455163572745
Punto[1.         0.56813635 0.55368104] -> F: 0.3472197445587824
Punto[1.         0.5678202  0.55536007] -> F: 0.3504926406311875
Punto[1.         0.56750404 0.5570391 ] -> F: 0.35381323985294344
Punto[1.         0.56718788 0.55871813] -> F: 0.3560426598303759
Punto[1.         0.56687173 0.56039716] -> F: 0.3548104249802038
Punto[1.         0.56655557 0.56207619] -> F: 0.3535745554854127
Punto[1.         0.56623941 0.56375522] -> F: 0.3523253303008477
Punto[1.         0.56592326 0.56543425] -> F: 0.35107362316143664
Punto[1.         0.5656071  0.56711328] -> F: 0.34980748847515564
Punto[1.         0.56529094 0.56879231] -> F: 0.3485398127734399
Punto[1.         0.56497479 0.57047134] -> F: 0.34725688549359385
Punto[1.         0.56465863 0.57215037] -> F: 0.3459730708363583
Punto[1.         0.56434247 0.5738294 ] -> F: 0.3446735116990834
Punto[1.         0.56402632 0.57550843] -> F: 0.34337334615545106
Punto[1.         0.56371016 0.57718746] -> F: 0.342057369980953
Punto[1.         0.563394   0.57886649] -> F: 0.3407405975767305
Punto[1.         0.56307785 0.58054552] -> F: 0.33940848653820427
Punto[1.         0.56276169 0.58222456] -> F: 0.3380748042504809
Punto[1.         0.56244553 0.58390359] -> F: 0.33672692482614275
Punto[1.         0.56212938 0.58558262] -> F: 0.3353759790086015
Punto[1.         0.56181322 0.58726165] -> F: 0.33401280349321577
Punto[1.         0.56149706 0.58894068] -> F: 0.33264418564641673
Punto[1.         0.56118091 0.59061971] -> F: 0.33126631936596085
Punto[1.         0.56086475 0.59229874] -> F: 0.3298795611469222
Punto[1.         0.56054859 0.59397777] -> F: 0.3284877768704544
Punto[1.         0.56023243 0.5956568 ] -> F: 0.32708176120927746
Punto[1.         0.55991628 0.59733583] -> F: 0.32567413083121644
Punto[1.         0.55960012 0.59901486] -> F: 0.32425291189073535
Punto[1.         0.55928396 0.60069389] -> F: 0.32280636468030205
Punto[1.         0.55896781 0.60237292] -> F: 0.3213687461287831
Punto[1.         0.55865165 0.60405195] -> F: 0.3199304463931201
Punto[1.         0.55833549 0.60573098] -> F: 0.31849023033163565
Punto[1.         0.55801934 0.60741001] -> F: 0.3170360766773166
Punto[1.         0.55770318 0.60908904] -> F: 0.31501516497860516
Punto[1.         0.55738702 0.61076807] -> F: 0.3133607732950748
Punto[1.         0.55707087 0.61244711] -> F: 0.31189473059249667
Punto[1.         0.55675471 0.61412614] -> F: 0.3104268069290349
Punto[1.         0.55643855 0.61580517] -> F: 0.3089166519403642
Punto[1.        0.5561224 0.6174842] -> F: 0.307187197508213
Punto[1.         0.55580624 0.61916323] -> F: 0.3056136747019869
Punto[1.         0.55549008 0.62084226] -> F: 0.30411413518712344
Punto[1.         0.55517393 0.62252129] -> F: 0.3026126974564686
Punto[1.         0.55485777 0.62420032] -> F: 0.3011093615100228
Punto[1.         0.55454161 0.62587935] -> F: 0.29960412734778535
Punto[1.         0.55422546 0.62755838] -> F: 0.29807899403395177
Punto[1.         0.5539093  0.62923741] -> F: 0.29633122284986796
Punto[1.         0.55359314 0.63091644] -> F: 0.29464947816254183
Best centerpoint:  [1.         0.56718788 0.55871813] Best F:  0.3560426598303759 Best u:  [0.99556196 0.01472178 0.09294968] índice:  7
{
  "seed": 8687,
  "n_per_z": 5,
  "nz": 100,
  "nd": 100,
  "n_muestras": 50,
  "best_f": 0.3560426598303759,
  "best_cp": [
    1.0,
    0.567187883697834,
    0.5587181278553495
  ],
  "best_u": [
    0.99556196460308,
    0.014721783649820226,
    0.0929496838177707
  ],
  "n_candidatos": 54
}
