Punto[0.         0.60197966 0.43840635] -> F: 0.13681801708707148
Punto[1.         0.52137765 0.49073783] -> F: 0.46481738695267355
Punto[2.         0.4115413  0.52017951] -> F: 0.1550253542327109
Punto[1.         0.50676048 0.47929293] -> F: 0.46624768960499713
Punto[1.         0.52108531 0.49050893] -> F: 0.4652323810588425
Punto[1.         0.52079881 0.49028461] -> F: 0.4656391949624816
Punto[1.         0.52051232 0.49006029] -> F: 0.4660346173096676
Punto[1.         0.52022582 0.48983597] -> F: 0.4664205052725261
Punto[1.         0.51993933 0.48961165] -> F: 0.46679944835433745
Punto[1.         0.51965283 0.48938733] -> F: 0.46716005351343054
Punto[1.         0.51936633 0.48916301] -> F: 0.467520796161764
Punto[1.         0.51907984 0.48893869] -> F: 0.4678816762993383
Punto[1.         0.51879334 0.48871437] -> F: 0.46824269392615264
Punto[1.         0.51850684 0.48849005] -> F: 0.46860384904220803
Punto[1.         0.51822035 0.48826573] -> F: 0.4689651416475037
Punto[1.         0.51793385 0.48804141] -> F: 0.46932657174203996
Punto[1.         0.51764735 0.48781709] -> F: 0.4696741630568201
Punto[1.         0.51736086 0.48759277] -> F: 0.47000538045989954
Punto[1.         0.51707436 0.48736845] -> F: 0.47033678402595386
Punto[1.         0.51678786 0.48714413] -> F: 0.4706683737549826
Punto[1.         0.51650137 0.48691981] -> F: 0.47100014964698605
Punto[1.         0.51621487 0.48669549] -> F: 0.471332111701964
Punto[1.         0.51592837 0.48647117] -> F: 0.4716642599199167
Punto[1.         0.51564188 0.48624685] -> F: 0.4719965943008439
Punto[1.         0.51535538 0.48602253] -> F: 0.47232911484474566
Punto[1.         0.51506888 0.48579821] -> F: 0.47266182155162195
Punto[1.         0.51478239 0.48557389] -> F: 0.47299471442147295
Punto[1.         0.51449589 0.48534957] -> F: 0.47332779345429854
Punto[1.         0.51420939 0.48512525] -> F: 0.4736610586500986
Punto[1.         0.5139229  0.48490093] -> F: 0.47399451000887355
Punto[1.         0.5136364  0.48467661] -> F: 0.47414698074920764
Punto[1.         0.5133499  0.48445229] -> F: 0.4738103819654707
Punto[1.         0.51306341 0.48422797] -> F: 0.47347459049237367
Punto[1.         0.51277691 0.48400365] -> F: 0.47313960632991614
Punto[1.         0.51249041 0.48377933] -> F: 0.47280542947809845
Punto[1.         0.51220392 0.48355501] -> F: 0.47247205993692043
Punto[1.         0.51191742 0.48333069] -> F: 0.4721394977063823
Punto[1.         0.51163092 0.48310637] -> F: 0.47180774278648363
Punto[1.         0.51134443 0.48288205] -> F: 0.47147679517722485
Punto[1.         0.51105793 0.48265773] -> F: 0.47114665487860574
Punto[1.         0.51077143 0.48243341] -> F: 0.47081732189062625
Punto[1.         0.51048494 0.48220909] -> F: 0.47048879621328665
Punto[1.         0.51019844 0.48198477] -> F: 0.4701610778465866
Punto[1.         0.50991194 0.48176045] -> F: 0.4698341667905264
Punto[1.         0.50962545 0.48153613] -> F: 0.46950806304510584
Punto[1.         0.50933895 0.48131181] -> F: 0.4691827666103251
Punto[1.         0.50905246 0.48108749] -> F: 0.4688582774861839
Punto[1.         0.50876596 0.48086317] -> F: 0.4685345956726826
Punto[1.         0.50847946 0.48063885] -> F: 0.46821172116982085
Punto[1.         0.50819297 0.48041453] -> F: 0.4678896539775989
Punto[1.         0.50790647 0.48019021] -> F: 0.46756839409601675
Punto[1.         0.50761997 0.47996589] -> F: 0.4672391799532151
Punto[1.         0.50733348 0.47974157] -> F: 0.4669070701342442
Punto[1.         0.50704698 0.47951725] -> F: 0.46657657335150493
{
  "seed": 811,
  "n_per_z": 10,
  "nz": 100,
  "nd": 100,
  "n_muestras": 50,
  "best_f": 0.47414698074920764,
  "best_cp": [
    1.0,
    0.5136364003282168,
    0.4846766094931066
  ],
  "best_u": [
    -0.39714789063478056,
    -0.8634976779248416,
    -0.3108782931996876
  ],
  "best_index": 30,
  "n_candidatos": 54
}
