Punto[0.         0.28740545 0.34311448] -> F: 0.022157571787523193
Punto[1.         0.51077154 0.61590026] -> F: 0.30415410517748775
Punto[2.         0.52426782 0.5535305 ] -> F: 0.16757456043859129
Punto[1.         0.40583664 0.44832249] -> F: 0.1813811658030294
Punto[1.         0.50867284 0.61254871] -> F: 0.308158069899904
Punto[1.         0.50661612 0.60926418] -> F: 0.31267704247977335
Punto[1.         0.50455939 0.60597966] -> F: 0.3186583569850714
Punto[1.         0.50250267 0.60269513] -> F: 0.32487896262171095
Punto[1.         0.50044594 0.59941061] -> F: 0.3315844475565414
Punto[1.         0.49838922 0.59612609] -> F: 0.33209896127448024
Punto[1.         0.49633249 0.59284156] -> F: 0.32845203848202154
Punto[1.         0.49427577 0.58955704] -> F: 0.32481478752108545
Punto[1.         0.49221905 0.58627251] -> F: 0.32118713298483276
Punto[1.         0.49016232 0.58298799] -> F: 0.31757470493671436
Punto[1.         0.4881056  0.57970346] -> F: 0.3139775033767303
Punto[1.         0.48604887 0.57641894] -> F: 0.3103955283048807
Punto[1.         0.48399215 0.57313442] -> F: 0.30682877972116573
Punto[1.         0.48193543 0.56984989] -> F: 0.303277257625585
Punto[1.         0.4798787  0.56656537] -> F: 0.2997388417706956
Punto[1.         0.47782198 0.56328084] -> F: 0.296206793318497
Punto[1.         0.47576525 0.55999632] -> F: 0.2926900667472388
Punto[1.         0.47370853 0.55671179] -> F: 0.28918866205692145
Punto[1.         0.47165181 0.55342727] -> F: 0.2857025792475445
Punto[1.         0.46959508 0.55014274] -> F: 0.28223181831910815
Punto[1.         0.46753836 0.54685822] -> F: 0.2787763792716126
Punto[1.         0.46548163 0.5435737 ] -> F: 0.27533247137435457
Punto[1.         0.46342491 0.54028917] -> F: 0.27189673592611324
Punto[1.         0.46136819 0.53700465] -> F: 0.2684764207771488
Punto[1.         0.45931146 0.53372012] -> F: 0.26507152592746097
Punto[1.         0.45725474 0.5304356 ] -> F: 0.26168205137705003
Punto[1.         0.45519801 0.52715107] -> F: 0.25830799712591557
Punto[1.         0.45314129 0.52386655] -> F: 0.2549493631740578
Punto[1.         0.45108457 0.52058203] -> F: 0.2515963008969754
Punto[1.         0.44902784 0.5172975 ] -> F: 0.24825762452820638
Punto[1.         0.44697112 0.51401298] -> F: 0.24493447014437622
Punto[1.         0.44491439 0.51072845] -> F: 0.241626837745485
Punto[1.         0.44285767 0.50744393] -> F: 0.2383347273315327
Punto[1.         0.44080095 0.5041594 ] -> F: 0.2350581389025193
Punto[1.         0.43874422 0.50087488] -> F: 0.23178822062137336
Punto[1.         0.4366875  0.49759035] -> F: 0.22853176260549665
Punto[1.         0.43463077 0.49430583] -> F: 0.22529093179897317
Punto[1.         0.43257405 0.49102131] -> F: 0.22206572820180298
Punto[1.         0.43051733 0.48773678] -> F: 0.21885615181398604
Punto[1.         0.4284606  0.48445226] -> F: 0.21566191272979682
Punto[1.         0.42640388 0.48116773] -> F: 0.21247254751611971
Punto[1.         0.42434715 0.47788321] -> F: 0.20929891857916733
Punto[1.         0.42229043 0.47459868] -> F: 0.20614102591893976
Punto[1.         0.42023371 0.47131416] -> F: 0.20299886953543694
Punto[1.         0.41817698 0.46802964] -> F: 0.1998724494286588
Punto[1.         0.41612026 0.46474511] -> F: 0.19675587320852678
Punto[1.         0.41406353 0.46146059] -> F: 0.19364986708677892
Punto[1.         0.41200681 0.45817606] -> F: 0.19055971049289597
Punto[1.         0.40995008 0.45489154] -> F: 0.18748540342687756
Punto[1.         0.40789336 0.45160701] -> F: 0.18442694588872377
Best centerpoint:  [1.         0.49838922 0.59612609] Best F:  0.33209896127448024 Best u:  [-0.68454711 -0.49901336 -0.53139526] índice:  6
{
  "seed": 4460,
  "n_per_z": 5,
  "nz": 100,
  "nd": 100,
  "n_muestras": 50,
  "best_f": 0.33209896127448024,
  "best_cp": [
    1.0,
    0.49838921885265003,
    0.5961260858314766
  ],
  "best_u": [
    -0.6845471059286886,
    -0.4990133642141358,
    -0.5313952597646567
  ],
  "n_candidatos": 54
}
