Punto[0.         0.56611345 0.41968863] -> F: 0.11943416104232012
Punto[1.         0.51582299 0.50436172] -> F: 0.4294085501136824
Punto[2.         0.44965162 0.51394231] -> F: 0.15540167880830622
Punto[1.         0.50788254 0.46681547] -> F: 0.43615247583628486
Punto[1.         0.51566418 0.5036108 ] -> F: 0.43025880014210555
Punto[1.         0.51550855 0.50287489] -> F: 0.43109919937378466
Punto[1.         0.51535291 0.50213898] -> F: 0.43194668054460317
Punto[1.         0.51519728 0.50140308] -> F: 0.43280124365456135
Punto[1.         0.51504165 0.50066717] -> F: 0.43366288870365877
Punto[1.         0.51488602 0.49993126] -> F: 0.4345316156918957
Punto[1.         0.51473038 0.49919536] -> F: 0.43540742461927195
Punto[1.         0.51457475 0.49845945] -> F: 0.436290315485788
Punto[1.         0.51441912 0.49772354] -> F: 0.43718028829144323
Punto[1.         0.51426348 0.49698764] -> F: 0.43807734303623797
Punto[1.         0.51410785 0.49625173] -> F: 0.4389171740547507
Punto[1.         0.51395222 0.49551583] -> F: 0.4397440747908362
Punto[1.         0.51379659 0.49477992] -> F: 0.4405746438010748
Punto[1.         0.51364095 0.49404401] -> F: 0.4414088810854663
Punto[1.         0.51348532 0.49330811] -> F: 0.44224678664401074
Punto[1.         0.51332969 0.4925722 ] -> F: 0.44308836047670846
Punto[1.         0.51317405 0.49183629] -> F: 0.44393360258355885
Punto[1.         0.51301842 0.49110039] -> F: 0.4447825129645623
Punto[1.         0.51286279 0.49036448] -> F: 0.4456350916197189
Punto[1.         0.51270716 0.48962857] -> F: 0.4464913385490282
Punto[1.         0.51255152 0.48889267] -> F: 0.4470836449519665
Punto[1.         0.51239589 0.48815676] -> F: 0.4476751073056492
Punto[1.         0.51224026 0.48742085] -> F: 0.4482736515984712
Punto[1.         0.51208462 0.48668495] -> F: 0.4488792778304327
Punto[1.         0.51192899 0.48594904] -> F: 0.44949198600153356
Punto[1.         0.51177336 0.48521313] -> F: 0.4498263760969677
Punto[1.         0.51161773 0.48447723] -> F: 0.44934960127553375
Punto[1.         0.51146209 0.48374132] -> F: 0.44873106183900996
Punto[1.         0.51130646 0.48300541] -> F: 0.44812775232039104
Punto[1.         0.51115083 0.48226951] -> F: 0.44753967271967715
Punto[1.         0.51099519 0.4815336 ] -> F: 0.4469668230368681
Punto[1.         0.51083956 0.48079769] -> F: 0.44640920327196404
Punto[1.         0.51068393 0.48006179] -> F: 0.4458668134249649
Punto[1.         0.5105283  0.47932588] -> F: 0.4453396534958706
Punto[1.         0.51037266 0.47858997] -> F: 0.44482772348468136
Punto[1.         0.51021703 0.47785407] -> F: 0.44433102339139696
Punto[1.         0.5100614  0.47711816] -> F: 0.4438495532160176
Punto[1.         0.50990577 0.47638225] -> F: 0.44330210138597353
Punto[1.         0.50975013 0.47564635] -> F: 0.44273563560080403
Punto[1.         0.5095945  0.47491044] -> F: 0.44217473454616246
Punto[1.         0.50943887 0.47417454] -> F: 0.441619398222049
Punto[1.         0.50928323 0.47343863] -> F: 0.4410696266284637
Punto[1.         0.5091276  0.47270272] -> F: 0.4405254197654066
Punto[1.         0.50897197 0.47196682] -> F: 0.4399867776328775
Punto[1.         0.50881634 0.47123091] -> F: 0.43945370023087654
Punto[1.        0.5086607 0.470495 ] -> F: 0.4389261875594038
Punto[1.         0.50850507 0.4697591 ] -> F: 0.4383931481260798
Punto[1.         0.50834944 0.46902319] -> F: 0.43782801011953787
Punto[1.         0.5081938  0.46828728] -> F: 0.43726618540239137
Punto[1.         0.50803817 0.46755138] -> F: 0.43670767397464044
{
  "seed": 16803,
  "n_per_z": 10,
  "nz": 100,
  "nd": 100,
  "n_muestras": 50,
  "best_f": 0.4498263760969677,
  "best_cp": [
    1.0,
    0.51177335889268,
    0.4852131335094928
  ],
  "best_u": [
    -0.42577929156507266,
    -0.6787207881558619,
    -0.5983728658616052
  ],
  "best_index": 29,
  "n_candidatos": 54
}
