Punto[0.         0.64707703 0.43893316] -> F: 0.0588105934529464
Punto[1.         0.53835141 0.50922598] -> F: 0.287583689483533
Punto[2.         0.45948726 0.38728005] -> F: 0.1675578386883387
Punto[1.         0.55328214 0.41310661] -> F: 0.29623724051829164
Punto[1.         0.53865002 0.50730359] -> F: 0.2898728409992318
Punto[1.         0.53894267 0.50541965] -> F: 0.29212278626180777
Punto[1.         0.53923531 0.50353571] -> F: 0.29439993097388334
Punto[1.         0.53952795 0.50165177] -> F: 0.2976709936162986
Punto[1.         0.53982059 0.49976783] -> F: 0.3019856566190417
Punto[1.         0.54011324 0.49788389] -> F: 0.3060651124995004
Punto[1.         0.54040588 0.49599995] -> F: 0.3097432155617181
Punto[1.         0.54069852 0.49411601] -> F: 0.31360806268959895
Punto[1.         0.54099116 0.49223207] -> F: 0.3176596538831428
Punto[1.         0.54128381 0.49034813] -> F: 0.3218979891423494
Punto[1.         0.54157645 0.48846419] -> F: 0.32442816505966005
Punto[1.         0.54186909 0.48658025] -> F: 0.3267480663734551
Punto[1.         0.54216173 0.48469631] -> F: 0.32907131958187164
Punto[1.         0.54245438 0.48281237] -> F: 0.33139792468491
Punto[1.         0.54274702 0.48092843] -> F: 0.3337278816825703
Punto[1.         0.54303966 0.47904449] -> F: 0.33606119057485206
Punto[1.         0.5433323  0.47716056] -> F: 0.3383978513617557
Punto[1.         0.54362494 0.47527662] -> F: 0.3407378640432811
Punto[1.         0.54391759 0.47339268] -> F: 0.3430812286194281
Punto[1.         0.54421023 0.47150874] -> F: 0.3454279450901969
Punto[1.         0.54450287 0.4696248 ] -> F: 0.3476540505287121
Punto[1.         0.54479551 0.46774086] -> F: 0.34624014497844857
Punto[1.         0.54508816 0.46585692] -> F: 0.34477127667218177
Punto[1.         0.5453808  0.46397298] -> F: 0.3433051341637185
Punto[1.         0.54567344 0.46208904] -> F: 0.3418417174530593
Punto[1.         0.54596608 0.4602051 ] -> F: 0.3403810265402038
Punto[1.         0.54625873 0.45832116] -> F: 0.3388985109834533
Punto[1.         0.54655137 0.45643722] -> F: 0.33739671043225006
Punto[1.         0.54684401 0.45455328] -> F: 0.33589781325394985
Punto[1.         0.54713665 0.45266934] -> F: 0.3344018194485523
Punto[1.        0.5474293 0.4507854] -> F: 0.3328182896557923
Punto[1.         0.54772194 0.44890146] -> F: 0.3312434863661324
Punto[1.         0.54801458 0.44701752] -> F: 0.32966774216931416
Punto[1.         0.54830722 0.44513358] -> F: 0.3280901700255208
Punto[1.         0.54859986 0.44324964] -> F: 0.3264991489146315
Punto[1.         0.54889251 0.4413657 ] -> F: 0.324901357793428
Punto[1.         0.54918515 0.43948176] -> F: 0.3231625272694793
Punto[1.         0.54947779 0.43759782] -> F: 0.32125412019521143
Punto[1.         0.54977043 0.43571388] -> F: 0.3193727500707734
Punto[1.         0.55006308 0.43382994] -> F: 0.31751841689616556
Punto[1.         0.55035572 0.431946  ] -> F: 0.31569112067138777
Punto[1.         0.55064836 0.43006206] -> F: 0.3138691820697318
Punto[1.         0.550941   0.42817812] -> F: 0.3120692714512745
Punto[1.         0.55123365 0.42629418] -> F: 0.3102993711351366
Punto[1.         0.55152629 0.42441024] -> F: 0.30843964683512726
Punto[1.         0.55181893 0.4225263 ] -> F: 0.30637233473546027
Punto[1.         0.55211157 0.42064236] -> F: 0.3043253353702435
Punto[1.         0.55240422 0.41875843] -> F: 0.30227502672019246
Punto[1.         0.55269686 0.41687449] -> F: 0.30024094519978994
Punto[1.         0.5529895  0.41499055] -> F: 0.2982283497991563
{
  "seed": 834,
  "n_per_z": 5,
  "nz": 100,
  "nd": 100,
  "n_muestras": 50,
  "best_f": 0.3476540505287121,
  "best_cp": [
    1.0,
    0.5445028716594955,
    0.4696247965659573
  ],
  "best_u": [
    -0.9510565162951535,
    -0.06740996879956823,
    -0.30157486453444277
  ],
  "best_index": 24,
  "n_candidatos": 54
}
