Punto[0.         0.5057262  0.47851298] -> F: 0.16579672615715263
Punto[1.         0.48839881 0.47900901] -> F: 0.4475758621966787
Punto[2.         0.52494626 0.46178449] -> F: 0.12598125663690635
Punto[1.         0.51533623 0.47014873] -> F: 0.44857727188374286
Punto[1.         0.48893756 0.4788318 ] -> F: 0.44807937452199226
Punto[1.         0.48946553 0.47865814] -> F: 0.4485849371019723
Punto[1.         0.4899935  0.47848448] -> F: 0.44910249775382044
Punto[1.         0.49052148 0.47831082] -> F: 0.44963205647753657
Punto[1.         0.49104945 0.47813716] -> F: 0.45017361327312055
Punto[1.         0.49157742 0.47796349] -> F: 0.4507271681405728
Punto[1.         0.4921054  0.47778983] -> F: 0.4512927210798928
Punto[1.         0.49263337 0.47761617] -> F: 0.4518702720910808
Punto[1.         0.49316134 0.47744251] -> F: 0.45245982117413697
Punto[1.         0.49368932 0.47726885] -> F: 0.4530613683290609
Punto[1.         0.49421729 0.47709519] -> F: 0.45364430795819166
Punto[1.         0.49474526 0.47692153] -> F: 0.4542242650203626
Punto[1.         0.49527324 0.47674787] -> F: 0.45481293926059335
Punto[1.         0.49580121 0.4765742 ] -> F: 0.4554103306788835
Punto[1.         0.49632918 0.47640054] -> F: 0.4560164392752334
Punto[1.         0.49685716 0.47622688] -> F: 0.45663123649684073
Punto[1.         0.49738513 0.47605322] -> F: 0.45724960900438594
Punto[1.         0.4979131  0.47587956] -> F: 0.4578677847363186
Punto[1.         0.49844108 0.4757059 ] -> F: 0.4581762329993845
Punto[1.         0.49896905 0.47553224] -> F: 0.458049110816861
Punto[1.         0.49949702 0.47535857] -> F: 0.457922091318232
Punto[1.         0.500025   0.47518491] -> F: 0.4577177712112995
Punto[1.         0.50055297 0.47501125] -> F: 0.4574060500991942
Punto[1.         0.50108094 0.47483759] -> F: 0.4570915531839909
Punto[1.         0.50160892 0.47466393] -> F: 0.45677681845287965
Punto[1.         0.50213689 0.47449027] -> F: 0.4564621506278393
Punto[1.         0.50266486 0.47431661] -> F: 0.4561475497088699
Punto[1.         0.50319284 0.47414294] -> F: 0.45583301569597134
Punto[1.         0.50372081 0.47396928] -> F: 0.45551854858914365
Punto[1.         0.50424878 0.47379562] -> F: 0.45520414838838685
Punto[1.         0.50477676 0.47362196] -> F: 0.45488981509370097
Punto[1.         0.50530473 0.4734483 ] -> F: 0.4545755487050861
Punto[1.         0.50583271 0.47327464] -> F: 0.45426134922254197
Punto[1.         0.50636068 0.47310098] -> F: 0.45394721664606885
Punto[1.         0.50688865 0.47292731] -> F: 0.45363315097566664
Punto[1.         0.50741663 0.47275365] -> F: 0.45331915221133523
Punto[1.         0.5079446  0.47257999] -> F: 0.45300522035307483
Punto[1.         0.50847257 0.47240633] -> F: 0.45269135540088534
Punto[1.         0.50900055 0.47223267] -> F: 0.4523756765260455
Punto[1.         0.50952852 0.47205901] -> F: 0.45205876732767786
Punto[1.         0.51005649 0.47188535] -> F: 0.4517419263980695
Punto[1.         0.51058447 0.47171169] -> F: 0.45142515373722025
Punto[1.         0.51111244 0.47153802] -> F: 0.4511084493451304
Punto[1.         0.51164041 0.47136436] -> F: 0.4507918132217997
Punto[1.         0.51216839 0.4711907 ] -> F: 0.4504752453672281
Punto[1.         0.51269636 0.47101704] -> F: 0.45015874578141585
Punto[1.         0.51322433 0.47084338] -> F: 0.44984231446436285
Punto[1.         0.51375231 0.47066972] -> F: 0.44952595141606905
Punto[1.         0.51428028 0.47049606] -> F: 0.44920965663653445
Punto[1.         0.51480825 0.47032239] -> F: 0.448893430125759
{
  "seed": 9737,
  "n_per_z": 10,
  "nz": 100,
  "nd": 100,
  "n_muestras": 50,
  "best_f": 0.4581762329993845,
  "best_cp": [
    1.0,
    0.49844107708694757,
    0.4757058969699236
  ],
  "best_u": [
    0.3681245526846781,
    0.4981991544803359,
    0.7850362515105809
  ],
  "best_index": 22,
  "n_candidatos": 54
}
