Punto[0.         0.31614352 0.62016632] -> F: 0.11945841196444734
Punto[1.         0.42543341 0.58014937] -> F: 0.40484819571876995
Punto[2.         0.58382274 0.61470108] -> F: 0.1442983939304525
Punto[1.         0.44998313 0.6174337 ] -> F: 0.42579262476287855
Punto[1.         0.4259244  0.58089506] -> F: 0.4060528363506174
Punto[1.         0.42640558 0.58162583] -> F: 0.4072359483793515
Punto[1.         0.42688675 0.5823566 ] -> F: 0.40842159871650296
Punto[1.         0.42736793 0.58308738] -> F: 0.4096097873620719
Punto[1.         0.4278491  0.58381815] -> F: 0.41080051431605796
Punto[1.         0.42833028 0.58454892] -> F: 0.4119937795784615
Punto[1.         0.42881145 0.5852797 ] -> F: 0.4131895831492823
Punto[1.         0.42929263 0.58601047] -> F: 0.41438792502852045
Punto[1.         0.4297738  0.58674124] -> F: 0.415588805216176
Punto[1.         0.43025497 0.58747201] -> F: 0.4167922237122488
Punto[1.         0.43073615 0.58820279] -> F: 0.41799818051673926
Punto[1.         0.43121732 0.58893356] -> F: 0.4192066756296466
Punto[1.         0.4316985  0.58966433] -> F: 0.4204177090509715
Punto[1.         0.43217967 0.5903951 ] -> F: 0.4216312807807138
Punto[1.         0.43266085 0.59112588] -> F: 0.4228473908188735
Punto[1.         0.43314202 0.59185665] -> F: 0.4240660391654503
Punto[1.         0.4336232  0.59258742] -> F: 0.4252872258204446
Punto[1.         0.43410437 0.5933182 ] -> F: 0.42651095078385637
Punto[1.         0.43458555 0.59404897] -> F: 0.42773721405568527
Punto[1.         0.43506672 0.59477974] -> F: 0.4289660156359315
Punto[1.         0.43554789 0.59551051] -> F: 0.4301973555245953
Punto[1.         0.43602907 0.59624129] -> F: 0.43143123372167613
Punto[1.         0.43651024 0.59697206] -> F: 0.4326676502271746
Punto[1.         0.43699142 0.59770283] -> F: 0.43390660504109035
Punto[1.         0.43747259 0.59843361] -> F: 0.4351480981634235
Punto[1.         0.43795377 0.59916438] -> F: 0.4363921295941738
Punto[1.         0.43843494 0.59989515] -> F: 0.4376386993333415
Punto[1.         0.43891612 0.60062592] -> F: 0.4388878073809265
Punto[1.         0.43939729 0.6013567 ] -> F: 0.4401394537369289
Punto[1.         0.43987847 0.60208747] -> F: 0.44139363840134876
Punto[1.         0.44035964 0.60281824] -> F: 0.4426503613741859
Punto[1.         0.44084081 0.60354901] -> F: 0.4425522259811334
Punto[1.         0.44132199 0.60427979] -> F: 0.4416604654879191
Punto[1.         0.44180316 0.60501056] -> F: 0.4407648476416781
Punto[1.         0.44228434 0.60574133] -> F: 0.4398698504260378
Punto[1.         0.44276551 0.60647211] -> F: 0.4389730631822231
Punto[1.         0.44324669 0.60720288] -> F: 0.4380759181132249
Punto[1.         0.44372786 0.60793365] -> F: 0.4371791065371685
Punto[1.         0.44420904 0.60866442] -> F: 0.4362829399664045
Punto[1.         0.44469021 0.6093952 ] -> F: 0.43538742268339914
Punto[1.         0.44517138 0.61012597] -> F: 0.4344925546881521
Punto[1.         0.44565256 0.61085674] -> F: 0.4335983359806638
Punto[1.         0.44613373 0.61158752] -> F: 0.4327047665609336
Punto[1.         0.44661491 0.61231829] -> F: 0.43181184642896214
Punto[1.         0.44709608 0.61304906] -> F: 0.43091957558474897
Punto[1.         0.44757726 0.61377983] -> F: 0.4300279540282945
Punto[1.         0.44805843 0.61451061] -> F: 0.42913698175959847
Punto[1.         0.44853961 0.61524138] -> F: 0.4282579902940025
Punto[1.         0.44902078 0.61597215] -> F: 0.4274075292495657
Punto[1.         0.44950196 0.61670292] -> F: 0.4265857407391911
{
  "seed": 7209,
  "n_per_z": 10,
  "nz": 100,
  "nd": 100,
  "n_muestras": 50,
  "best_f": 0.4426503613741859,
  "best_cp": [
    1.0,
    0.44035963965657127,
    0.6028182420900012
  ],
  "best_u": [
    -0.12533323356430448,
    -0.450410649048711,
    -0.8839806716143935
  ],
  "best_index": 34,
  "n_candidatos": 54
}
