Punto[0.         0.54487364 0.64121846] -> F: 0.1549905616913333
Punto[1.         0.52748415 0.52635612] -> F: 0.4224515390089126
Punto[2.         0.41109017 0.31649702] -> F: 0.08688548387924606
Punto[1.         0.4779819  0.47885774] -> F: 0.3837010731032015
Punto[1.         0.52649411 0.52540615] -> F: 0.42367411859483045
Punto[1.         0.52552386 0.52447518] -> F: 0.4235658488940969
Punto[1.         0.52455362 0.52354421] -> F: 0.422722419319976
Punto[1.         0.52358338 0.52261325] -> F: 0.4218802575187983
Punto[1.         0.52261313 0.52168228] -> F: 0.42103936349056365
Punto[1.         0.52164289 0.52075131] -> F: 0.4201997372352721
Punto[1.         0.52067264 0.51982034] -> F: 0.41936137875292373
Punto[1.         0.5197024  0.51888937] -> F: 0.4185242880435183
Punto[1.         0.51873215 0.51795841] -> F: 0.41768846510705593
Punto[1.         0.51776191 0.51702744] -> F: 0.41685390994353666
Punto[1.         0.51679167 0.51609647] -> F: 0.41602062255296046
Punto[1.         0.51582142 0.5151655 ] -> F: 0.4151886029353272
Punto[1.         0.51485118 0.51423453] -> F: 0.4143578510906373
Punto[1.         0.51388093 0.51330356] -> F: 0.41352836701889034
Punto[1.         0.51291069 0.5123726 ] -> F: 0.4127001507200865
Punto[1.         0.51194045 0.51144163] -> F: 0.41187320219422563
Punto[1.         0.5109702  0.51051066] -> F: 0.41104752144130796
Punto[1.         0.50999996 0.50957969] -> F: 0.41022310846133336
Punto[1.         0.50902971 0.50864872] -> F: 0.4093999632543017
Punto[1.         0.50805947 0.50771776] -> F: 0.4085780858202132
Punto[1.         0.50708923 0.50678679] -> F: 0.4077574761590678
Punto[1.         0.50611898 0.50585582] -> F: 0.4069381342708655
Punto[1.         0.50514874 0.50492485] -> F: 0.4061200601556062
Punto[1.         0.50417849 0.50399388] -> F: 0.4053032538132901
Punto[1.         0.50320825 0.50306291] -> F: 0.40448771524391697
Punto[1.         0.50223801 0.50213195] -> F: 0.40367344444748693
Punto[1.         0.50126776 0.50120098] -> F: 0.4028599814994528
Punto[1.         0.50029752 0.50027001] -> F: 0.4020470719901357
Punto[1.         0.49932727 0.49933904] -> F: 0.4012354339294684
Punto[1.         0.49835703 0.49840807] -> F: 0.40042506731745087
Punto[1.         0.49738679 0.49747711] -> F: 0.39961597215408334
Punto[1.         0.49641654 0.49654614] -> F: 0.3988081484393656
Punto[1.         0.4954463  0.49561517] -> F: 0.3980015961732977
Punto[1.         0.49447605 0.4946842 ] -> F: 0.39719631535587974
Punto[1.         0.49350581 0.49375323] -> F: 0.39639230598711156
Punto[1.         0.49253557 0.49282226] -> F: 0.3955895680669933
Punto[1.         0.49156532 0.4918913 ] -> F: 0.39478810159552485
Punto[1.         0.49059508 0.49096033] -> F: 0.3939879065727062
Punto[1.         0.48962483 0.49002936] -> F: 0.3931889829985375
Punto[1.         0.48865459 0.48909839] -> F: 0.39239133087301864
Punto[1.         0.48768434 0.48816742] -> F: 0.39159495019614965
Punto[1.         0.4867141  0.48723646] -> F: 0.39079984096793047
Punto[1.         0.48574386 0.48630549] -> F: 0.3900060031883612
Punto[1.         0.48477361 0.48537452] -> F: 0.3892134368574417
Punto[1.         0.48380337 0.48444355] -> F: 0.3884221419751721
Punto[1.         0.48283312 0.48351258] -> F: 0.38763211854155233
Punto[1.         0.48186288 0.48258162] -> F: 0.3868433665565825
Punto[1.         0.48089264 0.48165065] -> F: 0.3860558860202624
Punto[1.         0.47992239 0.48071968] -> F: 0.3852696769325923
Punto[1.         0.47895215 0.47978871] -> F: 0.384484739293572
{
  "seed": 17447,
  "n_per_z": 10,
  "nz": 100,
  "nd": 100,
  "n_muestras": 50,
  "best_f": 0.42367411859483045,
  "best_cp": [
    1.0,
    0.5264941075176707,
    0.5254061501952809
  ],
  "best_u": [
    0.39714789063478056,
    0.05762628974712784,
    0.9159436465712967
  ],
  "best_index": 4,
  "n_candidatos": 54
}
