Punto[0.         0.29312606 0.79551807] -> F: 0.06586182323310079
Punto[1.         0.61018854 0.57195224] -> F: 0.3442169309290314
Punto[2.         0.64274097 0.55518789] -> F: 0.08153274162547203
Punto[1.         0.46793351 0.67535298] -> F: 0.2655680824333479
Punto[1.         0.60734344 0.57402025] -> F: 0.3486613697962661
Punto[1.         0.60455524 0.57604691] -> F: 0.35310462069937776
Punto[1.         0.60176704 0.57807356] -> F: 0.3575403287335566
Punto[1.         0.59897884 0.58010022] -> F: 0.3620635492310333
Punto[1.         0.59619064 0.58212687] -> F: 0.3664022782797511
Punto[1.         0.59340244 0.58415353] -> F: 0.37113103903380495
Punto[1.         0.59061425 0.58618018] -> F: 0.37580964330411665
Punto[1.         0.58782605 0.58820684] -> F: 0.38100954529109604
Punto[1.         0.58503785 0.59023349] -> F: 0.38586344459895217
Punto[1.         0.58224965 0.59226015] -> F: 0.3908582063982827
Punto[1.         0.57946145 0.5942868 ] -> F: 0.3958384977165051
Punto[1.         0.57667325 0.59631345] -> F: 0.4010132269307538
Punto[1.         0.57388506 0.59834011] -> F: 0.40610931990152044
Punto[1.         0.57109686 0.60036676] -> F: 0.4062912512029996
Punto[1.         0.56830866 0.60239342] -> F: 0.40202559975179325
Punto[1.         0.56552046 0.60442007] -> F: 0.3977868506522557
Punto[1.         0.56273226 0.60644673] -> F: 0.39357536730720494
Punto[1.         0.55994406 0.60847338] -> F: 0.389391149716641
Punto[1.         0.55715586 0.61050004] -> F: 0.3852341978805639
Punto[1.         0.55436767 0.61252669] -> F: 0.3811045117989734
Punto[1.         0.55157947 0.61455335] -> F: 0.37700209147186964
Punto[1.         0.54879127 0.61658   ] -> F: 0.37292693689925277
Punto[1.         0.54600307 0.61860665] -> F: 0.36887904808112265
Punto[1.         0.54321487 0.62063331] -> F: 0.3648584250174792
Punto[1.         0.54042667 0.62265996] -> F: 0.3608650677083225
Punto[1.         0.53763847 0.62468662] -> F: 0.35689897615365274
Punto[1.         0.53485028 0.62671327] -> F: 0.3529601503534697
Punto[1.         0.53206208 0.62873993] -> F: 0.34904859030777324
Punto[1.         0.52927388 0.63076658] -> F: 0.3451642960165639
Punto[1.         0.52648568 0.63279324] -> F: 0.3413072674798409
Punto[1.         0.52369748 0.63481989] -> F: 0.3374775046976049
Punto[1.         0.52090928 0.63684655] -> F: 0.33366320110628656
Punto[1.         0.51812109 0.6388732 ] -> F: 0.32986916832576524
Punto[1.         0.51533289 0.64089985] -> F: 0.326102675793555
Punto[1.         0.51254469 0.64292651] -> F: 0.32236372350965514
Punto[1.         0.50975649 0.64495316] -> F: 0.31865231147406614
Punto[1.         0.50696829 0.64697982] -> F: 0.3149684396867878
Punto[1.         0.50418009 0.64900647] -> F: 0.31131210814782
Punto[1.         0.50139189 0.65103313] -> F: 0.30768331685716305
Punto[1.         0.4986037  0.65305978] -> F: 0.30408206581481656
Punto[1.         0.4958155  0.65508644] -> F: 0.3005083550207807
Punto[1.         0.4930273  0.65711309] -> F: 0.2969621844750557
Punto[1.         0.4902391  0.65913975] -> F: 0.29344355417764134
Punto[1.        0.4874509 0.6611664] -> F: 0.28995246412853753
Punto[1.         0.4846627  0.66319305] -> F: 0.2864889143277445
Punto[1.         0.4818745  0.66521971] -> F: 0.2830361040421876
Punto[1.         0.47908631 0.66724636] -> F: 0.2796091792500852
Punto[1.         0.47629811 0.66927302] -> F: 0.2762100971932955
Punto[1.         0.47350991 0.67129967] -> F: 0.2728388578718186
Punto[1.         0.47072171 0.67332633] -> F: 0.26949546128565466
Best centerpoint:  [1.         0.57109686 0.60036676] Best F:  0.4062912512029996 Best u:  [-0.21814324 -0.95241353  0.21288965] índice:  14
{
  "seed": 8595,
  "n_per_z": 5,
  "nz": 100,
  "nd": 100,
  "n_muestras": 50,
  "best_f": 0.4062912512029996,
  "best_cp": [
    1.0,
    0.5710968568765076,
    0.6003667635764383
  ],
  "best_u": [
    -0.21814324139654234,
    -0.9524135262330097,
    0.21288964578253652
  ],
  "n_candidatos": 54
}
