Punto[0.         0.61960011 0.53488536] -> F: 0.08059911593978143
Punto[1.         0.58109586 0.34172972] -> F: 0.3107316927604496
Punto[2.         0.71733714 0.54457796] -> F: 0.06449969168237742
Punto[1.         0.66846862 0.53973166] -> F: 0.2432492404025848
Punto[1.         0.58284331 0.34568976] -> F: 0.3148772065322513
Punto[1.         0.58455582 0.3495706 ] -> F: 0.3190855788078861
Punto[1.         0.58626832 0.35345143] -> F: 0.3234382474508781
Punto[1.         0.58798083 0.35733227] -> F: 0.3279352124612278
Punto[1.         0.58969334 0.36121311] -> F: 0.3325764738389343
Punto[1.         0.59140584 0.36509395] -> F: 0.3373118945231497
Punto[1.         0.59311835 0.36897479] -> F: 0.3421876830241699
Punto[1.         0.59483086 0.37285562] -> F: 0.3472124753516002
Punto[1.         0.59654336 0.37673646] -> F: 0.35238627150544
Punto[1.         0.59825587 0.3806173 ] -> F: 0.35770907148569
Punto[1.         0.59996837 0.38449814] -> F: 0.36318087529235005
Punto[1.         0.60168088 0.38837898] -> F: 0.3688016829254192
Punto[1.         0.60339339 0.39225982] -> F: 0.3745714943848986
Punto[1.         0.60510589 0.39614065] -> F: 0.38049030967078795
Punto[1.         0.6068184  0.40002149] -> F: 0.38655812878308693
Punto[1.         0.60853091 0.40390233] -> F: 0.3927749517217955
Punto[1.         0.61024341 0.40778317] -> F: 0.39002153109029586
Punto[1.         0.61195592 0.41166401] -> F: 0.386155825893414
Punto[1.         0.61366842 0.41554484] -> F: 0.3823005407961382
Punto[1.         0.61538093 0.41942568] -> F: 0.37842379944452037
Punto[1.         0.61709344 0.42330652] -> F: 0.37456004548420474
Punto[1.         0.61880594 0.42718736] -> F: 0.3706804204344232
Punto[1.         0.62051845 0.4310682 ] -> F: 0.3668063735688451
Punto[1.         0.62223096 0.43494903] -> F: 0.3629252970903363
Punto[1.         0.62394346 0.43882987] -> F: 0.35904139413656094
Punto[1.         0.62565597 0.44271071] -> F: 0.3551581520497218
Punto[1.         0.62736847 0.44659155] -> F: 0.3512647672869283
Punto[1.         0.62908098 0.45047239] -> F: 0.3473788002818551
Punto[1.         0.63079349 0.45435322] -> F: 0.34347624478943484
Punto[1.         0.63250599 0.45823406] -> F: 0.3395871315017025
Punto[1.        0.6342185 0.4621149] -> F: 0.33567565191953824
Punto[1.         0.63593101 0.46599574] -> F: 0.3317784477901099
Punto[1.         0.63764351 0.46987658] -> F: 0.327873965864817
Punto[1.         0.63935602 0.47375741] -> F: 0.3239782835713933
Punto[1.         0.64106852 0.47763825] -> F: 0.3201003328296226
Punto[1.         0.64278103 0.48151909] -> F: 0.3162246999324725
Punto[1.         0.64449354 0.48539993] -> F: 0.3123524064270244
Punto[1.         0.64620604 0.48928077] -> F: 0.30849812193743054
Punto[1.         0.64791855 0.4931616 ] -> F: 0.30465074630883654
Punto[1.         0.64963106 0.49704244] -> F: 0.30080236104802516
Punto[1.         0.65134356 0.50092328] -> F: 0.2969722712208556
Punto[1.         0.65305607 0.50480412] -> F: 0.2931519458145004
Punto[1.         0.65476857 0.50868496] -> F: 0.2893279587959807
Punto[1.         0.65648108 0.51256579] -> F: 0.2855225635964955
Punto[1.         0.65819359 0.51644663] -> F: 0.28172824188870904
Punto[1.         0.65990609 0.52032747] -> F: 0.2778411192828624
Punto[1.         0.6616186  0.52420831] -> F: 0.2678735650029414
Punto[1.         0.66333111 0.52808915] -> F: 0.2621903994192755
Punto[1.         0.66504361 0.53196999] -> F: 0.2557778310850704
Punto[1.         0.66675612 0.53585082] -> F: 0.2491887027811071
Best centerpoint:  [1.         0.60853091 0.40390233] Best F:  0.3927749517217955 Best u:  [ 0.03141076 -0.80861779 -0.58749522] índice:  16
{
  "seed": 12971,
  "n_per_z": 5,
  "nz": 100,
  "nd": 100,
  "n_muestras": 50,
  "best_f": 0.3927749517217955,
  "best_cp": [
    1.0,
    0.6085309053364032,
    0.4039023293449034
  ],
  "best_u": [
    0.03141075907812828,
    -0.8086177933251262,
    -0.5874952157525536
  ],
  "n_candidatos": 54
}
