Punto[0.        0.5142364 0.5498294] -> F: 0.17643995810197705
Punto[1.         0.49120282 0.53793513] -> F: 0.3704825687946073
Punto[2.         0.61060035 0.47591118] -> F: 0.06397851493013962
Punto[1.         0.56241837 0.51287029] -> F: 0.3214709978998724
Punto[1.         0.49262713 0.53743384] -> F: 0.3699844480596462
Punto[1.         0.49402295 0.53694257] -> F: 0.3691034209753963
Punto[1.         0.49541878 0.5364513 ] -> F: 0.36822869953092624
Punto[1.         0.4968146  0.53596002] -> F: 0.3673602837262365
Punto[1.         0.49821043 0.53546875] -> F: 0.3664981735613267
Punto[1.         0.49960625 0.53497748] -> F: 0.3656423690361968
Punto[1.         0.50100208 0.53448621] -> F: 0.36479287015084716
Punto[1.         0.5023979  0.53399494] -> F: 0.3638375448855961
Punto[1.         0.50379373 0.53350367] -> F: 0.3628215042435353
Punto[1.         0.50518955 0.5330124 ] -> F: 0.36182500021444136
Punto[1.         0.50658538 0.53252113] -> F: 0.36084803279831457
Punto[1.         0.5079812  0.53202986] -> F: 0.3598906019951547
Punto[1.         0.50937703 0.53153859] -> F: 0.3589527078049617
Punto[1.         0.51077285 0.53104732] -> F: 0.35803435022773566
Punto[1.         0.51216868 0.53055604] -> F: 0.3571283014186946
Punto[1.         0.5135645  0.53006477] -> F: 0.3561468501981949
Punto[1.         0.51496033 0.5295735 ] -> F: 0.35517728306156016
Punto[1.         0.51635615 0.52908223] -> F: 0.35421960000879005
Punto[1.         0.51775198 0.52859096] -> F: 0.3532738010398847
Punto[1.         0.5191478  0.52809969] -> F: 0.35233988615484396
Punto[1.         0.52054363 0.52760842] -> F: 0.35141785535366793
Punto[1.         0.52193945 0.52711715] -> F: 0.35050770863635666
Punto[1.         0.52333528 0.52662588] -> F: 0.3496094460029099
Punto[1.         0.5247311  0.52613461] -> F: 0.348723067453328
Punto[1.         0.52612693 0.52564333] -> F: 0.3478485729875491
Punto[1.         0.52752275 0.52515206] -> F: 0.3466849487652822
Punto[1.         0.52891858 0.52466079] -> F: 0.34537615261364873
Punto[1.         0.5303144  0.52416952] -> F: 0.3441159324556607
Punto[1.         0.53171023 0.52367825] -> F: 0.34290428829131747
Punto[1.         0.53310605 0.52318698] -> F: 0.34174122012061925
Punto[1.         0.53450188 0.52269571] -> F: 0.34062672794356624
Punto[1.         0.5358977  0.52220444] -> F: 0.3395608117601581
Punto[1.         0.53729352 0.52171317] -> F: 0.3385434715703951
Punto[1.         0.53868935 0.5212219 ] -> F: 0.33757470737427714
Punto[1.         0.54008517 0.52073063] -> F: 0.3366444389708168
Punto[1.         0.541481   0.52023935] -> F: 0.33571740192553173
Punto[1.         0.54287682 0.51974808] -> F: 0.3347905559168742
Punto[1.         0.54427265 0.51925681] -> F: 0.3338639009448443
Punto[1.         0.54566847 0.51876554] -> F: 0.3328852631459242
Punto[1.         0.5470643  0.51827427] -> F: 0.3318746882415646
Punto[1.         0.54846012 0.517783  ] -> F: 0.33088405426173845
Punto[1.         0.54985595 0.51729173] -> F: 0.3299133612064458
Punto[1.         0.55125177 0.51680046] -> F: 0.3289626090756867
Punto[1.         0.5526476  0.51630919] -> F: 0.3280317978694612
Punto[1.         0.55404342 0.51581792] -> F: 0.3271207424816645
Punto[1.         0.55543925 0.51532664] -> F: 0.3262174576996802
Punto[1.         0.55683507 0.51483537] -> F: 0.3253147569312331
Punto[1.        0.5582309 0.5143441] -> F: 0.3244126401763231
Punto[1.         0.55962672 0.51385283] -> F: 0.32351110743495026
Punto[1.         0.56102255 0.51336156] -> F: 0.3226101587071145
{
  "seed": 17798,
  "n_per_z": 10,
  "nz": 100,
  "nd": 100,
  "n_muestras": 50,
  "best_f": 0.3704825687946073,
  "best_cp": [
    1.0,
    0.49120281897910995,
    0.5379351347536283
  ],
  "best_u": [
    0.33873792024529137,
    -0.5997399736246175,
    -0.7249610923522984
  ],
  "best_index": 1,
  "n_candidatos": 54
}
