Punto[0.         0.46929888 0.52823658] -> F: 0.1461714137716214
Punto[1.         0.524482   0.49653235] -> F: 0.43435973933054384
Punto[2.         0.4661557  0.43730509] -> F: 0.1230286990558281
Punto[1.         0.46772729 0.48277084] -> F: 0.43319501601694765
Punto[1.         0.5233469  0.49625712] -> F: 0.4357929152612991
Punto[1.         0.52223451 0.49598739] -> F: 0.43719671012806893
Punto[1.         0.52112212 0.49571766] -> F: 0.4385997946974019
Punto[1.         0.52000973 0.49544794] -> F: 0.4399486786662468
Punto[1.         0.51889733 0.49517821] -> F: 0.4412584056855209
Punto[1.         0.51778494 0.49490849] -> F: 0.4425812547723622
Punto[1.         0.51667255 0.49463876] -> F: 0.44391722592677063
Punto[1.         0.51556016 0.49436904] -> F: 0.44526631914874637
Punto[1.         0.51444776 0.49409931] -> F: 0.4466285344382892
Punto[1.         0.51333537 0.49382959] -> F: 0.4480038717953993
Punto[1.         0.51222298 0.49355986] -> F: 0.44939233122007644
Punto[1.         0.51111059 0.49329013] -> F: 0.45060554003751063
Punto[1.         0.5099982  0.49302041] -> F: 0.4515659650385195
Punto[1.         0.5088858  0.49275068] -> F: 0.4525395121070956
Punto[1.         0.50777341 0.49248096] -> F: 0.4535261812432388
Punto[1.         0.50666102 0.49221123] -> F: 0.45452597244694926
Punto[1.         0.50554863 0.49194151] -> F: 0.455538885718227
Punto[1.         0.50443623 0.49167178] -> F: 0.4564312399605718
Punto[1.         0.50332384 0.49140206] -> F: 0.45727139141262274
Punto[1.         0.50221145 0.49113233] -> F: 0.45811357862942287
Punto[1.         0.50109906 0.4908626 ] -> F: 0.458990716312577
Punto[1.         0.49998667 0.49059288] -> F: 0.4589777113910517
Punto[1.         0.49887427 0.49032315] -> F: 0.4581833922184316
Punto[1.         0.49776188 0.49005343] -> F: 0.4573916006314441
Punto[1.         0.49664949 0.4897837 ] -> F: 0.4565994642592904
Punto[1.         0.4955371  0.48951398] -> F: 0.45580400546594624
Punto[1.         0.4944247  0.48924425] -> F: 0.45501061966677614
Punto[1.         0.49331231 0.48897452] -> F: 0.45420800827359825
Punto[1.         0.49219992 0.4887048 ] -> F: 0.4532210989447321
Punto[1.         0.49108753 0.48843507] -> F: 0.45222418198686926
Punto[1.         0.48997514 0.48816535] -> F: 0.4512102749825701
Punto[1.         0.48886274 0.48789562] -> F: 0.45021692269710933
Punto[1.         0.48775035 0.4876259 ] -> F: 0.44924412513048734
Punto[1.         0.48663796 0.48735617] -> F: 0.44827399158976905
Punto[1.         0.48552557 0.48708645] -> F: 0.44736019415375894
Punto[1.         0.48441317 0.48681672] -> F: 0.44644906074365265
Punto[1.         0.48330078 0.48654699] -> F: 0.44555848205238496
Punto[1.         0.48218839 0.48627727] -> F: 0.44468845807995583
Punto[1.         0.481076   0.48600754] -> F: 0.44383898882636513
Punto[1.         0.4799636  0.48573782] -> F: 0.4429894171588303
Punto[1.         0.47885121 0.48546809] -> F: 0.44211602070844175
Punto[1.         0.47773882 0.48519837] -> F: 0.44125208366459284
Punto[1.         0.47662643 0.48492864] -> F: 0.44039760602728384
Punto[1.         0.47551404 0.48465892] -> F: 0.43955258779651457
Punto[1.         0.47440164 0.48438919] -> F: 0.43870198110550346
Punto[1.         0.47328925 0.48411946] -> F: 0.4378401531101322
Punto[1.         0.47217686 0.48384974] -> F: 0.4369842367665174
Punto[1.         0.47106447 0.48358001] -> F: 0.43613423207465934
Punto[1.         0.46995207 0.48331029] -> F: 0.4352901390345579
Punto[1.         0.46883968 0.48304056] -> F: 0.4342920832467941
{
  "seed": 13252,
  "n_per_z": 10,
  "nz": 100,
  "nd": 100,
  "n_muestras": 50,
  "best_f": 0.458990716312577,
  "best_cp": [
    1.0,
    0.5010990575699377,
    0.4908626039762348
  ],
  "best_u": [
    0.27899110603922916,
    0.9527214831395594,
    -0.12035671279727515
  ],
  "best_index": 24,
  "n_candidatos": 54
}
