Punto[0.         0.48027476 0.58088388] -> F: 0.10539453993040682
Punto[1.         0.48730444 0.51009202] -> F: 0.38475858779174954
Punto[2.         0.48507585 0.57854762] -> F: 0.17628234278632224
Punto[1.         0.48267531 0.57971575] -> F: 0.3885267897567902
Punto[1.         0.48721186 0.51148449] -> F: 0.386524599715936
Punto[1.         0.48712113 0.51284912] -> F: 0.3882701945883285
Punto[1.         0.48703039 0.51421374] -> F: 0.3900305421101714
Punto[1.         0.48693966 0.51557837] -> F: 0.39180564228146497
Punto[1.         0.48684893 0.51694299] -> F: 0.3935954951022088
Punto[1.         0.4867582  0.51830762] -> F: 0.39540010057240316
Punto[1.         0.48666747 0.51967224] -> F: 0.3971986333746632
Punto[1.         0.48657674 0.52103687] -> F: 0.39896469547446933
Punto[1.         0.48648601 0.52240149] -> F: 0.400743285392331
Punto[1.         0.48639528 0.52376612] -> F: 0.402534403128248
Punto[1.         0.48630455 0.52513074] -> F: 0.4043380486822205
Punto[1.         0.48621382 0.52649537] -> F: 0.40609293715547384
Punto[1.         0.48612308 0.52785999] -> F: 0.4076474957010345
Punto[1.         0.48603235 0.52922462] -> F: 0.40921680689604567
Punto[1.         0.48594162 0.53058924] -> F: 0.41080087074050703
Punto[1.         0.48585089 0.53195387] -> F: 0.412399687234419
Punto[1.         0.48576016 0.5333185 ] -> F: 0.414005750781761
Punto[1.         0.48566943 0.53468312] -> F: 0.4155972814152182
Punto[1.         0.4855787  0.53604775] -> F: 0.41720133986673064
Punto[1.         0.48548797 0.53741237] -> F: 0.4168292014505051
Punto[1.         0.48539724 0.538777  ] -> F: 0.4160157928891317
Punto[1.         0.48530651 0.54014162] -> F: 0.415203400990863
Punto[1.         0.48521577 0.54150625] -> F: 0.4143920257556987
Punto[1.         0.48512504 0.54287087] -> F: 0.413581667183639
Punto[1.         0.48503431 0.5442355 ] -> F: 0.4127723252746839
Punto[1.         0.48494358 0.54560012] -> F: 0.41196400002883354
Punto[1.         0.48485285 0.54696475] -> F: 0.41115669144608746
Punto[1.         0.48476212 0.54832937] -> F: 0.4103503995264461
Punto[1.         0.48467139 0.549694  ] -> F: 0.40954512426990936
Punto[1.         0.48458066 0.55105862] -> F: 0.4087408656764772
Punto[1.         0.48448993 0.55242325] -> F: 0.4079376237461495
Punto[1.         0.4843992  0.55378787] -> F: 0.4070949815623546
Punto[1.         0.48430846 0.5551525 ] -> F: 0.40623826887043507
Punto[1.         0.48421773 0.55651712] -> F: 0.40538649279623395
Punto[1.         0.484127   0.55788175] -> F: 0.40452721094052396
Punto[1.         0.48403627 0.55924637] -> F: 0.4036745899733057
Punto[1.         0.48394554 0.560611  ] -> F: 0.40262681357847174
Punto[1.         0.48385481 0.56197562] -> F: 0.40147529658274445
Punto[1.         0.48376408 0.56334025] -> F: 0.40037457474009247
Punto[1.         0.48367335 0.56470487] -> F: 0.3993246480505161
Punto[1.         0.48358262 0.5660695 ] -> F: 0.39832551651401493
Punto[1.         0.48349188 0.56743412] -> F: 0.39730866803861253
Punto[1.         0.48340115 0.56879875] -> F: 0.39630532472782126
Punto[1.         0.48331042 0.57016337] -> F: 0.39532018631964344
Punto[1.         0.48321969 0.571528  ] -> F: 0.3943206050527906
Punto[1.         0.48312896 0.57289262] -> F: 0.3933361236182496
Punto[1.         0.48303823 0.57425725] -> F: 0.39236674201602006
Punto[1.         0.4829475  0.57562187] -> F: 0.39140858046229476
Punto[1.         0.48285677 0.5769865 ] -> F: 0.3904367040546264
Punto[1.         0.48276604 0.57835112] -> F: 0.38947610715279146
{
  "seed": 9614,
  "n_per_z": 10,
  "nz": 100,
  "nd": 100,
  "n_muestras": 50,
  "best_f": 0.41720133986673064,
  "best_cp": [
    1.0,
    0.4855786984235215,
    0.5360477453526518
  ],
  "best_u": [
    -0.2789911060392295,
    0.381378611656497,
    -0.8813139720451334
  ],
  "best_index": 22,
  "n_candidatos": 54
}
