Punto[0.         0.51444329 0.63961079] -> F: 0.08197689241666792
Punto[1.         0.53908192 0.4873816 ] -> F: 0.3297185854092848
Punto[2.         0.46787685 0.56026292] -> F: 0.15806381152914264
Punto[1.         0.49116007 0.59993685] -> F: 0.320218660358456
Punto[1.         0.53812348 0.4896327 ] -> F: 0.3328862402523612
Punto[1.         0.53718421 0.49183879] -> F: 0.33672370632533494
Punto[1.         0.53624494 0.49404487] -> F: 0.3410287307746212
Punto[1.         0.53530568 0.49625095] -> F: 0.34512857539478153
Punto[1.         0.53436641 0.49845704] -> F: 0.34941637729493696
Punto[1.         0.53342714 0.50066312] -> F: 0.35389213647508777
Punto[1.         0.53248787 0.5028692 ] -> F: 0.3585043092476588
Punto[1.         0.5315486  0.50507529] -> F: 0.3627576110701601
Punto[1.         0.53060933 0.50728137] -> F: 0.36709651523239983
Punto[1.         0.52967007 0.50948745] -> F: 0.3715210217343783
Punto[1.         0.5287308  0.51169353] -> F: 0.3760311305760951
Punto[1.         0.52779153 0.51389962] -> F: 0.38037891140378854
Punto[1.         0.52685226 0.5161057 ] -> F: 0.3837409591441918
Punto[1.         0.52591299 0.51831178] -> F: 0.3872079184378229
Punto[1.         0.52497373 0.52051787] -> F: 0.38667305932392376
Punto[1.         0.52403446 0.52272395] -> F: 0.3848665571499244
Punto[1.         0.52309519 0.52493003] -> F: 0.3830425419889371
Punto[1.         0.52215592 0.52713611] -> F: 0.38119649668253297
Punto[1.         0.52121665 0.5293422 ] -> F: 0.37933028873750074
Punto[1.         0.52027738 0.53154828] -> F: 0.3774468989932016
Punto[1.         0.51933812 0.53375436] -> F: 0.3755468624427644
Punto[1.         0.51839885 0.53596045] -> F: 0.373624996822153
Punto[1.         0.51745958 0.53816653] -> F: 0.37170409591671505
Punto[1.         0.51652031 0.54037261] -> F: 0.36978082879224405
Punto[1.         0.51558104 0.5425787 ] -> F: 0.36786166893255
Punto[1.         0.51464178 0.54478478] -> F: 0.3659471814914424
Punto[1.         0.51370251 0.54699086] -> F: 0.36403102650596125
Punto[1.         0.51276324 0.54919694] -> F: 0.362121607121969
Punto[1.         0.51182397 0.55140303] -> F: 0.36021966835141744
Punto[1.         0.5108847  0.55360911] -> F: 0.35832521019430635
Punto[1.         0.50994543 0.55581519] -> F: 0.3564382326506356
Punto[1.         0.50900617 0.55802128] -> F: 0.35455873572040547
Punto[1.         0.5080669  0.56022736] -> F: 0.35268671940361596
Punto[1.         0.50712763 0.56243344] -> F: 0.3508221837002669
Punto[1.         0.50618836 0.56463953] -> F: 0.3489651286103583
Punto[1.         0.50524909 0.56684561] -> F: 0.3471155541338904
Punto[1.         0.50430983 0.56905169] -> F: 0.34527346027086286
Punto[1.         0.50337056 0.57125777] -> F: 0.3434388470212759
Punto[1.         0.50243129 0.57346386] -> F: 0.34161171438512944
Punto[1.         0.50149202 0.57566994] -> F: 0.33979206236242343
Punto[1.         0.50055275 0.57787602] -> F: 0.33797989095315806
Punto[1.         0.49961348 0.58008211] -> F: 0.33617520015733315
Punto[1.         0.49867422 0.58228819] -> F: 0.33437798997494883
Punto[1.         0.49773495 0.58449427] -> F: 0.3325882604060049
Punto[1.         0.49679568 0.58670036] -> F: 0.33080601145050165
Punto[1.         0.49585641 0.58890644] -> F: 0.3290312431084388
Punto[1.         0.49491714 0.59111252] -> F: 0.32726327316182513
Punto[1.         0.49397788 0.5933186 ] -> F: 0.3254907357225638
Punto[1.         0.49303861 0.59552469] -> F: 0.3237257877755818
Punto[1.         0.49209934 0.59773077] -> F: 0.3219684293208792
Best centerpoint:  [1.         0.52591299 0.51831178] Best F:  0.3872079184378229 Best u:  [-0.18738131  0.33273794 -0.92421518] índice:  14
{
  "seed": 8942,
  "n_per_z": 5,
  "nz": 100,
  "nd": 100,
  "n_muestras": 50,
  "best_f": 0.3872079184378229,
  "best_cp": [
    1.0,
    0.5259129933353104,
    0.5183117830462326
  ],
  "best_u": [
    -0.18738131458572474,
    0.332737940395301,
    -0.9242151837995406
  ],
  "n_candidatos": 54
}
