Punto[0.        0.6118604 0.4532328] -> F: 0.13855299805786797
Punto[1.         0.51911301 0.49249629] -> F: 0.377807446631066
Punto[2.         0.51601601 0.36193671] -> F: 0.11229705743702487
Punto[1.         0.5639382  0.40758476] -> F: 0.40196761270752385
Punto[1.         0.52000951 0.49079806] -> F: 0.3809101215148861
Punto[1.         0.52088809 0.4891338 ] -> F: 0.38396218322739445
Punto[1.         0.52176666 0.48746953] -> F: 0.38698402729288933
Punto[1.         0.52264524 0.48580527] -> F: 0.38997408029764596
Punto[1.         0.52352381 0.484141  ] -> F: 0.3929747238801016
Punto[1.         0.52440238 0.48247673] -> F: 0.3959859580402562
Punto[1.         0.52528096 0.48081247] -> F: 0.3989671578487887
Punto[1.         0.52615953 0.4791482 ] -> F: 0.40191962792213926
Punto[1.         0.5270381  0.47748394] -> F: 0.40488203558979063
Punto[1.         0.52791668 0.47581967] -> F: 0.40785438085174336
Punto[1.         0.52879525 0.4741554 ] -> F: 0.4107894408962871
Punto[1.         0.52967383 0.47249114] -> F: 0.4137057079586493
Punto[1.         0.5305524  0.47082687] -> F: 0.41663132672622694
Punto[1.         0.53143097 0.4691626 ] -> F: 0.4195662971990205
Punto[1.         0.53230955 0.46749834] -> F: 0.4224515588598325
Punto[1.         0.53318812 0.46583407] -> F: 0.42533268625923
Punto[1.         0.53406669 0.46416981] -> F: 0.4282226355548899
Punto[1.         0.53494527 0.46250554] -> F: 0.43111606742144437
Punto[1.         0.53582384 0.46084127] -> F: 0.4339545206518415
Punto[1.         0.53670242 0.45917701] -> F: 0.43680131331980193
Punto[1.         0.53758099 0.45751274] -> F: 0.4360700572810206
Punto[1.         0.53845956 0.45584848] -> F: 0.43490974837122487
Punto[1.         0.53933814 0.45418421] -> F: 0.4337520572955256
Punto[1.         0.54021671 0.45251994] -> F: 0.43259698405392266
Punto[1.         0.54109528 0.45085568] -> F: 0.4314445286464161
Punto[1.         0.54197386 0.44919141] -> F: 0.43029469107300594
Punto[1.         0.54285243 0.44752715] -> F: 0.4291474713336921
Punto[1.         0.54373101 0.44586288] -> F: 0.42800286942847476
Punto[1.         0.54460958 0.44419861] -> F: 0.4268608853573538
Punto[1.         0.54548815 0.44253435] -> F: 0.42571318038311223
Punto[1.         0.54636673 0.44087008] -> F: 0.424562408044818
Punto[1.         0.5472453  0.43920581] -> F: 0.4234143186978558
Punto[1.         0.54812387 0.43754155] -> F: 0.42226891234222563
Punto[1.         0.54900245 0.43587728] -> F: 0.4211261889779277
Punto[1.         0.54988102 0.43421302] -> F: 0.4199861486049619
Punto[1.         0.5507596  0.43254875] -> F: 0.4188487912233282
Punto[1.         0.55163817 0.43088448] -> F: 0.4177141168330265
Punto[1.         0.55251674 0.42922022] -> F: 0.41658212543405704
Punto[1.         0.55339532 0.42755595] -> F: 0.4154528170264197
Punto[1.         0.55427389 0.42589169] -> F: 0.4143261916101144
Punto[1.         0.55515246 0.42422742] -> F: 0.4131965736406649
Punto[1.         0.55603104 0.42256315] -> F: 0.4120612997202637
Punto[1.         0.55690961 0.42089889] -> F: 0.41092877642810405
Punto[1.         0.55778819 0.41923462] -> F: 0.409799003764186
Punto[1.         0.55866676 0.41757036] -> F: 0.4086719817285095
Punto[1.         0.55954533 0.41590609] -> F: 0.4075477103210746
Punto[1.         0.56042391 0.41424182] -> F: 0.40642618954188126
Punto[1.         0.56130248 0.41257756] -> F: 0.40530741939092957
Punto[1.         0.56218105 0.41091329] -> F: 0.40419139986821945
Punto[1.         0.56305963 0.40924902] -> F: 0.40307813097375084
{
  "seed": 9256,
  "n_per_z": 10,
  "nz": 100,
  "nd": 100,
  "n_muestras": 50,
  "best_f": 0.43680131331980193,
  "best_cp": [
    1.0,
    0.5367024157183277,
    0.45917700784819737
  ],
  "best_u": [
    0.031410759078128396,
    -0.2180356008752895,
    0.97543520592866
  ],
  "best_index": 23,
  "n_candidatos": 54
}
