Punto[0.         0.6253245  0.43350593] -> F: 0.11465582911245005
Punto[1.         0.52286735 0.52809029] -> F: 0.3814862566634278
Punto[2.         0.30289089 0.48995537] -> F: 0.13241085785931606
Punto[1.         0.4641077  0.46173065] -> F: 0.405479931501547
Punto[1.         0.52169216 0.5267631 ] -> F: 0.3843019316685172
Punto[1.         0.52054047 0.52546245] -> F: 0.3870821639954363
Punto[1.         0.51938878 0.5241618 ] -> F: 0.3898830563279039
Punto[1.         0.51823709 0.52286115] -> F: 0.3927046086659195
Punto[1.        0.5170854 0.5215605] -> F: 0.3955468210094832
Punto[1.         0.51593371 0.52025986] -> F: 0.3984096933585952
Punto[1.         0.51478203 0.51895921] -> F: 0.4012932257132553
Punto[1.         0.51363034 0.51765856] -> F: 0.404197418073464
Punto[1.         0.51247865 0.51635791] -> F: 0.40712227043922045
Punto[1.         0.51132696 0.51505726] -> F: 0.41006778281052564
Punto[1.         0.51017527 0.51375661] -> F: 0.4130339551873787
Punto[1.         0.50902358 0.51245596] -> F: 0.41602078756978017
Punto[1.         0.50787189 0.51115531] -> F: 0.4190282799577296
Punto[1.         0.5067202  0.50985466] -> F: 0.4220564323512271
Punto[1.         0.50556851 0.50855401] -> F: 0.4251052447502734
Punto[1.         0.50441682 0.50725337] -> F: 0.4281747171548679
Punto[1.         0.50326513 0.50595272] -> F: 0.43126484956501016
Punto[1.         0.50211344 0.50465207] -> F: 0.43408639958696443
Punto[1.         0.50096175 0.50335142] -> F: 0.4368986120282162
Punto[1.         0.49981006 0.50205077] -> F: 0.43973105998425727
Punto[1.         0.49865838 0.50075012] -> F: 0.4425837434550874
Punto[1.         0.49750669 0.49944947] -> F: 0.44398346518791004
Punto[1.         0.496355   0.49814882] -> F: 0.4428576732855311
Punto[1.         0.49520331 0.49684817] -> F: 0.4417338865077979
Punto[1.         0.49405162 0.49554752] -> F: 0.44060745825763314
Punto[1.         0.49289993 0.49424688] -> F: 0.439476579007624
Punto[1.         0.49174824 0.49294623] -> F: 0.43834774490823303
Punto[1.         0.49059655 0.49164558] -> F: 0.43722095595946003
Punto[1.         0.48944486 0.49034493] -> F: 0.4360962121613052
Punto[1.         0.48829317 0.48904428] -> F: 0.4349735135137683
Punto[1.         0.48714148 0.48774363] -> F: 0.4338470666638765
Punto[1.         0.48598979 0.48644298] -> F: 0.432717092446615
Punto[1.         0.4848381  0.48514233] -> F: 0.4315892052298652
Punto[1.         0.48368641 0.48384168] -> F: 0.4304634050136272
Punto[1.         0.48253473 0.48254103] -> F: 0.42932008904456526
Punto[1.         0.48138304 0.48124039] -> F: 0.42812171739511384
Punto[1.         0.48023135 0.47993974] -> F: 0.42692673278503424
Punto[1.         0.47907966 0.47863909] -> F: 0.42571568708361957
Punto[1.         0.47792797 0.47733844] -> F: 0.4243621765547696
Punto[1.         0.47677628 0.47603779] -> F: 0.4230040371040363
Punto[1.         0.47562459 0.47473714] -> F: 0.42164062441669004
Punto[1.         0.4744729  0.47343649] -> F: 0.42028060190362354
Punto[1.         0.47332121 0.47213584] -> F: 0.41878368456467197
Punto[1.         0.47216952 0.47083519] -> F: 0.41726899295154835
Punto[1.         0.47101783 0.46953454] -> F: 0.41574211420420837
Punto[1.         0.46986614 0.4682339 ] -> F: 0.4142083618714288
Punto[1.         0.46871445 0.46693325] -> F: 0.4125284037206943
Punto[1.         0.46756276 0.4656326 ] -> F: 0.4108364000992407
Punto[1.         0.46641108 0.46433195] -> F: 0.4091451421621015
Punto[1.         0.46525939 0.4630313 ] -> F: 0.4073401648886428
Best centerpoint:  [1.         0.49750669 0.49944947] Best F:  0.44398346518791004 Best u:  [-0.99950656 -0.02150214 -0.02289746] índice:  22
{
  "seed": 3502,
  "n_per_z": 5,
  "nz": 100,
  "nd": 100,
  "n_muestras": 50,
  "best_f": 0.44398346518791004,
  "best_cp": [
    1.0,
    0.49750668612494253,
    0.49944947114029326
  ],
  "best_u": [
    -0.9995065603657316,
    -0.021502144221956006,
    -0.022897457931447825
  ],
  "n_candidatos": 54
}
