Punto[0.         0.64571046 0.49100368] -> F: 0.13585918636933492
Punto[1.         0.52408956 0.55069098] -> F: 0.3359307283001173
Punto[2.         0.32697476 0.44254635] -> F: 0.06610781855801447
Punto[1.         0.48634261 0.46677501] -> F: 0.3108378730450873
Punto[1.         0.52333462 0.54901266] -> F: 0.34071227721008684
Punto[1.         0.52259478 0.54736791] -> F: 0.34489656374602745
Punto[1.         0.52185494 0.54572316] -> F: 0.34884798203102746
Punto[1.         0.5211151  0.54407841] -> F: 0.3529409944324198
Punto[1.         0.52037526 0.54243365] -> F: 0.35717560095020534
Punto[1.         0.51963542 0.5407889 ] -> F: 0.3615518015843839
Punto[1.         0.51889558 0.53914415] -> F: 0.36451625806034704
Punto[1.         0.51815574 0.53749939] -> F: 0.36749278920289236
Punto[1.         0.5174159  0.53585464] -> F: 0.37064993740917473
Punto[1.         0.51667606 0.53420989] -> F: 0.37398770267919546
Punto[1.         0.51593622 0.53256513] -> F: 0.3775060850129536
Punto[1.         0.51519638 0.53092038] -> F: 0.38120508441045
Punto[1.         0.51445654 0.52927563] -> F: 0.38252007459160664
Punto[1.         0.5137167  0.52763087] -> F: 0.3805230465522131
Punto[1.         0.51297686 0.52598612] -> F: 0.37858553466046957
Punto[1.         0.51223702 0.52434137] -> F: 0.3767075389163762
Punto[1.         0.51149718 0.52269662] -> F: 0.37488905931993294
Punto[1.         0.51075734 0.52105186] -> F: 0.37313009587113977
Punto[1.         0.5100175  0.51940711] -> F: 0.3714209971500808
Punto[1.         0.50927766 0.51776236] -> F: 0.3696648435586684
Punto[1.         0.50853782 0.5161176 ] -> F: 0.3678426707557532
Punto[1.         0.50779798 0.51447285] -> F: 0.36605813697999495
Punto[1.         0.50705814 0.5128281 ] -> F: 0.36431124223139333
Punto[1.         0.5063183  0.51118334] -> F: 0.3626019865099487
Punto[1.         0.50557846 0.50953859] -> F: 0.3609303698156608
Punto[1.         0.50483862 0.50789384] -> F: 0.35928236741069886
Punto[1.         0.50409878 0.50624909] -> F: 0.3576377063217523
Punto[1.         0.50335894 0.50460433] -> F: 0.3557910600985843
Punto[1.         0.5026191  0.50295958] -> F: 0.3533493320421472
Punto[1.         0.50187926 0.50131483] -> F: 0.3513777285841714
Punto[1.         0.50113942 0.49967007] -> F: 0.3496023451084671
Punto[1.         0.50039958 0.49802532] -> F: 0.34765350366538783
Punto[1.         0.49965973 0.49638057] -> F: 0.34555283575170037
Punto[1.         0.49891989 0.49473581] -> F: 0.3435895202829598
Punto[1.         0.49818005 0.49309106] -> F: 0.3417635572591663
Punto[1.         0.49744021 0.49144631] -> F: 0.3400372569459247
Punto[1.         0.49670037 0.48980156] -> F: 0.33831857356980405
Punto[1.         0.49596053 0.4881568 ] -> F: 0.3366033314733938
Punto[1.         0.49522069 0.48651205] -> F: 0.3348423838918496
Punto[1.         0.49448085 0.4848673 ] -> F: 0.333006382751687
Punto[1.         0.49374101 0.48322254] -> F: 0.3312298977591743
Punto[1.         0.49300117 0.48157779] -> F: 0.3295129289143116
Punto[1.         0.49226133 0.47993304] -> F: 0.32784467884636015
Punto[1.         0.49152149 0.47828828] -> F: 0.32618379771515593
Punto[1.         0.49078165 0.47664353] -> F: 0.32421686891216556
Punto[1.         0.49004181 0.47499878] -> F: 0.3217882086621959
Punto[1.         0.48930197 0.47335402] -> F: 0.31945780493799686
Punto[1.         0.48856213 0.47170927] -> F: 0.31722565773956846
Punto[1.         0.48782229 0.47006452] -> F: 0.3150917670669105
Punto[1.         0.48708245 0.46841977] -> F: 0.3130561329200232
Best centerpoint:  [1.         0.51445654 0.52927563] Best F:  0.38252007459160664 Best u:  [ 0.27899111  0.23881533 -0.93012429] índice:  13
{
  "seed": 8095,
  "n_per_z": 5,
  "nz": 100,
  "nd": 100,
  "n_muestras": 50,
  "best_f": 0.38252007459160664,
  "best_cp": [
    1.0,
    0.5144565387433516,
    0.5292756278641761
  ],
  "best_u": [
    0.27899110603922916,
    0.23881532833612157,
    -0.9301242936848375
  ],
  "n_candidatos": 54
}
