Punto[0.         0.57402733 0.46369876] -> F: 0.12987030342588388
Punto[1.         0.54272115 0.47134255] -> F: 0.42885455161401176
Punto[2.         0.58512036 0.48151662] -> F: 0.16907339267052537
Punto[1.         0.57957385 0.47260769] -> F: 0.43015482810306355
Punto[1.         0.5434582  0.47136785] -> F: 0.4297543335264795
Punto[1.         0.54418052 0.47139265] -> F: 0.43063953698765306
Punto[1.         0.54490283 0.47141745] -> F: 0.43152812311874167
Punto[1.         0.54562514 0.47144224] -> F: 0.43242009191974523
Punto[1.         0.54634745 0.47146704] -> F: 0.4332972561296153
Punto[1.         0.54706977 0.47149184] -> F: 0.4341638094207495
Punto[1.         0.54779208 0.47151663] -> F: 0.43503275919903456
Punto[1.         0.54851439 0.47154143] -> F: 0.43590410546447045
Punto[1.         0.54923671 0.47156623] -> F: 0.43677784821705784
Punto[1.         0.54995902 0.47159102] -> F: 0.4376539874567959
Punto[1.         0.55068133 0.47161582] -> F: 0.4385325231836852
Punto[1.         0.55140364 0.47164062] -> F: 0.4394134553977254
Punto[1.         0.55212596 0.47166541] -> F: 0.4402810228887394
Punto[1.         0.55284827 0.47169021] -> F: 0.4411408688834863
Punto[1.         0.55357058 0.47171501] -> F: 0.44200256661878345
Punto[1.        0.5542929 0.4717398] -> F: 0.4428661160946308
Punto[1.         0.55501521 0.4717646 ] -> F: 0.4437315173110284
Punto[1.         0.55573752 0.4717894 ] -> F: 0.44459877026797623
Punto[1.         0.55645983 0.47181419] -> F: 0.4454678749654743
Punto[1.         0.55718215 0.47183899] -> F: 0.4463388314035226
Punto[1.         0.55790446 0.47186379] -> F: 0.44719630621061907
Punto[1.         0.55862677 0.47188859] -> F: 0.4473966572966348
Punto[1.         0.55934909 0.47191338] -> F: 0.44677806402563275
Punto[1.         0.5600714  0.47193818] -> F: 0.4460653110613972
Punto[1.         0.56079371 0.47196298] -> F: 0.445362202910987
Punto[1.         0.56151603 0.47198777] -> F: 0.44466873957440217
Punto[1.         0.56223834 0.47201257] -> F: 0.44398492105164283
Punto[1.         0.56296065 0.47203737] -> F: 0.44325746003573685
Punto[1.         0.56368296 0.47206216] -> F: 0.44242302427253866
Punto[1.         0.56440528 0.47208696] -> F: 0.44158799117669184
Punto[1.         0.56512759 0.47211176] -> F: 0.4407523607481963
Punto[1.         0.5658499  0.47213655] -> F: 0.4399375829523901
Punto[1.         0.56657222 0.47216135] -> F: 0.4391877800756764
Punto[1.         0.56729453 0.47218615] -> F: 0.43850427962873856
Punto[1.         0.56801684 0.47221094] -> F: 0.4378870816115764
Punto[1.         0.56873915 0.47223574] -> F: 0.4373361860241903
Punto[1.         0.56946147 0.47226054] -> F: 0.436847861678327
Punto[1.         0.57018378 0.47228533] -> F: 0.4363737676221081
Punto[1.         0.57090609 0.47231013] -> F: 0.4358990612934915
Punto[1.         0.57162841 0.47233493] -> F: 0.43542374269247697
Punto[1.         0.57235072 0.47235972] -> F: 0.43494781181906456
Punto[1.         0.57307303 0.47238452] -> F: 0.43447126867325464
Punto[1.         0.57379534 0.47240932] -> F: 0.4339941132550469
Punto[1.         0.57451766 0.47243411] -> F: 0.43351634556444096
Punto[1.         0.57523997 0.47245891] -> F: 0.4330379656014377
Punto[1.         0.57596228 0.47248371] -> F: 0.43255897336603655
Punto[1.         0.5766846  0.47250851] -> F: 0.43207936885823733
Punto[1.         0.57740691 0.4725333 ] -> F: 0.4315991520780407
Punto[1.         0.57812922 0.4725581 ] -> F: 0.43111832302544617
Punto[1.         0.57885154 0.4725829 ] -> F: 0.4306368817004538
{
  "seed": 18723,
  "n_per_z": 10,
  "nz": 100,
  "nd": 100,
  "n_muestras": 50,
  "best_f": 0.4473966572966348,
  "best_cp": [
    1.0,
    0.5586267734665042,
    0.47188858503538206
  ],
  "best_u": [
    -0.9995065603657316,
    0.022897457931447818,
    -0.021502144221956013
  ],
  "best_index": 25,
  "n_candidatos": 54
}
