Punto[0.         0.67237287 0.67528701] -> F: 0.03217470513750673
Punto[1.         0.55686215 0.53166042] -> F: 0.33802509389592067
Punto[2.         0.60933732 0.5130021 ] -> F: 0.153086272086769
Punto[1.         0.64085509 0.59414456] -> F: 0.2603606655520416
Punto[1.         0.55854201 0.5329101 ] -> F: 0.3403462597736601
Punto[1.         0.56018827 0.53413479] -> F: 0.34273941969500343
Punto[1.         0.56183454 0.53535948] -> F: 0.3409678038665199
Punto[1.         0.5634808  0.53658417] -> F: 0.3392000014340059
Punto[1.         0.56512706 0.53780886] -> F: 0.3374360123974614
Punto[1.         0.56677332 0.53903355] -> F: 0.33567483869873527
Punto[1.         0.56841958 0.54025824] -> F: 0.33391732970120036
Punto[1.         0.57006584 0.54148293] -> F: 0.33216363909573837
Punto[1.         0.57171211 0.54270762] -> F: 0.3304137668823492
Punto[1.         0.57335837 0.54393231] -> F: 0.32866771306103276
Punto[1.         0.57500463 0.54515699] -> F: 0.3269254776317892
Punto[1.         0.57665089 0.54638168] -> F: 0.32518706059461844
Punto[1.         0.57829715 0.54760637] -> F: 0.32345246194952043
Punto[1.         0.57994341 0.54883106] -> F: 0.32172168169649534
Punto[1.         0.58158968 0.55005575] -> F: 0.3199947198355431
Punto[1.         0.58323594 0.55128044] -> F: 0.31827157636666364
Punto[1.         0.5848822  0.55250513] -> F: 0.3165522512898571
Punto[1.         0.58652846 0.55372982] -> F: 0.3148367446051231
Punto[1.         0.58817472 0.55495451] -> F: 0.31312505631246224
Punto[1.         0.58982098 0.5561792 ] -> F: 0.31141718641187405
Punto[1.         0.59146725 0.55740389] -> F: 0.30971313490335883
Punto[1.         0.59311351 0.55862857] -> F: 0.30801290178691626
Punto[1.         0.59475977 0.55985326] -> F: 0.30631648706254666
Punto[1.         0.59640603 0.56107795] -> F: 0.30462389073024987
Punto[1.         0.59805229 0.56230264] -> F: 0.3029351127900257
Punto[1.         0.59969855 0.56352733] -> F: 0.3012501532418745
Punto[1.         0.60134482 0.56475202] -> F: 0.2995690120857961
Punto[1.         0.60299108 0.56597671] -> F: 0.29789168932179055
Punto[1.         0.60463734 0.5672014 ] -> F: 0.29621818494985785
Punto[1.         0.6062836  0.56842609] -> F: 0.29454849896999796
Punto[1.         0.60792986 0.56965078] -> F: 0.2928826313822109
Punto[1.         0.60957612 0.57087547] -> F: 0.2912205821864966
Punto[1.         0.61122238 0.57210015] -> F: 0.2895623513828553
Punto[1.         0.61286865 0.57332484] -> F: 0.28790793897128647
Punto[1.         0.61451491 0.57454953] -> F: 0.2862573449517907
Punto[1.         0.61616117 0.57577422] -> F: 0.2846105693243678
Punto[1.         0.61780743 0.57699891] -> F: 0.2829676120890178
Punto[1.         0.61945369 0.5782236 ] -> F: 0.28132847324574056
Punto[1.         0.62109995 0.57944829] -> F: 0.27969315279453594
Punto[1.         0.62274622 0.58067298] -> F: 0.27806165073540423
Punto[1.         0.62439248 0.58189767] -> F: 0.27643396706834544
Punto[1.         0.62603874 0.58312236] -> F: 0.27481010179335963
Punto[1.         0.627685   0.58434704] -> F: 0.27319005491044623
Punto[1.         0.62933126 0.58557173] -> F: 0.27157382641960587
Punto[1.         0.63097752 0.58679642] -> F: 0.2699614163208384
Punto[1.         0.63262379 0.58802111] -> F: 0.26835282461414367
Punto[1.         0.63427005 0.5892458 ] -> F: 0.2667480512995219
Punto[1.         0.63591631 0.59047049] -> F: 0.2651470963769727
Punto[1.         0.63756257 0.59169518] -> F: 0.26354995984649654
Punto[1.         0.63920883 0.59291987] -> F: 0.2619566417080931
Best centerpoint:  [1.         0.56018827 0.53413479] Best F:  0.34273941969500343 Best u:  [-0.58778525  0.5720614   0.5720614 ] índice:  2
{
  "seed": 16470,
  "n_per_z": 5,
  "nz": 100,
  "nd": 100,
  "n_muestras": 50,
  "best_f": 0.34273941969500343,
  "best_cp": [
    1.0,
    0.5601882736662908,
    0.5341347930977557
  ],
  "best_u": [
    -0.587785252292473,
    0.5720614028176844,
    0.5720614028176843
  ],
  "n_candidatos": 54
}
