Punto[0.         0.63988169 0.49026033] -> F: 0.1862343695171526
Punto[1.         0.46670263 0.45450877] -> F: 0.343561436109104
Punto[2.         0.24547272 0.44811005] -> F: 0.0673960774398161
Punto[1.         0.44267721 0.46918519] -> F: 0.34993431701421546
Punto[1.         0.46622213 0.4548023 ] -> F: 0.34427811544164755
Punto[1.         0.46575123 0.45508996] -> F: 0.34500138902160354
Punto[1.         0.46528033 0.45537761] -> F: 0.34574537904335995
Punto[1.         0.46480943 0.45566527] -> F: 0.3465100855069166
Punto[1.         0.46433853 0.45595293] -> F: 0.3472955084122736
Punto[1.         0.46386763 0.45624059] -> F: 0.34810164775943087
Punto[1.         0.46339673 0.45652825] -> F: 0.34892850354838834
Punto[1.         0.46292584 0.4568159 ] -> F: 0.3497760757791461
Punto[1.         0.46245494 0.45710356] -> F: 0.35064436445170416
Punto[1.         0.46198404 0.45739122] -> F: 0.35153336956606246
Punto[1.         0.46151314 0.45767888] -> F: 0.352443091122221
Punto[1.         0.46104224 0.45796654] -> F: 0.35337352912018005
Punto[1.         0.46057134 0.45825419] -> F: 0.35432468355993924
Punto[1.         0.46010045 0.45854185] -> F: 0.3552965544414985
Punto[1.         0.45962955 0.45882951] -> F: 0.3562891417648584
Punto[1.         0.45915865 0.45911717] -> F: 0.3573024455300183
Punto[1.         0.45868775 0.45940482] -> F: 0.35833646573697847
Punto[1.         0.45821685 0.45969248] -> F: 0.3593860335473076
Punto[1.         0.45774595 0.45998014] -> F: 0.36019286499116554
Punto[1.         0.45727506 0.4602678 ] -> F: 0.3608427195041664
Punto[1.         0.45680416 0.46055546] -> F: 0.3614679460975346
Punto[1.         0.45633326 0.46084311] -> F: 0.36116983722807294
Punto[1.         0.45586236 0.46113077] -> F: 0.36079372749086447
Punto[1.         0.45539146 0.46141843] -> F: 0.3604145626460549
Punto[1.         0.45492056 0.46170609] -> F: 0.360035533529062
Punto[1.         0.45444967 0.46199374] -> F: 0.3596566401398857
Punto[1.         0.45397877 0.4622814 ] -> F: 0.35927788247852616
Punto[1.         0.45350787 0.46256906] -> F: 0.3588992605449831
Punto[1.         0.45303697 0.46285672] -> F: 0.3585207743392568
Punto[1.         0.45256607 0.46314438] -> F: 0.3581424238613471
Punto[1.         0.45209517 0.46343203] -> F: 0.35776420911125417
Punto[1.         0.45162427 0.46371969] -> F: 0.3573861300889778
Punto[1.         0.45115338 0.46400735] -> F: 0.3570016253067559
Punto[1.         0.45068248 0.46429501] -> F: 0.35661532704092075
Punto[1.         0.45021158 0.46458266] -> F: 0.35622917067495724
Punto[1.         0.44974068 0.46487032] -> F: 0.3558431562088658
Punto[1.         0.44926978 0.46515798] -> F: 0.3554572836426461
Punto[1.         0.44879888 0.46544564] -> F: 0.3550715529762982
Punto[1.         0.44832799 0.4657333 ] -> F: 0.35468596420982224
Punto[1.         0.44785709 0.46602095] -> F: 0.354300517343218
Punto[1.         0.44738619 0.46630861] -> F: 0.35391521237648566
Punto[1.         0.44691529 0.46659627] -> F: 0.3535300493096251
Punto[1.         0.44644439 0.46688393] -> F: 0.35313674783460564
Punto[1.         0.44597349 0.46717159] -> F: 0.35274335415085645
Punto[1.         0.4455026  0.46745924] -> F: 0.35235010871829026
Punto[1.        0.4450317 0.4677469] -> F: 0.35195701153690695
Punto[1.         0.4445608  0.46803456] -> F: 0.35156406260670653
Punto[1.         0.4440899  0.46832222] -> F: 0.3511712619276889
Punto[1.         0.443619   0.46860987] -> F: 0.3507786094998543
Punto[1.         0.4431481  0.46889753] -> F: 0.3503861053232026
Best centerpoint:  [1.         0.45680416 0.46055546] Best F:  0.3614679460975346 Best u:  [ 0.30901699  0.69329036 -0.65104299] índice:  21
{
  "seed": 1368,
  "n_per_z": 5,
  "nz": 100,
  "nd": 100,
  "n_muestras": 50,
  "best_f": 0.3614679460975346,
  "best_cp": [
    1.0,
    0.4568041573506946,
    0.46055545555211913
  ],
  "best_u": [
    0.3090169943749471,
    0.6932903632838673,
    -0.6510429858044683
  ],
  "n_candidatos": 54
}
