Punto[0.         0.4860776  0.34737015] -> F: 0.08303824392349768
Punto[1.         0.49264702 0.44711954] -> F: 0.4198901143852516
Punto[2.         0.47987829 0.54403244] -> F: 0.07177902736857561
Punto[1.         0.48297794 0.44570129] -> F: 0.4343131150526835
Punto[1.         0.49245364 0.44709118] -> F: 0.4202489305715289
Punto[1.         0.49226413 0.44706338] -> F: 0.420600915289838
Punto[1.         0.49207462 0.44703558] -> F: 0.4209532413805132
Punto[1.         0.4918851  0.44700778] -> F: 0.42130590884355423
Punto[1.         0.49169559 0.44697999] -> F: 0.4216445856320328
Punto[1.         0.49150607 0.44695219] -> F: 0.42195138358345574
Punto[1.         0.49131656 0.44692439] -> F: 0.42225850922819586
Punto[1.         0.49112705 0.44689659] -> F: 0.4225659625662532
Punto[1.         0.49093753 0.4468688 ] -> F: 0.4228737435976276
Punto[1.         0.49074802 0.446841  ] -> F: 0.4231818523223195
Punto[1.        0.4905585 0.4468132] -> F: 0.42349028874032824
Punto[1.         0.49036899 0.4467854 ] -> F: 0.4237990528516544
Punto[1.         0.49017948 0.44675761] -> F: 0.4241081446562978
Punto[1.         0.48998996 0.44672981] -> F: 0.42441756415425824
Punto[1.         0.48980045 0.44670201] -> F: 0.4247273113455361
Punto[1.         0.48961093 0.44667421] -> F: 0.425037386230131
Punto[1.         0.48942142 0.44664641] -> F: 0.4253477888080433
Punto[1.         0.48923191 0.44661862] -> F: 0.42565851907927266
Punto[1.         0.48904239 0.44659082] -> F: 0.4259695770438193
Punto[1.         0.48885288 0.44656302] -> F: 0.42628096270168336
Punto[1.         0.48866336 0.44653522] -> F: 0.426592676052864
Punto[1.         0.48847385 0.44650743] -> F: 0.4269047170973625
Punto[1.         0.48828434 0.44647963] -> F: 0.4272170858351782
Punto[1.         0.48809482 0.44645183] -> F: 0.42752978226631083
Punto[1.         0.48790531 0.44642403] -> F: 0.4278428063907607
Punto[1.         0.48771579 0.44639624] -> F: 0.4281561582085277
Punto[1.         0.48752628 0.44636844] -> F: 0.4284698377196121
Punto[1.         0.48733677 0.44634064] -> F: 0.4287838449240138
Punto[1.         0.48714725 0.44631284] -> F: 0.4290981798217324
Punto[1.         0.48695774 0.44628505] -> F: 0.4294128424127684
Punto[1.         0.48676822 0.44625725] -> F: 0.4297278326971214
Punto[1.         0.48657871 0.44622945] -> F: 0.43004315067479204
Punto[1.         0.4863892  0.44620165] -> F: 0.430351233348388
Punto[1.         0.48619968 0.44617385] -> F: 0.4306596240418725
Punto[1.         0.48601017 0.44614606] -> F: 0.43096835610772327
Punto[1.         0.48582065 0.44611826] -> F: 0.4312774295459398
Punto[1.         0.48563114 0.44609046] -> F: 0.43158684435652206
Punto[1.         0.48544163 0.44606266] -> F: 0.4318966005394702
Punto[1.         0.48525211 0.44603487] -> F: 0.43220669809478407
Punto[1.         0.4850626  0.44600707] -> F: 0.432517137022464
Punto[1.         0.48487308 0.44597927] -> F: 0.43282791732250997
Punto[1.         0.48468357 0.44595147] -> F: 0.4331390389949217
Punto[1.         0.48449406 0.44592368] -> F: 0.43345050203969904
Punto[1.         0.48430454 0.44589588] -> F: 0.43376230645684244
Punto[1.         0.48411503 0.44586808] -> F: 0.4340744522463516
Punto[1.         0.48392551 0.44584028] -> F: 0.43413252279150666
Punto[1.         0.483736   0.44581249] -> F: 0.43417241752739616
Punto[1.         0.48354649 0.44578469] -> F: 0.4342075871593608
Punto[1.         0.48335697 0.44575689] -> F: 0.4342427599575634
Punto[1.         0.48316746 0.44572909] -> F: 0.43427793592200437
Best centerpoint:  [1.         0.48297794 0.44570129] Best F:  0.4343131150526835 Best u:  [ 0.03141076 -0.03139526  0.99901336] índice:  3
{
  "seed": 16377,
  "n_per_z": 5,
  "nz": 100,
  "nd": 100,
  "n_muestras": 50,
  "best_f": 0.4343131150526835,
  "best_cp": [
    1.0,
    0.48297794430201313,
    0.4457012944274167
  ],
  "best_u": [
    0.031410759078128396,
    -0.03139525976465667,
    0.9990133642141359
  ],
  "n_candidatos": 54
}
