Punto[0.         0.37781869 0.43564313] -> F: 0.19142203316849854
Punto[1.         0.5159532  0.38684077] -> F: 0.3755875619523581
Punto[2.         0.64341371 0.3673625 ] -> F: 0.09110207264469977
Punto[1.         0.5106162  0.40150282] -> F: 0.3648201650589802
Punto[1.         0.51584646 0.38713401] -> F: 0.37593449739380425
Punto[1.         0.51574186 0.38742139] -> F: 0.376277649771145
Punto[1.         0.51563725 0.38770876] -> F: 0.3765986008502833
Punto[1.         0.51553265 0.38799614] -> F: 0.3765658913951354
Punto[1.         0.51542804 0.38828352] -> F: 0.376316833440734
Punto[1.         0.51532344 0.38857089] -> F: 0.3760678560322937
Punto[1.         0.51521883 0.38885827] -> F: 0.37581895916981445
Punto[1.         0.51511423 0.38914565] -> F: 0.3755701428532963
Punto[1.         0.51500962 0.38943302] -> F: 0.3753197565379132
Punto[1.         0.51490502 0.3897204 ] -> F: 0.37506897296552466
Punto[1.         0.51480041 0.39000777] -> F: 0.37481827132443324
Punto[1.         0.5146958  0.39029515] -> F: 0.37456765161463895
Punto[1.         0.5145912  0.39058253] -> F: 0.37431711383614213
Punto[1.         0.51448659 0.3908699 ] -> F: 0.37406665798894245
Punto[1.         0.51438199 0.39115728] -> F: 0.3738162840730401
Punto[1.         0.51427738 0.39144465] -> F: 0.373565992088435
Punto[1.         0.51417278 0.39173203] -> F: 0.37331578203512705
Punto[1.         0.51406817 0.39201941] -> F: 0.37306565391311647
Punto[1.         0.51396357 0.39230678] -> F: 0.37281560772240313
Punto[1.         0.51385896 0.39259416] -> F: 0.372565643462987
Punto[1.         0.51375436 0.39288153] -> F: 0.3723157611348682
Punto[1.         0.51364975 0.39316891] -> F: 0.37206596073804654
Punto[1.         0.51354515 0.39345629] -> F: 0.37181624227252225
Punto[1.         0.51344054 0.39374366] -> F: 0.3715666057382952
Punto[1.         0.51333594 0.39403104] -> F: 0.3713170511353653
Punto[1.         0.51323133 0.39431841] -> F: 0.3710675784637328
Punto[1.         0.51312672 0.39460579] -> F: 0.3708181877233974
Punto[1.         0.51302212 0.39489317] -> F: 0.3705688789143594
Punto[1.         0.51291751 0.39518054] -> F: 0.3703196520366186
Punto[1.         0.51281291 0.39546792] -> F: 0.37007050709017514
Punto[1.        0.5127083 0.3957553] -> F: 0.3698214440750287
Punto[1.         0.5126037  0.39604267] -> F: 0.3695724629911798
Punto[1.         0.51249909 0.39633005] -> F: 0.369323563838628
Punto[1.         0.51239449 0.39661742] -> F: 0.36907474661737344
Punto[1.         0.51228988 0.3969048 ] -> F: 0.3688242266500029
Punto[1.         0.51218528 0.39719218] -> F: 0.36857334725961877
Punto[1.         0.51208067 0.39747955] -> F: 0.36832255127469415
Punto[1.         0.51197607 0.39776693] -> F: 0.3680718386952287
Punto[1.         0.51187146 0.3980543 ] -> F: 0.36782120952122255
Punto[1.         0.51176686 0.39834168] -> F: 0.36757066375267594
Punto[1.         0.51166225 0.39862906] -> F: 0.36732020138958865
Punto[1.         0.51155764 0.39891643] -> F: 0.3670698224319606
Punto[1.         0.51145304 0.39920381] -> F: 0.3668195268797921
Punto[1.         0.51134843 0.39949118] -> F: 0.3665693147330828
Punto[1.         0.51124383 0.39977856] -> F: 0.3663191859918329
Punto[1.         0.51113922 0.40006594] -> F: 0.36606914065604246
Punto[1.         0.51103462 0.40035331] -> F: 0.3658191787257112
Punto[1.         0.51093001 0.40064069] -> F: 0.3655693002008394
Punto[1.         0.51082541 0.40092807] -> F: 0.365319505081427
Punto[1.         0.5107208  0.40121544] -> F: 0.36506979336747386
Best centerpoint:  [1.         0.51563725 0.38770876] Best F:  0.3765986008502833 Best u:  [ 0.39714789 -0.53944263 -0.74247909] índice:  3
{
  "seed": 11025,
  "n_per_z": 5,
  "nz": 100,
  "nd": 100,
  "n_muestras": 50,
  "best_f": 0.3765986008502833,
  "best_cp": [
    1.0,
    0.5156372524661016,
    0.38770876454005804
  ],
  "best_u": [
    0.3971478906347807,
    -0.5394426342002432,
    -0.7424790888445593
  ],
  "n_candidatos": 54
}
