Punto[0.         0.36242027 0.51433252] -> F: 0.1727847666032142
Punto[1.         0.38354923 0.47610175] -> F: 0.3799224550360933
Punto[2.         0.42115278 0.37591736] -> F: 0.07690252675067627
Punto[1.         0.39178652 0.44512494] -> F: 0.3655519645827265
Punto[1.         0.38371398 0.47548221] -> F: 0.3801075388136476
Punto[1.         0.38387543 0.47487507] -> F: 0.3802895004623772
Punto[1.         0.38403688 0.47426792] -> F: 0.3804720358038258
Punto[1.         0.38419833 0.47366077] -> F: 0.3806551448379935
Punto[1.         0.38435978 0.47305363] -> F: 0.38083882756488
Punto[1.         0.38452123 0.47244648] -> F: 0.3807959702476127
Punto[1.         0.38468269 0.47183934] -> F: 0.3804617445301183
Punto[1.         0.38484414 0.47123219] -> F: 0.38012600934485447
Punto[1.         0.38500559 0.47062505] -> F: 0.37978519786887716
Punto[1.         0.38516704 0.4700179 ] -> F: 0.37944462334499424
Punto[1.         0.38532849 0.46941076] -> F: 0.379104285773206
Punto[1.         0.38548994 0.46880361] -> F: 0.3787641851535121
Punto[1.         0.38565139 0.46819647] -> F: 0.3784243214859127
Punto[1.         0.38581284 0.46758932] -> F: 0.3780846947704079
Punto[1.         0.38597429 0.46698217] -> F: 0.3777453050069974
Punto[1.         0.38613574 0.46637503] -> F: 0.3774061521956814
Punto[1.         0.38629719 0.46576788] -> F: 0.3770672363364599
Punto[1.         0.38645865 0.46516074] -> F: 0.3767285574293331
Punto[1.         0.3866201  0.46455359] -> F: 0.3763901154743005
Punto[1.         0.38678155 0.46394645] -> F: 0.37605191047136244
Punto[1.        0.386943  0.4633393] -> F: 0.3757139424205189
Punto[1.         0.38710445 0.46273216] -> F: 0.37537621132176985
Punto[1.         0.3872659  0.46212501] -> F: 0.3750387171751153
Punto[1.         0.38742735 0.46151786] -> F: 0.37470145998055515
Punto[1.         0.3875888  0.46091072] -> F: 0.3743644397380895
Punto[1.         0.38775025 0.46030357] -> F: 0.37402765644771835
Punto[1.         0.3879117  0.45969643] -> F: 0.3736911101094417
Punto[1.         0.38807315 0.45908928] -> F: 0.37335480072325955
Punto[1.         0.38823461 0.45848214] -> F: 0.3730187282891718
Punto[1.         0.38839606 0.45787499] -> F: 0.3726828928071786
Punto[1.         0.38855751 0.45726785] -> F: 0.3723472942772799
Punto[1.         0.38871896 0.4566607 ] -> F: 0.3720083475453807
Punto[1.         0.38888041 0.45605356] -> F: 0.371666316476764
Punto[1.         0.38904186 0.45544641] -> F: 0.3713245322347032
Punto[1.         0.38920331 0.45483926] -> F: 0.3709829948191983
Punto[1.         0.38936476 0.45423212] -> F: 0.37064170423024934
Punto[1.         0.38952621 0.45362497] -> F: 0.37030066046785637
Punto[1.         0.38968766 0.45301783] -> F: 0.3699598635320192
Punto[1.         0.38984911 0.45241068] -> F: 0.369619313422738
Punto[1.         0.39001056 0.45180354] -> F: 0.36927901014001285
Punto[1.         0.39017202 0.45119639] -> F: 0.36893895368384355
Punto[1.         0.39033347 0.45058925] -> F: 0.36859914405423017
Punto[1.         0.39049492 0.4499821 ] -> F: 0.3682595812511727
Punto[1.         0.39065637 0.44937496] -> F: 0.3679202652746711
Punto[1.         0.39081782 0.44876781] -> F: 0.3675811961247256
Punto[1.         0.39097927 0.44816066] -> F: 0.3672423738013359
Punto[1.         0.39114072 0.44755352] -> F: 0.36690379830450215
Punto[1.         0.39130217 0.44694637] -> F: 0.3665654696342243
Punto[1.         0.39146362 0.44633923] -> F: 0.36622738779050246
Punto[1.         0.39162507 0.44573208] -> F: 0.36588955277333646
{
  "seed": 601,
  "n_per_z": 5,
  "nz": 100,
  "nd": 100,
  "n_muestras": 50,
  "best_f": 0.38083882756488,
  "best_cp": [
    1.0,
    0.38435978395287335,
    0.4730536291085349
  ],
  "best_u": [
    0.24868988716485474,
    -0.9681052238078452,
    0.030423932321343293
  ],
  "best_index": 8,
  "n_candidatos": 54
}
