Punto[0.         0.62104672 0.43307778] -> F: 0.13731300028257784
Punto[1.         0.54904808 0.47738901] -> F: 0.4511029489941185
Punto[2.         0.4976517  0.46476687] -> F: 0.15630560974493246
Punto[1.         0.55934921 0.44892232] -> F: 0.4624213880724093
Punto[1.         0.5492541  0.47681968] -> F: 0.45164144171146786
Punto[1.         0.54945601 0.47626173] -> F: 0.4521695508788742
Punto[1.         0.54965791 0.47570378] -> F: 0.45269804244861966
Punto[1.         0.54985981 0.47514584] -> F: 0.4532269164207045
Punto[1.         0.55006171 0.47458789] -> F: 0.4537561727951284
Punto[1.         0.55026361 0.47402994] -> F: 0.4542858115718915
Punto[1.         0.55046552 0.473472  ] -> F: 0.4548158327509939
Punto[1.         0.55066742 0.47291405] -> F: 0.45534623633243543
Punto[1.         0.55086932 0.4723561 ] -> F: 0.4558643718621443
Punto[1.         0.55107122 0.47179816] -> F: 0.45635908458524904
Punto[1.         0.55127313 0.47124021] -> F: 0.4568540962630916
Punto[1.         0.55147503 0.47068226] -> F: 0.4573494068956722
Punto[1.         0.55167693 0.47012431] -> F: 0.4578450164829909
Punto[1.         0.55187883 0.46956637] -> F: 0.4583409250250475
Punto[1.         0.55208073 0.46900842] -> F: 0.45883713252184233
Punto[1.         0.55228264 0.46845047] -> F: 0.45933363897337504
Punto[1.         0.55248454 0.46789253] -> F: 0.45981173496169575
Punto[1.         0.55268644 0.46733458] -> F: 0.46027756356447896
Punto[1.         0.55288834 0.46677663] -> F: 0.46074363304845534
Punto[1.         0.55309024 0.46621868] -> F: 0.46120994341362515
Punto[1.         0.55329215 0.46566074] -> F: 0.461676494659988
Punto[1.         0.55349405 0.46510279] -> F: 0.46214328678754396
Punto[1.         0.55369595 0.46454484] -> F: 0.4626103197962931
Punto[1.         0.55389785 0.4639869 ] -> F: 0.46305758337547703
Punto[1.         0.55409976 0.46342895] -> F: 0.463497462884727
Punto[1.         0.55430166 0.462871  ] -> F: 0.46393754092069556
Punto[1.         0.55450356 0.46231305] -> F: 0.46437781748338275
Punto[1.         0.55470546 0.46175511] -> F: 0.46481829257278834
Punto[1.         0.55490736 0.46119716] -> F: 0.4652589661889125
Punto[1.         0.55510927 0.46063921] -> F: 0.4656911323420684
Punto[1.         0.55531117 0.46008127] -> F: 0.46610722715014635
Punto[1.         0.55551307 0.45952332] -> F: 0.46652348841622276
Punto[1.         0.55571497 0.45896537] -> F: 0.46693991614029745
Punto[1.         0.55591687 0.45840743] -> F: 0.4673565103223706
Punto[1.         0.55611878 0.45784948] -> F: 0.4674681371880677
Punto[1.         0.55632068 0.45729153] -> F: 0.46715105572028026
Punto[1.         0.55652258 0.45673358] -> F: 0.4668341955389006
Punto[1.         0.55672448 0.45617564] -> F: 0.4665175566439288
Punto[1.         0.55692639 0.45561769] -> F: 0.4662011390353648
Punto[1.         0.55712829 0.45505974] -> F: 0.4658849427132087
Punto[1.         0.55733019 0.4545018 ] -> F: 0.4655689676774605
Punto[1.         0.55753209 0.45394385] -> F: 0.46525321392812
Punto[1.         0.55773399 0.4533859 ] -> F: 0.4649376814651875
Punto[1.         0.5579359  0.45282795] -> F: 0.4646223702886627
Punto[1.         0.5581378  0.45227001] -> F: 0.4643072803985458
Punto[1.         0.5583397  0.45171206] -> F: 0.4639924117948368
Punto[1.         0.5585416  0.45115411] -> F: 0.46367776447753556
Punto[1.         0.5587435  0.45059617] -> F: 0.46336333844664224
Punto[1.         0.55894541 0.45003822] -> F: 0.4630491337021567
Punto[1.         0.55914731 0.44948027] -> F: 0.46273515024407913
{
  "seed": 17127,
  "n_per_z": 10,
  "nz": 100,
  "nd": 100,
  "n_muestras": 50,
  "best_f": 0.4674681371880677,
  "best_cp": [
    1.0,
    0.5561187766309936,
    0.4578494781039
  ],
  "best_u": [
    -0.9510565162951535,
    0.18939869555104746,
    -0.24417132701463518
  ],
  "best_index": 38,
  "n_candidatos": 54
}
