Punto[0.         0.6434162  0.36759099] -> F: 0.08810531452746374
Punto[1.         0.56996565 0.45261149] -> F: 0.36286688489650726
Punto[2.         0.46894342 0.43867918] -> F: 0.1918289430954421
Punto[1.         0.55617981 0.40313509] -> F: 0.36057971883895673
Punto[1.         0.56968994 0.45162197] -> F: 0.36411294238337044
Punto[1.         0.56941973 0.45065223] -> F: 0.36533951621543925
Punto[1.         0.56914953 0.44968249] -> F: 0.36657147261826045
Punto[1.         0.56887933 0.44871275] -> F: 0.3678088115918337
Punto[1.         0.56860913 0.44774302] -> F: 0.369051533136159
Punto[1.         0.56833892 0.44677328] -> F: 0.3702996372512363
Punto[1.         0.56806872 0.44580354] -> F: 0.37155312393706574
Punto[1.         0.56779852 0.4448338 ] -> F: 0.37281199319364733
Punto[1.         0.56752832 0.44386407] -> F: 0.3740762450209809
Punto[1.         0.56725811 0.44289433] -> F: 0.3753237071943712
Punto[1.         0.56698791 0.44192459] -> F: 0.3765485539344066
Punto[1.         0.56671771 0.44095485] -> F: 0.3777779703723575
Punto[1.         0.56644751 0.43998512] -> F: 0.379011956508223
Punto[1.         0.5661773  0.43901538] -> F: 0.38025051234200347
Punto[1.         0.5659071  0.43804564] -> F: 0.3814936378736991
Punto[1.        0.5656369 0.4370759] -> F: 0.3827413331033094
Punto[1.         0.5653667  0.43610617] -> F: 0.3839935980308348
Punto[1.         0.56509649 0.43513643] -> F: 0.38423873712088114
Punto[1.         0.56482629 0.43416669] -> F: 0.3837865647120176
Punto[1.         0.56455609 0.43319695] -> F: 0.38332372706653456
Punto[1.         0.56428589 0.43222721] -> F: 0.3828573953773387
Punto[1.         0.56401568 0.43125748] -> F: 0.382320077665427
Punto[1.         0.56374548 0.43028774] -> F: 0.381644747011074
Punto[1.         0.56347528 0.429318  ] -> F: 0.3810061950088497
Punto[1.         0.56320508 0.42834826] -> F: 0.3803669066330307
Punto[1.         0.56293487 0.42737853] -> F: 0.3797268818836174
Punto[1.         0.56266467 0.42640879] -> F: 0.3790861207606094
Punto[1.         0.56239447 0.42543905] -> F: 0.378444623280178
Punto[1.         0.56212427 0.42446931] -> F: 0.3778026130156638
Punto[1.         0.56185406 0.42349958] -> F: 0.377092999495601
Punto[1.         0.56158386 0.42252984] -> F: 0.3763615139678154
Punto[1.         0.56131366 0.4215601 ] -> F: 0.3756475514932979
Punto[1.         0.56104346 0.42059036] -> F: 0.3749511120720489
Punto[1.         0.56077325 0.41962063] -> F: 0.37427219570406844
Punto[1.         0.56050305 0.41865089] -> F: 0.37361080238935623
Punto[1.         0.56023285 0.41768115] -> F: 0.3729637370703995
Punto[1.         0.55996264 0.41671141] -> F: 0.3722262950657477
Punto[1.         0.55969244 0.41574168] -> F: 0.3713944477240402
Punto[1.         0.55942224 0.41477194] -> F: 0.3705723519568924
Punto[1.         0.55915204 0.4138022 ] -> F: 0.36976000776430434
Punto[1.         0.55888183 0.41283246] -> F: 0.3689059027591317
Punto[1.         0.55861163 0.41186273] -> F: 0.3680470776883391
Punto[1.         0.55834143 0.41089299] -> F: 0.36720190365956235
Punto[1.         0.55807123 0.40992325] -> F: 0.36637038067280175
Punto[1.         0.55780102 0.40895351] -> F: 0.3655525087280571
Punto[1.         0.55753082 0.40798378] -> F: 0.36474828782532853
Punto[1.         0.55726062 0.40701404] -> F: 0.36395771796461596
Punto[1.         0.55699042 0.4060443 ] -> F: 0.36313315897629084
Punto[1.         0.55672021 0.40507456] -> F: 0.36225420211927517
Punto[1.         0.55645001 0.40410483] -> F: 0.36140305540683043
{
  "seed": 13662,
  "n_per_z": 10,
  "nz": 100,
  "nd": 100,
  "n_muestras": 50,
  "best_f": 0.38423873712088114,
  "best_cp": [
    1.0,
    0.5650964934051045,
    0.43513642749990206
  ],
  "best_u": [
    -0.48175367410171516,
    -0.7807949691089312,
    -0.39783490759821677
  ],
  "best_index": 21,
  "n_candidatos": 54
}
