Punto[0.         0.47801658 0.41900801] -> F: 0.11361237921986979
Punto[1.         0.48971128 0.47100866] -> F: 0.4310609677403124
Punto[2.         0.52878321 0.54799168] -> F: 0.1639865864435046
Punto[1.         0.50339989 0.48349985] -> F: 0.4283851395237583
Punto[1.         0.48998505 0.47125849] -> F: 0.4310200492967489
Punto[1.         0.49025335 0.47150331] -> F: 0.43097995302785946
Punto[1.         0.49052164 0.47174814] -> F: 0.4309365974604221
Punto[1.         0.49078994 0.47199297] -> F: 0.43089033068573823
Punto[1.         0.49105824 0.4722378 ] -> F: 0.43084406892920657
Punto[1.         0.49132654 0.47248262] -> F: 0.43079781219082725
Punto[1.         0.49159483 0.47272745] -> F: 0.43075156047060026
Punto[1.         0.49186313 0.47297228] -> F: 0.4307053137685255
Punto[1.         0.49213143 0.4732171 ] -> F: 0.4306590720846029
Punto[1.         0.49239972 0.47346193] -> F: 0.4306128354188327
Punto[1.         0.49266802 0.47370676] -> F: 0.4305666037712148
Punto[1.         0.49293632 0.47395159] -> F: 0.4305203771417491
Punto[1.         0.49320461 0.47419641] -> F: 0.43047415553043566
Punto[1.         0.49347291 0.47444124] -> F: 0.43042793893727455
Punto[1.         0.49374121 0.47468607] -> F: 0.43038172736226565
Punto[1.         0.4940095  0.47493089] -> F: 0.43033552080540904
Punto[1.         0.4942778  0.47517572] -> F: 0.4302893192667047
Punto[1.         0.4945461  0.47542055] -> F: 0.4302431227461527
Punto[1.         0.49481439 0.47566538] -> F: 0.43019693124375286
Punto[1.         0.49508269 0.4759102 ] -> F: 0.4301507447595054
Punto[1.         0.49535099 0.47615503] -> F: 0.4301045632934101
Punto[1.         0.49561929 0.47639986] -> F: 0.4300583868454672
Punto[1.         0.49588758 0.47664468] -> F: 0.43001221541567647
Punto[1.         0.49615588 0.47688951] -> F: 0.4299660490040381
Punto[1.         0.49642418 0.47713434] -> F: 0.42991988761055194
Punto[1.         0.49669247 0.47737917] -> F: 0.4298737312352181
Punto[1.         0.49696077 0.47762399] -> F: 0.42982631761163714
Punto[1.         0.49722907 0.47786882] -> F: 0.429773964716134
Punto[1.         0.49749736 0.47811365] -> F: 0.4297216182795476
Punto[1.         0.49776566 0.47835848] -> F: 0.42966927830187773
Punto[1.         0.49803396 0.4786033 ] -> F: 0.42961694478312457
Punto[1.         0.49830225 0.47884813] -> F: 0.4295646177232881
Punto[1.         0.49857055 0.47909296] -> F: 0.42951229712236805
Punto[1.         0.49883885 0.47933778] -> F: 0.42945998298036486
Punto[1.         0.49910714 0.47958261] -> F: 0.4294076752972782
Punto[1.         0.49937544 0.47982744] -> F: 0.4293553740731083
Punto[1.         0.49964374 0.48007227] -> F: 0.42930307930785494
Punto[1.         0.49991203 0.48031709] -> F: 0.42925079100151814
Punto[1.         0.50018033 0.48056192] -> F: 0.42919850915409813
Punto[1.         0.50044863 0.48080675] -> F: 0.42914623376559474
Punto[1.         0.50071693 0.48105157] -> F: 0.4290939648360078
Punto[1.         0.50098522 0.4812964 ] -> F: 0.4290417023653378
Punto[1.         0.50125352 0.48154123] -> F: 0.42898944635358427
Punto[1.         0.50152182 0.48178606] -> F: 0.42893719680074727
Punto[1.         0.50179011 0.48203088] -> F: 0.4288849537068271
Punto[1.         0.50205841 0.48227571] -> F: 0.4288327170718234
Punto[1.         0.50232671 0.48252054] -> F: 0.42878048689573656
Punto[1.         0.502595   0.48276536] -> F: 0.4287282631785662
Punto[1.         0.5028633  0.48301019] -> F: 0.42867604592031255
Punto[1.         0.5031316  0.48325502] -> F: 0.42856552915031776
{
  "seed": 4931,
  "n_per_z": 10,
  "nz": 100,
  "nd": 100,
  "n_muestras": 50,
  "best_f": 0.4310609677403124,
  "best_cp": [
    1.0,
    0.48971127900938544,
    0.4710086626583775
  ],
  "best_u": [
    -0.9995065603657316,
    0.025411837900422944,
    -0.018462780949435733
  ],
  "best_index": 1,
  "n_candidatos": 54
}
