Punto[0.         0.54167511 0.65801753] -> F: 0.15565133744117454
Punto[1.         0.45204343 0.60135062] -> F: 0.3815724883100354
Punto[2.         0.45295747 0.67853958] -> F: 0.10730152582937669
Punto[1.         0.49731629 0.66827855] -> F: 0.3837377773129842
Punto[1.         0.45294889 0.60268918] -> F: 0.3841443720802126
Punto[1.         0.45383624 0.60400097] -> F: 0.38666430398776774
Punto[1.         0.45472359 0.60531275] -> F: 0.38918372690191466
Punto[1.         0.45561093 0.60662454] -> F: 0.39170264082265316
Punto[1.         0.45649828 0.60793633] -> F: 0.3942205545847749
Punto[1.         0.45738563 0.60924812] -> F: 0.3965836246061433
Punto[1.         0.45827298 0.6105599 ] -> F: 0.39898234761855667
Punto[1.         0.45916033 0.61187169] -> F: 0.4014167236220149
Punto[1.         0.46004767 0.61318348] -> F: 0.4038867526165186
Punto[1.         0.46093502 0.61449527] -> F: 0.40638352944899714
Punto[1.         0.46182237 0.61580705] -> F: 0.4088813954090676
Punto[1.         0.46270972 0.61711884] -> F: 0.41137874089850623
Punto[1.         0.46359707 0.61843063] -> F: 0.4129858752007496
Punto[1.         0.46448441 0.61974242] -> F: 0.41457751429720263
Punto[1.         0.46537176 0.6210542 ] -> F: 0.41626820339144244
Punto[1.         0.46625911 0.62236599] -> F: 0.41682481207193006
Punto[1.         0.46714646 0.62367778] -> F: 0.41586433509980214
Punto[1.         0.46803381 0.62498957] -> F: 0.4149057140284845
Punto[1.         0.46892115 0.62630135] -> F: 0.41394894885797673
Punto[1.         0.4698085  0.62761314] -> F: 0.41299403958827907
Punto[1.         0.47069585 0.62892493] -> F: 0.4120409862193915
Punto[1.         0.4715832  0.63023672] -> F: 0.4110891768966756
Punto[1.         0.47247055 0.6315485 ] -> F: 0.41012840770875403
Punto[1.         0.47335789 0.63286029] -> F: 0.40916953942063367
Punto[1.         0.47424524 0.63417208] -> F: 0.40821257203231415
Punto[1.         0.47513259 0.63548387] -> F: 0.407257505543796
Punto[1.         0.47601994 0.63679565] -> F: 0.40630433995507875
Punto[1.         0.47690729 0.63810744] -> F: 0.4053530752661625
Punto[1.         0.47779463 0.63941923] -> F: 0.40440371147704735
Punto[1.         0.47868198 0.64073102] -> F: 0.4034562485877333
Punto[1.         0.47956933 0.6420428 ] -> F: 0.40251068659822037
Punto[1.         0.48045668 0.64335459] -> F: 0.4015670255085084
Punto[1.         0.48134403 0.64466638] -> F: 0.4006252653185975
Punto[1.         0.48223137 0.64597817] -> F: 0.3996814125206945
Punto[1.         0.48311872 0.64728995] -> F: 0.3987320789286803
Punto[1.         0.48400607 0.64860174] -> F: 0.397784692704344
Punto[1.         0.48489342 0.64991353] -> F: 0.396839253847686
Punto[1.         0.48578077 0.65122532] -> F: 0.395895762358706
Punto[1.         0.48666812 0.6525371 ] -> F: 0.3949542182374041
Punto[1.         0.48755546 0.65384889] -> F: 0.3940146214837802
Punto[1.         0.48844281 0.65516068] -> F: 0.3930769720978345
Punto[1.         0.48933016 0.65647247] -> F: 0.3921412700795667
Punto[1.         0.49021751 0.65778425] -> F: 0.391207515428977
Punto[1.         0.49110486 0.65909604] -> F: 0.3902757081460655
Punto[1.         0.4919922  0.66040783] -> F: 0.38934355384098074
Punto[1.         0.49287955 0.66171962] -> F: 0.3884042690907083
Punto[1.        0.4937669 0.6630314] -> F: 0.38746697980534517
Punto[1.         0.49465425 0.66434319] -> F: 0.38653168598489107
Punto[1.         0.4955416  0.66565498] -> F: 0.3855983876293463
Punto[1.         0.49642894 0.66696677] -> F: 0.3846670847387106
{
  "seed": 15983,
  "n_per_z": 10,
  "nz": 100,
  "nd": 100,
  "n_muestras": 50,
  "best_f": 0.41682481207193006,
  "best_cp": [
    1.0,
    0.4662591105445603,
    0.6223659909519623
  ],
  "best_u": [
    0.8607420270039436,
    0.4381533400219318,
    0.2591231629491424
  ],
  "best_index": 19,
  "n_candidatos": 54
}
