Punto[0.         0.55185811 0.53436607] -> F: 0.1586569384195507
Punto[1.         0.51059603 0.50564929] -> F: 0.4010340865396293
Punto[2.         0.52227624 0.65796782] -> F: 0.10861306739422491
Punto[1.         0.53706718 0.59616695] -> F: 0.39469721480236214
Punto[1.         0.51112545 0.50745964] -> F: 0.40363928943617994
Punto[1.         0.51164429 0.50923379] -> F: 0.4061988456761097
Punto[1.         0.51216312 0.51100794] -> F: 0.4087640629017487
Punto[1.         0.51268196 0.51278208] -> F: 0.4112981449633512
Punto[1.         0.51320079 0.51455623] -> F: 0.41380274282802026
Punto[1.         0.51371962 0.51633037] -> F: 0.4163125054542889
Punto[1.         0.51423846 0.51810452] -> F: 0.4188012148581792
Punto[1.         0.51475729 0.51987867] -> F: 0.42125347438694116
Punto[1.         0.51527613 0.52165281] -> F: 0.4236950780729309
Punto[1.         0.51579496 0.52342696] -> F: 0.42609177316141783
Punto[1.        0.5163138 0.5252011] -> F: 0.42849320536386665
Punto[1.         0.51683263 0.52697525] -> F: 0.4308780380446183
Punto[1.         0.51735147 0.5287494 ] -> F: 0.43274657552084006
Punto[1.         0.5178703  0.53052354] -> F: 0.4317274055543241
Punto[1.         0.51838914 0.53229769] -> F: 0.4307090605419395
Punto[1.         0.51890797 0.53407183] -> F: 0.42969154048368635
Punto[1.         0.5194268  0.53584598] -> F: 0.4286748453795647
Punto[1.         0.51994564 0.53762013] -> F: 0.42765897522957425
Punto[1.         0.52046447 0.53939427] -> F: 0.42664393003371537
Punto[1.         0.52098331 0.54116842] -> F: 0.4256297097919876
Punto[1.         0.52150214 0.54294256] -> F: 0.4246163145043914
Punto[1.         0.52202098 0.54471671] -> F: 0.4236037441709266
Punto[1.         0.52253981 0.54649086] -> F: 0.4225919987915932
Punto[1.         0.52305865 0.548265  ] -> F: 0.42158107836639114
Punto[1.         0.52357748 0.55003915] -> F: 0.4205709828953204
Punto[1.         0.52409632 0.55181329] -> F: 0.4195617123783813
Punto[1.         0.52461515 0.55358744] -> F: 0.41855326681557337
Punto[1.         0.52513398 0.55536159] -> F: 0.4175456462068969
Punto[1.         0.52565282 0.55713573] -> F: 0.41653885055235174
Punto[1.         0.52617165 0.55890988] -> F: 0.41553287985193815
Punto[1.         0.52669049 0.56068402] -> F: 0.4145277341056557
Punto[1.         0.52720932 0.56245817] -> F: 0.41352341331350484
Punto[1.         0.52772816 0.56423232] -> F: 0.41251991747548533
Punto[1.         0.52824699 0.56600646] -> F: 0.41151795547992476
Punto[1.         0.52876583 0.56778061] -> F: 0.410518324424233
Punto[1.         0.52928466 0.56955475] -> F: 0.40952102498395
Punto[1.         0.52980349 0.5713289 ] -> F: 0.4085260571590759
Punto[1.         0.53032233 0.57310305] -> F: 0.40753342094961065
Punto[1.         0.53084116 0.57487719] -> F: 0.4065431163555541
Punto[1.         0.53136    0.57665134] -> F: 0.4055551433769066
Punto[1.         0.53187883 0.57842549] -> F: 0.404569502013668
Punto[1.         0.53239767 0.58019963] -> F: 0.40358060597165657
Punto[1.         0.5329165  0.58197378] -> F: 0.40258446669157555
Punto[1.         0.53343534 0.58374792] -> F: 0.40159013468827687
Punto[1.         0.53395417 0.58552207] -> F: 0.4005982099755916
Punto[1.         0.53447301 0.58729622] -> F: 0.39960869255351966
Punto[1.         0.53499184 0.58907036] -> F: 0.39862158242206136
Punto[1.         0.53551067 0.59084451] -> F: 0.3976368795812164
Punto[1.         0.53602951 0.59261865] -> F: 0.39665458403098486
Punto[1.         0.53654834 0.5943928 ] -> F: 0.39567469577136677
{
  "seed": 4425,
  "n_per_z": 10,
  "nz": 100,
  "nd": 100,
  "n_muestras": 50,
  "best_f": 0.43274657552084006,
  "best_cp": [
    1.0,
    0.517351466501186,
    0.5287493964636227
  ],
  "best_u": [
    0.9995065603657316,
    0.021502144221956006,
    0.022897457931447825
  ],
  "best_index": 16,
  "n_candidatos": 54
}
