Punto[0.         0.45326567 0.39375997] -> F: 0.14451986512010892
Punto[1.         0.50573623 0.48415557] -> F: 0.4413838752637036
Punto[2.         0.58684072 0.53577421] -> F: 0.12783218675646268
Punto[1.         0.52005319 0.46476709] -> F: 0.4465041285883621
Punto[1.         0.50602257 0.4837678 ] -> F: 0.44156466032774533
Punto[1.         0.50630318 0.48338778] -> F: 0.4417420245303197
Punto[1.         0.50658379 0.48300777] -> F: 0.4419195816046285
Punto[1.         0.50686441 0.48262775] -> F: 0.442097331550672
Punto[1.         0.50714502 0.48224774] -> F: 0.44227527436845027
Punto[1.         0.50742563 0.48186773] -> F: 0.4424534100579625
Punto[1.         0.50770624 0.48148771] -> F: 0.4426317386192097
Punto[1.         0.50798686 0.4811077 ] -> F: 0.44281026005219143
Punto[1.         0.50826747 0.48072768] -> F: 0.4429889743569076
Punto[1.         0.50854808 0.48034767] -> F: 0.4431678815333584
Punto[1.         0.50882869 0.47996766] -> F: 0.4433469815815438
Punto[1.         0.50910931 0.47958764] -> F: 0.4435262745014637
Punto[1.         0.50938992 0.47920763] -> F: 0.4437057602931182
Punto[1.         0.50967053 0.47882761] -> F: 0.4438854389565071
Punto[1.         0.50995114 0.4784476 ] -> F: 0.4440653104916308
Punto[1.         0.51023176 0.47806758] -> F: 0.4442453748984889
Punto[1.         0.51051237 0.47768757] -> F: 0.4444256321770813
Punto[1.         0.51079298 0.47730756] -> F: 0.44460608232740867
Punto[1.         0.51107359 0.47692754] -> F: 0.4447867253494706
Punto[1.         0.51135421 0.47654753] -> F: 0.44496756124326714
Punto[1.         0.51163482 0.47616751] -> F: 0.4451485900087978
Punto[1.         0.51191543 0.4757875 ] -> F: 0.4453298116460632
Punto[1.         0.51219604 0.47540749] -> F: 0.4455112261550631
Punto[1.         0.51247666 0.47502747] -> F: 0.44569283353579786
Punto[1.         0.51275727 0.47464746] -> F: 0.44587463378826686
Punto[1.         0.51303788 0.47426744] -> F: 0.4460566269124706
Punto[1.         0.51331849 0.47388743] -> F: 0.44623881290840894
Punto[1.         0.51359911 0.47350741] -> F: 0.4464211917760817
Punto[1.         0.51387972 0.4731274 ] -> F: 0.44660376351548897
Punto[1.         0.51416033 0.47274739] -> F: 0.44678652812663106
Punto[1.         0.51444094 0.47236737] -> F: 0.4469694856095075
Punto[1.         0.51472156 0.47198736] -> F: 0.4471526359641184
Punto[1.         0.51500217 0.47160734] -> F: 0.44733597919046375
Punto[1.         0.51528278 0.47122733] -> F: 0.4475195152885442
Punto[1.         0.51556339 0.47084731] -> F: 0.4477032442583587
Punto[1.         0.51584401 0.4704673 ] -> F: 0.44788716609990786
Punto[1.         0.51612462 0.47008729] -> F: 0.44807128081319153
Punto[1.         0.51640523 0.46970727] -> F: 0.44825558839820995
Punto[1.         0.51668584 0.46932726] -> F: 0.4484138108487427
Punto[1.         0.51696646 0.46894724] -> F: 0.4485623091895098
Punto[1.         0.51724707 0.46856723] -> F: 0.4487108939654476
Punto[1.         0.51752768 0.46818722] -> F: 0.44885956517655606
Punto[1.         0.51780829 0.4678072 ] -> F: 0.4490083228228352
Punto[1.         0.51808891 0.46742719] -> F: 0.449154334111449
Punto[1.         0.51836952 0.46704717] -> F: 0.4487716223549523
Punto[1.         0.51865013 0.46666716] -> F: 0.44839028092095057
Punto[1.         0.51893074 0.46628714] -> F: 0.44801030980944334
Punto[1.         0.51921136 0.46590713] -> F: 0.4476317090204311
Punto[1.         0.51949197 0.46552712] -> F: 0.44725447855391337
Punto[1.         0.51977258 0.4651471 ] -> F: 0.4468786184098904
{
  "seed": 12801,
  "n_per_z": 10,
  "nz": 100,
  "nd": 100,
  "n_muestras": 50,
  "best_f": 0.449154334111449,
  "best_cp": [
    1.0,
    0.5180889061327196,
    0.4674271871964483
  ],
  "best_u": [
    0.36812455268467775,
    -0.14544908717691443,
    -0.9183293944713457
  ],
  "best_index": 47,
  "n_candidatos": 54
}
