Punto[0.         0.51778499 0.39186369] -> F: 0.10191996007469399
Punto[1.         0.50110124 0.51142798] -> F: 0.3904660597675719
Punto[2.         0.58762819 0.45530522] -> F: 0.15802574780494907
Punto[1.         0.55270659 0.42358445] -> F: 0.38332391770761703
Punto[1.         0.50213335 0.50967111] -> F: 0.39351085268484687
Punto[1.         0.50314482 0.50794938] -> F: 0.39641313582601617
Punto[1.         0.50415628 0.50622764] -> F: 0.3993136100519624
Punto[1.         0.50516775 0.50450591] -> F: 0.40222399113949314
Punto[1.         0.50617921 0.50278418] -> F: 0.4051082138964608
Punto[1.         0.50719068 0.50106244] -> F: 0.40794475000782143
Punto[1.         0.50820214 0.49934071] -> F: 0.4107905534893781
Punto[1.         0.50921361 0.49761898] -> F: 0.4136456243411309
Punto[1.         0.51022507 0.49589724] -> F: 0.41650996256307954
Punto[1.         0.51123653 0.49417551] -> F: 0.4193835681552244
Punto[1.         0.512248   0.49245378] -> F: 0.42219495104703214
Punto[1.         0.51325946 0.49073204] -> F: 0.4249980646848247
Punto[1.         0.51427093 0.48901031] -> F: 0.4278098783084878
Punto[1.         0.51528239 0.48728858] -> F: 0.4268681440135698
Punto[1.         0.51629386 0.48556685] -> F: 0.42569759585663053
Punto[1.         0.51730532 0.48384511] -> F: 0.4245256565441993
Punto[1.         0.51831679 0.48212338] -> F: 0.4233545469694293
Punto[1.         0.51932825 0.48040165] -> F: 0.42218426713232043
Punto[1.         0.52033972 0.47867991] -> F: 0.4210133269833016
Punto[1.         0.52135118 0.47695818] -> F: 0.4198340348721492
Punto[1.         0.52236265 0.47523645] -> F: 0.4186555877290606
Punto[1.         0.52337411 0.47351471] -> F: 0.41747798555403526
Punto[1.         0.52438558 0.47179298] -> F: 0.41630122834707356
Punto[1.         0.52539704 0.47007125] -> F: 0.4151205286391407
Punto[1.         0.52640851 0.46834951] -> F: 0.41393459532311194
Punto[1.         0.52741997 0.46662778] -> F: 0.4127495226852925
Punto[1.         0.52843144 0.46490605] -> F: 0.4115653107256824
Punto[1.         0.5294429  0.46318432] -> F: 0.4103819594442816
Punto[1.         0.53045437 0.46146258] -> F: 0.409191915605474
Punto[1.         0.53146583 0.45974085] -> F: 0.40799919624982023
Punto[1.         0.53247729 0.45801912] -> F: 0.4068073538170309
Punto[1.         0.53348876 0.45629738] -> F: 0.40561638830710617
Punto[1.         0.53450022 0.45457565] -> F: 0.4044262997200457
Punto[1.         0.53551169 0.45285392] -> F: 0.40323708805584974
Punto[1.         0.53652315 0.45113218] -> F: 0.4020487533145183
Punto[1.         0.53753462 0.44941045] -> F: 0.40086129549605115
Punto[1.         0.53854608 0.44768872] -> F: 0.39967471460044857
Punto[1.         0.53955755 0.44596698] -> F: 0.39848906128462513
Punto[1.         0.54056901 0.44424525] -> F: 0.39730564410564967
Punto[1.         0.54158048 0.44252352] -> F: 0.3961250382055161
Punto[1.         0.54259194 0.44080179] -> F: 0.3949472435842244
Punto[1.         0.54360341 0.43908005] -> F: 0.3937722602417748
Punto[1.         0.54461487 0.43735832] -> F: 0.3926000881781673
Punto[1.         0.54562634 0.43563659] -> F: 0.39143072739340157
Punto[1.         0.5466378  0.43391485] -> F: 0.39026417788747786
Punto[1.         0.54764927 0.43219312] -> F: 0.3891004396603961
Punto[1.         0.54866073 0.43047139] -> F: 0.38793951271215643
Punto[1.         0.5496722  0.42874965] -> F: 0.38678139704275855
Punto[1.         0.55068366 0.42702792] -> F: 0.38562609265220277
Punto[1.         0.55169513 0.42530619] -> F: 0.3844735995404888
{
  "seed": 3113,
  "n_per_z": 10,
  "nz": 100,
  "nd": 100,
  "n_muestras": 50,
  "best_f": 0.4278098783084878,
  "best_cp": [
    1.0,
    0.5142709288630636,
    0.48901031175562437
  ],
  "best_u": [
    -0.0627905195293134,
    -0.8426618372094052,
    0.5347694631970946
  ],
  "best_index": 16,
  "n_candidatos": 54
}
