Punto[0.         0.32213777 0.53076395] -> F: 0.07088456932676608
Punto[1.         0.44204644 0.49638799] -> F: 0.37156018679315855
Punto[2.         0.36290713 0.49766505] -> F: 0.18483226497034405
Punto[1.         0.34252245 0.5142145 ] -> F: 0.31542953235975185
Punto[1.         0.44005596 0.49674452] -> F: 0.37306410272797647
Punto[1.         0.43810529 0.49709392] -> F: 0.37388816571421696
Punto[1.         0.43615462 0.49744332] -> F: 0.3741889507330851
Punto[1.         0.43420395 0.49779272] -> F: 0.3732284395723714
Punto[1.         0.43225328 0.49814212] -> F: 0.3722169801664995
Punto[1.         0.43030261 0.49849152] -> F: 0.37119196294122697
Punto[1.         0.42835194 0.49884092] -> F: 0.3701561830080842
Punto[1.         0.42640127 0.49919032] -> F: 0.36911262417149054
Punto[1.         0.4244506  0.49953972] -> F: 0.3680547418860279
Punto[1.         0.42249993 0.49988912] -> F: 0.3669868166385149
Punto[1.         0.42054926 0.50023852] -> F: 0.3659105601577795
Punto[1.         0.41859859 0.50058792] -> F: 0.3648209526263206
Punto[1.         0.41664792 0.50093732] -> F: 0.36372037108349337
Punto[1.         0.41469725 0.50128672] -> F: 0.3626111057986042
Punto[1.         0.41274658 0.50163612] -> F: 0.3614906143615313
Punto[1.         0.41079591 0.50198552] -> F: 0.36035708695385454
Punto[1.         0.40884524 0.50233491] -> F: 0.3592146582544004
Punto[1.         0.40689457 0.50268431] -> F: 0.35806322279966996
Punto[1.         0.4049439  0.50303371] -> F: 0.3568972056893827
Punto[1.         0.40299323 0.50338311] -> F: 0.355721536019924
Punto[1.         0.40104256 0.50373251] -> F: 0.35453680804069276
Punto[1.         0.39909189 0.50408191] -> F: 0.35334084470671884
Punto[1.         0.39714122 0.50443131] -> F: 0.3521318905276021
Punto[1.         0.39519055 0.50478071] -> F: 0.3509138981648285
Punto[1.         0.39323988 0.50513011] -> F: 0.34968694881352363
Punto[1.         0.3912892  0.50547951] -> F: 0.34844567029540496
Punto[1.         0.38933853 0.50582891] -> F: 0.3471944660800795
Punto[1.         0.38738786 0.50617831] -> F: 0.34593447873017236
Punto[1.         0.38543719 0.50652771] -> F: 0.3446626312043387
Punto[1.         0.38348652 0.50687711] -> F: 0.343378321067329
Punto[1.         0.38153585 0.50722651] -> F: 0.3420855186611327
Punto[1.         0.37958518 0.50757591] -> F: 0.34078239587042347
Punto[1.         0.37763451 0.50792531] -> F: 0.33946520147763487
Punto[1.         0.37568384 0.50827471] -> F: 0.3381399771369512
Punto[1.         0.37373317 0.50862411] -> F: 0.33680457524537943
Punto[1.         0.3717825  0.50897351] -> F: 0.33545494174655793
Punto[1.         0.36983183 0.50932291] -> F: 0.33410317558502356
Punto[1.         0.36788116 0.50967231] -> F: 0.3327529301550175
Punto[1.         0.36593049 0.51002171] -> F: 0.3314052099205589
Punto[1.         0.36397982 0.51037111] -> F: 0.33006001488164766
Punto[1.         0.36202915 0.5107205 ] -> F: 0.32871734503828376
Punto[1.         0.36007848 0.5110699 ] -> F: 0.32737720039046736
Punto[1.         0.35812781 0.5114193 ] -> F: 0.3260395809381983
Punto[1.         0.35617714 0.5117687 ] -> F: 0.32470448668147656
Punto[1.         0.35422647 0.5121181 ] -> F: 0.3233719176203024
Punto[1.        0.3522758 0.5124675] -> F: 0.3220418737546754
Punto[1.         0.35032513 0.5128169 ] -> F: 0.32071435508459595
Punto[1.         0.34837446 0.5131663 ] -> F: 0.3193893616100637
Punto[1.         0.34642379 0.5135157 ] -> F: 0.3180668933310791
Punto[1.         0.34447312 0.5138651 ] -> F: 0.31674695024764177
{
  "seed": 11994,
  "n_per_z": 10,
  "nz": 100,
  "nd": 100,
  "n_muestras": 50,
  "best_f": 0.3741889507330851,
  "best_cp": [
    1.0,
    0.436154622929411,
    0.4974433208232643
  ],
  "best_u": [
    -0.5090414157503713,
    -0.18776505577687044,
    0.8400125718582826
  ],
  "best_index": 6,
  "n_candidatos": 54
}
