Punto[0.         0.5953715  0.42074024] -> F: 0.12789472537523433
Punto[1.         0.53031212 0.50061013] -> F: 0.44249010843173814
Punto[2.         0.50070039 0.55837335] -> F: 0.16759293878731452
Punto[1.         0.54803595 0.48955679] -> F: 0.45232226302027473
Punto[1.         0.53066659 0.50038907] -> F: 0.4427952650167757
Punto[1.         0.53101398 0.50017242] -> F: 0.4430966968342995
Punto[1.         0.53136137 0.49995577] -> F: 0.44340048299212986
Punto[1.         0.53170876 0.49973913] -> F: 0.44370662349026657
Punto[1.         0.53205614 0.49952248] -> F: 0.44401511832870977
Punto[1.         0.53240353 0.49930584] -> F: 0.4443259675074593
Punto[1.         0.53275092 0.49908919] -> F: 0.444639171026515
Punto[1.         0.5330983  0.49887255] -> F: 0.4449547288858776
Punto[1.         0.53344569 0.4986559 ] -> F: 0.44526065021140343
Punto[1.         0.53379308 0.49843926] -> F: 0.4455565766195842
Punto[1.         0.53414046 0.49822261] -> F: 0.44585343934323896
Punto[1.         0.53448785 0.49800597] -> F: 0.4461512383823672
Punto[1.         0.53483524 0.49778932] -> F: 0.44644997373696943
Punto[1.         0.53518263 0.49757267] -> F: 0.44674964540704565
Punto[1.         0.53553001 0.49735603] -> F: 0.44705025339259563
Punto[1.         0.5358774  0.49713938] -> F: 0.44735179769361927
Punto[1.         0.53622479 0.49692274] -> F: 0.4476542783101169
Punto[1.         0.53657217 0.49670609] -> F: 0.44795769524208806
Punto[1.         0.53691956 0.49648945] -> F: 0.4482620484895333
Punto[1.         0.53726695 0.4962728 ] -> F: 0.4485673380524524
Punto[1.         0.53761434 0.49605616] -> F: 0.44887356393084527
Punto[1.         0.53796172 0.49583951] -> F: 0.4491807261247119
Punto[1.         0.53830911 0.49562287] -> F: 0.44948882463405243
Punto[1.         0.5386565  0.49540622] -> F: 0.4497978594588667
Punto[1.         0.53900388 0.49518957] -> F: 0.45010783059915466
Punto[1.         0.53935127 0.49497293] -> F: 0.45041873805491656
Punto[1.         0.53969866 0.49475628] -> F: 0.45073058182615233
Punto[1.         0.54004604 0.49453964] -> F: 0.4510433619128619
Punto[1.         0.54039343 0.49432299] -> F: 0.4513570783150453
Punto[1.         0.54074082 0.49410635] -> F: 0.4516717310327025
Punto[1.         0.54108821 0.4938897 ] -> F: 0.45198732006583353
Punto[1.         0.54143559 0.49367306] -> F: 0.4523038454144383
Punto[1.         0.54178298 0.49345641] -> F: 0.45262130707851705
Punto[1.         0.54213037 0.49323976] -> F: 0.45293970505806946
Punto[1.         0.54247775 0.49302312] -> F: 0.4532590393530958
Punto[1.         0.54282514 0.49280647] -> F: 0.45357930996359597
Punto[1.         0.54317253 0.49258983] -> F: 0.45390051688956984
Punto[1.         0.54351992 0.49237318] -> F: 0.45422266013101764
Punto[1.         0.5438673  0.49215654] -> F: 0.4545457396879392
Punto[1.         0.54421469 0.49193989] -> F: 0.45486975556033465
Punto[1.         0.54456208 0.49172325] -> F: 0.4551947077482038
Punto[1.         0.54490946 0.4915066 ] -> F: 0.45552059625154684
Punto[1.         0.54525685 0.49128996] -> F: 0.4554081871415067
Punto[1.         0.54560424 0.49107331] -> F: 0.45502371593840446
Punto[1.         0.54595162 0.49085666] -> F: 0.45463456266665137
Punto[1.         0.54629901 0.49064002] -> F: 0.4542464865370001
Punto[1.         0.5466464  0.49042337] -> F: 0.45385948754945094
Punto[1.         0.54699379 0.49020673] -> F: 0.45347356570400404
Punto[1.         0.54734117 0.48999008] -> F: 0.4530887210006589
Punto[1.         0.54768856 0.48977344] -> F: 0.45270495343941575
{
  "seed": 5536,
  "n_per_z": 10,
  "nz": 100,
  "nd": 100,
  "n_muestras": 50,
  "best_f": 0.45552059625154684,
  "best_cp": [
    1.0,
    0.5449094633583094,
    0.4915066005748261
  ],
  "best_u": [
    -0.36812455268467775,
    -0.20282445640594968,
    0.9073844574348499
  ],
  "best_index": 45,
  "n_candidatos": 54
}
