Punto[0.         0.52145653 0.58716641] -> F: 0.13440706930113858
Punto[1.         0.46522847 0.52217735] -> F: 0.3742710109150302
Punto[2.         0.6027195  0.56651781] -> F: 0.12036369050364941
Punto[1.         0.56208802 0.57684211] -> F: 0.3965531413890081
Punto[1.         0.46716566 0.52327065] -> F: 0.3777192947449034
Punto[1.         0.46906411 0.52434208] -> F: 0.3811220361435536
Punto[1.         0.47096256 0.52541351] -> F: 0.3845341064442678
Punto[1.         0.472861   0.52648494] -> F: 0.3879346541167552
Punto[1.         0.47475945 0.52755637] -> F: 0.3913571720029782
Punto[1.         0.4766579  0.52862779] -> F: 0.39480166010293727
Punto[1.         0.47855635 0.52969922] -> F: 0.3982681066239161
Punto[1.         0.48045479 0.53077065] -> F: 0.4017537204179865
Punto[1.         0.48235324 0.53184208] -> F: 0.4052563580749439
Punto[1.         0.48425169 0.53291351] -> F: 0.40869885328432426
Punto[1.         0.48615013 0.53398494] -> F: 0.41198466103874043
Punto[1.         0.48804858 0.53505637] -> F: 0.4152822039588702
Punto[1.         0.48994703 0.5361278 ] -> F: 0.41859148204471414
Punto[1.         0.49184547 0.53719923] -> F: 0.42184734144541375
Punto[1.         0.49374392 0.53827066] -> F: 0.4250703208964416
Punto[1.         0.49564237 0.53934209] -> F: 0.42830364688180667
Punto[1.         0.49754082 0.54041352] -> F: 0.4315455179429669
Punto[1.         0.49943926 0.54148495] -> F: 0.43469781460262474
Punto[1.         0.50133771 0.54255637] -> F: 0.43785963881695117
Punto[1.         0.50323616 0.5436278 ] -> F: 0.4410309905859462
Punto[1.         0.5051346  0.54469923] -> F: 0.4441558523078985
Punto[1.         0.50703305 0.54577066] -> F: 0.4472501363148329
Punto[1.         0.5089315  0.54684209] -> F: 0.448007808208272
Punto[1.         0.51082995 0.54791352] -> F: 0.4465528838565099
Punto[1.         0.51272839 0.54898495] -> F: 0.4451022713387555
Punto[1.         0.51462684 0.55005638] -> F: 0.443655970655009
Punto[1.         0.51652529 0.55112781] -> F: 0.4422139818052702
Punto[1.         0.51842373 0.55219924] -> F: 0.4407763047895394
Punto[1.         0.52032218 0.55327067] -> F: 0.4393375366818472
Punto[1.         0.52222063 0.5543421 ] -> F: 0.43789439679512504
Punto[1.         0.52411907 0.55541353] -> F: 0.4364556543983594
Punto[1.         0.52601752 0.55648495] -> F: 0.43502130949154993
Punto[1.         0.52791597 0.55755638] -> F: 0.43359136207469695
Punto[1.         0.52981442 0.55862781] -> F: 0.43216581214780014
Punto[1.         0.53171286 0.55969924] -> F: 0.43074465971085985
Punto[1.         0.53361131 0.56077067] -> F: 0.42932790476387583
Punto[1.         0.53550976 0.5618421 ] -> F: 0.427915547306848
Punto[1.         0.5374082  0.56291353] -> F: 0.4265075873397767
Punto[1.         0.53930665 0.56398496] -> F: 0.42510402486266147
Punto[1.         0.5412051  0.56505639] -> F: 0.42370485987550277
Punto[1.         0.54310355 0.56612782] -> F: 0.4223100923783002
Punto[1.         0.54500199 0.56719925] -> F: 0.4209197223710541
Punto[1.         0.54690044 0.56827068] -> F: 0.4195337498537643
Punto[1.         0.54879889 0.56934211] -> F: 0.4181521748264309
Punto[1.         0.55069733 0.57041354] -> F: 0.41677499728905376
Punto[1.         0.55259578 0.57148496] -> F: 0.4146170476075645
Punto[1.         0.55449423 0.57255639] -> F: 0.4112013997561611
Punto[1.         0.55639267 0.57362782] -> F: 0.4076019145880677
Punto[1.         0.55829112 0.57469925] -> F: 0.40390271044408343
Punto[1.         0.56018957 0.57577068] -> F: 0.4002197860443969
{
  "seed": 19942,
  "n_per_z": 10,
  "nz": 100,
  "nd": 100,
  "n_muestras": 50,
  "best_f": 0.448007808208272,
  "best_cp": [
    1.0,
    0.5089314984168126,
    0.546842091705303
  ],
  "best_u": [
    0.9995065603657316,
    0.021502144221956006,
    0.022897457931447825
  ],
  "best_index": 26,
  "n_candidatos": 54
}
