Punto[0.         0.51444508 0.4149813 ] -> F: 0.1490589494960576
Punto[1.         0.49579444 0.42675097] -> F: 0.4519701652877925
Punto[2.         0.45045314 0.51206784] -> F: 0.13982207633703997
Punto[1.         0.48244911 0.46352457] -> F: 0.45258742507834615
Punto[1.         0.49552754 0.42748644] -> F: 0.4528569728849804
Punto[1.         0.49526597 0.42820721] -> F: 0.4537264405709341
Punto[1.         0.4950044  0.42892797] -> F: 0.4545963004951659
Punto[1.         0.49474283 0.42964873] -> F: 0.4554665526576757
Punto[1.         0.49448126 0.43036949] -> F: 0.4563371970584633
Punto[1.         0.49421969 0.43109026] -> F: 0.4572082336975293
Punto[1.         0.49395813 0.43181102] -> F: 0.4580796625748732
Punto[1.         0.49369656 0.43253178] -> F: 0.4589514836904951
Punto[1.         0.49343499 0.43325254] -> F: 0.45980781733137777
Punto[1.         0.49317342 0.43397331] -> F: 0.4606465964750133
Punto[1.         0.49291185 0.43469407] -> F: 0.4614857362267308
Punto[1.         0.49265028 0.43541483] -> F: 0.4623252365865301
Punto[1.         0.49238871 0.43613559] -> F: 0.46316509755441154
Punto[1.         0.49212715 0.43685636] -> F: 0.46400531913037485
Punto[1.         0.49186558 0.43757712] -> F: 0.46481244140566835
Punto[1.         0.49160401 0.43829788] -> F: 0.4656144908234101
Punto[1.         0.49134244 0.43901864] -> F: 0.46641687096589474
Punto[1.         0.49108087 0.43973941] -> F: 0.46720346842841703
Punto[1.         0.4908193  0.44046017] -> F: 0.46797244555586315
Punto[1.         0.49055773 0.44118093] -> F: 0.4687417251096834
Punto[1.         0.49029617 0.44190169] -> F: 0.46951130708987765
Punto[1.         0.4900346  0.44262246] -> F: 0.470281191496446
Punto[1.         0.48977303 0.44334322] -> F: 0.4710513783293883
Punto[1.         0.48951146 0.44406398] -> F: 0.4718218675887047
Punto[1.         0.48924989 0.44478474] -> F: 0.47187700273883126
Punto[1.         0.48898832 0.44550551] -> F: 0.471063898142153
Punto[1.         0.48872675 0.44622627] -> F: 0.4702505915445296
Punto[1.         0.48846518 0.44694703] -> F: 0.46943709357418745
Punto[1.         0.48820362 0.44766779] -> F: 0.46862340539245867
Punto[1.         0.48794205 0.44838856] -> F: 0.4678095269993429
Punto[1.         0.48768048 0.44910932] -> F: 0.46698456131184835
Punto[1.         0.48741891 0.44983008] -> F: 0.4661413668483992
Punto[1.         0.48715734 0.45055084] -> F: 0.46529953294984777
Punto[1.         0.48689577 0.45127161] -> F: 0.46447117000942173
Punto[1.         0.4866342  0.45199237] -> F: 0.46365932636464985
Punto[1.         0.48637264 0.45271313] -> F: 0.46286400201553207
Punto[1.         0.48611107 0.45343389] -> F: 0.4620851969620684
Punto[1.         0.4858495  0.45415466] -> F: 0.46132291120425895
Punto[1.         0.48558793 0.45487542] -> F: 0.4605771447421036
Punto[1.         0.48532636 0.45559618] -> F: 0.4598478975756025
Punto[1.         0.48506479 0.45631694] -> F: 0.4591351697047554
Punto[1.         0.48480322 0.45703771] -> F: 0.4584389611295625
Punto[1.         0.48454166 0.45775847] -> F: 0.4577592718500237
Punto[1.         0.48428009 0.45847923] -> F: 0.4570961018661391
Punto[1.         0.48401852 0.45919999] -> F: 0.45644945117790864
Punto[1.         0.48375695 0.45992076] -> F: 0.45581682508402
Punto[1.         0.48349538 0.46064152] -> F: 0.4551510476741184
Punto[1.         0.48323381 0.46136228] -> F: 0.45449521896860057
Punto[1.         0.48297224 0.46208304] -> F: 0.4538493389674656
Punto[1.         0.48271068 0.46280381] -> F: 0.45321340767071416
{
  "seed": 15134,
  "n_per_z": 10,
  "nz": 100,
  "nd": 100,
  "n_muestras": 50,
  "best_f": 0.47187700273883126,
  "best_cp": [
    1.0,
    0.48924989061820345,
    0.4447847432513024
  ],
  "best_u": [
    0.2181432413965427,
    0.44305693845677224,
    0.86954820195221
  ],
  "best_index": 28,
  "n_candidatos": 54
}
