Punto[0.         0.49961556 0.47446751] -> F: 0.11758845565103386
Punto[1.         0.4214799  0.51511183] -> F: 0.4138579607380426
Punto[2.         0.45355359 0.48192791] -> F: 0.15454616209720504
Punto[1.         0.47658458 0.47819771] -> F: 0.4183331578909561
Punto[1.         0.42258199 0.51437355] -> F: 0.4160374636942285
Punto[1.         0.42366204 0.51365003] -> F: 0.4181768137753621
Punto[1.         0.42474209 0.51292651] -> F: 0.4203195663215362
Punto[1.         0.42582214 0.512203  ] -> F: 0.4224657213327505
Punto[1.         0.4269022  0.51147948] -> F: 0.424550773687906
Punto[1.         0.42798225 0.51075596] -> F: 0.4265788583056495
Punto[1.         0.4290623  0.51003245] -> F: 0.428552639545386
Punto[1.         0.43014235 0.50930893] -> F: 0.4305292338501032
Punto[1.         0.4312224  0.50858541] -> F: 0.43250864121980087
Punto[1.         0.43230246 0.5078619 ] -> F: 0.43449086165447925
Punto[1.         0.43338251 0.50713838] -> F: 0.4364758951541383
Punto[1.         0.43446256 0.50641486] -> F: 0.43833289190376684
Punto[1.         0.43554261 0.50569135] -> F: 0.4401489396755385
Punto[1.         0.43662266 0.50496783] -> F: 0.44196703403870435
Punto[1.         0.43770271 0.50424431] -> F: 0.4437871749932645
Punto[1.         0.43878277 0.5035208 ] -> F: 0.4455468566030238
Punto[1.         0.43986282 0.50279728] -> F: 0.44477827715903007
Punto[1.         0.44094287 0.50207376] -> F: 0.4440104452915351
Punto[1.         0.44202292 0.50135025] -> F: 0.44324336100053907
Punto[1.         0.44310297 0.50062673] -> F: 0.44247702428604174
Punto[1.         0.44418302 0.49990321] -> F: 0.4417114351480434
Punto[1.         0.44526308 0.4991797 ] -> F: 0.44094167591371297
Punto[1.         0.44634313 0.49845618] -> F: 0.4401664996767837
Punto[1.         0.44742318 0.49773266] -> F: 0.43939209287959907
Punto[1.         0.44850323 0.49700915] -> F: 0.4386184555221591
Punto[1.         0.44958328 0.49628563] -> F: 0.4378455876044636
Punto[1.         0.45066333 0.49556211] -> F: 0.4370734891265128
Punto[1.         0.45174339 0.4948386 ] -> F: 0.4363021600883066
Punto[1.         0.45282344 0.49411508] -> F: 0.4355316004898449
Punto[1.         0.45390349 0.49339156] -> F: 0.4347587560927515
Punto[1.         0.45498354 0.49266804] -> F: 0.43397845480774716
Punto[1.         0.45606359 0.49194453] -> F: 0.4331989457194033
Punto[1.         0.45714365 0.49122101] -> F: 0.4324202288277198
Punto[1.         0.4582237  0.49049749] -> F: 0.43164230413269683
Punto[1.         0.45930375 0.48977398] -> F: 0.43086517163433413
Punto[1.         0.4603838  0.48905046] -> F: 0.4300888313326319
Punto[1.         0.46146385 0.48832694] -> F: 0.4293132832275901
Punto[1.         0.4625439  0.48760343] -> F: 0.4285376045737005
Punto[1.         0.46362396 0.48687991] -> F: 0.4277521303872346
Punto[1.         0.46470401 0.48615639] -> F: 0.42696747215034003
Punto[1.         0.46578406 0.48543288] -> F: 0.4261836298630166
Punto[1.         0.46686411 0.48470936] -> F: 0.42540060352526454
Punto[1.         0.46794416 0.48398584] -> F: 0.42461839313708355
Punto[1.         0.46902421 0.48326233] -> F: 0.4238369986984739
Punto[1.         0.47010427 0.48253881] -> F: 0.42305642020943557
Punto[1.         0.47118432 0.48181529] -> F: 0.4222766576699683
Punto[1.         0.47226437 0.48109178] -> F: 0.4214876356384999
Punto[1.         0.47334442 0.48036826] -> F: 0.420697754980663
Punto[1.         0.47442447 0.47964474] -> F: 0.41990871513679334
Punto[1.         0.47550452 0.47892123] -> F: 0.41912051610689105
{
  "seed": 17859,
  "n_per_z": 10,
  "nz": 100,
  "nd": 100,
  "n_muestras": 50,
  "best_f": 0.4455468566030238,
  "best_cp": [
    1.0,
    0.4387827655799827,
    0.5035207962602302
  ],
  "best_u": [
    -0.9995065603657316,
    0.029204985194744612,
    -0.011563071635122171
  ],
  "best_index": 19,
  "n_candidatos": 54
}
