Punto[0.         0.40309558 0.39835789] -> F: 0.1538032326454345
Punto[1.         0.38605479 0.509294  ] -> F: 0.34764820846977323
Punto[2.         0.41874122 0.40671447] -> F: 0.09151816511343201
Punto[1.         0.4109184  0.40253618] -> F: 0.3680066622395478
Punto[1.         0.38655207 0.50715884] -> F: 0.3503021445907732
Punto[1.         0.38703939 0.50506639] -> F: 0.35292961698242453
Punto[1.         0.38752672 0.50297393] -> F: 0.3555834355288336
Punto[1.         0.38801405 0.50088148] -> F: 0.35826360023
Punto[1.         0.38850137 0.49878903] -> F: 0.36097011108592403
Punto[1.         0.3889887  0.49669657] -> F: 0.3637029680966057
Punto[1.         0.38947603 0.49460412] -> F: 0.3664621712620449
Punto[1.         0.38996335 0.49251167] -> F: 0.36894436555470606
Punto[1.         0.39045068 0.49041921] -> F: 0.37135582340083156
Punto[1.         0.39093801 0.48832676] -> F: 0.3738258443540023
Punto[1.         0.39142533 0.48623431] -> F: 0.37635442841421807
Punto[1.         0.39191266 0.48414186] -> F: 0.3789004090346648
Punto[1.         0.39239999 0.4820494 ] -> F: 0.3814691758283029
Punto[1.         0.39288731 0.47995695] -> F: 0.3840803350626124
Punto[1.         0.39337464 0.4778645 ] -> F: 0.3867338867375931
Punto[1.         0.39386197 0.47577204] -> F: 0.38942983085324545
Punto[1.         0.39434929 0.47367959] -> F: 0.392168167409569
Punto[1.         0.39483662 0.47158714] -> F: 0.3949488964065639
Punto[1.         0.39532395 0.46949468] -> F: 0.3977187246119439
Punto[1.         0.39581127 0.46740223] -> F: 0.40050995656677607
Punto[1.         0.3962986  0.46530978] -> F: 0.4031091044506295
Punto[1.         0.39678593 0.46321732] -> F: 0.4049555380103114
Punto[1.         0.39727325 0.46112487] -> F: 0.4038544603786871
Punto[1.         0.39776058 0.45903242] -> F: 0.4026522765241214
Punto[1.         0.39824791 0.45693996] -> F: 0.4014527083662181
Punto[1.         0.39873523 0.45484751] -> F: 0.40025575606987057
Punto[1.         0.39922256 0.45275506] -> F: 0.39906141963507874
Punto[1.         0.39970989 0.4506626 ] -> F: 0.39786969906184283
Punto[1.         0.40019721 0.44857015] -> F: 0.3966756678035732
Punto[1.         0.40068454 0.4464777 ] -> F: 0.3954536576953274
Punto[1.         0.40117187 0.44438524] -> F: 0.3942320005850104
Punto[1.         0.40165919 0.44229279] -> F: 0.39301069647262177
Punto[1.         0.40214652 0.44020034] -> F: 0.39178084129138313
Punto[1.         0.40263385 0.43810789] -> F: 0.3905403051987682
Punto[1.         0.40312117 0.43601543] -> F: 0.389286868068479
Punto[1.         0.4036085  0.43392298] -> F: 0.3880278421335997
Punto[1.         0.40409583 0.43183053] -> F: 0.3867506814667163
Punto[1.         0.40458315 0.42973807] -> F: 0.38546737986966934
Punto[1.         0.40507048 0.42764562] -> F: 0.384172913502687
Punto[1.         0.40555781 0.42555317] -> F: 0.3828653575415016
Punto[1.         0.40604513 0.42346071] -> F: 0.3815503065527507
Punto[1.         0.40653246 0.42136826] -> F: 0.38022252562635867
Punto[1.         0.40701979 0.41927581] -> F: 0.378883085659024
Punto[1.         0.40750711 0.41718335] -> F: 0.377535294082349
Punto[1.         0.40799444 0.4150909 ] -> F: 0.37617590283188784
Punto[1.         0.40848177 0.41299845] -> F: 0.3748169524138986
Punto[1.         0.40896909 0.41090599] -> F: 0.3734586100288635
Punto[1.         0.40945642 0.40881354] -> F: 0.3720943196589097
Punto[1.         0.40994375 0.40672109] -> F: 0.37073028005989533
Punto[1.         0.41043107 0.40462863] -> F: 0.3693677275867746
Best centerpoint:  [1.         0.39678593 0.46321732] Best F:  0.4049555380103114 Best u:  [ 0.21814324 -0.668061    0.7114127 ] índice:  22
{
  "seed": 2585,
  "n_per_z": 5,
  "nz": 100,
  "nd": 100,
  "n_muestras": 50,
  "best_f": 0.4049555380103114,
  "best_cp": [
    1.0,
    0.3967859268081132,
    0.4632173234712668
  ],
  "best_u": [
    0.2181432413965427,
    -0.6680609950124665,
    0.711412702428037
  ],
  "n_candidatos": 54
}
