Punto[0.         0.55867299 0.52296708] -> F: 0.13040847224787785
Punto[1.         0.49346452 0.55360532] -> F: 0.4164123186749958
Punto[2.         0.50394268 0.56031417] -> F: 0.08580440626397048
Punto[1.         0.53130783 0.54164063] -> F: 0.40338850142746885
Punto[1.         0.49422139 0.55336602] -> F: 0.41638132385478543
Punto[1.         0.49496312 0.55313151] -> F: 0.41633358204661364
Punto[1.         0.49570485 0.55289701] -> F: 0.4162858615024915
Punto[1.         0.49644657 0.5526625 ] -> F: 0.4162381622224193
Punto[1.         0.4971883  0.55242799] -> F: 0.4161904842063969
Punto[1.         0.49793003 0.55219348] -> F: 0.41614282745442444
Punto[1.         0.49867176 0.55195897] -> F: 0.41609519196650174
Punto[1.         0.49941349 0.55172447] -> F: 0.41604757774262874
Punto[1.         0.50015522 0.55148996] -> F: 0.41599998478280587
Punto[1.         0.50089695 0.55125545] -> F: 0.4159524130870327
Punto[1.         0.50163868 0.55102094] -> F: 0.41590486265530946
Punto[1.         0.50238041 0.55078643] -> F: 0.41585733348763576
Punto[1.         0.50312213 0.55055193] -> F: 0.4158098255840121
Punto[1.         0.50386386 0.55031742] -> F: 0.4157623389444384
Punto[1.         0.50460559 0.55008291] -> F: 0.41571487356891434
Punto[1.         0.50534732 0.5498484 ] -> F: 0.41566635879705716
Punto[1.         0.50608905 0.54961389] -> F: 0.4155853669304999
Punto[1.         0.50683078 0.54937939] -> F: 0.4155044731613644
Punto[1.         0.50757251 0.54914488] -> F: 0.41542367748965037
Punto[1.         0.50831424 0.54891037] -> F: 0.415342979915358
Punto[1.         0.50905597 0.54867586] -> F: 0.4152623804384874
Punto[1.         0.50979769 0.54844136] -> F: 0.4151818790590384
Punto[1.         0.51053942 0.54820685] -> F: 0.41510147577701106
Punto[1.         0.51128115 0.54797234] -> F: 0.4150211705924055
Punto[1.         0.51202288 0.54773783] -> F: 0.41494096350522147
Punto[1.         0.51276461 0.54750332] -> F: 0.4148608545154591
Punto[1.         0.51350634 0.54726882] -> F: 0.41467809679146145
Punto[1.         0.51424807 0.54703431] -> F: 0.4142316354000326
Punto[1.        0.5149898 0.5467998] -> F: 0.4137857513569025
Punto[1.         0.51573153 0.54656529] -> F: 0.41334044466207104
Punto[1.         0.51647325 0.54633078] -> F: 0.4128957153155381
Punto[1.         0.51721498 0.54609628] -> F: 0.412451563317304
Punto[1.         0.51795671 0.54586177] -> F: 0.41200798866736854
Punto[1.         0.51869844 0.54562726] -> F: 0.41156499136573166
Punto[1.         0.51944017 0.54539275] -> F: 0.41112257141239356
Punto[1.         0.5201819  0.54515824] -> F: 0.4106678170354629
Punto[1.         0.52092363 0.54492374] -> F: 0.4102074510649646
Punto[1.         0.52166536 0.54468923] -> F: 0.40973644344267374
Punto[1.         0.52240708 0.54445472] -> F: 0.4092453371309131
Punto[1.         0.52314881 0.54422021] -> F: 0.408754697999123
Punto[1.         0.52389054 0.5439857 ] -> F: 0.408264526047303
Punto[1.         0.52463227 0.5437512 ] -> F: 0.40777482127545345
Punto[1.         0.525374   0.54351669] -> F: 0.407285583683574
Punto[1.         0.52611573 0.54328218] -> F: 0.4067968132716649
Punto[1.         0.52685746 0.54304767] -> F: 0.406308510039726
Punto[1.         0.52759919 0.54281317] -> F: 0.4058206739877575
Punto[1.         0.52834092 0.54257866] -> F: 0.40533330511575916
Punto[1.         0.52908264 0.54234415] -> F: 0.4048464034237313
Punto[1.         0.52982437 0.54210964] -> F: 0.4043599689116735
Punto[1.         0.5305661  0.54187513] -> F: 0.40387400157958614
{
  "seed": 7679,
  "n_per_z": 10,
  "nz": 100,
  "nd": 100,
  "n_muestras": 50,
  "best_f": 0.4164123186749958,
  "best_cp": [
    1.0,
    0.4934645219799795,
    0.5536053151383649
  ],
  "best_u": [
    0.27899110603922916,
    -0.26791339748949855,
    -0.9221639627510074
  ],
  "best_index": 1,
  "n_candidatos": 54
}
