Punto[0.         0.45997685 0.48809678] -> F: 0.1606260531686626
Punto[1.         0.46608007 0.45325455] -> F: 0.42975440057752323
Punto[2.         0.46705352 0.35230265] -> F: 0.10687347148184302
Punto[1.         0.46351519 0.42019972] -> F: 0.4234884344506164
Punto[1.         0.46602877 0.45259345] -> F: 0.4301095776671307
Punto[1.         0.4659785  0.45194558] -> F: 0.4304578258398893
Punto[1.         0.46592822 0.4512977 ] -> F: 0.43079564305902374
Punto[1.         0.46587795 0.45064983] -> F: 0.4310229010681235
Punto[1.         0.46582768 0.45000195] -> F: 0.4312239341222354
Punto[1.         0.46577741 0.44935408] -> F: 0.4314232912253342
Punto[1.         0.46572714 0.4487062 ] -> F: 0.43162277162926027
Punto[1.         0.46567687 0.44805833] -> F: 0.4318175147249693
Punto[1.         0.46562659 0.44741045] -> F: 0.4319945406272833
Punto[1.         0.46557632 0.44676258] -> F: 0.4321716826442934
Punto[1.         0.46552605 0.44611471] -> F: 0.4323489407759996
Punto[1.         0.46547578 0.44546683] -> F: 0.4325263150224024
Punto[1.         0.46542551 0.44481896] -> F: 0.43268863631701954
Punto[1.         0.46537524 0.44417108] -> F: 0.43284417578722545
Punto[1.         0.46532497 0.44352321] -> F: 0.4329998261348039
Punto[1.         0.46527469 0.44287533] -> F: 0.4331555873597549
Punto[1.         0.46522442 0.44222746] -> F: 0.4333114594620782
Punto[1.         0.46517415 0.44157958] -> F: 0.4334674424417739
Punto[1.         0.46512388 0.44093171] -> F: 0.4336235362988421
Punto[1.         0.46507361 0.44028383] -> F: 0.43376299391716217
Punto[1.         0.46502334 0.43963596] -> F: 0.4338982814194859
Punto[1.         0.46497306 0.43898808] -> F: 0.4340336784843875
Punto[1.         0.46492279 0.43834021] -> F: 0.43375328839723476
Punto[1.         0.46487252 0.43769233] -> F: 0.43341732945315026
Punto[1.         0.46482225 0.43704446] -> F: 0.4330822311213511
Punto[1.         0.46477198 0.43639659] -> F: 0.4327479934018374
Punto[1.         0.46472171 0.43574871] -> F: 0.4324146162946092
Punto[1.         0.46467143 0.43510084] -> F: 0.43208209979966644
Punto[1.         0.46462116 0.43445296] -> F: 0.431750443917009
Punto[1.         0.46457089 0.43380509] -> F: 0.4314013142875102
Punto[1.         0.46452062 0.43315721] -> F: 0.4310367799993267
Punto[1.         0.46447035 0.43250934] -> F: 0.430673527306554
Punto[1.         0.46442008 0.43186146] -> F: 0.43031155620919215
Punto[1.         0.4643698  0.43121359] -> F: 0.42995086670724114
Punto[1.         0.46431953 0.43056571] -> F: 0.42959145880070093
Punto[1.         0.46426926 0.42991784] -> F: 0.4292333324895715
Punto[1.         0.46421899 0.42926996] -> F: 0.4288764877738529
Punto[1.         0.46416872 0.42862209] -> F: 0.42852092465354524
Punto[1.         0.46411845 0.42797421] -> F: 0.4281666431286482
Punto[1.         0.46406817 0.42732634] -> F: 0.42781364319916215
Punto[1.         0.4640179  0.42667847] -> F: 0.42746192486508694
Punto[1.         0.46396763 0.42603059] -> F: 0.4271114881264224
Punto[1.         0.46391736 0.42538272] -> F: 0.4267623329831687
Punto[1.         0.46386709 0.42473484] -> F: 0.42636085384209804
Punto[1.         0.46381682 0.42408697] -> F: 0.42595028806779167
Punto[1.         0.46376654 0.42343909] -> F: 0.4255397956758025
Punto[1.         0.46371627 0.42279122] -> F: 0.42512937666613076
Punto[1.         0.463666   0.42214334] -> F: 0.42471903103877623
Punto[1.         0.46361573 0.42149547] -> F: 0.424308758793739
Punto[1.         0.46356546 0.42084759] -> F: 0.4238985599310191
{
  "seed": 968,
  "n_per_z": 10,
  "nz": 100,
  "nd": 100,
  "n_muestras": 50,
  "best_f": 0.4340336784843875,
  "best_cp": [
    1.0,
    0.46497306338352307,
    0.438988084068788
  ],
  "best_u": [
    0.2789911060392295,
    0.9560318683084699,
    0.09037161904947665
  ],
  "best_index": 25,
  "n_candidatos": 54
}
