Punto[0.         0.52907255 0.54432242] -> F: 0.13008803059809892
Punto[1.         0.45480021 0.4198858 ] -> F: 0.38860167267498485
Punto[2.         0.53087174 0.31615902] -> F: 0.08633369329630515
Punto[1.         0.52997215 0.43024072] -> F: 0.3762073475957058
Punto[1.         0.45630365 0.4200929 ] -> F: 0.3910716759646157
Punto[1.         0.45777702 0.42029586] -> F: 0.39350263028401794
Punto[1.         0.45925039 0.42049882] -> F: 0.3959438311424635
Punto[1.         0.46072376 0.42070177] -> F: 0.398395278539952
Punto[1.         0.46219713 0.42090473] -> F: 0.4008569724764839
Punto[1.         0.4636705  0.42110769] -> F: 0.40332891295205886
Punto[1.         0.46514387 0.42131064] -> F: 0.40575206974251776
Punto[1.         0.46661724 0.4215136 ] -> F: 0.40810405078685236
Punto[1.         0.46809061 0.42171655] -> F: 0.4104659184501432
Punto[1.         0.46956398 0.42191951] -> F: 0.4128376727323903
Punto[1.         0.47103735 0.42212247] -> F: 0.4152193136335936
Punto[1.         0.47251072 0.42232542] -> F: 0.4176108411537533
Punto[1.         0.47398409 0.42252838] -> F: 0.4200122552928691
Punto[1.         0.47545746 0.42273134] -> F: 0.42242355605094123
Punto[1.         0.47693083 0.42293429] -> F: 0.42484474342796963
Punto[1.         0.4784042  0.42313725] -> F: 0.4272758174239542
Punto[1.         0.47987757 0.4233402 ] -> F: 0.4297167780388952
Punto[1.         0.48135094 0.42354316] -> F: 0.43009448260986677
Punto[1.         0.48282431 0.42374612] -> F: 0.428840975329428
Punto[1.         0.48429768 0.42394907] -> F: 0.42757027167880957
Punto[1.         0.48577105 0.42415203] -> F: 0.4261959690408622
Punto[1.         0.48724442 0.42435499] -> F: 0.4247874220902463
Punto[1.         0.48871779 0.42455794] -> F: 0.4234252993454985
Punto[1.         0.49019116 0.4247609 ] -> F: 0.42179198138543683
Punto[1.         0.49166453 0.42496386] -> F: 0.41995996028856497
Punto[1.         0.4931379  0.42516681] -> F: 0.4180770982316831
Punto[1.         0.49461127 0.42536977] -> F: 0.4159164918524233
Punto[1.         0.49608464 0.42557272] -> F: 0.41394362297104126
Punto[1.         0.49755801 0.42577568] -> F: 0.41215849158753665
Punto[1.         0.49903138 0.42597864] -> F: 0.41056109770190946
Punto[1.         0.50050475 0.42618159] -> F: 0.4091512465730501
Punto[1.         0.50197812 0.42638455] -> F: 0.40782584913418396
Punto[1.         0.50345149 0.42658751] -> F: 0.40642856985690656
Punto[1.         0.50492486 0.42679046] -> F: 0.40476565627600586
Punto[1.         0.50639823 0.42699342] -> F: 0.4032314920171033
Punto[1.         0.5078716  0.42719638] -> F: 0.4018258048331634
Punto[1.         0.50934497 0.42739933] -> F: 0.4004753076379644
Punto[1.         0.51081834 0.42760229] -> F: 0.39912277405019525
Punto[1.         0.51229171 0.42780524] -> F: 0.39776820406985575
Punto[1.         0.51376508 0.4280082 ] -> F: 0.3964115976969461
Punto[1.         0.51523845 0.42821116] -> F: 0.3950522781109129
Punto[1.         0.51671182 0.42841411] -> F: 0.39343378877644586
Punto[1.         0.51818519 0.42861707] -> F: 0.39186172364784666
Punto[1.         0.51965856 0.42882003] -> F: 0.3903360827251156
Punto[1.         0.52113193 0.42902298] -> F: 0.3888568660082524
Punto[1.         0.5226053  0.42922594] -> F: 0.38691180491599686
Punto[1.         0.52407867 0.4294289 ] -> F: 0.3849562909465445
Punto[1.         0.52555204 0.42963185] -> F: 0.3826653543045147
Punto[1.         0.52702541 0.42983481] -> F: 0.3803249479037011
Punto[1.         0.52849878 0.43003776] -> F: 0.37817227900076467
Best centerpoint:  [1.         0.48135094 0.42354316] Best F:  0.43009448260986677 Best u:  [ 0.27899111  0.70002397 -0.65736626] índice:  18
{
  "seed": 9301,
  "n_per_z": 5,
  "nz": 100,
  "nd": 100,
  "n_muestras": 50,
  "best_f": 0.43009448260986677,
  "best_cp": [
    1.0,
    0.4813509379326176,
    0.4235431612565437
  ],
  "best_u": [
    0.27899110603922916,
    0.7000239699693694,
    -0.6573662633717454
  ],
  "n_candidatos": 54
}
