Punto[0.         0.52070412 0.44592826] -> F: 0.07813648784931396
Punto[1.         0.62634107 0.42752148] -> F: 0.3013952925629591
Punto[2.         0.26493979 0.53726038] -> F: 0.08273170749006002
Punto[1.         0.39282196 0.49159432] -> F: 0.25695709940468237
Punto[1.         0.62167069 0.42880293] -> F: 0.3058610266136651
Punto[1.         0.61709372 0.43005876] -> F: 0.31026930855397156
Punto[1.         0.61251674 0.43131459] -> F: 0.3147107120027695
Punto[1.         0.60793977 0.43257042] -> F: 0.31930939221635773
Punto[1.         0.60336279 0.43382624] -> F: 0.3239785178747875
Punto[1.         0.59878582 0.43508207] -> F: 0.3287470623805398
Punto[1.         0.59420884 0.4363379 ] -> F: 0.33349557796123513
Punto[1.         0.58963187 0.43759373] -> F: 0.3383073110286985
Punto[1.         0.58505489 0.43884956] -> F: 0.3432214719373653
Punto[1.         0.58047792 0.44010538] -> F: 0.3482380606872354
Punto[1.         0.57590094 0.44136121] -> F: 0.3533453366578308
Punto[1.         0.57132397 0.44261704] -> F: 0.3585299701662338
Punto[1.         0.56674699 0.44387287] -> F: 0.36374727936504003
Punto[1.         0.56217002 0.44512869] -> F: 0.3689953164575363
Punto[1.         0.55759304 0.44638452] -> F: 0.374343759385999
Punto[1.         0.55301607 0.44764035] -> F: 0.37984641280403164
Punto[1.         0.5484391  0.44889618] -> F: 0.38675618020745856
Punto[1.         0.54386212 0.450152  ] -> F: 0.3945563653580026
Punto[1.         0.53928515 0.45140783] -> F: 0.39806192483787484
Punto[1.         0.53470817 0.45266366] -> F: 0.39388912446280067
Punto[1.         0.5301312  0.45391949] -> F: 0.38970237964623006
Punto[1.         0.52555422 0.45517531] -> F: 0.3855011025696715
Punto[1.         0.52097725 0.45643114] -> F: 0.3812760865289883
Punto[1.         0.51640027 0.45768697] -> F: 0.37704542019531284
Punto[1.        0.5118233 0.4589428] -> F: 0.37278273193911
Punto[1.         0.50724632 0.46019863] -> F: 0.36852154926877956
Punto[1.         0.50266935 0.46145445] -> F: 0.3642220474677053
Punto[1.         0.49809237 0.46271028] -> F: 0.3599289766366614
Punto[1.         0.4935154  0.46396611] -> F: 0.3555938784805172
Punto[1.         0.48893842 0.46522194] -> F: 0.3512672657858561
Punto[1.         0.48436145 0.46647776] -> F: 0.3468982796790334
Punto[1.         0.47978447 0.46773359] -> F: 0.3425361436234244
Punto[1.         0.4752075  0.46898942] -> F: 0.3381356481479035
Punto[1.         0.47063053 0.47024525] -> F: 0.3337356222413301
Punto[1.         0.46605355 0.47150107] -> F: 0.3293069091070888
Punto[1.         0.46147658 0.4727569 ] -> F: 0.32486616999304235
Punto[1.         0.4568996  0.47401273] -> F: 0.3204454404037501
Punto[1.         0.45232263 0.47526856] -> F: 0.31602129582492766
Punto[1.         0.44774565 0.47652439] -> F: 0.311655071615177
Punto[1.         0.44316868 0.47778021] -> F: 0.30734676777449843
Punto[1.         0.4385917  0.47903604] -> F: 0.30309638430289143
Punto[1.         0.43401473 0.48029187] -> F: 0.29890392120035647
Punto[1.         0.42943775 0.4815477 ] -> F: 0.29476937846689333
Punto[1.         0.42486078 0.48280352] -> F: 0.290692756102502
Punto[1.         0.4202838  0.48405935] -> F: 0.2866740541071826
Punto[1.         0.41570683 0.48531518] -> F: 0.282713272480935
Punto[1.         0.41112985 0.48657101] -> F: 0.2788104112237592
Punto[1.         0.40655288 0.48782683] -> F: 0.27496547033565527
Punto[1.         0.4019759  0.48908266] -> F: 0.27117844981662326
Punto[1.         0.39739893 0.49033849] -> F: 0.26694975406548066
Best centerpoint:  [1.         0.53928515 0.45140783] Best F:  0.39806192483787484 Best u:  [-0.66131187 -0.72654495  0.18654504] índice:  19
{
  "seed": 19561,
  "n_per_z": 5,
  "nz": 100,
  "nd": 100,
  "n_muestras": 50,
  "best_f": 0.39806192483787484,
  "best_cp": [
    1.0,
    0.5392851460750696,
    0.4514078319379028
  ],
  "best_u": [
    -0.6613118653236517,
    -0.7265449510202493,
    0.1865450372675079
  ],
  "n_candidatos": 54
}
