Punto[0.         0.57246872 0.60996457] -> F: 0.12741602666324606
Punto[1.         0.47335257 0.51508339] -> F: 0.45133312345860616
Punto[2.         0.41903381 0.46512988] -> F: 0.15817066254709994
Punto[1.         0.49575127 0.53754722] -> F: 0.44215998286261915
Punto[1.         0.47380054 0.51553267] -> F: 0.45163232963272365
Punto[1.         0.47423956 0.51597296] -> F: 0.45192566151023755
Punto[1.         0.47467857 0.51641325] -> F: 0.45221241840145965
Punto[1.         0.47511759 0.51685354] -> F: 0.45248492135077323
Punto[1.         0.4755566  0.51729383] -> F: 0.45275751126834785
Punto[1.         0.47599562 0.51773412] -> F: 0.45303018815418333
Punto[1.         0.47643463 0.51817441] -> F: 0.45330295200827975
Punto[1.         0.47687365 0.51861471] -> F: 0.4535758028306373
Punto[1.         0.47731266 0.519055  ] -> F: 0.45381983181872715
Punto[1.         0.47775167 0.51949529] -> F: 0.45406305800925395
Punto[1.         0.47819069 0.51993558] -> F: 0.45430635269726816
Punto[1.         0.4786297  0.52037587] -> F: 0.45454971588276954
Punto[1.         0.47906872 0.52081616] -> F: 0.4547931475657582
Punto[1.         0.47950773 0.52125645] -> F: 0.45503664774623415
Punto[1.         0.47994675 0.52169674] -> F: 0.4552802164241972
Punto[1.         0.48038576 0.52213703] -> F: 0.4555238535996476
Punto[1.         0.48082478 0.52257733] -> F: 0.45576755927258517
Punto[1.         0.48126379 0.52301762] -> F: 0.4554725512670163
Punto[1.         0.4817028  0.52345791] -> F: 0.4551110839950661
Punto[1.         0.48214182 0.5238982 ] -> F: 0.4547507069963867
Punto[1.         0.48258083 0.52433849] -> F: 0.45435452541781207
Punto[1.         0.48301985 0.52477878] -> F: 0.45394043638765913
Punto[1.         0.48345886 0.52521907] -> F: 0.45352632721253755
Punto[1.         0.48389788 0.52565936] -> F: 0.4531121978924476
Punto[1.         0.48433689 0.52609965] -> F: 0.45269830790908155
Punto[1.         0.48477591 0.52653994] -> F: 0.45228667886651897
Punto[1.         0.48521492 0.52698024] -> F: 0.45187773919762253
Punto[1.         0.48565393 0.52742053] -> F: 0.45147148890239214
Punto[1.         0.48609295 0.52786082] -> F: 0.4510679279808282
Punto[1.         0.48653196 0.52830111] -> F: 0.45066705643293004
Punto[1.         0.48697098 0.5287414 ] -> F: 0.4502688742586983
Punto[1.         0.48740999 0.52918169] -> F: 0.4498733814581326
Punto[1.         0.48784901 0.52962198] -> F: 0.449480578031233
Punto[1.         0.48828802 0.53006227] -> F: 0.4490904639779997
Punto[1.         0.48872704 0.53050256] -> F: 0.4487030392984324
Punto[1.         0.48916605 0.53094285] -> F: 0.4483183039925315
Punto[1.         0.48960506 0.53138315] -> F: 0.44793625806029647
Punto[1.         0.49004408 0.53182344] -> F: 0.44755690150172783
Punto[1.         0.49048309 0.53226373] -> F: 0.4471738019604526
Punto[1.         0.49092211 0.53270402] -> F: 0.4467420522304649
Punto[1.         0.49136112 0.53314431] -> F: 0.44631027939414447
Punto[1.         0.49180014 0.5335846 ] -> F: 0.44587848345149106
Punto[1.         0.49223915 0.53402489] -> F: 0.445446664402505
Punto[1.         0.49267817 0.53446518] -> F: 0.4450148222471861
Punto[1.         0.49311718 0.53490547] -> F: 0.44458295698553424
Punto[1.         0.4935562  0.53534577] -> F: 0.4441510908734328
Punto[1.         0.49399521 0.53578606] -> F: 0.4437265395537219
Punto[1.         0.49443422 0.53622635] -> F: 0.4433151530927851
Punto[1.         0.49487324 0.53666664] -> F: 0.4429169314906225
Punto[1.         0.49531225 0.53710693] -> F: 0.4425318747472337
{
  "seed": 18818,
  "n_per_z": 10,
  "nz": 100,
  "nd": 100,
  "n_muestras": 50,
  "best_f": 0.45576755927258517,
  "best_cp": [
    1.0,
    0.4808247754287355,
    0.5225773253142658
  ],
  "best_u": [
    -0.21814324139654234,
    -0.8552023776537013,
    0.4701514856814405
  ],
  "best_index": 20,
  "n_candidatos": 54
}
