Punto[0.         0.49686953 0.61346703] -> F: 0.10680646984035982
Punto[1.         0.52095927 0.55541783] -> F: 0.37022268311907364
Punto[2.         0.35734939 0.61002289] -> F: 0.14598033800518337
Punto[1.         0.42710946 0.61174496] -> F: 0.38431279976209465
Punto[1.         0.51908228 0.55654438] -> F: 0.37377529904206475
Punto[1.         0.51724282 0.55764839] -> F: 0.3772662777403754
Punto[1.         0.51540336 0.5587524 ] -> F: 0.380740857889354
Punto[1.         0.51356391 0.55985641] -> F: 0.3842276759219538
Punto[1.         0.51172445 0.56096042] -> F: 0.38772673183817535
Punto[1.         0.50988499 0.56206443] -> F: 0.39123482926372616
Punto[1.         0.50804554 0.56316845] -> F: 0.3946384707938569
Punto[1.         0.50620608 0.56427246] -> F: 0.3980532444153768
Punto[1.         0.50436663 0.56537647] -> F: 0.40146948733005494
Punto[1.         0.50252717 0.56648048] -> F: 0.4047939580372086
Punto[1.         0.50068771 0.56758449] -> F: 0.4081286105200659
Punto[1.         0.49884826 0.5686885 ] -> F: 0.4114459037928964
Punto[1.         0.4970088  0.56979252] -> F: 0.4146944117331728
Punto[1.         0.49516934 0.57089653] -> F: 0.41795227351049347
Punto[1.         0.49332989 0.57200054] -> F: 0.4211659398610784
Punto[1.         0.49149043 0.57310455] -> F: 0.42434107563318685
Punto[1.         0.48965098 0.57420856] -> F: 0.42752483551060133
Punto[1.         0.48781152 0.57531257] -> F: 0.4292911795952521
Punto[1.         0.48597206 0.57641659] -> F: 0.42788859281335095
Punto[1.         0.48413261 0.5775206 ] -> F: 0.4264886758455503
Punto[1.         0.48229315 0.57862461] -> F: 0.4250914286918503
Punto[1.         0.48045369 0.57972862] -> F: 0.42369685135225077
Punto[1.         0.47861424 0.58083263] -> F: 0.4223049438267518
Punto[1.         0.47677478 0.58193665] -> F: 0.42091570611535334
Punto[1.         0.47493533 0.58304066] -> F: 0.4195291382180556
Punto[1.         0.47309587 0.58414467] -> F: 0.4181452401348582
Punto[1.         0.47125641 0.58524868] -> F: 0.4167640118657614
Punto[1.         0.46941696 0.58635269] -> F: 0.41538545341076516
Punto[1.        0.4675775 0.5874567] -> F: 0.4140051895228896
Punto[1.         0.46573804 0.58856072] -> F: 0.41262700933399543
Punto[1.         0.46389859 0.58966473] -> F: 0.41125151833805157
Punto[1.         0.46205913 0.59076874] -> F: 0.4098787165350579
Punto[1.         0.46021968 0.59187275] -> F: 0.4085086039250144
Punto[1.         0.45838022 0.59297676] -> F: 0.40714118050792114
Punto[1.         0.45654076 0.59408077] -> F: 0.40577644628377807
Punto[1.         0.45470131 0.59518479] -> F: 0.40441440125258515
Punto[1.         0.45286185 0.5962888 ] -> F: 0.4030550454143426
Punto[1.         0.45102239 0.59739281] -> F: 0.40169837876905023
Punto[1.         0.44918294 0.59849682] -> F: 0.40034440131670807
Punto[1.         0.44734348 0.59960083] -> F: 0.3989931130573159
Punto[1.         0.44550403 0.60070484] -> F: 0.3976445139908741
Punto[1.         0.44366457 0.60180886] -> F: 0.3962986041173826
Punto[1.         0.44182511 0.60291287] -> F: 0.39495538343684117
Punto[1.         0.43998566 0.60401688] -> F: 0.39361485194924994
Punto[1.         0.4381462  0.60512089] -> F: 0.3922770096546089
Punto[1.         0.43630674 0.6062249 ] -> F: 0.39094185655291813
Punto[1.         0.43446729 0.60732892] -> F: 0.3896093926441776
Punto[1.         0.43262783 0.60843293] -> F: 0.38827961792838717
Punto[1.         0.43078838 0.60953694] -> F: 0.38695262910287986
Punto[1.         0.42894892 0.61064095] -> F: 0.3856301453974316
{
  "seed": 18766,
  "n_per_z": 10,
  "nz": 100,
  "nd": 100,
  "n_muestras": 50,
  "best_f": 0.4292911795952521,
  "best_cp": [
    1.0,
    0.4878115192350019,
    0.5753125749602144
  ],
  "best_u": [
    -0.5358267949789969,
    -0.6671499424241857,
    0.5174945411363697
  ],
  "best_index": 21,
  "n_candidatos": 54
}
