Punto[0.         0.41811573 0.53246876] -> F: 0.10328069808040372
Punto[1.         0.41350813 0.56413431] -> F: 0.4014692825121572
Punto[2.         0.42754146 0.500643  ] -> F: 0.17920436342537716
Punto[1.         0.42282859 0.51655588] -> F: 0.3964510337879736
Punto[1.         0.41369454 0.56318274] -> F: 0.4017723318132981
Punto[1.         0.41387722 0.5622502 ] -> F: 0.4020701251057372
Punto[1.         0.4140599  0.56131766] -> F: 0.4023687152444137
Punto[1.         0.41424259 0.56038513] -> F: 0.40266808678492433
Punto[1.         0.41442527 0.55945259] -> F: 0.40296812084882255
Punto[1.         0.41460795 0.55852005] -> F: 0.4032687925001156
Punto[1.         0.41479063 0.55758752] -> F: 0.4035701017388033
Punto[1.         0.41497331 0.55665498] -> F: 0.4038720485648862
Punto[1.         0.41515599 0.55572244] -> F: 0.4041746329783637
Punto[1.         0.41533867 0.5547899 ] -> F: 0.4044778549792362
Punto[1.         0.41552135 0.55385737] -> F: 0.40478171456750367
Punto[1.         0.41570403 0.55292483] -> F: 0.405086211743166
Punto[1.         0.41588671 0.55199229] -> F: 0.4053913465062229
Punto[1.         0.4160694  0.55105976] -> F: 0.4056971188566749
Punto[1.         0.41625208 0.55012722] -> F: 0.4060035287945219
Punto[1.         0.41643476 0.54919468] -> F: 0.40631057631976364
Punto[1.         0.41661744 0.54826214] -> F: 0.40661826143240004
Punto[1.         0.41680012 0.54732961] -> F: 0.40692658413243143
Punto[1.         0.4169828  0.54639707] -> F: 0.40723554441985793
Punto[1.         0.41716548 0.54546453] -> F: 0.40754514229467925
Punto[1.         0.41734816 0.544532  ] -> F: 0.4078553777568953
Punto[1.         0.41753084 0.54359946] -> F: 0.40816625080650615
Punto[1.         0.41771353 0.54266692] -> F: 0.40847776144351206
Punto[1.         0.41789621 0.54173438] -> F: 0.4087899096679127
Punto[1.         0.41807889 0.54080185] -> F: 0.40910269547970834
Punto[1.         0.41826157 0.53986931] -> F: 0.40875378411587754
Punto[1.         0.41844425 0.53893677] -> F: 0.4082694055645547
Punto[1.         0.41862693 0.53800424] -> F: 0.40778550635408517
Punto[1.         0.41880961 0.5370717 ] -> F: 0.40730208648446875
Punto[1.         0.41899229 0.53613916] -> F: 0.40681914595570523
Punto[1.         0.41917497 0.53520662] -> F: 0.4063300690828701
Punto[1.         0.41935765 0.53427409] -> F: 0.40583455173502075
Punto[1.         0.41954034 0.53334155] -> F: 0.40533954105671754
Punto[1.         0.41972302 0.53240901] -> F: 0.4048450370479604
Punto[1.         0.4199057  0.53147648] -> F: 0.40435103970874964
Punto[1.         0.42008838 0.53054394] -> F: 0.40385754903908494
Punto[1.         0.42027106 0.5296114 ] -> F: 0.40336456503896656
Punto[1.         0.42045374 0.52867886] -> F: 0.40287208770839417
Punto[1.         0.42063642 0.52774633] -> F: 0.4023801170473681
Punto[1.         0.4208191  0.52681379] -> F: 0.4018886530558883
Punto[1.         0.42100178 0.52588125] -> F: 0.40139769573395473
Punto[1.         0.42118447 0.52494872] -> F: 0.4009072450815672
Punto[1.         0.42136715 0.52401618] -> F: 0.4004173010987259
Punto[1.         0.42154983 0.52308364] -> F: 0.39992786378543094
Punto[1.         0.42173251 0.5221511 ] -> F: 0.399438933141682
Punto[1.         0.42191519 0.52121857] -> F: 0.3989505091674794
Punto[1.         0.42209787 0.52028603] -> F: 0.3984515174222028
Punto[1.         0.42228055 0.51935349] -> F: 0.39795059372308855
Punto[1.         0.42246323 0.51842096] -> F: 0.39745020521767876
Punto[1.         0.42264591 0.51748842] -> F: 0.3969503519059739
{
  "seed": 17820,
  "n_per_z": 10,
  "nz": 100,
  "nd": 100,
  "n_muestras": 50,
  "best_f": 0.40910269547970834,
  "best_cp": [
    1.0,
    0.4180788873792626,
    0.5408018473610006
  ],
  "best_u": [
    -0.24868988716485485,
    0.8764002467522389,
    0.4124026521672072
  ],
  "best_index": 28,
  "n_candidatos": 54
}
