Punto[0.         0.38082118 0.49099256] -> F: 0.13757731246468483
Punto[1.         0.46412318 0.57373085] -> F: 0.43444737846966075
Punto[2.         0.45089818 0.61937702] -> F: 0.1420360373829936
Punto[1.         0.41585968 0.55518479] -> F: 0.43189492607977
Punto[1.         0.46315791 0.57335993] -> F: 0.4360534749167732
Punto[1.         0.46221195 0.57299643] -> F: 0.4375870894780871
Punto[1.         0.46126598 0.57263292] -> F: 0.43911718373748265
Punto[1.         0.46032002 0.57226942] -> F: 0.4406489838222927
Punto[1.         0.45937405 0.57190592] -> F: 0.4421824897325181
Punto[1.         0.45842809 0.57154241] -> F: 0.44371770146815814
Punto[1.         0.45748212 0.57117891] -> F: 0.4452546190292133
Punto[1.         0.45653616 0.57081541] -> F: 0.4467932424156834
Punto[1.         0.4555902  0.57045191] -> F: 0.4480969356904158
Punto[1.         0.45464423 0.5700884 ] -> F: 0.44890607659033743
Punto[1.         0.45369827 0.5697249 ] -> F: 0.44971655366725516
Punto[1.        0.4527523 0.5693614] -> F: 0.45052836692116943
Punto[1.         0.45180634 0.5689979 ] -> F: 0.451336740437451
Punto[1.         0.45086037 0.56863439] -> F: 0.4521074674830859
Punto[1.         0.44991441 0.56827089] -> F: 0.4528793002211662
Punto[1.         0.44896844 0.56790739] -> F: 0.45365223865169174
Punto[1.         0.44802248 0.56754388] -> F: 0.45442628277466246
Punto[1.         0.44707651 0.56718038] -> F: 0.45518832455746744
Punto[1.         0.44613055 0.56681688] -> F: 0.45592292837311715
Punto[1.         0.44518458 0.56645338] -> F: 0.45665845690245244
Punto[1.         0.44423862 0.56608987] -> F: 0.45739491014547357
Punto[1.         0.44329265 0.56572637] -> F: 0.4581322881021805
Punto[1.         0.44234669 0.56536287] -> F: 0.458843143175611
Punto[1.         0.44140073 0.56499936] -> F: 0.4595422329999863
Punto[1.         0.44045476 0.56463586] -> F: 0.4602421018211946
Punto[1.         0.4395088  0.56427236] -> F: 0.4595457599836392
Punto[1.         0.43856283 0.56390886] -> F: 0.4585818231480564
Punto[1.         0.43761687 0.56354535] -> F: 0.45762261014717337
Punto[1.         0.4366709  0.56318185] -> F: 0.45664304906545455
Punto[1.         0.43572494 0.56281835] -> F: 0.45566782947660744
Punto[1.         0.43477897 0.56245485] -> F: 0.4546969513806319
Punto[1.         0.43383301 0.56209134] -> F: 0.45373041477752823
Punto[1.         0.43288704 0.56172784] -> F: 0.45276821966729613
Punto[1.         0.43194108 0.56136434] -> F: 0.4516386088068981
Punto[1.         0.43099511 0.56100083] -> F: 0.45045144831929906
Punto[1.         0.43004915 0.56063733] -> F: 0.4492674940065213
Punto[1.         0.42910319 0.56027383] -> F: 0.4480806540718021
Punto[1.         0.42815722 0.55991033] -> F: 0.4468944276366022
Punto[1.         0.42721126 0.55954682] -> F: 0.4457129758467766
Punto[1.         0.42626529 0.55918332] -> F: 0.4445363266756921
Punto[1.         0.42531933 0.55881982] -> F: 0.4433644801233485
Punto[1.         0.42437336 0.55845632] -> F: 0.44219743618974594
Punto[1.         0.4234274  0.55809281] -> F: 0.4410351948748845
Punto[1.         0.42248143 0.55772931] -> F: 0.43987775617876396
Punto[1.         0.42153547 0.55736581] -> F: 0.4387251201013847
Punto[1.        0.4205895 0.5570023] -> F: 0.4375772866427463
Punto[1.         0.41964354 0.5566388 ] -> F: 0.4364342558028489
Punto[1.         0.41869757 0.5562753 ] -> F: 0.4352960275816925
Punto[1.         0.41775161 0.5559118 ] -> F: 0.43416260197927686
Punto[1.         0.41680564 0.55554829] -> F: 0.4330292213226648
{
  "seed": 2731,
  "n_per_z": 10,
  "nz": 100,
  "nd": 100,
  "n_muestras": 50,
  "best_f": 0.4602421018211946,
  "best_cp": [
    1.0,
    0.4404547608278642,
    0.5646358620488412
  ],
  "best_u": [
    0.21814324139654234,
    0.7711255211073547,
    -0.5981462671704308
  ],
  "best_index": 28,
  "n_candidatos": 54
}
