Punto[0.         0.39624607 0.38984047] -> F: 0.10577782695024729
Punto[1.         0.51265515 0.43568862] -> F: 0.3255869573524896
Punto[2.         0.4211045  0.43610687] -> F: 0.14873178254360633
Punto[1.         0.40867528 0.41297367] -> F: 0.3838733479889884
Punto[1.         0.51057555 0.43523432] -> F: 0.3296386688227464
Punto[1.         0.50853755 0.43478911] -> F: 0.33364536574045445
Punto[1.         0.50649954 0.4343439 ] -> F: 0.3376877184998996
Punto[1.         0.50446154 0.43389868] -> F: 0.3417623626393837
Punto[1.         0.50242353 0.43345347] -> F: 0.34583083396785547
Punto[1.         0.50038553 0.43300826] -> F: 0.349869905393304
Punto[1.         0.49834752 0.43256305] -> F: 0.35392741264763933
Punto[1.         0.49630952 0.43211783] -> F: 0.35800335573086073
Punto[1.         0.49427151 0.43167262] -> F: 0.3620977346429681
Punto[1.         0.49223351 0.43122741] -> F: 0.3662105493839618
Punto[1.         0.4901955  0.43078219] -> F: 0.37026853398917764
Punto[1.         0.48815749 0.43033698] -> F: 0.37433720926033653
Punto[1.         0.48611949 0.42989177] -> F: 0.37842355076989626
Punto[1.         0.48408148 0.42944655] -> F: 0.3825275585178563
Punto[1.         0.48204348 0.42900134] -> F: 0.38664923250421707
Punto[1.         0.48000547 0.42855613] -> F: 0.3907740313099819
Punto[1.         0.47796747 0.42811091] -> F: 0.3948518331343717
Punto[1.         0.47592946 0.4276657 ] -> F: 0.3989465849642701
Punto[1.         0.47389146 0.42722049] -> F: 0.40305828679967637
Punto[1.         0.47185345 0.42677527] -> F: 0.40718693864059086
Punto[1.         0.46981545 0.42633006] -> F: 0.41133254048701334
Punto[1.         0.46777744 0.42588485] -> F: 0.4154838193702651
Punto[1.         0.46573943 0.42543964] -> F: 0.4195851358813228
Punto[1.         0.46370143 0.42499442] -> F: 0.42010837000794987
Punto[1.         0.46166342 0.42454921] -> F: 0.41888930201985414
Punto[1.         0.45962542 0.424104  ] -> F: 0.417673245810828
Punto[1.         0.45758741 0.42365878] -> F: 0.4164529344877645
Punto[1.         0.45554941 0.42321357] -> F: 0.41522266670382035
Punto[1.         0.4535114  0.42276836] -> F: 0.4139947586347256
Punto[1.         0.4514734  0.42232314] -> F: 0.41275604874121147
Punto[1.         0.44943539 0.42187793] -> F: 0.41151474532158916
Punto[1.         0.44739739 0.42143272] -> F: 0.41027259040128083
Punto[1.         0.44535938 0.4209875 ] -> F: 0.4090178366938178
Punto[1.         0.44332137 0.42054229] -> F: 0.4077655858954861
Punto[1.         0.44128337 0.42009708] -> F: 0.40650408192125276
Punto[1.         0.43924536 0.41965186] -> F: 0.405238361067718
Punto[1.         0.43720736 0.41920665] -> F: 0.4039736151084251
Punto[1.         0.43516935 0.41876144] -> F: 0.4026942902126255
Punto[1.         0.43313135 0.41831623] -> F: 0.4014176204926544
Punto[1.         0.43109334 0.41787101] -> F: 0.4001335557068195
Punto[1.         0.42905534 0.4174258 ] -> F: 0.3988431839023734
Punto[1.         0.42701733 0.41698059] -> F: 0.39755554745658794
Punto[1.         0.42497933 0.41653537] -> F: 0.3962521441517155
Punto[1.         0.42294132 0.41609016] -> F: 0.3949506663383384
Punto[1.         0.42090332 0.41564495] -> F: 0.3936448491645496
Punto[1.         0.41886531 0.41519973] -> F: 0.3923292598932484
Punto[1.         0.4168273  0.41475452] -> F: 0.3910165759995282
Punto[1.         0.4147893  0.41430931] -> F: 0.3896917524438539
Punto[1.         0.41275129 0.41386409] -> F: 0.3877500795152517
Punto[1.         0.41071329 0.41341888] -> F: 0.38569991660296504
Best centerpoint:  [1.         0.46370143 0.42499442] Best F:  0.42010837000794987 Best u:  [-0.99950656 -0.02597923 -0.01765547] índice:  24
{
  "seed": 13373,
  "n_per_z": 5,
  "nz": 100,
  "nd": 100,
  "n_muestras": 50,
  "best_f": 0.42010837000794987,
  "best_cp": [
    1.0,
    0.46370142910455153,
    0.4249944222939779
  ],
  "best_u": [
    -0.9995065603657316,
    -0.025979228656738254,
    -0.017655465563533826
  ],
  "n_candidatos": 54
}
