Punto[0.         0.51511992 0.59455802] -> F: 0.1334817140996742
Punto[1.         0.56381601 0.55184256] -> F: 0.45660302252717944
Punto[2.         0.58056406 0.55169354] -> F: 0.16074062156902266
Punto[1.         0.54784199 0.57312578] -> F: 0.4501601032245324
Punto[1.         0.56349653 0.55226823] -> F: 0.4569328007168862
Punto[1.         0.56318344 0.55268538] -> F: 0.45726370862852905
Punto[1.         0.56287034 0.55310253] -> F: 0.45760226379271324
Punto[1.         0.56255725 0.55351968] -> F: 0.45794846620943835
Punto[1.         0.56224416 0.55393683] -> F: 0.45830231587870474
Punto[1.         0.56193107 0.55435398] -> F: 0.45866381280051227
Punto[1.         0.56161798 0.55477113] -> F: 0.45903295697486074
Punto[1.         0.56130489 0.55518829] -> F: 0.45940974840175075
Punto[1.         0.5609918  0.55560544] -> F: 0.4597941870811815
Punto[1.         0.56067871 0.55602259] -> F: 0.460183290966276
Punto[1.         0.56036562 0.55643974] -> F: 0.46051768848359637
Punto[1.         0.56005253 0.55685689] -> F: 0.46026331717277913
Punto[1.         0.55973944 0.55727404] -> F: 0.4600090249267653
Punto[1.         0.55942635 0.55769119] -> F: 0.45975481174555477
Punto[1.         0.55911326 0.55810834] -> F: 0.4595006776291477
Punto[1.         0.55880017 0.55852549] -> F: 0.45924662257754395
Punto[1.         0.55848708 0.55894264] -> F: 0.4589926465907435
Punto[1.         0.55817398 0.5593598 ] -> F: 0.45873421933943015
Punto[1.         0.55786089 0.55977695] -> F: 0.4584755955822986
Punto[1.        0.5575478 0.5601941] -> F: 0.45821705391380935
Punto[1.         0.55723471 0.56061125] -> F: 0.4579585943339626
Punto[1.         0.55692162 0.5610284 ] -> F: 0.4577002168427581
Punto[1.         0.55660853 0.56144555] -> F: 0.4574419214401959
Punto[1.         0.55629544 0.5618627 ] -> F: 0.45718370812627607
Punto[1.         0.55598235 0.56227985] -> F: 0.45692557690099844
Punto[1.         0.55566926 0.562697  ] -> F: 0.45666752776436337
Punto[1.         0.55535617 0.56311415] -> F: 0.45640956071637045
Punto[1.         0.55504308 0.5635313 ] -> F: 0.45615167575702
Punto[1.         0.55472999 0.56394846] -> F: 0.4558938728863118
Punto[1.         0.5544169  0.56436561] -> F: 0.45563615210424613
Punto[1.         0.55410381 0.56478276] -> F: 0.4553785134108226
Punto[1.         0.55379072 0.56519991] -> F: 0.4551209568060414
Punto[1.         0.55347763 0.56561706] -> F: 0.45486348228990264
Punto[1.         0.55316453 0.56603421] -> F: 0.4546059349845086
Punto[1.         0.55285144 0.56645136] -> F: 0.45434378419720756
Punto[1.         0.55253835 0.56686851] -> F: 0.45408171861659874
Punto[1.         0.55222526 0.56728566] -> F: 0.45381973824268207
Punto[1.         0.55191217 0.56770281] -> F: 0.45355784307545777
Punto[1.         0.55159908 0.56811997] -> F: 0.45329603311492533
Punto[1.         0.55128599 0.56853712] -> F: 0.4530343083610854
Punto[1.         0.5509729  0.56895427] -> F: 0.45277266881393746
Punto[1.         0.55065981 0.56937142] -> F: 0.45251111447348163
Punto[1.         0.55034672 0.56978857] -> F: 0.45224964533971806
Punto[1.         0.55003363 0.57020572] -> F: 0.45198826141264664
Punto[1.         0.54972054 0.57062287] -> F: 0.45172696269226736
Punto[1.         0.54940745 0.57104002] -> F: 0.45146574917858034
Punto[1.         0.54909436 0.57145717] -> F: 0.4512046208715854
Punto[1.         0.54878127 0.57187432] -> F: 0.4509435777712827
Punto[1.         0.54846818 0.57229148] -> F: 0.45068261987767205
Punto[1.         0.54815508 0.57270863] -> F: 0.4504217471907537
{
  "seed": 16350,
  "n_per_z": 10,
  "nz": 100,
  "nd": 100,
  "n_muestras": 50,
  "best_f": 0.46051768848359637,
  "best_cp": [
    1.0,
    0.5603656193879418,
    0.5564397381011595
  ],
  "best_u": [
    -0.48175367410171543,
    -0.7929059903603721,
    0.37311323742281716
  ],
  "best_index": 14,
  "n_candidatos": 54
}
