Punto[0.         0.43401016 0.53171694] -> F: 0.15587330310874145
Punto[1.         0.49121955 0.51675802] -> F: 0.4160805359328014
Punto[2.         0.48913589 0.56092105] -> F: 0.12689316287223615
Punto[1.         0.46157303 0.54631899] -> F: 0.4267143247598451
Punto[1.         0.49062662 0.51734924] -> F: 0.4172827682493384
Punto[1.         0.49004555 0.51792863] -> F: 0.41846962116055464
Punto[1.         0.48946448 0.51850803] -> F: 0.4196650517850945
Punto[1.         0.48888341 0.51908742] -> F: 0.4208690601229573
Punto[1.         0.48830233 0.51966682] -> F: 0.42208164617414334
Punto[1.         0.48772126 0.52024621] -> F: 0.4233028099386526
Punto[1.         0.48714019 0.52082561] -> F: 0.4245325514164853
Punto[1.         0.48655912 0.521405  ] -> F: 0.4257708706076411
Punto[1.         0.48597805 0.5219844 ] -> F: 0.42701776751212006
Punto[1.         0.48539698 0.52256379] -> F: 0.42827324212992235
Punto[1.         0.4848159  0.52314319] -> F: 0.42953729446104794
Punto[1.         0.48423483 0.52372258] -> F: 0.43080992450549666
Punto[1.         0.48365376 0.52430198] -> F: 0.43208916936915076
Punto[1.         0.48307269 0.52488137] -> F: 0.4333357386795114
Punto[1.         0.48249162 0.52546077] -> F: 0.4345878489078727
Punto[1.         0.48191054 0.52604017] -> F: 0.43584550005423467
Punto[1.         0.48132947 0.52661956] -> F: 0.43710869211859743
Punto[1.         0.4807484  0.52719896] -> F: 0.4383774251009608
Punto[1.         0.48016733 0.52777835] -> F: 0.43965169900132456
Punto[1.         0.47958626 0.52835775] -> F: 0.44070902807821777
Punto[1.         0.47900518 0.52893714] -> F: 0.44153284850577834
Punto[1.         0.47842411 0.52951654] -> F: 0.44235629402349985
Punto[1.         0.47784304 0.53009593] -> F: 0.44317936463138186
Punto[1.         0.47726197 0.53067533] -> F: 0.4442652588349923
Punto[1.         0.4766809  0.53125472] -> F: 0.4454773927760304
Punto[1.         0.47609983 0.53183412] -> F: 0.44646733803715766
Punto[1.         0.47551875 0.53241351] -> F: 0.44747258565543446
Punto[1.         0.47493768 0.53299291] -> F: 0.4483987536317001
Punto[1.         0.47435661 0.5335723 ] -> F: 0.4478135331541529
Punto[1.         0.47377554 0.5341517 ] -> F: 0.4472290024940233
Punto[1.         0.47319447 0.53473109] -> F: 0.4466451616513109
Punto[1.         0.47261339 0.53531049] -> F: 0.446062010626016
Punto[1.         0.47203232 0.53588988] -> F: 0.44547954941813844
Punto[1.         0.47145125 0.53646928] -> F: 0.4448977780276783
Punto[1.         0.47087018 0.53704867] -> F: 0.4443166964546355
Punto[1.         0.47028911 0.53762807] -> F: 0.4437363046990101
Punto[1.         0.46970803 0.53820746] -> F: 0.4431566027608021
Punto[1.         0.46912696 0.53878686] -> F: 0.44257759064001145
Punto[1.         0.46854589 0.53936625] -> F: 0.44184378509439487
Punto[1.         0.46796482 0.53994565] -> F: 0.4405805945749788
Punto[1.         0.46738375 0.54052504] -> F: 0.4393187076359974
Punto[1.         0.46680267 0.54110444] -> F: 0.4380581242774507
Punto[1.         0.4662216  0.54168383] -> F: 0.4367988444993388
Punto[1.         0.46564053 0.54226323] -> F: 0.43554086830166144
Punto[1.         0.46505946 0.54284262] -> F: 0.4342841956844189
Punto[1.         0.46447839 0.54342202] -> F: 0.4330288266476107
Punto[1.         0.46389732 0.54400141] -> F: 0.4317747611912375
Punto[1.         0.46331624 0.54458081] -> F: 0.43051262072538227
Punto[1.         0.46273517 0.5451602 ] -> F: 0.4292452139237074
Punto[1.        0.4621541 0.5457396] -> F: 0.4279791152685283
{
  "seed": 13246,
  "n_per_z": 10,
  "nz": 100,
  "nd": 100,
  "n_muestras": 50,
  "best_f": 0.4483987536317001,
  "best_cp": [
    1.0,
    0.47493768125371294,
    0.5329929063117396
  ],
  "best_u": [
    0.9995065603657316,
    -0.023561558089999483,
    0.02077230767718885
  ],
  "best_index": 31,
  "n_candidatos": 54
}
