Punto[0.         0.32457412 0.38437681] -> F: 0.07261799780981444
Punto[1.         0.42189205 0.4931553 ] -> F: 0.38688583687993267
Punto[2.         0.55353852 0.5733674 ] -> F: 0.14253067835854352
Punto[1.         0.43905632 0.4788721 ] -> F: 0.38144464791871235
Punto[1.         0.42223533 0.49286964] -> F: 0.3867833168420962
Punto[1.         0.42257175 0.49258969] -> F: 0.38668290218995593
Punto[1.         0.42290817 0.49230974] -> F: 0.38658254196735164
Punto[1.         0.42324459 0.49202979] -> F: 0.3864822361742832
Punto[1.         0.42358101 0.49174984] -> F: 0.38638198481075064
Punto[1.         0.42391743 0.49146989] -> F: 0.386281787876754
Punto[1.         0.42425385 0.49118994] -> F: 0.38618164537229327
Punto[1.         0.42459027 0.49090999] -> F: 0.3860815572973687
Punto[1.         0.42492669 0.49063003] -> F: 0.3859815236519796
Punto[1.         0.42526311 0.49035008] -> F: 0.38588154443612666
Punto[1.         0.42559953 0.49007013] -> F: 0.3857816196498097
Punto[1.         0.42593595 0.48979018] -> F: 0.3856817492930288
Punto[1.         0.42627237 0.48951023] -> F: 0.3855819333657835
Punto[1.         0.42660879 0.48923028] -> F: 0.3854821718680742
Punto[1.         0.42694521 0.48895033] -> F: 0.38538246479990096
Punto[1.         0.42728163 0.48867038] -> F: 0.38528281216126364
Punto[1.         0.42761805 0.48839043] -> F: 0.3851832139521621
Punto[1.         0.42795447 0.48811048] -> F: 0.3850836701725964
Punto[1.         0.42829089 0.48783053] -> F: 0.38498418082256686
Punto[1.         0.42862731 0.48755058] -> F: 0.3848847459020734
Punto[1.         0.42896373 0.48727063] -> F: 0.38478536541111547
Punto[1.         0.42930015 0.48699068] -> F: 0.3846860393496934
Punto[1.         0.42963657 0.48671072] -> F: 0.3845867677178075
Punto[1.         0.42997299 0.48643077] -> F: 0.3844875505154576
Punto[1.         0.43030941 0.48615082] -> F: 0.3843883877426433
Punto[1.         0.43064583 0.48587087] -> F: 0.38428927939936525
Punto[1.         0.43098224 0.48559092] -> F: 0.3841902254856228
Punto[1.         0.43131866 0.48531097] -> F: 0.3840912260014165
Punto[1.         0.43165508 0.48503102] -> F: 0.38399228094674615
Punto[1.         0.4319915  0.48475107] -> F: 0.38389339032161157
Punto[1.         0.43232792 0.48447112] -> F: 0.38379455412601315
Punto[1.         0.43266434 0.48419117] -> F: 0.3836957723599503
Punto[1.         0.43300076 0.48391122] -> F: 0.38359704502342346
Punto[1.         0.43333718 0.48363127] -> F: 0.3834983721164328
Punto[1.         0.4336736  0.48335132] -> F: 0.3833997536389778
Punto[1.         0.43401002 0.48307136] -> F: 0.3833011895910588
Punto[1.         0.43434644 0.48279141] -> F: 0.3832026799726758
Punto[1.         0.43468286 0.48251146] -> F: 0.38310422478382844
Punto[1.         0.43501928 0.48223151] -> F: 0.38300582402451727
Punto[1.         0.4353557  0.48195156] -> F: 0.38290747769474187
Punto[1.         0.43569212 0.48167161] -> F: 0.38280918579450246
Punto[1.         0.43602854 0.48139166] -> F: 0.3827109483237992
Punto[1.         0.43636496 0.48111171] -> F: 0.38261276528263155
Punto[1.         0.43670138 0.48083176] -> F: 0.38251463667099983
Punto[1.         0.4370378  0.48055181] -> F: 0.3824165624889043
Punto[1.         0.43737422 0.48027186] -> F: 0.3823054641040367
Punto[1.         0.43771064 0.47999191] -> F: 0.3821938083041549
Punto[1.         0.43804706 0.47971196] -> F: 0.3820749179685809
Punto[1.         0.43838348 0.47943201] -> F: 0.38186446942432833
Punto[1.         0.4387199  0.47915205] -> F: 0.38165437940770547
Best centerpoint:  [1.         0.42189205 0.4931553 ] Best F:  0.38688583687993267 Best u:  [-0.30901699  0.71339802  0.62894496] índice:  1
{
  "seed": 14763,
  "n_per_z": 5,
  "nz": 100,
  "nd": 100,
  "n_muestras": 50,
  "best_f": 0.38688583687993267,
  "best_cp": [
    1.0,
    0.42189204764115334,
    0.493155304198426
  ],
  "best_u": [
    -0.3090169943749471,
    0.7133980207171763,
    0.6289449588193621
  ],
  "n_candidatos": 54
}
