Punto[0.         0.53106146 0.40352547] -> F: 0.0926006775050807
Punto[1.         0.56713263 0.49240286] -> F: 0.3988900434726874
Punto[2.         0.52669788 0.63785217] -> F: 0.10881512666649985
Punto[1.         0.52887967 0.52068882] -> F: 0.4168964131185177
Punto[1.         0.56636757 0.49296858] -> F: 0.40115189148972746
Punto[1.         0.56561781 0.49352299] -> F: 0.40333102417944305
Punto[1.         0.56486806 0.49407739] -> F: 0.40549307951284524
Punto[1.         0.5641183  0.49463179] -> F: 0.4076638394426872
Punto[1.         0.56336854 0.4951862 ] -> F: 0.4098433039689682
Punto[1.         0.56261878 0.4957406 ] -> F: 0.41203147309168897
Punto[1.         0.56186902 0.49629501] -> F: 0.414228346810849
Punto[1.         0.56111927 0.49684941] -> F: 0.4164339251264488
Punto[1.         0.56036951 0.49740382] -> F: 0.4186482080384879
Punto[1.         0.55961975 0.49795822] -> F: 0.4208711955469664
Punto[1.         0.55886999 0.49851263] -> F: 0.42310288765188453
Punto[1.         0.55812023 0.49906703] -> F: 0.42534328435324203
Punto[1.         0.55737047 0.49962144] -> F: 0.4275923856510391
Punto[1.         0.55662072 0.50017584] -> F: 0.4298501915452756
Punto[1.         0.55587096 0.50073025] -> F: 0.43211670203595187
Punto[1.         0.5551212  0.50128465] -> F: 0.4343919171230669
Punto[1.         0.55437144 0.50183906] -> F: 0.4366758368066222
Punto[1.         0.55362168 0.50239346] -> F: 0.4389684610866168
Punto[1.         0.55287193 0.50294787] -> F: 0.4412260587867109
Punto[1.         0.55212217 0.50350227] -> F: 0.44346346485567195
Punto[1.         0.55137241 0.50405667] -> F: 0.44570866284782445
Punto[1.         0.55062265 0.50461108] -> F: 0.4479616527631688
Punto[1.         0.54987289 0.50516548] -> F: 0.44922599346728825
Punto[1.         0.54912314 0.50571989] -> F: 0.44824192402483554
Punto[1.         0.54837338 0.50627429] -> F: 0.44725953841295113
Punto[1.         0.54762362 0.5068287 ] -> F: 0.446262808925599
Punto[1.         0.54687386 0.5073831 ] -> F: 0.44526725847975956
Punto[1.         0.5461241  0.50793751] -> F: 0.44427342647049295
Punto[1.         0.54537435 0.50849191] -> F: 0.44320336597891585
Punto[1.         0.54462459 0.50904632] -> F: 0.4420871627872407
Punto[1.         0.54387483 0.50960072] -> F: 0.44097187854476627
Punto[1.         0.54312507 0.51015513] -> F: 0.4398583502003016
Punto[1.         0.54237531 0.51070953] -> F: 0.4387465777538461
Punto[1.         0.54162555 0.51126394] -> F: 0.4376283674425889
Punto[1.         0.5408758  0.51181834] -> F: 0.43650345431076987
Punto[1.         0.54012604 0.51237275] -> F: 0.43538033769110984
Punto[1.         0.53937628 0.51292715] -> F: 0.43425901758360896
Punto[1.         0.53862652 0.51348156] -> F: 0.4331394939882674
Punto[1.         0.53787676 0.51403596] -> F: 0.43201769918802063
Punto[1.         0.53712701 0.51459036] -> F: 0.4307849508019951
Punto[1.         0.53637725 0.51514477] -> F: 0.42954368436714485
Punto[1.         0.53562749 0.51569917] -> F: 0.42830425856324406
Punto[1.         0.53487773 0.51625358] -> F: 0.42705629178112103
Punto[1.         0.53412797 0.51680798] -> F: 0.42580290335433885
Punto[1.         0.53337822 0.51736239] -> F: 0.42455140359936616
Punto[1.         0.53262846 0.51791679] -> F: 0.4233017925162028
Punto[1.        0.5318787 0.5184712] -> F: 0.42205407010484836
Punto[1.         0.53112894 0.5190256 ] -> F: 0.4208082363653036
Punto[1.         0.53037918 0.51958001] -> F: 0.4195500954824884
Punto[1.         0.52962943 0.52013441] -> F: 0.41826619448774466
Best centerpoint:  [1.         0.54987289 0.50516548] Best F:  0.44922599346728825 Best u:  [-0.36812455 -0.73466755  0.56986657] índice:  23
{
  "seed": 13399,
  "n_per_z": 5,
  "nz": 100,
  "nd": 100,
  "n_muestras": 50,
  "best_f": 0.44922599346728825,
  "best_cp": [
    1.0,
    0.5498728939878097,
    0.5051654841947777
  ],
  "best_u": [
    -0.36812455268467775,
    -0.7346675507136573,
    0.5698665665215864
  ],
  "n_candidatos": 54
}
