Punto[0.         0.48390486 0.44606795] -> F: 0.13039450835710323
Punto[1.         0.49606646 0.48963101] -> F: 0.44594347340684426
Punto[2.         0.50484974 0.49478173] -> F: 0.1801509606198047
Punto[1.         0.4943773  0.47042484] -> F: 0.438197377613339
Punto[1.         0.49603267 0.48924688] -> F: 0.44631672723222204
Punto[1.         0.49599957 0.48887044] -> F: 0.44668328751636915
Punto[1.         0.49596646 0.488494  ] -> F: 0.4470506115425078
Punto[1.         0.49593335 0.48811756] -> F: 0.447418699310638
Punto[1.         0.49590024 0.48774112] -> F: 0.44752252458517927
Punto[1.         0.49586714 0.48736468] -> F: 0.4474273145099683
Punto[1.         0.49583403 0.48698824] -> F: 0.4473321186727631
Punto[1.         0.49580092 0.4866118 ] -> F: 0.4472369370735637
Punto[1.         0.49576781 0.48623536] -> F: 0.4471366349599438
Punto[1.         0.49573471 0.48585891] -> F: 0.4470363055866486
Punto[1.         0.4957016  0.48548247] -> F: 0.4469359920429489
Punto[1.         0.49566849 0.48510603] -> F: 0.4468336307722024
Punto[1.         0.49563538 0.48472959] -> F: 0.4467189645210339
Punto[1.         0.49560228 0.48435315] -> F: 0.4466043090803434
Punto[1.         0.49556917 0.48397671] -> F: 0.446489664450131
Punto[1.         0.49553606 0.48360027] -> F: 0.44637503063039663
Punto[1.         0.49550295 0.48322383] -> F: 0.4462590089242252
Punto[1.         0.49546985 0.48284739] -> F: 0.4461372165621322
Punto[1.         0.49543674 0.48247095] -> F: 0.4460154565044662
Punto[1.         0.49540363 0.48209451] -> F: 0.44589372875122724
Punto[1.         0.49537052 0.48171806] -> F: 0.44577203330241527
Punto[1.         0.49533742 0.48134162] -> F: 0.4456503701580305
Punto[1.         0.49530431 0.48096518] -> F: 0.44552873931807263
Punto[1.         0.4952712  0.48058874] -> F: 0.44540714078254184
Punto[1.         0.49523809 0.4802123 ] -> F: 0.445285574551438
Punto[1.         0.49520499 0.47983586] -> F: 0.44516404062476134
Punto[1.         0.49517188 0.47945942] -> F: 0.4450425390025117
Punto[1.         0.49513877 0.47908298] -> F: 0.444921069684689
Punto[1.         0.49510566 0.47870654] -> F: 0.44479963267129335
Punto[1.         0.49507256 0.4783301 ] -> F: 0.44467822796232476
Punto[1.         0.49503945 0.47795366] -> F: 0.44455685555778324
Punto[1.         0.49500634 0.47757721] -> F: 0.4443756238520728
Punto[1.         0.49497323 0.47720077] -> F: 0.4441350483336702
Punto[1.         0.49494013 0.47682433] -> F: 0.4438953451306308
Punto[1.         0.49490702 0.47644789] -> F: 0.44365651424295427
Punto[1.         0.49487391 0.47607145] -> F: 0.44341855567064087
Punto[1.         0.4948408  0.47569501] -> F: 0.4431814694136905
Punto[1.         0.4948077  0.47531857] -> F: 0.4429452554721033
Punto[1.         0.49477459 0.47494213] -> F: 0.44270991384587904
Punto[1.         0.49474148 0.47456569] -> F: 0.44242286611195186
Punto[1.         0.49470837 0.47418925] -> F: 0.4420222962351317
Punto[1.         0.49467527 0.47381281] -> F: 0.4416215800100468
Punto[1.         0.49464216 0.47343636] -> F: 0.44122071743669733
Punto[1.         0.49460905 0.47305992] -> F: 0.44081984715684275
Punto[1.         0.49457594 0.47268348] -> F: 0.44042376180929893
Punto[1.         0.49454284 0.47230704] -> F: 0.44003482540886485
Punto[1.         0.49450973 0.4719306 ] -> F: 0.4396530379555405
Punto[1.         0.49447662 0.47155416] -> F: 0.4392783994493256
Punto[1.         0.49444351 0.47117772] -> F: 0.43891090989022047
Punto[1.         0.49441041 0.47080128] -> F: 0.4385505692782249
{
  "seed": 513,
  "n_per_z": 10,
  "nz": 100,
  "nd": 100,
  "n_muestras": 50,
  "best_f": 0.44752252458517927,
  "best_cp": [
    1.0,
    0.495900243919058,
    0.4877411193156298
  ],
  "best_u": [
    -0.9995065603657316,
    -0.02842130455238309,
    -0.01337405074780664
  ],
  "best_index": 8,
  "n_candidatos": 54
}
