Punto[0.         0.38914609 0.42917606] -> F: 0.163883415180919
Punto[1.         0.52757404 0.52073393] -> F: 0.3430249731219029
Punto[2.         0.45531971 0.63082018] -> F: 0.06522246341616629
Punto[1.         0.4222329  0.52999812] -> F: 0.3032202421638947
Punto[1.         0.52546722 0.52091921] -> F: 0.34548657861690657
Punto[1.         0.52340253 0.52110079] -> F: 0.3477923085684998
Punto[1.         0.52133785 0.52128237] -> F: 0.3501126282125187
Punto[1.         0.51927316 0.52146394] -> F: 0.35244753754896296
Punto[1.         0.51720847 0.52164552] -> F: 0.35479700242952117
Punto[1.         0.51514379 0.5218271 ] -> F: 0.35714038867786
Punto[1.         0.5130791  0.52200868] -> F: 0.3594976616649858
Punto[1.         0.51101442 0.52219026] -> F: 0.36124642688693653
Punto[1.         0.50894973 0.52237184] -> F: 0.3598683975036663
Punto[1.         0.50688504 0.52255341] -> F: 0.3584800783899021
Punto[1.         0.50482036 0.52273499] -> F: 0.3570950488551111
Punto[1.         0.50275567 0.52291657] -> F: 0.35571330889929315
Punto[1.         0.50069098 0.52309815] -> F: 0.35433485852244817
Punto[1.         0.4986263  0.52327973] -> F: 0.35295969772457647
Punto[1.         0.49656161 0.5234613 ] -> F: 0.35158782650567766
Punto[1.         0.49449692 0.52364288] -> F: 0.35021924486575196
Punto[1.         0.49243224 0.52382446] -> F: 0.3488539528047994
Punto[1.         0.49036755 0.52400604] -> F: 0.34748750157511604
Punto[1.         0.48830287 0.52418762] -> F: 0.34611448299406344
Punto[1.         0.48623818 0.5243692 ] -> F: 0.34474482376659193
Punto[1.         0.48417349 0.52455077] -> F: 0.3433785238927015
Punto[1.         0.48210881 0.52473235] -> F: 0.3420155833723922
Punto[1.         0.48004412 0.52491393] -> F: 0.34065600220566367
Punto[1.         0.47797943 0.52509551] -> F: 0.33929978039251646
Punto[1.         0.47591475 0.52527709] -> F: 0.3379469179329503
Punto[1.         0.47385006 0.52545866] -> F: 0.3365964099937674
Punto[1.         0.47178537 0.52564024] -> F: 0.3352362228851275
Punto[1.         0.46972069 0.52582182] -> F: 0.33387946568933413
Punto[1.        0.467656  0.5260034] -> F: 0.33252613840638734
Punto[1.         0.46559131 0.52618498] -> F: 0.3311762410362871
Punto[1.         0.46352663 0.52636655] -> F: 0.3298297735790334
Punto[1.         0.46146194 0.52654813] -> F: 0.3284867360346261
Punto[1.         0.45939726 0.52672971] -> F: 0.3271471284030655
Punto[1.         0.45733257 0.52691129] -> F: 0.32580679906928695
Punto[1.         0.45526788 0.52709287] -> F: 0.32446026251955373
Punto[1.         0.4532032  0.52727445] -> F: 0.3231172273717538
Punto[1.         0.45113851 0.52745602] -> F: 0.3217776936258873
Punto[1.         0.44907382 0.5276376 ] -> F: 0.3204416612819542
Punto[1.         0.44700914 0.52781918] -> F: 0.31910913033995447
Punto[1.         0.44494445 0.52800076] -> F: 0.317780100799888
Punto[1.         0.44287976 0.52818234] -> F: 0.3164545726617549
Punto[1.         0.44081508 0.52836391] -> F: 0.31511970520303806
Punto[1.         0.43875039 0.52854549] -> F: 0.3137876382878186
Punto[1.         0.4366857  0.52872707] -> F: 0.31245914534684005
Punto[1.         0.43462102 0.52890865] -> F: 0.3111342263801026
Punto[1.         0.43255633 0.52909023] -> F: 0.30981288138760593
Punto[1.         0.43049165 0.52927181] -> F: 0.30849511036935034
Punto[1.         0.42842696 0.52945338] -> F: 0.30718091332533576
Punto[1.         0.42636227 0.52963496] -> F: 0.30585744298641104
Punto[1.         0.42429759 0.52981654] -> F: 0.3045370186787906
Best centerpoint:  [1.         0.51101442 0.52219026] Best F:  0.36124642688693653 Best u:  [ 0.99950656 -0.02356156  0.02077231] índice:  8
{
  "seed": 5147,
  "n_per_z": 5,
  "nz": 100,
  "nd": 100,
  "n_muestras": 50,
  "best_f": 0.36124642688693653,
  "best_cp": [
    1.0,
    0.5110144155680996,
    0.5221902571315185
  ],
  "best_u": [
    0.9995065603657316,
    -0.023561558089999483,
    0.02077230767718885
  ],
  "n_candidatos": 54
}
