Punto[0.         0.60727238 0.55097469] -> F: 0.07722142659259322
Punto[1.         0.54271948 0.50756635] -> F: 0.3084714802935114
Punto[2.         0.57510264 0.6891298 ] -> F: 0.13274728445492714
Punto[1.         0.59118751 0.62005225] -> F: 0.3129671627348694
Punto[1.         0.54368884 0.50981607] -> F: 0.3129926421424285
Punto[1.         0.54463882 0.51202079] -> F: 0.31755591876345846
Punto[1.         0.54558879 0.51422551] -> F: 0.3219783338093713
Punto[1.         0.54653876 0.51643024] -> F: 0.32642579024663226
Punto[1.         0.54748874 0.51863496] -> F: 0.3309589494236053
Punto[1.         0.54843871 0.52083968] -> F: 0.3355778113402904
Punto[1.         0.54938868 0.52304441] -> F: 0.3402823759966878
Punto[1.         0.55033866 0.52524913] -> F: 0.34507264339279753
Punto[1.         0.55128863 0.52745385] -> F: 0.3498268610571207
Punto[1.         0.5522386  0.52965858] -> F: 0.35453523483704213
Punto[1.         0.55318858 0.5318633 ] -> F: 0.35931061431690753
Punto[1.         0.55413855 0.53406803] -> F: 0.3641529994967171
Punto[1.         0.55508852 0.53627275] -> F: 0.36835722380776736
Punto[1.         0.5560385  0.53847747] -> F: 0.3726478519252312
Punto[1.         0.55698847 0.5406822 ] -> F: 0.37698654108448376
Punto[1.         0.55793844 0.54288692] -> F: 0.38143558150137713
Punto[1.         0.55888842 0.54509164] -> F: 0.3859949731759126
Punto[1.         0.55983839 0.54729637] -> F: 0.3849543121517844
Punto[1.         0.56078836 0.54950109] -> F: 0.38285760944569797
Punto[1.         0.56173834 0.55170581] -> F: 0.38075569640889734
Punto[1.         0.56268831 0.55391054] -> F: 0.37866326777524556
Punto[1.         0.56363828 0.55611526] -> F: 0.3765803235447429
Punto[1.         0.56458826 0.55831999] -> F: 0.37450686371738934
Punto[1.         0.56553823 0.56052471] -> F: 0.3724185821377784
Punto[1.         0.5664882  0.56272943] -> F: 0.37033164903458626
Punto[1.         0.56743818 0.56493416] -> F: 0.36825450401669696
Punto[1.         0.56838815 0.56713888] -> F: 0.36618714708411
Punto[1.         0.56933812 0.5693436 ] -> F: 0.3641289228057358
Punto[1.         0.5702881  0.57154833] -> F: 0.3620474909663702
Punto[1.         0.57123807 0.57375305] -> F: 0.359976172376947
Punto[1.         0.57218804 0.57595777] -> F: 0.35791496703746634
Punto[1.         0.57313802 0.5781625 ] -> F: 0.3558638749479281
Punto[1.         0.57408799 0.58036722] -> F: 0.353810373748368
Punto[1.         0.57503796 0.58257195] -> F: 0.3517448454879275
Punto[1.         0.57598794 0.58477667] -> F: 0.34968978018211166
Punto[1.         0.57693791 0.58698139] -> F: 0.3476451778309204
Punto[1.         0.57788788 0.58918612] -> F: 0.3456110384343539
Punto[1.         0.57883786 0.59139084] -> F: 0.34356022827074506
Punto[1.         0.57978783 0.59359556] -> F: 0.3415112207108204
Punto[1.         0.5807378  0.59580029] -> F: 0.3394730539897785
Punto[1.         0.58168778 0.59800501] -> F: 0.3373292281143885
Punto[1.         0.58263775 0.60020974] -> F: 0.3351092419087707
Punto[1.         0.58358772 0.60241446] -> F: 0.3329143579513677
Punto[1.         0.5845377  0.60461918] -> F: 0.330715344267519
Punto[1.         0.58548767 0.60682391] -> F: 0.3282377792215289
Punto[1.         0.58643764 0.60902863] -> F: 0.3257897110196406
Punto[1.         0.58738762 0.61123335] -> F: 0.3233711396618549
Punto[1.         0.58833759 0.61343808] -> F: 0.3209820651481715
Punto[1.         0.58928756 0.6156428 ] -> F: 0.3183590516499935
Punto[1.         0.59023754 0.61784752] -> F: 0.3156451393755599
Best centerpoint:  [1.         0.55888842 0.54509164] Best F:  0.3859949731759126 Best u:  [-6.12323400e-17  2.78991106e-01 -9.60293686e-01] índice:  17
{
  "seed": 2529,
  "n_per_z": 5,
  "nz": 100,
  "nd": 100,
  "n_muestras": 50,
  "best_f": 0.3859949731759126,
  "best_cp": [
    1.0,
    0.558888416606079,
    0.5450916437437255
  ],
  "best_u": [
    -6.123233995736766e-17,
    0.27899110603922916,
    -0.9602936856769431
  ],
  "n_candidatos": 54
}
