Punto[0.         0.60215865 0.40634738] -> F: 0.14035969274512808
Punto[1.         0.53685617 0.46071505] -> F: 0.4631640925517373
Punto[2.         0.52755701 0.46525028] -> F: 0.15405343777805874
Punto[1.         0.56485783 0.43579883] -> F: 0.4607281266663802
Punto[1.         0.5374162  0.46021673] -> F: 0.4639243557414533
Punto[1.         0.53796503 0.45972837] -> F: 0.4645703368762118
Punto[1.         0.53851386 0.45924001] -> F: 0.4652074392410854
Punto[1.         0.5390627  0.45875165] -> F: 0.465819063412529
Punto[1.         0.53961153 0.4582633 ] -> F: 0.4664310173774601
Punto[1.         0.54016036 0.45777494] -> F: 0.46704330113587883
Punto[1.         0.54070919 0.45728658] -> F: 0.46765591468778506
Punto[1.         0.54125803 0.45679822] -> F: 0.4682688580331789
Punto[1.         0.54180686 0.45630986] -> F: 0.46888213117206
Punto[1.         0.54235569 0.45582151] -> F: 0.46949573410442885
Punto[1.         0.54290452 0.45533315] -> F: 0.4701096668302852
Punto[1.         0.54345336 0.45484479] -> F: 0.47072392934962926
Punto[1.         0.54400219 0.45435643] -> F: 0.4713303677679771
Punto[1.         0.54455102 0.45386807] -> F: 0.4719112150994891
Punto[1.         0.54509986 0.45337972] -> F: 0.47247825571211466
Punto[1.         0.54564869 0.45289136] -> F: 0.4730404877568943
Punto[1.         0.54619752 0.452403  ] -> F: 0.47357751412164856
Punto[1.         0.54674635 0.45191464] -> F: 0.47410720463429934
Punto[1.         0.54729519 0.45142629] -> F: 0.4746371101351021
Punto[1.         0.54784402 0.45093793] -> F: 0.4751672306240568
Punto[1.         0.54839285 0.45044957] -> F: 0.4756975661011631
Punto[1.         0.54894168 0.44996121] -> F: 0.4756587509699304
Punto[1.         0.54949052 0.44947285] -> F: 0.47521319043306026
Punto[1.         0.55003935 0.4489845 ] -> F: 0.4747677691154682
Punto[1.         0.55058818 0.44849614] -> F: 0.47432248701715424
Punto[1.         0.55113701 0.44800778] -> F: 0.4738773441381183
Punto[1.         0.55168585 0.44751942] -> F: 0.47343234047836036
Punto[1.         0.55223468 0.44703106] -> F: 0.47298747603788066
Punto[1.         0.55278351 0.44654271] -> F: 0.47254275081667896
Punto[1.         0.55333234 0.44605435] -> F: 0.4720981648147553
Punto[1.         0.55388118 0.44556599] -> F: 0.47165036067281213
Punto[1.         0.55443001 0.44507763] -> F: 0.47119776614703374
Punto[1.         0.55497884 0.44458928] -> F: 0.4707453160837644
Punto[1.         0.55552768 0.44410092] -> F: 0.47029301048300415
Punto[1.         0.55607651 0.44361256] -> F: 0.46984084934475306
Punto[1.         0.55662534 0.4431242 ] -> F: 0.469388832669011
Punto[1.         0.55717417 0.44263584] -> F: 0.4689369604557781
Punto[1.         0.55772301 0.44214749] -> F: 0.46848523270505416
Punto[1.         0.55827184 0.44165913] -> F: 0.4680336494168395
Punto[1.         0.55882067 0.44117077] -> F: 0.4675822105911337
Punto[1.         0.5593695  0.44068241] -> F: 0.4671244473740844
Punto[1.         0.55991834 0.44019405] -> F: 0.4666653400419244
Punto[1.         0.56046717 0.4397057 ] -> F: 0.4662068215636414
Punto[1.         0.561016   0.43921734] -> F: 0.46574889193923524
Punto[1.         0.56156483 0.43872898] -> F: 0.4652915511687062
Punto[1.         0.56211367 0.43824062] -> F: 0.46483479925205395
Punto[1.         0.5626625  0.43775227] -> F: 0.4643786361892788
Punto[1.         0.56321133 0.43726391] -> F: 0.46392306198038047
Punto[1.         0.56376016 0.43677555] -> F: 0.4632829908789854
Punto[1.         0.564309   0.43628719] -> F: 0.4620049170732919
{
  "seed": 8250,
  "n_per_z": 10,
  "nz": 100,
  "nd": 100,
  "n_muestras": 50,
  "best_f": 0.4756975661011631,
  "best_cp": [
    1.0,
    0.5483928510817806,
    0.4504495694705255
  ],
  "best_u": [
    -0.1564344650402308,
    0.18507433966170994,
    0.9701936646599785
  ],
  "best_index": 24,
  "n_candidatos": 54
}
