Punto[0.         0.76290292 0.62125745] -> F: 0.05620466938797305
Punto[1.         0.52649811 0.61103252] -> F: 0.3363641045321219
Punto[2.         0.64379638 0.73199847] -> F: 0.11859070688278674
Punto[1.         0.70334965 0.67662796] -> F: 0.2599794156709836
Punto[1.         0.53003514 0.61234443] -> F: 0.3412636693368006
Punto[1.         0.53350143 0.6136301 ] -> F: 0.34615350115373666
Punto[1.         0.53696772 0.61491577] -> F: 0.3511121650342968
Punto[1.         0.54043401 0.61620144] -> F: 0.3561533823638536
Punto[1.         0.5439003  0.61748711] -> F: 0.36069290506731905
Punto[1.         0.54736659 0.61877278] -> F: 0.3637009528499326
Punto[1.         0.55083288 0.62005845] -> F: 0.3668333470550492
Punto[1.         0.55429917 0.62134412] -> F: 0.3699760119933938
Punto[1.         0.55776546 0.6226298 ] -> F: 0.37327970066077804
Punto[1.         0.56123175 0.62391547] -> F: 0.37677950489231354
Punto[1.         0.56469804 0.62520114] -> F: 0.3791346712783302
Punto[1.         0.56816433 0.62648681] -> F: 0.37593384044287276
Punto[1.         0.57163062 0.62777248] -> F: 0.3727462299447031
Punto[1.         0.57509691 0.62905815] -> F: 0.3695718397838207
Punto[1.         0.5785632  0.63034382] -> F: 0.36641066996022625
Punto[1.         0.58202949 0.63162949] -> F: 0.3632627204739194
Punto[1.         0.58549578 0.63291516] -> F: 0.3601279913249002
Punto[1.         0.58896207 0.63420083] -> F: 0.35700648251316847
Punto[1.         0.59242836 0.6354865 ] -> F: 0.35389039502852093
Punto[1.         0.59589465 0.63677217] -> F: 0.3507779034741331
Punto[1.         0.59936094 0.63805784] -> F: 0.34767878213146863
Punto[1.         0.60282723 0.63934351] -> F: 0.3445930310005276
Punto[1.         0.60629352 0.64062918] -> F: 0.34152065008131
Punto[1.         0.60975981 0.64191485] -> F: 0.3384616393738159
Punto[1.         0.6132261  0.64320053] -> F: 0.3354159988780453
Punto[1.         0.61669239 0.6444862 ] -> F: 0.3323837285939982
Punto[1.         0.62015868 0.64577187] -> F: 0.32934936836986667
Punto[1.         0.62362497 0.64705754] -> F: 0.3263265604199291
Punto[1.         0.62709126 0.64834321] -> F: 0.32331727781369324
Punto[1.         0.63055755 0.64962888] -> F: 0.3203215205511585
Punto[1.         0.63402384 0.65091455] -> F: 0.3173392886323252
Punto[1.         0.63749013 0.65220022] -> F: 0.3143705820571931
Punto[1.         0.64095642 0.65348589] -> F: 0.3114154008257625
Punto[1.         0.64442271 0.65477156] -> F: 0.3084594037533972
Punto[1.         0.647889   0.65605723] -> F: 0.30551402328989663
Punto[1.         0.65135529 0.6573429 ] -> F: 0.3025823289904275
Punto[1.         0.65482159 0.65862857] -> F: 0.29966432085498973
Punto[1.         0.65828788 0.65991424] -> F: 0.29675999888358356
Punto[1.         0.66175417 0.66119991] -> F: 0.29386936307620865
Punto[1.         0.66522046 0.66248558] -> F: 0.2909889840866269
Punto[1.         0.66868675 0.66377126] -> F: 0.2881083633761501
Punto[1.         0.67215304 0.66505693] -> F: 0.28524159582591774
Punto[1.         0.67561933 0.6663426 ] -> F: 0.28238868143592966
Punto[1.         0.67908562 0.66762827] -> F: 0.2795496202061859
Punto[1.         0.68255191 0.66891394] -> F: 0.2767244121366866
Punto[1.         0.6860182  0.67019961] -> F: 0.2739130572274316
Punto[1.         0.68948449 0.67148528] -> F: 0.271098940551164
Punto[1.         0.69295078 0.67277095] -> F: 0.26829801900651024
Punto[1.         0.69641707 0.67405662] -> F: 0.265511124344929
Punto[1.         0.69988336 0.67534229] -> F: 0.2627382565664201
Best centerpoint:  [1.         0.56469804 0.62520114] Best F:  0.3791346712783302 Best u:  [-0.39714789  0.74247909  0.53944263] índice:  11
{
  "seed": 16643,
  "n_per_z": 5,
  "nz": 100,
  "nd": 100,
  "n_muestras": 50,
  "best_f": 0.3791346712783302,
  "best_cp": [
    1.0,
    0.5646980385809428,
    0.6252011367431043
  ],
  "best_u": [
    -0.3971478906347807,
    0.7424790888445594,
    0.5394426342002431
  ],
  "n_candidatos": 54
}
