Punto[0.         0.44337347 0.56967256] -> F: 0.12540665935241307
Punto[1.         0.49378061 0.50230218] -> F: 0.42114900464818616
Punto[2.         0.47737126 0.55704817] -> F: 0.14797672444056897
Punto[1.         0.46037237 0.56336037] -> F: 0.43592484839533996
Punto[1.         0.49311245 0.50352334] -> F: 0.42339814646682844
Punto[1.         0.49245765 0.50472008] -> F: 0.4256050496922595
Punto[1.         0.49180285 0.50591682] -> F: 0.42778494375443604
Punto[1.         0.49114804 0.50711356] -> F: 0.4299336567796147
Punto[1.         0.49049324 0.5083103 ] -> F: 0.43199775762894116
Punto[1.         0.48983844 0.50950704] -> F: 0.43402905695147004
Punto[1.         0.48918364 0.51070379] -> F: 0.4360621217983435
Punto[1.         0.48852884 0.51190053] -> F: 0.4380960557016679
Punto[1.         0.48787404 0.51309727] -> F: 0.4400504794486794
Punto[1.         0.48721923 0.51429401] -> F: 0.4420065257083999
Punto[1.         0.48656443 0.51549075] -> F: 0.4439641944808292
Punto[1.         0.48590963 0.51668749] -> F: 0.445890266242152
Punto[1.         0.48525483 0.51788423] -> F: 0.44776901699393684
Punto[1.         0.48460003 0.51908097] -> F: 0.4495657918324965
Punto[1.         0.48394523 0.52027771] -> F: 0.4513287163648939
Punto[1.         0.48329042 0.52147445] -> F: 0.4530564811849898
Punto[1.         0.48263562 0.52267119] -> F: 0.4547855104937814
Punto[1.         0.48198082 0.52386793] -> F: 0.4565034904572426
Punto[1.         0.48132602 0.52506467] -> F: 0.4581657960028296
Punto[1.         0.48067122 0.52626141] -> F: 0.45982926561510856
Punto[1.         0.48001642 0.52745815] -> F: 0.46145147046804275
Punto[1.         0.47936162 0.52865489] -> F: 0.46297450699440745
Punto[1.         0.47870681 0.52985163] -> F: 0.46329206861940236
Punto[1.         0.47805201 0.53104837] -> F: 0.46247886308126845
Punto[1.         0.47739721 0.53224511] -> F: 0.4616657485264719
Punto[1.         0.47674241 0.53344185] -> F: 0.4608529189467774
Punto[1.         0.47608761 0.5346386 ] -> F: 0.4600407472324897
Punto[1.         0.47543281 0.53583534] -> F: 0.45922671406422766
Punto[1.         0.474778   0.53703208] -> F: 0.4584087282419223
Punto[1.         0.4741232  0.53822882] -> F: 0.45759142137856845
Punto[1.         0.4734684  0.53942556] -> F: 0.4567747934741665
Punto[1.        0.4728136 0.5406223] -> F: 0.45595884452871627
Punto[1.         0.4721588  0.54181904] -> F: 0.45514357454221777
Punto[1.         0.471504   0.54301578] -> F: 0.45432898351467105
Punto[1.         0.47084919 0.54421252] -> F: 0.45351507144607606
Punto[1.         0.47019439 0.54540926] -> F: 0.4527018383364329
Punto[1.         0.46953959 0.546606  ] -> F: 0.4518892841857414
Punto[1.         0.46888479 0.54780274] -> F: 0.4510774089940018
Punto[1.         0.46822999 0.54899948] -> F: 0.4502662127612138
Punto[1.         0.46757519 0.55019622] -> F: 0.4494522699531539
Punto[1.         0.46692039 0.55139296] -> F: 0.44863518505704575
Punto[1.         0.46626558 0.5525897 ] -> F: 0.4478187913352408
Punto[1.         0.46561078 0.55378644] -> F: 0.4470030887877389
Punto[1.         0.46495598 0.55498318] -> F: 0.44618807741454014
Punto[1.         0.46430118 0.55617992] -> F: 0.444721479682678
Punto[1.         0.46364638 0.55737666] -> F: 0.4432701646199313
Punto[1.         0.46299158 0.55857341] -> F: 0.4418383507393043
Punto[1.         0.46233677 0.55977015] -> F: 0.44042631514442687
Punto[1.         0.46168197 0.56096689] -> F: 0.4389231406711987
Punto[1.         0.46102717 0.56216363] -> F: 0.4373942038309241
{
  "seed": 5619,
  "n_per_z": 10,
  "nz": 100,
  "nd": 100,
  "n_muestras": 50,
  "best_f": 0.46329206861940236,
  "best_cp": [
    1.0,
    0.47870681373098106,
    0.5298516332381835
  ],
  "best_u": [
    -0.3971478906347807,
    -0.36448431371070583,
    0.8422735529643444
  ],
  "best_index": 26,
  "n_candidatos": 54
}
