Punto[0.         0.3700858  0.55466739] -> F: 0.09692469022127721
Punto[1.         0.40458274 0.5085941 ] -> F: 0.3793567219792375
Punto[2.         0.46364007 0.28126822] -> F: 0.13520635505393075
Punto[1.         0.41686293 0.4179678 ] -> F: 0.3946980086269965
Punto[1.         0.40482835 0.50678157] -> F: 0.3823493594163073
Punto[1.         0.40506904 0.50500529] -> F: 0.3852956414984772
Punto[1.         0.40530973 0.50322902] -> F: 0.3882552846371772
Punto[1.         0.40555042 0.50145274] -> F: 0.39122828883240696
Punto[1.         0.40579112 0.49967647] -> F: 0.3942146540841668
Punto[1.         0.40603181 0.49790019] -> F: 0.3972143803924565
Punto[1.         0.4062725  0.49612392] -> F: 0.40022746775727613
Punto[1.         0.40651319 0.49434764] -> F: 0.403253916178626
Punto[1.         0.40675388 0.49257137] -> F: 0.4062937256565056
Punto[1.         0.40699457 0.49079509] -> F: 0.4093033254918919
Punto[1.         0.40723527 0.48901882] -> F: 0.4123043786357139
Punto[1.         0.40747596 0.48724254] -> F: 0.41532068940568007
Punto[1.         0.40771665 0.48546627] -> F: 0.41835225780179064
Punto[1.         0.40795734 0.48368999] -> F: 0.4213990838240451
Punto[1.         0.40819803 0.48191372] -> F: 0.4244611674724439
Punto[1.         0.40843872 0.48013744] -> F: 0.4275385087469869
Punto[1.         0.40867942 0.47836116] -> F: 0.430631107647674
Punto[1.         0.40892011 0.47658489] -> F: 0.4337337598635217
Punto[1.         0.4091608  0.47480861] -> F: 0.43417775876606063
Punto[1.         0.40940149 0.47303234] -> F: 0.43304410053327935
Punto[1.         0.40964218 0.47125606] -> F: 0.43191185361321893
Punto[1.         0.40988287 0.46947979] -> F: 0.4307810184546957
Punto[1.         0.41012357 0.46770351] -> F: 0.4296518523859549
Punto[1.         0.41036426 0.46592724] -> F: 0.42850075062514587
Punto[1.         0.41060495 0.46415096] -> F: 0.42734777034105637
Punto[1.         0.41084564 0.46237469] -> F: 0.4261962404607275
Punto[1.         0.41108633 0.46059841] -> F: 0.4250461889468098
Punto[1.         0.41132702 0.45882214] -> F: 0.4238974310979976
Punto[1.         0.41156772 0.45704586] -> F: 0.4227277798910934
Punto[1.         0.41180841 0.45526959] -> F: 0.4215589477021674
Punto[1.         0.4120491  0.45349331] -> F: 0.4203909345312197
Punto[1.         0.41228979 0.45171704] -> F: 0.41922364655066363
Punto[1.         0.41253048 0.44994076] -> F: 0.4180378122012149
Punto[1.         0.41277117 0.44816448] -> F: 0.41685282443589167
Punto[1.         0.41301187 0.44638821] -> F: 0.4156686832546938
Punto[1.         0.41325256 0.44461193] -> F: 0.4144797012476428
Punto[1.         0.41349325 0.44283566] -> F: 0.4132779563317827
Punto[1.         0.41373394 0.44105938] -> F: 0.41207708587333486
Punto[1.         0.41397463 0.43928311] -> F: 0.41087708987229915
Punto[1.         0.41421532 0.43750683] -> F: 0.40967796832867553
Punto[1.         0.41445602 0.43573056] -> F: 0.408479721242464
Punto[1.         0.41469671 0.43395428] -> F: 0.4072825659820714
Punto[1.         0.4149374  0.43217801] -> F: 0.4060803439290672
Punto[1.         0.41517809 0.43040173] -> F: 0.40487844954384544
Punto[1.         0.41541878 0.42862546] -> F: 0.4036786270301943
Punto[1.         0.41565947 0.42684918] -> F: 0.40248087638811375
Punto[1.         0.41590017 0.42507291] -> F: 0.40120265515488057
Punto[1.         0.41614086 0.42329663] -> F: 0.3997454371838602
Punto[1.         0.41638155 0.42152036] -> F: 0.39804048909191486
Punto[1.         0.41662224 0.41974408] -> F: 0.3963010098696775
{
  "seed": 8673,
  "n_per_z": 10,
  "nz": 100,
  "nd": 100,
  "n_muestras": 50,
  "best_f": 0.43417775876606063,
  "best_cp": [
    1.0,
    0.4091607989511219,
    0.4748086140539284
  ],
  "best_u": [
    -0.9995065603657316,
    -0.01598937727092425,
    -0.02703656043864067
  ],
  "best_index": 22,
  "n_candidatos": 54
}
