Punto[0.         0.65785193 0.55489594] -> F: 0.1151429597263993
Punto[1.         0.56275337 0.46862181] -> F: 0.3711064499404946
Punto[2.         0.54907261 0.62073226] -> F: 0.1384364892441294
Punto[1.         0.60346227 0.5878141 ] -> F: 0.3795575822469735
Punto[1.         0.56356755 0.47100565] -> F: 0.3736368477423241
Punto[1.         0.56436544 0.47334182] -> F: 0.37622197955468106
Punto[1.         0.56516334 0.47567799] -> F: 0.37864794086206993
Punto[1.         0.56596123 0.47801416] -> F: 0.38186398215878087
Punto[1.         0.56675913 0.48035033] -> F: 0.38486761565512834
Punto[1.         0.56755702 0.4826865 ] -> F: 0.3880018768302399
Punto[1.         0.56835492 0.48502267] -> F: 0.39125727265479454
Punto[1.         0.56915281 0.48735884] -> F: 0.39438255974351194
Punto[1.         0.56995071 0.48969501] -> F: 0.39757558370702367
Punto[1.         0.5707486  0.49203117] -> F: 0.40083634454532924
Punto[1.         0.57154649 0.49436734] -> F: 0.40413076246276136
Punto[1.         0.57234439 0.49670351] -> F: 0.4073550088022434
Punto[1.         0.57314228 0.49903968] -> F: 0.41015638296000634
Punto[1.         0.57394018 0.50137585] -> F: 0.4125516294464306
Punto[1.         0.57473807 0.50371202] -> F: 0.41502405018872224
Punto[1.         0.57553597 0.50604819] -> F: 0.4171836034129395
Punto[1.         0.57633386 0.50838436] -> F: 0.42010009308360896
Punto[1.         0.57713175 0.51072053] -> F: 0.42336874158954363
Punto[1.         0.57792965 0.51305669] -> F: 0.4264872770600143
Punto[1.         0.57872754 0.51539286] -> F: 0.42966628961902387
Punto[1.         0.57952544 0.51772903] -> F: 0.43295861982878614
Punto[1.         0.58032333 0.5200652 ] -> F: 0.43626831228449087
Punto[1.         0.58112123 0.52240137] -> F: 0.43863453581856643
Punto[1.         0.58191912 0.52473754] -> F: 0.43669665381897366
Punto[1.         0.58271702 0.52707371] -> F: 0.4347740562433563
Punto[1.         0.58351491 0.52940988] -> F: 0.4328678167926243
Punto[1.         0.5843128  0.53174605] -> F: 0.431043491773333
Punto[1.         0.5851107  0.53408221] -> F: 0.42931056220104513
Punto[1.         0.58590859 0.53641838] -> F: 0.42765615187155437
Punto[1.         0.58670649 0.53875455] -> F: 0.4259944221535585
Punto[1.         0.58750438 0.54109072] -> F: 0.42438077582550293
Punto[1.         0.58830228 0.54342689] -> F: 0.4228077048294615
Punto[1.         0.58910017 0.54576306] -> F: 0.42075859353419065
Punto[1.         0.58989806 0.54809923] -> F: 0.4184616168707478
Punto[1.         0.59069596 0.5504354 ] -> F: 0.41618297396228826
Punto[1.         0.59149385 0.55277157] -> F: 0.41383344190941035
Punto[1.         0.59229175 0.55510773] -> F: 0.411532498127822
Punto[1.         0.59308964 0.5574439 ] -> F: 0.4091574807717366
Punto[1.         0.59388754 0.55978007] -> F: 0.4068097821692341
Punto[1.         0.59468543 0.56211624] -> F: 0.4044434522373596
Punto[1.         0.59548333 0.56445241] -> F: 0.4020236915097709
Punto[1.         0.59628122 0.56678858] -> F: 0.3998435943426123
Punto[1.         0.59707911 0.56912475] -> F: 0.39793086575431186
Punto[1.         0.59787701 0.57146092] -> F: 0.39618021390639174
Punto[1.         0.5986749  0.57379709] -> F: 0.3944320379911277
Punto[1.         0.5994728  0.57613325] -> F: 0.39207458880943624
Punto[1.         0.60027069 0.57846942] -> F: 0.3895648546150816
Punto[1.         0.60106859 0.58080559] -> F: 0.38705821389073086
Punto[1.         0.60186648 0.58314176] -> F: 0.3845523531786462
Punto[1.         0.60266438 0.58547793] -> F: 0.3820521426307272
{
  "seed": 16854,
  "n_per_z": 10,
  "nz": 100,
  "nd": 100,
  "n_muestras": 50,
  "best_f": 0.43863453581856643,
  "best_cp": [
    1.0,
    0.5811212266210992,
    0.5224013702639527
  ],
  "best_u": [
    -0.3971478906347807,
    -0.028827369440197332,
    0.9173017691771355
  ],
  "best_index": 26,
  "n_candidatos": 54
}
