Punto[0.         0.35677136 0.51801518] -> F: 0.04982577425524024
Punto[1.         0.44892235 0.51032768] -> F: 0.36974617740922605
Punto[2.         0.43967209 0.64369163] -> F: 0.11340020283939935
Punto[1.         0.39822172 0.5808534 ] -> F: 0.30496801617863056
Punto[1.         0.44790834 0.51173819] -> F: 0.3716634593123721
Punto[1.         0.44691461 0.5131205 ] -> F: 0.37344701850533984
Punto[1.         0.44592087 0.5145028 ] -> F: 0.37531775488969127
Punto[1.         0.44492714 0.51588511] -> F: 0.37727566846542687
Punto[1.         0.44393341 0.51726741] -> F: 0.37932075923254643
Punto[1.         0.44293968 0.51864971] -> F: 0.38100085199249184
Punto[1.         0.44194595 0.52003202] -> F: 0.3826524669081734
Punto[1.         0.44095221 0.52141432] -> F: 0.38432204797130826
Punto[1.         0.43995848 0.52279663] -> F: 0.38600959518189687
Punto[1.         0.43896475 0.52417893] -> F: 0.387453349411353
Punto[1.         0.43797102 0.52556123] -> F: 0.3888072411329888
Punto[1.         0.43697728 0.52694354] -> F: 0.38792459741725543
Punto[1.         0.43598355 0.52832584] -> F: 0.38583393870088495
Punto[1.         0.43498982 0.52970815] -> F: 0.3837488968162004
Punto[1.         0.43399609 0.53109045] -> F: 0.38166947176320265
Punto[1.         0.43300235 0.53247276] -> F: 0.37959566354189134
Punto[1.         0.43200862 0.53385506] -> F: 0.3775274721522664
Punto[1.         0.43101489 0.53523736] -> F: 0.37544495168756
Punto[1.         0.43002116 0.53661967] -> F: 0.3733334620593511
Punto[1.         0.42902742 0.53800197] -> F: 0.3712278917681678
Punto[1.         0.42803369 0.53938428] -> F: 0.3691282408140098
Punto[1.         0.42703996 0.54076658] -> F: 0.36703450919687686
Punto[1.         0.42604623 0.54214888] -> F: 0.36494669691676956
Punto[1.         0.42505249 0.54353119] -> F: 0.3628648039736876
Punto[1.         0.42405876 0.54491349] -> F: 0.3607358624208591
Punto[1.         0.42306503 0.5462958 ] -> F: 0.35860927455621355
Punto[1.        0.4220713 0.5476781] -> F: 0.3564889351631227
Punto[1.         0.42107757 0.54906041] -> F: 0.3543748442415867
Punto[1.         0.42008383 0.55044271] -> F: 0.3522670017916056
Punto[1.         0.4190901  0.55182501] -> F: 0.35016540781317923
Punto[1.         0.41809637 0.55320732] -> F: 0.3480420384454058
Punto[1.         0.41710264 0.55458962] -> F: 0.34589375724760957
Punto[1.         0.4161089  0.55597193] -> F: 0.343752084666124
Punto[1.         0.41511517 0.55735423] -> F: 0.3416170207009493
Punto[1.         0.41412144 0.55873653] -> F: 0.3394885653520851
Punto[1.         0.41312771 0.56011884] -> F: 0.33736671861953144
Punto[1.         0.41213397 0.56150114] -> F: 0.33525148050328846
Punto[1.         0.41114024 0.56288345] -> F: 0.33308245336656217
Punto[1.         0.41014651 0.56426575] -> F: 0.3309185840281141
Punto[1.         0.40915278 0.56564805] -> F: 0.3287617198369424
Punto[1.         0.40815904 0.56703036] -> F: 0.3266118607930468
Punto[1.         0.40716531 0.56841266] -> F: 0.32446900689642766
Punto[1.         0.40617158 0.56979497] -> F: 0.32233315814708485
Punto[1.         0.40517785 0.57117727] -> F: 0.3201770400800893
Punto[1.         0.40418412 0.57255958] -> F: 0.31798984364077176
Punto[1.         0.40319038 0.57394188] -> F: 0.31581009193786985
Punto[1.         0.40219665 0.57532418] -> F: 0.3136377849713836
Punto[1.         0.40120292 0.57670649] -> F: 0.3114729227413127
Punto[1.         0.40020919 0.57808879] -> F: 0.30931550524765755
Punto[1.         0.39921545 0.5794711 ] -> F: 0.30716553249041795
Best centerpoint:  [1.         0.43797102 0.52556123] Best F:  0.3888072411329888 Best u:  [-0.06279052 -0.30840722 -0.94917982] índice:  11
{
  "seed": 18943,
  "n_per_z": 5,
  "nz": 100,
  "nd": 100,
  "n_muestras": 50,
  "best_f": 0.3888072411329888,
  "best_cp": [
    1.0,
    0.43797101554021045,
    0.5255612349270706
  ],
  "best_u": [
    -0.06279051952931353,
    -0.3084072199247664,
    -0.9491798235084412
  ],
  "n_candidatos": 54
}
