Punto[0.         0.39899914 0.53438759] -> F: 0.15116441011466522
Punto[1.         0.42756479 0.54698721] -> F: 0.4518123034513955
Punto[2.         0.38383336 0.52649122] -> F: 0.15509957728055568
Punto[1.         0.39141625 0.5304394 ] -> F: 0.47468715048324783
Punto[1.         0.42684182 0.54665626] -> F: 0.4530048747487134
Punto[1.         0.42613331 0.54633192] -> F: 0.45417406643177377
Punto[1.         0.4254248  0.54600758] -> F: 0.4553437251607487
Punto[1.         0.42471628 0.54568325] -> F: 0.45651385093563784
Punto[1.         0.42400777 0.54535891] -> F: 0.4576635406564541
Punto[1.         0.42329926 0.54503457] -> F: 0.45880372083336
Punto[1.         0.42259075 0.54471024] -> F: 0.4599443782478277
Punto[1.         0.42188224 0.5443859 ] -> F: 0.4610855128998572
Punto[1.         0.42117373 0.54406156] -> F: 0.4622271247894487
Punto[1.         0.42046522 0.54373722] -> F: 0.4633692139166022
Punto[1.         0.4197567  0.54341289] -> F: 0.4645117802813173
Punto[1.         0.41904819 0.54308855] -> F: 0.46565482388359464
Punto[1.         0.41833968 0.54276421] -> F: 0.4667983447234336
Punto[1.         0.41763117 0.54243988] -> F: 0.4679423428008345
Punto[1.         0.41692266 0.54211554] -> F: 0.4690868181157973
Punto[1.         0.41621415 0.5417912 ] -> F: 0.47023177066832206
Punto[1.         0.41550564 0.54146686] -> F: 0.47137644877245566
Punto[1.         0.41479713 0.54114253] -> F: 0.4725212392226974
Punto[1.         0.41408861 0.54081819] -> F: 0.47366649671885347
Punto[1.         0.4133801  0.54049385] -> F: 0.47481222126092393
Punto[1.         0.41267159 0.54016952] -> F: 0.4759453322091367
Punto[1.         0.41196308 0.53984518] -> F: 0.47706062322581677
Punto[1.         0.41125457 0.53952084] -> F: 0.4781763914800591
Punto[1.         0.41054606 0.53919651] -> F: 0.479292636971863
Punto[1.         0.40983755 0.53887217] -> F: 0.4804093597012287
Punto[1.         0.40912904 0.53854783] -> F: 0.4815265596681565
Punto[1.         0.40842052 0.53822349] -> F: 0.4826442368726461
Punto[1.         0.40771201 0.53789916] -> F: 0.4837623913146976
Punto[1.         0.4070035  0.53757482] -> F: 0.4847280785547408
Punto[1.         0.40629499 0.53725048] -> F: 0.4845031004115118
Punto[1.         0.40558648 0.53692615] -> F: 0.4842460621355297
Punto[1.         0.40487797 0.53660181] -> F: 0.48398505193304575
Punto[1.         0.40416946 0.53627747] -> F: 0.48372142918152655
Punto[1.         0.40346095 0.53595313] -> F: 0.4834578352724909
Punto[1.         0.40275243 0.5356288 ] -> F: 0.48319427020593897
Punto[1.         0.40204392 0.53530446] -> F: 0.4829245382985237
Punto[1.         0.40133541 0.53498012] -> F: 0.48255914068489036
Punto[1.         0.4006269  0.53465579] -> F: 0.4821673110122844
Punto[1.         0.39991839 0.53433145] -> F: 0.48177648521913413
Punto[1.         0.39920988 0.53400711] -> F: 0.4813866633054395
Punto[1.         0.39850137 0.53368278] -> F: 0.48099784527120054
Punto[1.         0.39779285 0.53335844] -> F: 0.4806095597535151
Punto[1.         0.39708434 0.5330341 ] -> F: 0.48021580351646437
Punto[1.         0.39637583 0.53270976] -> F: 0.4797465211903225
Punto[1.         0.39566732 0.53238543] -> F: 0.4790415720897968
Punto[1.         0.39495881 0.53206109] -> F: 0.4783318467428357
Punto[1.         0.3942503  0.53173675] -> F: 0.4776224846230428
Punto[1.         0.39354179 0.53141242] -> F: 0.476900994487116
Punto[1.         0.39283328 0.53108808] -> F: 0.4761626260527125
Punto[1.         0.39212476 0.53076374] -> F: 0.4754246780514231
{
  "seed": 8790,
  "n_per_z": 10,
  "nz": 100,
  "nd": 100,
  "n_muestras": 50,
  "best_f": 0.4847280785547408,
  "best_cp": [
    1.0,
    0.4070035015800744,
    0.537574820213848
  ],
  "best_u": [
    -0.5358267949789969,
    -0.6333397233171835,
    0.5583640753585869
  ],
  "best_index": 32,
  "n_candidatos": 54
}
