Punto[0.         0.50877774 0.62797233] -> F: 0.09829823162856709
Punto[1.         0.56232381 0.42353448] -> F: 0.27849131180958814
Punto[2.         0.8140084  0.32980552] -> F: 0.07516812355875956
Punto[1.         0.66139307 0.47888893] -> F: 0.30334384455245256
Punto[1.         0.56430519 0.42464156] -> F: 0.28145963633934706
Punto[1.         0.56624695 0.42572651] -> F: 0.2845029385372325
Punto[1.         0.56818871 0.42681146] -> F: 0.287596972874053
Punto[1.         0.57013046 0.42789641] -> F: 0.29056893077583595
Punto[1.         0.57207222 0.42898135] -> F: 0.29371993203975594
Punto[1.         0.57401398 0.4300663 ] -> F: 0.2970563560853035
Punto[1.         0.57595574 0.43115125] -> F: 0.30041406546107
Punto[1.         0.57789749 0.43223619] -> F: 0.30371244225465266
Punto[1.         0.57983925 0.43332114] -> F: 0.30732947636192487
Punto[1.         0.58178101 0.43440609] -> F: 0.3112651677828874
Punto[1.         0.58372277 0.43549104] -> F: 0.3155195165175404
Punto[1.         0.58566452 0.43657598] -> F: 0.3200925225658839
Punto[1.         0.58760628 0.43766093] -> F: 0.32500426987875874
Punto[1.         0.58954804 0.43874588] -> F: 0.3310105172494
Punto[1.         0.5914898  0.43983083] -> F: 0.33697189889507295
Punto[1.         0.59343155 0.44091577] -> F: 0.34357174205696317
Punto[1.         0.59537331 0.44200072] -> F: 0.35047120959664985
Punto[1.         0.59731507 0.44308567] -> F: 0.3570415397485368
Punto[1.         0.59925683 0.44417061] -> F: 0.36393925849032416
Punto[1.         0.60119859 0.44525556] -> F: 0.3709978400604532
Punto[1.         0.60314034 0.44634051] -> F: 0.3777745202132817
Punto[1.         0.6050821  0.44742546] -> F: 0.3820415253394484
Punto[1.         0.60702386 0.4485104 ] -> F: 0.37937353793598444
Punto[1.         0.60896562 0.44959535] -> F: 0.3767096201038415
Punto[1.         0.61090737 0.4506803 ] -> F: 0.3740370780391944
Punto[1.         0.61284913 0.45176525] -> F: 0.37136380307299766
Punto[1.         0.61479089 0.45285019] -> F: 0.36868644405994766
Punto[1.         0.61673265 0.45393514] -> F: 0.3660039526814425
Punto[1.         0.6186744  0.45502009] -> F: 0.3633216291942385
Punto[1.         0.62061616 0.45610503] -> F: 0.36062998356229164
Punto[1.         0.62255792 0.45718998] -> F: 0.35794266529709173
Punto[1.         0.62449968 0.45827493] -> F: 0.35524184099226297
Punto[1.         0.62644143 0.45935988] -> F: 0.3525496228174561
Punto[1.         0.62838319 0.46044482] -> F: 0.3498394989037248
Punto[1.         0.63032495 0.46152977] -> F: 0.3471426152954584
Punto[1.         0.63226671 0.46261472] -> F: 0.34442296200193767
Punto[1.         0.63420846 0.46369966] -> F: 0.34172180944032043
Punto[1.         0.63615022 0.46478461] -> F: 0.3389922728624015
Punto[1.         0.63809198 0.46586956] -> F: 0.33628332249065057
Punto[1.         0.64003374 0.46695451] -> F: 0.3335475253419413
Punto[1.         0.64197549 0.46803945] -> F: 0.33082899432605845
Punto[1.         0.64391725 0.4691244 ] -> F: 0.3280888862825054
Punto[1.         0.64585901 0.47020935] -> F: 0.32536017468889317
Punto[1.         0.64780077 0.4712943 ] -> F: 0.3226166284185483
Punto[1.         0.64974253 0.47237924] -> F: 0.31987694897353536
Punto[1.         0.65168428 0.47346419] -> F: 0.3171311787755613
Punto[1.         0.65362604 0.47454914] -> F: 0.3143795204920208
Punto[1.         0.6555678  0.47563408] -> F: 0.31163318892487474
Punto[1.         0.65750956 0.47671903] -> F: 0.3088682702711667
Punto[1.         0.65945131 0.47780398] -> F: 0.30612363666283543
Best centerpoint:  [1.         0.6050821  0.44742546] Best F:  0.3820415253394484 Best u:  [0.96858316 0.18128713 0.17023994] índice:  22
{
  "seed": 4652,
  "n_per_z": 5,
  "nz": 100,
  "nd": 100,
  "n_muestras": 50,
  "best_f": 0.3820415253394484,
  "best_cp": [
    1.0,
    0.6050821003531379,
    0.4474254562403604
  ],
  "best_u": [
    0.9685831611286311,
    0.1812871257001499,
    0.17023994253243346
  ],
  "n_candidatos": 54
}
