Punto[0.         0.36903852 0.45075794] -> F: 0.10814979871939397
Punto[1.         0.46907459 0.5056481 ] -> F: 0.4394660263983916
Punto[2.         0.57237217 0.52307898] -> F: 0.15562585212223548
Punto[1.         0.47070534 0.48691846] -> F: 0.42324297995371746
Punto[1.         0.46910721 0.50527351] -> F: 0.4392530925552088
Punto[1.         0.46913917 0.50490641] -> F: 0.4390450788008898
Punto[1.         0.46917113 0.50453931] -> F: 0.43883771977764197
Punto[1.         0.46920309 0.50417221] -> F: 0.4386310154854649
Punto[1.         0.46923506 0.50380511] -> F: 0.43842496592435887
Punto[1.         0.46926702 0.50343801] -> F: 0.4381318716447595
Punto[1.         0.46929898 0.50307091] -> F: 0.4377888125808622
Punto[1.         0.46933095 0.5027038 ] -> F: 0.4374470940733212
Punto[1.         0.46936291 0.5023367 ] -> F: 0.43710671612213736
Punto[1.         0.46939487 0.5019696 ] -> F: 0.4367676787273099
Punto[1.         0.46942683 0.5016025 ] -> F: 0.43642998188883947
Punto[1.        0.4694588 0.5012354] -> F: 0.43609362560672554
Punto[1.         0.46949076 0.5008683 ] -> F: 0.4357586098809685
Punto[1.         0.46952272 0.5005012 ] -> F: 0.4354249347115681
Punto[1.         0.46955468 0.5001341 ] -> F: 0.43509260009852435
Punto[1.         0.46958665 0.499767  ] -> F: 0.4347616060418374
Punto[1.         0.46961861 0.49939989] -> F: 0.4343585972959565
Punto[1.         0.46965057 0.49903279] -> F: 0.4339373560880432
Punto[1.         0.46968254 0.49866569] -> F: 0.43351597202792264
Punto[1.         0.4697145  0.49829859] -> F: 0.4330944451155949
Punto[1.         0.46974646 0.49793149] -> F: 0.4326727753510599
Punto[1.         0.46977842 0.49756439] -> F: 0.4322509627343176
Punto[1.         0.46981039 0.49719729] -> F: 0.43182900726536827
Punto[1.         0.46984235 0.49683019] -> F: 0.4314083717091084
Punto[1.         0.46987431 0.49646309] -> F: 0.43099594777240446
Punto[1.         0.46990627 0.49609599] -> F: 0.4305926184443608
Punto[1.         0.46993824 0.49572888] -> F: 0.430198383724977
Punto[1.         0.4699702  0.49536178] -> F: 0.4298132436142532
Punto[1.         0.47000216 0.49499468] -> F: 0.42943719811218967
Punto[1.         0.47003413 0.49462758] -> F: 0.4290702472187861
Punto[1.         0.47006609 0.49426048] -> F: 0.4287123909340426
Punto[1.         0.47009805 0.49389338] -> F: 0.42836362925795907
Punto[1.         0.47013001 0.49352628] -> F: 0.42802396219053584
Punto[1.         0.47016198 0.49315918] -> F: 0.42769338973177257
Punto[1.         0.47019394 0.49279208] -> F: 0.4273719118816694
Punto[1.         0.4702259  0.49242498] -> F: 0.42705952864022634
Punto[1.         0.47025787 0.49205787] -> F: 0.4267562400074431
Punto[1.         0.47028983 0.49169077] -> F: 0.42646204598332016
Punto[1.         0.47032179 0.49132367] -> F: 0.4261769465678572
Punto[1.         0.47035375 0.49095657] -> F: 0.4259009417610543
Punto[1.         0.47038572 0.49058947] -> F: 0.4256340315629115
Punto[1.         0.47041768 0.49022237] -> F: 0.4253762159734288
Punto[1.         0.47044964 0.48985527] -> F: 0.42512749499260605
Punto[1.         0.4704816  0.48948817] -> F: 0.4248878686204435
Punto[1.         0.47051357 0.48912107] -> F: 0.4246532975080287
Punto[1.         0.47054553 0.48875397] -> F: 0.42441860260528047
Punto[1.         0.47057749 0.48838686] -> F: 0.42418376449334405
Punto[1.         0.47060946 0.48801976] -> F: 0.42394878317221957
Punto[1.         0.47064142 0.48765266] -> F: 0.423713658641907
Punto[1.         0.47067338 0.48728556] -> F: 0.4234783909024063
{
  "seed": 3464,
  "n_per_z": 10,
  "nz": 100,
  "nd": 100,
  "n_muestras": 50,
  "best_f": 0.4394660263983916,
  "best_cp": [
    1.0,
    0.46907459071422336,
    0.5056481043661017
  ],
  "best_u": [
    -0.24868988716485474,
    -0.5693188977302337,
    -0.7836002378184704
  ],
  "best_index": 1,
  "n_candidatos": 54
}
