Punto[0.         0.47290199 0.50984278] -> F: 0.14702364422994013
Punto[1.         0.46302541 0.43470866] -> F: 0.4211655622974484
Punto[2.         0.53818001 0.45521875] -> F: 0.11293276920213038
Punto[1.         0.505541   0.48253077] -> F: 0.42638549352829336
Punto[1.         0.46387572 0.43566511] -> F: 0.42306857681071675
Punto[1.         0.46470903 0.43660242] -> F: 0.42493628350538093
Punto[1.         0.46554233 0.43753973] -> F: 0.42680671486896216
Punto[1.         0.46637564 0.43847704] -> F: 0.42867987090146065
Punto[1.         0.46720894 0.43941436] -> F: 0.4305557516028762
Punto[1.         0.46804225 0.44035167] -> F: 0.4324343569732087
Punto[1.         0.46887555 0.44128898] -> F: 0.4343156870124585
Punto[1.         0.46970886 0.4422263 ] -> F: 0.43619974172062526
Punto[1.         0.47054217 0.44316361] -> F: 0.4380865210977092
Punto[1.         0.47137547 0.44410092] -> F: 0.43997602514371015
Punto[1.         0.47220878 0.44503824] -> F: 0.4418682538586284
Punto[1.         0.47304208 0.44597555] -> F: 0.44376320724246343
Punto[1.         0.47387539 0.44691286] -> F: 0.44566088529521586
Punto[1.         0.47470869 0.44785018] -> F: 0.4475439487370348
Punto[1.         0.475542   0.44878749] -> F: 0.44942057836721117
Punto[1.        0.4763753 0.4497248] -> F: 0.45129844482769527
Punto[1.         0.47720861 0.45066212] -> F: 0.45313945918144694
Punto[1.         0.47804192 0.45159943] -> F: 0.4549082616044152
Punto[1.         0.47887522 0.45253674] -> F: 0.4549727339395442
Punto[1.         0.47970853 0.45347406] -> F: 0.454601281336953
Punto[1.         0.48054183 0.45441137] -> F: 0.45377564427059397
Punto[1.         0.48137514 0.45534868] -> F: 0.4529501266092826
Punto[1.         0.48220844 0.456286  ] -> F: 0.45212472835301876
Punto[1.         0.48304175 0.45722331] -> F: 0.45129944950180245
Punto[1.         0.48387506 0.45816062] -> F: 0.4504742900556337
Punto[1.         0.48470836 0.45909794] -> F: 0.4496492500145125
Punto[1.         0.48554167 0.46003525] -> F: 0.448824329378439
Punto[1.         0.48637497 0.46097256] -> F: 0.44799952814741306
Punto[1.         0.48720828 0.46190987] -> F: 0.44717484632143467
Punto[1.         0.48804158 0.46284719] -> F: 0.4462429104306914
Punto[1.         0.48887489 0.4637845 ] -> F: 0.44528688125807125
Punto[1.         0.48970819 0.46472181] -> F: 0.4443366177948979
Punto[1.         0.4905415  0.46565913] -> F: 0.4433921200411711
Punto[1.         0.49137481 0.46659644] -> F: 0.4424533879968914
Punto[1.         0.49220811 0.46753375] -> F: 0.44152042166205824
Punto[1.         0.49304142 0.46847107] -> F: 0.440593221036672
Punto[1.         0.49387472 0.46940838] -> F: 0.43967178612073243
Punto[1.         0.49470803 0.47034569] -> F: 0.4387561169142397
Punto[1.         0.49554133 0.47128301] -> F: 0.4378462134171937
Punto[1.         0.49637464 0.47222032] -> F: 0.4369420756295945
Punto[1.         0.49720794 0.47315763] -> F: 0.43604370355144206
Punto[1.         0.49804125 0.47409495] -> F: 0.4351510971827364
Punto[1.         0.49887456 0.47503226] -> F: 0.4342642565234777
Punto[1.         0.49970786 0.47596957] -> F: 0.4333829614097338
Punto[1.         0.50054117 0.47690689] -> F: 0.4324971067319579
Punto[1.         0.50137447 0.4778442 ] -> F: 0.4316163856774958
Punto[1.         0.50220778 0.47878151] -> F: 0.43058000853066675
Punto[1.         0.50304108 0.47971883] -> F: 0.4295236793451029
Punto[1.         0.50387439 0.48065614] -> F: 0.4284724837828528
Punto[1.         0.5047077  0.48159345] -> F: 0.4274264218439163
{
  "seed": 18128,
  "n_per_z": 10,
  "nz": 100,
  "nd": 100,
  "n_muestras": 50,
  "best_f": 0.4549727339395442,
  "best_cp": [
    1.0,
    0.4788752217164959,
    0.4525367428060272
  ],
  "best_u": [
    0.9995065603657316,
    -0.010640015203451083,
    0.029553779154865265
  ],
  "best_index": 22,
  "n_candidatos": 54
}
