Punto[0.         0.38055673 0.54094773] -> F: 0.12358877678209168
Punto[1.         0.48886755 0.44998565] -> F: 0.38799652045101796
Punto[2.         0.52434236 0.56919035] -> F: 0.12502959853231163
Punto[1.         0.45244954 0.55506904] -> F: 0.4084633377075474
Punto[1.         0.48813919 0.45208732] -> F: 0.3913197178135829
Punto[1.         0.48742539 0.45414695] -> F: 0.3945327648344862
Punto[1.         0.4867116  0.45620659] -> F: 0.39770902394507385
Punto[1.         0.48599781 0.45826622] -> F: 0.4008950519983061
Punto[1.         0.48528401 0.46032585] -> F: 0.40405649584913245
Punto[1.         0.48457022 0.46238549] -> F: 0.40716767083872213
Punto[1.         0.48385643 0.46444512] -> F: 0.4102877158290139
Punto[1.         0.48314264 0.46650476] -> F: 0.4133806835604866
Punto[1.         0.48242884 0.46856439] -> F: 0.416430349072613
Punto[1.         0.48171505 0.47062403] -> F: 0.41948811339731124
Punto[1.         0.48100126 0.47268366] -> F: 0.42250068843867483
Punto[1.         0.48028746 0.4747433 ] -> F: 0.42546758171307747
Punto[1.         0.47957367 0.47680293] -> F: 0.42837584051716504
Punto[1.         0.47885988 0.47886256] -> F: 0.43125963930476746
Punto[1.         0.47814609 0.4809222 ] -> F: 0.4341063852827538
Punto[1.         0.47743229 0.48298183] -> F: 0.43695825063937793
Punto[1.         0.4767185  0.48504147] -> F: 0.43974566335643883
Punto[1.         0.47600471 0.4871011 ] -> F: 0.44253849834359993
Punto[1.         0.47529091 0.48916074] -> F: 0.44528581573079157
Punto[1.         0.47457712 0.49122037] -> F: 0.4480206791365349
Punto[1.         0.47386333 0.49328001] -> F: 0.4507203219066314
Punto[1.         0.47314954 0.49533964] -> F: 0.4533986320588896
Punto[1.         0.47243574 0.49739927] -> F: 0.4558224502696792
Punto[1.         0.47172195 0.49945891] -> F: 0.4544647454611951
Punto[1.         0.47100816 0.50151854] -> F: 0.45311008349791404
Punto[1.         0.47029437 0.50357818] -> F: 0.45174935722533627
Punto[1.         0.46958057 0.50563781] -> F: 0.4503931970204965
Punto[1.         0.46886678 0.50769745] -> F: 0.4490416028833947
Punto[1.         0.46815299 0.50975708] -> F: 0.44769457481403074
Punto[1.         0.46743919 0.51181672] -> F: 0.4463521128124049
Punto[1.         0.4667254  0.51387635] -> F: 0.44501421687851694
Punto[1.         0.46601161 0.51593598] -> F: 0.443680887012367
Punto[1.         0.46529782 0.51799562] -> F: 0.4423521232139551
Punto[1.         0.46458402 0.52005525] -> F: 0.441027925483281
Punto[1.         0.46387023 0.52211489] -> F: 0.4397082938203451
Punto[1.         0.46315644 0.52417452] -> F: 0.43839322822514704
Punto[1.         0.46244264 0.52623416] -> F: 0.4370827286976869
Punto[1.         0.46172885 0.52829379] -> F: 0.43577679523796475
Punto[1.         0.46101506 0.53035343] -> F: 0.4344754278459807
Punto[1.         0.46030127 0.53241306] -> F: 0.43317862652173444
Punto[1.         0.45958747 0.53447269] -> F: 0.43188639126522627
Punto[1.         0.45887368 0.53653233] -> F: 0.430598722076456
Punto[1.         0.45815989 0.53859196] -> F: 0.42931561895542375
Punto[1.         0.45744609 0.5406516 ] -> F: 0.428031818002912
Punto[1.         0.4567323  0.54271123] -> F: 0.4267458694751258
Punto[1.         0.45601851 0.54477087] -> F: 0.4253679853288619
Punto[1.         0.45530472 0.5468305 ] -> F: 0.42222315351681977
Punto[1.         0.45459092 0.54889014] -> F: 0.4188201367727463
Punto[1.         0.45387713 0.55094977] -> F: 0.41537796436505237
Punto[1.         0.45316334 0.5530094 ] -> F: 0.41193307041873467
{
  "seed": 624,
  "n_per_z": 10,
  "nz": 100,
  "nd": 100,
  "n_muestras": 50,
  "best_f": 0.4558224502696792,
  "best_cp": [
    1.0,
    0.47243574344180483,
    0.4973992742103882
  ],
  "best_u": [
    0.9995065603657316,
    -0.018462780949435726,
    0.025411837900422948
  ],
  "best_index": 26,
  "n_candidatos": 54
}
