Punto[0.         0.67501673 0.64002427] -> F: 0.09876594657639619
Punto[1.         0.62356528 0.4949142 ] -> F: 0.37298639657927635
Punto[2.         0.5928774  0.41211297] -> F: 0.1685623427714598
Punto[1.         0.63394707 0.52606862] -> F: 0.38136371850523215
Punto[1.         0.62377291 0.49553729] -> F: 0.3740745952003377
Punto[1.         0.6239764  0.49614792] -> F: 0.37514360019156634
Punto[1.         0.62417988 0.49675854] -> F: 0.3762151495623264
Punto[1.         0.62438336 0.49736917] -> F: 0.3772892433126185
Punto[1.         0.62458685 0.4979798 ] -> F: 0.3783658814424422
Punto[1.         0.62479033 0.49859042] -> F: 0.37944506395179795
Punto[1.         0.62499381 0.49920105] -> F: 0.3805267908406854
Punto[1.         0.62519729 0.49981168] -> F: 0.3816110621091045
Punto[1.         0.62540078 0.5004223 ] -> F: 0.3826978777570556
Punto[1.         0.62560426 0.50103293] -> F: 0.3837872377845382
Punto[1.         0.62580774 0.50164355] -> F: 0.3848791421915528
Punto[1.         0.62601123 0.50225418] -> F: 0.38597359097809886
Punto[1.         0.62621471 0.50286481] -> F: 0.38707058414417717
Punto[1.         0.62641819 0.50347543] -> F: 0.3881701216897873
Punto[1.         0.62662168 0.50408606] -> F: 0.3892722036149285
Punto[1.         0.62682516 0.50469669] -> F: 0.39037682991960226
Punto[1.         0.62702864 0.50530731] -> F: 0.39148400060380756
Punto[1.         0.62723213 0.50591794] -> F: 0.3925074595666881
Punto[1.         0.62743561 0.50652857] -> F: 0.3935250878464857
Punto[1.         0.62763909 0.50713919] -> F: 0.39454531481354504
Punto[1.         0.62784257 0.50774982] -> F: 0.3955681404678667
Punto[1.         0.62804606 0.50836045] -> F: 0.3952195632410151
Punto[1.         0.62824954 0.50897107] -> F: 0.3947447699656041
Punto[1.         0.62845302 0.5095817 ] -> F: 0.394265855168354
Punto[1.         0.62865651 0.51019233] -> F: 0.39378113920041324
Punto[1.         0.62885999 0.51080295] -> F: 0.39329696701289046
Punto[1.         0.62906347 0.51141358] -> F: 0.3928133386057865
Punto[1.         0.62926696 0.51202421] -> F: 0.39233025397910043
Punto[1.         0.62947044 0.51263483] -> F: 0.39184771313283273
Punto[1.         0.62967392 0.51324546] -> F: 0.3913657160669834
Punto[1.         0.62987741 0.51385609] -> F: 0.39088426278155225
Punto[1.         0.63008089 0.51446671] -> F: 0.3904033532765395
Punto[1.         0.63028437 0.51507734] -> F: 0.3899229875519448
Punto[1.         0.63048785 0.51568797] -> F: 0.3894431656077687
Punto[1.         0.63069134 0.51629859] -> F: 0.3889638874440106
Punto[1.         0.63089482 0.51690922] -> F: 0.388485153060671
Punto[1.         0.6310983  0.51751985] -> F: 0.3880069624577496
Punto[1.         0.63130179 0.51813047] -> F: 0.38752931563524656
Punto[1.         0.63150527 0.5187411 ] -> F: 0.38705221259316175
Punto[1.         0.63170875 0.51935173] -> F: 0.3865756533314951
Punto[1.         0.63191224 0.51996235] -> F: 0.3860996378502469
Punto[1.         0.63211572 0.52057298] -> F: 0.3856241661494169
Punto[1.         0.6323192  0.52118361] -> F: 0.3851492382290052
Punto[1.         0.63252269 0.52179423] -> F: 0.38467485408901186
Punto[1.         0.63272617 0.52240486] -> F: 0.38420101372943677
Punto[1.         0.63292965 0.52301549] -> F: 0.38372771715028
Punto[1.         0.63313314 0.52362611] -> F: 0.38325496435154127
Punto[1.         0.63333662 0.52423674] -> F: 0.3827827553332211
Punto[1.         0.6335401  0.52484737] -> F: 0.38231109009531933
Punto[1.         0.63374358 0.52545799] -> F: 0.38183996863783554
Best centerpoint:  [1.         0.62784257 0.50774982] Best F:  0.3955681404678667 Best u:  [-0.30901699 -0.26533631 -0.91329357] índice:  21
{
  "seed": 3376,
  "n_per_z": 5,
  "nz": 100,
  "nd": 100,
  "n_muestras": 50,
  "best_f": 0.3955681404678667,
  "best_cp": [
    1.0,
    0.6278425749006342,
    0.5077498211393386
  ],
  "best_u": [
    -0.30901699437494745,
    -0.26533630938700137,
    -0.9132935673201465
  ],
  "n_candidatos": 54
}
