Punto[0.         0.20351179 0.45025925] -> F: 0.056909127833131026
Punto[1.         0.38353607 0.49120613] -> F: 0.34266982173285804
Punto[2.         0.54840668 0.34302639] -> F: 0.1116229674758426
Punto[1.         0.37595923 0.39664282] -> F: 0.3284516960923206
Punto[1.         0.38338454 0.48931487] -> F: 0.3459197333864768
Punto[1.         0.38323603 0.48746143] -> F: 0.3490561614278314
Punto[1.         0.38308752 0.48560798] -> F: 0.3522362228762912
Punto[1.         0.38293902 0.48375454] -> F: 0.3554599177318559
Punto[1.         0.38279051 0.4819011 ] -> F: 0.358727245994526
Punto[1.         0.38264201 0.48004766] -> F: 0.3620382076643013
Punto[1.         0.3824935  0.47819422] -> F: 0.36539280274118174
Punto[1.         0.38234499 0.47634078] -> F: 0.36871001837293754
Punto[1.         0.38219649 0.47448734] -> F: 0.3719787502438001
Punto[1.         0.38204798 0.4726339 ] -> F: 0.37528021354998037
Punto[1.         0.38189948 0.47078046] -> F: 0.3786144082914786
Punto[1.         0.38175097 0.46892702] -> F: 0.38198133446829463
Punto[1.         0.38160246 0.46707357] -> F: 0.3852091821009989
Punto[1.         0.38145396 0.46522013] -> F: 0.3884623162823851
Punto[1.         0.38130545 0.46336669] -> F: 0.3917464482347506
Punto[1.         0.38115695 0.46151325] -> F: 0.3950615779580957
Punto[1.         0.38100844 0.45965981] -> F: 0.3982739688998287
Punto[1.         0.38085993 0.45780637] -> F: 0.40029046197706813
Punto[1.         0.38071143 0.45595293] -> F: 0.39914532667057767
Punto[1.         0.38056292 0.45409949] -> F: 0.3979957114481406
Punto[1.         0.38041442 0.45224605] -> F: 0.39680733643927607
Punto[1.         0.38026591 0.45039261] -> F: 0.3956208963474589
Punto[1.         0.3801174  0.44853917] -> F: 0.39443135900579274
Punto[1.         0.3799689  0.44668572] -> F: 0.39320246919874074
Punto[1.         0.37982039 0.44483228] -> F: 0.39197566901611275
Punto[1.         0.37967189 0.44297884] -> F: 0.3907444608886149
Punto[1.         0.37952338 0.4411254 ] -> F: 0.3894386942830981
Punto[1.         0.37937487 0.43927196] -> F: 0.3873280985211004
Punto[1.         0.37922637 0.43741852] -> F: 0.3854033375759028
Punto[1.         0.37907786 0.43556508] -> F: 0.38349289662579505
Punto[1.         0.37892935 0.43371164] -> F: 0.38141307136873154
Punto[1.         0.37878085 0.4318582 ] -> F: 0.3790545598345838
Punto[1.         0.37863234 0.43000476] -> F: 0.37675485089482624
Punto[1.         0.37848384 0.42815131] -> F: 0.37433286006741767
Punto[1.         0.37833533 0.42629787] -> F: 0.37179528201140477
Punto[1.         0.37818682 0.42444443] -> F: 0.36932701136184226
Punto[1.         0.37803832 0.42259099] -> F: 0.3669280481187301
Punto[1.         0.37788981 0.42073755] -> F: 0.3644133094112132
Punto[1.         0.37774131 0.41888411] -> F: 0.36173052659433474
Punto[1.         0.3775928  0.41703067] -> F: 0.35910314248926417
Punto[1.         0.37744429 0.41517723] -> F: 0.35653115709600114
Punto[1.         0.37729579 0.41332379] -> F: 0.35401457041454565
Punto[1.         0.37714728 0.41147035] -> F: 0.35132169581808215
Punto[1.         0.37699878 0.40961691] -> F: 0.3486009512356763
Punto[1.         0.37685027 0.40776346] -> F: 0.3457611612146916
Punto[1.         0.37670176 0.40591002] -> F: 0.34271663926578566
Punto[1.         0.37655326 0.40405658] -> F: 0.3397406136461599
Punto[1.         0.37640475 0.40220314] -> F: 0.33683308435581427
Punto[1.         0.37625625 0.4003497 ] -> F: 0.33399405139474897
Punto[1.         0.37610774 0.39849626] -> F: 0.33122351476296374
Best centerpoint:  [1.         0.38085993 0.45780637] Best F:  0.40029046197706813 Best u:  [-0.99950656 -0.02752546 -0.01513225] índice:  18
{
  "seed": 9587,
  "n_per_z": 5,
  "nz": 100,
  "nd": 100,
  "n_muestras": 50,
  "best_f": 0.40029046197706813,
  "best_cp": [
    1.0,
    0.3808599333066969,
    0.4578063700312462
  ],
  "best_u": [
    -0.9995065603657316,
    -0.027525458005412253,
    -0.015132248592212114
  ],
  "n_candidatos": 54
}
