Punto[0.         0.44403432 0.54040922] -> F: 0.14500310427078722
Punto[1.         0.47499934 0.48318249] -> F: 0.428178049517628
Punto[2.         0.49833357 0.50890321] -> F: 0.13137767983865062
Punto[1.         0.47118395 0.52465622] -> F: 0.4323319897696971
Punto[1.         0.47492303 0.48401197] -> F: 0.4293729838350859
Punto[1.         0.47484825 0.48482485] -> F: 0.4305439972695673
Punto[1.         0.47477347 0.48563774] -> F: 0.43159609491222756
Punto[1.         0.47469869 0.48645062] -> F: 0.4326483280017257
Punto[1.         0.47462391 0.48726351] -> F: 0.4337076557366347
Punto[1.         0.47454912 0.48807639] -> F: 0.43477407811695495
Punto[1.         0.47447434 0.48888928] -> F: 0.43584759514268595
Punto[1.         0.47439956 0.48970216] -> F: 0.4369282068138277
Punto[1.         0.47432478 0.49051505] -> F: 0.4380159131303807
Punto[1.         0.47425    0.49132793] -> F: 0.4391107140923442
Punto[1.         0.47417522 0.49214082] -> F: 0.4402126096997188
Punto[1.         0.47410043 0.4929537 ] -> F: 0.4413215999525045
Punto[1.         0.47402565 0.49376659] -> F: 0.4424376848507009
Punto[1.         0.47395087 0.49457947] -> F: 0.4431760998628045
Punto[1.         0.47387609 0.49539236] -> F: 0.4439044322544587
Punto[1.         0.47380131 0.49620524] -> F: 0.4446485978511398
Punto[1.         0.47372653 0.49701813] -> F: 0.44540859665284827
Punto[1.         0.47365174 0.49783101] -> F: 0.44618442865958374
Punto[1.         0.47357696 0.4986439 ] -> F: 0.4469760938713464
Punto[1.         0.47350218 0.49945678] -> F: 0.4477835922881361
Punto[1.         0.4734274  0.50026967] -> F: 0.4486069239099531
Punto[1.         0.47335262 0.50108255] -> F: 0.44936512970204123
Punto[1.         0.47327783 0.50189544] -> F: 0.4501289155701192
Punto[1.         0.47320305 0.50270832] -> F: 0.4509500478436878
Punto[1.         0.47312827 0.50352121] -> F: 0.4518285265227464
Punto[1.         0.47305349 0.50433409] -> F: 0.4527643516072954
Punto[1.         0.47297871 0.50514698] -> F: 0.4530884224917059
Punto[1.         0.47290393 0.50595986] -> F: 0.4522414514843185
Punto[1.         0.47282914 0.50677275] -> F: 0.4513952793800627
Punto[1.         0.47275436 0.50758563] -> F: 0.45054078827688304
Punto[1.         0.47267958 0.50839852] -> F: 0.44967544392965064
Punto[1.        0.4726048 0.5092114] -> F: 0.44881093755852725
Punto[1.         0.47253002 0.51002429] -> F: 0.44794726916351285
Punto[1.         0.47245524 0.51083717] -> F: 0.44708443874460757
Punto[1.         0.47238045 0.51165006] -> F: 0.4462224463018116
Punto[1.         0.47230567 0.51246294] -> F: 0.4453612918351247
Punto[1.         0.47223089 0.51327583] -> F: 0.4445009753445471
Punto[1.         0.47215611 0.51408871] -> F: 0.4436414968300783
Punto[1.         0.47208133 0.5149016 ] -> F: 0.4427828562917187
Punto[1.         0.47200655 0.51571448] -> F: 0.4419250537294684
Punto[1.         0.47193176 0.51652737] -> F: 0.44106243288944286
Punto[1.         0.47185698 0.51734025] -> F: 0.4401854328484431
Punto[1.         0.4717822  0.51815314] -> F: 0.43930931185833755
Punto[1.         0.47170742 0.51896602] -> F: 0.43843406991912687
Punto[1.         0.47163264 0.51977891] -> F: 0.4375597070308106
Punto[1.         0.47155786 0.52059179] -> F: 0.4366862231933888
Punto[1.         0.47148307 0.52140468] -> F: 0.43581361840686134
Punto[1.         0.47140829 0.52221756] -> F: 0.43494189267122846
Punto[1.         0.47133351 0.52303045] -> F: 0.4340710459864903
Punto[1.         0.47125873 0.52384333] -> F: 0.4332010783526464
{
  "seed": 7255,
  "n_per_z": 10,
  "nz": 100,
  "nd": 100,
  "n_muestras": 50,
  "best_f": 0.4530884224917059,
  "best_cp": [
    1.0,
    0.47297870804210984,
    0.5051469762442434
  ],
  "best_u": [
    0.2181432413965427,
    -0.6453853342383311,
    0.7320459661681684
  ],
  "best_index": 30,
  "n_candidatos": 54
}
