Punto[0.         0.50080801 0.66144303] -> F: 0.1324966745986641
Punto[1.         0.4003058  0.48304515] -> F: 0.33519815194790037
Punto[2.         0.17925649 0.54077856] -> F: 0.058449951342923585
Punto[1.         0.34003225 0.60111079] -> F: 0.2936637398198697
Punto[1.         0.39910033 0.48540646] -> F: 0.33871965237829915
Punto[1.         0.39791897 0.48772055] -> F: 0.34207989438670466
Punto[1.         0.39673761 0.49003463] -> F: 0.34572549322462703
Punto[1.         0.39555625 0.49234872] -> F: 0.3496564488920659
Punto[1.         0.39437489 0.49466281] -> F: 0.35278945944623047
Punto[1.         0.39319352 0.49697689] -> F: 0.3569957312498233
Punto[1.         0.39201216 0.49929098] -> F: 0.36195321366243105
Punto[1.         0.3908308  0.50160507] -> F: 0.3669142922081365
Punto[1.         0.38964944 0.50391915] -> F: 0.37141880632621466
Punto[1.         0.38846808 0.50623324] -> F: 0.375846296793828
Punto[1.         0.38728672 0.50854733] -> F: 0.3793827537806304
Punto[1.         0.38610535 0.51086141] -> F: 0.3830177067445153
Punto[1.         0.38492399 0.5131755 ] -> F: 0.38604690829463156
Punto[1.         0.38374263 0.51548959] -> F: 0.38732027682278586
Punto[1.         0.38256127 0.51780367] -> F: 0.3845905834848774
Punto[1.         0.38137991 0.52011776] -> F: 0.3818743655956312
Punto[1.         0.38019855 0.52243185] -> F: 0.3791716231550469
Punto[1.         0.37901718 0.52474593] -> F: 0.37648235616312453
Punto[1.         0.37783582 0.52706002] -> F: 0.3738065646198643
Punto[1.         0.37665446 0.52937411] -> F: 0.371144248525266
Punto[1.         0.3754731  0.53168819] -> F: 0.36849540787932966
Punto[1.         0.37429174 0.53400228] -> F: 0.36586004268205513
Punto[1.         0.37311038 0.53631637] -> F: 0.3632215620571358
Punto[1.         0.37192901 0.53863045] -> F: 0.3605719752064131
Punto[1.         0.37074765 0.54094454] -> F: 0.35793629461943155
Punto[1.         0.36956629 0.54325863] -> F: 0.3553145202961914
Punto[1.         0.36838493 0.54557271] -> F: 0.35270665223669273
Punto[1.         0.36720357 0.5478868 ] -> F: 0.35011269044093524
Punto[1.         0.36602221 0.55020089] -> F: 0.3475326349089193
Punto[1.         0.36484084 0.55251497] -> F: 0.3449664856406446
Punto[1.         0.36365948 0.55482906] -> F: 0.34241424263611137
Punto[1.         0.36247812 0.55714315] -> F: 0.33987590589531924
Punto[1.         0.36129676 0.55945723] -> F: 0.3373514754182687
Punto[1.         0.3601154  0.56177132] -> F: 0.33484095120495944
Punto[1.         0.35893404 0.56408541] -> F: 0.3323443332553916
Punto[1.         0.35775268 0.56639949] -> F: 0.329861621569565
Punto[1.         0.35657131 0.56871358] -> F: 0.32738312804495673
Punto[1.         0.35538995 0.57102767] -> F: 0.32488710098279316
Punto[1.         0.35420859 0.57334175] -> F: 0.32240545205318416
Punto[1.         0.35302723 0.57565584] -> F: 0.3199381812561296
Punto[1.         0.35184587 0.57796993] -> F: 0.31748528859162933
Punto[1.         0.35066451 0.58028401] -> F: 0.31504677405968373
Punto[1.         0.34948314 0.5825981 ] -> F: 0.31262263766029275
Punto[1.         0.34830178 0.58491219] -> F: 0.31021287939345593
Punto[1.         0.34712042 0.58722627] -> F: 0.30781749925917384
Punto[1.         0.34593906 0.58954036] -> F: 0.30543649725744604
Punto[1.         0.3447577  0.59185445] -> F: 0.3030698733882728
Punto[1.         0.34357634 0.59416853] -> F: 0.30071762765165394
Punto[1.         0.34239497 0.59648262] -> F: 0.29837841979893115
Punto[1.         0.34121361 0.59879671] -> F: 0.29601363203643466
Best centerpoint:  [1.         0.38374263 0.51548959] Best F:  0.38732027682278586 Best u:  [ 0.99950656 -0.02652098  0.01683073] índice:  14
{
  "seed": 3513,
  "n_per_z": 5,
  "nz": 100,
  "nd": 100,
  "n_muestras": 50,
  "best_f": 0.38732027682278586,
  "best_cp": [
    1.0,
    0.3837426307129007,
    0.5154895878125031
  ],
  "best_u": [
    0.9995065603657316,
    -0.02652098105087964,
    0.016830726364690917
  ],
  "n_candidatos": 54
}
