Punto[0.         0.48285605 0.49791463] -> F: 0.17906242863699465
Punto[1.         0.43240886 0.48357202] -> F: 0.4073527406935435
Punto[2.         0.43186933 0.48946318] -> F: 0.10371782965491033
Punto[1.         0.45736269 0.49368891] -> F: 0.3926470285462895
Punto[1.         0.43290794 0.48377436] -> F: 0.4071614341338496
Punto[1.         0.43339703 0.48397265] -> F: 0.4069745497155376
Punto[1.         0.43388613 0.48417094] -> F: 0.406788255287109
Punto[1.         0.43437522 0.48436923] -> F: 0.4066025508485635
Punto[1.         0.43486432 0.48456752] -> F: 0.4064174363999015
Punto[1.         0.43535341 0.48476582] -> F: 0.4062329119411229
Punto[1.         0.43584251 0.48496411] -> F: 0.4060489774722273
Punto[1.        0.4363316 0.4851624] -> F: 0.4058656329932151
Punto[1.         0.4368207  0.48536069] -> F: 0.4056828785040862
Punto[1.         0.43730979 0.48555898] -> F: 0.4055007140048405
Punto[1.         0.43779889 0.48575727] -> F: 0.4053106210239898
Punto[1.         0.43828798 0.48595556] -> F: 0.4049889754895113
Punto[1.         0.43877708 0.48615385] -> F: 0.404668632785202
Punto[1.         0.43926617 0.48635214] -> F: 0.40434959291106204
Punto[1.         0.43975527 0.48655043] -> F: 0.40403185586709134
Punto[1.         0.44024436 0.48674872] -> F: 0.40371542165329005
Punto[1.         0.44073346 0.48694702] -> F: 0.4034002902696582
Punto[1.         0.44122255 0.48714531] -> F: 0.40308646171619544
Punto[1.         0.44171165 0.4873436 ] -> F: 0.4027739359929021
Punto[1.         0.44220074 0.48754189] -> F: 0.40246271309977827
Punto[1.         0.44268984 0.48774018] -> F: 0.40215279303682355
Punto[1.         0.44317893 0.48793847] -> F: 0.4018441758040382
Punto[1.         0.44366803 0.48813676] -> F: 0.4015368614014222
Punto[1.         0.44415712 0.48833505] -> F: 0.40123084982897556
Punto[1.         0.44464622 0.48853334] -> F: 0.40092614108669816
Punto[1.         0.44513531 0.48873163] -> F: 0.40062273517459007
Punto[1.         0.44562441 0.48892993] -> F: 0.40032063209265134
Punto[1.         0.4461135  0.48912822] -> F: 0.4000198318408821
Punto[1.         0.4466026  0.48932651] -> F: 0.39972033441928206
Punto[1.         0.44709169 0.4895248 ] -> F: 0.39942213982785146
Punto[1.         0.44758079 0.48972309] -> F: 0.3991252480665901
Punto[1.         0.44806988 0.48992138] -> F: 0.39882965913549795
Punto[1.         0.44855898 0.49011967] -> F: 0.39853537303457526
Punto[1.         0.44904807 0.49031796] -> F: 0.3982423897638218
Punto[1.         0.44953717 0.49051625] -> F: 0.39795070932323773
Punto[1.         0.45002626 0.49071454] -> F: 0.39759350025287954
Punto[1.         0.45051536 0.49091284] -> F: 0.39723613644177774
Punto[1.         0.45100445 0.49111113] -> F: 0.39688271534934216
Punto[1.         0.45149355 0.49130942] -> F: 0.39653323697557263
Punto[1.         0.45198264 0.49150771] -> F: 0.3961877013204691
Punto[1.         0.45247174 0.491706  ] -> F: 0.39584610838403167
Punto[1.         0.45296083 0.49190429] -> F: 0.3955084581662603
Punto[1.         0.45344993 0.49210258] -> F: 0.39517475066715485
Punto[1.         0.45393902 0.49230087] -> F: 0.39484498588671557
Punto[1.         0.45442812 0.49249916] -> F: 0.39451916382494223
Punto[1.         0.45491721 0.49269745] -> F: 0.394197284481835
Punto[1.         0.45540631 0.49289574] -> F: 0.39387934785739387
Punto[1.         0.4558954  0.49309404] -> F: 0.3935653539516187
Punto[1.         0.4563845  0.49329233] -> F: 0.3932553027645096
Punto[1.         0.45687359 0.49349062] -> F: 0.39294919429606656
{
  "seed": 14947,
  "n_per_z": 10,
  "nz": 100,
  "nd": 100,
  "n_muestras": 50,
  "best_f": 0.4073527406935435,
  "best_cp": [
    1.0,
    0.432408859571964,
    0.48357202246227343
  ],
  "best_u": [
    0.3387379202452915,
    0.08854470220010889,
    0.9367051067973253
  ],
  "best_index": 1,
  "n_candidatos": 54
}
