Punto[0.         0.66010699 0.48234182] -> F: 0.1278941943345759
Punto[1.         0.50392907 0.47688112] -> F: 0.40653160512009234
Punto[2.         0.27861696 0.57573942] -> F: 0.11315478758911553
Punto[1.         0.46936198 0.52904062] -> F: 0.42625676919163463
Punto[1.         0.50323772 0.47792431] -> F: 0.40946139554777433
Punto[1.         0.50256021 0.47894663] -> F: 0.4123355938565308
Punto[1.         0.50188269 0.47996896] -> F: 0.41521276551461594
Punto[1.         0.50120518 0.48099128] -> F: 0.41809291052202974
Punto[1.         0.50052766 0.48201361] -> F: 0.42097461764890665
Punto[1.         0.49985015 0.48303594] -> F: 0.4238229123426591
Punto[1.         0.49917263 0.48405826] -> F: 0.42663573675439853
Punto[1.         0.49849512 0.48508059] -> F: 0.42944247043212225
Punto[1.         0.49781761 0.48610292] -> F: 0.4322004439955998
Punto[1.         0.49714009 0.48712524] -> F: 0.43494788268993706
Punto[1.         0.49646258 0.48814757] -> F: 0.43770539998483377
Punto[1.         0.49578506 0.48916989] -> F: 0.44041108154504643
Punto[1.         0.49510755 0.49019222] -> F: 0.44297662296365037
Punto[1.         0.49443003 0.49121455] -> F: 0.44544490733433456
Punto[1.         0.49375252 0.49223687] -> F: 0.44787242528712795
Punto[1.        0.493075  0.4932592] -> F: 0.4503058886091315
Punto[1.         0.49239749 0.49428153] -> F: 0.45273057056915506
Punto[1.         0.49171997 0.49530385] -> F: 0.45511949153603953
Punto[1.         0.49104246 0.49632618] -> F: 0.4573990014326313
Punto[1.         0.49036494 0.4973485 ] -> F: 0.45956448266419503
Punto[1.         0.48968743 0.49837083] -> F: 0.4617131122359067
Punto[1.         0.48900991 0.49939316] -> F: 0.4638553429704278
Punto[1.         0.4883324  0.50041548] -> F: 0.4634696616319835
Punto[1.         0.48765488 0.50143781] -> F: 0.46292432804397327
Punto[1.         0.48697737 0.50246013] -> F: 0.46237941864657867
Punto[1.         0.48629985 0.50348246] -> F: 0.4618349334397996
Punto[1.         0.48562234 0.50450479] -> F: 0.46128858870813505
Punto[1.         0.48494482 0.50552711] -> F: 0.46072057661978094
Punto[1.         0.48426731 0.50654944] -> F: 0.4601530276332869
Punto[1.         0.48358979 0.50757177] -> F: 0.45958594174865264
Punto[1.         0.48291228 0.50859409] -> F: 0.458371145092073
Punto[1.         0.48223476 0.50961642] -> F: 0.45695775874817907
Punto[1.         0.48155725 0.51063874] -> F: 0.4556024453505582
Punto[1.         0.48087973 0.51166107] -> F: 0.45430520489921095
Punto[1.         0.48020222 0.5126834 ] -> F: 0.45306603739413714
Punto[1.         0.4795247  0.51370572] -> F: 0.4518822646939196
Punto[1.         0.47884719 0.51472805] -> F: 0.4506611064717351
Punto[1.         0.47816967 0.51575038] -> F: 0.4491339203009862
Punto[1.         0.47749216 0.5167727 ] -> F: 0.44762946969859824
Punto[1.         0.47681464 0.51779503] -> F: 0.446147754664571
Punto[1.         0.47613713 0.51881735] -> F: 0.4446887751989047
Punto[1.         0.47545961 0.51983968] -> F: 0.44325253130159953
Punto[1.         0.4747821  0.52086201] -> F: 0.44183902297265515
Punto[1.         0.47410458 0.52188433] -> F: 0.4404482502120717
Punto[1.         0.47342707 0.52290666] -> F: 0.43908021301984923
Punto[1.         0.47274955 0.52392899] -> F: 0.43688070386068933
Punto[1.         0.47207204 0.52495131] -> F: 0.43456706945428186
Punto[1.         0.47139452 0.52597364] -> F: 0.4322483718718604
Punto[1.         0.47071701 0.52699596] -> F: 0.43000576327661144
Punto[1.         0.47003949 0.52801829] -> F: 0.4280068627133253
Best centerpoint:  [1.         0.48900991 0.49939316] Best F:  0.4638553429704278 Best u:  [ 9.41083133e-02 -6.09605887e-17 -9.95561965e-01] índice:  22
{
  "seed": 10556,
  "n_per_z": 5,
  "nz": 100,
  "nd": 100,
  "n_muestras": 50,
  "best_f": 0.4638553429704278,
  "best_cp": [
    1.0,
    0.4890099106516608,
    0.4993931561684769
  ],
  "best_u": [
    0.09410831331851438,
    -6.096058866520062e-17,
    -0.99556196460308
  ],
  "n_candidatos": 54
}
