Punto[0.         0.32977978 0.59496286] -> F: 0.06498630533038834
Punto[1.         0.3686301  0.48433778] -> F: 0.3260341516923168
Punto[2.         0.36364584 0.44741366] -> F: 0.2128044011330052
Punto[1.         0.34671281 0.52118826] -> F: 0.3063699690870617
Punto[1.         0.36819175 0.48507479] -> F: 0.32654223231557716
Punto[1.         0.36776217 0.48579706] -> F: 0.32704073699225017
Punto[1.         0.36733259 0.48651933] -> F: 0.32753982141898413
Punto[1.         0.36690301 0.4872416 ] -> F: 0.3280394855957788
Punto[1.         0.36647344 0.48796387] -> F: 0.32818609832915135
Punto[1.         0.36604386 0.48868614] -> F: 0.3277171003156252
Punto[1.         0.36561428 0.48940841] -> F: 0.3272484850495204
Punto[1.         0.3651847  0.49013068] -> F: 0.3267757495951898
Punto[1.         0.36475512 0.49085295] -> F: 0.32630232534176057
Punto[1.         0.36432554 0.49157521] -> F: 0.32582929302104174
Punto[1.         0.36389596 0.49229748] -> F: 0.3253566526330334
Punto[1.         0.36346638 0.49301975] -> F: 0.3248844041777357
Punto[1.         0.36303681 0.49374202] -> F: 0.3244125476551483
Punto[1.         0.36260723 0.49446429] -> F: 0.32394108306527153
Punto[1.         0.36217765 0.49518656] -> F: 0.32347001040810514
Punto[1.         0.36174807 0.49590883] -> F: 0.3229993296836493
Punto[1.         0.36131849 0.4966311 ] -> F: 0.32252904089190393
Punto[1.         0.36088891 0.49735337] -> F: 0.3220566861980011
Punto[1.         0.36045933 0.49807564] -> F: 0.32158152647179544
Punto[1.         0.36002975 0.49879791] -> F: 0.3211067681837144
Punto[1.         0.35960017 0.49952018] -> F: 0.32063241133375775
Punto[1.         0.3591706  0.50024245] -> F: 0.32015845592192566
Punto[1.         0.35874102 0.50096472] -> F: 0.3196849019482181
Punto[1.         0.35831144 0.50168699] -> F: 0.31921174941263486
Punto[1.         0.35788186 0.50240925] -> F: 0.31873899831517616
Punto[1.         0.35745228 0.50313152] -> F: 0.318266648655842
Punto[1.         0.3570227  0.50385379] -> F: 0.3177947004346322
Punto[1.         0.35659312 0.50457606] -> F: 0.31732264918945446
Punto[1.         0.35616354 0.50529833] -> F: 0.31684575451191327
Punto[1.         0.35573397 0.5060206 ] -> F: 0.31636927113471053
Punto[1.         0.35530439 0.50674287] -> F: 0.3158931990578459
Punto[1.         0.35487481 0.50746514] -> F: 0.31541753828131974
Punto[1.         0.35444523 0.50818741] -> F: 0.3149422888051317
Punto[1.         0.35401565 0.50890968] -> F: 0.31446745062928205
Punto[1.         0.35358607 0.50963195] -> F: 0.31399302375377064
Punto[1.         0.35315649 0.51035422] -> F: 0.3135190081785975
Punto[1.         0.35272691 0.51107649] -> F: 0.3130454039037628
Punto[1.         0.35229734 0.51179876] -> F: 0.31257221092926624
Punto[1.         0.35186776 0.51252102] -> F: 0.3120950551961501
Punto[1.         0.35143818 0.51324329] -> F: 0.3116168358713864
Punto[1.         0.3510086  0.51396556] -> F: 0.3111390381069129
Punto[1.         0.35057902 0.51468783] -> F: 0.3106616619027296
Punto[1.         0.35014944 0.5154101 ] -> F: 0.3101847072588364
Punto[1.         0.34971986 0.51613237] -> F: 0.30970817417523355
Punto[1.         0.34929028 0.51685464] -> F: 0.3092320626519208
Punto[1.         0.34886071 0.51757691] -> F: 0.3087563726888983
Punto[1.         0.34843113 0.51829918] -> F: 0.30828110428616595
Punto[1.         0.34800155 0.51902145] -> F: 0.30780625744372375
Punto[1.         0.34757197 0.51974372] -> F: 0.3073294944244844
Punto[1.         0.34714239 0.52046599] -> F: 0.30684951562381446
Best centerpoint:  [1.         0.36647344 0.48796387] Best F:  0.32818609832915135 Best u:  [-0.39714789 -0.31087829  0.86349768] índice:  5
{
  "seed": 2149,
  "n_per_z": 5,
  "nz": 100,
  "nd": 100,
  "n_muestras": 50,
  "best_f": 0.32818609832915135,
  "best_cp": [
    1.0,
    0.366473435427625,
    0.48796386829626165
  ],
  "best_u": [
    -0.3971478906347807,
    -0.3108782931996876,
    0.8634976779248416
  ],
  "n_candidatos": 54
}
