Punto[0.         0.52014626 0.50835067] -> F: 0.11755245162543859
Punto[1.         0.50108088 0.46394277] -> F: 0.41980181488373797
Punto[2.         0.54597342 0.42028291] -> F: 0.16290371080888152
Punto[1.         0.53305984 0.46431679] -> F: 0.4294483562390368
Punto[1.         0.50172046 0.46395025] -> F: 0.4206579499739543
Punto[1.         0.50234725 0.46395758] -> F: 0.4214981827016823
Punto[1.         0.50297403 0.46396491] -> F: 0.42233962344206666
Punto[1.         0.50360082 0.46397224] -> F: 0.4231226986261089
Punto[1.         0.50422761 0.46397957] -> F: 0.4238897468118622
Punto[1.        0.5048544 0.4639869] -> F: 0.424658003010272
Punto[1.         0.50548118 0.46399423] -> F: 0.4254274672213379
Punto[1.         0.50610797 0.46400157] -> F: 0.42619813944505996
Punto[1.         0.50673476 0.4640089 ] -> F: 0.4269700196814386
Punto[1.         0.50736155 0.46401623] -> F: 0.4277431079304735
Punto[1.         0.50798833 0.46402356] -> F: 0.4285174041921647
Punto[1.         0.50861512 0.46403089] -> F: 0.4292929084665121
Punto[1.         0.50924191 0.46403822] -> F: 0.43006962075351585
Punto[1.         0.5098687  0.46404555] -> F: 0.4308475410531759
Punto[1.         0.51049548 0.46405288] -> F: 0.4316266693654922
Punto[1.         0.51112227 0.46406021] -> F: 0.43240700569046486
Punto[1.         0.51174906 0.46406754] -> F: 0.4331885500280938
Punto[1.         0.51237585 0.46407487] -> F: 0.4339713023783792
Punto[1.         0.51300263 0.4640822 ] -> F: 0.4347552627413206
Punto[1.         0.51362942 0.46408954] -> F: 0.43554043111691854
Punto[1.         0.51425621 0.46409687] -> F: 0.4363105258692133
Punto[1.        0.514883  0.4641042] -> F: 0.4370652458066732
Punto[1.         0.51550978 0.46411153] -> F: 0.4378210384854175
Punto[1.         0.51613657 0.46411886] -> F: 0.4385779039054465
Punto[1.         0.51676336 0.46412619] -> F: 0.43933584206676013
Punto[1.         0.51739015 0.46413352] -> F: 0.44009485296935796
Punto[1.         0.51801694 0.46414085] -> F: 0.44081735833190233
Punto[1.         0.51864372 0.46414818] -> F: 0.44042115549817307
Punto[1.         0.51927051 0.46415551] -> F: 0.4400254866401291
Punto[1.         0.5198973  0.46416284] -> F: 0.43963035175777054
Punto[1.         0.52052409 0.46417017] -> F: 0.4392206018662306
Punto[1.         0.52115087 0.46417751] -> F: 0.4388091161125119
Punto[1.         0.52177766 0.46418484] -> F: 0.4383982519516657
Punto[1.         0.52240445 0.46419217] -> F: 0.4379880093836922
Punto[1.         0.52303124 0.4641995 ] -> F: 0.43756958927534007
Punto[1.         0.52365802 0.46420683] -> F: 0.4371426738350604
Punto[1.         0.52428481 0.46421416] -> F: 0.4367164949204992
Punto[1.         0.5249116  0.46422149] -> F: 0.4362910525316565
Punto[1.         0.52553839 0.46422882] -> F: 0.4358639310018236
Punto[1.         0.52616517 0.46423615] -> F: 0.43541089833269836
Punto[1.         0.52679196 0.46424348] -> F: 0.43486091416147277
Punto[1.         0.52741875 0.46425081] -> F: 0.4343136998157734
Punto[1.         0.52804554 0.46425814] -> F: 0.43376925529560045
Punto[1.         0.52867232 0.46426548] -> F: 0.4332275806009534
Punto[1.         0.52929911 0.46427281] -> F: 0.4326886757318328
Punto[1.         0.5299259  0.46428014] -> F: 0.4321525406882384
Punto[1.         0.53055269 0.46428747] -> F: 0.4316191754701702
Punto[1.         0.53117947 0.4642948 ] -> F: 0.43107407998117264
Punto[1.         0.53180626 0.46430213] -> F: 0.43052743037211605
Punto[1.         0.53243305 0.46430946] -> F: 0.4299855224580708
{
  "seed": 18208,
  "n_per_z": 10,
  "nz": 100,
  "nd": 100,
  "n_muestras": 50,
  "best_f": 0.44081735833190233,
  "best_cp": [
    1.0,
    0.5180169353370346,
    0.4641408512821351
  ],
  "best_u": [
    -0.3681245526846781,
    0.6574512581593808,
    -0.6574512581593809
  ],
  "best_index": 30,
  "n_candidatos": 54
}
