Punto[0.         0.46730424 0.47067076] -> F: 0.11006129851909666
Punto[1.         0.51004961 0.48324013] -> F: 0.4396775808626525
Punto[2.         0.5710649  0.52258343] -> F: 0.16453377806032352
Punto[1.         0.51918457 0.49662709] -> F: 0.43671259479090563
Punto[1.         0.51023231 0.48350787] -> F: 0.4399261687477267
Punto[1.         0.51041135 0.48377025] -> F: 0.44017614715830644
Punto[1.         0.5105904  0.48403264] -> F: 0.4404324235866057
Punto[1.         0.51076944 0.48429502] -> F: 0.44067947429997134
Punto[1.         0.51094849 0.48455741] -> F: 0.44086362819770697
Punto[1.         0.51112753 0.48481979] -> F: 0.4410478399670092
Punto[1.         0.51130658 0.48508217] -> F: 0.4412321096078784
Punto[1.         0.51148562 0.48534456] -> F: 0.4414164371203141
Punto[1.         0.51166467 0.48560694] -> F: 0.44160082250431665
Punto[1.         0.51184371 0.48586933] -> F: 0.4415950777773314
Punto[1.         0.51202276 0.48613171] -> F: 0.44148274103539326
Punto[1.        0.5122018 0.4863941] -> F: 0.4413704093583101
Punto[1.         0.51238085 0.48665648] -> F: 0.44125808274608147
Punto[1.         0.5125599  0.48691887] -> F: 0.44114576119870774
Punto[1.         0.51273894 0.48718125] -> F: 0.44103344471618877
Punto[1.         0.51291799 0.48744364] -> F: 0.44092113329852445
Punto[1.         0.51309703 0.48770602] -> F: 0.4408088269457151
Punto[1.         0.51327608 0.4879684 ] -> F: 0.4406958363525531
Punto[1.         0.51345512 0.48823079] -> F: 0.440579962661567
Punto[1.         0.51363417 0.48849317] -> F: 0.44046409436329315
Punto[1.         0.51381321 0.48875556] -> F: 0.44034823145773144
Punto[1.         0.51399226 0.48901794] -> F: 0.4402323739448819
Punto[1.         0.5141713  0.48928033] -> F: 0.44011652182474453
Punto[1.         0.51435035 0.48954271] -> F: 0.44000067509731944
Punto[1.         0.51452939 0.4898051 ] -> F: 0.43988483376260656
Punto[1.         0.51470844 0.49006748] -> F: 0.43976899782060586
Punto[1.         0.51488748 0.49032987] -> F: 0.4396521581442191
Punto[1.         0.51506653 0.49059225] -> F: 0.4395328271337892
Punto[1.         0.51524557 0.49085463] -> F: 0.43941350184748357
Punto[1.         0.51542462 0.49111702] -> F: 0.4392941822853022
Punto[1.         0.51560366 0.4913794 ] -> F: 0.439174868447245
Punto[1.         0.51578271 0.49164179] -> F: 0.43905556033331217
Punto[1.         0.51596175 0.49190417] -> F: 0.43893625794350355
Punto[1.         0.5161408  0.49216656] -> F: 0.4388169612778191
Punto[1.         0.51631985 0.49242894] -> F: 0.438697670336259
Punto[1.         0.51649889 0.49269133] -> F: 0.4385764603460331
Punto[1.         0.51667794 0.49295371] -> F: 0.4384537377336216
Punto[1.         0.51685698 0.4932161 ] -> F: 0.4383310211805865
Punto[1.         0.51703603 0.49347848] -> F: 0.43820831068692806
Punto[1.         0.51721507 0.49374086] -> F: 0.4380856062526461
Punto[1.         0.51739412 0.49400325] -> F: 0.4379629078777406
Punto[1.         0.51757316 0.49426563] -> F: 0.43784021556221153
Punto[1.         0.51775221 0.49452802] -> F: 0.43771752930605906
Punto[1.         0.51793125 0.4947904 ] -> F: 0.43759484910928304
Punto[1.         0.5181103  0.49505279] -> F: 0.4374688394918361
Punto[1.         0.51828934 0.49531517] -> F: 0.43734278271133065
Punto[1.         0.51846839 0.49557756] -> F: 0.4372167323296321
Punto[1.         0.51864743 0.49583994] -> F: 0.4370906883467403
Punto[1.         0.51882648 0.49610233] -> F: 0.4369646507626553
Punto[1.         0.51900552 0.49636471] -> F: 0.4368386195773771
{
  "seed": 16660,
  "n_per_z": 10,
  "nz": 100,
  "nd": 100,
  "n_muestras": 50,
  "best_f": 0.44160082250431665,
  "best_cp": [
    1.0,
    0.5116646688417396,
    0.48560694366130763
  ],
  "best_u": [
    -0.9921147013144779,
    -0.05690009733983183,
    -0.11167272880341961
  ],
  "best_index": 12,
  "n_candidatos": 54
}
