Punto[0.         0.35195701 0.44989072] -> F: 0.15607012589705366
Punto[1.         0.49589237 0.48476136] -> F: 0.35804473747242294
Punto[2.         0.40637726 0.47303156] -> F: 0.09909675539591473
Punto[1.         0.37916713 0.46146114] -> F: 0.3638408277675023
Punto[1.         0.49355786 0.48429536] -> F: 0.3610724460477999
Punto[1.         0.49127005 0.48383867] -> F: 0.36445696471428607
Punto[1.         0.48898223 0.48338199] -> F: 0.3678985521458933
Punto[1.         0.48669442 0.48292531] -> F: 0.37099721156636356
Punto[1.         0.4844066  0.48246862] -> F: 0.37419471724759645
Punto[1.         0.48211879 0.48201194] -> F: 0.37749106918959136
Punto[1.         0.47983097 0.48155525] -> F: 0.3808862673923487
Punto[1.         0.47754316 0.48109857] -> F: 0.3843568891276067
Punto[1.         0.47525534 0.48064188] -> F: 0.3876131326970079
Punto[1.         0.47296753 0.4801852 ] -> F: 0.3909272641036805
Punto[1.         0.47067972 0.47972852] -> F: 0.39429928334762376
Punto[1.         0.4683919  0.47927183] -> F: 0.3977291904288381
Punto[1.         0.46610409 0.47881515] -> F: 0.40121698534732303
Punto[1.         0.46381627 0.47835846] -> F: 0.4038965174662448
Punto[1.         0.46152846 0.47790178] -> F: 0.4068843899473117
Punto[1.         0.45924064 0.47744509] -> F: 0.4103108850074433
Punto[1.         0.45695283 0.47698841] -> F: 0.4138507765948001
Punto[1.         0.45466501 0.47653173] -> F: 0.41712077129958214
Punto[1.         0.4523772  0.47607504] -> F: 0.4171195771751775
Punto[1.         0.45008938 0.47561836] -> F: 0.41542125635147464
Punto[1.         0.44780157 0.47516167] -> F: 0.41403949624247627
Punto[1.         0.44551376 0.47470499] -> F: 0.41252169447935566
Punto[1.         0.44322594 0.4742483 ] -> F: 0.4110777217042243
Punto[1.         0.44093813 0.47379162] -> F: 0.4096968736296083
Punto[1.         0.43865031 0.47333494] -> F: 0.40831420210975045
Punto[1.         0.4363625  0.47287825] -> F: 0.4068428202010444
Punto[1.         0.43407468 0.47242157] -> F: 0.40538454092985327
Punto[1.         0.43178687 0.47196488] -> F: 0.4039837163658968
Punto[1.         0.42949905 0.4715082 ] -> F: 0.4025887031280051
Punto[1.         0.42721124 0.47105151] -> F: 0.4011555545798691
Punto[1.         0.42492342 0.47059483] -> F: 0.39969453595743176
Punto[1.         0.42263561 0.47013814] -> F: 0.3982747134186444
Punto[1.         0.4203478  0.46968146] -> F: 0.3968030169788311
Punto[1.         0.41805998 0.46922478] -> F: 0.3943858378909808
Punto[1.         0.41577217 0.46876809] -> F: 0.39211749604283325
Punto[1.         0.41348435 0.46831141] -> F: 0.3902927773986617
Punto[1.         0.41119654 0.46785472] -> F: 0.388782189303631
Punto[1.         0.40890872 0.46739804] -> F: 0.38709561899335015
Punto[1.         0.40662091 0.46694135] -> F: 0.3855661353215335
Punto[1.         0.40433309 0.46648467] -> F: 0.384099410444421
Punto[1.         0.40204528 0.46602799] -> F: 0.3825696440725016
Punto[1.         0.39975746 0.4655713 ] -> F: 0.38096326398959296
Punto[1.         0.39746965 0.46511462] -> F: 0.37942409801283056
Punto[1.         0.39518184 0.46465793] -> F: 0.3779394002672796
Punto[1.         0.39289402 0.46420125] -> F: 0.3764224893988889
Punto[1.         0.39060621 0.46374456] -> F: 0.37483742929216773
Punto[1.         0.38831839 0.46328788] -> F: 0.3732950174450124
Punto[1.         0.38603058 0.4628312 ] -> F: 0.3710614279889783
Punto[1.         0.38374276 0.46237451] -> F: 0.36856062620761293
Punto[1.         0.38145495 0.46191783] -> F: 0.36606283599731154
{
  "seed": 10555,
  "n_per_z": 10,
  "nz": 100,
  "nd": 100,
  "n_muestras": 50,
  "best_f": 0.41712077129958214,
  "best_cp": [
    1.0,
    0.45466501338883125,
    0.4765317251346539
  ],
  "best_u": [
    0.18738131458572474,
    0.9818025512669425,
    0.030854388178155837
  ],
  "best_index": 21,
  "n_candidatos": 54
}
