Punto[0.         0.60201142 0.51901294] -> F: 0.17535216991075367
Punto[1.         0.49948144 0.5410222 ] -> F: 0.3863351865666954
Punto[2.         0.54874455 0.47984279] -> F: 0.08975068835283037
Punto[1.         0.57537799 0.49942786] -> F: 0.35615590163599864
Punto[1.         0.50099937 0.54019031] -> F: 0.38681221843445746
Punto[1.         0.50248694 0.53937506] -> F: 0.3871995096694465
Punto[1.         0.50397452 0.53855981] -> F: 0.3875769691750789
Punto[1.         0.50546209 0.53774456] -> F: 0.38795559935981266
Punto[1.         0.50694966 0.53692931] -> F: 0.38833540022364765
Punto[1.         0.50843723 0.53611406] -> F: 0.38871637176658397
Punto[1.         0.50992481 0.53529882] -> F: 0.3890985139886215
Punto[1.         0.51141238 0.53448357] -> F: 0.38937352019246146
Punto[1.         0.51289995 0.53366832] -> F: 0.3896042271522487
Punto[1.         0.51438752 0.53285307] -> F: 0.38983547000382407
Punto[1.         0.5158751  0.53203782] -> F: 0.3900562983569034
Punto[1.         0.51736267 0.53122257] -> F: 0.3902492256572226
Punto[1.         0.51885024 0.53040732] -> F: 0.3904424144891858
Punto[1.         0.52033781 0.52959207] -> F: 0.3902226169513242
Punto[1.         0.52182538 0.52877682] -> F: 0.3896268915443854
Punto[1.         0.52331296 0.52796158] -> F: 0.3890304748080303
Punto[1.         0.52480053 0.52714633] -> F: 0.3884184086817254
Punto[1.         0.5262881  0.52633108] -> F: 0.3878066613555191
Punto[1.         0.52777567 0.52551583] -> F: 0.38719054096396954
Punto[1.         0.52926325 0.52470058] -> F: 0.38656268833474844
Punto[1.         0.53075082 0.52388533] -> F: 0.38593517222110857
Punto[1.         0.53223839 0.52307008] -> F: 0.3852957754883352
Punto[1.         0.53372596 0.52225483] -> F: 0.3845947776598906
Punto[1.         0.53521353 0.52143958] -> F: 0.38388020394220945
Punto[1.         0.53670111 0.52062433] -> F: 0.383168016558409
Punto[1.         0.53818868 0.51980909] -> F: 0.3823402049265949
Punto[1.         0.53967625 0.51899384] -> F: 0.38149469276087405
Punto[1.         0.54116382 0.51817859] -> F: 0.3806556554745258
Punto[1.         0.5426514  0.51736334] -> F: 0.37982309306755013
Punto[1.         0.54413897 0.51654809] -> F: 0.37899326221625235
Punto[1.         0.54562654 0.51573284] -> F: 0.3780485758432715
Punto[1.         0.54711411 0.51491759] -> F: 0.3770133971430964
Punto[1.         0.54860169 0.51410234] -> F: 0.3760236954526082
Punto[1.         0.55008926 0.51328709] -> F: 0.3750794707718071
Punto[1.         0.55157683 0.51247185] -> F: 0.37416534623593917
Punto[1.        0.5530644 0.5116566] -> F: 0.37310470358857745
Punto[1.         0.55455197 0.51084135] -> F: 0.3720615478237005
Punto[1.         0.55603955 0.5100261 ] -> F: 0.37103587894130813
Punto[1.         0.55752712 0.50921085] -> F: 0.37002771765741865
Punto[1.         0.55901469 0.5083956 ] -> F: 0.36903723381579473
Punto[1.         0.56050226 0.50758035] -> F: 0.3680175472801383
Punto[1.         0.56198984 0.5067651 ] -> F: 0.3669695402875254
Punto[1.         0.56347741 0.50594985] -> F: 0.36593153879580154
Punto[1.         0.56496498 0.50513461] -> F: 0.3649035428049669
Punto[1.         0.56645255 0.50431936] -> F: 0.3638855523150214
Punto[1.         0.56794012 0.50350411] -> F: 0.362877567325965
Punto[1.         0.5694277  0.50268886] -> F: 0.36184316271479566
Punto[1.         0.57091527 0.50187361] -> F: 0.3608005763365219
Punto[1.         0.57240284 0.50105836] -> F: 0.3592379560070777
Punto[1.         0.57389041 0.50024311] -> F: 0.3576728689909327
{
  "seed": 18968,
  "n_per_z": 10,
  "nz": 100,
  "nd": 100,
  "n_muestras": 50,
  "best_f": 0.3904424144891858,
  "best_cp": [
    1.0,
    0.5188502396538617,
    0.530407322008398
  ],
  "best_u": [
    0.33873792024529137,
    -0.5530358401568957,
    -0.7611885317645367
  ],
  "best_index": 16,
  "n_candidatos": 54
}
