Punto[0.         0.50706811 0.38463699] -> F: 0.11289424793307765
Punto[1.         0.53636828 0.46771597] -> F: 0.37546124992166297
Punto[2.         0.40613045 0.43351992] -> F: 0.1189119074917145
Punto[1.         0.45659928 0.40907845] -> F: 0.40656410424986594
Punto[1.         0.5347729  0.46654322] -> F: 0.3786217985514444
Punto[1.         0.53320942 0.46539392] -> F: 0.38180643659808705
Punto[1.         0.53164595 0.46424463] -> F: 0.3850598298634943
Punto[1.         0.53008248 0.46309533] -> F: 0.388320918942983
Punto[1.         0.52851901 0.46194604] -> F: 0.39154501946303377
Punto[1.         0.52695553 0.46079674] -> F: 0.3946250182204413
Punto[1.         0.52539206 0.45964745] -> F: 0.39775167925006044
Punto[1.         0.52382859 0.45849815] -> F: 0.4009250025518909
Punto[1.         0.52226512 0.45734886] -> F: 0.4041449881259324
Punto[1.         0.52070165 0.45619956] -> F: 0.40741163597218544
Punto[1.         0.51913817 0.45505026] -> F: 0.4107249460906498
Punto[1.         0.5175747  0.45390097] -> F: 0.41289476550008447
Punto[1.         0.51601123 0.45275167] -> F: 0.41497907895016267
Punto[1.         0.51444776 0.45160238] -> F: 0.4172084263655635
Punto[1.         0.51288428 0.45045308] -> F: 0.4203285765567532
Punto[1.         0.51132081 0.44930379] -> F: 0.4234509260576549
Punto[1.         0.50975734 0.44815449] -> F: 0.42657547486826863
Punto[1.         0.50819387 0.4470052 ] -> F: 0.4297022229885944
Punto[1.         0.50663039 0.4458559 ] -> F: 0.43255763513875056
Punto[1.         0.50506692 0.44470661] -> F: 0.43549716837011726
Punto[1.         0.50350345 0.44355731] -> F: 0.4385231201688255
Punto[1.         0.50193998 0.44240802] -> F: 0.44163549053487494
Punto[1.         0.5003765  0.44125872] -> F: 0.4448249095527251
Punto[1.         0.49881303 0.44010943] -> F: 0.448028520261894
Punto[1.         0.49724956 0.43896013] -> F: 0.4512338285674595
Punto[1.         0.49568609 0.43781084] -> F: 0.454438842089127
Punto[1.         0.49412261 0.43666154] -> F: 0.4538389708646535
Punto[1.         0.49255914 0.43551225] -> F: 0.452528774302906
Punto[1.         0.49099567 0.43436295] -> F: 0.4512202023178268
Punto[1.         0.4894322  0.43321365] -> F: 0.44991325490941597
Punto[1.         0.48786873 0.43206436] -> F: 0.44860793207767347
Punto[1.         0.48630525 0.43091506] -> F: 0.44730423382259954
Punto[1.         0.48474178 0.42976577] -> F: 0.4460021601441938
Punto[1.         0.48317831 0.42861647] -> F: 0.44470171104245654
Punto[1.         0.48161484 0.42746718] -> F: 0.4434028865173876
Punto[1.         0.48005136 0.42631788] -> F: 0.442105686568987
Punto[1.         0.47848789 0.42516859] -> F: 0.4408101111972549
Punto[1.         0.47692442 0.42401929] -> F: 0.43951616040219105
Punto[1.         0.47536095 0.42287   ] -> F: 0.4382238341837957
Punto[1.         0.47379747 0.4217207 ] -> F: 0.43693313254206867
Punto[1.         0.472234   0.42057141] -> F: 0.4356440554770099
Punto[1.         0.47067053 0.41942211] -> F: 0.43435523946615073
Punto[1.         0.46910706 0.41827282] -> F: 0.43234822733597833
Punto[1.         0.46754358 0.41712352] -> F: 0.4290909036796878
Punto[1.         0.46598011 0.41597423] -> F: 0.42584338238640485
Punto[1.         0.46441664 0.41482493] -> F: 0.4226056634561293
Punto[1.         0.46285317 0.41367564] -> F: 0.41937774688886137
Punto[1.         0.46128969 0.41252634] -> F: 0.4161596326846012
Punto[1.         0.45972622 0.41137704] -> F: 0.4129513208433485
Punto[1.         0.45816275 0.41022775] -> F: 0.40975281136510344
Best centerpoint:  [1.         0.49568609 0.43781084] Best F:  0.454438842089127 Best u:  [-0.12533323  0.3065803   0.94355715] índice:  26
{
  "seed": 1993,
  "n_per_z": 5,
  "nz": 100,
  "nd": 100,
  "n_muestras": 50,
  "best_f": 0.454438842089127,
  "best_cp": [
    1.0,
    0.49568608715895535,
    0.43781083589174274
  ],
  "best_u": [
    -0.12533323356430415,
    0.3065803030753987,
    0.9435571515973541
  ],
  "n_candidatos": 54
}
