Punto[0.         0.69554364 0.43053985] -> F: 0.08030548168708841
Punto[1.         0.74475275 0.53841094] -> F: 0.3653014434310316
Punto[2.         0.77167408 0.43329662] -> F: 0.13502628438021574
Punto[1.         0.73360886 0.43191824] -> F: 0.3370747915024761
Punto[1.         0.74452987 0.53628109] -> F: 0.3685167248326235
Punto[1.         0.74431145 0.53419383] -> F: 0.3709955047621063
Punto[1.         0.74409303 0.53210657] -> F: 0.3731321584710847
Punto[1.         0.74387461 0.53001932] -> F: 0.3752990992382055
Punto[1.         0.74365619 0.52793206] -> F: 0.3772872484487094
Punto[1.         0.74343777 0.5258448 ] -> F: 0.37928906039133237
Punto[1.         0.74321935 0.52375755] -> F: 0.38133543933605263
Punto[1.         0.74300093 0.52167029] -> F: 0.3834263852828706
Punto[1.         0.74278251 0.51958303] -> F: 0.3855618982317862
Punto[1.         0.74256409 0.51749577] -> F: 0.387723712008189
Punto[1.         0.74234567 0.51540852] -> F: 0.38952989230639823
Punto[1.         0.74212725 0.51332126] -> F: 0.3913987428140217
Punto[1.         0.74190883 0.511234  ] -> F: 0.39335980878137355
Punto[1.         0.74169041 0.50914675] -> F: 0.3954130902084537
Punto[1.         0.74147199 0.50705949] -> F: 0.39755858709526226
Punto[1.         0.74125357 0.50497223] -> F: 0.3997962994417997
Punto[1.         0.74103515 0.50288497] -> F: 0.3984137505062235
Punto[1.         0.74081673 0.50079772] -> F: 0.39683288388473936
Punto[1.         0.74059831 0.49871046] -> F: 0.3952569843565388
Punto[1.         0.74037989 0.4966232 ] -> F: 0.39367478533648365
Punto[1.         0.74016147 0.49453595] -> F: 0.39208250120974214
Punto[1.         0.73994304 0.49244869] -> F: 0.39049552466027204
Punto[1.         0.73972462 0.49036143] -> F: 0.38889850935351644
Punto[1.         0.7395062  0.48827418] -> F: 0.3872987464290947
Punto[1.         0.73928778 0.48618692] -> F: 0.3857046540476457
Punto[1.         0.73906936 0.48409966] -> F: 0.3841020515573045
Punto[1.         0.73885094 0.4820124 ] -> F: 0.382499026629704
Punto[1.         0.73863252 0.47992515] -> F: 0.38089079885995836
Punto[1.         0.7384141  0.47783789] -> F: 0.3791127077791078
Punto[1.         0.73819568 0.47575063] -> F: 0.3773348306003878
Punto[1.         0.73797726 0.47366338] -> F: 0.3755458421683293
Punto[1.         0.73775884 0.47157612] -> F: 0.37376017729135996
Punto[1.         0.73754042 0.46948886] -> F: 0.3719684224801525
Punto[1.         0.737322   0.46740161] -> F: 0.370178832204709
Punto[1.         0.73710358 0.46531435] -> F: 0.3683953955954453
Punto[1.         0.73688516 0.46322709] -> F: 0.36660614787433415
Punto[1.         0.73666674 0.46113983] -> F: 0.36482485235010986
Punto[1.         0.73644832 0.45905258] -> F: 0.3630515090227721
Punto[1.         0.7362299  0.45696532] -> F: 0.3612859026785658
Punto[1.         0.73601148 0.45487806] -> F: 0.35944671046627474
Punto[1.         0.73579306 0.45279081] -> F: 0.3574354334974388
Punto[1.         0.73557464 0.45070355] -> F: 0.3554337493316975
Punto[1.         0.73535622 0.44861629] -> F: 0.35344369032115347
Punto[1.         0.7351378  0.44652903] -> F: 0.35146525646580684
Punto[1.         0.73491938 0.44444178] -> F: 0.3494984477656579
Punto[1.         0.73470096 0.44235452] -> F: 0.3475432642207063
Punto[1.         0.73448254 0.44026726] -> F: 0.3455997058309522
Punto[1.         0.73426412 0.43818001] -> F: 0.3435815270589781
Punto[1.         0.7340457  0.43609275] -> F: 0.3413930993541943
Punto[1.         0.73382728 0.43400549] -> F: 0.33922602368190846
Best centerpoint:  [1.         0.74125357 0.50497223] Best F:  0.3997962994417997 Best u:  [-0.09410831 -0.70396862  0.70396862] índice:  16
{
  "seed": 11135,
  "n_per_z": 5,
  "nz": 100,
  "nd": 100,
  "n_muestras": 50,
  "best_f": 0.3997962994417997,
  "best_cp": [
    1.0,
    0.7412535665767337,
    0.5049722319123939
  ],
  "best_u": [
    -0.09410831331851438,
    -0.7039686162622394,
    0.7039686162622395
  ],
  "n_candidatos": 54
}
