Punto[0.         0.50963588 0.35103101] -> F: 0.12929259552645792
Punto[1.         0.45278901 0.51551222] -> F: 0.31339925130731816
Punto[2.         0.42033379 0.39532842] -> F: 0.07166291951928973
Punto[1.         0.46498483 0.37317972] -> F: 0.2921637658369185
Punto[1.         0.45303293 0.51266557] -> F: 0.3181124321076958
Punto[1.         0.45327196 0.50987585] -> F: 0.3213156147059519
Punto[1.         0.453511   0.50708614] -> F: 0.3246435285690417
Punto[1.         0.45375004 0.50429642] -> F: 0.3279345249255785
Punto[1.         0.45398908 0.5015067 ] -> F: 0.3311473756711993
Punto[1.         0.45422812 0.49871698] -> F: 0.3343698818462213
Punto[1.         0.45446716 0.49592727] -> F: 0.33760204345064454
Punto[1.         0.45470619 0.49313755] -> F: 0.34084386048446913
Punto[1.         0.45494523 0.49034783] -> F: 0.3440953329476948
Punto[1.         0.45518427 0.48755812] -> F: 0.34751824517340335
Punto[1.         0.45542331 0.4847684 ] -> F: 0.3514816274332056
Punto[1.         0.45566235 0.48197868] -> F: 0.35599985096228354
Punto[1.         0.45590138 0.47918897] -> F: 0.36107291576063727
Punto[1.         0.45614042 0.47639925] -> F: 0.36670082182826674
Punto[1.         0.45637946 0.47360953] -> F: 0.37284285183987964
Punto[1.         0.4566185  0.47081981] -> F: 0.3737136337110519
Punto[1.         0.45685754 0.4680301 ] -> F: 0.3712568924266236
Punto[1.         0.45709657 0.46524038] -> F: 0.3688087970531307
Punto[1.         0.45733561 0.46245066] -> F: 0.36636934759057344
Punto[1.         0.45757465 0.45966095] -> F: 0.36393854403895154
Punto[1.         0.45781369 0.45687123] -> F: 0.3615163863982652
Punto[1.         0.45805273 0.45408151] -> F: 0.3590928033896096
Punto[1.         0.45829176 0.45129179] -> F: 0.35667209152101975
Punto[1.         0.4585308  0.44850208] -> F: 0.3542601403490702
Punto[1.         0.45876984 0.44571236] -> F: 0.3518569498737608
Punto[1.         0.45900888 0.44292264] -> F: 0.34946252009509166
Punto[1.         0.45924792 0.44013293] -> F: 0.3470768510130626
Punto[1.         0.45948696 0.43734321] -> F: 0.3446999426276738
Punto[1.         0.45972599 0.43455349] -> F: 0.34233179493892535
Punto[1.         0.45996503 0.43176377] -> F: 0.3399724079468168
Punto[1.         0.46020407 0.42897406] -> F: 0.3376213432900366
Punto[1.         0.46044311 0.42618434] -> F: 0.33526300366744793
Punto[1.         0.46068215 0.42339462] -> F: 0.3329135486772264
Punto[1.         0.46092118 0.42060491] -> F: 0.3305729783193719
Punto[1.         0.46116022 0.41781519] -> F: 0.3282412925938846
Punto[1.         0.46139926 0.41502547] -> F: 0.32591849150076446
Punto[1.         0.4616383  0.41223576] -> F: 0.3236046115703976
Punto[1.         0.46187734 0.40944604] -> F: 0.3213004663905111
Punto[1.         0.46211637 0.40665632] -> F: 0.3190063906968335
Punto[1.         0.46235541 0.4038666 ] -> F: 0.31672238448936524
Punto[1.         0.46259445 0.40107689] -> F: 0.31444844776810627
Punto[1.         0.46283349 0.39828717] -> F: 0.3121845805330564
Punto[1.         0.46307253 0.39549745] -> F: 0.3099246577683028
Punto[1.         0.46331157 0.39270774] -> F: 0.3076689231580406
Punto[1.         0.4635506  0.38991802] -> F: 0.3054233665817325
Punto[1.         0.46378964 0.3871283 ] -> F: 0.30318798803937835
Punto[1.         0.46402868 0.38433858] -> F: 0.3009627875309783
Punto[1.         0.46426772 0.38154887] -> F: 0.2987477650565323
Punto[1.         0.46450676 0.37875915] -> F: 0.2965429206160404
Punto[1.         0.46474579 0.37596943] -> F: 0.2943482542095024
Best centerpoint:  [1.         0.4566185  0.47081981] Best F:  0.3737136337110519 Best u:  [ 0.4539905   0.32800138 -0.82843691] índice:  16
{
  "seed": 9689,
  "n_per_z": 5,
  "nz": 100,
  "nd": 100,
  "n_muestras": 50,
  "best_f": 0.3737136337110519,
  "best_cp": [
    1.0,
    0.4566184981887741,
    0.47081981382834776
  ],
  "best_u": [
    0.4539904997395467,
    0.32800137815597247,
    -0.828436914963366
  ],
  "n_candidatos": 54
}
