Punto[0.         0.65432588 0.6222092 ] -> F: 0.11926012765527713
Punto[1.         0.41762842 0.43217096] -> F: 0.30434125475681556
Punto[2.         0.48558093 0.49938035] -> F: 0.04839056897630998
Punto[1.         0.56995341 0.56079478] -> F: 0.22954652288152277
Punto[1.         0.42067492 0.43474343] -> F: 0.3081053591684698
Punto[1.         0.42366049 0.43726446] -> F: 0.311791880018795
Punto[1.         0.42664606 0.43978549] -> F: 0.3154855965007097
Punto[1.         0.42963163 0.44230651] -> F: 0.3191884968318382
Punto[1.         0.4326172  0.44482754] -> F: 0.32290058101218067
Punto[1.         0.43560277 0.44734857] -> F: 0.3266218490417372
Punto[1.         0.43858834 0.44986959] -> F: 0.3303523009205076
Punto[1.         0.44157391 0.45239062] -> F: 0.3341014120868445
Punto[1.         0.44455948 0.45491165] -> F: 0.33794976109462566
Punto[1.         0.44754505 0.45743268] -> F: 0.34172456274284435
Punto[1.         0.45053062 0.4599537 ] -> F: 0.34564343177690127
Punto[1.         0.45351619 0.46247473] -> F: 0.3495228013184452
Punto[1.         0.45650176 0.46499576] -> F: 0.3534774047878362
Punto[1.         0.45948733 0.46751678] -> F: 0.35749610082418776
Punto[1.         0.4624729  0.47003781] -> F: 0.36150673903323854
Punto[1.         0.46545847 0.47255884] -> F: 0.3581162392149133
Punto[1.         0.46844404 0.47507986] -> F: 0.3545762996600214
Punto[1.         0.4714296  0.47760089] -> F: 0.35101608702327053
Punto[1.         0.47441517 0.48012192] -> F: 0.34746769335832833
Punto[1.         0.47740074 0.48264294] -> F: 0.3438806992594475
Punto[1.         0.48038631 0.48516397] -> F: 0.340311928263157
Punto[1.         0.48337188 0.487685  ] -> F: 0.3367098636417945
Punto[1.         0.48635745 0.49020602] -> F: 0.33311494883711895
Punto[1.         0.48934302 0.49272705] -> F: 0.32950351025330454
Punto[1.         0.49232859 0.49524808] -> F: 0.32588233168672476
Punto[1.         0.49531416 0.4977691 ] -> F: 0.32226171282322585
Punto[1.         0.49829973 0.50029013] -> F: 0.3186140063629532
Punto[1.         0.5012853  0.50281116] -> F: 0.31498469865001766
Punto[1.         0.50427087 0.50533219] -> F: 0.3113100403448
Punto[1.         0.50725644 0.50785321] -> F: 0.3076564476934408
Punto[1.         0.51024201 0.51037424] -> F: 0.30397065546919005
Punto[1.         0.51322758 0.51289527] -> F: 0.3002903252298016
Punto[1.         0.51621315 0.51541629] -> F: 0.29659625586921284
Punto[1.         0.51919872 0.51793732] -> F: 0.29288843621571425
Punto[1.         0.52218429 0.52045835] -> F: 0.28918747040254494
Punto[1.         0.52516986 0.52297937] -> F: 0.2854511847209392
Punto[1.         0.52815543 0.5255004 ] -> F: 0.28173858607948665
Punto[1.         0.531141   0.52802143] -> F: 0.27797922562364813
Punto[1.         0.53412657 0.53054245] -> F: 0.27423792736404257
Punto[1.         0.53711214 0.53306348] -> F: 0.27047354195802253
Punto[1.         0.54009771 0.53558451] -> F: 0.2667020843020814
Punto[1.         0.54308328 0.53810553] -> F: 0.2629453738777525
Punto[1.         0.54606885 0.54062656] -> F: 0.25915646186362296
Punto[1.         0.54905442 0.54314759] -> F: 0.2554009724878998
Punto[1.         0.55203999 0.54566861] -> F: 0.251678905750583
Punto[1.         0.55502556 0.54818964] -> F: 0.24795328806990166
Punto[1.         0.55801113 0.55071067] -> F: 0.2442302104248955
Punto[1.        0.5609967 0.5532317] -> F: 0.24054182019652204
Punto[1.         0.56398227 0.55575272] -> F: 0.2368881173847811
Punto[1.         0.56696784 0.55827375] -> F: 0.23320102549988686
Best centerpoint:  [1.         0.4624729  0.47003781] Best F:  0.36150673903323854 Best u:  [-0.03141076 -0.8603173  -0.50879023] índice:  15
{
  "seed": 3208,
  "n_per_z": 5,
  "nz": 100,
  "nd": 100,
  "n_muestras": 50,
  "best_f": 0.36150673903323854,
  "best_cp": [
    1.0,
    0.4624728957438432,
    0.47003780949475876
  ],
  "best_u": [
    -0.031410759078128396,
    -0.8603173027729394,
    -0.508790234540356
  ],
  "n_candidatos": 54
}
