Punto[0.         0.44114747 0.62715794] -> F: 0.11200833259565476
Punto[1.         0.49647088 0.56792526] -> F: 0.39148844442966463
Punto[2.         0.4368926  0.44917876] -> F: 0.14168375880174888
Punto[1.         0.43902004 0.53816835] -> F: 0.41788670115224275
Punto[1.         0.49532187 0.56733012] -> F: 0.3931677036457021
Punto[1.         0.49419583 0.56674688] -> F: 0.39482870849837276
Punto[1.         0.49306979 0.56616365] -> F: 0.3965048893152198
Punto[1.         0.49194376 0.56558041] -> F: 0.39819624609624327
Punto[1.         0.49081772 0.56499718] -> F: 0.3999027788414431
Punto[1.         0.48969168 0.56441394] -> F: 0.4016244875508194
Punto[1.         0.48856565 0.56383071] -> F: 0.4033613722243723
Punto[1.         0.48743961 0.56324747] -> F: 0.40485846972838135
Punto[1.         0.48631357 0.56266424] -> F: 0.40610481364139905
Punto[1.         0.48518754 0.562081  ] -> F: 0.40736633351859336
Punto[1.         0.4840615  0.56149776] -> F: 0.40864302935996416
Punto[1.         0.48293546 0.56091453] -> F: 0.40982243474756164
Punto[1.         0.48180943 0.56033129] -> F: 0.4108991133847435
Punto[1.         0.48068339 0.55974806] -> F: 0.41200795187845884
Punto[1.         0.47955735 0.55916482] -> F: 0.41314895022870807
Punto[1.         0.47843132 0.55858159] -> F: 0.4143221084354912
Punto[1.         0.47730528 0.55799835] -> F: 0.41552742649880814
Punto[1.         0.47617924 0.55741512] -> F: 0.41676490441865804
Punto[1.         0.47505321 0.55683188] -> F: 0.4180345421950425
Punto[1.         0.47392717 0.55624865] -> F: 0.41933633982796054
Punto[1.         0.47280113 0.55566541] -> F: 0.42052533909603473
Punto[1.         0.4716751  0.55508218] -> F: 0.42179995782438373
Punto[1.         0.47054906 0.55449894] -> F: 0.42318042620216545
Punto[1.         0.46942302 0.55391571] -> F: 0.42466674422938
Punto[1.         0.46829699 0.55333247] -> F: 0.426258911906027
Punto[1.         0.46717095 0.55274924] -> F: 0.4278224826126768
Punto[1.         0.46604491 0.552166  ] -> F: 0.4293493992413309
Punto[1.         0.46491888 0.55158276] -> F: 0.43090847572651875
Punto[1.         0.46379284 0.55099953] -> F: 0.4324997120682404
Punto[1.         0.46266681 0.55041629] -> F: 0.4341231082664957
Punto[1.         0.46154077 0.54983306] -> F: 0.4347585974153115
Punto[1.         0.46041473 0.54924982] -> F: 0.43392094864409353
Punto[1.         0.4592887  0.54866659] -> F: 0.4330838369090691
Punto[1.         0.45816266 0.54808335] -> F: 0.4322472622102383
Punto[1.         0.45703662 0.54750012] -> F: 0.4314112245476011
Punto[1.         0.45591059 0.54691688] -> F: 0.4305694702803389
Punto[1.         0.45478455 0.54633365] -> F: 0.42972690925454887
Punto[1.         0.45365851 0.54575041] -> F: 0.4288848950910016
Punto[1.         0.45253248 0.54516718] -> F: 0.42804342778969734
Punto[1.         0.45140644 0.54458394] -> F: 0.42720250735063575
Punto[1.         0.4502804  0.54400071] -> F: 0.42636213377381715
Punto[1.         0.44915437 0.54341747] -> F: 0.4255172896281606
Punto[1.         0.44802833 0.54283423] -> F: 0.4246701959844788
Punto[1.         0.44690229 0.542251  ] -> F: 0.42382365944086187
Punto[1.         0.44577626 0.54166776] -> F: 0.42297767999730956
Punto[1.         0.44465022 0.54108453] -> F: 0.4221322576538221
Punto[1.         0.44352418 0.54050129] -> F: 0.42128739241039953
Punto[1.         0.44239815 0.53991806] -> F: 0.4204404238741159
Punto[1.         0.44127211 0.53933482] -> F: 0.4195886151696094
Punto[1.         0.44014607 0.53875159] -> F: 0.41873737426231833
{
  "seed": 12425,
  "n_per_z": 10,
  "nz": 100,
  "nd": 100,
  "n_muestras": 50,
  "best_f": 0.4347585974153115,
  "best_cp": [
    1.0,
    0.46154076845503933,
    0.5498330583490453
  ],
  "best_u": [
    -0.9995065603657316,
    -0.025979228656738254,
    -0.017655465563533826
  ],
  "best_index": 34,
  "n_candidatos": 54
}
