Punto[0.         0.35143083 0.29607756] -> F: 0.09778221988989663
Punto[1.         0.50422566 0.48534311] -> F: 0.40730281382177863
Punto[2.         0.59583562 0.55025285] -> F: 0.12016137203942735
Punto[1.         0.47363323 0.42316521] -> F: 0.3925174834700343
Punto[1.         0.50361381 0.48409956] -> F: 0.409950845841786
Punto[1.         0.5030142  0.48288087] -> F: 0.4125036690549782
Punto[1.         0.50241459 0.48166218] -> F: 0.4150274625787653
Punto[1.         0.50181498 0.4804435 ] -> F: 0.4175170141151903
Punto[1.         0.50121536 0.47922481] -> F: 0.41996635514276986
Punto[1.         0.50061575 0.47800612] -> F: 0.42237065296846604
Punto[1.         0.50001614 0.47678743] -> F: 0.42471914106293523
Punto[1.         0.49941653 0.47556875] -> F: 0.42702889149191364
Punto[1.         0.49881692 0.47435006] -> F: 0.4293459230033218
Punto[1.         0.49821731 0.47313137] -> F: 0.4316649827872531
Punto[1.         0.49761769 0.47191269] -> F: 0.43391640127463815
Punto[1.         0.49701808 0.470694  ] -> F: 0.43617000069314826
Punto[1.         0.49641847 0.46947531] -> F: 0.4384333194473489
Punto[1.         0.49581886 0.46825663] -> F: 0.44070635753724047
Punto[1.         0.49521925 0.46703794] -> F: 0.4429264272191046
Punto[1.         0.49461964 0.46581925] -> F: 0.44513007298564394
Punto[1.         0.49402002 0.46460056] -> F: 0.4473420171115107
Punto[1.         0.49342041 0.46338188] -> F: 0.44956225959670426
Punto[1.         0.4928208  0.46216319] -> F: 0.4500061356178879
Punto[1.         0.49222119 0.4609445 ] -> F: 0.44855086988273557
Punto[1.         0.49162158 0.45972582] -> F: 0.44711698491286217
Punto[1.         0.49102197 0.45850713] -> F: 0.4457521395278714
Punto[1.         0.49042235 0.45728844] -> F: 0.4443863527142566
Punto[1.         0.48982274 0.45606976] -> F: 0.4430187580903423
Punto[1.         0.48922313 0.45485107] -> F: 0.4416493556561287
Punto[1.         0.48862352 0.45363238] -> F: 0.44027814541161575
Punto[1.         0.48802391 0.45241369] -> F: 0.4386812136580726
Punto[1.         0.4874243  0.45119501] -> F: 0.4370822982574839
Punto[1.         0.48682468 0.44997632] -> F: 0.4349571850993227
Punto[1.         0.48622507 0.44875763] -> F: 0.43275700643327614
Punto[1.         0.48562546 0.44753895] -> F: 0.43027405130110147
Punto[1.         0.48502585 0.44632026] -> F: 0.42774620609405
Punto[1.         0.48442624 0.44510157] -> F: 0.4253435615800266
Punto[1.         0.48382663 0.44388289] -> F: 0.4231345632574533
Punto[1.         0.48322701 0.4426642 ] -> F: 0.42111924278690044
Punto[1.         0.4826274  0.44144551] -> F: 0.4192976001683683
Punto[1.         0.48202779 0.44022682] -> F: 0.41766963540185664
Punto[1.         0.48142818 0.43900814] -> F: 0.4161937340297576
Punto[1.         0.48082857 0.43778945] -> F: 0.41472770124136143
Punto[1.         0.48022895 0.43657076] -> F: 0.41325970722563327
Punto[1.         0.47962934 0.43535208] -> F: 0.4115128433402178
Punto[1.         0.47902973 0.43413339] -> F: 0.4097057466076723
Punto[1.         0.47843012 0.4329147 ] -> F: 0.4080120158465493
Punto[1.         0.47783051 0.43169602] -> F: 0.40643165105684886
Punto[1.         0.4772309  0.43047733] -> F: 0.4049527705730231
Punto[1.         0.47663128 0.42925864] -> F: 0.4034892353241406
Punto[1.         0.47603167 0.42803995] -> F: 0.4020238922649587
Punto[1.         0.47543206 0.42682127] -> F: 0.39984403496753257
Punto[1.         0.47483245 0.42560258] -> F: 0.3973618554337905
Punto[1.         0.47423284 0.42438389] -> F: 0.39491967160129104
Best centerpoint:  [1.         0.4928208  0.46216319] Best F:  0.4500061356178879 Best u:  [-0.99950656 -0.02002197 -0.02420241] índice:  19
{
  "seed": 7091,
  "n_per_z": 5,
  "nz": 100,
  "nd": 100,
  "n_muestras": 50,
  "best_f": 0.4500061356178879,
  "best_cp": [
    1.0,
    0.49282080047695187,
    0.46216319038012177
  ],
  "best_u": [
    -0.9995065603657316,
    -0.02002197137261541,
    -0.02420240583533769
  ],
  "n_candidatos": 54
}
