Punto[0.         0.51213073 0.44210253] -> F: 0.11119902489117421
Punto[1.         0.52593036 0.5458394 ] -> F: 0.41499751183683264
Punto[2.        0.4913635 0.6092002] -> F: 0.16723518788078606
Punto[1.         0.50174712 0.52565137] -> F: 0.40017357220348626
Punto[1.         0.52544669 0.54543564] -> F: 0.41469922222710115
Punto[1.         0.5249727  0.54503995] -> F: 0.41440798334899775
Punto[1.         0.52449871 0.54464427] -> F: 0.414117818451343
Punto[1.         0.52402472 0.54424858] -> F: 0.4138287275341372
Punto[1.         0.52355073 0.5438529 ] -> F: 0.4135060084234506
Punto[1.         0.52307674 0.54345721] -> F: 0.41313934422970383
Punto[1.         0.52260274 0.54306153] -> F: 0.41277267259758466
Punto[1.         0.52212875 0.54266584] -> F: 0.41240599352709273
Punto[1.         0.52165476 0.54227015] -> F: 0.4120393070182284
Punto[1.         0.52118077 0.54187447] -> F: 0.4116726130709913
Punto[1.         0.52070678 0.54147878] -> F: 0.4113059116853816
Punto[1.         0.52023279 0.5410831 ] -> F: 0.410939521382356
Punto[1.         0.5197588  0.54068741] -> F: 0.41057693225745867
Punto[1.         0.5192848  0.54029173] -> F: 0.41021910416155194
Punto[1.         0.51881081 0.53989604] -> F: 0.4098660370946358
Punto[1.         0.51833682 0.53950036] -> F: 0.40951773105671
Punto[1.         0.51786283 0.53910467] -> F: 0.409174186047775
Punto[1.         0.51738884 0.53870899] -> F: 0.4088354020678305
Punto[1.         0.51691485 0.5383133 ] -> F: 0.4085013791168764
Punto[1.         0.51644085 0.53791762] -> F: 0.4081721171949129
Punto[1.         0.51596686 0.53752193] -> F: 0.4078476163019401
Punto[1.         0.51549287 0.53712624] -> F: 0.40752787643795785
Punto[1.         0.51501888 0.53673056] -> F: 0.4072128976029661
Punto[1.         0.51454489 0.53633487] -> F: 0.40690267979696493
Punto[1.         0.5140709  0.53593919] -> F: 0.4065972230199543
Punto[1.        0.5135969 0.5355435] -> F: 0.4062965272719341
Punto[1.         0.51312291 0.53514782] -> F: 0.40600059255290466
Punto[1.         0.51264892 0.53475213] -> F: 0.4057094188628657
Punto[1.         0.51217493 0.53435645] -> F: 0.4054230062018172
Punto[1.         0.51170094 0.53396076] -> F: 0.40514135456975936
Punto[1.         0.51122695 0.53356508] -> F: 0.4048644639666921
Punto[1.         0.51075296 0.53316939] -> F: 0.4045923343926152
Punto[1.         0.51027896 0.53277371] -> F: 0.40432496584752914
Punto[1.         0.50980497 0.53237802] -> F: 0.40406235833143356
Punto[1.         0.50933098 0.53198233] -> F: 0.4038045118443284
Punto[1.         0.50885699 0.53158665] -> F: 0.403551426386214
Punto[1.         0.508383   0.53119096] -> F: 0.40330310195708996
Punto[1.         0.50790901 0.53079528] -> F: 0.4030595385569566
Punto[1.         0.50743501 0.53039959] -> F: 0.4028207361858137
Punto[1.         0.50696102 0.53000391] -> F: 0.4025866948436614
Punto[1.         0.50648703 0.52960822] -> F: 0.40235741453049967
Punto[1.         0.50601304 0.52921254] -> F: 0.40213289524632856
Punto[1.         0.50553905 0.52881685] -> F: 0.4019131369911479
Punto[1.         0.50506506 0.52842117] -> F: 0.4016981397649579
Punto[1.         0.50459107 0.52802548] -> F: 0.40148784506769863
Punto[1.         0.50411707 0.5276298 ] -> F: 0.4012792433102247
Punto[1.         0.50364308 0.52723411] -> F: 0.4010706420316672
Punto[1.         0.50316909 0.52683843] -> F: 0.40086204123202657
Punto[1.         0.5026951  0.52644274] -> F: 0.40065344091130234
Punto[1.         0.50222111 0.52604705] -> F: 0.4004326789967175
{
  "seed": 14479,
  "n_per_z": 10,
  "nz": 100,
  "nd": 100,
  "n_muestras": 50,
  "best_f": 0.41499751183683264,
  "best_cp": [
    1.0,
    0.5259303585101557,
    0.5458393983275274
  ],
  "best_u": [
    -0.24868988716485474,
    0.2408768370508577,
    -0.9381533400219317
  ],
  "best_index": 1,
  "n_candidatos": 54
}
