Punto[0.         0.57586516 0.40337335] -> F: 0.12075969126647415
Punto[1.         0.45666619 0.50136867] -> F: 0.4102386968853708
Punto[2.         0.48982479 0.56612165] -> F: 0.11075857388184139
Punto[1.         0.53284497 0.4847475 ] -> F: 0.41070984461342924
Punto[1.         0.45818976 0.50103625] -> F: 0.41256244249808
Punto[1.         0.45968287 0.50071047] -> F: 0.4148469310488744
Punto[1.         0.46117597 0.5003847 ] -> F: 0.41713856454242904
Punto[1.         0.46266908 0.50005892] -> F: 0.41943734297874397
Punto[1.         0.46416218 0.49973315] -> F: 0.42174326635781917
Punto[1.         0.46565528 0.49940737] -> F: 0.42405633467965453
Punto[1.         0.46714839 0.4990816 ] -> F: 0.4261983357780871
Punto[1.         0.46864149 0.49875582] -> F: 0.4282994930067727
Punto[1.         0.4701346  0.49843005] -> F: 0.43038847572678446
Punto[1.         0.4716277  0.49810427] -> F: 0.4324689321190971
Punto[1.        0.4731208 0.4977785] -> F: 0.43455716961734664
Punto[1.         0.47461391 0.49745272] -> F: 0.43665318822153315
Punto[1.         0.47610701 0.49712695] -> F: 0.438756987931657
Punto[1.         0.47760012 0.49680117] -> F: 0.4408685687477179
Punto[1.         0.47909322 0.4964754 ] -> F: 0.442987930669716
Punto[1.         0.48058633 0.49614962] -> F: 0.445115073697651
Punto[1.         0.48207943 0.49582385] -> F: 0.44724999783152336
Punto[1.         0.48357253 0.49549807] -> F: 0.44939270307133283
Punto[1.         0.48506564 0.4951723 ] -> F: 0.4505371693765437
Punto[1.         0.48655874 0.49484652] -> F: 0.4515630129826771
Punto[1.         0.48805185 0.49452075] -> F: 0.45254714048447964
Punto[1.         0.48954495 0.49419497] -> F: 0.45348494444809406
Punto[1.         0.49103805 0.4938692 ] -> F: 0.45442589641664005
Punto[1.         0.49253116 0.49354342] -> F: 0.45435453769425266
Punto[1.         0.49402426 0.49321765] -> F: 0.45309637886033144
Punto[1.         0.49551737 0.49289187] -> F: 0.45161857231657154
Punto[1.         0.49701047 0.4925661 ] -> F: 0.4501033178261315
Punto[1.         0.49850358 0.49224032] -> F: 0.44857588723442055
Punto[1.         0.49999668 0.49191455] -> F: 0.447050136201149
Punto[1.         0.50148978 0.49158877] -> F: 0.44552817334641714
Punto[1.         0.50298289 0.491263  ] -> F: 0.444009998670225
Punto[1.         0.50447599 0.49093722] -> F: 0.4424956121725725
Punto[1.         0.5059691  0.49061145] -> F: 0.44096855574801574
Punto[1.         0.5074622  0.49028567] -> F: 0.43926861116122207
Punto[1.         0.50895531 0.4899599 ] -> F: 0.4375461722657337
Punto[1.         0.51044841 0.48963412] -> F: 0.4358309673759099
Punto[1.         0.51194151 0.48930835] -> F: 0.43412299649175046
Punto[1.         0.51343462 0.48898257] -> F: 0.4324222596132556
Punto[1.         0.51492772 0.4886568 ] -> F: 0.4307287567404253
Punto[1.         0.51642083 0.48833102] -> F: 0.4290424878732595
Punto[1.         0.51791393 0.48800525] -> F: 0.4273515024380017
Punto[1.         0.51940703 0.48767947] -> F: 0.42566001736334735
Punto[1.         0.52090014 0.4873537 ] -> F: 0.42397608335064085
Punto[1.         0.52239324 0.48702792] -> F: 0.4222997003998822
Punto[1.         0.52388635 0.48670215] -> F: 0.42063086851107123
Punto[1.         0.52537945 0.48637637] -> F: 0.418969587684208
Punto[1.         0.52687256 0.4860506 ] -> F: 0.4173158579192925
Punto[1.         0.52836566 0.48572482] -> F: 0.4156612634173503
Punto[1.         0.52985876 0.48539905] -> F: 0.41400281999658667
Punto[1.         0.53135187 0.48507327] -> F: 0.41235234706194634
{
  "seed": 18001,
  "n_per_z": 10,
  "nz": 100,
  "nd": 100,
  "n_muestras": 50,
  "best_f": 0.45442589641664005,
  "best_cp": [
    1.0,
    0.49103805496858216,
    0.49386919600064444
  ],
  "best_u": [
    0.27899110603922916,
    -0.5885707735298127,
    -0.7587808690903624
  ],
  "best_index": 26,
  "n_candidatos": 54
}
