Punto[0.         0.45755818 0.71266728] -> F: 0.05223561584590629
Punto[1.         0.48876018 0.53496106] -> F: 0.35971647355741343
Punto[2.         0.51335962 0.46290594] -> F: 0.15399493860605734
Punto[1.         0.4854589  0.58778661] -> F: 0.3236165389398573
Punto[1.         0.48869415 0.53601757] -> F: 0.36008341653787534
Punto[1.         0.48862944 0.53705295] -> F: 0.36034207047856215
Punto[1.         0.48856474 0.53808834] -> F: 0.3606020773723853
Punto[1.         0.48850003 0.53912372] -> F: 0.3608634372193449
Punto[1.         0.48843533 0.5401591 ] -> F: 0.361126150019441
Punto[1.         0.48837062 0.54119448] -> F: 0.3613902157726735
Punto[1.         0.48830592 0.54222986] -> F: 0.36165563447904264
Punto[1.         0.48824121 0.54326524] -> F: 0.36192240613854826
Punto[1.         0.48817651 0.54430062] -> F: 0.3621905307511901
Punto[1.        0.4881118 0.545336 ] -> F: 0.36152299825301054
Punto[1.         0.4880471  0.54637138] -> F: 0.3606718335598681
Punto[1.         0.48798239 0.54740676] -> F: 0.3597110292323792
Punto[1.         0.48791769 0.54844214] -> F: 0.35873528412700084
Punto[1.         0.48785299 0.54947752] -> F: 0.3577798643827182
Punto[1.         0.48778828 0.5505129 ] -> F: 0.3568447699995322
Punto[1.         0.48772358 0.55154828] -> F: 0.3559300009774421
Punto[1.         0.48765887 0.55258367] -> F: 0.35503555731644804
Punto[1.         0.48759417 0.55361905] -> F: 0.35416143901655034
Punto[1.         0.48752946 0.55465443] -> F: 0.35330764607774867
Punto[1.         0.48746476 0.55568981] -> F: 0.35247208036624506
Punto[1.         0.48740005 0.55672519] -> F: 0.3516397061840311
Punto[1.         0.48733535 0.55776057] -> F: 0.3508075600900632
Punto[1.         0.48727064 0.55879595] -> F: 0.34997564208434223
Punto[1.         0.48720594 0.55983133] -> F: 0.34913234450821334
Punto[1.         0.48714123 0.56086671] -> F: 0.3482239700589549
Punto[1.         0.48707653 0.56190209] -> F: 0.3473281928241172
Punto[1.         0.48701182 0.56293747] -> F: 0.3464450128037
Punto[1.         0.48694712 0.56397285] -> F: 0.3455744299977033
Punto[1.         0.48688241 0.56500823] -> F: 0.344638939832603
Punto[1.         0.48681771 0.56604361] -> F: 0.34305967864619785
Punto[1.       0.486753 0.567079] -> F: 0.34167014455435996
Punto[1.         0.4866883  0.56811438] -> F: 0.3404703375570892
Punto[1.         0.48662359 0.56914976] -> F: 0.33946025765438603
Punto[1.         0.48655889 0.57018514] -> F: 0.338581019362776
Punto[1.         0.48649418 0.57122052] -> F: 0.3377062561502721
Punto[1.         0.48642948 0.5722559 ] -> F: 0.33683172367584757
Punto[1.         0.48636477 0.57329128] -> F: 0.3359543202799617
Punto[1.         0.48630007 0.57432666] -> F: 0.33493576397179553
Punto[1.         0.48623536 0.57536204] -> F: 0.33396474277582805
Punto[1.         0.48617066 0.57639742] -> F: 0.3330412566920598
Punto[1.         0.48610595 0.5774328 ] -> F: 0.3321651509344801
Punto[1.         0.48604125 0.57846818] -> F: 0.3313092556203931
Punto[1.         0.48597654 0.57950356] -> F: 0.33045359010955594
Punto[1.         0.48591184 0.58053894] -> F: 0.3295981544019688
Punto[1.         0.48584713 0.58157433] -> F: 0.3287429484976315
Punto[1.         0.48578243 0.58260971] -> F: 0.3278879723965443
Punto[1.         0.48571772 0.58364509] -> F: 0.32703322609870694
Punto[1.         0.48565302 0.58468047] -> F: 0.3261787096041197
Punto[1.         0.48558831 0.58571585] -> F: 0.3253244229127822
Punto[1.         0.48552361 0.58675123] -> F: 0.32447036602469465
Best centerpoint:  [1.         0.48817651 0.54430062] Best F:  0.3621905307511901 Best u:  [-0.24868989  0.96094559 -0.12139566] índice:  9
{
  "seed": 4411,
  "n_per_z": 5,
  "nz": 100,
  "nd": 100,
  "n_muestras": 50,
  "best_f": 0.3621905307511901,
  "best_cp": [
    1.0,
    0.48817650992006567,
    0.5443006194744088
  ],
  "best_u": [
    -0.24868988716485474,
    0.9609455936013646,
    -0.12139565956018714
  ],
  "n_candidatos": 54
}
