Punto[0.         0.56897005 0.53991449] -> F: 0.09980204898151031
Punto[1.         0.47047125 0.49627461] -> F: 0.38808495264951987
Punto[2.         0.47305391 0.37890091] -> F: 0.14191407713658297
Punto[1.         0.52101198 0.4594077 ] -> F: 0.3825711008229965
Punto[1.         0.47148206 0.49553728] -> F: 0.38979014013228497
Punto[1.         0.47247266 0.49481468] -> F: 0.39149804601195576
Punto[1.         0.47346326 0.49409209] -> F: 0.39324240209731326
Punto[1.         0.47445386 0.4933695 ] -> F: 0.3950232083883569
Punto[1.         0.47544445 0.49264691] -> F: 0.3968404648850874
Punto[1.         0.47643505 0.49192432] -> F: 0.39869417158750425
Punto[1.         0.47742565 0.49120173] -> F: 0.4005843284956079
Punto[1.         0.47841625 0.49047913] -> F: 0.4024897210584186
Punto[1.         0.47940685 0.48975654] -> F: 0.4039752292696171
Punto[1.         0.48039745 0.48903395] -> F: 0.40545741113642325
Punto[1.         0.48138804 0.48831136] -> F: 0.4069371266843311
Punto[1.         0.48237864 0.48758877] -> F: 0.408509359384084
Punto[1.         0.48336924 0.48686618] -> F: 0.4102384725491048
Punto[1.         0.48435984 0.48614359] -> F: 0.4121244661793929
Punto[1.         0.48535044 0.48542099] -> F: 0.41416734027494867
Punto[1.         0.48634104 0.4846984 ] -> F: 0.41636709483577194
Punto[1.         0.48733163 0.48397581] -> F: 0.4187237298618626
Punto[1.         0.48832223 0.48325322] -> F: 0.42123724535322105
Punto[1.         0.48931283 0.48253063] -> F: 0.4234459479224295
Punto[1.         0.49030343 0.48180804] -> F: 0.4224302842051436
Punto[1.         0.49129403 0.48108545] -> F: 0.4214163234144435
Punto[1.         0.49228463 0.48036285] -> F: 0.42040406555032955
Punto[1.         0.49327523 0.47964026] -> F: 0.4193935106128016
Punto[1.         0.49426582 0.47891767] -> F: 0.4183846586018595
Punto[1.         0.49525642 0.47819508] -> F: 0.41737750951750363
Punto[1.         0.49624702 0.47747249] -> F: 0.41637206335973354
Punto[1.         0.49723762 0.4767499 ] -> F: 0.4153683201285496
Punto[1.         0.49822822 0.4760273 ] -> F: 0.41436237352884153
Punto[1.         0.49921882 0.47530471] -> F: 0.4133530404561575
Punto[1.         0.50020941 0.47458212] -> F: 0.4123454411250684
Punto[1.         0.50120001 0.47385953] -> F: 0.4113395755355742
Punto[1.         0.50219061 0.47313694] -> F: 0.41032477308015863
Punto[1.         0.50318121 0.47241435] -> F: 0.40917585077431656
Punto[1.         0.50417181 0.47169176] -> F: 0.4080523188016504
Punto[1.         0.50516241 0.47096916] -> F: 0.40692805029067963
Punto[1.         0.506153   0.47024657] -> F: 0.40568126361230905
Punto[1.         0.5071436  0.46952398] -> F: 0.40409051032391263
Punto[1.         0.5081342  0.46880139] -> F: 0.4024790875910753
Punto[1.        0.5091248 0.4680788] -> F: 0.40089813070457364
Punto[1.         0.5101154  0.46735621] -> F: 0.39934763966440806
Punto[1.         0.511106   0.46663361] -> F: 0.39782761447057813
Punto[1.         0.51209659 0.46591102] -> F: 0.3963380551230842
Punto[1.         0.51308719 0.46518843] -> F: 0.39487896162192593
Punto[1.         0.51407779 0.46446584] -> F: 0.3933047935500826
Punto[1.         0.51506839 0.46374325] -> F: 0.3916574943635413
Punto[1.         0.51605899 0.46302066] -> F: 0.39007389095190925
Punto[1.         0.51704959 0.46229807] -> F: 0.3885580450928158
Punto[1.         0.51804018 0.46157547] -> F: 0.3871099567862605
Punto[1.         0.51903078 0.46085288] -> F: 0.3857296260322433
Punto[1.         0.52002138 0.46013029] -> F: 0.3842284842714262
Best centerpoint:  [1.         0.48931283 0.48253063] Best F:  0.4234459479224295 Best u:  [-0.99802673  0.04577232 -0.04298307] índice:  19
{
  "seed": 13326,
  "n_per_z": 5,
  "nz": 100,
  "nd": 100,
  "n_muestras": 50,
  "best_f": 0.4234459479224295,
  "best_cp": [
    1.0,
    0.48931283168821027,
    0.4825306282894449
  ],
  "best_u": [
    -0.9980267284282716,
    0.04577231883636089,
    -0.042983068423550284
  ],
  "n_candidatos": 54
}
