Punto[0.         0.63320816 0.59687712] -> F: 0.11940602946088728
Punto[1.         0.50242297 0.52605193] -> F: 0.4134025488619005
Punto[2.         0.42288821 0.4855781 ] -> F: 0.1543677090073017
Punto[1.         0.52804819 0.54122761] -> F: 0.42734945728605567
Punto[1.         0.50293547 0.52635544] -> F: 0.4139387584081414
Punto[1.         0.50343772 0.52665289] -> F: 0.41446480060021806
Punto[1.         0.50393998 0.52695033] -> F: 0.4149913940044415
Punto[1.         0.50444223 0.52724777] -> F: 0.4155185386208115
Punto[1.         0.50494449 0.52754522] -> F: 0.41604623444932837
Punto[1.         0.50544674 0.52784266] -> F: 0.416574481489992
Punto[1.        0.505949  0.5281401] -> F: 0.41710327974280265
Punto[1.         0.50645125 0.52843755] -> F: 0.4176326292077598
Punto[1.         0.5069535  0.52873499] -> F: 0.4181625298848637
Punto[1.         0.50745576 0.52903243] -> F: 0.41869298177411457
Punto[1.         0.50795801 0.52932988] -> F: 0.4192150540982236
Punto[1.         0.50846027 0.52962732] -> F: 0.41972295745943045
Punto[1.         0.50896252 0.52992476] -> F: 0.4202313722869708
Punto[1.         0.50946478 0.5302222 ] -> F: 0.42074029858084433
Punto[1.         0.50996703 0.53051965] -> F: 0.4212497363410515
Punto[1.         0.51046928 0.53081709] -> F: 0.42175968556759186
Punto[1.         0.51097154 0.53111453] -> F: 0.4222701462604653
Punto[1.         0.51147379 0.53141198] -> F: 0.4227811184196727
Punto[1.         0.51197605 0.53170942] -> F: 0.4232926020452132
Punto[1.         0.5124783  0.53200686] -> F: 0.423804597137087
Punto[1.         0.51298056 0.53230431] -> F: 0.42431710369529446
Punto[1.         0.51348281 0.53260175] -> F: 0.4248301217198349
Punto[1.         0.51398506 0.53289919] -> F: 0.4253436512107091
Punto[1.         0.51448732 0.53319664] -> F: 0.42585769216791663
Punto[1.         0.51498957 0.53349408] -> F: 0.42637224459145767
Punto[1.         0.51549183 0.53379152] -> F: 0.4268873084813318
Punto[1.         0.51599408 0.53408897] -> F: 0.42740288383753955
Punto[1.         0.51649634 0.53438641] -> F: 0.42791541668226346
Punto[1.         0.51699859 0.53468385] -> F: 0.4284091234374608
Punto[1.         0.51750084 0.5349813 ] -> F: 0.4289033065463965
Punto[1.         0.5180031  0.53527874] -> F: 0.42939796600907143
Punto[1.         0.51850535 0.53557618] -> F: 0.429893101825485
Punto[1.         0.51900761 0.53587363] -> F: 0.43038871399563744
Punto[1.         0.51950986 0.53617107] -> F: 0.4308848025195288
Punto[1.         0.52001212 0.53646851] -> F: 0.4313813673971589
Punto[1.         0.52051437 0.53676596] -> F: 0.4318784086285279
Punto[1.         0.52101662 0.5370634 ] -> F: 0.4323759262136358
Punto[1.         0.52151888 0.53736084] -> F: 0.4328739201524825
Punto[1.         0.52202113 0.53765829] -> F: 0.4333723904450679
Punto[1.         0.52252339 0.53795573] -> F: 0.4338713370913925
Punto[1.         0.52302564 0.53825317] -> F: 0.43383448086173615
Punto[1.         0.5235279  0.53855062] -> F: 0.4332157140461388
Punto[1.         0.52403015 0.53884806] -> F: 0.4326005400758174
Punto[1.         0.52453241 0.5391455 ] -> F: 0.4319889589507721
Punto[1.         0.52503466 0.53944295] -> F: 0.4313809706710025
Punto[1.         0.52553691 0.53974039] -> F: 0.4307765752365088
Punto[1.         0.52603917 0.54003783] -> F: 0.4300823334379194
Punto[1.         0.52654142 0.54033528] -> F: 0.42938421086819284
Punto[1.         0.52704368 0.54063272] -> F: 0.4286959529118803
Punto[1.         0.52754593 0.54093016] -> F: 0.4280177017178346
{
  "seed": 2455,
  "n_per_z": 10,
  "nz": 100,
  "nd": 100,
  "n_muestras": 50,
  "best_f": 0.4338713370913925,
  "best_cp": [
    1.0,
    0.5225233878492329,
    0.5379557299298094
  ],
  "best_u": [
    -0.27899110603922916,
    -0.8928584884893851,
    0.35350768348574557
  ],
  "best_index": 43,
  "n_candidatos": 54
}
