Punto[0.         0.74569099 0.68148084] -> F: 0.09747181392171296
Punto[1.         0.52581918 0.56433081] -> F: 0.3609362852945181
Punto[2.         0.44799353 0.55619115] -> F: 0.11441913331816948
Punto[1.         0.59684226 0.61883599] -> F: 0.3718047469747691
Punto[1.         0.52723964 0.56542092] -> F: 0.3641443675823159
Punto[1.         0.52863169 0.56648922] -> F: 0.36706590298572145
Punto[1.         0.53002374 0.56755752] -> F: 0.3697410953660802
Punto[1.         0.5314158  0.56862582] -> F: 0.3721221487831256
Punto[1.         0.53280785 0.56969412] -> F: 0.37457124723046736
Punto[1.         0.5341999  0.57076242] -> F: 0.37717992998246047
Punto[1.         0.53559195 0.57183073] -> F: 0.37994889156096057
Punto[1.         0.53698401 0.57289903] -> F: 0.38236839834642067
Punto[1.         0.53837606 0.57396733] -> F: 0.38501802827686377
Punto[1.         0.53976811 0.57503563] -> F: 0.38793253833374913
Punto[1.         0.54116016 0.57610393] -> F: 0.39111110398851834
Punto[1.         0.54255221 0.57717223] -> F: 0.39422028947577975
Punto[1.         0.54394427 0.57824053] -> F: 0.3970510430787802
Punto[1.         0.54533632 0.57930884] -> F: 0.3999539716126723
Punto[1.         0.54672837 0.58037714] -> F: 0.4029290750774561
Punto[1.         0.54812042 0.58144544] -> F: 0.40585671439369697
Punto[1.         0.54951248 0.58251374] -> F: 0.40865016284805844
Punto[1.         0.55090453 0.58358204] -> F: 0.41148583129585514
Punto[1.         0.55229658 0.58465034] -> F: 0.41433955362638725
Punto[1.         0.55368863 0.58571865] -> F: 0.4170430815702902
Punto[1.         0.55508069 0.58678695] -> F: 0.4197765339444945
Punto[1.         0.55647274 0.58785525] -> F: 0.4225061363057955
Punto[1.         0.55786479 0.58892355] -> F: 0.4251267796432988
Punto[1.         0.55925684 0.58999185] -> F: 0.4277705846819473
Punto[1.         0.5606489  0.59106015] -> F: 0.42778397306856086
Punto[1.         0.56204095 0.59212845] -> F: 0.4259545599311444
Punto[1.         0.563433   0.59319676] -> F: 0.42315360505681915
Punto[1.         0.56482505 0.59426506] -> F: 0.4205240080703528
Punto[1.         0.5662171  0.59533336] -> F: 0.4180657689717449
Punto[1.         0.56760916 0.59640166] -> F: 0.4157788877609961
Punto[1.         0.56900121 0.59746996] -> F: 0.413663364438106
Punto[1.         0.57039326 0.59853826] -> F: 0.4117191990030743
Punto[1.         0.57178531 0.59960657] -> F: 0.4099462462954346
Punto[1.         0.57317737 0.60067487] -> F: 0.40819143624725307
Punto[1.         0.57456942 0.60174317] -> F: 0.4062986011555629
Punto[1.         0.57596147 0.60281147] -> F: 0.4045393557575838
Punto[1.         0.57735352 0.60387977] -> F: 0.4028831916582037
Punto[1.         0.57874558 0.60494807] -> F: 0.4012321437267175
Punto[1.         0.58013763 0.60601638] -> F: 0.39957882081217144
Punto[1.         0.58152968 0.60708468] -> F: 0.3979232229145655
Punto[1.         0.58292173 0.60815298] -> F: 0.39626535003390007
Punto[1.         0.58431379 0.60922128] -> F: 0.3945083326834678
Punto[1.         0.58570584 0.61028958] -> F: 0.3927344893347185
Punto[1.         0.58709789 0.61135788] -> F: 0.3908598771047976
Punto[1.         0.58848994 0.61242618] -> F: 0.388615103284014
Punto[1.         0.589882   0.61349449] -> F: 0.38590518771149374
Punto[1.         0.59127405 0.61456279] -> F: 0.38286156528128373
Punto[1.         0.5926661  0.61563109] -> F: 0.379840323872867
Punto[1.         0.59405815 0.61669939] -> F: 0.376990440352309
Punto[1.         0.5954502  0.61776769] -> F: 0.3743119147196098
Best centerpoint:  [1.         0.5606489  0.59106015] Best F:  0.42778397306856086 Best u:  [-0.27899111  0.739919    0.61211423] índice:  25
{
  "seed": 8146,
  "n_per_z": 5,
  "nz": 100,
  "nd": 100,
  "n_muestras": 50,
  "best_f": 0.42778397306856086,
  "best_cp": [
    1.0,
    0.5606488953750802,
    0.5910601534265661
  ],
  "best_u": [
    -0.27899110603922916,
    0.7399190017680559,
    0.6121142324546711
  ],
  "n_candidatos": 54
}
