Punto[0.         0.38055133 0.31405169] -> F: 0.15316425265920033
Punto[1.         0.49472782 0.45966177] -> F: 0.35521689887989305
Punto[2.         0.64366649 0.45192288] -> F: 0.07364391966520102
Punto[1.         0.51210891 0.38298728] -> F: 0.3288243736716399
Punto[1.         0.49507545 0.45812828] -> F: 0.3586873574287411
Punto[1.         0.49541612 0.45662546] -> F: 0.36216702180936905
Punto[1.         0.49575678 0.45512264] -> F: 0.36572450710181736
Punto[1.         0.49609745 0.45361982] -> F: 0.36935981330608575
Punto[1.         0.49643812 0.452117  ] -> F: 0.3730674395321733
Punto[1.         0.49677879 0.45061418] -> F: 0.37679831635612426
Punto[1.         0.49711946 0.44911136] -> F: 0.3805408370519396
Punto[1.         0.49746013 0.44760854] -> F: 0.3842950016196196
Punto[1.         0.4978008  0.44610572] -> F: 0.3865219666787957
Punto[1.         0.49814147 0.4446029 ] -> F: 0.3853768938060621
Punto[1.         0.49848214 0.44310008] -> F: 0.38421655455999004
Punto[1.         0.49882281 0.44159726] -> F: 0.38303579374760843
Punto[1.         0.49916348 0.44009444] -> F: 0.38184180485782315
Punto[1.         0.49950415 0.43859162] -> F: 0.3806261036138652
Punto[1.         0.49984482 0.4370888 ] -> F: 0.3793975379516785
Punto[1.         0.50018548 0.43558598] -> F: 0.37814789479717154
Punto[1.         0.50052615 0.43408316] -> F: 0.37688369944204436
Punto[1.         0.50086682 0.43258034] -> F: 0.3756014419553904
Punto[1.         0.50120749 0.43107752] -> F: 0.3743004234457333
Punto[1.         0.50154816 0.4295747 ] -> F: 0.3729873088215142
Punto[1.         0.50188883 0.42807188] -> F: 0.3716481155809036
Punto[1.         0.5022295  0.42656906] -> F: 0.37030646086643104
Punto[1.         0.50257017 0.42506624] -> F: 0.3689275621754955
Punto[1.         0.50291084 0.42356342] -> F: 0.36755038970014997
Punto[1.         0.50325151 0.4220606 ] -> F: 0.3661436544501673
Punto[1.         0.50359218 0.42055778] -> F: 0.3647293399779154
Punto[1.         0.50393285 0.41905496] -> F: 0.36331846593969896
Punto[1.         0.50427352 0.41755214] -> F: 0.361911032335518
Punto[1.         0.50461419 0.41604932] -> F: 0.3605070391653725
Punto[1.         0.50495485 0.4145465 ] -> F: 0.3590843363129021
Punto[1.         0.50529552 0.41304368] -> F: 0.3576553935767779
Punto[1.         0.50563619 0.41154086] -> F: 0.35622891949179036
Punto[1.         0.50597686 0.41003804] -> F: 0.3548053245929792
Punto[1.         0.50631753 0.40853522] -> F: 0.35338532556011754
Punto[1.        0.5066582 0.4070324] -> F: 0.35196893546903524
Punto[1.         0.50699887 0.40552958] -> F: 0.35053219021197923
Punto[1.         0.50733954 0.40402676] -> F: 0.34909218241615925
Punto[1.         0.50768021 0.40252394] -> F: 0.34765473462498786
Punto[1.         0.50802088 0.40102112] -> F: 0.3462198468384652
Punto[1.         0.50836155 0.3995183 ] -> F: 0.34478755500611125
Punto[1.         0.50870222 0.39801548] -> F: 0.3433586996508149
Punto[1.         0.50904289 0.39651266] -> F: 0.34190498436246913
Punto[1.         0.50938355 0.39500984] -> F: 0.34045390222319366
Punto[1.         0.50972422 0.39350702] -> F: 0.33900547623173716
Punto[1.         0.51006489 0.3920042 ] -> F: 0.3375597063880998
Punto[1.         0.51040556 0.39050138] -> F: 0.3361165926922814
Punto[1.         0.51074623 0.38899856] -> F: 0.3346677392711709
Punto[1.         0.5110869  0.38749574] -> F: 0.3332027613773974
Punto[1.         0.51142757 0.38599292] -> F: 0.33174054114621776
Punto[1.         0.51176824 0.3844901 ] -> F: 0.33028107857763184
Best centerpoint:  [1.         0.4978008  0.44610572] Best F:  0.3865219666787957 Best u:  [ 0.42577929  0.61939674 -0.65959053] índice:  9
{
  "seed": 5906,
  "n_per_z": 5,
  "nz": 100,
  "nd": 100,
  "n_muestras": 50,
  "best_f": 0.3865219666787957,
  "best_cp": [
    1.0,
    0.4978008000749291,
    0.44610571990321135
  ],
  "best_u": [
    0.4257792915650727,
    0.6193967401315994,
    -0.6595905344899157
  ],
  "n_candidatos": 54
}
