Punto[0.         0.45247258 0.56841504] -> F: 0.13371867382386324
Punto[1.         0.5679657  0.53897115] -> F: 0.416882266813709
Punto[2.         0.52133053 0.48549695] -> F: 0.12323005600221193
Punto[1.         0.48690156 0.526956  ] -> F: 0.429219151900626
Punto[1.         0.56634442 0.53873084] -> F: 0.4192797936151177
Punto[1.         0.56475556 0.53849535] -> F: 0.4216331071727268
Punto[1.         0.5631667  0.53825985] -> F: 0.4239901202721382
Punto[1.         0.56157785 0.53802435] -> F: 0.42635083291335096
Punto[1.         0.55998899 0.53778886] -> F: 0.4287047139107185
Punto[1.         0.55840013 0.53755336] -> F: 0.4310382824866097
Punto[1.         0.55681127 0.53731786] -> F: 0.43337536240362207
Punto[1.         0.55522242 0.53708237] -> F: 0.435715953661756
Punto[1.         0.55363356 0.53684687] -> F: 0.4380600562610109
Punto[1.         0.5520447  0.53661137] -> F: 0.44040767020138727
Punto[1.         0.55045585 0.53637587] -> F: 0.44273130543802275
Punto[1.         0.54886699 0.53614038] -> F: 0.4450524219347712
Punto[1.         0.54727813 0.53590488] -> F: 0.4473768784261483
Punto[1.         0.54568927 0.53566938] -> F: 0.44970467491215427
Punto[1.         0.54410042 0.53543389] -> F: 0.45203581139278903
Punto[1.         0.54251156 0.53519839] -> F: 0.4543622931642756
Punto[1.         0.5409227  0.53496289] -> F: 0.45666762723252025
Punto[1.         0.53933385 0.5347274 ] -> F: 0.45897614436923795
Punto[1.         0.53774499 0.5344919 ] -> F: 0.46128784457442845
Punto[1.         0.53615613 0.5342564 ] -> F: 0.46305724459613407
Punto[1.         0.53456727 0.53402091] -> F: 0.4644800259240987
Punto[1.         0.53297842 0.53378541] -> F: 0.4659046880700577
Punto[1.         0.53138956 0.53354991] -> F: 0.4648601954328379
Punto[1.         0.5298007  0.53331441] -> F: 0.4638090815410003
Punto[1.         0.52821185 0.53307892] -> F: 0.46275997870083846
Punto[1.         0.52662299 0.53284342] -> F: 0.46171288691235196
Punto[1.         0.52503413 0.53260792] -> F: 0.46066780617554115
Punto[1.         0.52344527 0.53237243] -> F: 0.4596247364904059
Punto[1.         0.52185642 0.53213693] -> F: 0.4585836778569464
Punto[1.         0.52026756 0.53190143] -> F: 0.45754463027516246
Punto[1.         0.5186787  0.53166594] -> F: 0.45650759374505406
Punto[1.         0.51708984 0.53143044] -> F: 0.45547256826662125
Punto[1.         0.51550099 0.53119494] -> F: 0.45443951005078687
Punto[1.         0.51391213 0.53095945] -> F: 0.4534055110027964
Punto[1.         0.51232327 0.53072395] -> F: 0.45236881579314736
Punto[1.         0.51073442 0.53048845] -> F: 0.4510930291673979
Punto[1.         0.50914556 0.53025295] -> F: 0.44976288943872306
Punto[1.         0.5075567  0.53001746] -> F: 0.4484489679212212
Punto[1.         0.50596784 0.52978196] -> F: 0.4471512646148918
Punto[1.         0.50437899 0.52954646] -> F: 0.445869779519735
Punto[1.         0.50279013 0.52931097] -> F: 0.4446045126357507
Punto[1.         0.50120127 0.52907547] -> F: 0.4433554639629391
Punto[1.         0.49961242 0.52883997] -> F: 0.4420716556783957
Punto[1.         0.49802356 0.52860448] -> F: 0.44079774296377555
Punto[1.         0.4964347  0.52836898] -> F: 0.43953483972153046
Punto[1.         0.49484584 0.52813348] -> F: 0.43790541899146096
Punto[1.         0.49325699 0.52789799] -> F: 0.4361789808208019
Punto[1.         0.49166813 0.52766249] -> F: 0.43443296997720937
Punto[1.         0.49007927 0.52742699] -> F: 0.43266854342396205
Punto[1.         0.48849042 0.52719149] -> F: 0.43093194421883035
{
  "seed": 10146,
  "n_per_z": 10,
  "nz": 100,
  "nd": 100,
  "n_muestras": 50,
  "best_f": 0.4659046880700577,
  "best_cp": [
    1.0,
    0.5329784167539305,
    0.5337854083804057
  ],
  "best_u": [
    0.12533323356430448,
    0.450410649048711,
    0.8839806716143935
  ],
  "best_index": 25,
  "n_candidatos": 54
}
