Punto[0.         0.43226902 0.53446684] -> F: 0.11339040937068698
Punto[1.        0.5038323 0.4743358] -> F: 0.4290160280148131
Punto[2.         0.53800068 0.40814201] -> F: 0.10899656590695954
Punto[1.         0.48513485 0.47130442] -> F: 0.41587288958486196
Punto[1.         0.50345835 0.47427517] -> F: 0.4297514371595127
Punto[1.         0.50309188 0.47421576] -> F: 0.43047238717424563
Punto[1.         0.50272541 0.47415634] -> F: 0.43119345581407753
Punto[1.         0.50235894 0.47409693] -> F: 0.43172298796644515
Punto[1.         0.50199247 0.47403751] -> F: 0.4313951270659937
Punto[1.        0.501626  0.4739781] -> F: 0.4310674701940938
Punto[1.         0.50125953 0.47391868] -> F: 0.4307400173507454
Punto[1.         0.50089306 0.47385927] -> F: 0.4304127685359487
Punto[1.         0.50052659 0.47379985] -> F: 0.43008572374970355
Punto[1.         0.50016012 0.47374044] -> F: 0.4297588829920099
Punto[1.         0.49979365 0.47368102] -> F: 0.4294322462628678
Punto[1.         0.49942718 0.47362161] -> F: 0.4291058135622775
Punto[1.         0.49906071 0.47356219] -> F: 0.4287795848902386
Punto[1.         0.49869424 0.47350278] -> F: 0.4284535602467514
Punto[1.         0.49832777 0.47344336] -> F: 0.42812773963181566
Punto[1.         0.4979613  0.47338395] -> F: 0.42780187127774766
Punto[1.         0.49759483 0.47332453] -> F: 0.42746057384404745
Punto[1.         0.49722836 0.47326512] -> F: 0.4271194974435936
Punto[1.         0.49686189 0.4732057 ] -> F: 0.4267786420763864
Punto[1.         0.49649542 0.47314629] -> F: 0.42643800774242585
Punto[1.         0.49612895 0.47308687] -> F: 0.42609759444171175
Punto[1.         0.49576248 0.47302746] -> F: 0.4257574021742445
Punto[1.         0.49539601 0.47296804] -> F: 0.4254174309400236
Punto[1.         0.49502954 0.47290863] -> F: 0.4250776807390493
Punto[1.         0.49466307 0.47284921] -> F: 0.4247381515713217
Punto[1.        0.4942966 0.4727898] -> F: 0.42439884343684064
Punto[1.         0.49393013 0.47273038] -> F: 0.42405975633560616
Punto[1.         0.49356366 0.47267097] -> F: 0.4237208902676183
Punto[1.         0.49319719 0.47261155] -> F: 0.4233822452328769
Punto[1.         0.49283072 0.47255214] -> F: 0.4230438212313822
Punto[1.         0.49246425 0.47249272] -> F: 0.4227056182631339
Punto[1.         0.49209778 0.47243331] -> F: 0.4223676363281323
Punto[1.         0.49173131 0.47237389] -> F: 0.4220298754263774
Punto[1.         0.49136484 0.47231448] -> F: 0.421692335557869
Punto[1.         0.49099837 0.47225506] -> F: 0.4213550167226072
Punto[1.         0.4906319  0.47219565] -> F: 0.42101791892059176
Punto[1.         0.49026543 0.47213623] -> F: 0.42068104215182306
Punto[1.         0.48989896 0.47207682] -> F: 0.42034438641630095
Punto[1.         0.48953249 0.4720174 ] -> F: 0.4200079517140255
Punto[1.         0.48916602 0.47195799] -> F: 0.4196717380449966
Punto[1.         0.48879955 0.47189857] -> F: 0.41933574540921414
Punto[1.         0.48843308 0.47183916] -> F: 0.41899997380667825
Punto[1.         0.48806661 0.47177974] -> F: 0.41866442323738917
Punto[1.         0.48770014 0.47172033] -> F: 0.4183246280289982
Punto[1.         0.48733367 0.47166091] -> F: 0.4179736617947837
Punto[1.        0.4869672 0.4716015] -> F: 0.41762293485558627
Punto[1.         0.48660073 0.47154208] -> F: 0.4172724472114066
Punto[1.         0.48623426 0.47148267] -> F: 0.41692219886224413
Punto[1.         0.48586779 0.47142325] -> F: 0.4165721898080995
Punto[1.         0.48550132 0.47136384] -> F: 0.416222420048972
Best centerpoint:  [1.         0.50235894 0.47409693] Best F:  0.43172298796644515 Best u:  [ 0.24868989 -0.64053554  0.72654495] índice:  4
{
  "seed": 18236,
  "n_per_z": 5,
  "nz": 100,
  "nd": 100,
  "n_muestras": 50,
  "best_f": 0.43172298796644515,
  "best_cp": [
    1.0,
    0.5023589391956669,
    0.4740969275133738
  ],
  "best_u": [
    0.24868988716485474,
    -0.6405355370070541,
    0.7265449510202494
  ],
  "n_candidatos": 54
}
