Punto[0.         0.32186919 0.59164268] -> F: 0.06249851649941815
Punto[1.         0.48586659 0.5058025 ] -> F: 0.33511571448427563
Punto[2.         0.25031445 0.50542941] -> F: 0.07937141729024531
Punto[1.         0.28609182 0.54853605] -> F: 0.26184348263070306
Punto[1.         0.48187109 0.50665718] -> F: 0.33856656825469583
Punto[1.         0.47795551 0.50749475] -> F: 0.34199122769191387
Punto[1.         0.47403992 0.50833233] -> F: 0.34555282996897285
Punto[1.         0.47012434 0.50916991] -> F: 0.3494332621948254
Punto[1.         0.46620875 0.51000749] -> F: 0.35320592795790634
Punto[1.         0.46229317 0.51084506] -> F: 0.35732329060793977
Punto[1.         0.45837758 0.51168264] -> F: 0.36167113328261635
Punto[1.         0.45446199 0.51252022] -> F: 0.3668492063764427
Punto[1.         0.45054641 0.5133578 ] -> F: 0.3723174157386533
Punto[1.         0.44663082 0.51419537] -> F: 0.3780270847333373
Punto[1.         0.44271524 0.51503295] -> F: 0.3840651288605256
Punto[1.         0.43879965 0.51587053] -> F: 0.390072088323272
Punto[1.         0.43488407 0.5167081 ] -> F: 0.3964166540005401
Punto[1.         0.43096848 0.51754568] -> F: 0.40293835603420597
Punto[1.         0.4270529  0.51838326] -> F: 0.39966933071100025
Punto[1.         0.42313731 0.51922084] -> F: 0.39545138643600003
Punto[1.         0.41922173 0.52005841] -> F: 0.39126144460500667
Punto[1.         0.41530614 0.52089599] -> F: 0.38709950521802017
Punto[1.         0.41139055 0.52173357] -> F: 0.3829480601300658
Punto[1.         0.40747497 0.52257115] -> F: 0.3788110808181818
Punto[1.         0.40355938 0.52340872] -> F: 0.37470253212664945
Punto[1.        0.3996438 0.5242463] -> F: 0.3706224140554689
Punto[1.         0.39572821 0.52508388] -> F: 0.3665707266046401
Punto[1.         0.39181263 0.52592146] -> F: 0.3625474697741632
Punto[1.         0.38789704 0.52675903] -> F: 0.3585526435640378
Punto[1.         0.38398146 0.52759661] -> F: 0.35458624797426436
Punto[1.         0.38006587 0.52843419] -> F: 0.3506332009047827
Punto[1.         0.37615028 0.52927177] -> F: 0.3466927896226642
Punto[1.         0.3722347  0.53010934] -> F: 0.34278126310184
Punto[1.         0.36831911 0.53094692] -> F: 0.3388986213423099
Punto[1.         0.36440353 0.5317845 ] -> F: 0.3350448643440739
Punto[1.         0.36048794 0.53262208] -> F: 0.33121999210713204
Punto[1.         0.35657236 0.53345965] -> F: 0.3274240046314842
Punto[1.         0.35265677 0.53429723] -> F: 0.3236480851007799
Punto[1.         0.34874119 0.53513481] -> F: 0.31987900514872775
Punto[1.         0.3448256  0.53597239] -> F: 0.31613929181165723
Punto[1.         0.34091001 0.53680996] -> F: 0.3124289450895683
Punto[1.         0.33699443 0.53764754] -> F: 0.308747964982461
Punto[1.         0.33307884 0.53848512] -> F: 0.30509635149033537
Punto[1.         0.32916326 0.5393227 ] -> F: 0.3014741046131914
Punto[1.         0.32524767 0.54016027] -> F: 0.2978560821251528
Punto[1.         0.32133209 0.54099785] -> F: 0.2942619947639917
Punto[1.         0.3174165  0.54183543] -> F: 0.29069778568610294
Punto[1.         0.31350092 0.54267301] -> F: 0.28716345489148626
Punto[1.         0.30958533 0.54351058] -> F: 0.2836590023801422
Punto[1.         0.30566974 0.54434816] -> F: 0.2801844281520703
Punto[1.         0.30175416 0.54518574] -> F: 0.276710241543977
Punto[1.         0.29783857 0.54602332] -> F: 0.2732648740714336
Punto[1.         0.29392299 0.54686089] -> F: 0.2695227120284233
Punto[1.         0.2900074  0.54769847] -> F: 0.2656314809417814
Best centerpoint:  [1.         0.43096848 0.51754568] Best F:  0.40293835603420597 Best u:  [0.06279052 0.96667188 0.24819915] índice:  14
{
  "seed": 16072,
  "n_per_z": 5,
  "nz": 100,
  "nd": 100,
  "n_muestras": 50,
  "best_f": 0.40293835603420597,
  "best_cp": [
    1.0,
    0.43096848171240454,
    0.5175456822593633
  ],
  "best_u": [
    0.06279051952931353,
    0.9666718835119211,
    0.24819915448033603
  ],
  "n_candidatos": 54
}
