Punto[0.         0.47975456 0.60358383] -> F: 0.1483013252245851
Punto[1.         0.49046568 0.50741947] -> F: 0.44716922236297896
Punto[2.         0.44956384 0.45753512] -> F: 0.15434705365246212
Punto[1.         0.4646592  0.53055948] -> F: 0.4702888334390474
Punto[1.         0.48994955 0.50788227] -> F: 0.448191912224325
Punto[1.         0.48944374 0.50833582] -> F: 0.44919476667846
Punto[1.         0.48893794 0.50878936] -> F: 0.45019823327624686
Punto[1.         0.48843213 0.50924291] -> F: 0.4511896586877604
Punto[1.         0.48792632 0.50969645] -> F: 0.4521657704737809
Punto[1.         0.48742052 0.51014999] -> F: 0.4531424838090641
Punto[1.         0.48691471 0.51060354] -> F: 0.4541197986936103
Punto[1.         0.4864089  0.51105708] -> F: 0.4550977151274193
Punto[1.         0.48590309 0.51151063] -> F: 0.4560762331104912
Punto[1.         0.48539729 0.51196417] -> F: 0.45705535264282604
Punto[1.         0.48489148 0.51241771] -> F: 0.45803507372442387
Punto[1.         0.48438567 0.51287126] -> F: 0.4590153963552845
Punto[1.         0.48387987 0.5133248 ] -> F: 0.45999632053540807
Punto[1.         0.48337406 0.51377835] -> F: 0.46097784626479454
Punto[1.         0.48286825 0.51423189] -> F: 0.46181631428494213
Punto[1.         0.48236245 0.51468543] -> F: 0.46265253626289066
Punto[1.         0.48185664 0.51513898] -> F: 0.4634892760127004
Punto[1.         0.48135083 0.51559252] -> F: 0.46432641447878953
Punto[1.         0.48084502 0.51604607] -> F: 0.46514762995583475
Punto[1.         0.48033922 0.51649961] -> F: 0.46596677760751437
Punto[1.         0.47983341 0.51695315] -> F: 0.4667864276484359
Punto[1.        0.4793276 0.5174067] -> F: 0.4676065800785996
Punto[1.         0.4788218  0.51786024] -> F: 0.4684272348980054
Punto[1.         0.47831599 0.51831379] -> F: 0.4692483921066531
Punto[1.         0.47781018 0.51876733] -> F: 0.470070051704543
Punto[1.         0.47730437 0.51922088] -> F: 0.470881877678403
Punto[1.         0.47679857 0.51967442] -> F: 0.4716629007104554
Punto[1.         0.47629276 0.52012796] -> F: 0.4724444121748463
Punto[1.         0.47578695 0.52058151] -> F: 0.4732264120715756
Punto[1.         0.47528115 0.52103505] -> F: 0.47400890040064336
Punto[1.         0.47477534 0.5214886 ] -> F: 0.4747918771620495
Punto[1.         0.47426953 0.52194214] -> F: 0.475575342355794
Punto[1.         0.47376373 0.52239568] -> F: 0.4763592959818768
Punto[1.         0.47325792 0.52284923] -> F: 0.4771437380402982
Punto[1.         0.47275211 0.52330277] -> F: 0.47791947383789446
Punto[1.         0.4722463  0.52375632] -> F: 0.47868750846855757
Punto[1.         0.4717405  0.52420986] -> F: 0.478292765811257
Punto[1.         0.47123469 0.5246634 ] -> F: 0.4777209217420688
Punto[1.         0.47072888 0.52511695] -> F: 0.4771499624709501
Punto[1.         0.47022308 0.52557049] -> F: 0.47657988799790085
Punto[1.         0.46971727 0.52602404] -> F: 0.4760106983229212
Punto[1.         0.46921146 0.52647758] -> F: 0.4754423934460111
Punto[1.         0.46870566 0.52693112] -> F: 0.47487497336717044
Punto[1.         0.46819985 0.52738467] -> F: 0.47430843808639916
Punto[1.         0.46769404 0.52783821] -> F: 0.4737427876036976
Punto[1.         0.46718823 0.52829176] -> F: 0.47317802191906544
Punto[1.         0.46668243 0.5287453 ] -> F: 0.4726141410325029
Punto[1.         0.46617662 0.52919884] -> F: 0.47205114494400974
Punto[1.         0.46567081 0.52965239] -> F: 0.471489033653586
Punto[1.         0.46516501 0.53010593] -> F: 0.4709278071612319
{
  "seed": 8015,
  "n_per_z": 10,
  "nz": 100,
  "nd": 100,
  "n_muestras": 50,
  "best_f": 0.47868750846855757,
  "best_cp": [
    1.0,
    0.4722463044449444,
    0.5237563156386746
  ],
  "best_u": [
    -0.18738131458572474,
    0.9514268904471453,
    -0.24428490554719343
  ],
  "best_index": 39,
  "n_candidatos": 54
}
