Punto[0.         0.6416848  0.69300618] -> F: 0.036577637961589166
Punto[1.         0.54077778 0.59048286] -> F: 0.328034655986008
Punto[2.         0.6460674  0.49617104] -> F: 0.1371849010796894
Punto[1.         0.6438761  0.59458861] -> F: 0.2734528490910695
Punto[1.         0.54283975 0.59056498] -> F: 0.33024422771783424
Punto[1.         0.54486048 0.59064545] -> F: 0.33269287877284576
Punto[1.         0.5468812  0.59072592] -> F: 0.33505895221033116
Punto[1.         0.54890193 0.5908064 ] -> F: 0.3370337523919807
Punto[1.         0.55092266 0.59088687] -> F: 0.33903401551466517
Punto[1.         0.55294338 0.59096734] -> F: 0.3412870011877572
Punto[1.         0.55496411 0.59104781] -> F: 0.3438490892059171
Punto[1.         0.55698484 0.59112829] -> F: 0.3467202795691448
Punto[1.         0.55900557 0.59120876] -> F: 0.3499005722774403
Punto[1.         0.56102629 0.59128923] -> F: 0.3483058549403125
Punto[1.         0.56304702 0.5913697 ] -> F: 0.34641797654385537
Punto[1.         0.56506775 0.59145018] -> F: 0.3445358857395584
Punto[1.         0.56708847 0.59153065] -> F: 0.34265958252742135
Punto[1.         0.5691092  0.59161112] -> F: 0.34078906690744454
Punto[1.         0.57112993 0.59169159] -> F: 0.3389243388796279
Punto[1.         0.57315065 0.59177207] -> F: 0.3370653984439712
Punto[1.         0.57517138 0.59185254] -> F: 0.33521224560047463
Punto[1.         0.57719211 0.59193301] -> F: 0.3333648803491382
Punto[1.         0.57921284 0.59201348] -> F: 0.33150755028759366
Punto[1.         0.58123356 0.59209396] -> F: 0.3296416650624666
Punto[1.         0.58325429 0.59217443] -> F: 0.3277817593765876
Punto[1.         0.58527502 0.5922549 ] -> F: 0.3259278332299569
Punto[1.         0.58729574 0.59233538] -> F: 0.3240798866225744
Punto[1.         0.58931647 0.59241585] -> F: 0.3222379195544401
Punto[1.         0.5913372  0.59249632] -> F: 0.320401932025554
Punto[1.         0.59335793 0.59257679] -> F: 0.318571924035916
Punto[1.         0.59537865 0.59265727] -> F: 0.31674789558552646
Punto[1.         0.59739938 0.59273774] -> F: 0.3149101442837383
Punto[1.         0.59942011 0.59281821] -> F: 0.31306812653467303
Punto[1.         0.60144083 0.59289868] -> F: 0.3112322883888778
Punto[1.         0.60346156 0.59297916] -> F: 0.3094026298463527
Punto[1.         0.60548229 0.59305963] -> F: 0.30757915090709753
Punto[1.         0.60750302 0.5931401 ] -> F: 0.3057618515711127
Punto[1.         0.60952374 0.59322057] -> F: 0.3039507318383976
Punto[1.         0.61154447 0.59330105] -> F: 0.3021457917089528
Punto[1.         0.6135652  0.59338152] -> F: 0.30033805144318126
Punto[1.         0.61558592 0.59346199] -> F: 0.2985154816407941
Punto[1.         0.61760665 0.59354246] -> F: 0.29669930052356513
Punto[1.         0.61962738 0.59362294] -> F: 0.2948895080914945
Punto[1.         0.6216481  0.59370341] -> F: 0.29308610434458215
Punto[1.         0.62366883 0.59378388] -> F: 0.291289089282828
Punto[1.         0.62568956 0.59386435] -> F: 0.28949846290623227
Punto[1.         0.62771029 0.59394483] -> F: 0.2877142252147948
Punto[1.         0.62973101 0.5940253 ] -> F: 0.2859244764683484
Punto[1.         0.63175174 0.59410577] -> F: 0.28412299199504465
Punto[1.         0.63377247 0.59418624] -> F: 0.2823281153282099
Punto[1.         0.63579319 0.59426672] -> F: 0.280539846467844
Punto[1.         0.63781392 0.59434719] -> F: 0.27875818541394703
Punto[1.         0.63983465 0.59442766] -> F: 0.27698313216651893
Punto[1.         0.64185538 0.59450813] -> F: 0.2752146867255597
Best centerpoint:  [1.         0.55900557 0.59120876] Best F:  0.3499005722774403 Best u:  [-0.03141076 -0.90438057  0.4255692 ] índice:  9
{
  "seed": 17276,
  "n_per_z": 5,
  "nz": 100,
  "nd": 100,
  "n_muestras": 50,
  "best_f": 0.3499005722774403,
  "best_cp": [
    1.0,
    0.5590055650320767,
    0.5912087593612471
  ],
  "best_u": [
    -0.03141075907812828,
    -0.9043805749361744,
    0.42556919518716396
  ],
  "n_candidatos": 54
}
