Punto[0.         0.46751566 0.56389315] -> F: 0.13935579070476375
Punto[1.         0.47891644 0.53356772] -> F: 0.3593671391507883
Punto[2.         0.57327573 0.73986785] -> F: 0.11490094727542816
Punto[1.        0.5203957 0.6518805] -> F: 0.40081314161375914
Punto[1.         0.47974602 0.53593398] -> F: 0.36313041792280604
Punto[1.         0.48055901 0.53825291] -> F: 0.3668275325377226
Punto[1.         0.48137201 0.54057184] -> F: 0.37053365663745974
Punto[1.         0.482185   0.54289077] -> F: 0.3742487902220175
Punto[1.        0.482998  0.5452097] -> F: 0.3779727529161881
Punto[1.         0.48381099 0.54752863] -> F: 0.38170528376574153
Punto[1.         0.48462398 0.54984756] -> F: 0.3854463806383572
Punto[1.         0.48543698 0.55216649] -> F: 0.38917342064795213
Punto[1.         0.48624997 0.55448542] -> F: 0.3928668525133526
Punto[1.         0.48706296 0.55680435] -> F: 0.396568850401815
Punto[1.         0.48787596 0.55912328] -> F: 0.40027941431333985
Punto[1.         0.48868895 0.56144221] -> F: 0.4039985442479266
Punto[1.         0.48950194 0.56376114] -> F: 0.4077262402055756
Punto[1.         0.49031494 0.56608007] -> F: 0.4114625021862866
Punto[1.         0.49112793 0.568399  ] -> F: 0.41520595618588907
Punto[1.         0.49194092 0.57071793] -> F: 0.4189419400938538
Punto[1.         0.49275392 0.57303687] -> F: 0.42268631989438726
Punto[1.         0.49356691 0.5753558 ] -> F: 0.4264390955874898
Punto[1.         0.4943799  0.57767473] -> F: 0.43020026717316107
Punto[1.         0.4951929  0.57999366] -> F: 0.433969834651401
Punto[1.         0.49600589 0.58231259] -> F: 0.4377477980222099
Punto[1.         0.49681889 0.58463152] -> F: 0.44153415728558787
Punto[1.         0.49763188 0.58695045] -> F: 0.4444273050245788
Punto[1.         0.49844487 0.58926938] -> F: 0.44337199331997745
Punto[1.         0.49925787 0.59158831] -> F: 0.44228059113181867
Punto[1.         0.50007086 0.59390724] -> F: 0.4411905959286519
Punto[1.         0.50088385 0.59622617] -> F: 0.4401020077104772
Punto[1.         0.50169685 0.5985451 ] -> F: 0.43901482647729473
Punto[1.         0.50250984 0.60086403] -> F: 0.4379290522291043
Punto[1.         0.50332283 0.60318296] -> F: 0.4368182319543936
Punto[1.         0.50413583 0.60550189] -> F: 0.43569813588335166
Punto[1.         0.50494882 0.60782082] -> F: 0.4345795451082351
Punto[1.         0.50576181 0.61013975] -> F: 0.4334624596290438
Punto[1.         0.50657481 0.61245868] -> F: 0.4323468794457779
Punto[1.         0.5073878  0.61477761] -> F: 0.4312063740776053
Punto[1.         0.5082008  0.61709654] -> F: 0.4300571710145369
Punto[1.         0.50901379 0.61941547] -> F: 0.4289095741837363
Punto[1.         0.50982678 0.6217344 ] -> F: 0.4277635835852033
Punto[1.         0.51063978 0.62405333] -> F: 0.426619199218938
Punto[1.         0.51145277 0.62637226] -> F: 0.4254453485369987
Punto[1.         0.51226576 0.62869119] -> F: 0.42373873469775425
Punto[1.         0.51307876 0.63101012] -> F: 0.4207621359900947
Punto[1.         0.51389175 0.63332905] -> F: 0.41760869603162576
Punto[1.         0.51470474 0.63564798] -> F: 0.41467199747356176
Punto[1.         0.51551774 0.63796691] -> F: 0.4126970039916601
Punto[1.         0.51633073 0.64028585] -> F: 0.4108043877020361
Punto[1.         0.51714372 0.64260478] -> F: 0.40871950987333167
Punto[1.         0.51795672 0.64492371] -> F: 0.40663460928536116
Punto[1.         0.51876971 0.64724264] -> F: 0.4046692095421329
Punto[1.         0.5195827  0.64956157] -> F: 0.4027585703873168
{
  "seed": 8398,
  "n_per_z": 10,
  "nz": 100,
  "nd": 100,
  "n_muestras": 50,
  "best_f": 0.4444273050245788,
  "best_cp": [
    1.0,
    0.4976318790717972,
    0.5869504471565885
  ],
  "best_u": [
    0.99556196460308,
    -0.05531547868674203,
    0.07613522478664028
  ],
  "best_index": 26,
  "n_candidatos": 54
}
