Punto[0.         0.54269163 0.40766684] -> F: 0.13762765488360512
Punto[1.         0.51601251 0.48706529] -> F: 0.42275138451327043
Punto[2.         0.55969338 0.47516899] -> F: 0.1636990824202929
Punto[1.         0.55119251 0.44141791] -> F: 0.4437160734972581
Punto[1.         0.51671611 0.48615234] -> F: 0.42441756436800404
Punto[1.         0.51740564 0.48525766] -> F: 0.42605257004959257
Punto[1.         0.51809517 0.48436297] -> F: 0.42768970344377777
Punto[1.         0.51878469 0.48346828] -> F: 0.42932896455055963
Punto[1.         0.51947422 0.48257359] -> F: 0.4309703533699381
Punto[1.         0.52016375 0.4816789 ] -> F: 0.43261386990191325
Punto[1.         0.52085328 0.48078421] -> F: 0.43425951414648506
Punto[1.         0.52154281 0.47988952] -> F: 0.4359072861036535
Punto[1.         0.52223233 0.47899484] -> F: 0.4375571857734184
Punto[1.         0.52292186 0.47810015] -> F: 0.4392092131557802
Punto[1.         0.52361139 0.47720546] -> F: 0.44083296707937797
Punto[1.         0.52430092 0.47631077] -> F: 0.4424577748285002
Punto[1.         0.52499044 0.47541608] -> F: 0.4440846320929891
Punto[1.         0.52567997 0.47452139] -> F: 0.4457135388728448
Punto[1.        0.5263695 0.4736267] -> F: 0.4473444951680673
Punto[1.         0.52705903 0.47273202] -> F: 0.4489775009786565
Punto[1.         0.52774856 0.47183733] -> F: 0.4506125563046125
Punto[1.         0.52843808 0.47094264] -> F: 0.45224966114593507
Punto[1.         0.52912761 0.47004795] -> F: 0.45388881550262455
Punto[1.         0.52981714 0.46915326] -> F: 0.4555258762527861
Punto[1.         0.53050667 0.46825857] -> F: 0.4571028239410194
Punto[1.         0.5311962  0.46736388] -> F: 0.4581784516784434
Punto[1.         0.53188572 0.46646919] -> F: 0.4589874870682872
Punto[1.         0.53257525 0.46557451] -> F: 0.45979697488964516
Punto[1.         0.53326478 0.46467982] -> F: 0.4603057856474202
Punto[1.         0.53395431 0.46378513] -> F: 0.459661428763203
Punto[1.         0.53464384 0.46289044] -> F: 0.45901815849422883
Punto[1.         0.53533336 0.46199575] -> F: 0.458375974840498
Punto[1.         0.53602289 0.46110106] -> F: 0.45773487780201033
Punto[1.         0.53671242 0.46020637] -> F: 0.45709486737876576
Punto[1.         0.53740195 0.45931169] -> F: 0.4564304399648005
Punto[1.         0.53809148 0.458417  ] -> F: 0.4557628291110617
Punto[1.         0.538781   0.45752231] -> F: 0.45509603004430266
Punto[1.         0.53947053 0.45662762] -> F: 0.4544321661964006
Punto[1.         0.54016006 0.45573293] -> F: 0.45377152053061826
Punto[1.         0.54084959 0.45483824] -> F: 0.4531140930469555
Punto[1.         0.54153912 0.45394355] -> F: 0.45245988374541235
Punto[1.         0.54222864 0.45304887] -> F: 0.45180889766578225
Punto[1.         0.54291817 0.45215418] -> F: 0.4511616694389035
Punto[1.         0.5436077  0.45125949] -> F: 0.4505185584271646
Punto[1.         0.54429723 0.4503648 ] -> F: 0.44987956463056533
Punto[1.         0.54498675 0.44947011] -> F: 0.4492446880491058
Punto[1.         0.54567628 0.44857542] -> F: 0.4486139286827862
Punto[1.         0.54636581 0.44768073] -> F: 0.4479872865316061
Punto[1.         0.54705534 0.44678605] -> F: 0.4473647615955658
Punto[1.         0.54774487 0.44589136] -> F: 0.44674635387466516
Punto[1.         0.54843439 0.44499667] -> F: 0.4461320633689043
Punto[1.         0.54912392 0.44410198] -> F: 0.44552189007828324
Punto[1.         0.54981345 0.44320729] -> F: 0.4449158340028018
Punto[1.         0.55050298 0.4423126 ] -> F: 0.4443138951424601
{
  "seed": 11865,
  "n_per_z": 10,
  "nz": 100,
  "nd": 100,
  "n_muestras": 50,
  "best_f": 0.4603057856474202,
  "best_cp": [
    1.0,
    0.5332647800528014,
    0.4646798176566278
  ],
  "best_u": [
    -0.36812455268467775,
    0.9256501049326555,
    0.08749969685015876
  ],
  "best_index": 28,
  "n_candidatos": 54
}
