Punto[0.         0.45048205 0.59232354] -> F: 0.0958609565176807
Punto[1.         0.41973399 0.49303639] -> F: 0.3371371295600706
Punto[2.         0.53518971 0.44695785] -> F: 0.10402154856713752
Punto[1.         0.49283588 0.5196407 ] -> F: 0.40424039866422073
Punto[1.         0.42119602 0.49356847] -> F: 0.3412142724714619
Punto[1.         0.42262882 0.49408992] -> F: 0.34532901712004715
Punto[1.         0.42406162 0.49461136] -> F: 0.3494559486655687
Punto[1.         0.42549441 0.49513281] -> F: 0.3535950671080271
Punto[1.         0.42692721 0.49565425] -> F: 0.3577463724474219
Punto[1.         0.42836001 0.4961757 ] -> F: 0.3619098646837532
Punto[1.         0.42979281 0.49669714] -> F: 0.3659093907142961
Punto[1.         0.4312256  0.49721858] -> F: 0.3698313290686338
Punto[1.         0.4326584  0.49774003] -> F: 0.3738164879580733
Punto[1.         0.4340912  0.49826147] -> F: 0.3778648673826137
Punto[1.         0.43552399 0.49878292] -> F: 0.3819764673422561
Punto[1.         0.43695679 0.49930436] -> F: 0.38615128783699987
Punto[1.         0.43838959 0.49982581] -> F: 0.3903875080686055
Punto[1.         0.43982239 0.50034725] -> F: 0.39464898318656405
Punto[1.         0.44125518 0.5008687 ] -> F: 0.3989216384730139
Punto[1.         0.44268798 0.50139014] -> F: 0.4032054739279548
Punto[1.         0.44412078 0.50191158] -> F: 0.4075004895513873
Punto[1.         0.44555357 0.50243303] -> F: 0.4118066853433108
Punto[1.         0.44698637 0.50295447] -> F: 0.41612406130372603
Punto[1.         0.44841917 0.50347592] -> F: 0.4197984439130819
Punto[1.         0.44985197 0.50399736] -> F: 0.4228074481468559
Punto[1.         0.45128476 0.50451881] -> F: 0.4261317212193494
Punto[1.         0.45271756 0.50504025] -> F: 0.4297712631305624
Punto[1.         0.45415036 0.5055617 ] -> F: 0.4337260738804952
Punto[1.         0.45558316 0.50608314] -> F: 0.43798259927869726
Punto[1.         0.45701595 0.50660458] -> F: 0.44217427453673697
Punto[1.         0.45844875 0.50712603] -> F: 0.4459074145218672
Punto[1.         0.45988155 0.50764747] -> F: 0.4478971559181018
Punto[1.         0.46131434 0.50816892] -> F: 0.44687830612479695
Punto[1.         0.46274714 0.50869036] -> F: 0.44584121545532907
Punto[1.         0.46417994 0.50921181] -> F: 0.44479391976171884
Punto[1.         0.46561274 0.50973325] -> F: 0.44374896204609104
Punto[1.         0.46704553 0.5102547 ] -> F: 0.4427063423084455
Punto[1.         0.46847833 0.51077614] -> F: 0.441655472442255
Punto[1.         0.46991113 0.51129758] -> F: 0.4401208782834086
Punto[1.         0.47134392 0.51181903] -> F: 0.43859160227446176
Punto[1.         0.47277672 0.51234047] -> F: 0.43703389576480184
Punto[1.         0.47420952 0.51286192] -> F: 0.4354243345201475
Punto[1.         0.47564232 0.51338336] -> F: 0.4338219713886195
Punto[1.         0.47707511 0.51390481] -> F: 0.4322268063702177
Punto[1.         0.47850791 0.51442625] -> F: 0.4306388394649422
Punto[1.         0.47994071 0.5149477 ] -> F: 0.42899224642445755
Punto[1.         0.4813735  0.51546914] -> F: 0.4273480106157954
Punto[1.         0.4828063  0.51599058] -> F: 0.4257141231581564
Punto[1.         0.4842391  0.51651203] -> F: 0.4237466784042082
Punto[1.         0.4856719  0.51703347] -> F: 0.4202144682254138
Punto[1.         0.48710469 0.51755492] -> F: 0.4167947234688048
Punto[1.         0.48853749 0.51807636] -> F: 0.4134874441343809
Punto[1.         0.48997029 0.51859781] -> F: 0.41029263022214224
Punto[1.         0.49140308 0.51911925] -> F: 0.4072102817320889
{
  "seed": 708,
  "n_per_z": 5,
  "nz": 100,
  "nd": 100,
  "n_muestras": 50,
  "best_f": 0.4478971559181018,
  "best_cp": [
    1.0,
    0.4598815465784415,
    0.5076474733950914
  ],
  "best_u": [
    -0.9408807689542255,
    0.3280958455853224,
    -0.08424069516425925
  ],
  "best_index": 31,
  "n_candidatos": 54
}
