Punto[0.         0.52268461 0.54397845] -> F: 0.16172618526399685
Punto[1.         0.44405603 0.52582091] -> F: 0.3504440904600465
Punto[2.        0.4919803 0.5383195] -> F: 0.07961619989314637
Punto[1.         0.50733245 0.54114897] -> F: 0.3634323359501606
Punto[1.         0.44532156 0.52612747] -> F: 0.3530243682575258
Punto[1.         0.44656177 0.5264279 ] -> F: 0.35536846644764375
Punto[1.         0.44780199 0.52672833] -> F: 0.3576930532892379
Punto[1.         0.44904221 0.52702876] -> F: 0.3600840411618437
Punto[1.         0.45028243 0.52732919] -> F: 0.3625414300654616
Punto[1.         0.45152265 0.52762962] -> F: 0.3650622376393866
Punto[1.         0.45276286 0.52793005] -> F: 0.3665679107401406
Punto[1.         0.45400308 0.52823048] -> F: 0.36790761569497876
Punto[1.         0.4552433  0.52853091] -> F: 0.3692488140528918
Punto[1.         0.45648352 0.52883134] -> F: 0.37059150581387906
Punto[1.         0.45772374 0.52913177] -> F: 0.3719356909779411
Punto[1.         0.45896395 0.5294322 ] -> F: 0.37328136954507746
Punto[1.         0.46020417 0.52973263] -> F: 0.3746285415152885
Punto[1.         0.46144439 0.53003306] -> F: 0.37597720688857406
Punto[1.         0.46268461 0.53033349] -> F: 0.377327365664934
Punto[1.         0.46392483 0.53063392] -> F: 0.37867901784436864
Punto[1.         0.46516504 0.53093435] -> F: 0.3800321634268778
Punto[1.         0.46640526 0.53123478] -> F: 0.3813868024124615
Punto[1.         0.46764548 0.53153521] -> F: 0.38274293480111976
Punto[1.         0.4688857  0.53183564] -> F: 0.38410056059285236
Punto[1.         0.47012591 0.53213607] -> F: 0.3856077604397352
Punto[1.         0.47136613 0.5324365 ] -> F: 0.3861302130275541
Punto[1.         0.47260635 0.53273693] -> F: 0.38538388279330377
Punto[1.         0.47384657 0.53303736] -> F: 0.3846331997356573
Punto[1.         0.47508679 0.53333779] -> F: 0.38387606516340067
Punto[1.         0.476327   0.53363822] -> F: 0.38311946173860323
Punto[1.         0.47756722 0.53393865] -> F: 0.3823633894612652
Punto[1.         0.47880744 0.53423908] -> F: 0.38160311309766387
Punto[1.         0.48004766 0.53453951] -> F: 0.3808364254064219
Punto[1.         0.48128788 0.53483994] -> F: 0.38007028543097104
Punto[1.         0.48252809 0.53514037] -> F: 0.379304693171312
Punto[1.         0.48376831 0.5354408 ] -> F: 0.37853421574163176
Punto[1.         0.48500853 0.53574123] -> F: 0.3777581716466209
Punto[1.         0.48624875 0.53604166] -> F: 0.37698269195005407
Punto[1.         0.48748897 0.53634209] -> F: 0.3762077766519315
Punto[1.         0.48872918 0.53664252] -> F: 0.3754265965626173
Punto[1.         0.4899694  0.53694295] -> F: 0.3746413687313809
Punto[1.         0.49120962 0.53724338] -> F: 0.3738567221263073
Punto[1.         0.49244984 0.53754381] -> F: 0.37307265674739637
Punto[1.         0.49369005 0.53784424] -> F: 0.3722803602307553
Punto[1.         0.49493027 0.53814467] -> F: 0.37148609819257244
Punto[1.         0.49617049 0.5384451 ] -> F: 0.3706924343853315
Punto[1.         0.49741071 0.53874553] -> F: 0.3698993688090325
Punto[1.         0.49865093 0.53904596] -> F: 0.3690956151803279
Punto[1.         0.49989114 0.53934639] -> F: 0.36829244603129324
Punto[1.         0.50113136 0.53964682] -> F: 0.3674898923285177
Punto[1.         0.50237158 0.53994725] -> F: 0.3666850679984295
Punto[1.         0.5036118  0.54024768] -> F: 0.36587246400566203
Punto[1.         0.50485202 0.54054811] -> F: 0.3650604929202305
Punto[1.         0.50609223 0.54084854] -> F: 0.3642491547421352
Best centerpoint:  [1.         0.47136613 0.5324365 ] Best F:  0.3861302130275541 Best u:  [ 0.42577929  0.83040921 -0.35935016] índice:  22
{
  "seed": 12882,
  "n_per_z": 5,
  "nz": 100,
  "nd": 100,
  "n_muestras": 50,
  "best_f": 0.3861302130275541,
  "best_cp": [
    1.0,
    0.4713661325601153,
    0.5324365039242548
  ],
  "best_u": [
    0.4257792915650727,
    0.8304092128446915,
    -0.359350155276166
  ],
  "n_candidatos": 54
}
