Punto[0.         0.50290598 0.42886816] -> F: 0.15369631682786375
Punto[1.         0.51677395 0.44472188] -> F: 0.46593654594713535
Punto[2.         0.5118647  0.46476944] -> F: 0.1592683138327916
Punto[1.         0.50738534 0.4468188 ] -> F: 0.46906307923491314
Punto[1.         0.51658618 0.44476382] -> F: 0.4661337225273285
Punto[1.         0.51640216 0.44480492] -> F: 0.46632698266025163
Punto[1.         0.51621815 0.44484602] -> F: 0.46652026960392934
Punto[1.         0.51603413 0.44488712] -> F: 0.4667135184329666
Punto[1.         0.51585011 0.44492822] -> F: 0.46690206680938445
Punto[1.         0.51566609 0.44496932] -> F: 0.4670906403747324
Punto[1.         0.51548208 0.44501042] -> F: 0.46727923912901104
Punto[1.         0.51529806 0.44505152] -> F: 0.4674678630722199
Punto[1.         0.51511404 0.44509262] -> F: 0.46765651220435905
Punto[1.         0.51493003 0.44513372] -> F: 0.4678451865254286
Punto[1.         0.51474601 0.44517481] -> F: 0.4680338860354286
Punto[1.         0.51456199 0.44521591] -> F: 0.46822261073435884
Punto[1.         0.51437798 0.44525701] -> F: 0.4684113606222195
Punto[1.         0.51419396 0.44529811] -> F: 0.4686001356990106
Punto[1.         0.51400994 0.44533921] -> F: 0.4687889359647317
Punto[1.         0.51382593 0.44538031] -> F: 0.4689777614193838
Punto[1.         0.51364191 0.44542141] -> F: 0.46916661206296567
Punto[1.         0.51345789 0.44546251] -> F: 0.4693554878954783
Punto[1.         0.51327388 0.44550361] -> F: 0.4695443889169211
Punto[1.         0.51308986 0.44554471] -> F: 0.46973331512729444
Punto[1.         0.51290584 0.44558581] -> F: 0.4699185054010029
Punto[1.         0.51272183 0.44562691] -> F: 0.4701027985661158
Punto[1.         0.51253781 0.44566801] -> F: 0.4702871154440745
Punto[1.         0.51235379 0.44570911] -> F: 0.47047145603487944
Punto[1.         0.51216978 0.44575021] -> F: 0.4706558203385304
Punto[1.         0.51198576 0.44579131] -> F: 0.47084020835502705
Punto[1.         0.51180174 0.44583241] -> F: 0.47102462008437007
Punto[1.         0.51161773 0.44587351] -> F: 0.4712090555265588
Punto[1.         0.51143371 0.44591461] -> F: 0.47139351468159374
Punto[1.         0.51124969 0.44595571] -> F: 0.47157799754947455
Punto[1.         0.51106568 0.44599681] -> F: 0.4717625041302015
Punto[1.         0.51088166 0.44603791] -> F: 0.4719470344237743
Punto[1.         0.51069764 0.44607901] -> F: 0.4721315884301932
Punto[1.         0.51051363 0.44612011] -> F: 0.472048803570766
Punto[1.         0.51032961 0.44616121] -> F: 0.47188596985596126
Punto[1.         0.51014559 0.44620231] -> F: 0.4717231680198531
Punto[1.         0.50996158 0.44624341] -> F: 0.4715603980624416
Punto[1.         0.50977756 0.4462845 ] -> F: 0.47139765998372685
Punto[1.         0.50959354 0.4463256 ] -> F: 0.4712349537837086
Punto[1.         0.50940953 0.4463667 ] -> F: 0.4710566467615272
Punto[1.         0.50922551 0.4464078 ] -> F: 0.47087598631519184
Punto[1.         0.50904149 0.4464489 ] -> F: 0.47069533674010744
Punto[1.         0.50885748 0.44649   ] -> F: 0.47051469803627405
Punto[1.         0.50867346 0.4465311 ] -> F: 0.4703340702036916
Punto[1.         0.50848944 0.4465722 ] -> F: 0.47015345324236024
Punto[1.         0.50830543 0.4466133 ] -> F: 0.4699728471522797
Punto[1.         0.50812141 0.4466544 ] -> F: 0.46979225193345014
Punto[1.         0.50793739 0.4466955 ] -> F: 0.4696116675858716
Punto[1.         0.50775338 0.4467366 ] -> F: 0.4694289761878881
Punto[1.         0.50756936 0.4467777 ] -> F: 0.46924601187618614
{
  "seed": 11347,
  "n_per_z": 10,
  "nz": 100,
  "nd": 100,
  "n_muestras": 50,
  "best_f": 0.4721315884301932,
  "best_cp": [
    1.0,
    0.5106976429057813,
    0.4460790067583569
  ],
  "best_u": [
    -0.2181432413965427,
    0.6900773602405057,
    -0.6900773602405058
  ],
  "best_index": 36,
  "n_candidatos": 54
}
