Punto[0.         0.71733107 0.68120983] -> F: 0.07103457536960027
Punto[1.         0.55971362 0.52503655] -> F: 0.37732363930343554
Punto[2.         0.44309413 0.34398855] -> F: 0.17918366013161938
Punto[1.         0.5802126  0.51259919] -> F: 0.3765457944100328
Punto[1.         0.5601236  0.52478781] -> F: 0.37744327991325016
Punto[1.         0.56052538 0.52454403] -> F: 0.37756052515485994
Punto[1.         0.56092716 0.52430026] -> F: 0.37767368550569247
Punto[1.         0.56132894 0.52405649] -> F: 0.3777810847665226
Punto[1.         0.56173072 0.52381272] -> F: 0.3778886076767789
Punto[1.         0.5621325  0.52356895] -> F: 0.3779962542364617
Punto[1.         0.56253428 0.52332517] -> F: 0.3781040244455711
Punto[1.         0.56293606 0.5230814 ] -> F: 0.37821191830410683
Punto[1.         0.56333784 0.52283763] -> F: 0.3783199358120692
Punto[1.         0.56373962 0.52259386] -> F: 0.378428076969458
Punto[1.         0.5641414  0.52235008] -> F: 0.37853634177627316
Punto[1.         0.56454318 0.52210631] -> F: 0.378644730232515
Punto[1.         0.56494496 0.52186254] -> F: 0.37875324233818314
Punto[1.         0.56534674 0.52161877] -> F: 0.37886187809327776
Punto[1.         0.56574852 0.52137499] -> F: 0.37897063749779897
Punto[1.         0.5661503  0.52113122] -> F: 0.3790795205517466
Punto[1.         0.56655208 0.52088745] -> F: 0.3791885272551205
Punto[1.         0.56695386 0.52064368] -> F: 0.3792976576079213
Punto[1.         0.56735564 0.5203999 ] -> F: 0.37940691161014833
Punto[1.         0.56775742 0.52015613] -> F: 0.3795109588137208
Punto[1.         0.5681592  0.51991236] -> F: 0.37960705220299423
Punto[1.         0.56856098 0.51966859] -> F: 0.3797032165182631
Punto[1.         0.56896276 0.51942482] -> F: 0.37979945175952723
Punto[1.         0.56936454 0.51918104] -> F: 0.3798957579267859
Punto[1.         0.56976632 0.51893727] -> F: 0.37999213502004053
Punto[1.        0.5701681 0.5186935] -> F: 0.38008858303928994
Punto[1.         0.57056988 0.51844973] -> F: 0.3801851019845347
Punto[1.         0.57097166 0.51820595] -> F: 0.3802816918557744
Punto[1.         0.57137344 0.51796218] -> F: 0.3803783526530098
Punto[1.         0.57177522 0.51771841] -> F: 0.38047508437624017
Punto[1.         0.572177   0.51747464] -> F: 0.38057098807720463
Punto[1.         0.57257878 0.51723086] -> F: 0.38065334946683177
Punto[1.         0.57298056 0.51698709] -> F: 0.3807357520601679
Punto[1.         0.57338234 0.51674332] -> F: 0.3808181958572126
Punto[1.         0.57378412 0.51649955] -> F: 0.3809006808579662
Punto[1.         0.5741859  0.51625577] -> F: 0.38069447966591746
Punto[1.         0.57458768 0.516012  ] -> F: 0.3804205087514262
Punto[1.         0.57498946 0.51576823] -> F: 0.38014660370534703
Punto[1.         0.57539124 0.51552446] -> F: 0.3798727645276798
Punto[1.         0.57579302 0.51528069] -> F: 0.3795989912184246
Punto[1.         0.5761948  0.51503691] -> F: 0.3793252837775815
Punto[1.         0.57659658 0.51479314] -> F: 0.3790515406868848
Punto[1.         0.57699836 0.51454937] -> F: 0.37877313317360606
Punto[1.         0.57740014 0.5143056 ] -> F: 0.37849479387628326
Punto[1.         0.57780192 0.51406182] -> F: 0.3782165227949164
Punto[1.         0.5782037  0.51381805] -> F: 0.37793831992950544
Punto[1.         0.57860548 0.51357428] -> F: 0.37766018528005035
Punto[1.         0.57900726 0.51333051] -> F: 0.37738211884655126
Punto[1.         0.57940904 0.51308673] -> F: 0.37710412062900817
Punto[1.         0.57981082 0.51284296] -> F: 0.3768261906274208
Best centerpoint:  [1.         0.57378412 0.51649955] Best F:  0.3809006808579662 Best u:  [-0.09410831  0.3664908   0.9256501 ] índice:  35
{
  "seed": 6816,
  "n_per_z": 5,
  "nz": 100,
  "nd": 100,
  "n_muestras": 50,
  "best_f": 0.3809006808579662,
  "best_cp": [
    1.0,
    0.5737841218392122,
    0.5164995468987775
  ],
  "best_u": [
    -0.09410831331851438,
    0.3664908028893881,
    0.9256501049326554
  ],
  "n_candidatos": 54
}
