Punto[0.         0.57393571 0.5509592 ] -> F: 0.20062010882526993
Punto[1.         0.51840331 0.5076444 ] -> F: 0.3447772779281091
Punto[2.         0.336447   0.55533686] -> F: 0.05668164947540676
Punto[1.         0.45519135 0.55314803] -> F: 0.28660441129960584
Punto[1.         0.51713907 0.50855448] -> F: 0.3436447653388592
Punto[1.         0.51590012 0.50944635] -> F: 0.3425284031786718
Punto[1.         0.51466116 0.51033822] -> F: 0.3414130132431079
Punto[1.         0.51342221 0.51123009] -> F: 0.34029859553216724
Punto[1.         0.51218325 0.51212196] -> F: 0.33918515004585004
Punto[1.         0.5109443  0.51301383] -> F: 0.3380726767841559
Punto[1.         0.50970534 0.5139057 ] -> F: 0.3369480760513176
Punto[1.         0.50846639 0.51479757] -> F: 0.3358198363031311
Punto[1.         0.50722744 0.51568944] -> F: 0.334692600072058
Punto[1.         0.50598848 0.51658131] -> F: 0.333566367358098
Punto[1.         0.50474953 0.51747319] -> F: 0.3324411381612515
Punto[1.         0.50351057 0.51836506] -> F: 0.33131691248151807
Punto[1.         0.50227162 0.51925693] -> F: 0.3301782038726707
Punto[1.         0.50103266 0.5201488 ] -> F: 0.32903796729151064
Punto[1.         0.49979371 0.52104067] -> F: 0.3278987667508189
Punto[1.         0.49855476 0.52193254] -> F: 0.326760602250596
Punto[1.         0.4973158  0.52282441] -> F: 0.32562347379084156
Punto[1.         0.49607685 0.52371628] -> F: 0.32448738137155564
Punto[1.         0.49483789 0.52460815] -> F: 0.32333519774700586
Punto[1.         0.49359894 0.52550003] -> F: 0.32218280322409265
Punto[1.         0.49235998 0.5263919 ] -> F: 0.32103147863230175
Punto[1.         0.49112103 0.52728377] -> F: 0.3198812239716334
Punto[1.         0.48988207 0.52817564] -> F: 0.31873203924208743
Punto[1.         0.48864312 0.52906751] -> F: 0.31758392444366385
Punto[1.         0.48740417 0.52995938] -> F: 0.3164191280257114
Punto[1.         0.48616521 0.53085125] -> F: 0.3152543691732287
Punto[1.         0.48492626 0.53174312] -> F: 0.31409071566315644
Punto[1.         0.4836873  0.53263499] -> F: 0.3129281674954948
Punto[1.         0.48244835 0.53352686] -> F: 0.31176672467024374
Punto[1.         0.48120939 0.53441874] -> F: 0.31060638718740324
Punto[1.         0.47997044 0.53531061] -> F: 0.30944716204142836
Punto[1.         0.47873149 0.53620248] -> F: 0.3082897119971658
Punto[1.         0.47749253 0.53709435] -> F: 0.30713447215971723
Punto[1.         0.47625358 0.53798622] -> F: 0.3059814425290826
Punto[1.         0.47501462 0.53887809] -> F: 0.30483062310526193
Punto[1.         0.47377567 0.53976996] -> F: 0.3036820138882553
Punto[1.         0.47253671 0.54066183] -> F: 0.30252922348481215
Punto[1.         0.47129776 0.5415537 ] -> F: 0.3013771719211976
Punto[1.         0.47005881 0.54244558] -> F: 0.30022736112357645
Punto[1.         0.46881985 0.54333745] -> F: 0.2990797910919487
Punto[1.         0.4675809  0.54422932] -> F: 0.2979344618263143
Punto[1.         0.46634194 0.54512119] -> F: 0.29679137332667327
Punto[1.         0.46510299 0.54601306] -> F: 0.29565052559302557
Punto[1.         0.46386403 0.54690493] -> F: 0.29451191862537135
Punto[1.         0.46262508 0.5477968 ] -> F: 0.2933755524237105
Punto[1.         0.46138613 0.54868867] -> F: 0.2922414269880429
Punto[1.         0.46014717 0.54958054] -> F: 0.2911095423183688
Punto[1.         0.45890822 0.55047241] -> F: 0.2899798984146879
Punto[1.         0.45766926 0.55136429] -> F: 0.2888524952770006
Punto[1.         0.45643031 0.55225616] -> F: 0.2877273329053065
{
  "seed": 14918,
  "n_per_z": 10,
  "nz": 100,
  "nd": 100,
  "n_muestras": 50,
  "best_f": 0.3447772779281091,
  "best_cp": [
    1.0,
    0.5184033087713555,
    0.507644402704975
  ],
  "best_u": [
    0.9995065603657316,
    -0.0192518757995791,
    0.024819368728108287
  ],
  "best_index": 1,
  "n_candidatos": 54
}
