Punto[0.         0.49131629 0.55286404] -> F: 0.09585862846831616
Punto[1.         0.46439104 0.49747984] -> F: 0.39277146339396973
Punto[2.         0.41142432 0.42628649] -> F: 0.1881072187488203
Punto[1.         0.45137031 0.48957527] -> F: 0.39093101296590443
Punto[1.         0.46413062 0.49732175] -> F: 0.39303330761894484
Punto[1.         0.46387541 0.49716682] -> F: 0.3932927134903506
Punto[1.         0.46362021 0.49701189] -> F: 0.39355488962469776
Punto[1.         0.463365   0.49685696] -> F: 0.3938198360219858
Punto[1.         0.4631098  0.49670203] -> F: 0.394087552682215
Punto[1.         0.46285459 0.4965471 ] -> F: 0.3943580396053854
Punto[1.         0.46259938 0.49639217] -> F: 0.3946312967914966
Punto[1.         0.46234418 0.49623724] -> F: 0.39490732424054925
Punto[1.         0.46208897 0.49608231] -> F: 0.39518612195254266
Punto[1.         0.46183376 0.49592738] -> F: 0.39546768992747744
Punto[1.         0.46157856 0.49577245] -> F: 0.39570885401876255
Punto[1.         0.46132335 0.49561752] -> F: 0.39593289556689276
Punto[1.         0.46106815 0.49546259] -> F: 0.39616018785745183
Punto[1.         0.46081294 0.49530766] -> F: 0.39639073089044
Punto[1.         0.46055773 0.49515273] -> F: 0.39662452466585707
Punto[1.         0.46030253 0.4949978 ] -> F: 0.3968615691837033
Punto[1.         0.46004732 0.49484287] -> F: 0.3967999934312032
Punto[1.         0.45979211 0.49468794] -> F: 0.3966350357888435
Punto[1.         0.45953691 0.49453301] -> F: 0.39646788894637824
Punto[1.         0.4592817  0.49437808] -> F: 0.39630074923084874
Punto[1.         0.4590265  0.49422315] -> F: 0.3961336166422553
Punto[1.         0.45877129 0.49406822] -> F: 0.3959664911805978
Punto[1.         0.45851608 0.4939133 ] -> F: 0.39579545009855144
Punto[1.         0.45826088 0.49375837] -> F: 0.39562279299255054
Punto[1.         0.45800567 0.49360344] -> F: 0.3954501434944023
Punto[1.         0.45775046 0.49344851] -> F: 0.39527750160410663
Punto[1.         0.45749526 0.49329358] -> F: 0.39510486732166367
Punto[1.         0.45724005 0.49313865] -> F: 0.39493224064707355
Punto[1.         0.45698485 0.49298372] -> F: 0.394759621580336
Punto[1.         0.45672964 0.49282879] -> F: 0.39458701012145125
Punto[1.         0.45647443 0.49267386] -> F: 0.3944144062704192
Punto[1.         0.45621923 0.49251893] -> F: 0.39424181002723974
Punto[1.         0.45596402 0.492364  ] -> F: 0.39406922139191314
Punto[1.         0.45570881 0.49220907] -> F: 0.39389664036443917
Punto[1.         0.45545361 0.49205414] -> F: 0.3937240669448179
Punto[1.         0.4551984  0.49189921] -> F: 0.3935515011330494
Punto[1.         0.4549432  0.49174428] -> F: 0.39337894292913345
Punto[1.         0.45468799 0.49158935] -> F: 0.3932061950472175
Punto[1.         0.45443278 0.49143442] -> F: 0.39303074469508675
Punto[1.         0.45417758 0.49127949] -> F: 0.3928553670672687
Punto[1.         0.45392237 0.49112456] -> F: 0.3926800621637632
Punto[1.         0.45366717 0.49096963] -> F: 0.3925048299845705
Punto[1.         0.45341196 0.4908147 ] -> F: 0.3923296705296902
Punto[1.         0.45315675 0.49065977] -> F: 0.39215458379912266
Punto[1.         0.45290155 0.49050484] -> F: 0.39197956979286785
Punto[1.         0.45264634 0.49034991] -> F: 0.3918046285109256
Punto[1.         0.45239113 0.49019498] -> F: 0.3916297599532961
Punto[1.         0.45213593 0.49004005] -> F: 0.39145496411997915
Punto[1.         0.45188072 0.48988513] -> F: 0.3912802410109749
Punto[1.         0.45162552 0.4897302 ] -> F: 0.39110559062628336
{
  "seed": 12020,
  "n_per_z": 10,
  "nz": 100,
  "nd": 100,
  "n_muestras": 50,
  "best_f": 0.3968615691837033,
  "best_cp": [
    1.0,
    0.46030252712797814,
    0.4949978026822811
  ],
  "best_u": [
    -0.27899110603922916,
    0.8928584884893852,
    0.35350768348574535
  ],
  "best_index": 19,
  "n_candidatos": 54
}
