Punto[0.         0.55692653 0.47913473] -> F: 0.14709367738400364
Punto[1.         0.47523501 0.42764779] -> F: 0.446648648543661
Punto[2.         0.34687329 0.44457204] -> F: 0.1333152106093676
Punto[1.         0.45189991 0.46185339] -> F: 0.43805213166541834
Punto[1.         0.47476831 0.4283319 ] -> F: 0.4476576355290487
Punto[1.         0.47431094 0.42900233] -> F: 0.4486471247136905
Punto[1.         0.47385357 0.42967276] -> F: 0.4496372889490222
Punto[1.         0.47339621 0.43034319] -> F: 0.4506228168872539
Punto[1.         0.47293884 0.43101362] -> F: 0.4515811895927883
Punto[1.         0.47248147 0.43168405] -> F: 0.45254019167646664
Punto[1.         0.4720241  0.43235448] -> F: 0.45349982313828885
Punto[1.         0.47156673 0.43302491] -> F: 0.4544600839782549
Punto[1.         0.47110937 0.43369534] -> F: 0.4554209741963648
Punto[1.         0.470652   0.43436577] -> F: 0.45637557823578917
Punto[1.         0.47019463 0.4350362 ] -> F: 0.4573053457747688
Punto[1.         0.46973726 0.43570663] -> F: 0.45823569989230006
Punto[1.         0.46927989 0.43637706] -> F: 0.4591666405883829
Punto[1.         0.46882253 0.43704749] -> F: 0.46009816786301694
Punto[1.         0.46836516 0.43771792] -> F: 0.4610302817162028
Punto[1.         0.46790779 0.43838835] -> F: 0.46194956127182
Punto[1.         0.46745042 0.43905878] -> F: 0.46285111275405416
Punto[1.         0.46699305 0.43972921] -> F: 0.4637532105862082
Punto[1.         0.46653569 0.44039964] -> F: 0.46465585476828264
Punto[1.         0.46607832 0.44107007] -> F: 0.4655590453002769
Punto[1.         0.46562095 0.44174049] -> F: 0.4664627821821915
Punto[1.         0.46516358 0.44241092] -> F: 0.4673432173300502
Punto[1.         0.46470621 0.44308135] -> F: 0.468216853699843
Punto[1.         0.46424885 0.44375178] -> F: 0.4690909985031659
Punto[1.         0.46379148 0.44442221] -> F: 0.4693249014104109
Punto[1.         0.46333411 0.44509264] -> F: 0.4688239138266918
Punto[1.         0.46287674 0.44576307] -> F: 0.468228865067964
Punto[1.         0.46241937 0.4464335 ] -> F: 0.46742003048857844
Punto[1.         0.46196201 0.44710393] -> F: 0.4666150655709129
Punto[1.         0.46150464 0.44777436] -> F: 0.4658279847842436
Punto[1.         0.46104727 0.44844479] -> F: 0.46506057870723005
Punto[1.         0.4605899  0.44911522] -> F: 0.4643128473398726
Punto[1.         0.46013253 0.44978565] -> F: 0.4629338544264654
Punto[1.         0.45967517 0.45045608] -> F: 0.46153488341845006
Punto[1.         0.4592178  0.45112651] -> F: 0.4601378715959459
Punto[1.         0.45876043 0.45179694] -> F: 0.45874281895895297
Punto[1.         0.45830306 0.45246737] -> F: 0.45734972550747155
Punto[1.         0.45784569 0.4531378 ] -> F: 0.45595859124150145
Punto[1.         0.45738833 0.45380823] -> F: 0.45456941616104257
Punto[1.         0.45693096 0.45447866] -> F: 0.453182200266095
Punto[1.         0.45647359 0.45514909] -> F: 0.4517969435566587
Punto[1.         0.45601622 0.45581952] -> F: 0.4504136460327339
Punto[1.         0.45555885 0.45648995] -> F: 0.44903230769432023
Punto[1.         0.45510149 0.45716038] -> F: 0.447652928541418
Punto[1.         0.45464412 0.45783081] -> F: 0.44627550857402687
Punto[1.         0.45418675 0.45850124] -> F: 0.44490004779214726
Punto[1.         0.45372938 0.45917167] -> F: 0.4435265461957789
Punto[1.         0.45327201 0.4598421 ] -> F: 0.4421550037849218
Punto[1.         0.45281465 0.46051253] -> F: 0.4407854205595759
Punto[1.         0.45235728 0.46118296] -> F: 0.43941779651974155
{
  "seed": 13116,
  "n_per_z": 10,
  "nz": 100,
  "nd": 100,
  "n_muestras": 50,
  "best_f": 0.4693249014104109,
  "best_cp": [
    1.0,
    0.4637914781775946,
    0.4444222134188969
  ],
  "best_u": [
    0.9995065603657316,
    -0.015989377270924254,
    0.02703656043864067
  ],
  "best_index": 28,
  "n_candidatos": 54
}
