Punto[0.         0.50788621 0.52579158] -> F: 0.14347560405674303
Punto[1.         0.49940175 0.51100772] -> F: 0.4032222170231162
Punto[2.         0.50657975 0.30468303] -> F: 0.11253919487738996
Punto[1.         0.50723298 0.41523731] -> F: 0.3995316098687433
Punto[1.         0.49955837 0.50909231] -> F: 0.4059499370486794
Punto[1.         0.49971187 0.50721521] -> F: 0.4086262163305991
Punto[1.         0.49986536 0.50533811] -> F: 0.41128010678767685
Punto[1.         0.50001885 0.50346101] -> F: 0.41393798704299534
Punto[1.         0.50017234 0.50158391] -> F: 0.41659985709655445
Punto[1.         0.50032583 0.49970681] -> F: 0.4192461685476256
Punto[1.         0.50047933 0.49782971] -> F: 0.42188824150946946
Punto[1.         0.50063282 0.49595261] -> F: 0.42453417558216566
Punto[1.         0.50078631 0.49407551] -> F: 0.4271755743299733
Punto[1.         0.5009398  0.49219841] -> F: 0.4298020516052872
Punto[1.         0.50109329 0.49032131] -> F: 0.43243226906311033
Punto[1.         0.50124679 0.48844421] -> F: 0.4350662267034421
Punto[1.         0.50140028 0.48656711] -> F: 0.4376793623270813
Punto[1.         0.50155377 0.48469001] -> F: 0.44029402034497583
Punto[1.         0.50170726 0.48281291] -> F: 0.44070341717505607
Punto[1.         0.50186076 0.48093581] -> F: 0.43955378259858374
Punto[1.         0.50201425 0.47905871] -> F: 0.4384047912027521
Punto[1.         0.50216774 0.47718161] -> F: 0.4372564429875614
Punto[1.         0.50232123 0.47530451] -> F: 0.4361087379530112
Punto[1.         0.50247472 0.47342741] -> F: 0.43496167609910197
Punto[1.         0.50262822 0.47155031] -> F: 0.43381415240855037
Punto[1.         0.50278171 0.46967321] -> F: 0.4326647997549703
Punto[1.         0.5029352  0.46779611] -> F: 0.4315160943062113
Punto[1.         0.50308869 0.46591901] -> F: 0.4303680360622735
Punto[1.         0.50324218 0.46404191] -> F: 0.42922062502315694
Punto[1.         0.50339568 0.46216481] -> F: 0.4280738611888616
Punto[1.         0.50354917 0.46028771] -> F: 0.4269277445593873
Punto[1.         0.50370266 0.45841061] -> F: 0.42578227513473427
Punto[1.         0.50385615 0.45653351] -> F: 0.4246374529149024
Punto[1.         0.50400964 0.45465641] -> F: 0.4234932778998918
Punto[1.         0.50416314 0.45277931] -> F: 0.42234975008970227
Punto[1.         0.50431663 0.45090221] -> F: 0.42120686948433406
Punto[1.         0.50447012 0.44902511] -> F: 0.42006463608378697
Punto[1.         0.50462361 0.44714801] -> F: 0.4189204044265709
Punto[1.         0.50477711 0.44527091] -> F: 0.41777577142927413
Punto[1.         0.5049306  0.44339381] -> F: 0.41663178983738985
Punto[1.         0.50508409 0.44151671] -> F: 0.4154884596509182
Punto[1.         0.50523758 0.43963961] -> F: 0.4143457808698593
Punto[1.         0.50539107 0.43776251] -> F: 0.4132037534942129
Punto[1.         0.50554457 0.43588541] -> F: 0.4120623775239792
Punto[1.         0.50569806 0.43400831] -> F: 0.410921652959158
Punto[1.         0.50585155 0.43213121] -> F: 0.40978157979974944
Punto[1.         0.50600504 0.43025411] -> F: 0.40864215804575355
Punto[1.         0.50615853 0.42837701] -> F: 0.40750338769717015
Punto[1.         0.50631203 0.42649991] -> F: 0.4063652687539995
Punto[1.         0.50646552 0.42462281] -> F: 0.4052278012162413
Punto[1.         0.50661901 0.42274571] -> F: 0.40408763650733587
Punto[1.         0.5067725  0.42086861] -> F: 0.402947646143127
Punto[1.         0.50692599 0.41899151] -> F: 0.4018083115819587
Punto[1.         0.50707949 0.41711441] -> F: 0.4006696328238307
{
  "seed": 12691,
  "n_per_z": 10,
  "nz": 100,
  "nd": 100,
  "n_muestras": 50,
  "best_f": 0.44070341717505607,
  "best_cp": [
    1.0,
    0.5017072631592834,
    0.48281291003899707
  ],
  "best_u": [
    0.36812455268467775,
    -0.25939937016723136,
    -0.8928584884893851
  ],
  "best_index": 18,
  "n_candidatos": 54
}
