Punto[0.         0.47039655 0.47883486] -> F: 0.17110438235290196
Punto[1.         0.46208102 0.51798001] -> F: 0.45304164617655795
Punto[2.         0.45270087 0.57271693] -> F: 0.1245150512906861
Punto[1.         0.46154871 0.52577589] -> F: 0.4515484905731683
Punto[1.         0.46207037 0.51813593] -> F: 0.4530108954169633
Punto[1.         0.46205994 0.51828873] -> F: 0.4529807948234028
Punto[1.         0.46204951 0.51844153] -> F: 0.45295072902562517
Punto[1.         0.46203907 0.51859433] -> F: 0.45292069802363055
Punto[1.         0.46202864 0.51874713] -> F: 0.45289070181741903
Punto[1.         0.46201821 0.51889993] -> F: 0.45286074040699054
Punto[1.         0.46200777 0.51905273] -> F: 0.4528308137923452
Punto[1.         0.46199734 0.51920553] -> F: 0.45280092197348276
Punto[1.         0.46198691 0.51935833] -> F: 0.45277106495040365
Punto[1.         0.46197647 0.51951112] -> F: 0.4527412427231073
Punto[1.         0.46196604 0.51966392] -> F: 0.45271145529159407
Punto[1.         0.46195561 0.51981672] -> F: 0.4526817026558639
Punto[1.         0.46194517 0.51996952] -> F: 0.4526519848159169
Punto[1.         0.46193474 0.52012232] -> F: 0.45262230177175283
Punto[1.         0.46192431 0.52027512] -> F: 0.4525926535233719
Punto[1.         0.46191387 0.52042792] -> F: 0.4525630400707738
Punto[1.         0.46190344 0.52058072] -> F: 0.452533461413959
Punto[1.         0.46189301 0.52073352] -> F: 0.4525039175529272
Punto[1.         0.46188257 0.52088632] -> F: 0.4524744084876784
Punto[1.         0.46187214 0.52103912] -> F: 0.4524449342182125
Punto[1.         0.46186171 0.52119192] -> F: 0.45241549474452986
Punto[1.         0.46185127 0.52134472] -> F: 0.4523860900666303
Punto[1.         0.46184084 0.52149752] -> F: 0.4523567201845137
Punto[1.         0.46183041 0.52165031] -> F: 0.45232738509818016
Punto[1.         0.46181997 0.52180311] -> F: 0.4522980848076297
Punto[1.         0.46180954 0.52195591] -> F: 0.45226881931286234
Punto[1.         0.46179911 0.52210871] -> F: 0.4522395886138779
Punto[1.         0.46178867 0.52226151] -> F: 0.4522103927106766
Punto[1.         0.46177824 0.52241431] -> F: 0.4521812316032583
Punto[1.         0.46176781 0.52256711] -> F: 0.45215210529162314
Punto[1.         0.46175737 0.52271991] -> F: 0.4521230137757709
Punto[1.         0.46174694 0.52287271] -> F: 0.4520939570557018
Punto[1.         0.46173651 0.52302551] -> F: 0.4520649351314157
Punto[1.         0.46172607 0.52317831] -> F: 0.4520359480029127
Punto[1.         0.46171564 0.52333111] -> F: 0.45200699567019276
Punto[1.         0.46170521 0.52348391] -> F: 0.45197807813325597
Punto[1.         0.46169478 0.52363671] -> F: 0.4519491953921019
Punto[1.         0.46168434 0.5237895 ] -> F: 0.4519203474467312
Punto[1.         0.46167391 0.5239423 ] -> F: 0.4518915342971435
Punto[1.         0.46166348 0.5240951 ] -> F: 0.4518627559433387
Punto[1.         0.46165304 0.5242479 ] -> F: 0.45183401238531706
Punto[1.         0.46164261 0.5244007 ] -> F: 0.4518053036230785
Punto[1.         0.46163218 0.5245535 ] -> F: 0.45177662965662285
Punto[1.         0.46162174 0.5247063 ] -> F: 0.4517479904859504
Punto[1.         0.46161131 0.5248591 ] -> F: 0.45171938611106094
Punto[1.         0.46160088 0.5250119 ] -> F: 0.4516908165319546
Punto[1.         0.46159044 0.5251647 ] -> F: 0.4516622817486312
Punto[1.         0.46158001 0.5253175 ] -> F: 0.451633781761091
Punto[1.         0.46156958 0.5254703 ] -> F: 0.4516053165693338
Punto[1.         0.46155914 0.5256231 ] -> F: 0.4515768861733595
{
  "seed": 8224,
  "n_per_z": 10,
  "nz": 100,
  "nd": 100,
  "n_muestras": 50,
  "best_f": 0.45304164617655795,
  "best_cp": [
    1.0,
    0.46208101813289265,
    0.5179800138120642
  ],
  "best_u": [
    0.3387379202452915,
    -0.929296965386276,
    0.14718617975799542
  ],
  "best_index": 1,
  "n_candidatos": 54
}
