Punto[0.         0.52308921 0.71005219] -> F: 0.12205497537852067
Punto[1.         0.51876035 0.5602473 ] -> F: 0.41003290908021417
Punto[2.         0.3843173  0.46173386] -> F: 0.1328813500751241
Punto[1.         0.45370326 0.58589303] -> F: 0.4311549175759507
Punto[1.         0.51745921 0.56076022] -> F: 0.41231347271095703
Punto[1.         0.51618409 0.56126287] -> F: 0.41454605557548213
Punto[1.         0.51490897 0.56176553] -> F: 0.4167762928806831
Punto[1.         0.51363385 0.56226819] -> F: 0.41895525357543933
Punto[1.         0.51235873 0.56277084] -> F: 0.4209413380826676
Punto[1.         0.51108362 0.5632735 ] -> F: 0.4229601361484083
Punto[1.         0.5098085  0.56377615] -> F: 0.42501154147495246
Punto[1.         0.50853338 0.56427881] -> F: 0.427095554030305
Punto[1.         0.50725826 0.56478147] -> F: 0.429212173814466
Punto[1.         0.50598314 0.56528412] -> F: 0.4313614008274357
Punto[1.         0.50470802 0.56578678] -> F: 0.4335432350692134
Punto[1.         0.5034329  0.56628943] -> F: 0.4357457173871916
Punto[1.         0.50215778 0.56679209] -> F: 0.43794631681365775
Punto[1.         0.50088266 0.56729475] -> F: 0.43997640741519517
Punto[1.         0.49960754 0.5677974 ] -> F: 0.44151466013601304
Punto[1.         0.49833242 0.56830006] -> F: 0.44309586981227755
Punto[1.         0.4970573  0.56880272] -> F: 0.44472003644398894
Punto[1.         0.49578219 0.56930537] -> F: 0.4461663908952686
Punto[1.         0.49450707 0.56980803] -> F: 0.4474672771898466
Punto[1.         0.49323195 0.57031068] -> F: 0.44876562607685055
Punto[1.         0.49195683 0.57081334] -> F: 0.4501456092647853
Punto[1.         0.49068171 0.571316  ] -> F: 0.4518584370639602
Punto[1.         0.48940659 0.57181865] -> F: 0.453902108721209
Punto[1.         0.48813147 0.57232131] -> F: 0.4560232418469968
Punto[1.         0.48685635 0.57282396] -> F: 0.4581420294134606
Punto[1.         0.48558123 0.57332662] -> F: 0.4602584714206002
Punto[1.         0.48430611 0.57382928] -> F: 0.46237256786841574
Punto[1.         0.48303099 0.57433193] -> F: 0.4644843187569071
Punto[1.         0.48175588 0.57483459] -> F: 0.46398871267143976
Punto[1.         0.48048076 0.57533725] -> F: 0.46289341099704057
Punto[1.         0.47920564 0.5758399 ] -> F: 0.46178296563879995
Punto[1.         0.47793052 0.57634256] -> F: 0.46067827539747996
Punto[1.         0.4766554  0.57684521] -> F: 0.45957934027308045
Punto[1.         0.47538028 0.57734787] -> F: 0.4583633878234019
Punto[1.         0.47410516 0.57785053] -> F: 0.4570849547032954
Punto[1.         0.47283004 0.57835318] -> F: 0.4557924432136865
Punto[1.         0.47155492 0.57885584] -> F: 0.45448722718433393
Punto[1.        0.4702798 0.5793585] -> F: 0.4532060946581179
Punto[1.         0.46900468 0.57986115] -> F: 0.4519070147215856
Punto[1.         0.46772957 0.58036381] -> F: 0.4506054702281963
Punto[1.         0.46645445 0.58086646] -> F: 0.4493177878886216
Punto[1.         0.46517933 0.58136912] -> F: 0.4480439677028616
Punto[1.         0.46390421 0.58187178] -> F: 0.4467689594716833
Punto[1.         0.46262909 0.58237443] -> F: 0.4454776385059548
Punto[1.         0.46135397 0.58287709] -> F: 0.44419585399400807
Punto[1.         0.46007885 0.58337974] -> F: 0.44215595583511624
Punto[1.         0.45880373 0.5838824 ] -> F: 0.4399499184130334
Punto[1.         0.45752861 0.58438506] -> F: 0.4377467958760755
Punto[1.         0.45625349 0.58488771] -> F: 0.4355465882242424
Punto[1.         0.45497837 0.58539037] -> F: 0.4333492954575341
{
  "seed": 15126,
  "n_per_z": 10,
  "nz": 100,
  "nd": 100,
  "n_muestras": 50,
  "best_f": 0.4644843187569071,
  "best_cp": [
    1.0,
    0.4830309946620476,
    0.5743319334364787
  ],
  "best_u": [
    -0.12533323356430448,
    0.9916251525991089,
    -0.031163075860858216
  ],
  "best_index": 31,
  "n_candidatos": 54
}
