Punto[0.         0.4363337  0.52886889] -> F: 0.08895462406125311
Punto[1.         0.45905319 0.51746025] -> F: 0.3716559703577978
Punto[2.         0.369269   0.42627809] -> F: 0.17785465905654851
Punto[1.         0.40280135 0.47757349] -> F: 0.35307830269036944
Punto[1.         0.45792815 0.51666251] -> F: 0.373247211012322
Punto[1.         0.45682561 0.51588073] -> F: 0.3748585999234353
Punto[1.         0.45572308 0.51509895] -> F: 0.37652143692372647
Punto[1.         0.45462054 0.51431717] -> F: 0.378235722013195
Punto[1.         0.45351801 0.51353539] -> F: 0.38000145519184136
Punto[1.         0.45241547 0.51275361] -> F: 0.3818186364596656
Punto[1.         0.45131293 0.51197183] -> F: 0.38368726581666723
Punto[1.         0.4502104  0.51119005] -> F: 0.38560734326284685
Punto[1.         0.44910786 0.51040827] -> F: 0.3874307784049427
Punto[1.         0.44800533 0.50962649] -> F: 0.38705465053905236
Punto[1.         0.44690279 0.50884471] -> F: 0.38633129751562173
Punto[1.         0.44580025 0.50806293] -> F: 0.3855974256247803
Punto[1.         0.44469772 0.50728115] -> F: 0.3848638571434568
Punto[1.         0.44359518 0.50649937] -> F: 0.3841280364164254
Punto[1.         0.44249265 0.50571759] -> F: 0.38338385501381655
Punto[1.         0.44139011 0.50493581] -> F: 0.38263998638352875
Punto[1.         0.44028757 0.50415403] -> F: 0.38189178072081326
Punto[1.         0.43918504 0.50337225] -> F: 0.3811372240467764
Punto[1.         0.4380825  0.50259046] -> F: 0.38038298974328677
Punto[1.         0.43697997 0.50180868] -> F: 0.3796225152734526
Punto[1.         0.43587743 0.5010269 ] -> F: 0.37885749386759154
Punto[1.         0.43477489 0.50024512] -> F: 0.37809280469172296
Punto[1.         0.43367236 0.49946334] -> F: 0.3773202166963765
Punto[1.         0.43256982 0.49868156] -> F: 0.3765446163977285
Punto[1.         0.43146729 0.49789978] -> F: 0.3757693584778971
Punto[1.         0.43036475 0.497118  ] -> F: 0.3749848591701309
Punto[1.         0.42926221 0.49633622] -> F: 0.37419853987666263
Punto[1.         0.42815968 0.49555444] -> F: 0.3734125734310821
Punto[1.         0.42705714 0.49477266] -> F: 0.3726164220797596
Punto[1.         0.42595461 0.49399088] -> F: 0.3718192162413257
Punto[1.         0.42485207 0.4932091 ] -> F: 0.3710223740740745
Punto[1.         0.42374953 0.49242732] -> F: 0.3702148999504463
Punto[1.         0.422647   0.49164554] -> F: 0.3694066107630203
Punto[1.         0.42154446 0.49086376] -> F: 0.3685986964618513
Punto[1.         0.42044193 0.49008198] -> F: 0.36778031523175553
Punto[1.         0.41933939 0.4893002 ] -> F: 0.36684635022820894
Punto[1.         0.41823685 0.48851842] -> F: 0.3658524612281406
Punto[1.         0.41713432 0.48773664] -> F: 0.3648730025238947
Punto[1.         0.41603178 0.48695486] -> F: 0.36390797411547104
Punto[1.         0.41492925 0.48617308] -> F: 0.36295737600286976
Punto[1.         0.41382671 0.48539129] -> F: 0.3619745279273429
Punto[1.         0.41272417 0.48460951] -> F: 0.3609909980551717
Punto[1.         0.41162164 0.48382773] -> F: 0.36003101893504075
Punto[1.         0.4105191  0.48304595] -> F: 0.3590945905669499
Punto[1.         0.40941657 0.48226417] -> F: 0.35817909837579553
Punto[1.         0.40831403 0.48148239] -> F: 0.35719031182428224
Punto[1.         0.40721149 0.48070061] -> F: 0.3562968525248658
Punto[1.         0.40610896 0.47991883] -> F: 0.3554857105146911
Punto[1.         0.40500642 0.47913705] -> F: 0.35468448935934893
Punto[1.         0.40390389 0.47835527] -> F: 0.353882020084575
{
  "seed": 12807,
  "n_per_z": 10,
  "nz": 100,
  "nd": 100,
  "n_muestras": 50,
  "best_f": 0.3874307784049427,
  "best_cp": [
    1.0,
    0.44910786149847937,
    0.5104082691994885
  ],
  "best_u": [
    -0.1873813145857246,
    0.8888000777517894,
    0.418237569728664
  ],
  "best_index": 12,
  "n_candidatos": 54
}
