Punto[0.         0.5184554  0.60380979] -> F: 0.18960064017150716
Punto[1.         0.50435109 0.55523408] -> F: 0.36780423407279816
Punto[2.         0.491121   0.47723877] -> F: 0.07563884510624745
Punto[1.         0.5047882  0.54052428] -> F: 0.3607296915635809
Punto[1.         0.50435983 0.55493988] -> F: 0.36766707612066635
Punto[1.         0.5043684  0.55465157] -> F: 0.36753269677084854
Punto[1.         0.50437697 0.55436326] -> F: 0.36739835250628927
Punto[1.         0.50438553 0.55407495] -> F: 0.36726404332698875
Punto[1.         0.5043941  0.55378664] -> F: 0.3671297692329469
Punto[1.         0.50440267 0.55349832] -> F: 0.36699553022416365
Punto[1.         0.50441124 0.55321001] -> F: 0.366861326300639
Punto[1.        0.5044198 0.5529217] -> F: 0.36672715746237294
Punto[1.         0.50442837 0.55263339] -> F: 0.3665898496159687
Punto[1.         0.50443694 0.55234507] -> F: 0.36645159883246564
Punto[1.         0.5044455  0.55205676] -> F: 0.3663133853413217
Punto[1.         0.50445407 0.55176845] -> F: 0.3661752091425365
Punto[1.         0.50446264 0.55148014] -> F: 0.36603707023611043
Punto[1.         0.50447121 0.55119183] -> F: 0.36589896862204335
Punto[1.         0.50447977 0.55090351] -> F: 0.36576090430033514
Punto[1.         0.50448834 0.5506152 ] -> F: 0.36562287727098597
Punto[1.         0.50449691 0.55032689] -> F: 0.3654848875339958
Punto[1.         0.50450548 0.55003858] -> F: 0.3653469350893647
Punto[1.         0.50451404 0.54975027] -> F: 0.3652090199370924
Punto[1.         0.50452261 0.54946195] -> F: 0.3650711420771792
Punto[1.         0.50453118 0.54917364] -> F: 0.364933301509625
Punto[1.         0.50453975 0.54888533] -> F: 0.3647954982344297
Punto[1.         0.50454831 0.54859702] -> F: 0.3646577322515934
Punto[1.         0.50455688 0.54830871] -> F: 0.3645200035611162
Punto[1.         0.50456545 0.54802039] -> F: 0.3643823121629979
Punto[1.         0.50457401 0.54773208] -> F: 0.36424465805723855
Punto[1.         0.50458258 0.54744377] -> F: 0.36410704124383814
Punto[1.         0.50459115 0.54715546] -> F: 0.3639694617227967
Punto[1.         0.50459972 0.54686715] -> F: 0.3638319194941143
Punto[1.         0.50460828 0.54657883] -> F: 0.36369441455779095
Punto[1.         0.50461685 0.54629052] -> F: 0.3635536144256757
Punto[1.         0.50462542 0.54600221] -> F: 0.3634120423215787
Punto[1.         0.50463399 0.5457139 ] -> F: 0.36327050979232295
Punto[1.         0.50464255 0.54542559] -> F: 0.3631290168379085
Punto[1.         0.50465112 0.54513727] -> F: 0.3629875634583354
Punto[1.         0.50465969 0.54484896] -> F: 0.3628461496536035
Punto[1.         0.50466825 0.54456065] -> F: 0.36270477542371304
Punto[1.         0.50467682 0.54427234] -> F: 0.36256344076866365
Punto[1.         0.50468539 0.54398402] -> F: 0.36242214568845565
Punto[1.         0.50469396 0.54369571] -> F: 0.36228089018308907
Punto[1.         0.50470252 0.5434074 ] -> F: 0.36213967425256366
Punto[1.         0.50471109 0.54311909] -> F: 0.36199849789687955
Punto[1.         0.50471966 0.54283078] -> F: 0.3618573611160367
Punto[1.         0.50472823 0.54254246] -> F: 0.36171626391003525
Punto[1.         0.50473679 0.54225415] -> F: 0.36157520627887507
Punto[1.         0.50474536 0.54196584] -> F: 0.3614341882225561
Punto[1.         0.50475393 0.54167753] -> F: 0.3612932097410785
Punto[1.         0.5047625  0.54138922] -> F: 0.36115227083444207
Punto[1.         0.50477106 0.5411009 ] -> F: 0.36101137150264706
Punto[1.         0.50477963 0.54081259] -> F: 0.36087051174569335
Best centerpoint:  [1.         0.50435109 0.55523408] Best F:  0.36780423407279816 Best u:  [ 0.56208338 -0.58483428 -0.58483428] índice:  1
{
  "seed": 8547,
  "n_per_z": 5,
  "nz": 100,
  "nd": 100,
  "n_muestras": 50,
  "best_f": 0.36780423407279816,
  "best_cp": [
    1.0,
    0.5043510897786095,
    0.555234079443536
  ],
  "best_u": [
    0.5620833778521307,
    -0.5848342826572066,
    -0.5848342826572065
  ],
  "n_candidatos": 54
}
