Punto[0.         0.43244782 0.65551617] -> F: 0.16453692974603587
Punto[1.         0.42924867 0.53760206] -> F: 0.3724965233786221
Punto[2.         0.49159283 0.42535468] -> F: 0.08589533027091525
Punto[1.         0.46202033 0.54043542] -> F: 0.3718156919764158
Punto[1.         0.4299041  0.53765873] -> F: 0.3732566630090866
Punto[1.         0.43054642 0.53771426] -> F: 0.3740129167973597
Punto[1.         0.43118875 0.53776979] -> F: 0.37478037322342017
Punto[1.         0.43183107 0.53782533] -> F: 0.37555903228726795
Punto[1.         0.4324734  0.53788086] -> F: 0.3763488939889031
Punto[1.         0.43311572 0.5379364 ] -> F: 0.37695934293844724
Punto[1.         0.43375805 0.53799193] -> F: 0.3774838161545883
Punto[1.         0.43440037 0.53804746] -> F: 0.3780147367919586
Punto[1.        0.4350427 0.538103 ] -> F: 0.3785051031646762
Punto[1.         0.43568502 0.53815853] -> F: 0.3789729663224523
Punto[1.         0.43632734 0.53821407] -> F: 0.37944058910022804
Punto[1.         0.43696967 0.5382696 ] -> F: 0.3799079714980031
Punto[1.         0.43761199 0.53832513] -> F: 0.38037511351577763
Punto[1.         0.43825432 0.53838067] -> F: 0.38084201515355187
Punto[1.         0.43889664 0.5384362 ] -> F: 0.38130867641132554
Punto[1.         0.43953897 0.53849174] -> F: 0.38177509728909875
Punto[1.         0.44018129 0.53854727] -> F: 0.38224127778687145
Punto[1.         0.44082362 0.5386028 ] -> F: 0.3827072179046437
Punto[1.         0.44146594 0.53865834] -> F: 0.3831729176424154
Punto[1.         0.44210827 0.53871387] -> F: 0.3836383770001867
Punto[1.         0.44275059 0.53876941] -> F: 0.38410359597795746
Punto[1.         0.44339291 0.53882494] -> F: 0.38456857457572785
Punto[1.         0.44403524 0.53888047] -> F: 0.38503331279349773
Punto[1.         0.44467756 0.53893601] -> F: 0.38549781063126703
Punto[1.         0.44531989 0.53899154] -> F: 0.3859682495033339
Punto[1.         0.44596221 0.53904708] -> F: 0.38645196934238885
Punto[1.         0.44660454 0.53910261] -> F: 0.3865873780791729
Punto[1.         0.44724686 0.53915814] -> F: 0.3861848419121662
Punto[1.         0.44788919 0.53921368] -> F: 0.3857825389092305
Punto[1.         0.44853151 0.53926921] -> F: 0.3853804690703658
Punto[1.         0.44917384 0.53932475] -> F: 0.3849786323955723
Punto[1.         0.44981616 0.53938028] -> F: 0.3845770288848497
Punto[1.         0.45045848 0.53943581] -> F: 0.38417565853819813
Punto[1.         0.45110081 0.53949135] -> F: 0.38364937395818294
Punto[1.         0.45174313 0.53954688] -> F: 0.38294737908877957
Punto[1.         0.45238546 0.53960241] -> F: 0.3822459418933707
Punto[1.         0.45302778 0.53965795] -> F: 0.38154444279446187
Punto[1.         0.45367011 0.53971348] -> F: 0.3808438221390453
Punto[1.         0.45431243 0.53976902] -> F: 0.3801440799271207
Punto[1.         0.45495476 0.53982455] -> F: 0.3794452161586883
Punto[1.         0.45559708 0.53988008] -> F: 0.3787472308337482
Punto[1.         0.45623941 0.53993562] -> F: 0.3780501239523002
Punto[1.         0.45688173 0.53999115] -> F: 0.3773538955143444
Punto[1.         0.45752405 0.54004669] -> F: 0.3766585455198806
Punto[1.         0.45816638 0.54010222] -> F: 0.37596407396890935
Punto[1.         0.4588087  0.54015775] -> F: 0.37527048086143
Punto[1.         0.45945103 0.54021329] -> F: 0.37457776619744265
Punto[1.         0.46009335 0.54026882] -> F: 0.3738859299769478
Punto[1.         0.46073568 0.54032436] -> F: 0.3731949721999449
Punto[1.         0.461378   0.54037989] -> F: 0.3725048928664343
Best centerpoint:  [1.         0.44660454 0.53910261] Best F:  0.3865873780791729 Best u:  [0.98768834 0.15520093 0.01960644] índice:  27
{
  "seed": 19548,
  "n_per_z": 5,
  "nz": 100,
  "nd": 100,
  "n_muestras": 50,
  "best_f": 0.3865873780791729,
  "best_cp": [
    1.0,
    0.44660453708381637,
    0.5391026092842064
  ],
  "best_u": [
    0.9876883405951378,
    0.15520093255867878,
    0.019606437344394243
  ],
  "n_candidatos": 54
}
