Punto[0.         0.55908298 0.16018866] -> F: 0.051894429191761335
Punto[1.         0.54115345 0.32697432] -> F: 0.2877242624237256
Punto[2.         0.49199819 0.49249187] -> F: 0.24058490066388385
Punto[1.         0.52554058 0.32634027] -> F: 0.2843540182269905
Punto[1.         0.54084119 0.32696164] -> F: 0.2878521234601881
Punto[1.         0.54053518 0.32694921] -> F: 0.2879774666946014
Punto[1.         0.54022917 0.32693679] -> F: 0.28810284894952615
Punto[1.         0.53992316 0.32692436] -> F: 0.28822827022496245
Punto[1.         0.53961715 0.32691193] -> F: 0.2883537305209103
Punto[1.         0.53931113 0.3268995 ] -> F: 0.2884792298373696
Punto[1.         0.53900512 0.32688708] -> F: 0.28860476817434066
Punto[1.         0.53869911 0.32687465] -> F: 0.28873034553182303
Punto[1.         0.5383931  0.32686222] -> F: 0.2888559619098171
Punto[1.         0.53808708 0.32684979] -> F: 0.2889816173083226
Punto[1.         0.53778107 0.32683737] -> F: 0.2891073117273397
Punto[1.         0.53747506 0.32682494] -> F: 0.2892330451668684
Punto[1.         0.53716905 0.32681251] -> F: 0.28935881762690857
Punto[1.         0.53686304 0.32680008] -> F: 0.28948462910746026
Punto[1.         0.53655702 0.32678766] -> F: 0.2896104796085235
Punto[1.         0.53625101 0.32677523] -> F: 0.28954637021541735
Punto[1.        0.535945  0.3267628] -> F: 0.28939763018519055
Punto[1.         0.53563899 0.32675037] -> F: 0.2892489190247845
Punto[1.         0.53533297 0.32673795] -> F: 0.28910023673419905
Punto[1.         0.53502696 0.32672552] -> F: 0.28895158331343446
Punto[1.         0.53472095 0.32671309] -> F: 0.2888029587624906
Punto[1.         0.53441494 0.32670066] -> F: 0.28865436308136744
Punto[1.         0.53410893 0.32668824] -> F: 0.28850579627006495
Punto[1.         0.53380291 0.32667581] -> F: 0.28835725832858333
Punto[1.         0.5334969  0.32666338] -> F: 0.28820874925692225
Punto[1.         0.53319089 0.32665095] -> F: 0.288060269055082
Punto[1.         0.53288488 0.32663853] -> F: 0.28791181772306246
Punto[1.         0.53257886 0.3266261 ] -> F: 0.2877633952608637
Punto[1.         0.53227285 0.32661367] -> F: 0.2876150016684856
Punto[1.         0.53196684 0.32660124] -> F: 0.2874666369459282
Punto[1.         0.53166083 0.32658882] -> F: 0.2873183010931917
Punto[1.         0.53135482 0.32657639] -> F: 0.2871699941102758
Punto[1.         0.5310488  0.32656396] -> F: 0.2870217159971805
Punto[1.         0.53074279 0.32655153] -> F: 0.2868734667539061
Punto[1.         0.53043678 0.32653911] -> F: 0.28672524638045244
Punto[1.         0.53013077 0.32652668] -> F: 0.2865770548768194
Punto[1.         0.52982475 0.32651425] -> F: 0.28642889224300716
Punto[1.         0.52951874 0.32650182] -> F: 0.2862807584790157
Punto[1.         0.52921273 0.3264894 ] -> F: 0.28613265358484485
Punto[1.         0.52890672 0.32647697] -> F: 0.28598433538230644
Punto[1.         0.5286007  0.32646454] -> F: 0.28583597978045616
Punto[1.         0.52829469 0.32645211] -> F: 0.28568765316887945
Punto[1.         0.52798868 0.32643969] -> F: 0.28553935554757603
Punto[1.         0.52768267 0.32642726] -> F: 0.285391086916546
Punto[1.         0.52737666 0.32641483] -> F: 0.28524284727578936
Punto[1.         0.52707064 0.3264024 ] -> F: 0.2850946366253061
Punto[1.         0.52676463 0.32638998] -> F: 0.2849464549650962
Punto[1.         0.52645862 0.32637755] -> F: 0.28479830229515973
Punto[1.         0.52615261 0.32636512] -> F: 0.2846501786154966
Punto[1.         0.52584659 0.32635269] -> F: 0.2845020839261069
Best centerpoint:  [1.         0.53655702 0.32678766] Best F:  0.2896104796085235 Best u:  [-0.99802673  0.03024956 -0.05502375] índice:  15
{
  "seed": 12160,
  "n_per_z": 5,
  "nz": 100,
  "nd": 100,
  "n_muestras": 50,
  "best_f": 0.2896104796085235,
  "best_cp": [
    1.0,
    0.5365570230099037,
    0.3267876562206761
  ],
  "best_u": [
    -0.9980267284282716,
    0.030249563482002233,
    -0.05502375170696198
  ],
  "n_candidatos": 54
}
