Punto[0.         0.36198552 0.44428856] -> F: 0.09777242387491712
Punto[1.         0.4454902  0.51879981] -> F: 0.38740497616506725
Punto[2.         0.41236316 0.40075009] -> F: 0.14505004388385143
Punto[1.         0.38717434 0.42251932] -> F: 0.37434759159950776
Punto[1.         0.44432388 0.5168742 ] -> F: 0.3904837797367026
Punto[1.         0.44318089 0.5149871 ] -> F: 0.3934917226867259
Punto[1.        0.4420379 0.5131   ] -> F: 0.3965274378598307
Punto[1.         0.44089491 0.5112129 ] -> F: 0.3994230608253493
Punto[1.         0.43975192 0.50932581] -> F: 0.40222172205419965
Punto[1.         0.43860893 0.50743871] -> F: 0.40507410775523534
Punto[1.         0.43746593 0.50555161] -> F: 0.40798021792845657
Punto[1.         0.43632294 0.50366451] -> F: 0.4108625800938136
Punto[1.         0.43517995 0.50177742] -> F: 0.4136277122124732
Punto[1.         0.43403696 0.49989032] -> F: 0.4164246349653155
Punto[1.         0.43289397 0.49800322] -> F: 0.41925334835234035
Punto[1.         0.43175098 0.49611612] -> F: 0.42190950046119396
Punto[1.         0.43060799 0.49422903] -> F: 0.42407408042507583
Punto[1.         0.429465   0.49234193] -> F: 0.4263572815696432
Punto[1.         0.42832201 0.49045483] -> F: 0.4281710032131793
Punto[1.         0.42717902 0.48856773] -> F: 0.42657490644317436
Punto[1.         0.42603603 0.48668064] -> F: 0.4249847386188418
Punto[1.         0.42489304 0.48479354] -> F: 0.4234004997401818
Punto[1.         0.42375005 0.48290644] -> F: 0.4218221898071942
Punto[1.         0.42260705 0.48101934] -> F: 0.42024980881987906
Punto[1.         0.42146406 0.47913225] -> F: 0.4186833567782364
Punto[1.         0.42032107 0.47724515] -> F: 0.4171228336822662
Punto[1.         0.41917808 0.47535805] -> F: 0.4155682395319685
Punto[1.         0.41803509 0.47347096] -> F: 0.4140195743273433
Punto[1.         0.4168921  0.47158386] -> F: 0.4124768380683904
Punto[1.         0.41574911 0.46969676] -> F: 0.41094003075511015
Punto[1.         0.41460612 0.46780966] -> F: 0.4094091523875023
Punto[1.         0.41346313 0.46592257] -> F: 0.40788420296556693
Punto[1.         0.41232014 0.46403547] -> F: 0.406365182489304
Punto[1.         0.41117715 0.46214837] -> F: 0.40485209095871344
Punto[1.         0.41003416 0.46026127] -> F: 0.4033449283737955
Punto[1.         0.40889116 0.45837418] -> F: 0.40184369473454995
Punto[1.         0.40774817 0.45648708] -> F: 0.4003483900409769
Punto[1.         0.40660518 0.45459998] -> F: 0.3988590142930763
Punto[1.         0.40546219 0.45271288] -> F: 0.3973755674908481
Punto[1.         0.4043192  0.45082579] -> F: 0.3958980496342926
Punto[1.         0.40317621 0.44893869] -> F: 0.3944264607234093
Punto[1.         0.40203322 0.44705159] -> F: 0.3929536038093395
Punto[1.         0.40089023 0.44516449] -> F: 0.39148643268685734
Punto[1.         0.39974724 0.4432774 ] -> F: 0.39002525146671413
Punto[1.         0.39860425 0.4413903 ] -> F: 0.38857006014890977
Punto[1.         0.39746126 0.4395032 ] -> F: 0.3871208587334445
Punto[1.         0.39631827 0.4376161 ] -> F: 0.38567764722031805
Punto[1.         0.39517527 0.43572901] -> F: 0.3842404256095304
Punto[1.         0.39403228 0.43384191] -> F: 0.3828091939010818
Punto[1.         0.39288929 0.43195481] -> F: 0.3813839520949721
Punto[1.         0.3917463  0.43006771] -> F: 0.37996470019120143
Punto[1.         0.39060331 0.42818062] -> F: 0.37855143818976955
Punto[1.         0.38946032 0.42629352] -> F: 0.37714416609067675
Punto[1.         0.38831733 0.42440642] -> F: 0.37574288389392274
{
  "seed": 12820,
  "n_per_z": 10,
  "nz": 100,
  "nd": 100,
  "n_muestras": 50,
  "best_f": 0.4281710032131793,
  "best_cp": [
    1.0,
    0.42832200830882106,
    0.49045483222575026
  ],
  "best_u": [
    -0.9980267284282716,
    -0.04152411559457142,
    -0.04709986376678551
  ],
  "best_index": 18,
  "n_candidatos": 54
}
