Punto[0.         0.45554548 0.35527148] -> F: 0.16526540675944193
Punto[1.         0.45573028 0.48920516] -> F: 0.37198940810108516
Punto[2.         0.52950108 0.43842658] -> F: 0.08444311563494944
Punto[1.         0.49252328 0.39684903] -> F: 0.3447295765027387
Punto[1.         0.45646614 0.48735804] -> F: 0.37445450369623
Punto[1.         0.45718729 0.48554786] -> F: 0.3768914191231007
Punto[1.         0.45790843 0.48373768] -> F: 0.3793480400607791
Punto[1.         0.45862957 0.4819275 ] -> F: 0.3817599927979912
Punto[1.         0.45935071 0.48011732] -> F: 0.3837381281586017
Punto[1.         0.46007186 0.47830714] -> F: 0.3857409347508087
Punto[1.         0.460793   0.47649696] -> F: 0.38776841257461203
Punto[1.         0.46151414 0.47468678] -> F: 0.3898205616300118
Punto[1.         0.46223529 0.4728766 ] -> F: 0.3918970324172115
Punto[1.         0.46295643 0.47106642] -> F: 0.3911280016348001
Punto[1.         0.46367757 0.46925624] -> F: 0.39019612811708926
Punto[1.         0.46439871 0.46744605] -> F: 0.3892599883844603
Punto[1.         0.46511986 0.46563587] -> F: 0.3883243915669238
Punto[1.         0.465841   0.46382569] -> F: 0.38737264217810474
Punto[1.         0.46656214 0.46201551] -> F: 0.38641437376434584
Punto[1.         0.46728329 0.46020533] -> F: 0.3854566762411564
Punto[1.         0.46800443 0.45839515] -> F: 0.3844838571251373
Punto[1.         0.46872557 0.45658497] -> F: 0.3835039678315523
Punto[1.         0.46944671 0.45477479] -> F: 0.3825246776405022
Punto[1.         0.47016786 0.45296461] -> F: 0.3815379260920351
Punto[1.         0.470889   0.45115443] -> F: 0.3805394486402904
Punto[1.         0.47161014 0.44934425] -> F: 0.37954195480947195
Punto[1.         0.47233128 0.44753407] -> F: 0.37854544459957995
Punto[1.         0.47305243 0.44572389] -> F: 0.3774251627454072
Punto[1.         0.47377357 0.44391371] -> F: 0.376205450493022
Punto[1.         0.47449471 0.44210353] -> F: 0.37498641296316915
Punto[1.         0.47521586 0.44029335] -> F: 0.3737680501558486
Punto[1.         0.475937   0.43848317] -> F: 0.3725503620710602
Punto[1.         0.47665814 0.43667299] -> F: 0.37133334870880413
Punto[1.         0.47737928 0.43486281] -> F: 0.3701170100690804
Punto[1.         0.47810043 0.43305263] -> F: 0.3689013461518889
Punto[1.         0.47882157 0.43124245] -> F: 0.3676863569572297
Punto[1.         0.47954271 0.42943227] -> F: 0.3664720424851027
Punto[1.         0.48026386 0.42762209] -> F: 0.3652584027355079
Punto[1.         0.480985   0.42581191] -> F: 0.3640454377084455
Punto[1.         0.48170614 0.42400173] -> F: 0.3628331474039153
Punto[1.         0.48242728 0.42219155] -> F: 0.36162153182191736
Punto[1.         0.48314843 0.42038137] -> F: 0.36041059096245176
Punto[1.         0.48386957 0.41857119] -> F: 0.35920032482551834
Punto[1.         0.48459071 0.41676101] -> F: 0.35799073341111726
Punto[1.         0.48531185 0.41495083] -> F: 0.3567818167192484
Punto[1.         0.486033   0.41314065] -> F: 0.35557357474991186
Punto[1.         0.48675414 0.41133047] -> F: 0.3543660075031076
Punto[1.         0.48747528 0.40952029] -> F: 0.35315911497883556
Punto[1.         0.48819643 0.40771011] -> F: 0.35195289717709577
Punto[1.         0.48891757 0.40589993] -> F: 0.3507473540978883
Punto[1.         0.48963871 0.40408975] -> F: 0.34954248574121305
Punto[1.         0.49035985 0.40227957] -> F: 0.34833829210707007
Punto[1.         0.491081   0.40046939] -> F: 0.3471347731954594
Punto[1.         0.49180214 0.39865921] -> F: 0.345931929006381
{
  "seed": 10527,
  "n_per_z": 10,
  "nz": 100,
  "nd": 100,
  "n_muestras": 50,
  "best_f": 0.3918970324172115,
  "best_cp": [
    1.0,
    0.462235285982493,
    0.4728765955031446
  ],
  "best_u": [
    0.24868988716485474,
    -0.8337002334317454,
    0.49304894361288815
  ],
  "best_index": 12,
  "n_candidatos": 54
}
