Punto[0.         0.65001264 0.57210457] -> F: 0.14053988097994147
Punto[1.         0.57381595 0.55494454] -> F: 0.4413667748410779
Punto[2.         0.46012784 0.54026162] -> F: 0.1119384689512363
Punto[1.         0.55507024 0.55618309] -> F: 0.4417795729048576
Punto[1.         0.57344104 0.55496931] -> F: 0.44169331669635514
Punto[1.         0.57307362 0.55499359] -> F: 0.44201347857424217
Punto[1.         0.57270621 0.55501786] -> F: 0.4423337897880091
Punto[1.         0.57233879 0.55504214] -> F: 0.44265425033765576
Punto[1.         0.57197138 0.55506642] -> F: 0.4429748602231826
Punto[1.         0.57160396 0.55509069] -> F: 0.44329561944458923
Punto[1.         0.57123654 0.55511497] -> F: 0.4436165280018756
Punto[1.         0.57086913 0.55513924] -> F: 0.443937585895042
Punto[1.         0.57050171 0.55516352] -> F: 0.4442587931240882
Punto[1.         0.5701343  0.55518779] -> F: 0.4445801496890146
Punto[1.         0.56976688 0.55521207] -> F: 0.44489566514958134
Punto[1.         0.56939946 0.55523634] -> F: 0.44519363935512607
Punto[1.         0.56903205 0.55526062] -> F: 0.44549176289655057
Punto[1.         0.56866463 0.5552849 ] -> F: 0.4457900357738549
Punto[1.         0.56829722 0.55530917] -> F: 0.4460884579870393
Punto[1.         0.5679298  0.55533345] -> F: 0.44638702953610343
Punto[1.         0.56756238 0.55535772] -> F: 0.4466857504210475
Punto[1.         0.56719497 0.555382  ] -> F: 0.44698462064187133
Punto[1.         0.56682755 0.55540627] -> F: 0.4472836401985752
Punto[1.         0.56646014 0.55543055] -> F: 0.44758280909115905
Punto[1.         0.56609272 0.55545482] -> F: 0.44788212731962246
Punto[1.        0.5657253 0.5554791] -> F: 0.4481815948839661
Punto[1.         0.56535789 0.55550338] -> F: 0.4484812117841895
Punto[1.         0.56499047 0.55552765] -> F: 0.4487795766028339
Punto[1.         0.56462306 0.55555193] -> F: 0.4490719012861672
Punto[1.         0.56425564 0.5555762 ] -> F: 0.44936436051402767
Punto[1.         0.56388822 0.55560048] -> F: 0.44965695428641544
Punto[1.         0.56352081 0.55562475] -> F: 0.4495428274940103
Punto[1.         0.56315339 0.55564903] -> F: 0.44921266898658974
Punto[1.         0.56278598 0.55567331] -> F: 0.4488846049045181
Punto[1.         0.56241856 0.55569758] -> F: 0.4485586352477957
Punto[1.         0.56205114 0.55572186] -> F: 0.44823476001642204
Punto[1.         0.56168373 0.55574613] -> F: 0.4479129792103976
Punto[1.         0.56131631 0.55577041] -> F: 0.44759329282972204
Punto[1.         0.5609489  0.55579468] -> F: 0.4472757008743955
Punto[1.         0.56058148 0.55581896] -> F: 0.44696020334441805
Punto[1.         0.56021406 0.55584323] -> F: 0.44664680023978953
Punto[1.         0.55984665 0.55586751] -> F: 0.44633549156051
Punto[1.         0.55947923 0.55589179] -> F: 0.445975213158888
Punto[1.         0.55911182 0.55591606] -> F: 0.44561300569810797
Punto[1.         0.5587444  0.55594034] -> F: 0.44525073789929154
Punto[1.         0.55837698 0.55596461] -> F: 0.44488840976243904
Punto[1.         0.55800957 0.55598889] -> F: 0.4445260212875503
Punto[1.         0.55764215 0.55601316] -> F: 0.4441635724746253
Punto[1.         0.55727473 0.55603744] -> F: 0.4438010633236637
Punto[1.         0.55690732 0.55606171] -> F: 0.4434393850028893
Punto[1.         0.5565399  0.55608599] -> F: 0.44308638650862536
Punto[1.         0.55617249 0.55611027] -> F: 0.44274390605169
Punto[1.         0.55580507 0.55613454] -> F: 0.4424119436320836
Punto[1.         0.55543765 0.55615882] -> F: 0.4420904992498062
{
  "seed": 12545,
  "n_per_z": 10,
  "nz": 100,
  "nd": 100,
  "n_muestras": 50,
  "best_f": 0.44965695428641544,
  "best_cp": [
    1.0,
    0.56388822356988,
    0.5556004785035251
  ],
  "best_u": [
    0.3681245526846781,
    0.6974356343468862,
    0.6148722222168296
  ],
  "best_index": 30,
  "n_candidatos": 54
}
