Punto[0.         0.45068525 0.56466939] -> F: 0.12230187936172286
Punto[1.         0.51702031 0.45973914] -> F: 0.41605692145191175
Punto[2.         0.5289147  0.29884324] -> F: 0.1374230265284304
Punto[1.         0.48979998 0.43175631] -> F: 0.4155249293122155
Punto[1.         0.5164759  0.45917949] -> F: 0.4179038693874234
Punto[1.         0.51594238 0.45863102] -> F: 0.41975590896358084
Punto[1.         0.51540886 0.45808256] -> F: 0.42161363980671923
Punto[1.         0.51487535 0.4575341 ] -> F: 0.423469406191621
Punto[1.         0.51434183 0.45698563] -> F: 0.42532320811828717
Punto[1.         0.51380831 0.45643717] -> F: 0.4270601970767986
Punto[1.         0.51327479 0.45588871] -> F: 0.4287697361841113
Punto[1.         0.51274127 0.45534024] -> F: 0.4304926287339033
Punto[1.         0.51220775 0.45479178] -> F: 0.4322288747261745
Punto[1.         0.51167423 0.45424332] -> F: 0.4339784741609254
Punto[1.         0.51114072 0.45369485] -> F: 0.4353919842285493
Punto[1.         0.5106072  0.45314639] -> F: 0.43667084108389215
Punto[1.         0.51007368 0.45259793] -> F: 0.43795704850951594
Punto[1.         0.50954016 0.45204946] -> F: 0.43911318316083736
Punto[1.         0.50900664 0.451501  ] -> F: 0.44025703890903534
Punto[1.         0.50847312 0.45095254] -> F: 0.4414142480997129
Punto[1.         0.5079396  0.45040407] -> F: 0.4425848107328695
Punto[1.         0.50740609 0.44985561] -> F: 0.4437687268085056
Punto[1.         0.50687257 0.44930714] -> F: 0.444965996326621
Punto[1.         0.50633905 0.44875868] -> F: 0.44617661928721575
Punto[1.         0.50580553 0.44821022] -> F: 0.4474005956902898
Punto[1.         0.50527201 0.44766175] -> F: 0.448637925535843
Punto[1.         0.50473849 0.44711329] -> F: 0.44988860882387577
Punto[1.         0.50420498 0.44656483] -> F: 0.4511526455543878
Punto[1.         0.50367146 0.44601636] -> F: 0.45166374195504755
Punto[1.         0.50313794 0.4454679 ] -> F: 0.450649926527886
Punto[1.         0.50260442 0.44491944] -> F: 0.44926906460316185
Punto[1.         0.5020709  0.44437097] -> F: 0.44787326476723677
Punto[1.         0.50153738 0.44382251] -> F: 0.44648284880917
Punto[1.         0.50100386 0.44327405] -> F: 0.44509781672896126
Punto[1.         0.50047035 0.44272558] -> F: 0.4437181685266106
Punto[1.         0.49993683 0.44217712] -> F: 0.4423439042021182
Punto[1.         0.49940331 0.44162866] -> F: 0.44093216715434475
Punto[1.         0.49886979 0.44108019] -> F: 0.43949958684102475
Punto[1.         0.49833627 0.44053173] -> F: 0.43807429853502416
Punto[1.         0.49780275 0.43998327] -> F: 0.43665630223634333
Punto[1.         0.49726923 0.4394348 ] -> F: 0.43524559794498185
Punto[1.         0.49673572 0.43888634] -> F: 0.4338421856609399
Punto[1.         0.4962022  0.43833788] -> F: 0.4324460653842176
Punto[1.         0.49566868 0.43778941] -> F: 0.43105723711481464
Punto[1.         0.49513516 0.43724095] -> F: 0.4296757008527312
Punto[1.         0.49460164 0.43669249] -> F: 0.4283014565979673
Punto[1.         0.49406812 0.43614402] -> F: 0.42689376710095606
Punto[1.         0.4935346  0.43559556] -> F: 0.4254315164522115
Punto[1.         0.49300109 0.4350471 ] -> F: 0.4239810217820817
Punto[1.         0.49246757 0.43449863] -> F: 0.4225422830905667
Punto[1.         0.49193405 0.43395017] -> F: 0.42111530037766676
Punto[1.         0.49140053 0.43340171] -> F: 0.41970007364338163
Punto[1.         0.49086701 0.43285324] -> F: 0.4182966028877114
Punto[1.         0.49033349 0.43230478] -> F: 0.416904888110656
Best centerpoint:  [1.         0.50367146 0.44601636] Best F:  0.45166374195504755 Best u:  [-0.27899111 -0.43596421 -0.85562794] índice:  25
{
  "seed": 10720,
  "n_per_z": 5,
  "nz": 100,
  "nd": 100,
  "n_muestras": 50,
  "best_f": 0.45166374195504755,
  "best_cp": [
    1.0,
    0.5036714564937352,
    0.44601636422071
  ],
  "best_u": [
    -0.2789911060392295,
    -0.4359642102572066,
    -0.85562793907505
  ],
  "n_candidatos": 54
}
