Punto[0.         0.37495195 0.58727593] -> F: 0.19612724621107197
Punto[1.         0.48609654 0.52363111] -> F: 0.36366693022840557
Punto[2.         0.56129339 0.43671404] -> F: 0.07687238600852611
Punto[1.         0.46812267 0.51199499] -> F: 0.35285000258368177
Punto[1.         0.48573706 0.52339839] -> F: 0.36345208425992787
Punto[1.         0.48538477 0.52317032] -> F: 0.3632415748150803
Punto[1.         0.48503249 0.52294225] -> F: 0.36303110457445015
Punto[1.         0.4846802  0.52271419] -> F: 0.3628206735380375
Punto[1.         0.48432791 0.52248612] -> F: 0.36261028170584236
Punto[1.         0.48397562 0.52225805] -> F: 0.3623999290778648
Punto[1.         0.48362333 0.52202998] -> F: 0.3621896156541046
Punto[1.         0.48327105 0.52180191] -> F: 0.361979341434562
Punto[1.         0.48291876 0.52157385] -> F: 0.3617691064192368
Punto[1.         0.48256647 0.52134578] -> F: 0.36155891060812917
Punto[1.         0.48221418 0.52111771] -> F: 0.3613484875506628
Punto[1.         0.4818619  0.52088964] -> F: 0.36113795715125874
Punto[1.         0.48150961 0.52066157] -> F: 0.3609274661103727
Punto[1.         0.48115732 0.52043351] -> F: 0.3607170144280045
Punto[1.         0.48080503 0.52020544] -> F: 0.3605066021041542
Punto[1.         0.48045274 0.51997737] -> F: 0.36029622913882187
Punto[1.         0.48010046 0.5197493 ] -> F: 0.3600858955320074
Punto[1.         0.47974817 0.51952123] -> F: 0.3598756012837108
Punto[1.         0.47939588 0.51929317] -> F: 0.3596653463939321
Punto[1.         0.47904359 0.5190651 ] -> F: 0.35945513086267133
Punto[1.         0.47869131 0.51883703] -> F: 0.35924495468992845
Punto[1.         0.47833902 0.51860896] -> F: 0.3590348178757034
Punto[1.         0.47798673 0.51838089] -> F: 0.3588247204199963
Punto[1.         0.47763444 0.51815283] -> F: 0.3586146623228072
Punto[1.         0.47728215 0.51792476] -> F: 0.35840464358413593
Punto[1.         0.47692987 0.51769669] -> F: 0.3581946642039825
Punto[1.         0.47657758 0.51746862] -> F: 0.357984724182347
Punto[1.         0.47622529 0.51724055] -> F: 0.3577748235192294
Punto[1.         0.475873   0.51701249] -> F: 0.35756496221462963
Punto[1.         0.47552071 0.51678442] -> F: 0.35735514026854787
Punto[1.         0.47516843 0.51655635] -> F: 0.357145357680984
Punto[1.         0.47481614 0.51632828] -> F: 0.356935614451938
Punto[1.         0.47446385 0.51610021] -> F: 0.35672591058140984
Punto[1.         0.47411156 0.51587215] -> F: 0.35651624606939963
Punto[1.         0.47375928 0.51564408] -> F: 0.3563066209159073
Punto[1.         0.47340699 0.51541601] -> F: 0.3560970351209329
Punto[1.         0.4730547  0.51518794] -> F: 0.3558874886844764
Punto[1.         0.47270241 0.51495987] -> F: 0.35567798160653774
Punto[1.         0.47235012 0.51473181] -> F: 0.3554685138871171
Punto[1.         0.47199784 0.51450374] -> F: 0.3552590855262142
Punto[1.         0.47164555 0.51427567] -> F: 0.3550496965238293
Punto[1.         0.47129326 0.5140476 ] -> F: 0.3548352661018222
Punto[1.         0.47094097 0.51381953] -> F: 0.3546166505147319
Punto[1.         0.47058869 0.51359147] -> F: 0.35439826153082116
Punto[1.        0.4702364 0.5133634] -> F: 0.35418009915009
Punto[1.         0.46988411 0.51313533] -> F: 0.3539590750161525
Punto[1.         0.46953182 0.51290726] -> F: 0.3537368291499733
Punto[1.         0.46917953 0.51267919] -> F: 0.3535147989736366
Punto[1.         0.46882725 0.51245113] -> F: 0.3532929844871424
Punto[1.         0.46847496 0.51222306] -> F: 0.35307138569049085
{
  "seed": 14021,
  "n_per_z": 10,
  "nz": 100,
  "nd": 100,
  "n_muestras": 50,
  "best_f": 0.36366693022840557,
  "best_cp": [
    1.0,
    0.4860965393565586,
    0.5236311116807312
  ],
  "best_u": [
    0.5358267949789969,
    -0.7267485300526391,
    -0.42979788255511975
  ],
  "best_index": 1,
  "n_candidatos": 54
}
