Punto[0.         0.54427049 0.69721268] -> F: 0.08791199506470672
Punto[1.         0.5882256  0.65961373] -> F: 0.4047253875156144
Punto[2.         0.59458074 0.57533929] -> F: 0.1334645165065058
Punto[1.         0.56942561 0.63627599] -> F: 0.4069306587467542
Punto[1.         0.5878496  0.65914698] -> F: 0.405314557056648
Punto[1.         0.58748112 0.65868956] -> F: 0.40589173105050563
Punto[1.         0.58711264 0.65823214] -> F: 0.40646869503100197
Punto[1.         0.58674416 0.65777472] -> F: 0.40704544899813655
Punto[1.         0.58637568 0.6573173 ] -> F: 0.40762199295190993
Punto[1.         0.5860072  0.65685988] -> F: 0.40819832689232166
Punto[1.         0.58563872 0.65640246] -> F: 0.40877445081937164
Punto[1.         0.58527024 0.65594504] -> F: 0.4093574919620724
Punto[1.         0.58490176 0.65548762] -> F: 0.409980717345112
Punto[1.         0.58453328 0.6550302 ] -> F: 0.4106483421986637
Punto[1.         0.5841648  0.65457278] -> F: 0.4113603665227277
Punto[1.         0.58379632 0.65411536] -> F: 0.4121167903173038
Punto[1.         0.58342784 0.65365794] -> F: 0.41291761358239193
Punto[1.         0.58305936 0.65320052] -> F: 0.4137628363179918
Punto[1.         0.58269088 0.6527431 ] -> F: 0.41465245852410415
Punto[1.         0.5823224  0.65228568] -> F: 0.4155864802007289
Punto[1.         0.58195392 0.65182826] -> F: 0.4165649013478651
Punto[1.         0.58158544 0.65137084] -> F: 0.4174318112699565
Punto[1.         0.58121696 0.65091342] -> F: 0.41825376725572144
Punto[1.         0.58084848 0.650456  ] -> F: 0.4190922092174984
Punto[1.         0.58048    0.64999858] -> F: 0.419947137155287
Punto[1.         0.58011152 0.64954116] -> F: 0.4206316362623803
Punto[1.         0.57974304 0.64908374] -> F: 0.42064192300147857
Punto[1.         0.57937456 0.64862632] -> F: 0.4204617617613263
Punto[1.         0.57900608 0.6481689 ] -> F: 0.4199691638612558
Punto[1.         0.5786376  0.64771148] -> F: 0.4194769186445207
Punto[1.         0.57826913 0.64725406] -> F: 0.4189850993656547
Punto[1.         0.57790065 0.64679664] -> F: 0.4184937060246577
Punto[1.         0.57753217 0.64633922] -> F: 0.4180027386215293
Punto[1.         0.57716369 0.6458818 ] -> F: 0.41751219715627025
Punto[1.         0.57679521 0.64542438] -> F: 0.41702208162887994
Punto[1.         0.57642673 0.64496696] -> F: 0.4165323920393587
Punto[1.         0.57605825 0.64450954] -> F: 0.4160431283877065
Punto[1.         0.57568977 0.64405212] -> F: 0.4155542906739233
Punto[1.         0.57532129 0.6435947 ] -> F: 0.4150658788980088
Punto[1.         0.57495281 0.64313728] -> F: 0.41456140608885106
Punto[1.         0.57458433 0.64267986] -> F: 0.4140554108326601
Punto[1.         0.57421585 0.64222244] -> F: 0.413549874376247
Punto[1.         0.57384737 0.64176502] -> F: 0.41304479671961153
Punto[1.         0.57347889 0.6413076 ] -> F: 0.41254017786275354
Punto[1.         0.57311041 0.64085018] -> F: 0.4120360178056733
Punto[1.         0.57274193 0.64039276] -> F: 0.4115323165483708
Punto[1.         0.57237345 0.63993534] -> F: 0.41102907409084577
Punto[1.         0.57200497 0.63947792] -> F: 0.4105262904330983
Punto[1.         0.57163649 0.63902051] -> F: 0.41002396557512855
Punto[1.         0.57126801 0.63856309] -> F: 0.40952209951693647
Punto[1.         0.57089953 0.63810567] -> F: 0.40900749292953015
Punto[1.         0.57053105 0.63764825] -> F: 0.40848754292405437
Punto[1.         0.57016257 0.63719083] -> F: 0.4079680872250997
Punto[1.         0.56979409 0.63673341] -> F: 0.40744912583266624
Best centerpoint:  [1.         0.57974304 0.64908374] Best F:  0.42064192300147857 Best u:  [-0.18738131 -0.75686533  0.62613346] índice:  23
{
  "seed": 7803,
  "n_per_z": 5,
  "nz": 100,
  "nd": 100,
  "n_muestras": 50,
  "best_f": 0.42064192300147857,
  "best_cp": [
    1.0,
    0.5797430441534765,
    0.6490837402406008
  ],
  "best_u": [
    -0.1873813145857246,
    -0.7568653348962766,
    0.6261334584387525
  ],
  "n_candidatos": 54
}
