Punto[0.         0.48723584 0.3288611 ] -> F: 0.14381445209691804
Punto[1.         0.49303467 0.43689691] -> F: 0.399819638087394
Punto[2.         0.47555581 0.4264483 ] -> F: 0.13166021314018755
Punto[1.         0.48139582 0.3776547 ] -> F: 0.4349268669638707
Punto[1.         0.49280189 0.43571207] -> F: 0.4018347527581873
Punto[1.         0.49257377 0.43455092] -> F: 0.4038501345997997
Punto[1.         0.49234565 0.43338977] -> F: 0.4059056761130791
Punto[1.         0.49211752 0.43222862] -> F: 0.4079928517699728
Punto[1.         0.4918894  0.43106748] -> F: 0.40994945731196514
Punto[1.         0.49166128 0.42990633] -> F: 0.41181179141326063
Punto[1.         0.49143316 0.42874518] -> F: 0.4136896972002334
Punto[1.         0.49120504 0.42758403] -> F: 0.41558317467288375
Punto[1.         0.49097692 0.42642289] -> F: 0.4174922238312112
Punto[1.         0.4907488  0.42526174] -> F: 0.4194168446752164
Punto[1.         0.49052068 0.42410059] -> F: 0.42135703720489853
Punto[1.         0.49029255 0.42293944] -> F: 0.4233128014202584
Punto[1.         0.49006443 0.4217783 ] -> F: 0.4246360682438742
Punto[1.         0.48983631 0.42061715] -> F: 0.42593208468553806
Punto[1.         0.48960819 0.419456  ] -> F: 0.42726826079886887
Punto[1.         0.48938007 0.41829485] -> F: 0.4286445965838667
Punto[1.         0.48915195 0.41713371] -> F: 0.43006109204053117
Punto[1.         0.48892383 0.41597256] -> F: 0.43151774716886254
Punto[1.         0.4886957  0.41481141] -> F: 0.4330145619688611
Punto[1.         0.48846758 0.41365027] -> F: 0.43455153644052646
Punto[1.         0.48823946 0.41248912] -> F: 0.4361286705838588
Punto[1.         0.48801134 0.41132797] -> F: 0.4377459643988578
Punto[1.         0.48778322 0.41016682] -> F: 0.43940341788552395
Punto[1.         0.4875551  0.40900568] -> F: 0.4411010310438568
Punto[1.         0.48732698 0.40784453] -> F: 0.4428388038738567
Punto[1.         0.48709886 0.40668338] -> F: 0.44461673637552346
Punto[1.         0.48687073 0.40552223] -> F: 0.4464348285488571
Punto[1.         0.48664261 0.40436109] -> F: 0.44829308039385773
Punto[1.         0.48641449 0.40319994] -> F: 0.45019149191052515
Punto[1.         0.48618637 0.40203879] -> F: 0.4521300630988596
Punto[1.         0.48595825 0.40087764] -> F: 0.454108793958861
Punto[1.         0.48573013 0.3997165 ] -> F: 0.4557654114491897
Punto[1.         0.48550201 0.39855535] -> F: 0.4550938303197161
Punto[1.         0.48527389 0.3973942 ] -> F: 0.45442292570938636
Punto[1.         0.48504576 0.39623305] -> F: 0.45375269761820025
Punto[1.         0.48481764 0.39507191] -> F: 0.4530831460461579
Punto[1.         0.48458952 0.39391076] -> F: 0.45241427099325937
Punto[1.         0.4843614  0.39274961] -> F: 0.4517460724595044
Punto[1.         0.48413328 0.39158847] -> F: 0.45107855044489326
Punto[1.         0.48390516 0.39042732] -> F: 0.4504117049494258
Punto[1.         0.48367704 0.38926617] -> F: 0.449745535973102
Punto[1.         0.48344891 0.38810502] -> F: 0.44843838812352604
Punto[1.         0.48322079 0.38694388] -> F: 0.44699313406061
Punto[1.         0.48299267 0.38578273] -> F: 0.4454869123311467
Punto[1.         0.48276455 0.38462158] -> F: 0.4439832540147296
Punto[1.         0.48253643 0.38346043] -> F: 0.4424821591113586
Punto[1.         0.48230831 0.38229929] -> F: 0.44098362762103355
Punto[1.         0.48208019 0.38113814] -> F: 0.4394853200573516
Punto[1.         0.48185207 0.37997699] -> F: 0.4379629178568106
Punto[1.         0.48162394 0.37881584] -> F: 0.4364434334923169
{
  "seed": 13285,
  "n_per_z": 10,
  "nz": 100,
  "nd": 100,
  "n_muestras": 50,
  "best_f": 0.4557654114491897,
  "best_cp": [
    1.0,
    0.48573012774187563,
    0.3997164969013378
  ],
  "best_u": [
    0.3971478906347807,
    0.08636833986338398,
    -0.9136815981695086
  ],
  "best_index": 35,
  "n_candidatos": 54
}
