Punto[0.         0.49191802 0.52856721] -> F: 0.126277736100297
Punto[1.         0.51027136 0.47791852] -> F: 0.40510611853896256
Punto[2.        0.5360134 0.4930853] -> F: 0.1123555535384465
Punto[1.         0.51396571 0.51082626] -> F: 0.43608204279527657
Punto[1.         0.51034525 0.47857668] -> F: 0.4066337421025149
Punto[1.         0.51041765 0.47922167] -> F: 0.40827042366650657
Punto[1.         0.51049006 0.47986666] -> F: 0.40995131661372536
Punto[1.         0.51056247 0.48051165] -> F: 0.41156031662560594
Punto[1.         0.51063488 0.48115665] -> F: 0.41319079369364803
Punto[1.         0.51070729 0.48180164] -> F: 0.4148427478178521
Punto[1.         0.5107797  0.48244663] -> F: 0.4165161789982177
Punto[1.         0.51085211 0.48309162] -> F: 0.41821108723474487
Punto[1.         0.51092452 0.48373661] -> F: 0.4199274725274337
Punto[1.         0.51099693 0.4843816 ] -> F: 0.4216653348762843
Punto[1.         0.51106934 0.4850266 ] -> F: 0.4234246742812966
Punto[1.         0.51114175 0.48567159] -> F: 0.4252054907424704
Punto[1.         0.51121416 0.48631658] -> F: 0.4270077842598062
Punto[1.         0.51128657 0.48696157] -> F: 0.42880342243206415
Punto[1.         0.51135898 0.48760656] -> F: 0.4304621254863724
Punto[1.         0.51143139 0.48825155] -> F: 0.43213111091727585
Punto[1.         0.51150379 0.48889654] -> F: 0.43381037872477407
Punto[1.         0.5115762  0.48954154] -> F: 0.43549992890886763
Punto[1.         0.51164861 0.49018653] -> F: 0.437199761469556
Punto[1.         0.51172102 0.49083152] -> F: 0.43890987640683954
Punto[1.         0.51179343 0.49147651] -> F: 0.44063027372071817
Punto[1.         0.51186584 0.4921215 ] -> F: 0.4423609534111918
Punto[1.         0.51193825 0.49276649] -> F: 0.4440134304748791
Punto[1.         0.51201066 0.49341149] -> F: 0.4456562735248436
Punto[1.         0.51208307 0.49405648] -> F: 0.44730599559170353
Punto[1.         0.51215548 0.49470147] -> F: 0.44896259667545885
Punto[1.         0.51222789 0.49534646] -> F: 0.4506260767761097
Punto[1.         0.5123003  0.49599145] -> F: 0.4522964358936562
Punto[1.         0.51237271 0.49663644] -> F: 0.45397367402809813
Punto[1.         0.51244512 0.49728144] -> F: 0.4537207772253281
Punto[1.         0.51251753 0.49792643] -> F: 0.4528969040943812
Punto[1.         0.51258993 0.49857142] -> F: 0.4520766674442345
Punto[1.         0.51266234 0.49921641] -> F: 0.4512600672748883
Punto[1.         0.51273475 0.4998614 ] -> F: 0.4504471035863422
Punto[1.         0.51280716 0.50050639] -> F: 0.4496377763785968
Punto[1.         0.51287957 0.50115138] -> F: 0.44883208565165167
Punto[1.         0.51295198 0.50179638] -> F: 0.44803003140550707
Punto[1.         0.51302439 0.50244137] -> F: 0.447225923999578
Punto[1.         0.5130968  0.50308636] -> F: 0.4464160052079739
Punto[1.         0.51316921 0.50373135] -> F: 0.4456093993999568
Punto[1.         0.51324162 0.50437634] -> F: 0.4448061065755275
Punto[1.         0.51331403 0.50502133] -> F: 0.44400612673468526
Punto[1.         0.51338644 0.50566633] -> F: 0.4431916270287201
Punto[1.         0.51345885 0.50631132] -> F: 0.44237988540624706
Punto[1.         0.51353126 0.50695631] -> F: 0.44157126327543506
Punto[1.         0.51360366 0.5076013 ] -> F: 0.4407622507174908
Punto[1.         0.51367607 0.50824629] -> F: 0.43993946030849224
Punto[1.         0.51374848 0.50889128] -> F: 0.439119687928311
Punto[1.         0.51382089 0.50953628] -> F: 0.4381431047883901
Punto[1.         0.5138933  0.51018127] -> F: 0.43711209811116297
Best centerpoint:  [1.         0.51237271 0.49663644] Best F:  0.45397367402809813 Best u:  [ 0.09410831  0.06251185 -0.99359745] índice:  29
{
  "seed": 12541,
  "n_per_z": 5,
  "nz": 100,
  "nd": 100,
  "n_muestras": 50,
  "best_f": 0.45397367402809813,
  "best_cp": [
    1.0,
    0.5123727064375465,
    0.49663644363375614
  ],
  "best_u": [
    0.09410831331851438,
    0.06251185298105132,
    -0.9935974504804346
  ],
  "n_candidatos": 54
}
