Punto[0.         0.52528145 0.53084237] -> F: 0.17248759634823205
Punto[1.         0.46724664 0.54642094] -> F: 0.4511908266813454
Punto[2.         0.41051066 0.56998274] -> F: 0.13020699514404224
Punto[1.         0.46789605 0.55041256] -> F: 0.4497756083939575
Punto[1.         0.46725963 0.54650077] -> F: 0.4511624745556473
Punto[1.         0.46727236 0.54657901] -> F: 0.4511346913637571
Punto[1.         0.46728508 0.54665724] -> F: 0.45110691004405706
Punto[1.         0.46729781 0.54673548] -> F: 0.45107913059654703
Punto[1.         0.46731054 0.54681371] -> F: 0.451051353021227
Punto[1.         0.46732327 0.54689195] -> F: 0.4510235773180971
Punto[1.         0.467336   0.54697019] -> F: 0.45099580348715723
Punto[1.         0.46734873 0.54704842] -> F: 0.4509680315284074
Punto[1.         0.46736146 0.54712666] -> F: 0.4509402614418476
Punto[1.         0.46737418 0.54720489] -> F: 0.4509124932274779
Punto[1.         0.46738691 0.54728313] -> F: 0.4508847268852983
Punto[1.         0.46739964 0.54736136] -> F: 0.45085696241530865
Punto[1.         0.46741237 0.5474396 ] -> F: 0.45082919981750913
Punto[1.         0.4674251  0.54751784] -> F: 0.4508014390918997
Punto[1.         0.46743783 0.54759607] -> F: 0.45077368023848025
Punto[1.         0.46745056 0.54767431] -> F: 0.4507459232572508
Punto[1.         0.46746328 0.54775254] -> F: 0.4507181681482115
Punto[1.         0.46747601 0.54783078] -> F: 0.45069041491136225
Punto[1.         0.46748874 0.54790901] -> F: 0.45066266354670304
Punto[1.         0.46750147 0.54798725] -> F: 0.45063491405423384
Punto[1.         0.4675142  0.54806549] -> F: 0.4506071664339549
Punto[1.         0.46752693 0.54814372] -> F: 0.45057942068586576
Punto[1.         0.46753965 0.54822196] -> F: 0.4505516768099668
Punto[1.         0.46755238 0.54830019] -> F: 0.45052393480625785
Punto[1.         0.46756511 0.54837843] -> F: 0.45049619467473895
Punto[1.         0.46757784 0.54845666] -> F: 0.45046845641541006
Punto[1.         0.46759057 0.5485349 ] -> F: 0.45044072002827135
Punto[1.         0.4676033  0.54861313] -> F: 0.45041298551332265
Punto[1.         0.46761603 0.54869137] -> F: 0.450385252870564
Punto[1.         0.46762875 0.54876961] -> F: 0.4503575220999954
Punto[1.         0.46764148 0.54884784] -> F: 0.45032979320161687
Punto[1.         0.46765421 0.54892608] -> F: 0.45030206617542834
Punto[1.         0.46766694 0.54900431] -> F: 0.45027434102142994
Punto[1.         0.46767967 0.54908255] -> F: 0.45024661773962155
Punto[1.         0.4676924  0.54916078] -> F: 0.4502188963300032
Punto[1.         0.46770513 0.54923902] -> F: 0.450191176792575
Punto[1.         0.46771785 0.54931726] -> F: 0.45016345912733674
Punto[1.         0.46773058 0.54939549] -> F: 0.4501357433342886
Punto[1.         0.46774331 0.54947373] -> F: 0.4501080294134305
Punto[1.         0.46775604 0.54955196] -> F: 0.4500803173647624
Punto[1.         0.46776877 0.5496302 ] -> F: 0.4500526071882844
Punto[1.         0.4677815  0.54970843] -> F: 0.4500248988839965
Punto[1.         0.46779423 0.54978667] -> F: 0.4499971924518986
Punto[1.         0.46780695 0.54986491] -> F: 0.44996948789199076
Punto[1.         0.46781968 0.54994314] -> F: 0.4499417852042729
Punto[1.         0.46783241 0.55002138] -> F: 0.4499140843887453
Punto[1.         0.46784514 0.55009961] -> F: 0.44988638544540754
Punto[1.         0.46785787 0.55017785] -> F: 0.44985868837425996
Punto[1.         0.4678706  0.55025608] -> F: 0.44983099317530245
Punto[1.         0.46788333 0.55033432] -> F: 0.4498032998485349
{
  "seed": 12342,
  "n_per_z": 10,
  "nz": 100,
  "nd": 100,
  "n_muestras": 50,
  "best_f": 0.4511908266813454,
  "best_cp": [
    1.0,
    0.46724663896309443,
    0.5464209397062219
  ],
  "best_u": [
    0.9995065603657316,
    -0.022897457931447818,
    0.021502144221956013
  ],
  "best_index": 1,
  "n_candidatos": 54
}
