Punto[0.         0.51313999 0.51522769] -> F: 0.19078632304987836
Punto[1.         0.4802703  0.59359565] -> F: 0.40026151866777027
Punto[2.         0.49228932 0.69256053] -> F: 0.09901291404952599
Punto[1.         0.50271465 0.60389411] -> F: 0.38656668355937707
Punto[1.         0.48071919 0.59380162] -> F: 0.3999838700620345
Punto[1.         0.4811591  0.59400347] -> F: 0.39971195091960815
Punto[1.         0.481599   0.59420532] -> F: 0.3994402064856371
Punto[1.         0.48203891 0.59440717] -> F: 0.39916863676012154
Punto[1.         0.48247882 0.59460902] -> F: 0.39889724174306135
Punto[1.         0.48291873 0.59481087] -> F: 0.39862602143445647
Punto[1.         0.48335864 0.59501272] -> F: 0.3983549758343069
Punto[1.         0.48379855 0.59521457] -> F: 0.39808410494261276
Punto[1.         0.48423846 0.59541642] -> F: 0.39781340875937393
Punto[1.         0.48467837 0.59561827] -> F: 0.3975428872845906
Punto[1.         0.48511828 0.59582012] -> F: 0.3972725405182624
Punto[1.         0.48555819 0.59602197] -> F: 0.39700236846038983
Punto[1.         0.4859981  0.59622382] -> F: 0.39673237111097237
Punto[1.         0.48643801 0.59642567] -> F: 0.39646254847001045
Punto[1.         0.48687792 0.59662752] -> F: 0.3961929005375037
Punto[1.         0.48731783 0.59682937] -> F: 0.3959234273134527
Punto[1.         0.48775774 0.59703122] -> F: 0.3956541287978566
Punto[1.         0.48819764 0.59723307] -> F: 0.3953850049907162
Punto[1.         0.48863755 0.59743492] -> F: 0.39511605589203097
Punto[1.         0.48907746 0.59763677] -> F: 0.39484728150180126
Punto[1.         0.48951737 0.59783862] -> F: 0.3945786818200267
Punto[1.         0.48995728 0.59804047] -> F: 0.3943102568467078
Punto[1.         0.49039719 0.59824231] -> F: 0.3940420065818441
Punto[1.         0.4908371  0.59844416] -> F: 0.3937739310254356
Punto[1.         0.49127701 0.59864601] -> F: 0.3935060301774827
Punto[1.         0.49171692 0.59884786] -> F: 0.39323830403798504
Punto[1.         0.49215683 0.59904971] -> F: 0.3929707526069427
Punto[1.         0.49259674 0.59925156] -> F: 0.3927033758843559
Punto[1.         0.49303665 0.59945341] -> F: 0.3924361738702244
Punto[1.         0.49347656 0.59965526] -> F: 0.3921685129595118
Punto[1.         0.49391647 0.59985711] -> F: 0.391899990142947
Punto[1.         0.49435637 0.60005896] -> F: 0.39163164422994307
Punto[1.         0.49479628 0.60026081] -> F: 0.3913634752204997
Punto[1.         0.49523619 0.60046266] -> F: 0.3910954831146166
Punto[1.         0.4956761  0.60066451] -> F: 0.39082766791229434
Punto[1.         0.49611601 0.60086636] -> F: 0.3905600296135327
Punto[1.         0.49655592 0.60106821] -> F: 0.3902925682183315
Punto[1.         0.49699583 0.60127006] -> F: 0.390025283726691
Punto[1.         0.49743574 0.60147191] -> F: 0.389758176138611
Punto[1.         0.49787565 0.60167376] -> F: 0.38949124545409164
Punto[1.         0.49831556 0.60187561] -> F: 0.38922449167313294
Punto[1.         0.49875547 0.60207746] -> F: 0.38895791479573466
Punto[1.         0.49919538 0.60227931] -> F: 0.3886915148218971
Punto[1.         0.49963529 0.60248116] -> F: 0.38842529175162005
Punto[1.         0.5000752  0.60268301] -> F: 0.38815924558490367
Punto[1.         0.50051511 0.60288486] -> F: 0.3878933763217477
Punto[1.         0.50095501 0.60308671] -> F: 0.38762768396215247
Punto[1.         0.50139492 0.60328856] -> F: 0.3873621685061177
Punto[1.         0.50183483 0.60349041] -> F: 0.38709682995364364
Punto[1.         0.50227474 0.60369226] -> F: 0.3868316683047301
{
  "seed": 8745,
  "n_per_z": 10,
  "nz": 100,
  "nd": 100,
  "n_muestras": 50,
  "best_f": 0.40026151866777027,
  "best_cp": [
    1.0,
    0.4802702987537783,
    0.5935956497092932
  ],
  "best_u": [
    0.9980267284282716,
    0.04152411559457142,
    0.04709986376678551
  ],
  "best_index": 1,
  "n_candidatos": 54
}
