Punto[0.        0.5048363 0.5666131] -> F: 0.17592476397114085
Punto[1.         0.5126643  0.45657977] -> F: 0.39216277755527656
Punto[2.         0.47142222 0.37791188] -> F: 0.09672269292411725
Punto[1.         0.48812926 0.47226249] -> F: 0.39159762136791815
Punto[1.         0.5121736  0.45689343] -> F: 0.3926698611331473
Punto[1.         0.51169272 0.45720081] -> F: 0.3931675241407853
Punto[1.         0.51121183 0.45750819] -> F: 0.39366590096589704
Punto[1.         0.51073094 0.45781557] -> F: 0.394164991608482
Punto[1.         0.51025005 0.45812295] -> F: 0.3946647960685404
Punto[1.         0.50976917 0.45843034] -> F: 0.39516531434607194
Punto[1.         0.50928828 0.45873772] -> F: 0.3956665464410771
Punto[1.         0.50880739 0.4590451 ] -> F: 0.3961684923535555
Punto[1.         0.50832651 0.45935248] -> F: 0.3966711520835073
Punto[1.         0.50784562 0.45965986] -> F: 0.39717452563093253
Punto[1.         0.50736473 0.45996724] -> F: 0.3976786129958309
Punto[1.         0.50688385 0.46027462] -> F: 0.39818341417820285
Punto[1.         0.50640296 0.460582  ] -> F: 0.398688929178048
Punto[1.         0.50592207 0.46088938] -> F: 0.39919515799536665
Punto[1.         0.50544119 0.46119677] -> F: 0.39970210063015865
Punto[1.         0.5049603  0.46150415] -> F: 0.4001870809711799
Punto[1.         0.50447941 0.46181153] -> F: 0.4006388158015436
Punto[1.         0.50399853 0.46211891] -> F: 0.4010258035937552
Punto[1.         0.50351764 0.46242629] -> F: 0.4007726103832597
Punto[1.         0.50303675 0.46273367] -> F: 0.40051951900449656
Punto[1.         0.50255587 0.46304105] -> F: 0.40026652945746605
Punto[1.         0.50207498 0.46334843] -> F: 0.40001364174216786
Punto[1.         0.50159409 0.46365582] -> F: 0.3997608558586022
Punto[1.         0.50111321 0.4639632 ] -> F: 0.3995081718067689
Punto[1.         0.50063232 0.46427058] -> F: 0.39925558958666807
Punto[1.         0.50015143 0.46457796] -> F: 0.39900235274185647
Punto[1.         0.49967054 0.46488534] -> F: 0.3987451847572803
Punto[1.         0.49918966 0.46519272] -> F: 0.39848812250712906
Punto[1.         0.49870877 0.4655001 ] -> F: 0.3982311659914027
Punto[1.         0.49822788 0.46580748] -> F: 0.39797431521010096
Punto[1.         0.497747   0.46611487] -> F: 0.39771757016322407
Punto[1.         0.49726611 0.46642225] -> F: 0.397460930850772
Punto[1.         0.49678522 0.46672963] -> F: 0.3972043972727448
Punto[1.         0.49630434 0.46703701] -> F: 0.39694796942914223
Punto[1.         0.49582345 0.46734439] -> F: 0.39669164731996465
Punto[1.         0.49534256 0.46765177] -> F: 0.3964178365263437
Punto[1.         0.49486168 0.46795915] -> F: 0.3961305013586275
Punto[1.         0.49438079 0.46826653] -> F: 0.39584296518219414
Punto[1.         0.4938999  0.46857391] -> F: 0.3955552279970436
Punto[1.         0.49341902 0.4688813 ] -> F: 0.3952672898031762
Punto[1.         0.49293813 0.46918868] -> F: 0.39497915060059163
Punto[1.         0.49245724 0.46949606] -> F: 0.3946210129630684
Punto[1.         0.49197636 0.46980344] -> F: 0.3942635406922556
Punto[1.         0.49149547 0.47011082] -> F: 0.39391145338928085
Punto[1.         0.49101458 0.4704182 ] -> F: 0.3935647510541439
Punto[1.         0.49053369 0.47072558] -> F: 0.3932234336868449
Punto[1.         0.49005281 0.47103296] -> F: 0.39288750128738387
Punto[1.         0.48957192 0.47134035] -> F: 0.3925569538557606
Punto[1.         0.48909103 0.47164773] -> F: 0.39223179139197517
Punto[1.         0.48861015 0.47195511] -> F: 0.39191201389602776
{
  "seed": 18392,
  "n_per_z": 10,
  "nz": 100,
  "nd": 100,
  "n_muestras": 50,
  "best_f": 0.4010258035937552,
  "best_cp": [
    1.0,
    0.5039985260382862,
    0.4621189094868514
  ],
  "best_u": [
    0.9685831611286311,
    -0.09876666410972369,
    0.22823629430637282
  ],
  "best_index": 21,
  "n_candidatos": 54
}
