Punto[0.         0.62615197 0.44676313] -> F: 0.12126682755976995
Punto[1.         0.55536494 0.43588158] -> F: 0.37704918857667535
Punto[2.        0.4208817 0.5464733] -> F: 0.09706350628462004
Punto[1.         0.52351683 0.49661822] -> F: 0.37894380917173875
Punto[1.         0.55472798 0.43709631] -> F: 0.3796252627004042
Punto[1.         0.55410376 0.43828675] -> F: 0.3821589404612916
Punto[1.         0.55347954 0.43947719] -> F: 0.3847016511688858
Punto[1.         0.55285531 0.44066762] -> F: 0.38725339482318705
Punto[1.         0.55223109 0.44185806] -> F: 0.38981417142419517
Punto[1.         0.55160687 0.4430485 ] -> F: 0.3923839809719105
Punto[1.         0.55098264 0.44423894] -> F: 0.3949628234663331
Punto[1.         0.55035842 0.44542938] -> F: 0.39755069890746264
Punto[1.         0.5497342  0.44661981] -> F: 0.400147607295299
Punto[1.         0.54910997 0.44781025] -> F: 0.40275354862984286
Punto[1.         0.54848575 0.44900069] -> F: 0.4053685229110935
Punto[1.         0.54786153 0.45019113] -> F: 0.40799253013905135
Punto[1.         0.54723731 0.45138157] -> F: 0.41062557031371616
Punto[1.         0.54661308 0.45257201] -> F: 0.41326764343508793
Punto[1.         0.54598886 0.45376244] -> F: 0.415918749503167
Punto[1.         0.54536464 0.45495288] -> F: 0.41857888851795283
Punto[1.         0.54474041 0.45614332] -> F: 0.42124806047944585
Punto[1.         0.54411619 0.45733376] -> F: 0.4239262653876461
Punto[1.         0.54349197 0.4585242 ] -> F: 0.4266135032425534
Punto[1.         0.54286775 0.45971463] -> F: 0.4293097740441677
Punto[1.         0.54224352 0.46090507] -> F: 0.4303091517519472
Punto[1.         0.5416193  0.46209551] -> F: 0.42888128281110144
Punto[1.         0.54099508 0.46328595] -> F: 0.4274618073488076
Punto[1.         0.54037085 0.46447639] -> F: 0.42605072536506616
Punto[1.         0.53974663 0.46566682] -> F: 0.42462084353500457
Punto[1.         0.53912241 0.46685726] -> F: 0.4230327862387926
Punto[1.         0.53849818 0.4680477 ] -> F: 0.42145451933129624
Punto[1.         0.53787396 0.46923814] -> F: 0.4198860428125158
Punto[1.         0.53724974 0.47042858] -> F: 0.4183273566824509
Punto[1.         0.53662552 0.47161902] -> F: 0.41677846094110205
Punto[1.         0.53600129 0.47280945] -> F: 0.4151963796477078
Punto[1.         0.53537707 0.47399989] -> F: 0.4134872889233241
Punto[1.         0.53475285 0.47519033] -> F: 0.4117924087159437
Punto[1.         0.53412862 0.47638077] -> F: 0.41011173902556675
Punto[1.         0.5335044  0.47757121] -> F: 0.40844527985219303
Punto[1.         0.53288018 0.47876164] -> F: 0.40679303119582233
Punto[1.         0.53225595 0.47995208] -> F: 0.40515499305645547
Punto[1.         0.53163173 0.48114252] -> F: 0.4035059466088526
Punto[1.         0.53100751 0.48233296] -> F: 0.40164370658092186
Punto[1.         0.53038329 0.4835234 ] -> F: 0.3997448803245154
Punto[1.         0.52975906 0.48471383] -> F: 0.39786411986914305
Punto[1.         0.52913484 0.48590427] -> F: 0.3960014252148049
Punto[1.         0.52851062 0.48709471] -> F: 0.39415679636150097
Punto[1.         0.52788639 0.48828515] -> F: 0.39233023330923106
Punto[1.         0.52726217 0.48947559] -> F: 0.39052173605799523
Punto[1.         0.52663795 0.49066603] -> F: 0.3887313046077937
Punto[1.         0.52601372 0.49185646] -> F: 0.38695893895862643
Punto[1.        0.5253895 0.4930469] -> F: 0.38497281081524054
Punto[1.         0.52476528 0.49423734] -> F: 0.3829252179393117
Punto[1.         0.52414106 0.49542778] -> F: 0.38091555072481126
Best centerpoint:  [1.         0.54224352 0.46090507] Best F:  0.4303091517519472 Best u:  [ 0.24868989 -0.32809585  0.91132127] índice:  21
{
  "seed": 4470,
  "n_per_z": 5,
  "nz": 100,
  "nd": 100,
  "n_muestras": 50,
  "best_f": 0.4303091517519472,
  "best_cp": [
    1.0,
    0.5422435221403419,
    0.46090507241519374
  ],
  "best_u": [
    0.24868988716485474,
    -0.32809584558532245,
    0.9113212694388209
  ],
  "n_candidatos": 54
}
