Punto[0.         0.57556466 0.4613323 ] -> F: 0.13590279088393412
Punto[1.         0.53907647 0.5077635 ] -> F: 0.43263480098580126
Punto[2.         0.51397214 0.46062861] -> F: 0.10060393191489925
Punto[1.         0.5447684  0.46098046] -> F: 0.4267891363457745
Punto[1.         0.53919031 0.50682784] -> F: 0.4340881890991665
Punto[1.         0.53930187 0.50591089] -> F: 0.43551269836211615
Punto[1.         0.53941343 0.50499394] -> F: 0.4369002799609486
Punto[1.         0.53952499 0.504077  ] -> F: 0.438289850107043
Punto[1.         0.53963656 0.50316005] -> F: 0.43968140880039946
Punto[1.         0.53974812 0.5022431 ] -> F: 0.44107495604101776
Punto[1.         0.53985968 0.50132615] -> F: 0.44247049182889775
Punto[1.         0.53997124 0.50040921] -> F: 0.44386801616404
Punto[1.         0.5400828  0.49949226] -> F: 0.4452675290464442
Punto[1.         0.54019436 0.49857531] -> F: 0.44666903047611023
Punto[1.         0.54030593 0.49765836] -> F: 0.4480440204855773
Punto[1.         0.54041749 0.49674141] -> F: 0.44880080273942297
Punto[1.         0.54052905 0.49582447] -> F: 0.44823136253744356
Punto[1.         0.54064061 0.49490752] -> F: 0.4476622014346658
Punto[1.         0.54075217 0.49399057] -> F: 0.44709331943108954
Punto[1.         0.54086373 0.49307362] -> F: 0.44652471652671466
Punto[1.         0.5409753  0.49215668] -> F: 0.4459563927215415
Punto[1.         0.54108686 0.49123973] -> F: 0.44538834801556976
Punto[1.         0.54119842 0.49032278] -> F: 0.4448205824087995
Punto[1.         0.54130998 0.48940583] -> F: 0.44425309590123085
Punto[1.         0.54142154 0.48848889] -> F: 0.44368588849286383
Punto[1.         0.54153311 0.48757194] -> F: 0.4431189601836982
Punto[1.         0.54164467 0.48665499] -> F: 0.44255231097373415
Punto[1.         0.54175623 0.48573804] -> F: 0.44198594086297166
Punto[1.         0.54186779 0.4848211 ] -> F: 0.44141984985141064
Punto[1.         0.54197935 0.48390415] -> F: 0.4408540379390512
Punto[1.         0.54209091 0.4829872 ] -> F: 0.44028850512589335
Punto[1.         0.54220248 0.48207025] -> F: 0.43972325141193697
Punto[1.         0.54231404 0.48115331] -> F: 0.4391582767971821
Punto[1.         0.5424256  0.48023636] -> F: 0.4385935812816288
Punto[1.         0.54253716 0.47931941] -> F: 0.438029164865277
Punto[1.         0.54264872 0.47840246] -> F: 0.43746502754812683
Punto[1.         0.54276029 0.47748551] -> F: 0.4369011693301781
Punto[1.         0.54287185 0.47656857] -> F: 0.4363375902114309
Punto[1.         0.54298341 0.47565162] -> F: 0.4357742901918853
Punto[1.         0.54309497 0.47473467] -> F: 0.43521126927154113
Punto[1.         0.54320653 0.47381772] -> F: 0.43464852745039867
Punto[1.         0.54331809 0.47290078] -> F: 0.4340860647284575
Punto[1.         0.54342966 0.47198383] -> F: 0.4335237067492936
Punto[1.         0.54354122 0.47106688] -> F: 0.4329609528575401
Punto[1.         0.54365278 0.47014993] -> F: 0.43239847890968847
Punto[1.         0.54376434 0.46923299] -> F: 0.4318362849057386
Punto[1.         0.5438759  0.46831604] -> F: 0.43127437084569076
Punto[1.         0.54398746 0.46739909] -> F: 0.4307127367295447
Punto[1.         0.54409903 0.46648214] -> F: 0.4301513825573005
Punto[1.         0.54421059 0.4655652 ] -> F: 0.42959030832895817
Punto[1.         0.54432215 0.46464825] -> F: 0.4290295140445176
Punto[1.         0.54443371 0.4637313 ] -> F: 0.42846899970397906
Punto[1.         0.54454527 0.46281435] -> F: 0.42790876530734234
Punto[1.         0.54465684 0.46189741] -> F: 0.42734881085460746
{
  "seed": 14319,
  "n_per_z": 10,
  "nz": 100,
  "nd": 100,
  "n_muestras": 50,
  "best_f": 0.44880080273942297,
  "best_cp": [
    1.0,
    0.5404174875983359,
    0.4967414146498905
  ],
  "best_u": [
    0.36812455268467775,
    0.08749969685015883,
    -0.9256501049326555
  ],
  "best_index": 15,
  "n_candidatos": 54
}
