Punto[0.         0.49726572 0.54785798] -> F: 0.15029085844254286
Punto[1.         0.56053058 0.54526059] -> F: 0.43556122421984583
Punto[2.         0.52702246 0.51265868] -> F: 0.14550687623770484
Punto[1.         0.51214409 0.53025833] -> F: 0.45028195242364333
Punto[1.         0.55956285 0.54496054] -> F: 0.437019387510455
Punto[1.         0.55861448 0.5446665 ] -> F: 0.43844981258139043
Punto[1.         0.5576661  0.54437246] -> F: 0.4398816483040584
Punto[1.         0.55671773 0.54407841] -> F: 0.4413148946784593
Punto[1.         0.55576935 0.54378437] -> F: 0.44274955170459357
Punto[1.         0.55482097 0.54349032] -> F: 0.4441856193824604
Punto[1.         0.5538726  0.54319628] -> F: 0.44562309771206
Punto[1.         0.55292422 0.54290223] -> F: 0.44705877395923177
Punto[1.         0.55197585 0.54260819] -> F: 0.448469663821154
Punto[1.         0.55102747 0.54231415] -> F: 0.44988210492447334
Punto[1.        0.5500791 0.5420201] -> F: 0.45129609726918923
Punto[1.         0.54913072 0.54172606] -> F: 0.4527116408553018
Punto[1.         0.54818235 0.54143201] -> F: 0.4541287356828114
Punto[1.         0.54723397 0.54113797] -> F: 0.4555473817517174
Punto[1.         0.5462856  0.54084392] -> F: 0.4569675790620205
Punto[1.         0.54533722 0.54054988] -> F: 0.4583893276137202
Punto[1.         0.54438885 0.54025584] -> F: 0.4598126274068167
Punto[1.         0.54344047 0.53996179] -> F: 0.4612247749599953
Punto[1.         0.5424921  0.53966775] -> F: 0.4626219682086189
Punto[1.         0.54154372 0.5393737 ] -> F: 0.46402090122923983
Punto[1.         0.54059535 0.53907966] -> F: 0.46542157402185813
Punto[1.         0.53964697 0.53878561] -> F: 0.4668239865864735
Punto[1.         0.5386986  0.53849157] -> F: 0.4682281389230863
Punto[1.         0.53775022 0.53819753] -> F: 0.46963403103169626
Punto[1.         0.53680185 0.53790348] -> F: 0.4710416629123039
Punto[1.         0.53585347 0.53760944] -> F: 0.4724510345649085
Punto[1.         0.53490509 0.53731539] -> F: 0.47385648813968984
Punto[1.         0.53395672 0.53702135] -> F: 0.4741377564123005
Punto[1.         0.53300834 0.5367273 ] -> F: 0.4734731515554794
Punto[1.         0.53205997 0.53643326] -> F: 0.472754006614123
Punto[1.         0.53111159 0.53613922] -> F: 0.4720432403369942
Punto[1.         0.53016322 0.53584517] -> F: 0.47134085272409343
Punto[1.         0.52921484 0.53555113] -> F: 0.4704664021958117
Punto[1.         0.52826647 0.53525708] -> F: 0.4692770436517588
Punto[1.         0.52731809 0.53496304] -> F: 0.46808708405538224
Punto[1.         0.52636972 0.53466899] -> F: 0.4668965234066823
Punto[1.         0.52542134 0.53437495] -> F: 0.4657053617056583
Punto[1.         0.52447297 0.53408091] -> F: 0.4645135989523107
Punto[1.         0.52352459 0.53378686] -> F: 0.4633301629293468
Punto[1.         0.52257622 0.53349282] -> F: 0.4621684982100093
Punto[1.         0.52162784 0.53319877] -> F: 0.4610220645230267
Punto[1.         0.52067947 0.53290473] -> F: 0.4598090452056368
Punto[1.         0.51973109 0.53261068] -> F: 0.45859536852074284
Punto[1.         0.51878272 0.53231664] -> F: 0.45738103446834466
Punto[1.         0.51783434 0.53202259] -> F: 0.4561847429885111
Punto[1.         0.51688597 0.53172855] -> F: 0.45504807494761645
Punto[1.         0.51593759 0.53143451] -> F: 0.45397255475208864
Punto[1.         0.51498921 0.53114046] -> F: 0.45295818240192737
Punto[1.         0.51404084 0.53084642] -> F: 0.45200495789713274
Punto[1.         0.51309246 0.53055237] -> F: 0.45111288123770465
{
  "seed": 19595,
  "n_per_z": 10,
  "nz": 100,
  "nd": 100,
  "n_muestras": 50,
  "best_f": 0.4741377564123005,
  "best_cp": [
    1.0,
    0.5339567197446677,
    0.537021348303288
  ],
  "best_u": [
    0.33873792024529137,
    -0.9035218614016095,
    -0.2624973663815799
  ],
  "best_index": 31,
  "n_candidatos": 54
}
