Punto[0.         0.47943922 0.4531071 ] -> F: 0.11698278372455656
Punto[1.         0.47597867 0.46406691] -> F: 0.4193137897384958
Punto[2.         0.4911665  0.54011195] -> F: 0.17876642367778509
Punto[1.         0.48530286 0.49660953] -> F: 0.4216388776441003
Punto[1.         0.47616515 0.46471776] -> F: 0.4200377031315832
Punto[1.         0.47634791 0.4653556 ] -> F: 0.4207496882612677
Punto[1.         0.47653066 0.46599343] -> F: 0.4214641976377898
Punto[1.         0.47671341 0.46663127] -> F: 0.4221812312611499
Punto[1.         0.47689617 0.46726911] -> F: 0.4229007891313479
Punto[1.         0.47707892 0.46790694] -> F: 0.42362287124838355
Punto[1.         0.47726168 0.46854478] -> F: 0.4243474776122573
Punto[1.         0.47744443 0.46918261] -> F: 0.42507460822296883
Punto[1.         0.47762719 0.46982045] -> F: 0.4258042630805182
Punto[1.         0.47780994 0.47045828] -> F: 0.42652914647271695
Punto[1.         0.47799269 0.47109612] -> F: 0.42723836521852165
Punto[1.         0.47817545 0.47173395] -> F: 0.42794955619404024
Punto[1.         0.4783582  0.47237179] -> F: 0.42866271939927253
Punto[1.         0.47854096 0.47300962] -> F: 0.4293694626778479
Punto[1.         0.47872371 0.47364746] -> F: 0.4299526523275037
Punto[1.         0.47890646 0.47428529] -> F: 0.4305393957051472
Punto[1.         0.47908922 0.47492313] -> F: 0.4311296928107788
Punto[1.         0.47927197 0.47556096] -> F: 0.430988790500361
Punto[1.         0.47945473 0.4761988 ] -> F: 0.430718782611852
Punto[1.         0.47963748 0.47683663] -> F: 0.43044235049016755
Punto[1.         0.47982023 0.47747447] -> F: 0.43016518581746
Punto[1.         0.48000299 0.47811231] -> F: 0.4298881248481483
Punto[1.         0.48018574 0.47875014] -> F: 0.4296111675822324
Punto[1.         0.4803685  0.47938798] -> F: 0.4293343140197122
Punto[1.         0.48055125 0.48002581] -> F: 0.4290575641605879
Punto[1.         0.48073401 0.48066365] -> F: 0.42878091800485935
Punto[1.         0.48091676 0.48130148] -> F: 0.4285043755525266
Punto[1.         0.48109951 0.48193932] -> F: 0.42822793680358945
Punto[1.         0.48128227 0.48257715] -> F: 0.42795160175804836
Punto[1.         0.48146502 0.48321499] -> F: 0.4276693948200092
Punto[1.         0.48164778 0.48385282] -> F: 0.4273859017201855
Punto[1.         0.48183053 0.48449066] -> F: 0.4271025179328088
Punto[1.         0.48201328 0.48512849] -> F: 0.4268192434578789
Punto[1.         0.48219604 0.48576633] -> F: 0.4265360782953961
Punto[1.         0.48237879 0.48640416] -> F: 0.42625302244536
Punto[1.         0.48256155 0.487042  ] -> F: 0.425970075907771
Punto[1.         0.4827443  0.48767983] -> F: 0.42568723868262887
Punto[1.         0.48292705 0.48831767] -> F: 0.42540451076993363
Punto[1.         0.48310981 0.4889555 ] -> F: 0.42512189216968527
Punto[1.         0.48329256 0.48959334] -> F: 0.4248335774817147
Punto[1.         0.48347532 0.49023118] -> F: 0.4245437840551795
Punto[1.         0.48365807 0.49086901] -> F: 0.4242541057427865
Punto[1.         0.48384082 0.49150685] -> F: 0.42396454254453536
Punto[1.         0.48402358 0.49214468] -> F: 0.42367509446042634
Punto[1.         0.48420633 0.49278252] -> F: 0.4233857614904593
Punto[1.         0.48438909 0.49342035] -> F: 0.42309654363463434
Punto[1.         0.48457184 0.49405819] -> F: 0.4228074408929513
Punto[1.         0.4847546  0.49469602] -> F: 0.4225184532654103
Punto[1.         0.48493735 0.49533386] -> F: 0.4222295807520115
Punto[1.         0.4851201  0.49597169] -> F: 0.42193495757441607
{
  "seed": 10173,
  "n_per_z": 10,
  "nz": 100,
  "nd": 100,
  "n_muestras": 50,
  "best_f": 0.4311296928107788,
  "best_cp": [
    1.0,
    0.4790892181701946,
    0.47492312871172204
  ],
  "best_u": [
    -0.2789911060392295,
    -0.09037161904947662,
    -0.9560318683084699
  ],
  "best_index": 20,
  "n_candidatos": 54
}
