Punto[0.         0.45644246 0.54908189] -> F: 0.15047014612864382
Punto[1.         0.45235235 0.56245553] -> F: 0.44769423189754864
Punto[2.         0.50502807 0.58458944] -> F: 0.11354160175958078
Punto[1.         0.48073526 0.56683566] -> F: 0.4314948097516484
Punto[1.         0.45292001 0.56254313] -> F: 0.44806570289223047
Punto[1.         0.45347632 0.56262898] -> F: 0.4479600795848225
Punto[1.         0.45403262 0.56271483] -> F: 0.44762220292885585
Punto[1.         0.45458893 0.56280068] -> F: 0.44728445338497425
Punto[1.         0.45514523 0.56288653] -> F: 0.44694683095317783
Punto[1.         0.45570154 0.56297239] -> F: 0.44660933563346644
Punto[1.         0.45625784 0.56305824] -> F: 0.44627196742584024
Punto[1.         0.45681415 0.56314409] -> F: 0.4459347263302992
Punto[1.         0.45737045 0.56322994] -> F: 0.44559761234684325
Punto[1.         0.45792676 0.56331579] -> F: 0.4452606254754724
Punto[1.         0.45848306 0.56340164] -> F: 0.44492376571618664
Punto[1.         0.45903937 0.56348749] -> F: 0.4445870330689861
Punto[1.         0.45959567 0.56357334] -> F: 0.44425008931475785
Punto[1.         0.46015198 0.56365919] -> F: 0.4439120506242661
Punto[1.         0.46070828 0.56374504] -> F: 0.4435741402277653
Punto[1.         0.46126459 0.56383089] -> F: 0.44323635812525536
Punto[1.         0.46182089 0.56391674] -> F: 0.4428987043167363
Punto[1.         0.4623772  0.56400259] -> F: 0.442561178802208
Punto[1.         0.4629335  0.56408844] -> F: 0.44222378158167064
Punto[1.         0.46348981 0.56417429] -> F: 0.44188651265512413
Punto[1.         0.46404611 0.56426014] -> F: 0.4415493720225684
Punto[1.         0.46460242 0.564346  ] -> F: 0.4412123596840037
Punto[1.         0.46515872 0.56443185] -> F: 0.44087547563942975
Punto[1.         0.46571503 0.5645177 ] -> F: 0.44053871988884674
Punto[1.         0.46627133 0.56460355] -> F: 0.4402020924322544
Punto[1.         0.46682764 0.5646894 ] -> F: 0.4398655932696531
Punto[1.         0.46738394 0.56477525] -> F: 0.43952922240104253
Punto[1.         0.46794025 0.5648611 ] -> F: 0.4391929798264229
Punto[1.         0.46849655 0.56494695] -> F: 0.43885686554579423
Punto[1.         0.46905286 0.5650328 ] -> F: 0.43852087955915614
Punto[1.         0.46960916 0.56511865] -> F: 0.4381850218665091
Punto[1.         0.47016547 0.5652045 ] -> F: 0.437849292467853
Punto[1.         0.47072177 0.56529035] -> F: 0.4375136913631876
Punto[1.         0.47127808 0.5653762 ] -> F: 0.4371782185525131
Punto[1.         0.47183438 0.56546205] -> F: 0.43684287403582955
Punto[1.         0.47239069 0.5655479 ] -> F: 0.43650765781313666
Punto[1.         0.47294699 0.56563376] -> F: 0.43617256988443476
Punto[1.         0.4735033  0.56571961] -> F: 0.43583761024972373
Punto[1.         0.4740596  0.56580546] -> F: 0.4355027789090036
Punto[1.         0.47461591 0.56589131] -> F: 0.43516807586227413
Punto[1.         0.47517221 0.56597716] -> F: 0.4348335011095357
Punto[1.         0.47572852 0.56606301] -> F: 0.4344990546507882
Punto[1.         0.47628482 0.56614886] -> F: 0.4341647364860314
Punto[1.         0.47684113 0.56623471] -> F: 0.43383054661526554
Punto[1.         0.47739743 0.56632056] -> F: 0.4334964850384906
Punto[1.         0.47795374 0.56640641] -> F: 0.43316255175570634
Punto[1.         0.47851004 0.56649226] -> F: 0.43282874676691313
Punto[1.         0.47906635 0.56657811] -> F: 0.4324950700721106
Punto[1.         0.47962265 0.56666396] -> F: 0.43216152167129906
Punto[1.         0.48017896 0.56674981] -> F: 0.4318281015644783
{
  "seed": 845,
  "n_per_z": 10,
  "nz": 100,
  "nd": 100,
  "n_muestras": 50,
  "best_f": 0.44806570289223047,
  "best_cp": [
    1.0,
    0.4529200104142723,
    0.5625431322723263
  ],
  "best_u": [
    0.2789911060392295,
    -0.6573662633717452,
    0.7000239699693694
  ],
  "best_index": 4,
  "n_candidatos": 54
}
