Punto[0.         0.55276367 0.49111424] -> F: 0.1107037060275047
Punto[1.         0.54572954 0.4566179 ] -> F: 0.38256308924995314
Punto[2.         0.60524149 0.62467667] -> F: 0.09568166279944347
Punto[1.         0.57900258 0.55789545] -> F: 0.3781019273184172
Punto[1.         0.546395   0.45864345] -> F: 0.3855348015232373
Punto[1.         0.54704715 0.46062849] -> F: 0.3884118594087013
Punto[1.         0.5476993  0.46261353] -> F: 0.3912839372499212
Punto[1.         0.54835146 0.46459857] -> F: 0.3941991593995874
Punto[1.         0.54900361 0.46658361] -> F: 0.3971575141975521
Punto[1.         0.54965576 0.46856865] -> F: 0.4001443264934966
Punto[1.         0.55030791 0.47055369] -> F: 0.4030710202829669
Punto[1.         0.55096006 0.47253873] -> F: 0.40603638987246404
Punto[1.         0.55161221 0.47452377] -> F: 0.4090388883928176
Punto[1.         0.55226437 0.47650881] -> F: 0.4120783909543797
Punto[1.         0.55291652 0.47849385] -> F: 0.4151548975571506
Punto[1.         0.55356867 0.48047889] -> F: 0.4182684082011301
Punto[1.         0.55422082 0.48246393] -> F: 0.4214180068511912
Punto[1.         0.55487297 0.48444897] -> F: 0.424532292044329
Punto[1.         0.55552512 0.48643401] -> F: 0.42765579539673654
Punto[1.         0.55617727 0.48841905] -> F: 0.4305069339476587
Punto[1.         0.55682943 0.49040409] -> F: 0.432831770065059
Punto[1.         0.55748158 0.49238913] -> F: 0.43519931403137935
Punto[1.         0.55813373 0.49437417] -> F: 0.4376095658466195
Punto[1.         0.55878588 0.49635921] -> F: 0.4369431935219768
Punto[1.         0.55943803 0.49834425] -> F: 0.4351645255476821
Punto[1.         0.56009018 0.50032929] -> F: 0.4333880829246581
Punto[1.         0.56074234 0.50231433] -> F: 0.4316138656529053
Punto[1.         0.56139449 0.50429937] -> F: 0.429841873732423
Punto[1.         0.56204664 0.50628441] -> F: 0.42807210716321176
Punto[1.         0.56269879 0.50826945] -> F: 0.42630456594527144
Punto[1.         0.56335094 0.51025449] -> F: 0.42453445229546244
Punto[1.         0.56400309 0.51223953] -> F: 0.422760718906039
Punto[1.         0.56465525 0.51422457] -> F: 0.420989237848231
Punto[1.         0.5653074  0.51620961] -> F: 0.41922000912203833
Punto[1.         0.56595955 0.51819465] -> F: 0.4174530327274614
Punto[1.         0.5666117  0.52017969] -> F: 0.41568830866449985
Punto[1.         0.56726385 0.52216473] -> F: 0.4139258369331539
Punto[1.         0.567916   0.52414977] -> F: 0.41216561753342335
Punto[1.         0.56856815 0.52613481] -> F: 0.4104004715789527
Punto[1.         0.56922031 0.52811985] -> F: 0.4086338617185033
Punto[1.         0.56987246 0.53010489] -> F: 0.4068695322722729
Punto[1.         0.57052461 0.53208993] -> F: 0.4051074832402616
Punto[1.         0.57117676 0.53407497] -> F: 0.403347714622469
Punto[1.         0.57182891 0.53606001] -> F: 0.4015902264188956
Punto[1.         0.57248106 0.53804505] -> F: 0.3998350186295411
Punto[1.         0.57313322 0.54003009] -> F: 0.39808209125440547
Punto[1.         0.57378537 0.54201513] -> F: 0.3963314442934888
Punto[1.         0.57443752 0.54400017] -> F: 0.39458307774679124
Punto[1.         0.57508967 0.54598521] -> F: 0.3928370902479769
Punto[1.         0.57574182 0.54797025] -> F: 0.3910950819184443
Punto[1.         0.57639397 0.54995529] -> F: 0.38935761352156123
Punto[1.         0.57704613 0.55194033] -> F: 0.3876246850573279
Punto[1.         0.57769828 0.55392537] -> F: 0.3853487434543274
Punto[1.         0.57835043 0.55591041] -> F: 0.3817630334212099
Best centerpoint:  [1.         0.55813373 0.49437417] Best F:  0.4376095658466195 Best u:  [ 0.18738131 -0.86078488 -0.47322049] índice:  19
{
  "seed": 15805,
  "n_per_z": 5,
  "nz": 100,
  "nd": 100,
  "n_muestras": 50,
  "best_f": 0.4376095658466195,
  "best_cp": [
    1.0,
    0.5581337296541975,
    0.4943741736826219
  ],
  "best_u": [
    0.1873813145857246,
    -0.8607848795354714,
    -0.47322049206181865
  ],
  "n_candidatos": 54
}
