Punto[0.         0.53595094 0.61242961] -> F: 0.15899639190323392
Punto[1.         0.47875079 0.55431472] -> F: 0.4062459508404695
Punto[2.         0.54861267 0.53294646] -> F: 0.11459141102464254
Punto[1.         0.5422818  0.57268803] -> F: 0.3997969671296734
Punto[1.         0.48002141 0.55468219] -> F: 0.407792520785754
Punto[1.         0.48126661 0.55504231] -> F: 0.4093223347073598
Punto[1.         0.48251182 0.55540242] -> F: 0.410821491724739
Punto[1.         0.48375703 0.55576254] -> F: 0.41232262991526325
Punto[1.         0.48500224 0.55612266] -> F: 0.4138350868363192
Punto[1.         0.48624745 0.55648278] -> F: 0.4153588102429862
Punto[1.         0.48749265 0.55684289] -> F: 0.4168938001352639
Punto[1.         0.48873786 0.55720301] -> F: 0.4184400565131523
Punto[1.         0.48998307 0.55756313] -> F: 0.41999757937665166
Punto[1.         0.49122828 0.55792324] -> F: 0.42156636872576164
Punto[1.         0.49247349 0.55828336] -> F: 0.4231464245604825
Punto[1.         0.49371869 0.55864348] -> F: 0.4247377468808141
Punto[1.         0.4949639  0.55900359] -> F: 0.4263403356867568
Punto[1.         0.49620911 0.55936371] -> F: 0.42793241777499474
Punto[1.         0.49745432 0.55972383] -> F: 0.4295173337724585
Punto[1.         0.49869953 0.56008394] -> F: 0.4311124557921709
Punto[1.         0.49994473 0.56044406] -> F: 0.43195327924754073
Punto[1.         0.50118994 0.56080418] -> F: 0.43106379279657986
Punto[1.         0.50243515 0.56116429] -> F: 0.43017667985653674
Punto[1.         0.50368036 0.56152441] -> F: 0.4292919404274111
Punto[1.         0.50492557 0.56188453] -> F: 0.42840957450920336
Punto[1.         0.50617077 0.56224465] -> F: 0.427529582101913
Punto[1.         0.50741598 0.56260476] -> F: 0.4266519632055402
Punto[1.         0.50866119 0.56296488] -> F: 0.42577671782008525
Punto[1.        0.5099064 0.563325 ] -> F: 0.42490384594554775
Punto[1.         0.51115161 0.56368511] -> F: 0.4240333475819278
Punto[1.         0.51239681 0.56404523] -> F: 0.4231652227292257
Punto[1.         0.51364202 0.56440535] -> F: 0.422273223961607
Punto[1.         0.51488723 0.56476546] -> F: 0.42130968002318614
Punto[1.         0.51613244 0.56512558] -> F: 0.4203485447625303
Punto[1.         0.51737765 0.5654857 ] -> F: 0.41938981817963933
Punto[1.         0.51862285 0.56584581] -> F: 0.4184335002745134
Punto[1.         0.51986806 0.56620593] -> F: 0.41747959104715227
Punto[1.         0.52111327 0.56656605] -> F: 0.41652809049755635
Punto[1.         0.52235848 0.56692616] -> F: 0.41557899862572506
Punto[1.         0.52360369 0.56728628] -> F: 0.4146323154316591
Punto[1.         0.52484889 0.5676464 ] -> F: 0.413688040915358
Punto[1.         0.5260941  0.56800652] -> F: 0.4127461750768218
Punto[1.         0.52733931 0.56836663] -> F: 0.41180671791605056
Punto[1.         0.52858452 0.56872675] -> F: 0.4108696694330445
Punto[1.         0.52982972 0.56908687] -> F: 0.4099350296278033
Punto[1.         0.53107493 0.56944698] -> F: 0.40899085952041186
Punto[1.         0.53232014 0.5698071 ] -> F: 0.4079628257845028
Punto[1.         0.53356535 0.57016722] -> F: 0.4069372431458021
Punto[1.         0.53481056 0.57052733] -> F: 0.4059122001965647
Punto[1.         0.53605576 0.57088745] -> F: 0.40488697299100385
Punto[1.         0.53730097 0.57124757] -> F: 0.4038641544632078
Punto[1.         0.53854618 0.57160768] -> F: 0.4028437446131768
Punto[1.         0.53979139 0.5719678 ] -> F: 0.40182574344091065
Punto[1.         0.5410366  0.57232792] -> F: 0.4008101509464096
{
  "seed": 12841,
  "n_per_z": 10,
  "nz": 100,
  "nd": 100,
  "n_muestras": 50,
  "best_f": 0.43195327924754073,
  "best_cp": [
    1.0,
    0.4999447334281806,
    0.5604440608815472
  ],
  "best_u": [
    0.42577929156507266,
    0.7483648781727545,
    0.5085882460220873
  ],
  "best_index": 20,
  "n_candidatos": 54
}
