Punto[0.         0.58102604 0.47901754] -> F: 0.17964797096839258
Punto[1.         0.50506907 0.57854546] -> F: 0.3941512975672108
Punto[2.         0.57337343 0.63163278] -> F: 0.09979369193296073
Punto[1.         0.57719974 0.55532516] -> F: 0.3750906163810113
Punto[1.         0.50651168 0.57808105] -> F: 0.39563468133626206
Punto[1.         0.50792545 0.57762593] -> F: 0.3969713395358947
Punto[1.         0.50933921 0.57717082] -> F: 0.39831155450698225
Punto[1.         0.51075297 0.5767157 ] -> F: 0.3996915151453352
Punto[1.         0.51216673 0.57626058] -> F: 0.40111122145095335
Punto[1.         0.51358049 0.57580546] -> F: 0.4025706734238367
Punto[1.         0.51499425 0.57535034] -> F: 0.4035494087472643
Punto[1.         0.51640801 0.57489523] -> F: 0.402981710027812
Punto[1.         0.51782177 0.57444011] -> F: 0.40241446475593556
Punto[1.         0.51923553 0.57398499] -> F: 0.4018476729316347
Punto[1.         0.5206493  0.57352987] -> F: 0.40126951217892903
Punto[1.         0.52206306 0.57307475] -> F: 0.40069048448649275
Punto[1.         0.52347682 0.57261964] -> F: 0.4001119315737388
Punto[1.         0.52489058 0.57216452] -> F: 0.39953385344066683
Punto[1.         0.52630434 0.5717094 ] -> F: 0.39894897307815747
Punto[1.         0.5277181  0.57125428] -> F: 0.3983587779857113
Punto[1.         0.52913186 0.57079916] -> F: 0.39776907943443374
Punto[1.         0.53054562 0.57034405] -> F: 0.3971798774243249
Punto[1.         0.53195938 0.56988893] -> F: 0.39658768096300856
Punto[1.         0.53337314 0.56943381] -> F: 0.39598645418055245
Punto[1.         0.53478691 0.56897869] -> F: 0.39538574617561095
Punto[1.         0.53620067 0.56852358] -> F: 0.3947855569481843
Punto[1.         0.53761443 0.56806846] -> F: 0.39418557595071685
Punto[1.         0.53902819 0.56761334] -> F: 0.3935734278217368
Punto[1.         0.54044195 0.56715822] -> F: 0.39296182123107964
Punto[1.         0.54185571 0.5667031 ] -> F: 0.39235075617874543
Punto[1.         0.54326947 0.56624799] -> F: 0.39174023266473396
Punto[1.         0.54468323 0.56579287] -> F: 0.3911196526309264
Punto[1.         0.54609699 0.56533775] -> F: 0.39049723327040586
Punto[1.         0.54751076 0.56488263] -> F: 0.38987537878766587
Punto[1.         0.54892452 0.56442751] -> F: 0.3892540891827063
Punto[1.         0.55033828 0.5639724 ] -> F: 0.38862511214229023
Punto[1.         0.55175204 0.56351728] -> F: 0.3879919408069856
Punto[1.         0.5531658  0.56306216] -> F: 0.38735935832689294
Punto[1.         0.55457956 0.56260704] -> F: 0.3867273647020123
Punto[1.         0.55599332 0.56215192] -> F: 0.38608981318692376
Punto[1.         0.55740708 0.56169681] -> F: 0.38544592544617534
Punto[1.         0.55882084 0.56124169] -> F: 0.3848026512411569
Punto[1.         0.5602346  0.56078657] -> F: 0.38415999057186856
Punto[1.         0.56164837 0.56033145] -> F: 0.3835137818180921
Punto[1.         0.56306213 0.55987634] -> F: 0.3828591875662345
Punto[1.         0.56447589 0.55942122] -> F: 0.3822052323053802
Punto[1.         0.56588965 0.5589661 ] -> F: 0.38155191603552924
Punto[1.         0.56730341 0.55851098] -> F: 0.3808970615877194
Punto[1.         0.56871717 0.55805586] -> F: 0.3802317443369252
Punto[1.         0.57013093 0.55760075] -> F: 0.3795670923862934
Punto[1.         0.57154469 0.55714563] -> F: 0.378903105735824
Punto[1.         0.57295845 0.55669051] -> F: 0.37823971419489366
Punto[1.         0.57437222 0.55623539] -> F: 0.37747856749709907
Punto[1.         0.57578598 0.55578027] -> F: 0.376280585996977
{
  "seed": 16634,
  "n_per_z": 10,
  "nz": 100,
  "nd": 100,
  "n_muestras": 50,
  "best_f": 0.4035494087472643,
  "best_cp": [
    1.0,
    0.5149942509183704,
    0.5753503436584175
  ],
  "best_u": [
    0.9995065603657316,
    0.028827369440197342,
    0.012474716711115937
  ],
  "best_index": 10,
  "n_candidatos": 54
}
