Punto[0.         0.44238692 0.43112561] -> F: 0.12186283856672045
Punto[1.         0.45602696 0.46070143] -> F: 0.4524081385449378
Punto[2.         0.45349702 0.42914022] -> F: 0.15284509727285384
Punto[1.         0.44794197 0.43013291] -> F: 0.44909201637976837
Punto[1.         0.45586526 0.46009006] -> F: 0.4531523018667109
Punto[1.         0.4557068  0.45949092] -> F: 0.4538820132177256
Punto[1.         0.45554833 0.45889177] -> F: 0.4546121515078955
Punto[1.         0.45538987 0.45829263] -> F: 0.4553427167372206
Punto[1.         0.4552314  0.45769349] -> F: 0.45607370890570065
Punto[1.         0.45507293 0.45709434] -> F: 0.45680512801333595
Punto[1.         0.45491447 0.4564952 ] -> F: 0.4575369740601263
Punto[1.         0.454756   0.45589606] -> F: 0.45826733916640444
Punto[1.         0.45459754 0.45529692] -> F: 0.4589850122721903
Punto[1.         0.45443907 0.45469777] -> F: 0.4597030960933478
Punto[1.         0.45428061 0.45409863] -> F: 0.46042159062987703
Punto[1.         0.45412214 0.45349949] -> F: 0.46114049588177813
Punto[1.         0.45396367 0.45290034] -> F: 0.4618598118490513
Punto[1.         0.45380521 0.4523012 ] -> F: 0.46257855824536276
Punto[1.         0.45364674 0.45170206] -> F: 0.4632841036478635
Punto[1.         0.45348828 0.45110292] -> F: 0.463990043824059
Punto[1.         0.45332981 0.45050377] -> F: 0.4641116575469027
Punto[1.         0.45317134 0.44990463] -> F: 0.46376567213929015
Punto[1.         0.45301288 0.44930549] -> F: 0.46341989459517235
Punto[1.         0.45285441 0.44870634] -> F: 0.4630743249145492
Punto[1.         0.45269595 0.4481072 ] -> F: 0.46272896309742106
Punto[1.         0.45253748 0.44750806] -> F: 0.4623838091437875
Punto[1.         0.45237901 0.44690891] -> F: 0.46203886305364883
Punto[1.         0.45222055 0.44630977] -> F: 0.46169412482700495
Punto[1.         0.45206208 0.44571063] -> F: 0.46134959446385576
Punto[1.         0.45190362 0.44511149] -> F: 0.46100527196420127
Punto[1.         0.45174515 0.44451234] -> F: 0.46066115732804164
Punto[1.         0.45158669 0.4439132 ] -> F: 0.46031725055537676
Punto[1.         0.45142822 0.44331406] -> F: 0.4599735516462067
Punto[1.         0.45126975 0.44271491] -> F: 0.45963006060053135
Punto[1.         0.45111129 0.44211577] -> F: 0.4592867774183508
Punto[1.         0.45095282 0.44151663] -> F: 0.458943702099665
Punto[1.         0.45079436 0.44091749] -> F: 0.45860083464447393
Punto[1.         0.45063589 0.44031834] -> F: 0.45825817505277766
Punto[1.         0.45047742 0.4397192 ] -> F: 0.45791572332457614
Punto[1.         0.45031896 0.43912006] -> F: 0.4574126762447861
Punto[1.         0.45016049 0.43852091] -> F: 0.45671730620856
Punto[1.         0.45000203 0.43792177] -> F: 0.45604204339683063
Punto[1.         0.44984356 0.43732263] -> F: 0.4553868878095982
Punto[1.         0.44968509 0.43672348] -> F: 0.4547518394468626
Punto[1.         0.44952663 0.43612434] -> F: 0.45413689830862364
Punto[1.         0.44936816 0.4355252 ] -> F: 0.45354206439488165
Punto[1.         0.4492097  0.43492606] -> F: 0.45296733770563646
Punto[1.         0.44905123 0.43432691] -> F: 0.45241271824088813
Punto[1.         0.44889277 0.43372777] -> F: 0.4518782060006365
Punto[1.         0.4487343  0.43312863] -> F: 0.45136380098488177
Punto[1.         0.44857583 0.43252948] -> F: 0.45086950319362384
Punto[1.         0.44841737 0.43193034] -> F: 0.4503953126268627
Punto[1.        0.4482589 0.4313312] -> F: 0.4499412292845985
Punto[1.         0.44810044 0.43073206] -> F: 0.449507253166831
{
  "seed": 17257,
  "n_per_z": 10,
  "nz": 100,
  "nd": 100,
  "n_muestras": 50,
  "best_f": 0.4641116575469027,
  "best_cp": [
    1.0,
    0.45332981006381856,
    0.45050377221566695
  ],
  "best_u": [
    -0.9980267284282716,
    -0.03690734136311293,
    -0.05079859738484654
  ],
  "best_index": 20,
  "n_candidatos": 54
}
