Punto[0.         0.52212366 0.60301609] -> F: 0.10828491178966576
Punto[1.         0.49184174 0.58989796] -> F: 0.4182527405549942
Punto[2.         0.43690599 0.52799659] -> F: 0.16879477393459513
Punto[1.         0.47951483 0.56550634] -> F: 0.4144693143319598
Punto[1.         0.4915952  0.58941013] -> F: 0.4190080715647039
Punto[1.         0.4913536  0.58893206] -> F: 0.4197476807779326
Punto[1.         0.49111199 0.58845398] -> F: 0.42048664638259803
Punto[1.         0.49087038 0.5879759 ] -> F: 0.4212249683786997
Punto[1.         0.49062877 0.58749783] -> F: 0.4219626467662379
Punto[1.         0.49038716 0.58701975] -> F: 0.42268917051944915
Punto[1.         0.49014556 0.58654168] -> F: 0.423230878251388
Punto[1.         0.48990395 0.5860636 ] -> F: 0.4236955845848735
Punto[1.         0.48966234 0.58558552] -> F: 0.4241622396490793
Punto[1.         0.48942073 0.58510745] -> F: 0.42463084344400553
Punto[1.         0.48917913 0.58462937] -> F: 0.4251013959696526
Punto[1.         0.48893752 0.5841513 ] -> F: 0.42557389722601996
Punto[1.         0.48869591 0.58367322] -> F: 0.42596666464770383
Punto[1.         0.4884543  0.58319515] -> F: 0.425663991687656
Punto[1.         0.4882127  0.58271707] -> F: 0.4253613923165143
Punto[1.         0.48797109 0.58223899] -> F: 0.4250588665342789
Punto[1.         0.48772948 0.58176092] -> F: 0.4247562659593075
Punto[1.         0.48748787 0.58128284] -> F: 0.4244524830354481
Punto[1.         0.48724627 0.58080477] -> F: 0.4241487743857131
Punto[1.         0.48700466 0.58032669] -> F: 0.4238451400101029
Punto[1.         0.48676305 0.57984861] -> F: 0.423541579908617
Punto[1.         0.48652144 0.57937054] -> F: 0.4232380940812558
Punto[1.         0.48627984 0.57889246] -> F: 0.42293468252801913
Punto[1.         0.48603823 0.57841439] -> F: 0.42263134524890705
Punto[1.         0.48579662 0.57793631] -> F: 0.42232808224391954
Punto[1.         0.48555501 0.57745823] -> F: 0.42202489351305633
Punto[1.         0.48531341 0.57698016] -> F: 0.421721779056318
Punto[1.         0.4850718  0.57650208] -> F: 0.42141873887370407
Punto[1.         0.48483019 0.57602401] -> F: 0.42111577296521463
Punto[1.         0.48458858 0.57554593] -> F: 0.42081288133084976
Punto[1.         0.48434698 0.57506785] -> F: 0.42051006397060964
Punto[1.         0.48410537 0.57458978] -> F: 0.42020732088449386
Punto[1.         0.48386376 0.5741117 ] -> F: 0.4199046520725027
Punto[1.         0.48362215 0.57363363] -> F: 0.4196020575346361
Punto[1.         0.48338055 0.57315555] -> F: 0.4192995372708941
Punto[1.         0.48313894 0.57267748] -> F: 0.4189970912812765
Punto[1.         0.48289733 0.5721994 ] -> F: 0.4186947195657835
Punto[1.         0.48265572 0.57172132] -> F: 0.418392422124415
Punto[1.         0.48241412 0.57124325] -> F: 0.4180901989571712
Punto[1.         0.48217251 0.57076517] -> F: 0.41778805006405195
Punto[1.        0.4819309 0.5702871] -> F: 0.4174859754450571
Punto[1.         0.48168929 0.56980902] -> F: 0.4171839751001869
Punto[1.         0.48144769 0.56933094] -> F: 0.4168820490294413
Punto[1.         0.48120608 0.56885287] -> F: 0.41658019723282014
Punto[1.         0.48096447 0.56837479] -> F: 0.4162784197103236
Punto[1.         0.48072286 0.56789672] -> F: 0.4159767164619515
Punto[1.         0.48048126 0.56741864] -> F: 0.41567508748770415
Punto[1.         0.48023965 0.56694056] -> F: 0.4153735327875812
Punto[1.         0.47999804 0.56646249] -> F: 0.41507205236158284
Punto[1.         0.47975643 0.56598441] -> F: 0.41477064620970905
{
  "seed": 8203,
  "n_per_z": 10,
  "nz": 100,
  "nd": 100,
  "n_muestras": 50,
  "best_f": 0.42596666464770383,
  "best_cp": [
    1.0,
    0.4886959121218354,
    0.5836732209851246
  ],
  "best_u": [
    -0.9995065603657316,
    -0.0019722978813257767,
    -0.03134877712019301
  ],
  "best_index": 16,
  "n_candidatos": 54
}
