Punto[0.         0.44187244 0.66717689] -> F: 0.13913261103626318
Punto[1.         0.48744413 0.55755928] -> F: 0.44758104640840635
Punto[2.         0.49086895 0.51838889] -> F: 0.14842119953244653
Punto[1.         0.46637069 0.59278289] -> F: 0.45613524541737027
Punto[1.         0.48702266 0.55826375] -> F: 0.4489122431427843
Punto[1.         0.48660963 0.55895413] -> F: 0.45021755664608376
Punto[1.         0.48619659 0.55964452] -> F: 0.45152360337113756
Punto[1.         0.48578355 0.5603349 ] -> F: 0.4528303833179453
Punto[1.         0.48537051 0.56102528] -> F: 0.4540973674732502
Punto[1.         0.48495747 0.56171566] -> F: 0.4550259497467247
Punto[1.         0.48454443 0.56240605] -> F: 0.4559558540850555
Punto[1.         0.48413139 0.56309643] -> F: 0.45688708048824217
Punto[1.         0.48371835 0.56378681] -> F: 0.4578196289562853
Punto[1.         0.48330531 0.5644772 ] -> F: 0.4587464332019273
Punto[1.         0.48289227 0.56516758] -> F: 0.45965380140176143
Punto[1.         0.48247923 0.56585796] -> F: 0.4605623370160792
Punto[1.         0.48206619 0.56654834] -> F: 0.46147204004488096
Punto[1.         0.48165315 0.56723873] -> F: 0.4623829104881669
Punto[1.         0.48124011 0.56792911] -> F: 0.46329494834593665
Punto[1.         0.48082707 0.56861949] -> F: 0.4642081536181904
Punto[1.         0.48041403 0.56930987] -> F: 0.46512252630492795
Punto[1.         0.48000099 0.57000026] -> F: 0.46601329129330815
Punto[1.         0.47958795 0.57069064] -> F: 0.4669044813026641
Punto[1.         0.47917491 0.57138102] -> F: 0.4677967189318945
Punto[1.         0.47876187 0.57207141] -> F: 0.4686900041809992
Punto[1.         0.47834884 0.57276179] -> F: 0.46958433704997843
Punto[1.         0.4779358  0.57345217] -> F: 0.47047971753883205
Punto[1.         0.47752276 0.57414255] -> F: 0.47137614564755986
Punto[1.         0.47710972 0.57483294] -> F: 0.4722666294492169
Punto[1.         0.47669668 0.57552332] -> F: 0.4731416510665727
Punto[1.         0.47628364 0.5762137 ] -> F: 0.4725734271327285
Punto[1.         0.4758706  0.57690409] -> F: 0.4719823721920484
Punto[1.         0.47545756 0.57759447] -> F: 0.471391676709319
Punto[1.         0.47504452 0.57828485] -> F: 0.4707935384276334
Punto[1.         0.47463148 0.57897523] -> F: 0.4701748918381508
Punto[1.         0.47421844 0.57966562] -> F: 0.46951880748052616
Punto[1.        0.4738054 0.580356 ] -> F: 0.4688629445391451
Punto[1.         0.47339236 0.58104638] -> F: 0.4682073030140074
Punto[1.         0.47297932 0.58173676] -> F: 0.4675467024124518
Punto[1.         0.47256628 0.58242715] -> F: 0.466872820419944
Punto[1.         0.47215324 0.58311753] -> F: 0.46619917189393417
Punto[1.         0.4717402  0.58380791] -> F: 0.46552575683442265
Punto[1.         0.47132716 0.5844983 ] -> F: 0.46485257524140905
Punto[1.         0.47091412 0.58518868] -> F: 0.4641678332522882
Punto[1.         0.47050109 0.58587906] -> F: 0.46347665981445957
Punto[1.         0.47008805 0.58656944] -> F: 0.46278577425735085
Punto[1.         0.46967501 0.58725983] -> F: 0.4620951765809623
Punto[1.         0.46926197 0.58795021] -> F: 0.46139835589112244
Punto[1.         0.46884893 0.58864059] -> F: 0.46064851063692874
Punto[1.         0.46843589 0.58933097] -> F: 0.4598989837523814
Punto[1.         0.46802285 0.59002136] -> F: 0.45914977523748013
Punto[1.         0.46760981 0.59071174] -> F: 0.45840088509222476
Punto[1.         0.46719677 0.59140212] -> F: 0.45765231331661577
Punto[1.         0.46678373 0.59209251] -> F: 0.4569022326022898
{
  "seed": 2641,
  "n_per_z": 10,
  "nz": 100,
  "nd": 100,
  "n_muestras": 50,
  "best_f": 0.4731416510665727,
  "best_cp": [
    1.0,
    0.4766966775481023,
    0.5755233195906623
  ],
  "best_u": [
    -0.2789911060392295,
    0.8415117715626473,
    -0.46262501129154493
  ],
  "best_index": 29,
  "n_candidatos": 54
}
