Punto[0.         0.36076438 0.40270361] -> F: 0.1395876690940433
Punto[1.         0.49746601 0.42440404] -> F: 0.44456313633272243
Punto[2.         0.60164419 0.43378267] -> F: 0.14006550847595775
Punto[1.         0.48120429 0.41824314] -> F: 0.45000615911865516
Punto[1.         0.49714078 0.42428082] -> F: 0.4450219705781977
Punto[1.         0.49682205 0.42416007] -> F: 0.4454718091264596
Punto[1.         0.49650332 0.42403931] -> F: 0.4459218268342593
Punto[1.         0.49618459 0.42391856] -> F: 0.44636094717021685
Punto[1.         0.49586586 0.42379781] -> F: 0.44679797859577003
Punto[1.         0.49554713 0.42367705] -> F: 0.44723517844205385
Punto[1.        0.4952284 0.4235563] -> F: 0.4476725467090679
Punto[1.         0.49490967 0.42343554] -> F: 0.4481100833968126
Punto[1.         0.49459094 0.42331479] -> F: 0.4485477885052876
Punto[1.         0.49427221 0.42319404] -> F: 0.44898566203449297
Punto[1.         0.49395348 0.42307328] -> F: 0.44942370398442877
Punto[1.         0.49363475 0.42295253] -> F: 0.4498619143550949
Punto[1.         0.49331602 0.42283178] -> F: 0.45030029314649156
Punto[1.         0.49299729 0.42271102] -> F: 0.45073884035861833
Punto[1.         0.49267856 0.42259027] -> F: 0.4511775559914758
Punto[1.         0.49235983 0.42246952] -> F: 0.4516164400450636
Punto[1.         0.4920411  0.42234876] -> F: 0.4520554925193819
Punto[1.         0.49172237 0.42222801] -> F: 0.45249471341443054
Punto[1.         0.49140364 0.42210726] -> F: 0.4529341027302093
Punto[1.         0.49108491 0.4219865 ] -> F: 0.453373660466719
Punto[1.         0.49076618 0.42186575] -> F: 0.45381338662395865
Punto[1.         0.49044745 0.42174499] -> F: 0.4542532812019287
Punto[1.         0.49012872 0.42162424] -> F: 0.45469334420062946
Punto[1.         0.48980999 0.42150349] -> F: 0.4551335756200605
Punto[1.         0.48949126 0.42138273] -> F: 0.45557397546022194
Punto[1.         0.48917253 0.42126198] -> F: 0.4560145437211137
Punto[1.         0.4888538  0.42114123] -> F: 0.45645528040273586
Punto[1.         0.48853507 0.42102047] -> F: 0.4568961855050887
Punto[1.         0.48821634 0.42089972] -> F: 0.45733725902817174
Punto[1.         0.48789761 0.42077897] -> F: 0.45777850097198497
Punto[1.         0.48757888 0.42065821] -> F: 0.45821991133652895
Punto[1.         0.48726015 0.42053746] -> F: 0.4586614901218031
Punto[1.         0.48694142 0.42041671] -> F: 0.45910323732780767
Punto[1.         0.48662269 0.42029595] -> F: 0.4591791142337836
Punto[1.         0.48630396 0.4201752 ] -> F: 0.4586407908701453
Punto[1.         0.48598523 0.42005444] -> F: 0.4581027184034342
Punto[1.         0.4856665  0.41993369] -> F: 0.4575648968336499
Punto[1.         0.48534777 0.41981294] -> F: 0.4570273261607928
Punto[1.         0.48502904 0.41969218] -> F: 0.4564900063848625
Punto[1.         0.48471031 0.41957143] -> F: 0.4559529375058594
Punto[1.         0.48439158 0.41945068] -> F: 0.45541611952378325
Punto[1.         0.48407285 0.41932992] -> F: 0.4548795524386341
Punto[1.         0.48375412 0.41920917] -> F: 0.45433773821194134
Punto[1.         0.48343539 0.41908842] -> F: 0.4537953897935697
Punto[1.         0.48311666 0.41896766] -> F: 0.45325329881282983
Punto[1.         0.48279793 0.41884691] -> F: 0.45271146526972145
Punto[1.         0.48247921 0.41872616] -> F: 0.45216988916424494
Punto[1.         0.48216048 0.4186054 ] -> F: 0.45162857049640004
Punto[1.         0.48184175 0.41848465] -> F: 0.45108750926618674
Punto[1.         0.48152302 0.4183639 ] -> F: 0.4505467054736051
{
  "seed": 9455,
  "n_per_z": 10,
  "nz": 100,
  "nd": 100,
  "n_muestras": 50,
  "best_f": 0.4591791142337836,
  "best_cp": [
    1.0,
    0.4866226925494118,
    0.4202959520569851
  ],
  "best_u": [
    0.12533323356430415,
    -0.8205587969094137,
    -0.5576511825315993
  ],
  "best_index": 37,
  "n_candidatos": 54
}
