Punto[0.         0.64062727 0.49584528] -> F: 0.12606520001374766
Punto[1.         0.58164843 0.47957778] -> F: 0.3982512179066473
Punto[2.         0.44665871 0.539075  ] -> F: 0.1330339012710041
Punto[1.         0.54364299 0.51746014] -> F: 0.4213594584426846
Punto[1.         0.58088833 0.48033542] -> F: 0.40058163019920623
Punto[1.         0.58014342 0.48107792] -> F: 0.4028237891890752
Punto[1.         0.57939851 0.48182041] -> F: 0.4049055654164518
Punto[1.         0.57865361 0.48256291] -> F: 0.4069969279259226
Punto[1.        0.5779087 0.4833054] -> F: 0.4090978767174877
Punto[1.         0.57716379 0.48404789] -> F: 0.4112084117911473
Punto[1.         0.57641889 0.48479039] -> F: 0.41332853314690127
Punto[1.         0.57567398 0.48553288] -> F: 0.4154582407847496
Punto[1.         0.57492907 0.48627538] -> F: 0.41759753470469213
Punto[1.         0.57418416 0.48701787] -> F: 0.41974641490672887
Punto[1.         0.57343926 0.48776037] -> F: 0.4219048468459482
Punto[1.         0.57269435 0.48850286] -> F: 0.4240711488829479
Punto[1.         0.57194944 0.48924535] -> F: 0.4262443909189679
Punto[1.         0.57120454 0.48998785] -> F: 0.4284245729540084
Punto[1.         0.57045963 0.49073034] -> F: 0.4306116949880694
Punto[1.         0.56971472 0.49147284] -> F: 0.4328057570211509
Punto[1.         0.56896982 0.49221533] -> F: 0.4350067590532525
Punto[1.         0.56822491 0.49295783] -> F: 0.4372147010843748
Punto[1.         0.56748    0.49370032] -> F: 0.43939727925306205
Punto[1.         0.5667351  0.49444281] -> F: 0.44157997721924164
Punto[1.         0.56599019 0.49518531] -> F: 0.44376963031251304
Punto[1.         0.56524528 0.4959278 ] -> F: 0.445663949513465
Punto[1.         0.56450038 0.4966703 ] -> F: 0.44756387835347405
Punto[1.         0.56375547 0.49741279] -> F: 0.449478664429138
Punto[1.         0.56301056 0.49815529] -> F: 0.4514083077404569
Punto[1.         0.56226566 0.49889778] -> F: 0.45335280828743063
Punto[1.         0.56152075 0.49964027] -> F: 0.4553121660700596
Punto[1.         0.56077584 0.50038277] -> F: 0.45727800071268826
Punto[1.         0.56003094 0.50112526] -> F: 0.45917465547678515
Punto[1.         0.55928603 0.50186776] -> F: 0.45792574872328295
Punto[1.         0.55854112 0.50261025] -> F: 0.4566154755191232
Punto[1.         0.55779622 0.50335275] -> F: 0.4553028692970906
Punto[1.         0.55705131 0.50409524] -> F: 0.45398793005718613
Punto[1.         0.5563064  0.50483773] -> F: 0.45267065779940885
Punto[1.         0.5555615  0.50558023] -> F: 0.4513510525237594
Punto[1.         0.55481659 0.50632272] -> F: 0.4498811309372211
Punto[1.         0.55407168 0.50706522] -> F: 0.448372406693379
Punto[1.         0.55332677 0.50780771] -> F: 0.44688952494296413
Punto[1.         0.55258187 0.50855021] -> F: 0.4454324856859769
Punto[1.         0.55183696 0.5092927 ] -> F: 0.443623311973979
Punto[1.         0.55109205 0.51003519] -> F: 0.44165054973216267
Punto[1.         0.55034715 0.51077769] -> F: 0.4396908144069363
Punto[1.         0.54960224 0.51152018] -> F: 0.4377441059983
Punto[1.         0.54885733 0.51226268] -> F: 0.4357730856198206
Punto[1.         0.54811243 0.51300517] -> F: 0.4337044855065424
Punto[1.         0.54736752 0.51374767] -> F: 0.4316347440171227
Punto[1.         0.54662261 0.51449016] -> F: 0.4295638611515616
Punto[1.         0.54587771 0.51523265] -> F: 0.42749183690985876
Punto[1.         0.5451328  0.51597515] -> F: 0.42542135457472385
Punto[1.         0.54438789 0.51671764] -> F: 0.4233754641927947
{
  "seed": 10148,
  "n_per_z": 10,
  "nz": 100,
  "nd": 100,
  "n_muestras": 50,
  "best_f": 0.45917465547678515,
  "best_cp": [
    1.0,
    0.5600309358654656,
    0.5011252632821
  ],
  "best_u": [
    0.1564344650402308,
    -0.9292969653862762,
    -0.33456749434371996
  ],
  "best_index": 32,
  "n_candidatos": 54
}
