Punto[0.         0.47434522 0.36310012] -> F: 0.17282898587005305
Punto[1.         0.5042892  0.40361297] -> F: 0.39597491896712106
Punto[2.         0.44211386 0.55879206] -> F: 0.10580798908937541
Punto[1.         0.45822954 0.46094609] -> F: 0.38701987244121494
Punto[1.         0.50336801 0.40475963] -> F: 0.3986927482321128
Punto[1.         0.50246524 0.40588336] -> F: 0.40136491191168494
Punto[1.         0.50156247 0.40700709] -> F: 0.40404567880326003
Punto[1.         0.5006597  0.40813082] -> F: 0.40668108581698015
Punto[1.         0.49975693 0.40925455] -> F: 0.4092919713416679
Punto[1.         0.49885416 0.41037828] -> F: 0.4119106051876458
Punto[1.         0.49795139 0.41150201] -> F: 0.4145369873549139
Punto[1.         0.49704862 0.41262574] -> F: 0.4171711178434721
Punto[1.         0.49614585 0.41374947] -> F: 0.41981299665332034
Punto[1.         0.49524308 0.41487319] -> F: 0.42246262378445887
Punto[1.         0.49434031 0.41599692] -> F: 0.42229036414417215
Punto[1.         0.49343755 0.41712065] -> F: 0.42168342408157644
Punto[1.         0.49253478 0.41824438] -> F: 0.421067102262313
Punto[1.         0.49163201 0.41936811] -> F: 0.4204511448325865
Punto[1.         0.49072924 0.42049184] -> F: 0.4198241045427053
Punto[1.         0.48982647 0.42161557] -> F: 0.4191867089192848
Punto[1.        0.4889237 0.4227393] -> F: 0.41845342412436487
Punto[1.         0.48802093 0.42386303] -> F: 0.4175386542147144
Punto[1.         0.48711816 0.42498676] -> F: 0.41662457090812927
Punto[1.         0.48621539 0.42611049] -> F: 0.41571117420460935
Punto[1.         0.48531262 0.42723422] -> F: 0.41479846410415455
Punto[1.         0.48440985 0.42835794] -> F: 0.4138864406067651
Punto[1.         0.48350708 0.42948167] -> F: 0.4129668613358518
Punto[1.         0.48260431 0.4306054 ] -> F: 0.41204604928601407
Punto[1.         0.48170154 0.43172913] -> F: 0.41112593926355034
Punto[1.         0.48079877 0.43285286] -> F: 0.41020653126846074
Punto[1.         0.47989601 0.43397659] -> F: 0.40928782530074526
Punto[1.         0.47899324 0.43510032] -> F: 0.4083698213604039
Punto[1.         0.47809047 0.43622405] -> F: 0.40745251944743655
Punto[1.         0.4771877  0.43734778] -> F: 0.40653160772658326
Punto[1.         0.47628493 0.43847151] -> F: 0.4056054703683637
Punto[1.         0.47538216 0.43959524] -> F: 0.4046800508335633
Punto[1.         0.47447939 0.44071896] -> F: 0.40375534912218214
Punto[1.         0.47357662 0.44184269] -> F: 0.40283136523422025
Punto[1.         0.47267385 0.44296642] -> F: 0.4019080991696775
Punto[1.         0.47177108 0.44409015] -> F: 0.4009855509285542
Punto[1.         0.47086831 0.44521388] -> F: 0.4000631495908759
Punto[1.         0.46996554 0.44633761] -> F: 0.39913169730329545
Punto[1.         0.46906277 0.44746134] -> F: 0.39820097905217106
Punto[1.         0.46816    0.44858507] -> F: 0.397270994837503
Punto[1.         0.46725724 0.4497088 ] -> F: 0.39634174465929134
Punto[1.         0.46635447 0.45083253] -> F: 0.3954132285175358
Punto[1.         0.4654517  0.45195626] -> F: 0.39448544641223654
Punto[1.         0.46454893 0.45307999] -> F: 0.39355839834339357
Punto[1.         0.46364616 0.45420371] -> F: 0.3926247722853546
Punto[1.         0.46274339 0.45532744] -> F: 0.3916887455217544
Punto[1.         0.46184062 0.45645117] -> F: 0.3907534694739851
Punto[1.         0.46093785 0.4575749 ] -> F: 0.38981894414204643
Punto[1.         0.46003508 0.45869863] -> F: 0.3888851695259387
Punto[1.         0.45913231 0.45982236] -> F: 0.3879521456256614
{
  "seed": 9594,
  "n_per_z": 10,
  "nz": 100,
  "nd": 100,
  "n_muestras": 50,
  "best_f": 0.42246262378445887,
  "best_cp": [
    1.0,
    0.49524308385264487,
    0.4148731945053308
  ],
  "best_u": [
    0.0627905195293134,
    0.748630896781119,
    -0.6600069174197619
  ],
  "best_index": 13,
  "n_candidatos": 54
}
