Punto[0.         0.50761834 0.63736368] -> F: 0.13698661833404382
Punto[1.         0.45387679 0.49283915] -> F: 0.4542269134340353
Punto[2.         0.40876705 0.4271307 ] -> F: 0.14929657812487954
Punto[1.         0.45819269 0.53224719] -> F: 0.4636590709157423
Punto[1.         0.45396311 0.49362731] -> F: 0.4553082313354035
Punto[1.        0.4540477 0.4943997] -> F: 0.4563684773733923
Punto[1.         0.45413229 0.4951721 ] -> F: 0.4574292723050731
Punto[1.         0.45421688 0.4959445 ] -> F: 0.4584906161304457
Punto[1.         0.45430147 0.4967169 ] -> F: 0.4595525088495102
Punto[1.         0.45438607 0.49748929] -> F: 0.4606149504622669
Punto[1.         0.45447066 0.49826169] -> F: 0.46167794096871545
Punto[1.         0.45455525 0.49903409] -> F: 0.4627414803688557
Punto[1.         0.45463984 0.49980649] -> F: 0.4638055686626882
Punto[1.         0.45472443 0.50057888] -> F: 0.4648677318218732
Punto[1.         0.45480902 0.50135128] -> F: 0.46592998107677
Punto[1.         0.45489362 0.50212368] -> F: 0.4669927766203783
Punto[1.         0.45497821 0.50289608] -> F: 0.4680485655631542
Punto[1.         0.4550628  0.50366848] -> F: 0.4690781717222873
Punto[1.         0.45514739 0.50444087] -> F: 0.4701083241701321
Punto[1.         0.45523198 0.50521327] -> F: 0.47113902290668885
Punto[1.         0.45531657 0.50598567] -> F: 0.47217026793195765
Punto[1.         0.45540117 0.50675807] -> F: 0.47320205924593844
Punto[1.         0.45548576 0.50753046] -> F: 0.474234396848631
Punto[1.         0.45557035 0.50830286] -> F: 0.47493037039883335
Punto[1.         0.45565494 0.50907526] -> F: 0.4749410436282149
Punto[1.         0.45573953 0.50984766] -> F: 0.4749517205528552
Punto[1.         0.45582412 0.51062005] -> F: 0.4749624011727545
Punto[1.         0.45590872 0.51139245] -> F: 0.47497308548791317
Punto[1.         0.45599331 0.51216485] -> F: 0.47498377349833065
Punto[1.         0.4560779  0.51293725] -> F: 0.4749944652040072
Punto[1.         0.45616249 0.51370964] -> F: 0.4750051606049428
Punto[1.         0.45624708 0.51448204] -> F: 0.4750158597011374
Punto[1.         0.45633167 0.51525444] -> F: 0.47502656249259123
Punto[1.         0.45641627 0.51602684] -> F: 0.47503726897930404
Punto[1.         0.45650086 0.51679924] -> F: 0.4750479791612758
Punto[1.         0.45658545 0.51757163] -> F: 0.47505869303850684
Punto[1.         0.45667004 0.51834403] -> F: 0.47506941061099667
Punto[1.         0.45675463 0.51911643] -> F: 0.47508013187874565
Punto[1.         0.45683922 0.51988883] -> F: 0.4750908568417538
Punto[1.         0.45692382 0.52066122] -> F: 0.4751015855000208
Punto[1.         0.45700841 0.52143362] -> F: 0.4751123178535471
Punto[1.         0.457093   0.52220602] -> F: 0.4751230539023322
Punto[1.         0.45717759 0.52297842] -> F: 0.4751337936463765
Punto[1.         0.45726218 0.52375081] -> F: 0.4749353118178327
Punto[1.         0.45734677 0.52452321] -> F: 0.47437374286855494
Punto[1.         0.45743137 0.52529561] -> F: 0.47370546541620046
Punto[1.         0.45751596 0.52606801] -> F: 0.47263299747739396
Punto[1.         0.45760055 0.52684041] -> F: 0.47156629145685924
Punto[1.         0.45768514 0.5276128 ] -> F: 0.4704816962338371
Punto[1.         0.45776973 0.5283852 ] -> F: 0.4693480115240556
Punto[1.         0.45785432 0.5291576 ] -> F: 0.46821295901031373
Punto[1.         0.45793892 0.52993   ] -> F: 0.46707653869261145
Punto[1.         0.45802351 0.53070239] -> F: 0.46593875057094875
Punto[1.         0.4581081  0.53147479] -> F: 0.46479959464532583
{
  "seed": 14384,
  "n_per_z": 10,
  "nz": 100,
  "nd": 100,
  "n_muestras": 50,
  "best_f": 0.4751337936463765,
  "best_cp": [
    1.0,
    0.4571775906137008,
    0.5229784167500938
  ],
  "best_u": [
    -0.36812455268467775,
    -0.9256501049326555,
    0.0874996968501588
  ],
  "best_index": 42,
  "n_candidatos": 54
}
