Punto[0.         0.50904024 0.58413607] -> F: 0.12360034221991145
Punto[1.         0.46408885 0.54037687] -> F: 0.435826987840729
Punto[2.         0.35751681 0.50166629] -> F: 0.17266481101251016
Punto[1.         0.43327852 0.54290118] -> F: 0.43755844759442813
Punto[1.         0.46347264 0.54042735] -> F: 0.43639802114268733
Punto[1.         0.46286876 0.54047683] -> F: 0.43694842512464116
Punto[1.         0.46226488 0.5405263 ] -> F: 0.4375011616966049
Punto[1.         0.46166099 0.54057578] -> F: 0.4380562308585787
Punto[1.         0.46105711 0.54062526] -> F: 0.43861363261056235
Punto[1.         0.46045323 0.54067473] -> F: 0.43917336695255593
Punto[1.         0.45984935 0.54072421] -> F: 0.43973543388455955
Punto[1.         0.45924547 0.54077369] -> F: 0.440299833406573
Punto[1.         0.45864158 0.54082316] -> F: 0.44086656551859643
Punto[1.         0.4580377  0.54087264] -> F: 0.44143563022062976
Punto[1.         0.45743382 0.54092212] -> F: 0.44200702751267307
Punto[1.         0.45682994 0.54097159] -> F: 0.44258075739472624
Punto[1.         0.45622605 0.54102107] -> F: 0.4431568198667895
Punto[1.         0.45562217 0.54107055] -> F: 0.44373521492886253
Punto[1.         0.45501829 0.54112002] -> F: 0.44431594258094564
Punto[1.         0.45441441 0.5411695 ] -> F: 0.4448893130379921
Punto[1.         0.45381052 0.54121898] -> F: 0.4454584701627098
Punto[1.         0.45320664 0.54126845] -> F: 0.44602964385013977
Punto[1.         0.45260276 0.54131793] -> F: 0.4466028341002814
Punto[1.         0.45199888 0.54136741] -> F: 0.447178040913135
Punto[1.         0.45139499 0.54141688] -> F: 0.4477552642887005
Punto[1.         0.45079111 0.54146636] -> F: 0.4475190722023433
Punto[1.         0.45018723 0.54151584] -> F: 0.4472628455281985
Punto[1.         0.44958335 0.54156531] -> F: 0.44698242007569655
Punto[1.         0.44897946 0.54161479] -> F: 0.44667633042030896
Punto[1.         0.44837558 0.54166427] -> F: 0.44637024180765217
Punto[1.         0.4477717  0.54171374] -> F: 0.44606415423772644
Punto[1.         0.44716782 0.54176322] -> F: 0.44569641670821974
Punto[1.         0.44656394 0.5418127 ] -> F: 0.4453248750369702
Punto[1.         0.44596005 0.54186217] -> F: 0.4449970668978566
Punto[1.         0.44535617 0.54191165] -> F: 0.4446706516641171
Punto[1.         0.44475229 0.54196113] -> F: 0.44434327838293003
Punto[1.         0.44414841 0.5420106 ] -> F: 0.4440149470542954
Punto[1.         0.44354452 0.54206008] -> F: 0.443685657678213
Punto[1.         0.44294064 0.54210956] -> F: 0.4433554102546831
Punto[1.         0.44233676 0.54215903] -> F: 0.4430242047837056
Punto[1.         0.44173288 0.54220851] -> F: 0.44269204126528044
Punto[1.         0.44112899 0.54225799] -> F: 0.4423589196994078
Punto[1.         0.44052511 0.54230746] -> F: 0.4420248400860875
Punto[1.         0.43992123 0.54235694] -> F: 0.4416898024253195
Punto[1.         0.43931735 0.54240642] -> F: 0.44135380671710395
Punto[1.         0.43871346 0.54245589] -> F: 0.4410168529614407
Punto[1.         0.43810958 0.54250537] -> F: 0.440625053564611
Punto[1.         0.4375057  0.54255484] -> F: 0.440222502829766
Punto[1.         0.43690182 0.54260432] -> F: 0.43982544494879866
Punto[1.         0.43629794 0.5426538 ] -> F: 0.43943387992170907
Punto[1.         0.43569405 0.54270327] -> F: 0.43904780774849733
Punto[1.         0.43509017 0.54275275] -> F: 0.43866722842916345
Punto[1.         0.43448629 0.54280223] -> F: 0.4382921419637073
Punto[1.         0.43388241 0.5428517 ] -> F: 0.43792254835212885
{
  "seed": 1888,
  "n_per_z": 10,
  "nz": 100,
  "nd": 100,
  "n_muestras": 50,
  "best_f": 0.4477552642887005,
  "best_cp": [
    1.0,
    0.4513949944905088,
    0.5414168832985355
  ],
  "best_u": [
    -0.24868988716485474,
    0.9566582951435305,
    -0.15151978865813326
  ],
  "best_index": 24,
  "n_candidatos": 54
}
