Punto[0.         0.54865423 0.47265633] -> F: 0.1576701028554577
Punto[1.         0.52933673 0.49027943] -> F: 0.43963725341970455
Punto[2.         0.55466654 0.56861504] -> F: 0.11179303836314304
Punto[1.         0.55166038 0.52063568] -> F: 0.41812101111773164
Punto[1.         0.5297832  0.49088656] -> F: 0.4391983324145745
Punto[1.         0.53022075 0.49148154] -> F: 0.43876853023744705
Punto[1.         0.53065829 0.49207652] -> F: 0.43833906502975584
Punto[1.         0.53109583 0.4926715 ] -> F: 0.43790993679150103
Punto[1.         0.53153338 0.49326649] -> F: 0.4374811455226826
Punto[1.         0.53197092 0.49386147] -> F: 0.43705269122330054
Punto[1.         0.53240846 0.49445645] -> F: 0.4366245738933548
Punto[1.         0.53284601 0.49505143] -> F: 0.4361967935328454
Punto[1.         0.53328355 0.49564642] -> F: 0.4357693501417723
Punto[1.         0.53372109 0.4962414 ] -> F: 0.43534224372013575
Punto[1.         0.53415864 0.49683638] -> F: 0.4349154742679354
Punto[1.         0.53459618 0.49743136] -> F: 0.43448904178517145
Punto[1.         0.53503373 0.49802635] -> F: 0.4340629462718438
Punto[1.         0.53547127 0.49862133] -> F: 0.4336371877279525
Punto[1.         0.53590881 0.49921631] -> F: 0.43321176615349766
Punto[1.         0.53634636 0.49981129] -> F: 0.43278668154847916
Punto[1.         0.5367839  0.50040628] -> F: 0.43236193391289685
Punto[1.         0.53722144 0.50100126] -> F: 0.43193752324675094
Punto[1.         0.53765899 0.50159624] -> F: 0.4315134495500415
Punto[1.         0.53809653 0.50219123] -> F: 0.43108971282276837
Punto[1.         0.53853407 0.50278621] -> F: 0.4306663130649316
Punto[1.         0.53897162 0.50338119] -> F: 0.43024325027653115
Punto[1.         0.53940916 0.50397617] -> F: 0.429820524457567
Punto[1.         0.53984671 0.50457116] -> F: 0.4293981356080393
Punto[1.         0.54028425 0.50516614] -> F: 0.428976083727948
Punto[1.         0.54072179 0.50576112] -> F: 0.42855436881729275
Punto[1.         0.54115934 0.5063561 ] -> F: 0.4281329908760742
Punto[1.         0.54159688 0.50695109] -> F: 0.4277119499042918
Punto[1.         0.54203442 0.50754607] -> F: 0.4272912459019459
Punto[1.         0.54247197 0.50814105] -> F: 0.42687087886903624
Punto[1.         0.54290951 0.50873603] -> F: 0.426450848805563
Punto[1.         0.54334706 0.50933102] -> F: 0.4260311557115261
Punto[1.        0.5437846 0.509926 ] -> F: 0.4256117995869256
Punto[1.         0.54422214 0.51052098] -> F: 0.42519278043176134
Punto[1.         0.54465969 0.51111596] -> F: 0.42477409824603346
Punto[1.         0.54509723 0.51171095] -> F: 0.42435575302974193
Punto[1.         0.54553477 0.51230593] -> F: 0.42393774478288676
Punto[1.         0.54597232 0.51290091] -> F: 0.42352007350546805
Punto[1.         0.54640986 0.51349589] -> F: 0.42310273919748553
Punto[1.         0.5468474  0.51409088] -> F: 0.42268574185893937
Punto[1.         0.54728495 0.51468586] -> F: 0.4222690814898298
Punto[1.         0.54772249 0.51528084] -> F: 0.4218527580901563
Punto[1.         0.54816004 0.51587582] -> F: 0.4214367716599193
Punto[1.         0.54859758 0.51647081] -> F: 0.42102112219911864
Punto[1.         0.54903512 0.51706579] -> F: 0.42060580970775424
Punto[1.         0.54947267 0.51766077] -> F: 0.42019083418582626
Punto[1.         0.54991021 0.51825575] -> F: 0.4197761956333346
Punto[1.         0.55034775 0.51885074] -> F: 0.41936189405027935
Punto[1.         0.5507853  0.51944572] -> F: 0.41894792943666037
Punto[1.         0.55122284 0.5200407 ] -> F: 0.41853430179247797
{
  "seed": 9833,
  "n_per_z": 10,
  "nz": 100,
  "nd": 100,
  "n_muestras": 50,
  "best_f": 0.43963725341970455,
  "best_cp": [
    1.0,
    0.5293367290534344,
    0.49027943196584
  ],
  "best_u": [
    0.7501110696304596,
    0.48207560276247585,
    0.4526991235236085
  ],
  "best_index": 1,
  "n_candidatos": 54
}
