Punto[0.         0.32680475 0.44230341] -> F: 0.09474121391641445
Punto[1.         0.44921752 0.47739423] -> F: 0.36295635595292874
Punto[2.         0.64669033 0.65732338] -> F: 0.1280630848316386
Punto[1.         0.48674754 0.54981339] -> F: 0.385885265362799
Punto[1.         0.44996812 0.47884261] -> F: 0.3652751541847892
Punto[1.         0.45070371 0.48026203] -> F: 0.36710064760872596
Punto[1.         0.4514393  0.48168144] -> F: 0.36892359651945594
Punto[1.         0.45217489 0.48310086] -> F: 0.3707572061965611
Punto[1.         0.45291047 0.48452028] -> F: 0.37295902576176426
Punto[1.         0.45364606 0.48593969] -> F: 0.37568936079833243
Punto[1.         0.45438165 0.48735911] -> F: 0.3789270780558337
Punto[1.         0.45511724 0.48877852] -> F: 0.3822973146599658
Punto[1.         0.45585283 0.49019794] -> F: 0.38566223033295377
Punto[1.         0.45658842 0.49161735] -> F: 0.3890218250747978
Punto[1.         0.457324   0.49303677] -> F: 0.39237609888549774
Punto[1.         0.45805959 0.49445619] -> F: 0.39527660656519964
Punto[1.         0.45879518 0.4958756 ] -> F: 0.39820538532152183
Punto[1.         0.45953077 0.49729502] -> F: 0.40086215250019297
Punto[1.         0.46026636 0.49871443] -> F: 0.4026305930277573
Punto[1.         0.46100195 0.50013385] -> F: 0.4044033510681779
Punto[1.         0.46173753 0.50155326] -> F: 0.40625085105554776
Punto[1.         0.46247312 0.50297268] -> F: 0.40819153011127307
Punto[1.         0.46320871 0.50439209] -> F: 0.4102253882353534
Punto[1.         0.4639443  0.50581151] -> F: 0.41235242542778927
Punto[1.         0.46467989 0.50723093] -> F: 0.4144116540603011
Punto[1.         0.46541548 0.50865034] -> F: 0.41615107957863595
Punto[1.         0.46615106 0.51006976] -> F: 0.4178879605837639
Punto[1.         0.46688665 0.51148917] -> F: 0.4196222970756852
Punto[1.         0.46762224 0.51290859] -> F: 0.42147388458622
Punto[1.         0.46835783 0.514328  ] -> F: 0.42382536531924436
Punto[1.         0.46909342 0.51574742] -> F: 0.4252646686569209
Punto[1.         0.46982901 0.51716684] -> F: 0.42384672385596145
Punto[1.         0.47056459 0.51858625] -> F: 0.42248616751571916
Punto[1.         0.47130018 0.52000567] -> F: 0.4210919653316428
Punto[1.         0.47203577 0.52142508] -> F: 0.41962692308476995
Punto[1.         0.47277136 0.5228445 ] -> F: 0.4181952638773926
Punto[1.         0.47350695 0.52426391] -> F: 0.41679728494186175
Punto[1.         0.47424254 0.52568333] -> F: 0.4153214229760823
Punto[1.         0.47497812 0.52710274] -> F: 0.4138536112166103
Punto[1.         0.47571371 0.52852216] -> F: 0.41240903219399433
Punto[1.         0.4764493  0.52994158] -> F: 0.41092526656690614
Punto[1.         0.47718489 0.53136099] -> F: 0.4094331356181448
Punto[1.         0.47792048 0.53278041] -> F: 0.4079586753601542
Punto[1.         0.47865607 0.53419982] -> F: 0.4064460813265877
Punto[1.         0.47939165 0.53561924] -> F: 0.40441019820289803
Punto[1.         0.48012724 0.53703865] -> F: 0.4023128468339907
Punto[1.         0.48086283 0.53845807] -> F: 0.4001060270422788
Punto[1.         0.48159842 0.53987749] -> F: 0.39795680047443016
Punto[1.         0.48233401 0.5412969 ] -> F: 0.3959882200024734
Punto[1.         0.4830696  0.54271632] -> F: 0.3942002856264087
Punto[1.         0.48380518 0.54413573] -> F: 0.39259299734623565
Punto[1.         0.48454077 0.54555515] -> F: 0.39093389629560854
Punto[1.         0.48527636 0.54697456] -> F: 0.38923826415172186
Punto[1.         0.48601195 0.54839398] -> F: 0.3876000204685524
Best centerpoint:  [1.         0.46909342 0.51574742] Best F:  0.4252646686569209 Best u:  [-0.39714789  0.33784801  0.85330667] índice:  27
{
  "seed": 17237,
  "n_per_z": 5,
  "nz": 100,
  "nd": 100,
  "n_muestras": 50,
  "best_f": 0.4252646686569209,
  "best_cp": [
    1.0,
    0.4690934178366962,
    0.5157474196500189
  ],
  "best_u": [
    -0.3971478906347807,
    0.33784801105420975,
    0.8533066707761395
  ],
  "n_candidatos": 54
}
