Punto[0.         0.5777458  0.52886782] -> F: 0.13431856888485433
Punto[1.         0.4853549  0.49353142] -> F: 0.36432350034380784
Punto[2.         0.53309737 0.596974  ] -> F: 0.1227184504646639
Punto[1.         0.55542158 0.56292091] -> F: 0.4152905892858085
Punto[1.         0.48675624 0.49491921] -> F: 0.3676281204500197
Punto[1.         0.48812954 0.49627924] -> F: 0.3709056895188893
Punto[1.         0.48950285 0.49763927] -> F: 0.3739700324118473
Punto[1.         0.49087616 0.49899931] -> F: 0.3768971759856304
Punto[1.         0.49224946 0.50035934] -> F: 0.37989931190508247
Punto[1.         0.49362277 0.50171938] -> F: 0.38297644017020377
Punto[1.         0.49499608 0.50307941] -> F: 0.3861285607809942
Punto[1.         0.49636938 0.50443945] -> F: 0.3893556737374538
Punto[1.         0.49774269 0.50579948] -> F: 0.3924889912120194
Punto[1.         0.499116   0.50715951] -> F: 0.39550567267131576
Punto[1.         0.50048931 0.50851955] -> F: 0.39856356779323604
Punto[1.         0.50186261 0.50987958] -> F: 0.4010815452639267
Punto[1.         0.50323592 0.51123962] -> F: 0.40347760984540837
Punto[1.         0.50460923 0.51259965] -> F: 0.40594866677255914
Punto[1.         0.50598253 0.51395968] -> F: 0.4081155470351534
Punto[1.         0.50735584 0.51531972] -> F: 0.41048715956836185
Punto[1.         0.50872915 0.51667975] -> F: 0.41352074964264496
Punto[1.         0.51010245 0.51803979] -> F: 0.4165828179378527
Punto[1.         0.51147576 0.51939982] -> F: 0.41942883659334884
Punto[1.         0.51284907 0.52075985] -> F: 0.42234984759451377
Punto[1.         0.51422237 0.52211989] -> F: 0.42534585094134825
Punto[1.         0.51559568 0.52347992] -> F: 0.42841684663385177
Punto[1.         0.51696899 0.52483996] -> F: 0.4314411347435219
Punto[1.         0.5183423  0.52619999] -> F: 0.43438804663888847
Punto[1.         0.5197156  0.52756002] -> F: 0.4373761721968789
Punto[1.         0.52108891 0.52892006] -> F: 0.43984378975288185
Punto[1.         0.52246222 0.53028009] -> F: 0.43909395474622936
Punto[1.         0.52383552 0.53164013] -> F: 0.43835001210120494
Punto[1.         0.52520883 0.53300016] -> F: 0.437611961817809
Punto[1.         0.52658214 0.5343602 ] -> F: 0.4368798038960414
Punto[1.         0.52795544 0.53572023] -> F: 0.43615353833590204
Punto[1.         0.52932875 0.53708026] -> F: 0.43529636773884606
Punto[1.         0.53070206 0.5384403 ] -> F: 0.4344167018747685
Punto[1.         0.53207537 0.53980033] -> F: 0.4335371129752143
Punto[1.         0.53344867 0.54116037] -> F: 0.43265760104018364
Punto[1.         0.53482198 0.5425204 ] -> F: 0.4317781660696766
Punto[1.         0.53619529 0.54388043] -> F: 0.4308988080636932
Punto[1.         0.53756859 0.54524047] -> F: 0.43001952702223334
Punto[1.        0.5389419 0.5466005] -> F: 0.4291403229452974
Punto[1.         0.54031521 0.54796054] -> F: 0.42826119583288486
Punto[1.         0.54168851 0.54932057] -> F: 0.4273821456849961
Punto[1.         0.54306182 0.5506806 ] -> F: 0.4265407038462101
Punto[1.         0.54443513 0.55204064] -> F: 0.42588727970403456
Punto[1.         0.54580843 0.55340067] -> F: 0.4253187512725607
Punto[1.         0.54718174 0.55476071] -> F: 0.42475015718187165
Punto[1.         0.54855505 0.55612074] -> F: 0.42418149743196715
Punto[1.         0.54992836 0.55748078] -> F: 0.4236127720228474
Punto[1.         0.55130166 0.55884081] -> F: 0.42304398095451207
Punto[1.         0.55267497 0.56020084] -> F: 0.4206656970541508
Punto[1.         0.55404828 0.56156088] -> F: 0.4179850556718238
{
  "seed": 4817,
  "n_per_z": 10,
  "nz": 100,
  "nd": 100,
  "n_muestras": 50,
  "best_f": 0.43984378975288185,
  "best_cp": [
    1.0,
    0.5210889096101547,
    0.5289200590751283
  ],
  "best_u": [
    0.2181432413965427,
    -0.47015148568144066,
    0.8552023776537011
  ],
  "best_index": 29,
  "n_candidatos": 54
}
