Punto[0.         0.37341682 0.6093045 ] -> F: 0.08773960447521967
Punto[1.         0.50551383 0.52152123] -> F: 0.39199452452486017
Punto[2.         0.60554286 0.58601081] -> F: 0.08094943342623404
Punto[1.         0.48947984 0.59765765] -> F: 0.3701466748735482
Punto[1.         0.50519315 0.52304396] -> F: 0.39348860826639237
Punto[1.         0.50487889 0.52453623] -> F: 0.3949226994824575
Punto[1.         0.50456462 0.52602851] -> F: 0.3960424297263925
Punto[1.         0.50425035 0.52752078] -> F: 0.3971633193782322
Punto[1.         0.50393609 0.52901305] -> F: 0.3982853684379762
Punto[1.         0.50362182 0.53050533] -> F: 0.39940857690562476
Punto[1.         0.50330755 0.5319976 ] -> F: 0.4005329447811779
Punto[1.         0.50299329 0.53348988] -> F: 0.4016584720646353
Punto[1.         0.50267902 0.53498215] -> F: 0.4027851587559976
Punto[1.         0.50236476 0.53647442] -> F: 0.40391300485526394
Punto[1.         0.50205049 0.5379667 ] -> F: 0.4050524339258138
Punto[1.         0.50173622 0.53945897] -> F: 0.40623983611657905
Punto[1.         0.50142196 0.54095125] -> F: 0.4074783390627296
Punto[1.         0.50110769 0.54244352] -> F: 0.40876794276426526
Punto[1.         0.50079343 0.54393579] -> F: 0.4101086472211863
Punto[1.         0.50047916 0.54542807] -> F: 0.4115004524334918
Punto[1.         0.50016489 0.54692034] -> F: 0.4129433584011831
Punto[1.         0.49985063 0.54841261] -> F: 0.4144373651242593
Punto[1.         0.49953636 0.54990489] -> F: 0.41598247260272087
Punto[1.         0.49922209 0.55139716] -> F: 0.4175786808365672
Punto[1.         0.49890783 0.55288944] -> F: 0.41900663571977376
Punto[1.         0.49859356 0.55438171] -> F: 0.4203663025196114
Punto[1.         0.4982793  0.55587398] -> F: 0.41876432377331974
Punto[1.         0.49796503 0.55736626] -> F: 0.4168796760149132
Punto[1.         0.49765076 0.55885853] -> F: 0.4150126839279204
Punto[1.         0.4973365  0.56035081] -> F: 0.41316356127727966
Punto[1.         0.49702223 0.56184308] -> F: 0.41133412785543266
Punto[1.         0.49670796 0.56333535] -> F: 0.40952479851542845
Punto[1.         0.4963937  0.56482763] -> F: 0.4077355732572666
Punto[1.         0.49607943 0.5663199 ] -> F: 0.4059664520809471
Punto[1.         0.49576517 0.56781218] -> F: 0.4042174349864702
Punto[1.         0.4954509  0.56930445] -> F: 0.402488521973836
Punto[1.         0.49513663 0.57079672] -> F: 0.4007797130430445
Punto[1.         0.49482237 0.572289  ] -> F: 0.399050708799281
Punto[1.         0.4945081  0.57378127] -> F: 0.3973303969402075
Punto[1.         0.49419384 0.57527354] -> F: 0.3956244322869553
Punto[1.         0.49387957 0.57676582] -> F: 0.3939332098905687
Punto[1.         0.4935653  0.57825809] -> F: 0.3922586670475638
Punto[1.         0.49325104 0.57975037] -> F: 0.3905894358244935
Punto[1.         0.49293677 0.58124264] -> F: 0.38890949898696103
Punto[1.         0.4926225  0.58273491] -> F: 0.3872418625510551
Punto[1.         0.49230824 0.58422719] -> F: 0.38558652651677555
Punto[1.         0.49199397 0.58571946] -> F: 0.383930452394044
Punto[1.         0.49167971 0.58721174] -> F: 0.38227100453477164
Punto[1.         0.49136544 0.58870401] -> F: 0.3806224698013324
Punto[1.         0.49105117 0.59019628] -> F: 0.3789848481937268
Punto[1.         0.49073691 0.59168856] -> F: 0.3773436826718596
Punto[1.         0.49042264 0.59318083] -> F: 0.3757018206156579
Punto[1.         0.49010837 0.5946731 ] -> F: 0.37392892678883916
Punto[1.         0.48979411 0.59616538] -> F: 0.3720328993154668
Best centerpoint:  [1.         0.49859356 0.55438171] Best F:  0.4203663025196114 Best u:  [ 0.03141076 -0.77013304 -0.63710946] índice:  22
{
  "seed": 16097,
  "n_per_z": 5,
  "nz": 100,
  "nd": 100,
  "n_muestras": 50,
  "best_f": 0.4203663025196114,
  "best_cp": [
    1.0,
    0.4985935619779954,
    0.5543817103713388
  ],
  "best_u": [
    0.03141075907812828,
    -0.770133041003075,
    -0.6371094594883141
  ],
  "n_candidatos": 54
}
