Punto[0.         0.51443992 0.54807776] -> F: 0.09472643936969972
Punto[1.         0.44363758 0.39489601] -> F: 0.39381570304617064
Punto[2.         0.33778519 0.38033835] -> F: 0.05448351863118748
Punto[1.         0.42611256 0.46420806] -> F: 0.3581391569837811
Punto[1.         0.44328708 0.39628225] -> F: 0.3969205800086503
Punto[1.         0.44294359 0.39764077] -> F: 0.3999763254860403
Punto[1.         0.4426001  0.39899929] -> F: 0.40304039307313005
Punto[1.         0.44225661 0.4003578 ] -> F: 0.4060823339534473
Punto[1.         0.44191312 0.40171632] -> F: 0.40913640262448453
Punto[1.         0.44156963 0.40307483] -> F: 0.4122077626215347
Punto[1.         0.44122614 0.40443335] -> F: 0.41529641394459765
Punto[1.         0.44088265 0.40579187] -> F: 0.41840235659367353
Punto[1.         0.44053916 0.40715038] -> F: 0.4215255905687623
Punto[1.         0.44019567 0.4085089 ] -> F: 0.42466611586986414
Punto[1.         0.43985218 0.40986741] -> F: 0.427823932496979
Punto[1.         0.43950869 0.41122593] -> F: 0.42999617689755254
Punto[1.         0.43916519 0.41258445] -> F: 0.42809759350621884
Punto[1.         0.4388217  0.41394296] -> F: 0.4261937707761344
Punto[1.         0.43847821 0.41530148] -> F: 0.42429489040216295
Punto[1.         0.43813472 0.41665999] -> F: 0.42240095238430514
Punto[1.         0.43779123 0.41801851] -> F: 0.42051195672256014
Punto[1.         0.43744774 0.41937703] -> F: 0.41862790341692874
Punto[1.         0.43710425 0.42073554] -> F: 0.4167487924674106
Punto[1.         0.43676076 0.42209406] -> F: 0.4148746238740057
Punto[1.         0.43641727 0.42345257] -> F: 0.41300539763671396
Punto[1.         0.43607378 0.42481109] -> F: 0.4111411137555356
Punto[1.         0.43573029 0.42616961] -> F: 0.40928177223047035
Punto[1.         0.4353868  0.42752812] -> F: 0.4074273730615185
Punto[1.         0.43504331 0.42888664] -> F: 0.4055691571776887
Punto[1.         0.43469982 0.43024516] -> F: 0.40370593572896096
Punto[1.         0.43435633 0.43160367] -> F: 0.40184775766065634
Punto[1.         0.43401284 0.43296219] -> F: 0.39999462297277527
Punto[1.         0.43366935 0.4343207 ] -> F: 0.398146531665317
Punto[1.         0.43332586 0.43567922] -> F: 0.39630348373828217
Punto[1.         0.43298237 0.43703774] -> F: 0.39446547919167035
Punto[1.         0.43263888 0.43839625] -> F: 0.3926325180254819
Punto[1.         0.43229539 0.43975477] -> F: 0.39080460023971664
Punto[1.         0.4319519  0.44111328] -> F: 0.38898172583437446
Punto[1.         0.43160841 0.4424718 ] -> F: 0.3871638948094555
Punto[1.         0.43126492 0.44383032] -> F: 0.38534832055958557
Punto[1.         0.43092142 0.44518883] -> F: 0.38352172294193293
Punto[1.         0.43057793 0.44654735] -> F: 0.3817002746445877
Punto[1.         0.43023444 0.44790586] -> F: 0.3798839756675502
Punto[1.         0.42989095 0.44926438] -> F: 0.3780728260108203
Punto[1.         0.42954746 0.4506229 ] -> F: 0.37626682567439773
Punto[1.         0.42920397 0.45198141] -> F: 0.37446597465828296
Punto[1.         0.42886048 0.45333993] -> F: 0.37267027296247573
Punto[1.         0.42851699 0.45469844] -> F: 0.370879720586976
Punto[1.         0.4281735  0.45605696] -> F: 0.36909431753178373
Punto[1.         0.42783001 0.45741548] -> F: 0.3673140637968993
Punto[1.         0.42748652 0.45877399] -> F: 0.36553086239074173
Punto[1.         0.42714303 0.46013251] -> F: 0.3637419198816337
Punto[1.         0.42679954 0.46149102] -> F: 0.36195823806983984
Punto[1.         0.42645605 0.46284954] -> F: 0.3601798169553601
Best centerpoint:  [1.         0.43950869 0.41122593] Best F:  0.42999617689755254 Best u:  [ 0.99950656 -0.01598938  0.02703656] índice:  12
{
  "seed": 6054,
  "n_per_z": 5,
  "nz": 100,
  "nd": 100,
  "n_muestras": 50,
  "best_f": 0.42999617689755254,
  "best_cp": [
    1.0,
    0.4395086852823714,
    0.41122593010988706
  ],
  "best_u": [
    0.9995065603657316,
    -0.015989377270924254,
    0.02703656043864067
  ],
  "n_candidatos": 54
}
