Punto[0.         0.43415508 0.63686166] -> F: 0.09078482850123315
Punto[1.         0.499473   0.45876328] -> F: 0.34515971701673465
Punto[2.         0.43148348 0.51666607] -> F: 0.1487116899010931
Punto[1.         0.43281928 0.57676387] -> F: 0.34657411465789456
Punto[1.         0.49813992 0.46112329] -> F: 0.3496082637414729
Punto[1.         0.49683351 0.4634361 ] -> F: 0.35398326410942116
Punto[1.         0.4955271  0.46574891] -> F: 0.35831090482557687
Punto[1.         0.49422069 0.46806172] -> F: 0.36259951975092963
Punto[1.         0.49291427 0.47037454] -> F: 0.3669034034501723
Punto[1.         0.49160786 0.47268735] -> F: 0.37122255592330455
Punto[1.         0.49030145 0.47500016] -> F: 0.3755569771703267
Punto[1.         0.48899503 0.47731297] -> F: 0.3798707844479196
Punto[1.         0.48768862 0.47962578] -> F: 0.38419884373185714
Punto[1.         0.48638221 0.48193859] -> F: 0.3885418304644562
Punto[1.        0.4850758 0.4842514] -> F: 0.392899744645717
Punto[1.         0.48376938 0.48656422] -> F: 0.3972725862756394
Punto[1.         0.48246297 0.48887703] -> F: 0.4016603553542237
Punto[1.         0.48115656 0.49118984] -> F: 0.40606305188146946
Punto[1.         0.47985014 0.49350265] -> F: 0.4104731873209948
Punto[1.         0.47854373 0.49581546] -> F: 0.4124053475291221
Punto[1.         0.47723732 0.49812827] -> F: 0.4105040183872264
Punto[1.         0.47593091 0.50044108] -> F: 0.4085429299325511
Punto[1.         0.47462449 0.5027539 ] -> F: 0.40657768718147425
Punto[1.         0.47331808 0.50506671] -> F: 0.40461822700510724
Punto[1.         0.47201167 0.50737952] -> F: 0.40266454940344987
Punto[1.         0.47070525 0.50969233] -> F: 0.40071665437650217
Punto[1.         0.46939884 0.51200514] -> F: 0.3987745419242643
Punto[1.         0.46809243 0.51431795] -> F: 0.39683821204673625
Punto[1.         0.46678602 0.51663077] -> F: 0.3949076647439178
Punto[1.         0.4654796  0.51894358] -> F: 0.3929829000158091
Punto[1.         0.46417319 0.52125639] -> F: 0.3910639178624101
Punto[1.         0.46286678 0.5235692 ] -> F: 0.38915071828372094
Punto[1.         0.46156036 0.52588201] -> F: 0.38724330127974155
Punto[1.         0.46025395 0.52819482] -> F: 0.38534166685047183
Punto[1.         0.45894754 0.53050763] -> F: 0.38344581499591174
Punto[1.         0.45764112 0.53282045] -> F: 0.38155574571606143
Punto[1.         0.45633471 0.53513326] -> F: 0.379671459010921
Punto[1.         0.4550283  0.53744607] -> F: 0.37779295488049014
Punto[1.         0.45372189 0.53975888] -> F: 0.37592023332476915
Punto[1.         0.45241547 0.54207169] -> F: 0.37405329434375784
Punto[1.         0.45110906 0.5443845 ] -> F: 0.37219213793745615
Punto[1.         0.44980265 0.54669732] -> F: 0.3703362234309532
Punto[1.         0.44849623 0.54901013] -> F: 0.36847316552897325
Punto[1.         0.44718982 0.55132294] -> F: 0.3666159748571558
Punto[1.         0.44588341 0.55363575] -> F: 0.36476465141550096
Punto[1.         0.444577   0.55594856] -> F: 0.3629191952040087
Punto[1.         0.44327058 0.55826137] -> F: 0.3610796062226792
Punto[1.         0.44196417 0.56057418] -> F: 0.35924588447151196
Punto[1.         0.44065776 0.562887  ] -> F: 0.3574180299505075
Punto[1.         0.43935134 0.56519981] -> F: 0.3555960426596656
Punto[1.         0.43804493 0.56751262] -> F: 0.3537799225989862
Punto[1.         0.43673852 0.56982543] -> F: 0.3519696697684694
Punto[1.         0.43543211 0.57213824] -> F: 0.3501652841681153
Punto[1.         0.43412569 0.57445105] -> F: 0.3483667657979236
{
  "seed": 17280,
  "n_per_z": 10,
  "nz": 100,
  "nd": 100,
  "n_muestras": 50,
  "best_f": 0.4124053475291221,
  "best_cp": [
    1.0,
    0.47854373122636795,
    0.4958154619018492
  ],
  "best_u": [
    -0.4539904997395467,
    0.24858289567148226,
    0.8556279390750501
  ],
  "best_index": 19,
  "n_candidatos": 54
}
