Punto[0.         0.38828675 0.58244363] -> F: 0.06338067895877282
Punto[1.         0.42748192 0.54894736] -> F: 0.3370039251558822
Punto[2.         0.4767697  0.67064229] -> F: 0.15440962683011542
Punto[1.         0.43252822 0.62654296] -> F: 0.3097915293285783
Punto[1.         0.42758285 0.55049927] -> F: 0.3386885736967296
Punto[1.         0.42768175 0.55202015] -> F: 0.3403840030032514
Punto[1.         0.42778066 0.55354102] -> F: 0.34212338972099726
Punto[1.         0.42787957 0.5550619 ] -> F: 0.3438709020456724
Punto[1.         0.42797848 0.55658277] -> F: 0.34546074700410473
Punto[1.         0.42807738 0.55810364] -> F: 0.3470502482568765
Punto[1.         0.42817629 0.55962452] -> F: 0.34863940580398795
Punto[1.         0.4282752  0.56114539] -> F: 0.35022821964543877
Punto[1.         0.42837411 0.56266626] -> F: 0.3518166897812291
Punto[1.         0.42847301 0.56418714] -> F: 0.35340481621135883
Punto[1.         0.42857192 0.56570801] -> F: 0.3549925989358283
Punto[1.         0.42867083 0.56722888] -> F: 0.35662835892814354
Punto[1.         0.42876974 0.56874976] -> F: 0.3583700718019201
Punto[1.         0.42886864 0.57027063] -> F: 0.3602178552005686
Punto[1.         0.42896755 0.57179151] -> F: 0.36207506844271364
Punto[1.         0.42906646 0.57331238] -> F: 0.3637367994108933
Punto[1.         0.42916537 0.57483325] -> F: 0.365607304241607
Punto[1.         0.42926427 0.57635413] -> F: 0.36505899850708856
Punto[1.         0.42936318 0.577875  ] -> F: 0.36331057923861976
Punto[1.         0.42946209 0.57939587] -> F: 0.3615723755744351
Punto[1.         0.429561   0.58091675] -> F: 0.3597370013690891
Punto[1.         0.4296599  0.58243762] -> F: 0.35797513805689773
Punto[1.         0.42975881 0.5839585 ] -> F: 0.35628678563786126
Punto[1.         0.42985772 0.58547937] -> F: 0.3543456669698928
Punto[1.         0.42995663 0.58700024] -> F: 0.35264425113137293
Punto[1.         0.43005553 0.58852112] -> F: 0.3511761663481592
Punto[1.         0.43015444 0.59004199] -> F: 0.3497169491763794
Punto[1.         0.43025335 0.59156286] -> F: 0.3481146861506473
Punto[1.         0.43035226 0.59308374] -> F: 0.34642652289662984
Punto[1.         0.43045116 0.59460461] -> F: 0.3448752013259029
Punto[1.         0.43055007 0.59612549] -> F: 0.3434004642372809
Punto[1.         0.43064898 0.59764636] -> F: 0.3419258149309171
Punto[1.         0.43074789 0.59916723] -> F: 0.34045098871394563
Punto[1.         0.43084679 0.60068811] -> F: 0.3387732763692971
Punto[1.         0.4309457  0.60220898] -> F: 0.33714493262946726
Punto[1.         0.43104461 0.60372985] -> F: 0.3355762322899753
Punto[1.         0.43114352 0.60525073] -> F: 0.3340662038947248
Punto[1.         0.43124242 0.6067716 ] -> F: 0.33257609839764335
Punto[1.         0.43134133 0.60829248] -> F: 0.3310138829327257
Punto[1.         0.43144024 0.60981335] -> F: 0.3293602729179649
Punto[1.         0.43153915 0.61133422] -> F: 0.3277460839755729
Punto[1.         0.43163806 0.6128551 ] -> F: 0.3261713161055491
Punto[1.         0.43173696 0.61437597] -> F: 0.3245509402662754
Punto[1.         0.43183587 0.61589684] -> F: 0.3226196639560621
Punto[1.         0.43193478 0.61741772] -> F: 0.3207618985390036
Punto[1.         0.43203369 0.61893859] -> F: 0.31891925799147625
Punto[1.         0.43213259 0.62045946] -> F: 0.3167125682738147
Punto[1.         0.4322315  0.62198034] -> F: 0.3147900578205567
Punto[1.         0.43233041 0.62350121] -> F: 0.313191372697556
Punto[1.         0.43242932 0.62502209] -> F: 0.31169315580883183
Best centerpoint:  [1.         0.42916537 0.57483325] Best F:  0.365607304241607 Best u:  [-0.09410831  0.50678227 -0.85692202] índice:  17
{
  "seed": 5269,
  "n_per_z": 5,
  "nz": 100,
  "nd": 100,
  "n_muestras": 50,
  "best_f": 0.365607304241607,
  "best_cp": [
    1.0,
    0.4291653671434066,
    0.5748332533886495
  ],
  "best_u": [
    -0.09410831331851428,
    0.5067822719287729,
    -0.8569220234204835
  ],
  "n_candidatos": 54
}
