Punto[0.         0.63444888 0.51298116] -> F: 0.11131278959380904
Punto[1.         0.54589979 0.55328983] -> F: 0.4344242082794667
Punto[2.         0.51883623 0.61886863] -> F: 0.13923876652846717
Punto[1.         0.57664256 0.5659249 ] -> F: 0.4248511795406215
Punto[1.         0.54651464 0.55354253] -> F: 0.4356911304222607
Punto[1.         0.5471172  0.55379018] -> F: 0.4369341659650344
Punto[1.         0.54771976 0.55403782] -> F: 0.438178638685564
Punto[1.         0.54832232 0.55428547] -> F: 0.4394245485838499
Punto[1.         0.54892488 0.55453312] -> F: 0.4406718956598921
Punto[1.         0.54952743 0.55478077] -> F: 0.4419101850719317
Punto[1.         0.55012999 0.55502841] -> F: 0.44308021875694686
Punto[1.         0.55073255 0.55527606] -> F: 0.44302603130204665
Punto[1.         0.55133511 0.55552371] -> F: 0.44275545933897403
Punto[1.         0.55193767 0.55577136] -> F: 0.4424859197084219
Punto[1.         0.55254023 0.556019  ] -> F: 0.4422174124103906
Punto[1.         0.55314278 0.55626665] -> F: 0.4419499374448802
Punto[1.         0.55374534 0.5565143 ] -> F: 0.44168349481189034
Punto[1.         0.5543479  0.55676194] -> F: 0.44141808451142117
Punto[1.         0.55495046 0.55700959] -> F: 0.44115370654347297
Punto[1.         0.55555302 0.55725724] -> F: 0.440890360908045
Punto[1.         0.55615558 0.55750489] -> F: 0.4406280476051384
Punto[1.         0.55675813 0.55775253] -> F: 0.44036676663475227
Punto[1.         0.55736069 0.55800018] -> F: 0.4401065179968868
Punto[1.         0.55796325 0.55824783] -> F: 0.4398473016915422
Punto[1.         0.55856581 0.55849548] -> F: 0.43958911771871817
Punto[1.         0.55916837 0.55874312] -> F: 0.43933196607841507
Punto[1.         0.55977092 0.55899077] -> F: 0.4390758467706326
Punto[1.         0.56037348 0.55923842] -> F: 0.43882075979537066
Punto[1.         0.56097604 0.55948607] -> F: 0.43856670515262974
Punto[1.         0.5615786  0.55973371] -> F: 0.4383136828424096
Punto[1.         0.56218116 0.55998136] -> F: 0.43795323725910174
Punto[1.         0.56278372 0.56022901] -> F: 0.43742036611038787
Punto[1.         0.56338627 0.56047665] -> F: 0.43687549104090245
Punto[1.         0.56398883 0.5607243 ] -> F: 0.4363304694893157
Punto[1.         0.56459139 0.56097195] -> F: 0.43578530145562794
Punto[1.         0.56519395 0.5612196 ] -> F: 0.43523998693983884
Punto[1.         0.56579651 0.56146724] -> F: 0.4346945259419489
Punto[1.         0.56639907 0.56171489] -> F: 0.43414891846195736
Punto[1.         0.56700162 0.56196254] -> F: 0.4336031644998649
Punto[1.         0.56760418 0.56221019] -> F: 0.4330572640556712
Punto[1.         0.56820674 0.56245783] -> F: 0.4325112171293761
Punto[1.         0.5688093  0.56270548] -> F: 0.43196502372097983
Punto[1.         0.56941186 0.56295313] -> F: 0.43141868383048254
Punto[1.         0.57001441 0.56320077] -> F: 0.430872197457884
Punto[1.         0.57061697 0.56344842] -> F: 0.4303255646031843
Punto[1.         0.57121953 0.56369607] -> F: 0.42977878526638347
Punto[1.         0.57182209 0.56394372] -> F: 0.4292318594474813
Punto[1.         0.57242465 0.56419136] -> F: 0.4286847871464782
Punto[1.         0.57302721 0.56443901] -> F: 0.4281375683633735
Punto[1.         0.57362976 0.56468666] -> F: 0.4275902030981678
Punto[1.         0.57423232 0.56493431] -> F: 0.4270426913508608
Punto[1.         0.57483488 0.56518195] -> F: 0.426495033121453
Punto[1.         0.57543744 0.5654296 ] -> F: 0.4259472284099436
Punto[1.         0.57604    0.56567725] -> F: 0.42539927721633286
Best centerpoint:  [1.         0.55012999 0.55502841] Best F:  0.44308021875694686 Best u:  [ 0.06279052 -0.61169762 -0.78859582] índice:  7
{
  "seed": 10013,
  "n_per_z": 5,
  "nz": 100,
  "nd": 100,
  "n_muestras": 50,
  "best_f": 0.44308021875694686,
  "best_cp": [
    1.0,
    0.550129992591762,
    0.5550284132683676
  ],
  "best_u": [
    0.0627905195293134,
    -0.6116976215878912,
    -0.7885958219525108
  ],
  "n_candidatos": 54
}
