Punto[0.         0.56411381 0.4713339 ] -> F: 0.15958406380754217
Punto[1.         0.54041823 0.47475757] -> F: 0.45915591143890044
Punto[2.         0.55929261 0.52281439] -> F: 0.14098682582352481
Punto[1.         0.56170321 0.49707414] -> F: 0.45754870934090136
Punto[1.         0.54084393 0.4752039 ] -> F: 0.4597759600967327
Punto[1.         0.54126111 0.47564131] -> F: 0.46038400953839403
Punto[1.         0.5416783  0.47607871] -> F: 0.46099245667888983
Punto[1.         0.54209548 0.47651612] -> F: 0.46160130151821976
Punto[1.         0.54251267 0.47695352] -> F: 0.4622105440563842
Punto[1.         0.54292986 0.47739093] -> F: 0.46282018429338306
Punto[1.         0.54334704 0.47782833] -> F: 0.46343022222921615
Punto[1.         0.54376423 0.47826574] -> F: 0.46404065786388354
Punto[1.         0.54418141 0.47870314] -> F: 0.4646514911973854
Punto[1.         0.5445986  0.47914055] -> F: 0.46524896922934195
Punto[1.         0.54501578 0.47957795] -> F: 0.46580323862575096
Punto[1.         0.54543297 0.48001536] -> F: 0.4663580637329734
Punto[1.         0.54585015 0.48045276] -> F: 0.46691344455100914
Punto[1.         0.54626734 0.48089017] -> F: 0.4674693810798581
Punto[1.         0.54668453 0.48132757] -> F: 0.4680221776783992
Punto[1.         0.54710171 0.48176497] -> F: 0.46857541656889706
Punto[1.         0.5475189  0.48220238] -> F: 0.4691291425494593
Punto[1.         0.54793608 0.48263978] -> F: 0.46903682905946986
Punto[1.         0.54835327 0.48307719] -> F: 0.46874001817737854
Punto[1.         0.54877045 0.48351459] -> F: 0.46844334559347656
Punto[1.         0.54918764 0.483952  ] -> F: 0.4681468113077642
Punto[1.         0.54960483 0.4843894 ] -> F: 0.467850415320241
Punto[1.         0.55002201 0.48482681] -> F: 0.4675541576309074
Punto[1.         0.5504392  0.48526421] -> F: 0.46725803823976314
Punto[1.         0.55085638 0.48570162] -> F: 0.46696205714680833
Punto[1.         0.55127357 0.48613902] -> F: 0.4666662143520431
Punto[1.         0.55169075 0.48657643] -> F: 0.466370509855467
Punto[1.         0.55210794 0.48701383] -> F: 0.4660749436570807
Punto[1.         0.55252513 0.48745124] -> F: 0.4657795157568835
Punto[1.         0.55294231 0.48788864] -> F: 0.46548422615487595
Punto[1.         0.5533595  0.48832605] -> F: 0.46518907485105776
Punto[1.         0.55377668 0.48876345] -> F: 0.46489406184542903
Punto[1.         0.55419387 0.48920086] -> F: 0.4645991871379896
Punto[1.         0.55461105 0.48963826] -> F: 0.4643044507287397
Punto[1.         0.55502824 0.49007567] -> F: 0.4640098526176793
Punto[1.         0.55544543 0.49051307] -> F: 0.46371539280480817
Punto[1.         0.55586261 0.49095048] -> F: 0.46342107129012666
Punto[1.         0.5562798  0.49138788] -> F: 0.4631268880736345
Punto[1.         0.55669698 0.49182529] -> F: 0.4628328431553317
Punto[1.         0.55711417 0.49226269] -> F: 0.4625389365352184
Punto[1.         0.55753135 0.49270009] -> F: 0.46224516821329453
Punto[1.         0.55794854 0.4931375 ] -> F: 0.4619489068534804
Punto[1.         0.55836572 0.4935749 ] -> F: 0.46165191204162465
Punto[1.         0.55878291 0.49401231] -> F: 0.4613550588510796
Punto[1.         0.5592001  0.49444971] -> F: 0.4610583472818452
Punto[1.         0.55961728 0.49488712] -> F: 0.4607617773339217
Punto[1.         0.56003447 0.49532452] -> F: 0.4604653490073089
Punto[1.         0.56045165 0.49576193] -> F: 0.45991163087862796
Punto[1.         0.56086884 0.49619933] -> F: 0.45912360980118516
Punto[1.         0.56128602 0.49663674] -> F: 0.4583359692886096
{
  "seed": 6577,
  "n_per_z": 10,
  "nz": 100,
  "nd": 100,
  "n_muestras": 50,
  "best_f": 0.4691291425494593,
  "best_cp": [
    1.0,
    0.5475188976089105,
    0.48220237974799307
  ],
  "best_u": [
    0.33873792024529137,
    -0.7944119077958619,
    -0.5041491268861165
  ],
  "best_index": 20,
  "n_candidatos": 54
}
