Punto[0.         0.53557895 0.55766116] -> F: 0.10116843201206215
Punto[1.         0.43515805 0.48908981] -> F: 0.37651035918096953
Punto[2.         0.39827933 0.56245487] -> F: 0.11769286775134864
Punto[1.         0.46692914 0.56005801] -> F: 0.3976777262191398
Punto[1.         0.43579347 0.49050917] -> F: 0.3789289739297245
Punto[1.         0.43641619 0.49190015] -> F: 0.3812483270655784
Punto[1.         0.4370389  0.49329112] -> F: 0.3833843743404838
Punto[1.         0.43766161 0.4946821 ] -> F: 0.38551589861365065
Punto[1.         0.43828433 0.49607308] -> F: 0.38765250778146637
Punto[1.         0.43890704 0.49746405] -> F: 0.3898064218209686
Punto[1.         0.43952975 0.49885503] -> F: 0.3919677922844777
Punto[1.         0.44015247 0.50024601] -> F: 0.39412712263992283
Punto[1.         0.44077518 0.50163698] -> F: 0.3963076417338168
Punto[1.         0.44139789 0.50302796] -> F: 0.3985093495661587
Punto[1.         0.44202061 0.50441894] -> F: 0.4007322461369488
Punto[1.         0.44264332 0.50580991] -> F: 0.4029763314461874
Punto[1.         0.44326603 0.50720089] -> F: 0.4052416054938743
Punto[1.         0.44388875 0.50859187] -> F: 0.40752806828000965
Punto[1.         0.44451146 0.50998285] -> F: 0.4098357198045931
Punto[1.         0.44513417 0.51137382] -> F: 0.41216456006762464
Punto[1.         0.44575689 0.5127648 ] -> F: 0.41451458906910454
Punto[1.         0.4463796  0.51415578] -> F: 0.416885806809033
Punto[1.         0.44700231 0.51554675] -> F: 0.41927821328740966
Punto[1.         0.44762503 0.51693773] -> F: 0.42169180850423443
Punto[1.         0.44824774 0.51832871] -> F: 0.4241265924595074
Punto[1.         0.44887045 0.51971968] -> F: 0.4264689124049776
Punto[1.         0.44949317 0.52111066] -> F: 0.42816093320974036
Punto[1.         0.45011588 0.52250164] -> F: 0.4276745429216364
Punto[1.         0.45073859 0.52389261] -> F: 0.4271097651447294
Punto[1.         0.45136131 0.52528359] -> F: 0.42654541065888957
Punto[1.         0.45198402 0.52667457] -> F: 0.42598147946411685
Punto[1.         0.45260673 0.52806555] -> F: 0.42541797156041145
Punto[1.         0.45322945 0.52945652] -> F: 0.42480423198804346
Punto[1.         0.45385216 0.5308475 ] -> F: 0.42416273461124737
Punto[1.         0.45447487 0.53223848] -> F: 0.4235217731353214
Punto[1.         0.45509759 0.53362945] -> F: 0.422881347560266
Punto[1.         0.4557203  0.53502043] -> F: 0.42221540810636093
Punto[1.         0.45634301 0.53641141] -> F: 0.4214981105923426
Punto[1.         0.45696573 0.53780238] -> F: 0.4207814718343494
Punto[1.         0.45758844 0.53919336] -> F: 0.42006549183238145
Punto[1.         0.45821116 0.54058434] -> F: 0.41934470000083124
Punto[1.         0.45883387 0.54197531] -> F: 0.41855274217623295
Punto[1.         0.45945658 0.54336629] -> F: 0.41776157619947923
Punto[1.         0.4600793  0.54475727] -> F: 0.4169712020705703
Punto[1.         0.46070201 0.54614824] -> F: 0.4161816197895059
Punto[1.         0.46132472 0.54753922] -> F: 0.41532882770532586
Punto[1.         0.46194744 0.5489302 ] -> F: 0.4144640969287908
Punto[1.         0.46257015 0.55032118] -> F: 0.41327795748621304
Punto[1.         0.46319286 0.55171215] -> F: 0.41140765772034277
Punto[1.         0.46381558 0.55310313] -> F: 0.4095838797694433
Punto[1.         0.46443829 0.55449411] -> F: 0.4078066236335144
Punto[1.         0.465061   0.55588508] -> F: 0.4060758893125564
Punto[1.         0.46568372 0.55727606] -> F: 0.4038867366393681
Punto[1.         0.46630643 0.55866704] -> F: 0.4007162371620592
Best centerpoint:  [1.         0.44949317 0.52111066] Best F:  0.42816093320974036 Best u:  [-0.21814324 -0.8071618   0.54854659] índice:  23
{
  "seed": 8318,
  "n_per_z": 5,
  "nz": 100,
  "nd": 100,
  "n_muestras": 50,
  "best_f": 0.42816093320974036,
  "best_cp": [
    1.0,
    0.44949316722201205,
    0.5211106606653223
  ],
  "best_u": [
    -0.21814324139654234,
    -0.8071617959084699,
    0.548546590053045
  ],
  "n_candidatos": 54
}
