Punto[0.         0.59159016 0.64793837] -> F: 0.12161871262184211
Punto[1.         0.53179686 0.57880264] -> F: 0.4366255468711616
Punto[2.         0.48377568 0.55653496] -> F: 0.14393240418217776
Punto[1.         0.53768292 0.60223666] -> F: 0.4480462384203298
Punto[1.         0.53191458 0.57927132] -> F: 0.43752903200395105
Punto[1.         0.53202995 0.57973063] -> F: 0.4384149600159852
Punto[1.         0.53214532 0.58018994] -> F: 0.439177506377933
Punto[1.         0.53226068 0.58064924] -> F: 0.4396342902156132
Punto[1.         0.53237605 0.58110855] -> F: 0.44009307092054484
Punto[1.         0.53249142 0.58156786] -> F: 0.4405538428691232
Punto[1.         0.53260678 0.58202716] -> F: 0.4410166046757949
Punto[1.         0.53272215 0.58248647] -> F: 0.4414813563405603
Punto[1.         0.53283752 0.58294578] -> F: 0.44194809786341943
Punto[1.         0.53295288 0.58340508] -> F: 0.44241682924437203
Punto[1.         0.53306825 0.58386439] -> F: 0.4428875504834182
Punto[1.         0.53318362 0.5843237 ] -> F: 0.44336026158055786
Punto[1.         0.53329898 0.584783  ] -> F: 0.44383496253579113
Punto[1.         0.53341435 0.58524231] -> F: 0.4443116533491182
Punto[1.         0.53352972 0.58570162] -> F: 0.44479033402053875
Punto[1.         0.53364508 0.58616092] -> F: 0.4452710045500529
Punto[1.         0.53376045 0.58662023] -> F: 0.4457536649376607
Punto[1.         0.53387582 0.58707954] -> F: 0.446238315183362
Punto[1.         0.53399118 0.58753884] -> F: 0.44672495528715694
Punto[1.         0.53410655 0.58799815] -> F: 0.4472135852490455
Punto[1.         0.53422192 0.58845746] -> F: 0.4477042050690275
Punto[1.         0.53433729 0.58891676] -> F: 0.4481968147471033
Punto[1.         0.53445265 0.58937607] -> F: 0.4486914142832725
Punto[1.         0.53456802 0.58983538] -> F: 0.44918800367753553
Punto[1.         0.53468339 0.59029469] -> F: 0.4496865829298921
Punto[1.         0.53479875 0.59075399] -> F: 0.45018715204034215
Punto[1.         0.53491412 0.5912133 ] -> F: 0.4506897110088857
Punto[1.         0.53502949 0.59167261] -> F: 0.45119425983552314
Punto[1.         0.53514485 0.59213191] -> F: 0.45170079852025413
Punto[1.         0.53526022 0.59259122] -> F: 0.4522093270630783
Punto[1.         0.53537559 0.59305053] -> F: 0.4527198454639963
Punto[1.         0.53549095 0.59350983] -> F: 0.45323235372300813
Punto[1.         0.53560632 0.59396914] -> F: 0.4537468518401134
Punto[1.         0.53572169 0.59442845] -> F: 0.4537224865303791
Punto[1.         0.53583705 0.59488775] -> F: 0.45340174038476083
Punto[1.         0.53595242 0.59534706] -> F: 0.4530811000652628
Punto[1.         0.53606779 0.59580637] -> F: 0.45276056557188493
Punto[1.         0.53618315 0.59626567] -> F: 0.4524401369046272
Punto[1.         0.53629852 0.59672498] -> F: 0.4521198140634896
Punto[1.         0.53641389 0.59718429] -> F: 0.45179075104404715
Punto[1.         0.53652925 0.59764359] -> F: 0.45144974468858645
Punto[1.         0.53664462 0.5981029 ] -> F: 0.4511088575565137
Punto[1.         0.53675999 0.59856221] -> F: 0.45076808964782944
Punto[1.         0.53687536 0.59902152] -> F: 0.4504274409625331
Punto[1.         0.53699072 0.59948082] -> F: 0.4500869115006252
Punto[1.         0.53710609 0.59994013] -> F: 0.44974650126210536
Punto[1.         0.53722146 0.60039944] -> F: 0.44940621024697397
Punto[1.         0.53733682 0.60085874] -> F: 0.4490660384552307
Punto[1.         0.53745219 0.60131805] -> F: 0.4487259858868754
Punto[1.         0.53756756 0.60177736] -> F: 0.44838605254190855
Best centerpoint:  [1.         0.53560632 0.59396914] Best F:  0.4537468518401134 Best u:  [-0.21814324  0.52292235 -0.82399378] índice:  33
{
  "seed": 13278,
  "n_per_z": 5,
  "nz": 100,
  "nd": 100,
  "n_muestras": 50,
  "best_f": 0.4537468518401134,
  "best_cp": [
    1.0,
    0.5356063201704462,
    0.5939691399661362
  ],
  "best_u": [
    -0.2181432413965427,
    0.5229223507159196,
    -0.8239937750703863
  ],
  "n_candidatos": 54
}
