Punto[0.         0.54605427 0.40876825] -> F: 0.0998039710219491
Punto[1.         0.48780073 0.47403208] -> F: 0.3871427717812457
Punto[2.         0.54651713 0.39368466] -> F: 0.17320538800743523
Punto[1.         0.5462857  0.40122645] -> F: 0.3679216434671987
Punto[1.         0.48897043 0.47257597] -> F: 0.38915906260075
Punto[1.         0.49011674 0.47114898] -> F: 0.39114384612008496
Punto[1.         0.49126304 0.46972199] -> F: 0.3931373590797197
Punto[1.         0.49240935 0.468295  ] -> F: 0.3951396014796537
Punto[1.         0.49355565 0.46686801] -> F: 0.3970985657586868
Punto[1.         0.49470196 0.46544101] -> F: 0.39888431782232897
Punto[1.         0.49584827 0.46401402] -> F: 0.4006752255355587
Punto[1.         0.49699457 0.46258703] -> F: 0.4024684227899421
Punto[1.         0.49814088 0.46116004] -> F: 0.4042726451252766
Punto[1.         0.49928718 0.45973305] -> F: 0.40608789254156247
Punto[1.         0.50043349 0.45830606] -> F: 0.4076933173233754
Punto[1.         0.50157979 0.45687907] -> F: 0.4092747193843155
Punto[1.         0.5027261  0.45545208] -> F: 0.41072786603902756
Punto[1.         0.5038724  0.45402509] -> F: 0.40971426013622636
Punto[1.         0.50501871 0.4525981 ] -> F: 0.40869251663491707
Punto[1.         0.50616501 0.45117111] -> F: 0.40766607637845936
Punto[1.         0.50731132 0.44974412] -> F: 0.4066310060254433
Punto[1.         0.50845762 0.44831713] -> F: 0.4055915617786756
Punto[1.         0.50960393 0.44689014] -> F: 0.4045433381824477
Punto[1.         0.51075024 0.44546315] -> F: 0.40349068733536947
Punto[1.         0.51189654 0.44403616] -> F: 0.40242953516832536
Punto[1.         0.51304285 0.44260917] -> F: 0.4013634400201622
Punto[1.         0.51418915 0.44118218] -> F: 0.40028964802789263
Punto[1.         0.51533546 0.43975519] -> F: 0.3992098332730844
Punto[1.         0.51648176 0.4383282 ] -> F: 0.3981237706846163
Punto[1.         0.51762807 0.43690121] -> F: 0.39702992044637464
Punto[1.         0.51877437 0.43547422] -> F: 0.3959320576251554
Punto[1.         0.51992068 0.43404723] -> F: 0.3948238119681421
Punto[1.         0.52106698 0.43262024] -> F: 0.39371474639496035
Punto[1.         0.52221329 0.43119325] -> F: 0.39259169723315496
Punto[1.         0.52335959 0.42976626] -> F: 0.39146936145867833
Punto[1.         0.5245059  0.42833927] -> F: 0.3903338725396473
Punto[1.         0.5256522  0.42691228] -> F: 0.38919629361861263
Punto[1.         0.52679851 0.42548529] -> F: 0.3880507768061982
Punto[1.         0.52794482 0.4240583 ] -> F: 0.38689743619367944
Punto[1.         0.52909112 0.42263131] -> F: 0.3857430373604281
Punto[1.         0.53023743 0.42120432] -> F: 0.3845733514229674
Punto[1.         0.53138373 0.41977733] -> F: 0.3834044464156425
Punto[1.         0.53253004 0.41835034] -> F: 0.38222484106440197
Punto[1.         0.53367634 0.41692335] -> F: 0.3810389592324028
Punto[1.         0.53482265 0.41549636] -> F: 0.37985302107088004
Punto[1.         0.53596895 0.41406936] -> F: 0.37864942528867895
Punto[1.         0.53711526 0.41264237] -> F: 0.3774466619857569
Punto[1.         0.53826156 0.41121538] -> F: 0.37624473116211343
Punto[1.         0.53940787 0.40978839] -> F: 0.37504476837299683
Punto[1.         0.54055417 0.4083614 ] -> F: 0.37384844500387404
Punto[1.         0.54170048 0.40693441] -> F: 0.37265577598868055
Punto[1.         0.54284679 0.40550742] -> F: 0.3714667613274163
Punto[1.         0.54399309 0.40408043] -> F: 0.3702814010200812
Punto[1.         0.5451394  0.40265344] -> F: 0.3690996950666754
{
  "seed": 13559,
  "n_per_z": 10,
  "nz": 100,
  "nd": 100,
  "n_muestras": 50,
  "best_f": 0.41072786603902756,
  "best_cp": [
    1.0,
    0.5027260977720049,
    0.455452082919712
  ],
  "best_u": [
    -0.7071067811865476,
    0.30107142435446704,
    -0.6398093445997584
  ],
  "best_index": 16,
  "n_candidatos": 54
}
