Punto[0.         0.44136529 0.62240141] -> F: 0.15436998119511347
Punto[1.         0.44401909 0.52053035] -> F: 0.3659701805738221
Punto[2.         0.31344548 0.49393313] -> F: 0.06151904398962611
Punto[1.         0.37740538 0.55816727] -> F: 0.32500606743900456
Punto[1.         0.44268681 0.52128309] -> F: 0.36842788446622915
Punto[1.         0.44138118 0.52202077] -> F: 0.3710032270256547
Punto[1.         0.44007556 0.52275846] -> F: 0.37374367755474625
Punto[1.         0.43876993 0.52349614] -> F: 0.37664923605350403
Punto[1.         0.4374643  0.52423382] -> F: 0.37971990252192733
Punto[1.         0.43615867 0.52497151] -> F: 0.38015753733592195
Punto[1.         0.43485304 0.52570919] -> F: 0.3788862679908026
Punto[1.         0.43354741 0.52644687] -> F: 0.37761680999461894
Punto[1.         0.43224178 0.52718456] -> F: 0.37634916334737123
Punto[1.         0.43093616 0.52792224] -> F: 0.37508332804905925
Punto[1.         0.42963053 0.52865992] -> F: 0.3738193040996833
Punto[1.         0.4283249  0.52939761] -> F: 0.37255709149924293
Punto[1.         0.42701927 0.53013529] -> F: 0.3712966902477386
Punto[1.         0.42571364 0.53087297] -> F: 0.3700381003451699
Punto[1.         0.42440801 0.53161066] -> F: 0.3687813217915372
Punto[1.         0.42310238 0.53234834] -> F: 0.36752635458684024
Punto[1.         0.42179676 0.53308603] -> F: 0.3662731987310791
Punto[1.         0.42049113 0.53382371] -> F: 0.3650218542242538
Punto[1.         0.4191855  0.53456139] -> F: 0.3637723210663644
Punto[1.         0.41787987 0.53529908] -> F: 0.3625245992574109
Punto[1.         0.41657424 0.53603676] -> F: 0.36127868879739305
Punto[1.         0.41526861 0.53677444] -> F: 0.36003458968631114
Punto[1.         0.41396298 0.53751213] -> F: 0.35879230192416495
Punto[1.         0.41265736 0.53824981] -> F: 0.35755182551095477
Punto[1.         0.41135173 0.53898749] -> F: 0.3563131604466803
Punto[1.         0.4100461  0.53972518] -> F: 0.3550763067313417
Punto[1.         0.40874047 0.54046286] -> F: 0.35384126436493896
Punto[1.         0.40743484 0.54120054] -> F: 0.35260803334747204
Punto[1.         0.40612921 0.54193823] -> F: 0.3513766136789409
Punto[1.         0.40482358 0.54267591] -> F: 0.3501474138932434
Punto[1.         0.40351796 0.5434136 ] -> F: 0.34892123242943474
Punto[1.         0.40221233 0.54415128] -> F: 0.34769809012580266
Punto[1.         0.4009067  0.54488896] -> F: 0.34647798698234783
Punto[1.         0.39960107 0.54562665] -> F: 0.34526092299906974
Punto[1.         0.39829544 0.54636433] -> F: 0.34404689817596856
Punto[1.         0.39698981 0.54710201] -> F: 0.34283591251304435
Punto[1.         0.39568418 0.5478397 ] -> F: 0.3416279660102971
Punto[1.         0.39437856 0.54857738] -> F: 0.3404230586677266
Punto[1.         0.39307293 0.54931506] -> F: 0.3392211904853332
Punto[1.         0.3917673  0.55005275] -> F: 0.33802236146311654
Punto[1.         0.39046167 0.55079043] -> F: 0.3368265716010769
Punto[1.         0.38915604 0.55152811] -> F: 0.33563382089921406
Punto[1.         0.38785041 0.5522658 ] -> F: 0.3344441093575283
Punto[1.         0.38654478 0.55300348] -> F: 0.3332574369760193
Punto[1.         0.38523916 0.55374116] -> F: 0.3320738037546872
Punto[1.         0.38393353 0.55447885] -> F: 0.33089320969353214
Punto[1.         0.3826279  0.55521653] -> F: 0.32971565479255394
Punto[1.         0.38132227 0.55595422] -> F: 0.3285369448857561
Punto[1.         0.38001664 0.5566919 ] -> F: 0.32735690185039606
Punto[1.         0.37871101 0.55742958] -> F: 0.3261799427014788
Best centerpoint:  [1.         0.43615867 0.52497151] Best F:  0.38015753733592195 Best u:  [ 0.98228725 -0.15497945  0.10532392] índice:  6
{
  "seed": 12110,
  "n_per_z": 5,
  "nz": 100,
  "nd": 100,
  "n_muestras": 50,
  "best_f": 0.38015753733592195,
  "best_cp": [
    1.0,
    0.43615866969389067,
    0.52497150660684
  ],
  "best_u": [
    0.9822872507286887,
    -0.15497944527588342,
    0.10532392224871683
  ],
  "n_candidatos": 54
}
