Punto[0.         0.44650126 0.57949781] -> F: 0.11090157682843177
Punto[1.         0.51014186 0.60057275] -> F: 0.33861834406909946
Punto[2.         0.36119898 0.53433784] -> F: 0.1073166201317885
Punto[1.         0.40385012 0.55691782] -> F: 0.38599413681860356
Punto[1.         0.50801603 0.59969965] -> F: 0.34225962603051363
Punto[1.         0.50593271 0.59884402] -> F: 0.34585498562413375
Punto[1.         0.50384939 0.59798838] -> F: 0.34947566560724563
Punto[1.         0.50176607 0.59713274] -> F: 0.3531216659798496
Punto[1.         0.49968275 0.59627711] -> F: 0.3567929867419454
Punto[1.         0.49759943 0.59542147] -> F: 0.36048962789353295
Punto[1.         0.49551612 0.59456583] -> F: 0.36421158943461235
Punto[1.        0.4934328 0.5937102] -> F: 0.367958871365184
Punto[1.         0.49134948 0.59285456] -> F: 0.3717314736852475
Punto[1.         0.48926616 0.59199892] -> F: 0.3755293963948029
Punto[1.         0.48718284 0.59114329] -> F: 0.37934516594703144
Punto[1.         0.48509953 0.59028765] -> F: 0.3831703660747149
Punto[1.         0.48301621 0.58943201] -> F: 0.3868641606499103
Punto[1.         0.48093289 0.58857638] -> F: 0.39057530299435556
Punto[1.         0.47884957 0.58772074] -> F: 0.39431022611914635
Punto[1.         0.47676625 0.5868651 ] -> F: 0.39806893002428256
Punto[1.         0.47468294 0.58600947] -> F: 0.40185141470976404
Punto[1.         0.47259962 0.58515383] -> F: 0.4056576801755909
Punto[1.         0.4705163  0.58429819] -> F: 0.4094877264217634
Punto[1.         0.46843298 0.58344256] -> F: 0.4133415534482812
Punto[1.         0.46634966 0.58258692] -> F: 0.41721916125514436
Punto[1.         0.46426635 0.58173128] -> F: 0.42112054984235286
Punto[1.         0.46218303 0.58087565] -> F: 0.42504571920990686
Punto[1.         0.46009971 0.58002001] -> F: 0.42899466935780606
Punto[1.         0.45801639 0.57916437] -> F: 0.43296740028605074
Punto[1.         0.45593307 0.57830874] -> F: 0.43696391199464074
Punto[1.         0.45384975 0.5774531 ] -> F: 0.44098420448357645
Punto[1.         0.45176644 0.57659746] -> F: 0.4449488879412982
Punto[1.         0.44968312 0.57574183] -> F: 0.44367348484758473
Punto[1.         0.4475998  0.57488619] -> F: 0.44240126147524433
Punto[1.         0.44551648 0.57403055] -> F: 0.44113265772355403
Punto[1.         0.44343316 0.57317492] -> F: 0.4398337109781001
Punto[1.         0.44134985 0.57231928] -> F: 0.43852711232752245
Punto[1.         0.43926653 0.57146365] -> F: 0.436235553721021
Punto[1.         0.43718321 0.57060801] -> F: 0.432761296358013
Punto[1.         0.43509989 0.56975237] -> F: 0.42948790951020543
Punto[1.         0.43301657 0.56889674] -> F: 0.42641539317759813
Punto[1.         0.43093326 0.5680411 ] -> F: 0.42339768297441843
Punto[1.         0.42884994 0.56718546] -> F: 0.4204346940310457
Punto[1.         0.42676662 0.56632983] -> F: 0.41819011091255576
Punto[1.         0.4246833  0.56547419] -> F: 0.4159424063291595
Punto[1.         0.42259998 0.56461855] -> F: 0.41368884601353895
Punto[1.         0.42051666 0.56376292] -> F: 0.41142942996569365
Punto[1.         0.41843335 0.56290728] -> F: 0.40916415818562385
Punto[1.         0.41635003 0.56205164] -> F: 0.4063986267681046
Punto[1.         0.41426671 0.56119601] -> F: 0.40296309192586394
Punto[1.         0.41218339 0.56034037] -> F: 0.39950516045393486
Punto[1.         0.41010007 0.55948473] -> F: 0.3961380692163464
Punto[1.         0.40801676 0.5586291 ] -> F: 0.3927472718780103
Punto[1.         0.40593344 0.55777346] -> F: 0.3892702690907067
Best centerpoint:  [1.         0.45176644 0.57659746] Best F:  0.4449488879412982 Best u:  [-0.36812455 -0.82843691  0.42210969] índice:  28
{
  "seed": 10607,
  "n_per_z": 5,
  "nz": 100,
  "nd": 100,
  "n_muestras": 50,
  "best_f": 0.4449488879412982,
  "best_cp": [
    1.0,
    0.4517664364897894,
    0.5765974647549545
  ],
  "best_u": [
    -0.36812455268467775,
    -0.8284369149633659,
    0.422109691474487
  ],
  "n_candidatos": 54
}
