Punto[0.         0.45656569 0.445147  ] -> F: 0.12968717935210847
Punto[1.         0.50789548 0.52285461] -> F: 0.44694370160758784
Punto[2.         0.52175219 0.58232285] -> F: 0.1236957690329819
Punto[1.         0.48915894 0.51373493] -> F: 0.44596714071966853
Punto[1.         0.50752075 0.52267222] -> F: 0.44741982763232
Punto[1.         0.50715351 0.52249347] -> F: 0.4478868261249268
Punto[1.         0.50678627 0.52231473] -> F: 0.44833120432385204
Punto[1.         0.50641904 0.52213598] -> F: 0.44877588035539967
Punto[1.         0.5060518  0.52195724] -> F: 0.4492208650085353
Punto[1.         0.50568457 0.52177849] -> F: 0.4496661582832586
Punto[1.         0.50531733 0.52159974] -> F: 0.45011176017956994
Punto[1.         0.50495009 0.521421  ] -> F: 0.45055767069746905
Punto[1.         0.50458286 0.52124225] -> F: 0.4510038898369561
Punto[1.         0.50421562 0.52106351] -> F: 0.45145041759803084
Punto[1.         0.50384839 0.52088476] -> F: 0.45189725398069364
Punto[1.         0.50348115 0.52070601] -> F: 0.45234439898494433
Punto[1.         0.50311391 0.52052727] -> F: 0.4527918526107827
Punto[1.         0.50274668 0.52034852] -> F: 0.45323961485820896
Punto[1.         0.50237944 0.52016978] -> F: 0.4536876857272232
Punto[1.         0.50201221 0.51999103] -> F: 0.4541360652178252
Punto[1.         0.50164497 0.51981229] -> F: 0.4545611050609897
Punto[1.         0.50127773 0.51963354] -> F: 0.45498399895356734
Punto[1.         0.5009105  0.51945479] -> F: 0.4554077513858258
Punto[1.         0.50054326 0.51927605] -> F: 0.45583236235776536
Punto[1.         0.50017602 0.5190973 ] -> F: 0.4562578318693854
Punto[1.         0.49980879 0.51891856] -> F: 0.45661809547000454
Punto[1.         0.49944155 0.51873981] -> F: 0.45690490581891746
Punto[1.         0.49907432 0.51856106] -> F: 0.45664309793210667
Punto[1.         0.49870708 0.51838232] -> F: 0.4563813781618496
Punto[1.         0.49833984 0.51820357] -> F: 0.4561197465081464
Punto[1.         0.49797261 0.51802483] -> F: 0.45585820297099683
Punto[1.         0.49760537 0.51784608] -> F: 0.45559674755040114
Punto[1.         0.49723814 0.51766733] -> F: 0.45533538024635944
Punto[1.         0.4968709  0.51748859] -> F: 0.45507410105887125
Punto[1.         0.49650366 0.51730984] -> F: 0.45480242978191737
Punto[1.         0.49613643 0.5171311 ] -> F: 0.4545229918849842
Punto[1.         0.49576919 0.51695235] -> F: 0.4542436514586194
Punto[1.         0.49540196 0.51677361] -> F: 0.4539644085028223
Punto[1.         0.49503472 0.51659486] -> F: 0.45368526301759354
Punto[1.         0.49466748 0.51641611] -> F: 0.4534062150029327
Punto[1.         0.49430025 0.51623737] -> F: 0.4531272644588399
Punto[1.         0.49393301 0.51605862] -> F: 0.45284841138531495
Punto[1.         0.49356578 0.51587988] -> F: 0.4525696557823583
Punto[1.         0.49319854 0.51570113] -> F: 0.45209655112079966
Punto[1.         0.4928313  0.51552238] -> F: 0.45156020746918774
Punto[1.         0.49246407 0.51534364] -> F: 0.4510261132861029
Punto[1.         0.49209683 0.51516489] -> F: 0.4504942685715456
Punto[1.         0.4917296  0.51498615] -> F: 0.4499646733255154
Punto[1.         0.49136236 0.5148074 ] -> F: 0.4494310497110851
Punto[1.         0.49099512 0.51462866] -> F: 0.4488402689670894
Punto[1.         0.49062789 0.51444991] -> F: 0.44825471838505393
Punto[1.         0.49026065 0.51427116] -> F: 0.44767463026929416
Punto[1.         0.48989342 0.51409242] -> F: 0.44710000461980987
Punto[1.         0.48952618 0.51391367] -> F: 0.4465308414366013
{
  "seed": 12548,
  "n_per_z": 10,
  "nz": 100,
  "nd": 100,
  "n_muestras": 50,
  "best_f": 0.45690490581891746,
  "best_cp": [
    1.0,
    0.499441552875618,
    0.5187398102379033
  ],
  "best_u": [
    0.15643446504023092,
    -0.7804268929862762,
    0.6053611507615633
  ],
  "best_index": 26,
  "n_candidatos": 54
}
