Punto[0.         0.45209522 0.48627929] -> F: 0.18364707586378018
Punto[1.         0.49423378 0.48927785] -> F: 0.4370906093654182
Punto[2.         0.56480668 0.482769  ] -> F: 0.12364832299903761
Punto[1.         0.50845095 0.48452415] -> F: 0.42963979649682427
Punto[1.         0.49451812 0.48918277] -> F: 0.4369409852661397
Punto[1.         0.49479678 0.4890896 ] -> F: 0.4367943900559611
Punto[1.         0.49507543 0.48899643] -> F: 0.43664783088514797
Punto[1.         0.49535409 0.48890325] -> F: 0.43650130775370044
Punto[1.         0.49563275 0.48881008] -> F: 0.43635482066161857
Punto[1.         0.4959114  0.48871691] -> F: 0.43620836960890225
Punto[1.         0.49619006 0.48862374] -> F: 0.4360619545955515
Punto[1.         0.49646872 0.48853056] -> F: 0.43591557562156646
Punto[1.         0.49674737 0.48843739] -> F: 0.43576923268694695
Punto[1.         0.49702603 0.48834422] -> F: 0.43562292579169304
Punto[1.         0.49730469 0.48825105] -> F: 0.43547665493580473
Punto[1.         0.49758334 0.48815787] -> F: 0.43533042011928197
Punto[1.        0.497862  0.4880647] -> F: 0.43518422134212487
Punto[1.         0.49814066 0.48797153] -> F: 0.4350380586043333
Punto[1.         0.49841931 0.48787836] -> F: 0.4348919319059073
Punto[1.         0.49869797 0.48778518] -> F: 0.43474584124684695
Punto[1.         0.49897663 0.48769201] -> F: 0.4345997866271522
Punto[1.         0.49925528 0.48759884] -> F: 0.43445376804682306
Punto[1.         0.49953394 0.48750567] -> F: 0.43430778550585947
Punto[1.         0.4998126  0.48741249] -> F: 0.4341618390042616
Punto[1.         0.50009125 0.48731932] -> F: 0.43401592854202914
Punto[1.         0.50036991 0.48722615] -> F: 0.4338700541191624
Punto[1.         0.50064857 0.48713298] -> F: 0.4337242157356613
Punto[1.         0.50092722 0.4870398 ] -> F: 0.4335784133915256
Punto[1.         0.50120588 0.48694663] -> F: 0.4334326470867556
Punto[1.         0.50148454 0.48685346] -> F: 0.4332869168213512
Punto[1.         0.50176319 0.48676029] -> F: 0.43314122259531235
Punto[1.         0.50204185 0.48666711] -> F: 0.4329955644086392
Punto[1.         0.50232051 0.48657394] -> F: 0.43284994226133156
Punto[1.         0.50259916 0.48648077] -> F: 0.4327043561533895
Punto[1.         0.50287782 0.4863876 ] -> F: 0.432558806084813
Punto[1.         0.50315648 0.48629442] -> F: 0.4324132920556022
Punto[1.         0.50343513 0.48620125] -> F: 0.4322678140657569
Punto[1.         0.50371379 0.48610808] -> F: 0.4321223721152772
Punto[1.         0.50399245 0.48601491] -> F: 0.43197675908591465
Punto[1.         0.5042711  0.48592173] -> F: 0.4318304250307876
Punto[1.         0.50454976 0.48582856] -> F: 0.43168412749476853
Punto[1.         0.50482842 0.48573539] -> F: 0.43153786647785725
Punto[1.         0.50510707 0.48564222] -> F: 0.4313916419800537
Punto[1.         0.50538573 0.48554904] -> F: 0.43124545400135816
Punto[1.         0.50566439 0.48545587] -> F: 0.4310993025417705
Punto[1.         0.50594304 0.4853627 ] -> F: 0.4309531876012905
Punto[1.         0.5062217  0.48526953] -> F: 0.43080710917991843
Punto[1.         0.50650035 0.48517635] -> F: 0.4306610672776542
Punto[1.         0.50677901 0.48508318] -> F: 0.43051506189449784
Punto[1.         0.50705767 0.48499001] -> F: 0.4303690930304493
Punto[1.         0.50733632 0.48489684] -> F: 0.43022316068550864
Punto[1.         0.50761498 0.48480366] -> F: 0.43007726485967585
Punto[1.         0.50789364 0.48471049] -> F: 0.42993140555295073
Punto[1.         0.50817229 0.48461732] -> F: 0.4297855827653336
{
  "seed": 17508,
  "n_per_z": 10,
  "nz": 100,
  "nd": 100,
  "n_muestras": 50,
  "best_f": 0.4370906093654182,
  "best_cp": [
    1.0,
    0.4942337783565543,
    0.4892778450837929
  ],
  "best_u": [
    0.48175367410171543,
    0.6752059017066832,
    -0.5585789002369881
  ],
  "best_index": 1,
  "n_candidatos": 54
}
