Punto[0.        0.6188008 0.4292089] -> F: 0.17748877574243585
Punto[1.         0.51923333 0.53415842] -> F: 0.39478599612912363
Punto[2.         0.39133567 0.56960751] -> F: 0.09597008825951418
Punto[1.         0.50506823 0.4994082 ] -> F: 0.3774666595862416
Punto[1.         0.51895003 0.53346341] -> F: 0.3950159454543179
Punto[1.         0.51867239 0.53278231] -> F: 0.3952163455099303
Punto[1.         0.51839476 0.53210121] -> F: 0.3954129685491097
Punto[1.         0.51811712 0.5314201 ] -> F: 0.395609517829834
Punto[1.         0.51783948 0.530739  ] -> F: 0.39580639412013385
Punto[1.         0.51756185 0.53005789] -> F: 0.3960041204882738
Punto[1.         0.51728421 0.52937679] -> F: 0.3962026991819105
Punto[1.         0.51700658 0.52869568] -> F: 0.39640213020104376
Punto[1.         0.51672894 0.52801458] -> F: 0.39627032980162696
Punto[1.         0.5164513  0.52733348] -> F: 0.39581884620740826
Punto[1.         0.51617367 0.52665237] -> F: 0.39536785835435867
Punto[1.         0.51589603 0.52597127] -> F: 0.39491736624247803
Punto[1.         0.5156184  0.52529016] -> F: 0.3944673698717664
Punto[1.         0.51534076 0.52460906] -> F: 0.39401786924222393
Punto[1.         0.51506312 0.52392796] -> F: 0.3935688643538504
Punto[1.         0.51478549 0.52324685] -> F: 0.39312035520664584
Punto[1.         0.51450785 0.52256575] -> F: 0.39267234180061034
Punto[1.         0.51423022 0.52188464] -> F: 0.3922245370522632
Punto[1.         0.51395258 0.52120354] -> F: 0.3917704814451828
Punto[1.         0.51367494 0.52052243] -> F: 0.3913169373121798
Punto[1.         0.51339731 0.51984133] -> F: 0.3908639046532542
Punto[1.         0.51311967 0.51916023] -> F: 0.39041138346840576
Punto[1.         0.51284204 0.51847912] -> F: 0.3899593737576347
Punto[1.         0.5125644  0.51779802] -> F: 0.389507875520941
Punto[1.         0.51228677 0.51711691] -> F: 0.38905688875832456
Punto[1.         0.51200913 0.51643581] -> F: 0.38860641346978547
Punto[1.         0.51173149 0.5157547 ] -> F: 0.3881564496553237
Punto[1.         0.51145386 0.5150736 ] -> F: 0.38770699731493913
Punto[1.         0.51117622 0.5143925 ] -> F: 0.38725805644863204
Punto[1.         0.51089859 0.51371139] -> F: 0.38680962705640215
Punto[1.         0.51062095 0.51303029] -> F: 0.3863617091382496
Punto[1.         0.51034331 0.51234918] -> F: 0.3859143026941744
Punto[1.         0.51006568 0.51166808] -> F: 0.3854674077241765
Punto[1.         0.50978804 0.51098697] -> F: 0.38502102422825596
Punto[1.         0.50951041 0.51030587] -> F: 0.38457515220641264
Punto[1.         0.50923277 0.50962477] -> F: 0.38412979165864664
Punto[1.         0.50895513 0.50894366] -> F: 0.383684942584958
Punto[1.         0.5086775  0.50826256] -> F: 0.38324060498534673
Punto[1.         0.50839986 0.50758145] -> F: 0.3827967788598126
Punto[1.         0.50812223 0.50690035] -> F: 0.38235346420835586
Punto[1.         0.50784459 0.50621924] -> F: 0.3819106610309764
Punto[1.         0.50756695 0.50553814] -> F: 0.38146836932767436
Punto[1.         0.50728932 0.50485704] -> F: 0.38102658909844966
Punto[1.         0.50701168 0.50417593] -> F: 0.3805853203433021
Punto[1.         0.50673405 0.50349483] -> F: 0.38014299359488585
Punto[1.         0.50645641 0.50281372] -> F: 0.3796956174505158
Punto[1.         0.50617878 0.50213262] -> F: 0.3792487694966508
Punto[1.         0.50590114 0.50145152] -> F: 0.3788024497332908
Punto[1.         0.5056235  0.50077041] -> F: 0.378356658160436
Punto[1.         0.50534587 0.50008931] -> F: 0.37791139477808633
{
  "seed": 11438,
  "n_per_z": 10,
  "nz": 100,
  "nd": 100,
  "n_muestras": 50,
  "best_f": 0.39640213020104376,
  "best_cp": [
    1.0,
    0.5170065755269534,
    0.5286956848182289
  ],
  "best_u": [
    0.15643446504023092,
    -0.7408759576253525,
    0.6531700188773929
  ],
  "best_index": 11,
  "n_candidatos": 54
}
