Punto[0.         0.33999873 0.49976654] -> F: 0.12132472926798304
Punto[1.         0.455275   0.44628742] -> F: 0.40705174186522347
Punto[2.         0.44964296 0.46454314] -> F: 0.14654958259640452
Punto[1.         0.39482084 0.48215484] -> F: 0.43519187240388185
Punto[1.         0.45406591 0.44700476] -> F: 0.40905228833965784
Punto[1.         0.45288101 0.44770777] -> F: 0.4110172973853757
Punto[1.         0.45169611 0.44841077] -> F: 0.4129566098915718
Punto[1.         0.45051121 0.44911377] -> F: 0.4148894802130495
Punto[1.         0.44932631 0.44981677] -> F: 0.41682655305538574
Punto[1.         0.44814141 0.45051977] -> F: 0.4187678284185807
Punto[1.         0.4469565  0.45122277] -> F: 0.42071330630263404
Punto[1.         0.4457716  0.45192577] -> F: 0.42266298670754604
Punto[1.         0.4445867  0.45262878] -> F: 0.4246168696333166
Punto[1.         0.4434018  0.45333178] -> F: 0.42657495507994575
Punto[1.         0.4422169  0.45403478] -> F: 0.4285372430474334
Punto[1.         0.441032   0.45473778] -> F: 0.43048877787704287
Punto[1.         0.4398471  0.45544078] -> F: 0.4324194815876611
Punto[1.         0.43866219 0.45614378] -> F: 0.43435418232787704
Punto[1.         0.43747729 0.45684679] -> F: 0.43629288009769035
Punto[1.         0.43629239 0.45754979] -> F: 0.4382355748971016
Punto[1.         0.43510749 0.45825279] -> F: 0.4401822667261097
Punto[1.         0.43392259 0.45895579] -> F: 0.4421329555847157
Punto[1.         0.43273769 0.45965879] -> F: 0.444087641472919
Punto[1.         0.43155279 0.46036179] -> F: 0.4460463243907201
Punto[1.         0.43036788 0.46106479] -> F: 0.4480090043381186
Punto[1.         0.42918298 0.4617678 ] -> F: 0.4499502192963793
Punto[1.         0.42799808 0.4624708 ] -> F: 0.45188159578034065
Punto[1.         0.42681318 0.4631738 ] -> F: 0.4538167808399512
Punto[1.         0.42562828 0.4638768 ] -> F: 0.45575577447521115
Punto[1.         0.42444338 0.4645798 ] -> F: 0.45630573116406326
Punto[1.         0.42325848 0.4652828 ] -> F: 0.45570171771557766
Punto[1.         0.42207357 0.46598581] -> F: 0.45509841856235667
Punto[1.         0.42088867 0.46668881] -> F: 0.45449583370440033
Punto[1.         0.41970377 0.46739181] -> F: 0.45389396314170843
Punto[1.         0.41851887 0.46809481] -> F: 0.45329280687428103
Punto[1.         0.41733397 0.46879781] -> F: 0.45269236490211806
Punto[1.         0.41614907 0.46950081] -> F: 0.452086925919997
Punto[1.         0.41496417 0.47020381] -> F: 0.45147047535404483
Punto[1.         0.41377927 0.47090682] -> F: 0.4508547813181613
Punto[1.         0.41259436 0.47160982] -> F: 0.4502398438123464
Punto[1.         0.41140946 0.47231282] -> F: 0.4496256628366001
Punto[1.         0.41022456 0.47301582] -> F: 0.4490122383909224
Punto[1.         0.40903966 0.47371882] -> F: 0.44839957047531337
Punto[1.         0.40785476 0.47442182] -> F: 0.4477772997060529
Punto[1.         0.40666986 0.47512482] -> F: 0.4471486304101724
Punto[1.         0.40548496 0.47582783] -> F: 0.4465207616888858
Punto[1.         0.40430005 0.47653083] -> F: 0.4458936935421929
Punto[1.         0.40311515 0.47723383] -> F: 0.44526742597009367
Punto[1.         0.40193025 0.47793683] -> F: 0.4446419589725883
Punto[1.         0.40074535 0.47863983] -> F: 0.4440172925496767
Punto[1.         0.39956045 0.47934283] -> F: 0.4423867171639134
Punto[1.         0.39837555 0.48004584] -> F: 0.44059520875474983
Punto[1.         0.39719065 0.48074884] -> F: 0.438805485178389
Punto[1.         0.39600574 0.48145184] -> F: 0.43700588506405635
{
  "seed": 5360,
  "n_per_z": 10,
  "nz": 100,
  "nd": 100,
  "n_muestras": 50,
  "best_f": 0.45630573116406326,
  "best_cp": [
    1.0,
    0.4244433777540964,
    0.4645798021474481
  ],
  "best_u": [
    -0.3971478906347807,
    -0.2836017760025685,
    0.8728365171167698
  ],
  "best_index": 29,
  "n_candidatos": 54
}
