Punto[0.         0.62192871 0.35408385] -> F: 0.1408409869247482
Punto[1.         0.55517446 0.51302205] -> F: 0.3551098583806202
Punto[2.         0.62810159 0.50849885] -> F: 0.10472013600273249
Punto[1.         0.62501515 0.43129135] -> F: 0.3664704954513783
Punto[1.         0.55657128 0.51138744] -> F: 0.35733410204279725
Punto[1.         0.55794015 0.50978552] -> F: 0.3596213574293077
Punto[1.         0.55930903 0.5081836 ] -> F: 0.3620150235891768
Punto[1.         0.56067791 0.50658168] -> F: 0.364513970545815
Punto[1.         0.56204679 0.50497975] -> F: 0.36657767462194374
Punto[1.         0.56341566 0.50337783] -> F: 0.3691204459127749
Punto[1.         0.56478454 0.50177591] -> F: 0.3725286560498395
Punto[1.         0.56615342 0.50017399] -> F: 0.37552535832314743
Punto[1.         0.5675223  0.49857207] -> F: 0.3785318440903924
Punto[1.         0.56889117 0.49697014] -> F: 0.3816397853868021
Punto[1.         0.57026005 0.49536822] -> F: 0.38484918221237663
Punto[1.         0.57162893 0.4937663 ] -> F: 0.3874498681593394
Punto[1.         0.57299781 0.49216438] -> F: 0.38977363544806076
Punto[1.         0.57436668 0.49056246] -> F: 0.39215945060183527
Punto[1.         0.57573556 0.48896054] -> F: 0.3944736588431501
Punto[1.         0.57710444 0.48735861] -> F: 0.3966265878546604
Punto[1.         0.57847332 0.48575669] -> F: 0.39888097239533543
Punto[1.         0.57984219 0.48415477] -> F: 0.40123681246517545
Punto[1.         0.58121107 0.48255285] -> F: 0.4036941080641801
Punto[1.         0.58257995 0.48095093] -> F: 0.4057004068528615
Punto[1.         0.58394883 0.479349  ] -> F: 0.4080949428215064
Punto[1.         0.5853177  0.47774708] -> F: 0.4114587120250634
Punto[1.         0.58668658 0.47614516] -> F: 0.41211407750423995
Punto[1.         0.58805546 0.47454324] -> F: 0.41081366754312637
Punto[1.         0.58942434 0.47294132] -> F: 0.40951657647187617
Punto[1.         0.59079321 0.4713394 ] -> F: 0.40822280429048935
Punto[1.         0.59216209 0.46973747] -> F: 0.40693235099896585
Punto[1.         0.59353097 0.46813555] -> F: 0.4056452165973056
Punto[1.         0.59489985 0.46653363] -> F: 0.4043614010855089
Punto[1.         0.59626872 0.46493171] -> F: 0.4030809044635755
Punto[1.         0.5976376  0.46332979] -> F: 0.40180372673150544
Punto[1.         0.59900648 0.46172786] -> F: 0.40052986788929873
Punto[1.         0.60037536 0.46012594] -> F: 0.3992593279369554
Punto[1.         0.60174423 0.45852402] -> F: 0.39799210687447534
Punto[1.         0.60311311 0.4569221 ] -> F: 0.39672820470185877
Punto[1.         0.60448199 0.45532018] -> F: 0.39546746198804517
Punto[1.         0.60585087 0.45371826] -> F: 0.39420199792877575
Punto[1.         0.60721974 0.45211633] -> F: 0.3929398962512315
Punto[1.         0.60858862 0.45051441] -> F: 0.39132984969492857
Punto[1.         0.6099575  0.44891249] -> F: 0.38924731148585745
Punto[1.         0.61132638 0.44731057] -> F: 0.38717187849519447
Punto[1.         0.61269525 0.44570865] -> F: 0.38510371785840675
Punto[1.         0.61406413 0.44410672] -> F: 0.3830428295754945
Punto[1.         0.61543301 0.4425048 ] -> F: 0.3809892136464578
Punto[1.         0.61680189 0.44090288] -> F: 0.37894287007129657
Punto[1.         0.61817077 0.43930096] -> F: 0.37690379885001063
Punto[1.         0.61953964 0.43769904] -> F: 0.37487199998260035
Punto[1.         0.62090852 0.43609712] -> F: 0.3728474734690655
Punto[1.         0.6222774  0.43449519] -> F: 0.37073189328486883
Punto[1.         0.62364628 0.43289327] -> F: 0.3685975581911858
{
  "seed": 10420,
  "n_per_z": 10,
  "nz": 100,
  "nd": 100,
  "n_muestras": 50,
  "best_f": 0.41211407750423995,
  "best_cp": [
    1.0,
    0.5866865812878089,
    0.4761451609631665
  ],
  "best_u": [
    0.587785252292473,
    0.4755282581475767,
    -0.6545084971874737
  ],
  "best_index": 26,
  "n_candidatos": 54
}
