Punto[0.         0.51812267 0.54437118] -> F: 0.1437253777680571
Punto[1.         0.3759203  0.53986329] -> F: 0.4126002834140184
Punto[2.         0.24883058 0.48152365] -> F: 0.11785132844955451
Punto[1.         0.38347663 0.51294741] -> F: 0.4191816637305417
Punto[1.         0.37607142 0.53932497] -> F: 0.4135230558333205
Punto[1.         0.37621953 0.53879742] -> F: 0.4144283073287696
Punto[1.         0.37636763 0.53826987] -> F: 0.41533448390911015
Punto[1.         0.37651573 0.53774232] -> F: 0.41624158557434215
Punto[1.         0.37666384 0.53721477] -> F: 0.4171496123244657
Punto[1.         0.37681194 0.53668721] -> F: 0.41805856415948073
Punto[1.         0.37696005 0.53615966] -> F: 0.418968441079387
Punto[1.         0.37710815 0.53563211] -> F: 0.41987924308418495
Punto[1.         0.37725625 0.53510456] -> F: 0.42079097017387435
Punto[1.         0.37740436 0.53457701] -> F: 0.4217036223484549
Punto[1.         0.37755246 0.53404946] -> F: 0.4226171996079272
Punto[1.         0.37770057 0.53352191] -> F: 0.42353170195229095
Punto[1.         0.37784867 0.53299436] -> F: 0.4244471293815462
Punto[1.         0.37799678 0.5324668 ] -> F: 0.42536348189569273
Punto[1.         0.37814488 0.53193925] -> F: 0.42628075949473077
Punto[1.         0.37829298 0.5314117 ] -> F: 0.42719896217866016
Punto[1.         0.37844109 0.53088415] -> F: 0.4281180899474811
Punto[1.         0.37858919 0.5303566 ] -> F: 0.4290381428011937
Punto[1.         0.3787373  0.52982905] -> F: 0.42995912073979764
Punto[1.        0.3788854 0.5293015] -> F: 0.430881023763293
Punto[1.         0.3790335  0.52877395] -> F: 0.4318038518716796
Punto[1.         0.37918161 0.5282464 ] -> F: 0.43272760506495783
Punto[1.         0.37932971 0.52771884] -> F: 0.4336522833431277
Punto[1.         0.37947782 0.52719129] -> F: 0.43457788670618874
Punto[1.         0.37962592 0.52666374] -> F: 0.43545796316355706
Punto[1.         0.37977402 0.52613619] -> F: 0.4348849431556532
Punto[1.         0.37992213 0.52560864] -> F: 0.4343113116016643
Punto[1.         0.38007023 0.52508109] -> F: 0.43373706850159005
Punto[1.         0.38021834 0.52455354] -> F: 0.43316221385543074
Punto[1.         0.38036644 0.52402599] -> F: 0.4325867476631863
Punto[1.         0.38051455 0.52349844] -> F: 0.4320106699248566
Punto[1.         0.38066265 0.52297088] -> F: 0.4314339806404419
Punto[1.         0.38081075 0.52244333] -> F: 0.43085667980994186
Punto[1.         0.38095886 0.52191578] -> F: 0.4302787674333568
Punto[1.         0.38110696 0.52138823] -> F: 0.4297002435106866
Punto[1.         0.38125507 0.52086068] -> F: 0.42906477478685784
Punto[1.         0.38140317 0.52033313] -> F: 0.4284012895457139
Punto[1.         0.38155127 0.51980558] -> F: 0.4277442623126999
Punto[1.         0.38169938 0.51927803] -> F: 0.42709369308781564
Punto[1.         0.38184748 0.51875047] -> F: 0.42644958187106113
Punto[1.         0.38199559 0.51822292] -> F: 0.42581192866243633
Punto[1.         0.38214369 0.51769537] -> F: 0.42518073346194174
Punto[1.         0.38229179 0.51716782] -> F: 0.42455599626957663
Punto[1.         0.3824399  0.51664027] -> F: 0.4239377170853414
Punto[1.         0.382588   0.51611272] -> F: 0.4233258959092358
Punto[1.         0.38273611 0.51558517] -> F: 0.4227205327412602
Punto[1.         0.38288421 0.51505762] -> F: 0.4221216275814144
Punto[1.         0.38303232 0.51453007] -> F: 0.4215291804296983
Punto[1.         0.38318042 0.51400251] -> F: 0.420943191286112
Punto[1.         0.38332852 0.51347496] -> F: 0.4202086392458106
Best centerpoint:  [1.         0.37962592 0.52666374] Best F:  0.43545796316355706 Best u:  [ 0.24868989  0.54442449 -0.80109632] índice:  25
{
  "seed": 3322,
  "n_per_z": 5,
  "nz": 100,
  "nd": 100,
  "n_muestras": 50,
  "best_f": 0.43545796316355706,
  "best_cp": [
    1.0,
    0.37962592061187983,
    0.5266637421381327
  ],
  "best_u": [
    0.24868988716485485,
    0.5444244949378755,
    -0.8010963171389386
  ],
  "n_candidatos": 54
}
