Punto[0.         0.49673272 0.4307737 ] -> F: 0.17772332018344433
Punto[1.         0.44941324 0.51315039] -> F: 0.3919442334323458
Punto[2.         0.46081127 0.428306  ] -> F: 0.09579070994048344
Punto[1.         0.47877199 0.42953985] -> F: 0.36546290037754536
Punto[1.         0.45000042 0.51147818] -> F: 0.3941159969686608
Punto[1.         0.45057585 0.50983942] -> F: 0.39624460472714024
Punto[1.         0.45115128 0.50820065] -> F: 0.3983012818416561
Punto[1.         0.45172671 0.50656188] -> F: 0.4003942366756142
Punto[1.         0.45230214 0.50492312] -> F: 0.40221260270114134
Punto[1.         0.45287757 0.50328435] -> F: 0.40152127062030923
Punto[1.         0.45345301 0.50164558] -> F: 0.40082742792138354
Punto[1.         0.45402844 0.50000682] -> F: 0.40013399574277747
Punto[1.         0.45460387 0.49836805] -> F: 0.3994409740844914
Punto[1.         0.4551793  0.49672928] -> F: 0.3987322843674283
Punto[1.         0.45575473 0.49509052] -> F: 0.39802212201919135
Punto[1.         0.45633016 0.49345175] -> F: 0.3973123917912166
Punto[1.         0.4569056  0.49181298] -> F: 0.3966022519848992
Punto[1.         0.45748103 0.49017422] -> F: 0.39587576219283893
Punto[1.         0.45805646 0.48853545] -> F: 0.39514972628240186
Punto[1.         0.45863189 0.48689668] -> F: 0.3944241442535876
Punto[1.         0.45920732 0.48525792] -> F: 0.3936939773876474
Punto[1.         0.45978275 0.48361915] -> F: 0.3929519945797148
Punto[1.         0.46035819 0.48198038] -> F: 0.3922104876051437
Punto[1.         0.46093362 0.48034162] -> F: 0.3914694564639341
Punto[1.         0.46150905 0.47870285] -> F: 0.39071844272956024
Punto[1.         0.46208448 0.47706408] -> F: 0.3899613285150028
Punto[1.         0.46265991 0.47542532] -> F: 0.38920471230726505
Punto[1.         0.46323534 0.47378655] -> F: 0.3884485018321658
Punto[1.         0.46381077 0.47214778] -> F: 0.3876760591618244
Punto[1.         0.46438621 0.47050902] -> F: 0.3869041369272496
Punto[1.         0.46496164 0.46887025] -> F: 0.3861327351284415
Punto[1.         0.46553707 0.46723148] -> F: 0.38535422343309045
Punto[1.         0.4661125  0.46559272] -> F: 0.38456723726737707
Punto[1.         0.46668793 0.46395395] -> F: 0.3837807942581665
Punto[1.         0.46726336 0.46231518] -> F: 0.3829948944054589
Punto[1.         0.4678388  0.46067642] -> F: 0.3821936449609623
Punto[1.         0.46841423 0.45903765] -> F: 0.38139236779987706
Punto[1.         0.46898966 0.45739888] -> F: 0.380591656846815
Punto[1.         0.46956509 0.45576012] -> F: 0.3797830932303683
Punto[1.         0.47014052 0.45412135] -> F: 0.37896715488834604
Punto[1.         0.47071595 0.45248258] -> F: 0.37815180617855776
Punto[1.         0.47129138 0.45084382] -> F: 0.3773353986651477
Punto[1.         0.47186682 0.44920505] -> F: 0.37645044642536185
Punto[1.         0.47244225 0.44756629] -> F: 0.37553356516741226
Punto[1.         0.47301768 0.44592752] -> F: 0.37461711521585506
Punto[1.         0.47359311 0.44428875] -> F: 0.37370109657069006
Punto[1.         0.47416854 0.44264999] -> F: 0.3727855092319174
Punto[1.         0.47474397 0.44101122] -> F: 0.371870353199537
Punto[1.         0.47531941 0.43937245] -> F: 0.3709551723958418
Punto[1.         0.47589484 0.43773369] -> F: 0.37003871033721575
Punto[1.         0.47647027 0.43609492] -> F: 0.36912268163415357
Punto[1.         0.4770457  0.43445615] -> F: 0.3682070862866555
Punto[1.         0.47762113 0.43281739] -> F: 0.36729192429472146
Punto[1.         0.47819656 0.43117862] -> F: 0.3663771956583514
{
  "seed": 810,
  "n_per_z": 10,
  "nz": 100,
  "nd": 100,
  "n_muestras": 50,
  "best_f": 0.40221260270114134,
  "best_cp": [
    1.0,
    0.4523021434316262,
    0.504923115875414
  ],
  "best_u": [
    0.4257792915650727,
    -0.48483057953315956,
    -0.7639707481467372
  ],
  "best_index": 8,
  "n_candidatos": 54
}
