Punto[0.         0.51522317 0.5588345 ] -> F: 0.13594051789416337
Punto[1.         0.48596299 0.55284658] -> F: 0.3983987358371278
Punto[2.         0.5320948  0.52662124] -> F: 0.1207524709480665
Punto[1.         0.52365898 0.54272787] -> F: 0.4233028642686179
Punto[1.         0.48671691 0.55264421] -> F: 0.3997190716549234
Punto[1.         0.48745576 0.55244588] -> F: 0.40101651375920844
Punto[1.         0.4881946  0.55224755] -> F: 0.40231743338146164
Punto[1.         0.48893344 0.55204923] -> F: 0.40362183052168266
Punto[1.         0.48967228 0.5518509 ] -> F: 0.4049297051798716
Punto[1.         0.49041112 0.55165257] -> F: 0.4062410573560286
Punto[1.         0.49114996 0.55145425] -> F: 0.4075558870501537
Punto[1.         0.4918888  0.55125592] -> F: 0.408874194262247
Punto[1.         0.49262765 0.55105759] -> F: 0.41019597899230775
Punto[1.         0.49336649 0.55085927] -> F: 0.4115212412403367
Punto[1.         0.49410533 0.55066094] -> F: 0.41284998100633374
Punto[1.         0.49484417 0.55046261] -> F: 0.41418219829029873
Punto[1.         0.49558301 0.55026429] -> F: 0.41551789309223175
Punto[1.         0.49632185 0.55006596] -> F: 0.4168570654121328
Punto[1.         0.49706069 0.54986763] -> F: 0.41819971525000177
Punto[1.         0.49779953 0.54966931] -> F: 0.41954531512124954
Punto[1.         0.49853838 0.54947098] -> F: 0.4208705157646116
Punto[1.         0.49927722 0.54927265] -> F: 0.42219897179784177
Punto[1.         0.50001606 0.54907433] -> F: 0.4235306832209402
Punto[1.        0.5007549 0.548876 ] -> F: 0.4248656500339071
Punto[1.         0.50149374 0.54867767] -> F: 0.4262038722367424
Punto[1.         0.50223258 0.54847935] -> F: 0.42754534982944564
Punto[1.         0.50297142 0.54828102] -> F: 0.4288900828120175
Punto[1.         0.50371027 0.54808269] -> F: 0.4302380711844574
Punto[1.         0.50444911 0.54788437] -> F: 0.4315893149467655
Punto[1.         0.50518795 0.54768604] -> F: 0.4329438140989423
Punto[1.         0.50592679 0.54748771] -> F: 0.43430156864098707
Punto[1.         0.50666563 0.54728939] -> F: 0.43566257857290036
Punto[1.         0.50740447 0.54709106] -> F: 0.43702684389468177
Punto[1.         0.50814331 0.54689273] -> F: 0.4383943646063314
Punto[1.         0.50888216 0.54669441] -> F: 0.43976514070784967
Punto[1.         0.509621   0.54649608] -> F: 0.441139172199236
Punto[1.         0.51035984 0.54629775] -> F: 0.44251645908049075
Punto[1.         0.51109868 0.54609943] -> F: 0.4424154017345927
Punto[1.         0.51183752 0.5459011 ] -> F: 0.44128932727891773
Punto[1.         0.51257636 0.54570277] -> F: 0.4401726908274921
Punto[1.         0.5133152  0.54550445] -> F: 0.43904282873791645
Punto[1.         0.51405405 0.54530612] -> F: 0.4378488577142185
Punto[1.         0.51479289 0.54510779] -> F: 0.4366565228639811
Punto[1.         0.51553173 0.54490947] -> F: 0.4354658241872045
Punto[1.         0.51627057 0.54471114] -> F: 0.43427676168388835
Punto[1.         0.51700941 0.54451281] -> F: 0.433089335354033
Punto[1.         0.51774825 0.54431449] -> F: 0.4319115607973351
Punto[1.         0.51848709 0.54411616] -> F: 0.4307613175602076
Punto[1.         0.51922594 0.54391783] -> F: 0.4296392661056515
Punto[1.         0.51996478 0.54371951] -> F: 0.4285454064336668
Punto[1.         0.52070362 0.54352118] -> F: 0.4274797385442534
Punto[1.         0.52144246 0.54332285] -> F: 0.4264198252959704
Punto[1.         0.5221813  0.54312453] -> F: 0.42534412665589955
Punto[1.         0.52292014 0.5429262 ] -> F: 0.42430513964678207
Best centerpoint:  [1.         0.51035984 0.54629775] Best F:  0.44251645908049075 Best u:  [ 0.12533323 -0.7839244   0.6080741 ] índice:  33
{
  "seed": 14099,
  "n_per_z": 5,
  "nz": 100,
  "nd": 100,
  "n_muestras": 50,
  "best_f": 0.44251645908049075,
  "best_cp": [
    1.0,
    0.5103598387171596,
    0.5462977524395634
  ],
  "best_u": [
    0.12533323356430448,
    -0.7839244040952456,
    0.6080740984684593
  ],
  "n_candidatos": 54
}
