Punto[0.        0.5191193 0.4090723] -> F: 0.1438853270488461
Punto[1.         0.47654536 0.50376828] -> F: 0.43058335989986973
Punto[2.         0.4604603  0.51949467] -> F: 0.11812902460587534
Punto[1.         0.4897898  0.46428349] -> F: 0.42869966119750247
Punto[1.         0.47681025 0.50297858] -> F: 0.4314733221744791
Punto[1.         0.47706984 0.50220468] -> F: 0.432259389404438
Punto[1.         0.47732943 0.50143078] -> F: 0.4329866408068409
Punto[1.         0.47758902 0.50065688] -> F: 0.43371361267521996
Punto[1.         0.47784861 0.49988298] -> F: 0.4344403050095753
Punto[1.         0.4781082  0.49910907] -> F: 0.43517580655243454
Punto[1.         0.47836779 0.49833517] -> F: 0.43596209813084413
Punto[1.         0.47862738 0.49756127] -> F: 0.436804432886116
Punto[1.         0.47888698 0.49678737] -> F: 0.43770281081825
Punto[1.         0.47914657 0.49601347] -> F: 0.4386572319272462
Punto[1.         0.47940616 0.49523957] -> F: 0.4396676962131047
Punto[1.         0.47966575 0.49446566] -> F: 0.4407342036758255
Punto[1.         0.47992534 0.49369176] -> F: 0.44185675431540816
Punto[1.         0.48018493 0.49291786] -> F: 0.44302335241224505
Punto[1.         0.48044452 0.49214396] -> F: 0.4441932778480531
Punto[1.         0.48070411 0.49137006] -> F: 0.4453631769573084
Punto[1.         0.4809637  0.49059615] -> F: 0.44653304974001073
Punto[1.         0.4812233  0.48982225] -> F: 0.44770289619616027
Punto[1.         0.48148289 0.48904835] -> F: 0.44887271632575687
Punto[1.         0.48174248 0.48827445] -> F: 0.44994015084355793
Punto[1.         0.48200207 0.48750055] -> F: 0.45101176280867944
Punto[1.         0.48226166 0.48672664] -> F: 0.45209334213521296
Punto[1.         0.48252125 0.48595274] -> F: 0.45318486620751824
Punto[1.         0.48278084 0.48517884] -> F: 0.454286303637878
Punto[1.         0.48304043 0.48440494] -> F: 0.45390769462783515
Punto[1.         0.48330002 0.48363104] -> F: 0.45325698429531536
Punto[1.         0.48355961 0.48285713] -> F: 0.4524006647040957
Punto[1.         0.48381921 0.48208323] -> F: 0.45151013564723935
Punto[1.         0.4840788  0.48130933] -> F: 0.4505868133858341
Punto[1.         0.48433839 0.48053543] -> F: 0.4496183452287402
Punto[1.         0.48459798 0.47976153] -> F: 0.44865293981552046
Punto[1.         0.48485757 0.47898762] -> F: 0.4476905971461747
Punto[1.         0.48511716 0.47821372] -> F: 0.4467313172207029
Punto[1.         0.48537675 0.47743982] -> F: 0.4457751000391052
Punto[1.         0.48563634 0.47666592] -> F: 0.4448219456013815
Punto[1.         0.48589593 0.47589202] -> F: 0.4438718539075322
Punto[1.         0.48615553 0.47511811] -> F: 0.4429069853750334
Punto[1.         0.48641512 0.47434421] -> F: 0.44185726029273154
Punto[1.         0.48667471 0.47357031] -> F: 0.44080797740203154
Punto[1.         0.4869343  0.47279641] -> F: 0.43976515485143863
Punto[1.         0.48719389 0.47202251] -> F: 0.4387321123078686
Punto[1.         0.48745348 0.4712486 ] -> F: 0.4377088497713214
Punto[1.         0.48771307 0.4704747 ] -> F: 0.4366953672417971
Punto[1.         0.48797266 0.4697008 ] -> F: 0.43569166471929544
Punto[1.         0.48823225 0.4689269 ] -> F: 0.43469774220381663
Punto[1.         0.48849185 0.468153  ] -> F: 0.4337135996953607
Punto[1.         0.48875144 0.46737909] -> F: 0.4327392371939276
Punto[1.         0.48901103 0.46660519] -> F: 0.43177465469951726
Punto[1.         0.48927062 0.46583129] -> F: 0.4308198522121297
Punto[1.         0.48953021 0.46505739] -> F: 0.42976403087603043
{
  "seed": 12427,
  "n_per_z": 10,
  "nz": 100,
  "nd": 100,
  "n_muestras": 50,
  "best_f": 0.454286303637878,
  "best_cp": [
    1.0,
    0.4827808416614803,
    0.4851788395429342
  ],
  "best_u": [
    0.18738131458572474,
    -0.24428490554719307,
    0.9514268904471455
  ],
  "best_index": 27,
  "n_candidatos": 54
}
