Punto[0.         0.42058208 0.42572628] -> F: 0.1555822761894218
Punto[1.         0.43704696 0.53394342] -> F: 0.40999405301463043
Punto[2.         0.54422495 0.68211092] -> F: 0.09600175241892377
Punto[1.         0.48240351 0.5539186 ] -> F: 0.3888700972294523
Punto[1.         0.43795409 0.53434292] -> F: 0.41086256275181393
Punto[1.         0.43884308 0.53473444] -> F: 0.4116888356801853
Punto[1.         0.43973207 0.53512595] -> F: 0.41251576924960354
Punto[1.         0.44062105 0.53551746] -> F: 0.41334336346006867
Punto[1.         0.44151004 0.53590898] -> F: 0.41414132425653577
Punto[1.         0.44239903 0.53630049] -> F: 0.4149380653447904
Punto[1.         0.44328802 0.536692  ] -> F: 0.41485736025118913
Punto[1.         0.44417701 0.53708352] -> F: 0.4142551040175347
Punto[1.         0.445066   0.53747503] -> F: 0.4136533898628703
Punto[1.         0.44595498 0.53786654] -> F: 0.413052217787196
Punto[1.         0.44684397 0.53825806] -> F: 0.4124515877905117
Punto[1.         0.44773296 0.53864957] -> F: 0.4118514998728175
Punto[1.         0.44862195 0.53904108] -> F: 0.41125195403411335
Punto[1.         0.44951094 0.5394326 ] -> F: 0.41065295027439913
Punto[1.         0.45039993 0.53982411] -> F: 0.41005448859367516
Punto[1.         0.45128891 0.54021563] -> F: 0.40945656899194105
Punto[1.         0.4521779  0.54060714] -> F: 0.40885919146919714
Punto[1.         0.45306689 0.54099865] -> F: 0.40826235602544314
Punto[1.         0.45395588 0.54139017] -> F: 0.4076660626606793
Punto[1.         0.45484487 0.54178168] -> F: 0.40707031137490546
Punto[1.         0.45573386 0.54217319] -> F: 0.40647510216812166
Punto[1.         0.45662285 0.54256471] -> F: 0.40588043504032795
Punto[1.         0.45751183 0.54295622] -> F: 0.40528630999152426
Punto[1.         0.45840082 0.54334773] -> F: 0.40469272702171055
Punto[1.         0.45928981 0.54373925] -> F: 0.40409968613088704
Punto[1.         0.4601788  0.54413076] -> F: 0.4035071873190535
Punto[1.         0.46106779 0.54452227] -> F: 0.4029152305862101
Punto[1.         0.46195678 0.54491379] -> F: 0.40232381593235655
Punto[1.         0.46284576 0.5453053 ] -> F: 0.4017329433574932
Punto[1.         0.46373475 0.54569681] -> F: 0.4011426128616199
Punto[1.         0.46462374 0.54608833] -> F: 0.4005528244447366
Punto[1.         0.46551273 0.54647984] -> F: 0.3999635781068434
Punto[1.         0.46640172 0.54687135] -> F: 0.39937487384794024
Punto[1.         0.46729071 0.54726287] -> F: 0.3987867116680271
Punto[1.         0.4681797  0.54765438] -> F: 0.39819909156710404
Punto[1.         0.46906868 0.54804589] -> F: 0.397612013545171
Punto[1.         0.46995767 0.54843741] -> F: 0.39702547760222795
Punto[1.         0.47084666 0.54882892] -> F: 0.39643948373827514
Punto[1.         0.47173565 0.54922044] -> F: 0.3958540319533122
Punto[1.         0.47262464 0.54961195] -> F: 0.3952691222473394
Punto[1.         0.47351363 0.55000346] -> F: 0.39468475462035657
Punto[1.         0.47440261 0.55039498] -> F: 0.39410092907236394
Punto[1.         0.4752916  0.55078649] -> F: 0.39351764560336117
Punto[1.         0.47618059 0.551178  ] -> F: 0.3929349042133486
Punto[1.         0.47706958 0.55156952] -> F: 0.39235270490232604
Punto[1.         0.47795857 0.55196103] -> F: 0.3917710476702935
Punto[1.         0.47884756 0.55235254] -> F: 0.3911898803157337
Punto[1.         0.47973655 0.55274406] -> F: 0.3906091209032634
Punto[1.         0.48062553 0.55313557] -> F: 0.3900289039180597
Punto[1.         0.48151452 0.55352708] -> F: 0.3894492293601227
Best centerpoint:  [1.         0.44239903 0.53630049] Best F:  0.4149380653447904 Best u:  [ 0.27899111 -0.12035671 -0.95272148] índice:  6
{
  "seed": 8122,
  "n_per_z": 5,
  "nz": 100,
  "nd": 100,
  "n_muestras": 50,
  "best_f": 0.4149380653447904,
  "best_cp": [
    1.0,
    0.4423990304739307,
    0.5363004900895767
  ],
  "best_u": [
    0.27899110603922916,
    -0.1203567127972751,
    -0.9527214831395594
  ],
  "n_candidatos": 54
}
