Punto[0.         0.40223538 0.41612234] -> F: 0.11711381669354191
Punto[1.         0.39036686 0.40549312] -> F: 0.40719921881083654
Punto[2.         0.26073902 0.43109742] -> F: 0.0808916351593755
Punto[1.         0.3314872  0.42360988] -> F: 0.4000778617979469
Punto[1.         0.38918927 0.40585546] -> F: 0.409303679628352
Punto[1.         0.38803523 0.40621055] -> F: 0.41137177516171974
Punto[1.         0.38688119 0.40656563] -> F: 0.4134372116869787
Punto[1.         0.38572714 0.40692072] -> F: 0.4155090666344564
Punto[1.         0.3845731  0.40727581] -> F: 0.4175873400041527
Punto[1.         0.38341906 0.4076309 ] -> F: 0.41967203179606777
Punto[1.         0.38226502 0.40798599] -> F: 0.4200375973600044
Punto[1.         0.38111098 0.40834108] -> F: 0.41986724935368674
Punto[1.         0.37995694 0.40869616] -> F: 0.41969714756811244
Punto[1.         0.3788029  0.40905125] -> F: 0.4195272920032822
Punto[1.         0.37764885 0.40940634] -> F: 0.4193576826591956
Punto[1.         0.37649481 0.40976143] -> F: 0.4191883195358529
Punto[1.         0.37534077 0.41011652] -> F: 0.41901920263325404
Punto[1.         0.37418673 0.41047161] -> F: 0.41885033195139904
Punto[1.         0.37303269 0.41082669] -> F: 0.4186817074902876
Punto[1.         0.37187865 0.41118178] -> F: 0.4185133292499205
Punto[1.         0.37072461 0.41153687] -> F: 0.4183451972302969
Punto[1.         0.36957056 0.41189196] -> F: 0.4181773114314171
Punto[1.         0.36841652 0.41224705] -> F: 0.4180096718532811
Punto[1.         0.36726248 0.41260214] -> F: 0.41784227849588934
Punto[1.         0.36610844 0.41295723] -> F: 0.41767513135924095
Punto[1.         0.3649544  0.41331231] -> F: 0.4175082304433362
Punto[1.         0.36380036 0.4136674 ] -> F: 0.41734157574817593
Punto[1.         0.36264632 0.41402249] -> F: 0.41717516727375903
Punto[1.         0.36149228 0.41437758] -> F: 0.41700900502008603
Punto[1.         0.36033823 0.41473267] -> F: 0.41684308898715705
Punto[1.         0.35918419 0.41508776] -> F: 0.41667741917497203
Punto[1.         0.35803015 0.41544284] -> F: 0.4165119955835304
Punto[1.         0.35687611 0.41579793] -> F: 0.4163468182128327
Punto[1.         0.35572207 0.41615302] -> F: 0.41618188706287884
Punto[1.         0.35456803 0.41650811] -> F: 0.41601720213366894
Punto[1.         0.35341399 0.4168632 ] -> F: 0.4158306087481813
Punto[1.         0.35225994 0.41721829] -> F: 0.41501201563966905
Punto[1.         0.3511059  0.41757337] -> F: 0.41419404258954184
Punto[1.         0.34995186 0.41792846] -> F: 0.41337668959780005
Punto[1.         0.34879782 0.41828355] -> F: 0.41255995666444334
Punto[1.         0.34764378 0.41863864] -> F: 0.41174384378947204
Punto[1.         0.34648974 0.41899373] -> F: 0.4109190286975054
Punto[1.         0.3453357  0.41934882] -> F: 0.4100895831214825
Punto[1.         0.34418165 0.41970391] -> F: 0.4092607799997746
Punto[1.         0.34302761 0.42005899] -> F: 0.40843261933238134
Punto[1.         0.34187357 0.42041408] -> F: 0.4076051011193029
Punto[1.         0.34071953 0.42076917] -> F: 0.4067782253605393
Punto[1.         0.33956549 0.42112426] -> F: 0.4059515491073587
Punto[1.         0.33841145 0.42147935] -> F: 0.405111748144527
Punto[1.         0.33725741 0.42183444] -> F: 0.4042726119517167
Punto[1.         0.33610337 0.42218952] -> F: 0.40343414052892823
Punto[1.         0.33494932 0.42254461] -> F: 0.40259633387616145
Punto[1.         0.33379528 0.4228997 ] -> F: 0.4017591919934164
Punto[1.         0.33264124 0.42325479] -> F: 0.40092271488069303
Best centerpoint:  [1.         0.38226502 0.40798599] Best F:  0.4200375973600044 Best u:  [0.12533323 0.24672889 0.96094559] índice:  7
{
  "seed": 7690,
  "n_per_z": 5,
  "nz": 100,
  "nd": 100,
  "n_muestras": 50,
  "best_f": 0.4200375973600044,
  "best_cp": [
    1.0,
    0.3822650199795341,
    0.40798598746838455
  ],
  "best_u": [
    0.12533323356430448,
    0.24672889312449103,
    0.9609455936013646
  ],
  "n_candidatos": 54
}
