Punto[0.         0.40431982 0.55292244] -> F: 0.1270483062975278
Punto[1.         0.50748679 0.51061899] -> F: 0.3951027706645837
Punto[2.         0.44170417 0.37373382] -> F: 0.1331984735581299
Punto[1.         0.423012   0.46332813] -> F: 0.408922665694266
Punto[1.         0.50579729 0.50967317] -> F: 0.39768301193266603
Punto[1.         0.50414159 0.50874627] -> F: 0.4002601577846729
Punto[1.         0.50248588 0.50781937] -> F: 0.4028853230519327
Punto[1.         0.50083017 0.50689247] -> F: 0.40529845059633723
Punto[1.         0.49917447 0.50596557] -> F: 0.40771074370124594
Punto[1.         0.49751876 0.50503867] -> F: 0.4101521609416971
Punto[1.         0.49586306 0.50411177] -> F: 0.412622702317691
Punto[1.         0.49420735 0.50318487] -> F: 0.4149627277685111
Punto[1.         0.49255164 0.50225796] -> F: 0.4172407928654224
Punto[1.         0.49089594 0.50133106] -> F: 0.41965452221470795
Punto[1.         0.48924023 0.50040416] -> F: 0.42220391581636746
Punto[1.         0.48758453 0.49947726] -> F: 0.42462428652685624
Punto[1.         0.48592882 0.49855036] -> F: 0.4268003368964434
Punto[1.         0.48427311 0.49762346] -> F: 0.42902367604857
Punto[1.         0.48261741 0.49669656] -> F: 0.43129430398323604
Punto[1.         0.4809617  0.49576966] -> F: 0.43361222070044136
Punto[1.         0.479306   0.49484276] -> F: 0.4359774262001859
Punto[1.         0.47765029 0.49391586] -> F: 0.4383819082804185
Punto[1.         0.47599458 0.49298896] -> F: 0.4405860318591803
Punto[1.         0.47433888 0.49206206] -> F: 0.44281927957348505
Punto[1.         0.47268317 0.49113516] -> F: 0.4450816514233322
Punto[1.         0.47102747 0.49020825] -> F: 0.4473731474087222
Punto[1.         0.46937176 0.48928135] -> F: 0.44969376752965484
Punto[1.         0.46771605 0.48835445] -> F: 0.4519861530978486
Punto[1.         0.46606035 0.48742755] -> F: 0.4542043992830985
Punto[1.         0.46440464 0.48650065] -> F: 0.456366613646198
Punto[1.         0.46274894 0.48557375] -> F: 0.45659113379733335
Punto[1.         0.46109323 0.48464685] -> F: 0.4553290087203935
Punto[1.         0.45943753 0.48371995] -> F: 0.4536430787932131
Punto[1.         0.45778182 0.48279305] -> F: 0.4517110059530041
Punto[1.         0.45612611 0.48186615] -> F: 0.44980259639353387
Punto[1.         0.45447041 0.48093925] -> F: 0.44791785011480223
Punto[1.         0.4528147  0.48001235] -> F: 0.44605676711680925
Punto[1.         0.451159   0.47908545] -> F: 0.4441983770248454
Punto[1.         0.44950329 0.47815854] -> F: 0.4422690569583841
Punto[1.         0.44784758 0.47723164] -> F: 0.44037976016273017
Punto[1.         0.44619188 0.47630474] -> F: 0.4385304866378835
Punto[1.         0.44453617 0.47537784] -> F: 0.4367212363838444
Punto[1.         0.44288047 0.47445094] -> F: 0.43478595226318073
Punto[1.         0.44122476 0.47352404] -> F: 0.4328658455506912
Punto[1.         0.43956905 0.47259714] -> F: 0.4310527955310975
Punto[1.         0.43791335 0.47167024] -> F: 0.4288871517049945
Punto[1.         0.43625764 0.47074334] -> F: 0.4267262803152397
Punto[1.         0.43460194 0.46981644] -> F: 0.42457018141235897
Punto[1.         0.43294623 0.46888954] -> F: 0.42241885499635223
Punto[1.         0.43129052 0.46796264] -> F: 0.4201898922592052
Punto[1.         0.42963482 0.46703574] -> F: 0.4179420795006828
Punto[1.         0.42797911 0.46610883] -> F: 0.41569917201824197
Punto[1.         0.42632341 0.46518193] -> F: 0.4134472960238663
Punto[1.         0.4246677  0.46425503] -> F: 0.4111824577683325
{
  "seed": 15910,
  "n_per_z": 10,
  "nz": 100,
  "nd": 100,
  "n_muestras": 50,
  "best_f": 0.45659113379733335,
  "best_cp": [
    1.0,
    0.4627489372104605,
    0.48557375092307264
  ],
  "best_u": [
    0.3387379202452915,
    -0.8852566213878946,
    0.31871199487434476
  ],
  "best_index": 30,
  "n_candidatos": 54
}
