Punto[0.         0.51989914 0.58746535] -> F: 0.171873359306511
Punto[1.         0.48550932 0.52629299] -> F: 0.4352291601796489
Punto[2.         0.41888547 0.4774051 ] -> F: 0.13090542372252528
Punto[1.         0.4693923  0.53243523] -> F: 0.4316697583062897
Punto[1.         0.48518698 0.52641584] -> F: 0.4354291367223748
Punto[1.         0.48487109 0.52653623] -> F: 0.4356257583601328
Punto[1.         0.4845552  0.52665661] -> F: 0.43582301811240454
Punto[1.        0.4842393 0.526777 ] -> F: 0.4360209159791902
Punto[1.         0.48392341 0.52689739] -> F: 0.43621945196048995
Punto[1.         0.48360751 0.52701778] -> F: 0.4364186260563032
Punto[1.         0.48329162 0.52713816] -> F: 0.4366184382666304
Punto[1.         0.48297573 0.52725855] -> F: 0.43681888859147167
Punto[1.         0.48265983 0.52737894] -> F: 0.4370199770308266
Punto[1.         0.48234394 0.52749933] -> F: 0.4372217035846955
Punto[1.         0.48202805 0.52761972] -> F: 0.4374240682530783
Punto[1.         0.48171215 0.5277401 ] -> F: 0.4375956103464378
Punto[1.         0.48139626 0.52786049] -> F: 0.4377583152585415
Punto[1.         0.48108037 0.52798088] -> F: 0.4379209324779416
Punto[1.         0.48076447 0.52810127] -> F: 0.4380834620046379
Punto[1.         0.48044858 0.52822165] -> F: 0.43824590383863066
Punto[1.         0.48013269 0.52834204] -> F: 0.4384082579799196
Punto[1.         0.47981679 0.52846243] -> F: 0.43857146347254883
Punto[1.         0.4795009  0.52858282] -> F: 0.43873721829566775
Punto[1.        0.479185  0.5287032] -> F: 0.4387589486252081
Punto[1.         0.47886911 0.52882359] -> F: 0.43852161582479277
Punto[1.         0.47855322 0.52894398] -> F: 0.4382848596404936
Punto[1.         0.47823732 0.52906437] -> F: 0.4380486800723104
Punto[1.         0.47792143 0.52918476] -> F: 0.4378130771202433
Punto[1.         0.47760554 0.52930514] -> F: 0.4375780507842921
Punto[1.         0.47728964 0.52942553] -> F: 0.437343601064457
Punto[1.         0.47697375 0.52954592] -> F: 0.4371097279607381
Punto[1.         0.47665786 0.52966631] -> F: 0.4368764314731349
Punto[1.         0.47634196 0.52978669] -> F: 0.43664371160164783
Punto[1.         0.47602607 0.52990708] -> F: 0.4364115683462771
Punto[1.         0.47571018 0.53002747] -> F: 0.4361800017070221
Punto[1.         0.47539428 0.53014786] -> F: 0.4359490116838832
Punto[1.         0.47507839 0.53026825] -> F: 0.4357185982768603
Punto[1.         0.47476249 0.53038863] -> F: 0.4354887614859535
Punto[1.         0.4744466  0.53050902] -> F: 0.43525950131116287
Punto[1.         0.47413071 0.53062941] -> F: 0.435030817752488
Punto[1.         0.47381481 0.5307498 ] -> F: 0.4348027108099292
Punto[1.         0.47349892 0.53087018] -> F: 0.4345751804834864
Punto[1.         0.47318303 0.53099057] -> F: 0.4343482267731597
Punto[1.         0.47286713 0.53111096] -> F: 0.43412184967894907
Punto[1.         0.47255124 0.53123135] -> F: 0.4338960492008544
Punto[1.         0.47223535 0.53135174] -> F: 0.4336708253388759
Punto[1.         0.47191945 0.53147212] -> F: 0.4334461780930133
Punto[1.         0.47160356 0.53159251] -> F: 0.4332221074632667
Punto[1.         0.47128766 0.5317129 ] -> F: 0.43299861344963625
Punto[1.         0.47097177 0.53183329] -> F: 0.43277569605212174
Punto[1.         0.47065588 0.53195367] -> F: 0.4325533552707231
Punto[1.         0.47033998 0.53207406] -> F: 0.4323315911054408
Punto[1.         0.47002409 0.53219445] -> F: 0.4321104035562744
Punto[1.         0.4697082  0.53231484] -> F: 0.43188979262322413
Best centerpoint:  [1.        0.479185  0.5287032] Best F:  0.4387589486252081 Best u:  [ 0.30901699 -0.17821022  0.93421069] índice:  20
{
  "seed": 9540,
  "n_per_z": 5,
  "nz": 100,
  "nd": 100,
  "n_muestras": 50,
  "best_f": 0.4387589486252081,
  "best_cp": [
    1.0,
    0.4791850044743768,
    0.5287032049517553
  ],
  "best_u": [
    0.30901699437494745,
    -0.17821022026870548,
    0.9342106906791707
  ],
  "n_candidatos": 54
}
