Punto[0.         0.42072825 0.52717406] -> F: 0.17309452551239396
Punto[1.         0.43099868 0.50298371] -> F: 0.4307482010204573
Punto[2.         0.45833329 0.49590437] -> F: 0.10946055986713302
Punto[1.         0.43953077 0.51153922] -> F: 0.42479774220003397
Punto[1.         0.43116933 0.50315482] -> F: 0.43073049802439684
Punto[1.         0.43133655 0.50332251] -> F: 0.4306110307115294
Punto[1.         0.43150378 0.5034902 ] -> F: 0.43049159654953456
Punto[1.         0.43167101 0.50365788] -> F: 0.4303721955384125
Punto[1.         0.43183824 0.50382557] -> F: 0.43025282767816303
Punto[1.         0.43200547 0.50399326] -> F: 0.43013349296878617
Punto[1.         0.4321727  0.50416095] -> F: 0.430014191410282
Punto[1.         0.43233993 0.50432864] -> F: 0.42989492300265053
Punto[1.         0.43250716 0.50449632] -> F: 0.42977568774589175
Punto[1.         0.43267439 0.50466401] -> F: 0.4296564856400057
Punto[1.         0.43284161 0.5048317 ] -> F: 0.4295373166849921
Punto[1.         0.43300884 0.50499939] -> F: 0.4294181808808513
Punto[1.         0.43317607 0.50516708] -> F: 0.429299078227583
Punto[1.         0.4333433  0.50533476] -> F: 0.4291800087251875
Punto[1.         0.43351053 0.50550245] -> F: 0.42906097237366464
Punto[1.         0.43367776 0.50567014] -> F: 0.42894196917301447
Punto[1.         0.43384499 0.50583783] -> F: 0.4288229991232369
Punto[1.         0.43401222 0.50600552] -> F: 0.428704062224332
Punto[1.         0.43417945 0.5061732 ] -> F: 0.4285851584762998
Punto[1.         0.43434667 0.50634089] -> F: 0.42846628787914026
Punto[1.         0.4345139  0.50650858] -> F: 0.42834745043285344
Punto[1.         0.43468113 0.50667627] -> F: 0.42822864613743916
Punto[1.         0.43484836 0.50684395] -> F: 0.4281098749928976
Punto[1.         0.43501559 0.50701164] -> F: 0.4279911369992287
Punto[1.         0.43518282 0.50717933] -> F: 0.4278724321564324
Punto[1.         0.43535005 0.50734702] -> F: 0.42775376046450875
Punto[1.         0.43551728 0.50751471] -> F: 0.42763512192345793
Punto[1.         0.43568451 0.50768239] -> F: 0.4275165165332796
Punto[1.         0.43585173 0.50785008] -> F: 0.42739794429397404
Punto[1.         0.43601896 0.50801777] -> F: 0.42727940520554103
Punto[1.         0.43618619 0.50818546] -> F: 0.4271608992679808
Punto[1.         0.43635342 0.50835315] -> F: 0.4270424264812932
Punto[1.         0.43652065 0.50852083] -> F: 0.4269239868454782
Punto[1.         0.43668788 0.50868852] -> F: 0.4268055803605359
Punto[1.         0.43685511 0.50885621] -> F: 0.42668720702646623
Punto[1.         0.43702234 0.5090239 ] -> F: 0.42656886684326933
Punto[1.         0.43718957 0.50919159] -> F: 0.426450559810945
Punto[1.         0.4373568  0.50935927] -> F: 0.42633228592949335
Punto[1.         0.43752402 0.50952696] -> F: 0.4262140451989143
Punto[1.         0.43769125 0.50969465] -> F: 0.426095837619208
Punto[1.         0.43785848 0.50986234] -> F: 0.42597766319037433
Punto[1.         0.43802571 0.51003003] -> F: 0.42585952191241333
Punto[1.         0.43819294 0.51019771] -> F: 0.425741413785325
Punto[1.         0.43836017 0.5103654 ] -> F: 0.42562333880910924
Punto[1.         0.4385274  0.51053309] -> F: 0.4255052969837663
Punto[1.         0.43869463 0.51070078] -> F: 0.4253872883092959
Punto[1.         0.43886186 0.51086846] -> F: 0.4252693127856982
Punto[1.         0.43902908 0.51103615] -> F: 0.42515137041297313
Punto[1.         0.43919631 0.51120384] -> F: 0.4250334611911207
Punto[1.         0.43936354 0.51137153] -> F: 0.424915585120141
{
  "seed": 14679,
  "n_per_z": 10,
  "nz": 100,
  "nd": 100,
  "n_muestras": 50,
  "best_f": 0.4307482010204573,
  "best_cp": [
    1.0,
    0.43099868350315323,
    0.5029837103701529
  ],
  "best_u": [
    0.9995065603657316,
    -0.02221076074636142,
    0.022210760746361424
  ],
  "best_index": 1,
  "n_candidatos": 54
}
