Punto[0.         0.49034815 0.52919246] -> F: 0.0
Punto[1.         0.59731539 0.57883541] -> F: 0.3409671454982429
Punto[2.         0.70935353 0.67961233] -> F: 0.12179604046942875
Punto[1.         0.59985084 0.6044024 ] -> F: 0.3409671454982429
Punto[1.         0.5973661  0.57934675] -> F: 0.3409671454982429
Punto[1.         0.59741579 0.57984786] -> F: 0.3409671454982429
Punto[1.         0.59746549 0.58034898] -> F: 0.3409671454982429
Punto[1.         0.59751518 0.58085009] -> F: 0.3409671454982429
Punto[1.         0.59756488 0.5813512 ] -> F: 0.3409671454982429
Punto[1.         0.59761457 0.58185231] -> F: 0.3409671454982429
Punto[1.         0.59766427 0.58235343] -> F: 0.3409671454982429
Punto[1.         0.59771396 0.58285454] -> F: 0.3409671454982429
Punto[1.         0.59776366 0.58335565] -> F: 0.3409671454982429
Punto[1.         0.59781335 0.58385677] -> F: 0.3409671454982429
Punto[1.         0.59786305 0.58435788] -> F: 0.3409671454982429
Punto[1.         0.59791274 0.58485899] -> F: 0.3409671454982429
Punto[1.         0.59796244 0.58536011] -> F: 0.3409671454982429
Punto[1.         0.59801213 0.58586122] -> F: 0.3409671454982429
Punto[1.         0.59806182 0.58636233] -> F: 0.3409671454982429
Punto[1.         0.59811152 0.58686344] -> F: 0.3409671454982429
Punto[1.         0.59816121 0.58736456] -> F: 0.3409671454982429
Punto[1.         0.59821091 0.58786567] -> F: 0.3409671454982429
Punto[1.         0.5982606  0.58836678] -> F: 0.3409671454982429
Punto[1.        0.5983103 0.5888679] -> F: 0.3409671454982429
Punto[1.         0.59835999 0.58936901] -> F: 0.3409671454982429
Punto[1.         0.59840969 0.58987012] -> F: 0.3409671454982429
Punto[1.         0.59845938 0.59037123] -> F: 0.3409671454982429
Punto[1.         0.59850908 0.59087235] -> F: 0.3409671454982429
Punto[1.         0.59855877 0.59137346] -> F: 0.3409671454982429
Punto[1.         0.59860847 0.59187457] -> F: 0.3409671454982429
Punto[1.         0.59865816 0.59237569] -> F: 0.3409671454982429
Punto[1.         0.59870786 0.5928768 ] -> F: 0.3409671454982429
Punto[1.         0.59875755 0.59337791] -> F: 0.3409671454982429
Punto[1.         0.59880725 0.59387903] -> F: 0.3409671454982429
Punto[1.         0.59885694 0.59438014] -> F: 0.3409671454982429
Punto[1.         0.59890664 0.59488125] -> F: 0.3409671454982429
Punto[1.         0.59895633 0.59538236] -> F: 0.3409671454982429
Punto[1.         0.59900603 0.59588348] -> F: 0.3409671454982429
Punto[1.         0.59905572 0.59638459] -> F: 0.3409671454982429
Punto[1.         0.59910541 0.5968857 ] -> F: 0.3409671454982429
Punto[1.         0.59915511 0.59738682] -> F: 0.3409671454982429
Punto[1.         0.5992048  0.59788793] -> F: 0.3409671454982429
Punto[1.         0.5992545  0.59838904] -> F: 0.3409671454982429
Punto[1.         0.59930419 0.59889015] -> F: 0.3409671454982429
Punto[1.         0.59935389 0.59939127] -> F: 0.3409671454982429
Punto[1.         0.59940358 0.59989238] -> F: 0.3409671454982429
Punto[1.         0.59945328 0.60039349] -> F: 0.3409671454982429
Punto[1.         0.59950297 0.60089461] -> F: 0.3409671454982429
Punto[1.         0.59955267 0.60139572] -> F: 0.3409671454982429
Punto[1.         0.59960236 0.60189683] -> F: 0.3409671454982429
Punto[1.         0.59965206 0.60239795] -> F: 0.3409671454982429
Punto[1.         0.59970175 0.60289906] -> F: 0.3409671454982429
Punto[1.         0.59975145 0.60340017] -> F: 0.3409671454982429
Punto[1.         0.59980114 0.60390128] -> F: 0.3409671454982429
Best centerpoint:  [1.         0.59731539 0.57883541] Best F:  0.3409671454982429 Best u:  [-1. -0. -0.] índice:  1
{
  "seed": 38,
  "n_per_z": 5,
  "nz": 100,
  "nd": 100,
  "n_muestras": 50,
  "best_f": 0.3409671454982429,
  "best_cp": [
    1.0,
    0.5973153890151107,
    0.5788354099928983
  ],
  "best_u": [
    -1.0,
    -0.0,
    -0.0
  ],
  "n_candidatos": 54
}
