Punto[0.         0.61256331 0.46666743] -> F: 0.08608085237867615
Punto[1.         0.51246548 0.42978942] -> F: 0.3570252584473312
Punto[2.         0.50101512 0.55998466] -> F: 0.17088482064114932
Punto[1.         0.55678921 0.51332605] -> F: 0.32948481989762535
Punto[1.         0.51335196 0.43146016] -> F: 0.35902406705329465
Punto[1.         0.5142207  0.43309747] -> F: 0.3611345557535373
Punto[1.         0.51508945 0.43473479] -> F: 0.36339516883869943
Punto[1.         0.51595819 0.43637211] -> F: 0.36573513503807137
Punto[1.         0.51682694 0.43800943] -> F: 0.3680114199684911
Punto[1.         0.51769568 0.43964674] -> F: 0.37033655883359695
Punto[1.         0.51856443 0.44128406] -> F: 0.3727105516333888
Punto[1.         0.51943317 0.44292138] -> F: 0.3750493483431872
Punto[1.         0.52030192 0.4445587 ] -> F: 0.37740583815076023
Punto[1.         0.52117066 0.44619602] -> F: 0.3797919636693638
Punto[1.         0.52203941 0.44783333] -> F: 0.38220772489899824
Punto[1.         0.52290815 0.44947065] -> F: 0.38460431336866263
Punto[1.         0.5237769  0.45110797] -> F: 0.38700913199033
Punto[1.         0.52464564 0.45274529] -> F: 0.38723677259869727
Punto[1.         0.52551439 0.45438261] -> F: 0.3861130861170554
Punto[1.         0.52638313 0.45601992] -> F: 0.3849898743221907
Punto[1.         0.52725188 0.45765724] -> F: 0.3838671372141032
Punto[1.         0.52812062 0.45929456] -> F: 0.382744874792793
Punto[1.         0.52898937 0.46093188] -> F: 0.38162130178797127
Punto[1.         0.52985811 0.46256919] -> F: 0.3804957303190599
Punto[1.         0.53072686 0.46420651] -> F: 0.37937063715063096
Punto[1.         0.5315956  0.46584383] -> F: 0.37824602228268417
Punto[1.         0.53246435 0.46748115] -> F: 0.37711898087199497
Punto[1.         0.53333309 0.46911847] -> F: 0.37596360921933597
Punto[1.         0.53420184 0.47075578] -> F: 0.3737413162651182
Punto[1.         0.53507058 0.4723931 ] -> F: 0.37188249552310637
Punto[1.         0.53593933 0.47403042] -> F: 0.3704856184526922
Punto[1.         0.53680807 0.47566774] -> F: 0.36915109462882745
Punto[1.         0.53767682 0.47730505] -> F: 0.3678066133859211
Punto[1.         0.53854556 0.47894237] -> F: 0.3664521747239731
Punto[1.         0.53941431 0.48057969] -> F: 0.3650183251752214
Punto[1.         0.54028305 0.48221701] -> F: 0.3635822865223342
Punto[1.         0.5411518  0.48385433] -> F: 0.3621992898764453
Punto[1.         0.54202054 0.48549164] -> F: 0.36081417512616765
Punto[1.         0.54288929 0.48712896] -> F: 0.3594201643143607
Punto[1.         0.54375803 0.48876628] -> F: 0.3580172574410243
Punto[1.         0.54462678 0.4904036 ] -> F: 0.3565847307642805
Punto[1.         0.54549552 0.49204091] -> F: 0.35514700781456493
Punto[1.         0.54636427 0.49367823] -> F: 0.35273691733764573
Punto[1.         0.54723301 0.49531555] -> F: 0.35039910491019277
Punto[1.         0.54810176 0.49695287] -> F: 0.34812333094225745
Punto[1.         0.5489705  0.49859019] -> F: 0.3454319469339975
Punto[1.         0.54983925 0.5002275 ] -> F: 0.3427484718753707
Punto[1.         0.550708   0.50186482] -> F: 0.34032474541061186
Punto[1.         0.55157674 0.50350214] -> F: 0.3384331798114701
Punto[1.         0.55244549 0.50513946] -> F: 0.3369301215381347
Punto[1.         0.55331423 0.50677677] -> F: 0.33544503629735345
Punto[1.         0.55418298 0.50841409] -> F: 0.3339591196418974
Punto[1.         0.55505172 0.51005141] -> F: 0.3324723715717664
Punto[1.         0.55592047 0.51168873] -> F: 0.3309847920869607
{
  "seed": 18424,
  "n_per_z": 10,
  "nz": 100,
  "nd": 100,
  "n_muestras": 50,
  "best_f": 0.38723677259869727,
  "best_cp": [
    1.0,
    0.5246456419641082,
    0.4527452873449353
  ],
  "best_u": [
    -0.9177546256839809,
    0.14619988958959224,
    0.3692587701323383
  ],
  "best_index": 17,
  "n_candidatos": 54
}
