Punto[0.         0.50972423 0.44751371] -> F: 0.04124388261995471
Punto[1.         0.405648   0.39041077] -> F: 0.3043438591484569
Punto[2.         0.56467014 0.59982235] -> F: 0.10734857067485569
Punto[1.         0.53719719 0.52366803] -> F: 0.19666838623248126
Punto[1.         0.40827898 0.39307592] -> F: 0.3088590366684133
Punto[1.         0.41085735 0.39568776] -> F: 0.31330906010409926
Punto[1.         0.41343571 0.3982996 ] -> F: 0.3177839789709027
Punto[1.         0.41601407 0.40091145] -> F: 0.3222837932688234
Punto[1.         0.41859244 0.40352329] -> F: 0.32680797846395115
Punto[1.         0.4211708  0.40613513] -> F: 0.3313549364850797
Punto[1.         0.42374917 0.40874697] -> F: 0.33592455682592154
Punto[1.         0.42632753 0.41135882] -> F: 0.3405168394864765
Punto[1.         0.4289059  0.41397066] -> F: 0.34513178446674475
Punto[1.         0.43148426 0.4165825 ] -> F: 0.34976939176672633
Punto[1.         0.43406262 0.41919434] -> F: 0.35442966138642107
Punto[1.         0.43664099 0.42180618] -> F: 0.3590908298103325
Punto[1.         0.43921935 0.42441803] -> F: 0.3622277133510215
Punto[1.         0.44179772 0.42702987] -> F: 0.3588960140016253
Punto[1.         0.44437608 0.42964171] -> F: 0.35549312256866833
Punto[1.         0.44695444 0.43225355] -> F: 0.352002258278699
Punto[1.         0.44953281 0.4348654 ] -> F: 0.34840600370983266
Punto[1.         0.45211117 0.43747724] -> F: 0.34474690601795566
Punto[1.         0.45468954 0.44008908] -> F: 0.3410084979681539
Punto[1.         0.4572679  0.44270092] -> F: 0.337154317512084
Punto[1.         0.45984626 0.44531276] -> F: 0.3332536185070673
Punto[1.         0.46242463 0.44792461] -> F: 0.3292395153866631
Punto[1.         0.46500299 0.45053645] -> F: 0.32517426826119067
Punto[1.         0.46758136 0.45314829] -> F: 0.3210411474298735
Punto[1.         0.47015972 0.45576013] -> F: 0.3169370924933119
Punto[1.         0.47273808 0.45837198] -> F: 0.31271068096868965
Punto[1.         0.47531645 0.46098382] -> F: 0.3084978391605198
Punto[1.         0.47789481 0.46359566] -> F: 0.30427046777726413
Punto[1.         0.48047318 0.4662075 ] -> F: 0.29994065101682993
Punto[1.         0.48305154 0.46881935] -> F: 0.2956451877920645
Punto[1.         0.4856299  0.47143119] -> F: 0.29127964772317444
Punto[1.         0.48820827 0.47404303] -> F: 0.2868602255594261
Punto[1.         0.49078663 0.47665487] -> F: 0.28247838922653123
Punto[1.         0.493365   0.47926671] -> F: 0.27797994496357964
Punto[1.         0.49594336 0.48187856] -> F: 0.2734655274664211
Punto[1.         0.49852172 0.4844904 ] -> F: 0.2689924528557498
Punto[1.         0.50110009 0.48710224] -> F: 0.26436969064245586
Punto[1.         0.50367845 0.48971408] -> F: 0.25975324798669247
Punto[1.         0.50625682 0.49232593] -> F: 0.2551825749787251
Punto[1.         0.50883518 0.49493777] -> F: 0.25044927014042734
Punto[1.         0.51141354 0.49754961] -> F: 0.2457215013674502
Punto[1.         0.51399191 0.50016145] -> F: 0.2410448022683667
Punto[1.         0.51657027 0.50277329] -> F: 0.23622257165383545
Punto[1.         0.51914864 0.50538514] -> F: 0.231371339663422
Punto[1.         0.521727   0.50799698] -> F: 0.22657722700885388
Punto[1.         0.52430537 0.51060882] -> F: 0.22169455785735778
Punto[1.         0.52688373 0.51322066] -> F: 0.21670846319475184
Punto[1.         0.52946209 0.51583251] -> F: 0.21178220381333682
Punto[1.         0.53204046 0.51844435] -> F: 0.20688237837421386
Punto[1.         0.53461882 0.52105619] -> F: 0.2017414665943955
Best centerpoint:  [1.         0.43921935 0.42441803] Best F:  0.3622277133510215 Best u:  [-0.50904142  0.82656513  0.24013937] índice:  13
{
  "seed": 12659,
  "n_per_z": 5,
  "nz": 100,
  "nd": 100,
  "n_muestras": 50,
  "best_f": 0.3622277133510215,
  "best_cp": [
    1.0,
    0.43921935136174706,
    0.42441802677053786
  ],
  "best_u": [
    -0.5090414157503713,
    0.8265651335286599,
    0.24013937012827838
  ],
  "n_candidatos": 54
}
