Punto[0.         0.42061166 0.59752737] -> F: 0.14143434430467705
Punto[1.         0.54717255 0.54989061] -> F: 0.3821102322051606
Punto[2.         0.68704003 0.50627911] -> F: 0.06712736601512669
Punto[1.         0.55382584 0.55190324] -> F: 0.3850829867616758
Punto[1.         0.54730561 0.54993086] -> F: 0.382283898877606
Punto[1.         0.54743602 0.54997031] -> F: 0.38245542289933127
Punto[1.         0.54756642 0.55000975] -> F: 0.3826282641625451
Punto[1.         0.54769683 0.5500492 ] -> F: 0.3828024226672479
Punto[1.         0.54782723 0.55008865] -> F: 0.3829778984134394
Punto[1.         0.54795764 0.5501281 ] -> F: 0.38315469140112
Punto[1.         0.54808804 0.55016754] -> F: 0.3833328016302895
Punto[1.         0.54821845 0.55020699] -> F: 0.38351222910094745
Punto[1.         0.54834885 0.55024644] -> F: 0.383692973813095
Punto[1.         0.54847925 0.55028589] -> F: 0.38387503576673065
Punto[1.         0.54860966 0.55032533] -> F: 0.38405841496185555
Punto[1.         0.54874006 0.55036478] -> F: 0.38424311139846884
Punto[1.         0.54887047 0.55040423] -> F: 0.3844291250765716
Punto[1.         0.54900087 0.55044368] -> F: 0.38461645599616306
Punto[1.         0.54913128 0.55048312] -> F: 0.38480510415724306
Punto[1.         0.54926168 0.55052257] -> F: 0.38499506955981216
Punto[1.         0.54939209 0.55056202] -> F: 0.3851863522038702
Punto[1.         0.54952249 0.55060147] -> F: 0.3852035592024716
Punto[1.         0.5496529  0.55064091] -> F: 0.38520195378242456
Punto[1.         0.5497833  0.55068036] -> F: 0.38520034836158723
Punto[1.         0.5499137  0.55071981] -> F: 0.38519874293995987
Punto[1.         0.55004411 0.55075926] -> F: 0.3851971375175423
Punto[1.         0.55017451 0.55079871] -> F: 0.38519553209433466
Punto[1.         0.55030492 0.55083815] -> F: 0.38519392667033636
Punto[1.         0.55043532 0.5508776 ] -> F: 0.38519232124554836
Punto[1.         0.55056573 0.55091705] -> F: 0.38519071581997005
Punto[1.         0.55069613 0.5509565 ] -> F: 0.3851891103936013
Punto[1.         0.55082654 0.55099594] -> F: 0.38518750496644255
Punto[1.         0.55095694 0.55103539] -> F: 0.3851858995384936
Punto[1.         0.55108735 0.55107484] -> F: 0.38518429410975447
Punto[1.         0.55121775 0.55111429] -> F: 0.3851826886802252
Punto[1.         0.55134815 0.55115373] -> F: 0.38518108324990574
Punto[1.         0.55147856 0.55119318] -> F: 0.38517947781879613
Punto[1.         0.55160896 0.55123263] -> F: 0.38517787238689616
Punto[1.         0.55173937 0.55127208] -> F: 0.38517626695420615
Punto[1.         0.55186977 0.55131152] -> F: 0.3851746615207258
Punto[1.         0.55200018 0.55135097] -> F: 0.38517305608645547
Punto[1.         0.55213058 0.55139042] -> F: 0.38516751384763276
Punto[1.         0.55226099 0.55142987] -> F: 0.38516100555801214
Punto[1.         0.55239139 0.55146931] -> F: 0.38515449830273935
Punto[1.         0.5525218  0.55150876] -> F: 0.38514799208181366
Punto[1.         0.5526522  0.55154821] -> F: 0.3851414868952359
Punto[1.         0.5527826  0.55158766] -> F: 0.3851349827430058
Punto[1.         0.55291301 0.5516271 ] -> F: 0.38512847962512303
Punto[1.         0.55304341 0.55166655] -> F: 0.3851219775415878
Punto[1.         0.55317382 0.551706  ] -> F: 0.38511547649240024
Punto[1.         0.55330422 0.55174545] -> F: 0.38510897647756026
Punto[1.         0.55343463 0.55178489] -> F: 0.3851024774970678
Punto[1.         0.55356503 0.55182434] -> F: 0.38509597955092284
Punto[1.         0.55369544 0.55186379] -> F: 0.3850894826391254
Best centerpoint:  [1.         0.54952249 0.55060147] Best F:  0.3852035592024716 Best u:  [ 0.24868989 -0.27022609  0.93012429] índice:  18
{
  "seed": 17451,
  "n_per_z": 5,
  "nz": 100,
  "nd": 100,
  "n_muestras": 50,
  "best_f": 0.3852035592024716,
  "best_cp": [
    1.0,
    0.5495224911089603,
    0.5506014672718609
  ],
  "best_u": [
    0.24868988716485474,
    -0.2702260874142497,
    0.9301242936848375
  ],
  "n_candidatos": 54
}
