Punto[0.         0.32587797 0.62390525] -> F: 0.10606409578348285
Punto[1.         0.54914737 0.52400905] -> F: 0.38369299034169085
Punto[2.         0.5738713  0.52229532] -> F: 0.1602126479129219
Punto[1.         0.44987463 0.57310029] -> F: 0.38935002542024577
Punto[1.         0.54716192 0.52499087] -> F: 0.3873293772089673
Punto[1.         0.54521617 0.52595306] -> F: 0.3909218561293708
Punto[1.         0.54327042 0.52691525] -> F: 0.3945501903249616
Punto[1.         0.54132468 0.52787744] -> F: 0.3982139449321609
Punto[1.         0.53937893 0.52883963] -> F: 0.4019126705934823
Punto[1.         0.53743319 0.52980181] -> F: 0.40564636727885844
Punto[1.         0.53548744 0.530764  ] -> F: 0.4093756894467487
Punto[1.         0.5335417  0.53172619] -> F: 0.41295234126491376
Punto[1.         0.53159595 0.53268838] -> F: 0.41648374966806817
Punto[1.         0.5296502  0.53365057] -> F: 0.42003823272880897
Punto[1.         0.52770446 0.53461276] -> F: 0.423648139444531
Punto[1.         0.52575871 0.53557494] -> F: 0.4273134698152345
Punto[1.         0.52381297 0.53653713] -> F: 0.4310342238409192
Punto[1.         0.52186722 0.53749932] -> F: 0.4345343332334283
Punto[1.         0.51992148 0.53846151] -> F: 0.43805921933336706
Punto[1.         0.51797573 0.5394237 ] -> F: 0.4370281324998169
Punto[1.         0.51602999 0.54038589] -> F: 0.43582651255852745
Punto[1.         0.51408424 0.54134807] -> F: 0.4346071750358975
Punto[1.         0.51213849 0.54231026] -> F: 0.43337082586326053
Punto[1.         0.51019275 0.54327245] -> F: 0.43211985809362513
Punto[1.         0.508247   0.54423464] -> F: 0.4308549321035139
Punto[1.         0.50630126 0.54519683] -> F: 0.42957344740810555
Punto[1.         0.50435551 0.54615902] -> F: 0.4282492127590694
Punto[1.         0.50240977 0.5471212 ] -> F: 0.4268914232654429
Punto[1.         0.50046402 0.54808339] -> F: 0.42553594546286916
Punto[1.         0.49851827 0.54904558] -> F: 0.42415875629564415
Punto[1.         0.49657253 0.55000777] -> F: 0.42277649639363857
Punto[1.         0.49462678 0.55096996] -> F: 0.4213966571630611
Punto[1.         0.49268104 0.55193215] -> F: 0.42001923860391166
Punto[1.         0.49073529 0.55289433] -> F: 0.41864424071619055
Punto[1.         0.48878955 0.55385652] -> F: 0.4172477489991156
Punto[1.         0.4868438  0.55481871] -> F: 0.4158453922160631
Punto[1.         0.48489806 0.5557809 ] -> F: 0.414445571480244
Punto[1.         0.48295231 0.55674309] -> F: 0.4130482867916585
Punto[1.         0.48100656 0.55770527] -> F: 0.4116535381503064
Punto[1.         0.47906082 0.55866746] -> F: 0.410238888156201
Punto[1.         0.47711507 0.55962965] -> F: 0.4088161006547617
Punto[1.         0.47516933 0.56059184] -> F: 0.4073959717622619
Punto[1.         0.47322358 0.56155403] -> F: 0.40597850147870146
Punto[1.         0.47127784 0.56251622] -> F: 0.4045636898040806
Punto[1.         0.46933209 0.5634784 ] -> F: 0.4031519582774441
Punto[1.         0.46738634 0.56444059] -> F: 0.4017456623620033
Punto[1.         0.4654406  0.56540278] -> F: 0.4003451670309449
Punto[1.         0.46349485 0.56636497] -> F: 0.39895047228426905
Punto[1.         0.46154911 0.56732716] -> F: 0.3975615781219756
Punto[1.         0.45960336 0.56828935] -> F: 0.39617848454406446
Punto[1.         0.45765762 0.56925153] -> F: 0.3948011915505359
Punto[1.         0.45571187 0.57021372] -> F: 0.3934296991413897
Punto[1.         0.45376613 0.57117591] -> F: 0.39206400731662594
Punto[1.         0.45182038 0.5721381 ] -> F: 0.39070411607624467
{
  "seed": 1661,
  "n_per_z": 10,
  "nz": 100,
  "nd": 100,
  "n_muestras": 50,
  "best_f": 0.43805921933336706,
  "best_cp": [
    1.0,
    0.5199214764131275,
    0.5384615093529543
  ],
  "best_u": [
    -6.123233995736766e-17,
    0.7501110696304596,
    -0.6613118653236518
  ],
  "best_index": 18,
  "n_candidatos": 54
}
