Punto[0.         0.64500643 0.48013681] -> F: 0.11201094167711385
Punto[1.         0.55405342 0.50074305] -> F: 0.3980985766476411
Punto[2.         0.57299969 0.57076319] -> F: 0.18204711286898012
Punto[1.         0.60900306 0.52545   ] -> F: 0.3968134097342661
Punto[1.         0.55515241 0.50123719] -> F: 0.39977240833601063
Punto[1.         0.55622942 0.50172145] -> F: 0.40141659431838167
Punto[1.         0.55730644 0.5022057 ] -> F: 0.40306457253228123
Punto[1.         0.55838345 0.50268996] -> F: 0.4046203416983767
Punto[1.         0.55946046 0.50317422] -> F: 0.4061579621470684
Punto[1.         0.56053748 0.50365847] -> F: 0.407698113862852
Punto[1.         0.56161449 0.50414273] -> F: 0.4092407968457274
Punto[1.         0.5626915  0.50462699] -> F: 0.4107860110956947
Punto[1.         0.56376851 0.50511124] -> F: 0.4123311987522259
Punto[1.         0.56484553 0.5055955 ] -> F: 0.4138515732458028
Punto[1.         0.56592254 0.50607975] -> F: 0.41537441604525915
Punto[1.         0.56699955 0.50656401] -> F: 0.41689972715059487
Punto[1.         0.56807657 0.50704827] -> F: 0.41752381245576115
Punto[1.         0.56915358 0.50753252] -> F: 0.4170905010915044
Punto[1.         0.57023059 0.50801678] -> F: 0.41664146962216453
Punto[1.         0.57130761 0.50850104] -> F: 0.4161926548052406
Punto[1.         0.57238462 0.50898529] -> F: 0.41574405664073255
Punto[1.         0.57346163 0.50946955] -> F: 0.41529504226234726
Punto[1.         0.57453864 0.5099538 ] -> F: 0.4148307963229185
Punto[1.         0.57561566 0.51043806] -> F: 0.414366782867073
Punto[1.         0.57669267 0.51092232] -> F: 0.41390300189481044
Punto[1.         0.57776968 0.51140657] -> F: 0.4134384661877593
Punto[1.         0.5788467  0.51189083] -> F: 0.41295893153108215
Punto[1.         0.57992371 0.51237509] -> F: 0.41247964592423125
Punto[1.         0.58100072 0.51285934] -> F: 0.4120006093672068
Punto[1.         0.58207773 0.5133436 ] -> F: 0.4115208360036393
Punto[1.         0.58315475 0.51382785] -> F: 0.4110259043966528
Punto[1.         0.58423176 0.51431211] -> F: 0.4105312392003319
Punto[1.         0.58530877 0.51479637] -> F: 0.4100368404146766
Punto[1.         0.58638579 0.51528062] -> F: 0.4095422267099567
Punto[1.         0.5874628  0.51576488] -> F: 0.4090317543797859
Punto[1.         0.58853981 0.51624914] -> F: 0.4085215666832131
Punto[1.         0.58961683 0.51673339] -> F: 0.40801166362023833
Punto[1.         0.59069384 0.51721765] -> F: 0.4075020451908618
Punto[1.         0.59177085 0.5177019 ] -> F: 0.40697654235648284
Punto[1.         0.59284786 0.51818616] -> F: 0.4064506518335924
Punto[1.         0.59392488 0.51867042] -> F: 0.40592506510586934
Punto[1.         0.59500189 0.51915467] -> F: 0.4053997821733135
Punto[1.         0.5960789  0.51963893] -> F: 0.40486036573781076
Punto[1.         0.59715592 0.52012319] -> F: 0.40431855225846763
Punto[1.         0.59823293 0.52060744] -> F: 0.40377706276137526
Punto[1.         0.59930994 0.5210917 ] -> F: 0.40323589724653375
Punto[1.         0.60038696 0.52157595] -> F: 0.40268337847912
Punto[1.         0.60146397 0.52206021] -> F: 0.4021253792127643
Punto[1.         0.60254098 0.52254447] -> F: 0.40156772524002105
Punto[1.         0.60361799 0.52302872] -> F: 0.40088383164969493
Punto[1.         0.60469501 0.52351298] -> F: 0.40003696053571725
Punto[1.         0.60577202 0.52399724] -> F: 0.3992107416720106
Punto[1.         0.60684903 0.52448149] -> F: 0.39840517505857515
Punto[1.         0.60792605 0.52496575] -> F: 0.3976202606954105
{
  "seed": 18325,
  "n_per_z": 10,
  "nz": 100,
  "nd": 100,
  "n_muestras": 50,
  "best_f": 0.41752381245576115,
  "best_cp": [
    1.0,
    0.5680765660245124,
    0.5070482670815606
  ],
  "best_u": [
    -0.48175367410171543,
    0.2707936564178434,
    0.8334171783286886
  ],
  "best_index": 16,
  "n_candidatos": 54
}
