Punto[0.         0.61946115 0.58554513] -> F: 0.09965631514868466
Punto[1.         0.43077489 0.52371539] -> F: 0.3885901626919517
Punto[2.         0.29746137 0.49764606] -> F: 0.1209438376328284
Punto[1.         0.45846126 0.5415956 ] -> F: 0.3952492520936665
Punto[1.         0.43132862 0.52407299] -> F: 0.3898231234935116
Punto[1.         0.43187127 0.52442344] -> F: 0.3910344089782791
Punto[1.         0.43241393 0.52477389] -> F: 0.39224864822188865
Punto[1.         0.43295658 0.52512435] -> F: 0.39346584122434053
Punto[1.         0.43349923 0.5254748 ] -> F: 0.39468598798563465
Punto[1.         0.43404188 0.52582525] -> F: 0.3959090885057708
Punto[1.         0.43458454 0.5261757 ] -> F: 0.39713514278474954
Punto[1.         0.43512719 0.52652615] -> F: 0.39836415082257026
Punto[1.         0.43566984 0.52687661] -> F: 0.3995961126192333
Punto[1.         0.43621249 0.52722706] -> F: 0.4008310281747384
Punto[1.         0.43675515 0.52757751] -> F: 0.4020688974890859
Punto[1.         0.4372978  0.52792796] -> F: 0.40330972056227554
Punto[1.         0.43784045 0.52827842] -> F: 0.4045534973943075
Punto[1.         0.43838311 0.52862887] -> F: 0.4058002279851819
Punto[1.         0.43892576 0.52897932] -> F: 0.40704991233489796
Punto[1.         0.43946841 0.52932977] -> F: 0.4083025504434565
Punto[1.         0.44001106 0.52968022] -> F: 0.40955814231085724
Punto[1.         0.44055372 0.53003068] -> F: 0.4108166879371003
Punto[1.         0.44109637 0.53038113] -> F: 0.41207818732218554
Punto[1.         0.44163902 0.53073158] -> F: 0.4133426404661129
Punto[1.         0.44218167 0.53108203] -> F: 0.4146100473688826
Punto[1.         0.44272433 0.53143249] -> F: 0.41588040803049464
Punto[1.         0.44326698 0.53178294] -> F: 0.4171537224509489
Punto[1.         0.44380963 0.53213339] -> F: 0.41842999063024533
Punto[1.         0.44435229 0.53248384] -> F: 0.4194574503912674
Punto[1.         0.44489494 0.53283429] -> F: 0.4183037139095745
Punto[1.         0.44543759 0.53318475] -> F: 0.41721372869492096
Punto[1.         0.44598024 0.5335352 ] -> F: 0.41618749474730715
Punto[1.         0.4465229  0.53388565] -> F: 0.4152250120667332
Punto[1.         0.44706555 0.5342361 ] -> F: 0.4143262806531988
Punto[1.         0.4476082  0.53458655] -> F: 0.4134776150375809
Punto[1.         0.44815085 0.53493701] -> F: 0.41263215739373227
Punto[1.         0.44869351 0.53528746] -> F: 0.4117859972798727
Punto[1.         0.44923616 0.53563791] -> F: 0.41093913469600285
Punto[1.         0.44977881 0.53598836] -> F: 0.41004277143707674
Punto[1.         0.45032146 0.53633882] -> F: 0.40897806085176885
Punto[1.         0.45086412 0.53668927] -> F: 0.4079373764529072
Punto[1.         0.45140677 0.53703972] -> F: 0.4069207182404921
Punto[1.         0.45194942 0.53739017] -> F: 0.4059280862145232
Punto[1.         0.45249208 0.53774062] -> F: 0.4049594803750007
Punto[1.         0.45303473 0.53809108] -> F: 0.40401490072192436
Punto[1.         0.45357738 0.53844153] -> F: 0.40309434725529447
Punto[1.         0.45412003 0.53879198] -> F: 0.4021978199751109
Punto[1.         0.45466269 0.53914243] -> F: 0.40132482707579525
Punto[1.         0.45520534 0.53949289] -> F: 0.4004590458430832
Punto[1.         0.45574799 0.53984334] -> F: 0.3995925452602214
Punto[1.         0.45629064 0.54019379] -> F: 0.39872532532721
Punto[1.         0.4568333  0.54054424] -> F: 0.3978573860440487
Punto[1.         0.45737595 0.54089469] -> F: 0.3969887274107377
Punto[1.         0.4579186  0.54124515] -> F: 0.39611934942727683
Best centerpoint:  [1.         0.44435229 0.53248384] Best F:  0.4194574503912674 Best u:  [0.03141076 0.78976512 0.61260462] índice:  25
{
  "seed": 4243,
  "n_per_z": 5,
  "nz": 100,
  "nd": 100,
  "n_muestras": 50,
  "best_f": 0.4194574503912674,
  "best_cp": [
    1.0,
    0.44435228501510715,
    0.5324838419245219
  ],
  "best_u": [
    0.031410759078128396,
    0.7897651185753684,
    0.6126046210205814
  ],
  "n_candidatos": 54
}
