Punto[0.         0.41927827 0.49881348] -> F: 0.16878586035314685
Punto[1.         0.52980197 0.49412369] -> F: 0.3925468235716997
Punto[2.         0.53178116 0.40948517] -> F: 0.09340809779974653
Punto[1.         0.47552972 0.45414933] -> F: 0.36298241611364196
Punto[1.         0.52871652 0.4933242 ] -> F: 0.39345885328209446
Punto[1.         0.52765279 0.4925407 ] -> F: 0.39435338089635963
Punto[1.         0.52658905 0.49175721] -> F: 0.3952486395491267
Punto[1.         0.52552531 0.49097371] -> F: 0.39605402842052634
Punto[1.         0.52446158 0.49019021] -> F: 0.39683333516161856
Punto[1.         0.52339784 0.48940671] -> F: 0.3976261823298457
Punto[1.         0.52233411 0.48862322] -> F: 0.3984325699252078
Punto[1.         0.52127037 0.48783972] -> F: 0.39918415567462523
Punto[1.         0.52020663 0.48705622] -> F: 0.39836006886991
Punto[1.         0.5191429  0.48627272] -> F: 0.39753673597428507
Punto[1.         0.51807916 0.48548923] -> F: 0.3967141569877509
Punto[1.         0.51701542 0.48470573] -> F: 0.3958923319103073
Punto[1.         0.51595169 0.48392223] -> F: 0.39506468535412054
Punto[1.         0.51488795 0.48313873] -> F: 0.39422594975698594
Punto[1.         0.51382422 0.48235524] -> F: 0.39338800233147964
Punto[1.         0.51276048 0.48157174] -> F: 0.39255084307760185
Punto[1.         0.51169674 0.48078824] -> F: 0.39171447199535253
Punto[1.         0.51063301 0.48000474] -> F: 0.3908788890847317
Punto[1.         0.50956927 0.47922125] -> F: 0.3900260028589567
Punto[1.         0.50850554 0.47843775] -> F: 0.3891731410403789
Punto[1.         0.5074418  0.47765425] -> F: 0.38832110348572335
Punto[1.         0.50637806 0.47687075] -> F: 0.38746989019498973
Punto[1.         0.50531433 0.47608726] -> F: 0.3866195011681782
Punto[1.         0.50425059 0.47530376] -> F: 0.38576753848276885
Punto[1.         0.50318686 0.47452026] -> F: 0.38490333468495797
Punto[1.         0.50212312 0.47373676] -> F: 0.3840408836946496
Punto[1.         0.50105938 0.47295327] -> F: 0.38318018551184374
Punto[1.         0.49999565 0.47216977] -> F: 0.38232124013654045
Punto[1.         0.49893191 0.47138627] -> F: 0.3814640475687397
Punto[1.         0.49786817 0.47060277] -> F: 0.3806086078084414
Punto[1.         0.49680444 0.46981928] -> F: 0.3797549208556456
Punto[1.         0.4957407  0.46903578] -> F: 0.3789029867103526
Punto[1.         0.49467697 0.46825228] -> F: 0.3780528053725618
Punto[1.         0.49361323 0.46746878] -> F: 0.37720437684227354
Punto[1.         0.49254949 0.46668529] -> F: 0.376357701119488
Punto[1.         0.49148576 0.46590179] -> F: 0.3755127782042048
Punto[1.         0.49042202 0.46511829] -> F: 0.3746696080964242
Punto[1.         0.48935829 0.46433479] -> F: 0.37382819079614626
Punto[1.         0.48829455 0.4635513 ] -> F: 0.3729885263033707
Punto[1.         0.48723081 0.4627678 ] -> F: 0.3721506146180976
Punto[1.         0.48616708 0.4619843 ] -> F: 0.3713144557403272
Punto[1.         0.48510334 0.4612008 ] -> F: 0.37048004967005915
Punto[1.         0.4840396  0.46041731] -> F: 0.36964739640729377
Punto[1.         0.48297587 0.45963381] -> F: 0.36881515586320635
Punto[1.         0.48191213 0.45885031] -> F: 0.36797652780182294
Punto[1.         0.4808484  0.45806681] -> F: 0.36713969291568327
Punto[1.         0.47978466 0.45728332] -> F: 0.3663046512047874
Punto[1.         0.47872092 0.45649982] -> F: 0.3654714026691354
Punto[1.         0.47765719 0.45571632] -> F: 0.3646399473087271
Punto[1.         0.47659345 0.45493282] -> F: 0.3638102851235626
{
  "seed": 5836,
  "n_per_z": 10,
  "nz": 100,
  "nd": 100,
  "n_muestras": 50,
  "best_f": 0.39918415567462523,
  "best_cp": [
    1.0,
    0.5212703694550654,
    0.487839719561342
  ],
  "best_u": [
    0.8090169943749473,
    -0.3303843200602202,
    -0.48614576401617693
  ],
  "best_index": 11,
  "n_candidatos": 54
}
