Punto[0.         0.57410499 0.41850308] -> F: 0.12049785106775568
Punto[1.         0.42051158 0.4688293 ] -> F: 0.4035759438469993
Punto[2.         0.4186765  0.47125487] -> F: 0.13280587584528575
Punto[1.         0.49639075 0.44487898] -> F: 0.4149553448260313
Punto[1.         0.42202916 0.4683503 ] -> F: 0.40553964767809925
Punto[1.         0.4235164  0.46788087] -> F: 0.4074720041758282
Punto[1.         0.42500363 0.46741144] -> F: 0.40941220734869455
Punto[1.         0.42649086 0.46694202] -> F: 0.4113602571966986
Punto[1.         0.42797809 0.46647259] -> F: 0.4133161537198399
Punto[1.         0.42946532 0.46600316] -> F: 0.4152798969181188
Punto[1.         0.43095255 0.46553374] -> F: 0.417251486791535
Punto[1.         0.43243979 0.46506431] -> F: 0.41923092334008866
Punto[1.         0.43392702 0.46459488] -> F: 0.4210863548552383
Punto[1.         0.43541425 0.46412546] -> F: 0.42286846563909897
Punto[1.         0.43690148 0.46365603] -> F: 0.42465862897162054
Punto[1.         0.43838871 0.4631866 ] -> F: 0.42644949732967646
Punto[1.         0.43987594 0.46271718] -> F: 0.4282441466458442
Punto[1.         0.44136318 0.46224775] -> F: 0.4300472126300798
Punto[1.         0.44285041 0.46177833] -> F: 0.4318586952823829
Punto[1.         0.44433764 0.4613089 ] -> F: 0.4336785946027539
Punto[1.         0.44582487 0.46083947] -> F: 0.4355069105911925
Punto[1.         0.4473121  0.46037005] -> F: 0.4373436432476987
Punto[1.         0.44879933 0.45990062] -> F: 0.4391887925722727
Punto[1.         0.45028657 0.45943119] -> F: 0.44104235856491436
Punto[1.         0.4517738  0.45896177] -> F: 0.44290434122562367
Punto[1.         0.45326103 0.45849234] -> F: 0.44477474055440064
Punto[1.         0.45474826 0.45802291] -> F: 0.44665355655124533
Punto[1.         0.45623549 0.45755349] -> F: 0.4485275622113129
Punto[1.         0.45772272 0.45708406] -> F: 0.4501927751695004
Punto[1.         0.45920996 0.45661464] -> F: 0.4518669896215025
Punto[1.         0.46069719 0.45614521] -> F: 0.4535502055673197
Punto[1.         0.46218442 0.45567578] -> F: 0.45524242300695184
Punto[1.         0.46367165 0.45520636] -> F: 0.45471062467971335
Punto[1.         0.46515888 0.45473693] -> F: 0.4533823720414672
Punto[1.         0.46664611 0.4542675 ] -> F: 0.4520690700727642
Punto[1.         0.46813334 0.45379808] -> F: 0.45065126686930507
Punto[1.         0.46962058 0.45332865] -> F: 0.44942733982621447
Punto[1.         0.47110781 0.45285922] -> F: 0.44835856179975236
Punto[1.         0.47259504 0.4523898 ] -> F: 0.44728964348536754
Punto[1.         0.47408227 0.45192037] -> F: 0.44621765187630863
Punto[1.         0.4755695  0.45145094] -> F: 0.4451425869725752
Punto[1.         0.47705673 0.45098152] -> F: 0.44326862507453135
Punto[1.         0.47854397 0.45051209] -> F: 0.44106348781147137
Punto[1.         0.4800312  0.45004267] -> F: 0.4388628826531713
Punto[1.         0.48151843 0.44957324] -> F: 0.43666680959963117
Punto[1.         0.48300566 0.44910381] -> F: 0.43447526865085123
Punto[1.         0.48449289 0.44863439] -> F: 0.43228825980683117
Punto[1.         0.48598012 0.44816496] -> F: 0.4301057830675711
Punto[1.         0.48746736 0.44769553] -> F: 0.42792783843307114
Punto[1.         0.48895459 0.44722611] -> F: 0.4257544259033312
Punto[1.         0.49044182 0.44675668] -> F: 0.4235855454783513
Punto[1.         0.49192905 0.44628725] -> F: 0.4214211971581313
Punto[1.         0.49341628 0.44581783] -> F: 0.4192613809426714
Punto[1.         0.49490351 0.4453484 ] -> F: 0.41710609683197136
{
  "seed": 15713,
  "n_per_z": 10,
  "nz": 100,
  "nd": 100,
  "n_muestras": 50,
  "best_f": 0.45524242300695184,
  "best_cp": [
    1.0,
    0.4621844183909113,
    0.45567578248619445
  ],
  "best_u": [
    -0.27899110603922916,
    -0.6790301770727893,
    0.6790301770727895
  ],
  "best_index": 31,
  "n_candidatos": 54
}
