Punto[0.         0.50078937 0.56724844] -> F: 0.13245724526279345
Punto[1.         0.51764968 0.45999349] -> F: 0.30867881013916076
Punto[2.         0.39469081 0.58704118] -> F: 0.09934801554496923
Punto[1.         0.44774009 0.57714481] -> F: 0.3507604894631385
Punto[1.         0.51625149 0.46233652] -> F: 0.3135957025378599
Punto[1.         0.51488126 0.46463268] -> F: 0.31846182403418627
Punto[1.         0.51351103 0.46692885] -> F: 0.3233750320019159
Punto[1.         0.51214081 0.46922501] -> F: 0.328335326441049
Punto[1.         0.51077058 0.47152118] -> F: 0.33334270735158533
Punto[1.         0.50940035 0.47381735] -> F: 0.33839710991267785
Punto[1.         0.50803012 0.47611351] -> F: 0.3434983894857386
Punto[1.         0.50665989 0.47840968] -> F: 0.3485885823025059
Punto[1.         0.50528967 0.48070584] -> F: 0.35346103202436135
Punto[1.         0.50391944 0.48300201] -> F: 0.3578132577472456
Punto[1.         0.50254921 0.48529817] -> F: 0.3623705644313556
Punto[1.         0.50117898 0.48759434] -> F: 0.36716924066598416
Punto[1.         0.49980875 0.48989051] -> F: 0.3720338823117673
Punto[1.         0.49843853 0.49218667] -> F: 0.37696079813029376
Punto[1.         0.4970683  0.49448284] -> F: 0.3819499881215636
Punto[1.         0.49569807 0.496779  ] -> F: 0.3870014522855769
Punto[1.         0.49432784 0.49907517] -> F: 0.39072926746631675
Punto[1.         0.49295761 0.50137134] -> F: 0.39427135227817334
Punto[1.         0.49158739 0.5036675 ] -> F: 0.3984884810112519
Punto[1.         0.49021716 0.50596367] -> F: 0.402577751139077
Punto[1.         0.48884693 0.50825983] -> F: 0.4064479203583705
Punto[1.        0.4874767 0.510556 ] -> F: 0.41065155885516275
Punto[1.         0.48610647 0.51285216] -> F: 0.4151886666294532
Punto[1.         0.48473625 0.51514833] -> F: 0.41414196943054005
Punto[1.         0.48336602 0.5174445 ] -> F: 0.4125203462031982
Punto[1.         0.48199579 0.51974066] -> F: 0.4108719790942566
Punto[1.         0.48062556 0.52203683] -> F: 0.4092231447823187
Punto[1.         0.47925533 0.52433299] -> F: 0.4075483259864186
Punto[1.         0.47788511 0.52662916] -> F: 0.4058718513386284
Punto[1.         0.47651488 0.52892533] -> F: 0.4041710942128816
Punto[1.         0.47514465 0.53122149] -> F: 0.4024664611997349
Punto[1.         0.47377442 0.53351766] -> F: 0.4007404389972736
Punto[1.         0.47240419 0.53581382] -> F: 0.39900703258550774
Punto[1.         0.47103397 0.53810999] -> F: 0.39725661962765174
Punto[1.         0.46966374 0.54040615] -> F: 0.3954937179363523
Punto[1.         0.46829351 0.54270232] -> F: 0.39372004247524806
Punto[1.         0.46692328 0.54499849] -> F: 0.39192680499619337
Punto[1.         0.46555305 0.54729465] -> F: 0.3901313170922897
Punto[1.         0.46418283 0.54959082] -> F: 0.3883067705725425
Punto[1.         0.4628126  0.55188698] -> F: 0.386486331612671
Punto[1.         0.46144237 0.55418315] -> F: 0.38463435091580894
Punto[1.         0.46007214 0.55647932] -> F: 0.38278166601491115
Punto[1.         0.45870191 0.55877548] -> F: 0.38055923047407714
Punto[1.         0.45733169 0.56107165] -> F: 0.3778683263969745
Punto[1.         0.45596146 0.56336781] -> F: 0.37467016775351875
Punto[1.         0.45459123 0.56566398] -> F: 0.3707488312952818
Punto[1.         0.453221   0.56796014] -> F: 0.3668565808222523
Punto[1.         0.45185077 0.57025631] -> F: 0.36299341633442944
Punto[1.         0.45048055 0.57255248] -> F: 0.35904458127963257
Punto[1.         0.44911032 0.57484864] -> F: 0.35488655271087144
{
  "seed": 5018,
  "n_per_z": 10,
  "nz": 100,
  "nd": 100,
  "n_muestras": 50,
  "best_f": 0.4151886666294532,
  "best_cp": [
    1.0,
    0.4861064737178084,
    0.5128521642750621
  ],
  "best_u": [
    0.12533323356430415,
    0.47795490248857575,
    -0.8693967401315993
  ],
  "best_index": 26,
  "n_candidatos": 54
}
