Punto[0.         0.57259887 0.61246485] -> F: 0.09733217754195388
Punto[1.         0.48860765 0.48124009] -> F: 0.3893956435759439
Punto[2.         0.49714093 0.56693436] -> F: 0.15010988994442
Punto[1.        0.5348699 0.5896996] -> F: 0.3737868347288891
Punto[1.         0.48953289 0.48340928] -> F: 0.3925066509421345
Punto[1.         0.49043963 0.48553509] -> F: 0.3955045144257286
Punto[1.         0.49134637 0.48766089] -> F: 0.3984439869830657
Punto[1.         0.49225311 0.4897867 ] -> F: 0.4013850320724038
Punto[1.         0.49315985 0.49191251] -> F: 0.40430441095553926
Punto[1.         0.49406659 0.49403831] -> F: 0.40720820223055515
Punto[1.         0.49497333 0.49616412] -> F: 0.4101025396502673
Punto[1.         0.49588007 0.49828993] -> F: 0.41297032479212653
Punto[1.         0.49678681 0.50041573] -> F: 0.415835700386733
Punto[1.         0.49769355 0.50254154] -> F: 0.4186685265770477
Punto[1.         0.49860029 0.50466735] -> F: 0.4215018037515395
Punto[1.         0.49950703 0.50679315] -> F: 0.42430054281364227
Punto[1.         0.50041377 0.50891896] -> F: 0.42482301924470645
Punto[1.         0.50132051 0.51104477] -> F: 0.4234116932339659
Punto[1.         0.50222725 0.51317057] -> F: 0.42200440990698995
Punto[1.         0.50313399 0.51529638] -> F: 0.4206011692637791
Punto[1.         0.50404073 0.51742218] -> F: 0.4192019713043331
Punto[1.         0.50494747 0.51954799] -> F: 0.4178068160286521
Punto[1.         0.50585421 0.5216738 ] -> F: 0.4164157034367359
Punto[1.         0.50676095 0.5237996 ] -> F: 0.41502863352858443
Punto[1.         0.50766769 0.52592541] -> F: 0.41364560630419805
Punto[1.         0.50857443 0.52805122] -> F: 0.41226662176357654
Punto[1.         0.50948117 0.53017702] -> F: 0.4108916799067198
Punto[1.         0.51038791 0.53230283] -> F: 0.409520780733628
Punto[1.         0.51129465 0.53442864] -> F: 0.40815392424430114
Punto[1.         0.51220139 0.53655444] -> F: 0.40679111043873917
Punto[1.         0.51310813 0.53868025] -> F: 0.4054309079083116
Punto[1.         0.51401487 0.54080606] -> F: 0.4040653771041531
Punto[1.         0.51492161 0.54293186] -> F: 0.4027039538358862
Punto[1.         0.51582836 0.54505767] -> F: 0.4013466381035106
Punto[1.         0.5167351  0.54718348] -> F: 0.3999934299070265
Punto[1.         0.51764184 0.54930928] -> F: 0.39864432924643406
Punto[1.         0.51854858 0.55143509] -> F: 0.3972993361217332
Punto[1.         0.51945532 0.55356089] -> F: 0.39595845053292356
Punto[1.         0.52036206 0.5556867 ] -> F: 0.3946216724800054
Punto[1.         0.5212688  0.55781251] -> F: 0.3932890019629787
Punto[1.         0.52217554 0.55993831] -> F: 0.39196043898184363
Punto[1.         0.52308228 0.56206412] -> F: 0.3906359835366
Punto[1.         0.52398902 0.56418993] -> F: 0.3893156356272477
Punto[1.         0.52489576 0.56631573] -> F: 0.38799939525378696
Punto[1.         0.5258025  0.56844154] -> F: 0.3866872624162178
Punto[1.         0.52670924 0.57056735] -> F: 0.3853792371145399
Punto[1.         0.52761598 0.57269315] -> F: 0.38407531934875366
Punto[1.         0.52852272 0.57481896] -> F: 0.38277550911885877
Punto[1.         0.52942946 0.57694477] -> F: 0.38147980642485546
Punto[1.         0.5303362  0.57907057] -> F: 0.3801882112667436
Punto[1.         0.53124294 0.58119638] -> F: 0.37890072364452315
Punto[1.         0.53214968 0.58332219] -> F: 0.37761734355819426
Punto[1.         0.53305642 0.58544799] -> F: 0.3763380710077568
Punto[1.         0.53396316 0.5875738 ] -> F: 0.3750629059932108
{
  "seed": 16627,
  "n_per_z": 10,
  "nz": 100,
  "nd": 100,
  "n_muestras": 50,
  "best_f": 0.42482301924470645,
  "best_cp": [
    1.0,
    0.5004137728229799,
    0.5089189586817512
  ],
  "best_u": [
    -0.5358267949789969,
    0.5779822378571777,
    0.6154885689467717
  ],
  "best_index": 16,
  "n_candidatos": 54
}
