Punto[0.         0.56262698 0.58611512] -> F: 0.1407553948388562
Punto[1.         0.50590271 0.61066475] -> F: 0.4062097242793273
Punto[2.         0.54952833 0.71436193] -> F: 0.10353794464301123
Punto[1.         0.55607766 0.65023852] -> F: 0.40591052576589565
Punto[1.         0.50690621 0.61145622] -> F: 0.40804871246990626
Punto[1.         0.50788964 0.61223187] -> F: 0.4098555395149066
Punto[1.         0.50887307 0.61300751] -> F: 0.4116328334771976
Punto[1.         0.5098565  0.61378316] -> F: 0.4133828432180713
Punto[1.         0.51083992 0.61455881] -> F: 0.4151370929846499
Punto[1.         0.51182335 0.61533445] -> F: 0.4168955827769341
Punto[1.         0.51280678 0.6161101 ] -> F: 0.41865831259492314
Punto[1.         0.51379021 0.61688574] -> F: 0.4204252824386173
Punto[1.         0.51477364 0.61766139] -> F: 0.4221964923080163
Punto[1.         0.51575707 0.61843704] -> F: 0.42391199592701
Punto[1.         0.5167405  0.61921268] -> F: 0.42562572805281995
Punto[1.         0.51772393 0.61998833] -> F: 0.42734259343081693
Punto[1.         0.51870736 0.62076397] -> F: 0.42906259206100145
Punto[1.         0.51969079 0.62153962] -> F: 0.43078572394337317
Punto[1.         0.52067421 0.62231527] -> F: 0.43244762683143984
Punto[1.         0.52165764 0.62309091] -> F: 0.43410279106804267
Punto[1.         0.52264107 0.62386656] -> F: 0.43374542875611394
Punto[1.        0.5236245 0.6246422] -> F: 0.43291337628099796
Punto[1.         0.52460793 0.62541785] -> F: 0.43208150705582327
Punto[1.         0.52559136 0.6261935 ] -> F: 0.43125053575481787
Punto[1.         0.52657479 0.62696914] -> F: 0.43042046237798187
Punto[1.         0.52755822 0.62774479] -> F: 0.42959128692531556
Punto[1.         0.52854165 0.62852043] -> F: 0.4287630093968186
Punto[1.         0.52952507 0.62929608] -> F: 0.4279356297924912
Punto[1.         0.5305085  0.63007173] -> F: 0.42710914811233336
Punto[1.         0.53149193 0.63084737] -> F: 0.426283564356345
Punto[1.         0.53247536 0.63162302] -> F: 0.4254588785245261
Punto[1.         0.53345879 0.63239866] -> F: 0.42463509061687665
Punto[1.         0.53444222 0.63317431] -> F: 0.4238122006333968
Punto[1.         0.53542565 0.63394996] -> F: 0.42299020857408637
Punto[1.         0.53640908 0.6347256 ] -> F: 0.42216911443894556
Punto[1.         0.53739251 0.63550125] -> F: 0.4213489182279741
Punto[1.         0.53837594 0.63627689] -> F: 0.4205296199411723
Punto[1.         0.53935936 0.63705254] -> F: 0.41971121957853985
Punto[1.         0.54034279 0.63782819] -> F: 0.41889371714007684
Punto[1.         0.54132622 0.63860383] -> F: 0.41807711262578345
Punto[1.         0.54230965 0.63937948] -> F: 0.41726140603565964
Punto[1.         0.54329308 0.64015512] -> F: 0.41644659736970524
Punto[1.         0.54427651 0.64093077] -> F: 0.41563117022619034
Punto[1.         0.54525994 0.64170641] -> F: 0.41481615352945195
Punto[1.         0.54624337 0.64248206] -> F: 0.4140020391948433
Punto[1.         0.5472268  0.64325771] -> F: 0.41318882722236455
Punto[1.         0.54821023 0.64403335] -> F: 0.41237651761201544
Punto[1.         0.54919365 0.644809  ] -> F: 0.4115651103637962
Punto[1.         0.55017708 0.64558464] -> F: 0.4107546054777068
Punto[1.         0.55116051 0.64636029] -> F: 0.40994500295374703
Punto[1.         0.55214394 0.64713594] -> F: 0.4091363027919173
Punto[1.         0.55312737 0.64791158] -> F: 0.40832850499221723
Punto[1.         0.5541108  0.64868723] -> F: 0.4075216095546469
Punto[1.         0.55509423 0.64946287] -> F: 0.40671561647920634
Best centerpoint:  [1.         0.52165764 0.62309091] Best F:  0.43410279106804267 Best u:  [ 0.09410831 -0.97792783  0.18654971] índice:  16
{
  "seed": 12928,
  "n_per_z": 5,
  "nz": 100,
  "nd": 100,
  "n_muestras": 50,
  "best_f": 0.43410279106804267,
  "best_cp": [
    1.0,
    0.5216576430425527,
    0.6230909114151213
  ],
  "best_u": [
    0.09410831331851428,
    -0.9779278251400115,
    0.18654970967887172
  ],
  "n_candidatos": 54
}
