Punto[0.         0.59463851 0.50995022] -> F: 0.12357495614990915
Punto[1.         0.55383356 0.49177241] -> F: 0.4364213357622498
Punto[2.         0.43328708 0.45338973] -> F: 0.16545797613925858
Punto[1.         0.51396279 0.48166998] -> F: 0.4308901319639299
Punto[1.         0.55303614 0.49157036] -> F: 0.43706678163342927
Punto[1.         0.55225468 0.49137235] -> F: 0.43734597781848744
Punto[1.         0.55147321 0.49117434] -> F: 0.4374237810397214
Punto[1.         0.55069174 0.49097634] -> F: 0.4374897872039221
Punto[1.         0.54991028 0.49077833] -> F: 0.4375557981802735
Punto[1.         0.54912881 0.49058032] -> F: 0.43762181396877575
Punto[1.         0.54834734 0.49038231] -> F: 0.4376878345694287
Punto[1.         0.54756587 0.49018431] -> F: 0.4377538599822326
Punto[1.         0.54678441 0.4899863 ] -> F: 0.43780815095144066
Punto[1.         0.54600294 0.48978829] -> F: 0.43784278920804626
Punto[1.         0.54522147 0.48959028] -> F: 0.43787742880642433
Punto[1.         0.54444001 0.48939228] -> F: 0.4379120697465748
Punto[1.         0.54365854 0.48919427] -> F: 0.4379467120284976
Punto[1.         0.54287707 0.48899626] -> F: 0.43798135565219304
Punto[1.         0.54209561 0.48879825] -> F: 0.43801600061766055
Punto[1.         0.54131414 0.48860024] -> F: 0.43802470030717755
Punto[1.         0.54053267 0.48840224] -> F: 0.4380278676439872
Punto[1.         0.5397512  0.48820423] -> F: 0.438031035023162
Punto[1.         0.53896974 0.48800622] -> F: 0.43803420244470176
Punto[1.         0.53818827 0.48780821] -> F: 0.4380373699086068
Punto[1.         0.5374068  0.48761021] -> F: 0.438040537414877
Punto[1.         0.53662534 0.4874122 ] -> F: 0.4380437049635122
Punto[1.         0.53584387 0.48721419] -> F: 0.4380468725545126
Punto[1.         0.5350624  0.48701618] -> F: 0.4380484766806005
Punto[1.         0.53428093 0.48681818] -> F: 0.43802055942435303
Punto[1.         0.53349947 0.48662017] -> F: 0.4379926450227482
Punto[1.         0.532718   0.48642216] -> F: 0.4379647334757861
Punto[1.         0.53193653 0.48622415] -> F: 0.437936824783467
Punto[1.         0.53115507 0.48602614] -> F: 0.4379089189457904
Punto[1.         0.5303736  0.48582814] -> F: 0.4378810159627567
Punto[1.         0.52959213 0.48563013] -> F: 0.4378531158343658
Punto[1.         0.52881067 0.48543212] -> F: 0.4378252185606175
Punto[1.         0.5280292  0.48523411] -> F: 0.43779732414151223
Punto[1.         0.52724773 0.48503611] -> F: 0.4377443244019721
Punto[1.         0.52646626 0.4848381 ] -> F: 0.4376857381959991
Punto[1.         0.5256848  0.48464009] -> F: 0.4376271632789904
Punto[1.         0.52490333 0.48444208] -> F: 0.43756859965094597
Punto[1.         0.52412186 0.48424408] -> F: 0.4371231932106549
Punto[1.         0.5233404  0.48404607] -> F: 0.4366424910840626
Punto[1.         0.52255893 0.48384806] -> F: 0.43616201491291234
Punto[1.         0.52177746 0.48365005] -> F: 0.43568176469720427
Punto[1.         0.520996   0.48345204] -> F: 0.43520174043693816
Punto[1.         0.52021453 0.48325404] -> F: 0.4347219421321141
Punto[1.         0.51943306 0.48305603] -> F: 0.4342423697827321
Punto[1.         0.51865159 0.48285802] -> F: 0.43376302338879236
Punto[1.         0.51787013 0.48266001] -> F: 0.4332839029502946
Punto[1.         0.51708866 0.48246201] -> F: 0.4328050084672389
Punto[1.         0.51630719 0.482264  ] -> F: 0.4323263399396253
Punto[1.         0.51552573 0.48206599] -> F: 0.43184789736745377
Punto[1.         0.51474426 0.48186798] -> F: 0.4313696807507243
{
  "seed": 14884,
  "n_per_z": 10,
  "nz": 100,
  "nd": 100,
  "n_muestras": 50,
  "best_f": 0.4380484766806005,
  "best_cp": [
    1.0,
    0.5350624019909815,
    0.48701618338106145
  ],
  "best_u": [
    -0.30901699437494745,
    0.20746655121592827,
    -0.9281519958035118
  ],
  "best_index": 27,
  "n_candidatos": 54
}
