Punto[0.         0.53362704 0.61038212] -> F: 0.1170995853040376
Punto[1.         0.53639698 0.52666105] -> F: 0.41575340895646873
Punto[2.         0.61281787 0.41542544] -> F: 0.15310397035288784
Punto[1.         0.57322246 0.51290378] -> F: 0.43501803232638786
Punto[1.         0.53713348 0.52638591] -> F: 0.4167917411088926
Punto[1.         0.53785526 0.52611626] -> F: 0.41781031512334477
Punto[1.         0.53857704 0.52584662] -> F: 0.41882988745595423
Punto[1.         0.53929882 0.52557698] -> F: 0.4198504581067205
Punto[1.         0.5400206  0.52530733] -> F: 0.42087202707564414
Punto[1.         0.54074238 0.52503769] -> F: 0.421894594362725
Punto[1.         0.54146416 0.52476805] -> F: 0.4229120318953641
Punto[1.         0.54218594 0.52449841] -> F: 0.42392376917280084
Punto[1.         0.54290772 0.52422876] -> F: 0.4249364951788589
Punto[1.         0.5436295  0.52395912] -> F: 0.4259502099135385
Punto[1.         0.54435128 0.52368948] -> F: 0.4269649133768394
Punto[1.         0.54507306 0.52341984] -> F: 0.42798060556876183
Punto[1.         0.54579484 0.52315019] -> F: 0.4289902089157534
Punto[1.         0.54651662 0.52288055] -> F: 0.4299524160322209
Punto[1.         0.5472384  0.52261091] -> F: 0.4309159563217781
Punto[1.         0.54796018 0.52234127] -> F: 0.43188082978442516
Punto[1.         0.54868196 0.52207162] -> F: 0.432847036420162
Punto[1.         0.54940373 0.52180198] -> F: 0.43380795585902443
Punto[1.         0.55012551 0.52153234] -> F: 0.4347688685958901
Punto[1.         0.55084729 0.5212627 ] -> F: 0.4357309951908494
Punto[1.         0.55156907 0.52099305] -> F: 0.4366941066627695
Punto[1.         0.55229085 0.52072341] -> F: 0.43765820010998724
Punto[1.         0.55301263 0.52045377] -> F: 0.4386232755325027
Punto[1.         0.55373441 0.52018413] -> F: 0.43958933293031527
Punto[1.         0.55445619 0.51991448] -> F: 0.4405563723034257
Punto[1.         0.55517797 0.51964484] -> F: 0.44152439365183355
Punto[1.         0.55589975 0.5193752 ] -> F: 0.44249339697553874
Punto[1.         0.55662153 0.51910556] -> F: 0.44346338227454146
Punto[1.         0.55734331 0.51883591] -> F: 0.44323859887337064
Punto[1.         0.55806509 0.51856627] -> F: 0.4429584924367655
Punto[1.         0.55878687 0.51829663] -> F: 0.4426785568001418
Punto[1.         0.55950865 0.51802698] -> F: 0.44239879196349974
Punto[1.         0.56023043 0.51775734] -> F: 0.4421191979268394
Punto[1.         0.56095221 0.5174877 ] -> F: 0.44183977469016045
Punto[1.         0.56167398 0.51721806] -> F: 0.44156052225346326
Punto[1.         0.56239576 0.51694841] -> F: 0.4412814406167476
Punto[1.         0.56311754 0.51667877] -> F: 0.4409306417378681
Punto[1.         0.56383932 0.51640913] -> F: 0.4405193680416397
Punto[1.         0.5645611  0.51613949] -> F: 0.44010051008898304
Punto[1.         0.56528288 0.51586984] -> F: 0.43967665281283813
Punto[1.         0.56600466 0.5156002 ] -> F: 0.43925401005268866
Punto[1.         0.56672644 0.51533056] -> F: 0.43883258180853435
Punto[1.         0.56744822 0.51506092] -> F: 0.43841236808037537
Punto[1.         0.56817    0.51479127] -> F: 0.43799336886821183
Punto[1.         0.56889178 0.51452163] -> F: 0.43757199451730705
Punto[1.         0.56961356 0.51425199] -> F: 0.4371427481117615
Punto[1.         0.57033534 0.51398235] -> F: 0.436714936122373
Punto[1.         0.57105712 0.5137127 ] -> F: 0.4362885585491412
Punto[1.         0.5717789  0.51344306] -> F: 0.43586361539206653
Punto[1.         0.57250068 0.51317342] -> F: 0.43544010665114863
{
  "seed": 17621,
  "n_per_z": 10,
  "nz": 100,
  "nd": 100,
  "n_muestras": 50,
  "best_f": 0.44346338227454146,
  "best_cp": [
    1.0,
    0.5566215288829085,
    0.5191055552422397
  ],
  "best_u": [
    -0.1564344650402308,
    -0.9484708768902486,
    0.27555626256468874
  ],
  "best_index": 31,
  "n_candidatos": 54
}
