Punto[0.         0.68145206 0.4306574 ] -> F: 0.10571034408064608
Punto[1.         0.5575438  0.52149803] -> F: 0.4251653814041793
Punto[2.         0.51893949 0.52304721] -> F: 0.13505766702265146
Punto[1.         0.60019577 0.47685231] -> F: 0.41046913195406765
Punto[1.         0.55839684 0.52060512] -> F: 0.42663947152715787
Punto[1.         0.55923282 0.51973006] -> F: 0.428050504577475
Punto[1.         0.56006879 0.51885501] -> F: 0.4294463211708728
Punto[1.         0.56090477 0.51797995] -> F: 0.4308442277580232
Punto[1.         0.56174075 0.5171049 ] -> F: 0.432242213627618
Punto[1.         0.56257673 0.51622984] -> F: 0.43359203939414837
Punto[1.         0.56341271 0.51535478] -> F: 0.4349437948072815
Punto[1.         0.56424869 0.51447973] -> F: 0.4362559346609215
Punto[1.         0.56508467 0.51360467] -> F: 0.4374191009699094
Punto[1.         0.56592065 0.51272961] -> F: 0.4385508521133495
Punto[1.         0.56675662 0.51185456] -> F: 0.43964851989848647
Punto[1.        0.5675926 0.5109795] -> F: 0.4406945450340363
Punto[1.         0.56842858 0.51010445] -> F: 0.44170118076020587
Punto[1.         0.56926456 0.50922939] -> F: 0.4420578037806751
Punto[1.         0.57010054 0.50835433] -> F: 0.4412142864045614
Punto[1.         0.57093652 0.50747928] -> F: 0.44037210777463465
Punto[1.         0.5717725  0.50660422] -> F: 0.43953126789089453
Punto[1.         0.57260848 0.50572916] -> F: 0.43869176675334126
Punto[1.         0.57344445 0.50485411] -> F: 0.4378536043619748
Punto[1.         0.57428043 0.50397905] -> F: 0.4370167807167951
Punto[1.         0.57511641 0.503104  ] -> F: 0.4361812958178021
Punto[1.         0.57595239 0.50222894] -> F: 0.435347149664996
Punto[1.         0.57678837 0.50135388] -> F: 0.43451434225837654
Punto[1.         0.57762435 0.50047883] -> F: 0.43368287359794394
Punto[1.         0.57846033 0.49960377] -> F: 0.43285274368369814
Punto[1.         0.5792963  0.49872871] -> F: 0.43202395251563913
Punto[1.         0.58013228 0.49785366] -> F: 0.4311965000937668
Punto[1.         0.58096826 0.4969786 ] -> F: 0.43037038641808145
Punto[1.         0.58180424 0.49610355] -> F: 0.4295456114885827
Punto[1.         0.58264022 0.49522849] -> F: 0.42872217530527085
Punto[1.         0.5834762  0.49435343] -> F: 0.42790007786814566
Punto[1.         0.58431218 0.49347838] -> F: 0.4270793191772074
Punto[1.         0.58514816 0.49260332] -> F: 0.4262598992324557
Punto[1.         0.58598413 0.49172826] -> F: 0.425441818033891
Punto[1.         0.58682011 0.49085321] -> F: 0.42462507558151297
Punto[1.         0.58765609 0.48997815] -> F: 0.42380967187532176
Punto[1.         0.58849207 0.4891031 ] -> F: 0.4229956069153173
Punto[1.         0.58932805 0.48822804] -> F: 0.4221802664735722
Punto[1.         0.59016403 0.48735298] -> F: 0.4213648072679148
Punto[1.         0.59100001 0.48647793] -> F: 0.4205507003040427
Punto[1.         0.59183599 0.48560287] -> F: 0.4197379455819558
Punto[1.         0.59267196 0.48472781] -> F: 0.4189265431016543
Punto[1.         0.59350794 0.48385276] -> F: 0.41811649286313807
Punto[1.         0.59434392 0.4829777 ] -> F: 0.4173077948664071
Punto[1.         0.5951799  0.48210265] -> F: 0.41650044911146145
Punto[1.         0.59601588 0.48122759] -> F: 0.415694455598301
Punto[1.         0.59685186 0.48035253] -> F: 0.41488981432692607
Punto[1.         0.59768784 0.47947748] -> F: 0.41408652529733625
Punto[1.         0.59852382 0.47860242] -> F: 0.4132845885095318
Punto[1.         0.59935979 0.47772736] -> F: 0.4124840039635127
Best centerpoint:  [1.         0.56926456 0.50922939] Best F:  0.4420578037806751 Best u:  [-0.99950656  0.01925188 -0.02481937] índice:  14
{
  "seed": 2020,
  "n_per_z": 5,
  "nz": 100,
  "nd": 100,
  "n_muestras": 50,
  "best_f": 0.4420578037806751,
  "best_cp": [
    1.0,
    0.5692645602709936,
    0.5092293891596023
  ],
  "best_u": [
    -0.9995065603657316,
    0.0192518757995791,
    -0.024819368728108287
  ],
  "n_candidatos": 54
}
