Punto[0.        0.4335014 0.5898248] -> F: 0.05964613593545076
Punto[1.         0.55319506 0.5069926 ] -> F: 0.29306249609046875
Punto[2.         0.44852349 0.54541611] -> F: 0.16539107707409517
Punto[1.         0.44101244 0.56762045] -> F: 0.26484647427367125
Punto[1.         0.55095141 0.50820516] -> F: 0.2979811856310719
Punto[1.         0.54875263 0.50939347] -> F: 0.30251186828103654
Punto[1.         0.54655385 0.51058177] -> F: 0.30669146116830115
Punto[1.         0.54435507 0.51177008] -> F: 0.3100903268794251
Punto[1.         0.54215629 0.51295838] -> F: 0.313683851895991
Punto[1.         0.53995751 0.51414669] -> F: 0.31747203621799847
Punto[1.         0.53775873 0.515335  ] -> F: 0.3207483700532618
Punto[1.         0.53555995 0.5165233 ] -> F: 0.3239825944401448
Punto[1.         0.53336118 0.51771161] -> F: 0.32764776842327054
Punto[1.         0.5311624  0.51889991] -> F: 0.33188036539645105
Punto[1.         0.52896362 0.52008822] -> F: 0.33577225827584056
Punto[1.         0.52676484 0.52127652] -> F: 0.3400597707482226
Punto[1.         0.52456606 0.52246483] -> F: 0.34474290281359715
Punto[1.         0.52236728 0.52365314] -> F: 0.34932272856613195
Punto[1.         0.5201685  0.52484144] -> F: 0.3537604238599257
Punto[1.         0.51796972 0.52602975] -> F: 0.35188812833614863
Punto[1.         0.51577094 0.52721805] -> F: 0.34980895478410856
Punto[1.         0.51357216 0.52840636] -> F: 0.3477173742795945
Punto[1.         0.51137338 0.52959467] -> F: 0.3456065898274487
Punto[1.         0.5091746  0.53078297] -> F: 0.34350046381333504
Punto[1.         0.50697582 0.53197128] -> F: 0.3413749725799367
Punto[1.         0.50477704 0.53315958] -> F: 0.3392371729774884
Punto[1.         0.50257826 0.53434789] -> F: 0.33710421618581465
Punto[1.         0.50037949 0.53553619] -> F: 0.3349446725060616
Punto[1.         0.49818071 0.5367245 ] -> F: 0.3327798952907815
Punto[1.         0.49598193 0.53791281] -> F: 0.33062015263762745
Punto[1.         0.49378315 0.53910111] -> F: 0.32842651768192
Punto[1.         0.49158437 0.54028942] -> F: 0.3262347189131249
Punto[1.         0.48938559 0.54147772] -> F: 0.32400012825077107
Punto[1.         0.48718681 0.54266603] -> F: 0.3217484335814334
Punto[1.         0.48498803 0.54385434] -> F: 0.3194355156319739
Punto[1.         0.48278925 0.54504264] -> F: 0.31697540338391506
Punto[1.         0.48059047 0.54623095] -> F: 0.31435379623161186
Punto[1.         0.47839169 0.54741925] -> F: 0.3117533783272552
Punto[1.         0.47619291 0.54860756] -> F: 0.30926784988549644
Punto[1.         0.47399413 0.54979587] -> F: 0.30684713258031177
Punto[1.         0.47179535 0.55098417] -> F: 0.30442567534753256
Punto[1.         0.46959657 0.55217248] -> F: 0.30193571736686964
Punto[1.         0.4673978  0.55336078] -> F: 0.29951941690062
Punto[1.         0.46519902 0.55454909] -> F: 0.29531138952897296
Punto[1.         0.46300024 0.55573739] -> F: 0.2922960515101197
Punto[1.         0.46080146 0.5569257 ] -> F: 0.28969504482933833
Punto[1.         0.45860268 0.55811401] -> F: 0.28708618859059415
Punto[1.         0.4564039  0.55930231] -> F: 0.2842827514028466
Punto[1.         0.45420512 0.56049062] -> F: 0.2816797980776286
Punto[1.         0.45200634 0.56167892] -> F: 0.27911587931757575
Punto[1.         0.44980756 0.56286723] -> F: 0.276550933027693
Punto[1.         0.44760878 0.56405554] -> F: 0.27398495920798044
Punto[1.         0.44541    0.56524384] -> F: 0.2714179578584377
Punto[1.         0.44321122 0.56643215] -> F: 0.26884992897906523
Best centerpoint:  [1.         0.5201685  0.52484144] Best F:  0.3537604238599257 Best u:  [-0.09410831  0.76709368 -0.63459508] índice:  15
{
  "seed": 8747,
  "n_per_z": 5,
  "nz": 100,
  "nd": 100,
  "n_muestras": 50,
  "best_f": 0.3537604238599257,
  "best_cp": [
    1.0,
    0.5201684993544871,
    0.5248414423731635
  ],
  "best_u": [
    -0.09410831331851428,
    0.7670936777305546,
    -0.6345950795193392
  ],
  "n_candidatos": 54
}
