Punto[0.         0.48719605 0.46643551] -> F: 0.1320152412769439
Punto[1.         0.44698765 0.4311962 ] -> F: 0.4234546072314885
Punto[2.         0.42248554 0.48613532] -> F: 0.13396784959387567
Punto[1.         0.45484079 0.47628542] -> F: 0.44070556129153693
Punto[1.         0.44714471 0.43209799] -> F: 0.42491878790862186
Punto[1.         0.44729863 0.43298174] -> F: 0.4263549318911
Punto[1.         0.44745255 0.43386549] -> F: 0.42775897680909164
Punto[1.         0.44760647 0.43474923] -> F: 0.429160449071188
Punto[1.         0.4477604  0.43563298] -> F: 0.43056309647679175
Punto[1.         0.44791432 0.43651673] -> F: 0.43196691902590295
Punto[1.         0.44806824 0.43740048] -> F: 0.4333719167185215
Punto[1.         0.44822216 0.43828423] -> F: 0.434778089554647
Punto[1.         0.44837608 0.43916798] -> F: 0.43618543753428013
Punto[1.         0.44853    0.44005173] -> F: 0.43759396065742023
Punto[1.         0.44868393 0.44093547] -> F: 0.439003658924068
Punto[1.         0.44883785 0.44181922] -> F: 0.4404145323342227
Punto[1.         0.44899177 0.44270297] -> F: 0.44182658088788485
Punto[1.         0.44914569 0.44358672] -> F: 0.44323048063285153
Punto[1.         0.44929961 0.44447047] -> F: 0.4446081055652241
Punto[1.         0.44945353 0.44535422] -> F: 0.445986849401665
Punto[1.         0.44960746 0.44623797] -> F: 0.44732668000660364
Punto[1.         0.44976138 0.44712171] -> F: 0.4486615778972022
Punto[1.         0.4499153  0.44800546] -> F: 0.4500002442001193
Punto[1.         0.45006922 0.44888921] -> F: 0.4513426789153546
Punto[1.         0.45022314 0.44977296] -> F: 0.45268888204290847
Punto[1.         0.45037706 0.45065671] -> F: 0.4540388535827806
Punto[1.         0.45053099 0.45154046] -> F: 0.455392593534971
Punto[1.         0.45068491 0.45242421] -> F: 0.45675010189947984
Punto[1.         0.45083883 0.45330795] -> F: 0.45811137867630686
Punto[1.         0.45099275 0.4541917 ] -> F: 0.45947642386545234
Punto[1.         0.45114667 0.45507545] -> F: 0.4608452374669161
Punto[1.         0.45130059 0.4559592 ] -> F: 0.4622178194806981
Punto[1.         0.45145452 0.45684295] -> F: 0.4635941699067986
Punto[1.         0.45160844 0.4577267 ] -> F: 0.46497428874521723
Punto[1.         0.45176236 0.45861045] -> F: 0.4649306464256998
Punto[1.         0.45191628 0.45949419] -> F: 0.4638866000761246
Punto[1.         0.4520702  0.46037794] -> F: 0.46289340593148764
Punto[1.         0.45222412 0.46126169] -> F: 0.46190327173010653
Punto[1.         0.45237805 0.46214544] -> F: 0.46091089248848216
Punto[1.         0.45253197 0.46302919] -> F: 0.45991626820661413
Punto[1.         0.45268589 0.46391294] -> F: 0.4589193988845027
Punto[1.         0.45283981 0.46479669] -> F: 0.4579208350439727
Punto[1.         0.45299373 0.46568043] -> F: 0.45692197082672664
Punto[1.         0.45314765 0.46656418] -> F: 0.4559228744855271
Punto[1.         0.45330157 0.46744793] -> F: 0.45492354602037405
Punto[1.         0.4534555  0.46833168] -> F: 0.4539239854312671
Punto[1.         0.45360942 0.46921543] -> F: 0.45292419271820683
Punto[1.         0.45376334 0.47009918] -> F: 0.45192416788119305
Punto[1.         0.45391726 0.47098293] -> F: 0.45045440628854255
Punto[1.         0.45407118 0.47186667] -> F: 0.44890057418056395
Punto[1.         0.4542251  0.47275042] -> F: 0.4472935778521052
Punto[1.         0.45437903 0.47363417] -> F: 0.44564328771532724
Punto[1.         0.45453295 0.47451792] -> F: 0.4439951882429733
Punto[1.         0.45468687 0.47540167] -> F: 0.44234927943504326
Best centerpoint:  [1.         0.45160844 0.4577267 ] Best F:  0.46497428874521723 Best u:  [ 0.12533323 -0.80263765 -0.58315039] índice:  30
{
  "seed": 12634,
  "n_per_z": 5,
  "nz": 100,
  "nd": 100,
  "n_muestras": 50,
  "best_f": 0.46497428874521723,
  "best_cp": [
    1.0,
    0.45160843709942605,
    0.4577266975933525
  ],
  "best_u": [
    0.12533323356430415,
    -0.8026376537326376,
    -0.583150390015202
  ],
  "n_candidatos": 54
}
