Punto[0.         0.59484706 0.47750787] -> F: 0.17409860517880002
Punto[1.         0.5569315  0.49234363] -> F: 0.43784679162062945
Punto[2.         0.57408278 0.4880043 ] -> F: 0.11228509403592907
Punto[1.         0.58446492 0.48275609] -> F: 0.4231420170173099
Punto[1.         0.55748217 0.49215188] -> F: 0.4381849279149857
Punto[1.         0.55802183 0.49196396] -> F: 0.438376852662762
Punto[1.         0.55856148 0.49177605] -> F: 0.43821722855596706
Punto[1.         0.55910114 0.49158813] -> F: 0.4379048493218537
Punto[1.         0.55964079 0.49140022] -> F: 0.43759260639562736
Punto[1.         0.56018045 0.4912123 ] -> F: 0.437280499777288
Punto[1.         0.5607201  0.49102438] -> F: 0.43696852946683545
Punto[1.         0.56125976 0.49083647] -> F: 0.43665669546426994
Punto[1.         0.56179941 0.49064855] -> F: 0.4363449977695914
Punto[1.         0.56233907 0.49046064] -> F: 0.4360334363827998
Punto[1.         0.56287872 0.49027272] -> F: 0.4357220113038951
Punto[1.         0.56341838 0.4900848 ] -> F: 0.4354107225328775
Punto[1.         0.56395803 0.48989689] -> F: 0.43509957006974664
Punto[1.         0.56449769 0.48970897] -> F: 0.4347869534474984
Punto[1.         0.56503734 0.48952106] -> F: 0.43447166519581026
Punto[1.         0.565577   0.48933314] -> F: 0.43415651714672726
Punto[1.         0.56611665 0.48914523] -> F: 0.4338415093002493
Punto[1.         0.56665631 0.48895731] -> F: 0.4335266416563765
Punto[1.         0.56719596 0.48876939] -> F: 0.43321191421510885
Punto[1.         0.56773562 0.48858148] -> F: 0.4328973269764464
Punto[1.         0.56827527 0.48839356] -> F: 0.4325828799403891
Punto[1.         0.56881493 0.48820565] -> F: 0.4322685731069369
Punto[1.         0.56935458 0.48801773] -> F: 0.43195440647608996
Punto[1.         0.56989424 0.48782981] -> F: 0.43164038004784805
Punto[1.         0.57043389 0.4876419 ] -> F: 0.43132649382221133
Punto[1.         0.57097355 0.48745398] -> F: 0.4310127477991798
Punto[1.         0.5715132  0.48726607] -> F: 0.43069914197875336
Punto[1.         0.57205286 0.48707815] -> F: 0.4303856763609322
Punto[1.         0.57259251 0.48689024] -> F: 0.4300723509457161
Punto[1.         0.57313217 0.48670232] -> F: 0.42975916573310513
Punto[1.         0.57367182 0.4865144 ] -> F: 0.4294461207230995
Punto[1.         0.57421148 0.48632649] -> F: 0.42913321591569875
Punto[1.         0.57475113 0.48613857] -> F: 0.42882045131090324
Punto[1.         0.57529079 0.48595066] -> F: 0.428507826908713
Punto[1.         0.57583044 0.48576274] -> F: 0.4281929140078057
Punto[1.         0.5763701  0.48557482] -> F: 0.4278761514509656
Punto[1.         0.57690975 0.48538691] -> F: 0.42755953309344985
Punto[1.         0.57744941 0.48519899] -> F: 0.42724305893525877
Punto[1.         0.57798906 0.48501108] -> F: 0.4269267289763923
Punto[1.         0.57852872 0.48482316] -> F: 0.4266105432168503
Punto[1.         0.57906837 0.48463525] -> F: 0.42629450165663285
Punto[1.         0.57960803 0.48444733] -> F: 0.4259786042957401
Punto[1.         0.58014768 0.48425941] -> F: 0.42566285113417185
Punto[1.         0.58068734 0.4840715 ] -> F: 0.425347242171928
Punto[1.         0.58122699 0.48388358] -> F: 0.42503177740900894
Punto[1.         0.58176665 0.48369567] -> F: 0.4247164568454143
Punto[1.         0.5823063  0.48350775] -> F: 0.4244012804811444
Punto[1.         0.58284596 0.48331983] -> F: 0.4240862483161989
Punto[1.         0.58338561 0.48313192] -> F: 0.42377136035057805
Punto[1.         0.58392527 0.482944  ] -> F: 0.4234566165842817
{
  "seed": 19074,
  "n_per_z": 10,
  "nz": 100,
  "nd": 100,
  "n_muestras": 50,
  "best_f": 0.438376852662762,
  "best_cp": [
    1.0,
    0.5580218258495397,
    0.4919639633378645
  ],
  "best_u": [
    0.9995065603657316,
    0.02002197137261541,
    0.02420240583533769
  ],
  "best_index": 5,
  "n_candidatos": 54
}
