Punto[0.         0.75933001 0.58185046] -> F: 0.1269099912234173
Punto[1.         0.58364978 0.59933418] -> F: 0.3889236803689495
Punto[2.         0.50970092 0.4655538 ] -> F: 0.10856958614407891
Punto[1.         0.63451546 0.52370213] -> F: 0.4141229970963916
Punto[1.         0.58466709 0.59782154] -> F: 0.3918034728513702
Punto[1.         0.58566406 0.59633915] -> F: 0.3945914463695498
Punto[1.         0.58666103 0.59485676] -> F: 0.3973486878622414
Punto[1.         0.587658   0.59337437] -> F: 0.4001171048497757
Punto[1.         0.58865496 0.59189199] -> F: 0.4028966973321519
Punto[1.         0.58965193 0.5904096 ] -> F: 0.40566550924856115
Punto[1.         0.5906489  0.58892721] -> F: 0.40837995828622725
Punto[1.         0.59164587 0.58744482] -> F: 0.41110459088504414
Punto[1.         0.59264283 0.58596243] -> F: 0.4138394070450122
Punto[1.         0.5936398  0.58448005] -> F: 0.41657087926914016
Punto[1.         0.59463677 0.58299766] -> F: 0.4192310079088111
Punto[1.         0.59563374 0.58151527] -> F: 0.4218989531220899
Punto[1.         0.5966307  0.58003288] -> F: 0.424530315543541
Punto[1.         0.59762767 0.57855049] -> F: 0.4271180006062803
Punto[1.         0.59862464 0.57706811] -> F: 0.42971279947976176
Punto[1.         0.59962161 0.57558572] -> F: 0.4322352640342871
Punto[1.         0.60061857 0.57410333] -> F: 0.43470812521424496
Punto[1.         0.60161554 0.57262094] -> F: 0.4371085089377269
Punto[1.         0.60261251 0.57113855] -> F: 0.4394696404426084
Punto[1.         0.60360947 0.56965616] -> F: 0.4418362311637937
Punto[1.         0.60460644 0.56817378] -> F: 0.44412497402798795
Punto[1.         0.60560341 0.56669139] -> F: 0.4464132011030839
Punto[1.         0.60660038 0.565209  ] -> F: 0.4486777695815475
Punto[1.         0.60759734 0.56372661] -> F: 0.44871613684134287
Punto[1.         0.60859431 0.56224422] -> F: 0.4476265730253989
Punto[1.         0.60959128 0.56076184] -> F: 0.4465308687744553
Punto[1.         0.61058825 0.55927945] -> F: 0.4454365480347755
Punto[1.         0.61158521 0.55779706] -> F: 0.4443436108063595
Punto[1.         0.61258218 0.55631467] -> F: 0.44325205708920723
Punto[1.         0.61357915 0.55483228] -> F: 0.4421618868833186
Punto[1.         0.61457612 0.5533499 ] -> F: 0.4410731001886938
Punto[1.         0.61557308 0.55186751] -> F: 0.4399816853340279
Punto[1.         0.61657005 0.55038512] -> F: 0.4388878609628871
Punto[1.         0.61756702 0.54890273] -> F: 0.4377954400857844
Punto[1.         0.61856399 0.54742034] -> F: 0.43670442270271975
Punto[1.         0.61956095 0.54593795] -> F: 0.435614808813693
Punto[1.         0.62055792 0.54445557] -> F: 0.4345265984187045
Punto[1.         0.62155489 0.54297318] -> F: 0.4334397375214768
Punto[1.         0.62255186 0.54149079] -> F: 0.4323463874640159
Punto[1.         0.62354882 0.5400084 ] -> F: 0.43125446154052377
Punto[1.         0.62454579 0.53852601] -> F: 0.4301639597510007
Punto[1.         0.62554276 0.53704363] -> F: 0.4290748820954466
Punto[1.         0.62653973 0.53556124] -> F: 0.4279872285738613
Punto[1.         0.62753669 0.53407885] -> F: 0.426900999186245
Punto[1.         0.62853366 0.53259646] -> F: 0.42581219001834575
Punto[1.         0.62953063 0.53111407] -> F: 0.42472072034068753
Punto[1.         0.63052759 0.52963169] -> F: 0.42363069616988225
Punto[1.         0.63152456 0.5281493 ] -> F: 0.42254211750592957
Punto[1.         0.63252153 0.52666691] -> F: 0.41974530180178127
Punto[1.         0.6335185  0.52518452] -> F: 0.4169301036776409
Best centerpoint:  [1.         0.60759734 0.56372661] Best F:  0.44871613684134287 Best u:  [ 0.4539905   0.47742517 -0.75230169] índice:  24
{
  "seed": 18376,
  "n_per_z": 5,
  "nz": 100,
  "nd": 100,
  "n_muestras": 50,
  "best_f": 0.44871613684134287,
  "best_cp": [
    1.0,
    0.6075973443381752,
    0.5637266122512573
  ],
  "best_u": [
    0.4539904997395467,
    0.4774251701612292,
    -0.7523016901767255
  ],
  "n_candidatos": 54
}
