Punto[0.         0.45550471 0.60793747] -> F: 0.09918578508991958
Punto[1.         0.51584814 0.52074613] -> F: 0.4240341633282656
Punto[2.         0.51910174 0.4797728 ] -> F: 0.16373925711719228
Punto[1.         0.48730323 0.54385513] -> F: 0.4099547018685265
Punto[1.         0.51527725 0.52120831] -> F: 0.4246212714215853
Punto[1.         0.51471776 0.52166125] -> F: 0.42441334765771177
Punto[1.         0.51415828 0.52211418] -> F: 0.42420547412397663
Punto[1.         0.5135988  0.52256712] -> F: 0.4239546939492215
Punto[1.         0.51303932 0.52302006] -> F: 0.42370063138320935
Punto[1.         0.51247984 0.52347299] -> F: 0.42344663502689756
Punto[1.         0.51192036 0.52392593] -> F: 0.4231814821079359
Punto[1.         0.51136088 0.52437887] -> F: 0.42291530212414985
Punto[1.        0.5108014 0.5248318] -> F: 0.42264919493274106
Punto[1.         0.51024192 0.52528474] -> F: 0.42238316053370945
Punto[1.         0.50968244 0.52573768] -> F: 0.4221171989270549
Punto[1.         0.50912296 0.52619061] -> F: 0.42185131011277754
Punto[1.         0.50856348 0.52664355] -> F: 0.42158549409087737
Punto[1.         0.508004   0.52709648] -> F: 0.42131218248132246
Punto[1.         0.50744452 0.52754942] -> F: 0.42103421978636046
Punto[1.         0.50688504 0.52800236] -> F: 0.42075633677789914
Punto[1.         0.50632556 0.52845529] -> F: 0.4204785334559381
Punto[1.         0.50576608 0.52890823] -> F: 0.42020080982047797
Punto[1.         0.5052066  0.52936117] -> F: 0.4199231658715183
Punto[1.         0.50464712 0.5298141 ] -> F: 0.41964560160905934
Punto[1.         0.50408764 0.53026704] -> F: 0.4193637270891706
Punto[1.         0.50352816 0.53071998] -> F: 0.41907402723334525
Punto[1.         0.50296868 0.53117291] -> F: 0.41878441428608304
Punto[1.         0.5024092  0.53162585] -> F: 0.41849488824738384
Punto[1.         0.50184972 0.53207879] -> F: 0.4182054491172475
Punto[1.         0.50129024 0.53253172] -> F: 0.4179160968956742
Punto[1.         0.50073076 0.53298466] -> F: 0.417626831582664
Punto[1.         0.50017127 0.5334376 ] -> F: 0.4173361652525709
Punto[1.         0.49961179 0.53389053] -> F: 0.4170347494885701
Punto[1.         0.49905231 0.53434347] -> F: 0.4167334282025867
Punto[1.         0.49849283 0.5347964 ] -> F: 0.4164322013946208
Punto[1.         0.49793335 0.53524934] -> F: 0.41613106906467223
Punto[1.         0.49737387 0.53570228] -> F: 0.41583003121274115
Punto[1.         0.49681439 0.53615521] -> F: 0.4155290878388276
Punto[1.         0.49625491 0.53660815] -> F: 0.4152282389429314
Punto[1.         0.49569543 0.53706109] -> F: 0.41491643644171816
Punto[1.         0.49513595 0.53751402] -> F: 0.41460340392353684
Punto[1.         0.49457647 0.53796696] -> F: 0.41429047382286144
Punto[1.         0.49401699 0.5384199 ] -> F: 0.41397764613969185
Punto[1.         0.49345751 0.53887283] -> F: 0.4136649208740281
Punto[1.         0.49289803 0.53932577] -> F: 0.4133522980258702
Punto[1.         0.49233855 0.53977871] -> F: 0.4130397775952181
Punto[1.         0.49177907 0.54023164] -> F: 0.41271664562774674
Punto[1.         0.49121959 0.54068458] -> F: 0.41239217264826417
Punto[1.         0.49066011 0.54113751] -> F: 0.4120677915659471
Punto[1.         0.49010063 0.54159045] -> F: 0.41174350238079543
Punto[1.         0.48954115 0.54204339] -> F: 0.4114178021478968
Punto[1.         0.48898167 0.54249632] -> F: 0.41108186683440046
Punto[1.         0.48842219 0.54294926] -> F: 0.41074640952746366
Punto[1.         0.48786271 0.5434022 ] -> F: 0.41039591304902184
{
  "seed": 16319,
  "n_per_z": 10,
  "nz": 100,
  "nd": 100,
  "n_muestras": 50,
  "best_f": 0.4246212714215853,
  "best_cp": [
    1.0,
    0.515277245329315,
    0.5212083106906551
  ],
  "best_u": [
    -0.9995065603657316,
    -0.028827369440197342,
    -0.012474716711115937
  ],
  "best_index": 4,
  "n_candidatos": 54
}
