Punto[0.         0.52665742 0.43352003] -> F: 0.11133679182053165
Punto[1.         0.47991815 0.53991806] -> F: 0.44313862769448614
Punto[2.         0.41179245 0.58604272] -> F: 0.13458194334124124
Punto[1.         0.46922494 0.50978137] -> F: 0.43785597306125196
Punto[1.         0.47970428 0.53931532] -> F: 0.4442037860534515
Punto[1.         0.4794947  0.53872464] -> F: 0.44524849851959364
Punto[1.         0.47928511 0.53813397] -> F: 0.44629405960075524
Punto[1.         0.47907552 0.53754329] -> F: 0.4473404692969365
Punto[1.         0.47886594 0.53695261] -> F: 0.4483679932252054
Punto[1.         0.47865635 0.53636193] -> F: 0.4493815008030597
Punto[1.         0.47844676 0.53577125] -> F: 0.4503959672020533
Punto[1.         0.47823718 0.53518057] -> F: 0.45141139242218686
Punto[1.         0.47802759 0.53458989] -> F: 0.4524277764634596
Punto[1.         0.477818   0.53399921] -> F: 0.45343431794183414
Punto[1.         0.47760841 0.53340853] -> F: 0.4544414583235744
Punto[1.         0.47739883 0.53281785] -> F: 0.45544949657943695
Punto[1.         0.47718924 0.53222718] -> F: 0.45645843270942127
Punto[1.         0.47697965 0.5316365 ] -> F: 0.4574682667135281
Punto[1.         0.47677007 0.53104582] -> F: 0.4584789985917569
Punto[1.         0.47656048 0.53045514] -> F: 0.4594906283441077
Punto[1.         0.47635089 0.52986446] -> F: 0.46050265372210136
Punto[1.         0.47614131 0.52927378] -> F: 0.4611815467122018
Punto[1.         0.47593172 0.5286831 ] -> F: 0.46047765904857135
Punto[1.         0.47572213 0.52809242] -> F: 0.4597744933258454
Punto[1.         0.47551254 0.52750174] -> F: 0.45907204954402436
Punto[1.         0.47530296 0.52691106] -> F: 0.45837032770310776
Punto[1.         0.47509337 0.52632039] -> F: 0.4576693278030957
Punto[1.         0.47488378 0.52572971] -> F: 0.45696904984398856
Punto[1.         0.4746742  0.52513903] -> F: 0.4562694938257857
Punto[1.         0.47446461 0.52454835] -> F: 0.45556242624338766
Punto[1.         0.47425502 0.52395767] -> F: 0.4548534838132995
Punto[1.         0.47404544 0.52336699] -> F: 0.45414526351668083
Punto[1.         0.47383585 0.52277631] -> F: 0.45343776535353175
Punto[1.         0.47362626 0.52218563] -> F: 0.4527309893238522
Punto[1.         0.47341668 0.52159495] -> F: 0.4520249354276425
Punto[1.         0.47320709 0.52100427] -> F: 0.45131960366490226
Punto[1.        0.4729975 0.5204136] -> F: 0.45061499403563166
Punto[1.         0.47278791 0.51982292] -> F: 0.44991110653983074
Punto[1.         0.47257833 0.51923224] -> F: 0.44920794117749935
Punto[1.         0.47236874 0.51864156] -> F: 0.4485054979486376
Punto[1.         0.47215915 0.51805088] -> F: 0.44780377685324557
Punto[1.         0.47194957 0.5174602 ] -> F: 0.4470917192705584
Punto[1.         0.47173998 0.51686952] -> F: 0.4463803693891495
Punto[1.         0.47153039 0.51627884] -> F: 0.4456697451460999
Punto[1.         0.47132081 0.51568816] -> F: 0.44495984654140974
Punto[1.         0.47111122 0.51509749] -> F: 0.444250673575079
Punto[1.         0.47090163 0.51450681] -> F: 0.4435422262471079
Punto[1.         0.47069205 0.51391613] -> F: 0.4428345045574961
Punto[1.         0.47048246 0.51332545] -> F: 0.4421275085062438
Punto[1.         0.47027287 0.51273477] -> F: 0.4414212380933511
Punto[1.         0.47006328 0.51214409] -> F: 0.4407156933188179
Punto[1.         0.4698537  0.51155341] -> F: 0.44001087418264395
Punto[1.         0.46964411 0.51096273] -> F: 0.4393067806848293
Punto[1.         0.46943452 0.51037205] -> F: 0.4385971700875675
{
  "seed": 11202,
  "n_per_z": 10,
  "nz": 100,
  "nd": 100,
  "n_muestras": 50,
  "best_f": 0.4611815467122018,
  "best_cp": [
    1.0,
    0.47614130570883656,
    0.5292737807955932
  ],
  "best_u": [
    -0.2789911060392295,
    -0.5145510878348443,
    -0.8108027755002973
  ],
  "best_index": 21,
  "n_candidatos": 54
}
