Punto[0.         0.48421069 0.35480187] -> F: 0.12189694631641732
Punto[1.         0.42617453 0.45191917] -> F: 0.2852106211086444
Punto[2.         0.59035922 0.74981604] -> F: 0.09190072935117603
Punto[1.         0.53728496 0.55230896] -> F: 0.3430225702217268
Punto[1.         0.42839674 0.45392696] -> F: 0.28948877667961626
Punto[1.        0.4305745 0.4558946] -> F: 0.29324126114203103
Punto[1.         0.43275227 0.45786224] -> F: 0.2970276763987847
Punto[1.         0.43493003 0.45982988] -> F: 0.30105318124571945
Punto[1.         0.4371078  0.46179752] -> F: 0.3061104631536341
Punto[1.         0.43928556 0.46376516] -> F: 0.31227835483323985
Punto[1.         0.44146332 0.4657328 ] -> F: 0.31810329895092504
Punto[1.         0.44364109 0.46770044] -> F: 0.32411452511220595
Punto[1.         0.44581885 0.46966808] -> F: 0.33050595325618437
Punto[1.         0.44799662 0.47163572] -> F: 0.33727758338285974
Punto[1.         0.45017438 0.47360336] -> F: 0.3442807656860679
Punto[1.         0.45235215 0.475571  ] -> F: 0.3508171392537969
Punto[1.         0.45452991 0.47753864] -> F: 0.35712184953874077
Punto[1.         0.45670767 0.47950628] -> F: 0.363274620431411
Punto[1.         0.45888544 0.48147392] -> F: 0.3673846937087357
Punto[1.         0.4610632  0.48344156] -> F: 0.371506506768445
Punto[1.         0.46324097 0.4854092 ] -> F: 0.3763338225397301
Punto[1.         0.46541873 0.48737684] -> F: 0.38223307636954307
Punto[1.         0.4675965  0.48934448] -> F: 0.3883374847895859
Punto[1.         0.46977426 0.49131212] -> F: 0.39422939596816237
Punto[1.         0.47195202 0.49327976] -> F: 0.40046349747727084
Punto[1.         0.47412979 0.4952474 ] -> F: 0.4070397893169107
Punto[1.         0.47630755 0.49721504] -> F: 0.41349063594711916
Punto[1.         0.47848532 0.49918268] -> F: 0.4188514879430563
Punto[1.         0.48066308 0.50115032] -> F: 0.41675660376829066
Punto[1.         0.48284085 0.50311796] -> F: 0.4146199747092771
Punto[1.         0.48501861 0.5050856 ] -> F: 0.4124675028014494
Punto[1.         0.48719638 0.50705324] -> F: 0.4102903170112112
Punto[1.         0.48937414 0.50902088] -> F: 0.40807957812355194
Punto[1.         0.4915519  0.51098852] -> F: 0.40585193242628387
Punto[1.         0.49372967 0.51295616] -> F: 0.4035942182162589
Punto[1.         0.49590743 0.5149238 ] -> F: 0.4013202436461818
Punto[1.         0.4980852  0.51689144] -> F: 0.3990343934471197
Punto[1.         0.50026296 0.51885908] -> F: 0.396754336042674
Punto[1.         0.50244073 0.52082672] -> F: 0.3944800714328451
Punto[1.         0.50461849 0.52279436] -> F: 0.39221159961763263
Punto[1.         0.50679625 0.524762  ] -> F: 0.38993217932777907
Punto[1.         0.50897402 0.52672964] -> F: 0.38764840032419107
Punto[1.         0.51115178 0.52869728] -> F: 0.38537055339773285
Punto[1.         0.51332955 0.53066492] -> F: 0.3830986385484041
Punto[1.         0.51550731 0.53263256] -> F: 0.38083265577620506
Punto[1.         0.51768508 0.5346002 ] -> F: 0.37856426653175024
Punto[1.         0.51986284 0.53656784] -> F: 0.3762867443575979
Punto[1.         0.52204061 0.53853548] -> F: 0.3740163012982112
Punto[1.         0.52421837 0.54050312] -> F: 0.3717529373535904
Punto[1.         0.52639613 0.54247076] -> F: 0.36764690152955715
Punto[1.        0.5285739 0.5444384] -> F: 0.3619666177851609
Punto[1.         0.53075166 0.54640604] -> F: 0.35765763928210403
Punto[1.         0.53292943 0.54837368] -> F: 0.35317019489804796
Punto[1.         0.53510719 0.55034132] -> F: 0.34836696804500655
Best centerpoint:  [1.         0.47848532 0.49918268] Best F:  0.4188514879430563 Best u:  [0.99950656 0.00393681 0.03116308] índice:  24
{
  "seed": 2124,
  "n_per_z": 5,
  "nz": 100,
  "nd": 100,
  "n_muestras": 50,
  "best_f": 0.4188514879430563,
  "best_cp": [
    1.0,
    0.478485317992018,
    0.499182681055084
  ],
  "best_u": [
    0.9995065603657316,
    0.00393681200397115,
    0.031163075860858272
  ],
  "n_candidatos": 54
}
