Punto[0.         0.51161874 0.40373076] -> F: 0.1638592089694931
Punto[1.         0.47886872 0.43462008] -> F: 0.41705742529981393
Punto[2.         0.45409358 0.37576988] -> F: 0.12106310716486923
Punto[1.         0.48285616 0.38975032] -> F: 0.4241470808548303
Punto[1.         0.47894847 0.43372269] -> F: 0.4180733292901292
Punto[1.         0.47902662 0.43284324] -> F: 0.4190786675151063
Punto[1.         0.47910478 0.43196379] -> F: 0.42000760852773794
Punto[1.         0.47918293 0.43108435] -> F: 0.4209200273206664
Punto[1.         0.47926108 0.4302049 ] -> F: 0.4218380561508841
Punto[1.         0.47933924 0.42932545] -> F: 0.4227616950183906
Punto[1.         0.47941739 0.428446  ] -> F: 0.42369094392318646
Punto[1.         0.47949554 0.42756656] -> F: 0.42462580286527146
Punto[1.         0.4795737  0.42668711] -> F: 0.42556627184464535
Punto[1.         0.47965185 0.42580766] -> F: 0.4265123508613084
Punto[1.         0.47973001 0.42492821] -> F: 0.4274640399152606
Punto[1.         0.47980816 0.42404877] -> F: 0.42842133900650203
Punto[1.         0.47988631 0.42316932] -> F: 0.42938424813503223
Punto[1.         0.47996447 0.42228987] -> F: 0.43035276730085165
Punto[1.         0.48004262 0.42141042] -> F: 0.4313268965039602
Punto[1.         0.48012078 0.42053098] -> F: 0.4322818378607525
Punto[1.         0.48019893 0.41965153] -> F: 0.4331997493835978
Punto[1.         0.48027708 0.41877208] -> F: 0.4341217962053151
Punto[1.         0.48035524 0.41789264] -> F: 0.4350479783259043
Punto[1.         0.48043339 0.41701319] -> F: 0.4359782957453654
Punto[1.         0.48051154 0.41613374] -> F: 0.43691274846369854
Punto[1.         0.4805897  0.41525429] -> F: 0.43785133648090363
Punto[1.         0.48066785 0.41437485] -> F: 0.4387940597969806
Punto[1.         0.48074601 0.4134954 ] -> F: 0.43928427534759246
Punto[1.         0.48082416 0.41261595] -> F: 0.4388644154545115
Punto[1.         0.48090231 0.4117365 ] -> F: 0.43844160332748927
Punto[1.         0.48098047 0.41085706] -> F: 0.43800787485162257
Punto[1.         0.48105862 0.40997761] -> F: 0.43757428542208354
Punto[1.         0.48113677 0.40909816] -> F: 0.4371408350388719
Punto[1.         0.48121493 0.40821871] -> F: 0.436681942048941
Punto[1.         0.48129308 0.40733927] -> F: 0.43608014260141564
Punto[1.         0.48137124 0.40645982] -> F: 0.435478833283433
Punto[1.         0.48144939 0.40558037] -> F: 0.4348780140949926
Punto[1.         0.48152754 0.40470092] -> F: 0.43427768503609476
Punto[1.         0.4816057  0.40382148] -> F: 0.4336778461067394
Punto[1.         0.48168385 0.40294203] -> F: 0.4330784973069265
Punto[1.         0.481762   0.40206258] -> F: 0.43247963863665606
Punto[1.         0.48184016 0.40118314] -> F: 0.4318812700959282
Punto[1.         0.48191831 0.40030369] -> F: 0.43128339168474256
Punto[1.         0.48199647 0.39942424] -> F: 0.43068600340309965
Punto[1.         0.48207462 0.39854479] -> F: 0.43008910525099914
Punto[1.         0.48215277 0.39766535] -> F: 0.42949269722844113
Punto[1.         0.48223093 0.3967859 ] -> F: 0.4288967793354255
Punto[1.         0.48230908 0.39590645] -> F: 0.42830135157195254
Punto[1.         0.48238724 0.395027  ] -> F: 0.42770641393802195
Punto[1.         0.48246539 0.39414756] -> F: 0.42711196643363375
Punto[1.         0.48254354 0.39326811] -> F: 0.42651800905878806
Punto[1.         0.4826217  0.39238866] -> F: 0.425924541813485
Punto[1.         0.48269985 0.39150921] -> F: 0.42533156469772426
Punto[1.         0.482778   0.39062977] -> F: 0.42473907771150604
{
  "seed": 4680,
  "n_per_z": 10,
  "nz": 100,
  "nd": 100,
  "n_muestras": 50,
  "best_f": 0.43928427534759246,
  "best_cp": [
    1.0,
    0.4807460054097523,
    0.41349539846774874
  ],
  "best_u": [
    0.6374239897486897,
    0.5448351389607972,
    -0.5448351389607973
  ],
  "best_index": 27,
  "n_candidatos": 54
}
