Punto[0.         0.4951068  0.49755792] -> F: 0.1739650238241849
Punto[1.         0.42074455 0.44991714] -> F: 0.40751082594809274
Punto[2.         0.41165006 0.32834698] -> F: 0.1068600020168323
Punto[1.         0.45337843 0.41295245] -> F: 0.409258785255707
Punto[1.         0.42139723 0.44917784] -> F: 0.4086428407556165
Punto[1.         0.42203685 0.44845334] -> F: 0.40951969466013616
Punto[1.         0.42267648 0.44772883] -> F: 0.4104057300860711
Punto[1.         0.4233161  0.44700432] -> F: 0.41130094703342107
Punto[1.         0.42395573 0.44627981] -> F: 0.41220534550218607
Punto[1.         0.42459535 0.4455553 ] -> F: 0.4131189254923665
Punto[1.         0.42523497 0.4448308 ] -> F: 0.41404168700396193
Punto[1.         0.4258746  0.44410629] -> F: 0.4149736300369727
Punto[1.         0.42651422 0.44338178] -> F: 0.4158531874953925
Punto[1.         0.42715385 0.44265727] -> F: 0.4167241087415368
Punto[1.         0.42779347 0.44193277] -> F: 0.417608458782476
Punto[1.         0.42843309 0.44120826] -> F: 0.4185062376182102
Punto[1.         0.42907272 0.44048375] -> F: 0.4194174452487392
Punto[1.         0.42971234 0.43975924] -> F: 0.4203420816740631
Punto[1.         0.43035197 0.43903473] -> F: 0.421280146894182
Punto[1.         0.43099159 0.43831023] -> F: 0.4221108760679679
Punto[1.         0.43163121 0.43758572] -> F: 0.4229721809082125
Punto[1.         0.43227084 0.43686121] -> F: 0.4238642038101254
Punto[1.         0.43291046 0.4361367 ] -> F: 0.424471675686914
Punto[1.         0.43355008 0.43541219] -> F: 0.42400174839297516
Punto[1.         0.43418971 0.43468769] -> F: 0.42353218233784573
Punto[1.         0.43482933 0.43396318] -> F: 0.42306297752152544
Punto[1.         0.43546896 0.43323867] -> F: 0.42259413394401446
Punto[1.         0.43610858 0.43251416] -> F: 0.4221256516053128
Punto[1.         0.4367482  0.43178966] -> F: 0.42165753050542054
Punto[1.         0.43738783 0.43106515] -> F: 0.4211897706443375
Punto[1.         0.43802745 0.43034064] -> F: 0.42072237202206364
Punto[1.         0.43866708 0.42961613] -> F: 0.4202553346385992
Punto[1.         0.4393067  0.42889162] -> F: 0.4197886584939439
Punto[1.         0.43994632 0.42816712] -> F: 0.4193122101475752
Punto[1.         0.44058595 0.42744261] -> F: 0.4188359251488975
Punto[1.         0.44122557 0.4267181 ] -> F: 0.4183600176049338
Punto[1.         0.4418652  0.42599359] -> F: 0.417884487515684
Punto[1.         0.44250482 0.42526908] -> F: 0.41740933488114834
Punto[1.         0.44314444 0.42454458] -> F: 0.41693455970132653
Punto[1.         0.44378407 0.42382007] -> F: 0.4164601619762188
Punto[1.         0.44442369 0.42309556] -> F: 0.4159861417058252
Punto[1.         0.44506332 0.42237105] -> F: 0.41551249889014547
Punto[1.         0.44570294 0.42164655] -> F: 0.41503923352917976
Punto[1.         0.44634256 0.42092204] -> F: 0.4145609999119639
Punto[1.         0.44698219 0.42019753] -> F: 0.4140781721455702
Punto[1.         0.44762181 0.41947302] -> F: 0.4135957385113775
Punto[1.         0.44826144 0.41874851] -> F: 0.4131136990093858
Punto[1.         0.44890106 0.41802401] -> F: 0.41263205363959504
Punto[1.         0.44954068 0.4172995 ] -> F: 0.41215080240200547
Punto[1.         0.45018031 0.41657499] -> F: 0.4116699452966167
Punto[1.         0.45081993 0.41585048] -> F: 0.41118948232342906
Punto[1.         0.45145956 0.41512597] -> F: 0.41070941348244233
Punto[1.         0.45209918 0.41440147] -> F: 0.41022973877365654
Punto[1.         0.4527388  0.41367696] -> F: 0.40974799643553134
{
  "seed": 4536,
  "n_per_z": 10,
  "nz": 100,
  "nd": 100,
  "n_muestras": 50,
  "best_f": 0.424471675686914,
  "best_cp": [
    1.0,
    0.4329104609218005,
    0.43613670271233834
  ],
  "best_u": [
    0.4257792915650727,
    0.8888000777517893,
    -0.16954768256380912
  ],
  "best_index": 22,
  "n_candidatos": 54
}
