Punto[0.         0.59543047 0.54391728] -> F: 0.07800115298305334
Punto[1.         0.39672102 0.52555443] -> F: 0.30755133191021683
Punto[2.         0.50549365 0.45597674] -> F: 0.13746785280397586
Punto[1.         0.55046206 0.49994701] -> F: 0.3130271353395534
Punto[1.         0.39979584 0.52504228] -> F: 0.31205985126211166
Punto[1.         0.40280917 0.52454037] -> F: 0.3165105378190636
Punto[1.         0.40582249 0.52403847] -> F: 0.32098809866145356
Punto[1.         0.40883582 0.52353656] -> F: 0.3255107360958566
Punto[1.         0.41184914 0.52303466] -> F: 0.3300784501222725
Punto[1.         0.41486246 0.52253275] -> F: 0.3346783523845881
Punto[1.         0.41787579 0.52203084] -> F: 0.3392974116021267
Punto[1.         0.42088911 0.52152894] -> F: 0.343960077678923
Punto[1.         0.42390244 0.52102703] -> F: 0.3486663506149771
Punto[1.         0.42691576 0.52052513] -> F: 0.35340486051485437
Punto[1.         0.42992909 0.52002322] -> F: 0.3581565636873219
Punto[1.         0.43294241 0.51952132] -> F: 0.3629505663580598
Punto[1.         0.43595573 0.51901941] -> F: 0.3677868685270685
Punto[1.         0.43896906 0.51851751] -> F: 0.3726615222531829
Punto[1.         0.44198238 0.5180156 ] -> F: 0.3775385748976311
Punto[1.         0.44499571 0.5175137 ] -> F: 0.3824567626266734
Punto[1.         0.44800903 0.51701179] -> F: 0.3818608539684187
Punto[1.         0.45102236 0.51650989] -> F: 0.37985309536202255
Punto[1.         0.45403568 0.51600798] -> F: 0.37785377779745516
Punto[1.         0.457049   0.51550608] -> F: 0.37584858894986534
Punto[1.         0.46006233 0.51500417] -> F: 0.3738352171486634
Punto[1.         0.46307565 0.51450227] -> F: 0.37183055300850537
Punto[1.         0.46608898 0.51400036] -> F: 0.3698240555364252
Punto[1.         0.4691023  0.51349845] -> F: 0.3678058949059489
Punto[1.         0.47211563 0.51299655] -> F: 0.36579671597118546
Punto[1.         0.47512895 0.51249464] -> F: 0.36378709124523034
Punto[1.         0.47814228 0.51199274] -> F: 0.3617649365104652
Punto[1.         0.4811556  0.51149083] -> F: 0.35975204579858416
Punto[1.         0.48416892 0.51098893] -> F: 0.35773773315147295
Punto[1.         0.48718225 0.51048702] -> F: 0.3557123511880998
Punto[1.         0.49019557 0.50998512] -> F: 0.3536965248320792
Punto[1.         0.4932089  0.50948321] -> F: 0.3516761731450546
Punto[1.         0.49622222 0.50898131] -> F: 0.3496483045997874
Punto[1.         0.49923555 0.5084794 ] -> F: 0.3476302935706309
Punto[1.         0.50224887 0.5079775 ] -> F: 0.34560272018172317
Punto[1.         0.50526219 0.50747559] -> F: 0.34357308093432054
Punto[1.         0.50827552 0.50697369] -> F: 0.3415536126223329
Punto[1.         0.51128884 0.50647178] -> F: 0.3395177681638563
Punto[1.         0.51430217 0.50596987] -> F: 0.3374870506406842
Punto[1.         0.51731549 0.50546797] -> F: 0.3354637317689167
Punto[1.         0.52032882 0.50496606] -> F: 0.33342176834268134
Punto[1.         0.52334214 0.50446416] -> F: 0.3313906426891167
Punto[1.         0.52635546 0.50396225] -> F: 0.32935728458070535
Punto[1.         0.52936879 0.50346035] -> F: 0.3273152053342283
Punto[1.         0.53238211 0.50295844] -> F: 0.32528432045058736
Punto[1.         0.53539544 0.50245654] -> F: 0.32324016042778686
Punto[1.         0.53840876 0.50195463] -> F: 0.3211985759981608
Punto[1.         0.54142209 0.50145273] -> F: 0.3191653355080159
Punto[1.         0.54443541 0.50095082] -> F: 0.3171128712873711
Punto[1.         0.54744874 0.50044892] -> F: 0.31507237055127374
Best centerpoint:  [1.         0.44499571 0.5175137 ] Best F:  0.3824567626266734 Best u:  [-0.06279052 -0.80742058  0.58662539] índice:  16
{
  "seed": 17792,
  "n_per_z": 5,
  "nz": 100,
  "nd": 100,
  "n_muestras": 50,
  "best_f": 0.3824567626266734,
  "best_cp": [
    1.0,
    0.4449957075443052,
    0.5175136970847323
  ],
  "best_u": [
    -0.0627905195293134,
    -0.807420584138902,
    0.5866253923638433
  ],
  "n_candidatos": 54
}
