Punto[0.         0.48504682 0.59662251] -> F: 0.08374243391812339
Punto[1.         0.51131482 0.53626482] -> F: 0.3822786008296125
Punto[2.         0.47254237 0.56035376] -> F: 0.1906930831759533
Punto[1.         0.4787946  0.57848813] -> F: 0.3612315640194441
Punto[1.         0.51066442 0.53710929] -> F: 0.3832372610582479
Punto[1.         0.51002702 0.53793687] -> F: 0.38417825180336834
Punto[1.         0.50938962 0.53876444] -> F: 0.3851207310804453
Punto[1.         0.50875223 0.53959202] -> F: 0.3849731422084864
Punto[1.         0.50811483 0.5404196 ] -> F: 0.3844808757569605
Punto[1.         0.50747743 0.54124717] -> F: 0.3839889400653053
Punto[1.         0.50684004 0.54207475] -> F: 0.38349733513352097
Punto[1.         0.50620264 0.54290233] -> F: 0.3830060609616072
Punto[1.         0.50556525 0.5437299 ] -> F: 0.38251511754956435
Punto[1.         0.50492785 0.54455748] -> F: 0.38202450489739204
Punto[1.         0.50429045 0.54538506] -> F: 0.38152680034842773
Punto[1.         0.50365306 0.54621263] -> F: 0.3810274368778493
Punto[1.         0.50301566 0.54704021] -> F: 0.38052841700899886
Punto[1.         0.50237826 0.54786779] -> F: 0.3800297407418764
Punto[1.         0.50174087 0.54869537] -> F: 0.379531408076482
Punto[1.         0.50110347 0.54952294] -> F: 0.37903341901281545
Punto[1.         0.50046607 0.55035052] -> F: 0.37853577355087686
Punto[1.         0.49982868 0.5511781 ] -> F: 0.37803847169066634
Punto[1.         0.49919128 0.55200567] -> F: 0.37754151343218384
Punto[1.         0.49855389 0.55283325] -> F: 0.37704489877542924
Punto[1.         0.49791649 0.55366083] -> F: 0.3765421293243217
Punto[1.         0.49727909 0.5544884 ] -> F: 0.376036784861491
Punto[1.         0.4966417  0.55531598] -> F: 0.3755317971845438
Punto[1.         0.4960043  0.55614356] -> F: 0.37502716629348004
Punto[1.         0.4953669  0.55697113] -> F: 0.3745228921882998
Punto[1.         0.49472951 0.55779871] -> F: 0.374018974869003
Punto[1.         0.49409211 0.55862629] -> F: 0.3735154143355896
Punto[1.         0.49345471 0.55945387] -> F: 0.3730122105880598
Punto[1.         0.49281732 0.56028144] -> F: 0.37250936362641335
Punto[1.         0.49217992 0.56110902] -> F: 0.3720068734506503
Punto[1.         0.49154253 0.5619366 ] -> F: 0.3714979688409112
Punto[1.         0.49090513 0.56276417] -> F: 0.3709867510666223
Punto[1.         0.49026773 0.56359175] -> F: 0.3704759036427901
Punto[1.         0.48963034 0.56441933] -> F: 0.36996542656941434
Punto[1.         0.48899294 0.5652469 ] -> F: 0.36945531984649504
Punto[1.         0.48835554 0.56607448] -> F: 0.3689455834740322
Punto[1.         0.48771815 0.56690206] -> F: 0.3684362174520259
Punto[1.         0.48708075 0.56772963] -> F: 0.3679272217804761
Punto[1.         0.48644335 0.56855721] -> F: 0.3674185964593827
Punto[1.         0.48580596 0.56938479] -> F: 0.36691034148874596
Punto[1.         0.48516856 0.57021236] -> F: 0.36639441060677375
Punto[1.         0.48453117 0.57103994] -> F: 0.3658774111264945
Punto[1.         0.48389377 0.57186752] -> F: 0.3653607959835343
Punto[1.         0.48325637 0.5726951 ] -> F: 0.36484456517789304
Punto[1.         0.48261898 0.57352267] -> F: 0.36432871870957095
Punto[1.         0.48198158 0.57435025] -> F: 0.3638132565785679
Punto[1.         0.48134418 0.57517783] -> F: 0.36329817878488385
Punto[1.         0.48070679 0.5760054 ] -> F: 0.36278348532851884
Punto[1.         0.48006939 0.57683298] -> F: 0.3622691762094729
Punto[1.         0.47943199 0.57766056] -> F: 0.36175466864104416
{
  "seed": 5616,
  "n_per_z": 10,
  "nz": 100,
  "nd": 100,
  "n_muestras": 50,
  "best_f": 0.3851207310804453,
  "best_cp": [
    1.0,
    0.5093896236346342,
    0.5387644420503781
  ],
  "best_u": [
    -0.3387379202452915,
    0.665303172015546,
    -0.6653031720155461
  ],
  "best_index": 6,
  "n_candidatos": 54
}
