Punto[0.         0.4325946  0.43618006] -> F: 0.17429603721937378
Punto[1.         0.52340484 0.46996363] -> F: 0.368597724313256
Punto[2.         0.63314749 0.71532425] -> F: 0.06071380348346982
Punto[1.         0.53287104 0.57575216] -> F: 0.3077775314108132
Punto[1.         0.52359416 0.4720794 ] -> F: 0.3697436701606581
Punto[1.         0.5237797  0.47415285] -> F: 0.37083282562826325
Punto[1.         0.52396524 0.47622631] -> F: 0.37189191925668286
Punto[1.         0.52415078 0.47829977] -> F: 0.3708278470505739
Punto[1.         0.52433631 0.48037322] -> F: 0.369458266385368
Punto[1.         0.52452185 0.48244668] -> F: 0.3680896881058479
Punto[1.         0.52470739 0.48452013] -> F: 0.3667221122120132
Punto[1.         0.52489293 0.48659359] -> F: 0.3653555387038644
Punto[1.         0.52507846 0.48866704] -> F: 0.3639899675814011
Punto[1.        0.525264  0.4907405] -> F: 0.3626253988446236
Punto[1.         0.52544954 0.49281395] -> F: 0.36126183249353144
Punto[1.         0.52563508 0.49488741] -> F: 0.3598992685281251
Punto[1.         0.52582061 0.49696086] -> F: 0.3585377069484044
Punto[1.         0.52600615 0.49903432] -> F: 0.3571771477543693
Punto[1.         0.52619169 0.50110777] -> F: 0.3558168755759651
Punto[1.         0.52637723 0.50318123] -> F: 0.3544568935185441
Punto[1.         0.52656276 0.50525468] -> F: 0.3530979159561859
Punto[1.         0.5267483  0.50732814] -> F: 0.3517399428888909
Punto[1.         0.52693384 0.50940159] -> F: 0.3503829743166587
Punto[1.         0.52711938 0.51147505] -> F: 0.34902701023948973
Punto[1.         0.52730491 0.5135485 ] -> F: 0.34767205065738366
Punto[1.         0.52749045 0.51562196] -> F: 0.34631809557034077
Punto[1.         0.52767599 0.51769541] -> F: 0.3449651449783608
Punto[1.         0.52786153 0.51976887] -> F: 0.34361335534932086
Punto[1.         0.52804707 0.52184232] -> F: 0.3422638131887078
Punto[1.         0.5282326  0.52391578] -> F: 0.3409167266518684
Punto[1.         0.52841814 0.52598923] -> F: 0.3395720957388022
Punto[1.         0.52860368 0.52806269] -> F: 0.33822992044950945
Punto[1.         0.52878922 0.53013614] -> F: 0.33688904612612064
Punto[1.         0.52897475 0.5322096 ] -> F: 0.33554452510305605
Punto[1.         0.52916029 0.53428305] -> F: 0.3342011724203498
Punto[1.         0.52934583 0.53635651] -> F: 0.3328601011886238
Punto[1.         0.52953137 0.53842996] -> F: 0.3315215179700062
Punto[1.         0.5297169  0.54050342] -> F: 0.3301854227644971
Punto[1.         0.52990244 0.54257687] -> F: 0.3288518155720963
Punto[1.         0.53008798 0.54465033] -> F: 0.327520696392804
Punto[1.         0.53027352 0.54672378] -> F: 0.3261920652266202
Punto[1.         0.53045905 0.54879724] -> F: 0.3248659220735449
Punto[1.         0.53064459 0.55087069] -> F: 0.32354226693357796
Punto[1.         0.53083013 0.55294415] -> F: 0.3222210998067194
Punto[1.         0.53101567 0.5550176 ] -> F: 0.3209024206929693
Punto[1.         0.5312012  0.55709106] -> F: 0.3195862295923276
Punto[1.         0.53138674 0.55916451] -> F: 0.31826602079508376
Punto[1.         0.53157228 0.56123797] -> F: 0.3169461357605546
Punto[1.         0.53175782 0.56331143] -> F: 0.31562877182930976
Punto[1.         0.53194335 0.56538488] -> F: 0.3143139290013493
Punto[1.         0.53212889 0.56745834] -> F: 0.31300160727667337
Punto[1.         0.53231443 0.56953179] -> F: 0.3116918066552816
Punto[1.         0.53249997 0.57160525] -> F: 0.3103845271371745
Punto[1.        0.5326855 0.5736787] -> F: 0.30907976872235166
{
  "seed": 9667,
  "n_per_z": 10,
  "nz": 100,
  "nd": 100,
  "n_muestras": 50,
  "best_f": 0.37189191925668286,
  "best_cp": [
    1.0,
    0.5239652385262458,
    0.47622630991081255
  ],
  "best_u": [
    0.3090169943749471,
    0.7866003696649597,
    -0.53457305920746
  ],
  "best_index": 6,
  "n_candidatos": 54
}
