Punto[0.         0.41806856 0.58197116] -> F: 0.12109673103364872
Punto[1.         0.42629375 0.47325865] -> F: 0.35194114520766817
Punto[2.         0.62996866 0.50869025] -> F: 0.0876793718859826
Punto[1.         0.52401861 0.5453307 ] -> F: 0.36990927980076865
Punto[1.         0.42824825 0.47470009] -> F: 0.35599612762903116
Punto[1.         0.43016365 0.4761127 ] -> F: 0.36000258643115834
Punto[1.         0.43207906 0.47752531] -> F: 0.364041292211677
Punto[1.         0.43399447 0.47893793] -> F: 0.3681122449705873
Punto[1.         0.43590987 0.48035054] -> F: 0.3722154447078893
Punto[1.         0.43782528 0.48176315] -> F: 0.37631488642939925
Punto[1.         0.43974069 0.48317576] -> F: 0.3804062519507802
Punto[1.         0.4416561  0.48458838] -> F: 0.38453674307948793
Punto[1.         0.4435715  0.48600099] -> F: 0.38870635981552265
Punto[1.         0.44548691 0.4874136 ] -> F: 0.3929151021588842
Punto[1.         0.44740232 0.48882621] -> F: 0.3971629701095726
Punto[1.         0.44931773 0.49023882] -> F: 0.4014499636675881
Punto[1.         0.45123313 0.49165144] -> F: 0.405682616937041
Punto[1.         0.45314854 0.49306405] -> F: 0.40993270076316213
Punto[1.         0.45506395 0.49447666] -> F: 0.4142178654817555
Punto[1.         0.45697936 0.49588927] -> F: 0.4185381110928212
Punto[1.         0.45889476 0.49730189] -> F: 0.42289343759635944
Punto[1.         0.46081017 0.4987145 ] -> F: 0.42709211649807305
Punto[1.         0.46272558 0.50012711] -> F: 0.4254048829424571
Punto[1.         0.46464099 0.50153972] -> F: 0.42372121819046854
Punto[1.         0.46655639 0.50295234] -> F: 0.4220411222421077
Punto[1.         0.4684718  0.50436495] -> F: 0.4203380359893021
Punto[1.         0.47038721 0.50577756] -> F: 0.4186362876783033
Punto[1.         0.47230261 0.50719017] -> F: 0.4169382324449076
Punto[1.         0.47421802 0.50860278] -> F: 0.4152438702891147
Punto[1.         0.47613343 0.5100154 ] -> F: 0.4135277427286558
Punto[1.         0.47804884 0.51142801] -> F: 0.4118118598379219
Punto[1.         0.47996424 0.51284062] -> F: 0.4100997980693318
Punto[1.         0.48187965 0.51425323] -> F: 0.4083915574228853
Punto[1.         0.48379506 0.51566585] -> F: 0.40666126903722427
Punto[1.         0.48571047 0.51707846] -> F: 0.4049315863092841
Punto[1.         0.48762587 0.51849107] -> F: 0.40320585694424704
Punto[1.         0.48954128 0.51990368] -> F: 0.4014840809421131
Punto[1.         0.49145669 0.52131629] -> F: 0.3997386928561572
Punto[1.         0.4933721  0.52272891] -> F: 0.3979954990046009
Punto[1.         0.4952875  0.52414152] -> F: 0.3962563954237795
Punto[1.         0.49720291 0.52555413] -> F: 0.3945208112519847
Punto[1.         0.49911832 0.52696674] -> F: 0.3927601154890215
Punto[1.         0.50103373 0.52837936] -> F: 0.391003704464977
Punto[1.         0.50294913 0.52979197] -> F: 0.3892519881138316
Punto[1.         0.50486454 0.53120458] -> F: 0.3875050536575272
Punto[1.         0.50677995 0.53261719] -> F: 0.3857462508391078
Punto[1.         0.50869535 0.53402981] -> F: 0.38398175925553496
Punto[1.         0.51061076 0.53544242] -> F: 0.3822222004983788
Punto[1.         0.51252617 0.53685503] -> F: 0.38046757456763897
Punto[1.         0.51444158 0.53826764] -> F: 0.37871788146331553
Punto[1.         0.51635698 0.53968025] -> F: 0.37695045523712156
Punto[1.         0.51827239 0.54109287] -> F: 0.3751832042665374
Punto[1.         0.5201878  0.54250548] -> F: 0.3734210434562013
Punto[1.         0.52210321 0.54391809] -> F: 0.37166397280611335
Best centerpoint:  [1.         0.46081017 0.4987145 ] Best F:  0.42709211649807305 Best u:  [0.61290705 0.78042689 0.12360748] índice:  18
{
  "seed": 17977,
  "n_per_z": 5,
  "nz": 100,
  "nd": 100,
  "n_muestras": 50,
  "best_f": 0.42709211649807305,
  "best_cp": [
    1.0,
    0.46081017051366624,
    0.4987144981542414
  ],
  "best_u": [
    0.6129070536529765,
    0.7804268929862762,
    0.12360747665984813
  ],
  "n_candidatos": 54
}
