Punto[0.         0.34128798 0.59694962] -> F: 0.1914180999692474
Punto[1.         0.46642632 0.43481178] -> F: 0.30408570984007754
Punto[2.         0.4336682  0.11400864] -> F: 0.03487366253200767
Punto[1.         0.38747809 0.35547913] -> F: 0.23727698105813527
Punto[1.         0.46484736 0.43322513] -> F: 0.304165670923419
Punto[1.         0.46329997 0.43167021] -> F: 0.30353821048973184
Punto[1.         0.46175259 0.43011529] -> F: 0.3022415468131496
Punto[1.         0.4602052  0.42856037] -> F: 0.3009475920776446
Punto[1.         0.45865782 0.42700545] -> F: 0.29965634628321675
Punto[1.         0.45711043 0.42545053] -> F: 0.298367809429866
Punto[1.         0.45556305 0.42389561] -> F: 0.29705300191353473
Punto[1.         0.45401566 0.42234069] -> F: 0.29573994822023436
Punto[1.         0.45246828 0.42078577] -> F: 0.29442973175019777
Punto[1.         0.45092089 0.41923085] -> F: 0.29312235250342455
Punto[1.         0.4493735  0.41767593] -> F: 0.29181781047991484
Punto[1.         0.44782612 0.41612101] -> F: 0.2904922674383434
Punto[1.         0.44627873 0.41456609] -> F: 0.2891640766457189
Punto[1.         0.44473135 0.41301117] -> F: 0.287838853013037
Punto[1.         0.44318396 0.41145625] -> F: 0.2865165965402978
Punto[1.         0.44163658 0.40990133] -> F: 0.28519730722750114
Punto[1.         0.44008919 0.40834641] -> F: 0.28385591799008103
Punto[1.         0.43854181 0.40679149] -> F: 0.28251378874234817
Punto[1.         0.43699442 0.40523657] -> F: 0.2811747585144675
Punto[1.         0.43544704 0.40368165] -> F: 0.279838827306439
Punto[1.         0.43389965 0.40212673] -> F: 0.27850271110021757
Punto[1.         0.43235227 0.40057181] -> F: 0.27714456077461924
Punto[1.         0.43080488 0.39901689] -> F: 0.27578964353828056
Punto[1.         0.4292575  0.39746197] -> F: 0.27443795939120186
Punto[1.         0.42771011 0.39590705] -> F: 0.2730895083333828
Punto[1.         0.42616273 0.39435213] -> F: 0.27172930622835995
Punto[1.         0.42461534 0.39279721] -> F: 0.2703593391209241
Punto[1.         0.42306795 0.39124229] -> F: 0.2689927416879048
Punto[1.         0.42152057 0.38968737] -> F: 0.2676295139293023
Punto[1.         0.41997318 0.38813245] -> F: 0.26626674817570967
Punto[1.         0.4184258  0.38657753] -> F: 0.26488252248098715
Punto[1.         0.41687841 0.38502261] -> F: 0.26350180589069205
Punto[1.         0.41533103 0.38346769] -> F: 0.2621245984048248
Punto[1.         0.41378364 0.38191277] -> F: 0.260750900023385
Punto[1.         0.41223626 0.38035785] -> F: 0.259358339005112
Punto[1.         0.41068887 0.37880293] -> F: 0.25796425514100424
Punto[1.         0.40914149 0.37724801] -> F: 0.25657382301148557
Punto[1.         0.4075941  0.37569309] -> F: 0.2551875424970201
Punto[1.         0.40604672 0.37413817] -> F: 0.25380605902568515
Punto[1.         0.40449933 0.37258325] -> F: 0.2524202556154759
Punto[1.         0.40295195 0.37102833] -> F: 0.2510275587316565
Punto[1.         0.40140456 0.36947341] -> F: 0.24963980867288438
Punto[1.         0.39985717 0.36791849] -> F: 0.24825700543915946
Punto[1.         0.39830979 0.36636357] -> F: 0.24687914903048175
Punto[1.         0.3967624  0.36480865] -> F: 0.2455062394468513
Punto[1.         0.39521502 0.36325373] -> F: 0.244138276688268
Punto[1.         0.39366763 0.36169881] -> F: 0.24276071468165156
Punto[1.         0.39212025 0.36014389] -> F: 0.24138213418656904
Punto[1.         0.39057286 0.35858897] -> F: 0.24000865175095545
Punto[1.         0.38902548 0.35703405] -> F: 0.2386402673748109
Best centerpoint:  [1.         0.46484736 0.43322513] Best F:  0.304165670923419 Best u:  [ 0.97591676 -0.14932932  0.15901958] índice:  1
{
  "seed": 18320,
  "n_per_z": 5,
  "nz": 100,
  "nd": 100,
  "n_muestras": 50,
  "best_f": 0.304165670923419,
  "best_cp": [
    1.0,
    0.46484735775105757,
    0.4332251267377957
  ],
  "best_u": [
    0.9759167619387474,
    -0.14932932457590653,
    0.15901957926209523
  ],
  "n_candidatos": 54
}
