Punto[0.         0.60692618 0.64633888] -> F: 0.09468753712260235
Punto[1.         0.4861498  0.55814615] -> F: 0.34601970136830695
Punto[2.         0.58908446 0.3900782 ] -> F: 0.14632739256202654
Punto[1.         0.59800532 0.51820854] -> F: 0.36135328185321897
Punto[1.         0.48838691 0.5573474 ] -> F: 0.3501487105288471
Punto[1.         0.49057928 0.55656462] -> F: 0.35423538425374956
Punto[1.         0.49277165 0.55578185] -> F: 0.35830572457651577
Punto[1.         0.49496402 0.55499907] -> F: 0.36213180175707754
Punto[1.         0.49715638 0.55421629] -> F: 0.36609203013034697
Punto[1.         0.49934875 0.55343352] -> F: 0.37018538165410386
Punto[1.         0.50154112 0.55265074] -> F: 0.3744117910270476
Punto[1.         0.50373349 0.55186796] -> F: 0.37850405970954
Punto[1.         0.50592586 0.55108518] -> F: 0.3825369612622883
Punto[1.         0.50811823 0.55030241] -> F: 0.38655066655888604
Punto[1.         0.51031059 0.54951963] -> F: 0.3905980201054632
Punto[1.         0.51250296 0.54873685] -> F: 0.3946790219020199
Punto[1.         0.51469533 0.54795408] -> F: 0.39879311731476447
Punto[1.        0.5168877 0.5471713] -> F: 0.402887164511784
Punto[1.         0.51908007 0.54638852] -> F: 0.4066133847232616
Punto[1.         0.52127243 0.54560574] -> F: 0.41000949293046596
Punto[1.         0.5234648  0.54482297] -> F: 0.4109518376983408
Punto[1.         0.52565717 0.54404019] -> F: 0.4095778384729119
Punto[1.         0.52784954 0.54325741] -> F: 0.4082061363115489
Punto[1.         0.53004191 0.54247463] -> F: 0.4068085843071808
Punto[1.         0.53223427 0.54169186] -> F: 0.40541097418976824
Punto[1.         0.53442664 0.54090908] -> F: 0.40401576503749487
Punto[1.         0.53661901 0.5401263 ] -> F: 0.4026226050816184
Punto[1.         0.53881138 0.53934353] -> F: 0.4012013160449184
Punto[1.         0.54100375 0.53856075] -> F: 0.39978253591016094
Punto[1.         0.54319612 0.53777797] -> F: 0.3983662646773459
Punto[1.         0.54538848 0.53699519] -> F: 0.39694890024975704
Punto[1.         0.54758085 0.53621242] -> F: 0.3955064160122091
Punto[1.         0.54977322 0.53542964] -> F: 0.3940665530754795
Punto[1.         0.55196559 0.53464686] -> F: 0.3926293114395684
Punto[1.         0.55415796 0.53386409] -> F: 0.3911915866663893
Punto[1.         0.55635032 0.53308131] -> F: 0.38972922521908904
Punto[1.         0.55854269 0.53229853] -> F: 0.3882697844914756
Punto[1.         0.56073506 0.53151575] -> F: 0.3868132644835491
Punto[1.         0.56292743 0.53073298] -> F: 0.3853596651953093
Punto[1.        0.5651198 0.5299502] -> F: 0.3838845953797001
Punto[1.         0.56731217 0.52916742] -> F: 0.3824060491656376
Punto[1.         0.56950453 0.52838464] -> F: 0.38093054955555505
Punto[1.         0.5716969  0.52760187] -> F: 0.3794580965494525
Punto[1.         0.57388927 0.52681909] -> F: 0.3779734842443136
Punto[1.         0.57608164 0.52603631] -> F: 0.3764757658443197
Punto[1.         0.57827401 0.52525354] -> F: 0.3749812260252806
Punto[1.         0.58046637 0.52447076] -> F: 0.373489864787196
Punto[1.         0.58265874 0.52368798] -> F: 0.3719960465726176
Punto[1.         0.58485111 0.5229052 ] -> F: 0.3704790196769815
Punto[1.         0.58704348 0.52212243] -> F: 0.36896531013421524
Punto[1.         0.58923585 0.52133965] -> F: 0.3674549179443188
Punto[1.         0.59142821 0.52055687] -> F: 0.36594784310729217
Punto[1.         0.59362058 0.5197741 ] -> F: 0.36441598587327834
Punto[1.         0.59581295 0.51899132] -> F: 0.3628829020022086
{
  "seed": 13481,
  "n_per_z": 10,
  "nz": 100,
  "nd": 100,
  "n_muestras": 50,
  "best_f": 0.4109518376983408,
  "best_cp": [
    1.0,
    0.523464802139658,
    0.5448229662135105
  ],
  "best_u": [
    -0.9995065603657316,
    0.02002197137261541,
    -0.02420240583533769
  ],
  "best_index": 20,
  "n_candidatos": 54
}
