Punto[0.         0.46695318 0.53574891] -> F: 0.12033319952778526
Punto[1.         0.45883546 0.46678374] -> F: 0.4296864904853041
Punto[2.         0.45056986 0.45206018] -> F: 0.17982581834995473
Punto[1.         0.45876152 0.49390454] -> F: 0.4172389326902292
Punto[1.         0.45883398 0.46732616] -> F: 0.43016904151461677
Punto[1.         0.45883253 0.46785773] -> F: 0.43064221142494485
Punto[1.         0.45883108 0.46838929] -> F: 0.4311156485105958
Punto[1.         0.45882963 0.46892086] -> F: 0.43154213877870784
Punto[1.         0.45882818 0.46945243] -> F: 0.43196693654386986
Punto[1.         0.45882673 0.469984  ] -> F: 0.4323919866549747
Punto[1.         0.45882528 0.47051557] -> F: 0.4326673334506833
Punto[1.         0.45882383 0.47104713] -> F: 0.4323489026243925
Punto[1.         0.45882238 0.4715787 ] -> F: 0.4320313732415118
Punto[1.         0.45882093 0.47211027] -> F: 0.43171474530204124
Punto[1.         0.45881949 0.47264184] -> F: 0.43139901880598075
Punto[1.         0.45881804 0.4731734 ] -> F: 0.4310841937533306
Punto[1.         0.45881659 0.47370497] -> F: 0.4307651617118342
Punto[1.         0.45881514 0.47423654] -> F: 0.4304459832484309
Punto[1.         0.45881369 0.47476811] -> F: 0.4301277032381829
Punto[1.         0.45881224 0.47529967] -> F: 0.42981032168109057
Punto[1.         0.45881079 0.47583124] -> F: 0.4294938385771535
Punto[1.         0.45880934 0.47636281] -> F: 0.4291782539263722
Punto[1.         0.45880789 0.47689438] -> F: 0.42886356772874623
Punto[1.         0.45880644 0.47742595] -> F: 0.4285497799842756
Punto[1.         0.45880499 0.47795751] -> F: 0.4282160339372625
Punto[1.         0.45880354 0.47848908] -> F: 0.4278411139035343
Punto[1.         0.4588021  0.47902065] -> F: 0.42746724413005405
Punto[1.         0.45880065 0.47955222] -> F: 0.4270944246168216
Punto[1.         0.4587992  0.48008378] -> F: 0.4267226553638371
Punto[1.         0.45879775 0.48061535] -> F: 0.42635170259869626
Punto[1.         0.4587963  0.48114692] -> F: 0.42597676719776023
Punto[1.         0.45879485 0.48167849] -> F: 0.4256028046592833
Punto[1.         0.4587934  0.48221005] -> F: 0.4252298149832655
Punto[1.         0.45879195 0.48274162] -> F: 0.42485779816970715
Punto[1.         0.4587905  0.48327319] -> F: 0.4244867542186081
Punto[1.         0.45878905 0.48380476] -> F: 0.4241166831299681
Punto[1.         0.4587876  0.48433633] -> F: 0.42374758490378733
Punto[1.         0.45878615 0.48486789] -> F: 0.42337945954006595
Punto[1.         0.45878471 0.48539946] -> F: 0.4230123070388037
Punto[1.         0.45878326 0.48593103] -> F: 0.42264612740000074
Punto[1.         0.45878181 0.4864626 ] -> F: 0.422280920623657
Punto[1.         0.45878036 0.48699416] -> F: 0.4219166867097725
Punto[1.         0.45877891 0.48752573] -> F: 0.4215534256583473
Punto[1.         0.45877746 0.4880573 ] -> F: 0.4211911374693813
Punto[1.         0.45877601 0.48858887] -> F: 0.42082982214287445
Punto[1.         0.45877456 0.48912043] -> F: 0.420469479678827
Punto[1.         0.45877311 0.489652  ] -> F: 0.4201101100772387
Punto[1.         0.45877166 0.49018357] -> F: 0.4197517133381096
Punto[1.         0.45877021 0.49071514] -> F: 0.41939428946143975
Punto[1.         0.45876877 0.4912467 ] -> F: 0.4190373341753849
Punto[1.         0.45876732 0.49177827] -> F: 0.41867580311409236
Punto[1.         0.45876587 0.49230984] -> F: 0.41831519743493045
Punto[1.         0.45876442 0.49284141] -> F: 0.41795551713789925
Punto[1.         0.45876297 0.49337298] -> F: 0.41759676222299896
{
  "seed": 768,
  "n_per_z": 10,
  "nz": 100,
  "nd": 100,
  "n_muestras": 50,
  "best_f": 0.4326673334506833,
  "best_cp": [
    1.0,
    0.45882528180671883,
    0.47051556541562567
  ],
  "best_u": [
    -0.3971478906347807,
    -0.2836017760025685,
    0.8728365171167698
  ],
  "best_index": 10,
  "n_candidatos": 54
}
