Punto[0.         0.41305683 0.40386899] -> F: 0.10485272985340852
Punto[1.         0.44894968 0.4664113 ] -> F: 0.44577827655368435
Punto[2.         0.52646747 0.54477735] -> F: 0.14372953095734883
Punto[1.         0.46976215 0.47432317] -> F: 0.4395766970538388
Punto[1.         0.44936593 0.46656954] -> F: 0.4467417663126937
Punto[1.         0.44977386 0.46672461] -> F: 0.44768621239677675
Punto[1.         0.45018178 0.46687968] -> F: 0.44863088231707005
Punto[1.         0.45058971 0.46703475] -> F: 0.4493069809902748
Punto[1.         0.45099763 0.46718983] -> F: 0.4491059759450124
Punto[1.         0.45140556 0.4673449 ] -> F: 0.44890504820832916
Punto[1.         0.45181348 0.46749997] -> F: 0.4487041977802249
Punto[1.         0.4522214  0.46765505] -> F: 0.4485034246606998
Punto[1.         0.45262933 0.46781012] -> F: 0.4483027288497538
Punto[1.         0.45303725 0.46796519] -> F: 0.4481021103473868
Punto[1.         0.45344518 0.46812026] -> F: 0.4479015691535988
Punto[1.         0.4538531  0.46827534] -> F: 0.44770110526839
Punto[1.         0.45426103 0.46843041] -> F: 0.4475007186917601
Punto[1.         0.45466895 0.46858548] -> F: 0.44730040942370947
Punto[1.         0.45507688 0.46874055] -> F: 0.44710017746423775
Punto[1.         0.4554848  0.46889563] -> F: 0.44689545459147906
Punto[1.         0.45589272 0.4690507 ] -> F: 0.44668807384995257
Punto[1.         0.45630065 0.46920577] -> F: 0.4464807761666245
Punto[1.         0.45670857 0.46936084] -> F: 0.44627356154149483
Punto[1.         0.4571165  0.46951592] -> F: 0.44606642997456386
Punto[1.         0.45752442 0.46967099] -> F: 0.4458593814658312
Punto[1.         0.45793235 0.46982606] -> F: 0.4456524160152971
Punto[1.         0.45834027 0.46998114] -> F: 0.4454455336229614
Punto[1.         0.4587482  0.47013621] -> F: 0.44523873428882427
Punto[1.         0.45915612 0.47029128] -> F: 0.4450320180128856
Punto[1.         0.45956404 0.47044635] -> F: 0.4448253847951455
Punto[1.         0.45997197 0.47060143] -> F: 0.4446188346356038
Punto[1.         0.46037989 0.4707565 ] -> F: 0.4444123675342606
Punto[1.         0.46078782 0.47091157] -> F: 0.4442059834911158
Punto[1.         0.46119574 0.47106664] -> F: 0.4439996825061695
Punto[1.         0.46160367 0.47122172] -> F: 0.4437934645794218
Punto[1.         0.46201159 0.47137679] -> F: 0.4435873297108726
Punto[1.         0.46241951 0.47153186] -> F: 0.4433812779005218
Punto[1.         0.46282744 0.47168693] -> F: 0.44317530914836945
Punto[1.         0.46323536 0.47184201] -> F: 0.4429694234544156
Punto[1.         0.46364329 0.47199708] -> F: 0.44276345900853903
Punto[1.         0.46405121 0.47215215] -> F: 0.4425506303070252
Punto[1.         0.46445914 0.47230723] -> F: 0.4423378213800169
Punto[1.         0.46486706 0.4724623 ] -> F: 0.44212503222751426
Punto[1.         0.46527499 0.47261737] -> F: 0.4419122628495171
Punto[1.         0.46568291 0.47277244] -> F: 0.44169951432583665
Punto[1.         0.46609083 0.47292752] -> F: 0.44148683142474915
Punto[1.         0.46649876 0.47308259] -> F: 0.4412742376734145
Punto[1.         0.46690668 0.47323766] -> F: 0.44106173307183266
Punto[1.         0.46731461 0.47339273] -> F: 0.4408493176200037
Punto[1.         0.46772253 0.47354781] -> F: 0.4406369913179274
Punto[1.         0.46813046 0.47370288] -> F: 0.44042475416560417
Punto[1.         0.46853838 0.47385795] -> F: 0.44021260616303354
Punto[1.         0.46894631 0.47401302] -> F: 0.44000054731021576
Punto[1.         0.46935423 0.4741681 ] -> F: 0.4397885776071509
{
  "seed": 3064,
  "n_per_z": 10,
  "nz": 100,
  "nd": 100,
  "n_muestras": 50,
  "best_f": 0.4493069809902748,
  "best_cp": [
    1.0,
    0.4505897066406256,
    0.46703475455348714
  ],
  "best_u": [
    -0.9995065603657316,
    0.028827369440197335,
    -0.012474716711115951
  ],
  "best_index": 7,
  "n_candidatos": 54
}
