Punto[0.         0.63309519 0.46464013] -> F: 0.16769139658855942
Punto[1.         0.52636579 0.56189529] -> F: 0.4343706438306338
Punto[2.         0.46642546 0.65311078] -> F: 0.11529325593609985
Punto[1.         0.54976033 0.55887546] -> F: 0.4276621458255054
Punto[1.         0.52683368 0.56183489] -> F: 0.4346731389698609
Punto[1.         0.52729221 0.56177571] -> F: 0.4349693694732097
Punto[1.         0.52775075 0.56171652] -> F: 0.4352653874124858
Punto[1.         0.52820928 0.56165733] -> F: 0.4355611927876893
Punto[1.         0.52866781 0.56159814] -> F: 0.43585678559882035
Punto[1.         0.52912635 0.56153895] -> F: 0.4361521658458787
Punto[1.         0.52958488 0.56147976] -> F: 0.43644733352886445
Punto[1.         0.53004341 0.56142057] -> F: 0.4367422886477777
Punto[1.         0.53050194 0.56136138] -> F: 0.4370370312026183
Punto[1.         0.53096048 0.5613022 ] -> F: 0.4373315611933863
Punto[1.         0.53141901 0.56124301] -> F: 0.4376258786200816
Punto[1.         0.53187754 0.56118382] -> F: 0.43791998348270444
Punto[1.         0.53233608 0.56112463] -> F: 0.43821387578125476
Punto[1.         0.53279461 0.56106544] -> F: 0.4385075519263329
Punto[1.         0.53325314 0.56100625] -> F: 0.4384680411080524
Punto[1.         0.53371168 0.56094706] -> F: 0.4382329201814947
Punto[1.         0.53417021 0.56088787] -> F: 0.4379969901098146
Punto[1.         0.53462874 0.56082869] -> F: 0.43776002209006326
Punto[1.         0.53508727 0.5607695 ] -> F: 0.43752308322876454
Punto[1.         0.53554581 0.56071031] -> F: 0.43728617352591814
Punto[1.         0.53600434 0.56065112] -> F: 0.43704929298152434
Punto[1.         0.53646287 0.56059193] -> F: 0.43681244159558297
Punto[1.         0.53692141 0.56053274] -> F: 0.436575619368094
Punto[1.         0.53737994 0.56047355] -> F: 0.4363388262990575
Punto[1.         0.53783847 0.56041436] -> F: 0.43610206238847354
Punto[1.         0.538297   0.56035517] -> F: 0.435865327636342
Punto[1.         0.53875554 0.56029599] -> F: 0.43562862204266284
Punto[1.         0.53921407 0.5602368 ] -> F: 0.43539194560743616
Punto[1.         0.5396726  0.56017761] -> F: 0.43511223751596245
Punto[1.         0.54013114 0.56011842] -> F: 0.4347517886744178
Punto[1.         0.54058967 0.56005923] -> F: 0.4343934168147931
Punto[1.         0.5410482  0.56000004] -> F: 0.43403712193708843
Punto[1.         0.54150673 0.55994085] -> F: 0.43368290404130383
Punto[1.         0.54196527 0.55988166] -> F: 0.43333076312743923
Punto[1.         0.5424238  0.55982248] -> F: 0.4329806991954947
Punto[1.         0.54288233 0.55976329] -> F: 0.43263271224547023
Punto[1.         0.54334087 0.5597041 ] -> F: 0.4322868022773657
Punto[1.         0.5437994  0.55964491] -> F: 0.4319429692911813
Punto[1.         0.54425793 0.55958572] -> F: 0.43160121328691675
Punto[1.         0.54471647 0.55952653] -> F: 0.4312615342645723
Punto[1.         0.545175   0.55946734] -> F: 0.430923932224148
Punto[1.         0.54563353 0.55940815] -> F: 0.43058840716564356
Punto[1.         0.54609206 0.55934897] -> F: 0.4302549590890592
Punto[1.         0.5465506  0.55928978] -> F: 0.4299235879943949
Punto[1.         0.54700913 0.55923059] -> F: 0.42959429388165066
Punto[1.         0.54746766 0.5591714 ] -> F: 0.4292670767508263
Punto[1.         0.5479262  0.55911221] -> F: 0.4289419366019221
Punto[1.         0.54838473 0.55905302] -> F: 0.4286188734349379
Punto[1.         0.54884326 0.55899383] -> F: 0.42829788724987355
Punto[1.         0.54930179 0.55893464] -> F: 0.4279789780467295
{
  "seed": 3125,
  "n_per_z": 10,
  "nz": 100,
  "nd": 100,
  "n_muestras": 50,
  "best_f": 0.4385075519263329,
  "best_cp": [
    1.0,
    0.5327946092405608,
    0.5610654404059721
  ],
  "best_u": [
    0.2181432413965427,
    -0.7320459661681683,
    0.6453853342383312
  ],
  "best_index": 17,
  "n_candidatos": 54
}
