Punto[0.         0.47438263 0.49998369] -> F: 0.15150287498117154
Punto[1.         0.47099446 0.51761332] -> F: 0.4170972153200066
Punto[2.         0.5030604  0.38102287] -> F: 0.11048954401721793
Punto[1.         0.48872151 0.44050328] -> F: 0.4144975737651586
Punto[1.         0.47134901 0.51607112] -> F: 0.4193498034702559
Punto[1.         0.47169646 0.51455976] -> F: 0.4215610203214495
Punto[1.         0.47204391 0.51304841] -> F: 0.42377588046018827
Punto[1.         0.47239136 0.51153705] -> F: 0.4259943805851842
Punto[1.         0.47273881 0.51002569] -> F: 0.4282159674272888
Punto[1.         0.47308626 0.50851434] -> F: 0.43044023708193313
Punto[1.         0.47343371 0.50700298] -> F: 0.4326671895491174
Punto[1.         0.47378116 0.50549162] -> F: 0.43489682482884173
Punto[1.         0.47412861 0.50398027] -> F: 0.43712914292110583
Punto[1.         0.47447606 0.50246891] -> F: 0.4393641438259099
Punto[1.         0.47482351 0.50095755] -> F: 0.4416018275432538
Punto[1.         0.47517096 0.49944619] -> F: 0.44384219407313763
Punto[1.         0.47551841 0.49793484] -> F: 0.44570302065063483
Punto[1.         0.47586586 0.49642348] -> F: 0.44502545208863686
Punto[1.         0.47621331 0.49491212] -> F: 0.4443444725204926
Punto[1.         0.47656076 0.49340077] -> F: 0.443663643951406
Punto[1.         0.47690821 0.49188941] -> F: 0.44297374003922085
Punto[1.         0.47725566 0.49037805] -> F: 0.44228402542355016
Punto[1.         0.47760311 0.4888667 ] -> F: 0.4415558549984002
Punto[1.         0.47795056 0.48735534] -> F: 0.44078031729885137
Punto[1.         0.47829801 0.48584398] -> F: 0.43999730992349967
Punto[1.         0.47864546 0.48433263] -> F: 0.4392154615769006
Punto[1.         0.47899291 0.48282127] -> F: 0.43843477225905425
Punto[1.         0.47934036 0.48130991] -> F: 0.4376552419699604
Punto[1.         0.47968781 0.47979856] -> F: 0.43687687070961934
Punto[1.         0.48003526 0.4782872 ] -> F: 0.4360996584780308
Punto[1.         0.48038271 0.47677584] -> F: 0.4353236052751949
Punto[1.         0.48073016 0.47526449] -> F: 0.4345487111011117
Punto[1.         0.48107761 0.47375313] -> F: 0.4337651580822833
Punto[1.         0.48142506 0.47224177] -> F: 0.43296695995523404
Punto[1.         0.48177251 0.47073042] -> F: 0.432169999117457
Punto[1.         0.48211996 0.46921906] -> F: 0.43137427556895225
Punto[1.         0.48246741 0.4677077 ] -> F: 0.4305797893097197
Punto[1.         0.48281486 0.46619635] -> F: 0.4297865403397594
Punto[1.         0.48316231 0.46468499] -> F: 0.4289945286590713
Punto[1.         0.48350976 0.46317363] -> F: 0.4282037542676555
Punto[1.         0.48385721 0.46166227] -> F: 0.4274142171655118
Punto[1.         0.48420466 0.46015092] -> F: 0.42662017095991966
Punto[1.         0.48455211 0.45863956] -> F: 0.42580703318007473
Punto[1.         0.48489956 0.4571282 ] -> F: 0.42499521612908503
Punto[1.         0.48524701 0.45561685] -> F: 0.42418471980695077
Punto[1.         0.48559446 0.45410549] -> F: 0.4233755442136718
Punto[1.         0.48594191 0.45259413] -> F: 0.4225676893492482
Punto[1.         0.48628936 0.45108278] -> F: 0.42176115521367985
Punto[1.         0.48663681 0.44957142] -> F: 0.4207380681225971
Punto[1.         0.48698426 0.44806006] -> F: 0.4195869661726193
Punto[1.         0.48733171 0.44654871] -> F: 0.4184802720454703
Punto[1.         0.48767916 0.44503735] -> F: 0.4174179857411496
Punto[1.         0.48802661 0.44352599] -> F: 0.41640010725965754
Punto[1.         0.48837406 0.44201464] -> F: 0.4154266366009938
{
  "seed": 13419,
  "n_per_z": 10,
  "nz": 100,
  "nd": 100,
  "n_muestras": 50,
  "best_f": 0.44570302065063483,
  "best_cp": [
    1.0,
    0.47551840783568905,
    0.49793483807112193
  ],
  "best_u": [
    0.3971478906347807,
    -0.39076091435429394,
    -0.8304092128446917
  ],
  "best_index": 16,
  "n_candidatos": 54
}
