Punto[0.         0.44520464 0.78139091] -> F: 0.06731732290261741
Punto[1.         0.55132509 0.63941015] -> F: 0.26330731955500813
Punto[2.         0.4603502  0.79399675] -> F: 0.14221848432599724
Punto[1.         0.45277742 0.78769383] -> F: 0.2837140887980266
Punto[1.         0.54935414 0.64237582] -> F: 0.2682113376989031
Punto[1.         0.54742261 0.64528218] -> F: 0.2731668325158963
Punto[1.         0.54549107 0.64818854] -> F: 0.27824673424764124
Punto[1.         0.54355954 0.6510949 ] -> F: 0.28342411231422515
Punto[1.         0.541628   0.65400126] -> F: 0.28870294051999307
Punto[1.         0.53969647 0.65690762] -> F: 0.29406088893815835
Punto[1.         0.53776493 0.65981398] -> F: 0.29947793424386243
Punto[1.         0.5358334  0.66272034] -> F: 0.3049766047748406
Punto[1.         0.53390186 0.6656267 ] -> F: 0.310501970041513
Punto[1.         0.53197033 0.66853306] -> F: 0.31608796891369545
Punto[1.         0.5300388  0.67143942] -> F: 0.3217258414467367
Punto[1.         0.52810726 0.67434578] -> F: 0.32738033342366557
Punto[1.         0.52617573 0.67725214] -> F: 0.3330979350731701
Punto[1.         0.52424419 0.6801585 ] -> F: 0.3388249386630644
Punto[1.         0.52231266 0.68306486] -> F: 0.34459856813478124
Punto[1.         0.52038112 0.68597123] -> F: 0.35040066030973727
Punto[1.         0.51844959 0.68887759] -> F: 0.35622551543855124
Punto[1.         0.51651805 0.69178395] -> F: 0.3578770047717272
Punto[1.         0.51458652 0.69469031] -> F: 0.3557998440734717
Punto[1.         0.51265499 0.69759667] -> F: 0.35372475101841827
Punto[1.         0.51072345 0.70050303] -> F: 0.3516265232313498
Punto[1.         0.50879192 0.70340939] -> F: 0.3495253653308976
Punto[1.         0.50686038 0.70631575] -> F: 0.3474104365514551
Punto[1.         0.50492885 0.70922211] -> F: 0.345282923729063
Punto[1.         0.50299731 0.71212847] -> F: 0.3431524746070918
Punto[1.         0.50106578 0.71503483] -> F: 0.3409984522194166
Punto[1.         0.49913424 0.71794119] -> F: 0.33884142773981146
Punto[1.         0.49720271 0.72084755] -> F: 0.33667301256508597
Punto[1.         0.49527118 0.72375391] -> F: 0.3344887397722426
Punto[1.         0.49333964 0.72666027] -> F: 0.33229988664952487
Punto[1.         0.49140811 0.72956663] -> F: 0.3300962582808762
Punto[1.         0.48947657 0.73247299] -> F: 0.3278798030007795
Punto[1.         0.48754504 0.73537935] -> F: 0.3256577142522617
Punto[1.         0.4856135  0.73828571] -> F: 0.3234211692979148
Punto[1.         0.48368197 0.74119207] -> F: 0.3211713274178865
Punto[1.         0.48175044 0.74409843] -> F: 0.3189151657572682
Punto[1.         0.4798189  0.74700479] -> F: 0.31664756542238337
Punto[1.         0.47788737 0.74991115] -> F: 0.31436357653864305
Punto[1.         0.47595583 0.75281751] -> F: 0.312072844409518
Punto[1.         0.4740243  0.75572387] -> F: 0.3097753052769926
Punto[1.         0.47209276 0.75863023] -> F: 0.3074569746839254
Punto[1.         0.47016123 0.76153659] -> F: 0.3051313627070674
Punto[1.         0.46822969 0.76444295] -> F: 0.3027988802902359
Punto[1.         0.46629816 0.76734931] -> F: 0.3004518189894016
Punto[1.         0.46436663 0.77025567] -> F: 0.29809111532955573
Punto[1.         0.46243509 0.77316203] -> F: 0.29572365615298857
Punto[1.         0.46050356 0.77606839] -> F: 0.2933480885461915
Punto[1.         0.45857202 0.77897475] -> F: 0.29095214323066965
Punto[1.         0.45664049 0.78188111] -> F: 0.2885497636401493
Punto[1.         0.45470895 0.78478747] -> F: 0.2861416014125306
Best centerpoint:  [1.         0.51651805 0.69178395] Best F:  0.3578770047717272 Best u:  [-0.75011107 -0.64053554  0.16446157] índice:  18
{
  "seed": 8867,
  "n_per_z": 5,
  "nz": 100,
  "nd": 100,
  "n_muestras": 50,
  "best_f": 0.3578770047717272,
  "best_cp": [
    1.0,
    0.5165180545360017,
    0.6917839453145072
  ],
  "best_u": [
    -0.7501110696304596,
    -0.6405355370070541,
    0.1644615731681189
  ],
  "n_candidatos": 54
}
