Punto[0.         0.37376034 0.54415585] -> F: 0.13326352970959096
Punto[1.         0.50440441 0.41153781] -> F: 0.3595600814975648
Punto[2.         0.47217762 0.43542497] -> F: 0.12492050256980691
Punto[1.         0.42296898 0.48979041] -> F: 0.40571109498413405
Punto[1.         0.5027757  0.41310286] -> F: 0.3635473112195072
Punto[1.         0.50117957 0.41463661] -> F: 0.3672471247298951
Punto[1.         0.49958343 0.41617037] -> F: 0.37095222142072737
Punto[1.         0.4979873  0.41770412] -> F: 0.3746800199819164
Punto[1.         0.49639116 0.41923787] -> F: 0.37839085212937845
Punto[1.         0.49479503 0.42077162] -> F: 0.38190240370159845
Punto[1.         0.49319889 0.42230537] -> F: 0.385449300946885
Punto[1.         0.49160276 0.42383912] -> F: 0.3890315438652378
Punto[1.         0.49000663 0.42537287] -> F: 0.39254847822356875
Punto[1.         0.48841049 0.42690662] -> F: 0.39583689498559926
Punto[1.         0.48681436 0.42844037] -> F: 0.3992422756450744
Punto[1.         0.48521822 0.42997412] -> F: 0.40276462020199383
Punto[1.         0.48362209 0.43150787] -> F: 0.4063985794226819
Punto[1.         0.48202595 0.43304163] -> F: 0.410027493395286
Punto[1.         0.48042982 0.43457538] -> F: 0.4134218223766468
Punto[1.         0.47883368 0.43610913] -> F: 0.41686888799161514
Punto[1.         0.47723755 0.43764288] -> F: 0.420368690240191
Punto[1.         0.47564142 0.43917663] -> F: 0.4239212291223742
Punto[1.         0.47404528 0.44071038] -> F: 0.42752650463816483
Punto[1.         0.47244915 0.44224413] -> F: 0.43118439814587123
Punto[1.         0.47085301 0.44377788] -> F: 0.43489222243505776
Punto[1.         0.46925688 0.44531163] -> F: 0.43813982681839053
Punto[1.         0.46766074 0.44684538] -> F: 0.4408887270421432
Punto[1.         0.46606461 0.44837913] -> F: 0.44387297802738107
Punto[1.         0.46446847 0.44991289] -> F: 0.4470372854323274
Punto[1.         0.46287234 0.45144664] -> F: 0.44649701787594276
Punto[1.         0.46127621 0.45298039] -> F: 0.44543927015864276
Punto[1.         0.45968007 0.45451414] -> F: 0.44412212606866014
Punto[1.         0.45808394 0.45604789] -> F: 0.44253169966221967
Punto[1.         0.4564878  0.45758164] -> F: 0.4409467604456474
Punto[1.         0.45489167 0.45911539] -> F: 0.4393485415849774
Punto[1.         0.45329553 0.46064914] -> F: 0.43773710217015044
Punto[1.         0.4516994  0.46218289] -> F: 0.4361326893159271
Punto[1.         0.45010327 0.46371664] -> F: 0.434546786730839
Punto[1.         0.44850713 0.46525039] -> F: 0.4329815610901549
Punto[1.         0.446911   0.46678415] -> F: 0.43143701239387466
Punto[1.         0.44531486 0.4683179 ] -> F: 0.4299131406419984
Punto[1.         0.44371873 0.46985165] -> F: 0.428409945834526
Punto[1.         0.44212259 0.4713854 ] -> F: 0.4269274279714575
Punto[1.         0.44052646 0.47291915] -> F: 0.425465587052793
Punto[1.         0.43893032 0.4744529 ] -> F: 0.4240244230785323
Punto[1.         0.43733419 0.47598665] -> F: 0.4226039360486754
Punto[1.         0.43573806 0.4775204 ] -> F: 0.42120412596322254
Punto[1.         0.43414192 0.47905415] -> F: 0.4194621649327738
Punto[1.         0.43254579 0.4805879 ] -> F: 0.41765072544333737
Punto[1.         0.43094965 0.48212165] -> F: 0.4158185196617309
Punto[1.         0.42935352 0.48365541] -> F: 0.4139891258985678
Punto[1.         0.42775738 0.48518916] -> F: 0.41214519256686527
Punto[1.         0.42616125 0.48672291] -> F: 0.4099926303942351
Punto[1.         0.42456511 0.48825666] -> F: 0.40784793119999146
{
  "seed": 11691,
  "n_per_z": 10,
  "nz": 100,
  "nd": 100,
  "n_muestras": 50,
  "best_f": 0.4470372854323274,
  "best_cp": [
    1.0,
    0.4644684746627616,
    0.44991288565843746
  ],
  "best_u": [
    -0.2181432413965427,
    0.41552514752475955,
    -0.8830358871572187
  ],
  "best_index": 28,
  "n_candidatos": 54
}
