Punto[0.         0.39828039 0.60958554] -> F: 0.11558236488927451
Punto[1.         0.45249271 0.53907407] -> F: 0.4356569148402465
Punto[2.         0.60291207 0.45903017] -> F: 0.15836556172191082
Punto[1.         0.50059623 0.53430785] -> F: 0.4307927724219387
Punto[1.         0.45345478 0.53897875] -> F: 0.4364539304262544
Punto[1.         0.45439761 0.53888533] -> F: 0.4372395921110654
Punto[1.         0.45534044 0.53879191] -> F: 0.4380297938790205
Punto[1.         0.45628327 0.53869849] -> F: 0.43882453573012004
Punto[1.         0.4572261  0.53860508] -> F: 0.4396238176643636
Punto[1.         0.45816893 0.53851166] -> F: 0.44042763968175136
Punto[1.         0.45911176 0.53841824] -> F: 0.4412360017822834
Punto[1.         0.46005458 0.53832482] -> F: 0.44204890396595964
Punto[1.         0.46099741 0.5382314 ] -> F: 0.4428382057894145
Punto[1.         0.46194024 0.53813799] -> F: 0.4434974198628935
Punto[1.         0.46288307 0.53804457] -> F: 0.44406974917754755
Punto[1.         0.4638259  0.53795115] -> F: 0.44474244454867645
Punto[1.         0.46476873 0.53785773] -> F: 0.4455520827030776
Punto[1.         0.46571156 0.53776431] -> F: 0.4463628335596933
Punto[1.         0.46665439 0.5376709 ] -> F: 0.44717369797617124
Punto[1.         0.46759722 0.53757748] -> F: 0.4478662280339172
Punto[1.         0.46854005 0.53748406] -> F: 0.44775938954448097
Punto[1.         0.46948287 0.53739064] -> F: 0.4472598602863465
Punto[1.         0.4704257  0.53729723] -> F: 0.44676052879700306
Punto[1.         0.47136853 0.53720381] -> F: 0.44626139507645046
Punto[1.         0.47231136 0.53711039] -> F: 0.445762459124689
Punto[1.         0.47325419 0.53701697] -> F: 0.4452637209417184
Punto[1.         0.47419702 0.53692355] -> F: 0.4447651805275388
Punto[1.         0.47513985 0.53683014] -> F: 0.44426683788215027
Punto[1.         0.47608268 0.53673672] -> F: 0.4437686930055526
Punto[1.         0.47702551 0.5366433 ] -> F: 0.44327074589774584
Punto[1.         0.47796834 0.53654988] -> F: 0.4427729965587302
Punto[1.         0.47891116 0.53645646] -> F: 0.44227544498850546
Punto[1.         0.47985399 0.53636305] -> F: 0.4417780911870716
Punto[1.         0.48079682 0.53626963] -> F: 0.4412809351544289
Punto[1.         0.48173965 0.53617621] -> F: 0.4407839768905771
Punto[1.         0.48268248 0.53608279] -> F: 0.44028721639551627
Punto[1.         0.48362531 0.53598938] -> F: 0.4397906536692464
Punto[1.         0.48456814 0.53589596] -> F: 0.43929428871176746
Punto[1.         0.48551097 0.53580254] -> F: 0.4387981215230795
Punto[1.         0.4864538  0.53570912] -> F: 0.4383019766647373
Punto[1.         0.48739663 0.5356157 ] -> F: 0.43780471767380996
Punto[1.         0.48833945 0.53552229] -> F: 0.43730765764038043
Punto[1.         0.48928228 0.53542887] -> F: 0.43681079656444877
Punto[1.         0.49022511 0.53533545] -> F: 0.4363141344460149
Punto[1.         0.49116794 0.53524203] -> F: 0.4358176712850789
Punto[1.         0.49211077 0.53514861] -> F: 0.43532140708164085
Punto[1.        0.4930536 0.5350552] -> F: 0.4348253418357006
Punto[1.         0.49399643 0.53496178] -> F: 0.4343294755472582
Punto[1.         0.49493926 0.53486836] -> F: 0.4338338082163137
Punto[1.         0.49588209 0.53477494] -> F: 0.433338339842867
Punto[1.         0.49682491 0.53468153] -> F: 0.4328430704269183
Punto[1.         0.49776774 0.53458811] -> F: 0.43234799996846723
Punto[1.         0.49871057 0.53449469] -> F: 0.4318531284675141
Punto[1.         0.4996534  0.53440127] -> F: 0.43135845592405897
{
  "seed": 9448,
  "n_per_z": 10,
  "nz": 100,
  "nd": 100,
  "n_muestras": 50,
  "best_f": 0.4478662280339172,
  "best_cp": [
    1.0,
    0.4675972166388379,
    0.5375774790665492
  ],
  "best_u": [
    -0.2789911060392295,
    -0.8928584884893851,
    -0.35350768348574535
  ],
  "best_index": 19,
  "n_candidatos": 54
}
