Punto[0.         0.39383453 0.61198138] -> F: 0.16416573503457288
Punto[1.        0.4109178 0.5116759] -> F: 0.4105709643027927
Punto[2.         0.38920473 0.45007088] -> F: 0.12288104432182842
Punto[1.         0.39151963 0.53102613] -> F: 0.42377947770078117
Punto[1.         0.41052984 0.51206291] -> F: 0.41116323785940784
Punto[1.         0.41014964 0.51244217] -> F: 0.4117357993531204
Punto[1.         0.40976943 0.51282143] -> F: 0.4123100862348982
Punto[1.         0.40938923 0.5132007 ] -> F: 0.4128860985047415
Punto[1.         0.40900902 0.51357996] -> F: 0.41346383616264987
Punto[1.         0.40862882 0.51395923] -> F: 0.4140432992086237
Punto[1.         0.40824862 0.51433849] -> F: 0.41462448764266296
Punto[1.         0.40786841 0.51471776] -> F: 0.4152074014647674
Punto[1.         0.40748821 0.51509702] -> F: 0.4157920406749372
Punto[1.         0.407108   0.51547629] -> F: 0.4163784052731724
Punto[1.         0.4067278  0.51585555] -> F: 0.41696649525947294
Punto[1.         0.40634759 0.51623482] -> F: 0.4175563106338387
Punto[1.         0.40596739 0.51661408] -> F: 0.4181478513962699
Punto[1.         0.40558719 0.51699334] -> F: 0.4187411175467664
Punto[1.         0.40520698 0.51737261] -> F: 0.41933610908532826
Punto[1.         0.40482678 0.51775187] -> F: 0.41993282601195553
Punto[1.         0.40444657 0.51813114] -> F: 0.42053126832664794
Punto[1.         0.40406637 0.5185104 ] -> F: 0.4211314360294057
Punto[1.         0.40368616 0.51888967] -> F: 0.42173332912022893
Punto[1.         0.40330596 0.51926893] -> F: 0.42233694759911744
Punto[1.         0.40292576 0.5196482 ] -> F: 0.4229422914660714
Punto[1.         0.40254555 0.52002746] -> F: 0.42348814480609087
Punto[1.         0.40216535 0.52040673] -> F: 0.4239053192866903
Punto[1.         0.40178514 0.52078599] -> F: 0.4243274142097709
Punto[1.         0.40140494 0.52116525] -> F: 0.42475442957533244
Punto[1.         0.40102474 0.52154452] -> F: 0.42518636538337506
Punto[1.         0.40064453 0.52192378] -> F: 0.42562322163389865
Punto[1.         0.40026433 0.52230305] -> F: 0.42606499832690353
Punto[1.         0.39988412 0.52268231] -> F: 0.4265116954623893
Punto[1.         0.39950392 0.52306158] -> F: 0.42696331304035623
Punto[1.         0.39912371 0.52344084] -> F: 0.4274198510608042
Punto[1.         0.39874351 0.52382011] -> F: 0.4278813095237333
Punto[1.         0.39836331 0.52419937] -> F: 0.42829351701993895
Punto[1.         0.3979831  0.52457864] -> F: 0.42867474288261764
Punto[1.        0.3976029 0.5249579] -> F: 0.42905588187957766
Punto[1.         0.39722269 0.52533716] -> F: 0.4294369340108186
Punto[1.         0.39684249 0.52571643] -> F: 0.42981789927634084
Punto[1.         0.39646228 0.52609569] -> F: 0.43019877767614406
Punto[1.         0.39608208 0.52647496] -> F: 0.4298357780874919
Punto[1.         0.39570188 0.52685422] -> F: 0.4293741804437812
Punto[1.         0.39532167 0.52723349] -> F: 0.4288896479538694
Punto[1.         0.39494147 0.52761275] -> F: 0.4283774421570645
Punto[1.         0.39456126 0.52799202] -> F: 0.4278655005317031
Punto[1.         0.39418106 0.52837128] -> F: 0.42735382307778536
Punto[1.         0.39380085 0.52875055] -> F: 0.4268424097953113
Punto[1.         0.39342065 0.52912981] -> F: 0.42633126068428073
Punto[1.         0.39304045 0.52950908] -> F: 0.42582037574469367
Punto[1.         0.39266024 0.52988834] -> F: 0.42530975497655016
Punto[1.         0.39228004 0.5302676 ] -> F: 0.4247993983798502
Punto[1.         0.39189983 0.53064687] -> F: 0.424289305954594
{
  "seed": 10732,
  "n_per_z": 10,
  "nz": 100,
  "nd": 100,
  "n_muestras": 50,
  "best_f": 0.43019877767614406,
  "best_cp": [
    1.0,
    0.39646228449276566,
    0.5260956941218444
  ],
  "best_u": [
    0.24868988716485485,
    0.3846707593466037,
    -0.888921676485414
  ],
  "best_index": 41,
  "n_candidatos": 54
}
