Punto[0.         0.53269214 0.47696956] -> F: 0.12370749538141965
Punto[1.         0.50630786 0.52717582] -> F: 0.3985549718416843
Punto[2.         0.53611456 0.57595931] -> F: 0.13274541161598863
Punto[1.         0.53440335 0.52646444] -> F: 0.42372093628529006
Punto[1.         0.50686977 0.5271616 ] -> F: 0.3990277399322061
Punto[1.         0.50742044 0.52714765] -> F: 0.39949529195178174
Punto[1.         0.50797111 0.52713371] -> F: 0.3999670404411019
Punto[1.         0.50852179 0.52711977] -> F: 0.40044298540016654
Punto[1.         0.50907246 0.52710582] -> F: 0.4009231268289757
Punto[1.         0.50962313 0.52709188] -> F: 0.40140746472752936
Punto[1.         0.5101738  0.52707794] -> F: 0.40189599909582757
Punto[1.         0.51072447 0.52706399] -> F: 0.4023887299338699
Punto[1.         0.51127514 0.52705005] -> F: 0.4028856572416573
Punto[1.         0.51182581 0.52703611] -> F: 0.403386781019189
Punto[1.         0.51237649 0.52702216] -> F: 0.4038921012664651
Punto[1.         0.51292716 0.52700822] -> F: 0.40440161798348573
Punto[1.         0.51347783 0.52699428] -> F: 0.4049153311702509
Punto[1.         0.5140285  0.52698033] -> F: 0.40543324082676063
Punto[1.         0.51457917 0.52696639] -> F: 0.4059553469530148
Punto[1.         0.51512984 0.52695245] -> F: 0.40648164954901334
Punto[1.         0.51568052 0.5269385 ] -> F: 0.40701214861475665
Punto[1.         0.51623119 0.52692456] -> F: 0.4075468441502443
Punto[1.         0.51678186 0.52691062] -> F: 0.40808573615547644
Punto[1.         0.51733253 0.52689668] -> F: 0.4086264743772207
Punto[1.         0.5178832  0.52688273] -> F: 0.40916641577963303
Punto[1.         0.51843387 0.52686879] -> F: 0.40971056151769847
Punto[1.         0.51898455 0.52685485] -> F: 0.41025891159141664
Punto[1.         0.51953522 0.5268409 ] -> F: 0.4108114660007881
Punto[1.         0.52008589 0.52682696] -> F: 0.4113682247458124
Punto[1.         0.52063656 0.52681302] -> F: 0.41192918782648946
Punto[1.         0.52118723 0.52679907] -> F: 0.41249435524281985
Punto[1.         0.5217379  0.52678513] -> F: 0.4130637269948031
Punto[1.         0.52228858 0.52677119] -> F: 0.41363730308243934
Punto[1.         0.52283925 0.52675724] -> F: 0.41421508350572855
Punto[1.         0.52338992 0.5267433 ] -> F: 0.4147970682646706
Punto[1.         0.52394059 0.52672936] -> F: 0.41538325735926596
Punto[1.         0.52449126 0.52671541] -> F: 0.41597365078951415
Punto[1.         0.52504193 0.52670147] -> F: 0.4165682485554153
Punto[1.         0.5255926  0.52668753] -> F: 0.4171670506569695
Punto[1.         0.52614328 0.52667358] -> F: 0.4177700570941767
Punto[1.         0.52669395 0.52665964] -> F: 0.4183772678670369
Punto[1.         0.52724462 0.5266457 ] -> F: 0.41898868297555003
Punto[1.         0.52779529 0.52663176] -> F: 0.4196043024197161
Punto[1.         0.52834596 0.52661781] -> F: 0.4202241261995352
Punto[1.         0.52889663 0.52660387] -> F: 0.4208481543150075
Punto[1.         0.52944731 0.52658993] -> F: 0.42147638676613236
Punto[1.         0.52999798 0.52657598] -> F: 0.4221088235529105
Punto[1.         0.53054865 0.52656204] -> F: 0.4227454646753417
Punto[1.         0.53109932 0.5265481 ] -> F: 0.42338631013342554
Punto[1.         0.53164999 0.52653415] -> F: 0.4240313599271626
Punto[1.         0.53220066 0.52652021] -> F: 0.4246806140565528
Punto[1.         0.53275134 0.52650627] -> F: 0.4253340725215957
Punto[1.         0.53330201 0.52649232] -> F: 0.42487094138242704
Punto[1.         0.53385268 0.52647838] -> F: 0.4243014599405297
{
  "seed": 2387,
  "n_per_z": 10,
  "nz": 100,
  "nd": 100,
  "n_muestras": 50,
  "best_f": 0.4253340725215957,
  "best_cp": [
    1.0,
    0.5327513351292233,
    0.5265062669171269
  ],
  "best_u": [
    -0.15643446504023092,
    -0.8339328476572204,
    -0.5292298779792163
  ],
  "best_index": 51,
  "n_candidatos": 54
}
