Punto[0.         0.61831723 0.39906655] -> F: 0.0966477300887603
Punto[1.         0.55871585 0.49377675] -> F: 0.41763789288092784
Punto[2.         0.52047693 0.5616776 ] -> F: 0.16755966268522476
Punto[1.         0.56939708 0.48037207] -> F: 0.40911435088543296
Punto[1.         0.55892947 0.49350866] -> F: 0.417467008358571
Punto[1.         0.55913882 0.49324593] -> F: 0.4172995919234701
Punto[1.         0.55934818 0.4929832 ] -> F: 0.4171322253761193
Punto[1.         0.55955753 0.49272046] -> F: 0.4169649087165186
Punto[1.         0.55976688 0.49245773] -> F: 0.416797641944668
Punto[1.         0.55997623 0.492195  ] -> F: 0.4166304250605675
Punto[1.         0.56018558 0.49193227] -> F: 0.4164632580642171
Punto[1.         0.56039494 0.49166954] -> F: 0.41629614095561673
Punto[1.         0.56060429 0.49140681] -> F: 0.41612907373476654
Punto[1.         0.56081364 0.49114407] -> F: 0.41596205640166645
Punto[1.         0.56102299 0.49088134] -> F: 0.4157950889563164
Punto[1.         0.56123235 0.49061861] -> F: 0.4156281713987165
Punto[1.         0.5614417  0.49035588] -> F: 0.41546130372886664
Punto[1.         0.56165105 0.49009315] -> F: 0.4152944859467669
Punto[1.         0.5618604  0.48983041] -> F: 0.41512771805241727
Punto[1.         0.56206975 0.48956768] -> F: 0.41496100004581776
Punto[1.         0.56227911 0.48930495] -> F: 0.41479433192696824
Punto[1.         0.56248846 0.48904222] -> F: 0.4146277136958689
Punto[1.         0.56269781 0.48877949] -> F: 0.41446114535251966
Punto[1.         0.56290716 0.48851676] -> F: 0.4142946268969205
Punto[1.         0.56311651 0.48825402] -> F: 0.41412815832907146
Punto[1.         0.56332587 0.48799129] -> F: 0.41396173964897254
Punto[1.         0.56353522 0.48772856] -> F: 0.41379483254985183
Punto[1.         0.56374457 0.48746583] -> F: 0.41362698657850855
Punto[1.         0.56395392 0.4872031 ] -> F: 0.4134591914154541
Punto[1.         0.56416328 0.48694037] -> F: 0.41329144706068854
Punto[1.         0.56437263 0.48667763] -> F: 0.4131237535142118
Punto[1.         0.56458198 0.4864149 ] -> F: 0.41295611077602395
Punto[1.         0.56479133 0.48615217] -> F: 0.4127885188461251
Punto[1.         0.56500068 0.48588944] -> F: 0.412620977724515
Punto[1.         0.56521004 0.48562671] -> F: 0.41245348741119375
Punto[1.         0.56541939 0.48536398] -> F: 0.41228604790616147
Punto[1.         0.56562874 0.48510124] -> F: 0.4121186592094179
Punto[1.         0.56583809 0.48483851] -> F: 0.4119513213209634
Punto[1.         0.56604744 0.48457578] -> F: 0.41178403424079774
Punto[1.         0.5662568  0.48431305] -> F: 0.4116167979689208
Punto[1.         0.56646615 0.48405032] -> F: 0.41144961250533285
Punto[1.         0.5666755  0.48378759] -> F: 0.4112824778500338
Punto[1.         0.56688485 0.48352485] -> F: 0.41111539400302355
Punto[1.         0.56709421 0.48326212] -> F: 0.4109483609643022
Punto[1.         0.56730356 0.48299939] -> F: 0.4107813787338697
Punto[1.         0.56751291 0.48273666] -> F: 0.4106144473117261
Punto[1.         0.56772226 0.48247393] -> F: 0.41044756669787136
Punto[1.         0.56793161 0.4822112 ] -> F: 0.41028073689230554
Punto[1.         0.56814097 0.48194846] -> F: 0.4101139578950285
Punto[1.         0.56835032 0.48168573] -> F: 0.4099472297060405
Punto[1.         0.56855967 0.481423  ] -> F: 0.40978055232534116
Punto[1.         0.56876902 0.48116027] -> F: 0.4096139257529308
Punto[1.         0.56897838 0.48089754] -> F: 0.4094473499888093
Punto[1.         0.56918773 0.4806348 ] -> F: 0.40928082503297675
{
  "seed": 11004,
  "n_per_z": 10,
  "nz": 100,
  "nd": 100,
  "n_muestras": 50,
  "best_f": 0.41763789288092784,
  "best_cp": [
    1.0,
    0.5587158471715166,
    0.4937767524659489
  ],
  "best_u": [
    -0.9995065603657316,
    0.006852044800028774,
    -0.03065428628956508
  ],
  "best_index": 1,
  "n_candidatos": 54
}
