Punto[0.         0.55851619 0.56106777] -> F: 0.08933322010779117
Punto[1.         0.54465371 0.5376556 ] -> F: 0.40084114486822375
Punto[2.         0.42596661 0.48977784] -> F: 0.17146935225891302
Punto[1.        0.4922414 0.5254228] -> F: 0.3882025806219751
Punto[1.         0.54360547 0.53741094] -> F: 0.40254803676561696
Punto[1.         0.54257818 0.53717118] -> F: 0.40422485938954694
Punto[1.         0.5415509  0.53693141] -> F: 0.405868239599771
Punto[1.         0.54052362 0.53669165] -> F: 0.4075050223861695
Punto[1.         0.53949634 0.53645189] -> F: 0.409145454241569
Punto[1.         0.53846906 0.53621213] -> F: 0.4107895351659695
Punto[1.         0.53744178 0.53597236] -> F: 0.4124372651593712
Punto[1.        0.5364145 0.5357326] -> F: 0.41293744169067265
Punto[1.         0.53538721 0.53549284] -> F: 0.4123863925541292
Punto[1.         0.53435993 0.53525308] -> F: 0.41183570006511255
Punto[1.         0.53333265 0.53501331] -> F: 0.41128536422362255
Punto[1.         0.53230537 0.53477355] -> F: 0.41073538502965945
Punto[1.         0.53127809 0.53453379] -> F: 0.41017750359140126
Punto[1.         0.53025081 0.53429402] -> F: 0.4096154688059356
Punto[1.         0.52922353 0.53405426] -> F: 0.40905380745577385
Punto[1.         0.52819625 0.5338145 ] -> F: 0.408492519540916
Punto[1.         0.52716896 0.53357474] -> F: 0.40793160506136206
Punto[1.         0.52614168 0.53333497] -> F: 0.40737106401711204
Punto[1.         0.5251144  0.53309521] -> F: 0.406810896408166
Punto[1.         0.52408712 0.53285545] -> F: 0.40625110223452376
Punto[1.         0.52305984 0.53261568] -> F: 0.4056904143860063
Punto[1.         0.52203256 0.53237592] -> F: 0.4051186428898547
Punto[1.         0.52100528 0.53213616] -> F: 0.4045472620287299
Punto[1.        0.519978  0.5318964] -> F: 0.403976271802632
Punto[1.         0.51895071 0.53165663] -> F: 0.4034056722115608
Punto[1.         0.51792343 0.53141687] -> F: 0.40283546325551634
Punto[1.         0.51689615 0.53117711] -> F: 0.40226564493449873
Punto[1.         0.51586887 0.53093735] -> F: 0.40169621724850785
Punto[1.         0.51484159 0.53069758] -> F: 0.4011271801975436
Punto[1.         0.51381431 0.53045782] -> F: 0.400549942102413
Punto[1.         0.51278703 0.53021806] -> F: 0.399968997573125
Punto[1.         0.51175974 0.52997829] -> F: 0.39938846133359573
Punto[1.         0.51073246 0.52973853] -> F: 0.39880833338382504
Punto[1.         0.50970518 0.52949877] -> F: 0.39822861372381324
Punto[1.         0.5086779  0.52925901] -> F: 0.39764930235356016
Punto[1.         0.50765062 0.52901924] -> F: 0.39707039927306564
Punto[1.         0.50662334 0.52877948] -> F: 0.39649190448232985
Punto[1.         0.50559606 0.52853972] -> F: 0.3959092733802595
Punto[1.         0.50456878 0.52829996] -> F: 0.39531889781522794
Punto[1.         0.50354149 0.52806019] -> F: 0.39472894869697633
Punto[1.         0.50251421 0.52782043] -> F: 0.3941394260255046
Punto[1.         0.50148693 0.52758067] -> F: 0.3935503298008128
Punto[1.         0.50045965 0.5273409 ] -> F: 0.39296166002290084
Punto[1.         0.49943237 0.52710114] -> F: 0.3923734166917689
Punto[1.         0.49840509 0.52686138] -> F: 0.3917855998074168
Punto[1.         0.49737781 0.52662162] -> F: 0.39119661432068015
Punto[1.         0.49635053 0.52638185] -> F: 0.3905969172646624
Punto[1.         0.49532324 0.52614209] -> F: 0.3899976653667829
Punto[1.         0.49429596 0.52590233] -> F: 0.38939885862704193
Punto[1.         0.49326868 0.52566256] -> F: 0.3888004970454393
Best centerpoint:  [1.        0.5364145 0.5357326] Best F:  0.41293744169067265 Best u:  [-0.61290705 -0.70403327  0.35872287] índice:  8
{
  "seed": 8324,
  "n_per_z": 5,
  "nz": 100,
  "nd": 100,
  "n_muestras": 50,
  "best_f": 0.41293744169067265,
  "best_cp": [
    1.0,
    0.5364144960345292,
    0.5357326009238065
  ],
  "best_u": [
    -0.6129070536529766,
    -0.7040332711468805,
    0.3587228689401475
  ],
  "n_candidatos": 54
}
