Punto[0.         0.56910905 0.6043758 ] -> F: 0.08651953070642399
Punto[1.         0.52275489 0.52231106] -> F: 0.425766710470675
Punto[2.         0.50759792 0.45430451] -> F: 0.14764276891354947
Punto[1.         0.53835349 0.52934016] -> F: 0.41788963580260885
Punto[1.         0.52306686 0.52245164] -> F: 0.42561253707077984
Punto[1.         0.52337259 0.52258941] -> F: 0.4254615321243596
Punto[1.         0.52367832 0.52272718] -> F: 0.4253106113049769
Punto[1.         0.52398406 0.52286495] -> F: 0.42515977461263166
Punto[1.         0.52428979 0.52300272] -> F: 0.425009022047324
Punto[1.         0.52459552 0.52314049] -> F: 0.42485835360905416
Punto[1.         0.52490125 0.52327826] -> F: 0.42470776929782167
Punto[1.         0.52520699 0.52341603] -> F: 0.4245572691136268
Punto[1.         0.52551272 0.5235538 ] -> F: 0.4244068530564695
Punto[1.         0.52581845 0.52369157] -> F: 0.42425652112634976
Punto[1.         0.52612418 0.52382934] -> F: 0.42410627332326767
Punto[1.         0.52642992 0.52396711] -> F: 0.42395610964722336
Punto[1.         0.52673565 0.52410488] -> F: 0.4238060300982163
Punto[1.         0.52704138 0.52424265] -> F: 0.423656034676247
Punto[1.         0.52734711 0.52438042] -> F: 0.4235061233813153
Punto[1.         0.52765285 0.52451819] -> F: 0.4233562962134211
Punto[1.         0.52795858 0.52465596] -> F: 0.4232065531725646
Punto[1.         0.52826431 0.52479373] -> F: 0.4230568942587456
Punto[1.         0.52857004 0.52493151] -> F: 0.4229073194719642
Punto[1.         0.52887578 0.52506928] -> F: 0.4227578288122203
Punto[1.         0.52918151 0.52520705] -> F: 0.4226084222795141
Punto[1.         0.52948724 0.52534482] -> F: 0.4224590998738455
Punto[1.         0.52979297 0.52548259] -> F: 0.4223098615952145
Punto[1.         0.53009871 0.52562036] -> F: 0.422160707443621
Punto[1.         0.53040444 0.52575813] -> F: 0.42200431254176607
Punto[1.         0.53071017 0.5258959 ] -> F: 0.4218460659063797
Punto[1.         0.5310159  0.52603367] -> F: 0.4216879037240038
Punto[1.         0.53132164 0.52617144] -> F: 0.42152982599463856
Punto[1.         0.53162737 0.52630921] -> F: 0.4213718327182838
Punto[1.         0.5319331  0.52644698] -> F: 0.4212139238949396
Punto[1.         0.53223883 0.52658475] -> F: 0.4210560995246056
Punto[1.         0.53254457 0.52672252] -> F: 0.42089835960728206
Punto[1.         0.5328503  0.52686029] -> F: 0.4207407041429692
Punto[1.         0.53315603 0.52699806] -> F: 0.42058313313166684
Punto[1.         0.53346176 0.52713583] -> F: 0.4204256465733747
Punto[1.        0.5337675 0.5272736] -> F: 0.42026824446809335
Punto[1.         0.53407323 0.52741137] -> F: 0.42011092681582224
Punto[1.         0.53437896 0.52754914] -> F: 0.41995369361656165
Punto[1.         0.5346847  0.52768691] -> F: 0.4197965448703116
Punto[1.         0.53499043 0.52782468] -> F: 0.41963948057707184
Punto[1.         0.53529616 0.52796245] -> F: 0.41948250073684273
Punto[1.         0.53560189 0.52810022] -> F: 0.4193256053496242
Punto[1.         0.53590763 0.528238  ] -> F: 0.419168794415416
Punto[1.         0.53621336 0.52837577] -> F: 0.41901206793421814
Punto[1.         0.53651909 0.52851354] -> F: 0.4188554259060309
Punto[1.         0.53682482 0.52865131] -> F: 0.4186988683308542
Punto[1.         0.53713056 0.52878908] -> F: 0.418542395208688
Punto[1.         0.53743629 0.52892685] -> F: 0.4183849769822776
Punto[1.         0.53774202 0.52906462] -> F: 0.4182197776408182
Punto[1.         0.53804775 0.52920239] -> F: 0.4180546639142619
{
  "seed": 3926,
  "n_per_z": 10,
  "nz": 100,
  "nd": 100,
  "n_muestras": 50,
  "best_f": 0.425766710470675,
  "best_cp": [
    1.0,
    0.5227548864159083,
    0.5223110555294553
  ],
  "best_u": [
    -0.30901699437494745,
    0.732801640433624,
    -0.6062262390933466
  ],
  "best_index": 1,
  "n_candidatos": 54
}
