Punto[0.         0.56929197 0.30344679] -> F: 0.11489067190249937
Punto[1.         0.52778378 0.414078  ] -> F: 0.41965434871987467
Punto[2.         0.45384863 0.43715396] -> F: 0.13860137093963856
Punto[1.         0.5115703  0.37030037] -> F: 0.42889561836543233
Punto[1.         0.52745951 0.41320245] -> F: 0.42161020361510293
Punto[1.         0.52714173 0.4123444 ] -> F: 0.4235310710542201
Punto[1.         0.52682395 0.41148636] -> F: 0.4254560264215779
Punto[1.         0.52650616 0.41062832] -> F: 0.42738506971717616
Punto[1.         0.52618838 0.40977028] -> F: 0.42931820094101464
Punto[1.         0.52587059 0.40891224] -> F: 0.4312554200930934
Punto[1.         0.52555281 0.4080542 ] -> F: 0.43317850629479576
Punto[1.         0.52523502 0.40719616] -> F: 0.43504334151261725
Punto[1.         0.52491724 0.40633811] -> F: 0.4369042107188337
Punto[1.         0.52459946 0.40548007] -> F: 0.4387689415441105
Punto[1.         0.52428167 0.40462203] -> F: 0.4406375339884473
Punto[1.         0.52396389 0.40376399] -> F: 0.44250998805184427
Punto[1.         0.5236461  0.40290595] -> F: 0.44438630373430127
Punto[1.         0.52332832 0.40204791] -> F: 0.4462610843330232
Punto[1.         0.52301053 0.40118987] -> F: 0.4481161203618567
Punto[1.         0.52269275 0.40033182] -> F: 0.44975953149623893
Punto[1.         0.52237497 0.39947378] -> F: 0.44937090469236846
Punto[1.         0.52205718 0.39861574] -> F: 0.44898511723861806
Punto[1.        0.5217394 0.3977577] -> F: 0.4486021691349876
Punto[1.         0.52142161 0.39689966] -> F: 0.4482220603814771
Punto[1.         0.52110383 0.39604162] -> F: 0.44784479097808666
Punto[1.         0.52078604 0.39518358] -> F: 0.4474703609248161
Punto[1.         0.52046826 0.39432553] -> F: 0.44709877022166533
Punto[1.         0.52015048 0.39346749] -> F: 0.4467300188686348
Punto[1.         0.51983269 0.39260945] -> F: 0.44636410686572425
Punto[1.         0.51951491 0.39175141] -> F: 0.4460010342129334
Punto[1.         0.51919712 0.39089337] -> F: 0.44564080091026265
Punto[1.         0.51887934 0.39003533] -> F: 0.44528340695771196
Punto[1.         0.51856155 0.38917728] -> F: 0.4449288523552811
Punto[1.         0.51824377 0.38831924] -> F: 0.4445771371029702
Punto[1.         0.51792599 0.3874612 ] -> F: 0.4442282612007794
Punto[1.         0.5176082  0.38660316] -> F: 0.4436338664121397
Punto[1.         0.51729042 0.38574512] -> F: 0.4428514584268772
Punto[1.         0.51697263 0.38488708] -> F: 0.44206979607713087
Punto[1.         0.51665485 0.38402904] -> F: 0.44128887936290095
Punto[1.         0.51633706 0.38317099] -> F: 0.44050870828418726
Punto[1.         0.51601928 0.38231295] -> F: 0.43972928284098967
Punto[1.         0.5157015  0.38145491] -> F: 0.4389506030333085
Punto[1.         0.51538371 0.38059687] -> F: 0.43817266886114364
Punto[1.         0.51506593 0.37973883] -> F: 0.4373954803244949
Punto[1.         0.51474814 0.37888079] -> F: 0.4366190374233625
Punto[1.         0.51443036 0.37802275] -> F: 0.43584334015774623
Punto[1.         0.51411257 0.3771647 ] -> F: 0.4350683885276464
Punto[1.         0.51379479 0.37630666] -> F: 0.4342941825330626
Punto[1.         0.51347701 0.37544862] -> F: 0.43352072217399523
Punto[1.         0.51315922 0.37459058] -> F: 0.4327480074504442
Punto[1.         0.51284144 0.37373254] -> F: 0.4319760383624093
Punto[1.         0.51252365 0.3728745 ] -> F: 0.43120481490989065
Punto[1.         0.51220587 0.37201646] -> F: 0.43043433709288825
Punto[1.         0.51188809 0.37115841] -> F: 0.4296646049114022
Best centerpoint:  [1.         0.52269275 0.40033182] Best F:  0.44975953149623893 Best u:  [-0.27899111 -0.95839877  0.06029734] índice:  16
{
  "seed": 18406,
  "n_per_z": 5,
  "nz": 100,
  "nd": 100,
  "n_muestras": 50,
  "best_f": 0.44975953149623893,
  "best_cp": [
    1.0,
    0.5226927497344244,
    0.40033182392829364
  ],
  "best_u": [
    -0.27899110603922916,
    -0.9583987654464864,
    0.06029733942437461
  ],
  "n_candidatos": 54
}
