Punto[0.         0.50457969 0.46795133] -> F: 0.1915098510284109
Punto[1.         0.42519335 0.4846994 ] -> F: 0.386628487228525
Punto[2.         0.34017981 0.58786788] -> F: 0.08630020860514172
Punto[1.         0.42237975 0.5279096 ] -> F: 0.3643553712406273
Punto[1.         0.42513707 0.48556361] -> F: 0.38619869024557263
Punto[1.         0.42508193 0.48641053] -> F: 0.3857776744277119
Punto[1.         0.42502678 0.48725745] -> F: 0.38535684196431974
Punto[1.         0.42497163 0.48810437] -> F: 0.3849361928553962
Punto[1.         0.42491649 0.48895129] -> F: 0.3845157271009412
Punto[1.         0.42486134 0.48979821] -> F: 0.3840954447009548
Punto[1.         0.4248062  0.49064513] -> F: 0.3836711630574215
Punto[1.         0.42475105 0.49149205] -> F: 0.3832428685338477
Punto[1.         0.4246959  0.49233897] -> F: 0.38281476475823184
Punto[1.         0.42464076 0.49318589] -> F: 0.38238685173057385
Punto[1.         0.42458561 0.49403281] -> F: 0.38195912945087374
Punto[1.         0.42453046 0.49487973] -> F: 0.38153159791913155
Punto[1.         0.42447532 0.49572665] -> F: 0.38110425713534724
Punto[1.         0.42442017 0.49657357] -> F: 0.3806771070995208
Punto[1.         0.42436502 0.49742049] -> F: 0.38025014781165223
Punto[1.         0.42430988 0.49826741] -> F: 0.37982337927174153
Punto[1.         0.42425473 0.49911433] -> F: 0.3793920049992208
Punto[1.         0.42419958 0.49996125] -> F: 0.37895740524400373
Punto[1.         0.42414444 0.50080817] -> F: 0.3785230036592689
Punto[1.         0.42408929 0.50165509] -> F: 0.3780888002450164
Punto[1.         0.42403415 0.50250201] -> F: 0.377654795001246
Punto[1.         0.423979   0.50334893] -> F: 0.3772209879279579
Punto[1.         0.42392385 0.50419585] -> F: 0.3767873790251521
Punto[1.         0.42386871 0.50504277] -> F: 0.3763539682928285
Punto[1.         0.42381356 0.50588969] -> F: 0.3759207557309871
Punto[1.         0.42375841 0.50673661] -> F: 0.3754877413396279
Punto[1.         0.42370327 0.50758353] -> F: 0.3750473490252668
Punto[1.         0.42364812 0.50843045] -> F: 0.3746066644401088
Punto[1.         0.42359297 0.50927737] -> F: 0.37416618548950403
Punto[1.         0.42353783 0.51012429] -> F: 0.3737259121734522
Punto[1.         0.42348268 0.51097121] -> F: 0.37328584449195334
Punto[1.         0.42342753 0.51181813] -> F: 0.3728459824450078
Punto[1.         0.42337239 0.51266505] -> F: 0.37240632603261503
Punto[1.         0.42331724 0.51351197] -> F: 0.3719668752547754
Punto[1.         0.4232621  0.51435889] -> F: 0.3715276301114889
Punto[1.         0.42320695 0.51520581] -> F: 0.37108434495660025
Punto[1.         0.4231518  0.51605273] -> F: 0.37063756450184565
Punto[1.         0.42309666 0.51689965] -> F: 0.37019099720024307
Punto[1.         0.42304151 0.51774657] -> F: 0.3697446430517925
Punto[1.         0.42298636 0.51859349] -> F: 0.36929850205649395
Punto[1.         0.42293122 0.51944041] -> F: 0.3688525742143475
Punto[1.         0.42287607 0.52028733] -> F: 0.36840685952535296
Punto[1.         0.42282092 0.52113425] -> F: 0.3679613579895105
Punto[1.         0.42276578 0.52198117] -> F: 0.36751606960682015
Punto[1.         0.42271063 0.52282809] -> F: 0.3670682991642786
Punto[1.         0.42265548 0.523675  ] -> F: 0.3666155926608316
Punto[1.         0.42260034 0.52452192] -> F: 0.3661631068971867
Punto[1.         0.42254519 0.52536884] -> F: 0.3657108418733438
Punto[1.         0.42249005 0.52621576] -> F: 0.3652587975893029
Punto[1.         0.4224349  0.52706268] -> F: 0.36480697404506407
{
  "seed": 16752,
  "n_per_z": 10,
  "nz": 100,
  "nd": 100,
  "n_muestras": 50,
  "best_f": 0.386628487228525,
  "best_cp": [
    1.0,
    0.4251933460711782,
    0.4846994038242821
  ],
  "best_u": [
    0.9995065603657316,
    -0.023561558089999483,
    0.02077230767718885
  ],
  "best_index": 1,
  "n_candidatos": 54
}
