Punto[0.         0.37497356 0.50580568] -> F: 0.12048499672521576
Punto[1.         0.37436557 0.47897904] -> F: 0.33460783036919145
Punto[2.         0.43866953 0.65348541] -> F: 0.10656074142345794
Punto[1.         0.40682154 0.57964554] -> F: 0.4102929404752367
Punto[1.         0.37501469 0.48099237] -> F: 0.33900310080162616
Punto[1.         0.37565083 0.48296543] -> F: 0.34338696071303454
Punto[1.         0.37628697 0.48493849] -> F: 0.3478465428364329
Punto[1.         0.3769231  0.48691156] -> F: 0.3523624785558229
Punto[1.         0.37755924 0.48888462] -> F: 0.35690207853191036
Punto[1.         0.37819538 0.49085768] -> F: 0.3614648146821241
Punto[1.         0.37883151 0.49283075] -> F: 0.3660506870064636
Punto[1.         0.37946765 0.49480381] -> F: 0.37065969550492933
Punto[1.         0.38010379 0.49677688] -> F: 0.37527451078533086
Punto[1.         0.38073992 0.49874994] -> F: 0.3799086481253424
Punto[1.         0.38137606 0.500723  ] -> F: 0.38459102279633106
Punto[1.         0.3820122  0.50269607] -> F: 0.3893216347982964
Punto[1.         0.38264834 0.50466913] -> F: 0.3937382036973936
Punto[1.         0.38328447 0.50664219] -> F: 0.39790174155860636
Punto[1.         0.38392061 0.50861526] -> F: 0.4021256801038187
Punto[1.         0.38455675 0.51058832] -> F: 0.40641001933303067
Punto[1.         0.38519288 0.51256138] -> F: 0.41075448580452945
Punto[1.         0.38582902 0.51453445] -> F: 0.4151587132642462
Punto[1.         0.38646516 0.51650751] -> F: 0.41943562966819903
Punto[1.         0.38710129 0.51848057] -> F: 0.42361554214040437
Punto[1.         0.38773743 0.52045364] -> F: 0.4278384316390371
Punto[1.         0.38837357 0.5224267 ] -> F: 0.4321040997047947
Punto[1.         0.38900971 0.52439976] -> F: 0.4364125463376778
Punto[1.         0.38964584 0.52637283] -> F: 0.4407637715376863
Punto[1.         0.39028198 0.52834589] -> F: 0.44446306363367416
Punto[1.         0.39091812 0.53031896] -> F: 0.443316239290289
Punto[1.         0.39155425 0.53229202] -> F: 0.44214436951120184
Punto[1.         0.39219039 0.53426508] -> F: 0.4409691267094361
Punto[1.         0.39282653 0.53623815] -> F: 0.43979659794909226
Punto[1.         0.39346266 0.53821121] -> F: 0.4386066288143257
Punto[1.         0.3940988  0.54018427] -> F: 0.4374055413653542
Punto[1.         0.39473494 0.54215734] -> F: 0.43620732875464785
Punto[1.         0.39537108 0.5441304 ] -> F: 0.43499927922437825
Punto[1.         0.39600721 0.54610346] -> F: 0.43377228906902177
Punto[1.         0.39664335 0.54807653] -> F: 0.4325483430105795
Punto[1.         0.39727949 0.55004959] -> F: 0.4313224412819831
Punto[1.         0.39791562 0.55202265] -> F: 0.43006941458014913
Punto[1.         0.39855176 0.55399572] -> F: 0.4288196106253621
Punto[1.         0.3991879  0.55596878] -> F: 0.4275730294176221
Punto[1.         0.39982403 0.55794184] -> F: 0.42629703262704577
Punto[1.         0.40046017 0.55991491] -> F: 0.4250211655181328
Punto[1.         0.40109631 0.56188797] -> F: 0.42374871026488137
Punto[1.         0.40173245 0.56386104] -> F: 0.4224553412283173
Punto[1.         0.40236858 0.5658341 ] -> F: 0.421153117436532
Punto[1.         0.40300472 0.56780716] -> F: 0.4198545062975823
Punto[1.         0.40364086 0.56978023] -> F: 0.41854464298067673
Punto[1.         0.40427699 0.57175329] -> F: 0.41721567143650806
Punto[1.         0.40491313 0.57372635] -> F: 0.415890526456001
Punto[1.         0.40554927 0.57569942] -> F: 0.4145653762349709
Punto[1.         0.4061854  0.57767248] -> F: 0.41279781684568295
{
  "seed": 15315,
  "n_per_z": 10,
  "nz": 100,
  "nd": 100,
  "n_muestras": 50,
  "best_f": 0.44446306363367416,
  "best_cp": [
    1.0,
    0.39028197977837986,
    0.5283458918353254
  ],
  "best_u": [
    0.9995065603657316,
    -0.010640015203451083,
    0.029553779154865265
  ],
  "best_index": 28,
  "n_candidatos": 54
}
