Punto[0.         0.62611454 0.35621378] -> F: 0.10676246578803447
Punto[1.         0.59120035 0.45451408] -> F: 0.4277283119166141
Punto[2.         0.58007639 0.63641158] -> F: 0.12449405755494873
Punto[1.         0.60309546 0.49631268] -> F: 0.42197586087608974
Punto[1.         0.59143825 0.45535005] -> F: 0.42856825934161097
Punto[1.         0.59167139 0.4561693 ] -> F: 0.4292637460477778
Punto[1.         0.59190454 0.45698855] -> F: 0.4299592719244306
Punto[1.         0.59213768 0.45780781] -> F: 0.4306548369715696
Punto[1.         0.59237083 0.45862706] -> F: 0.4313504411891936
Punto[1.         0.59260397 0.45944631] -> F: 0.4320460845773039
Punto[1.         0.59283711 0.46026557] -> F: 0.4327417671359
Punto[1.         0.59307026 0.46108482] -> F: 0.4334374888649816
Punto[1.         0.5933034  0.46190407] -> F: 0.4341332497645491
Punto[1.         0.59353655 0.46272332] -> F: 0.43482904983460235
Punto[1.         0.59376969 0.46354258] -> F: 0.4355013377219481
Punto[1.         0.59400284 0.46436183] -> F: 0.4361110349288179
Punto[1.         0.59423598 0.46518108] -> F: 0.43671569843845537
Punto[1.         0.59446912 0.46600033] -> F: 0.43732123205804563
Punto[1.         0.59470227 0.46681959] -> F: 0.43792679168301407
Punto[1.         0.59493541 0.46763884] -> F: 0.43853237731336014
Punto[1.         0.59516856 0.46845809] -> F: 0.4391253402429552
Punto[1.         0.5954017  0.46927734] -> F: 0.4396629070633549
Punto[1.         0.59563485 0.4700966 ] -> F: 0.4402016068356927
Punto[1.         0.59586799 0.47091585] -> F: 0.440741439559969
Punto[1.         0.59610113 0.4717351 ] -> F: 0.4412824052361833
Punto[1.         0.59633428 0.47255435] -> F: 0.44182450386433575
Punto[1.         0.59656742 0.47337361] -> F: 0.4423677354444261
Punto[1.         0.59680057 0.47419286] -> F: 0.4429120999764552
Punto[1.         0.59703371 0.47501211] -> F: 0.44340395850639613
Punto[1.         0.59726686 0.47583136] -> F: 0.44368006975604635
Punto[1.         0.5975     0.47665062] -> F: 0.4428531115520305
Punto[1.         0.59773314 0.47746987] -> F: 0.44202861956774697
Punto[1.         0.59796629 0.47828912] -> F: 0.4412065938031948
Punto[1.         0.59819943 0.47910837] -> F: 0.44038703425837467
Punto[1.         0.59843258 0.47992763] -> F: 0.4395699409332868
Punto[1.         0.59866572 0.48074688] -> F: 0.4387553138279307
Punto[1.         0.59889887 0.48156613] -> F: 0.4379245364036624
Punto[1.         0.59913201 0.48238539] -> F: 0.4370787259110053
Punto[1.         0.59936515 0.48320464] -> F: 0.43623526108388516
Punto[1.         0.5995983  0.48402389] -> F: 0.43539414192230214
Punto[1.         0.59983144 0.48484314] -> F: 0.43455536842625586
Punto[1.         0.60006459 0.4856624 ] -> F: 0.43370362221803727
Punto[1.         0.60029773 0.48648165] -> F: 0.4328085312693707
Punto[1.         0.60053088 0.4873009 ] -> F: 0.4319160625298676
Punto[1.         0.60076402 0.48812015] -> F: 0.4310262159995285
Punto[1.         0.60099716 0.48893941] -> F: 0.4301351560754772
Punto[1.         0.60123031 0.48975866] -> F: 0.42921870284106195
Punto[1.         0.60146345 0.49057791] -> F: 0.42830471582637863
Punto[1.         0.6016966  0.49139716] -> F: 0.42739319503142714
Punto[1.         0.60192974 0.49221642] -> F: 0.4264841404562078
Punto[1.         0.60216289 0.49303567] -> F: 0.42557755210072046
Punto[1.         0.60239603 0.49385492] -> F: 0.42467342996496477
Punto[1.         0.60262917 0.49467417] -> F: 0.4237717740489411
Punto[1.         0.60286232 0.49549343] -> F: 0.4228725843526496
Best centerpoint:  [1.         0.59726686 0.47583136] Best F:  0.44368006975604635 Best u:  [-0.33873792  0.76118853  0.55303584] índice:  26
{
  "seed": 19032,
  "n_per_z": 5,
  "nz": 100,
  "nd": 100,
  "n_muestras": 50,
  "best_f": 0.44368006975604635,
  "best_cp": [
    1.0,
    0.5972668559281832,
    0.47583136454983976
  ],
  "best_u": [
    -0.33873792024529137,
    0.7611885317645368,
    0.5530358401568956
  ],
  "n_candidatos": 54
}
