Punto[0.         0.49756599 0.62688649] -> F: 0.12514271218480938
Punto[1.         0.50637678 0.55930196] -> F: 0.43838972785011043
Punto[2.         0.5561411  0.45447894] -> F: 0.1466277522889922
Punto[1.         0.52685354 0.54068271] -> F: 0.4548172761336603
Punto[1.         0.50678632 0.55892957] -> F: 0.438816123747058
Punto[1.         0.50718766 0.55856463] -> F: 0.4392337892241865
Punto[1.        0.507589  0.5581997] -> F: 0.43965125424490814
Punto[1.         0.50799035 0.55783476] -> F: 0.44006851880922315
Punto[1.         0.50839169 0.55746982] -> F: 0.4404857639970315
Punto[1.         0.50879304 0.55710488] -> F: 0.4409127124537375
Punto[1.         0.50919438 0.55673995] -> F: 0.44135490065805655
Punto[1.         0.50959573 0.55637501] -> F: 0.44181232860998876
Punto[1.         0.50999707 0.55601007] -> F: 0.4422849963095341
Punto[1.         0.51039842 0.55564514] -> F: 0.44277290375669287
Punto[1.         0.51079976 0.5552802 ] -> F: 0.4432760509514648
Punto[1.         0.5112011  0.55491526] -> F: 0.44379443789384965
Punto[1.         0.51160245 0.55455032] -> F: 0.444328064583848
Punto[1.         0.51200379 0.55418539] -> F: 0.44487693102145925
Punto[1.         0.51240514 0.55382045] -> F: 0.4454410372066838
Punto[1.         0.51280648 0.55345551] -> F: 0.4460203831395216
Punto[1.         0.51320783 0.55309058] -> F: 0.4466149688199726
Punto[1.         0.51360917 0.55272564] -> F: 0.4472247942480367
Punto[1.         0.51401052 0.5523607 ] -> F: 0.44784985942371397
Punto[1.         0.51441186 0.55199577] -> F: 0.4484901643470046
Punto[1.         0.51481321 0.55163083] -> F: 0.44914570901790807
Punto[1.         0.51521455 0.55126589] -> F: 0.44981649343642494
Punto[1.         0.51561589 0.55090095] -> F: 0.450502517602555
Punto[1.         0.51601724 0.55053602] -> F: 0.4512037815162982
Punto[1.         0.51641858 0.55017108] -> F: 0.4519202851776548
Punto[1.         0.51681993 0.54980614] -> F: 0.4526494352088283
Punto[1.         0.51722127 0.54944121] -> F: 0.4533796559930898
Punto[1.         0.51762262 0.54907627] -> F: 0.4541095575268679
Punto[1.         0.51802396 0.54871133] -> F: 0.45483913981016183
Punto[1.         0.51842531 0.54834639] -> F: 0.45556840284297223
Punto[1.         0.51882665 0.54798146] -> F: 0.4562973466252985
Punto[1.         0.519228   0.54761652] -> F: 0.45702597115714133
Punto[1.         0.51962934 0.54725158] -> F: 0.45775427643850003
Punto[1.         0.52003068 0.54688665] -> F: 0.4584822624693753
Punto[1.         0.52043203 0.54652171] -> F: 0.45906664350992654
Punto[1.         0.52083337 0.54615677] -> F: 0.45880326546046923
Punto[1.         0.52123472 0.54579183] -> F: 0.4585399783776005
Punto[1.         0.52163606 0.5454269 ] -> F: 0.45827678226132035
Punto[1.         0.52203741 0.54506196] -> F: 0.45801367711162866
Punto[1.         0.52243875 0.54469702] -> F: 0.4577506629285254
Punto[1.         0.5228401  0.54433209] -> F: 0.45748773971201073
Punto[1.         0.52324144 0.54396715] -> F: 0.4572249074620845
Punto[1.         0.52364279 0.54360221] -> F: 0.45696216617874663
Punto[1.         0.52404413 0.54323727] -> F: 0.45669525146303563
Punto[1.         0.52444547 0.54287234] -> F: 0.45642668373495804
Punto[1.         0.52484682 0.5425074 ] -> F: 0.45615821118626937
Punto[1.         0.52524816 0.54214246] -> F: 0.4558898338169697
Punto[1.         0.52564951 0.54177753] -> F: 0.455621551627059
Punto[1.         0.52605085 0.54141259] -> F: 0.4553533646165372
Punto[1.         0.5264522  0.54104765] -> F: 0.4550852727854043
{
  "seed": 8760,
  "n_per_z": 10,
  "nz": 100,
  "nd": 100,
  "n_muestras": 50,
  "best_f": 0.45906664350992654,
  "best_cp": [
    1.0,
    0.5204320290538272,
    0.5465217085570486
  ],
  "best_u": [
    -0.9995065603657316,
    0.012474716711115939,
    -0.028827369440197342
  ],
  "best_index": 38,
  "n_candidatos": 54
}
