Punto[0.         0.5897826  0.59214664] -> F: 0.18347443095699986
Punto[1.         0.59133338 0.55884355] -> F: 0.38470338171079305
Punto[2.         0.55756022 0.55630012] -> F: 0.09002756057795623
Punto[1.         0.57367141 0.57422338] -> F: 0.3783546973388285
Punto[1.         0.59098014 0.55915115] -> F: 0.38516583012916866
Punto[1.         0.59063396 0.55945259] -> F: 0.38561943717498387
Punto[1.         0.59028779 0.55975404] -> F: 0.38607344769947666
Punto[1.         0.58994161 0.56005548] -> F: 0.38652786170264736
Punto[1.         0.58959544 0.56035693] -> F: 0.38698267918449575
Punto[1.         0.58924927 0.56065837] -> F: 0.38742992329558895
Punto[1.         0.58890309 0.56095982] -> F: 0.3878748524486705
Punto[1.         0.58855692 0.56126126] -> F: 0.38832010811915674
Punto[1.         0.58821074 0.56156271] -> F: 0.38876569030704783
Punto[1.         0.58786457 0.56186415] -> F: 0.38921159901234353
Punto[1.         0.58751839 0.5621656 ] -> F: 0.38965110780352114
Punto[1.         0.58717222 0.56246704] -> F: 0.3900003863165198
Punto[1.         0.58682604 0.56276848] -> F: 0.38999023146028844
Punto[1.         0.58647987 0.56306993] -> F: 0.3896328716625832
Punto[1.         0.58613369 0.56337137] -> F: 0.38927932970324314
Punto[1.         0.58578752 0.56367282] -> F: 0.388935417862933
Punto[1.         0.58544135 0.56397426] -> F: 0.38860113614165287
Punto[1.         0.58509517 0.56427571] -> F: 0.3882764845394025
Punto[1.         0.584749   0.56457715] -> F: 0.38796146305618207
Punto[1.         0.58440282 0.5648786 ] -> F: 0.38765607169199146
Punto[1.         0.58405665 0.56518004] -> F: 0.38736029277870093
Punto[1.         0.58371047 0.56548149] -> F: 0.3870686731386298
Punto[1.         0.5833643  0.56578293] -> F: 0.38677688353213235
Punto[1.         0.58301812 0.56608438] -> F: 0.3864849239592083
Punto[1.         0.58267195 0.56638582] -> F: 0.38619279441985815
Punto[1.         0.58232577 0.56668726] -> F: 0.38590049491408146
Punto[1.         0.5819796  0.56698871] -> F: 0.38560802544187844
Punto[1.         0.58163343 0.56729015] -> F: 0.38531538600324905
Punto[1.         0.58128725 0.5675916 ] -> F: 0.3850225765981933
Punto[1.         0.58094108 0.56789304] -> F: 0.38472959722671113
Punto[1.         0.5805949  0.56819449] -> F: 0.3844085618532244
Punto[1.         0.58024873 0.56849593] -> F: 0.38408090204600565
Punto[1.         0.57990255 0.56879738] -> F: 0.3837564990381421
Punto[1.         0.57955638 0.56909882] -> F: 0.3834353528296335
Punto[1.         0.5792102  0.56940027] -> F: 0.3831174634204803
Punto[1.         0.57886403 0.56970171] -> F: 0.38280283081068245
Punto[1.         0.57851785 0.57000316] -> F: 0.3824914550002396
Punto[1.         0.57817168 0.5703046 ] -> F: 0.38218333598915194
Punto[1.         0.57782551 0.57060605] -> F: 0.38187847377741974
Punto[1.         0.57747933 0.57090749] -> F: 0.3815768683650425
Punto[1.         0.57713316 0.57120893] -> F: 0.38127851975202043
Punto[1.         0.57678698 0.57151038] -> F: 0.38098342793835405
Punto[1.         0.57644081 0.57181182] -> F: 0.380691377014243
Punto[1.         0.57609463 0.57211327] -> F: 0.3803998718831189
Punto[1.         0.57574846 0.57241471] -> F: 0.3801082010867655
Punto[1.         0.57540228 0.57271616] -> F: 0.37981636462518276
Punto[1.         0.57505611 0.5730176 ] -> F: 0.3795243624983707
Punto[1.         0.57470993 0.57331905] -> F: 0.3792321947063292
Punto[1.         0.57436376 0.57362049] -> F: 0.3789398612490583
Punto[1.         0.57401759 0.57392194] -> F: 0.37864736212655814
Best centerpoint:  [1.         0.58717222 0.56246704] Best F:  0.3900003863165198 Best u:  [0.99950656 0.02002197 0.02420241] índice:  12
{
  "seed": 13318,
  "n_per_z": 5,
  "nz": 100,
  "nd": 100,
  "n_muestras": 50,
  "best_f": 0.3900003863165198,
  "best_cp": [
    1.0,
    0.5871722183073051,
    0.5624670402081923
  ],
  "best_u": [
    0.9995065603657316,
    0.02002197137261541,
    0.02420240583533769
  ],
  "n_candidatos": 54
}
