Punto[0.         0.2496617  0.49029439] -> F: 0.08478154285807715
Punto[1.         0.46806509 0.37473796] -> F: 0.3870118339027107
Punto[2.         0.48202896 0.20116466] -> F: 0.09838911176325332
Punto[1.         0.36584533 0.34572952] -> F: 0.36584791650175524
Punto[1.         0.4660207  0.37415779] -> F: 0.3903768874845481
Punto[1.         0.46401719 0.37358922] -> F: 0.3937230603506744
Punto[1.         0.46201368 0.37302066] -> F: 0.3967871210516467
Punto[1.         0.46001017 0.37245209] -> F: 0.3991500183714653
Punto[1.         0.45800667 0.37188353] -> F: 0.4014292539911312
Punto[1.         0.45600316 0.37131496] -> F: 0.4037781211168544
Punto[1.         0.45399965 0.3707464 ] -> F: 0.40612237288728154
Punto[1.         0.45199615 0.37017783] -> F: 0.4082452930616125
Punto[1.         0.44999264 0.36960926] -> F: 0.4105410189177874
Punto[1.         0.44798913 0.3690407 ] -> F: 0.41313303490244313
Punto[1.         0.44598562 0.36847213] -> F: 0.4160213410155799
Punto[1.         0.44398212 0.36790357] -> F: 0.4192059372571975
Punto[1.         0.44197861 0.367335  ] -> F: 0.42216236127851925
Punto[1.         0.4399751  0.36676644] -> F: 0.42506436633120237
Punto[1.         0.43797159 0.36619787] -> F: 0.42803518508272537
Punto[1.         0.43596809 0.36562931] -> F: 0.43107481753308785
Punto[1.         0.43396458 0.36506074] -> F: 0.43418326368229
Punto[1.         0.43196107 0.36449218] -> F: 0.43736052353033167
Punto[1.         0.42995757 0.36392361] -> F: 0.43854958329230875
Punto[1.         0.42795406 0.36335505] -> F: 0.43685503083211563
Punto[1.         0.42595055 0.36278648] -> F: 0.4351643256251189
Punto[1.         0.42394704 0.36221792] -> F: 0.43347746767131845
Punto[1.         0.42194354 0.36164935] -> F: 0.4317944569707142
Punto[1.         0.41994003 0.36108079] -> F: 0.4301152935233063
Punto[1.         0.41793652 0.36051222] -> F: 0.42843997732909456
Punto[1.         0.41593302 0.35994366] -> F: 0.4267685083880791
Punto[1.         0.41392951 0.35937509] -> F: 0.4251008867002599
Punto[1.         0.411926   0.35880652] -> F: 0.42343711226563696
Punto[1.         0.40992249 0.35823796] -> F: 0.4217771850842104
Punto[1.         0.40791899 0.35766939] -> F: 0.42012110515597995
Punto[1.         0.40591548 0.35710083] -> F: 0.4184688724809457
Punto[1.         0.40391197 0.35653226] -> F: 0.4168179605803563
Punto[1.         0.40190846 0.3559637 ] -> F: 0.4151706814566524
Punto[1.         0.39990496 0.35539513] -> F: 0.41352726246409655
Punto[1.         0.39790145 0.35482657] -> F: 0.41188770360268884
Punto[1.         0.39589794 0.354258  ] -> F: 0.4099425014720764
Punto[1.         0.39389444 0.35368944] -> F: 0.40767002621110066
Punto[1.         0.39189093 0.35312087] -> F: 0.4048600047188547
Punto[1.         0.38988742 0.35255231] -> F: 0.4013525433303015
Punto[1.         0.38788391 0.35198374] -> F: 0.3979091240198168
Punto[1.         0.38588041 0.35141518] -> F: 0.3945538320562604
Punto[1.         0.3838769  0.35084661] -> F: 0.3911235202286143
Punto[1.         0.38187339 0.35027805] -> F: 0.38764472200113187
Punto[1.         0.37986989 0.34970948] -> F: 0.3843664270298342
Punto[1.         0.37786638 0.34914092] -> F: 0.38128863531472096
Punto[1.         0.37586287 0.34857235] -> F: 0.3784113468557924
Punto[1.         0.37385936 0.34800378] -> F: 0.3757345616530485
Punto[1.         0.37185586 0.34743522] -> F: 0.37325827970648906
Punto[1.         0.36985235 0.34686665] -> F: 0.3708840808372294
Punto[1.         0.36784884 0.34629809] -> F: 0.3683219349960281
Best centerpoint:  [1.         0.42995757 0.36392361] Best F:  0.43854958329230875 Best u:  [-0.39714789 -0.91730177  0.02882737] índice:  19
{
  "seed": 19750,
  "n_per_z": 5,
  "nz": 100,
  "nd": 100,
  "n_muestras": 50,
  "best_f": 0.43854958329230875,
  "best_cp": [
    1.0,
    0.4299575657159941,
    0.3639236122092029
  ],
  "best_u": [
    -0.3971478906347807,
    -0.9173017691771355,
    0.028827369440197294
  ],
  "n_candidatos": 54
}
