Punto[0.         0.53980037 0.41560387] -> F: 0.05320267328636573
Punto[1.         0.58843736 0.38165545] -> F: 0.31266807898659077
Punto[2.         0.51661466 0.48813086] -> F: 0.17575323598237272
Punto[1.         0.52820752 0.45186737] -> F: 0.27508280791551826
Punto[1.         0.58723276 0.38305969] -> F: 0.31750453968352815
Punto[1.         0.58605225 0.38443584] -> F: 0.3222706034136819
Punto[1.         0.58487175 0.385812  ] -> F: 0.32695657659961586
Punto[1.         0.58369124 0.38718815] -> F: 0.33142320053830104
Punto[1.         0.58251074 0.38856431] -> F: 0.3353298484963999
Punto[1.         0.58133023 0.38994046] -> F: 0.33901342353342356
Punto[1.         0.58014973 0.39131661] -> F: 0.3400859049619983
Punto[1.         0.57896922 0.39269277] -> F: 0.3388608018836723
Punto[1.         0.57778872 0.39406892] -> F: 0.33761518038295446
Punto[1.         0.57660822 0.39544507] -> F: 0.336371809609359
Punto[1.         0.57542771 0.39682123] -> F: 0.3351026511750358
Punto[1.         0.57424721 0.39819738] -> F: 0.3338164247974844
Punto[1.         0.5730667  0.39957353] -> F: 0.33253262487682456
Punto[1.         0.5718862  0.40094969] -> F: 0.3312206948967341
Punto[1.         0.57070569 0.40232584] -> F: 0.32989308074553436
Punto[1.         0.56952519 0.40370199] -> F: 0.3285680816563216
Punto[1.         0.56834468 0.40507815] -> F: 0.3272150399310673
Punto[1.         0.56716418 0.4064543 ] -> F: 0.32584510627071994
Punto[1.         0.56598367 0.40783045] -> F: 0.3244779907205358
Punto[1.         0.56480317 0.40920661] -> F: 0.3230859772210121
Punto[1.         0.56362266 0.41058276] -> F: 0.3216726242280058
Punto[1.         0.56244216 0.41195891] -> F: 0.3202623086773235
Punto[1.         0.56126165 0.41333507] -> F: 0.31883407948178516
Punto[1.         0.56008115 0.41471122] -> F: 0.31737611826694995
Punto[1.         0.55890064 0.41608738] -> F: 0.31592197417157786
Punto[1.         0.55772014 0.41746353] -> F: 0.3144716971906691
Punto[1.         0.55653963 0.41883968] -> F: 0.3129918550793842
Punto[1.         0.55535913 0.42021584] -> F: 0.3114980387796708
Punto[1.         0.55417862 0.42159199] -> F: 0.3100083702955725
Punto[1.         0.55299812 0.42296814] -> F: 0.30852284962708887
Punto[1.         0.55181761 0.4243443 ] -> F: 0.30701641690240306
Punto[1.         0.55063711 0.42572045] -> F: 0.3054859417646409
Punto[1.        0.5494566 0.4270966] -> F: 0.30395991974363856
Punto[1.         0.5482761  0.42847276] -> F: 0.3024383508393962
Punto[1.         0.54709559 0.42984891] -> F: 0.3009086693896678
Punto[1.         0.54591509 0.43122506] -> F: 0.29934047994419943
Punto[1.         0.54473458 0.43260122] -> F: 0.29777707729788055
Punto[1.         0.54355408 0.43397737] -> F: 0.2962184614507115
Punto[1.         0.54237357 0.43535352] -> F: 0.29466463240269214
Punto[1.         0.54119307 0.43672968] -> F: 0.2930627078281852
Punto[1.         0.54001256 0.43810583] -> F: 0.29146066335935816
Punto[1.         0.53883206 0.43948198] -> F: 0.28986377234845667
Punto[1.         0.53765155 0.44085814] -> F: 0.2882720347954804
Punto[1.         0.53647105 0.44223429] -> F: 0.28665426943975336
Punto[1.         0.53529054 0.44361044] -> F: 0.2850120412712201
Punto[1.         0.53411004 0.4449866 ] -> F: 0.28337537183493294
Punto[1.         0.53292953 0.44636275] -> F: 0.2817442611308917
Punto[1.         0.53174903 0.44773891] -> F: 0.28011766429574675
Punto[1.         0.53056852 0.44911506] -> F: 0.2784333692173408
Punto[1.         0.52938802 0.45049121] -> F: 0.2767550837572646
Best centerpoint:  [1.         0.58014973 0.39131661] Best F:  0.3400859049619983 Best u:  [-4.53990500e-01  5.45584144e-17  8.91006524e-01] índice:  7
{
  "seed": 2829,
  "n_per_z": 5,
  "nz": 100,
  "nd": 100,
  "n_muestras": 50,
  "best_f": 0.3400859049619983,
  "best_cp": [
    1.0,
    0.5801497297433371,
    0.3913166123790558
  ],
  "best_u": [
    -0.4539904997395467,
    5.4558414393334676e-17,
    0.8910065241883679
  ],
  "n_candidatos": 54
}
