Punto[0.         0.59154393 0.54601611] -> F: 0.150940736104108
Punto[1.         0.53336176 0.43735909] -> F: 0.3957149381544416
Punto[2.         0.47267506 0.47478425] -> F: 0.11826361447064389
Punto[1.         0.5321095  0.51040018] -> F: 0.4033237160340849
Punto[1.         0.53333672 0.43881991] -> F: 0.3981154703784848
Punto[1.         0.53331217 0.44025151] -> F: 0.40047848511560996
Punto[1.         0.53328763 0.44168312] -> F: 0.4028518870188076
Punto[1.         0.53326308 0.44311473] -> F: 0.4052354103374494
Punto[1.         0.53323854 0.44454633] -> F: 0.4076232484932141
Punto[1.         0.53321399 0.44597794] -> F: 0.4100130336676707
Punto[1.         0.53318945 0.44740954] -> F: 0.412404765860819
Punto[1.         0.53316491 0.44884115] -> F: 0.414753848237489
Punto[1.         0.53314036 0.45027275] -> F: 0.4171087901182862
Punto[1.         0.53311582 0.45170436] -> F: 0.41947271218020893
Punto[1.         0.53309127 0.45313596] -> F: 0.42184561442325713
Punto[1.         0.53306673 0.45456757] -> F: 0.42422749684743094
Punto[1.         0.53304218 0.45599917] -> F: 0.42661706084522427
Punto[1.         0.53301764 0.45743078] -> F: 0.42900909086990346
Punto[1.         0.53299309 0.45886239] -> F: 0.4313206810958287
Punto[1.         0.53296855 0.46029399] -> F: 0.430571431138756
Punto[1.         0.53294401 0.4617256 ] -> F: 0.42982277624034143
Punto[1.         0.53291946 0.4631572 ] -> F: 0.42905314689904817
Punto[1.         0.53289492 0.46458881] -> F: 0.42828502067397034
Punto[1.         0.53287037 0.46602041] -> F: 0.4275183975651077
Punto[1.         0.53284583 0.46745202] -> F: 0.42675327757246034
Punto[1.         0.53282128 0.46888362] -> F: 0.4259896606960285
Punto[1.         0.53279674 0.47031523] -> F: 0.42522754693581205
Punto[1.         0.53277219 0.47174683] -> F: 0.4244669362918108
Punto[1.         0.53274765 0.47317844] -> F: 0.4237078287640251
Punto[1.         0.53272311 0.47461005] -> F: 0.42294089757535946
Punto[1.         0.53269856 0.47604165] -> F: 0.4221612996635595
Punto[1.         0.53267402 0.47747326] -> F: 0.4213832999185056
Punto[1.         0.53264947 0.47890486] -> F: 0.4206068983401985
Punto[1.         0.53262493 0.48033647] -> F: 0.4198320949286374
Punto[1.         0.53260038 0.48176807] -> F: 0.41905888968382266
Punto[1.         0.53257584 0.48319968] -> F: 0.4182872826057544
Punto[1.         0.53255129 0.48463128] -> F: 0.41751727369443237
Punto[1.         0.53252675 0.48606289] -> F: 0.4167488629498568
Punto[1.         0.53250221 0.48749449] -> F: 0.4159600573545238
Punto[1.         0.53247766 0.4889261 ] -> F: 0.4151709979012474
Punto[1.         0.53245312 0.49035771] -> F: 0.4143836380831184
Punto[1.         0.53242857 0.49178931] -> F: 0.413597977900137
Punto[1.         0.53240403 0.49322092] -> F: 0.4128140173523031
Punto[1.         0.53237948 0.49465252] -> F: 0.41203175643961676
Punto[1.         0.53235494 0.49608413] -> F: 0.41125119516207803
Punto[1.         0.5323304  0.49751573] -> F: 0.41047233351968665
Punto[1.         0.53230585 0.49894734] -> F: 0.409680925734324
Punto[1.         0.53228131 0.50037894] -> F: 0.40888109850778676
Punto[1.         0.53225676 0.50181055] -> F: 0.4080830796688944
Punto[1.         0.53223222 0.50324216] -> F: 0.40728686921764684
Punto[1.         0.53220767 0.50467376] -> F: 0.40649246715404425
Punto[1.         0.53218313 0.50610537] -> F: 0.4056998734780865
Punto[1.         0.53215858 0.50753697] -> F: 0.4049090881897735
Punto[1.         0.53213404 0.50896858] -> F: 0.4041201112891054
{
  "seed": 19450,
  "n_per_z": 10,
  "nz": 100,
  "nd": 100,
  "n_muestras": 50,
  "best_f": 0.4313206810958287,
  "best_cp": [
    1.0,
    0.5329930943711128,
    0.4588623853906173
  ],
  "best_u": [
    0.99556196460308,
    0.057679649040301775,
    0.07436015547484602
  ],
  "best_index": 18,
  "n_candidatos": 54
}
