Punto[0.         0.65494937 0.62139165] -> F: 0.1256226600202122
Punto[1.         0.60486701 0.56123979] -> F: 0.4473024528555363
Punto[2.         0.57771582 0.52430675] -> F: 0.15734900087686607
Punto[1.         0.61633259 0.5728492 ] -> F: 0.44492206454419997
Punto[1.         0.60509632 0.56147198] -> F: 0.44747150386118184
Punto[1.         0.60532105 0.56169952] -> F: 0.44763767550765743
Punto[1.         0.60554577 0.56192706] -> F: 0.447804343747793
Punto[1.         0.6057705  0.56215461] -> F: 0.4479715085815895
Punto[1.         0.60599522 0.56238215] -> F: 0.4481391700090461
Punto[1.         0.60621995 0.5626097 ] -> F: 0.4483073280301633
Punto[1.         0.60644467 0.56283724] -> F: 0.4484759826449409
Punto[1.         0.6066694  0.56306479] -> F: 0.4486451338533789
Punto[1.         0.60689412 0.56329233] -> F: 0.4488147816554775
Punto[1.         0.60711885 0.56351988] -> F: 0.44898492605123647
Punto[1.         0.60734357 0.56374742] -> F: 0.4491555670406558
Punto[1.         0.6075683  0.56397497] -> F: 0.44932670462373564
Punto[1.         0.60779303 0.56420251] -> F: 0.44949833880047607
Punto[1.         0.60801775 0.56443005] -> F: 0.4495739947106243
Punto[1.         0.60824248 0.5646576 ] -> F: 0.44945236217565937
Punto[1.         0.6084672  0.56488514] -> F: 0.449330747463619
Punto[1.         0.60869193 0.56511269] -> F: 0.44920915057450306
Punto[1.         0.60891665 0.56534023] -> F: 0.44908757150831186
Punto[1.         0.60914138 0.56556778] -> F: 0.44896601026504523
Punto[1.         0.6093661  0.56579532] -> F: 0.4488444668447032
Punto[1.         0.60959083 0.56602287] -> F: 0.44872294124728573
Punto[1.         0.60981555 0.56625041] -> F: 0.44860143347279285
Punto[1.         0.61004028 0.56647795] -> F: 0.44847994352122467
Punto[1.         0.61026501 0.5667055 ] -> F: 0.4483546949914218
Punto[1.         0.61048973 0.56693304] -> F: 0.44822913931448066
Punto[1.         0.61071446 0.56716059] -> F: 0.4481036026847755
Punto[1.         0.61093918 0.56738813] -> F: 0.44797808510230636
Punto[1.         0.61116391 0.56761568] -> F: 0.44785258656707316
Punto[1.         0.61138863 0.56784322] -> F: 0.4477271070790757
Punto[1.         0.61161336 0.56807077] -> F: 0.4476016466383145
Punto[1.         0.61183808 0.56829831] -> F: 0.447476205244789
Punto[1.         0.61206281 0.56852585] -> F: 0.4473507828984995
Punto[1.         0.61228753 0.5687534 ] -> F: 0.44722537959944586
Punto[1.         0.61251226 0.56898094] -> F: 0.4470999953476283
Punto[1.         0.61273699 0.56920849] -> F: 0.4469746301430466
Punto[1.         0.61296171 0.56943603] -> F: 0.44684928398570084
Punto[1.         0.61318644 0.56966358] -> F: 0.446723956875591
Punto[1.         0.61341116 0.56989112] -> F: 0.44659864881271727
Punto[1.         0.61363589 0.57011867] -> F: 0.4464717692201392
Punto[1.         0.61386061 0.57034621] -> F: 0.446342515634327
Punto[1.         0.61408534 0.57057375] -> F: 0.4462132823266027
Punto[1.         0.61431006 0.5708013 ] -> F: 0.4460840692969665
Punto[1.         0.61453479 0.57102884] -> F: 0.44595487654541816
Punto[1.         0.61475951 0.57125639] -> F: 0.4458257040719579
Punto[1.         0.61498424 0.57148393] -> F: 0.4456965518765856
Punto[1.         0.61520897 0.57171148] -> F: 0.4455674199593014
Punto[1.         0.61543369 0.57193902] -> F: 0.4454383083201051
Punto[1.         0.61565842 0.57216657] -> F: 0.4453092169589968
Punto[1.         0.61588314 0.57239411] -> F: 0.44518014587597654
Punto[1.         0.61610787 0.57262166] -> F: 0.4450510950710443
Best centerpoint:  [1.         0.60801775 0.56443005] Best F:  0.4495739947106243 Best u:  [-0.97591676  0.21288965 -0.04758647] índice:  14
{
  "seed": 9897,
  "n_per_z": 5,
  "nz": 100,
  "nd": 100,
  "n_muestras": 50,
  "best_f": 0.4495739947106243,
  "best_cp": [
    1.0,
    0.6080177512602328,
    0.5644300541166779
  ],
  "best_u": [
    -0.9759167619387474,
    0.2128896457825363,
    -0.04758647376699028
  ],
  "n_candidatos": 54
}
