Punto[0.         0.57647302 0.53093403] -> F: 0.15514408247624975
Punto[1.         0.56485962 0.47834881] -> F: 0.42454919341095604
Punto[2.         0.52805924 0.50857835] -> F: 0.12607623375964194
Punto[1.         0.55226613 0.51975619] -> F: 0.4369938015155353
Punto[1.         0.56460775 0.47917696] -> F: 0.4260721138855097
Punto[1.         0.56436092 0.47998854] -> F: 0.42756667647071417
Punto[1.         0.56411409 0.48080013] -> F: 0.4290633183586854
Punto[1.         0.56386726 0.48161171] -> F: 0.4305620395494235
Punto[1.         0.56362042 0.4824233 ] -> F: 0.4320628400429284
Punto[1.         0.56337359 0.48323488] -> F: 0.4335657198392
Punto[1.         0.56312676 0.48404647] -> F: 0.43507067893823836
Punto[1.         0.56287993 0.48485805] -> F: 0.43657771734004364
Punto[1.         0.56263309 0.48566964] -> F: 0.43808683504461565
Punto[1.         0.56238626 0.48648122] -> F: 0.4395980320519544
Punto[1.         0.56213943 0.4872928 ] -> F: 0.44111130836205986
Punto[1.         0.5618926  0.48810439] -> F: 0.44262666397493233
Punto[1.         0.56164576 0.48891597] -> F: 0.4441440988905713
Punto[1.         0.56139893 0.48972756] -> F: 0.44566361310897745
Punto[1.         0.5611521  0.49053914] -> F: 0.44718520663015005
Punto[1.         0.56090527 0.49135073] -> F: 0.4487088794540895
Punto[1.         0.56065843 0.49216231] -> F: 0.4502346315807959
Punto[1.        0.5604116 0.4929739] -> F: 0.4508570515863824
Punto[1.         0.56016477 0.49378548] -> F: 0.4504552674088091
Punto[1.         0.55991794 0.49459707] -> F: 0.4500467206762239
Punto[1.         0.5596711  0.49540865] -> F: 0.4496384195950664
Punto[1.         0.55942427 0.49622024] -> F: 0.4492303641653367
Punto[1.         0.55917744 0.49703182] -> F: 0.44882255438703494
Punto[1.         0.55893061 0.49784341] -> F: 0.4484149902601609
Punto[1.         0.55868377 0.49865499] -> F: 0.44800767178471473
Punto[1.         0.55843694 0.49946657] -> F: 0.44760059896069654
Punto[1.         0.55819011 0.50027816] -> F: 0.447185631072042
Punto[1.         0.55794328 0.50108974] -> F: 0.4467698203926309
Punto[1.         0.55769644 0.50190133] -> F: 0.4463542666532463
Punto[1.         0.55744961 0.50271291] -> F: 0.44593896985388815
Punto[1.         0.55720278 0.5035245 ] -> F: 0.44552392999455653
Punto[1.         0.55695595 0.50433608] -> F: 0.44510914707525123
Punto[1.         0.55670912 0.50514767] -> F: 0.44469462109597235
Punto[1.         0.55646228 0.50595925] -> F: 0.4442755380367215
Punto[1.         0.55621545 0.50677084] -> F: 0.4438521836539517
Punto[1.         0.55596862 0.50758242] -> F: 0.4434290979455093
Punto[1.         0.55572179 0.50839401] -> F: 0.4430062809113943
Punto[1.         0.55547495 0.50920559] -> F: 0.4425837325516067
Punto[1.         0.55522812 0.51001717] -> F: 0.4421614528661465
Punto[1.         0.55498129 0.51082876] -> F: 0.44173944185501346
Punto[1.         0.55473446 0.51164034] -> F: 0.44131654584968927
Punto[1.         0.55448762 0.51245193] -> F: 0.4408855933947566
Punto[1.         0.55424079 0.51326351] -> F: 0.4404549218398309
Punto[1.         0.55399396 0.5140751 ] -> F: 0.44002453118491214
Punto[1.         0.55374713 0.51488668] -> F: 0.4395944214300004
Punto[1.         0.55350029 0.51569827] -> F: 0.43916459257509555
Punto[1.         0.55325346 0.51650985] -> F: 0.4387350446201977
Punto[1.         0.55300663 0.51732144] -> F: 0.43830577756530675
Punto[1.         0.5527598  0.51813302] -> F: 0.4378701733381018
Punto[1.         0.55251296 0.51894461] -> F: 0.43743184059264273
{
  "seed": 17694,
  "n_per_z": 10,
  "nz": 100,
  "nd": 100,
  "n_muestras": 50,
  "best_f": 0.4508570515863824,
  "best_cp": [
    1.0,
    0.5604116017563474,
    0.4929738972089826
  ],
  "best_u": [
    0.9995065603657316,
    0.007811538130902161,
    0.030423932321343345
  ],
  "best_index": 21,
  "n_candidatos": 54
}
