Punto[0.         0.5964517  0.58279236] -> F: 0.10893397655537874
Punto[1.         0.56019378 0.5579938 ] -> F: 0.4087715910092578
Punto[2.         0.56119821 0.46574992] -> F: 0.1827033570228592
Punto[1.         0.57882495 0.52427114] -> F: 0.4000927181814096
Punto[1.         0.56056641 0.55731934] -> F: 0.4093349451339732
Punto[1.         0.56093158 0.55665838] -> F: 0.40988886288989257
Punto[1.         0.56129675 0.55599742] -> F: 0.41044459286745283
Punto[1.         0.56166192 0.55533645] -> F: 0.41100213506665384
Punto[1.         0.56202709 0.55467549] -> F: 0.41156062849107766
Punto[1.         0.56239226 0.55401452] -> F: 0.41210657724882993
Punto[1.         0.56275743 0.55335356] -> F: 0.4126547934915825
Punto[1.        0.5631226 0.5526926] -> F: 0.4132052772193356
Punto[1.         0.56348777 0.55203163] -> F: 0.41375802843208875
Punto[1.         0.56385295 0.55137067] -> F: 0.4143130471298424
Punto[1.         0.56421812 0.5507097 ] -> F: 0.41487033331259643
Punto[1.         0.56458329 0.55004874] -> F: 0.4152851743256872
Punto[1.         0.56494846 0.54938778] -> F: 0.4149060246213554
Punto[1.         0.56531363 0.54872681] -> F: 0.4145250635164932
Punto[1.         0.5656788  0.54806585] -> F: 0.4141418367585579
Punto[1.         0.56604397 0.54740488] -> F: 0.4137587162989721
Punto[1.         0.56640914 0.54674392] -> F: 0.4133757021377359
Punto[1.         0.56677431 0.54608295] -> F: 0.41299279427484914
Punto[1.         0.56713948 0.54542199] -> F: 0.41260999271031196
Punto[1.         0.56750465 0.54476103] -> F: 0.4122272974441241
Punto[1.         0.56786983 0.54410006] -> F: 0.41184470847628585
Punto[1.        0.568235  0.5434391] -> F: 0.41145826135202535
Punto[1.         0.56860017 0.54277813] -> F: 0.4110715299188923
Punto[1.         0.56896534 0.54211717] -> F: 0.41068490722023115
Punto[1.         0.56933051 0.54145621] -> F: 0.4102983932560423
Punto[1.         0.56969568 0.54079524] -> F: 0.40991198802632556
Punto[1.         0.57006085 0.54013428] -> F: 0.409525691531081
Punto[1.         0.57042602 0.53947331] -> F: 0.40913950377030833
Punto[1.         0.57079119 0.53881235] -> F: 0.40875221934526157
Punto[1.         0.57115636 0.53815139] -> F: 0.40836181031479407
Punto[1.         0.57152153 0.53749042] -> F: 0.4079715125346736
Punto[1.         0.5718867  0.53682946] -> F: 0.40758132600490027
Punto[1.         0.57225188 0.53616849] -> F: 0.40719125072547413
Punto[1.         0.57261705 0.53550753] -> F: 0.40680128669639504
Punto[1.         0.57298222 0.53484657] -> F: 0.40641143391766305
Punto[1.         0.57334739 0.5341856 ] -> F: 0.4060216923892782
Punto[1.         0.57371256 0.53352464] -> F: 0.40562973056920076
Punto[1.         0.57407773 0.53286367] -> F: 0.4052356797128069
Punto[1.         0.5744429  0.53220271] -> F: 0.4048417427112538
Punto[1.         0.57480807 0.53154175] -> F: 0.404447919564541
Punto[1.         0.57517324 0.53088078] -> F: 0.40405421027266886
Punto[1.         0.57553841 0.53021982] -> F: 0.40366061483563725
Punto[1.         0.57590358 0.52955885] -> F: 0.4032671332534463
Punto[1.         0.57626876 0.52889789] -> F: 0.4028737655260957
Punto[1.         0.57663393 0.52823692] -> F: 0.4024776363418207
Punto[1.         0.5769991  0.52757596] -> F: 0.40207985858727946
Punto[1.         0.57736427 0.526915  ] -> F: 0.4016821973905273
Punto[1.         0.57772944 0.52625403] -> F: 0.4012846527515642
Punto[1.         0.57809461 0.52559307] -> F: 0.40088722467039023
Punto[1.         0.57845978 0.5249321 ] -> F: 0.4004899131470053
{
  "seed": 1303,
  "n_per_z": 10,
  "nz": 100,
  "nd": 100,
  "n_muestras": 50,
  "best_f": 0.4152851743256872,
  "best_cp": [
    1.0,
    0.5645832874218024,
    0.5500487392766885
  ],
  "best_u": [
    -0.9995065603657316,
    0.01156307163512216,
    -0.029204985194744616
  ],
  "best_index": 15,
  "n_candidatos": 54
}
