Punto[0.         0.61096677 0.45608647] -> F: 0.1459399750986563
Punto[1.         0.56406116 0.48570841] -> F: 0.42458450909911266
Punto[2.         0.55424954 0.60878227] -> F: 0.12262677388296016
Punto[1.         0.58260815 0.53243437] -> F: 0.4403129894222287
Punto[1.         0.5644321  0.48664293] -> F: 0.42578179430928725
Punto[1.         0.56479563 0.48755876] -> F: 0.4269568677992078
Punto[1.         0.56515915 0.48847459] -> F: 0.42813365775808815
Punto[1.         0.56552267 0.48939042] -> F: 0.42930380961708153
Punto[1.         0.56588619 0.49030625] -> F: 0.43046304876130437
Punto[1.         0.56624971 0.49122208] -> F: 0.43162002028188495
Punto[1.         0.56661323 0.49213791] -> F: 0.4326468524832304
Punto[1.         0.56697675 0.49305373] -> F: 0.4336756617874694
Punto[1.         0.56734027 0.49396956] -> F: 0.4347064481946021
Punto[1.         0.56770379 0.49488539] -> F: 0.4357392117046279
Punto[1.         0.56806731 0.49580122] -> F: 0.4367739523175477
Punto[1.         0.56843084 0.49671705] -> F: 0.437810670033361
Punto[1.         0.56879436 0.49763288] -> F: 0.4388493648520679
Punto[1.         0.56915788 0.49854871] -> F: 0.4398900367736684
Punto[1.         0.5695214  0.49946454] -> F: 0.4409326857981623
Punto[1.         0.56988492 0.50038037] -> F: 0.44197731192554984
Punto[1.         0.57024844 0.50129619] -> F: 0.44301618537957665
Punto[1.         0.57061196 0.50221202] -> F: 0.4440434724497388
Punto[1.         0.57097548 0.50312785] -> F: 0.44507284462898433
Punto[1.         0.571339   0.50404368] -> F: 0.44610430191731326
Punto[1.         0.57170252 0.50495951] -> F: 0.4471378443147257
Punto[1.         0.57206605 0.50587534] -> F: 0.44807804631970977
Punto[1.         0.57242957 0.50679117] -> F: 0.448971889195845
Punto[1.         0.57279309 0.507707  ] -> F: 0.44986823676704984
Punto[1.         0.57315661 0.50862282] -> F: 0.45076708903332385
Punto[1.         0.57352013 0.50953865] -> F: 0.45166844599466704
Punto[1.         0.57388365 0.51045448] -> F: 0.4525723076510797
Punto[1.         0.57424717 0.51137031] -> F: 0.4534693845755617
Punto[1.         0.57461069 0.51228614] -> F: 0.4543678319089927
Punto[1.         0.57497421 0.51320197] -> F: 0.4542221001050676
Punto[1.         0.57533773 0.5141178 ] -> F: 0.4536772999824348
Punto[1.         0.57570126 0.51503363] -> F: 0.4531329670700182
Punto[1.         0.57606478 0.51594946] -> F: 0.4525891013678179
Punto[1.         0.5764283  0.51686528] -> F: 0.4520457028758336
Punto[1.         0.57679182 0.51778111] -> F: 0.4515027715940657
Punto[1.         0.57715534 0.51869694] -> F: 0.4509603075225139
Punto[1.         0.57751886 0.51961277] -> F: 0.4504183106611783
Punto[1.         0.57788238 0.5205286 ] -> F: 0.44987678101005896
Punto[1.         0.5782459  0.52144443] -> F: 0.4493357185691559
Punto[1.         0.57860942 0.52236026] -> F: 0.44879512333846894
Punto[1.         0.57897294 0.52327609] -> F: 0.4482549953179982
Punto[1.         0.57933647 0.52419191] -> F: 0.44771533450774365
Punto[1.         0.57969999 0.52510774] -> F: 0.44717614090770536
Punto[1.         0.58006351 0.52602357] -> F: 0.4466374145178833
Punto[1.         0.58042703 0.5269394 ] -> F: 0.4460991553382774
Punto[1.         0.58079055 0.52785523] -> F: 0.4455613633688877
Punto[1.         0.58115407 0.52877106] -> F: 0.44502403860971423
Punto[1.         0.58151759 0.52968689] -> F: 0.44408201862219876
Punto[1.         0.58188111 0.53060272] -> F: 0.4428240776202655
Punto[1.         0.58224463 0.53151855] -> F: 0.44156773455360865
{
  "seed": 18169,
  "n_per_z": 10,
  "nz": 100,
  "nd": 100,
  "n_muestras": 50,
  "best_f": 0.4543678319089927,
  "best_cp": [
    1.0,
    0.5746106924008056,
    0.5122861400717894
  ],
  "best_u": [
    0.24868988716485485,
    -0.9005658478447126,
    -0.35655924292838864
  ],
  "best_index": 32,
  "n_candidatos": 54
}
