Punto[0.         0.3984327  0.42175374] -> F: 0.06632594982178386
Punto[1.         0.42373013 0.4659175 ] -> F: 0.4325335643698655
Punto[2.         0.40935539 0.61972641] -> F: 0.10395763607217982
Punto[1.         0.40389405 0.52074008] -> F: 0.39546170808745795
Punto[1.         0.42333341 0.46701396] -> F: 0.4334446770477511
Punto[1.         0.42294462 0.46808848] -> F: 0.43430799336370784
Punto[1.         0.42255584 0.469163  ] -> F: 0.4350669586142057
Punto[1.         0.42216705 0.47023752] -> F: 0.43491429338778514
Punto[1.         0.42177826 0.47131205] -> F: 0.4347617911468827
Punto[1.         0.42138947 0.47238657] -> F: 0.4346094518914978
Punto[1.         0.42100069 0.47346109] -> F: 0.43445727562163083
Punto[1.         0.4206119  0.47453561] -> F: 0.43430526233728184
Punto[1.         0.42022311 0.47561014] -> F: 0.4341534120384503
Punto[1.         0.41983433 0.47668466] -> F: 0.43400172472513726
Punto[1.         0.41944554 0.47775918] -> F: 0.4331112568525439
Punto[1.         0.41905675 0.4788337 ] -> F: 0.4321467156818858
Punto[1.         0.41866796 0.47990823] -> F: 0.4311833695087418
Punto[1.         0.41827918 0.48098275] -> F: 0.43022121833311233
Punto[1.         0.41789039 0.48205727] -> F: 0.42926026215499735
Punto[1.         0.4175016  0.48313179] -> F: 0.4283005009743968
Punto[1.         0.41711281 0.48420631] -> F: 0.42734193479131066
Punto[1.         0.41672403 0.48528084] -> F: 0.42638456360573873
Punto[1.         0.41633524 0.48635536] -> F: 0.4254283874176815
Punto[1.         0.41594645 0.48742988] -> F: 0.42447340622713853
Punto[1.         0.41555766 0.4885044 ] -> F: 0.42351962003411003
Punto[1.         0.41516888 0.48957893] -> F: 0.42256702883859587
Punto[1.         0.41478009 0.49065345] -> F: 0.4216156326405963
Punto[1.         0.4143913  0.49172797] -> F: 0.42066543144011087
Punto[1.         0.41400252 0.49280249] -> F: 0.41971642523714014
Punto[1.         0.41361373 0.49387702] -> F: 0.41876861403168364
Punto[1.         0.41322494 0.49495154] -> F: 0.41782199782374163
Punto[1.         0.41283615 0.49602606] -> F: 0.416876576613314
Punto[1.         0.41244737 0.49710058] -> F: 0.41593235040040083
Punto[1.         0.41205858 0.49817511] -> F: 0.41498931918500204
Punto[1.         0.41166979 0.49924963] -> F: 0.4140474829671177
Punto[1.         0.411281   0.50032415] -> F: 0.4131068417467478
Punto[1.         0.41089222 0.50139867] -> F: 0.41216739552389214
Punto[1.         0.41050343 0.5024732 ] -> F: 0.4112291442985512
Punto[1.         0.41011464 0.50354772] -> F: 0.4102920880707244
Punto[1.         0.40972585 0.50462224] -> F: 0.4093562268404122
Punto[1.         0.40933707 0.50569676] -> F: 0.40842156060761425
Punto[1.         0.40894828 0.50677129] -> F: 0.4074880893723308
Punto[1.         0.40855949 0.50784581] -> F: 0.4065558131345619
Punto[1.         0.40817071 0.50892033] -> F: 0.40562473189430714
Punto[1.         0.40778192 0.50999485] -> F: 0.40469484565156694
Punto[1.         0.40739313 0.51106938] -> F: 0.4037661544063412
Punto[1.         0.40700434 0.5121439 ] -> F: 0.4028386581586298
Punto[1.         0.40661556 0.51321842] -> F: 0.4019123569084329
Punto[1.         0.40622677 0.51429294] -> F: 0.4009872506557504
Punto[1.         0.40583798 0.51536746] -> F: 0.4000633394005822
Punto[1.         0.40544919 0.51644199] -> F: 0.3991406231429286
Punto[1.         0.40506041 0.51751651] -> F: 0.39821910188278925
Punto[1.         0.40467162 0.51859103] -> F: 0.39729877562016436
Punto[1.         0.40428283 0.51966555] -> F: 0.39637964435505385
Best centerpoint:  [1.         0.42255584 0.469163  ] Best F:  0.4350669586142057 Best u:  [-0.18738131  0.90149867  0.39011331] índice:  3
{
  "seed": 19327,
  "n_per_z": 5,
  "nz": 100,
  "nd": 100,
  "n_muestras": 50,
  "best_f": 0.4350669586142057,
  "best_cp": [
    1.0,
    0.42255583637205557,
    0.46916300091101937
  ],
  "best_u": [
    -0.1873813145857246,
    0.9014986681066547,
    0.3901133096243366
  ],
  "n_candidatos": 54
}
