Punto[0.         0.61144853 0.46780935] -> F: 0.118950571905289
Punto[1.         0.60165751 0.45089595] -> F: 0.2718390155519282
Punto[2.         0.26377671 0.5872245 ] -> F: 0.07276056634598962
Punto[1.         0.43761262 0.52751693] -> F: 0.2839245339592266
Punto[1.         0.59837661 0.45242837] -> F: 0.2752620284413725
Punto[1.         0.59516133 0.45393014] -> F: 0.27860758135869274
Punto[1.         0.59194605 0.45543191] -> F: 0.2821201571855757
Punto[1.         0.58873077 0.45693368] -> F: 0.285799755922021
Punto[1.         0.58551549 0.45843545] -> F: 0.28964375612177645
Punto[1.         0.58230021 0.45993722] -> F: 0.2936668849190114
Punto[1.         0.57908493 0.46143899] -> F: 0.29912129088410583
Punto[1.         0.57586965 0.46294076] -> F: 0.30619830577050067
Punto[1.         0.57265437 0.46444254] -> F: 0.31350558931148026
Punto[1.         0.56943909 0.46594431] -> F: 0.3215404444510629
Punto[1.         0.56622381 0.46744608] -> F: 0.3265509345603696
Punto[1.         0.56300853 0.46894785] -> F: 0.3314637932398362
Punto[1.         0.55979325 0.47044962] -> F: 0.3367454550973422
Punto[1.         0.55657797 0.47195139] -> F: 0.34164563283039456
Punto[1.         0.55336269 0.47345316] -> F: 0.3465903728481429
Punto[1.         0.55014741 0.47495493] -> F: 0.352408246397503
Punto[1.         0.54693213 0.47645671] -> F: 0.3594422004916248
Punto[1.         0.54371685 0.47795848] -> F: 0.3672189533581568
Punto[1.         0.54050157 0.47946025] -> F: 0.3753597750638024
Punto[1.         0.53728629 0.48096202] -> F: 0.3760626431891202
Punto[1.         0.53407101 0.48246379] -> F: 0.37310532283771425
Punto[1.         0.53085573 0.48396556] -> F: 0.37011812314096776
Punto[1.         0.52764045 0.48546733] -> F: 0.36714100617505074
Punto[1.         0.52442517 0.4869691 ] -> F: 0.3641390670360982
Punto[1.         0.52120989 0.48847088] -> F: 0.36113726528465134
Punto[1.         0.51799461 0.48997265] -> F: 0.3581244115052405
Punto[1.         0.51477933 0.49147442] -> F: 0.3550988916462204
Punto[1.         0.51156405 0.49297619] -> F: 0.3520733894325966
Punto[1.         0.50834877 0.49447796] -> F: 0.34902503805510904
Punto[1.         0.50513349 0.49597973] -> F: 0.3459854685771496
Punto[1.         0.50191822 0.4974815 ] -> F: 0.342915095007429
Punto[1.         0.49870294 0.49898327] -> F: 0.3398560700517125
Punto[1.         0.49548766 0.50048505] -> F: 0.3367686396043484
Punto[1.         0.49227238 0.50198682] -> F: 0.33368865710035955
Punto[1.         0.4890571  0.50348859] -> F: 0.3305915240663214
Punto[1.         0.48584182 0.50499036] -> F: 0.32750830350877125
Punto[1.         0.48262654 0.50649213] -> F: 0.3244480395901395
Punto[1.         0.47941126 0.5079939 ] -> F: 0.3214107323104264
Punto[1.         0.47619598 0.50949567] -> F: 0.3183963816696318
Punto[1.         0.4729807  0.51099744] -> F: 0.31540498766775577
Punto[1.         0.46976542 0.51249922] -> F: 0.3124365503047983
Punto[1.         0.46655014 0.51400099] -> F: 0.3094910695807593
Punto[1.         0.46333486 0.51550276] -> F: 0.30656854549563883
Punto[1.         0.46011958 0.51700453] -> F: 0.3036673865834831
Punto[1.        0.4569043 0.5185063] -> F: 0.3007774672357047
Punto[1.         0.45368902 0.52000807] -> F: 0.29791071849793566
Punto[1.         0.45047374 0.52150984] -> F: 0.2950671403701755
Punto[1.         0.44725846 0.52301161] -> F: 0.2922467328524247
Punto[1.         0.44404318 0.52451339] -> F: 0.28944949594468283
Punto[1.         0.4408279  0.52601516] -> F: 0.2866754296469502
Best centerpoint:  [1.         0.53728629 0.48096202] Best F:  0.3760626431891202 Best u:  [ 0.30901699 -0.93421069 -0.17821022] índice:  20
{
  "seed": 13570,
  "n_per_z": 5,
  "nz": 100,
  "nd": 100,
  "n_muestras": 50,
  "best_f": 0.3760626431891202,
  "best_cp": [
    1.0,
    0.5372862926807105,
    0.4809620196229568
  ],
  "best_u": [
    0.3090169943749471,
    -0.9342106906791708,
    -0.1782102202687055
  ],
  "n_candidatos": 54
}
