Punto[0.         0.71422708 0.19314192] -> F: 0.015234145158528731
Punto[1.         0.61051478 0.4609831 ] -> F: 0.25645081797014363
Punto[2.         0.38582492 0.46935121] -> F: 0.21741770746529512
Punto[1.         0.550026   0.33124657] -> F: 0.15088077048282142
Punto[1.         0.60930501 0.45838837] -> F: 0.25707262127821295
Punto[1.         0.60811943 0.45584553] -> F: 0.25475900378643335
Punto[1.         0.60693385 0.4533027 ] -> F: 0.2524542317685436
Punto[1.         0.60574827 0.45075986] -> F: 0.250158305224544
Punto[1.         0.60456269 0.44821702] -> F: 0.2478712241544343
Punto[1.         0.60337711 0.44567419] -> F: 0.24558518035344698
Punto[1.         0.60219153 0.44313135] -> F: 0.24329027403768974
Punto[1.         0.60100595 0.44058852] -> F: 0.2410044138644701
Punto[1.         0.59982037 0.43804568] -> F: 0.23872759983378808
Punto[1.         0.59863479 0.43550284] -> F: 0.23645983194564352
Punto[1.         0.59744921 0.43296001] -> F: 0.23420111020003692
Punto[1.         0.59626363 0.43041717] -> F: 0.2319514345969677
Punto[1.         0.59507804 0.42787434] -> F: 0.2297108051364365
Punto[1.         0.59389246 0.4253315 ] -> F: 0.2274692019494453
Punto[1.         0.59270688 0.42278866] -> F: 0.22522155406592814
Punto[1.         0.5915213  0.42024583] -> F: 0.22298315865617122
Punto[1.         0.59033572 0.41770299] -> F: 0.2207540157201745
Punto[1.         0.58915014 0.41516016] -> F: 0.21853412525793794
Punto[1.         0.58796456 0.41261732] -> F: 0.21632348726946157
Punto[1.         0.58677898 0.41007448] -> F: 0.21412210175474528
Punto[1.         0.5855934  0.40753165] -> F: 0.21192996871378927
Punto[1.         0.58440782 0.40498881] -> F: 0.209745369478333
Punto[1.         0.58322224 0.40244598] -> F: 0.2075590235678348
Punto[1.         0.58203666 0.39990314] -> F: 0.20538448171890963
Punto[1.         0.58085108 0.3973603 ] -> F: 0.2032217439315575
Punto[1.         0.5796655  0.39481747] -> F: 0.20107081020577822
Punto[1.         0.57847992 0.39227463] -> F: 0.1989316805415719
Punto[1.         0.57729434 0.3897318 ] -> F: 0.19680435493893858
Punto[1.         0.57610876 0.38718896] -> F: 0.19468883339787837
Punto[1.         0.57492318 0.38464612] -> F: 0.19258511591839111
Punto[1.         0.5737376  0.38210329] -> F: 0.19049320250047688
Punto[1.         0.57255202 0.37956045] -> F: 0.18841309314413562
Punto[1.         0.57136644 0.37701762] -> F: 0.18634478784936723
Punto[1.         0.57018086 0.37447478] -> F: 0.184288286616172
Punto[1.         0.56899528 0.37193194] -> F: 0.18224358944454966
Punto[1.         0.5678097  0.36938911] -> F: 0.1802048985698981
Punto[1.         0.56662412 0.36684627] -> F: 0.17816961847513949
Punto[1.         0.56543854 0.36430344] -> F: 0.17614630968149922
Punto[1.         0.56425296 0.3617606 ] -> F: 0.17413497218897706
Punto[1.         0.56306738 0.35921776] -> F: 0.17213560599757324
Punto[1.         0.5618818  0.35667493] -> F: 0.17014821110728762
Punto[1.         0.56069622 0.35413209] -> F: 0.16817278751812018
Punto[1.         0.55951064 0.35158926] -> F: 0.166209335230071
Punto[1.         0.55832506 0.34904642] -> F: 0.1642578542431401
Punto[1.         0.55713948 0.34650358] -> F: 0.1623183445573274
Punto[1.         0.5559539  0.34396075] -> F: 0.16039080617263285
Punto[1.         0.55476832 0.34141791] -> F: 0.1584752390890567
Punto[1.         0.55358274 0.33887507] -> F: 0.15656088863796813
Punto[1.         0.55239716 0.33633224] -> F: 0.1546553666280206
Punto[1.         0.55121158 0.3337894 ] -> F: 0.15276199390963838
Best centerpoint:  [1.         0.60930501 0.45838837] Best F:  0.25707262127821295 Best u:  [-0.99802673 -0.05301579 -0.03364484] índice:  1
{
  "seed": 4358,
  "n_per_z": 5,
  "nz": 100,
  "nd": 100,
  "n_muestras": 50,
  "best_f": 0.25707262127821295,
  "best_cp": [
    1.0,
    0.6093050074268411,
    0.4583883690377232
  ],
  "best_u": [
    -0.9980267284282716,
    -0.05301578909537893,
    -0.03364484283445808
  ],
  "n_candidatos": 54
}
