Punto[0.         0.41100358 0.63709766] -> F: 0.08178602427252232
Punto[1.         0.54962034 0.48029482] -> F: 0.2914385234465255
Punto[2.         0.44684585 0.50632417] -> F: 0.13064366211921388
Punto[1.         0.42892472 0.57171091] -> F: 0.32247416499365306
Punto[1.         0.54720643 0.48212314] -> F: 0.2982988106023984
Punto[1.        0.5448408 0.4839149] -> F: 0.3054659274199365
Punto[1.         0.54247516 0.48570665] -> F: 0.3119062962571292
Punto[1.         0.54010953 0.48749841] -> F: 0.3186269335616454
Punto[1.         0.53774389 0.48929016] -> F: 0.3256470884056957
Punto[1.         0.53537826 0.49108192] -> F: 0.332585999250141
Punto[1.         0.53301263 0.49287367] -> F: 0.339358142604352
Punto[1.         0.53064699 0.49466543] -> F: 0.3449662093104529
Punto[1.         0.52828136 0.49645718] -> F: 0.35000660960080243
Punto[1.         0.52591572 0.49824894] -> F: 0.3546730686866661
Punto[1.         0.52355009 0.5000407 ] -> F: 0.3606107316908617
Punto[1.         0.52118445 0.50183245] -> F: 0.3679867889310387
Punto[1.         0.51881882 0.50362421] -> F: 0.37541602633644333
Punto[1.         0.51645319 0.50541596] -> F: 0.38277981739717165
Punto[1.         0.51408755 0.50720772] -> F: 0.39018997900278957
Punto[1.         0.51172192 0.50899947] -> F: 0.39717026209378586
Punto[1.         0.50935628 0.51079123] -> F: 0.40433268599594296
Punto[1.         0.50699065 0.51258298] -> F: 0.4032657288791525
Punto[1.         0.50462501 0.51437474] -> F: 0.40070392456658355
Punto[1.         0.50225938 0.51616649] -> F: 0.3981464360225172
Punto[1.         0.49989375 0.51795825] -> F: 0.3955932632469532
Punto[1.         0.49752811 0.51975001] -> F: 0.3930444062398919
Punto[1.         0.49516248 0.52154176] -> F: 0.39049781724408966
Punto[1.         0.49279684 0.52333352] -> F: 0.3879551147414793
Punto[1.         0.49043121 0.52512527] -> F: 0.3854208668172305
Punto[1.         0.48806557 0.52691703] -> F: 0.3828950734713431
Punto[1.         0.48569994 0.52870878] -> F: 0.38037773470381725
Punto[1.         0.48333431 0.53050054] -> F: 0.3778688505146529
Punto[1.         0.48096867 0.53229229] -> F: 0.3753675200385455
Punto[1.         0.47860304 0.53408405] -> F: 0.3728744232616373
Punto[1.        0.4762374 0.5358758] -> F: 0.3703897887100412
Punto[1.         0.47387177 0.53766756] -> F: 0.36791361638375725
Punto[1.         0.47150613 0.53945932] -> F: 0.3654459062827853
Punto[1.         0.4691405  0.54125107] -> F: 0.36298665840712535
Punto[1.         0.46677486 0.54304283] -> F: 0.36053587275677756
Punto[1.         0.46440923 0.54483458] -> F: 0.35809354933174176
Punto[1.         0.4620436  0.54662634] -> F: 0.355659688132018
Punto[1.         0.45967796 0.54841809] -> F: 0.35323428915760646
Punto[1.         0.45731233 0.55020985] -> F: 0.35081735240850687
Punto[1.         0.45494669 0.5520016 ] -> F: 0.34840887788471936
Punto[1.         0.45258106 0.55379336] -> F: 0.3460088655862439
Punto[1.         0.45021542 0.55558512] -> F: 0.3436173155130805
Punto[1.         0.44784979 0.55737687] -> F: 0.3412342276652293
Punto[1.         0.44548416 0.55916863] -> F: 0.33885960204269
Punto[1.         0.44311852 0.56096038] -> F: 0.3364934386454628
Punto[1.         0.44075289 0.56275214] -> F: 0.3341357374735477
Punto[1.         0.43838725 0.56454389] -> F: 0.3317864985269447
Punto[1.         0.43602162 0.56633565] -> F: 0.32944572180565374
Punto[1.         0.43365598 0.5681274 ] -> F: 0.3271134073096748
Punto[1.         0.43129035 0.56991916] -> F: 0.32478955503900797
Best centerpoint:  [1.         0.50935628 0.51079123] Best F:  0.40433268599594296 Best u:  [-0.06279052  0.76899281 -0.63616618] índice:  17
{
  "seed": 4081,
  "n_per_z": 5,
  "nz": 100,
  "nd": 100,
  "n_muestras": 50,
  "best_f": 0.40433268599594296,
  "best_cp": [
    1.0,
    0.5093562828390594,
    0.5107912282640281
  ],
  "best_u": [
    -0.06279051952931353,
    0.7689928108981794,
    -0.636166179110581
  ],
  "n_candidatos": 54
}
