Punto[0.         0.57132394 0.42759843] -> F: 0.08412096407149307
Punto[1.         0.53134376 0.51279804] -> F: 0.38368837033331715
Punto[2.         0.34848723 0.54572521] -> F: 0.11117134444622473
Punto[1.         0.45990559 0.48666182] -> F: 0.39657698607967956
Punto[1.         0.52991499 0.51227531] -> F: 0.3867175143932224
Punto[1.         0.52851481 0.51176304] -> F: 0.3896511301452929
Punto[1.         0.52711462 0.51125077] -> F: 0.3926244226154837
Punto[1.         0.52571443 0.51073851] -> F: 0.39563739180379537
Punto[1.         0.52431424 0.51022624] -> F: 0.3977276835812483
Punto[1.         0.52291405 0.50971397] -> F: 0.39971921972255386
Punto[1.         0.52151386 0.5092017 ] -> F: 0.4017176179714948
Punto[1.         0.52011368 0.50868943] -> F: 0.4037938183124926
Punto[1.         0.51871349 0.50817716] -> F: 0.40589978009506406
Punto[1.         0.5173133  0.50766489] -> F: 0.40794992503078364
Punto[1.         0.51591311 0.50715262] -> F: 0.41019744521867707
Punto[1.         0.51451292 0.50664035] -> F: 0.4126634959982747
Punto[1.         0.51311274 0.50612808] -> F: 0.41534807736957635
Punto[1.         0.51171255 0.50561581] -> F: 0.4182511893325818
Punto[1.         0.51031236 0.50510354] -> F: 0.42112113444050003
Punto[1.         0.50891217 0.50459127] -> F: 0.4239955958503616
Punto[1.         0.50751198 0.504079  ] -> F: 0.42696983989383136
Punto[1.         0.50611179 0.50356673] -> F: 0.4300438665709089
Punto[1.         0.50471161 0.50305446] -> F: 0.4332176758815946
Punto[1.         0.50331142 0.50254219] -> F: 0.43484140018545037
Punto[1.         0.50191123 0.50202992] -> F: 0.43360280461738565
Punto[1.         0.50051104 0.50151765] -> F: 0.43236567376623997
Punto[1.         0.49911085 0.50100538] -> F: 0.4311300076320137
Punto[1.         0.49771067 0.50049311] -> F: 0.42989580621470663
Punto[1.         0.49631048 0.49998084] -> F: 0.42866306951431876
Punto[1.         0.49491029 0.49946857] -> F: 0.4274317975308501
Punto[1.        0.4935101 0.4989563] -> F: 0.4262019902643007
Punto[1.         0.49210991 0.49844403] -> F: 0.42497364771467055
Punto[1.         0.49070973 0.49793176] -> F: 0.4237467698819596
Punto[1.         0.48930954 0.49741949] -> F: 0.4225213567661679
Punto[1.         0.48790935 0.49690722] -> F: 0.4212974083672956
Punto[1.         0.48650916 0.49639495] -> F: 0.42007492468534235
Punto[1.         0.48510897 0.49588268] -> F: 0.41885381176369146
Punto[1.         0.48370878 0.49537041] -> F: 0.4176336814313598
Punto[1.         0.4823086  0.49485814] -> F: 0.41641501720116275
Punto[1.         0.48090841 0.49434587] -> F: 0.4151978190731001
Punto[1.         0.47950822 0.4938336 ] -> F: 0.413982087047172
Punto[1.         0.47810803 0.49332133] -> F: 0.4127678211233781
Punto[1.         0.47670784 0.49280906] -> F: 0.41155502130171867
Punto[1.         0.47530766 0.49229679] -> F: 0.41034368758219386
Punto[1.         0.47390747 0.49178452] -> F: 0.40913381996480314
Punto[1.         0.47250728 0.49127225] -> F: 0.40792541844954705
Punto[1.         0.47110709 0.49075998] -> F: 0.40671848303642544
Punto[1.         0.4697069  0.49024771] -> F: 0.40551301372543813
Punto[1.         0.46830671 0.48973544] -> F: 0.4043090105165853
Punto[1.         0.46690653 0.48922317] -> F: 0.40310647340986683
Punto[1.         0.46550634 0.4887109 ] -> F: 0.40190540240528294
Punto[1.         0.46410615 0.48819863] -> F: 0.4007057975028334
Punto[1.         0.46270596 0.48768636] -> F: 0.3995076587025182
Punto[1.         0.46130577 0.48717409] -> F: 0.3981399389767751
Best centerpoint:  [1.         0.50331142 0.50254219] Best F:  0.43484140018545037 Best u:  [-0.99950656 -0.02752546 -0.01513225] índice:  20
{
  "seed": 12157,
  "n_per_z": 5,
  "nz": 100,
  "nd": 100,
  "n_muestras": 50,
  "best_f": 0.43484140018545037,
  "best_cp": [
    1.0,
    0.5033114185623306,
    0.502542186962083
  ],
  "best_u": [
    -0.9995065603657316,
    -0.027525458005412253,
    -0.015132248592212114
  ],
  "n_candidatos": 54
}
