Punto[0.         0.43625401 0.48432651] -> F: 0.13409549950665797
Punto[1.         0.52167347 0.48411345] -> F: 0.42217693857524957
Punto[2.         0.51615403 0.4285641 ] -> F: 0.14639868998759453
Punto[1.         0.47620402 0.4564453 ] -> F: 0.4468660916003859
Punto[1.         0.52076408 0.48356009] -> F: 0.4237709265696043
Punto[1.         0.51987288 0.4830178 ] -> F: 0.42533924316491406
Punto[1.         0.51898168 0.4824755 ] -> F: 0.42691370541034995
Punto[1.         0.51809048 0.4819332 ] -> F: 0.4284943133059121
Punto[1.         0.51719928 0.48139091] -> F: 0.430081066851601
Punto[1.         0.51630807 0.48084861] -> F: 0.431673966047416
Punto[1.         0.51541687 0.48030632] -> F: 0.4332730108933571
Punto[1.         0.51452567 0.47976402] -> F: 0.4348782013894252
Punto[1.         0.51363447 0.47922173] -> F: 0.436489537535619
Punto[1.         0.51274327 0.47867943] -> F: 0.4381070193319394
Punto[1.         0.51185207 0.47813713] -> F: 0.43973064677838614
Punto[1.         0.51096087 0.47759484] -> F: 0.4413604198749594
Punto[1.         0.51006966 0.47705254] -> F: 0.44299633862165855
Punto[1.         0.50917846 0.47651025] -> F: 0.44462992151920977
Punto[1.         0.50828726 0.47596795] -> F: 0.446231123210831
Punto[1.         0.50739606 0.47542565] -> F: 0.4478173256457338
Punto[1.         0.50650486 0.47488336] -> F: 0.4493560025035768
Punto[1.         0.50561366 0.47434106] -> F: 0.4509020911106895
Punto[1.         0.50472246 0.47379877] -> F: 0.4524555914670725
Punto[1.         0.50383126 0.47325647] -> F: 0.45401650357272516
Punto[1.         0.50294005 0.47271418] -> F: 0.4555848274276477
Punto[1.         0.50204885 0.47217188] -> F: 0.4571605630318402
Punto[1.         0.50115765 0.47162958] -> F: 0.45874371038530287
Punto[1.         0.50026645 0.47108729] -> F: 0.460334269488035
Punto[1.         0.49937525 0.47054499] -> F: 0.46193224034003727
Punto[1.         0.49848405 0.4700027 ] -> F: 0.46353762294130946
Punto[1.         0.49759285 0.4694604 ] -> F: 0.46515041729185175
Punto[1.         0.49670165 0.46891811] -> F: 0.46597790225889674
Punto[1.         0.49581044 0.46837581] -> F: 0.4649532182153417
Punto[1.         0.49491924 0.46783351] -> F: 0.46392806725996516
Punto[1.         0.49402804 0.46729122] -> F: 0.4629035165716554
Punto[1.         0.49313684 0.46674892] -> F: 0.4618987912820942
Punto[1.         0.49224564 0.46620663] -> F: 0.4609210181198406
Punto[1.         0.49135444 0.46566433] -> F: 0.45997019708489456
Punto[1.         0.49046324 0.46512203] -> F: 0.459046328177256
Punto[1.         0.48957204 0.46457974] -> F: 0.45814941139692505
Punto[1.         0.48868083 0.46403744] -> F: 0.45727944674390153
Punto[1.         0.48778963 0.46349515] -> F: 0.4564364342181857
Punto[1.         0.48689843 0.46295285] -> F: 0.45558595665309354
Punto[1.         0.48600723 0.46241056] -> F: 0.4547320921664731
Punto[1.         0.48511603 0.46186826] -> F: 0.4539089228776588
Punto[1.         0.48422483 0.46132596] -> F: 0.4531164487866507
Punto[1.         0.48333363 0.46078367] -> F: 0.4523546698934486
Punto[1.         0.48244243 0.46024137] -> F: 0.4516235861980527
Punto[1.         0.48155122 0.45969908] -> F: 0.45092319770046285
Punto[1.         0.48066002 0.45915678] -> F: 0.45025052836456836
Punto[1.         0.47976882 0.45861449] -> F: 0.4495821803101831
Punto[1.         0.47887762 0.45807219] -> F: 0.44891315671858645
Punto[1.         0.47798642 0.45752989] -> F: 0.4482434575897788
Punto[1.         0.47709522 0.4569876 ] -> F: 0.4475730829237598
{
  "seed": 2540,
  "n_per_z": 10,
  "nz": 100,
  "nd": 100,
  "n_muestras": 50,
  "best_f": 0.46597790225889674,
  "best_cp": [
    1.0,
    0.49670164603964395,
    0.46891810531421285
  ],
  "best_u": [
    -0.27899110603922916,
    -0.9583987654464864,
    0.06029733942437461
  ],
  "best_index": 31,
  "n_candidatos": 54
}
