Punto[0.         0.53308967 0.69796478] -> F: 0.09646152888031836
Punto[1.         0.5721065  0.55434476] -> F: 0.40315881454538993
Punto[2.         0.5324185  0.46751408] -> F: 0.13481678087891674
Punto[1.         0.53275408 0.58273943] -> F: 0.3992100103196934
Punto[1.         0.57131945 0.55491265] -> F: 0.4049517819625302
Punto[1.         0.57054814 0.55546919] -> F: 0.4067129417239571
Punto[1.         0.56977684 0.55602572] -> F: 0.408478112251825
Punto[1.         0.56900553 0.55658226] -> F: 0.410247293546134
Punto[1.         0.56823422 0.55713879] -> F: 0.41202048560688437
Punto[1.         0.56746291 0.55769533] -> F: 0.4137976884340757
Punto[1.         0.56669161 0.55825186] -> F: 0.4155789020277084
Punto[1.        0.5659203 0.5588084] -> F: 0.4173641263877819
Punto[1.         0.56514899 0.55936494] -> F: 0.4191533615142969
Punto[1.         0.56437768 0.55992147] -> F: 0.42094660740725287
Punto[1.         0.56360638 0.56047801] -> F: 0.4227438640666499
Punto[1.         0.56283507 0.56103454] -> F: 0.4245451314924881
Punto[1.         0.56206376 0.56159108] -> F: 0.4263504096847675
Punto[1.         0.56129245 0.56214761] -> F: 0.42812777668797003
Punto[1.         0.56052115 0.56270415] -> F: 0.4284991138074664
Punto[1.         0.55974984 0.56326069] -> F: 0.4278355973734786
Punto[1.         0.55897853 0.56381722] -> F: 0.42716742600211677
Punto[1.         0.55820723 0.56437376] -> F: 0.42650005180783057
Punto[1.         0.55743592 0.56493029] -> F: 0.4258334747906201
Punto[1.         0.55666461 0.56548683] -> F: 0.4251676949504852
Punto[1.         0.5558933  0.56604336] -> F: 0.424502712287426
Punto[1.        0.555122  0.5665999] -> F: 0.4238385268014424
Punto[1.         0.55435069 0.56715643] -> F: 0.42317513849253446
Punto[1.         0.55357938 0.56771297] -> F: 0.42251254736070226
Punto[1.         0.55280807 0.56826951] -> F: 0.4218507534059457
Punto[1.         0.55203677 0.56882604] -> F: 0.42118015193122516
Punto[1.         0.55126546 0.56938258] -> F: 0.4205072272979735
Punto[1.         0.55049415 0.56993911] -> F: 0.4198351309167583
Punto[1.         0.54972285 0.57049565] -> F: 0.41916386278757956
Punto[1.         0.54895154 0.57105218] -> F: 0.41849342291043723
Punto[1.         0.54818023 0.57160872] -> F: 0.41782381128533136
Punto[1.         0.54740892 0.57216526] -> F: 0.41715502791226183
Punto[1.         0.54663762 0.57272179] -> F: 0.4164870727912288
Punto[1.         0.54586631 0.57327833] -> F: 0.4158199459222322
Punto[1.         0.545095   0.57383486] -> F: 0.41515364730527204
Punto[1.         0.54432369 0.5743914 ] -> F: 0.4144755678882313
Punto[1.         0.54355239 0.57494793] -> F: 0.41379791790875203
Punto[1.         0.54278108 0.57550447] -> F: 0.4131211289801128
Punto[1.         0.54200977 0.576061  ] -> F: 0.41244520110231325
Punto[1.         0.54123847 0.57661754] -> F: 0.41177013427535364
Punto[1.         0.54046716 0.57717408] -> F: 0.41109592849923393
Punto[1.         0.53969585 0.57773061] -> F: 0.41042258377395396
Punto[1.         0.53892454 0.57828715] -> F: 0.409750100099514
Punto[1.         0.53815324 0.57884368] -> F: 0.40907847747591386
Punto[1.         0.53738193 0.57940022] -> F: 0.4083886528685578
Punto[1.         0.53661062 0.57995675] -> F: 0.4068544984575508
Punto[1.         0.53583931 0.58051329] -> F: 0.4053193960028778
Punto[1.         0.53506801 0.58106983] -> F: 0.4037873959617557
Punto[1.         0.5342967  0.58162636] -> F: 0.40225849833418437
Punto[1.         0.53352539 0.5821829 ] -> F: 0.4007327031201636
Best centerpoint:  [1.         0.56052115 0.56270415] Best F:  0.4284991138074664 Best u:  [-0.39714789 -0.87283652  0.28360178] índice:  15
{
  "seed": 17364,
  "n_per_z": 5,
  "nz": 100,
  "nd": 100,
  "n_muestras": 50,
  "best_f": 0.4284991138074664,
  "best_cp": [
    1.0,
    0.5605211476892623,
    0.5627041497909481
  ],
  "best_u": [
    -0.3971478906347807,
    -0.8728365171167697,
    0.28360177600256886
  ],
  "n_candidatos": 54
}
