Punto[0.         0.41378491 0.51542948] -> F: 0.1397460550967971
Punto[1.         0.52644785 0.46896673] -> F: 0.4593390018683556
Punto[2.         0.65246776 0.43780206] -> F: 0.1479181663778661
Punto[1.         0.53312634 0.47661577] -> F: 0.4588853843608804
Punto[1.         0.52658142 0.46911971] -> F: 0.45966066973692316
Punto[1.         0.52671232 0.46926963] -> F: 0.4599759609981632
Punto[1.         0.52684322 0.46941955] -> F: 0.46029130843621424
Punto[1.         0.52697412 0.46956947] -> F: 0.4606067120510765
Punto[1.         0.52710502 0.4697194 ] -> F: 0.46092217184274964
Punto[1.         0.52723592 0.46986932] -> F: 0.46123768781123403
Punto[1.         0.52736681 0.47001924] -> F: 0.46155325995652907
Punto[1.         0.52749771 0.47016916] -> F: 0.4618688882786352
Punto[1.         0.52762861 0.47031908] -> F: 0.4621845727775525
Punto[1.         0.52775951 0.470469  ] -> F: 0.4625003134532806
Punto[1.         0.52789041 0.47061892] -> F: 0.4628161103058199
Punto[1.         0.52802131 0.47076884] -> F: 0.4631319633351701
Punto[1.         0.5281522  0.47091876] -> F: 0.4634389312360087
Punto[1.         0.5282831  0.47106869] -> F: 0.4637408761325349
Punto[1.         0.528414   0.47121861] -> F: 0.464042877200681
Punto[1.         0.5285449  0.47136853] -> F: 0.4643449344404475
Punto[1.         0.5286758  0.47151845] -> F: 0.4646470478518343
Punto[1.         0.52880669 0.47166837] -> F: 0.46494921743484147
Punto[1.         0.52893759 0.47181829] -> F: 0.46525144318946865
Punto[1.         0.52906849 0.47196821] -> F: 0.46555208805038195
Punto[1.         0.52919939 0.47211813] -> F: 0.4658502795134091
Punto[1.         0.52933029 0.47226805] -> F: 0.4661485274192676
Punto[1.         0.52946119 0.47241798] -> F: 0.46644683176795737
Punto[1.         0.52959208 0.4725679 ] -> F: 0.4663356471560998
Punto[1.         0.52972298 0.47271782] -> F: 0.46606926475678345
Punto[1.         0.52985388 0.47286774] -> F: 0.46580371347394756
Punto[1.         0.52998478 0.47301766] -> F: 0.46553903049801193
Punto[1.         0.53011568 0.47316758] -> F: 0.46527521582897674
Punto[1.         0.53024658 0.4733175 ] -> F: 0.4650122694668417
Punto[1.         0.53037747 0.47346742] -> F: 0.4647501914116073
Punto[1.         0.53050837 0.47361734] -> F: 0.46448898166327324
Punto[1.         0.53063927 0.47376727] -> F: 0.4642156031463895
Punto[1.         0.53077017 0.47391719] -> F: 0.463932776208481
Punto[1.         0.53090107 0.47406711] -> F: 0.4636502036158047
Punto[1.         0.53103196 0.47421703] -> F: 0.4633678853683612
Punto[1.         0.53116286 0.47436695] -> F: 0.46308582146615
Punto[1.         0.53129376 0.47451687] -> F: 0.46280401190917125
Punto[1.         0.53142466 0.47466679] -> F: 0.4625224566974251
Punto[1.         0.53155556 0.47481671] -> F: 0.4622411558309114
Punto[1.         0.53168646 0.47496663] -> F: 0.46196010930963016
Punto[1.         0.53181735 0.47511656] -> F: 0.46167931713358146
Punto[1.         0.53194825 0.47526648] -> F: 0.4613987793027652
Punto[1.         0.53207915 0.4754164 ] -> F: 0.46111849581718145
Punto[1.         0.53221005 0.47556632] -> F: 0.4608384666768301
Punto[1.         0.53234095 0.47571624] -> F: 0.4605586918817113
Punto[1.         0.53247185 0.47586616] -> F: 0.4602791714318249
Punto[1.         0.53260274 0.47601608] -> F: 0.45999990532717105
Punto[1.         0.53273364 0.476166  ] -> F: 0.4597208935677496
Punto[1.         0.53286454 0.47631592] -> F: 0.45944213615356067
Punto[1.         0.53299544 0.47646585] -> F: 0.45916363308460423
{
  "seed": 17086,
  "n_per_z": 10,
  "nz": 100,
  "nd": 100,
  "n_muestras": 50,
  "best_f": 0.46644683176795737,
  "best_cp": [
    1.0,
    0.5294611859282209,
    0.4724179755643755
  ],
  "best_u": [
    0.1564344650402308,
    -0.4484011233337103,
    -0.8800367553350504
  ],
  "best_index": 26,
  "n_candidatos": 54
}
