Punto[0.         0.51619055 0.56311636] -> F: 0.1594141490239879
Punto[1.         0.50733963 0.57099536] -> F: 0.4399456703948244
Punto[2.         0.52497556 0.47398577] -> F: 0.1340402611094745
Punto[1.         0.52058306 0.51855107] -> F: 0.4423499402135433
Punto[1.         0.5076045  0.56994647] -> F: 0.4412760984669398
Punto[1.         0.50786407 0.56891856] -> F: 0.4425812301629011
Punto[1.         0.50812364 0.56789065] -> F: 0.4438876607897532
Punto[1.         0.50838321 0.56686275] -> F: 0.44519539034749667
Punto[1.         0.50864278 0.56583484] -> F: 0.446504418836131
Punto[1.         0.50890235 0.56480693] -> F: 0.4478099143642834
Punto[1.         0.50916193 0.56377902] -> F: 0.4490908566606831
Punto[1.         0.5094215  0.56275111] -> F: 0.4503730356254432
Punto[1.         0.50968107 0.56172321] -> F: 0.4516564512585637
Punto[1.         0.50994064 0.5606953 ] -> F: 0.4529411023503509
Punto[1.         0.51020021 0.55966739] -> F: 0.45422683034166805
Punto[1.         0.51045978 0.55863948] -> F: 0.4555135242338088
Punto[1.         0.51071935 0.55761157] -> F: 0.45677365192919117
Punto[1.         0.51097892 0.55658366] -> F: 0.4580281587558167
Punto[1.         0.5112385  0.55555576] -> F: 0.45928357980498324
Punto[1.         0.51149807 0.55452785] -> F: 0.4597114876125364
Punto[1.         0.51175764 0.55349994] -> F: 0.4592180267170046
Punto[1.         0.51201721 0.55247203] -> F: 0.4587247140556571
Punto[1.         0.51227678 0.55144412] -> F: 0.4582315496284939
Punto[1.         0.51253635 0.55041622] -> F: 0.4577369469228565
Punto[1.         0.51279592 0.54938831] -> F: 0.4572404990579467
Punto[1.         0.51305549 0.5483604 ] -> F: 0.456744201589035
Punto[1.         0.51331506 0.54733249] -> F: 0.45624805451612166
Punto[1.         0.51357464 0.54630458] -> F: 0.4557520578392064
Punto[1.         0.51383421 0.54527668] -> F: 0.4552562115582893
Punto[1.         0.51409378 0.54424877] -> F: 0.4547605156733704
Punto[1.         0.51435335 0.54322086] -> F: 0.4542649701844498
Punto[1.         0.51461292 0.54219295] -> F: 0.4537686615537008
Punto[1.         0.51487249 0.54116504] -> F: 0.4532698417065348
Punto[1.         0.51513206 0.54013714] -> F: 0.45277117443511455
Punto[1.         0.51539163 0.53910923] -> F: 0.45227266555013074
Punto[1.         0.51565121 0.53808132] -> F: 0.45177440068987224
Punto[1.         0.51591078 0.53705341] -> F: 0.4512764082769131
Punto[1.         0.51617035 0.5360255 ] -> F: 0.4507786883112535
Punto[1.         0.51642992 0.5349976 ] -> F: 0.45028124079289344
Punto[1.         0.51668949 0.53396969] -> F: 0.4497840657218328
Punto[1.         0.51694906 0.53294178] -> F: 0.4492871630980717
Punto[1.         0.51720863 0.53191387] -> F: 0.44879053292160986
Punto[1.         0.5174682  0.53088596] -> F: 0.44829417519244785
Punto[1.         0.51772777 0.52985805] -> F: 0.44779808991058506
Punto[1.         0.51798735 0.52883015] -> F: 0.4473022770760218
Punto[1.         0.51824692 0.52780224] -> F: 0.44680673668875803
Punto[1.         0.51850649 0.52677433] -> F: 0.4463114687487938
Punto[1.         0.51876606 0.52574642] -> F: 0.44581647325612894
Punto[1.         0.51902563 0.52471851] -> F: 0.4453217502107636
Punto[1.         0.5192852  0.52369061] -> F: 0.44482729961269774
Punto[1.         0.51954477 0.5226627 ] -> F: 0.4443315605979624
Punto[1.         0.51980434 0.52163479] -> F: 0.4438357436596588
Punto[1.         0.52006392 0.52060688] -> F: 0.4433402012828211
Punto[1.         0.52032349 0.51957897] -> F: 0.44284493346744924
{
  "seed": 2108,
  "n_per_z": 10,
  "nz": 100,
  "nd": 100,
  "n_muestras": 50,
  "best_f": 0.4597114876125364,
  "best_cp": [
    1.0,
    0.5114980663070482,
    0.5545278485479056
  ],
  "best_u": [
    0.4257792915650727,
    -0.02842130455238318,
    -0.9043805749361745
  ],
  "best_index": 19,
  "n_candidatos": 54
}
