Punto[0.         0.37115057 0.68597188] -> F: 0.13891815242526376
Punto[1.         0.46377973 0.55353515] -> F: 0.37368638206712246
Punto[2.         0.49191377 0.36180971] -> F: 0.07188309446789948
Punto[1.         0.43153217 0.5238908 ] -> F: 0.3689477845026255
Punto[1.         0.46313478 0.55294227] -> F: 0.3742501829868111
Punto[1.         0.46250273 0.55236124] -> F: 0.37480515115140883
Punto[1.         0.46187067 0.55178021] -> F: 0.37536253789988205
Punto[1.         0.46123862 0.55119918] -> F: 0.37592234323223056
Punto[1.         0.46060657 0.55061815] -> F: 0.3764845671484545
Punto[1.         0.45997452 0.55003712] -> F: 0.37704920964855404
Punto[1.         0.45934246 0.54945609] -> F: 0.37761627073252924
Punto[1.         0.45871041 0.54887506] -> F: 0.3781857504003797
Punto[1.         0.45807836 0.54829403] -> F: 0.37875764865210565
Punto[1.         0.45744631 0.547713  ] -> F: 0.37933196548770715
Punto[1.         0.45681426 0.54713197] -> F: 0.37990870090718426
Punto[1.         0.4561822  0.54655094] -> F: 0.38048785491053655
Punto[1.         0.45555015 0.54596991] -> F: 0.38106942749776435
Punto[1.         0.4549181  0.54538888] -> F: 0.38165341866886787
Punto[1.         0.45428605 0.54480785] -> F: 0.3822398284238467
Punto[1.         0.45365399 0.54422682] -> F: 0.38282865676270106
Punto[1.         0.45302194 0.5436458 ] -> F: 0.38341990368543083
Punto[1.         0.45238989 0.54306477] -> F: 0.38401356919203616
Punto[1.         0.45175784 0.54248374] -> F: 0.3846096532825169
Punto[1.         0.45112579 0.54190271] -> F: 0.3852081559568732
Punto[1.         0.45049373 0.54132168] -> F: 0.3858090772151049
Punto[1.         0.44986168 0.54074065] -> F: 0.38641241705721197
Punto[1.         0.44922963 0.54015962] -> F: 0.38701817548319484
Punto[1.         0.44859758 0.53957859] -> F: 0.3876263524930529
Punto[1.         0.44796552 0.53899756] -> F: 0.3882369480867867
Punto[1.         0.44733347 0.53841653] -> F: 0.3888499622643956
Punto[1.         0.44670142 0.5378355 ] -> F: 0.38853616265819035
Punto[1.         0.44606937 0.53725447] -> F: 0.38771346523634764
Punto[1.         0.44543732 0.53667344] -> F: 0.38688602579222836
Punto[1.         0.44480526 0.53609241] -> F: 0.3860596354646346
Punto[1.         0.44417321 0.53551138] -> F: 0.3852342942535669
Punto[1.         0.44354116 0.53493035] -> F: 0.3844100021590248
Punto[1.         0.44290911 0.53434933] -> F: 0.38358675918100843
Punto[1.         0.44227705 0.5337683 ] -> F: 0.382764565319518
Punto[1.         0.441645   0.53318727] -> F: 0.3819434205745533
Punto[1.         0.44101295 0.53260624] -> F: 0.38112332494611445
Punto[1.         0.4403809  0.53202521] -> F: 0.38030427843420134
Punto[1.         0.43974885 0.53144418] -> F: 0.379486281038814
Punto[1.         0.43911679 0.53086315] -> F: 0.37866933275995246
Punto[1.         0.43848474 0.53028212] -> F: 0.3778534335976168
Punto[1.         0.43785269 0.52970109] -> F: 0.3770385835518068
Punto[1.         0.43722064 0.52912006] -> F: 0.3762247826225226
Punto[1.         0.43658858 0.52853903] -> F: 0.3754120308097642
Punto[1.         0.43595653 0.527958  ] -> F: 0.3746003281135317
Punto[1.         0.43532448 0.52737697] -> F: 0.3737896745338248
Punto[1.         0.43469243 0.52679594] -> F: 0.3729800700706438
Punto[1.         0.43406038 0.52621491] -> F: 0.37217151472398863
Punto[1.         0.43342832 0.52563388] -> F: 0.37136400849385914
Punto[1.         0.43279627 0.52505286] -> F: 0.3705575513802556
Punto[1.         0.43216422 0.52447183] -> F: 0.3697521433831777
Best centerpoint:  [1.         0.44733347 0.53841653] Best F:  0.3888499622643956 Best u:  [ 0.30901699 -0.26533631  0.91329357] índice:  26
{
  "seed": 4825,
  "n_per_z": 5,
  "nz": 100,
  "nd": 100,
  "n_muestras": 50,
  "best_f": 0.3888499622643956,
  "best_cp": [
    1.0,
    0.4473334722446202,
    0.5384165309975895
  ],
  "best_u": [
    0.30901699437494745,
    -0.26533630938700103,
    0.9132935673201467
  ],
  "n_candidatos": 54
}
