Punto[0.         0.37678182 0.49328312] -> F: 0.11053538059479426
Punto[1.         0.4356325  0.49353805] -> F: 0.39199067589580405
Punto[2.         0.51076984 0.43173186] -> F: 0.17598741574717544
Punto[1.         0.44377583 0.46250749] -> F: 0.39234357617101795
Punto[1.         0.43579537 0.49291743] -> F: 0.39291192751102905
Punto[1.         0.43595498 0.49230924] -> F: 0.3935393494262392
Punto[1.         0.43611459 0.49170104] -> F: 0.39414250028855935
Punto[1.         0.4362742  0.49109284] -> F: 0.39475083254769044
Punto[1.         0.43643381 0.49048464] -> F: 0.39536434620363264
Punto[1.         0.43659342 0.48987644] -> F: 0.3959830412563856
Punto[1.         0.43675302 0.48926824] -> F: 0.3966069177059496
Punto[1.         0.43691263 0.48866004] -> F: 0.3972359755523247
Punto[1.         0.43707224 0.48805184] -> F: 0.39787021479551055
Punto[1.         0.43723185 0.48744364] -> F: 0.3985096354355076
Punto[1.         0.43739146 0.48683545] -> F: 0.3991542374723155
Punto[1.         0.43755107 0.48622725] -> F: 0.39980402090593425
Punto[1.         0.43771068 0.48561905] -> F: 0.40045059005086764
Punto[1.         0.43787029 0.48501085] -> F: 0.40097930904369417
Punto[1.         0.4380299  0.48440265] -> F: 0.40150767118178454
Punto[1.         0.43818951 0.48379445] -> F: 0.40203567646513894
Punto[1.         0.43834912 0.48318625] -> F: 0.40256437563977704
Punto[1.         0.43850873 0.48257805] -> F: 0.40310328339993057
Punto[1.         0.43866834 0.48196986] -> F: 0.40365467666162813
Punto[1.         0.43882794 0.48136166] -> F: 0.40421855542486934
Punto[1.         0.43898755 0.48075346] -> F: 0.4047949196896543
Punto[1.         0.43914716 0.48014526] -> F: 0.4053837694559832
Punto[1.         0.43930677 0.47953706] -> F: 0.4059851047238558
Punto[1.         0.43946638 0.47892886] -> F: 0.4065989254932723
Punto[1.         0.43962599 0.47832066] -> F: 0.40722523176423253
Punto[1.         0.4397856  0.47771246] -> F: 0.40786402353673645
Punto[1.         0.43994521 0.47710426] -> F: 0.40851530081078435
Punto[1.         0.44010482 0.47649607] -> F: 0.4087130434206225
Punto[1.         0.44026443 0.47588787] -> F: 0.4079900714095765
Punto[1.         0.44042404 0.47527967] -> F: 0.40726969257351564
Punto[1.         0.44058365 0.47467147] -> F: 0.40655190691244003
Punto[1.         0.44074326 0.47406327] -> F: 0.4058367144263494
Punto[1.         0.44090286 0.47345507] -> F: 0.4051241151152438
Punto[1.         0.44106247 0.47284687] -> F: 0.40439659607044687
Punto[1.         0.44122208 0.47223867] -> F: 0.4036695357968975
Punto[1.         0.44138169 0.47163047] -> F: 0.40294574505546504
Punto[1.         0.4415413  0.47102228] -> F: 0.40222522384614895
Punto[1.         0.44170091 0.47041408] -> F: 0.4015079721689494
Punto[1.         0.44186052 0.46980588] -> F: 0.4007939900238665
Punto[1.         0.44202013 0.46919768] -> F: 0.4000832774109003
Punto[1.         0.44217974 0.46858948] -> F: 0.39937583433005047
Punto[1.         0.44233935 0.46798128] -> F: 0.3986716607813174
Punto[1.         0.44249896 0.46737308] -> F: 0.3979707567647008
Punto[1.         0.44265857 0.46676488] -> F: 0.3972731222802009
Punto[1.         0.44281818 0.46615669] -> F: 0.39655980647988964
Punto[1.         0.44297778 0.46554849] -> F: 0.39584584420621033
Punto[1.         0.44313739 0.46494029] -> F: 0.3951363848214112
Punto[1.         0.443297   0.46433209] -> F: 0.39443142832549244
Punto[1.         0.44345661 0.46372389] -> F: 0.39373097471845403
Punto[1.         0.44361622 0.46311569] -> F: 0.3930350240002959
{
  "seed": 1051,
  "n_per_z": 10,
  "nz": 100,
  "nd": 100,
  "n_muestras": 50,
  "best_f": 0.4087130434206225,
  "best_cp": [
    1.0,
    0.44010481854053796,
    0.476496065734619
  ],
  "best_u": [
    -0.3387379202452915,
    0.2907481472874238,
    -0.894830786370711
  ],
  "best_index": 31,
  "n_candidatos": 54
}
