Punto[0.         0.60543869 0.29744982] -> F: 0.07706531813017764
Punto[1.         0.49682433 0.46405932] -> F: 0.34196200456342735
Punto[2.         0.45045198 0.40376399] -> F: 0.1650632396150025
Punto[1.         0.52794533 0.35060691] -> F: 0.3287263000817608
Punto[1.         0.49744675 0.46179027] -> F: 0.3466333668591262
Punto[1.         0.49805673 0.4595666 ] -> F: 0.35121620042119994
Punto[1.         0.4986667  0.45734293] -> F: 0.35547012500533837
Punto[1.         0.49927667 0.45511927] -> F: 0.3597856611186143
Punto[1.         0.49988664 0.4528956 ] -> F: 0.36416662975581704
Punto[1.         0.50049661 0.45067193] -> F: 0.3675195529980836
Punto[1.         0.50110658 0.44844826] -> F: 0.3702966193878913
Punto[1.         0.50171655 0.4462246 ] -> F: 0.37306323091514026
Punto[1.         0.50232653 0.44400093] -> F: 0.37627625324050484
Punto[1.         0.5029365  0.44177726] -> F: 0.3806385273623542
Punto[1.         0.50354647 0.4395536 ] -> F: 0.38499043163737384
Punto[1.         0.50415644 0.43732993] -> F: 0.3890663495097381
Punto[1.         0.50476641 0.43510626] -> F: 0.39303814065934456
Punto[1.         0.50537638 0.43288259] -> F: 0.39427600660544054
Punto[1.         0.50598636 0.43065893] -> F: 0.39256329854869276
Punto[1.         0.50659633 0.42843526] -> F: 0.390851294333005
Punto[1.         0.5072063  0.42621159] -> F: 0.3891253755355359
Punto[1.         0.50781627 0.42398793] -> F: 0.3874006781030489
Punto[1.         0.50842624 0.42176426] -> F: 0.3856697911485538
Punto[1.         0.50903621 0.41954059] -> F: 0.3839318233372861
Punto[1.         0.50964618 0.41731692] -> F: 0.3821950992947215
Punto[1.         0.51025616 0.41509326] -> F: 0.38044535529877094
Punto[1.         0.51086613 0.41286959] -> F: 0.3786952689772528
Punto[1.         0.5114761  0.41064592] -> F: 0.376941483961305
Punto[1.         0.51208607 0.40842225] -> F: 0.37517788663896146
Punto[1.         0.51269604 0.40619859] -> F: 0.37341557932546354
Punto[1.         0.51330601 0.40397492] -> F: 0.37164321630237607
Punto[1.         0.51391599 0.40175125] -> F: 0.36986723712404596
Punto[1.         0.51452596 0.39952759] -> F: 0.36809162346080126
Punto[1.         0.51513593 0.39730392] -> F: 0.3663017500915517
Punto[1.         0.5157459  0.39508025] -> F: 0.36451321529869773
Punto[1.         0.51635587 0.39285658] -> F: 0.3627195616641655
Punto[1.         0.51696584 0.39063292] -> F: 0.36091689514697
Punto[1.         0.51757582 0.38840925] -> F: 0.3591155925397127
Punto[1.         0.51818579 0.38618558] -> F: 0.3573041488740249
Punto[1.         0.51879576 0.38396192] -> F: 0.3554884351612559
Punto[1.         0.51940573 0.38173825] -> F: 0.3536741114996695
Punto[1.         0.5200157  0.37951458] -> F: 0.35186117788926585
Punto[1.         0.52062567 0.37729091] -> F: 0.3500496343300448
Punto[1.         0.52123564 0.37506725] -> F: 0.3482409131278336
Punto[1.         0.52184562 0.37284358] -> F: 0.34643790102772304
Punto[1.         0.52245559 0.37061991] -> F: 0.3446406802013422
Punto[1.         0.52306556 0.36839624] -> F: 0.3428492506486914
Punto[1.         0.52367553 0.36617258] -> F: 0.3410636123697704
Punto[1.         0.5242855  0.36394891] -> F: 0.3392837653645793
Punto[1.         0.52489547 0.36172524] -> F: 0.3375097096331182
Punto[1.         0.52550545 0.35950158] -> F: 0.33574144517538684
Punto[1.         0.52611542 0.35727791] -> F: 0.3339789719913855
Punto[1.         0.52672539 0.35505424] -> F: 0.33222229008111404
Punto[1.         0.52733536 0.35283057] -> F: 0.3304713994445725
Best centerpoint:  [1.         0.50537638 0.43288259] Best F:  0.39427600660544054 Best u:  [-0.99950656  0.01426019 -0.02798719] índice:  14
{
  "seed": 10390,
  "n_per_z": 5,
  "nz": 100,
  "nd": 100,
  "n_muestras": 50,
  "best_f": 0.39427600660544054,
  "best_cp": [
    1.0,
    0.5053763839640449,
    0.432882594072869
  ],
  "best_u": [
    -0.9995065603657316,
    0.014260186211077967,
    -0.02798719126832131
  ],
  "n_candidatos": 54
}
