Punto[0.         0.33243616 0.22272345] -> F: 0.07748717584908872
Punto[1.         0.41749267 0.37568172] -> F: 0.3900612563925204
Punto[2.         0.61708194 0.45127927] -> F: 0.08044360847223889
Punto[1.         0.47475905 0.33700136] -> F: 0.3847084450309755
Punto[1.         0.418638   0.37490812] -> F: 0.39157241117176417
Punto[1.         0.41976042 0.37414998] -> F: 0.3930709705599274
Punto[1.         0.42088284 0.37339185] -> F: 0.39458697959497385
Punto[1.         0.42200526 0.37263371] -> F: 0.39612043827690363
Punto[1.         0.42312769 0.37187558] -> F: 0.3976024529396779
Punto[1.         0.42425011 0.37111744] -> F: 0.39898751774579094
Punto[1.         0.42537253 0.37035931] -> F: 0.40039683143232147
Punto[1.         0.42649495 0.36960117] -> F: 0.4018303939992694
Punto[1.         0.42761737 0.36884304] -> F: 0.403288205446635
Punto[1.         0.42873979 0.3680849 ] -> F: 0.40477026577441794
Punto[1.         0.42986221 0.36732677] -> F: 0.4062765749826184
Punto[1.         0.43098463 0.36656863] -> F: 0.4078071330712364
Punto[1.         0.43210705 0.36581049] -> F: 0.40931764985390073
Punto[1.         0.43322947 0.36505236] -> F: 0.41059479275065186
Punto[1.         0.4343519  0.36429422] -> F: 0.4119196326545691
Punto[1.         0.43547432 0.36353609] -> F: 0.41329216956565235
Punto[1.         0.43659674 0.36277795] -> F: 0.4147124034839016
Punto[1.         0.43771916 0.36201982] -> F: 0.4161803344093171
Punto[1.         0.43884158 0.36126168] -> F: 0.41769596234189893
Punto[1.         0.439964   0.36050355] -> F: 0.41925928728164646
Punto[1.         0.44108642 0.35974541] -> F: 0.4208703092285601
Punto[1.         0.44220884 0.35898728] -> F: 0.4223896237467621
Punto[1.         0.44333126 0.35822914] -> F: 0.42370904907378454
Punto[1.         0.44445368 0.35747101] -> F: 0.4252423631634045
Punto[1.         0.44557611 0.35671287] -> F: 0.426989566015622
Punto[1.         0.44669853 0.35595474] -> F: 0.4289506576304369
Punto[1.         0.44782095 0.3551966 ] -> F: 0.4302848420198247
Punto[1.         0.44894337 0.35443847] -> F: 0.4299991324691272
Punto[1.         0.45006579 0.35368033] -> F: 0.42820123285431877
Punto[1.         0.45118821 0.3529222 ] -> F: 0.4264272133795511
Punto[1.         0.45231063 0.35216406] -> F: 0.4246770740448237
Punto[1.         0.45343305 0.35140593] -> F: 0.4229508148501373
Punto[1.         0.45455547 0.35064779] -> F: 0.4206538265022614
Punto[1.         0.45567789 0.34988966] -> F: 0.4182949223351725
Punto[1.         0.45680032 0.34913152] -> F: 0.41594927709332935
Punto[1.         0.45792274 0.34837339] -> F: 0.4136742426846758
Punto[1.         0.45904516 0.34761525] -> F: 0.41151460200579615
Punto[1.         0.46016758 0.34685711] -> F: 0.4094703550566906
Punto[1.         0.46129    0.34609898] -> F: 0.4072337603796348
Punto[1.         0.46241242 0.34534084] -> F: 0.40499108502272935
Punto[1.         0.46353484 0.34458271] -> F: 0.40290458970200377
Punto[1.         0.46465726 0.34382457] -> F: 0.4011803533274782
Punto[1.         0.46577968 0.34306644] -> F: 0.3993197291318774
Punto[1.        0.4669021 0.3423083] -> F: 0.3973821103236506
Punto[1.         0.46802452 0.34155017] -> F: 0.3955100789724736
Punto[1.         0.46914695 0.34079203] -> F: 0.39370363507834655
Punto[1.         0.47026937 0.3400339 ] -> F: 0.3919627786412694
Punto[1.         0.47139179 0.33927576] -> F: 0.39010247487298044
Punto[1.         0.47251421 0.33851763] -> F: 0.38826907201289607
Punto[1.         0.47363663 0.33775949] -> F: 0.386471062065561
Best centerpoint:  [1.         0.44782095 0.3551966 ] Best F:  0.4302848420198247 Best u:  [ 0.12533323 -0.80263765 -0.58315039] índice:  27
{
  "seed": 16394,
  "n_per_z": 5,
  "nz": 100,
  "nd": 100,
  "n_muestras": 50,
  "best_f": 0.4302848420198247,
  "best_cp": [
    1.0,
    0.4478209471353509,
    0.355196602010898
  ],
  "best_u": [
    0.12533323356430415,
    -0.8026376537326376,
    -0.583150390015202
  ],
  "n_candidatos": 54
}
