Punto[0.         0.51932273 0.49482554] -> F: 0.18297607884418501
Punto[1.         0.50455402 0.51768443] -> F: 0.4151675296555985
Punto[2.         0.40142533 0.47743062] -> F: 0.10566196394428184
Punto[1.         0.46037403 0.48612808] -> F: 0.3868177336772085
Punto[1.         0.50367042 0.51705331] -> F: 0.41492050672885145
Punto[1.        0.5028045 0.5164348] -> F: 0.41467855898685474
Punto[1.         0.50193857 0.5158163 ] -> F: 0.41443674461020263
Punto[1.         0.50107264 0.51519779] -> F: 0.41419506359889524
Punto[1.         0.50020671 0.51457929] -> F: 0.41395351595293234
Punto[1.         0.49934078 0.51396078] -> F: 0.41371210167231404
Punto[1.         0.49847486 0.51334228] -> F: 0.41347082075704045
Punto[1.         0.49760893 0.51272377] -> F: 0.4132149731119364
Punto[1.         0.496743   0.51210527] -> F: 0.4129569381652859
Punto[1.         0.49587707 0.51148677] -> F: 0.412699056102318
Punto[1.         0.49501115 0.51086826] -> F: 0.41244132692303265
Punto[1.         0.49414522 0.51024976] -> F: 0.41193165197198195
Punto[1.         0.49327929 0.50963125] -> F: 0.411321558774074
Punto[1.         0.49241336 0.50901275] -> F: 0.41071159779899336
Punto[1.         0.49154743 0.50839424] -> F: 0.41009898266469524
Punto[1.         0.49068151 0.50777574] -> F: 0.40947911039382534
Punto[1.         0.48981558 0.50715723] -> F: 0.4088593747969365
Punto[1.         0.48894965 0.50653873] -> F: 0.4082397758740289
Punto[1.         0.48808372 0.50592023] -> F: 0.40761394604013257
Punto[1.         0.48721779 0.50530172] -> F: 0.4069843228638039
Punto[1.         0.48635187 0.50468322] -> F: 0.40635484094539076
Punto[1.         0.48548594 0.50406471] -> F: 0.40572550028489257
Punto[1.         0.48462001 0.50344621] -> F: 0.4050866859927994
Punto[1.         0.48375408 0.5028277 ] -> F: 0.40444718500665555
Punto[1.         0.48288816 0.5022092 ] -> F: 0.4038078300088784
Punto[1.         0.48202223 0.50159069] -> F: 0.40316679304138486
Punto[1.         0.4811563  0.50097219] -> F: 0.4025171123480334
Punto[1.         0.48029037 0.50035369] -> F: 0.40186758253514626
Punto[1.         0.47942444 0.49973518] -> F: 0.40121820360272353
Punto[1.         0.47855852 0.49911668] -> F: 0.40056502796030374
Punto[1.         0.47769259 0.49849817] -> F: 0.39990513672493583
Punto[1.         0.47682666 0.49787967] -> F: 0.3992454014404992
Punto[1.         0.47596073 0.49726116] -> F: 0.3985858221069939
Punto[1.         0.4750948  0.49664266] -> F: 0.3979263987244199
Punto[1.         0.47422888 0.49602415] -> F: 0.39726713129277724
Punto[1.         0.47336295 0.49540565] -> F: 0.3966080205863521
Punto[1.         0.47249702 0.49478715] -> F: 0.39594944068366983
Punto[1.         0.47163109 0.49416864] -> F: 0.3952917027965217
Punto[1.         0.47076517 0.49355014] -> F: 0.3946348069249077
Punto[1.         0.46989924 0.49293163] -> F: 0.393978753068828
Punto[1.         0.46903331 0.49231313] -> F: 0.39332354122828245
Punto[1.         0.46816738 0.49169462] -> F: 0.39266917140327123
Punto[1.         0.46730145 0.49107612] -> F: 0.3920156435937941
Punto[1.         0.46643553 0.49045761] -> F: 0.39136295779985125
Punto[1.         0.4655696  0.48983911] -> F: 0.39071111402144243
Punto[1.         0.46470367 0.48922061] -> F: 0.39006011225856796
Punto[1.         0.46383774 0.4886021 ] -> F: 0.38940995251122773
Punto[1.         0.46297181 0.4879836 ] -> F: 0.3887606347794216
Punto[1.         0.46210589 0.48736509] -> F: 0.38811215906314966
Punto[1.         0.46123996 0.48674659] -> F: 0.387464525362412
{
  "seed": 7616,
  "n_per_z": 10,
  "nz": 100,
  "nd": 100,
  "n_muestras": 50,
  "best_f": 0.4151675296555985,
  "best_cp": [
    1.0,
    0.504554023852678,
    0.51768443290444
  ],
  "best_u": [
    0.9995065603657316,
    -0.027036560438640674,
    0.015989377270924247
  ],
  "best_index": 1,
  "n_candidatos": 54
}
