Punto[0.         0.42323916 0.56538634] -> F: 0.15192260456300496
Punto[1.         0.3576634  0.61101645] -> F: 0.35195820438711195
Punto[2.         0.37241543 0.8060119 ] -> F: 0.09203586368728058
Punto[1.         0.3978273  0.68569912] -> F: 0.37322643177084047
Punto[1.         0.35846668 0.61251011] -> F: 0.354982500145795
Punto[1.         0.35925389 0.61397389] -> F: 0.3579577961095957
Punto[1.         0.3600411  0.61543767] -> F: 0.36094407454139865
Punto[1.         0.36082832 0.61690145] -> F: 0.3639413137343396
Punto[1.         0.36161553 0.61836523] -> F: 0.3669495136884181
Punto[1.         0.36240274 0.61982901] -> F: 0.36996867440363423
Punto[1.         0.36318995 0.62129279] -> F: 0.3729987958799885
Punto[1.         0.36397717 0.62275657] -> F: 0.3760398781174804
Punto[1.         0.36476438 0.62422035] -> F: 0.37909192111610984
Punto[1.         0.36555159 0.62568413] -> F: 0.38215492487587704
Punto[1.         0.3663388  0.62714791] -> F: 0.3852288893967821
Punto[1.         0.36712602 0.62861169] -> F: 0.38831381467882475
Punto[1.         0.36791323 0.63007547] -> F: 0.39140970072200515
Punto[1.         0.36870044 0.63153925] -> F: 0.3945165475263235
Punto[1.         0.36948765 0.63300303] -> F: 0.39763435509177936
Punto[1.         0.37027486 0.63446681] -> F: 0.40076312341837317
Punto[1.         0.37106208 0.63593059] -> F: 0.40030996245213024
Punto[1.         0.37184929 0.63739437] -> F: 0.39965653961107916
Punto[1.         0.3726365  0.63885815] -> F: 0.39900408205038196
Punto[1.         0.37342371 0.64032193] -> F: 0.398352589770039
Punto[1.         0.37421093 0.64178571] -> F: 0.3976674786943967
Punto[1.         0.37499814 0.64324949] -> F: 0.3969781710258569
Punto[1.         0.37578535 0.64471327] -> F: 0.39628995065158573
Punto[1.         0.37657256 0.64617705] -> F: 0.39560281757158305
Punto[1.         0.37735978 0.64764083] -> F: 0.394916771785849
Punto[1.         0.37814699 0.64910461] -> F: 0.39419469538394886
Punto[1.         0.3789342  0.65056839] -> F: 0.3934709235113901
Punto[1.         0.37972141 0.65203217] -> F: 0.392748369834821
Punto[1.         0.38050862 0.65349595] -> F: 0.3920270343542412
Punto[1.         0.38129584 0.65495973] -> F: 0.3913054116262409
Punto[1.         0.38208305 0.65642351] -> F: 0.3905335553474126
Punto[1.         0.38287026 0.65788729] -> F: 0.3897436051063872
Punto[1.         0.38365747 0.65935107] -> F: 0.38893426256374863
Punto[1.         0.38444469 0.66081485] -> F: 0.38812162727536265
Punto[1.         0.3852319  0.66227863] -> F: 0.3873103991800101
Punto[1.         0.38601911 0.66374242] -> F: 0.3864786410181867
Punto[1.         0.38680632 0.6652062 ] -> F: 0.3856448438588499
Punto[1.         0.38759354 0.66666998] -> F: 0.3848125438723876
Punto[1.         0.38838075 0.66813376] -> F: 0.38395802014394914
Punto[1.         0.38916796 0.66959754] -> F: 0.383103217395641
Punto[1.         0.38995517 0.67106132] -> F: 0.3822498415658254
Punto[1.         0.39074238 0.6725251 ] -> F: 0.38137245397841785
Punto[1.         0.3915296  0.67398888] -> F: 0.3804967551151262
Punto[1.         0.39231681 0.67545266] -> F: 0.379620309711506
Punto[1.         0.39310402 0.67691644] -> F: 0.37872198526409084
Punto[1.         0.39389123 0.67838022] -> F: 0.37782545184253535
Punto[1.         0.39467845 0.679844  ] -> F: 0.3769258954782933
Punto[1.         0.39546566 0.68130778] -> F: 0.3760066412040083
Punto[1.         0.39625287 0.68277156] -> F: 0.3750892851763421
Punto[1.         0.39704008 0.68423534] -> F: 0.37416666126671205
{
  "seed": 312,
  "n_per_z": 5,
  "nz": 100,
  "nd": 100,
  "n_muestras": 50,
  "best_f": 0.40076312341837317,
  "best_cp": [
    1.0,
    0.37027486442547547,
    0.6344668105379581
  ],
  "best_u": [
    0.1564344650402308,
    -0.2755562625646887,
    -0.9484708768902486
  ],
  "best_index": 19,
  "n_candidatos": 54
}
