Punto[0.         0.58113931 0.43774448] -> F: 0.11837931692912664
Punto[1.         0.5115153  0.49364926] -> F: 0.4438581408167419
Punto[2.         0.4307359  0.44651607] -> F: 0.16775363044211275
Punto[1.         0.50593761 0.44213027] -> F: 0.42653665164888427
Punto[1.         0.51140375 0.49261888] -> F: 0.44529110066406563
Punto[1.         0.51129443 0.49160911] -> F: 0.4466966352818453
Punto[1.         0.5111851  0.49059933] -> F: 0.44810339140271027
Punto[1.         0.51107578 0.48958956] -> F: 0.4488450563301971
Punto[1.         0.51096646 0.48857979] -> F: 0.44910503468183643
Punto[1.         0.51085713 0.48757002] -> F: 0.4487092961925768
Punto[1.         0.51074781 0.48656025] -> F: 0.44825766269723416
Punto[1.         0.51063849 0.48555047] -> F: 0.4478062181179252
Punto[1.         0.51052917 0.4845407 ] -> F: 0.4473549624546503
Punto[1.         0.51041984 0.48353093] -> F: 0.44690389570740935
Punto[1.         0.51031052 0.48252116] -> F: 0.44644536598735846
Punto[1.         0.5102012  0.48151139] -> F: 0.44598644330806303
Punto[1.         0.51009187 0.48050161] -> F: 0.44552771651486567
Punto[1.         0.50998255 0.47949184] -> F: 0.4450691856077663
Punto[1.         0.50987323 0.47848207] -> F: 0.44461085058676486
Punto[1.         0.50976391 0.4774723 ] -> F: 0.4441527114518615
Punto[1.         0.50965458 0.47646253] -> F: 0.4436947682030561
Punto[1.         0.50954526 0.47545275] -> F: 0.4432370208403487
Punto[1.         0.50943594 0.47444298] -> F: 0.4427794693637392
Punto[1.         0.50932661 0.47343321] -> F: 0.4423218308523862
Punto[1.         0.50921729 0.47242344] -> F: 0.4418565765632002
Punto[1.         0.50910797 0.47141367] -> F: 0.44139152515998903
Punto[1.         0.50899865 0.47040389] -> F: 0.4409266766427526
Punto[1.         0.50888932 0.46939412] -> F: 0.440462031011491
Punto[1.         0.50878    0.46838435] -> F: 0.43999758826620416
Punto[1.         0.50867068 0.46737458] -> F: 0.43953334840689223
Punto[1.         0.50856135 0.4663648 ] -> F: 0.439069311433555
Punto[1.         0.50845203 0.46535503] -> F: 0.4386054773461925
Punto[1.         0.50834271 0.46434526] -> F: 0.43814184614480495
Punto[1.         0.50823339 0.46333549] -> F: 0.4376753350101266
Punto[1.         0.50812406 0.46232572] -> F: 0.4372041423071789
Punto[1.         0.50801474 0.46131594] -> F: 0.43673315953212916
Punto[1.         0.50790542 0.46030617] -> F: 0.43626238668497735
Punto[1.         0.50779609 0.4592964 ] -> F: 0.4357918237657236
Punto[1.         0.50768677 0.45828663] -> F: 0.435321470774368
Punto[1.         0.50757745 0.45727686] -> F: 0.4348513277109104
Punto[1.         0.50746813 0.45626708] -> F: 0.4343813945753508
Punto[1.         0.5073588  0.45525731] -> F: 0.4339116713676893
Punto[1.         0.50724948 0.45424754] -> F: 0.43344215808792574
Punto[1.         0.50714016 0.45323777] -> F: 0.43296533260083675
Punto[1.         0.50703083 0.452228  ] -> F: 0.4324883814146785
Punto[1.         0.50692151 0.45121822] -> F: 0.43201164725304986
Punto[1.         0.50681219 0.45020845] -> F: 0.4315351301159509
Punto[1.         0.50670287 0.44919868] -> F: 0.4310588300033817
Punto[1.         0.50659354 0.44818891] -> F: 0.43058274691534215
Punto[1.         0.50648422 0.44717914] -> F: 0.4301068808518322
Punto[1.         0.5063749  0.44616936] -> F: 0.42963123181285207
Punto[1.         0.50626557 0.44515959] -> F: 0.42884946472429875
Punto[1.         0.50615625 0.44414982] -> F: 0.4280681615092036
Punto[1.         0.50604693 0.44314005] -> F: 0.4273005361565149
{
  "seed": 19376,
  "n_per_z": 10,
  "nz": 100,
  "nd": 100,
  "n_muestras": 50,
  "best_f": 0.44910503468183643,
  "best_cp": [
    1.0,
    0.5109664577678472,
    0.48857979026821613
  ],
  "best_u": [
    -0.9995065603657316,
    -0.031271357017495435,
    -0.002956013556896865
  ],
  "best_index": 8,
  "n_candidatos": 54
}
