Punto[0.         0.62334363 0.56888008] -> F: 0.15071532265823726
Punto[1.         0.55799916 0.60888345] -> F: 0.3931680630957171
Punto[2.         0.50840029 0.76381544] -> F: 0.06882433875512421
Punto[1.         0.56587196 0.66634776] -> F: 0.33998876602295686
Punto[1.         0.55815662 0.61003274] -> F: 0.3953781031341036
Punto[1.         0.55831093 0.61115904] -> F: 0.39748550067138305
Punto[1.         0.55846523 0.61228534] -> F: 0.3970487328436607
Punto[1.         0.55861954 0.61341164] -> F: 0.39581243956697515
Punto[1.         0.55877385 0.61453794] -> F: 0.39457907150498867
Punto[1.         0.55892815 0.61566424] -> F: 0.3933486286577015
Punto[1.         0.55908246 0.61679054] -> F: 0.3921211110251135
Punto[1.         0.55923677 0.61791684] -> F: 0.39089651860722496
Punto[1.         0.55939107 0.61904314] -> F: 0.38967485140403546
Punto[1.         0.55954538 0.62016944] -> F: 0.3884561094155455
Punto[1.         0.55969969 0.62129574] -> F: 0.38724029264175447
Punto[1.         0.55985399 0.62242204] -> F: 0.386027401082663
Punto[1.         0.5600083  0.62354834] -> F: 0.38481743473827057
Punto[1.         0.56016261 0.62467464] -> F: 0.3836103936085774
Punto[1.         0.56031691 0.62580094] -> F: 0.3824062776935836
Punto[1.         0.56047122 0.62692724] -> F: 0.3812050869932892
Punto[1.         0.56062553 0.62805354] -> F: 0.3800068215076937
Punto[1.         0.56077984 0.62917984] -> F: 0.37881148123679775
Punto[1.         0.56093414 0.63030615] -> F: 0.37761906618060104
Punto[1.         0.56108845 0.63143245] -> F: 0.37642957633910346
Punto[1.         0.56124276 0.63255875] -> F: 0.3752430117123052
Punto[1.         0.56139706 0.63368505] -> F: 0.37405937230020614
Punto[1.         0.56155137 0.63481135] -> F: 0.3728786581028065
Punto[1.         0.56170568 0.63593765] -> F: 0.37170086912010597
Punto[1.         0.56185998 0.63706395] -> F: 0.3705143494483542
Punto[1.         0.56201429 0.63819025] -> F: 0.3693070166970679
Punto[1.         0.5621686  0.63931655] -> F: 0.36810278890839104
Punto[1.         0.5623229  0.64044285] -> F: 0.36690166608232416
Punto[1.         0.56247721 0.64156915] -> F: 0.3657036482188672
Punto[1.         0.56263152 0.64269545] -> F: 0.36450873531801986
Punto[1.         0.56278582 0.64382175] -> F: 0.3633169273797824
Punto[1.         0.56294013 0.64494805] -> F: 0.3621282244041547
Punto[1.         0.56309444 0.64607435] -> F: 0.3609426263911369
Punto[1.         0.56324875 0.64720065] -> F: 0.3597601333407288
Punto[1.         0.56340305 0.64832695] -> F: 0.3585807452529307
Punto[1.         0.56355736 0.64945325] -> F: 0.3574044621277423
Punto[1.         0.56371167 0.65057955] -> F: 0.3562312839651635
Punto[1.         0.56386597 0.65170585] -> F: 0.3550612107651947
Punto[1.         0.56402028 0.65283215] -> F: 0.3538942425278356
Punto[1.         0.56417459 0.65395845] -> F: 0.3527303792530865
Punto[1.         0.56432889 0.65508475] -> F: 0.3515696209409469
Punto[1.         0.5644832  0.65621105] -> F: 0.3504119675914174
Punto[1.         0.56463751 0.65733735] -> F: 0.3492574192044975
Punto[1.         0.56479181 0.65846366] -> F: 0.34810597578018754
Punto[1.         0.56494612 0.65958996] -> F: 0.34695763731848744
Punto[1.         0.56510043 0.66071626] -> F: 0.34581240381939704
Punto[1.         0.56525473 0.66184256] -> F: 0.34467027528291644
Punto[1.         0.56540904 0.66296886] -> F: 0.3434950230743226
Punto[1.         0.56556335 0.66409516] -> F: 0.34232296417934827
Punto[1.         0.56571765 0.66522146] -> F: 0.34115421182889283
Best centerpoint:  [1.         0.55831093 0.61115904] Best F:  0.39748550067138305 Best u:  [ 0.21814324  0.09184188 -0.97158561] índice:  2
{
  "seed": 10576,
  "n_per_z": 5,
  "nz": 100,
  "nd": 100,
  "n_muestras": 50,
  "best_f": 0.39748550067138305,
  "best_cp": [
    1.0,
    0.5583109256557656,
    0.6111590381874554
  ],
  "best_u": [
    0.21814324139654234,
    0.09184188040532165,
    -0.9715856088048157
  ],
  "n_candidatos": 54
}
