Punto[0.         0.57694902 0.51133417] -> F: 0.11891869895067475
Punto[1.         0.52933746 0.51358511] -> F: 0.4062118654992129
Punto[2.         0.52653446 0.47412493] -> F: 0.16595945593968534
Punto[1.         0.55174174 0.49272955] -> F: 0.4109643277265907
Punto[1.         0.52978555 0.513168  ] -> F: 0.4066941582084088
Punto[1.         0.53022467 0.51275923] -> F: 0.40716658112928356
Punto[1.         0.5306638  0.51235046] -> F: 0.4076387823779822
Punto[1.         0.53110292 0.51194169] -> F: 0.40811076195450485
Punto[1.         0.53154204 0.51153292] -> F: 0.40858251985885147
Punto[1.         0.53198117 0.51112415] -> F: 0.40905405609102174
Punto[1.         0.53242029 0.51071538] -> F: 0.40952537065101613
Punto[1.         0.53285941 0.51030661] -> F: 0.4100321392161431
Punto[1.         0.53329854 0.50989785] -> F: 0.4106434793788831
Punto[1.         0.53373766 0.50948908] -> F: 0.41135866768719176
Punto[1.         0.53417679 0.50908031] -> F: 0.41210659928528676
Punto[1.         0.53461591 0.50867154] -> F: 0.41285464732483607
Punto[1.         0.53505503 0.50826277] -> F: 0.4135892523410412
Punto[1.         0.53549416 0.507854  ] -> F: 0.41418347870306454
Punto[1.         0.53593328 0.50744523] -> F: 0.41478794384151874
Punto[1.         0.53637241 0.50703646] -> F: 0.41540264775640423
Punto[1.         0.53681153 0.50662769] -> F: 0.41602759044772086
Punto[1.         0.53725065 0.50621893] -> F: 0.4166627719154687
Punto[1.         0.53768978 0.50581016] -> F: 0.41730819215964776
Punto[1.         0.5381289  0.50540139] -> F: 0.4179638511802579
Punto[1.         0.53856802 0.50499262] -> F: 0.41862974897729927
Punto[1.         0.53900715 0.50458385] -> F: 0.41930588555077153
Punto[1.         0.53944627 0.50417508] -> F: 0.4199922609006752
Punto[1.         0.5398854  0.50376631] -> F: 0.4206888750270102
Punto[1.         0.54032452 0.50335754] -> F: 0.4213957279297761
Punto[1.         0.54076364 0.50294877] -> F: 0.4221128196089732
Punto[1.         0.54120277 0.50254001] -> F: 0.4228401500646014
Punto[1.         0.54164189 0.50213124] -> F: 0.42354592357602705
Punto[1.         0.54208101 0.50172247] -> F: 0.4241915337252126
Punto[1.         0.54252014 0.5013137 ] -> F: 0.4248420718435488
Punto[1.         0.54295926 0.50090493] -> F: 0.42549753793103534
Punto[1.         0.54339839 0.50049616] -> F: 0.42502578597020124
Punto[1.         0.54383751 0.50008739] -> F: 0.4244491739439625
Punto[1.         0.54427663 0.49967862] -> F: 0.423878111243887
Punto[1.         0.54471576 0.49926986] -> F: 0.4232881949011057
Punto[1.         0.54515488 0.49886109] -> F: 0.4226741254402937
Punto[1.         0.54559401 0.49845232] -> F: 0.4220634854196278
Punto[1.         0.54603313 0.49804355] -> F: 0.4214227511783446
Punto[1.         0.54647225 0.49763478] -> F: 0.42060879451606736
Punto[1.         0.54691138 0.49722601] -> F: 0.4197982672939363
Punto[1.         0.5473505  0.49681724] -> F: 0.4189911695119513
Punto[1.         0.54778962 0.49640847] -> F: 0.4181875011701124
Punto[1.         0.54822875 0.4959997 ] -> F: 0.4173872622684197
Punto[1.         0.54866787 0.49559094] -> F: 0.4165904528068732
Punto[1.         0.549107   0.49518217] -> F: 0.4157970727854725
Punto[1.         0.54954612 0.4947734 ] -> F: 0.41500712220421815
Punto[1.         0.54998524 0.49436463] -> F: 0.4142206010631099
Punto[1.         0.55042437 0.49395586] -> F: 0.41340891932025975
Punto[1.         0.55086349 0.49354709] -> F: 0.41258850612954034
Punto[1.         0.55130261 0.49313832] -> F: 0.41177364226498403
{
  "seed": 18397,
  "n_per_z": 10,
  "nz": 100,
  "nd": 100,
  "n_muestras": 50,
  "best_f": 0.42549753793103534,
  "best_cp": [
    1.0,
    0.5429592622595096,
    0.5009049305124966
  ],
  "best_u": [
    -0.27899110603922916,
    -0.7399190017680558,
    0.6121142324546713
  ],
  "best_index": 34,
  "n_candidatos": 54
}
