Punto[0.         0.66129028 0.50228628] -> F: 0.13059901289226206
Punto[1.         0.4893631  0.48841671] -> F: 0.4096257412977912
Punto[2.         0.41659464 0.48899577] -> F: 0.12052313094590882
Punto[1.         0.53894246 0.49564103] -> F: 0.4427567872551233
Punto[1.         0.49035469 0.48856119] -> F: 0.4109235055083462
Punto[1.         0.49132644 0.48870279] -> F: 0.4121966591384852
Punto[1.         0.4922982  0.48884438] -> F: 0.4134711438895525
Punto[1.         0.49326995 0.48898598] -> F: 0.41474695976154824
Punto[1.         0.49424171 0.48912758] -> F: 0.4160241067544724
Punto[1.         0.49521347 0.48926917] -> F: 0.4173025848683251
Punto[1.         0.49618522 0.48941077] -> F: 0.41858239410310616
Punto[1.         0.49715698 0.48955237] -> F: 0.4198635344588157
Punto[1.         0.49812873 0.48969396] -> F: 0.42114600593545365
Punto[1.         0.49910049 0.48983556] -> F: 0.4224298085330199
Punto[1.         0.50007224 0.48997716] -> F: 0.42371494225151485
Punto[1.         0.501044   0.49011875] -> F: 0.42499198159376783
Punto[1.         0.50201575 0.49026035] -> F: 0.4262584604639212
Punto[1.         0.50298751 0.49040195] -> F: 0.4275262318283044
Punto[1.         0.50395926 0.49054355] -> F: 0.4286965849900942
Punto[1.         0.50493102 0.49068514] -> F: 0.4297313072006181
Punto[1.         0.50590278 0.49082674] -> F: 0.4307983151265123
Punto[1.         0.50687453 0.49096834] -> F: 0.43189760876777683
Punto[1.         0.50784629 0.49110993] -> F: 0.43302918812441155
Punto[1.         0.50881804 0.49125153] -> F: 0.43419305319641666
Punto[1.         0.5097898  0.49139313] -> F: 0.4353892039837922
Punto[1.         0.51076155 0.49153472] -> F: 0.4366176404865381
Punto[1.         0.51173331 0.49167632] -> F: 0.43787836270465413
Punto[1.         0.51270506 0.49181792] -> F: 0.4391686163227981
Punto[1.         0.51367682 0.49195951] -> F: 0.44046537444221096
Punto[1.         0.51464857 0.49210111] -> F: 0.44176346368255176
Punto[1.         0.51562033 0.49224271] -> F: 0.4430342871532081
Punto[1.         0.51659208 0.4923843 ] -> F: 0.4441873346935967
Punto[1.         0.51756384 0.4925259 ] -> F: 0.4453498650004914
Punto[1.        0.5185356 0.4926675] -> F: 0.44652187807389176
Punto[1.         0.51950735 0.49280909] -> F: 0.44770337391379833
Punto[1.         0.52047911 0.49295069] -> F: 0.4488943525202105
Punto[1.         0.52145086 0.49309229] -> F: 0.4500948138931287
Punto[1.         0.52242262 0.49323388] -> F: 0.45130475803255277
Punto[1.         0.52339437 0.49337548] -> F: 0.45252418493848257
Punto[1.         0.52436613 0.49351708] -> F: 0.4537530946109184
Punto[1.         0.52533788 0.49365867] -> F: 0.4549914870498601
Punto[1.         0.52630964 0.49380027] -> F: 0.4553479495744663
Punto[1.         0.52728139 0.49394187] -> F: 0.4545634241684568
Punto[1.         0.52825315 0.49408346] -> F: 0.4536585996299216
Punto[1.         0.52922491 0.49422506] -> F: 0.4526554816426474
Punto[1.         0.53019666 0.49436666] -> F: 0.4516559459092986
Punto[1.         0.53116842 0.49450825] -> F: 0.4506599924298753
Punto[1.         0.53214017 0.49464985] -> F: 0.44966762120437764
Punto[1.         0.53311193 0.49479145] -> F: 0.4486771546438086
Punto[1.         0.53408368 0.49493304] -> F: 0.44767956244454093
Punto[1.         0.53505544 0.49507464] -> F: 0.4466863159657346
Punto[1.         0.53602719 0.49521624] -> F: 0.44569741520738976
Punto[1.         0.53699895 0.49535783] -> F: 0.4447128601695062
Punto[1.         0.5379707  0.49549943] -> F: 0.4437326508520842
Best centerpoint:  [1.         0.52630964 0.49380027] Best F:  0.4553479495744663 Best u:  [0.42577929 0.88303589 0.19738191] índice:  38
{
  "seed": 1340,
  "n_per_z": 5,
  "nz": 100,
  "nd": 100,
  "n_muestras": 50,
  "best_f": 0.4553479495744663,
  "best_cp": [
    1.0,
    0.5263096391261135,
    0.4938002687510552
  ],
  "best_u": [
    0.42577929156507266,
    0.8830358871572189,
    0.19738190612821696
  ],
  "n_candidatos": 54
}
