Punto[0.         0.47853017 0.48203138] -> F: 0.13100017019695723
Punto[1.         0.51524572 0.46469093] -> F: 0.3216615349917852
Punto[2.         0.76578959 0.52271273] -> F: 0.09991279301972839
Punto[1.         0.62215988 0.50237206] -> F: 0.36273560772040697
Punto[1.         0.51738401 0.46544455] -> F: 0.3256189445844411
Punto[1.         0.51947952 0.4661831 ] -> F: 0.3296418211287354
Punto[1.         0.52157504 0.46692165] -> F: 0.33398559003262746
Punto[1.         0.52367056 0.4676602 ] -> F: 0.33865025129611814
Punto[1.         0.52576608 0.46839875] -> F: 0.3436311286010921
Punto[1.         0.52786159 0.4691373 ] -> F: 0.34873106390404485
Punto[1.         0.52995711 0.46987585] -> F: 0.3538445620398089
Punto[1.         0.53205263 0.4706144 ] -> F: 0.3589711117469484
Punto[1.         0.53414815 0.47135295] -> F: 0.36411071302546333
Punto[1.         0.53624366 0.4720915 ] -> F: 0.3690355640808327
Punto[1.         0.53833918 0.47283005] -> F: 0.37299459837960286
Punto[1.        0.5404347 0.4735686] -> F: 0.3763171587668111
Punto[1.         0.54253022 0.47430715] -> F: 0.37988623695805185
Punto[1.         0.54462573 0.4750457 ] -> F: 0.38370063886645006
Punto[1.         0.54672125 0.47578425] -> F: 0.3877603458721535
Punto[1.         0.54881677 0.4765228 ] -> F: 0.3915073337281572
Punto[1.         0.55091229 0.47726135] -> F: 0.39552926994527404
Punto[1.        0.5530078 0.4779999] -> F: 0.3998556838295543
Punto[1.         0.55510332 0.47873845] -> F: 0.4044865753809974
Punto[1.         0.55719884 0.479477  ] -> F: 0.40941885813255874
Punto[1.         0.55929436 0.48021555] -> F: 0.41446230082136587
Punto[1.         0.56138987 0.4809541 ] -> F: 0.41933267841534655
Punto[1.         0.56348539 0.48169265] -> F: 0.42368184468187975
Punto[1.         0.56558091 0.4824312 ] -> F: 0.4235884403045379
Punto[1.         0.56767643 0.48316975] -> F: 0.4219997918094813
Punto[1.         0.56977194 0.4839083 ] -> F: 0.42039624971864337
Punto[1.         0.57186746 0.48464685] -> F: 0.4187954512189022
Punto[1.         0.57396298 0.4853854 ] -> F: 0.4171817879123756
Punto[1.         0.5760585  0.48612395] -> F: 0.4155560538627594
Punto[1.         0.57815401 0.4868625 ] -> F: 0.41393224881717317
Punto[1.         0.58024953 0.48760105] -> F: 0.4122867667245125
Punto[1.         0.58234505 0.4883396 ] -> F: 0.41063953597218744
Punto[1.         0.58444057 0.48907815] -> F: 0.40898515211808034
Punto[1.         0.58653608 0.4898167 ] -> F: 0.4073139261051522
Punto[1.         0.5886316  0.49055525] -> F: 0.4056447633173807
Punto[1.         0.59072712 0.4912938 ] -> F: 0.4039563576345635
Punto[1.         0.59282264 0.49203235] -> F: 0.40149964230150653
Punto[1.         0.59491815 0.4927709 ] -> F: 0.398248895396856
Punto[1.         0.59701367 0.49350945] -> F: 0.39539444626571757
Punto[1.         0.59910919 0.494248  ] -> F: 0.3929888782845294
Punto[1.         0.60120471 0.49498655] -> F: 0.3907732167715542
Punto[1.         0.60330022 0.49572511] -> F: 0.3882133127273156
Punto[1.         0.60539574 0.49646366] -> F: 0.38584310549301054
Punto[1.         0.60749126 0.49720221] -> F: 0.3836132804578848
Punto[1.         0.60958678 0.49794076] -> F: 0.3813836035083847
Punto[1.         0.61168229 0.49867931] -> F: 0.37901995806519395
Punto[1.         0.61377781 0.49941786] -> F: 0.37576391862545677
Punto[1.         0.61587333 0.50015641] -> F: 0.37247621247616475
Punto[1.         0.61796885 0.50089496] -> F: 0.369127067176258
Punto[1.         0.62006436 0.50163351] -> F: 0.36588019892433876
Best centerpoint:  [1.         0.56348539 0.48169265] Best F:  0.42368184468187975 Best u:  [ 0.21814324 -0.82399378 -0.52292235] índice:  23
{
  "seed": 1257,
  "n_per_z": 5,
  "nz": 100,
  "nd": 100,
  "n_muestras": 50,
  "best_f": 0.42368184468187975,
  "best_cp": [
    1.0,
    0.5634853908727547,
    0.48169265287486857
  ],
  "best_u": [
    0.21814324139654234,
    -0.8239937750703865,
    -0.5229223507159195
  ],
  "n_candidatos": 54
}
