Punto[0.         0.41257218 0.56305984] -> F: 0.1798227964432278
Punto[1.         0.47241475 0.51989264] -> F: 0.4024111573229997
Punto[2.         0.51963867 0.50422931] -> F: 0.10630384217253226
Punto[1.         0.46610542 0.53364458] -> F: 0.392210464761847
Punto[1.         0.47228857 0.52016768] -> F: 0.4022050180662304
Punto[1.         0.47216491 0.52043721] -> F: 0.40200308576065596
Punto[1.         0.47204124 0.52070675] -> F: 0.4018012367709792
Punto[1.         0.47191758 0.52097629] -> F: 0.40159947109719957
Punto[1.         0.47179392 0.52124583] -> F: 0.40139778873931753
Punto[1.         0.47167025 0.52151537] -> F: 0.4011961896973329
Punto[1.         0.47154659 0.5217849 ] -> F: 0.4009946739712456
Punto[1.         0.47142293 0.52205444] -> F: 0.4007932415610557
Punto[1.         0.47129927 0.52232398] -> F: 0.4005918924667633
Punto[1.         0.4711756  0.52259352] -> F: 0.4003906266883683
Punto[1.         0.47105194 0.52286306] -> F: 0.4001894442258708
Punto[1.         0.47092828 0.52313259] -> F: 0.39998834507927056
Punto[1.         0.47080461 0.52340213] -> F: 0.3997873292485678
Punto[1.         0.47068095 0.52367167] -> F: 0.3995863967337625
Punto[1.         0.47055729 0.52394121] -> F: 0.39938554753485456
Punto[1.         0.47043363 0.52421075] -> F: 0.3991847816518441
Punto[1.         0.47030996 0.52448028] -> F: 0.39898409908473087
Punto[1.         0.4701863  0.52474982] -> F: 0.39878349983351524
Punto[1.         0.47006264 0.52501936] -> F: 0.3985829838981969
Punto[1.         0.46993897 0.5252889 ] -> F: 0.39838255127877603
Punto[1.         0.46981531 0.52555844] -> F: 0.3981822019752526
Punto[1.         0.46969165 0.52582797] -> F: 0.3979819359876266
Punto[1.         0.46956799 0.52609751] -> F: 0.397781753315898
Punto[1.         0.46944432 0.52636705] -> F: 0.3975816539600667
Punto[1.         0.46932066 0.52663659] -> F: 0.397381637920133
Punto[1.         0.469197   0.52690613] -> F: 0.3971817051960966
Punto[1.         0.46907333 0.52717566] -> F: 0.3969818557879575
Punto[1.         0.46894967 0.5274452 ] -> F: 0.3967820896957161
Punto[1.         0.46882601 0.52771474] -> F: 0.396582406919372
Punto[1.         0.46870235 0.52798428] -> F: 0.3963828074589253
Punto[1.         0.46857868 0.52825382] -> F: 0.39618329131437596
Punto[1.         0.46845502 0.52852335] -> F: 0.39598385848572415
Punto[1.         0.46833136 0.52879289] -> F: 0.3957845089729697
Punto[1.         0.46820769 0.52906243] -> F: 0.3955852427761127
Punto[1.         0.46808403 0.52933197] -> F: 0.3953860598951531
Punto[1.         0.46796037 0.52960151] -> F: 0.39518696033009065
Punto[1.         0.46783671 0.52987104] -> F: 0.3949879440809258
Punto[1.         0.46771304 0.53014058] -> F: 0.3947890111476585
Punto[1.         0.46758938 0.53041012] -> F: 0.3945901615302884
Punto[1.         0.46746572 0.53067966] -> F: 0.3943913952288159
Punto[1.         0.46734205 0.5309492 ] -> F: 0.39419271224324076
Punto[1.         0.46721839 0.53121873] -> F: 0.3939941125735631
Punto[1.         0.46709473 0.53148827] -> F: 0.3937955962197828
Punto[1.         0.46697107 0.53175781] -> F: 0.3935971631818998
Punto[1.         0.4668474  0.53202735] -> F: 0.39339881345991434
Punto[1.         0.46672374 0.53229689] -> F: 0.3932005470538261
Punto[1.         0.46660008 0.53256642] -> F: 0.3930023639636355
Punto[1.         0.46647641 0.53283596] -> F: 0.3928042641893423
Punto[1.         0.46635275 0.5331055 ] -> F: 0.39260624773094654
Punto[1.         0.46622909 0.53337504] -> F: 0.3924083145884481
{
  "seed": 2015,
  "n_per_z": 10,
  "nz": 100,
  "nd": 100,
  "n_muestras": 50,
  "best_f": 0.4024111573229997,
  "best_cp": [
    1.0,
    0.4724147548561272,
    0.5198926380487062
  ],
  "best_u": [
    0.9995065603657316,
    -0.015132248592212117,
    0.02752545800541225
  ],
  "best_index": 1,
  "n_candidatos": 54
}
