Punto[0.         0.51600134 0.55810634] -> F: 0.07566552332820288
Punto[1.         0.55707233 0.49139738] -> F: 0.35406002125706576
Punto[2.         0.53432034 0.50181117] -> F: 0.19288887249494865
Punto[1.         0.52516084 0.52995875] -> F: 0.34697845255466203
Punto[1.         0.5564341  0.49216861] -> F: 0.35524456637473173
Punto[1.         0.55580864 0.49292441] -> F: 0.35640979493231056
Punto[1.         0.55518317 0.49368021] -> F: 0.35757935364688026
Punto[1.         0.5545577  0.49443602] -> F: 0.3587532425184409
Punto[1.         0.55393224 0.49519182] -> F: 0.35977803904913547
Punto[1.         0.55330677 0.49594762] -> F: 0.36078119959660737
Punto[1.         0.55268131 0.49670343] -> F: 0.36177478734103574
Punto[1.         0.55205584 0.49745923] -> F: 0.3627294125925212
Punto[1.         0.55143038 0.49821503] -> F: 0.3637014385617314
Punto[1.         0.55080491 0.49897083] -> F: 0.3646932098585669
Punto[1.         0.55017945 0.49972664] -> F: 0.36569260283671623
Punto[1.         0.54955398 0.50048244] -> F: 0.3666986611959634
Punto[1.         0.54892852 0.50123824] -> F: 0.3677153613493413
Punto[1.         0.54830305 0.50199405] -> F: 0.3687427032968499
Punto[1.         0.54767759 0.50274985] -> F: 0.3697806870384894
Punto[1.         0.54705212 0.50350565] -> F: 0.37038013724196356
Punto[1.         0.54642666 0.50426146] -> F: 0.37016695249702314
Punto[1.         0.54580119 0.50501726] -> F: 0.3698604743949973
Punto[1.         0.54517573 0.50577306] -> F: 0.368870601264395
Punto[1.         0.54455026 0.50652886] -> F: 0.36796989492776305
Punto[1.         0.5439248  0.50728467] -> F: 0.3671811936292067
Punto[1.         0.54329933 0.50804047] -> F: 0.36650449736872615
Punto[1.         0.54267386 0.50879627] -> F: 0.36591061030513533
Punto[1.         0.5420484  0.50955208] -> F: 0.36532070714296166
Punto[1.         0.54142293 0.51030788] -> F: 0.3647304052486243
Punto[1.         0.54079747 0.51106368] -> F: 0.36413970462212364
Punto[1.         0.540172   0.51181948] -> F: 0.3635486052634591
Punto[1.         0.53954654 0.51257529] -> F: 0.3629571071726309
Punto[1.         0.53892107 0.51333109] -> F: 0.36223282249538846
Punto[1.         0.53829561 0.51408689] -> F: 0.3615172385353567
Punto[1.         0.53767014 0.5148427 ] -> F: 0.36081636000721756
Punto[1.         0.53704468 0.5155985 ] -> F: 0.3601301869109711
Punto[1.         0.53641921 0.5163543 ] -> F: 0.359458719246617
Punto[1.         0.53579375 0.5171101 ] -> F: 0.3588019570141558
Punto[1.         0.53516828 0.51786591] -> F: 0.3581599002135869
Punto[1.         0.53454282 0.51862171] -> F: 0.3575325488449107
Punto[1.         0.53391735 0.51937751] -> F: 0.3569198059328359
Punto[1.         0.53329189 0.52013332] -> F: 0.35628628767402976
Punto[1.         0.53266642 0.52088912] -> F: 0.35556563826601917
Punto[1.         0.53204095 0.52164492] -> F: 0.35485297882246747
Punto[1.         0.53141549 0.52240073] -> F: 0.35414830934337477
Punto[1.         0.53079002 0.52315653] -> F: 0.35345162982874107
Punto[1.         0.53016456 0.52391233] -> F: 0.35276294027856636
Punto[1.         0.52953909 0.52466813] -> F: 0.35208224069285066
Punto[1.         0.52891363 0.52542394] -> F: 0.35140953107159373
Punto[1.         0.52828816 0.52617974] -> F: 0.350744811414796
Punto[1.         0.5276627  0.52693554] -> F: 0.35006167240644115
Punto[1.         0.52703723 0.52769135] -> F: 0.34933249040239395
Punto[1.         0.52641177 0.52844715] -> F: 0.34860884762872385
Punto[1.         0.5257863  0.52920295] -> F: 0.3478227970257068
{
  "seed": 16331,
  "n_per_z": 10,
  "nz": 100,
  "nd": 100,
  "n_muestras": 50,
  "best_f": 0.37038013724196356,
  "best_cp": [
    1.0,
    0.5470521213779365,
    0.503505652094754
  ],
  "best_u": [
    -0.587785252292473,
    0.4547350049380487,
    0.6691222403055114
  ],
  "best_index": 19,
  "n_candidatos": 54
}
