Punto[0.         0.55485331 0.42506295] -> F: 0.19219828059015323
Punto[1.         0.51697777 0.45354234] -> F: 0.38319163104292386
Punto[2.         0.49977479 0.42358549] -> F: 0.08803903610331576
Punto[1.         0.52731405 0.42432422] -> F: 0.37237660925644633
Punto[1.         0.5171845  0.45295798] -> F: 0.3836687126118993
Punto[1.         0.51738709 0.4523853 ] -> F: 0.3841373848506822
Punto[1.         0.51758968 0.45181262] -> F: 0.38434369311935457
Punto[1.         0.51779227 0.45123995] -> F: 0.38423155105894974
Punto[1.         0.51799486 0.45066727] -> F: 0.3841194292277007
Punto[1.         0.51819745 0.4500946 ] -> F: 0.38400732762560735
Punto[1.         0.51840004 0.44952192] -> F: 0.38389524625266963
Punto[1.         0.51860263 0.44894925] -> F: 0.38378318510888765
Punto[1.         0.51880522 0.44837657] -> F: 0.38366569927381666
Punto[1.         0.51900782 0.4478039 ] -> F: 0.38354197472706386
Punto[1.         0.51921041 0.44723122] -> F: 0.3834182720913558
Punto[1.         0.519413   0.44665855] -> F: 0.3832945941346897
Punto[1.         0.51961559 0.44608587] -> F: 0.3831709408570657
Punto[1.         0.51981818 0.4455132 ] -> F: 0.3830473122584838
Punto[1.         0.52002077 0.44494052] -> F: 0.38292370833894374
Punto[1.         0.52022336 0.44436785] -> F: 0.38280012909844585
Punto[1.         0.52042595 0.44379517] -> F: 0.38267657453698994
Punto[1.         0.52062854 0.4432225 ] -> F: 0.3825530446545762
Punto[1.         0.52083114 0.44264982] -> F: 0.3824295394512042
Punto[1.         0.52103373 0.44207715] -> F: 0.3822998210024566
Punto[1.         0.52123632 0.44150447] -> F: 0.38216535471140783
Punto[1.         0.52143891 0.4409318 ] -> F: 0.3820309065119926
Punto[1.         0.5216415  0.44035912] -> F: 0.3818964764042106
Punto[1.         0.52184409 0.43978645] -> F: 0.3816930128746417
Punto[1.         0.52204668 0.43921377] -> F: 0.3813551218115129
Punto[1.         0.52224927 0.4386411 ] -> F: 0.3810173007970811
Punto[1.         0.52245186 0.43806842] -> F: 0.3806795498313463
Punto[1.         0.52265446 0.43749575] -> F: 0.3803418689143087
Punto[1.         0.52285705 0.43692307] -> F: 0.38000425804596805
Punto[1.         0.52305964 0.4363504 ] -> F: 0.37966364906211336
Punto[1.         0.52326223 0.43577772] -> F: 0.3793211090621054
Punto[1.         0.52346482 0.43520505] -> F: 0.3789786412315341
Punto[1.         0.52366741 0.43463237] -> F: 0.37863624557039927
Punto[1.        0.52387   0.4340597] -> F: 0.378293922078701
Punto[1.         0.52407259 0.43348702] -> F: 0.37795167075643926
Punto[1.         0.52427518 0.43291435] -> F: 0.37760949160361407
Punto[1.         0.52447778 0.43234167] -> F: 0.377265988628961
Punto[1.         0.52468037 0.431769  ] -> F: 0.37691881595124305
Punto[1.         0.52488296 0.43119632] -> F: 0.3765717176277913
Punto[1.         0.52508555 0.43062365] -> F: 0.37622469365860567
Punto[1.         0.52528814 0.43005097] -> F: 0.37587774404368623
Punto[1.         0.52549073 0.4294783 ] -> F: 0.375530868783033
Punto[1.         0.52569332 0.42890562] -> F: 0.37518406787664593
Punto[1.         0.52589591 0.42833295] -> F: 0.374837341324525
Punto[1.         0.5260985  0.42776027] -> F: 0.37448622592772496
Punto[1.        0.5263011 0.4271876] -> F: 0.37413443162406945
Punto[1.         0.52650369 0.42661492] -> F: 0.37378271393045764
Punto[1.         0.52670628 0.42604224] -> F: 0.37343107284688937
Punto[1.         0.52690887 0.42546957] -> F: 0.37307950837336484
Punto[1.         0.52711146 0.42489689] -> F: 0.37272802050988374
{
  "seed": 15316,
  "n_per_z": 10,
  "nz": 100,
  "nd": 100,
  "n_muestras": 50,
  "best_f": 0.38434369311935457,
  "best_cp": [
    1.0,
    0.5175896780187875,
    0.451812624852248
  ],
  "best_u": [
    0.5358267949789969,
    -0.6830756405564747,
    -0.49628350270878235
  ],
  "best_index": 6,
  "n_candidatos": 54
}
