Punto[0.         0.49489551 0.46393632] -> F: 0.18261063088181156
Punto[1.         0.49765996 0.48113539] -> F: 0.39771837881547495
Punto[2.         0.51967516 0.44457216] -> F: 0.11212986196915226
Punto[1.         0.50728534 0.45425424] -> F: 0.40639710250544
Punto[1.         0.49785246 0.48059776] -> F: 0.39827121581110025
Punto[1.         0.49804112 0.48007089] -> F: 0.3988234767269989
Punto[1.         0.49822978 0.47954402] -> F: 0.3993861124378291
Punto[1.         0.49841844 0.47901715] -> F: 0.3999591229435908
Punto[1.         0.49860709 0.47849028] -> F: 0.40054250824428395
Punto[1.         0.49879575 0.47796341] -> F: 0.40113626833990856
Punto[1.         0.49898441 0.47743654] -> F: 0.4017404032304647
Punto[1.         0.49917307 0.47690967] -> F: 0.4023549129159523
Punto[1.         0.49936172 0.4763828 ] -> F: 0.4029797973963713
Punto[1.         0.49955038 0.47585593] -> F: 0.4036150566717219
Punto[1.         0.49973904 0.47532906] -> F: 0.4042606907420039
Punto[1.         0.4999277  0.47480219] -> F: 0.4049166996072175
Punto[1.         0.50011635 0.47427532] -> F: 0.40553143739572545
Punto[1.         0.50030501 0.47374845] -> F: 0.40613596627710774
Punto[1.         0.50049367 0.47322158] -> F: 0.40674401450571257
Punto[1.         0.50068233 0.47269471] -> F: 0.40735558208154
Punto[1.         0.50087098 0.47216783] -> F: 0.4079706690045899
Punto[1.         0.50105964 0.47164096] -> F: 0.40858927527486244
Punto[1.         0.5012483  0.47111409] -> F: 0.4092114008923577
Punto[1.         0.50143696 0.47058722] -> F: 0.4098370458570755
Punto[1.         0.50162561 0.47006035] -> F: 0.4104662101690159
Punto[1.         0.50181427 0.46953348] -> F: 0.4110988938281786
Punto[1.         0.50200293 0.46900661] -> F: 0.41173509683456416
Punto[1.         0.50219159 0.46847974] -> F: 0.41237481918817226
Punto[1.         0.50238024 0.46795287] -> F: 0.41301806088900295
Punto[1.        0.5025689 0.467426 ] -> F: 0.41365295340547675
Punto[1.         0.50275756 0.46689913] -> F: 0.41425564768075457
Punto[1.         0.50294622 0.46637226] -> F: 0.4147510279218387
Punto[1.         0.50313487 0.46584539] -> F: 0.4152479348985674
Punto[1.         0.50332353 0.46531852] -> F: 0.415746368610941
Punto[1.         0.50351219 0.46479165] -> F: 0.41624632905895903
Punto[1.         0.50370085 0.46426478] -> F: 0.4165347618188457
Punto[1.         0.5038895  0.46373791] -> F: 0.4160146513303634
Punto[1.         0.50407816 0.46321104] -> F: 0.4154950270380791
Punto[1.         0.50426682 0.46268417] -> F: 0.41497588894199244
Punto[1.         0.50445548 0.4621573 ] -> F: 0.41445723704210335
Punto[1.         0.50464413 0.46163043] -> F: 0.4139379022191372
Punto[1.         0.50483279 0.46110355] -> F: 0.4134179865792165
Punto[1.         0.50502145 0.46057668] -> F: 0.412898575096258
Punto[1.         0.50521011 0.46004981] -> F: 0.41237966777026147
Punto[1.         0.50539876 0.45952294] -> F: 0.4118612646012271
Punto[1.         0.50558742 0.45899607] -> F: 0.4113433655891547
Punto[1.         0.50577608 0.4584692 ] -> F: 0.4108159105573154
Punto[1.         0.50596474 0.45794233] -> F: 0.41026172194849364
Punto[1.         0.50615339 0.45741546] -> F: 0.40970805836891105
Punto[1.         0.50634205 0.45688859] -> F: 0.4091549198185676
Punto[1.         0.50653071 0.45636172] -> F: 0.4086023062974636
Punto[1.         0.50671936 0.45583485] -> F: 0.40805021780559864
Punto[1.         0.50690802 0.45530798] -> F: 0.4074986543429732
Punto[1.         0.50709668 0.45478111] -> F: 0.4069476159095869
{
  "seed": 1811,
  "n_per_z": 10,
  "nz": 100,
  "nd": 100,
  "n_muestras": 50,
  "best_f": 0.4165347618188457,
  "best_cp": [
    1.0,
    0.5037008453550913,
    0.46426477752350076
  ],
  "best_u": [
    0.33873792024529137,
    0.3187119948743448,
    -0.8852566213878946
  ],
  "best_index": 35,
  "n_candidatos": 54
}
