Punto[0.         0.50293226 0.42762314] -> F: 0.087257413903255
Punto[1.         0.46796373 0.5365396 ] -> F: 0.382612462755728
Punto[2.         0.5008997  0.47513144] -> F: 0.1868102495426593
Punto[1.         0.50191598 0.45137729] -> F: 0.3465328931384505
Punto[1.         0.46864278 0.53483636] -> F: 0.38460290940560815
Punto[1.         0.46930824 0.53316717] -> F: 0.38654010790997423
Punto[1.         0.46997371 0.53149799] -> F: 0.38847950055835634
Punto[1.         0.47063917 0.52982881] -> F: 0.39033723282940125
Punto[1.         0.47130464 0.52815963] -> F: 0.39022502698450395
Punto[1.         0.4719701  0.52649045] -> F: 0.38935896505305767
Punto[1.         0.47263556 0.52482127] -> F: 0.38848654711848035
Punto[1.         0.47330103 0.52315209] -> F: 0.38760342961711686
Punto[1.         0.47396649 0.5214829 ] -> F: 0.38671636792670516
Punto[1.         0.47463196 0.51981372] -> F: 0.3858183633181861
Punto[1.         0.47529742 0.51814454] -> F: 0.3849145693578578
Punto[1.         0.47596288 0.51647536] -> F: 0.38400347050115086
Punto[1.         0.47662835 0.51480618] -> F: 0.38308302276093487
Punto[1.         0.47729381 0.513137  ] -> F: 0.38215845205151294
Punto[1.         0.47795928 0.51146782] -> F: 0.38122148660847904
Punto[1.         0.47862474 0.50979864] -> F: 0.38028301934658043
Punto[1.         0.4792902  0.50812945] -> F: 0.37932975327938956
Punto[1.         0.47995567 0.50646027] -> F: 0.37837587520132826
Punto[1.         0.48062113 0.50479109] -> F: 0.37740767427521804
Punto[1.         0.4812866  0.50312191] -> F: 0.3764389175729516
Punto[1.         0.48195206 0.50145273] -> F: 0.3754551935051379
Punto[1.         0.48261752 0.49978355] -> F: 0.37447193717842897
Punto[1.         0.48328299 0.49811437] -> F: 0.37348916050697817
Punto[1.         0.48394845 0.49644519] -> F: 0.3725076507605697
Punto[1.         0.48461392 0.494776  ] -> F: 0.371527882517283
Punto[1.         0.48527938 0.49310682] -> F: 0.3705498557771182
Punto[1.         0.48594484 0.49143764] -> F: 0.36957357054007517
Punto[1.         0.48661031 0.48976846] -> F: 0.36859902680615403
Punto[1.         0.48727577 0.48809928] -> F: 0.3676237790684995
Punto[1.         0.48794124 0.4864301 ] -> F: 0.3666468569888655
Punto[1.         0.4886067  0.48476092] -> F: 0.36567169753435325
Punto[1.         0.48927216 0.48309173] -> F: 0.3646983007049626
Punto[1.         0.48993763 0.48142255] -> F: 0.36372666650069374
Punto[1.         0.49060309 0.47975337] -> F: 0.3627567949215466
Punto[1.         0.49126856 0.47808419] -> F: 0.36178868596752123
Punto[1.         0.49193402 0.47641501] -> F: 0.3608223396386175
Punto[1.         0.49259948 0.47474583] -> F: 0.3598577559348355
Punto[1.         0.49326495 0.47307665] -> F: 0.3588949348561753
Punto[1.         0.49393041 0.47140747] -> F: 0.35793387640263674
Punto[1.         0.49459588 0.46973828] -> F: 0.35697458057422
Punto[1.         0.49526134 0.4680691 ] -> F: 0.3560170473709249
Punto[1.         0.4959268  0.46639992] -> F: 0.3550612767927515
Punto[1.         0.49659227 0.46473074] -> F: 0.3541072688396999
Punto[1.         0.49725773 0.46306156] -> F: 0.35315502351177
Punto[1.         0.4979232  0.46139238] -> F: 0.3522045408089618
Punto[1.         0.49858866 0.4597232 ] -> F: 0.3512558207312753
Punto[1.         0.49925412 0.45805401] -> F: 0.3503088632787106
Punto[1.         0.49991959 0.45638483] -> F: 0.34936366845126754
Punto[1.         0.50058505 0.45471565] -> F: 0.34842023624894625
Punto[1.         0.50125052 0.45304647] -> F: 0.3474785666717467
{
  "seed": 6526,
  "n_per_z": 10,
  "nz": 100,
  "nd": 100,
  "n_muestras": 50,
  "best_f": 0.39033723282940125,
  "best_cp": [
    1.0,
    0.47063917104398156,
    0.5298288115543529
  ],
  "best_u": [
    -0.3090169943749471,
    -0.6932903632838673,
    0.6510429858044683
  ],
  "best_index": 7,
  "n_candidatos": 54
}
