Punto[0.         0.47295741 0.45263327] -> F: 0.16378510948860947
Punto[1.         0.51160704 0.498898  ] -> F: 0.4402322994242033
Punto[2.         0.49737196 0.52755979] -> F: 0.13425625623670495
Punto[1.         0.48516468 0.49009653] -> F: 0.4416209090177369
Punto[1.         0.51107819 0.49872197] -> F: 0.4407396564480559
Punto[1.         0.51055992 0.49854946] -> F: 0.44123938061624324
Punto[1.         0.51004165 0.49837696] -> F: 0.4417415936724262
Punto[1.         0.50952338 0.49820445] -> F: 0.44224629561660467
Punto[1.         0.50900511 0.49803194] -> F: 0.44275348644877893
Punto[1.         0.50848684 0.49785943] -> F: 0.44326316616894845
Punto[1.         0.50796857 0.49768692] -> F: 0.44377533477711356
Punto[1.         0.5074503  0.49751441] -> F: 0.4442899922732744
Punto[1.         0.50693203 0.4973419 ] -> F: 0.4448071386574307
Punto[1.         0.50641376 0.49716939] -> F: 0.44532677392958275
Punto[1.         0.50589549 0.49699688] -> F: 0.44583195593465746
Punto[1.         0.50537722 0.49682438] -> F: 0.4463362713589496
Punto[1.         0.50485895 0.49665187] -> F: 0.4468423940709409
Punto[1.         0.50434068 0.49647936] -> F: 0.4473503240706318
Punto[1.         0.50382241 0.49630685] -> F: 0.44786006135802214
Punto[1.         0.50330414 0.49613434] -> F: 0.4483716059331121
Punto[1.         0.50278587 0.49596183] -> F: 0.4488849577959014
Punto[1.         0.5022676  0.49578932] -> F: 0.4494001169463902
Punto[1.         0.50174933 0.49561681] -> F: 0.44991708338457853
Punto[1.         0.50123106 0.49544431] -> F: 0.44988840892817156
Punto[1.         0.50071279 0.4952718 ] -> F: 0.4496212992880401
Punto[1.         0.50019452 0.49509929] -> F: 0.44935422917991913
Punto[1.         0.49967625 0.49492678] -> F: 0.44908474258582776
Punto[1.         0.49915798 0.49475427] -> F: 0.4488154574475651
Punto[1.         0.49863971 0.49458176] -> F: 0.44854637376513123
Punto[1.         0.49812144 0.49440925] -> F: 0.44827749153852603
Punto[1.         0.49760317 0.49423674] -> F: 0.4480088107677496
Punto[1.         0.49708489 0.49406423] -> F: 0.44774033145280195
Punto[1.         0.49656662 0.49389173] -> F: 0.447472053593683
Punto[1.         0.49604835 0.49371922] -> F: 0.44720397719039273
Punto[1.         0.49553008 0.49354671] -> F: 0.44693610224293134
Punto[1.         0.49501181 0.4933742 ] -> F: 0.4466684287512986
Punto[1.         0.49449354 0.49320169] -> F: 0.44640095671549457
Punto[1.         0.49397527 0.49302918] -> F: 0.4461336861355193
Punto[1.         0.493457   0.49285667] -> F: 0.44586661701137276
Punto[1.         0.49293873 0.49268416] -> F: 0.4455997493430551
Punto[1.         0.49242046 0.49251166] -> F: 0.44533308313056597
Punto[1.         0.49190219 0.49233915] -> F: 0.4450666183739056
Punto[1.         0.49138392 0.49216664] -> F: 0.444800355073074
Punto[1.         0.49086565 0.49199413] -> F: 0.4445342932280713
Punto[1.         0.49034738 0.49182162] -> F: 0.44426843283889716
Punto[1.         0.48982911 0.49164911] -> F: 0.4440027739055518
Punto[1.         0.48931084 0.4914766 ] -> F: 0.4437373164280352
Punto[1.         0.48879257 0.49130409] -> F: 0.4434720604063473
Punto[1.         0.4882743  0.49113158] -> F: 0.4432070058404882
Punto[1.         0.48775603 0.49095908] -> F: 0.4429421527304578
Punto[1.         0.48723776 0.49078657] -> F: 0.4426775010762561
Punto[1.         0.48671949 0.49061406] -> F: 0.44241305087788324
Punto[1.         0.48620122 0.49044155] -> F: 0.442148802135339
Punto[1.         0.48568295 0.49026904] -> F: 0.44188475484862355
{
  "seed": 1917,
  "n_per_z": 10,
  "nz": 100,
  "nd": 100,
  "n_muestras": 50,
  "best_f": 0.44991708338457853,
  "best_cp": [
    1.0,
    0.5017493260518113,
    0.4956168142653167
  ],
  "best_u": [
    0.30901699437494745,
    0.8605416643679447,
    0.40494016974649644
  ],
  "best_index": 22,
  "n_candidatos": 54
}
