Punto[0.         0.38901179 0.52949782] -> F: 0.11913736709583828
Punto[1.         0.46542914 0.52976253] -> F: 0.39699928970949616
Punto[2.         0.49636493 0.62164884] -> F: 0.046049304533214756
Punto[1.         0.44268836 0.57557333] -> F: 0.34537511695867595
Punto[1.         0.46497433 0.53067875] -> F: 0.3981234591024654
Punto[1.         0.46452861 0.53157664] -> F: 0.3992244605169389
Punto[1.         0.46408289 0.53247453] -> F: 0.40032473613576813
Punto[1.         0.46363717 0.53337242] -> F: 0.39968471843288045
Punto[1.         0.46319145 0.53427031] -> F: 0.39847671309588756
Punto[1.         0.46274573 0.5351682 ] -> F: 0.3972709994627978
Punto[1.         0.46230001 0.5360661 ] -> F: 0.3960675775336117
Punto[1.         0.46185429 0.53696399] -> F: 0.39486644730832865
Punto[1.         0.46140857 0.53786188] -> F: 0.3936676087869494
Punto[1.         0.46096285 0.53875977] -> F: 0.3924710619694733
Punto[1.         0.46051713 0.53965766] -> F: 0.3912768068559006
Punto[1.         0.46007141 0.54055555] -> F: 0.39008484344623146
Punto[1.         0.45962569 0.54145345] -> F: 0.38889517174046573
Punto[1.         0.45917998 0.54235134] -> F: 0.3877077917386031
Punto[1.         0.45873426 0.54324923] -> F: 0.38652270344064393
Punto[1.         0.45828854 0.54414712] -> F: 0.38533990684658825
Punto[1.         0.45784282 0.54504501] -> F: 0.3841594019564359
Punto[1.        0.4573971 0.5459429] -> F: 0.38298118877018705
Punto[1.         0.45695138 0.5468408 ] -> F: 0.38180526728784164
Punto[1.         0.45650566 0.54773869] -> F: 0.38063163750939943
Punto[1.         0.45605994 0.54863658] -> F: 0.3794602994348607
Punto[1.         0.45561422 0.54953447] -> F: 0.37829125306422534
Punto[1.         0.4551685  0.55043236] -> F: 0.3771244983974937
Punto[1.         0.45472278 0.55133025] -> F: 0.37596003543466494
Punto[1.         0.45427706 0.55222815] -> F: 0.37479786417573985
Punto[1.         0.45383134 0.55312604] -> F: 0.37363798462071807
Punto[1.         0.45338562 0.55402393] -> F: 0.37248039676959976
Punto[1.         0.4529399  0.55492182] -> F: 0.3713251006223848
Punto[1.         0.45249418 0.55581971] -> F: 0.37017209617907315
Punto[1.         0.45204847 0.55671761] -> F: 0.369021383439665
Punto[1.         0.45160275 0.5576155 ] -> F: 0.3678729624041602
Punto[1.         0.45115703 0.55851339] -> F: 0.36672683307255893
Punto[1.         0.45071131 0.55941128] -> F: 0.3655829954448608
Punto[1.         0.45026559 0.56030917] -> F: 0.36444144952106633
Punto[1.         0.44981987 0.56120706] -> F: 0.3633021953011751
Punto[1.         0.44937415 0.56210496] -> F: 0.36216523278518725
Punto[1.         0.44892843 0.56300285] -> F: 0.3610305619731028
Punto[1.         0.44848271 0.56390074] -> F: 0.35989818286492187
Punto[1.         0.44803699 0.56479863] -> F: 0.3587680954606442
Punto[1.         0.44759127 0.56569652] -> F: 0.35764029976027
Punto[1.         0.44714555 0.56659441] -> F: 0.3565147957637992
Punto[1.         0.44669983 0.56749231] -> F: 0.35539158347123173
Punto[1.         0.44625411 0.5683902 ] -> F: 0.3542706628825677
Punto[1.         0.44580839 0.56928809] -> F: 0.35315203399780715
Punto[1.         0.44536268 0.57018598] -> F: 0.3520352194884828
Punto[1.         0.44491696 0.57108387] -> F: 0.35091945542184017
Punto[1.         0.44447124 0.57198176] -> F: 0.3498059901465339
Punto[1.         0.44402552 0.57287966] -> F: 0.34869482366256477
Punto[1.         0.4435798  0.57377755] -> F: 0.3475859559699318
Punto[1.         0.44313408 0.57467544] -> F: 0.3464793870686355
Best centerpoint:  [1.         0.46408289 0.53247453] Best F:  0.40032473613576813 Best u:  [ 0.06279052  0.90304158 -0.42493911] índice:  3
{
  "seed": 3366,
  "n_per_z": 5,
  "nz": 100,
  "nd": 100,
  "n_muestras": 50,
  "best_f": 0.40032473613576813,
  "best_cp": [
    1.0,
    0.46408288817662113,
    0.5324745290916013
  ],
  "best_u": [
    0.0627905195293134,
    0.9030415829660573,
    -0.42493911339319684
  ],
  "n_candidatos": 54
}
