Punto[0.         0.63730438 0.51018721] -> F: 0.05246977612850178
Punto[1.         0.55726784 0.4902928 ] -> F: 0.37131775463046307
Punto[2.         0.48260292 0.43259693] -> F: 0.13492819909463852
Punto[1.         0.55995365 0.47139207] -> F: 0.3719611370986369
Punto[1.         0.55732155 0.48991479] -> F: 0.3716176259450079
Punto[1.         0.5573742  0.48954433] -> F: 0.37191071009503035
Punto[1.         0.55742684 0.48917388] -> F: 0.3722051500530854
Punto[1.         0.55747948 0.48880342] -> F: 0.37250164393220647
Punto[1.         0.55753212 0.48843297] -> F: 0.3728001917323933
Punto[1.         0.55758476 0.48806252] -> F: 0.3731007934536458
Punto[1.         0.55763741 0.48769206] -> F: 0.37340344909596385
Punto[1.         0.55769005 0.48732161] -> F: 0.3737081586593479
Punto[1.         0.55774269 0.48695115] -> F: 0.3740149221437976
Punto[1.         0.55779533 0.4865807 ] -> F: 0.37432145980269105
Punto[1.         0.55784797 0.48621024] -> F: 0.3746207354143665
Punto[1.         0.55790061 0.48583979] -> F: 0.37491992334272606
Punto[1.         0.55795326 0.48546934] -> F: 0.3752190235877694
Punto[1.         0.5580059  0.48509888] -> F: 0.3755180361494964
Punto[1.         0.55805854 0.48472843] -> F: 0.37581696102790746
Punto[1.         0.55811118 0.48435797] -> F: 0.37611579822300256
Punto[1.         0.55816382 0.48398752] -> F: 0.3764145477347814
Punto[1.         0.55821647 0.48361706] -> F: 0.37671320956324406
Punto[1.         0.55826911 0.48324661] -> F: 0.3770117837083907
Punto[1.         0.55832175 0.48287615] -> F: 0.3773102701702211
Punto[1.         0.55837439 0.4825057 ] -> F: 0.3776086689487355
Punto[1.         0.55842703 0.48213525] -> F: 0.37790698004393386
Punto[1.         0.55847968 0.48176479] -> F: 0.37820520345581604
Punto[1.         0.55853232 0.48139434] -> F: 0.3785033391843821
Punto[1.         0.55858496 0.48102388] -> F: 0.3788013872296319
Punto[1.         0.5586376  0.48065343] -> F: 0.37909934759156577
Punto[1.         0.55869024 0.48028297] -> F: 0.3793972202701835
Punto[1.         0.55874289 0.47991252] -> F: 0.37969500526548505
Punto[1.         0.55879553 0.47954207] -> F: 0.3799927025774704
Punto[1.         0.55884817 0.47917161] -> F: 0.3797169291689115
Punto[1.         0.55890081 0.47880116] -> F: 0.3793461776948886
Punto[1.         0.55895345 0.4784307 ] -> F: 0.378975569025076
Punto[1.         0.55900609 0.47806025] -> F: 0.378605103159474
Punto[1.         0.55905874 0.47768979] -> F: 0.37823478009808253
Punto[1.         0.55911138 0.47731934] -> F: 0.3778645998409016
Punto[1.         0.55916402 0.47694888] -> F: 0.3774945623879311
Punto[1.         0.55921666 0.47657843] -> F: 0.37712466773917125
Punto[1.         0.5592693  0.47620798] -> F: 0.37675491589462184
Punto[1.         0.55932195 0.47583752] -> F: 0.37638530685428295
Punto[1.         0.55937459 0.47546707] -> F: 0.3760158406181547
Punto[1.         0.55942723 0.47509661] -> F: 0.37564651718623676
Punto[1.         0.55947987 0.47472616] -> F: 0.37527733655852946
Punto[1.         0.55953251 0.4743557 ] -> F: 0.3749082987350327
Punto[1.         0.55958516 0.47398525] -> F: 0.37453940371574634
Punto[1.        0.5596378 0.4736148] -> F: 0.3741706515006706
Punto[1.         0.55969044 0.47324434] -> F: 0.37380204208980533
Punto[1.         0.55974308 0.47287389] -> F: 0.3734335754831506
Punto[1.         0.55979572 0.47250343] -> F: 0.3730652516807064
Punto[1.         0.55984837 0.47213298] -> F: 0.3726970706824727
Punto[1.         0.55990101 0.47176252] -> F: 0.3723290324884495
Best centerpoint:  [1.         0.55879553 0.47954207] Best F:  0.3799927025774704 Best u:  [-0.09410831  0.45197567  0.88705221] índice:  29
{
  "seed": 7026,
  "n_per_z": 5,
  "nz": 100,
  "nd": 100,
  "n_muestras": 50,
  "best_f": 0.3799927025774704,
  "best_cp": [
    1.0,
    0.558795527199848,
    0.47954206554420503
  ],
  "best_u": [
    -0.09410831331851438,
    0.4519756738318373,
    0.8870522056951331
  ],
  "n_candidatos": 54
}
