Punto[0.         0.56241461 0.41187957] -> F: 0.1342370030435134
Punto[1.         0.54211181 0.48894039] -> F: 0.46971485745743286
Punto[2.         0.543183   0.53969065] -> F: 0.15179888323311921
Punto[1.         0.5527988  0.47578511] -> F: 0.474468904661886
Punto[1.         0.54232555 0.48867728] -> F: 0.4699815648583436
Punto[1.         0.54253502 0.48841944] -> F: 0.47024042531219046
Punto[1.         0.54274448 0.4881616 ] -> F: 0.4704993315869401
Punto[1.         0.54295395 0.48790375] -> F: 0.47075828368259254
Punto[1.         0.54316341 0.48764591] -> F: 0.47101728159914785
Punto[1.         0.54337288 0.48738806] -> F: 0.4712763253366058
Punto[1.         0.54358234 0.48713022] -> F: 0.47153541489496664
Punto[1.         0.54379181 0.48687238] -> F: 0.4717945502742303
Punto[1.         0.54400127 0.48661453] -> F: 0.4720537314743966
Punto[1.         0.54421074 0.48635669] -> F: 0.4723129584954659
Punto[1.         0.5444202  0.48609885] -> F: 0.4725722313374378
Punto[1.         0.54462967 0.485841  ] -> F: 0.47283155000031263
Punto[1.         0.54483913 0.48558316] -> F: 0.47308328674735517
Punto[1.         0.5450486  0.48532532] -> F: 0.47333018882172667
Punto[1.         0.54525806 0.48506747] -> F: 0.4735771316642688
Punto[1.         0.54546753 0.48480963] -> F: 0.47382411527498164
Punto[1.         0.54567699 0.48455179] -> F: 0.4740711396538648
Punto[1.         0.54588646 0.48429394] -> F: 0.47431820480091885
Punto[1.         0.54609592 0.4840361 ] -> F: 0.47456531071614344
Punto[1.         0.54630539 0.48377826] -> F: 0.47464675987083144
Punto[1.         0.54651485 0.48352041] -> F: 0.47466918096082017
Punto[1.         0.54672432 0.48326257] -> F: 0.4746916065625663
Punto[1.         0.54693378 0.48300473] -> F: 0.4747140366760694
Punto[1.         0.54714325 0.48274688] -> F: 0.4747364713013292
Punto[1.         0.54735271 0.48248904] -> F: 0.4747589104383461
Punto[1.         0.54756218 0.4822312 ] -> F: 0.47478135408711997
Punto[1.         0.54777164 0.48197335] -> F: 0.47479446518260854
Punto[1.         0.54798111 0.48171551] -> F: 0.47480676935365346
Punto[1.         0.54819057 0.48145767] -> F: 0.4748190746567383
Punto[1.         0.54840004 0.48119982] -> F: 0.4748313810918631
Punto[1.         0.5486095  0.48094198] -> F: 0.4748436886590278
Punto[1.         0.54881897 0.48068414] -> F: 0.47485599735823264
Punto[1.         0.54902843 0.48042629] -> F: 0.47486830718947753
Punto[1.         0.5492379  0.48016845] -> F: 0.47488061815276233
Punto[1.         0.54944736 0.47991061] -> F: 0.47489293024808693
Punto[1.         0.54965683 0.47965276] -> F: 0.4749052434754516
Punto[1.         0.54986629 0.47939492] -> F: 0.4749175578348563
Punto[1.         0.55007576 0.47913707] -> F: 0.47492987332630104
Punto[1.         0.55028522 0.47887923] -> F: 0.47494218994978576
Punto[1.         0.55049469 0.47862139] -> F: 0.4749545077053103
Punto[1.         0.55070415 0.47836354] -> F: 0.4749668265928749
Punto[1.         0.55091362 0.4781057 ] -> F: 0.47497914661247953
Punto[1.         0.55112308 0.47784786] -> F: 0.47499146776412415
Punto[1.         0.55133255 0.47759001] -> F: 0.4750037900478088
Punto[1.         0.55154201 0.47733217] -> F: 0.4750161134635332
Punto[1.         0.55175148 0.47707433] -> F: 0.47502843801129774
Punto[1.         0.55196094 0.47681648] -> F: 0.4750407636911022
Punto[1.         0.55217041 0.47655864] -> F: 0.47505309050294686
Punto[1.         0.55237987 0.4763008 ] -> F: 0.4749092120042479
Punto[1.         0.55258934 0.47604295] -> F: 0.47468903179339955
{
  "seed": 16032,
  "n_per_z": 10,
  "nz": 100,
  "nd": 100,
  "n_muestras": 50,
  "best_f": 0.47505309050294686,
  "best_cp": [
    1.0,
    0.5521704092400346,
    0.47655864030257733
  ],
  "best_u": [
    -0.4257792915650727,
    0.6787207881558618,
    0.5983728658616051
  ],
  "best_index": 51,
  "n_candidatos": 54
}
