Punto[0.         0.52543138 0.81336602] -> F: 0.07114154416156288
Punto[1.         0.50297269 0.47986299] -> F: 0.354754709006498
Punto[2.         0.54589887 0.52989422] -> F: 0.05322983905629321
Punto[1.         0.53566512 0.67163012] -> F: 0.2566747757342724
Punto[1.         0.50362654 0.48369833] -> F: 0.35911065175011664
Punto[1.         0.50426731 0.48745697] -> F: 0.3633865625916786
Punto[1.         0.50490808 0.4912156 ] -> F: 0.3676638661419454
Punto[1.         0.50554885 0.49497424] -> F: 0.3719429960163364
Punto[1.         0.50618962 0.49873287] -> F: 0.3762291060005018
Punto[1.         0.50683039 0.50249151] -> F: 0.380522196094442
Punto[1.         0.50747117 0.50625014] -> F: 0.38481806273358654
Punto[1.         0.50811194 0.51000878] -> F: 0.3891141715843197
Punto[1.         0.50875271 0.51376742] -> F: 0.3934172251764128
Punto[1.         0.50939348 0.51752605] -> F: 0.39772722350986506
Punto[1.         0.51003425 0.52128469] -> F: 0.4020426681478321
Punto[1.         0.51067502 0.52504332] -> F: 0.4063554638527148
Punto[1.         0.5113158  0.52880196] -> F: 0.4106751687499705
Punto[1.         0.51195657 0.5325606 ] -> F: 0.4126400540489045
Punto[1.         0.51259734 0.53631923] -> F: 0.4086426337691919
Punto[1.         0.51323811 0.54007787] -> F: 0.4046351950524501
Punto[1.         0.51387888 0.5438365 ] -> F: 0.4005879950785173
Punto[1.         0.51451966 0.54759514] -> F: 0.3965186681333996
Punto[1.         0.51516043 0.55135378] -> F: 0.3924297455345786
Punto[1.         0.5158012  0.55511241] -> F: 0.3882917352748899
Punto[1.         0.51644197 0.55887105] -> F: 0.3841393760985884
Punto[1.         0.51708274 0.56262968] -> F: 0.3799697773778314
Punto[1.         0.51772351 0.56638832] -> F: 0.3758107291223172
Punto[1.         0.51836429 0.57014696] -> F: 0.3716207217870197
Punto[1.         0.51900506 0.57390559] -> F: 0.367443791494279
Punto[1.         0.51964583 0.57766423] -> F: 0.3632522565626832
Punto[1.         0.5202866  0.58142286] -> F: 0.3590561573132657
Punto[1.         0.52092737 0.5851815 ] -> F: 0.35486314491945387
Punto[1.         0.52156814 0.58894013] -> F: 0.35064874635498894
Punto[1.         0.52220892 0.59269877] -> F: 0.34644800393556624
Punto[1.         0.52284969 0.59645741] -> F: 0.3422205502147277
Punto[1.         0.52349046 0.60021604] -> F: 0.33800259112259945
Punto[1.         0.52413123 0.60397468] -> F: 0.3337708129090716
Punto[1.         0.524772   0.60773331] -> F: 0.3295363501818987
Punto[1.         0.52541278 0.61149195] -> F: 0.3252989815712802
Punto[1.         0.52605355 0.61525059] -> F: 0.3210486509849174
Punto[1.         0.52669432 0.61900922] -> F: 0.3168046659717947
Punto[1.         0.52733509 0.62276786] -> F: 0.31253902679786244
Punto[1.         0.52797586 0.62652649] -> F: 0.3082876054029309
Punto[1.         0.52861663 0.63028513] -> F: 0.30400714051404004
Punto[1.         0.52925741 0.63404377] -> F: 0.2997418509403708
Punto[1.         0.52989818 0.6378024 ] -> F: 0.2954527570961365
Punto[1.         0.53053895 0.64156104] -> F: 0.2911733695422918
Punto[1.         0.53117972 0.64531967] -> F: 0.28687572135110195
Punto[1.         0.53182049 0.64907831] -> F: 0.28258257142351834
Punto[1.         0.53246126 0.65283695] -> F: 0.2782759403891573
Punto[1.         0.53310204 0.65659558] -> F: 0.2739692843907259
Punto[1.         0.53374281 0.66035422] -> F: 0.269653370319979
Punto[1.         0.53438358 0.66411285] -> F: 0.26533338248110344
Punto[1.         0.53502435 0.66787149] -> F: 0.26100800692514997
Best centerpoint:  [1.         0.51195657 0.5325606 ] Best F:  0.4126400540489045 Best u:  [ 0.99950656 -0.01426019  0.02798719] índice:  14
{
  "seed": 12712,
  "n_per_z": 5,
  "nz": 100,
  "nd": 100,
  "n_muestras": 50,
  "best_f": 0.4126400540489045,
  "best_cp": [
    1.0,
    0.5119565682593927,
    0.5325605960597631
  ],
  "best_u": [
    0.9995065603657316,
    -0.014260186211077967,
    0.02798719126832131
  ],
  "n_candidatos": 54
}
