Punto[0.         0.40438205 0.54006491] -> F: 0.15286823965389199
Punto[1.         0.45137265 0.51383352] -> F: 0.4108590579340334
Punto[2.         0.40905111 0.39372438] -> F: 0.11192458342507683
Punto[1.         0.40671658 0.46689464] -> F: 0.39872450283237243
Punto[1.         0.45047953 0.51289475] -> F: 0.4115601141058031
Punto[1.         0.44960427 0.51197474] -> F: 0.4122680110601594
Punto[1.         0.44872901 0.51105474] -> F: 0.412996559194214
Punto[1.         0.44785375 0.51013474] -> F: 0.4137457585079668
Punto[1.         0.44697849 0.50921474] -> F: 0.41451560900141804
Punto[1.         0.44610323 0.50829474] -> F: 0.41530611067456746
Punto[1.         0.44522798 0.50737473] -> F: 0.4161172635274152
Punto[1.         0.44435272 0.50645473] -> F: 0.41694906755996125
Punto[1.         0.44347746 0.50553473] -> F: 0.41780152277220556
Punto[1.         0.4426022  0.50461473] -> F: 0.41867462916414816
Punto[1.         0.44172694 0.50369473] -> F: 0.4195683867357891
Punto[1.         0.44085168 0.50277472] -> F: 0.42048279548712847
Punto[1.         0.43997642 0.50185472] -> F: 0.4214178554181658
Punto[1.         0.43910116 0.50093472] -> F: 0.42237356652890173
Punto[1.         0.4382259  0.50001472] -> F: 0.42334992881933603
Punto[1.         0.43735064 0.49909472] -> F: 0.4242470973500069
Punto[1.         0.43647539 0.49817471] -> F: 0.42505768961504103
Punto[1.         0.43560013 0.49725471] -> F: 0.4250978687239131
Punto[1.         0.43472487 0.49633471] -> F: 0.42428839594836604
Punto[1.         0.43384961 0.49541471] -> F: 0.42347981721358174
Punto[1.         0.43297435 0.49449471] -> F: 0.42267213251956015
Punto[1.         0.43209909 0.4935747 ] -> F: 0.42186534186630115
Punto[1.         0.43122383 0.4926547 ] -> F: 0.42105944525380484
Punto[1.         0.43034857 0.4917347 ] -> F: 0.4202544426820714
Punto[1.         0.42947331 0.4908147 ] -> F: 0.41945033415110045
Punto[1.         0.42859806 0.48989469] -> F: 0.4186471196608923
Punto[1.         0.4277228  0.48897469] -> F: 0.4178447992114468
Punto[1.         0.42684754 0.48805469] -> F: 0.41704337280276405
Punto[1.         0.42597228 0.48713469] -> F: 0.41624284043484394
Punto[1.         0.42509702 0.48621469] -> F: 0.41544320210768654
Punto[1.         0.42422176 0.48529468] -> F: 0.41464410905255816
Punto[1.         0.4233465  0.48437468] -> F: 0.41384060322141814
Punto[1.         0.42247124 0.48345468] -> F: 0.4130380041589286
Punto[1.         0.42159598 0.48253468] -> F: 0.41223631186508947
Punto[1.         0.42072073 0.48161468] -> F: 0.41143552633990105
Punto[1.         0.41984547 0.48069467] -> F: 0.4106356475833632
Punto[1.         0.41897021 0.47977467] -> F: 0.4098366755954757
Punto[1.         0.41809495 0.47885467] -> F: 0.409038610376239
Punto[1.         0.41721969 0.47793467] -> F: 0.4082414519256527
Punto[1.         0.41634443 0.47701467] -> F: 0.4074452002437169
Punto[1.         0.41546917 0.47609466] -> F: 0.40664985533043174
Punto[1.         0.41459391 0.47517466] -> F: 0.4058554171857971
Punto[1.         0.41371865 0.47425466] -> F: 0.405061885809813
Punto[1.         0.4128434  0.47333466] -> F: 0.4042692612024794
Punto[1.         0.41196814 0.47241466] -> F: 0.40347754336379643
Punto[1.         0.41109288 0.47149465] -> F: 0.402686732293764
Punto[1.         0.41021762 0.47057465] -> F: 0.4018968279923821
Punto[1.         0.40934236 0.46965465] -> F: 0.40110312047405333
Punto[1.         0.4084671  0.46873465] -> F: 0.4003093279696773
Punto[1.         0.40759184 0.46781464] -> F: 0.39951645542245035
{
  "seed": 10663,
  "n_per_z": 10,
  "nz": 100,
  "nd": 100,
  "n_muestras": 50,
  "best_f": 0.4250978687239131,
  "best_cp": [
    1.0,
    0.4356001271108104,
    0.4972547115000756
  ],
  "best_u": [
    0.3971478906347807,
    -0.5624982836043592,
    -0.7251684176151733
  ],
  "best_index": 21,
  "n_candidatos": 54
}
