Punto[0.         0.41570075 0.71149033] -> F: 0.12577194348427584
Punto[1.         0.55703214 0.5415047 ] -> F: 0.3750236104682085
Punto[2.         0.60898204 0.4371228 ] -> F: 0.10142555325822314
Punto[1.         0.5123414  0.57430656] -> F: 0.37116838817547165
Punto[1.         0.55613833 0.54216073] -> F: 0.37697265724158674
Punto[1.         0.55526239 0.54280365] -> F: 0.37893186866201256
Punto[1.         0.55438645 0.54344657] -> F: 0.38093972924492886
Punto[1.         0.55351051 0.54408948] -> F: 0.38299623899033447
Punto[1.         0.55263457 0.5447324 ] -> F: 0.38510139789823
Punto[1.         0.55175863 0.54537532] -> F: 0.38725520596861535
Punto[1.         0.55088269 0.54601823] -> F: 0.38945766320149067
Punto[1.         0.55000676 0.54666115] -> F: 0.3917087695968558
Punto[1.         0.54913082 0.54730407] -> F: 0.3940085251547107
Punto[1.         0.54825488 0.54794698] -> F: 0.39635692987505566
Punto[1.         0.54737894 0.5485899 ] -> F: 0.3985642648668587
Punto[1.         0.546503   0.54923281] -> F: 0.399703492986382
Punto[1.         0.54562706 0.54987573] -> F: 0.4008431987349852
Punto[1.         0.54475112 0.55051865] -> F: 0.40198338211266765
Punto[1.         0.54387518 0.55116156] -> F: 0.4031240431194296
Punto[1.         0.54299925 0.55180448] -> F: 0.404265181755271
Punto[1.         0.54212331 0.5524474 ] -> F: 0.40540679802019186
Punto[1.         0.54124737 0.55309031] -> F: 0.406825848791224
Punto[1.         0.54037143 0.55373323] -> F: 0.40904283101236527
Punto[1.         0.53949549 0.55437615] -> F: 0.41131535632517907
Punto[1.         0.53861955 0.55501906] -> F: 0.4134307100171909
Punto[1.         0.53774361 0.55566198] -> F: 0.4121853073802848
Punto[1.         0.53686768 0.5563049 ] -> F: 0.41070120795315856
Punto[1.         0.53599174 0.55694781] -> F: 0.4091285668077146
Punto[1.         0.5351158  0.55759073] -> F: 0.40759321528284853
Punto[1.         0.53423986 0.55823365] -> F: 0.40609957792682405
Punto[1.         0.53336392 0.55887656] -> F: 0.40464765473963976
Punto[1.         0.53248798 0.55951948] -> F: 0.40323744572129566
Punto[1.         0.53161204 0.5601624 ] -> F: 0.40186895087179264
Punto[1.         0.53073611 0.56080531] -> F: 0.40054217019113003
Punto[1.         0.52986017 0.56144823] -> F: 0.39925710367930806
Punto[1.         0.52898423 0.56209115] -> F: 0.39801375133632655
Punto[1.         0.52810829 0.56273406] -> F: 0.3968121131621859
Punto[1.         0.52723235 0.56337698] -> F: 0.39565218915688555
Punto[1.         0.52635641 0.5640199 ] -> F: 0.39418635048810463
Punto[1.         0.52548047 0.56466281] -> F: 0.3926028681080647
Punto[1.         0.52460454 0.56530573] -> F: 0.39102528316869295
Punto[1.         0.5237286  0.56594865] -> F: 0.3894535956699891
Punto[1.         0.52285266 0.56659156] -> F: 0.38788856186205095
Punto[1.         0.52197672 0.56723448] -> F: 0.3863883327946739
Punto[1.         0.52110078 0.5678774 ] -> F: 0.38498931478326687
Punto[1.         0.52022484 0.56852031] -> F: 0.38369150782783035
Punto[1.         0.5193489  0.56916323] -> F: 0.38249491192836477
Punto[1.         0.51847297 0.56980615] -> F: 0.38135867293769926
Punto[1.         0.51759703 0.57044906] -> F: 0.38008060541448513
Punto[1.         0.51672109 0.57109198] -> F: 0.3785357459161338
Punto[1.         0.51584515 0.5717349 ] -> F: 0.37701468240118874
Punto[1.         0.51496921 0.57237781] -> F: 0.3755174148696502
Punto[1.         0.51409327 0.57302073] -> F: 0.3740439433215179
Punto[1.         0.51321733 0.57366364] -> F: 0.37259426775679144
Best centerpoint:  [1.         0.53861955 0.55501906] Best F:  0.4134307100171909 Best u:  [0.24868989 0.03042393 0.96810522] índice:  21
{
  "seed": 12258,
  "n_per_z": 5,
  "nz": 100,
  "nd": 100,
  "n_muestras": 50,
  "best_f": 0.4134307100171909,
  "best_cp": [
    1.0,
    0.538619553348932,
    0.5550190641971326
  ],
  "best_u": [
    0.24868988716485474,
    0.03042393232134345,
    0.9681052238078452
  ],
  "n_candidatos": 54
}
