Punto[0.         0.39288971 0.45402971] -> F: 0.1754061849339059
Punto[1.         0.54240658 0.4223962 ] -> F: 0.4104198570047703
Punto[2.         0.6646495  0.34814891] -> F: 0.10699101660615688
Punto[1.         0.5287696  0.40108931] -> F: 0.3937287830004256
Punto[1.         0.54213384 0.42197006] -> F: 0.41008021405469036
Punto[1.         0.54186656 0.42155245] -> F: 0.40974759684608975
Punto[1.         0.54159928 0.42113483] -> F: 0.40941521016761834
Punto[1.         0.54133199 0.42071722] -> F: 0.40908305401927647
Punto[1.         0.54106471 0.4202996 ] -> F: 0.40875112840106387
Punto[1.         0.54079742 0.41988199] -> F: 0.40841943331298075
Punto[1.         0.54053014 0.41946437] -> F: 0.4080879687550269
Punto[1.         0.54026285 0.41904676] -> F: 0.4077567347272024
Punto[1.         0.53999557 0.41862914] -> F: 0.4074257312295075
Punto[1.         0.53972828 0.41821153] -> F: 0.40709495826194175
Punto[1.         0.539461   0.41779391] -> F: 0.4067644158245054
Punto[1.         0.53919371 0.4173763 ] -> F: 0.4064341039171984
Punto[1.         0.53892643 0.41695868] -> F: 0.4061040225400209
Punto[1.         0.53865914 0.41654107] -> F: 0.4057741716929727
Punto[1.         0.53839186 0.41612345] -> F: 0.4054445513760539
Punto[1.         0.53812457 0.41570584] -> F: 0.40511516158926436
Punto[1.         0.53785729 0.41528822] -> F: 0.4047860023326043
Punto[1.         0.53759    0.41487061] -> F: 0.40445707360607364
Punto[1.         0.53732272 0.41445299] -> F: 0.4041283754096723
Punto[1.         0.53705543 0.41403537] -> F: 0.4037999077434003
Punto[1.         0.53678815 0.41361776] -> F: 0.4034716706072577
Punto[1.         0.53652086 0.41320014] -> F: 0.4031436640012445
Punto[1.         0.53625358 0.41278253] -> F: 0.40281588792536066
Punto[1.         0.53598629 0.41236491] -> F: 0.4024883423796062
Punto[1.         0.53571901 0.4119473 ] -> F: 0.40216102736398107
Punto[1.         0.53545172 0.41152968] -> F: 0.40183394287848534
Punto[1.         0.53518444 0.41111207] -> F: 0.40150708892311904
Punto[1.         0.53491715 0.41069445] -> F: 0.40118046549788194
Punto[1.         0.53464987 0.41027684] -> F: 0.40085407260277445
Punto[1.         0.53438259 0.40985922] -> F: 0.40052791023779627
Punto[1.         0.5341153  0.40944161] -> F: 0.4002019784029473
Punto[1.         0.53384802 0.40902399] -> F: 0.3998762770982279
Punto[1.         0.53358073 0.40860638] -> F: 0.39955080632363776
Punto[1.         0.53331345 0.40818876] -> F: 0.399225566079177
Punto[1.         0.53304616 0.40777115] -> F: 0.3989005563648456
Punto[1.         0.53277888 0.40735353] -> F: 0.3985757771806437
Punto[1.         0.53251159 0.40693592] -> F: 0.398251228526571
Punto[1.         0.53224431 0.4065183 ] -> F: 0.3979269104026278
Punto[1.         0.53197702 0.40610069] -> F: 0.3976028228088139
Punto[1.         0.53170974 0.40568307] -> F: 0.39727896574512944
Punto[1.         0.53144245 0.40526546] -> F: 0.3969553392115742
Punto[1.         0.53117517 0.40484784] -> F: 0.39663194320814854
Punto[1.         0.53090788 0.40443023] -> F: 0.3963087777348522
Punto[1.         0.5306406  0.40401261] -> F: 0.39598584279168514
Punto[1.         0.53037331 0.403595  ] -> F: 0.3956631383786475
Punto[1.         0.53010603 0.40317738] -> F: 0.3953406644957393
Punto[1.         0.52983874 0.40275977] -> F: 0.395018098898346
Punto[1.         0.52957146 0.40234215] -> F: 0.39469542270145846
Punto[1.         0.52930417 0.40192454] -> F: 0.39437297798617604
Punto[1.         0.52903689 0.40150692] -> F: 0.3940507647524984
{
  "seed": 19461,
  "n_per_z": 10,
  "nz": 100,
  "nd": 100,
  "n_muestras": 50,
  "best_f": 0.4104198570047703,
  "best_cp": [
    1.0,
    0.5424065845506747,
    0.422396199397361
  ],
  "best_u": [
    0.5358267949789969,
    -0.6505658478447126,
    -0.5381948749297287
  ],
  "best_index": 1,
  "n_candidatos": 54
}
