Punto[0.         0.42463312 0.41160324] -> F: 0.1096505519069306
Punto[1.         0.48335361 0.44610549] -> F: 0.39922740305161114
Punto[2.         0.45724807 0.4777081 ] -> F: 0.1699498754207639
Punto[1.         0.44094059 0.44465567] -> F: 0.4015085048095389
Punto[1.         0.48250535 0.44607649] -> F: 0.40029105060598746
Punto[1.         0.48167405 0.44604808] -> F: 0.4013527870190523
Punto[1.         0.48084276 0.44601966] -> F: 0.402433689668057
Punto[1.         0.48001146 0.44599124] -> F: 0.40353375855300183
Punto[1.         0.47918017 0.44596283] -> F: 0.4046529936738867
Punto[1.         0.47834887 0.44593441] -> F: 0.40579067405471975
Punto[1.         0.47751758 0.44590599] -> F: 0.4069351969964394
Punto[1.         0.47668628 0.44587758] -> F: 0.4080723334355862
Punto[1.         0.47585499 0.44584916] -> F: 0.4091596420693587
Punto[1.         0.47502369 0.44582074] -> F: 0.41025801386381167
Punto[1.         0.4741924  0.44579233] -> F: 0.411367448818945
Punto[1.         0.4733611  0.44576391] -> F: 0.41248794693475904
Punto[1.         0.47252981 0.4457355 ] -> F: 0.41361950821125315
Punto[1.         0.47169851 0.44570708] -> F: 0.41476213264842793
Punto[1.         0.47086722 0.44567866] -> F: 0.4159158202462832
Punto[1.         0.47003592 0.44565025] -> F: 0.417080571004819
Punto[1.         0.46920463 0.44562183] -> F: 0.41825638492403494
Punto[1.         0.46837333 0.44559341] -> F: 0.4194432620039315
Punto[1.         0.46754204 0.445565  ] -> F: 0.42046069323558144
Punto[1.         0.46671074 0.44553658] -> F: 0.42003131144560296
Punto[1.         0.46587945 0.44550816] -> F: 0.41960220198332704
Punto[1.         0.46504815 0.44547975] -> F: 0.4191733648487538
Punto[1.         0.46421686 0.44545133] -> F: 0.41873984924613933
Punto[1.         0.46338556 0.44542291] -> F: 0.41830485159848957
Punto[1.         0.46255427 0.4453945 ] -> F: 0.41787013487911406
Punto[1.         0.46172297 0.44536608] -> F: 0.41743569908801303
Punto[1.         0.46089168 0.44533766] -> F: 0.4170015442251863
Punto[1.         0.46006038 0.44530925] -> F: 0.416567670290634
Punto[1.         0.45922909 0.44528083] -> F: 0.4161340772843561
Punto[1.         0.45839779 0.44525242] -> F: 0.41570076520635246
Punto[1.        0.4575665 0.445224 ] -> F: 0.41526773405662326
Punto[1.         0.4567352  0.44519558] -> F: 0.4148349838351684
Punto[1.         0.45590391 0.44516717] -> F: 0.41440251454198807
Punto[1.         0.45507261 0.44513875] -> F: 0.413970326177082
Punto[1.         0.45424132 0.44511033] -> F: 0.41353841874045044
Punto[1.         0.45341002 0.44508192] -> F: 0.413106792232093
Punto[1.         0.45257873 0.4450535 ] -> F: 0.4124972393025121
Punto[1.         0.45174743 0.44502508] -> F: 0.4118630036230891
Punto[1.         0.45091614 0.44499667] -> F: 0.41123201246301033
Punto[1.         0.45008484 0.44496825] -> F: 0.41060426582227555
Punto[1.         0.44925354 0.44493983] -> F: 0.4099673948828027
Punto[1.         0.44842225 0.44491142] -> F: 0.40917497314736995
Punto[1.         0.44759095 0.444883  ] -> F: 0.40830583763494344
Punto[1.         0.44675966 0.44485458] -> F: 0.40740554966199505
Punto[1.         0.44592836 0.44482617] -> F: 0.4065197249375534
Punto[1.         0.44509707 0.44479775] -> F: 0.40564836346161803
Punto[1.         0.44426577 0.44476933] -> F: 0.40479146523418913
Punto[1.         0.44343448 0.44474092] -> F: 0.4038939970000153
Punto[1.         0.44260318 0.4447125 ] -> F: 0.4031210585248512
Punto[1.         0.44177189 0.44468409] -> F: 0.40230755004294166
{
  "seed": 12636,
  "n_per_z": 10,
  "nz": 100,
  "nd": 100,
  "n_muestras": 50,
  "best_f": 0.42046069323558144,
  "best_cp": [
    1.0,
    0.46754203694708596,
    0.4455649963945204
  ],
  "best_u": [
    -0.9995065603657316,
    -0.025411837900422948,
    -0.01846278094943573
  ],
  "best_index": 22,
  "n_candidatos": 54
}
