Punto[0.         0.62205462 0.69420598] -> F: 0.08167728874191688
Punto[1.         0.41482806 0.49070097] -> F: 0.34957983034391304
Punto[2.         0.39054634 0.40491616] -> F: 0.12026075864642478
Punto[1.         0.50630048 0.54956107] -> F: 0.3473279635714204
Punto[1.         0.4166575  0.49187817] -> F: 0.35337705347419157
Punto[1.         0.41845036 0.49303183] -> F: 0.35712547191816624
Punto[1.         0.42024322 0.49418549] -> F: 0.36090075599928756
Punto[1.         0.42203608 0.49533914] -> F: 0.3646332212971289
Punto[1.         0.42382894 0.4964928 ] -> F: 0.3683726115207413
Punto[1.         0.4256218  0.49764646] -> F: 0.3721363509762819
Punto[1.         0.42741466 0.49880012] -> F: 0.37590820209362596
Punto[1.         0.42920752 0.49995378] -> F: 0.3796143283987387
Punto[1.         0.43100038 0.50110743] -> F: 0.3833181040988433
Punto[1.         0.43279324 0.50226109] -> F: 0.38704203490344297
Punto[1.         0.4345861  0.50341475] -> F: 0.39075336673751404
Punto[1.         0.43637896 0.50456841] -> F: 0.3944094262816794
Punto[1.         0.43817182 0.50572207] -> F: 0.39808151841033473
Punto[1.         0.43996468 0.50687572] -> F: 0.4016614668742945
Punto[1.         0.44175754 0.50802938] -> F: 0.40524934271567314
Punto[1.         0.4435504  0.50918304] -> F: 0.40776356117518114
Punto[1.         0.44534326 0.5103367 ] -> F: 0.4060287181021082
Punto[1.         0.44713612 0.51149036] -> F: 0.40429882051693733
Punto[1.         0.44892898 0.51264401] -> F: 0.4025738684196682
Punto[1.         0.45072183 0.51379767] -> F: 0.4008538618103012
Punto[1.         0.45251469 0.51495133] -> F: 0.39912590442879575
Punto[1.         0.45430755 0.51610499] -> F: 0.3973914073371682
Punto[1.         0.45610041 0.51725865] -> F: 0.39566199818830955
Punto[1.         0.45789327 0.5184123 ] -> F: 0.3939376769822196
Punto[1.         0.45968613 0.51956596] -> F: 0.3922184437188983
Punto[1.         0.46147899 0.52071962] -> F: 0.3904890912776521
Punto[1.         0.46327185 0.52187328] -> F: 0.3887554284729416
Punto[1.         0.46506471 0.52302694] -> F: 0.3870270016707485
Punto[1.         0.46685757 0.52418059] -> F: 0.3853038108710731
Punto[1.         0.46865043 0.52533425] -> F: 0.3835858560739151
Punto[1.         0.47044329 0.52648791] -> F: 0.38185334491427786
Punto[1.         0.47223615 0.52764157] -> F: 0.3801209841606415
Punto[1.         0.47402901 0.52879523] -> F: 0.37839401372217957
Punto[1.         0.47582187 0.52994889] -> F: 0.3766724335988917
Punto[1.         0.47761473 0.53110254] -> F: 0.3749551403166294
Punto[1.         0.47940759 0.5322562 ] -> F: 0.37321897735727544
Punto[1.         0.48120045 0.53340986] -> F: 0.3714883660084537
Punto[1.         0.4829933  0.53456352] -> F: 0.36976330627016407
Punto[1.         0.48478616 0.53571718] -> F: 0.36804379814240634
Punto[1.         0.48657902 0.53687083] -> F: 0.3663205137168046
Punto[1.         0.48837188 0.53802449] -> F: 0.3645863579368822
Punto[1.         0.49016474 0.53917815] -> F: 0.36285792287188107
Punto[1.         0.4919576  0.54033181] -> F: 0.3611352085218012
Punto[1.         0.49375046 0.54148547] -> F: 0.35941821488664255
Punto[1.         0.49554332 0.54263912] -> F: 0.35768763672945186
Punto[1.         0.49733618 0.54379278] -> F: 0.35595588549872703
Punto[1.         0.49912904 0.54494644] -> F: 0.35423003283716914
Punto[1.        0.5009219 0.5461001] -> F: 0.3525100787447783
Punto[1.         0.50271476 0.54725376] -> F: 0.3507919931958704
Punto[1.         0.50450762 0.54840741] -> F: 0.3490569352583532
Best centerpoint:  [1.         0.4435504  0.50918304] Best F:  0.40776356117518114 Best u:  [-0.39714789  0.88892168  0.22823629] índice:  16
{
  "seed": 2135,
  "n_per_z": 5,
  "nz": 100,
  "nd": 100,
  "n_muestras": 50,
  "best_f": 0.40776356117518114,
  "best_cp": [
    1.0,
    0.44355039660307016,
    0.5091830402040521
  ],
  "best_u": [
    -0.3971478906347807,
    0.888921676485414,
    0.22823629430637282
  ],
  "n_candidatos": 54
}
