Punto[0.         0.53942656 0.61112096] -> F: 0.13946438001047223
Punto[1.         0.46839071 0.49038344] -> F: 0.386182525451473
Punto[2.         0.59921239 0.39397803] -> F: 0.11247075657726292
Punto[1.         0.56931948 0.50254949] -> F: 0.4146798961707436
Punto[1.         0.47040928 0.49062676] -> F: 0.38891051121920117
Punto[1.         0.47238749 0.49086521] -> F: 0.3915798553866538
Punto[1.         0.47436569 0.49110367] -> F: 0.3942448787311605
Punto[1.         0.47634389 0.49134212] -> F: 0.39691921069346664
Punto[1.         0.4783221  0.49158058] -> F: 0.3996028512735723
Punto[1.         0.4803003  0.49181903] -> F: 0.40229580047147767
Punto[1.         0.48227851 0.49205749] -> F: 0.40499805828718255
Punto[1.         0.48425671 0.49229594] -> F: 0.4077096247206868
Punto[1.         0.48623491 0.49253439] -> F: 0.41043049977199064
Punto[1.         0.48821312 0.49277285] -> F: 0.41316068344109386
Punto[1.         0.49019132 0.4930113 ] -> F: 0.4159001757279968
Punto[1.         0.49216953 0.49324976] -> F: 0.418648976632699
Punto[1.         0.49414773 0.49348821] -> F: 0.42139203857251545
Punto[1.         0.49612593 0.49372667] -> F: 0.42413346139216035
Punto[1.         0.49810414 0.49396512] -> F: 0.4268840416393278
Punto[1.         0.50008234 0.49420358] -> F: 0.429643779314018
Punto[1.         0.50206055 0.49444203] -> F: 0.4324126744162312
Punto[1.         0.50403875 0.49468049] -> F: 0.4351907269459669
Punto[1.         0.50601695 0.49491894] -> F: 0.4379779369032253
Punto[1.         0.50799516 0.4951574 ] -> F: 0.4407743042880064
Punto[1.         0.50997336 0.49539585] -> F: 0.4435798291003102
Punto[1.         0.51195157 0.49563431] -> F: 0.4463945113401367
Punto[1.         0.51392977 0.49587276] -> F: 0.4481142145142115
Punto[1.         0.51590797 0.49611122] -> F: 0.4471356193751454
Punto[1.         0.51788618 0.49634967] -> F: 0.44615897189372616
Punto[1.         0.51986438 0.49658813] -> F: 0.4451842720699539
Punto[1.         0.52184258 0.49682658] -> F: 0.4442115199038285
Punto[1.         0.52382079 0.49706504] -> F: 0.4432407153953501
Punto[1.         0.52579899 0.49730349] -> F: 0.4422698929821748
Punto[1.         0.5277772  0.49754194] -> F: 0.4412777098864796
Punto[1.        0.5297554 0.4977804] -> F: 0.4402875777231354
Punto[1.         0.5317336  0.49801885] -> F: 0.43929949649214267
Punto[1.         0.53371181 0.49825731] -> F: 0.4383134661935009
Punto[1.         0.53569001 0.49849576] -> F: 0.43732948682721057
Punto[1.         0.53766822 0.49873422] -> F: 0.4363475583932712
Punto[1.         0.53964642 0.49897267] -> F: 0.43536768089168293
Punto[1.         0.54162462 0.49921113] -> F: 0.43438655388781006
Punto[1.         0.54360283 0.49944958] -> F: 0.43338542843374084
Punto[1.         0.54558103 0.49968804] -> F: 0.4323864620078855
Punto[1.         0.54755924 0.49992649] -> F: 0.43138965461024353
Punto[1.         0.54953744 0.50016495] -> F: 0.43039500624081534
Punto[1.         0.55151564 0.5004034 ] -> F: 0.4291866503766525
Punto[1.         0.55349385 0.50064186] -> F: 0.42781713046045255
Punto[1.         0.55547205 0.50088031] -> F: 0.42630115539353436
Punto[1.         0.55745026 0.50111877] -> F: 0.4248016800218823
Punto[1.         0.55942846 0.50135722] -> F: 0.42333176204356443
Punto[1.         0.56140666 0.50159568] -> F: 0.4218544334542396
Punto[1.         0.56338487 0.50183413] -> F: 0.42027489998558315
Punto[1.         0.56536307 0.50207259] -> F: 0.4186962012282594
Punto[1.         0.56734127 0.50231104] -> F: 0.4165579001523137
{
  "seed": 9214,
  "n_per_z": 10,
  "nz": 100,
  "nd": 100,
  "n_muestras": 50,
  "best_f": 0.4481142145142115,
  "best_cp": [
    1.0,
    0.5139297690843512,
    0.4958727613479811
  ],
  "best_u": [
    0.3971478906347807,
    0.774885859223634,
    -0.49175751965739667
  ],
  "best_index": 26,
  "n_candidatos": 54
}
