Punto[0.         0.51966752 0.46532336] -> F: 0.12722339960739953
Punto[1.         0.45741097 0.53142002] -> F: 0.43725024045642497
Punto[2.         0.46622305 0.59883051] -> F: 0.14534629794967505
Punto[1.         0.49294529 0.53207694] -> F: 0.431979368325538
Punto[1.         0.45812166 0.53143315] -> F: 0.4379664259339226
Punto[1.         0.45881813 0.53144603] -> F: 0.43866868506098794
Punto[1.         0.45951461 0.53145891] -> F: 0.4393713375334424
Punto[1.         0.46021108 0.53147178] -> F: 0.44006104169804205
Punto[1.         0.46090755 0.53148466] -> F: 0.44074329069828727
Punto[1.         0.46160402 0.53149753] -> F: 0.4414259090538412
Punto[1.         0.4623005  0.53151041] -> F: 0.4421088967647043
Punto[1.         0.46299697 0.53152328] -> F: 0.4427922538308761
Punto[1.         0.46369344 0.53153616] -> F: 0.44347598025235685
Punto[1.         0.46438991 0.53154904] -> F: 0.44413916068924447
Punto[1.         0.46508639 0.53156191] -> F: 0.44480246113435656
Punto[1.         0.46578286 0.53157479] -> F: 0.4454661085912055
Punto[1.         0.46647933 0.53158766] -> F: 0.4461301030597916
Punto[1.         0.4671758  0.53160054] -> F: 0.4467944445401147
Punto[1.         0.46787228 0.53161341] -> F: 0.4474557073815703
Punto[1.         0.46856875 0.53162629] -> F: 0.4480995898030774
Punto[1.         0.46926522 0.53163916] -> F: 0.4487437983463265
Punto[1.         0.46996169 0.53165204] -> F: 0.44938833301131803
Punto[1.         0.47065817 0.53166492] -> F: 0.45003319379805184
Punto[1.         0.47135464 0.53167779] -> F: 0.45067838070652794
Punto[1.         0.47205111 0.53169067] -> F: 0.45132156338412405
Punto[1.         0.47274758 0.53170354] -> F: 0.4512434366104332
Punto[1.         0.47344406 0.53171642] -> F: 0.4505195593363723
Punto[1.         0.47414053 0.53172929] -> F: 0.44979993913783534
Punto[1.         0.474837   0.53174217] -> F: 0.4490845760148228
Punto[1.         0.47553347 0.53175504] -> F: 0.44837346996733485
Punto[1.         0.47622995 0.53176792] -> F: 0.4476666209953709
Punto[1.         0.47692642 0.5317808 ] -> F: 0.4469640290989314
Punto[1.         0.47762289 0.53179367] -> F: 0.44626569427801627
Punto[1.         0.47831936 0.53180655] -> F: 0.4455716165326254
Punto[1.         0.47901584 0.53181942] -> F: 0.44488179586275906
Punto[1.         0.47971231 0.5318323 ] -> F: 0.4441962322684167
Punto[1.         0.48040878 0.53184517] -> F: 0.44351492574959883
Punto[1.         0.48110525 0.53185805] -> F: 0.4428378763063054
Punto[1.         0.48180173 0.53187093] -> F: 0.44216508393853643
Punto[1.        0.4824982 0.5318838] -> F: 0.44149654864629123
Punto[1.         0.48319467 0.53189668] -> F: 0.4408322704295709
Punto[1.         0.48389114 0.53190955] -> F: 0.44017224928837473
Punto[1.         0.48458762 0.53192243] -> F: 0.4395164852227028
Punto[1.         0.48528409 0.5319353 ] -> F: 0.4388649782325553
Punto[1.         0.48598056 0.53194818] -> F: 0.43821772831793193
Punto[1.         0.48667703 0.53196105] -> F: 0.437574735478833
Punto[1.         0.48737351 0.53197393] -> F: 0.4369359997152586
Punto[1.         0.48806998 0.53198681] -> F: 0.43630152102720837
Punto[1.         0.48876645 0.53199968] -> F: 0.4356712994146825
Punto[1.         0.48946292 0.53201256] -> F: 0.43504533487768093
Punto[1.         0.4901594  0.53202543] -> F: 0.4344236274162038
Punto[1.         0.49085587 0.53203831] -> F: 0.43380617703025065
Punto[1.         0.49155234 0.53205118] -> F: 0.43319298371982223
Punto[1.         0.49224881 0.53206406] -> F: 0.4325840474849179
{
  "seed": 500,
  "n_per_z": 10,
  "nz": 100,
  "nd": 100,
  "n_muestras": 50,
  "best_f": 0.45132156338412405,
  "best_cp": [
    1.0,
    0.47205111122450333,
    0.5316906668728857
  ],
  "best_u": [
    -0.24868988716485485,
    -0.61739814297001,
    0.7463061523792464
  ],
  "best_index": 24,
  "n_candidatos": 54
}
