Punto[0.         0.53342462 0.63322668] -> F: 0.10649614593198786
Punto[1.         0.49220202 0.51418937] -> F: 0.3784380644493966
Punto[2.         0.70539022 0.56165151] -> F: 0.08486476283366862
Punto[1.         0.61940742 0.5974391 ] -> F: 0.35283138160931876
Punto[1.         0.49474613 0.51585437] -> F: 0.3824594772415062
Punto[1.         0.49723936 0.51748606] -> F: 0.3863727244327536
Punto[1.         0.49973258 0.51911776] -> F: 0.39023699918755006
Punto[1.         0.50222581 0.52074945] -> F: 0.39372494259732743
Punto[1.         0.50471904 0.52238115] -> F: 0.3968853761782456
Punto[1.         0.50721226 0.52401284] -> F: 0.4007543479186615
Punto[1.         0.50970549 0.52564453] -> F: 0.40537275206054457
Punto[1.         0.51219871 0.52727623] -> F: 0.40906704575912983
Punto[1.         0.51469194 0.52890792] -> F: 0.41272118361163146
Punto[1.         0.51718516 0.53053962] -> F: 0.4163343084868419
Punto[1.         0.51967839 0.53217131] -> F: 0.41990993556977224
Punto[1.         0.52217161 0.53380301] -> F: 0.42344816496135923
Punto[1.         0.52466484 0.5354347 ] -> F: 0.426949542543719
Punto[1.         0.52715807 0.5370664 ] -> F: 0.43041510370571
Punto[1.         0.52965129 0.53869809] -> F: 0.433164704582613
Punto[1.         0.53214452 0.54032979] -> F: 0.43076042200062936
Punto[1.         0.53463774 0.54196148] -> F: 0.42836792253601286
Punto[1.         0.53713097 0.54359317] -> F: 0.4259872061887636
Punto[1.         0.53962419 0.54522487] -> F: 0.4236182729588816
Punto[1.         0.54211742 0.54685656] -> F: 0.42124906848187355
Punto[1.         0.54461065 0.54848826] -> F: 0.41888018652738257
Punto[1.         0.54710387 0.55011995] -> F: 0.4165233263808543
Punto[1.         0.5495971  0.55175165] -> F: 0.41417848804228885
Punto[1.         0.55209032 0.55338334] -> F: 0.41184567151168616
Punto[1.         0.55458355 0.55501504] -> F: 0.4095248767890462
Punto[1.         0.55707677 0.55664673] -> F: 0.40721610387436924
Punto[1.         0.55957    0.55827843] -> F: 0.404919352767655
Punto[1.         0.56206323 0.55991012] -> F: 0.40263462346890333
Punto[1.         0.56455645 0.56154182] -> F: 0.4003619159781146
Punto[1.         0.56704968 0.56317351] -> F: 0.3981012302952888
Punto[1.        0.5695429 0.5648052] -> F: 0.3958525664204257
Punto[1.         0.57203613 0.5664369 ] -> F: 0.3936159243535254
Punto[1.         0.57452935 0.56806859] -> F: 0.39137383723895214
Punto[1.         0.57702258 0.56970029] -> F: 0.38913772270198166
Punto[1.         0.57951581 0.57133198] -> F: 0.3869138886375015
Punto[1.         0.58200903 0.57296368] -> F: 0.3847023350455124
Punto[1.         0.58450226 0.57459537] -> F: 0.38250306192601385
Punto[1.         0.58699548 0.57622707] -> F: 0.38031606927900613
Punto[1.         0.58948871 0.57785876] -> F: 0.378141357104489
Punto[1.         0.59198193 0.57949046] -> F: 0.37597892540246275
Punto[1.         0.59447516 0.58112215] -> F: 0.3738287741729271
Punto[1.         0.59696838 0.58275384] -> F: 0.37169090341588207
Punto[1.         0.59946161 0.58438554] -> F: 0.36956531313132795
Punto[1.         0.60195484 0.58601723] -> F: 0.3674408896409676
Punto[1.         0.60444806 0.58764893] -> F: 0.36531613404783575
Punto[1.         0.60694129 0.58928062] -> F: 0.363203939460431
Punto[1.         0.60943451 0.59091232] -> F: 0.36110430587875386
Punto[1.         0.61192774 0.59254401] -> F: 0.3590172333028041
Punto[1.         0.61442096 0.59417571] -> F: 0.3569427217325816
Punto[1.         0.61691419 0.5958074 ] -> F: 0.35488077116808653
Best centerpoint:  [1.         0.52965129 0.53869809] Best F:  0.433164704582613 Best u:  [0.9921147  0.07989041 0.09657092] índice:  15
{
  "seed": 8583,
  "n_per_z": 5,
  "nz": 100,
  "nd": 100,
  "n_muestras": 50,
  "best_f": 0.433164704582613,
  "best_cp": [
    1.0,
    0.5296512918415879,
    0.538698091149855
  ],
  "best_u": [
    0.9921147013144779,
    0.07989040978666322,
    0.09657091622120746
  ],
  "n_candidatos": 54
}
