Punto[0.         0.35227707 0.35328099] -> F: 0.11260407175581731
Punto[1.         0.48366583 0.54319282] -> F: 0.3431012263283777
Punto[2.         0.53843141 0.47176278] -> F: 0.10604839116203824
Punto[1.         0.44535424 0.41252189] -> F: 0.3821410124410083
Punto[1.        0.4828996 0.5405794] -> F: 0.34726630916022283
Punto[1.         0.48214869 0.53801825] -> F: 0.3502874371931128
Punto[1.         0.48139779 0.5354571 ] -> F: 0.3532632595810023
Punto[1.         0.48064688 0.53289595] -> F: 0.356170249212247
Punto[1.         0.47989597 0.5303348 ] -> F: 0.35908293452222917
Punto[1.         0.47914506 0.52777365] -> F: 0.3620706634078292
Punto[1.         0.47839416 0.5252125 ] -> F: 0.3654840084068147
Punto[1.         0.47764325 0.52265135] -> F: 0.369371689732233
Punto[1.         0.47689234 0.5200902 ] -> F: 0.37373370738408346
Punto[1.         0.47614144 0.51752905] -> F: 0.37856435451916176
Punto[1.         0.47539053 0.5149679 ] -> F: 0.3835630943926228
Punto[1.         0.47463962 0.51240675] -> F: 0.38855975126514897
Punto[1.         0.47388871 0.5098456 ] -> F: 0.3931599821737069
Punto[1.         0.47313781 0.50728445] -> F: 0.39753985465954306
Punto[1.        0.4723869 0.5047233] -> F: 0.40202019810876627
Punto[1.         0.47163599 0.50216215] -> F: 0.40656504544043287
Punto[1.         0.47088509 0.49960099] -> F: 0.4095540131487424
Punto[1.         0.47013418 0.49703984] -> F: 0.41254867653578964
Punto[1.         0.46938327 0.49447869] -> F: 0.41554903560157463
Punto[1.         0.46863236 0.49191754] -> F: 0.41858079457552405
Punto[1.         0.46788146 0.48935639] -> F: 0.4219820816022359
Punto[1.         0.46713055 0.48679524] -> F: 0.42585770495538017
Punto[1.         0.46637964 0.48423409] -> F: 0.4302076646349572
Punto[1.         0.46562873 0.48167294] -> F: 0.4350319606409662
Punto[1.         0.46487783 0.47911179] -> F: 0.43393649151146874
Punto[1.         0.46412692 0.47655064] -> F: 0.4322135979119015
Punto[1.         0.46337601 0.47398949] -> F: 0.43049415207673847
Punto[1.         0.46262511 0.47142834] -> F: 0.4287640211355295
Punto[1.         0.4618742  0.46886719] -> F: 0.4270361571204456
Punto[1.         0.46112329 0.46630604] -> F: 0.4253118029854849
Punto[1.         0.46037238 0.46374489] -> F: 0.42359095873064734
Punto[1.         0.45962148 0.46118374] -> F: 0.4218736243559331
Punto[1.         0.45887057 0.45862259] -> F: 0.42014481733748144
Punto[1.         0.45811966 0.45606144] -> F: 0.4184187912030376
Punto[1.         0.45736876 0.45350029] -> F: 0.4166963399267641
Punto[1.         0.45661785 0.45093914] -> F: 0.41489690780132965
Punto[1.         0.45586694 0.44837799] -> F: 0.41297318386866355
Punto[1.         0.45511603 0.44581684] -> F: 0.4110422421169355
Punto[1.         0.45436513 0.44325569] -> F: 0.40912675150700367
Punto[1.         0.45361422 0.44069454] -> F: 0.40722671203886773
Punto[1.         0.45286331 0.43813339] -> F: 0.40521508893287655
Punto[1.         0.45211241 0.43557224] -> F: 0.4029925869516071
Punto[1.         0.4513615  0.43301109] -> F: 0.4007783729772227
Punto[1.         0.45061059 0.43044994] -> F: 0.39858124979660087
Punto[1.         0.44985968 0.42788879] -> F: 0.39640121740974155
Punto[1.         0.44910878 0.42532764] -> F: 0.39422031726799794
Punto[1.         0.44835787 0.42276649] -> F: 0.39205327520078487
Punto[1.         0.44760696 0.42020534] -> F: 0.389618553582847
Punto[1.         0.44685606 0.41764419] -> F: 0.3871119813230046
Punto[1.         0.44610515 0.41508304] -> F: 0.3846194676090585
Best centerpoint:  [1.         0.46562873 0.48167294] Best F:  0.4350319606409662 Best u:  [6.12323400e-17 7.70513243e-01 6.37423990e-01] índice:  24
{
  "seed": 10904,
  "n_per_z": 5,
  "nz": 100,
  "nd": 100,
  "n_muestras": 50,
  "best_f": 0.4350319606409662,
  "best_cp": [
    1.0,
    0.46562873496328616,
    0.4816729428701143
  ],
  "best_u": [
    6.123233995736766e-17,
    0.7705132427757893,
    0.6374239897486896
  ],
  "n_candidatos": 54
}
