Punto[0.         0.47235799 0.52263733] -> F: 0.18393870691646547
Punto[1.         0.46830451 0.53262447] -> F: 0.35475263259682066
Punto[2.         0.43807572 0.51892811] -> F: 0.053798234595004
Punto[1.         0.45521686 0.52078272] -> F: 0.3514337249123256
Punto[1.         0.46804276 0.53238764] -> F: 0.3547235976729114
Punto[1.         0.46778624 0.53215554] -> F: 0.35469303632834004
Punto[1.         0.46752973 0.53192344] -> F: 0.354654196876018
Punto[1.         0.46727321 0.53169134] -> F: 0.3546153684669079
Punto[1.         0.46701669 0.53145924] -> F: 0.3545765511010093
Punto[1.         0.46676017 0.53122714] -> F: 0.3545377447783228
Punto[1.         0.46650365 0.53099505] -> F: 0.35449894949884797
Punto[1.         0.46624714 0.53076295] -> F: 0.3544601652625851
Punto[1.         0.46599062 0.53053085] -> F: 0.35442139206953405
Punto[1.         0.4657341  0.53029875] -> F: 0.3543826299196949
Punto[1.         0.46547758 0.53006665] -> F: 0.3543438788130672
Punto[1.         0.46522106 0.52983455] -> F: 0.3543051387496517
Punto[1.         0.46496454 0.52960246] -> F: 0.3542664097294479
Punto[1.         0.46470803 0.52937036] -> F: 0.354227691752456
Punto[1.         0.46445151 0.52913826] -> F: 0.3541889848186759
Punto[1.         0.46419499 0.52890616] -> F: 0.3541502889281075
Punto[1.         0.46393847 0.52867406] -> F: 0.35411160408075115
Punto[1.         0.46368195 0.52844197] -> F: 0.35407293027660647
Punto[1.         0.46342544 0.52820987] -> F: 0.35403426751567374
Punto[1.         0.46316892 0.52797777] -> F: 0.3539956157979527
Punto[1.         0.4629124  0.52774567] -> F: 0.35395697512344354
Punto[1.         0.46265588 0.52751357] -> F: 0.35391834549214624
Punto[1.         0.46239936 0.52728147] -> F: 0.3538797269040609
Punto[1.         0.46214285 0.52704938] -> F: 0.3538411193591872
Punto[1.         0.46188633 0.52681728] -> F: 0.35380252285752534
Punto[1.         0.46162981 0.52658518] -> F: 0.3537639373990753
Punto[1.         0.46137329 0.52635308] -> F: 0.3537253629838372
Punto[1.         0.46111677 0.52612098] -> F: 0.3536867996118108
Punto[1.         0.46086026 0.52588888] -> F: 0.35364824728299643
Punto[1.         0.46060374 0.52565679] -> F: 0.35360970599739366
Punto[1.         0.46034722 0.52542469] -> F: 0.353552735165584
Punto[1.         0.4600907  0.52519259] -> F: 0.35344623877081766
Punto[1.         0.45983418 0.52496049] -> F: 0.35333984042683275
Punto[1.         0.45957766 0.52472839] -> F: 0.3532335401336291
Punto[1.         0.45932115 0.52449629] -> F: 0.353127337891207
Punto[1.         0.45906463 0.5242642 ] -> F: 0.35302123369956595
Punto[1.         0.45880811 0.5240321 ] -> F: 0.3529152275587064
Punto[1.         0.45855159 0.5238    ] -> F: 0.35280931946862815
Punto[1.         0.45829507 0.5235679 ] -> F: 0.3527035094293314
Punto[1.         0.45803856 0.5233358 ] -> F: 0.35259779744081576
Punto[1.         0.45778204 0.52310371] -> F: 0.3524921835030816
Punto[1.         0.45752552 0.52287161] -> F: 0.3523866676161287
Punto[1.         0.457269   0.52263951] -> F: 0.3522812497799573
Punto[1.         0.45701248 0.52240741] -> F: 0.3521759299945671
Punto[1.         0.45675597 0.52217531] -> F: 0.3520707082599581
Punto[1.         0.45649945 0.52194321] -> F: 0.35196558457613075
Punto[1.         0.45624293 0.52171112] -> F: 0.3518605589430847
Punto[1.         0.45598641 0.52147902] -> F: 0.35175563136082
Punto[1.         0.45572989 0.52124692] -> F: 0.35165080182933633
Punto[1.         0.45547338 0.52101482] -> F: 0.3515428504197645
{
  "seed": 14497,
  "n_per_z": 10,
  "nz": 100,
  "nd": 100,
  "n_muestras": 50,
  "best_f": 0.35475263259682066,
  "best_cp": [
    1.0,
    0.4683045147574683,
    0.532624470752186
  ],
  "best_u": [
    0.3971478906347807,
    0.5624982836043593,
    -0.7251684176151731
  ],
  "best_index": 1,
  "n_candidatos": 54
}
