Punto[0.         0.3776489  0.31331439] -> F: 0.12134527392441369
Punto[1.         0.35677167 0.41778618] -> F: 0.346914795677975
Punto[2.         0.29598268 0.26495753] -> F: 0.06936249480160649
Punto[1.         0.33681579 0.28913596] -> F: 0.31517009979287175
Punto[1.         0.35637256 0.41521317] -> F: 0.35124828870335345
Punto[1.         0.35598142 0.41269163] -> F: 0.35552376394045365
Punto[1.         0.35559028 0.41017009] -> F: 0.3597832334272865
Punto[1.         0.35519915 0.40764854] -> F: 0.36407275720641163
Punto[1.         0.35480801 0.405127  ] -> F: 0.36836327908327593
Punto[1.         0.35441688 0.40260545] -> F: 0.3726632958174271
Punto[1.         0.35402574 0.40008391] -> F: 0.3769883326427751
Punto[1.         0.35363461 0.39756236] -> F: 0.38129851764758405
Punto[1.         0.35324347 0.39504082] -> F: 0.38563616667610673
Punto[1.         0.35285234 0.39251928] -> F: 0.38997892703958387
Punto[1.         0.3524612  0.38999773] -> F: 0.39432529656752563
Punto[1.         0.35207007 0.38747619] -> F: 0.3975257390717238
Punto[1.         0.35167893 0.38495464] -> F: 0.3953207946459894
Punto[1.        0.3512878 0.3824331] -> F: 0.3931163716844018
Punto[1.         0.35089666 0.37991156] -> F: 0.39089946111726237
Punto[1.         0.35050553 0.37739001] -> F: 0.38869053839520235
Punto[1.         0.35011439 0.37486847] -> F: 0.3864896035182217
Punto[1.         0.34972326 0.37234692] -> F: 0.38429665648632055
Punto[1.         0.34933212 0.36982538] -> F: 0.3821116972994988
Punto[1.         0.34894098 0.36730383] -> F: 0.3799347259577564
Punto[1.         0.34854985 0.36478229] -> F: 0.37776574246109335
Punto[1.         0.34815871 0.36226075] -> F: 0.3756047468095098
Punto[1.         0.34776758 0.3597392 ] -> F: 0.37345173900300543
Punto[1.         0.34737644 0.35721766] -> F: 0.37130671904158075
Punto[1.         0.34698531 0.35469611] -> F: 0.36916198074372186
Punto[1.         0.34659417 0.35217457] -> F: 0.36700581089976486
Punto[1.         0.34620304 0.34965302] -> F: 0.364857834354358
Punto[1.         0.3458119  0.34713148] -> F: 0.36271805110750105
Punto[1.         0.34542077 0.34460994] -> F: 0.36058646115919435
Punto[1.         0.34502963 0.34208839] -> F: 0.3584630645094377
Punto[1.         0.3446385  0.33956685] -> F: 0.3563478611582313
Punto[1.         0.34424736 0.3370453 ] -> F: 0.3542408511055749
Punto[1.         0.34385623 0.33452376] -> F: 0.35214203435146857
Punto[1.         0.34346509 0.33200222] -> F: 0.35005141089591224
Punto[1.         0.34307396 0.32948067] -> F: 0.3479616761834737
Punto[1.         0.34268282 0.32695913] -> F: 0.34586063979871695
Punto[1.         0.34229168 0.32443758] -> F: 0.3437680104619113
Punto[1.         0.34190055 0.32191604] -> F: 0.3416837881730568
Punto[1.         0.34150941 0.31939449] -> F: 0.33960797293215333
Punto[1.         0.34111828 0.31687295] -> F: 0.3375405647392009
Punto[1.         0.34072714 0.31435141] -> F: 0.33548156359419956
Punto[1.         0.34033601 0.31182986] -> F: 0.33343096949714923
Punto[1.         0.33994487 0.30930832] -> F: 0.3313887824480501
Punto[1.         0.33955374 0.30678677] -> F: 0.3293526517625426
Punto[1.         0.3391626  0.30426523] -> F: 0.3273006833897226
Punto[1.         0.33877147 0.30174369] -> F: 0.32525734485690594
Punto[1.         0.33838033 0.29922214] -> F: 0.3232226361640924
Punto[1.        0.3379892 0.2967006] -> F: 0.32119655731128227
Punto[1.         0.33759806 0.29417905] -> F: 0.31917910829847557
Punto[1.         0.33720693 0.29165751] -> F: 0.317170289125672
Best centerpoint:  [1.         0.35207007 0.38747619] Best F:  0.3975257390717238 Best u:  [ 0.66131187 -0.51348636 -0.54680744] índice:  12
{
  "seed": 19273,
  "n_per_z": 5,
  "nz": 100,
  "nd": 100,
  "n_muestras": 50,
  "best_f": 0.3975257390717238,
  "best_cp": [
    1.0,
    0.352070067321317,
    0.38747618767074327
  ],
  "best_u": [
    0.6613118653236517,
    -0.5134863618406043,
    -0.5468074368421231
  ],
  "n_candidatos": 54
}
