Punto[0.         0.50745536 0.37764148] -> F: 0.1534835996521014
Punto[1.         0.48264364 0.47130773] -> F: 0.4217833069182772
Punto[2.         0.54354001 0.59879193] -> F: 0.10931720250338557
Punto[1.         0.52549769 0.48821671] -> F: 0.4164835108733235
Punto[1.         0.48350072 0.47164591] -> F: 0.42337419717927005
Punto[1.         0.48434066 0.47197733] -> F: 0.4249273943538385
Punto[1.         0.4851806  0.47230874] -> F: 0.4264833908847653
Punto[1.         0.48602054 0.47264016] -> F: 0.4280421867720505
Punto[1.         0.48686048 0.47297158] -> F: 0.4296037820156941
Punto[1.         0.48770042 0.47330299] -> F: 0.4311681766156962
Punto[1.         0.48854035 0.47363441] -> F: 0.4327353705720567
Punto[1.         0.48938029 0.47396582] -> F: 0.43370188466532755
Punto[1.         0.49022023 0.47429724] -> F: 0.43365012291990446
Punto[1.         0.49106017 0.47462866] -> F: 0.4332624759538823
Punto[1.         0.49190011 0.47496007] -> F: 0.4328750369759241
Punto[1.         0.49274005 0.47529149] -> F: 0.43248780598603004
Punto[1.         0.49357999 0.4756229 ] -> F: 0.4321007829842002
Punto[1.         0.49441993 0.47595432] -> F: 0.4317139679704343
Punto[1.         0.49525987 0.47628573] -> F: 0.4313273609447325
Punto[1.         0.49609981 0.47661715] -> F: 0.4309326830481965
Punto[1.         0.49693975 0.47694857] -> F: 0.4305344295162224
Punto[1.         0.49777969 0.47727998] -> F: 0.4301363971768577
Punto[1.         0.49861963 0.4776114 ] -> F: 0.4297385860301026
Punto[1.         0.49945957 0.47794281] -> F: 0.4293409960759572
Punto[1.         0.50029951 0.47827423] -> F: 0.4289436273144212
Punto[1.         0.50113945 0.47860565] -> F: 0.42854647974549476
Punto[1.         0.50197939 0.47893706] -> F: 0.42814955336917787
Punto[1.         0.50281932 0.47926848] -> F: 0.42774385498035233
Punto[1.         0.50365926 0.47959989] -> F: 0.4273352866673766
Punto[1.         0.5044992  0.47993131] -> F: 0.4269269532457598
Punto[1.         0.50533914 0.48026272] -> F: 0.426518854715502
Punto[1.         0.50617908 0.48059414] -> F: 0.426110991076603
Punto[1.         0.50701902 0.48092556] -> F: 0.425703362329063
Punto[1.         0.50785896 0.48125697] -> F: 0.42529596847288204
Punto[1.         0.5086989  0.48158839] -> F: 0.4248888109778471
Punto[1.         0.50953884 0.4819198 ] -> F: 0.4244805627570453
Punto[1.         0.51037878 0.48225122] -> F: 0.42406261713465376
Punto[1.         0.51121872 0.48258264] -> F: 0.42364496143451097
Punto[1.         0.51205866 0.48291405] -> F: 0.4232275956566168
Punto[1.         0.5128986  0.48324547] -> F: 0.42281051980097123
Punto[1.         0.51373854 0.48357688] -> F: 0.4223937338675743
Punto[1.         0.51457848 0.4839083 ] -> F: 0.4219772378564259
Punto[1.         0.51541842 0.48423972] -> F: 0.42156103176752624
Punto[1.         0.51625836 0.48457113] -> F: 0.4211451156008752
Punto[1.         0.51709829 0.48490255] -> F: 0.4207294893564727
Punto[1.         0.51793823 0.48523396] -> F: 0.42031007871261966
Punto[1.         0.51877817 0.48556538] -> F: 0.4198836804747861
Punto[1.         0.51961811 0.48589679] -> F: 0.4194575882453193
Punto[1.         0.52045805 0.48622821] -> F: 0.41903180202421947
Punto[1.         0.52129799 0.48655963] -> F: 0.41860632181148644
Punto[1.         0.52213793 0.48689104] -> F: 0.41818114760712005
Punto[1.         0.52297787 0.48722246] -> F: 0.4177562794111207
Punto[1.         0.52381781 0.48755387] -> F: 0.4173317172234881
Punto[1.         0.52465775 0.48788529] -> F: 0.41690746104422244
{
  "seed": 297,
  "n_per_z": 10,
  "nz": 100,
  "nd": 100,
  "n_muestras": 50,
  "best_f": 0.43370188466532755,
  "best_cp": [
    1.0,
    0.4893802943626311,
    0.47396582337027726
  ],
  "best_u": [
    0.2181432413965427,
    -0.8956521225518178,
    0.3875832834390993
  ],
  "best_index": 11,
  "n_candidatos": 54
}
