Punto[0.         0.52542595 0.40710857] -> F: 0.15672080046720632
Punto[1.         0.47196929 0.48561222] -> F: 0.4045710814071691
Punto[2.         0.50003573 0.42891908] -> F: 0.12049481453397698
Punto[1.         0.51273084 0.41801382] -> F: 0.4173032783066902
Punto[1.         0.47278453 0.48426025] -> F: 0.40696003523043994
Punto[1.         0.47358345 0.48293532] -> F: 0.40923783299461997
Punto[1.         0.47438238 0.48161039] -> F: 0.4115204241761712
Punto[1.         0.4751813  0.48028546] -> F: 0.4138078087750937
Punto[1.         0.47598023 0.47896053] -> F: 0.41609998679138777
Punto[1.         0.47677916 0.4776356 ] -> F: 0.4183969582250527
Punto[1.         0.47757808 0.47631068] -> F: 0.420698723076089
Punto[1.         0.47837701 0.47498575] -> F: 0.42300528134449683
Punto[1.         0.47917594 0.47366082] -> F: 0.42531663303027567
Punto[1.         0.47997486 0.47233589] -> F: 0.42763277813342593
Punto[1.         0.48077379 0.47101096] -> F: 0.42995371665394744
Punto[1.         0.48157271 0.46968603] -> F: 0.43227944859184014
Punto[1.         0.48237164 0.46836111] -> F: 0.4345389222010197
Punto[1.         0.48317057 0.46703618] -> F: 0.4367652971990344
Punto[1.         0.48396949 0.46571125] -> F: 0.4389967811921063
Punto[1.         0.48476842 0.46438632] -> F: 0.44089306299524067
Punto[1.         0.48556735 0.46306139] -> F: 0.44276506528073595
Punto[1.         0.48636627 0.46173646] -> F: 0.44465327358801254
Punto[1.         0.4871652  0.46041153] -> F: 0.44476187734948514
Punto[1.         0.48796412 0.45908661] -> F: 0.4440069241031589
Punto[1.         0.48876305 0.45776168] -> F: 0.4432295981579564
Punto[1.         0.48956198 0.45643675] -> F: 0.4424314041452407
Punto[1.         0.4903609  0.45511182] -> F: 0.44162356463061153
Punto[1.         0.49115983 0.45378689] -> F: 0.4408161752062567
Punto[1.         0.49195876 0.45246196] -> F: 0.44000403259184173
Punto[1.         0.49275768 0.45113704] -> F: 0.43918863432417216
Punto[1.         0.49355661 0.44981211] -> F: 0.4383736961518527
Punto[1.         0.49435553 0.44848718] -> F: 0.43755921807488324
Punto[1.         0.49515446 0.44716225] -> F: 0.43673984468431887
Punto[1.         0.49595339 0.44583732] -> F: 0.43591737022976124
Punto[1.         0.49675231 0.44451239] -> F: 0.435095366017498
Punto[1.         0.49755124 0.44318746] -> F: 0.434273832047529
Punto[1.         0.49835017 0.44186254] -> F: 0.4334471558759673
Punto[1.         0.49914909 0.44053761] -> F: 0.43261762028738915
Punto[1.         0.49994802 0.43921268] -> F: 0.4317885652522845
Punto[1.         0.50074694 0.43788775] -> F: 0.4309599907706532
Punto[1.         0.50154587 0.43656282] -> F: 0.43012599082131947
Punto[1.         0.5023448  0.43523789] -> F: 0.4292893915298679
Punto[1.         0.50314372 0.43391297] -> F: 0.42845328329104776
Punto[1.         0.50394265 0.43258804] -> F: 0.42761766610485896
Punto[1.         0.50474158 0.43126311] -> F: 0.4267763726975008
Punto[1.         0.5055405  0.42993818] -> F: 0.42593268916154575
Punto[1.         0.50633943 0.42861325] -> F: 0.42508950739071083
Punto[1.         0.50713835 0.42728832] -> F: 0.4242468273849961
Punto[1.         0.50793728 0.42596339] -> F: 0.42339832431413293
Punto[1.         0.50873621 0.42463847] -> F: 0.4225475175076458
Punto[1.         0.50953513 0.42331354] -> F: 0.4216972234193213
Punto[1.         0.51033406 0.42198861] -> F: 0.4208474420491592
Punto[1.         0.51113299 0.42066368] -> F: 0.4197654152354117
Punto[1.         0.51193191 0.41933875] -> F: 0.41855364997933414
{
  "seed": 13151,
  "n_per_z": 10,
  "nz": 100,
  "nd": 100,
  "n_muestras": 50,
  "best_f": 0.44476187734948514,
  "best_cp": [
    1.0,
    0.4871651981975246,
    0.4604115346950002
  ],
  "best_u": [
    0.4257792915650727,
    0.02842130455238307,
    -0.9043805749361745
  ],
  "best_index": 22,
  "n_candidatos": 54
}
