Punto[0.         0.44091376 0.51001812] -> F: 0.14499496137786133
Punto[1.         0.47629023 0.52389507] -> F: 0.4446026478282784
Punto[2.         0.54355902 0.59075001] -> F: 0.1414284967581464
Punto[1.         0.49223639 0.55038406] -> F: 0.4659052041138856
Punto[1.         0.47660915 0.52442485] -> F: 0.445698078746753
Punto[1.         0.4769217  0.52494404] -> F: 0.4467727349027263
Punto[1.         0.47723424 0.52546322] -> F: 0.4478485134614784
Punto[1.         0.47754679 0.5259824 ] -> F: 0.44892533358745873
Punto[1.         0.47785933 0.52650159] -> F: 0.45000286331612793
Punto[1.         0.47817188 0.52702077] -> F: 0.4510810668103807
Punto[1.         0.47848442 0.52753996] -> F: 0.45215994407021665
Punto[1.         0.47879697 0.52805914] -> F: 0.45323949509563577
Punto[1.         0.47910951 0.52857832] -> F: 0.45431971988663844
Punto[1.         0.47942206 0.52909751] -> F: 0.45539928465437624
Punto[1.         0.4797346  0.52961669] -> F: 0.45647329931480274
Punto[1.         0.48004715 0.53013588] -> F: 0.4575480013395642
Punto[1.         0.48035969 0.53065506] -> F: 0.45862339072866093
Punto[1.         0.48067223 0.53117425] -> F: 0.4596994674820931
Punto[1.         0.48098478 0.53169343] -> F: 0.4607762315998599
Punto[1.         0.48129732 0.53221261] -> F: 0.4618536830819623
Punto[1.         0.48160987 0.5327318 ] -> F: 0.4629318219283997
Punto[1.         0.48192241 0.53325098] -> F: 0.46401064813917237
Punto[1.         0.48223496 0.53377017] -> F: 0.4650901617142802
Punto[1.         0.4825475  0.53428935] -> F: 0.466170362653723
Punto[1.         0.48286005 0.53480854] -> F: 0.46725125095750114
Punto[1.         0.48317259 0.53532772] -> F: 0.46831132743817233
Punto[1.         0.48348514 0.5358469 ] -> F: 0.46930108805745147
Punto[1.         0.48379768 0.53636609] -> F: 0.47027908628725834
Punto[1.         0.48411023 0.53688527] -> F: 0.471249242322133
Punto[1.         0.48442277 0.53740446] -> F: 0.47221996610187894
Punto[1.         0.48473532 0.53792364] -> F: 0.4731912576264969
Punto[1.         0.48504786 0.53844283] -> F: 0.4741631168959863
Punto[1.         0.48536041 0.53896201] -> F: 0.4751355439103477
Punto[1.         0.48567295 0.53948119] -> F: 0.4761085386695807
Punto[1.         0.48598549 0.54000038] -> F: 0.47706374813561314
Punto[1.         0.48629804 0.54051956] -> F: 0.47801789559554503
Punto[1.         0.48661058 0.54103875] -> F: 0.4789725927719755
Punto[1.         0.48692313 0.54155793] -> F: 0.47975591362867676
Punto[1.         0.48723567 0.54207712] -> F: 0.4796989357454855
Punto[1.         0.48754822 0.5425963 ] -> F: 0.4796419599288373
Punto[1.         0.48786076 0.54311548] -> F: 0.47958498617873185
Punto[1.         0.48817331 0.54363467] -> F: 0.4787448809629617
Punto[1.         0.48848585 0.54415385] -> F: 0.4777595745146381
Punto[1.         0.4887984  0.54467304] -> F: 0.47677501503724545
Punto[1.         0.48911094 0.54519222] -> F: 0.4757912025307836
Punto[1.         0.48942349 0.5457114 ] -> F: 0.47480813699525287
Punto[1.         0.48973603 0.54623059] -> F: 0.4738258184306529
Punto[1.         0.49004858 0.54674977] -> F: 0.4728442468369839
Punto[1.         0.49036112 0.54726896] -> F: 0.471863422214246
Punto[1.         0.49067367 0.54778814] -> F: 0.47088334456243885
Punto[1.         0.49098621 0.54830733] -> F: 0.4699040138815626
Punto[1.         0.49129875 0.54882651] -> F: 0.46892543017161764
Punto[1.         0.4916113  0.54934569] -> F: 0.46794759343260306
Punto[1.         0.49192384 0.54986488] -> F: 0.4669265257297025
Best centerpoint:  [1.         0.48692313 0.54155793] Best F:  0.47975591362867676 Best u:  [-0.03141076 -0.82667246  0.56180602] índice:  34
{
  "seed": 7337,
  "n_per_z": 5,
  "nz": 100,
  "nd": 100,
  "n_muestras": 50,
  "best_f": 0.47975591362867676,
  "best_cp": [
    1.0,
    0.4869231287791226,
    0.5415579308781885
  ],
  "best_u": [
    -0.03141075907812828,
    -0.8266724599384812,
    0.5618060236357351
  ],
  "n_candidatos": 54
}
