Punto[0.         0.49389746 0.41169272] -> F: 0.14649972292230215
Punto[1.         0.52971135 0.48516105] -> F: 0.43340011650894533
Punto[2.         0.47777414 0.60024028] -> F: 0.12888822749003234
Punto[1.        0.4858358 0.5059665] -> F: 0.4454519766394959
Punto[1.         0.52883384 0.48557716] -> F: 0.4349749240602893
Punto[1.         0.52797388 0.48598495] -> F: 0.43652874488877064
Punto[1.         0.52711392 0.48639274] -> F: 0.43809296898957545
Punto[1.         0.52625396 0.48680052] -> F: 0.4396675963627042
Punto[1.         0.525394   0.48720831] -> F: 0.441252188234966
Punto[1.         0.52453403 0.4876161 ] -> F: 0.44283912825138894
Punto[1.         0.52367407 0.48802388] -> F: 0.4444256476527973
Punto[1.         0.52281411 0.48843167] -> F: 0.4458805290855018
Punto[1.         0.52195415 0.48883946] -> F: 0.44733421989757266
Punto[1.         0.52109419 0.48924724] -> F: 0.4487940912984014
Punto[1.         0.52023423 0.48965503] -> F: 0.4502601432879879
Punto[1.         0.51937427 0.49006282] -> F: 0.45173237586633236
Punto[1.         0.51851431 0.4904706 ] -> F: 0.4532107890334347
Punto[1.         0.51765435 0.49087839] -> F: 0.4546953827892947
Punto[1.         0.51679439 0.49128618] -> F: 0.4561861571339128
Punto[1.         0.51593443 0.49169396] -> F: 0.45768311206728884
Punto[1.         0.51507447 0.49210175] -> F: 0.45918624758942245
Punto[1.         0.51421451 0.49250954] -> F: 0.460695563700314
Punto[1.         0.51335455 0.49291732] -> F: 0.4622110603999634
Punto[1.         0.51249459 0.49332511] -> F: 0.46215242402538786
Punto[1.         0.51163462 0.4937329 ] -> F: 0.46160344568701694
Punto[1.         0.51077466 0.49414068] -> F: 0.46105928081925374
Punto[1.         0.5099147  0.49454847] -> F: 0.4605199294220983
Punto[1.         0.50905474 0.49495626] -> F: 0.45998539149555073
Punto[1.         0.50819478 0.49536404] -> F: 0.45945566703961077
Punto[1.         0.50733482 0.49577183] -> F: 0.45893075605427885
Punto[1.         0.50647486 0.49617962] -> F: 0.45841065853955454
Punto[1.        0.5056149 0.4965874] -> F: 0.457895374495438
Punto[1.         0.50475494 0.49699519] -> F: 0.4573800486108749
Punto[1.         0.50389498 0.49740298] -> F: 0.45686181617778876
Punto[1.         0.50303502 0.49781077] -> F: 0.45634665451626627
Punto[1.         0.50217506 0.49821855] -> F: 0.45583456362630725
Punto[1.         0.5013151  0.49862634] -> F: 0.4553255435079122
Punto[1.         0.50045514 0.49903413] -> F: 0.45481959416108053
Punto[1.         0.49959518 0.49944191] -> F: 0.4543167155858126
Punto[1.         0.49873521 0.4998497 ] -> F: 0.4538169077821083
Punto[1.         0.49787525 0.50025749] -> F: 0.45332017074996767
Punto[1.         0.49701529 0.50066527] -> F: 0.4528265044893907
Punto[1.         0.49615533 0.50107306] -> F: 0.45233590900037746
Punto[1.         0.49529537 0.50148085] -> F: 0.45184838428292773
Punto[1.         0.49443541 0.50188863] -> F: 0.4513639303370417
Punto[1.         0.49357545 0.50229642] -> F: 0.4508825471627193
Punto[1.         0.49271549 0.50270421] -> F: 0.4504042347599606
Punto[1.         0.49185553 0.50311199] -> F: 0.4499289931287656
Punto[1.         0.49099557 0.50351978] -> F: 0.44945682226913414
Punto[1.         0.49013561 0.50392757] -> F: 0.448794358379873
Punto[1.         0.48927565 0.50433535] -> F: 0.4481252700564594
Punto[1.         0.48841569 0.50474314] -> F: 0.44745648772071495
Punto[1.         0.48755573 0.50515093] -> F: 0.44678801137263946
Punto[1.         0.48669577 0.50555871] -> F: 0.4461198410122332
{
  "seed": 9137,
  "n_per_z": 10,
  "nz": 100,
  "nd": 100,
  "n_muestras": 50,
  "best_f": 0.4622110603999634,
  "best_cp": [
    1.0,
    0.5133545459798359,
    0.49291732393647675
  ],
  "best_u": [
    -0.12533323356430448,
    0.7839244040952456,
    -0.6080740984684593
  ],
  "best_index": 22,
  "n_candidatos": 54
}
