Punto[0.         0.45719222 0.48825701] -> F: 0.17719026525937015
Punto[1.         0.54976051 0.43044824] -> F: 0.29507025923305047
Punto[2.         0.52029235 0.66696334] -> F: 0.044682400144185994
Punto[1.         0.48874228 0.57761017] -> F: 0.23687361783524108
Punto[1.         0.54854015 0.43339148] -> F: 0.3003085634891202
Punto[1.         0.54734419 0.43627586] -> F: 0.30551185174375484
Punto[1.         0.54614823 0.43916023] -> F: 0.3106487854455508
Punto[1.         0.54495228 0.4420446 ] -> F: 0.3158682743339278
Punto[1.         0.54375632 0.44492898] -> F: 0.32103519926568436
Punto[1.         0.54256036 0.44781335] -> F: 0.325085931794163
Punto[1.         0.54136441 0.45069772] -> F: 0.32321733314555995
Punto[1.         0.54016845 0.4535821 ] -> F: 0.32135450953255085
Punto[1.         0.53897249 0.45646647] -> F: 0.31949746095513554
Punto[1.         0.53777653 0.45935085] -> F: 0.31763571085673253
Punto[1.         0.53658058 0.46223522] -> F: 0.31574609590936614
Punto[1.         0.53538462 0.46511959] -> F: 0.3138625360696949
Punto[1.         0.53418866 0.46800397] -> F: 0.3119850313377183
Punto[1.         0.5329927  0.47088834] -> F: 0.3101043552328301
Punto[1.         0.53179675 0.47377271] -> F: 0.30819529987552857
Punto[1.         0.53060079 0.47665709] -> F: 0.30629258707731655
Punto[1.         0.52940483 0.47954146] -> F: 0.30439621683819407
Punto[1.         0.52820887 0.48242584] -> F: 0.3024921505549783
Punto[1.         0.52701292 0.48531021] -> F: 0.30056518280640815
Punto[1.         0.52581696 0.48819458] -> F: 0.2986448532872488
Punto[1.         0.524621   0.49107896] -> F: 0.29673116199750027
Punto[1.         0.52342505 0.49396333] -> F: 0.29479993257027826
Punto[1.         0.52222909 0.49684771] -> F: 0.29285653932162575
Punto[1.         0.52103313 0.49973208] -> F: 0.2909200891148805
Punto[1.         0.51983717 0.50261645] -> F: 0.2889905819500426
Punto[1.         0.51864122 0.50550083] -> F: 0.2870289686778684
Punto[1.         0.51744526 0.5083852 ] -> F: 0.28507060209496854
Punto[1.         0.5162493  0.51126957] -> F: 0.28311949352812493
Punto[1.         0.51505334 0.51415395] -> F: 0.2811603630927966
Punto[1.         0.51385739 0.51703832] -> F: 0.27918086252140123
Punto[1.         0.51266143 0.5199227 ] -> F: 0.2772089462325132
Punto[1.         0.51146547 0.52280707] -> F: 0.27524461422613283
Punto[1.         0.51026951 0.52569144] -> F: 0.27324946486617935
Punto[1.         0.50907356 0.52857582] -> F: 0.2712574769554449
Punto[1.         0.5078776  0.53146019] -> F: 0.26927341214554873
Punto[1.         0.50668164 0.53434456] -> F: 0.2672753563499704
Punto[1.         0.50548569 0.53722894] -> F: 0.26526397612104446
Punto[1.         0.50428973 0.54011331] -> F: 0.2632608717728581
Punto[1.         0.50309377 0.54299769] -> F: 0.2612577705688758
Punto[1.         0.50189781 0.54588206] -> F: 0.2592276206392389
Punto[1.         0.50070186 0.54876643] -> F: 0.2572061149170131
Punto[1.         0.4995059  0.55165081] -> F: 0.2551932534021984
Punto[1.         0.49830994 0.55453518] -> F: 0.2531478180849032
Punto[1.         0.49711398 0.55741956] -> F: 0.251108493660136
Punto[1.         0.49591803 0.56030393] -> F: 0.2490781991075413
Punto[1.         0.49472207 0.5631883 ] -> F: 0.24702474318129505
Punto[1.         0.49352611 0.56607268] -> F: 0.24497189969738153
Punto[1.         0.49233015 0.56895705] -> F: 0.2429319953559172
Punto[1.         0.4911342  0.57184142] -> F: 0.24090503015690176
Punto[1.         0.48993824 0.5747258 ] -> F: 0.23889100410033545
Best centerpoint:  [1.         0.54256036 0.44781335] Best F:  0.325085931794163 Best u:  [0.98228725 0.06897966 0.17422274] índice:  6
{
  "seed": 12927,
  "n_per_z": 5,
  "nz": 100,
  "nd": 100,
  "n_muestras": 50,
  "best_f": 0.325085931794163,
  "best_cp": [
    1.0,
    0.5425603624132015,
    0.44781335026341096
  ],
  "best_u": [
    0.9822872507286887,
    0.06897966261333681,
    0.17422274019663594
  ],
  "n_candidatos": 54
}
