Punto[0.         0.5169553  0.46713136] -> F: 0.13093597452282615
Punto[1.         0.42957019 0.5056303 ] -> F: 0.4225426149078459
Punto[2.         0.38428712 0.57276012] -> F: 0.11916307422700863
Punto[1.         0.45062121 0.51994574] -> F: 0.42335752132765697
Punto[1.         0.42999121 0.50591661] -> F: 0.4235044894416377
Punto[1.         0.43040381 0.50619719] -> F: 0.42444703925810884
Punto[1.         0.43081641 0.50647777] -> F: 0.425389502729012
Punto[1.         0.43122901 0.50675836] -> F: 0.4263318798543477
Punto[1.         0.43164161 0.50703894] -> F: 0.4272741706341155
Punto[1.         0.43205421 0.50731952] -> F: 0.42821637506831545
Punto[1.         0.43246681 0.5076001 ] -> F: 0.4291584931569479
Punto[1.         0.43287941 0.50788069] -> F: 0.43010052490001244
Punto[1.         0.43329201 0.50816127] -> F: 0.43102370380469157
Punto[1.         0.43370461 0.50844185] -> F: 0.43194613036931273
Punto[1.         0.43411721 0.50872243] -> F: 0.43286847177488336
Punto[1.         0.43452981 0.50900302] -> F: 0.4337753564175202
Punto[1.         0.43494241 0.5092836 ] -> F: 0.4343390099605784
Punto[1.         0.43535501 0.50956418] -> F: 0.43490256831069984
Punto[1.         0.43576761 0.50984476] -> F: 0.4354598919515744
Punto[1.         0.43618021 0.51012535] -> F: 0.43601179228553244
Punto[1.         0.43659281 0.51040593] -> F: 0.43656359898392
Punto[1.         0.43700541 0.51068651] -> F: 0.4371153120467368
Punto[1.         0.43741801 0.51096709] -> F: 0.4376669314739828
Punto[1.         0.43783061 0.51124768] -> F: 0.43821845726565817
Punto[1.         0.43824321 0.51152826] -> F: 0.438769889421763
Punto[1.         0.43865581 0.51180884] -> F: 0.4393212279422969
Punto[1.         0.43906841 0.51208943] -> F: 0.4398724728272601
Punto[1.         0.43948101 0.51237001] -> F: 0.44042362407665275
Punto[1.         0.43989361 0.51265059] -> F: 0.44097468169047477
Punto[1.         0.44030621 0.51293117] -> F: 0.441525645668726
Punto[1.         0.44071881 0.51321176] -> F: 0.44207651601140646
Punto[1.         0.44113141 0.51349234] -> F: 0.4426272927185164
Punto[1.         0.44154401 0.51377292] -> F: 0.4420793552375948
Punto[1.         0.44195661 0.5140535 ] -> F: 0.4412594673502102
Punto[1.         0.44236921 0.51433409] -> F: 0.4404407645383437
Punto[1.         0.44278181 0.51461467] -> F: 0.43962324680199555
Punto[1.         0.44319441 0.51489525] -> F: 0.4388069141411661
Punto[1.         0.44360701 0.51517583] -> F: 0.4379917665558547
Punto[1.         0.44401961 0.51545642] -> F: 0.43717010794811983
Punto[1.         0.44443221 0.515737  ] -> F: 0.4363000416631829
Punto[1.         0.44484481 0.51601758] -> F: 0.435430879327734
Punto[1.         0.44525741 0.51629816] -> F: 0.43456262094177234
Punto[1.         0.44567001 0.51657875] -> F: 0.4336952665052988
Punto[1.         0.44608261 0.51685933] -> F: 0.43282881601831275
Punto[1.         0.44649521 0.51713991] -> F: 0.4319632694808145
Punto[1.         0.44690781 0.51742049] -> F: 0.4310986268928039
Punto[1.         0.44732041 0.51770108] -> F: 0.4302348882542813
Punto[1.         0.44773301 0.51798166] -> F: 0.42937205356524616
Punto[1.         0.44814561 0.51826224] -> F: 0.428510122825699
Punto[1.         0.44855821 0.51854282] -> F: 0.42764909603563916
Punto[1.         0.44897081 0.51882341] -> F: 0.42678897319506737
Punto[1.         0.44938341 0.51910399] -> F: 0.4259297543039832
Punto[1.         0.44979601 0.51938457] -> F: 0.4250714393623868
Punto[1.         0.45020861 0.51966516] -> F: 0.4242140283702781
Best centerpoint:  [1.         0.44113141 0.51349234] Best F:  0.4426272927185164 Best u:  [ 0.15643447 -0.88003676 -0.44840112] índice:  28
{
  "seed": 9556,
  "n_per_z": 5,
  "nz": 100,
  "nd": 100,
  "n_muestras": 50,
  "best_f": 0.4426272927185164,
  "best_cp": [
    1.0,
    0.4411314120613787,
    0.5134923382381585
  ],
  "best_u": [
    0.1564344650402308,
    -0.8800367553350505,
    -0.44840112333371024
  ],
  "n_candidatos": 54
}
