Punto[0.         0.58802795 0.44207472] -> F: 0.16636887018358076
Punto[1.         0.48875978 0.48434821] -> F: 0.4325737248898153
Punto[2.         0.37760071 0.58307811] -> F: 0.11358917054174711
Punto[1.         0.48281433 0.51257642] -> F: 0.4187960922011891
Punto[1.         0.48864087 0.48491278] -> F: 0.4326288388690963
Punto[1.         0.48852434 0.48546605] -> F: 0.43268285677728957
Punto[1.         0.48840781 0.48601932] -> F: 0.4327368808312688
Punto[1.         0.48829128 0.48657259] -> F: 0.4327909110310338
Punto[1.         0.48817475 0.48712587] -> F: 0.4328449473765847
Punto[1.         0.48805822 0.48767914] -> F: 0.4328989898679215
Punto[1.         0.48794169 0.48823241] -> F: 0.43294885292414237
Punto[1.         0.48782516 0.48878569] -> F: 0.4329932944576114
Punto[1.         0.48770863 0.48933896] -> F: 0.4330377401454361
Punto[1.         0.4875921  0.48989223] -> F: 0.43308218998761633
Punto[1.         0.48747557 0.4904455 ] -> F: 0.4331266439841523
Punto[1.         0.48735903 0.49099878] -> F: 0.43279811522590367
Punto[1.         0.4872425  0.49155205] -> F: 0.4324555665664348
Punto[1.         0.48712597 0.49210532] -> F: 0.43211312768581817
Punto[1.         0.48700944 0.4926586 ] -> F: 0.43177079858405387
Punto[1.         0.48689291 0.49321187] -> F: 0.4314239204048263
Punto[1.         0.48677638 0.49376514] -> F: 0.43107375587854646
Punto[1.         0.48665985 0.49431841] -> F: 0.43072370636334556
Punto[1.         0.48654332 0.49487169] -> F: 0.43037377185922376
Punto[1.         0.48642679 0.49542496] -> F: 0.43002395236618096
Punto[1.         0.48631026 0.49597823] -> F: 0.4296742478842171
Punto[1.         0.48619373 0.49653151] -> F: 0.4293246584133323
Punto[1.         0.48607719 0.49708478] -> F: 0.4289706879677956
Punto[1.         0.48596066 0.49763805] -> F: 0.4286129288904236
Punto[1.         0.48584413 0.49819132] -> F: 0.42825529042300003
Punto[1.        0.4857276 0.4987446] -> F: 0.4278977725655253
Punto[1.         0.48561107 0.49929787] -> F: 0.42754037531799904
Punto[1.         0.48549454 0.49985114] -> F: 0.42718309868042137
Punto[1.         0.48537801 0.50040441] -> F: 0.42682594265279233
Punto[1.         0.48526148 0.50095769] -> F: 0.4264670228451134
Punto[1.         0.48514495 0.50151096] -> F: 0.4261013207530874
Punto[1.         0.48502842 0.50206423] -> F: 0.42573574528448516
Punto[1.         0.48491189 0.50261751] -> F: 0.4253702964393069
Punto[1.         0.48479535 0.50317078] -> F: 0.42500497421755246
Punto[1.         0.48467882 0.50372405] -> F: 0.42463981663184214
Punto[1.         0.48456229 0.50427732] -> F: 0.4242749131119867
Punto[1.         0.48444576 0.5048306 ] -> F: 0.4239102673957681
Punto[1.         0.48432923 0.50538387] -> F: 0.4235458794831864
Punto[1.         0.4842127  0.50593714] -> F: 0.4231817493742414
Punto[1.         0.48409617 0.50649042] -> F: 0.42281787706893315
Punto[1.         0.48397964 0.50704369] -> F: 0.42245426256726165
Punto[1.         0.48386311 0.50759696] -> F: 0.42209090586922715
Punto[1.         0.48374658 0.50815023] -> F: 0.42172780697482926
Punto[1.         0.48363005 0.50870351] -> F: 0.42136496588406813
Punto[1.         0.48351352 0.50925678] -> F: 0.4210023023967015
Punto[1.         0.48339698 0.50981005] -> F: 0.4206339345043684
Punto[1.         0.48328045 0.51036333] -> F: 0.42026583308926774
Punto[1.         0.48316392 0.5109166 ] -> F: 0.41989799815139955
Punto[1.         0.48304739 0.51146987] -> F: 0.41953042969076365
Punto[1.         0.48293086 0.51202314] -> F: 0.4191631277073602
{
  "seed": 8711,
  "n_per_z": 10,
  "nz": 100,
  "nd": 100,
  "n_muestras": 50,
  "best_f": 0.4331266439841523,
  "best_cp": [
    1.0,
    0.48747556513870294,
    0.4904455045437348
  ],
  "best_u": [
    0.4539904997395467,
    -0.8383309036215832,
    -0.30181769692855365
  ],
  "best_index": 14,
  "n_candidatos": 54
}
