Punto[0.         0.45087727 0.51068921] -> F: 0.10831954889918083
Punto[1.         0.45545241 0.44093708] -> F: 0.405667569666962
Punto[2.         0.58202632 0.48398022] -> F: 0.16502058931160268
Punto[1.         0.5164518  0.49733472] -> F: 0.40071184588253617
Punto[1.         0.4566724  0.44206503] -> F: 0.407768749813801
Punto[1.         0.45786799 0.44317043] -> F: 0.4098326262165332
Punto[1.         0.45906358 0.44427582] -> F: 0.41187364955497047
Punto[1.         0.46025917 0.44538121] -> F: 0.41390927280044976
Punto[1.         0.46145475 0.44648661] -> F: 0.41594944811120504
Punto[1.         0.46265034 0.447592  ] -> F: 0.41799417548723616
Punto[1.         0.46384593 0.44869739] -> F: 0.42004345492854295
Punto[1.         0.46504152 0.44980279] -> F: 0.4220972864351253
Punto[1.         0.4662371  0.45090818] -> F: 0.42415567000698384
Punto[1.         0.46743269 0.45201358] -> F: 0.42621860564411784
Punto[1.         0.46862828 0.45311897] -> F: 0.4282615483424385
Punto[1.         0.46982387 0.45422436] -> F: 0.4302110251958974
Punto[1.         0.47101946 0.45532976] -> F: 0.4321648553616523
Punto[1.         0.47221504 0.45643515] -> F: 0.4333042783813068
Punto[1.         0.47341063 0.45754054] -> F: 0.4324331922155081
Punto[1.         0.47460622 0.45864594] -> F: 0.4315627355925414
Punto[1.         0.47580181 0.45975133] -> F: 0.43069290851240644
Punto[1.         0.4769974  0.46085673] -> F: 0.42981694725828873
Punto[1.         0.47819298 0.46196212] -> F: 0.42894156466263345
Punto[1.         0.47938857 0.46306751] -> F: 0.42806682153793923
Punto[1.         0.48058416 0.46417291] -> F: 0.42719271788420626
Punto[1.         0.48177975 0.4652783 ] -> F: 0.42631925370143403
Punto[1.         0.48297534 0.46638369] -> F: 0.4254410277649952
Punto[1.         0.48417092 0.46748909] -> F: 0.42456195580397216
Punto[1.         0.48536651 0.46859448] -> F: 0.42368353346188536
Punto[1.         0.4865621  0.46969988] -> F: 0.4228057607387345
Punto[1.         0.48775769 0.47080527] -> F: 0.42192863763451977
Punto[1.         0.48895327 0.47191066] -> F: 0.4210482782950217
Punto[1.         0.49014886 0.47301606] -> F: 0.4201654799595323
Punto[1.         0.49134445 0.47412145] -> F: 0.4192833416386703
Punto[1.         0.49254004 0.47522684] -> F: 0.41840186333243556
Punto[1.         0.49373563 0.47633224] -> F: 0.41752104504082826
Punto[1.         0.49493121 0.47743763] -> F: 0.4166387588020681
Punto[1.         0.4961268  0.47854302] -> F: 0.41575218179922185
Punto[1.         0.49732239 0.47964842] -> F: 0.4148662754846506
Punto[1.         0.49851798 0.48075381] -> F: 0.4139810398583543
Punto[1.         0.49971357 0.48185921] -> F: 0.4130964749203329
Punto[1.         0.50090915 0.4829646 ] -> F: 0.41221258067058647
Punto[1.         0.50210474 0.48406999] -> F: 0.41132914547247756
Punto[1.         0.50330033 0.48517539] -> F: 0.4104411695506266
Punto[1.         0.50449592 0.48628078] -> F: 0.4095540734211792
Punto[1.         0.50569151 0.48738617] -> F: 0.4086678570841353
Punto[1.         0.50688709 0.48849157] -> F: 0.40778252053949493
Punto[1.         0.50808268 0.48959696] -> F: 0.4068980637872579
Punto[1.         0.50927827 0.49070236] -> F: 0.4060144868274245
Punto[1.         0.51047386 0.49180775] -> F: 0.4051317896599945
Punto[1.         0.51166944 0.49291314] -> F: 0.40424997228496795
Punto[1.         0.51286503 0.49401854] -> F: 0.4033666967957149
Punto[1.         0.51406062 0.49512393] -> F: 0.40248085508597187
Punto[1.         0.51525621 0.49622932] -> F: 0.40159590478157886
{
  "seed": 6324,
  "n_per_z": 10,
  "nz": 100,
  "nd": 100,
  "n_muestras": 50,
  "best_f": 0.4333042783813068,
  "best_cp": [
    1.0,
    0.4722150441231595,
    0.4564351504919887
  ],
  "best_u": [
    -0.5358267949789969,
    0.6830756405564747,
    0.49628350270878235
  ],
  "best_index": 17,
  "n_candidatos": 54
}
