Punto[0.         0.55235515 0.47738975] -> F: 0.16422165209597547
Punto[1.         0.50573213 0.48653558] -> F: 0.4681737855584222
Punto[2.         0.42925369 0.45646073] -> F: 0.1393812364810436
Punto[1.         0.49080442 0.46692524] -> F: 0.4601846915510704
Punto[1.         0.50543358 0.48614337] -> F: 0.4686592632578738
Punto[1.         0.505141   0.48575901] -> F: 0.4691352308164486
Punto[1.         0.50484841 0.48537465] -> F: 0.46961139577386196
Punto[1.         0.50455583 0.48499029] -> F: 0.4700877581301136
Punto[1.         0.50426325 0.48460592] -> F: 0.4705643178852038
Punto[1.         0.50397066 0.48422156] -> F: 0.47104107503913256
Punto[1.         0.50367808 0.4838372 ] -> F: 0.4715180295918994
Punto[1.         0.5033855  0.48345284] -> F: 0.47152472829214065
Punto[1.         0.50309291 0.48306847] -> F: 0.4712595087349701
Punto[1.         0.50280033 0.48268411] -> F: 0.4709943994162242
Punto[1.         0.50250775 0.48229975] -> F: 0.47072940033590294
Punto[1.         0.50221516 0.48191538] -> F: 0.47046451149400625
Punto[1.         0.50192258 0.48153102] -> F: 0.4701997328905343
Punto[1.         0.50163    0.48114666] -> F: 0.46993506452548695
Punto[1.         0.50133741 0.4807623 ] -> F: 0.4696705063988642
Punto[1.         0.50104483 0.48037793] -> F: 0.46940605851066614
Punto[1.         0.50075225 0.47999357] -> F: 0.4691417208608929
Punto[1.         0.50045967 0.47960921] -> F: 0.4688774934495441
Punto[1.         0.50016708 0.47922485] -> F: 0.46861337627662
Punto[1.         0.4998745  0.47884048] -> F: 0.46834936934212046
Punto[1.         0.49958192 0.47845612] -> F: 0.4680854726460457
Punto[1.         0.49928933 0.47807176] -> F: 0.4678216861883955
Punto[1.         0.49899675 0.4776874 ] -> F: 0.46755800996916996
Punto[1.         0.49870417 0.47730303] -> F: 0.46729444398836917
Punto[1.         0.49841158 0.47691867] -> F: 0.467030988245993
Punto[1.         0.498119   0.47653431] -> F: 0.4667676427420414
Punto[1.         0.49782642 0.47614995] -> F: 0.46650440747651445
Punto[1.         0.49753383 0.47576558] -> F: 0.4662412824494122
Punto[1.         0.49724125 0.47538122] -> F: 0.4659782676607345
Punto[1.         0.49694867 0.47499686] -> F: 0.4657153631104816
Punto[1.         0.49665609 0.47461249] -> F: 0.4654525687986533
Punto[1.         0.4963635  0.47422813] -> F: 0.4651898847252496
Punto[1.         0.49607092 0.47384377] -> F: 0.4649273108902705
Punto[1.         0.49577834 0.47345941] -> F: 0.4646648472937161
Punto[1.         0.49548575 0.47307504] -> F: 0.4644024939355864
Punto[1.         0.49519317 0.47269068] -> F: 0.46414025081588123
Punto[1.         0.49490059 0.47230632] -> F: 0.4638781179346008
Punto[1.         0.494608   0.47192196] -> F: 0.463616095291745
Punto[1.         0.49431542 0.47153759] -> F: 0.4633541828873139
Punto[1.         0.49402284 0.47115323] -> F: 0.4630923807213074
Punto[1.         0.49373025 0.47076887] -> F: 0.46283068879372546
Punto[1.         0.49343767 0.47038451] -> F: 0.4625673389573553
Punto[1.         0.49314509 0.47000014] -> F: 0.46230214675878667
Punto[1.         0.4928525  0.46961578] -> F: 0.4620370679596855
Punto[1.         0.49255992 0.46923142] -> F: 0.4617721025600521
Punto[1.         0.49226734 0.46884706] -> F: 0.4615072505598862
Punto[1.         0.49197476 0.46846269] -> F: 0.4612425119591878
Punto[1.         0.49168217 0.46807833] -> F: 0.4609778867579571
Punto[1.         0.49138959 0.46769397] -> F: 0.4607133749561939
Punto[1.         0.49109701 0.4673096 ] -> F: 0.4604489765538984
{
  "seed": 8625,
  "n_per_z": 10,
  "nz": 100,
  "nd": 100,
  "n_muestras": 50,
  "best_f": 0.47152472829214065,
  "best_cp": [
    1.0,
    0.5033854967102279,
    0.48345283533660355
  ],
  "best_u": [
    0.8090169943749473,
    -0.42847700858219234,
    -0.40236669336437664
  ],
  "best_index": 11,
  "n_candidatos": 54
}
