Punto[0.         0.4953302  0.58715792] -> F: 0.11833921386564646
Punto[1.         0.45923174 0.62914164] -> F: 0.2984848837633134
Punto[2.         0.60274202 0.50825173] -> F: 0.06380125986257276
Punto[1.         0.54903611 0.54770482] -> F: 0.29787814837017024
Punto[1.         0.46102783 0.6275129 ] -> F: 0.3029790896126259
Punto[1.         0.46278799 0.62591674] -> F: 0.30742590871055714
Punto[1.         0.46454816 0.62432058] -> F: 0.31161333560838894
Punto[1.         0.46630832 0.62272442] -> F: 0.3158692420621056
Punto[1.         0.46806849 0.62112826] -> F: 0.3203559262891238
Punto[1.         0.46982866 0.6195321 ] -> F: 0.32524150958558723
Punto[1.         0.47158882 0.61793593] -> F: 0.33052600495110734
Punto[1.         0.47334899 0.61633977] -> F: 0.3362094123856842
Punto[1.         0.47510915 0.61474361] -> F: 0.34229173188931694
Punto[1.         0.47686932 0.61314745] -> F: 0.34877296346200665
Punto[1.         0.47862948 0.61155129] -> F: 0.35565310710375214
Punto[1.         0.48038965 0.60995513] -> F: 0.3629321628145551
Punto[1.         0.48214982 0.60835896] -> F: 0.37061013059441367
Punto[1.         0.48390998 0.6067628 ] -> F: 0.37780666559036075
Punto[1.         0.48567015 0.60516664] -> F: 0.3849123111629224
Punto[1.         0.48743031 0.60357048] -> F: 0.3867259633146804
Punto[1.         0.48919048 0.60197432] -> F: 0.38434081609560594
Punto[1.         0.49095064 0.60037816] -> F: 0.381943410758929
Punto[1.         0.49271081 0.598782  ] -> F: 0.37952409604809767
Punto[1.         0.49447098 0.59718583] -> F: 0.3770854152590088
Punto[1.         0.49623114 0.59558967] -> F: 0.3746304376672202
Punto[1.         0.49799131 0.59399351] -> F: 0.37215158627823947
Punto[1.         0.49975147 0.59239735] -> F: 0.3696592232324307
Punto[1.         0.50151164 0.59080119] -> F: 0.3671418441861606
Punto[1.         0.5032718  0.58920503] -> F: 0.3646101097777371
Punto[1.         0.50503197 0.58760886] -> F: 0.3620738575136707
Punto[1.         0.50679214 0.5860127 ] -> F: 0.3595120671397766
Punto[1.         0.5085523  0.58441654] -> F: 0.3569609435722438
Punto[1.         0.51031247 0.58282038] -> F: 0.35442048681107213
Punto[1.         0.51207263 0.58122422] -> F: 0.35186632617422675
Punto[1.         0.5138328  0.57962806] -> F: 0.34930061372456034
Punto[1.         0.51559296 0.57803189] -> F: 0.3467459680541257
Punto[1.         0.51735313 0.57643573] -> F: 0.34420238916292334
Punto[1.         0.5191133  0.57483957] -> F: 0.34163538832757806
Punto[1.         0.52087346 0.57324341] -> F: 0.33906501706475484
Punto[1.         0.52263363 0.57164725] -> F: 0.3365061485887369
Punto[1.         0.52439379 0.57005109] -> F: 0.3339587828995241
Punto[1.         0.52615396 0.56845493] -> F: 0.3313809359108247
Punto[1.         0.52791412 0.56685876] -> F: 0.32880496162970646
Punto[1.         0.52967429 0.5652626 ] -> F: 0.3262409682609649
Punto[1.         0.53143446 0.56366644] -> F: 0.3236889558046001
Punto[1.         0.53319462 0.56207028] -> F: 0.32110305791902355
Punto[1.         0.53495479 0.56047412] -> F: 0.31852028334968796
Punto[1.         0.53671495 0.55887796] -> F: 0.3159500174384112
Punto[1.         0.53847512 0.55728179] -> F: 0.31339226018519334
Punto[1.         0.54023528 0.55568563] -> F: 0.31080220665628383
Punto[1.         0.54199545 0.55408947] -> F: 0.3082111215275294
Punto[1.         0.54375562 0.55249331] -> F: 0.3056331317854703
Punto[1.         0.54551578 0.55089715] -> F: 0.303068237430106
Punto[1.         0.54727595 0.54930099] -> F: 0.30047944729445963
Best centerpoint:  [1.         0.48743031 0.60357048] Best F:  0.3867259633146804 Best u:  [ 0.66131187  0.54680744 -0.51348636] índice:  16
{
  "seed": 3575,
  "n_per_z": 5,
  "nz": 100,
  "nd": 100,
  "n_muestras": 50,
  "best_f": 0.3867259633146804,
  "best_cp": [
    1.0,
    0.48743031230207523,
    0.6035704798032264
  ],
  "best_u": [
    0.6613118653236517,
    0.546807436842123,
    -0.5134863618406044
  ],
  "n_candidatos": 54
}
