Punto[0.         0.6195391  0.66469373] -> F: 0.05592701938113342
Punto[1.         0.54887564 0.560952  ] -> F: 0.35503572528296673
Punto[2.         0.38684072 0.42596731] -> F: 0.14373545738130053
Punto[1.         0.50318991 0.54533052] -> F: 0.34422596673068634
Punto[1.         0.54796193 0.56063957] -> F: 0.3558726813857482
Punto[1.         0.54706649 0.56033339] -> F: 0.3566926443728274
Punto[1.         0.54617105 0.56002721] -> F: 0.35757211201141414
Punto[1.         0.54527561 0.55972103] -> F: 0.35869998953950333
Punto[1.         0.54438017 0.55941485] -> F: 0.36009017073464106
Punto[1.         0.54348473 0.55910867] -> F: 0.3617426555968271
Punto[1.         0.54258929 0.55880249] -> F: 0.363653300858847
Punto[1.         0.54169384 0.55849631] -> F: 0.3650595776355683
Punto[1.         0.5407984  0.55819012] -> F: 0.3658600552636482
Punto[1.         0.53990296 0.55788394] -> F: 0.36666224473994496
Punto[1.         0.53900752 0.55757776] -> F: 0.36747685628666443
Punto[1.         0.53811208 0.55727158] -> F: 0.3683055148167471
Punto[1.         0.53721664 0.5569654 ] -> F: 0.36914822033019273
Punto[1.         0.5363212  0.55665922] -> F: 0.37000497282700123
Punto[1.         0.53542576 0.55635304] -> F: 0.3708757723071729
Punto[1.         0.53453032 0.55604686] -> F: 0.37176061877070776
Punto[1.         0.53363488 0.55574068] -> F: 0.3716878731589881
Punto[1.         0.53273944 0.55543449] -> F: 0.3709386863403719
Punto[1.         0.531844   0.55512831] -> F: 0.3701903555588691
Punto[1.         0.53094856 0.55482213] -> F: 0.3694428808144798
Punto[1.         0.53005312 0.55451595] -> F: 0.36869452433764716
Punto[1.         0.52915768 0.55420977] -> F: 0.36794245715473284
Punto[1.         0.52826224 0.55390359] -> F: 0.36719126055671664
Punto[1.         0.5273668  0.55359741] -> F: 0.36644093454359916
Punto[1.         0.52647136 0.55329123] -> F: 0.36569147911538
Punto[1.         0.52557592 0.55298505] -> F: 0.3649428942720592
Punto[1.         0.52468048 0.55267886] -> F: 0.3641951800136368
Punto[1.         0.52378504 0.55237268] -> F: 0.3634483363401129
Punto[1.        0.5228896 0.5520665] -> F: 0.36270236325148736
Punto[1.         0.52199416 0.55176032] -> F: 0.3619572607477601
Punto[1.         0.52109872 0.55145414] -> F: 0.3612130288289314
Punto[1.         0.52020327 0.55114796] -> F: 0.3604696674950011
Punto[1.         0.51930783 0.55084178] -> F: 0.3597271767459691
Punto[1.         0.51841239 0.5505356 ] -> F: 0.3589855565818356
Punto[1.         0.51751695 0.55022941] -> F: 0.35824480700260053
Punto[1.         0.51662151 0.54992323] -> F: 0.3575049280082638
Punto[1.         0.51572607 0.54961705] -> F: 0.35676591959882553
Punto[1.         0.51483063 0.54931087] -> F: 0.35602362126708326
Punto[1.         0.51393519 0.54900469] -> F: 0.35528007060754296
Punto[1.         0.51303975 0.54869851] -> F: 0.3545374054561144
Punto[1.         0.51214431 0.54839233] -> F: 0.3537956258127978
Punto[1.         0.51124887 0.54808615] -> F: 0.3530547316775928
Punto[1.         0.51035343 0.54777997] -> F: 0.3523147230504999
Punto[1.         0.50945799 0.54747378] -> F: 0.3515756041343471
Punto[1.         0.50856255 0.5471676 ] -> F: 0.35081565800363396
Punto[1.         0.50766711 0.54686142] -> F: 0.3497154684236143
Punto[1.         0.50677167 0.54655524] -> F: 0.3486180616205466
Punto[1.         0.50587623 0.54624906] -> F: 0.34752343759443083
Punto[1.         0.50498079 0.54594288] -> F: 0.34642981905991377
Punto[1.         0.50408535 0.5456367 ] -> F: 0.3453263395028178
Best centerpoint:  [1.         0.53453032 0.55604686] Best F:  0.37176061877070776 Best u:  [0.03141076 0.63710946 0.77013304] índice:  16
{
  "seed": 18427,
  "n_per_z": 5,
  "nz": 100,
  "nd": 100,
  "n_muestras": 50,
  "best_f": 0.37176061877070776,
  "best_cp": [
    1.0,
    0.5345303214853065,
    0.5560468565004861
  ],
  "best_u": [
    0.031410759078128396,
    0.6371094594883142,
    0.770133041003075
  ],
  "n_candidatos": 54
}
