Punto[0.         0.42099084 0.46872529] -> F: 0.1102436631529554
Punto[1.         0.50815061 0.51343746] -> F: 0.4108974708381092
Punto[2.         0.51723502 0.43820949] -> F: 0.1700859823353735
Punto[1.         0.46911293 0.45346739] -> F: 0.40283207949850386
Punto[1.         0.50736986 0.51223806] -> F: 0.41346668627179567
Punto[1.         0.50660472 0.51106265] -> F: 0.41599924494847407
Punto[1.         0.50583958 0.50988723] -> F: 0.4183905089121969
Punto[1.         0.50507444 0.50871182] -> F: 0.42045084278865147
Punto[1.         0.5043093  0.50753641] -> F: 0.42254696972811423
Punto[1.         0.50354416 0.50636099] -> F: 0.42467888973058504
Punto[1.         0.50277902 0.50518558] -> F: 0.4268466027960643
Punto[1.         0.50201389 0.50401017] -> F: 0.42905010892455153
Punto[1.         0.50124875 0.50283475] -> F: 0.43044584968777616
Punto[1.         0.50048361 0.50165934] -> F: 0.4315955948179478
Punto[1.         0.49971847 0.50048393] -> F: 0.43273844660712096
Punto[1.         0.49895333 0.49930851] -> F: 0.4334438518500494
Punto[1.         0.49818819 0.4981331 ] -> F: 0.4336780938846746
Punto[1.         0.49742305 0.49695769] -> F: 0.43291571752824204
Punto[1.         0.49665792 0.49578227] -> F: 0.4321538991041559
Punto[1.         0.49589278 0.49460686] -> F: 0.43138751620610166
Punto[1.         0.49512764 0.49343145] -> F: 0.430614376857048
Punto[1.         0.4943625  0.49225603] -> F: 0.4298418138454434
Punto[1.         0.49359736 0.49108062] -> F: 0.4290698271712878
Punto[1.         0.49283222 0.48990521] -> F: 0.4282984168345812
Punto[1.         0.49206708 0.48872979] -> F: 0.427519010959248
Punto[1.         0.49130195 0.48755438] -> F: 0.42673615397275666
Punto[1.         0.49053681 0.48637896] -> F: 0.425953892349757
Punto[1.         0.48977167 0.48520355] -> F: 0.4251722260902488
Punto[1.         0.48900653 0.48402814] -> F: 0.4243898163921728
Punto[1.         0.48824139 0.48285272] -> F: 0.4235974193580902
Punto[1.         0.48747625 0.48167731] -> F: 0.4228054380195937
Punto[1.         0.48671111 0.4805019 ] -> F: 0.4220138723766833
Punto[1.         0.48594598 0.47932648] -> F: 0.42122220785045206
Punto[1.         0.48518084 0.47815107] -> F: 0.4204204849489638
Punto[1.         0.4844157  0.47697566] -> F: 0.4196191893804054
Punto[1.         0.48365056 0.47580024] -> F: 0.418818321144777
Punto[1.         0.48288542 0.47462483] -> F: 0.4180160740900834
Punto[1.         0.48212028 0.47344942] -> F: 0.41720490829458856
Punto[1.         0.48135514 0.472274  ] -> F: 0.41639418183347826
Punto[1.         0.48059001 0.47109859] -> F: 0.4155838947067522
Punto[1.         0.47982487 0.46992318] -> F: 0.4147714270308329
Punto[1.         0.47905973 0.46874776] -> F: 0.4139506753283859
Punto[1.         0.47829459 0.46757235] -> F: 0.41313037536550756
Punto[1.         0.47752945 0.46639694] -> F: 0.4123105271421981
Punto[1.         0.47676431 0.46522152] -> F: 0.41148764754060235
Punto[1.         0.47599917 0.46404611] -> F: 0.4106576892298739
Punto[1.         0.47523404 0.4628707 ] -> F: 0.40978568483935235
Punto[1.         0.4744689  0.46169528] -> F: 0.4089129840096333
Punto[1.         0.47370376 0.46051987] -> F: 0.4080409376161207
Punto[1.         0.47293862 0.45934445] -> F: 0.4071700064722966
Punto[1.         0.47217348 0.45816904] -> F: 0.40630019057816114
Punto[1.         0.47140834 0.45699363] -> F: 0.40543148993371403
Punto[1.         0.4706432  0.45581821] -> F: 0.4045639045389555
Punto[1.         0.46987807 0.4546428 ] -> F: 0.40369743439388545
{
  "seed": 5344,
  "n_per_z": 10,
  "nz": 100,
  "nd": 100,
  "n_muestras": 50,
  "best_f": 0.4336780938846746,
  "best_cp": [
    1.0,
    0.4981881923324877,
    0.49813309977592674
  ],
  "best_u": [
    -0.9995065603657316,
    -0.007811538130902161,
    -0.030423932321343345
  ],
  "best_index": 16,
  "n_candidatos": 54
}
