Punto[0.         0.5805412  0.59232923] -> F: 0.12391675199046323
Punto[1.         0.51150384 0.50736369] -> F: 0.4114226283326277
Punto[2.         0.40615165 0.3704271 ] -> F: 0.11485012427939795
Punto[1.         0.49334642 0.48137816] -> F: 0.4278497627451904
Punto[1.         0.51114069 0.50684398] -> F: 0.41249537718343826
Punto[1.         0.5107848  0.50633467] -> F: 0.4135470258192609
Punto[1.         0.51042892 0.50582535] -> F: 0.41459902563365625
Punto[1.         0.51007303 0.50531603] -> F: 0.41565137662662466
Punto[1.         0.50971715 0.50480672] -> F: 0.41670407879816634
Punto[1.         0.50936126 0.5042974 ] -> F: 0.41775713214828103
Punto[1.         0.50900538 0.50378809] -> F: 0.4188105366769689
Punto[1.         0.50864949 0.50327877] -> F: 0.4198642923842297
Punto[1.         0.50829361 0.50276945] -> F: 0.4209183992700637
Punto[1.         0.50793772 0.50226014] -> F: 0.4219728573344707
Punto[1.         0.50758184 0.50175082] -> F: 0.42302766657745083
Punto[1.         0.50722595 0.5012415 ] -> F: 0.42408282699900407
Punto[1.         0.50687007 0.50073219] -> F: 0.4251383385991303
Punto[1.         0.50651418 0.50022287] -> F: 0.42619420137782965
Punto[1.         0.5061583  0.49971355] -> F: 0.42725041533510216
Punto[1.         0.50580241 0.49920424] -> F: 0.4279828160850503
Punto[1.         0.50544653 0.49869492] -> F: 0.4286454910352031
Punto[1.         0.50509064 0.4981856 ] -> F: 0.4293186910313541
Punto[1.         0.50473475 0.49767629] -> F: 0.43000241607350326
Punto[1.         0.50437887 0.49716697] -> F: 0.4306966661616504
Punto[1.         0.50402298 0.49665765] -> F: 0.43139426287433846
Punto[1.         0.5036671  0.49614834] -> F: 0.4320544032041306
Punto[1.         0.50331121 0.49563902] -> F: 0.43271414844515604
Punto[1.         0.50295533 0.49512971] -> F: 0.4333734985974148
Punto[1.         0.50259944 0.49462039] -> F: 0.4340324536609065
Punto[1.         0.50224356 0.49411107] -> F: 0.4346910136356316
Punto[1.         0.50188767 0.49360176] -> F: 0.43534917852159
Punto[1.         0.50153179 0.49309244] -> F: 0.4360069483187817
Punto[1.         0.5011759  0.49258312] -> F: 0.43666432302720637
Punto[1.         0.50082002 0.49207381] -> F: 0.4373213026468644
Punto[1.         0.50046413 0.49156449] -> F: 0.43797788717775565
Punto[1.         0.50010825 0.49105517] -> F: 0.43863407661988013
Punto[1.         0.49975236 0.49054586] -> F: 0.4385242519139195
Punto[1.         0.49939647 0.49003654] -> F: 0.43841261332168757
Punto[1.         0.49904059 0.48952722] -> F: 0.4380640822241784
Punto[1.         0.4986847  0.48901791] -> F: 0.437397986900561
Punto[1.         0.49832882 0.48850859] -> F: 0.43674125583672235
Punto[1.         0.49797293 0.48799928] -> F: 0.436099322383466
Punto[1.         0.49761705 0.48748996] -> F: 0.4354721865407917
Punto[1.         0.49726116 0.48698064] -> F: 0.4348564982890833
Punto[1.         0.49690528 0.48647133] -> F: 0.434241330700114
Punto[1.         0.49654939 0.48596201] -> F: 0.43362583838129726
Punto[1.         0.49619351 0.48545269] -> F: 0.4330100213326328
Punto[1.         0.49583762 0.48494338] -> F: 0.43239387955412095
Punto[1.         0.49548174 0.48443406] -> F: 0.4317774130457616
Punto[1.         0.49512585 0.48392474] -> F: 0.4311606218075547
Punto[1.         0.49476997 0.48341543] -> F: 0.43054350583950024
Punto[1.         0.49441408 0.48290611] -> F: 0.4298915822771339
Punto[1.         0.4940582  0.48239679] -> F: 0.4292050099956443
Punto[1.         0.49370231 0.48188748] -> F: 0.42852440348499643
Best centerpoint:  [1.         0.50010825 0.49105517] Best F:  0.43863407661988013 Best u:  [0.30901699 0.37771009 0.87283652] índice:  32
{
  "seed": 2825,
  "n_per_z": 5,
  "nz": 100,
  "nd": 100,
  "n_muestras": 50,
  "best_f": 0.43863407661988013,
  "best_cp": [
    1.0,
    0.500108245393788,
    0.4910551738858048
  ],
  "best_u": [
    0.30901699437494745,
    0.377710089321083,
    0.8728365171167697
  ],
  "n_candidatos": 54
}
