Punto[0.         0.44154293 0.46872652] -> F: 0.13870660765606424
Punto[1.         0.45860352 0.54271171] -> F: 0.4380540229141049
Punto[2.         0.56932474 0.59984625] -> F: 0.15448655871704856
Punto[1.         0.50543384 0.53428638] -> F: 0.4576588461852902
Punto[1.         0.45954013 0.54254321] -> F: 0.4397735000466397
Punto[1.         0.460458   0.54237807] -> F: 0.44146118429858233
Punto[1.         0.46137588 0.54221293] -> F: 0.44315143898367404
Punto[1.         0.46229375 0.5420478 ] -> F: 0.44484426410191485
Punto[1.         0.46321163 0.54188266] -> F: 0.4465396596533045
Punto[1.         0.4641295  0.54171753] -> F: 0.44823762563784353
Punto[1.         0.46504737 0.54155239] -> F: 0.44993816205553133
Punto[1.         0.46596525 0.54138725] -> F: 0.45164126890636813
Punto[1.         0.46688312 0.54122212] -> F: 0.453346946190354
Punto[1.         0.467801   0.54105698] -> F: 0.45505447206557864
Punto[1.         0.46871887 0.54089184] -> F: 0.45676246696107675
Punto[1.         0.46963674 0.54072671] -> F: 0.4584069171866031
Punto[1.         0.47055462 0.54056157] -> F: 0.46001208798414683
Punto[1.         0.47147249 0.54039643] -> F: 0.4616198292148396
Punto[1.         0.47239037 0.5402313 ] -> F: 0.4632301408786813
Punto[1.         0.47330824 0.54006616] -> F: 0.46484302297567215
Punto[1.         0.47422612 0.53990102] -> F: 0.4664584755058121
Punto[1.         0.47514399 0.53973589] -> F: 0.4680764984691009
Punto[1.         0.47606186 0.53957075] -> F: 0.4695742063199334
Punto[1.         0.47697974 0.53940562] -> F: 0.4707967256919357
Punto[1.         0.47789761 0.53924048] -> F: 0.47202010502273983
Punto[1.         0.47881549 0.53907534] -> F: 0.47324434431234547
Punto[1.         0.47973336 0.53891021] -> F: 0.473481712398309
Punto[1.         0.48065123 0.53874507] -> F: 0.4729191308277195
Punto[1.         0.48156911 0.53857993] -> F: 0.47235711153335014
Punto[1.         0.48248698 0.5384148 ] -> F: 0.47179565451520095
Punto[1.         0.48340486 0.53824966] -> F: 0.4712347597732719
Punto[1.         0.48432273 0.53808452] -> F: 0.470674427307563
Punto[1.         0.4852406  0.53791939] -> F: 0.4701146571180742
Punto[1.         0.48615848 0.53775425] -> F: 0.46955322879394945
Punto[1.         0.48707635 0.53758911] -> F: 0.46898536420878
Punto[1.         0.48799423 0.53742398] -> F: 0.46841808062497925
Punto[1.         0.4889121  0.53725884] -> F: 0.46785137804254734
Punto[1.         0.48982998 0.5370937 ] -> F: 0.4672852564614843
Punto[1.         0.49074785 0.53692857] -> F: 0.46671971588179
Punto[1.         0.49166572 0.53676343] -> F: 0.4661547563034646
Punto[1.        0.4925836 0.5365983] -> F: 0.46559037772650796
Punto[1.         0.49350147 0.53643316] -> F: 0.4650265801509202
Punto[1.         0.49441935 0.53626802] -> F: 0.46446336357670126
Punto[1.         0.49533722 0.53610289] -> F: 0.46390072800385107
Punto[1.         0.49625509 0.53593775] -> F: 0.46333867343236984
Punto[1.         0.49717297 0.53577261] -> F: 0.46277018585352386
Punto[1.         0.49809084 0.53560748] -> F: 0.4621998565524319
Punto[1.         0.49900872 0.53544234] -> F: 0.4616301276571519
Punto[1.         0.49992659 0.5352772 ] -> F: 0.46106099950455387
Punto[1.         0.50084446 0.53511207] -> F: 0.460492472094638
Punto[1.         0.50176234 0.53494693] -> F: 0.45992454542740424
Punto[1.         0.50268021 0.53478179] -> F: 0.4593572195028526
Punto[1.         0.50359809 0.53461666] -> F: 0.458790494320983
Punto[1.         0.50451596 0.53445152] -> F: 0.45822436988179555
{
  "seed": 8593,
  "n_per_z": 10,
  "nz": 100,
  "nd": 100,
  "n_muestras": 50,
  "best_f": 0.473481712398309,
  "best_cp": [
    1.0,
    0.47973336003317846,
    0.5389102057199125
  ],
  "best_u": [
    -0.9995065603657316,
    0.029553779154865265,
    -0.010640015203451082
  ],
  "best_index": 26,
  "n_candidatos": 54
}
