Punto[0.         0.35049232 0.58898702] -> F: 0.15794602072688643
Punto[1.         0.50626359 0.52302337] -> F: 0.41889457090577215
Punto[2.         0.65515961 0.41480349] -> F: 0.09512832653747516
Punto[1.         0.50282596 0.50189525] -> F: 0.40689298161449444
Punto[1.         0.50619484 0.52260081] -> F: 0.41954766649458314
Punto[1.         0.50612746 0.5221867 ] -> F: 0.42001857105898244
Punto[1.         0.50606009 0.52177259] -> F: 0.41979526056561306
Punto[1.         0.50599271 0.52135848] -> F: 0.41956103274697865
Punto[1.         0.50592533 0.52094437] -> F: 0.41932419867253523
Punto[1.         0.50585795 0.52053026] -> F: 0.41908742966952794
Punto[1.         0.50579057 0.52011614] -> F: 0.4188507257379569
Punto[1.         0.5057232  0.51970203] -> F: 0.418614086877822
Punto[1.         0.50565582 0.51928792] -> F: 0.41837751308912313
Punto[1.         0.50558844 0.51887381] -> F: 0.41814100437186047
Punto[1.         0.50552106 0.5184597 ] -> F: 0.41790456072603405
Punto[1.         0.50545369 0.51804559] -> F: 0.4176590078227124
Punto[1.         0.50538631 0.51763148] -> F: 0.4174089379056292
Punto[1.         0.50531893 0.51721737] -> F: 0.41715894085916594
Punto[1.         0.50525155 0.51680326] -> F: 0.4169090166833225
Punto[1.         0.50518418 0.51638914] -> F: 0.41665916537809927
Punto[1.         0.5051168  0.51597503] -> F: 0.4164093869434959
Punto[1.         0.50504942 0.51556092] -> F: 0.4161596813795126
Punto[1.         0.50498204 0.51514681] -> F: 0.4159100486861492
Punto[1.         0.50491467 0.5147327 ] -> F: 0.4156537032218868
Punto[1.         0.50484729 0.51431859] -> F: 0.4153903094158399
Punto[1.         0.50477991 0.51390448] -> F: 0.4151269968333262
Punto[1.         0.50471253 0.51349037] -> F: 0.41486376547434606
Punto[1.         0.50464516 0.51307626] -> F: 0.4146006153388991
Punto[1.         0.50457778 0.51266214] -> F: 0.41433754642698545
Punto[1.         0.5045104  0.51224803] -> F: 0.414074558738605
Punto[1.         0.50444302 0.51183392] -> F: 0.4138116522737578
Punto[1.         0.50437565 0.51141981] -> F: 0.41354528816989994
Punto[1.         0.50430827 0.5110057 ] -> F: 0.41326845196487905
Punto[1.         0.50424089 0.51059159] -> F: 0.4129917059320853
Punto[1.         0.50417351 0.51017748] -> F: 0.41271505007151876
Punto[1.         0.50410614 0.50976337] -> F: 0.41243848438317965
Punto[1.         0.50403876 0.50934925] -> F: 0.4121620088670677
Punto[1.         0.50397138 0.50893514] -> F: 0.4118856235231834
Punto[1.         0.503904   0.50852103] -> F: 0.4116093283515262
Punto[1.         0.50383662 0.50810692] -> F: 0.4113331233520965
Punto[1.         0.50376925 0.50769281] -> F: 0.4110435613789405
Punto[1.         0.50370187 0.5072787 ] -> F: 0.4107532317591431
Punto[1.         0.50363449 0.50686459] -> F: 0.4104630019049677
Punto[1.         0.50356711 0.50645048] -> F: 0.4101728718164144
Punto[1.         0.50349974 0.50603637] -> F: 0.4098828414934831
Punto[1.         0.50343236 0.50562225] -> F: 0.4095929109361737
Punto[1.         0.50336498 0.50520814] -> F: 0.4093030801444865
Punto[1.         0.5032976  0.50479403] -> F: 0.4090133491184212
Punto[1.         0.50323023 0.50437992] -> F: 0.40871591755175657
Punto[1.         0.50316285 0.50396581] -> F: 0.4084118197443091
Punto[1.         0.50309547 0.5035517 ] -> F: 0.4081078319973566
Punto[1.         0.50302809 0.50313759] -> F: 0.40780395431089894
Punto[1.         0.50296072 0.50272348] -> F: 0.40750018668493593
Punto[1.         0.50289334 0.50230937] -> F: 0.4071965291194678
Best centerpoint:  [1.         0.50612746 0.5221867 ] Best F:  0.42001857105898244 Best u:  [ 0.21814324  0.77112552 -0.59814627] índice:  2
{
  "seed": 10581,
  "n_per_z": 5,
  "nz": 100,
  "nd": 100,
  "n_muestras": 50,
  "best_f": 0.42001857105898244,
  "best_cp": [
    1.0,
    0.5061274627288593,
    0.5221866996152972
  ],
  "best_u": [
    0.21814324139654234,
    0.7711255211073547,
    -0.5981462671704308
  ],
  "n_candidatos": 54
}
