Punto[0.         0.55564596 0.33115812] -> F: 0.0822637861502206
Punto[1.         0.48352658 0.47668956] -> F: 0.36922295792491533
Punto[2.         0.50677693 0.45244965] -> F: 0.1575654600336661
Punto[1.         0.53121144 0.39180388] -> F: 0.35168477544481197
Punto[1.         0.48448028 0.47499185] -> F: 0.3723167974798932
Punto[1.         0.4854149  0.47332809] -> F: 0.37561445311771197
Punto[1.         0.48634953 0.47166433] -> F: 0.3791751178630681
Punto[1.         0.48728415 0.47000057] -> F: 0.38262019657657687
Punto[1.         0.48821877 0.46833681] -> F: 0.38610581535485106
Punto[1.         0.4891534  0.46667305] -> F: 0.3888736627615225
Punto[1.         0.49008802 0.46500929] -> F: 0.3889000925856841
Punto[1.         0.49102264 0.46334553] -> F: 0.38891814010212256
Punto[1.         0.49195727 0.46168177] -> F: 0.388846776522893
Punto[1.         0.49289189 0.46001801] -> F: 0.3887754177795814
Punto[1.         0.49382651 0.45835425] -> F: 0.3887040638721878
Punto[1.         0.49476113 0.45669049] -> F: 0.38863271480071204
Punto[1.         0.49569576 0.45502673] -> F: 0.3885613705651545
Punto[1.         0.49663038 0.45336298] -> F: 0.38849003116551495
Punto[1.         0.497565   0.45169922] -> F: 0.3884186966017933
Punto[1.         0.49849963 0.45003546] -> F: 0.3883473668739895
Punto[1.         0.49943425 0.4483717 ] -> F: 0.388276041982104
Punto[1.         0.50036887 0.44670794] -> F: 0.38820472192613653
Punto[1.         0.5013035  0.44504418] -> F: 0.3881334067060869
Punto[1.         0.50223812 0.44338042] -> F: 0.38800814001747796
Punto[1.         0.50317274 0.44171666] -> F: 0.3878384080857736
Punto[1.         0.50410737 0.4400529 ] -> F: 0.3876687031472796
Punto[1.         0.50504199 0.43838914] -> F: 0.3872425668317251
Punto[1.         0.50597661 0.43672538] -> F: 0.3861448567694541
Punto[1.         0.50691124 0.43506162] -> F: 0.3850870398509023
Punto[1.         0.50784586 0.43339787] -> F: 0.38406911607606997
Punto[1.         0.50878048 0.43173411] -> F: 0.38309108544495707
Punto[1.         0.50971511 0.43007035] -> F: 0.3821529479575636
Punto[1.         0.51064973 0.42840659] -> F: 0.38125470361388936
Punto[1.         0.51158435 0.42674283] -> F: 0.38039635241393466
Punto[1.         0.51251898 0.42507907] -> F: 0.37957373142896084
Punto[1.         0.5134536  0.42341531] -> F: 0.37842747905649576
Punto[1.         0.51438822 0.42175155] -> F: 0.3770419995791793
Punto[1.         0.51532285 0.42008779] -> F: 0.37564955573348735
Punto[1.         0.51625747 0.41842403] -> F: 0.37425648507318093
Punto[1.         0.51719209 0.41676027] -> F: 0.3728634268630744
Punto[1.         0.51812672 0.41509651] -> F: 0.3714703811031676
Punto[1.         0.51906134 0.41343275] -> F: 0.37007708629007513
Punto[1.         0.51999596 0.411769  ] -> F: 0.3686793664746201
Punto[1.         0.52093059 0.41010524] -> F: 0.3672757441994938
Punto[1.         0.52186521 0.40844148] -> F: 0.3658662421895352
Punto[1.         0.52279983 0.40677772] -> F: 0.36445090957422627
Punto[1.         0.52373446 0.40511396] -> F: 0.36303134050019437
Punto[1.         0.52466908 0.4034502 ] -> F: 0.36161159739150933
Punto[1.         0.5256037  0.40178644] -> F: 0.3601918672164404
Punto[1.         0.52653833 0.40012268] -> F: 0.3587721499749874
Punto[1.         0.52747295 0.39845892] -> F: 0.35735244566715063
Punto[1.         0.52840757 0.39679516] -> F: 0.35593279642211045
Punto[1.         0.52934219 0.3951314 ] -> F: 0.3545146215609203
Punto[1.         0.53027682 0.39346764] -> F: 0.35309861456848735
Best centerpoint:  [1.         0.49102264 0.46334553] Best F:  0.38891814010212256 Best u:  [-0.21814324 -0.84001257 -0.49678205] índice:  8
{
  "seed": 17070,
  "n_per_z": 5,
  "nz": 100,
  "nd": 100,
  "n_muestras": 50,
  "best_f": 0.38891814010212256,
  "best_cp": [
    1.0,
    0.49102264191295986,
    0.46334553089497643
  ],
  "best_u": [
    -0.2181432413965427,
    -0.8400125718582825,
    -0.49678205015181803
  ],
  "n_candidatos": 54
}
