Punto[0.         0.54567192 0.43892413] -> F: 0.16375199445688832
Punto[1.         0.4203338  0.44635758] -> F: 0.4096101612073681
Punto[2.         0.27544544 0.36776624] -> F: 0.1145531274524238
Punto[1.         0.41055868 0.40334518] -> F: 0.413777632758664
Punto[1.         0.4201383  0.44549733] -> F: 0.41070762636548064
Punto[1.         0.4199467  0.44465429] -> F: 0.4117844110141818
Punto[1.         0.41975511 0.44381125] -> F: 0.4128623763964736
Punto[1.         0.41956352 0.4429682 ] -> F: 0.41392902230329043
Punto[1.         0.41937193 0.44212516] -> F: 0.41498988661920605
Punto[1.         0.41918033 0.44128212] -> F: 0.41605192282882875
Punto[1.         0.41898874 0.44043908] -> F: 0.41711513093215835
Punto[1.         0.41879715 0.43959603] -> F: 0.4181795109291951
Punto[1.         0.41860556 0.43875299] -> F: 0.4192450628199389
Punto[1.         0.41841396 0.43790995] -> F: 0.4203117866043897
Punto[1.         0.41822237 0.4370669 ] -> F: 0.42125843463972074
Punto[1.         0.41803078 0.43622386] -> F: 0.42178592351919986
Punto[1.         0.41783919 0.43538082] -> F: 0.4223151581443592
Punto[1.         0.4176476  0.43453777] -> F: 0.4228461385151991
Punto[1.         0.417456   0.43369473] -> F: 0.4233788646317191
Punto[1.         0.41726441 0.43285169] -> F: 0.4239133364939195
Punto[1.         0.41707282 0.43200865] -> F: 0.42441444493150743
Punto[1.         0.41688123 0.4311656 ] -> F: 0.42486799108207834
Punto[1.         0.41668963 0.43032256] -> F: 0.42532417471774475
Punto[1.         0.41649804 0.42947952] -> F: 0.4257829958385066
Punto[1.         0.41630645 0.42863647] -> F: 0.42624445444436415
Punto[1.         0.41611486 0.42779343] -> F: 0.4267085505353173
Punto[1.         0.41592327 0.42695039] -> F: 0.42717528411136596
Punto[1.         0.41573167 0.42610734] -> F: 0.4276446551725102
Punto[1.         0.41554008 0.4252643 ] -> F: 0.42811666371875007
Punto[1.         0.41534849 0.42442126] -> F: 0.4285913097500854
Punto[1.         0.4151569  0.42357822] -> F: 0.42905045715476936
Punto[1.         0.4149653  0.42273517] -> F: 0.42852368723227163
Punto[1.         0.41477371 0.42189213] -> F: 0.42799856655309315
Punto[1.         0.41458212 0.42104909] -> F: 0.4274750951172335
Punto[1.         0.41439053 0.42020604] -> F: 0.426953272924693
Punto[1.         0.41419893 0.419363  ] -> F: 0.4264330999754715
Punto[1.         0.41400734 0.41851996] -> F: 0.42591457626956913
Punto[1.         0.41381575 0.41767691] -> F: 0.4253555722163245
Punto[1.         0.41362416 0.41683387] -> F: 0.4247705702041498
Punto[1.         0.41343257 0.41599083] -> F: 0.42418692240302136
Punto[1.         0.41324097 0.41514779] -> F: 0.42360462881293914
Punto[1.         0.41304938 0.41430474] -> F: 0.4230135938417406
Punto[1.         0.41285779 0.4134617 ] -> F: 0.42241962330464083
Punto[1.         0.4126662  0.41261866] -> F: 0.42182700074413415
Punto[1.         0.4124746  0.41177561] -> F: 0.42123572616022076
Punto[1.         0.41228301 0.41093257] -> F: 0.42050884446123005
Punto[1.         0.41209142 0.41008953] -> F: 0.41976670438546704
Punto[1.         0.41189983 0.40924648] -> F: 0.41902590121852007
Punto[1.         0.41170824 0.40840344] -> F: 0.418276428858153
Punto[1.         0.41151664 0.4075604 ] -> F: 0.4175279838669844
Punto[1.         0.41132505 0.40671736] -> F: 0.4167809415711247
Punto[1.         0.41113346 0.40587431] -> F: 0.4160353019705742
Punto[1.         0.41094187 0.40503127] -> F: 0.4152820800400796
Punto[1.         0.41075027 0.40418823] -> F: 0.4145291141040551
Best centerpoint:  [1.         0.4151569  0.42357822] Best F:  0.42905045715476936 Best u:  [ 0.30901699  0.73280164 -0.60622624] índice:  27
{
  "seed": 18423,
  "n_per_z": 5,
  "nz": 100,
  "nd": 100,
  "n_muestras": 50,
  "best_f": 0.42905045715476936,
  "best_cp": [
    1.0,
    0.41515689604074213,
    0.42357821535869944
  ],
  "best_u": [
    0.3090169943749471,
    0.732801640433624,
    -0.6062262390933467
  ],
  "n_candidatos": 54
}
