Punto[0.         0.50511977 0.50225331] -> F: 0.18106986336654096
Punto[1.         0.4772289  0.55777829] -> F: 0.3626631421908684
Punto[2.         0.44289807 0.4848302 ] -> F: 0.07289246059129423
Punto[1.         0.47400892 0.49354176] -> F: 0.3143144157716227
Punto[1.         0.4771645  0.55649356] -> F: 0.3617855447023041
Punto[1.         0.47710139 0.55523453] -> F: 0.36091423232203534
Punto[1.         0.47703828 0.55397549] -> F: 0.36002799259115803
Punto[1.         0.47697517 0.55271646] -> F: 0.3591435050873541
Punto[1.         0.47691205 0.55145742] -> F: 0.35826076981062355
Punto[1.         0.47684894 0.55019838] -> F: 0.35737978676096666
Punto[1.         0.47678583 0.54893935] -> F: 0.3565005559383833
Punto[1.         0.47672272 0.54768031] -> F: 0.35561066032414423
Punto[1.         0.47665961 0.54642128] -> F: 0.3547046767102945
Punto[1.         0.4765965  0.54516224] -> F: 0.3538005968790566
Punto[1.         0.47653338 0.5439032 ] -> F: 0.3528984208304302
Punto[1.         0.47647027 0.54264417] -> F: 0.3519981485644158
Punto[1.         0.47640716 0.54138513] -> F: 0.351099780081013
Punto[1.         0.47634405 0.54012609] -> F: 0.35019676892507406
Punto[1.         0.47628094 0.53886706] -> F: 0.3492707466045452
Punto[1.         0.47621783 0.53760802] -> F: 0.34834676454862085
Punto[1.         0.47615471 0.53634899] -> F: 0.34742482275730074
Punto[1.         0.4760916  0.53508995] -> F: 0.346504921230585
Punto[1.         0.47602849 0.53383091] -> F: 0.34558705996847344
Punto[1.         0.47596538 0.53257188] -> F: 0.3446712389709662
Punto[1.         0.47590227 0.53131284] -> F: 0.3437270845798446
Punto[1.         0.47583916 0.53005381] -> F: 0.34278265185001583
Punto[1.         0.47577605 0.52879477] -> F: 0.3418404088258514
Punto[1.         0.47571293 0.52753573] -> F: 0.34090035550735126
Punto[1.         0.47564982 0.5262767 ] -> F: 0.33996249189451555
Punto[1.         0.47558671 0.52501766] -> F: 0.33902681798734374
Punto[1.         0.4755236  0.52375863] -> F: 0.3380745088262052
Punto[1.         0.47546049 0.52249959] -> F: 0.3371089408057951
Punto[1.         0.47539738 0.52124055] -> F: 0.3361457270557208
Punto[1.         0.47533426 0.51998152] -> F: 0.3351848675759822
Punto[1.         0.47527115 0.51872248] -> F: 0.3342263623665794
Punto[1.         0.47520804 0.51746344] -> F: 0.3332702114275122
Punto[1.         0.47514493 0.51620441] -> F: 0.3323142768743188
Punto[1.         0.47508182 0.51494537] -> F: 0.33132672462881246
Punto[1.         0.47501871 0.51368634] -> F: 0.3303417090135092
Punto[1.         0.47495559 0.5124273 ] -> F: 0.32935923002840883
Punto[1.         0.47489248 0.51116826] -> F: 0.3283792876735115
Punto[1.         0.47482937 0.50990923] -> F: 0.3274018819488172
Punto[1.         0.47476626 0.50865019] -> F: 0.32642701285432596
Punto[1.         0.47470315 0.50739116] -> F: 0.3254377069813729
Punto[1.         0.47464004 0.50613212] -> F: 0.32442986040337735
Punto[1.         0.47457693 0.50487308] -> F: 0.32342475394664566
Punto[1.         0.47451381 0.50361405] -> F: 0.32242238761117775
Punto[1.         0.4744507  0.50235501] -> F: 0.3214227613969734
Punto[1.         0.47438759 0.50109598] -> F: 0.3204258753040329
Punto[1.         0.47432448 0.49983694] -> F: 0.31943172933235614
Punto[1.         0.47426137 0.4985779 ] -> F: 0.3184125380559136
Punto[1.         0.47419826 0.49731887] -> F: 0.31738355403909185
Punto[1.         0.47413514 0.49605983] -> F: 0.31635753898610275
Punto[1.         0.47407203 0.49480079] -> F: 0.3153344928969465
Best centerpoint:  [1.         0.4772289  0.55777829] Best F:  0.3626631421908684 Best u:  [ 0.48175367 -0.4695486  -0.7398902 ] índice:  1
{
  "seed": 13501,
  "n_per_z": 5,
  "nz": 100,
  "nd": 100,
  "n_muestras": 50,
  "best_f": 0.3626631421908684,
  "best_cp": [
    1.0,
    0.47722889982262406,
    0.557778294705501
  ],
  "best_u": [
    0.48175367410171543,
    -0.46954859978658836,
    -0.7398902012649933
  ],
  "n_candidatos": 54
}
