Punto[0.         0.65626684 0.4875341 ] -> F: 0.14222871404187187
Punto[1.         0.55142063 0.42651812] -> F: 0.4127264353530177
Punto[2.         0.48795709 0.40537862] -> F: 0.11080311949215897
Punto[1.         0.57211197 0.44645636] -> F: 0.40720890136467397
Punto[1.         0.55183446 0.42691688] -> F: 0.4132468948378302
Punto[1.         0.55224001 0.42730767] -> F: 0.4137584352046026
Punto[1.         0.55264556 0.42769846] -> F: 0.414271450591802
Punto[1.         0.55305111 0.42808925] -> F: 0.4146794103239617
Punto[1.         0.55345666 0.42848004] -> F: 0.41506196846854065
Punto[1.         0.55386221 0.42887083] -> F: 0.4154454746982209
Punto[1.         0.55426776 0.42926162] -> F: 0.41582992901300264
Punto[1.         0.55467331 0.42965241] -> F: 0.41621533141288536
Punto[1.         0.55507886 0.4300432 ] -> F: 0.416601681897869
Punto[1.         0.55548441 0.43043399] -> F: 0.4169889804679539
Punto[1.         0.55588996 0.43082478] -> F: 0.41737722712314024
Punto[1.         0.55629551 0.43121557] -> F: 0.41776642186342755
Punto[1.         0.55670106 0.43160636] -> F: 0.41815656468881596
Punto[1.         0.55710661 0.43199715] -> F: 0.4180081097520965
Punto[1.         0.55751216 0.43238793] -> F: 0.41760329267028634
Punto[1.         0.55791771 0.43277872] -> F: 0.41726952723634353
Punto[1.         0.55832326 0.43316951] -> F: 0.41698374536031296
Punto[1.         0.55872881 0.4335603 ] -> F: 0.4166992706138146
Punto[1.         0.55913436 0.43395109] -> F: 0.41641475985619214
Punto[1.         0.55953991 0.43434188] -> F: 0.4161302130874455
Punto[1.         0.55994546 0.43473267] -> F: 0.4158456303075747
Punto[1.         0.56035101 0.43512346] -> F: 0.4155610115165797
Punto[1.         0.56075656 0.43551425] -> F: 0.4152763567144606
Punto[1.         0.56116211 0.43590504] -> F: 0.41499166590121733
Punto[1.         0.56156766 0.43629583] -> F: 0.4147069390768499
Punto[1.         0.56197321 0.43668662] -> F: 0.41442217624135824
Punto[1.         0.56237876 0.43707741] -> F: 0.4141373773947426
Punto[1.         0.56278431 0.4374682 ] -> F: 0.4138525425370028
Punto[1.         0.56318986 0.43785899] -> F: 0.4135676716681387
Punto[1.         0.56359541 0.43824978] -> F: 0.41328276478815046
Punto[1.         0.56400096 0.43864057] -> F: 0.41299782189703815
Punto[1.         0.56440651 0.43903136] -> F: 0.4127128429948018
Punto[1.         0.56481206 0.43942215] -> F: 0.41242782808144113
Punto[1.         0.56521761 0.43981294] -> F: 0.4121427771569563
Punto[1.         0.56562316 0.44020373] -> F: 0.4118576902213472
Punto[1.         0.56602871 0.44059452] -> F: 0.4115725672746143
Punto[1.         0.56643426 0.4409853 ] -> F: 0.4112874083167569
Punto[1.         0.56683981 0.44137609] -> F: 0.41100221334777565
Punto[1.         0.56724537 0.44176688] -> F: 0.41071698236767
Punto[1.         0.56765092 0.44215767] -> F: 0.41043171537644035
Punto[1.         0.56805647 0.44254846] -> F: 0.4101464123740864
Punto[1.         0.56846202 0.44293925] -> F: 0.40986107336060845
Punto[1.         0.56886757 0.44333004] -> F: 0.4095756983360063
Punto[1.         0.56927312 0.44372083] -> F: 0.40929028730028
Punto[1.         0.56967867 0.44411162] -> F: 0.40900484025342937
Punto[1.         0.57008422 0.44450241] -> F: 0.4087193571954549
Punto[1.         0.57048977 0.4448932 ] -> F: 0.4084338381263561
Punto[1.         0.57089532 0.44528399] -> F: 0.4081482830461331
Punto[1.         0.57130087 0.44567478] -> F: 0.40786269195478597
Punto[1.         0.57170642 0.44606557] -> F: 0.4075507077512015
Best centerpoint:  [1.         0.55670106 0.43160636] Best F:  0.41815656468881596 Best u:  [ 0.15643447 -0.97019366  0.18507434] índice:  13
{
  "seed": 10741,
  "n_per_z": 5,
  "nz": 100,
  "nd": 100,
  "n_muestras": 50,
  "best_f": 0.41815656468881596,
  "best_cp": [
    1.0,
    0.5567010611003127,
    0.43160635589282603
  ],
  "best_u": [
    0.15643446504023092,
    -0.9701936646599786,
    0.1850743396617098
  ],
  "n_candidatos": 54
}
