Punto[0.         0.5000217  0.34426152] -> F: 0.09086132713466824
Punto[1.         0.55983126 0.31832975] -> F: 0.43385784254276616
Punto[2.         0.59054088 0.30947746] -> F: 0.08912891235305222
Punto[1.         0.54528129 0.32686949] -> F: 0.41886063285878933
Punto[1.         0.55954026 0.31850054] -> F: 0.43357893480239373
Punto[1.         0.55925508 0.31866792] -> F: 0.4333058792959245
Punto[1.        0.5589699 0.3188353] -> F: 0.43303309510007537
Punto[1.         0.55868472 0.31900268] -> F: 0.4327605822148465
Punto[1.         0.55839955 0.31917006] -> F: 0.43248834064023767
Punto[1.         0.55811437 0.31933743] -> F: 0.432216370376249
Punto[1.         0.55782919 0.31950481] -> F: 0.43194467142288046
Punto[1.         0.55754401 0.31967219] -> F: 0.4316732437801322
Punto[1.         0.55725883 0.31983957] -> F: 0.43140208744800423
Punto[1.         0.55697365 0.32000695] -> F: 0.4311264687678416
Punto[1.         0.55668847 0.32017433] -> F: 0.4308351217364546
Punto[1.         0.55640329 0.32034171] -> F: 0.4305441325243409
Punto[1.         0.55611811 0.32050909] -> F: 0.4302535011315008
Punto[1.         0.55583293 0.32067647] -> F: 0.429963227557934
Punto[1.         0.55554775 0.32084385] -> F: 0.4296733118036406
Punto[1.         0.55526257 0.32101122] -> F: 0.42938375386862065
Punto[1.         0.55497739 0.3211786 ] -> F: 0.42909455375287403
Punto[1.         0.55469221 0.32134598] -> F: 0.4288057114564011
Punto[1.         0.55440703 0.32151336] -> F: 0.42851722697920125
Punto[1.         0.55412185 0.32168074] -> F: 0.4282291003212747
Punto[1.         0.55383668 0.32184812] -> F: 0.427941331482622
Punto[1.        0.5535515 0.3220155] -> F: 0.42765392046324263
Punto[1.         0.55326632 0.32218288] -> F: 0.42736686726313655
Punto[1.         0.55298114 0.32235026] -> F: 0.42708017188230385
Punto[1.         0.55269596 0.32251763] -> F: 0.4267938343207448
Punto[1.         0.55241078 0.32268501] -> F: 0.4265078545784588
Punto[1.         0.5521256  0.32285239] -> F: 0.4262222326554465
Punto[1.         0.55184042 0.32301977] -> F: 0.42593654760883326
Punto[1.         0.55155524 0.32318715] -> F: 0.4256283207208428
Punto[1.         0.55127006 0.32335453] -> F: 0.42532059299550984
Punto[1.         0.55098488 0.32352191] -> F: 0.4250133644328343
Punto[1.         0.5506997  0.32368929] -> F: 0.42470663503281664
Punto[1.         0.55041452 0.32385667] -> F: 0.42440040479545593
Punto[1.         0.55012934 0.32402405] -> F: 0.4240946737207534
Punto[1.         0.54984416 0.32419142] -> F: 0.4237894418087078
Punto[1.         0.54955898 0.3243588 ] -> F: 0.42348470905932006
Punto[1.         0.54927381 0.32452618] -> F: 0.42318047547258975
Punto[1.         0.54898863 0.32469356] -> F: 0.422876741048517
Punto[1.         0.54870345 0.32486094] -> F: 0.4225735057871018
Punto[1.         0.54841827 0.32502832] -> F: 0.422270769688344
Punto[1.         0.54813309 0.3251957 ] -> F: 0.42196853275224394
Punto[1.         0.54784791 0.32536308] -> F: 0.4216667949788012
Punto[1.         0.54756273 0.32553046] -> F: 0.42136555636801615
Punto[1.         0.54727755 0.32569783] -> F: 0.4210648169198886
Punto[1.         0.54699237 0.32586521] -> F: 0.4207645766344185
Punto[1.         0.54670719 0.32603259] -> F: 0.42046483551160596
Punto[1.         0.54642201 0.32619997] -> F: 0.42016360774327627
Punto[1.         0.54613683 0.32636735] -> F: 0.41983670024344383
Punto[1.         0.54585165 0.32653473] -> F: 0.41951056859608493
Punto[1.         0.54556647 0.32670211] -> F: 0.41918521280119997
Best centerpoint:  [1.         0.55983126 0.31832975] Best F:  0.43385784254276616 Best u:  [ 0.18738131 -0.86078488 -0.47322049] índice:  1
{
  "seed": 7233,
  "n_per_z": 5,
  "nz": 100,
  "nd": 100,
  "n_muestras": 50,
  "best_f": 0.43385784254276616,
  "best_cp": [
    1.0,
    0.5598312624058019,
    0.31832974508204526
  ],
  "best_u": [
    0.1873813145857246,
    -0.8607848795354714,
    -0.47322049206181865
  ],
  "n_candidatos": 54
}
