Punto[0.         0.39196301 0.47823574] -> F: 0.12088715134714305
Punto[1.         0.53289697 0.54240333] -> F: 0.4116858597510139
Punto[2.         0.53909575 0.56107149] -> F: 0.12471890333207673
Punto[1.         0.46552938 0.51965361] -> F: 0.428349532020767
Punto[1.         0.53154962 0.54194834] -> F: 0.4139720249758078
Punto[1.         0.53022922 0.54150245] -> F: 0.4162213112201424
Punto[1.         0.52890881 0.54105655] -> F: 0.41847935245190737
Punto[1.         0.52758841 0.54061066] -> F: 0.4207461486711026
Punto[1.         0.526268   0.54016476] -> F: 0.4230216998777286
Punto[1.         0.5249476  0.53971887] -> F: 0.42529465243344866
Punto[1.         0.52362719 0.53927297] -> F: 0.4275509133875604
Punto[1.         0.52230679 0.53882708] -> F: 0.42981514367476764
Punto[1.         0.52098638 0.53838118] -> F: 0.43208734329506987
Punto[1.         0.51966598 0.53793529] -> F: 0.4343675122484677
Punto[1.         0.51834557 0.53748939] -> F: 0.4366554707932297
Punto[1.         0.51702517 0.5370435 ] -> F: 0.43894873979312654
Punto[1.         0.51570476 0.53659761] -> F: 0.441246528173043
Punto[1.         0.51438436 0.53615171] -> F: 0.44354883593297956
Punto[1.         0.51306395 0.53570582] -> F: 0.4456646072698715
Punto[1.         0.51174355 0.53525992] -> F: 0.44770548559173723
Punto[1.         0.51042314 0.53481403] -> F: 0.4497543332466981
Punto[1.         0.50910274 0.53436813] -> F: 0.45181115023475416
Punto[1.         0.50778233 0.53392224] -> F: 0.45387591901084934
Punto[1.         0.50646193 0.53347634] -> F: 0.45594856622168933
Punto[1.         0.50514152 0.53303045] -> F: 0.4580290837613261
Punto[1.         0.50382112 0.53258455] -> F: 0.46011747162976047
Punto[1.         0.50250071 0.53213866] -> F: 0.46221372982699205
Punto[1.         0.50118031 0.53169277] -> F: 0.4643178583530209
Punto[1.         0.49985991 0.53124687] -> F: 0.46506182055282513
Punto[1.         0.4985395  0.53080098] -> F: 0.464023892176971
Punto[1.         0.4972191  0.53035508] -> F: 0.4629879209883244
Punto[1.         0.49589869 0.52990919] -> F: 0.4619539069868855
Punto[1.         0.49457829 0.52946329] -> F: 0.4609218501726543
Punto[1.         0.49325788 0.5290174 ] -> F: 0.4598917505456307
Punto[1.         0.49193748 0.5285715 ] -> F: 0.4588636081058149
Punto[1.         0.49061707 0.52812561] -> F: 0.4578374228532066
Punto[1.         0.48929667 0.52767971] -> F: 0.45681319478780624
Punto[1.         0.48797626 0.52723382] -> F: 0.45579092390961345
Punto[1.         0.48665586 0.52678793] -> F: 0.4547706102186282
Punto[1.         0.48533545 0.52634203] -> F: 0.4537522537148508
Punto[1.         0.48401505 0.52589614] -> F: 0.45273585439828096
Punto[1.         0.48269464 0.52545024] -> F: 0.4517214122689188
Punto[1.         0.48137424 0.52500435] -> F: 0.4507089273267643
Punto[1.         0.48005383 0.52455845] -> F: 0.44941027337298184
Punto[1.         0.47873343 0.52411256] -> F: 0.44808294241615215
Punto[1.         0.47741302 0.52366666] -> F: 0.4470405180203828
Punto[1.         0.47609262 0.52322077] -> F: 0.44609940705403295
Punto[1.         0.47477221 0.52277488] -> F: 0.44515739183363806
Punto[1.         0.47345181 0.52232898] -> F: 0.44380571085549203
Punto[1.         0.4721314  0.52188309] -> F: 0.44127898390103515
Punto[1.         0.470811   0.52143719] -> F: 0.43867914838850525
Punto[1.         0.46949059 0.5209913 ] -> F: 0.43608628544421346
Punto[1.         0.46817019 0.5205454 ] -> F: 0.43350039506815985
Punto[1.         0.46684979 0.52009951] -> F: 0.43092147726034424
{
  "seed": 8873,
  "n_per_z": 10,
  "nz": 100,
  "nd": 100,
  "n_muestras": 50,
  "best_f": 0.46506182055282513,
  "best_cp": [
    1.0,
    0.4998599053728703,
    0.5312468712459341
  ],
  "best_u": [
    -0.9980267284282716,
    -0.05594676255779534,
    -0.028506299340018748
  ],
  "best_index": 28,
  "n_candidatos": 54
}
