Punto[0.         0.39603872 0.51738894] -> F: 0.1498739489003723
Punto[1.         0.47350279 0.53118195] -> F: 0.4196617714752155
Punto[2.         0.44124676 0.50035096] -> F: 0.12514017458417742
Punto[1.         0.41864274 0.50886995] -> F: 0.4395880868693713
Punto[1.         0.47240559 0.53073571] -> F: 0.42111511673018215
Punto[1.         0.47133033 0.53029839] -> F: 0.42254187199802884
Punto[1.         0.47025508 0.52986107] -> F: 0.42397107916448146
Punto[1.         0.46917982 0.52942376] -> F: 0.42540273822953995
Punto[1.         0.46810456 0.52898644] -> F: 0.42683684919320447
Punto[1.         0.46702931 0.52854913] -> F: 0.42827341205547464
Punto[1.         0.46595405 0.52811181] -> F: 0.42971242681635086
Punto[1.         0.46487879 0.5276745 ] -> F: 0.43115389347583305
Punto[1.         0.46380354 0.52723718] -> F: 0.432597812033921
Punto[1.         0.46272828 0.52679987] -> F: 0.434044182490615
Punto[1.         0.46165302 0.52636255] -> F: 0.4354930048459149
Punto[1.         0.46057776 0.52592524] -> F: 0.4369365854699684
Punto[1.         0.45950251 0.52548792] -> F: 0.43838055136664067
Punto[1.         0.45842725 0.52505061] -> F: 0.4398269446837123
Punto[1.         0.45735199 0.52461329] -> F: 0.44127576542118335
Punto[1.         0.45627674 0.52417598] -> F: 0.4427270135790538
Punto[1.         0.45520148 0.52373866] -> F: 0.4441806891573232
Punto[1.         0.45412622 0.52330135] -> F: 0.44563679215599233
Punto[1.         0.45305096 0.52286403] -> F: 0.4470953225750607
Punto[1.         0.45197571 0.52242672] -> F: 0.44855628041452844
Punto[1.         0.45090045 0.5219894 ] -> F: 0.45001966567439544
Punto[1.         0.44982519 0.52155209] -> F: 0.45148547835466174
Punto[1.         0.44874994 0.52111477] -> F: 0.45295371845532734
Punto[1.         0.44767468 0.52067746] -> F: 0.45442438597639234
Punto[1.         0.44659942 0.52024014] -> F: 0.4558974809178566
Punto[1.         0.44552416 0.51980283] -> F: 0.45737300327972047
Punto[1.         0.44444891 0.51936551] -> F: 0.4579764380457032
Punto[1.         0.44337365 0.5189282 ] -> F: 0.4573962641916149
Punto[1.         0.44229839 0.51849088] -> F: 0.45681675697166946
Punto[1.         0.44122314 0.51805357] -> F: 0.45623791638586697
Punto[1.         0.44014788 0.51761625] -> F: 0.45564527615676226
Punto[1.         0.43907262 0.51717894] -> F: 0.4550386214671013
Punto[1.         0.43799737 0.51674162] -> F: 0.45443265276772793
Punto[1.         0.43692211 0.51630431] -> F: 0.45382619012827385
Punto[1.         0.43584685 0.51586699] -> F: 0.4531934321961826
Punto[1.         0.43477159 0.51542968] -> F: 0.4525613811801759
Punto[1.         0.43369634 0.51499236] -> F: 0.45193003708025387
Punto[1.         0.43262108 0.51455505] -> F: 0.451280557569996
Punto[1.         0.43154582 0.51411773] -> F: 0.45061994930443094
Punto[1.         0.43047057 0.51368042] -> F: 0.44976767488345293
Punto[1.         0.42939531 0.5132431 ] -> F: 0.44890725154861755
Punto[1.         0.42832005 0.51280579] -> F: 0.448006943772886
Punto[1.         0.42724479 0.51236847] -> F: 0.4470777353759513
Punto[1.         0.42616954 0.51193116] -> F: 0.4461512024230884
Punto[1.         0.42509428 0.51149384] -> F: 0.4452181705066701
Punto[1.         0.42401902 0.51105653] -> F: 0.4442811730939005
Punto[1.         0.42294377 0.51061921] -> F: 0.44334655084489677
Punto[1.         0.42186851 0.5101819 ] -> F: 0.44240994599018985
Punto[1.         0.42079325 0.50974458] -> F: 0.4414672669465405
Punto[1.         0.419718   0.50930726] -> F: 0.4405266472396009
Best centerpoint:  [1.         0.44444891 0.51936551] Best F:  0.4579764380457032 Best u:  [ 0.36812455 -0.23122601 -0.90056585] índice:  27
{
  "seed": 6788,
  "n_per_z": 5,
  "nz": 100,
  "nd": 100,
  "n_muestras": 50,
  "best_f": 0.4579764380457032,
  "best_cp": [
    1.0,
    0.4444489078294138,
    0.519365512409352
  ],
  "best_u": [
    0.36812455268467775,
    -0.2312260093640844,
    -0.9005658478447126
  ],
  "n_candidatos": 54
}
