Punto[0.         0.51230883 0.62275209] -> F: 0.12034864433154148
Punto[1.         0.54599678 0.54388835] -> F: 0.4214621942387333
Punto[2.         0.49453704 0.40657297] -> F: 0.16136658807644338
Punto[1.         0.50342294 0.51466253] -> F: 0.4360612963692488
Punto[1.         0.5451453  0.54330383] -> F: 0.4231051694858482
Punto[1.         0.54431085 0.542731  ] -> F: 0.4247171123152915
Punto[1.         0.54347641 0.54215818] -> F: 0.42633086377657975
Punto[1.         0.54264196 0.54158535] -> F: 0.42794642386971177
Punto[1.         0.54180751 0.54101253] -> F: 0.42956379259468824
Punto[1.         0.54097306 0.5404397 ] -> F: 0.43118296995150845
Punto[1.         0.54013862 0.53986687] -> F: 0.4328039559401735
Punto[1.         0.53930417 0.53929405] -> F: 0.43442675056068264
Punto[1.         0.53846972 0.53872122] -> F: 0.436051353813036
Punto[1.         0.53763528 0.5381484 ] -> F: 0.4376777656972336
Punto[1.         0.53680083 0.53757557] -> F: 0.43930598621327527
Punto[1.         0.53596638 0.53700274] -> F: 0.4409358385013075
Punto[1.         0.53513193 0.53642992] -> F: 0.4425526323378697
Punto[1.         0.53429749 0.53585709] -> F: 0.44417121158593204
Punto[1.         0.53346304 0.53528427] -> F: 0.445791576245495
Punto[1.         0.53262859 0.53471144] -> F: 0.44741372631655807
Punto[1.         0.53179414 0.53413862] -> F: 0.447220787025746
Punto[1.         0.5309597  0.53356579] -> F: 0.4469367845517217
Punto[1.         0.53012525 0.53299296] -> F: 0.44664137641353935
Punto[1.         0.5292908  0.53242014] -> F: 0.4463438711827877
Punto[1.         0.52845635 0.53184731] -> F: 0.44604647235494377
Punto[1.         0.52762191 0.53127449] -> F: 0.44574917993000723
Punto[1.         0.52678746 0.53070166] -> F: 0.44545199390797846
Punto[1.         0.52595301 0.53012883] -> F: 0.4451549142888573
Punto[1.         0.52511857 0.52955601] -> F: 0.4448516080434481
Punto[1.         0.52428412 0.52898318] -> F: 0.4445413736589114
Punto[1.         0.52344967 0.52841036] -> F: 0.4442312554790786
Punto[1.         0.52261522 0.52783753] -> F: 0.4439212535039496
Punto[1.         0.52178078 0.5272647 ] -> F: 0.4436113677335244
Punto[1.         0.52094633 0.52669188] -> F: 0.4433015981678032
Punto[1.         0.52011188 0.52611905] -> F: 0.4429830579397068
Punto[1.         0.51927743 0.52554623] -> F: 0.44266114187508393
Punto[1.         0.51844299 0.5249734 ] -> F: 0.4423393015610946
Punto[1.         0.51760854 0.52440057] -> F: 0.4420175369977385
Punto[1.         0.51677409 0.52382775] -> F: 0.44169007811671446
Punto[1.         0.51593964 0.52325492] -> F: 0.44135694710345974
Punto[1.        0.5151052 0.5226821] -> F: 0.44102389736509257
Punto[1.         0.51427075 0.52210927] -> F: 0.4406909289016126
Punto[1.         0.5134363  0.52153644] -> F: 0.44035120891071616
Punto[1.         0.51260186 0.52096362] -> F: 0.4400071712942047
Punto[1.         0.51176741 0.52039079] -> F: 0.4396632205325488
Punto[1.         0.51093296 0.51981797] -> F: 0.43931935662574845
Punto[1.         0.51009851 0.51924514] -> F: 0.4389666311293113
Punto[1.         0.50926407 0.51867231] -> F: 0.43861196346875375
Punto[1.         0.50842962 0.51809949] -> F: 0.4382573883019091
Punto[1.         0.50759517 0.51752666] -> F: 0.4379017236065511
Punto[1.         0.50676072 0.51695384] -> F: 0.43753657494273535
Punto[1.         0.50592628 0.51638101] -> F: 0.437171524474623
Punto[1.         0.50509183 0.51580818] -> F: 0.4368065722022142
Punto[1.         0.50425738 0.51523536] -> F: 0.43643661359014324
{
  "seed": 7618,
  "n_per_z": 10,
  "nz": 100,
  "nd": 100,
  "n_muestras": 50,
  "best_f": 0.44741372631655807,
  "best_cp": [
    1.0,
    0.5326285913331763,
    0.5347114410716663
  ],
  "best_u": [
    0.06279051952931353,
    0.7885958219525107,
    0.6116976215878912
  ],
  "best_index": 19,
  "n_candidatos": 54
}
