Punto[0.         0.46865558 0.43757525] -> F: 0.0
Punto[1.         0.55603545 0.53557608] -> F: 0.16494159838699593
Punto[2.         0.46199884 0.51829271] -> F: 0.16740924746623914
Punto[1.         0.46532721 0.47793398] -> F: 0.16494159838699593
Punto[1.         0.55422129 0.53442323] -> F: 0.16494159838699593
Punto[1.         0.55244341 0.53329345] -> F: 0.16494159838699593
Punto[1.         0.55066553 0.53216366] -> F: 0.16494159838699593
Punto[1.         0.54888765 0.53103388] -> F: 0.16494159838699593
Punto[1.         0.54710976 0.52990409] -> F: 0.16494159838699593
Punto[1.         0.54533188 0.52877431] -> F: 0.16494159838699593
Punto[1.         0.543554   0.52764452] -> F: 0.16494159838699593
Punto[1.         0.54177612 0.52651474] -> F: 0.16494159838699593
Punto[1.         0.53999824 0.52538495] -> F: 0.16494159838699593
Punto[1.         0.53822036 0.52425517] -> F: 0.16494159838699593
Punto[1.         0.53644247 0.52312538] -> F: 0.16494159838699593
Punto[1.         0.53466459 0.5219956 ] -> F: 0.16494159838699593
Punto[1.         0.53288671 0.52086581] -> F: 0.16494159838699593
Punto[1.         0.53110883 0.51973603] -> F: 0.16494159838699593
Punto[1.         0.52933095 0.51860624] -> F: 0.16494159838699593
Punto[1.         0.52755307 0.51747646] -> F: 0.16494159838699593
Punto[1.         0.52577518 0.51634667] -> F: 0.16494159838699593
Punto[1.         0.5239973  0.51521689] -> F: 0.16494159838699593
Punto[1.         0.52221942 0.5140871 ] -> F: 0.16494159838699593
Punto[1.         0.52044154 0.51295732] -> F: 0.16494159838699593
Punto[1.         0.51866366 0.51182753] -> F: 0.16494159838699593
Punto[1.         0.51688578 0.51069775] -> F: 0.16494159838699593
Punto[1.         0.51510789 0.50956796] -> F: 0.16494159838699593
Punto[1.         0.51333001 0.50843818] -> F: 0.16494159838699593
Punto[1.         0.51155213 0.50730839] -> F: 0.16494159838699593
Punto[1.         0.50977425 0.50617861] -> F: 0.16494159838699593
Punto[1.         0.50799637 0.50504882] -> F: 0.16494159838699593
Punto[1.         0.50621849 0.50391904] -> F: 0.16494159838699593
Punto[1.         0.5044406  0.50278925] -> F: 0.16494159838699593
Punto[1.         0.50266272 0.50165947] -> F: 0.16494159838699593
Punto[1.         0.50088484 0.50052968] -> F: 0.16494159838699593
Punto[1.         0.49910696 0.4993999 ] -> F: 0.16494159838699593
Punto[1.         0.49732908 0.49827011] -> F: 0.16494159838699593
Punto[1.         0.4955512  0.49714033] -> F: 0.16494159838699593
Punto[1.         0.49377331 0.49601054] -> F: 0.16494159838699593
Punto[1.         0.49199543 0.49488076] -> F: 0.16494159838699593
Punto[1.         0.49021755 0.49375097] -> F: 0.16494159838699593
Punto[1.         0.48843967 0.49262119] -> F: 0.16494159838699593
Punto[1.         0.48666179 0.4914914 ] -> F: 0.16494159838699593
Punto[1.         0.48488391 0.49036162] -> F: 0.16494159838699593
Punto[1.         0.48310603 0.48923183] -> F: 0.16494159838699593
Punto[1.         0.48132814 0.48810205] -> F: 0.16494159838699593
Punto[1.         0.47955026 0.48697226] -> F: 0.16494159838699593
Punto[1.         0.47777238 0.48584248] -> F: 0.16494159838699593
Punto[1.         0.4759945  0.48471269] -> F: 0.16494159838699593
Punto[1.         0.47421662 0.48358291] -> F: 0.16494159838699593
Punto[1.         0.47243874 0.48245312] -> F: 0.16494159838699593
Punto[1.         0.47066085 0.48132334] -> F: 0.16494159838699593
Punto[1.         0.46888297 0.48019355] -> F: 0.16494159838699593
Punto[1.         0.46710509 0.47906377] -> F: 0.16494159838699593
Best centerpoint:  [2.         0.46199884 0.51829271] Best F:  0.16740924746623914 Best u:  [ 0.99950656 -0.01513225  0.02752546] índice:  2
{
  "seed": 98,
  "n_per_z": 5,
  "nz": 100,
  "nd": 100,
  "n_muestras": 50,
  "best_f": 0.16740924746623914,
  "best_cp": [
    2.0,
    0.4619988357698497,
    0.518292712764104
  ],
  "best_u": [
    0.9995065603657316,
    -0.015132248592212117,
    0.02752545800541225
  ],
  "n_candidatos": 54
}
