Punto[0.         0.63919596 0.52473746] -> F: 0.16143926940491024
Punto[1.         0.52109935 0.50970998] -> F: 0.3366115581830282
Punto[2.         0.50136327 0.32935099] -> F: 0.08762391868234565
Punto[1.         0.57027962 0.42704422] -> F: 0.3605312720844992
Punto[1.         0.52208296 0.50805667] -> F: 0.3392593658844021
Punto[1.         0.52304689 0.50643642] -> F: 0.3418795553823897
Punto[1.         0.52401082 0.50481617] -> F: 0.3445246643884091
Punto[1.         0.52497476 0.50319592] -> F: 0.34719368537315837
Punto[1.         0.52593869 0.50157567] -> F: 0.3498864448781509
Punto[1.         0.52690262 0.49995542] -> F: 0.3526029429033867
Punto[1.         0.52786655 0.49833517] -> F: 0.3553431794488658
Punto[1.         0.52883049 0.49671492] -> F: 0.35810715451458786
Punto[1.         0.52979442 0.49509467] -> F: 0.3608948681005536
Punto[1.         0.53075835 0.49347443] -> F: 0.3636925165348743
Punto[1.         0.53172229 0.49185418] -> F: 0.36650617650486683
Punto[1.         0.53268622 0.49023393] -> F: 0.36934365141956366
Punto[1.         0.53365015 0.48861368] -> F: 0.3722042423007887
Punto[1.         0.53461409 0.48699343] -> F: 0.3748451960443712
Punto[1.         0.53557802 0.48537318] -> F: 0.37744189556069435
Punto[1.         0.53654195 0.48375293] -> F: 0.38005173855976193
Punto[1.         0.53750589 0.48213268] -> F: 0.38268532007907263
Punto[1.         0.53846982 0.48051244] -> F: 0.3853426401186269
Punto[1.         0.53943375 0.47889219] -> F: 0.3880236986784244
Punto[1.         0.54039769 0.47727194] -> F: 0.38940496109612804
Punto[1.         0.54136162 0.47565169] -> F: 0.3884928539339685
Punto[1.         0.54232555 0.47403144] -> F: 0.38758217345545537
Punto[1.         0.54328949 0.47241119] -> F: 0.3866729196605887
Punto[1.         0.54425342 0.47079094] -> F: 0.3857650925493686
Punto[1.         0.54521735 0.46917069] -> F: 0.3848586921217949
Punto[1.         0.54618129 0.46755044] -> F: 0.3839376712430944
Punto[1.         0.54714522 0.4659302 ] -> F: 0.38301733909689617
Punto[1.         0.54810915 0.46430995] -> F: 0.38209848725983764
Punto[1.         0.54907309 0.4626897 ] -> F: 0.38118111573191893
Punto[1.         0.55003702 0.46106945] -> F: 0.38026522451313993
Punto[1.         0.55100095 0.4594492 ] -> F: 0.3793406145102059
Punto[1.         0.55196489 0.45782895] -> F: 0.37841126529265817
Punto[1.         0.55292882 0.4562087 ] -> F: 0.3774834502086955
Punto[1.         0.55389275 0.45458845] -> F: 0.37655716925831795
Punto[1.         0.55485669 0.45296821] -> F: 0.37563242244152545
Punto[1.         0.55582062 0.45134796] -> F: 0.3747013149800336
Punto[1.         0.55678455 0.44972771] -> F: 0.373763545893521
Punto[1.         0.55774849 0.44810746] -> F: 0.37282736506502734
Punto[1.         0.55871242 0.44648721] -> F: 0.3718927724945526
Punto[1.         0.55967635 0.44486696] -> F: 0.37095976818209697
Punto[1.         0.56064028 0.44324671] -> F: 0.3700197718316454
Punto[1.         0.56160422 0.44162646] -> F: 0.36907414586935755
Punto[1.         0.56256815 0.44000621] -> F: 0.36813016269342896
Punto[1.         0.56353208 0.43838597] -> F: 0.3671878223038598
Punto[1.         0.56449602 0.43676572] -> F: 0.3662471247006499
Punto[1.         0.56545995 0.43514547] -> F: 0.3652962626641156
Punto[1.         0.56642388 0.43352522] -> F: 0.3643433114086863
Punto[1.         0.56738782 0.43190497] -> F: 0.3633920579794011
Punto[1.         0.56835175 0.43028472] -> F: 0.3624425023762601
Punto[1.         0.56931568 0.42866447] -> F: 0.361492799483669
Best centerpoint:  [1.         0.54039769 0.47727194] Best F:  0.38940496109612804 Best u:  [ 0.33873792 -0.23398753 -0.91132127] índice:  20
{
  "seed": 8117,
  "n_per_z": 5,
  "nz": 100,
  "nd": 100,
  "n_muestras": 50,
  "best_f": 0.38940496109612804,
  "best_cp": [
    1.0,
    0.5403976869467272,
    0.4772719375374315
  ],
  "best_u": [
    0.33873792024529137,
    -0.2339875322668081,
    -0.9113212694388209
  ],
  "n_candidatos": 54
}
