Punto[0.         0.5083518  0.37996659] -> F: 0.11840100408179614
Punto[1.         0.52935897 0.46298397] -> F: 0.40803312688486276
Punto[2.         0.61687429 0.53776704] -> F: 0.1719342699593339
Punto[1.         0.56261305 0.45886682] -> F: 0.406491890248237
Punto[1.         0.53002405 0.46290162] -> F: 0.4089480246459771
Punto[1.         0.53067583 0.46282093] -> F: 0.4098462606659815
Punto[1.         0.53132761 0.46274023] -> F: 0.41074337305794556
Punto[1.         0.53197939 0.46265954] -> F: 0.4116378313444493
Punto[1.         0.53263117 0.46257884] -> F: 0.41253369833541836
Punto[1.         0.53328295 0.46249814] -> F: 0.41335707053380893
Punto[1.         0.53393473 0.46241745] -> F: 0.41416084915410384
Punto[1.         0.53458651 0.46233675] -> F: 0.4149662474610957
Punto[1.         0.53523829 0.46225605] -> F: 0.4157732654547846
Punto[1.         0.53589007 0.46217536] -> F: 0.4165819031351706
Punto[1.         0.53654185 0.46209466] -> F: 0.41739216050225336
Punto[1.         0.53719363 0.46201397] -> F: 0.4182040375560329
Punto[1.         0.53784541 0.46193327] -> F: 0.4190175342965098
Punto[1.         0.53849719 0.46185257] -> F: 0.4198326507236837
Punto[1.         0.53914897 0.46177188] -> F: 0.4206493868375544
Punto[1.         0.53980075 0.46169118] -> F: 0.421467742638122
Punto[1.         0.54045253 0.46161049] -> F: 0.4222877181253868
Punto[1.         0.54110431 0.46152979] -> F: 0.42310931329934826
Punto[1.         0.54175609 0.46144909] -> F: 0.4239325281600068
Punto[1.         0.54240787 0.4613684 ] -> F: 0.42475736270736253
Punto[1.         0.54305965 0.4612877 ] -> F: 0.4255838169414151
Punto[1.         0.54371143 0.461207  ] -> F: 0.4251759207247731
Punto[1.         0.54436321 0.46112631] -> F: 0.424568022609577
Punto[1.         0.54501499 0.46104561] -> F: 0.4239465592794933
Punto[1.         0.54566677 0.46096492] -> F: 0.4233249177769234
Punto[1.         0.54631855 0.46088422] -> F: 0.4227042159853635
Punto[1.         0.54697033 0.46080352] -> F: 0.4220844539048137
Punto[1.         0.54762211 0.46072283] -> F: 0.4214656315352738
Punto[1.         0.54827389 0.46064213] -> F: 0.4208439641015137
Punto[1.         0.54892567 0.46056144] -> F: 0.420210973423801
Punto[1.         0.54957745 0.46048074] -> F: 0.419578935157037
Punto[1.         0.55022923 0.46040004] -> F: 0.41894784930122164
Punto[1.         0.55088101 0.46031935] -> F: 0.4183177158563546
Punto[1.         0.55153279 0.46023865] -> F: 0.4176885348224364
Punto[1.         0.55218457 0.46015795] -> F: 0.41705570981902995
Punto[1.         0.55283635 0.46007726] -> F: 0.4164118594731539
Punto[1.         0.55348813 0.45999656] -> F: 0.41576904802814246
Punto[1.         0.55413991 0.45991587] -> F: 0.41512727705773056
Punto[1.         0.55479169 0.45983517] -> F: 0.414486546561918
Punto[1.         0.55544347 0.45975447] -> F: 0.41384685654070513
Punto[1.         0.55609525 0.45967378] -> F: 0.4132082069940921
Punto[1.         0.55674703 0.45959308] -> F: 0.41257059792207856
Punto[1.         0.55739881 0.45951239] -> F: 0.411920030242034
Punto[1.         0.55805059 0.45943169] -> F: 0.4112424418836666
Punto[1.         0.55870237 0.45935099] -> F: 0.4105657932363093
Punto[1.         0.55935415 0.4592703 ] -> F: 0.409890084299962
Punto[1.         0.56000593 0.4591896 ] -> F: 0.40921531507462466
Punto[1.         0.56065771 0.4591089 ] -> F: 0.4085414855602973
Punto[1.         0.56130949 0.45902821] -> F: 0.40786751380474096
Punto[1.         0.56196127 0.45894751] -> F: 0.4071792258210146
{
  "seed": 2,
  "n_per_z": 10,
  "nz": 100,
  "nd": 100,
  "n_muestras": 50,
  "best_f": 0.4255838169414151,
  "best_cp": [
    1.0,
    0.5430596502822033,
    0.46128770051764534
  ],
  "best_u": [
    -0.21814324139654234,
    -0.9182213134082464,
    0.3305800142716504
  ],
  "best_index": 24,
  "n_candidatos": 54
}
