Punto[0.         0.83712884 0.36829341] -> F: 0.06726536967113181
Punto[1.         0.59895727 0.52152061] -> F: 0.3327191703019298
Punto[2.         0.56634693 0.53102575] -> F: 0.11445791844023291
Punto[1.         0.70173788 0.44965958] -> F: 0.3063445511729583
Punto[1.         0.60101289 0.52008339] -> F: 0.33709595482009247
Punto[1.         0.60302739 0.51867491] -> F: 0.34143571439129605
Punto[1.         0.60504189 0.51726643] -> F: 0.34577195189405785
Punto[1.         0.60705639 0.51585796] -> F: 0.3501536533438509
Punto[1.         0.60907089 0.51444948] -> F: 0.3543364346624663
Punto[1.         0.61108539 0.51304101] -> F: 0.35821671805552385
Punto[1.         0.61309989 0.51163253] -> F: 0.3617599534579685
Punto[1.         0.61511439 0.51022405] -> F: 0.36511804558784855
Punto[1.         0.61712889 0.50881558] -> F: 0.37055605848154394
Punto[1.         0.61914339 0.5074071 ] -> F: 0.37521801572477986
Punto[1.         0.62115789 0.50599863] -> F: 0.3790982024543361
Punto[1.         0.62317239 0.50459015] -> F: 0.38300860899741385
Punto[1.         0.62518689 0.50318167] -> F: 0.3866601416302376
Punto[1.         0.62720139 0.5017732 ] -> F: 0.39036161961335525
Punto[1.         0.62921589 0.50036472] -> F: 0.3941705685290679
Punto[1.         0.63123039 0.49895624] -> F: 0.39753790167800257
Punto[1.         0.63324489 0.49754777] -> F: 0.400976566208978
Punto[1.         0.63525939 0.49613929] -> F: 0.40461942881842133
Punto[1.         0.63727389 0.49473082] -> F: 0.4051468909357581
Punto[1.         0.63928839 0.49332234] -> F: 0.4026580711768538
Punto[1.         0.64130289 0.49191386] -> F: 0.39994598596888986
Punto[1.         0.64331739 0.49050539] -> F: 0.397270182088601
Punto[1.         0.64533189 0.48909691] -> F: 0.39467559421345677
Punto[1.         0.64734639 0.48768843] -> F: 0.3919105292846129
Punto[1.         0.64936089 0.48627996] -> F: 0.38904508994180154
Punto[1.         0.65137539 0.48487148] -> F: 0.38641740670880226
Punto[1.         0.65338989 0.48346301] -> F: 0.383574465114203
Punto[1.         0.65540439 0.48205453] -> F: 0.38047896820261473
Punto[1.         0.65741889 0.48064605] -> F: 0.3775185679709183
Punto[1.         0.65943339 0.47923758] -> F: 0.37469326441911366
Punto[1.         0.66144789 0.4778291 ] -> F: 0.37200305754720103
Punto[1.         0.66346239 0.47642062] -> F: 0.3693994073429172
Punto[1.         0.66547689 0.47501215] -> F: 0.36646202160607594
Punto[1.         0.66749139 0.47360367] -> F: 0.3635829060693381
Punto[1.         0.66950589 0.4721952 ] -> F: 0.35984438938089025
Punto[1.         0.67152039 0.47078672] -> F: 0.356053547961152
Punto[1.         0.67353489 0.46937824] -> F: 0.3526398586166175
Punto[1.         0.67554939 0.46796977] -> F: 0.34960332134728717
Punto[1.         0.67756389 0.46656129] -> F: 0.34685064646190744
Punto[1.         0.67957839 0.46515281] -> F: 0.3441131682251676
Punto[1.         0.68159289 0.46374434] -> F: 0.3411305270308038
Punto[1.         0.68360739 0.46233586] -> F: 0.3380350444818993
Punto[1.         0.68562189 0.46092739] -> F: 0.3350746586128867
Punto[1.         0.68763639 0.45951891] -> F: 0.33224936942376593
Punto[1.         0.68965089 0.45811043] -> F: 0.32953623500259654
Punto[1.         0.69166539 0.45670196] -> F: 0.3261542479042459
Punto[1.         0.69367989 0.45529348] -> F: 0.3214380044075803
Punto[1.         0.69569439 0.453885  ] -> F: 0.3170989129861186
Punto[1.         0.69770889 0.45247653] -> F: 0.31313697363986104
Punto[1.         0.69972339 0.45106805] -> F: 0.3095521863688078
Best centerpoint:  [1.         0.63727389 0.49473082] Best F:  0.4051468909357581 Best u:  [-0.09410831  0.55958883 -0.82340996] índice:  19
{
  "seed": 5952,
  "n_per_z": 5,
  "nz": 100,
  "nd": 100,
  "n_muestras": 50,
  "best_f": 0.4051468909357581,
  "best_cp": [
    1.0,
    0.6372738861274714,
    0.49473081528854085
  ],
  "best_u": [
    -0.09410831331851428,
    0.5595888319252026,
    -0.8234099614098263
  ],
  "n_candidatos": 54
}
