Punto[0.         0.51963277 0.39528763] -> F: 0.16506122109625673
Punto[1.         0.4466901  0.47982406] -> F: 0.3413286247906864
Punto[2.         0.41110387 0.36412066] -> F: 0.04409588155884961
Punto[1.         0.46536832 0.37970415] -> F: 0.2701112371278334
Punto[1.         0.44706367 0.47782166] -> F: 0.3457399449042227
Punto[1.         0.44742976 0.47585931] -> F: 0.35008771196585037
Punto[1.         0.44779585 0.47389696] -> F: 0.3493879341033829
Punto[1.         0.44816195 0.47193461] -> F: 0.3478177221848487
Punto[1.         0.44852804 0.46997226] -> F: 0.34625131295700146
Punto[1.         0.44889413 0.46800991] -> F: 0.3446463464034813
Punto[1.         0.44926023 0.46604756] -> F: 0.3430320956621806
Punto[1.         0.44962632 0.46408521] -> F: 0.34142192384264913
Punto[1.         0.44999241 0.46212286] -> F: 0.3398158309448873
Punto[1.         0.45035851 0.46016051] -> F: 0.3382138169688948
Punto[1.         0.4507246  0.45819816] -> F: 0.33661588191467173
Punto[1.         0.45109069 0.45623581] -> F: 0.33502202578221824
Punto[1.         0.45145678 0.45427346] -> F: 0.3334322485715339
Punto[1.         0.45182288 0.45231111] -> F: 0.33181130014447174
Punto[1.         0.45218897 0.45034876] -> F: 0.33017363089130497
Punto[1.         0.45255506 0.44838641] -> F: 0.3285403356856495
Punto[1.         0.45292116 0.44642406] -> F: 0.3269114145275052
Punto[1.         0.45328725 0.44446171] -> F: 0.32528686741687207
Punto[1.         0.45365334 0.44249936] -> F: 0.3236666943537501
Punto[1.         0.45401944 0.44053701] -> F: 0.32205089533813946
Punto[1.         0.45438553 0.43857465] -> F: 0.32043947037003984
Punto[1.         0.45475162 0.4366123 ] -> F: 0.31879076466583367
Punto[1.         0.45511771 0.43464995] -> F: 0.31713130085806956
Punto[1.         0.45548381 0.4326876 ] -> F: 0.31547652767631496
Punto[1.         0.4558499  0.43072525] -> F: 0.31382644512057
Punto[1.         0.45621599 0.4287629 ] -> F: 0.31218105319083456
Punto[1.         0.45658209 0.42680055] -> F: 0.31054035188710877
Punto[1.         0.45694818 0.4248382 ] -> F: 0.3089043412093926
Punto[1.         0.45731427 0.42287585] -> F: 0.3072703044183019
Punto[1.         0.45768037 0.4209135 ] -> F: 0.3055856702466251
Punto[1.         0.45804646 0.41895115] -> F: 0.3039060677626717
Punto[1.         0.45841255 0.4169888 ] -> F: 0.30223149696644186
Punto[1.         0.45877864 0.41502645] -> F: 0.30056195785793527
Punto[1.         0.45914474 0.4130641 ] -> F: 0.2988974504371523
Punto[1.         0.45951083 0.41110175] -> F: 0.2972379747040928
Punto[1.         0.45987692 0.4091394 ] -> F: 0.2955835306587566
Punto[1.         0.46024302 0.40717705] -> F: 0.2939012922776547
Punto[1.         0.46060911 0.4052147 ] -> F: 0.2921978551146075
Punto[1.         0.4609752  0.40325235] -> F: 0.2904998188008652
Punto[1.        0.4613413 0.40129  ] -> F: 0.2888071833364276
Punto[1.         0.46170739 0.39932765] -> F: 0.2871199487212947
Punto[1.         0.46207348 0.3973653 ] -> F: 0.2854381149554665
Punto[1.         0.46243957 0.39540295] -> F: 0.2837616820389431
Punto[1.         0.46280567 0.3934406 ] -> F: 0.2820767531015448
Punto[1.         0.46317176 0.39147825] -> F: 0.2803504520075526
Punto[1.         0.46353785 0.3895159 ] -> F: 0.2786299533758993
Punto[1.         0.46390395 0.38755355] -> F: 0.276915257206585
Punto[1.         0.46427004 0.3855912 ] -> F: 0.27520636349960936
Punto[1.         0.46463613 0.38362885] -> F: 0.27350327225497273
Punto[1.         0.46500223 0.3816665 ] -> F: 0.2718059834726751
Best centerpoint:  [1.         0.44742976 0.47585931] Best F:  0.35008771196585037 Best u:  [ 0.09410831 -0.50678227  0.85692202] índice:  2
{
  "seed": 6820,
  "n_per_z": 5,
  "nz": 100,
  "nd": 100,
  "n_muestras": 50,
  "best_f": 0.35008771196585037,
  "best_cp": [
    1.0,
    0.44742976118998734,
    0.4758593101637814
  ],
  "best_u": [
    0.09410831331851428,
    -0.5067822719287729,
    0.8569220234204835
  ],
  "n_candidatos": 54
}
