Punto[0.         0.55598433 0.60926535] -> F: 0.14257226915569815
Punto[1.         0.49797567 0.51228193] -> F: 0.39947631880227424
Punto[2.         0.54828912 0.50778123] -> F: 0.1243354532203384
Punto[1.         0.55213672 0.55852329] -> F: 0.42292857705906634
Punto[1.         0.49905889 0.51320675] -> F: 0.4014083845093879
Punto[1.         0.50012045 0.51411309] -> F: 0.40331016705575484
Punto[1.         0.501182   0.51501942] -> F: 0.4052202233297252
Punto[1.         0.50224356 0.51592575] -> F: 0.40713855333129906
Punto[1.         0.50330512 0.51683208] -> F: 0.40906515706047597
Punto[1.         0.50436667 0.51773841] -> F: 0.41100003451725686
Punto[1.         0.50542823 0.51864474] -> F: 0.412943185701641
Punto[1.         0.50648979 0.51955107] -> F: 0.4148946106136283
Punto[1.         0.50755134 0.5204574 ] -> F: 0.41685430925321965
Punto[1.         0.5086129  0.52136373] -> F: 0.41882228162041407
Punto[1.         0.50967446 0.52227006] -> F: 0.42079852771521203
Punto[1.         0.51073601 0.52317639] -> F: 0.42278304753761325
Punto[1.         0.51179757 0.52408272] -> F: 0.4247758410876182
Punto[1.         0.51285913 0.52498905] -> F: 0.42677690836522647
Punto[1.         0.51392068 0.52589538] -> F: 0.42878624937043835
Punto[1.         0.51498224 0.52680171] -> F: 0.43080386410325344
Punto[1.         0.5160438  0.52770805] -> F: 0.4327677942519727
Punto[1.         0.51710535 0.52861438] -> F: 0.43463617490230433
Punto[1.         0.51816691 0.52952071] -> F: 0.4365134178437089
Punto[1.         0.51922847 0.53042704] -> F: 0.4383995230761867
Punto[1.         0.52029002 0.53133337] -> F: 0.44029449059973746
Punto[1.         0.52135158 0.5322397 ] -> F: 0.4421983204143614
Punto[1.         0.52241314 0.53314603] -> F: 0.444110977791263
Punto[1.         0.52347469 0.53405236] -> F: 0.446032402156885
Punto[1.         0.52453625 0.53495869] -> F: 0.4479625924094492
Punto[1.         0.52559781 0.53586502] -> F: 0.44990154854895525
Punto[1.         0.52665936 0.53677135] -> F: 0.4502092231052954
Punto[1.         0.52772092 0.53767768] -> F: 0.4493602526005584
Punto[1.         0.52878248 0.53858401] -> F: 0.4485124751480908
Punto[1.         0.52984403 0.53949034] -> F: 0.4476658907478927
Punto[1.         0.53090559 0.54039668] -> F: 0.4468204993999637
Punto[1.         0.53196715 0.54130301] -> F: 0.4459763011043042
Punto[1.         0.5330287  0.54220934] -> F: 0.4451332958609139
Punto[1.         0.53409026 0.54311567] -> F: 0.4442914836697931
Punto[1.         0.53515182 0.544022  ] -> F: 0.4432568764816755
Punto[1.         0.53621337 0.54492833] -> F: 0.4419914164075087
Punto[1.         0.53727493 0.54583466] -> F: 0.4407343837744347
Punto[1.         0.53833649 0.54674099] -> F: 0.43948605676750263
Punto[1.         0.53939804 0.54764732] -> F: 0.4382431999351761
Punto[1.         0.5404596  0.54855365] -> F: 0.43700645402961025
Punto[1.         0.54152116 0.54945998] -> F: 0.4357830653291032
Punto[1.         0.54258271 0.55036631] -> F: 0.43457303383365464
Punto[1.         0.54364427 0.55127264] -> F: 0.4333763595432647
Punto[1.         0.54470583 0.55217897] -> F: 0.43218431233802723
Punto[1.         0.54576738 0.5530853 ] -> F: 0.4309987245351341
Punto[1.         0.54682894 0.55399164] -> F: 0.42982209947567496
Punto[1.         0.5478905  0.55489797] -> F: 0.42851657031760315
Punto[1.         0.54895205 0.5558043 ] -> F: 0.42711381341456267
Punto[1.         0.55001361 0.55671063] -> F: 0.42571489557045955
Punto[1.         0.55107517 0.55761696] -> F: 0.4243198167852941
{
  "seed": 19468,
  "n_per_z": 10,
  "nz": 100,
  "nd": 100,
  "n_muestras": 50,
  "best_f": 0.4502092231052954,
  "best_cp": [
    1.0,
    0.526659363745479,
    0.5367713523104871
  ],
  "best_u": [
    0.9995065603657316,
    0.025979228656738254,
    0.017655465563533826
  ],
  "best_index": 30,
  "n_candidatos": 54
}
