Punto[0.         0.66148604 0.38231075] -> F: 0.07687865568609686
Punto[1.         0.47534852 0.56670447] -> F: 0.37577334616965463
Punto[2.         0.3407984  0.53369689] -> F: 0.05745489906880893
Punto[1.         0.50114222 0.45800382] -> F: 0.3504904408719572
Punto[1.         0.47586439 0.56453046] -> F: 0.3796764905220148
Punto[1.         0.47636995 0.56239992] -> F: 0.38341628850856485
Punto[1.         0.47687551 0.56026939] -> F: 0.3867523880916193
Punto[1.         0.47738106 0.55813886] -> F: 0.39012430734929016
Punto[1.         0.47788662 0.55600833] -> F: 0.393532046281577
Punto[1.         0.47839218 0.55387779] -> F: 0.39697560488848016
Punto[1.         0.47889773 0.55174726] -> F: 0.4004549831699991
Punto[1.         0.47940329 0.54961673] -> F: 0.40397018112613464
Punto[1.         0.47990885 0.54748619] -> F: 0.407521198756886
Punto[1.         0.4804144  0.54535566] -> F: 0.4111080360622537
Punto[1.         0.48091996 0.54322513] -> F: 0.4147306745082157
Punto[1.         0.48142552 0.5410946 ] -> F: 0.4183890336268759
Punto[1.         0.48193107 0.53896406] -> F: 0.42208310408721694
Punto[1.         0.48243663 0.53683353] -> F: 0.42579505055917233
Punto[1.         0.48294219 0.534703  ] -> F: 0.4293020299872712
Punto[1.         0.48344774 0.53257247] -> F: 0.42706448623522514
Punto[1.         0.4839533  0.53044193] -> F: 0.42483531133624164
Punto[1.         0.48445886 0.5283114 ] -> F: 0.4226145052903205
Punto[1.         0.48496441 0.52618087] -> F: 0.42040206809746156
Punto[1.         0.48546997 0.52405033] -> F: 0.4181686668412466
Punto[1.         0.48597552 0.5219198 ] -> F: 0.4159236092610056
Punto[1.         0.48648108 0.51978927] -> F: 0.4136873026594759
Punto[1.         0.48698664 0.51765874] -> F: 0.41145974703665733
Punto[1.         0.48749219 0.5155282 ] -> F: 0.40924094239255004
Punto[1.         0.48799775 0.51339767] -> F: 0.40703088872715426
Punto[1.         0.48850331 0.51126714] -> F: 0.4048295860404691
Punto[1.         0.48900886 0.50913661] -> F: 0.4026370343324956
Punto[1.         0.48951442 0.50700607] -> F: 0.4004532336032331
Punto[1.         0.49001998 0.50487554] -> F: 0.39827818385268204
Punto[1.         0.49052553 0.50274501] -> F: 0.3960818124568201
Punto[1.         0.49103109 0.50061447] -> F: 0.3938755376674735
Punto[1.         0.49153665 0.49848394] -> F: 0.3916784154671219
Punto[1.         0.4920422  0.49635341] -> F: 0.3894904458557653
Punto[1.         0.49254776 0.49422288] -> F: 0.38731162883340403
Punto[1.         0.49305332 0.49209234] -> F: 0.3851419644000375
Punto[1.         0.49355887 0.48996181] -> F: 0.3829814525556662
Punto[1.         0.49406443 0.48783128] -> F: 0.3808300933002899
Punto[1.         0.49456999 0.48570075] -> F: 0.3786878866339086
Punto[1.         0.49507554 0.48357021] -> F: 0.37653157433130874
Punto[1.         0.4955811  0.48143968] -> F: 0.3743593224675823
Punto[1.         0.49608666 0.47930915] -> F: 0.37219664649662076
Punto[1.         0.49659221 0.47717861] -> F: 0.3700435464184241
Punto[1.         0.49709777 0.47504808] -> F: 0.36790002223299195
Punto[1.         0.49760333 0.47291755] -> F: 0.3657660739403246
Punto[1.         0.49810888 0.47078702] -> F: 0.36364170154042225
Punto[1.         0.49861444 0.46865648] -> F: 0.36152690503328444
Punto[1.         0.49912    0.46652595] -> F: 0.35941843945106533
Punto[1.         0.49962555 0.46439542] -> F: 0.35727451024330525
Punto[1.         0.50013111 0.46226489] -> F: 0.35514060447607526
Punto[1.         0.50063666 0.46013435] -> F: 0.3530167221493752
{
  "seed": 264,
  "n_per_z": 5,
  "nz": 100,
  "nd": 100,
  "n_muestras": 50,
  "best_f": 0.4293020299872712,
  "best_cp": [
    1.0,
    0.48294218544334044,
    0.5347029984922955
  ],
  "best_u": [
    0.7289686274214113,
    -0.3484628279497591,
    -0.589218463536743
  ],
  "best_index": 18,
  "n_candidatos": 54
}
