Punto[0.         0.43807163 0.86529362] -> F: 0.06995489686235992
Punto[1.         0.48750418 0.56378597] -> F: 0.29847603499408953
Punto[2.         0.5724762  0.68909514] -> F: 0.10291143541103874
Punto[1.         0.50527391 0.77719438] -> F: 0.28577185400138405
Punto[1.         0.48785958 0.56805414] -> F: 0.30197442704021515
Punto[1.         0.48820787 0.57223695] -> F: 0.3054137711448949
Punto[1.         0.48855615 0.57641975] -> F: 0.3088639248470363
Punto[1.         0.48890444 0.58060256] -> F: 0.31232766321853794
Punto[1.         0.48925273 0.58478536] -> F: 0.3158778445744029
Punto[1.         0.48960101 0.58896817] -> F: 0.31945140113649134
Punto[1.         0.4899493  0.59315097] -> F: 0.3231219870450837
Punto[1.         0.49029759 0.59733377] -> F: 0.32688363216919375
Punto[1.         0.49064587 0.60151658] -> F: 0.3307367575771251
Punto[1.         0.49099416 0.60569938] -> F: 0.33470030773780435
Punto[1.         0.49134245 0.60988219] -> F: 0.3385630576969056
Punto[1.         0.49169073 0.61406499] -> F: 0.3425047948761186
Punto[1.         0.49203902 0.6182478 ] -> F: 0.34646374271455854
Punto[1.         0.49238731 0.6224306 ] -> F: 0.3505172105527215
Punto[1.         0.49273559 0.62661341] -> F: 0.3545800625688432
Punto[1.         0.49308388 0.63079621] -> F: 0.3587532210613485
Punto[1.         0.49343217 0.63497902] -> F: 0.3630504775981085
Punto[1.         0.49378045 0.63916182] -> F: 0.3674718321791233
Punto[1.         0.49412874 0.64334463] -> F: 0.37370210919995184
Punto[1.         0.49447703 0.64752743] -> F: 0.3800577158068788
Punto[1.         0.49482531 0.65171024] -> F: 0.3871817538427264
Punto[1.         0.4951736  0.65589304] -> F: 0.3921450641699231
Punto[1.         0.49552189 0.66007585] -> F: 0.38925222808515436
Punto[1.         0.49587017 0.66425865] -> F: 0.38631792323796194
Punto[1.         0.49621846 0.66844146] -> F: 0.3832343007230641
Punto[1.         0.49656675 0.67262426] -> F: 0.38008973817966907
Punto[1.         0.49691503 0.67680707] -> F: 0.37692428836918485
Punto[1.         0.49726332 0.68098987] -> F: 0.37372988536854307
Punto[1.         0.49761161 0.68517267] -> F: 0.3705438680043655
Punto[1.         0.49795989 0.68935548] -> F: 0.36730014014435003
Punto[1.         0.49830818 0.69353828] -> F: 0.364077477590053
Punto[1.         0.49865647 0.69772109] -> F: 0.3607997350315401
Punto[1.         0.49900475 0.70190389] -> F: 0.35752931902932505
Punto[1.         0.49935304 0.7060867 ] -> F: 0.35422814730558977
Punto[1.         0.49970133 0.7102695 ] -> F: 0.3509102353195675
Punto[1.         0.50004961 0.71445231] -> F: 0.3475850752825726
Punto[1.         0.5003979  0.71863511] -> F: 0.34421974114299864
Punto[1.         0.50074619 0.72281792] -> F: 0.34086624919125175
Punto[1.         0.50109447 0.72700072] -> F: 0.3374575387013579
Punto[1.         0.50144276 0.73118353] -> F: 0.3340605091145067
Punto[1.         0.50179105 0.73536633] -> F: 0.3306205741559698
Punto[1.         0.50213933 0.73954914] -> F: 0.32700990673759145
Punto[1.         0.50248762 0.74373194] -> F: 0.32323738980865757
Punto[1.         0.50283591 0.74791475] -> F: 0.31970283800984667
Punto[1.         0.50318419 0.75209755] -> F: 0.31405670952561765
Punto[1.         0.50353248 0.75628036] -> F: 0.30910091537879886
Punto[1.         0.50388077 0.76046316] -> F: 0.30392743966500985
Punto[1.         0.50422905 0.76464597] -> F: 0.2996722687091942
Punto[1.         0.50457734 0.76882877] -> F: 0.2958661874507723
Punto[1.         0.50492563 0.77301158] -> F: 0.291880575655207
Best centerpoint:  [1.         0.4951736  0.65589304] Best F:  0.3921450641699231 Best u:  [-0.27899111 -0.65736626  0.70002397] índice:  22
{
  "seed": 17897,
  "n_per_z": 5,
  "nz": 100,
  "nd": 100,
  "n_muestras": 50,
  "best_f": 0.3921450641699231,
  "best_cp": [
    1.0,
    0.49517359976295294,
    0.6558930415749051
  ],
  "best_u": [
    -0.27899110603922916,
    -0.6573662633717453,
    0.7000239699693696
  ],
  "n_candidatos": 54
}
