Punto[0.         0.66991046 0.54243064] -> F: 0.1638944574913047
Punto[1.         0.54258767 0.51323567] -> F: 0.40722044897570764
Punto[2.         0.36262251 0.40518407] -> F: 0.09227158232221462
Punto[1.         0.51626648 0.47380736] -> F: 0.3848198972292362
Punto[1.         0.54206124 0.5124471 ] -> F: 0.4069978542612701
Punto[1.         0.54154535 0.51167431] -> F: 0.4067797753654576
Punto[1.         0.54102945 0.51090151] -> F: 0.40656175974828085
Punto[1.         0.54051356 0.51012872] -> F: 0.40624442782861037
Punto[1.         0.53999766 0.50935592] -> F: 0.4058118267156451
Punto[1.         0.53948177 0.50858313] -> F: 0.4053734024125636
Punto[1.         0.53896587 0.50781033] -> F: 0.404935213983304
Punto[1.         0.53844998 0.50703754] -> F: 0.4044972614278664
Punto[1.         0.53793408 0.50626474] -> F: 0.4040595447462507
Punto[1.         0.53741819 0.50549195] -> F: 0.40362206393845695
Punto[1.         0.53690229 0.50471915] -> F: 0.40318481900448533
Punto[1.         0.5363864  0.50394636] -> F: 0.4027478099443354
Punto[1.         0.5358705  0.50317356] -> F: 0.4023110367580075
Punto[1.         0.53535461 0.50240077] -> F: 0.4018744994455017
Punto[1.         0.53483871 0.50162797] -> F: 0.4014381980068178
Punto[1.         0.53432281 0.50085518] -> F: 0.4010009160403527
Punto[1.         0.53380692 0.50008238] -> F: 0.4005505043248277
Punto[1.         0.53329102 0.49930959] -> F: 0.40010034453626625
Punto[1.         0.53277513 0.49853679] -> F: 0.3996504366746683
Punto[1.         0.53225923 0.497764  ] -> F: 0.3992007807400341
Punto[1.         0.53174334 0.4969912 ] -> F: 0.39875137673236355
Punto[1.         0.53122744 0.49621841] -> F: 0.3983022246516566
Punto[1.         0.53071155 0.49544561] -> F: 0.3978533244979133
Punto[1.         0.53019565 0.49467282] -> F: 0.39740467627113363
Punto[1.         0.52967976 0.49390002] -> F: 0.3969562799713176
Punto[1.         0.52916386 0.49312723] -> F: 0.3965081355984652
Punto[1.         0.52864797 0.49235443] -> F: 0.3960588494393765
Punto[1.         0.52813207 0.49158164] -> F: 0.3955971061839466
Punto[1.         0.52761618 0.49080884] -> F: 0.3951356309849392
Punto[1.         0.52710028 0.49003605] -> F: 0.39467442384235396
Punto[1.         0.52658439 0.48926325] -> F: 0.39421348475619106
Punto[1.         0.52606849 0.48849046] -> F: 0.3937528137264505
Punto[1.         0.5255526  0.48771766] -> F: 0.393292410753132
Punto[1.         0.5250367  0.48694487] -> F: 0.39283227583623603
Punto[1.         0.52452081 0.48617207] -> F: 0.3923724089757623
Punto[1.         0.52400491 0.48539928] -> F: 0.39191281017171087
Punto[1.         0.52348902 0.48462648] -> F: 0.39145347942408165
Punto[1.         0.52297312 0.48385369] -> F: 0.39098634952319833
Punto[1.         0.52245723 0.48308089] -> F: 0.390513884254816
Punto[1.         0.52194133 0.4823081 ] -> F: 0.39004170326611437
Punto[1.         0.52142543 0.4815353 ] -> F: 0.3895698065570935
Punto[1.         0.52090954 0.48076251] -> F: 0.3890981941277534
Punto[1.         0.52039364 0.47998972] -> F: 0.3886268659780942
Punto[1.         0.51987775 0.47921692] -> F: 0.3881558221081158
Punto[1.         0.51936185 0.47844413] -> F: 0.38768506251781804
Punto[1.         0.51884596 0.47767133] -> F: 0.38721458720720114
Punto[1.         0.51833006 0.47689854] -> F: 0.3867443961762651
Punto[1.         0.51781417 0.47612574] -> F: 0.3862677544128598
Punto[1.         0.51729827 0.47535295] -> F: 0.3857848347351128
Punto[1.         0.51678238 0.47458015] -> F: 0.385302215673905
Best centerpoint:  [1.         0.54258767 0.51323567] Best F:  0.40722044897570764 Best u:  [ 0.99950656 -0.03016355  0.00876332] índice:  1
{
  "seed": 17890,
  "n_per_z": 5,
  "nz": 100,
  "nd": 100,
  "n_muestras": 50,
  "best_f": 0.40722044897570764,
  "best_cp": [
    1.0,
    0.5425876668489673,
    0.5132356665186573
  ],
  "best_u": [
    0.9995065603657316,
    -0.03016355360504631,
    0.008763322416738783
  ],
  "n_candidatos": 54
}
