Punto[0.         0.36414734 0.76202753] -> F: 0.07158003638396729
Punto[1.         0.42549185 0.57699835] -> F: 0.3611928600533568
Punto[2.         0.55858245 0.63333846] -> F: 0.059326299927229396
Punto[1.         0.4613649  0.69768299] -> F: 0.30224388697599486
Punto[1.         0.42620931 0.57941204] -> F: 0.36582431454485625
Punto[1.         0.42691242 0.58177746] -> F: 0.3703770521019664
Punto[1.         0.42761553 0.58414288] -> F: 0.37494665671127125
Punto[1.         0.42831864 0.5865083 ] -> F: 0.37958370140163367
Punto[1.         0.42902176 0.58887372] -> F: 0.3842881861730533
Punto[1.         0.42972487 0.59123914] -> F: 0.38906011102553034
Punto[1.         0.43042798 0.59360455] -> F: 0.3938303714847915
Punto[1.         0.43113109 0.59596997] -> F: 0.39862359984315027
Punto[1.         0.4318342  0.59833539] -> F: 0.40348376912496947
Punto[1.         0.43253731 0.60070081] -> F: 0.4084108793302488
Punto[1.         0.43324043 0.60306623] -> F: 0.41333979648490715
Punto[1.         0.43394354 0.60543165] -> F: 0.4182854350151588
Punto[1.         0.43464665 0.60779707] -> F: 0.4232983059336333
Punto[1.         0.43534976 0.61016249] -> F: 0.42837437989220806
Punto[1.         0.43605287 0.61252791] -> F: 0.43169598631668604
Punto[1.         0.43675598 0.61489333] -> F: 0.428771427386737
Punto[1.         0.4374591  0.61725875] -> F: 0.42580910764205904
Punto[1.         0.43816221 0.61962416] -> F: 0.42286110576265146
Punto[1.         0.43886532 0.62198958] -> F: 0.4199274217485142
Punto[1.         0.43956843 0.624355  ] -> F: 0.41700805559964743
Punto[1.         0.44027154 0.62672042] -> F: 0.4140267487226004
Punto[1.         0.44097466 0.62908584] -> F: 0.4110145612737195
Punto[1.         0.44167777 0.63145126] -> F: 0.40801792743556753
Punto[1.         0.44238088 0.63381668] -> F: 0.4050368472081442
Punto[1.         0.44308399 0.6361821 ] -> F: 0.40207132059144957
Punto[1.         0.4437871  0.63854752] -> F: 0.3990284932565207
Punto[1.         0.44449021 0.64091294] -> F: 0.39594458893503615
Punto[1.         0.44519333 0.64327836] -> F: 0.39267571530281453
Punto[1.         0.44589644 0.64564377] -> F: 0.38936892387906646
Punto[1.         0.44659955 0.64800919] -> F: 0.3860773857494552
Punto[1.         0.44730266 0.65037461] -> F: 0.38280110091398073
Punto[1.         0.44800577 0.65274003] -> F: 0.3795400693726431
Punto[1.         0.44870888 0.65510545] -> F: 0.37627732685034243
Punto[1.         0.449412   0.65747087] -> F: 0.37295782415441653
Punto[1.         0.45011511 0.65983629] -> F: 0.3696544294597101
Punto[1.         0.45081822 0.66220171] -> F: 0.36636714276622356
Punto[1.         0.45152133 0.66456713] -> F: 0.36309596407395633
Punto[1.         0.45222444 0.66693255] -> F: 0.35983428353843033
Punto[1.         0.45292755 0.66929797] -> F: 0.35650305625871087
Punto[1.         0.45363067 0.67166338] -> F: 0.3531888705172175
Punto[1.         0.45433378 0.6740288 ] -> F: 0.3498917263139503
Punto[1.         0.45503689 0.67639422] -> F: 0.3466116236489094
Punto[1.         0.45574    0.67875964] -> F: 0.3433464148019712
Punto[1.         0.45644311 0.68112506] -> F: 0.33979046940948276
Punto[1.         0.45714623 0.68349048] -> F: 0.33544733846033375
Punto[1.         0.45784934 0.6858559 ] -> F: 0.3276105976519854
Punto[1.         0.45855245 0.68822132] -> F: 0.3211401612454633
Punto[1.         0.45925556 0.69058674] -> F: 0.3167790607284813
Punto[1.         0.45995867 0.69295216] -> F: 0.3124214402908853
Punto[1.         0.46066178 0.69531758] -> F: 0.30750458325748026
Best centerpoint:  [1.         0.43605287 0.61252791] Best F:  0.43169598631668604 Best u:  [ 0.33873792 -0.31871199  0.88525662] índice:  15
{
  "seed": 15753,
  "n_per_z": 5,
  "nz": 100,
  "nd": 100,
  "n_muestras": 50,
  "best_f": 0.43169598631668604,
  "best_cp": [
    1.0,
    0.4360528728371099,
    0.612527907649011
  ],
  "best_u": [
    0.3387379202452915,
    -0.3187119948743448,
    0.8852566213878946
  ],
  "n_candidatos": 54
}
