Punto[0.         0.58641541 0.44584859] -> F: 0.1274071101084378
Punto[1.         0.58165314 0.45677634] -> F: 0.33378014085116936
Punto[2.         0.75067736 0.50520071] -> F: 0.09850385144269741
Punto[1.         0.66854639 0.47552465] -> F: 0.3815954501554642
Punto[1.        0.583391  0.4571513] -> F: 0.3358582044126256
Punto[1.         0.58509411 0.45751877] -> F: 0.338044235512232
Punto[1.         0.58679722 0.45788624] -> F: 0.34040082358689266
Punto[1.         0.58850032 0.4582537 ] -> F: 0.3429279686366076
Punto[1.         0.59020343 0.45862117] -> F: 0.34562567066137684
Punto[1.         0.59190654 0.45898864] -> F: 0.34791719284621486
Punto[1.         0.59360965 0.4593561 ] -> F: 0.3504770815385126
Punto[1.         0.59531275 0.45972357] -> F: 0.35342925745986553
Punto[1.         0.59701586 0.46009104] -> F: 0.356773720610274
Punto[1.         0.59871897 0.4604585 ] -> F: 0.36045289053701496
Punto[1.         0.60042208 0.46082597] -> F: 0.36417667520962144
Punto[1.         0.60212519 0.46119344] -> F: 0.36790491444910356
Punto[1.         0.60382829 0.4615609 ] -> F: 0.37163760825546177
Punto[1.         0.6055314  0.46192837] -> F: 0.3750436687616266
Punto[1.         0.60723451 0.46229584] -> F: 0.3784179892496543
Punto[1.         0.60893762 0.4626633 ] -> F: 0.3813667676860978
Punto[1.         0.61064072 0.46303077] -> F: 0.3838775170440236
Punto[1.         0.61234383 0.46339824] -> F: 0.38642054099122364
Punto[1.         0.61404694 0.46376571] -> F: 0.38857930549243236
Punto[1.         0.61575005 0.46413317] -> F: 0.39074314922389786
Punto[1.         0.61745316 0.46450064] -> F: 0.3929511631306353
Punto[1.         0.61915626 0.46486811] -> F: 0.39532164672376147
Punto[1.         0.62085937 0.46523557] -> F: 0.39786268729194185
Punto[1.         0.62256248 0.46560304] -> F: 0.40057428483517654
Punto[1.         0.62426559 0.46597051] -> F: 0.4030757069808953
Punto[1.         0.62596869 0.46633797] -> F: 0.40535798647450866
Punto[1.         0.6276718  0.46670544] -> F: 0.40802053081578715
Punto[1.         0.62937491 0.46707291] -> F: 0.4110691534166782
Punto[1.         0.63107802 0.46744037] -> F: 0.4145038542771814
Punto[1.         0.63278112 0.46780784] -> F: 0.41827616959208047
Punto[1.         0.63448423 0.46817531] -> F: 0.41999373983557176
Punto[1.         0.63618734 0.46854278] -> F: 0.4187909197792936
Punto[1.         0.63789045 0.46891024] -> F: 0.41759120060281296
Punto[1.         0.63959356 0.46927771] -> F: 0.4163945823061298
Punto[1.         0.64129666 0.46964518] -> F: 0.41496311209242903
Punto[1.         0.64299977 0.47001264] -> F: 0.41347195745166837
Punto[1.         0.64470288 0.47038011] -> F: 0.4118031987040334
Punto[1.         0.64640599 0.47074758] -> F: 0.410003637955942
Punto[1.         0.64810909 0.47111504] -> F: 0.4081827767628441
Punto[1.         0.6498122  0.47148251] -> F: 0.4063607281111609
Punto[1.         0.65151531 0.47184998] -> F: 0.4038716427714958
Punto[1.         0.65321842 0.47221744] -> F: 0.40131135808888263
Punto[1.         0.65492152 0.47258491] -> F: 0.39819033059788
Punto[1.         0.65662463 0.47295238] -> F: 0.39596734119811827
Punto[1.         0.65832774 0.47331984] -> F: 0.3939623212019246
Punto[1.         0.66003085 0.47368731] -> F: 0.39195590503720273
Punto[1.         0.66173396 0.47405478] -> F: 0.3899480927039529
Punto[1.         0.66343706 0.47442225] -> F: 0.38793888420217504
Punto[1.         0.66514017 0.47478971] -> F: 0.38573223856117833
Punto[1.         0.66684328 0.47515718] -> F: 0.38361001478135864
Best centerpoint:  [1.         0.63448423 0.46817531] Best F:  0.41999373983557176 Best u:  [ 0.36812455  0.75220498 -0.54650891] índice:  31
{
  "seed": 7636,
  "n_per_z": 5,
  "nz": 100,
  "nd": 100,
  "n_muestras": 50,
  "best_f": 0.41999373983557176,
  "best_cp": [
    1.0,
    0.6344842323813603,
    0.46817530815431246
  ],
  "best_u": [
    0.36812455268467775,
    0.7522049780538138,
    -0.5465089063334351
  ],
  "n_candidatos": 54
}
