Punto[0.         0.48479448 0.44175978] -> F: 0.13158008460200893
Punto[1.         0.53351139 0.50138824] -> F: 0.4559448201994454
Punto[2.         0.58059427 0.50450656] -> F: 0.12651971837723994
Punto[1.         0.53269438 0.47313317] -> F: 0.4641357546672064
Punto[1.         0.53349505 0.50082314] -> F: 0.4567821100947395
Punto[1.         0.53347903 0.50026934] -> F: 0.4575958370218511
Punto[1.         0.53346302 0.49971554] -> F: 0.4584102551858493
Punto[1.         0.53344701 0.49916174] -> F: 0.45922536458673413
Punto[1.         0.53343099 0.49860794] -> F: 0.46004116522450555
Punto[1.         0.53341498 0.49805414] -> F: 0.46085765709916354
Punto[1.         0.53339897 0.49750034] -> F: 0.461674840210708
Punto[1.         0.53338295 0.49694654] -> F: 0.46249271455913926
Punto[1.         0.53336694 0.49639274] -> F: 0.46331128014445705
Punto[1.         0.53335093 0.49583894] -> F: 0.46413053696666134
Punto[1.         0.53333491 0.49528515] -> F: 0.4649504850257523
Punto[1.         0.5333189  0.49473135] -> F: 0.46577112432173007
Punto[1.         0.53330289 0.49417755] -> F: 0.46659245485459405
Punto[1.         0.53328687 0.49362375] -> F: 0.46741447662434477
Punto[1.         0.53327086 0.49306995] -> F: 0.4682371896309822
Punto[1.         0.53325485 0.49251615] -> F: 0.4690605938745062
Punto[1.         0.53323883 0.49196235] -> F: 0.4698774439948485
Punto[1.         0.53322282 0.49140855] -> F: 0.470680422884172
Punto[1.         0.53320681 0.49085475] -> F: 0.4714840513020506
Punto[1.         0.53319079 0.49030095] -> F: 0.4722883292484847
Punto[1.         0.53317478 0.48974715] -> F: 0.4730932567234739
Punto[1.         0.53315876 0.48919335] -> F: 0.4738988337270183
Punto[1.         0.53314275 0.48863955] -> F: 0.474705060259118
Punto[1.         0.53312674 0.48808575] -> F: 0.4755119363197731
Punto[1.         0.53311072 0.48753195] -> F: 0.4763194619089831
Punto[1.         0.53309471 0.48697815] -> F: 0.47712763702674865
Punto[1.         0.5330787  0.48642436] -> F: 0.4779364616730696
Punto[1.         0.53306268 0.48587056] -> F: 0.47874593584794545
Punto[1.         0.53304667 0.48531676] -> F: 0.47955605955137665
Punto[1.         0.53303066 0.48476296] -> F: 0.4803668327833631
Punto[1.         0.53301464 0.48420916] -> F: 0.48117825554390486
Punto[1.         0.53299863 0.48365536] -> F: 0.48059956721113484
Punto[1.         0.53298262 0.48310156] -> F: 0.47973503380114124
Punto[1.         0.5329666  0.48254776] -> F: 0.4788712364051574
Punto[1.         0.53295059 0.48199396] -> F: 0.47800817502318366
Punto[1.         0.53293458 0.48144016] -> F: 0.4771458496552198
Punto[1.         0.53291856 0.48088636] -> F: 0.47628426030126614
Punto[1.         0.53290255 0.48033256] -> F: 0.4754188427445911
Punto[1.         0.53288654 0.47977876] -> F: 0.47454740105875526
Punto[1.         0.53287052 0.47922496] -> F: 0.4736767496725234
Punto[1.         0.53285451 0.47867116] -> F: 0.4728068885858956
Punto[1.         0.5328385  0.47811737] -> F: 0.47193781779887145
Punto[1.         0.53282248 0.47756357] -> F: 0.47106953731145146
Punto[1.         0.53280647 0.47700977] -> F: 0.4702020471236355
Punto[1.         0.53279046 0.47645597] -> F: 0.4693353472354233
Punto[1.         0.53277444 0.47590217] -> F: 0.4684694376468152
Punto[1.         0.53275843 0.47534837] -> F: 0.4676043183578111
Punto[1.         0.53274242 0.47479457] -> F: 0.46673998936841077
Punto[1.         0.5327264  0.47424077] -> F: 0.4658764506786145
Punto[1.         0.53271039 0.47368697] -> F: 0.46500882813630473
{
  "seed": 18626,
  "n_per_z": 10,
  "nz": 100,
  "nd": 100,
  "n_muestras": 50,
  "best_f": 0.48117825554390486,
  "best_cp": [
    1.0,
    0.5330146442991462,
    0.48420915816779453
  ],
  "best_u": [
    0.06279051952931353,
    0.5347694631970942,
    0.8426618372094055
  ],
  "best_index": 34,
  "n_candidatos": 54
}
