Punto[0.         0.52990347 0.43934857] -> F: 0.13730432732391723
Punto[1.         0.52065046 0.4948735 ] -> F: 0.43718726817598247
Punto[2.         0.59918928 0.53721523] -> F: 0.14966880712528108
Punto[1.         0.56454638 0.4882819 ] -> F: 0.4406030279585483
Punto[1.         0.52152837 0.49474167] -> F: 0.43821195895291176
Punto[1.         0.52238873 0.49461248] -> F: 0.43921703763791003
Punto[1.         0.52324909 0.49448328] -> F: 0.4402229891402161
Punto[1.         0.52410945 0.49435409] -> F: 0.44122981345983053
Punto[1.         0.52496981 0.49422489] -> F: 0.4422375105967531
Punto[1.         0.52583017 0.49409569] -> F: 0.44324608055098386
Punto[1.         0.52669053 0.4939665 ] -> F: 0.4442555233225229
Punto[1.        0.5275509 0.4938373] -> F: 0.44526583891136995
Punto[1.         0.52841126 0.49370811] -> F: 0.4462770273175253
Punto[1.         0.52927162 0.49357891] -> F: 0.4472890885409889
Punto[1.         0.53013198 0.49344972] -> F: 0.44830202258176055
Punto[1.         0.53099234 0.49332052] -> F: 0.4493158294398405
Punto[1.         0.5318527  0.49319133] -> F: 0.45033050911522854
Punto[1.         0.53271306 0.49306213] -> F: 0.45134606160792484
Punto[1.         0.53357342 0.49293294] -> F: 0.4523621675871213
Punto[1.         0.53443378 0.49280374] -> F: 0.45337636613826016
Punto[1.         0.53529414 0.49267454] -> F: 0.45439146108711176
Punto[1.         0.5361545  0.49254535] -> F: 0.45540745243367586
Punto[1.         0.53701486 0.49241615] -> F: 0.4564243401779527
Punto[1.         0.53787522 0.49228696] -> F: 0.4574421243199422
Punto[1.         0.53873558 0.49215776] -> F: 0.45846080485964424
Punto[1.         0.53959594 0.49202857] -> F: 0.4594803817970591
Punto[1.         0.5404563  0.49189937] -> F: 0.46050085513218647
Punto[1.         0.54131666 0.49177018] -> F: 0.46152222486502653
Punto[1.         0.54217702 0.49164098] -> F: 0.46254449099557926
Punto[1.         0.54303738 0.49151178] -> F: 0.4626640500729595
Punto[1.         0.54389774 0.49138259] -> F: 0.46173603888434345
Punto[1.         0.5447581  0.49125339] -> F: 0.46081870204031805
Punto[1.         0.54561846 0.4911242 ] -> F: 0.4598292496379316
Punto[1.         0.54647882 0.490995  ] -> F: 0.458800337148892
Punto[1.         0.54733918 0.49086581] -> F: 0.45777133126874836
Punto[1.         0.54819954 0.49073661] -> F: 0.4567422319975005
Punto[1.         0.5490599  0.49060742] -> F: 0.45575765612458613
Punto[1.         0.54992026 0.49047822] -> F: 0.4549018721905091
Punto[1.         0.55078062 0.49034902] -> F: 0.4541773336053869
Punto[1.         0.55164098 0.49021983] -> F: 0.4535156808941374
Punto[1.         0.55250134 0.49009063] -> F: 0.45285402383249146
Punto[1.         0.5533617  0.48996144] -> F: 0.452192362420449
Punto[1.         0.55422206 0.48983224] -> F: 0.45148057030470506
Punto[1.         0.55508242 0.48970305] -> F: 0.4507052015047106
Punto[1.         0.55594278 0.48957385] -> F: 0.44994226428649026
Punto[1.         0.55680314 0.48944466] -> F: 0.44919175865004396
Punto[1.         0.5576635  0.48931546] -> F: 0.44845368459537194
Punto[1.         0.55852386 0.48918626] -> F: 0.4476542421913062
Punto[1.         0.55938422 0.48905707] -> F: 0.4466304226511039
Punto[1.         0.56024458 0.48892787] -> F: 0.4456121041846471
Punto[1.         0.56110494 0.48879868] -> F: 0.4445992867919361
Punto[1.         0.5619653  0.48866948] -> F: 0.4435919704729706
Punto[1.         0.56282566 0.48854029] -> F: 0.4425901552277509
Punto[1.         0.56368602 0.48841109] -> F: 0.4415938410562768
{
  "seed": 6623,
  "n_per_z": 10,
  "nz": 100,
  "nd": 100,
  "n_muestras": 50,
  "best_f": 0.4626640500729595,
  "best_cp": [
    1.0,
    0.5430373768038156,
    0.49151178417936825
  ],
  "best_u": [
    -0.36812455268467775,
    0.9256501049326555,
    0.08749969685015876
  ],
  "best_index": 29,
  "n_candidatos": 54
}
