Punto[0.         0.62838456 0.3087837 ] -> F: 0.09914601546910512
Punto[1.         0.46339982 0.39934162] -> F: 0.31227973042336654
Punto[2.         0.66618481 0.49089995] -> F: 0.08714657293247781
Punto[1.         0.64728469 0.39984183] -> F: 0.328394502925958
Punto[1.         0.46707751 0.39935163] -> F: 0.31760832213953094
Punto[1.         0.47068166 0.39936143] -> F: 0.3232096886097791
Punto[1.         0.4742858  0.39937124] -> F: 0.3288603679488008
Punto[1.         0.47788994 0.39938104] -> F: 0.3345577123923242
Punto[1.         0.48149409 0.39939084] -> F: 0.3403168305112366
Punto[1.         0.48509823 0.39940065] -> F: 0.34612022530862707
Punto[1.         0.48870238 0.39941045] -> F: 0.35122759551285054
Punto[1.         0.49230652 0.39942026] -> F: 0.35543501444152775
Punto[1.         0.49591066 0.39943006] -> F: 0.35993895980708507
Punto[1.         0.49951481 0.39943986] -> F: 0.36528387051568967
Punto[1.         0.50311895 0.39944967] -> F: 0.37129255995132737
Punto[1.         0.50672309 0.39945947] -> F: 0.37730189140360687
Punto[1.         0.51032724 0.39946928] -> F: 0.383384688197288
Punto[1.         0.51393138 0.39947908] -> F: 0.3896117154213653
Punto[1.         0.51753552 0.39948888] -> F: 0.3958900535985588
Punto[1.         0.52113967 0.39949869] -> F: 0.4022197027288686
Punto[1.         0.52474381 0.39950849] -> F: 0.4086006628122952
Punto[1.         0.52834795 0.3995183 ] -> F: 0.415032933848838
Punto[1.        0.5319521 0.3995281] -> F: 0.42150149375231066
Punto[1.         0.53555624 0.3995379 ] -> F: 0.4277439918078352
Punto[1.         0.53916038 0.39954771] -> F: 0.42536317262666823
Punto[1.         0.54276453 0.39955751] -> F: 0.4227905600581898
Punto[1.         0.54636867 0.39956732] -> F: 0.4202256515690655
Punto[1.         0.54997281 0.39957712] -> F: 0.41766844715929513
Punto[1.         0.55357696 0.39958692] -> F: 0.4150978271147474
Punto[1.         0.5571811  0.39959673] -> F: 0.4125304999459392
Punto[1.         0.56078524 0.39960653] -> F: 0.40997103303564175
Punto[1.         0.56438939 0.39961634] -> F: 0.4074078286532251
Punto[1.         0.56799353 0.39962614] -> F: 0.40483862595320413
Punto[1.         0.57159768 0.39963594] -> F: 0.4022774420948047
Punto[1.         0.57520182 0.39964575] -> F: 0.39972003441354126
Punto[1.         0.57880596 0.39965555] -> F: 0.39714946170748694
Punto[1.         0.58241011 0.39966536] -> F: 0.39458706920691405
Punto[1.         0.58601425 0.39967516] -> F: 0.39203285691182266
Punto[1.         0.58961839 0.39968496] -> F: 0.3894626196868275
Punto[1.         0.59322254 0.39969477] -> F: 0.38689949028506204
Punto[1.         0.59682668 0.39970457] -> F: 0.38434470563471695
Punto[1.         0.60043082 0.39971438] -> F: 0.3817778539882237
Punto[1.         0.60403497 0.39972418] -> F: 0.3792144232643248
Punto[1.         0.60763911 0.39973398] -> F: 0.37665950545003096
Punto[1.         0.61124325 0.39974379] -> F: 0.3740950278607146
Punto[1.         0.6148474  0.39975359] -> F: 0.37153169534666103
Punto[1.         0.61845154 0.3997634 ] -> F: 0.3679693145486085
Punto[1.         0.62205568 0.3997732 ] -> F: 0.3627659424213666
Punto[1.         0.62565983 0.399783  ] -> F: 0.35788943096780185
Punto[1.         0.62926397 0.39979281] -> F: 0.353866883753618
Punto[1.         0.63286811 0.39980261] -> F: 0.3498017884507957
Punto[1.         0.63647226 0.39981242] -> F: 0.34562917818874556
Punto[1.         0.6400764  0.39982222] -> F: 0.34000334581323166
Punto[1.         0.64368054 0.39983202] -> F: 0.33417634398869894
Best centerpoint:  [1.         0.53555624 0.3995379 ] Best F:  0.4277439918078352 Best u:  [ 0.12533323 -0.92244492 -0.36522178] índice:  20
{
  "seed": 17497,
  "n_per_z": 5,
  "nz": 100,
  "nd": 100,
  "n_muestras": 50,
  "best_f": 0.4277439918078352,
  "best_cp": [
    1.0,
    0.5355562403465768,
    0.39953790330317485
  ],
  "best_u": [
    0.12533323356430415,
    -0.9224449205862475,
    -0.36522178063328503
  ],
  "n_candidatos": 54
}
