Punto[0.         0.55931247 0.64692888] -> F: 0.09958702931766537
Punto[1.         0.44956179 0.52156159] -> F: 0.3731340623974404
Punto[2.         0.53852138 0.46812164] -> F: 0.08129689817871277
Punto[1.         0.54891693 0.55752526] -> F: 0.3398575834851164
Punto[1.         0.4515489  0.52228086] -> F: 0.37663957662236364
Punto[1.         0.45349626 0.52298575] -> F: 0.3807747613140055
Punto[1.         0.45544362 0.52369064] -> F: 0.38461143137093673
Punto[1.         0.45739098 0.52439552] -> F: 0.3882184616928946
Punto[1.         0.45933834 0.52510041] -> F: 0.3919574229145835
Punto[1.        0.4612857 0.5258053] -> F: 0.39582831503600413
Punto[1.         0.46323306 0.52651019] -> F: 0.39983113805715625
Punto[1.         0.46518042 0.52721508] -> F: 0.40359877950003203
Punto[1.         0.46712778 0.52791996] -> F: 0.40742349065464517
Punto[1.         0.46907514 0.52862485] -> F: 0.4113353619267166
Punto[1.         0.4710225  0.52932974] -> F: 0.4153343048336209
Punto[1.         0.47296986 0.53003463] -> F: 0.4194045740773961
Punto[1.         0.47491722 0.53073952] -> F: 0.4233208183154111
Punto[1.         0.47686458 0.5314444 ] -> F: 0.42716123429264125
Punto[1.         0.47881194 0.53214929] -> F: 0.4309111873476914
Punto[1.         0.4807593  0.53285418] -> F: 0.43381909045113826
Punto[1.         0.48270667 0.53355907] -> F: 0.4368143583923848
Punto[1.         0.48465403 0.53426396] -> F: 0.4398969911714308
Punto[1.         0.48660139 0.53496884] -> F: 0.44305097716992425
Punto[1.         0.48854875 0.53567373] -> F: 0.444086854419463
Punto[1.         0.49049611 0.53637862] -> F: 0.4418298786651068
Punto[1.         0.49244347 0.53708351] -> F: 0.4395789257161606
Punto[1.         0.49439083 0.5377884 ] -> F: 0.43733399557262453
Punto[1.         0.49633819 0.53849328] -> F: 0.4350950882344989
Punto[1.         0.49828555 0.53919817] -> F: 0.4328622037017829
Punto[1.         0.50023291 0.53990306] -> F: 0.4306353419744772
Punto[1.         0.50218027 0.54060795] -> F: 0.4284145030525815
Punto[1.         0.50412763 0.54131284] -> F: 0.42619968693609583
Punto[1.         0.50607499 0.54201772] -> F: 0.42399089362502046
Punto[1.         0.50802235 0.54272261] -> F: 0.4201743508157744
Punto[1.         0.50996971 0.5434275 ] -> F: 0.4163214558726696
Punto[1.         0.51191707 0.54413239] -> F: 0.4127218159762067
Punto[1.         0.51386444 0.54483728] -> F: 0.4093610724347481
Punto[1.         0.5158118  0.54554216] -> F: 0.40601947059417987
Punto[1.         0.51775916 0.54624705] -> F: 0.40289623194919916
Punto[1.         0.51970652 0.54695194] -> F: 0.3999220290501119
Punto[1.         0.52165388 0.54765683] -> F: 0.3969529623603981
Punto[1.         0.52360124 0.54836172] -> F: 0.39398654022658797
Punto[1.        0.5255486 0.5490666] -> F: 0.3910227626486813
Punto[1.         0.52749596 0.54977149] -> F: 0.38698980723228116
Punto[1.         0.52944332 0.55047638] -> F: 0.38223636616392137
Punto[1.         0.53139068 0.55118127] -> F: 0.3774836868547177
Punto[1.         0.53333804 0.55188616] -> F: 0.3727317693046693
Punto[1.         0.5352854  0.55259104] -> F: 0.36798061351377626
Punto[1.         0.53723276 0.55329593] -> F: 0.36323872010041613
Punto[1.         0.53918012 0.55400082] -> F: 0.3586976115166105
Punto[1.         0.54112748 0.55470571] -> F: 0.3544366908365033
Punto[1.         0.54307484 0.5554106 ] -> F: 0.3504559580600948
Punto[1.         0.54502221 0.55611548] -> F: 0.3467554131873844
Punto[1.         0.54696957 0.55682037] -> F: 0.3432203169217854
Best centerpoint:  [1.         0.48854875 0.53567373] Best F:  0.444086854419463 Best u:  [0.9921147  0.10787958 0.06379981] índice:  20
{
  "seed": 9232,
  "n_per_z": 5,
  "nz": 100,
  "nd": 100,
  "n_muestras": 50,
  "best_f": 0.444086854419463,
  "best_cp": [
    1.0,
    0.48854874726703035,
    0.5356737321298983
  ],
  "best_u": [
    0.9921147013144779,
    0.10787958150909795,
    0.06379980665414539
  ],
  "n_candidatos": 54
}
