Punto[0.         0.40623238 0.59793509] -> F: 0.1559241116459356
Punto[1.         0.47881349 0.57597626] -> F: 0.43771920596326014
Punto[2.         0.47261899 0.49337237] -> F: 0.1280349067662439
Punto[1.         0.43942569 0.54565373] -> F: 0.44226237773188287
Punto[1.         0.47802574 0.57536981] -> F: 0.438806397360471
Punto[1.         0.47725374 0.57477549] -> F: 0.4398727184406472
Punto[1.         0.47648174 0.57418117] -> F: 0.44093500705551897
Punto[1.         0.47570973 0.57358685] -> F: 0.4419890414687479
Punto[1.         0.47493773 0.57299253] -> F: 0.4430439288696328
Punto[1.         0.47416573 0.57239821] -> F: 0.44409966925817357
Punto[1.         0.47339373 0.57180388] -> F: 0.44515626263437025
Punto[1.         0.47262173 0.57120956] -> F: 0.446213708998223
Punto[1.         0.47184973 0.57061524] -> F: 0.44722519241222564
Punto[1.         0.47107773 0.57002092] -> F: 0.44823510548023676
Punto[1.         0.47030573 0.5694266 ] -> F: 0.4492458454283356
Punto[1.         0.46953373 0.56883228] -> F: 0.45025741225652266
Punto[1.         0.46876173 0.56823795] -> F: 0.45126446659923675
Punto[1.         0.46798972 0.56764363] -> F: 0.45226339343894867
Punto[1.         0.46721772 0.56704931] -> F: 0.4532631373297417
Punto[1.         0.46644572 0.56645499] -> F: 0.45426369827161567
Punto[1.         0.46567372 0.56586067] -> F: 0.4552650762645707
Punto[1.         0.46490172 0.56526634] -> F: 0.4562672713086065
Punto[1.         0.46412972 0.56467202] -> F: 0.4572679473586941
Punto[1.         0.46335772 0.5640777 ] -> F: 0.45825747353252283
Punto[1.         0.46258572 0.56348338] -> F: 0.4582301102993042
Punto[1.         0.46181372 0.56288906] -> F: 0.4577960118757687
Punto[1.         0.46104172 0.56229474] -> F: 0.45736223616758437
Punto[1.         0.46026971 0.56170041] -> F: 0.45692878317475166
Punto[1.         0.45949771 0.56110609] -> F: 0.45649107740235606
Punto[1.         0.45872571 0.56051177] -> F: 0.4560498212185607
Punto[1.         0.45795371 0.55991745] -> F: 0.4556089004823925
Punto[1.         0.45718171 0.55932313] -> F: 0.4551683151938519
Punto[1.         0.45640971 0.55872881] -> F: 0.45472806535293864
Punto[1.         0.45563771 0.55813448] -> F: 0.45428815095965264
Punto[1.         0.45486571 0.55754016] -> F: 0.45384857201399403
Punto[1.         0.45409371 0.55694584] -> F: 0.45328765295262635
Punto[1.         0.45332171 0.55635152] -> F: 0.4526720218276402
Punto[1.        0.4525497 0.5557572] -> F: 0.4520604020447442
Punto[1.         0.4517777  0.55516288] -> F: 0.45145279360393775
Punto[1.         0.4510057  0.55456855] -> F: 0.450849196505221
Punto[1.         0.4502337  0.55397423] -> F: 0.45024961074859415
Punto[1.         0.4494617  0.55337991] -> F: 0.44965403633405715
Punto[1.         0.4486897  0.55278559] -> F: 0.4490624732616097
Punto[1.         0.4479177  0.55219127] -> F: 0.44847492153125224
Punto[1.         0.4471457  0.55159695] -> F: 0.4478913811429844
Punto[1.         0.4463737  0.55100262] -> F: 0.4473118520968063
Punto[1.        0.4456017 0.5504083] -> F: 0.4467363343927181
Punto[1.         0.44482969 0.54981398] -> F: 0.4461648280307196
Punto[1.         0.44405769 0.54921966] -> F: 0.4455973330108109
Punto[1.         0.44328569 0.54862534] -> F: 0.44503384933299195
Punto[1.         0.44251369 0.54803102] -> F: 0.4444743769972628
Punto[1.         0.44174169 0.54743669] -> F: 0.4439189160036233
Punto[1.         0.44096969 0.54684237] -> F: 0.44336746635207386
Punto[1.         0.44019769 0.54624805] -> F: 0.4428181808642591
{
  "seed": 3211,
  "n_per_z": 10,
  "nz": 100,
  "nd": 100,
  "n_muestras": 50,
  "best_f": 0.45825747353252283,
  "best_cp": [
    1.0,
    0.46335771823304506,
    0.5640777015927823
  ],
  "best_u": [
    0.12533323356430448,
    0.9921147013144778,
    0.0
  ],
  "best_index": 23,
  "n_candidatos": 54
}
