Punto[0.         0.42666822 0.54362831] -> F: 0.07826210592146095
Punto[1.         0.36231781 0.48425202] -> F: 0.41561921205088387
Punto[2.         0.36835919 0.36674674] -> F: 0.12299505576763917
Punto[1.         0.39751371 0.45518752] -> F: 0.38361008920425804
Punto[1.         0.36302173 0.48367073] -> F: 0.4175289899040555
Punto[1.         0.36371157 0.48310107] -> F: 0.4193941453201788
Punto[1.         0.36440141 0.4825314 ] -> F: 0.41976352410550977
Punto[1.         0.36509125 0.48196174] -> F: 0.4190091535977664
Punto[1.         0.36578109 0.48139207] -> F: 0.41825586659828173
Punto[1.         0.36647093 0.48082241] -> F: 0.4175036631070558
Punto[1.         0.36716076 0.48025275] -> F: 0.4167525431240888
Punto[1.         0.3678506  0.47968308] -> F: 0.41600250664938043
Punto[1.         0.36854044 0.47911342] -> F: 0.41523899985998175
Punto[1.         0.36923028 0.47854375] -> F: 0.41447402290484864
Punto[1.         0.36992012 0.47797409] -> F: 0.4137101796969208
Punto[1.         0.37060996 0.47740442] -> F: 0.41294747023619854
Punto[1.         0.3712998  0.47683476] -> F: 0.4121858945226813
Punto[1.         0.37198964 0.4762651 ] -> F: 0.41142545255636914
Punto[1.         0.37267948 0.47569543] -> F: 0.4106661443372624
Punto[1.         0.37336932 0.47512577] -> F: 0.4099079698653609
Punto[1.         0.37405916 0.4745561 ] -> F: 0.40915092914066464
Punto[1.         0.374749   0.47398644] -> F: 0.4083950221631736
Punto[1.         0.37543884 0.47341678] -> F: 0.40764024893288786
Punto[1.         0.37612868 0.47284711] -> F: 0.4068866094498074
Punto[1.         0.37681852 0.47227745] -> F: 0.40613410371393205
Punto[1.         0.37750836 0.47170778] -> F: 0.40538273172526196
Punto[1.         0.3781982  0.47113812] -> F: 0.40463249348379726
Punto[1.         0.37888804 0.47056845] -> F: 0.4038833889895378
Punto[1.         0.37957788 0.46999879] -> F: 0.40313541824248345
Punto[1.         0.38026772 0.46942913] -> F: 0.40238858124263444
Punto[1.         0.38095756 0.46885946] -> F: 0.4016428779899906
Punto[1.        0.3816474 0.4682898] -> F: 0.4008892175989895
Punto[1.         0.38233724 0.46772013] -> F: 0.40012889572771076
Punto[1.         0.38302708 0.46715047] -> F: 0.3993697597768811
Punto[1.         0.38371692 0.46658081] -> F: 0.39861180974650007
Punto[1.         0.38440676 0.46601114] -> F: 0.3978550456365681
Punto[1.         0.38509659 0.46544148] -> F: 0.3970994674470848
Punto[1.         0.38578643 0.46487181] -> F: 0.39634507517805057
Punto[1.         0.38647627 0.46430215] -> F: 0.39559186882946507
Punto[1.         0.38716611 0.46373249] -> F: 0.39483984840132846
Punto[1.         0.38785595 0.46316282] -> F: 0.39408901389364065
Punto[1.         0.38854579 0.46259316] -> F: 0.39333936530640173
Punto[1.         0.38923563 0.46202349] -> F: 0.3925909026396117
Punto[1.         0.38992547 0.46145383] -> F: 0.3918436258932706
Punto[1.         0.39061531 0.46088416] -> F: 0.39109753506737815
Punto[1.         0.39130515 0.4603145 ] -> F: 0.3903526301619346
Punto[1.         0.39199499 0.45974484] -> F: 0.3896089111769401
Punto[1.         0.39268483 0.45917517] -> F: 0.3888663781123943
Punto[1.         0.39337467 0.45860551] -> F: 0.3881250309682973
Punto[1.         0.39406451 0.45803584] -> F: 0.3873761070463707
Punto[1.         0.39475435 0.45746618] -> F: 0.3866204229819274
Punto[1.         0.39544419 0.45689652] -> F: 0.38586597916549437
Punto[1.         0.39613403 0.45632685] -> F: 0.3851127755970721
Punto[1.         0.39682387 0.45575719] -> F: 0.38436081227665975
Best centerpoint:  [1.         0.36440141 0.4825314 ] Best F:  0.41976352410550977 Best u:  [-0.4539905   0.88705221  0.08385112] índice:  3
{
  "seed": 2147,
  "n_per_z": 5,
  "nz": 100,
  "nd": 100,
  "n_muestras": 50,
  "best_f": 0.41976352410550977,
  "best_cp": [
    1.0,
    0.36440140625532874,
    0.4825314021268548
  ],
  "best_u": [
    -0.4539904997395467,
    0.8870522056951332,
    0.08385112114715933
  ],
  "n_candidatos": 54
}
