Punto[0.         0.68883776 0.44252802] -> F: 0.09111822843416537
Punto[1.         0.52132513 0.48581728] -> F: 0.3873214920278555
Punto[2.        0.4359289 0.5572066] -> F: 0.16428419664735205
Punto[1.         0.56238333 0.49986731] -> F: 0.37005685036489006
Punto[1.         0.52214629 0.48609828] -> F: 0.389019489284636
Punto[1.         0.52295103 0.48637366] -> F: 0.39068676169788213
Punto[1.         0.52375577 0.48664904] -> F: 0.39235723653493554
Punto[1.         0.52456051 0.48692442] -> F: 0.3940309137957964
Punto[1.         0.52536525 0.4871998 ] -> F: 0.39502693338451506
Punto[1.         0.52616999 0.48747518] -> F: 0.3945158680474438
Punto[1.         0.52697473 0.48775056] -> F: 0.394005358013665
Punto[1.         0.52777948 0.48802594] -> F: 0.3934954032831787
Punto[1.         0.52858422 0.48830133] -> F: 0.3929860038559848
Punto[1.         0.52938896 0.48857671] -> F: 0.39247715973208325
Punto[1.         0.5301937  0.48885209] -> F: 0.3919688709114741
Punto[1.         0.53099844 0.48912747] -> F: 0.39145779691184723
Punto[1.         0.53180318 0.48940285] -> F: 0.39093255698552376
Punto[1.         0.53260792 0.48967823] -> F: 0.3904079126496694
Punto[1.         0.53341266 0.48995361] -> F: 0.3898838639042841
Punto[1.         0.5342174  0.49022899] -> F: 0.38936041074936795
Punto[1.         0.53502214 0.49050437] -> F: 0.3888375531849207
Punto[1.         0.53582688 0.49077975] -> F: 0.38831529121094255
Punto[1.         0.53663162 0.49105513] -> F: 0.3877936248274334
Punto[1.         0.53743637 0.49133051] -> F: 0.38727242211242646
Punto[1.         0.53824111 0.49160589] -> F: 0.38673372464509487
Punto[1.         0.53904585 0.49188127] -> F: 0.3861956652284533
Punto[1.         0.53985059 0.49215665] -> F: 0.3856582438625019
Punto[1.         0.54065533 0.49243204] -> F: 0.38512146054724083
Punto[1.         0.54146007 0.49270742] -> F: 0.38458531528267015
Punto[1.         0.54226481 0.4929828 ] -> F: 0.3840498080687899
Punto[1.         0.54306955 0.49325818] -> F: 0.3835149389055999
Punto[1.         0.54387429 0.49353356] -> F: 0.3829807077930997
Punto[1.         0.54467903 0.49380894] -> F: 0.3824304583851692
Punto[1.         0.54548377 0.49408432] -> F: 0.38187911741567215
Punto[1.         0.54628852 0.4943597 ] -> F: 0.38132845935867743
Punto[1.         0.54709326 0.49463508] -> F: 0.3807784842141847
Punto[1.         0.547898   0.49491046] -> F: 0.3802291919821943
Punto[1.         0.54870274 0.49518584] -> F: 0.3796805826627059
Punto[1.         0.54950748 0.49546122] -> F: 0.37913265625571996
Punto[1.         0.55031222 0.4957366 ] -> F: 0.37858541276123603
Punto[1.         0.55111696 0.49601198] -> F: 0.37802282511859137
Punto[1.         0.5519217  0.49628736] -> F: 0.3774583047558065
Punto[1.         0.55272644 0.49656274] -> F: 0.376894514832275
Punto[1.         0.55353118 0.49683813] -> F: 0.37633145534799667
Punto[1.         0.55433592 0.49711351] -> F: 0.37576912630297116
Punto[1.         0.55514066 0.49738889] -> F: 0.3752075276971991
Punto[1.         0.55594541 0.49766427] -> F: 0.37464665953068027
Punto[1.         0.55675015 0.49793965] -> F: 0.3740865218034144
Punto[1.         0.55755489 0.49821503] -> F: 0.37351091907172007
Punto[1.         0.55835963 0.49849041] -> F: 0.3729332886153592
Punto[1.         0.55916437 0.49876579] -> F: 0.37235643909442073
Punto[1.         0.55996911 0.49904117] -> F: 0.37178037050890433
Punto[1.         0.56077385 0.49931655] -> F: 0.3712050828588106
Punto[1.         0.56157859 0.49959193] -> F: 0.3706305761441391
Best centerpoint:  [1.         0.52536525 0.4871998 ] Best F:  0.39502693338451506 Best u:  [-0.39714789  0.39076091  0.83040921] índice:  5
{
  "seed": 12096,
  "n_per_z": 5,
  "nz": 100,
  "nd": 100,
  "n_muestras": 50,
  "best_f": 0.39502693338451506,
  "best_cp": [
    1.0,
    0.5253652528614348,
    0.48719980303506016
  ],
  "best_u": [
    -0.3971478906347807,
    0.39076091435429394,
    0.8304092128446917
  ],
  "n_candidatos": 54
}
