Punto[0.         0.52764845 0.49362949] -> F: 0.12857352343915848
Punto[1.         0.43377799 0.47564747] -> F: 0.42675993984025556
Punto[2.         0.47072222 0.40482414] -> F: 0.14560552786110567
Punto[1.         0.49918534 0.44922682] -> F: 0.4356766338351851
Punto[1.         0.43508613 0.47511906] -> F: 0.42870881184041126
Punto[1.         0.43636812 0.47460121] -> F: 0.4306232195598867
Punto[1.         0.4376501  0.47408337] -> F: 0.4325353838133422
Punto[1.         0.43893208 0.47356552] -> F: 0.43416955351878694
Punto[1.         0.44021407 0.47304768] -> F: 0.43562388671430663
Punto[1.         0.44149605 0.47252983] -> F: 0.4370349191165697
Punto[1.         0.44277804 0.47201199] -> F: 0.43842513194902855
Punto[1.         0.44406002 0.47149414] -> F: 0.43979199139371145
Punto[1.        0.445342  0.4709763] -> F: 0.4411604809837386
Punto[1.         0.44662399 0.47045845] -> F: 0.4425306007191101
Punto[1.         0.44790597 0.46994061] -> F: 0.4438688718542558
Punto[1.         0.44918796 0.46942277] -> F: 0.44519534746331596
Punto[1.         0.45046994 0.46890492] -> F: 0.4465179638824843
Punto[1.         0.45175193 0.46838708] -> F: 0.44770724907253356
Punto[1.         0.45303391 0.46786923] -> F: 0.4487907975870154
Punto[1.         0.45431589 0.46735139] -> F: 0.4498334997601879
Punto[1.         0.45559788 0.46683354] -> F: 0.450841772597121
Punto[1.         0.45687986 0.4663157 ] -> F: 0.45181445783705504
Punto[1.         0.45816185 0.46579785] -> F: 0.4525890752502073
Punto[1.         0.45944383 0.46528001] -> F: 0.4533232729243699
Punto[1.         0.46072581 0.46476216] -> F: 0.45401706461835073
Punto[1.         0.4620078  0.46424432] -> F: 0.454661475315375
Punto[1.         0.46328978 0.46372647] -> F: 0.45525698276749016
Punto[1.         0.46457177 0.46320863] -> F: 0.4558043081561646
Punto[1.         0.46585375 0.46269078] -> F: 0.4554841865800363
Punto[1.         0.46713573 0.46217294] -> F: 0.4549404926082598
Punto[1.         0.46841772 0.46165509] -> F: 0.45439924747917265
Punto[1.         0.4696997  0.46113725] -> F: 0.4538604511927749
Punto[1.         0.47098169 0.4606194 ] -> F: 0.45332410374906623
Punto[1.         0.47226367 0.46010156] -> F: 0.4527902051480469
Punto[1.         0.47354566 0.45958371] -> F: 0.4522587553897167
Punto[1.         0.47482764 0.45906587] -> F: 0.45169757163532337
Punto[1.         0.47610962 0.45854802] -> F: 0.4509184876737824
Punto[1.         0.47739161 0.45803018] -> F: 0.4501397510067983
Punto[1.         0.47867359 0.45751233] -> F: 0.4493613616343709
Punto[1.         0.47995558 0.45699449] -> F: 0.44858331955650027
Punto[1.         0.48123756 0.45647664] -> F: 0.4478056247731863
Punto[1.         0.48251954 0.4559588 ] -> F: 0.4470282772844291
Punto[1.         0.48380153 0.45544095] -> F: 0.4462510745158032
Punto[1.         0.48508351 0.45492311] -> F: 0.44547343294741887
Punto[1.         0.4863655  0.45440526] -> F: 0.4446964862668435
Punto[1.         0.48764748 0.45388742] -> F: 0.4439202344740771
Punto[1.         0.48892946 0.45336957] -> F: 0.44314467756911974
Punto[1.         0.49021145 0.45285173] -> F: 0.44236981555197136
Punto[1.         0.49149343 0.45233388] -> F: 0.441595648422632
Punto[1.         0.49277542 0.45181604] -> F: 0.4408221761811016
Punto[1.        0.4940574 0.4512982] -> F: 0.4400493988273802
Punto[1.         0.49533938 0.45078035] -> F: 0.43927148142424677
Punto[1.         0.49662137 0.45026251] -> F: 0.4381640630254169
Punto[1.         0.49790335 0.44974466] -> F: 0.4370431190188653
{
  "seed": 18261,
  "n_per_z": 10,
  "nz": 100,
  "nd": 100,
  "n_muestras": 50,
  "best_f": 0.4558043081561646,
  "best_cp": [
    1.0,
    0.46457176632563446,
    0.4632086268174004
  ],
  "best_u": [
    -0.21814324139654234,
    0.06127832049949934,
    0.9739910131360404
  ],
  "best_index": 27,
  "n_candidatos": 54
}
