Punto[0.         0.54839093 0.53801891] -> F: 0.17998580479803325
Punto[1.         0.50150003 0.47144705] -> F: 0.3567675728411353
Punto[2.         0.62505609 0.60299135] -> F: 0.07714966934909404
Punto[1.         0.58672351 0.57050513] -> F: 0.31154215501944543
Punto[1.         0.5032045  0.47342821] -> F: 0.3596758764514453
Punto[1.         0.50487488 0.47536975] -> F: 0.36253879130382594
Punto[1.         0.50654526 0.47731129] -> F: 0.365414354406703
Punto[1.         0.50821564 0.47925283] -> F: 0.3682906921685918
Punto[1.         0.50988602 0.48119436] -> F: 0.3711534475531083
Punto[1.        0.5115564 0.4831359] -> F: 0.37402901859602133
Punto[1.         0.51322678 0.48507744] -> F: 0.37687260232829295
Punto[1.         0.51489716 0.48701898] -> F: 0.3778566919258945
Punto[1.         0.51656754 0.48896052] -> F: 0.37619272433041734
Punto[1.         0.51823792 0.49090206] -> F: 0.37453455526173884
Punto[1.         0.5199083  0.49284359] -> F: 0.3728821847198586
Punto[1.         0.52157868 0.49478513] -> F: 0.37123561270477723
Punto[1.         0.52324906 0.49672667] -> F: 0.3695948392164941
Punto[1.         0.52491944 0.49866821] -> F: 0.3679598642550096
Punto[1.         0.52658982 0.50060975] -> F: 0.36633068782032363
Punto[1.         0.5282602  0.50255129] -> F: 0.36470730991243616
Punto[1.         0.52993058 0.50449282] -> F: 0.36308973053134724
Punto[1.         0.53160096 0.50643436] -> F: 0.3614779496770568
Punto[1.         0.53327134 0.5083759 ] -> F: 0.3598719673495649
Punto[1.         0.53494172 0.51031744] -> F: 0.35827178354887157
Punto[1.         0.5366121  0.51225898] -> F: 0.3566773982749767
Punto[1.         0.53828248 0.51420052] -> F: 0.3550888115278804
Punto[1.         0.53995286 0.51614206] -> F: 0.35350602330758263
Punto[1.         0.54162325 0.51808359] -> F: 0.35192903361408334
Punto[1.         0.54329363 0.52002513] -> F: 0.35035784244738266
Punto[1.         0.54496401 0.52196667] -> F: 0.3487924498074803
Punto[1.         0.54663439 0.52390821] -> F: 0.3472328556943768
Punto[1.         0.54830477 0.52584975] -> F: 0.3456790601080716
Punto[1.         0.54997515 0.52779129] -> F: 0.344131063048565
Punto[1.         0.55164553 0.52973282] -> F: 0.3425888645158568
Punto[1.         0.55331591 0.53167436] -> F: 0.3410524645099472
Punto[1.         0.55498629 0.5336159 ] -> F: 0.33952186303083615
Punto[1.         0.55665667 0.53555744] -> F: 0.3379970600785236
Punto[1.         0.55832705 0.53749898] -> F: 0.33647805565300964
Punto[1.         0.55999743 0.53944052] -> F: 0.3349648497542942
Punto[1.         0.56166781 0.54138206] -> F: 0.3334574423823772
Punto[1.         0.56333819 0.54332359] -> F: 0.33195583353725866
Punto[1.         0.56500857 0.54526513] -> F: 0.33046002321893875
Punto[1.         0.56667895 0.54720667] -> F: 0.32897001142741733
Punto[1.         0.56834933 0.54914821] -> F: 0.3274857981626945
Punto[1.         0.57001971 0.55108975] -> F: 0.32600738342477015
Punto[1.         0.57169009 0.55303129] -> F: 0.3245347672136443
Punto[1.         0.57336047 0.55497282] -> F: 0.32306794952931706
Punto[1.         0.57503085 0.55691436] -> F: 0.3216069303717882
Punto[1.         0.57670123 0.5588559 ] -> F: 0.32015170974105794
Punto[1.         0.57837161 0.56079744] -> F: 0.31870228763712627
Punto[1.         0.58004199 0.56273898] -> F: 0.3172586640599931
Punto[1.         0.58171237 0.56468052] -> F: 0.3158208390096584
Punto[1.         0.58338275 0.56662206] -> F: 0.3143888124861221
Punto[1.         0.58505313 0.56856359] -> F: 0.31296258448938463
{
  "seed": 18313,
  "n_per_z": 10,
  "nz": 100,
  "nd": 100,
  "n_muestras": 50,
  "best_f": 0.3778566919258945,
  "best_cp": [
    1.0,
    0.5148971635964853,
    0.4870189788263837
  ],
  "best_u": [
    0.9995065603657316,
    0.02002197137261541,
    0.02420240583533769
  ],
  "best_index": 11,
  "n_candidatos": 54
}
