Punto[0.         0.44569454 0.55934763] -> F: 0.11689458178910016
Punto[1.         0.53794112 0.56472491] -> F: 0.38582195211058445
Punto[2.         0.50051331 0.44850602] -> F: 0.15979258527061893
Punto[1.         0.47310392 0.50392683] -> F: 0.4152493790988479
Punto[1.         0.53664438 0.56350895] -> F: 0.38863510261899425
Punto[1.         0.53537357 0.56231731] -> F: 0.3913969691283954
Punto[1.         0.53410276 0.56112566] -> F: 0.3941633464251029
Punto[1.         0.53283195 0.55993402] -> F: 0.39686348385998316
Punto[1.         0.53156114 0.55874238] -> F: 0.3995488337828195
Punto[1.         0.53029033 0.55755074] -> F: 0.40223925234077057
Punto[1.         0.52901953 0.55635909] -> F: 0.40493473953383674
Punto[1.         0.52774872 0.55516745] -> F: 0.40763529536201765
Punto[1.         0.52647791 0.55397581] -> F: 0.4103409198253131
Punto[1.         0.5252071  0.55278417] -> F: 0.4130516129237239
Punto[1.         0.52393629 0.55159252] -> F: 0.4157673746572493
Punto[1.         0.52266548 0.55040088] -> F: 0.4184882050258898
Punto[1.         0.52139467 0.54920924] -> F: 0.42121410402964476
Punto[1.         0.52012386 0.5480176 ] -> F: 0.42394507166851464
Punto[1.         0.51885305 0.54682595] -> F: 0.426681105504015
Punto[1.         0.51758224 0.54563431] -> F: 0.4293333751503002
Punto[1.         0.51631143 0.54444267] -> F: 0.431984542122889
Punto[1.         0.51504063 0.54325103] -> F: 0.43464077773059234
Punto[1.         0.51376982 0.54205938] -> F: 0.43730208197341086
Punto[1.         0.51249901 0.54086774] -> F: 0.43996834326605055
Punto[1.        0.5112282 0.5396761] -> F: 0.4426379697634909
Punto[1.         0.50995739 0.53848446] -> F: 0.44296332922503356
Punto[1.         0.50868658 0.53729281] -> F: 0.4423084506199877
Punto[1.         0.50741577 0.53610117] -> F: 0.4416344587547076
Punto[1.         0.50614496 0.53490953] -> F: 0.44095607857003005
Punto[1.         0.50487415 0.53371789] -> F: 0.4402141391565165
Punto[1.         0.50360334 0.53252624] -> F: 0.4392352773387226
Punto[1.         0.50233253 0.5313346 ] -> F: 0.4382574378543209
Punto[1.         0.50106173 0.53014296] -> F: 0.43728062070331125
Punto[1.         0.49979092 0.52895132] -> F: 0.4363048258856938
Punto[1.         0.49852011 0.52775967] -> F: 0.4353300534014685
Punto[1.         0.4972493  0.52656803] -> F: 0.43435630325063534
Punto[1.         0.49597849 0.52537639] -> F: 0.4333814878964615
Punto[1.         0.49470768 0.52418475] -> F: 0.43239987440170524
Punto[1.         0.49343687 0.52299311] -> F: 0.43141930421102437
Punto[1.         0.49216606 0.52180146] -> F: 0.43043977732441924
Punto[1.         0.49089525 0.52060982] -> F: 0.4294612937418895
Punto[1.         0.48962444 0.51941818] -> F: 0.42848385346343537
Punto[1.         0.48835363 0.51822654] -> F: 0.42750745648905686
Punto[1.         0.48708283 0.51703489] -> F: 0.4265321028187538
Punto[1.         0.48581202 0.51584325] -> F: 0.4255499555342017
Punto[1.         0.48454121 0.51465161] -> F: 0.4245667733493404
Punto[1.         0.4832704  0.51345997] -> F: 0.4235846558640912
Punto[1.         0.48199959 0.51226832] -> F: 0.42260360307845435
Punto[1.         0.48072878 0.51107668] -> F: 0.42162361499242984
Punto[1.         0.47945797 0.50988504] -> F: 0.4206446916060176
Punto[1.         0.47818716 0.5086934 ] -> F: 0.4196668329192175
Punto[1.         0.47691635 0.50750175] -> F: 0.4186854311677553
Punto[1.         0.47564554 0.50631011] -> F: 0.41769973904253405
Punto[1.         0.47437473 0.50511847] -> F: 0.41659032940963286
{
  "seed": 7075,
  "n_per_z": 10,
  "nz": 100,
  "nd": 100,
  "n_muestras": 50,
  "best_f": 0.44296332922503356,
  "best_cp": [
    1.0,
    0.5099573887795272,
    0.5384844567752273
  ],
  "best_u": [
    -0.9995065603657316,
    -0.03141075907812829,
    -0.0
  ],
  "best_index": 25,
  "n_candidatos": 54
}
