Punto[0.         0.42233683 0.50474822] -> F: 0.09943345983339874
Punto[1.         0.47257644 0.43350733] -> F: 0.36914475340693415
Punto[2.         0.29595344 0.34913667] -> F: 0.0783108963069144
Punto[1.         0.35914513 0.42694244] -> F: 0.3498097899721785
Punto[1.         0.47030782 0.43337604] -> F: 0.3706460678981583
Punto[1.         0.46808456 0.43324736] -> F: 0.37211874760129404
Punto[1.         0.46586131 0.43311869] -> F: 0.37364685280200727
Punto[1.         0.46363806 0.43299002] -> F: 0.37553328420823
Punto[1.         0.4614148  0.43286135] -> F: 0.37782512094379805
Punto[1.         0.45919155 0.43273268] -> F: 0.380522363008712
Punto[1.         0.4569683  0.43260401] -> F: 0.3836153053177648
Punto[1.         0.45474504 0.43247533] -> F: 0.3865199484939224
Punto[1.         0.45252179 0.43234666] -> F: 0.3884329253019359
Punto[1.         0.45029853 0.43221799] -> F: 0.39016326525380607
Punto[1.         0.44807528 0.43208932] -> F: 0.39172410365368227
Punto[1.         0.44585203 0.43196065] -> F: 0.3932864515192476
Punto[1.         0.44362877 0.43183197] -> F: 0.3948503088505022
Punto[1.         0.44140552 0.4317033 ] -> F: 0.39641567564744573
Punto[1.         0.43918227 0.43157463] -> F: 0.39798255191007836
Punto[1.         0.43695901 0.43144596] -> F: 0.3995744519640492
Punto[1.         0.43473576 0.43131729] -> F: 0.4012485907339066
Punto[1.         0.43251251 0.43118861] -> F: 0.40300754324859167
Punto[1.         0.43028925 0.43105994] -> F: 0.4048513095081044
Punto[1.         0.428066   0.43093127] -> F: 0.40656697079929066
Punto[1.         0.42584274 0.4308026 ] -> F: 0.4080730379349689
Punto[1.         0.42361949 0.43067393] -> F: 0.40958048251681006
Punto[1.         0.42139624 0.43054526] -> F: 0.4110893045448143
Punto[1.         0.41917298 0.43041658] -> F: 0.4125995040189813
Punto[1.         0.41694973 0.43028791] -> F: 0.41187593692423724
Punto[1.         0.41472648 0.43015924] -> F: 0.40990216552659375
Punto[1.         0.41250322 0.43003057] -> F: 0.40793100729629067
Punto[1.         0.41027997 0.4299019 ] -> F: 0.40596246223332816
Punto[1.         0.40805672 0.42977322] -> F: 0.40399653033770605
Punto[1.         0.40583346 0.42964455] -> F: 0.40203321160942457
Punto[1.         0.40361021 0.42951588] -> F: 0.4000714845792542
Punto[1.         0.40138695 0.42938721] -> F: 0.39810498877985895
Punto[1.         0.3991637  0.42925854] -> F: 0.39614112864419776
Punto[1.         0.39694045 0.42912987] -> F: 0.39417990417227067
Punto[1.         0.39471719 0.42900119] -> F: 0.3922213153640776
Punto[1.         0.39249394 0.42887252] -> F: 0.3902653622196186
Punto[1.         0.39027069 0.42874385] -> F: 0.38831204473889375
Punto[1.         0.38804743 0.42861518] -> F: 0.3863613629219029
Punto[1.         0.38582418 0.42848651] -> F: 0.38402751109929106
Punto[1.         0.38360092 0.42835783] -> F: 0.3812151578212826
Punto[1.         0.38137767 0.42822916] -> F: 0.37843520585872
Punto[1.         0.37915442 0.42810049] -> F: 0.37569065204971946
Punto[1.         0.37693116 0.42797182] -> F: 0.3729815908216532
Punto[1.         0.37470791 0.42784315] -> F: 0.3703080221745214
Punto[1.         0.37248466 0.42771447] -> F: 0.36766994610832376
Punto[1.        0.3702614 0.4275858] -> F: 0.36491310304677843
Punto[1.         0.36803815 0.42745713] -> F: 0.3618436289144683
Punto[1.         0.3658149  0.42732846] -> F: 0.35880534626120814
Punto[1.         0.36359164 0.42719979] -> F: 0.3557982550869978
Punto[1.         0.36136839 0.42707112] -> F: 0.3527992279816683
Best centerpoint:  [1.         0.41917298 0.43041658] Best F:  0.4125995040189813 Best u:  [ 0.06279052  0.63616618 -0.76899281] índice:  24
{
  "seed": 2690,
  "n_per_z": 5,
  "nz": 100,
  "nd": 100,
  "n_muestras": 50,
  "best_f": 0.4125995040189813,
  "best_cp": [
    1.0,
    0.41917298339101455,
    0.43041658365282265
  ],
  "best_u": [
    0.0627905195293134,
    0.6361661791105809,
    -0.7689928108981795
  ],
  "n_candidatos": 54
}
