Punto[0.         0.65876887 0.54462061] -> F: 0.1078882689079603
Punto[1.         0.65696405 0.49997666] -> F: 0.3847240721376819
Punto[2.         0.67908185 0.55762378] -> F: 0.16287063945365363
Punto[1.         0.66892536 0.55112219] -> F: 0.3857242499723245
Punto[1.         0.65720328 0.50099957] -> F: 0.38686605532362073
Punto[1.         0.65743772 0.50200202] -> F: 0.38898045022321515
Punto[1.         0.65767216 0.50300447] -> F: 0.3910935090726675
Punto[1.         0.6579066  0.50400693] -> F: 0.3932052318719781
Punto[1.         0.65814105 0.50500938] -> F: 0.395315618621147
Punto[1.         0.65837549 0.50601183] -> F: 0.3974246693201741
Punto[1.         0.65860993 0.50701428] -> F: 0.3995323839690593
Punto[1.         0.65884437 0.50801674] -> F: 0.40133051238782014
Punto[1.         0.65907881 0.50901919] -> F: 0.4025382107919824
Punto[1.         0.65931325 0.51002164] -> F: 0.4037651371272231
Punto[1.         0.6595477  0.51102409] -> F: 0.4050110416821955
Punto[1.         0.65978214 0.51202655] -> F: 0.4062409807780576
Punto[1.         0.66001658 0.513029  ] -> F: 0.4073440127519526
Punto[1.         0.66025102 0.51403145] -> F: 0.4084455377472345
Punto[1.         0.66048546 0.5150339 ] -> F: 0.4095455557639031
Punto[1.         0.6607199  0.51603636] -> F: 0.41064406680195825
Punto[1.         0.66095435 0.51703881] -> F: 0.4107031966924222
Punto[1.         0.66118879 0.51804126] -> F: 0.41002008606969137
Punto[1.         0.66142323 0.51904371] -> F: 0.40933774336757517
Punto[1.         0.66165767 0.52004617] -> F: 0.40865616858607356
Punto[1.         0.66189211 0.52104862] -> F: 0.40797536172518656
Punto[1.         0.66212655 0.52205107] -> F: 0.4072953227849141
Punto[1.         0.662361   0.52305352] -> F: 0.4066160517652562
Punto[1.         0.66259544 0.52405598] -> F: 0.4059285793590361
Punto[1.         0.66282988 0.52505843] -> F: 0.40523299112851807
Punto[1.         0.66306432 0.52606088] -> F: 0.4045382118573793
Punto[1.         0.66329876 0.52706333] -> F: 0.4038442415456197
Punto[1.         0.6635332  0.52806579] -> F: 0.4031510801932393
Punto[1.         0.66376764 0.52906824] -> F: 0.4024587278002382
Punto[1.         0.66400209 0.53007069] -> F: 0.4017671843666162
Punto[1.         0.66423653 0.53107314] -> F: 0.4010764498923733
Punto[1.         0.66447097 0.5320756 ] -> F: 0.4003865243775097
Punto[1.         0.66470541 0.53307805] -> F: 0.39968550047483964
Punto[1.         0.66493985 0.5340805 ] -> F: 0.398985644099652
Punto[1.         0.66517429 0.53508295] -> F: 0.3982866867693561
Punto[1.         0.66540874 0.53608541] -> F: 0.3975882117718441
Punto[1.         0.66564318 0.53708786] -> F: 0.39689021863784396
Punto[1.         0.66587762 0.53809031] -> F: 0.39619270736735585
Punto[1.         0.66611206 0.53909276] -> F: 0.3954956779603796
Punto[1.         0.6663465  0.54009522] -> F: 0.3947170138455739
Punto[1.         0.66658094 0.54109767] -> F: 0.39392094824172724
Punto[1.         0.66681539 0.54210012] -> F: 0.3931269428725548
Punto[1.         0.66704983 0.54310257] -> F: 0.3923349977380565
Punto[1.         0.66728427 0.54410503] -> F: 0.39154516715725673
Punto[1.         0.66751871 0.54510748] -> F: 0.39075752102513256
Punto[1.         0.66775315 0.54610993] -> F: 0.3899720596112551
Punto[1.         0.66798759 0.54711238] -> F: 0.3891887829156243
Punto[1.         0.66822204 0.54811484] -> F: 0.3883724086049355
Punto[1.         0.66845648 0.54911729] -> F: 0.387487411616666
Punto[1.         0.66869092 0.55011974] -> F: 0.38660469207246256
Best centerpoint:  [1.         0.66095435 0.51703881] Best F:  0.4107031966924222 Best u:  [-0.4539905   0.56794893  0.68653233] índice:  17
{
  "seed": 15945,
  "n_per_z": 5,
  "nz": 100,
  "nd": 100,
  "n_muestras": 50,
  "best_f": 0.4107031966924222,
  "best_cp": [
    1.0,
    0.6609543457351227,
    0.5170388091081778
  ],
  "best_u": [
    -0.4539904997395467,
    0.5679489335402619,
    0.6865323262867641
  ],
  "n_candidatos": 54
}
