Punto[0.         0.44700199 0.52728682] -> F: 0.1691739911816453
Punto[1.         0.51025636 0.45167842] -> F: 0.3264203533693998
Punto[2.         0.39724682 0.44129399] -> F: 0.035476151037720054
Punto[1.         0.4221244  0.48429041] -> F: 0.24724050221980812
Punto[1.         0.50849372 0.45233066] -> F: 0.3280734258240974
Punto[1.         0.50676633 0.45296985] -> F: 0.326519509856786
Punto[1.         0.50503895 0.45360905] -> F: 0.32496954129451894
Punto[1.         0.50331156 0.45424824] -> F: 0.3234211876223564
Punto[1.         0.50158417 0.45488744] -> F: 0.3218443131970397
Punto[1.         0.49985679 0.45552663] -> F: 0.3202715666236098
Punto[1.         0.4981294  0.45616583] -> F: 0.31870294790206655
Punto[1.         0.49640202 0.45680502] -> F: 0.3171384570324101
Punto[1.         0.49467463 0.45744422] -> F: 0.3155780940146402
Punto[1.         0.49294724 0.45808341] -> F: 0.31401268758558804
Punto[1.         0.49121986 0.45872261] -> F: 0.3124257265412693
Punto[1.         0.48949247 0.4593618 ] -> F: 0.3108430812120811
Punto[1.         0.48776508 0.460001  ] -> F: 0.3092647515980233
Punto[1.         0.4860377  0.46064019] -> F: 0.3076907376990961
Punto[1.         0.48431031 0.46127939] -> F: 0.30612103951529945
Punto[1.         0.48258293 0.46191858] -> F: 0.30453420639265294
Punto[1.         0.48085554 0.46255778] -> F: 0.3029381725831628
Punto[1.         0.47912815 0.46319697] -> F: 0.30134665061613364
Punto[1.         0.47740077 0.46383617] -> F: 0.29975964049156584
Punto[1.         0.47567338 0.46447536] -> F: 0.29817714220945923
Punto[1.         0.47394599 0.46511456] -> F: 0.29659577072633375
Punto[1.         0.47221861 0.46575375] -> F: 0.29498694926854285
Punto[1.         0.47049122 0.46639295] -> F: 0.2933828450025036
Punto[1.         0.46876383 0.46703214] -> F: 0.29178345792821625
Punto[1.         0.46703645 0.46767134] -> F: 0.2901887880456805
Punto[1.         0.46530906 0.46831053] -> F: 0.28859883535489644
Punto[1.         0.46358168 0.46894973] -> F: 0.28698851470277187
Punto[1.         0.46185429 0.46958892] -> F: 0.285372402269581
Punto[1.         0.4601269  0.47022812] -> F: 0.28376122268739123
Punto[1.         0.45839952 0.47086731] -> F: 0.28215497595620287
Punto[1.         0.45667213 0.47150651] -> F: 0.28055366207601573
Punto[1.         0.45494474 0.4721457 ] -> F: 0.27894227445051284
Punto[1.         0.45321736 0.4727849 ] -> F: 0.27731469203399
Punto[1.         0.45148997 0.47342409] -> F: 0.2756922696801396
Punto[1.         0.44976259 0.47406329] -> F: 0.2740750073889619
Punto[1.         0.4480352  0.47470248] -> F: 0.2724629051604569
Punto[1.         0.44630781 0.47534168] -> F: 0.27084787375628916
Punto[1.         0.44458043 0.47598087] -> F: 0.2692093230856328
Punto[1.         0.44285304 0.47662007] -> F: 0.2675761726685831
Punto[1.         0.44112565 0.47725926] -> F: 0.26594842250514045
Punto[1.         0.43939827 0.47789846] -> F: 0.2643260725953046
Punto[1.         0.43767088 0.47853765] -> F: 0.2626511010785672
Punto[1.         0.43594349 0.47917685] -> F: 0.26097618112878446
Punto[1.         0.43421611 0.47981604] -> F: 0.2593146046278403
Punto[1.         0.43248872 0.48045524] -> F: 0.2576589918363532
Punto[1.         0.43076134 0.48109443] -> F: 0.25600753985041697
Punto[1.         0.42903395 0.48173363] -> F: 0.2543602486700314
Punto[1.         0.42730656 0.48237282] -> F: 0.2525786873143611
Punto[1.         0.42557918 0.48301202] -> F: 0.2507827265349782
Punto[1.         0.42385179 0.48365121] -> F: 0.2490033315034605
Best centerpoint:  [1.         0.50849372 0.45233066] Best F:  0.3280734258240974 Best u:  [ 0.99950656 -0.01765547  0.02597923] índice:  1
{
  "seed": 5656,
  "n_per_z": 5,
  "nz": 100,
  "nd": 100,
  "n_muestras": 50,
  "best_f": 0.3280734258240974,
  "best_cp": [
    1.0,
    0.5084937197426025,
    0.452330655582518
  ],
  "best_u": [
    0.9995065603657316,
    -0.01765546556353383,
    0.02597922865673825
  ],
  "n_candidatos": 54
}
