Punto[0.         0.45903281 0.47747987] -> F: 0.15555432998184165
Punto[1.         0.46392614 0.48948495] -> F: 0.43388707713048724
Punto[2.         0.40752947 0.52384317] -> F: 0.11943927631726965
Punto[1.         0.43328114 0.50066152] -> F: 0.44236635823995896
Punto[1.         0.46331324 0.48970848] -> F: 0.43460875251091213
Punto[1.         0.4627126  0.48992754] -> F: 0.4353172208990621
Punto[1.         0.46211196 0.4901466 ] -> F: 0.43602690341350236
Punto[1.         0.46151132 0.49036566] -> F: 0.43673780005423224
Punto[1.         0.46091067 0.49058472] -> F: 0.43744991082125223
Punto[1.         0.46031003 0.49080378] -> F: 0.438163235714562
Punto[1.         0.45970939 0.49102285] -> F: 0.4388777747341616
Punto[1.         0.45910875 0.49124191] -> F: 0.4395935278800514
Punto[1.         0.45850811 0.49146097] -> F: 0.440310495152231
Punto[1.         0.45790746 0.49168003] -> F: 0.4410286765507005
Punto[1.         0.45730682 0.49189909] -> F: 0.44174807207546
Punto[1.         0.45670618 0.49211815] -> F: 0.4424453574198073
Punto[1.         0.45610554 0.49233721] -> F: 0.44313891351134865
Punto[1.         0.4555049  0.49255627] -> F: 0.4438375358973453
Punto[1.         0.45490425 0.49277533] -> F: 0.44454122457779666
Punto[1.         0.45430361 0.49299439] -> F: 0.44524997955270307
Punto[1.         0.45370297 0.49321345] -> F: 0.4459638008220643
Punto[1.         0.45310233 0.49343251] -> F: 0.4466826883858803
Punto[1.         0.45250169 0.49365157] -> F: 0.44735977136573374
Punto[1.         0.45190104 0.49387063] -> F: 0.4479331407152469
Punto[1.        0.4513004 0.4940897] -> F: 0.44850881534798015
Punto[1.         0.45069976 0.49430876] -> F: 0.44908679526393325
Punto[1.         0.45009912 0.49452782] -> F: 0.44966708046310644
Punto[1.         0.44949848 0.49474688] -> F: 0.45024967094549934
Punto[1.         0.44889783 0.49496594] -> F: 0.4507694417008361
Punto[1.         0.44829719 0.495185  ] -> F: 0.45088098989603326
Punto[1.         0.44769655 0.49540406] -> F: 0.4505803141049204
Punto[1.         0.44709591 0.49562312] -> F: 0.4502798037578989
Punto[1.         0.44649527 0.49584218] -> F: 0.44997945885496876
Punto[1.         0.44589462 0.49606124] -> F: 0.4496792793961301
Punto[1.         0.44529398 0.4962803 ] -> F: 0.4493792653813827
Punto[1.         0.44469334 0.49649936] -> F: 0.4490794168107267
Punto[1.         0.4440927  0.49671842] -> F: 0.4487797336841622
Punto[1.         0.44349206 0.49693749] -> F: 0.4484433884892626
Punto[1.         0.44289141 0.49715655] -> F: 0.44809657776542067
Punto[1.         0.44229077 0.49737561] -> F: 0.4477502111211643
Punto[1.         0.44169013 0.49759467] -> F: 0.44740428855649345
Punto[1.         0.44108949 0.49781373] -> F: 0.4470558050166415
Punto[1.         0.44048885 0.49803279] -> F: 0.44669286847983863
Punto[1.         0.4398882  0.49825185] -> F: 0.4463303002533149
Punto[1.         0.43928756 0.49847091] -> F: 0.4459681003370698
Punto[1.         0.43868692 0.49868997] -> F: 0.44560626873110387
Punto[1.         0.43808628 0.49890903] -> F: 0.4452448054354166
Punto[1.         0.43748564 0.49912809] -> F: 0.4448837104500082
Punto[1.         0.43688499 0.49934715] -> F: 0.4445229837748789
Punto[1.         0.43628435 0.49956621] -> F: 0.4441626254100285
Punto[1.         0.43568371 0.49978527] -> F: 0.4438026353554568
Punto[1.         0.43508307 0.50000434] -> F: 0.44344301361116395
Punto[1.         0.43448243 0.5002234 ] -> F: 0.44308376017715
Punto[1.         0.43388178 0.50044246] -> F: 0.44272487505341507
{
  "seed": 7034,
  "n_per_z": 10,
  "nz": 100,
  "nd": 100,
  "n_muestras": 50,
  "best_f": 0.45088098989603326,
  "best_cp": [
    1.0,
    0.4482971921667467,
    0.4951849993075348
  ],
  "best_u": [
    0.3090169943749471,
    -0.7514820734031781,
    -0.5829092472599267
  ],
  "best_index": 29,
  "n_candidatos": 54
}
