Punto[0.         0.56251593 0.46433725] -> F: 0.12265644467080794
Punto[1.         0.52986719 0.4934958 ] -> F: 0.4097337973074386
Punto[2.         0.61937463 0.55741582] -> F: 0.1460967715751079
Punto[1.         0.59094528 0.51087654] -> F: 0.435862530624948
Punto[1.         0.53108875 0.49384341] -> F: 0.41167629848070536
Punto[1.         0.53228588 0.49418408] -> F: 0.41358421712713006
Punto[1.         0.53348301 0.49452474] -> F: 0.41549636016415054
Punto[1.         0.53468014 0.4948654 ] -> F: 0.4174127275917677
Punto[1.         0.53587727 0.49520606] -> F: 0.41933331940998114
Punto[1.         0.5370744  0.49554673] -> F: 0.4212581356187909
Punto[1.         0.53827154 0.49588739] -> F: 0.42318717621819707
Punto[1.         0.53946867 0.49622805] -> F: 0.4251204412081994
Punto[1.         0.5406658  0.49656871] -> F: 0.4270579305887982
Punto[1.         0.54186293 0.49690938] -> F: 0.4289996443599932
Punto[1.         0.54306006 0.49725004] -> F: 0.430945582521785
Punto[1.         0.54425719 0.4975907 ] -> F: 0.4328957450741727
Punto[1.         0.54545432 0.49793136] -> F: 0.4348501320171568
Punto[1.         0.54665145 0.49827203] -> F: 0.43680874335073716
Punto[1.         0.54784858 0.49861269] -> F: 0.43877157907491404
Punto[1.         0.54904571 0.49895335] -> F: 0.44073863918968703
Punto[1.         0.55024284 0.49929401] -> F: 0.4427099236950568
Punto[1.         0.55143997 0.49963468] -> F: 0.4446854325910227
Punto[1.         0.5526371  0.49997534] -> F: 0.4466651658775849
Punto[1.         0.55383423 0.500316  ] -> F: 0.44864912355474335
Punto[1.         0.55503136 0.50065666] -> F: 0.45063730562249826
Punto[1.         0.55622849 0.50099733] -> F: 0.45262971208084946
Punto[1.         0.55742563 0.50133799] -> F: 0.454626342929797
Punto[1.         0.55862276 0.50167865] -> F: 0.4566271981693409
Punto[1.         0.55981989 0.50201931] -> F: 0.4586319244127852
Punto[1.         0.56101702 0.50235998] -> F: 0.4603734275104042
Punto[1.         0.56221415 0.50270064] -> F: 0.4598708880448377
Punto[1.         0.56341128 0.5030413 ] -> F: 0.45936876593327325
Punto[1.         0.56460841 0.50338196] -> F: 0.4586523422882823
Punto[1.         0.56580554 0.50372263] -> F: 0.45772937246946094
Punto[1.         0.56700267 0.50406329] -> F: 0.45682890111558877
Punto[1.         0.5681998  0.50440395] -> F: 0.45595092822666583
Punto[1.         0.56939693 0.50474461] -> F: 0.4550954538026922
Punto[1.         0.57059406 0.50508528] -> F: 0.4542624778436675
Punto[1.         0.57179119 0.50542594] -> F: 0.4534520003495922
Punto[1.         0.57298832 0.5057666 ] -> F: 0.4526199455160756
Punto[1.         0.57418545 0.50610726] -> F: 0.4517011465521616
Punto[1.         0.57538258 0.50644793] -> F: 0.4507939786229418
Punto[1.         0.57657971 0.50678859] -> F: 0.44989844172841625
Punto[1.         0.57777685 0.50712925] -> F: 0.44901453586858514
Punto[1.         0.57897398 0.50746991] -> F: 0.4481422610434486
Punto[1.         0.58017111 0.50781058] -> F: 0.4472816172530061
Punto[1.         0.58136824 0.50815124] -> F: 0.4464156411459926
Punto[1.         0.58256537 0.5084919 ] -> F: 0.4453713737000656
Punto[1.         0.5837625  0.50883256] -> F: 0.4440375095960928
Punto[1.         0.58495963 0.50917322] -> F: 0.44272614395706933
Punto[1.         0.58615676 0.50951389] -> F: 0.4414296576814671
Punto[1.         0.58735389 0.50985455] -> F: 0.44003499945280383
Punto[1.         0.58855102 0.51019521] -> F: 0.4386392831164614
Punto[1.         0.58974815 0.51053587] -> F: 0.43724250867243997
{
  "seed": 2710,
  "n_per_z": 10,
  "nz": 100,
  "nd": 100,
  "n_muestras": 50,
  "best_f": 0.4603734275104042,
  "best_cp": [
    1.0,
    0.5610170169999996,
    0.50235997584719
  ],
  "best_u": [
    -0.5090414157503713,
    0.41466563396290756,
    0.7542739880580516
  ],
  "best_index": 29,
  "n_candidatos": 54
}
