Punto[0.         0.38891995 0.48215161] -> F: 0.1037924613717238
Punto[1.         0.45990205 0.44447056] -> F: 0.4070121330441206
Punto[2.         0.55226592 0.46280419] -> F: 0.19034471134560346
Punto[1.         0.47059294 0.4724779 ] -> F: 0.3900051526383008
Punto[1.         0.46011587 0.44503071] -> F: 0.40666745715776303
Punto[1.         0.46032541 0.44557966] -> F: 0.4063299180010311
Punto[1.         0.46053495 0.4461286 ] -> F: 0.40599261959951194
Punto[1.         0.46074449 0.44667754] -> F: 0.40565556195320546
Punto[1.         0.46095403 0.44722649] -> F: 0.4053187450621119
Punto[1.         0.46116357 0.44777543] -> F: 0.404982168926231
Punto[1.         0.46137312 0.44832437] -> F: 0.4046458335455629
Punto[1.         0.46158266 0.44887332] -> F: 0.40430973892010746
Punto[1.         0.4617922  0.44942226] -> F: 0.40397388504986476
Punto[1.         0.46200174 0.44997121] -> F: 0.40363827193483487
Punto[1.         0.46221128 0.45052015] -> F: 0.40330289957501775
Punto[1.         0.46242082 0.45106909] -> F: 0.4029677679704133
Punto[1.         0.46263036 0.45161804] -> F: 0.4026328771210217
Punto[1.         0.46283991 0.45216698] -> F: 0.40229822702684276
Punto[1.         0.46304945 0.45271592] -> F: 0.40196381768787665
Punto[1.         0.46325899 0.45326487] -> F: 0.4016296491041233
Punto[1.         0.46346853 0.45381381] -> F: 0.4012957212755826
Punto[1.         0.46367807 0.45436276] -> F: 0.40096203420225474
Punto[1.         0.46388761 0.4549117 ] -> F: 0.4006285878841397
Punto[1.         0.46409715 0.45546064] -> F: 0.40029538232123724
Punto[1.         0.46430669 0.45600959] -> F: 0.39996241751354755
Punto[1.         0.46451624 0.45655853] -> F: 0.39962969346107075
Punto[1.         0.46472578 0.45710747] -> F: 0.39929721016380654
Punto[1.         0.46493532 0.45765642] -> F: 0.39896496762175526
Punto[1.         0.46514486 0.45820536] -> F: 0.39863296583491653
Punto[1.         0.4653544  0.45875431] -> F: 0.3983012048032906
Punto[1.         0.46556394 0.45930325] -> F: 0.3979696845268775
Punto[1.         0.46577348 0.45985219] -> F: 0.39763840500567715
Punto[1.         0.46598303 0.46040114] -> F: 0.3973047985266102
Punto[1.         0.46619257 0.46095008] -> F: 0.39697041333840044
Punto[1.         0.46640211 0.46149903] -> F: 0.39663627415994085
Punto[1.         0.46661165 0.46204797] -> F: 0.39630238099123166
Punto[1.         0.46682119 0.46259691] -> F: 0.39596873383227255
Punto[1.         0.46703073 0.46314586] -> F: 0.3956353326830638
Punto[1.         0.46724027 0.4636948 ] -> F: 0.3953021775436052
Punto[1.         0.46744982 0.46424374] -> F: 0.3949692684138969
Punto[1.         0.46765936 0.46479269] -> F: 0.3946366052939387
Punto[1.         0.4678689  0.46534163] -> F: 0.394304188183731
Punto[1.         0.46807844 0.46589058] -> F: 0.39397201708327334
Punto[1.         0.46828798 0.46643952] -> F: 0.39364009199256594
Punto[1.         0.46849752 0.46698846] -> F: 0.39330841291160884
Punto[1.         0.46870706 0.46753741] -> F: 0.3929769798404021
Punto[1.         0.4689166  0.46808635] -> F: 0.3926457927789453
Punto[1.         0.46912615 0.46863529] -> F: 0.39231485172723896
Punto[1.         0.46933569 0.46918424] -> F: 0.3919841566852828
Punto[1.         0.46954523 0.46973318] -> F: 0.3916537076530769
Punto[1.         0.46975477 0.47028213] -> F: 0.39132350463062127
Punto[1.         0.46996431 0.47083107] -> F: 0.3909935476179158
Punto[1.         0.47017385 0.47138001] -> F: 0.39066383661496057
Punto[1.         0.47038339 0.47192896] -> F: 0.3903343716217556
{
  "seed": 19722,
  "n_per_z": 10,
  "nz": 100,
  "nd": 100,
  "n_muestras": 50,
  "best_f": 0.4070121330441206,
  "best_cp": [
    1.0,
    0.45990204986199185,
    0.4444705649362529
  ],
  "best_u": [
    -0.5358267949789969,
    0.5174945411363698,
    0.6671499424241857
  ],
  "best_index": 1,
  "n_candidatos": 54
}
