Punto[0.         0.40762166 0.53843926] -> F: 0.12147980846950908
Punto[1.         0.49548452 0.50280196] -> F: 0.40864454748742485
Punto[2.         0.50919718 0.50850475] -> F: 0.1297990298243524
Punto[1.         0.45840942 0.52347201] -> F: 0.4595098124154911
Punto[1.         0.49474301 0.50321536] -> F: 0.4103183410688519
Punto[1.         0.49401634 0.5036205 ] -> F: 0.41196201979144736
Punto[1.         0.49328967 0.50402563] -> F: 0.41356574363687815
Punto[1.         0.492563   0.50443076] -> F: 0.415153980511546
Punto[1.         0.49183633 0.5048359 ] -> F: 0.4167469783035467
Punto[1.         0.49110966 0.50524103] -> F: 0.4183447370128808
Punto[1.         0.49038298 0.50564616] -> F: 0.4199472566395475
Punto[1.         0.48965631 0.50605129] -> F: 0.4215545371835474
Punto[1.         0.48892964 0.50645643] -> F: 0.42316657864488005
Punto[1.         0.48820297 0.50686156] -> F: 0.4247833810235459
Punto[1.         0.4874763  0.50726669] -> F: 0.4264049443195446
Punto[1.         0.48674962 0.50767183] -> F: 0.4280312685328763
Punto[1.         0.48602295 0.50807696] -> F: 0.42966235366354116
Punto[1.         0.48529628 0.50848209] -> F: 0.431298199711539
Punto[1.         0.48456961 0.50888722] -> F: 0.4329388066768694
Punto[1.         0.48384294 0.50929236] -> F: 0.434584174559533
Punto[1.         0.48311627 0.50969749] -> F: 0.4362343033595297
Punto[1.         0.48238959 0.51010262] -> F: 0.4378891930768594
Punto[1.         0.48166292 0.51050776] -> F: 0.439548843711522
Punto[1.         0.48093625 0.51091289] -> F: 0.4412123559085451
Punto[1.         0.48020958 0.51131802] -> F: 0.44286391046291185
Punto[1.         0.47948291 0.51172315] -> F: 0.4445198564703944
Punto[1.         0.47875623 0.51212829] -> F: 0.4461801939309921
Punto[1.         0.47802956 0.51253342] -> F: 0.4478449228447055
Punto[1.         0.47730289 0.51293855] -> F: 0.44951404321153415
Punto[1.         0.47657622 0.51334369] -> F: 0.4511875550314785
Punto[1.         0.47584955 0.51374882] -> F: 0.4528654583045381
Punto[1.         0.47512288 0.51415395] -> F: 0.4545477530307132
Punto[1.         0.4743962  0.51455908] -> F: 0.456234439210004
Punto[1.         0.47366953 0.51496422] -> F: 0.45792551684241006
Punto[1.         0.47294286 0.51536935] -> F: 0.45962098592793144
Punto[1.         0.47221619 0.51577448] -> F: 0.4613208464665686
Punto[1.         0.47148952 0.51617962] -> F: 0.463024737400909
Punto[1.         0.47076284 0.51658475] -> F: 0.464731873120986
Punto[1.         0.47003617 0.51698988] -> F: 0.46484543549260093
Punto[1.         0.4693095  0.51739501] -> F: 0.4645994243499206
Punto[1.         0.46858283 0.51780015] -> F: 0.46433541936688527
Punto[1.         0.46785616 0.51820528] -> F: 0.46407147935050824
Punto[1.         0.46712948 0.51861041] -> F: 0.46380760430079
Punto[1.         0.46640281 0.51901555] -> F: 0.4634756198828132
Punto[1.         0.46567614 0.51942068] -> F: 0.46313770344367217
Punto[1.         0.46494947 0.51982581] -> F: 0.46279989189497506
Punto[1.         0.4642228  0.52023094] -> F: 0.4624621852367212
Punto[1.         0.46349613 0.52063608] -> F: 0.4621245834689113
Punto[1.         0.46276945 0.52104121] -> F: 0.46176020283324154
Punto[1.         0.46204278 0.52144634] -> F: 0.4613871146607709
Punto[1.         0.46131611 0.52185148] -> F: 0.4610141546539217
Punto[1.         0.46058944 0.52225661] -> F: 0.460641322812694
Punto[1.         0.45986277 0.52266174] -> F: 0.4602686191370875
Punto[1.         0.45913609 0.52306687] -> F: 0.45989604362710257
{
  "seed": 14669,
  "n_per_z": 10,
  "nz": 100,
  "nd": 100,
  "n_muestras": 50,
  "best_f": 0.46484543549260093,
  "best_cp": [
    1.0,
    0.47003617218632415,
    0.5169898815527314
  ],
  "best_u": [
    -0.06279051952931353,
    -0.6361661791105809,
    -0.7689928108981795
  ],
  "best_index": 38,
  "n_candidatos": 54
}
