Punto[0.         0.42323285 0.47682822] -> F: 0.14091148575819548
Punto[1.         0.46958772 0.48267266] -> F: 0.448299905250849
Punto[2.         0.48236569 0.52405759] -> F: 0.1376956323937721
Punto[1.         0.45279927 0.50044291] -> F: 0.45107477036323135
Punto[1.         0.46925195 0.48302807] -> F: 0.4489476043779333
Punto[1.         0.46892289 0.48337636] -> F: 0.4495826573069149
Punto[1.         0.46859384 0.48372466] -> F: 0.45021801491140184
Punto[1.         0.46826479 0.48407296] -> F: 0.45085367719139413
Punto[1.         0.46793573 0.48442125] -> F: 0.4514896441468918
Punto[1.         0.46760668 0.48476955] -> F: 0.4521259157778948
Punto[1.         0.46727763 0.48511785] -> F: 0.452762492084403
Punto[1.         0.46694857 0.48546614] -> F: 0.45339937306641664
Punto[1.         0.46661952 0.48581444] -> F: 0.4540365587239355
Punto[1.         0.46629047 0.48616274] -> F: 0.45467150270763473
Punto[1.         0.46596141 0.48651103] -> F: 0.4553021222202118
Punto[1.         0.46563236 0.48685933] -> F: 0.45593303939646607
Punto[1.         0.46530331 0.48720763] -> F: 0.456564254236397
Punto[1.         0.46497425 0.48755592] -> F: 0.45719576674000484
Punto[1.         0.4646452  0.48790422] -> F: 0.4578275769072893
Punto[1.         0.46431614 0.48825252] -> F: 0.45845968473825083
Punto[1.         0.46398709 0.48860081] -> F: 0.459092090232889
Punto[1.         0.46365804 0.48894911] -> F: 0.4597247933912041
Punto[1.         0.46332898 0.48929741] -> F: 0.4603577942131959
Punto[1.         0.46299993 0.48964571] -> F: 0.46099109269886457
Punto[1.         0.46267088 0.489994  ] -> F: 0.46162468884821
Punto[1.         0.46234182 0.4903423 ] -> F: 0.4622585826612324
Punto[1.         0.46201277 0.4906906 ] -> F: 0.4628927741379316
Punto[1.         0.46168372 0.49103889] -> F: 0.4635272632783075
Punto[1.         0.46135466 0.49138719] -> F: 0.46380119186194907
Punto[1.         0.46102561 0.49173549] -> F: 0.4636970724831782
Punto[1.         0.46069656 0.49208378] -> F: 0.46359296193853805
Punto[1.         0.4603675  0.49243208] -> F: 0.46348886022802827
Punto[1.         0.46003845 0.49278038] -> F: 0.4633847673516492
Punto[1.         0.4597094  0.49312867] -> F: 0.46328068330940064
Punto[1.         0.45938034 0.49347697] -> F: 0.46317660810128264
Punto[1.         0.45905129 0.49382527] -> F: 0.4627524512380136
Punto[1.         0.45872223 0.49417356] -> F: 0.46213615570458294
Punto[1.         0.45839318 0.49452186] -> F: 0.46152021065059196
Punto[1.         0.45806413 0.49487016] -> F: 0.46090461607604116
Punto[1.         0.45773507 0.49521845] -> F: 0.4602893719809303
Punto[1.         0.45740602 0.49556675] -> F: 0.45967447836525926
Punto[1.         0.45707697 0.49591505] -> F: 0.45905993522902816
Punto[1.         0.45674791 0.49626334] -> F: 0.4584457425722371
Punto[1.         0.45641886 0.49661164] -> F: 0.4578319003948858
Punto[1.         0.45608981 0.49695994] -> F: 0.45721840869697455
Punto[1.         0.45576075 0.49730823] -> F: 0.4566052674785032
Punto[1.         0.4554317  0.49765653] -> F: 0.45599247673947174
Punto[1.         0.45510265 0.49800483] -> F: 0.45538003647988023
Punto[1.         0.45477359 0.49835313] -> F: 0.4547679466997287
Punto[1.         0.45444454 0.49870142] -> F: 0.4541562073990172
Punto[1.         0.45411549 0.49904972] -> F: 0.4535448185777455
Punto[1.         0.45378643 0.49939802] -> F: 0.45293378023591363
Punto[1.         0.45345738 0.49974631] -> F: 0.45231966855364925
Punto[1.         0.45312832 0.50009461] -> F: 0.4516970374515317
{
  "seed": 18908,
  "n_per_z": 10,
  "nz": 100,
  "nd": 100,
  "n_muestras": 50,
  "best_f": 0.46380119186194907,
  "best_cp": [
    1.0,
    0.4613546631630667,
    0.4913871891874073
  ],
  "best_u": [
    0.09410831331851438,
    -0.8054265483172016,
    -0.5851766405370116
  ],
  "best_index": 28,
  "n_candidatos": 54
}
