Punto[0.         0.57738699 0.44914977] -> F: 0.14710202179349652
Punto[1.         0.56496468 0.47586772] -> F: 0.30182891387759314
Punto[2.         0.655078   0.80685356] -> F: 0.025521368598616114
Punto[1.         0.61623249 0.62800166] -> F: 0.20431741619427365
Punto[1.         0.56599004 0.4789104 ] -> F: 0.3049092049538016
Punto[1.         0.56699489 0.48189222] -> F: 0.30793589684286315
Punto[1.         0.56799974 0.48487405] -> F: 0.31105889490104616
Punto[1.         0.56900459 0.48785587] -> F: 0.3143754099578694
Punto[1.         0.57000943 0.4908377 ] -> F: 0.3178854964777434
Punto[1.         0.57101428 0.49381952] -> F: 0.321164440705134
Punto[1.         0.57201913 0.49680135] -> F: 0.324293400881606
Punto[1.         0.57302398 0.49978317] -> F: 0.327607654835109
Punto[1.         0.57402883 0.502765  ] -> F: 0.32902763320496775
Punto[1.         0.57503368 0.50574682] -> F: 0.32589903360112404
Punto[1.         0.57603853 0.50872865] -> F: 0.3227791119227622
Punto[1.         0.57704338 0.51171048] -> F: 0.3196678681698824
Punto[1.         0.57804823 0.5146923 ] -> F: 0.31656530234248426
Punto[1.         0.57905308 0.51767413] -> F: 0.3134714144405679
Punto[1.         0.58005793 0.52065595] -> F: 0.3103862044641336
Punto[1.         0.58106277 0.52363778] -> F: 0.30730967241318125
Punto[1.         0.58206762 0.5266196 ] -> F: 0.3042418182877105
Punto[1.         0.58307247 0.52960143] -> F: 0.30118264208772166
Punto[1.         0.58407732 0.53258325] -> F: 0.298132143813215
Punto[1.         0.58508217 0.53556508] -> F: 0.2950756748218728
Punto[1.         0.58608702 0.5385469 ] -> F: 0.2920279561731002
Punto[1.         0.58709187 0.54152873] -> F: 0.28898899941916606
Punto[1.         0.58809672 0.54451055] -> F: 0.2859588045600702
Punto[1.         0.58910157 0.54749238] -> F: 0.2829373715958128
Punto[1.         0.59010642 0.5504742 ] -> F: 0.2799247005263933
Punto[1.         0.59111127 0.55345603] -> F: 0.27692079135181236
Punto[1.         0.59211611 0.55643786] -> F: 0.2739256440720698
Punto[1.         0.59312096 0.55941968] -> F: 0.27093925868716556
Punto[1.         0.59412581 0.56240151] -> F: 0.2679616351970997
Punto[1.         0.59513066 0.56538333] -> F: 0.264992773601872
Punto[1.         0.59613551 0.56836516] -> F: 0.2620326739014827
Punto[1.         0.59714036 0.57134698] -> F: 0.2590813360959319
Punto[1.         0.59814521 0.57432881] -> F: 0.2561271169992932
Punto[1.         0.59915006 0.57731063] -> F: 0.25317882772126526
Punto[1.         0.60015491 0.58029246] -> F: 0.25023938735304724
Punto[1.         0.60115976 0.58327428] -> F: 0.24730879589463892
Punto[1.         0.60216461 0.58625611] -> F: 0.24438705334604063
Punto[1.         0.60316945 0.58923793] -> F: 0.24147415970725228
Punto[1.         0.6041743  0.59221976] -> F: 0.2385701149782737
Punto[1.         0.60517915 0.59520158] -> F: 0.2356749191591052
Punto[1.         0.606184   0.59818341] -> F: 0.23278857224974644
Punto[1.         0.60718885 0.60116523] -> F: 0.2299110742501977
Punto[1.         0.6081937  0.60414706] -> F: 0.22704242516045886
Punto[1.         0.60919855 0.60712889] -> F: 0.2241826249805297
Punto[1.         0.6102034  0.61011071] -> F: 0.22132238383241015
Punto[1.         0.61120825 0.61309254] -> F: 0.21846587462914774
Punto[1.         0.6122131  0.61607436] -> F: 0.21561830459798112
Punto[1.         0.61321795 0.61905619] -> F: 0.21277967373891044
Punto[1.         0.61422279 0.62203801] -> F: 0.20994998205193577
Punto[1.         0.61522764 0.62501984] -> F: 0.2071292295370568
Best centerpoint:  [1.         0.57402883 0.502765  ] Best F:  0.32902763320496775 Best u:  [0.99950656 0.01846278 0.02541184] índice:  9
{
  "seed": 1219,
  "n_per_z": 5,
  "nz": 100,
  "nd": 100,
  "n_muestras": 50,
  "best_f": 0.32902763320496775,
  "best_cp": [
    1.0,
    0.5740288310727668,
    0.5027649994974379
  ],
  "best_u": [
    0.9995065603657316,
    0.018462780949435733,
    0.025411837900422944
  ],
  "n_candidatos": 54
}
