Punto[0.         0.51478447 0.51564581] -> F: 0.1422730935941542
Punto[1.         0.50842718 0.50211211] -> F: 0.43928804016484757
Punto[2.         0.56856685 0.54268119] -> F: 0.12617196609420497
Punto[1.         0.54167566 0.5291635 ] -> F: 0.44654525141138307
Punto[1.         0.50909215 0.50265314] -> F: 0.4403877707553444
Punto[1.         0.50974382 0.50318335] -> F: 0.44147276230275545
Punto[1.         0.51039549 0.50371356] -> F: 0.44256493613031744
Punto[1.         0.51104716 0.50424376] -> F: 0.44366429223803033
Punto[1.         0.51169884 0.50477397] -> F: 0.4446984263023716
Punto[1.         0.51235051 0.50530418] -> F: 0.4457343557917966
Punto[1.         0.51300218 0.50583438] -> F: 0.4467745907048583
Punto[1.         0.51365385 0.50636459] -> F: 0.4478191310415562
Punto[1.         0.51430552 0.5068948 ] -> F: 0.44886797680189106
Punto[1.         0.51495719 0.50742501] -> F: 0.44992112798586226
Punto[1.         0.51560886 0.50795521] -> F: 0.45097858459346996
Punto[1.         0.51626053 0.50848542] -> F: 0.45198732492567273
Punto[1.         0.5169122  0.50901563] -> F: 0.4529981985110296
Punto[1.         0.51756387 0.50954583] -> F: 0.4540120999602906
Punto[1.         0.51821554 0.51007604] -> F: 0.4550290292734549
Punto[1.         0.51886721 0.51060625] -> F: 0.45604898645052294
Punto[1.         0.51951888 0.51113646] -> F: 0.45707197149149487
Punto[1.         0.52017055 0.51166666] -> F: 0.45806532435400366
Punto[1.         0.52082222 0.51219687] -> F: 0.45905008646601886
Punto[1.         0.52147389 0.51272708] -> F: 0.4600371559769887
Punto[1.         0.52212556 0.51325728] -> F: 0.4610265328869134
Punto[1.         0.52277723 0.51378749] -> F: 0.4620182171957924
Punto[1.        0.5234289 0.5143177] -> F: 0.46301189974400386
Punto[1.         0.52408057 0.51484791] -> F: 0.46397039749356755
Punto[1.         0.52473224 0.51537811] -> F: 0.4649306889760912
Punto[1.         0.52538391 0.51590832] -> F: 0.4647518783477918
Punto[1.         0.52603558 0.51643853] -> F: 0.46391214606883563
Punto[1.         0.52668725 0.51696873] -> F: 0.4630714200577521
Punto[1.         0.52733892 0.51749894] -> F: 0.46222970031454086
Punto[1.         0.52799059 0.51802915] -> F: 0.46138698683920204
Punto[1.         0.52864226 0.51855936] -> F: 0.46054327963173575
Punto[1.         0.52929393 0.51908956] -> F: 0.45969857869214187
Punto[1.         0.5299456  0.51961977] -> F: 0.4588528840204203
Punto[1.         0.53059727 0.52014998] -> F: 0.45801418112457853
Punto[1.         0.53124894 0.52068018] -> F: 0.45719363988019524
Punto[1.         0.53190061 0.52121039] -> F: 0.4563913359258217
Punto[1.         0.53255228 0.5217406 ] -> F: 0.45560726926145767
Punto[1.         0.53320395 0.52227081] -> F: 0.4548414398871035
Punto[1.         0.53385562 0.52280101] -> F: 0.4540938478027589
Punto[1.         0.53450729 0.52333122] -> F: 0.4533644930084242
Punto[1.         0.53515896 0.52386143] -> F: 0.4526533755040992
Punto[1.         0.53581063 0.52439163] -> F: 0.4519604952897838
Punto[1.         0.5364623  0.52492184] -> F: 0.45128585236547825
Punto[1.         0.53711397 0.52545205] -> F: 0.45062944673118227
Punto[1.         0.53776564 0.52598226] -> F: 0.4499912783868961
Punto[1.         0.53841731 0.52651246] -> F: 0.4493713473326196
Punto[1.         0.53906898 0.52704267] -> F: 0.44876965356835286
Punto[1.         0.53972065 0.52757288] -> F: 0.44818619709409585
Punto[1.         0.54037232 0.52810308] -> F: 0.4476209779098485
Punto[1.         0.54102399 0.52863329] -> F: 0.4470739960156109
{
  "seed": 16380,
  "n_per_z": 10,
  "nz": 100,
  "nd": 100,
  "n_muestras": 50,
  "best_f": 0.4649306889760912,
  "best_cp": [
    1.0,
    0.5247322381219569,
    0.5153781133816271
  ],
  "best_u": [
    0.27899110603922916,
    -0.9132935673201467,
    -0.29674706846512944
  ],
  "best_index": 28,
  "n_candidatos": 54
}
