Punto[0.         0.44269584 0.37855114] -> F: 0.16146414766083753
Punto[1.         0.44142652 0.51209355] -> F: 0.4121461717068365
Punto[2.         0.59395221 0.61296162] -> F: 0.1038085829370908
Punto[1.         0.51832402 0.49575638] -> F: 0.37768975220369866
Punto[1.         0.44296447 0.51176681] -> F: 0.41481147209515157
Punto[1.         0.44447166 0.5114466 ] -> F: 0.4174169918304763
Punto[1.         0.44597885 0.51112639] -> F: 0.4198723859921443
Punto[1.         0.44748604 0.51080618] -> F: 0.4220372725741719
Punto[1.         0.44899323 0.51048598] -> F: 0.4225189381826759
Punto[1.         0.45050043 0.51016577] -> F: 0.4215312603667768
Punto[1.         0.45200762 0.50984556] -> F: 0.42054429050231873
Punto[1.         0.45351481 0.50952535] -> F: 0.4195580285893021
Punto[1.         0.455022   0.50920514] -> F: 0.41857247462772634
Punto[1.         0.45652919 0.50888493] -> F: 0.4175876286175919
Punto[1.         0.45803638 0.50856472] -> F: 0.41660349055889867
Punto[1.         0.45954357 0.50824452] -> F: 0.41562006045164657
Punto[1.         0.46105076 0.50792431] -> F: 0.4146373382958356
Punto[1.         0.46255795 0.5076041 ] -> F: 0.4136553240914657
Punto[1.         0.46406515 0.50728389] -> F: 0.4126740178385372
Punto[1.         0.46557234 0.50696368] -> F: 0.41169341953704974
Punto[1.         0.46707953 0.50664347] -> F: 0.4107135291870033
Punto[1.         0.46858672 0.50632326] -> F: 0.40973278517705297
Punto[1.         0.47009391 0.50600306] -> F: 0.40874952988187174
Punto[1.         0.4716011  0.50568285] -> F: 0.407766989477345
Punto[1.         0.47310829 0.50536264] -> F: 0.4067851639634728
Punto[1.         0.47461548 0.50504243] -> F: 0.40580405334025527
Punto[1.         0.47612267 0.50472222] -> F: 0.40482365760769223
Punto[1.         0.47762986 0.50440201] -> F: 0.4038439767657836
Punto[1.         0.47913706 0.5040818 ] -> F: 0.40286501081452947
Punto[1.         0.48064425 0.5037616 ] -> F: 0.40188675975393
Punto[1.         0.48215144 0.50344139] -> F: 0.4009092235839851
Punto[1.         0.48365863 0.50312118] -> F: 0.3999324023046947
Punto[1.         0.48516582 0.50280097] -> F: 0.39895629591605886
Punto[1.         0.48667301 0.50248076] -> F: 0.3979809044180776
Punto[1.         0.4881802  0.50216055] -> F: 0.39700622781075073
Punto[1.         0.48968739 0.50184034] -> F: 0.39603088519717417
Punto[1.         0.49119458 0.50152014] -> F: 0.3950535351196223
Punto[1.         0.49270177 0.50119993] -> F: 0.3940775214074507
Punto[1.         0.49420897 0.50087972] -> F: 0.3931028440606592
Punto[1.         0.49571616 0.50055951] -> F: 0.39212950307924793
Punto[1.         0.49722335 0.5002393 ] -> F: 0.3911574984632168
Punto[1.         0.49873054 0.49991909] -> F: 0.39018683021256584
Punto[1.         0.50023773 0.49959888] -> F: 0.389217498327295
Punto[1.         0.50174492 0.49927867] -> F: 0.3882495028074045
Punto[1.         0.50325211 0.49895847] -> F: 0.387282843652894
Punto[1.         0.5047593  0.49863826] -> F: 0.3863175208637637
Punto[1.         0.50626649 0.49831805] -> F: 0.3853535344400136
Punto[1.         0.50777369 0.49799784] -> F: 0.3843908843816436
Punto[1.         0.50928088 0.49767763] -> F: 0.3834295706886539
Punto[1.         0.51078807 0.49735742] -> F: 0.3824695933610442
Punto[1.         0.51229526 0.49703721] -> F: 0.3815109523988148
Punto[1.         0.51380245 0.49671701] -> F: 0.3805536478019654
Punto[1.         0.51530964 0.4963968 ] -> F: 0.37959767957049634
Punto[1.         0.51681683 0.49607659] -> F: 0.3786430477044073
{
  "seed": 4745,
  "n_per_z": 10,
  "nz": 100,
  "nd": 100,
  "n_muestras": 50,
  "best_f": 0.4225189381826759,
  "best_cp": [
    1.0,
    0.4489932349836435,
    0.5104859754690457
  ],
  "best_u": [
    0.4539904997395467,
    0.7938926261462366,
    -0.4045084971874738
  ],
  "best_index": 8,
  "n_candidatos": 54
}
