Punto[0.        0.458488  0.5136328] -> F: 0.1269982309093669
Punto[1.         0.46707211 0.51193826] -> F: 0.44602019478841787
Punto[2.         0.49413201 0.48460385] -> F: 0.1741985418557844
Punto[1.         0.47631001 0.49911833] -> F: 0.44832592808714705
Punto[1.         0.46725686 0.51168186] -> F: 0.44629751313493765
Punto[1.         0.46743793 0.51143059] -> F: 0.44656925138054054
Punto[1.         0.46761899 0.51117932] -> F: 0.4468409562329041
Punto[1.         0.46780005 0.51092805] -> F: 0.44711262769202875
Punto[1.         0.46798111 0.51067678] -> F: 0.4473842657579141
Punto[1.         0.46816218 0.51042551] -> F: 0.44765587043056043
Punto[1.         0.46834324 0.51017424] -> F: 0.44792744170996746
Punto[1.         0.4685243  0.50992296] -> F: 0.4481989795961354
Punto[1.         0.46870537 0.50967169] -> F: 0.4484704840890643
Punto[1.         0.46888643 0.50942042] -> F: 0.44874195518875404
Punto[1.         0.46906749 0.50916915] -> F: 0.44901339289520437
Punto[1.         0.46924855 0.50891788] -> F: 0.4492847972084157
Punto[1.         0.46942962 0.50866661] -> F: 0.4495561681283879
Punto[1.         0.46961068 0.50841534] -> F: 0.44982750565512103
Punto[1.         0.46979174 0.50816407] -> F: 0.45009880978861494
Punto[1.         0.46997281 0.5079128 ] -> F: 0.4503700805288697
Punto[1.         0.47015387 0.50766153] -> F: 0.4506413178758851
Punto[1.         0.47033493 0.50741026] -> F: 0.45091252182966163
Punto[1.         0.470516   0.50715899] -> F: 0.4511836923901988
Punto[1.         0.47069706 0.50690772] -> F: 0.4514535174732901
Punto[1.         0.47087812 0.50665645] -> F: 0.4514839002405947
Punto[1.         0.47105918 0.50640518] -> F: 0.451381419495856
Punto[1.         0.47124025 0.5061539 ] -> F: 0.4512789500284313
Punto[1.         0.47142131 0.50590263] -> F: 0.4511764918383207
Punto[1.         0.47160237 0.50565136] -> F: 0.4510740449255241
Punto[1.         0.47178344 0.50540009] -> F: 0.4509716092900416
Punto[1.         0.4719645  0.50514882] -> F: 0.4508691849318732
Punto[1.         0.47214556 0.50489755] -> F: 0.4507667718510189
Punto[1.         0.47232662 0.50464628] -> F: 0.4506643700474785
Punto[1.         0.47250769 0.50439501] -> F: 0.4505619795212523
Punto[1.         0.47268875 0.50414374] -> F: 0.4504596002723401
Punto[1.         0.47286981 0.50389247] -> F: 0.4503572323007419
Punto[1.         0.47305088 0.5036412 ] -> F: 0.4502548134825056
Punto[1.         0.47323194 0.50338993] -> F: 0.45014855482419436
Punto[1.         0.473413   0.50313866] -> F: 0.45004230832212744
Punto[1.         0.47359406 0.50288739] -> F: 0.4499360739763048
Punto[1.         0.47377513 0.50263612] -> F: 0.44982985178672646
Punto[1.         0.47395619 0.50238484] -> F: 0.4497236417533924
Punto[1.         0.47413725 0.50213357] -> F: 0.44961744387630276
Punto[1.         0.47431832 0.5018823 ] -> F: 0.4495112581554573
Punto[1.         0.47449938 0.50163103] -> F: 0.4494050845908561
Punto[1.         0.47468044 0.50137976] -> F: 0.44929892318249925
Punto[1.         0.4748615  0.50112849] -> F: 0.44919277393038676
Punto[1.         0.47504257 0.50087722] -> F: 0.4490866368345186
Punto[1.         0.47522363 0.50062595] -> F: 0.4489805118948947
Punto[1.         0.47540469 0.50037468] -> F: 0.44887439911151505
Punto[1.         0.47558576 0.50012341] -> F: 0.4487659562932402
Punto[1.         0.47576682 0.49987214] -> F: 0.44865592962825557
Punto[1.         0.47594788 0.49962087] -> F: 0.4485459160389119
Punto[1.         0.47612895 0.4993696 ] -> F: 0.448435915525209
{
  "seed": 2507,
  "n_per_z": 10,
  "nz": 100,
  "nd": 100,
  "n_muestras": 50,
  "best_f": 0.4514839002405947,
  "best_cp": [
    1.0,
    0.47087812105746996,
    0.5066564461667407
  ],
  "best_u": [
    -0.9876883405951378,
    0.15574020334708408,
    -0.014721783649820226
  ],
  "best_index": 24,
  "n_candidatos": 54
}
