Punto[0.         0.69667115 0.3000956 ] -> F: 0.14198452735217748
Punto[1.         0.59609321 0.36465996] -> F: 0.40857279681974046
Punto[2.         0.59089352 0.53601004] -> F: 0.11705863593048511
Punto[1.         0.64378233 0.41805282] -> F: 0.4066779581271964
Punto[1.         0.59704699 0.36572782] -> F: 0.41020445226210167
Punto[1.         0.59798169 0.36677432] -> F: 0.4117905638675015
Punto[1.         0.5989164  0.36782082] -> F: 0.4133597277682263
Punto[1.         0.59985111 0.36886732] -> F: 0.4149318292374006
Punto[1.         0.60078582 0.36991382] -> F: 0.41650686827502453
Punto[1.         0.60172052 0.37096032] -> F: 0.41806573701792116
Punto[1.         0.60265523 0.37200682] -> F: 0.4196095852871069
Punto[1.         0.60358994 0.37305332] -> F: 0.42115622699509014
Punto[1.         0.60452464 0.37409982] -> F: 0.4227056621418709
Punto[1.         0.60545935 0.37514632] -> F: 0.42424017287475324
Punto[1.         0.60639406 0.37619282] -> F: 0.4257570310727955
Punto[1.         0.60732876 0.37723932] -> F: 0.42727654039248836
Punto[1.         0.60826347 0.37828582] -> F: 0.42879870083383176
Punto[1.         0.60919818 0.37933232] -> F: 0.43031281300346774
Punto[1.         0.61013288 0.38037882] -> F: 0.4318009133229624
Punto[1.         0.61106759 0.38142532] -> F: 0.43288570465341397
Punto[1.         0.6120023  0.38247182] -> F: 0.4321196265730343
Punto[1.         0.61293701 0.38351832] -> F: 0.43135497400459233
Punto[1.         0.61387171 0.38456482] -> F: 0.4305917469480882
Punto[1.         0.61480642 0.38561132] -> F: 0.4298268692570836
Punto[1.         0.61574113 0.38665782] -> F: 0.42906059126634405
Punto[1.         0.61667583 0.38770432] -> F: 0.4282957610458183
Punto[1.         0.61761054 0.38875082] -> F: 0.4275323785955061
Punto[1.         0.61854525 0.38979732] -> F: 0.42677044391540747
Punto[1.         0.61947995 0.39084382] -> F: 0.42600995700552247
Punto[1.         0.62041466 0.39189032] -> F: 0.4252509178658511
Punto[1.         0.62134937 0.39293682] -> F: 0.4244933264963933
Punto[1.         0.62228407 0.39398332] -> F: 0.4237371828971493
Punto[1.         0.62321878 0.39502982] -> F: 0.42298248706811875
Punto[1.         0.62415349 0.39607632] -> F: 0.4222292390093019
Punto[1.         0.6250882  0.39712282] -> F: 0.42147743872069876
Punto[1.         0.6260229  0.39816932] -> F: 0.42072708620230914
Punto[1.         0.62695761 0.39921582] -> F: 0.419978181454133
Punto[1.         0.62789232 0.40026232] -> F: 0.41923072447617077
Punto[1.         0.62882702 0.40130882] -> F: 0.41848471526842196
Punto[1.         0.62976173 0.40235532] -> F: 0.4177401538308868
Punto[1.         0.63069644 0.40340182] -> F: 0.41699704016356526
Punto[1.         0.63163114 0.40444832] -> F: 0.41625537426645737
Punto[1.         0.63256585 0.40549482] -> F: 0.4155139978853501
Punto[1.         0.63350056 0.40654132] -> F: 0.4147695760380168
Punto[1.         0.63443526 0.40758782] -> F: 0.4140266242271962
Punto[1.         0.63536997 0.40863432] -> F: 0.41328514245288867
Punto[1.         0.63630468 0.40968082] -> F: 0.4125451307150938
Punto[1.         0.63723939 0.41072732] -> F: 0.4118065890138117
Punto[1.         0.63817409 0.41177382] -> F: 0.41106951734904246
Punto[1.         0.6391088  0.41282032] -> F: 0.4103339157207861
Punto[1.         0.64004351 0.41386682] -> F: 0.4095997841290425
Punto[1.         0.64097821 0.41491332] -> F: 0.40886712257381164
Punto[1.         0.64191292 0.41595982] -> F: 0.40813593105509377
Punto[1.         0.64284763 0.41700632] -> F: 0.4074062095728887
Best centerpoint:  [1.         0.61106759 0.38142532] Best F:  0.43288570465341397 Best u:  [ 0.98228725 -0.01176577  0.18701156] índice:  16
{
  "seed": 12032,
  "n_per_z": 5,
  "nz": 100,
  "nd": 100,
  "n_muestras": 50,
  "best_f": 0.43288570465341397,
  "best_cp": [
    1.0,
    0.6110675914571265,
    0.3814253185342758
  ],
  "best_u": [
    0.9822872507286887,
    -0.011765770092923358,
    0.1870115603645795
  ],
  "n_candidatos": 54
}
