Punto[0.         0.47048385 0.48712585] -> F: 0.09386010050923206
Punto[1.         0.54308711 0.50914415] -> F: 0.4119673492162396
Punto[2.         0.48682513 0.59066318] -> F: 0.1616893247185187
Punto[1.         0.47865449 0.53889452] -> F: 0.3789329171154473
Punto[1.         0.54179846 0.50973915] -> F: 0.413454912454282
Punto[1.         0.54053558 0.51032226] -> F: 0.4149117966995078
Punto[1.         0.5392727  0.51090537] -> F: 0.41636776258766856
Punto[1.         0.53800982 0.51148848] -> F: 0.4173164652444622
Punto[1.         0.53674694 0.51207158] -> F: 0.41687977612805693
Punto[1.         0.53548406 0.51265469] -> F: 0.4163673188395526
Punto[1.         0.53422118 0.5132378 ] -> F: 0.4155340067061108
Punto[1.        0.5329583 0.5138209] -> F: 0.4147008062390668
Punto[1.         0.53169542 0.51440401] -> F: 0.4138673436967266
Punto[1.         0.53043254 0.51498712] -> F: 0.41303113415459863
Punto[1.         0.52916966 0.51557023] -> F: 0.41219503714727573
Punto[1.         0.52790678 0.51615333] -> F: 0.41135905267475803
Punto[1.         0.5266439  0.51673644] -> F: 0.4105220009325585
Punto[1.         0.52538103 0.51731955] -> F: 0.40968304173602743
Punto[1.         0.52411815 0.51790266] -> F: 0.4088441959377555
Punto[1.         0.52285527 0.51848576] -> F: 0.40800546353774286
Punto[1.         0.52159239 0.51906887] -> F: 0.40716684453598934
Punto[1.         0.52032951 0.51965198] -> F: 0.4063283389324952
Punto[1.         0.51906663 0.52023508] -> F: 0.40548994672726
Punto[1.         0.51780375 0.52081819] -> F: 0.40465167955028625
Punto[1.         0.51654087 0.5214013 ] -> F: 0.403813831593518
Punto[1.         0.51527799 0.52198441] -> F: 0.40297653100067454
Punto[1.         0.51401511 0.52256751] -> F: 0.4021397777717556
Punto[1.         0.51275223 0.52315062] -> F: 0.40130357190676136
Punto[1.         0.51148935 0.52373373] -> F: 0.4004679134056919
Punto[1.         0.51022647 0.52431684] -> F: 0.399632802268547
Punto[1.         0.50896359 0.52489994] -> F: 0.39879823849532686
Punto[1.         0.50770071 0.52548305] -> F: 0.3979642220860314
Punto[1.         0.50643783 0.52606616] -> F: 0.39713075304066064
Punto[1.         0.50517496 0.52664927] -> F: 0.3962978313592145
Punto[1.         0.50391208 0.52723237] -> F: 0.39546545704169306
Punto[1.         0.5026492  0.52781548] -> F: 0.39463363008809627
Punto[1.         0.50138632 0.52839859] -> F: 0.39380235049842427
Punto[1.         0.50012344 0.52898169] -> F: 0.3929716182726769
Punto[1.         0.49886056 0.5295648 ] -> F: 0.3921414334108541
Punto[1.         0.49759768 0.53014791] -> F: 0.3913117959129561
Punto[1.         0.4963348  0.53073102] -> F: 0.39048270577898275
Punto[1.         0.49507192 0.53131412] -> F: 0.38965416300893413
Punto[1.         0.49380904 0.53189723] -> F: 0.3888261676028101
Punto[1.         0.49254616 0.53248034] -> F: 0.38799871956061077
Punto[1.         0.49128328 0.53306345] -> F: 0.38717181888233615
Punto[1.         0.4900204  0.53364655] -> F: 0.3863454655679862
Punto[1.         0.48875752 0.53422966] -> F: 0.3855196596175609
Punto[1.         0.48749464 0.53481277] -> F: 0.3846944010310604
Punto[1.         0.48623176 0.53539587] -> F: 0.3838696898084844
Punto[1.         0.48496889 0.53597898] -> F: 0.38304552594983315
Punto[1.         0.48370601 0.53656209] -> F: 0.3822219094551066
Punto[1.         0.48244313 0.5371452 ] -> F: 0.3813988403243048
Punto[1.         0.48118025 0.5377283 ] -> F: 0.3805763185574277
Punto[1.         0.47991737 0.53831141] -> F: 0.3797543441544751
{
  "seed": 16973,
  "n_per_z": 10,
  "nz": 100,
  "nd": 100,
  "n_muestras": 50,
  "best_f": 0.4173164652444622,
  "best_cp": [
    1.0,
    0.5380098192551964,
    0.5114884750484889
  ],
  "best_u": [
    -0.2789911060392295,
    -0.7000239699693696,
    -0.6573662633717451
  ],
  "best_index": 7,
  "n_candidatos": 54
}
