Punto[0.         0.4551888  0.43085534] -> F: 0.1300320113018784
Punto[1.         0.52375029 0.47198416] -> F: 0.4500554105015248
Punto[2.         0.53587793 0.53364911] -> F: 0.1686358329587952
Punto[1.         0.49553336 0.48225222] -> F: 0.4446968270301144
Punto[1.         0.52318595 0.47218952] -> F: 0.4503068773968905
Punto[1.         0.5226329  0.47239077] -> F: 0.4503085345203567
Punto[1.         0.52207985 0.47259202] -> F: 0.45031019168369246
Punto[1.         0.5215268  0.47279328] -> F: 0.4503118488868982
Punto[1.         0.52097375 0.47299453] -> F: 0.4503135061299735
Punto[1.         0.52042069 0.47319579] -> F: 0.4503151634129189
Punto[1.         0.51986764 0.47339704] -> F: 0.45031682073573387
Punto[1.         0.51931459 0.4735983 ] -> F: 0.45031847809841874
Punto[1.         0.51876154 0.47379955] -> F: 0.45032013550097344
Punto[1.         0.51820849 0.4740008 ] -> F: 0.4503217929433978
Punto[1.         0.51765543 0.47420206] -> F: 0.45032345042569216
Punto[1.         0.51710238 0.47440331] -> F: 0.4503251079478562
Punto[1.         0.51654933 0.47460457] -> F: 0.45032676550989004
Punto[1.         0.51599628 0.47480582] -> F: 0.4503284231117938
Punto[1.         0.51544323 0.47500707] -> F: 0.45033008075356706
Punto[1.         0.51489018 0.47520833] -> F: 0.45033173843521035
Punto[1.         0.51433712 0.47540958] -> F: 0.45033339615672335
Punto[1.         0.51378407 0.47561084] -> F: 0.45033505391810613
Punto[1.         0.51323102 0.47581209] -> F: 0.4503367117193588
Punto[1.         0.51267797 0.47601335] -> F: 0.4503383695604812
Punto[1.         0.51212492 0.4762146 ] -> F: 0.45034002744147344
Punto[1.         0.51157186 0.47641585] -> F: 0.4503416853623355
Punto[1.         0.51101881 0.47661711] -> F: 0.45034334332306725
Punto[1.         0.51046576 0.47681836] -> F: 0.4503450013236689
Punto[1.         0.50991271 0.47701962] -> F: 0.4503466593641404
Punto[1.         0.50935966 0.47722087] -> F: 0.4503465118890027
Punto[1.         0.50880661 0.47742212] -> F: 0.450332622968772
Punto[1.         0.50825355 0.47762338] -> F: 0.45031873556606633
Punto[1.         0.5077005  0.47782463] -> F: 0.45030484968088574
Punto[1.         0.50714745 0.47802589] -> F: 0.45029096531323043
Punto[1.         0.5065944  0.47822714] -> F: 0.4502770824630999
Punto[1.         0.50604135 0.4784284 ] -> F: 0.4501774301103862
Punto[1.         0.5054883  0.47862965] -> F: 0.44989753810307476
Punto[1.         0.50493524 0.4788309 ] -> F: 0.44961769069981744
Punto[1.         0.50438219 0.47903216] -> F: 0.4493378879006141
Punto[1.         0.50382914 0.47923341] -> F: 0.44905812970546477
Punto[1.         0.50327609 0.47943467] -> F: 0.4487784161143694
Punto[1.         0.50272304 0.47963592] -> F: 0.4484987471273281
Punto[1.         0.50216998 0.47983717] -> F: 0.4482191227443408
Punto[1.         0.50161693 0.48003843] -> F: 0.4479395429654075
Punto[1.         0.50106388 0.48023968] -> F: 0.44765857244285034
Punto[1.         0.50051083 0.48044094] -> F: 0.4473775620257392
Punto[1.         0.49995778 0.48064219] -> F: 0.4470965966992204
Punto[1.         0.49940473 0.48084344] -> F: 0.44681567646329373
Punto[1.         0.49885167 0.4810447 ] -> F: 0.4465348013179594
Punto[1.         0.49829862 0.48124595] -> F: 0.4462539712632173
Punto[1.         0.49774557 0.48144721] -> F: 0.4459621882216972
Punto[1.         0.49719252 0.48164846] -> F: 0.4456427089018509
Punto[1.         0.49663947 0.48184972] -> F: 0.44532532226330523
Punto[1.         0.49608641 0.48205097] -> F: 0.4450100283060596
{
  "seed": 7722,
  "n_per_z": 10,
  "nz": 100,
  "nd": 100,
  "n_muestras": 50,
  "best_f": 0.4503466593641404,
  "best_cp": [
    1.0,
    0.5099127095194071,
    0.4770196160482544
  ],
  "best_u": [
    -0.30901699437494745,
    -0.3221589063655525,
    -0.8948307863707109
  ],
  "best_index": 28,
  "n_candidatos": 54
}
