Punto[0.         0.59748332 0.63096636] -> F: 0.15310650006966214
Punto[1.         0.55426526 0.51961178] -> F: 0.4000526233329373
Punto[2.         0.63978189 0.5171258 ] -> F: 0.11965373545134267
Punto[1.         0.61863261 0.57404608] -> F: 0.42141066792491055
Punto[1.         0.55555261 0.52070047] -> F: 0.40230734573767474
Punto[1.         0.55681421 0.52176738] -> F: 0.40452275079676775
Punto[1.         0.55807581 0.52283429] -> F: 0.40674387460374023
Punto[1.         0.55933741 0.5239012 ] -> F: 0.4089707171585926
Punto[1.         0.56059901 0.52496812] -> F: 0.4112032784613248
Punto[1.         0.56186061 0.52603503] -> F: 0.4134332145091508
Punto[1.         0.56312221 0.52710194] -> F: 0.4156679717342024
Punto[1.         0.56438381 0.52816885] -> F: 0.4179080132526025
Punto[1.         0.56564541 0.52923576] -> F: 0.4201533390643512
Punto[1.         0.56690701 0.53030268] -> F: 0.42240394916944807
Punto[1.         0.56816861 0.53136959] -> F: 0.4246598435678939
Punto[1.         0.56943021 0.5324365 ] -> F: 0.4269210222596878
Punto[1.         0.57069181 0.53350341] -> F: 0.4291874852448303
Punto[1.         0.57195341 0.53457033] -> F: 0.4314592325233215
Punto[1.         0.57321501 0.53563724] -> F: 0.43373626409516103
Punto[1.         0.57447661 0.53670415] -> F: 0.43601857996034893
Punto[1.         0.57573821 0.53777106] -> F: 0.4383061801188855
Punto[1.         0.57699981 0.53883797] -> F: 0.44059906457077047
Punto[1.         0.57826141 0.53990489] -> F: 0.4428972333160038
Punto[1.         0.57952301 0.5409718 ] -> F: 0.44520068635458576
Punto[1.         0.58078461 0.54203871] -> F: 0.44731937836835534
Punto[1.         0.58204621 0.54310562] -> F: 0.4465656970709175
Punto[1.         0.58330781 0.54417254] -> F: 0.44581183647127504
Punto[1.         0.58456941 0.54523945] -> F: 0.44505176172230154
Punto[1.         0.58583101 0.54630636] -> F: 0.4442922154322395
Punto[1.         0.58709261 0.54737327] -> F: 0.44353319760108917
Punto[1.         0.58835421 0.54844018] -> F: 0.4427747082288502
Punto[1.         0.58961581 0.5495071 ] -> F: 0.44201082963860416
Punto[1.         0.59087741 0.55057401] -> F: 0.441246061212494
Punto[1.         0.59213901 0.55164092] -> F: 0.44048183154096476
Punto[1.         0.59340061 0.55270783] -> F: 0.4397181406240164
Punto[1.         0.59466221 0.55377475] -> F: 0.4389507089762511
Punto[1.         0.59592381 0.55484166] -> F: 0.4381808276859884
Punto[1.         0.59718541 0.55590857] -> F: 0.43741149547620284
Punto[1.         0.59844701 0.55697548] -> F: 0.4366427123468943
Punto[1.         0.59970861 0.55804239] -> F: 0.4358713621524255
Punto[1.         0.60097021 0.55910931] -> F: 0.4350964624290854
Punto[1.         0.60223181 0.56017622] -> F: 0.4343221221623199
Punto[1.         0.60349341 0.56124313] -> F: 0.4334492770308452
Punto[1.         0.60475501 0.56231004] -> F: 0.4325143888400066
Punto[1.         0.60601661 0.56337696] -> F: 0.43155970212994615
Punto[1.         0.60727821 0.56444387] -> F: 0.43059180916919454
Punto[1.         0.60853981 0.56551078] -> F: 0.4296173807296964
Punto[1.         0.60980141 0.56657769] -> F: 0.42863812076670604
Punto[1.         0.61106301 0.5676446 ] -> F: 0.4276527578945759
Punto[1.         0.61232461 0.56871152] -> F: 0.42666494215845086
Punto[1.         0.61358621 0.56977843] -> F: 0.42567762923548774
Punto[1.         0.61484781 0.57084534] -> F: 0.4246857952878818
Punto[1.         0.61610941 0.57191225] -> F: 0.4236779886022516
Punto[1.         0.61737101 0.57297917] -> F: 0.4225454927315609
{
  "seed": 5173,
  "n_per_z": 10,
  "nz": 100,
  "nd": 100,
  "n_muestras": 50,
  "best_f": 0.44731937836835534,
  "best_cp": [
    1.0,
    0.5807846079151131,
    0.5420387112397571
  ],
  "best_u": [
    0.9995065603657316,
    0.01156307163512217,
    0.029204985194744612
  ],
  "best_index": 24,
  "n_candidatos": 54
}
