Punto[0.         0.58558226 0.60156757] -> F: 0.10381489795232628
Punto[1.         0.41843377 0.52106534] -> F: 0.36855369407120153
Punto[2.         0.32920406 0.51812198] -> F: 0.16502651220873135
Punto[1.         0.45739316 0.55984478] -> F: 0.38283563093227746
Punto[1.         0.41921296 0.52184093] -> F: 0.36944579103714503
Punto[1.         0.41997656 0.52260101] -> F: 0.37026417052323424
Punto[1.         0.42074017 0.52336108] -> F: 0.3710826930701378
Punto[1.         0.42150377 0.52412116] -> F: 0.3719013586778555
Punto[1.         0.42226737 0.52488124] -> F: 0.37272016734638724
Punto[1.         0.42303098 0.52564131] -> F: 0.37358412017819587
Punto[1.         0.42379458 0.52640139] -> F: 0.3745930710029791
Punto[1.         0.42455819 0.52716147] -> F: 0.3757506621056711
Punto[1.         0.42532179 0.52792154] -> F: 0.37705689348627236
Punto[1.         0.42608539 0.52868162] -> F: 0.37851171439945575
Punto[1.        0.426849  0.5294417] -> F: 0.3800374074605812
Punto[1.         0.4276126  0.53020178] -> F: 0.3815638514392732
Punto[1.         0.42837621 0.53096185] -> F: 0.38289268891229394
Punto[1.         0.42913981 0.53172193] -> F: 0.38402199320191205
Punto[1.         0.42990341 0.53248201] -> F: 0.3851866852534659
Punto[1.         0.43066702 0.53324208] -> F: 0.38638676506695546
Punto[1.         0.43143062 0.53400216] -> F: 0.38762223264238077
Punto[1.         0.43219423 0.53476224] -> F: 0.3888930879797421
Punto[1.         0.43295783 0.53552231] -> F: 0.39019933107903887
Punto[1.         0.43372143 0.53628239] -> F: 0.3915409619402716
Punto[1.         0.43448504 0.53704247] -> F: 0.39291798056344
Punto[1.         0.43524864 0.53780255] -> F: 0.3943303869485442
Punto[1.         0.43601225 0.53856262] -> F: 0.3957781810955843
Punto[1.         0.43677585 0.5393227 ] -> F: 0.39726136300456016
Punto[1.         0.43753945 0.54008278] -> F: 0.39872172474330125
Punto[1.         0.43830306 0.54084285] -> F: 0.3997541064924866
Punto[1.         0.43906666 0.54160293] -> F: 0.40080029399440475
Punto[1.         0.43983027 0.54236301] -> F: 0.40186028724905604
Punto[1.         0.44059387 0.54312308] -> F: 0.40246441934106697
Punto[1.         0.44135748 0.54388316] -> F: 0.40171809163936506
Punto[1.         0.44212108 0.54464324] -> F: 0.40099973428998187
Punto[1.         0.44288468 0.54540331] -> F: 0.4002413212971435
Punto[1.         0.44364829 0.54616339] -> F: 0.3994791653428518
Punto[1.         0.44441189 0.54692347] -> F: 0.39873446212677904
Punto[1.         0.4451755  0.54768355] -> F: 0.3980072116489259
Punto[1.         0.4459391  0.54844362] -> F: 0.397268625571318
Punto[1.        0.4467027 0.5492037] -> F: 0.39651417641357545
Punto[1.         0.44746631 0.54996378] -> F: 0.39577235793448906
Punto[1.         0.44822991 0.55072385] -> F: 0.3950431701340586
Punto[1.         0.44899352 0.55148393] -> F: 0.3943220166607573
Punto[1.         0.44975712 0.55224401] -> F: 0.3935736980688308
Punto[1.         0.45052072 0.55300408] -> F: 0.39283524011876475
Punto[1.         0.45128433 0.55376416] -> F: 0.39185338068127973
Punto[1.         0.45204793 0.55452424] -> F: 0.3907435575149239
Punto[1.         0.45281154 0.55528431] -> F: 0.3896075495291365
Punto[1.         0.45357514 0.55604439] -> F: 0.38847503194552724
Punto[1.         0.45433874 0.55680447] -> F: 0.3873599671001372
Punto[1.         0.45510235 0.55756455] -> F: 0.38621675016700596
Punto[1.         0.45586595 0.55832462] -> F: 0.3850682287363788
Punto[1.         0.45662956 0.5590847 ] -> F: 0.38394770571951453
Best centerpoint:  [1.         0.44059387 0.54312308] Best F:  0.40246441934106697 Best u:  [-0.24868989  0.51899281  0.81780181] índice:  29
{
  "seed": 12787,
  "n_per_z": 5,
  "nz": 100,
  "nd": 100,
  "n_muestras": 50,
  "best_f": 0.40246441934106697,
  "best_cp": [
    1.0,
    0.44059387112297765,
    0.5431230837954675
  ],
  "best_u": [
    -0.24868988716485485,
    0.5189928108981794,
    0.8178018111119211
  ],
  "n_candidatos": 54
}
