Punto[0.         0.38652515 0.56291195] -> F: 0.11027213696950103
Punto[1.         0.42505681 0.47724553] -> F: 0.4182598396648607
Punto[2.         0.47858392 0.42565182] -> F: 0.17436333372787224
Punto[1.         0.43255454 0.49428189] -> F: 0.4166576423340229
Punto[1.         0.42520677 0.47758626] -> F: 0.4187374991708257
Punto[1.         0.42535372 0.47792017] -> F: 0.4192060008946397
Punto[1.         0.42550068 0.47825408] -> F: 0.419674894032402
Punto[1.         0.42564763 0.47858799] -> F: 0.42014417858411307
Punto[1.         0.42579459 0.47892191] -> F: 0.4206138545497724
Punto[1.         0.42594154 0.47925582] -> F: 0.42108392192938043
Punto[1.         0.4260885  0.47958973] -> F: 0.42155438072293683
Punto[1.         0.42623545 0.47992364] -> F: 0.42202523093044164
Punto[1.         0.42638241 0.48025756] -> F: 0.4224964725518952
Punto[1.         0.42652936 0.48059147] -> F: 0.422968105587297
Punto[1.         0.42667632 0.48092538] -> F: 0.42344013003664743
Punto[1.         0.42682328 0.48125929] -> F: 0.4239125433290045
Punto[1.         0.42697023 0.48159321] -> F: 0.4243852864932246
Punto[1.         0.42711719 0.48192712] -> F: 0.4248583349357025
Punto[1.         0.42726414 0.48226103] -> F: 0.42533168865643806
Punto[1.         0.4274111  0.48259494] -> F: 0.4258053476554313
Punto[1.         0.42755805 0.48292886] -> F: 0.4262793119326825
Punto[1.         0.42770501 0.48326277] -> F: 0.4265329275286131
Punto[1.         0.42785196 0.48359668] -> F: 0.42623877936023
Punto[1.         0.42799892 0.4839306 ] -> F: 0.4259451373008843
Punto[1.         0.42814587 0.48426451] -> F: 0.42565200135057585
Punto[1.         0.42829283 0.48459842] -> F: 0.425359371509305
Punto[1.         0.42843978 0.48493233] -> F: 0.42506724777707144
Punto[1.         0.42858674 0.48526625] -> F: 0.424775630153875
Punto[1.         0.4287337  0.48560016] -> F: 0.4244845186397162
Punto[1.         0.42888065 0.48593407] -> F: 0.4241939132345949
Punto[1.         0.42902761 0.48626798] -> F: 0.42390381393851057
Punto[1.         0.42917456 0.4866019 ] -> F: 0.4236142207514639
Punto[1.         0.42932152 0.48693581] -> F: 0.4233251336734546
Punto[1.         0.42946847 0.48726972] -> F: 0.4230330040142736
Punto[1.         0.42961543 0.48760363] -> F: 0.42273732447152584
Punto[1.         0.42976238 0.48793755] -> F: 0.4224420745196992
Punto[1.         0.42990934 0.48827146] -> F: 0.4221472541587942
Punto[1.         0.43005629 0.48860537] -> F: 0.42185286338881073
Punto[1.         0.43020325 0.48893928] -> F: 0.4215589022097489
Punto[1.        0.4303502 0.4892732] -> F: 0.42126537062160846
Punto[1.         0.43049716 0.48960711] -> F: 0.4209722686243893
Punto[1.         0.43064412 0.48994102] -> F: 0.4206795962180919
Punto[1.         0.43079107 0.49027494] -> F: 0.4203873534027158
Punto[1.         0.43093803 0.49060885] -> F: 0.4200955401782615
Punto[1.         0.43108498 0.49094276] -> F: 0.4198041565447285
Punto[1.         0.43123194 0.49127667] -> F: 0.41951320250211716
Punto[1.         0.43137889 0.49161059] -> F: 0.4192226780504271
Punto[1.         0.43152585 0.4919445 ] -> F: 0.418930995638424
Punto[1.         0.4316728  0.49227841] -> F: 0.4186287018214962
Punto[1.         0.43181976 0.49261232] -> F: 0.4183059007761368
Punto[1.         0.43196671 0.49294624] -> F: 0.41798329254694133
Punto[1.         0.43211367 0.49328015] -> F: 0.41766087713390987
Punto[1.         0.43226062 0.49361406] -> F: 0.41733865453704233
Punto[1.         0.43240758 0.49394797] -> F: 0.41701633785568143
{
  "seed": 18234,
  "n_per_z": 10,
  "nz": 100,
  "nd": 100,
  "n_muestras": 50,
  "best_f": 0.4265329275286131,
  "best_cp": [
    1.0,
    0.42770500795545774,
    0.48326276989530786
  ],
  "best_u": [
    -0.3090169943749471,
    0.8334171783286888,
    0.45817497100356813
  ],
  "best_index": 21,
  "n_candidatos": 54
}
