Punto[0.         0.51949673 0.53158387] -> F: 0.1559342399834029
Punto[1.         0.54548447 0.49971991] -> F: 0.46840979409419975
Punto[2.         0.60773116 0.44873507] -> F: 0.14792151469105322
Punto[1.         0.56361395 0.49015947] -> F: 0.4729994365098471
Punto[1.         0.54584706 0.4995287 ] -> F: 0.46889933786930194
Punto[1.         0.5462024  0.49934131] -> F: 0.4693796302036797
Punto[1.         0.54655773 0.49915393] -> F: 0.4698604565239993
Punto[1.         0.54691307 0.49896654] -> F: 0.47034181683026066
Punto[1.         0.54726841 0.49877916] -> F: 0.4708237111224636
Punto[1.         0.54762375 0.49859177] -> F: 0.47130613940060817
Punto[1.         0.54797909 0.49840439] -> F: 0.4717891016646945
Punto[1.         0.54833442 0.498217  ] -> F: 0.4722725979147224
Punto[1.         0.54868976 0.49802962] -> F: 0.47275662815069214
Punto[1.         0.5490451  0.49784224] -> F: 0.47324119237260354
Punto[1.         0.54940044 0.49765485] -> F: 0.4737262905804566
Punto[1.         0.54975577 0.49746747] -> F: 0.4742119227742513
Punto[1.         0.55011111 0.49728008] -> F: 0.4746980889539878
Punto[1.         0.55046645 0.4970927 ] -> F: 0.475184789119666
Punto[1.         0.55082179 0.49690531] -> F: 0.47529207352781533
Punto[1.         0.55117712 0.49671793] -> F: 0.4753772091645132
Punto[1.         0.55153246 0.49653054] -> F: 0.4754623483974106
Punto[1.         0.5518878  0.49634316] -> F: 0.4755474912265082
Punto[1.         0.55224314 0.49615577] -> F: 0.4756326376518054
Punto[1.         0.55259848 0.49596839] -> F: 0.47570293982153783
Punto[1.         0.55295381 0.49578101] -> F: 0.475772506008579
Punto[1.         0.55330915 0.49559362] -> F: 0.4758420745952339
Punto[1.         0.55366449 0.49540624] -> F: 0.475911645581503
Punto[1.         0.55401983 0.49521885] -> F: 0.4759812189673861
Punto[1.         0.55437516 0.49503147] -> F: 0.47605079475288303
Punto[1.         0.5547305  0.49484408] -> F: 0.4761203729379942
Punto[1.         0.55508584 0.4946567 ] -> F: 0.476189953522719
Punto[1.         0.55544118 0.49446931] -> F: 0.4762595365070582
Punto[1.         0.55579652 0.49428193] -> F: 0.4763249130073665
Punto[1.         0.55615185 0.49409454] -> F: 0.476378928145226
Punto[1.         0.55650719 0.49390716] -> F: 0.47640116097149166
Punto[1.         0.55686253 0.49371978] -> F: 0.47620138567159165
Punto[1.         0.55721787 0.49353239] -> F: 0.4760047780594326
Punto[1.         0.5575732  0.49334501] -> F: 0.47581133813501447
Punto[1.         0.55792854 0.49315762] -> F: 0.47562106589833747
Punto[1.         0.55828388 0.49297024] -> F: 0.4754339613494016
Punto[1.         0.55863922 0.49278285] -> F: 0.47525002448820663
Punto[1.         0.55899456 0.49259547] -> F: 0.47506925531475286
Punto[1.         0.55934989 0.49240808] -> F: 0.4748916538290399
Punto[1.         0.55970523 0.4922207 ] -> F: 0.4747172200310682
Punto[1.         0.56006057 0.49203331] -> F: 0.4745459539208375
Punto[1.         0.56041591 0.49184593] -> F: 0.4743778554983477
Punto[1.         0.56077124 0.49165854] -> F: 0.4742129247635991
Punto[1.         0.56112658 0.49147116] -> F: 0.47405116171659145
Punto[1.         0.56148192 0.49128378] -> F: 0.47389256635732485
Punto[1.         0.56183726 0.49109639] -> F: 0.4737371386857993
Punto[1.         0.56219259 0.49090901] -> F: 0.4735848787020148
Punto[1.         0.56254793 0.49072162] -> F: 0.4734357864059714
Punto[1.         0.56290327 0.49053424] -> F: 0.47328975943273877
Punto[1.         0.56325861 0.49034685] -> F: 0.47314460479905607
{
  "seed": 558,
  "n_per_z": 10,
  "nz": 100,
  "nd": 100,
  "n_muestras": 50,
  "best_f": 0.47640116097149166,
  "best_cp": [
    1.0,
    0.5565071910283451,
    0.4939071597491054
  ],
  "best_u": [
    0.33873792024529137,
    0.05907839229777571,
    -0.939024155680462
  ],
  "best_index": 34,
  "n_candidatos": 54
}
