Punto[0.         0.29286795 0.35379392] -> F: 0.12426794990208861
Punto[1.         0.4786332  0.46794025] -> F: 0.3526006540054755
Punto[2.         0.54844614 0.35354238] -> F: 0.09732121544584109
Punto[1.         0.42065705 0.35366815] -> F: 0.37376976037814497
Punto[1.         0.47747367 0.46565481] -> F: 0.3565961630378045
Punto[1.         0.47633734 0.46341508] -> F: 0.3604824992504079
Punto[1.         0.47520101 0.46117534] -> F: 0.36438866966459377
Punto[1.         0.47406468 0.45893561] -> F: 0.3683146742803624
Punto[1.         0.47292834 0.45669588] -> F: 0.372260513097714
Punto[1.         0.47179201 0.45445614] -> F: 0.37622618611664815
Punto[1.         0.47065568 0.45221641] -> F: 0.38021169333716504
Punto[1.         0.46951935 0.44997668] -> F: 0.3842170347592647
Punto[1.         0.46838301 0.44773694] -> F: 0.38824221038294704
Punto[1.         0.46724668 0.44549721] -> F: 0.3922872202082122
Punto[1.         0.46611035 0.44325748] -> F: 0.39635206423506
Punto[1.         0.46497402 0.44101774] -> F: 0.4004367424634907
Punto[1.         0.46383768 0.43877801] -> F: 0.40454077104233505
Punto[1.         0.46270135 0.43653828] -> F: 0.40866223369779126
Punto[1.         0.46156502 0.43429855] -> F: 0.4128009333152729
Punto[1.         0.46042869 0.43205881] -> F: 0.4169451071854188
Punto[1.         0.45929235 0.42981908] -> F: 0.42109738557770815
Punto[1.         0.45815602 0.42757935] -> F: 0.4252666012801438
Punto[1.         0.45701969 0.42533961] -> F: 0.42945275429272534
Punto[1.         0.45588336 0.42309988] -> F: 0.43104993111945816
Punto[1.         0.45474702 0.42086015] -> F: 0.4291862590715044
Punto[1.         0.45361069 0.41862041] -> F: 0.4273193415719831
Punto[1.         0.45247436 0.41638068] -> F: 0.42545515547453394
Punto[1.         0.45133802 0.41414095] -> F: 0.4235937007791566
Punto[1.         0.45020169 0.41190121] -> F: 0.4217349774858512
Punto[1.         0.44906536 0.40966148] -> F: 0.41987898559461745
Punto[1.         0.44792903 0.40742175] -> F: 0.4180257251054558
Punto[1.         0.44679269 0.40518201] -> F: 0.41617519601836606
Punto[1.         0.44565636 0.40294228] -> F: 0.41432739833334814
Punto[1.         0.44452003 0.40070255] -> F: 0.4124711056478876
Punto[1.         0.4433837  0.39846281] -> F: 0.410613419742463
Punto[1.         0.44224736 0.39622308] -> F: 0.408758511031391
Punto[1.         0.44111103 0.39398335] -> F: 0.4069063795146717
Punto[1.         0.4399747  0.39174362] -> F: 0.40505702519230524
Punto[1.         0.43883837 0.38950388] -> F: 0.40321044806429135
Punto[1.         0.43770203 0.38726415] -> F: 0.4013666481306303
Punto[1.         0.4365657  0.38502442] -> F: 0.3995256253913218
Punto[1.         0.43542937 0.38278468] -> F: 0.39768185948105517
Punto[1.         0.43429304 0.38054495] -> F: 0.39583155980279294
Punto[1.         0.4331567  0.37830522] -> F: 0.39398408244214467
Punto[1.         0.43202037 0.37606548] -> F: 0.3921394273991105
Punto[1.         0.43088404 0.37382575] -> F: 0.39029759467369024
Punto[1.         0.42974771 0.37158602] -> F: 0.38845858426588376
Punto[1.         0.42861137 0.36934628] -> F: 0.3866223961756914
Punto[1.         0.42747504 0.36710655] -> F: 0.3847890304031129
Punto[1.         0.42633871 0.36486682] -> F: 0.38295143804802617
Punto[1.         0.42520238 0.36262708] -> F: 0.3811093687690562
Punto[1.         0.42406604 0.36038735] -> F: 0.37927016636258326
Punto[1.         0.42292971 0.35814762] -> F: 0.37743383082860693
Punto[1.         0.42179338 0.35590788] -> F: 0.37560036216712755
Best centerpoint:  [1.         0.45588336 0.42309988] Best F:  0.43104993111945816 Best u:  [ 0.42577929  0.2524387  -0.86889971] índice:  20
{
  "seed": 10580,
  "n_per_z": 5,
  "nz": 100,
  "nd": 100,
  "n_muestras": 50,
  "best_f": 0.43104993111945816,
  "best_cp": [
    1.0,
    0.45588335501727695,
    0.4230998792577297
  ],
  "best_u": [
    0.4257792915650727,
    0.2524387001417104,
    -0.8688997051127986
  ],
  "n_candidatos": 54
}
