Punto[0.         0.50202467 0.55158429] -> F: 0.19029741582048862
Punto[1.         0.60852006 0.54193725] -> F: 0.39184112173210683
Punto[2.         0.6716526  0.68613953] -> F: 0.10096748689149175
Punto[1.         0.58683863 0.61886191] -> F: 0.363633104788511
Punto[1.         0.60808644 0.54347575] -> F: 0.39147141235729205
Punto[1.         0.60766148 0.54498347] -> F: 0.3911070756681382
Punto[1.         0.60723652 0.54649119] -> F: 0.3907146235148969
Punto[1.         0.60681157 0.54799891] -> F: 0.3903225979174452
Punto[1.         0.60638661 0.54950664] -> F: 0.38993099887578375
Punto[1.         0.60596166 0.55101436] -> F: 0.3895398263899117
Punto[1.         0.6055367  0.55252208] -> F: 0.38914908045982965
Punto[1.         0.60511174 0.55402981] -> F: 0.38875876108553736
Punto[1.         0.60468679 0.55553753] -> F: 0.388368868267035
Punto[1.         0.60426183 0.55704525] -> F: 0.3879794020043223
Punto[1.         0.60383687 0.55855298] -> F: 0.3875903622973995
Punto[1.         0.60341192 0.5600607 ] -> F: 0.38720174914626665
Punto[1.         0.60298696 0.56156842] -> F: 0.38681356255092336
Punto[1.         0.60256201 0.56307615] -> F: 0.3864258025113701
Punto[1.         0.60213705 0.56458387] -> F: 0.38603112004434553
Punto[1.         0.60171209 0.56609159] -> F: 0.38561375908512807
Punto[1.         0.60128714 0.56759932] -> F: 0.38519689453802713
Punto[1.         0.60086218 0.56910704] -> F: 0.3847805264030427
Punto[1.         0.60043723 0.57061476] -> F: 0.384364654680175
Punto[1.         0.60001227 0.57212249] -> F: 0.3839492793694237
Punto[1.         0.59958731 0.57363021] -> F: 0.3835344004707891
Punto[1.         0.59916236 0.57513793] -> F: 0.3831200179842711
Punto[1.         0.5987374  0.57664566] -> F: 0.3826294255743398
Punto[1.         0.59831245 0.57815338] -> F: 0.38200113902728416
Punto[1.         0.59788749 0.5796611 ] -> F: 0.3813608191423061
Punto[1.         0.59746253 0.58116883] -> F: 0.38072121074482285
Punto[1.         0.59703758 0.58267655] -> F: 0.38008231383483476
Punto[1.         0.59661262 0.58418427] -> F: 0.37944412841234154
Punto[1.         0.59618767 0.585692  ] -> F: 0.37878863275440605
Punto[1.         0.59576271 0.58719972] -> F: 0.3781313171787495
Punto[1.         0.59533775 0.58870744] -> F: 0.37747475983729967
Punto[1.         0.5949128  0.59021517] -> F: 0.37681896073005655
Punto[1.         0.59448784 0.59172289] -> F: 0.3761558014538854
Punto[1.         0.59406288 0.59323061] -> F: 0.37548080659819694
Punto[1.         0.59363793 0.59473834] -> F: 0.37480661879529004
Punto[1.         0.59321297 0.59624606] -> F: 0.3741332380451645
Punto[1.         0.59278802 0.59775378] -> F: 0.3734606643478205
Punto[1.         0.59236306 0.59926151] -> F: 0.37276965841553256
Punto[1.         0.5919381  0.60076923] -> F: 0.37207782752037455
Punto[1.         0.59151315 0.60227695] -> F: 0.3713868547596562
Punto[1.         0.59108819 0.60378468] -> F: 0.37069674013337756
Punto[1.         0.59066324 0.6052924 ] -> F: 0.36999793355230415
Punto[1.         0.59023828 0.60680012] -> F: 0.3692884025481975
Punto[1.         0.58981332 0.60830785] -> F: 0.36858003413815066
Punto[1.         0.58938837 0.60981557] -> F: 0.36787315374890167
Punto[1.         0.58896341 0.61132329] -> F: 0.36716776271500495
Punto[1.         0.58853846 0.61283101] -> F: 0.3664638610364602
Punto[1.         0.5881135  0.61433874] -> F: 0.36576144871326777
Punto[1.         0.58768854 0.61584646] -> F: 0.3650605257454275
Punto[1.         0.58726359 0.61735418] -> F: 0.36434633376878034
{
  "seed": 2319,
  "n_per_z": 10,
  "nz": 100,
  "nd": 100,
  "n_muestras": 50,
  "best_f": 0.39184112173210683,
  "best_cp": [
    1.0,
    0.6085200641657782,
    0.5419372521017005
  ],
  "best_u": [
    0.9995065603657316,
    0.025979228656738254,
    0.017655465563533826
  ],
  "best_index": 1,
  "n_candidatos": 54
}
