Punto[0.         0.45170151 0.47403366] -> F: 0.1251332259779546
Punto[1.         0.49211979 0.50040429] -> F: 0.43588659826452236
Punto[2.         0.57979721 0.55197029] -> F: 0.13750593254032442
Punto[1.         0.51574936 0.51300198] -> F: 0.43972988036051586
Punto[1.         0.49259238 0.50065624] -> F: 0.43659433652480256
Punto[1.         0.49305552 0.50090316] -> F: 0.43729884492167576
Punto[1.         0.49351866 0.50115007] -> F: 0.4380141678678047
Punto[1.         0.4939818  0.50139699] -> F: 0.4387403053631894
Punto[1.         0.49444494 0.5016439 ] -> F: 0.43947725740782917
Punto[1.         0.49490808 0.50189082] -> F: 0.44022502400172475
Punto[1.         0.49537122 0.50213773] -> F: 0.44098360514487583
Punto[1.         0.49583436 0.50238465] -> F: 0.44175300083728214
Punto[1.         0.4962975  0.50263156] -> F: 0.4425332110789443
Punto[1.         0.49676064 0.50287848] -> F: 0.4433242358698617
Punto[1.         0.49722378 0.50312539] -> F: 0.44412565245604163
Punto[1.         0.49768692 0.5033723 ] -> F: 0.4448439860636021
Punto[1.         0.49815006 0.50361922] -> F: 0.44554815041100565
Punto[1.         0.4986132  0.50386613] -> F: 0.44625618284391044
Punto[1.         0.49907633 0.50411305] -> F: 0.4469680833623167
Punto[1.         0.49953947 0.50435996] -> F: 0.4476838519662244
Punto[1.         0.50000261 0.50460688] -> F: 0.44840348865563356
Punto[1.         0.50046575 0.50485379] -> F: 0.4491269934305442
Punto[1.         0.50092889 0.50510071] -> F: 0.4498543662909559
Punto[1.         0.50139203 0.50534762] -> F: 0.45058560723686925
Punto[1.         0.50185517 0.50559454] -> F: 0.4513207162682841
Punto[1.         0.50231831 0.50584145] -> F: 0.45205969338520013
Punto[1.         0.50278145 0.50608837] -> F: 0.45280253858761776
Punto[1.         0.50324459 0.50633528] -> F: 0.4535492518755368
Punto[1.         0.50370773 0.50658219] -> F: 0.4542998332489571
Punto[1.         0.50417087 0.50682911] -> F: 0.4550542827078789
Punto[1.         0.50463401 0.50707602] -> F: 0.45581260025230214
Punto[1.         0.50509715 0.50732294] -> F: 0.4565747858822267
Punto[1.         0.50556029 0.50756985] -> F: 0.4573176822073247
Punto[1.         0.50602343 0.50781677] -> F: 0.45729757763450535
Punto[1.         0.50648657 0.50806368] -> F: 0.4564560089603725
Punto[1.         0.50694971 0.5083106 ] -> F: 0.4556149414523483
Punto[1.         0.50741285 0.50855751] -> F: 0.4547743751104327
Punto[1.         0.50787599 0.50880443] -> F: 0.4539343099346255
Punto[1.         0.50833913 0.50905134] -> F: 0.45309474592492693
Punto[1.         0.50880227 0.50929826] -> F: 0.4522556830813371
Punto[1.         0.50926541 0.50954517] -> F: 0.4514171214038555
Punto[1.         0.50972855 0.50979209] -> F: 0.45057906089248273
Punto[1.         0.51019168 0.510039  ] -> F: 0.4497415015472184
Punto[1.         0.51065482 0.51028591] -> F: 0.4489044433680627
Punto[1.         0.51111796 0.51053283] -> F: 0.4480678863550158
Punto[1.         0.5115811  0.51077974] -> F: 0.447231830508077
Punto[1.         0.51204424 0.51102666] -> F: 0.446396275827247
Punto[1.         0.51250738 0.51127357] -> F: 0.44556122231252576
Punto[1.         0.51297052 0.51152049] -> F: 0.44472666996391286
Punto[1.         0.51343366 0.5117674 ] -> F: 0.4438926187814087
Punto[1.         0.5138968  0.51201432] -> F: 0.443059068765013
Punto[1.         0.51435994 0.51226123] -> F: 0.4422260199147257
Punto[1.         0.51482308 0.51250815] -> F: 0.44139347223054715
Punto[1.         0.51528622 0.51275506] -> F: 0.4405614257124773
{
  "seed": 4572,
  "n_per_z": 10,
  "nz": 100,
  "nd": 100,
  "n_muestras": 50,
  "best_f": 0.4573176822073247,
  "best_cp": [
    1.0,
    0.5055602889374026,
    0.5075698536414476
  ],
  "best_u": [
    -0.15643446504023092,
    -0.8936871299757525,
    -0.42053724194567993
  ],
  "best_index": 32,
  "n_candidatos": 54
}
