Punto[0.         0.36841169 0.63631777] -> F: 0.045206995713927785
Punto[1.         0.48011348 0.54948716] -> F: 0.313743521127855
Punto[2.         0.45145482 0.68852651] -> F: 0.14697496577149435
Punto[1.         0.40993325 0.66242214] -> F: 0.29384475279888944
Punto[1.         0.47870988 0.55174586] -> F: 0.31647218072449207
Punto[1.         0.47733435 0.55395939] -> F: 0.31914181145403087
Punto[1.         0.47595881 0.55617291] -> F: 0.32181445408312687
Punto[1.         0.47458328 0.55838644] -> F: 0.3245821882209653
Punto[1.         0.47320775 0.56059996] -> F: 0.32721833331074773
Punto[1.         0.47183222 0.56281349] -> F: 0.3298495838669952
Punto[1.         0.47045668 0.56502701] -> F: 0.33257076346879216
Punto[1.         0.46908115 0.56724054] -> F: 0.33672906025864835
Punto[1.         0.46770562 0.56945407] -> F: 0.3420602265905489
Punto[1.         0.46633009 0.57166759] -> F: 0.3474111361974671
Punto[1.         0.46495455 0.57388112] -> F: 0.3501151155329787
Punto[1.         0.46357902 0.57609464] -> F: 0.35276758618372667
Punto[1.         0.46220349 0.57830817] -> F: 0.35531644376879107
Punto[1.         0.46082796 0.58052169] -> F: 0.3578604765120295
Punto[1.         0.45945242 0.58273522] -> F: 0.36040777724638723
Punto[1.         0.45807689 0.58494874] -> F: 0.3610143170711015
Punto[1.         0.45670136 0.58716227] -> F: 0.35914741763567276
Punto[1.         0.45532583 0.5893758 ] -> F: 0.35727476256817225
Punto[1.         0.45395029 0.59158932] -> F: 0.3553994944288736
Punto[1.         0.45257476 0.59380285] -> F: 0.35352016671688896
Punto[1.         0.45119923 0.59601637] -> F: 0.35163659677262377
Punto[1.        0.4498237 0.5982299] -> F: 0.34975046116684577
Punto[1.         0.44844816 0.60044342] -> F: 0.3478586781014049
Punto[1.         0.44707263 0.60265695] -> F: 0.3459655722383772
Punto[1.         0.4456971  0.60487048] -> F: 0.34406569405012194
Punto[1.         0.44432157 0.607084  ] -> F: 0.3421654264598852
Punto[1.         0.44294603 0.60929753] -> F: 0.340257610078573
Punto[1.         0.4415705  0.61151105] -> F: 0.33834995782971194
Punto[1.         0.44019497 0.61372458] -> F: 0.3364344113522844
Punto[1.         0.43881944 0.6159381 ] -> F: 0.33451911727782485
Punto[1.         0.4374439  0.61815163] -> F: 0.33259611551808493
Punto[1.         0.43606837 0.62036515] -> F: 0.33067288495280667
Punto[1.         0.43469284 0.62257868] -> F: 0.3287427892152744
Punto[1.         0.43331731 0.62479221] -> F: 0.326811286159009
Punto[1.         0.43194177 0.62700573] -> F: 0.3248745694341179
Punto[1.         0.43056624 0.62921926] -> F: 0.32293441203550904
Punto[1.         0.42919071 0.63143278] -> F: 0.3209916911987113
Punto[1.         0.42781518 0.63364631] -> F: 0.3190424464285127
Punto[1.         0.42643964 0.63585983] -> F: 0.31709570742956994
Punto[1.         0.42506411 0.63807336] -> F: 0.3151512788775973
Punto[1.         0.42368858 0.64028689] -> F: 0.3132018081356196
Punto[1.         0.42231305 0.64250041] -> F: 0.31125607207491074
Punto[1.         0.42093751 0.64471394] -> F: 0.3093140706954702
Punto[1.         0.41956198 0.64692746] -> F: 0.30737580399729847
Punto[1.         0.41818645 0.64914099] -> F: 0.30544127198039556
Punto[1.         0.41681092 0.65135451] -> F: 0.30350069498694515
Punto[1.         0.41543538 0.65356804] -> F: 0.30156347279786266
Punto[1.         0.41405985 0.65578156] -> F: 0.2996300248854074
Punto[1.         0.41268432 0.65799509] -> F: 0.29770035124957955
Punto[1.         0.41130879 0.66020862] -> F: 0.29577445189037926
Best centerpoint:  [1.         0.45807689 0.58494874] Best F:  0.3610143170711015 Best u:  [-0.63742399 -0.39222315  0.66321313] índice:  16
{
  "seed": 2820,
  "n_per_z": 5,
  "nz": 100,
  "nd": 100,
  "n_muestras": 50,
  "best_f": 0.3610143170711015,
  "best_cp": [
    1.0,
    0.458076890386081,
    0.5849487445164259
  ],
  "best_u": [
    -0.6374239897486897,
    -0.3922231519569973,
    0.6632131304202146
  ],
  "n_candidatos": 54
}
