Punto[0.         0.2420956  0.49592553] -> F: 0.050002333094916175
Punto[1.         0.33684703 0.41600874] -> F: 0.2880843860456494
Punto[2.         0.42768806 0.37946661] -> F: 0.2285681586666441
Punto[1.         0.33489183 0.43769607] -> F: 0.274869799942633
Punto[1.         0.33680792 0.41644249] -> F: 0.2878167911072137
Punto[1.         0.3367696  0.41686756] -> F: 0.2875547052633884
Punto[1.         0.33673128 0.41729263] -> F: 0.28729277502756795
Punto[1.         0.33669296 0.4177177 ] -> F: 0.2870310003997523
Punto[1.         0.33665464 0.41814277] -> F: 0.2867693813799415
Punto[1.         0.33661631 0.41856784] -> F: 0.28650791796813546
Punto[1.         0.33657799 0.41899292] -> F: 0.2862466101643342
Punto[1.         0.33653967 0.41941799] -> F: 0.28598545796853786
Punto[1.         0.33650135 0.41984306] -> F: 0.2857244613807463
Punto[1.         0.33646303 0.42026813] -> F: 0.28546285630285423
Punto[1.        0.3364247 0.4206932] -> F: 0.2852013574439286
Punto[1.         0.33638638 0.42111827] -> F: 0.2849400151665343
Punto[1.         0.33634806 0.42154335] -> F: 0.2846788294706713
Punto[1.         0.33630974 0.42196842] -> F: 0.2844178003563397
Punto[1.         0.33627142 0.42239349] -> F: 0.2841569278235396
Punto[1.         0.3362331  0.42281856] -> F: 0.28389621187227077
Punto[1.         0.33619477 0.42324363] -> F: 0.2836356525025334
Punto[1.         0.33615645 0.4236687 ] -> F: 0.28337524971432737
Punto[1.         0.33611813 0.42409378] -> F: 0.28311500350765273
Punto[1.         0.33607981 0.42451885] -> F: 0.2828549138825095
Punto[1.         0.33604149 0.42494392] -> F: 0.28259498083889756
Punto[1.         0.33600316 0.42536899] -> F: 0.28233520437681703
Punto[1.         0.33596484 0.42579406] -> F: 0.28207558449626796
Punto[1.         0.33592652 0.42621913] -> F: 0.2818161211972502
Punto[1.         0.3358882  0.42664421] -> F: 0.2815568144797638
Punto[1.         0.33584988 0.42706928] -> F: 0.2812976643438088
Punto[1.         0.33581156 0.42749435] -> F: 0.28103867078938527
Punto[1.         0.33577323 0.42791942] -> F: 0.28077983381649296
Punto[1.         0.33573491 0.42834449] -> F: 0.2805211534251321
Punto[1.         0.33569659 0.42876956] -> F: 0.28026262961530274
Punto[1.         0.33565827 0.42919464] -> F: 0.28000426238700465
Punto[1.         0.33561995 0.42961971] -> F: 0.2797460517402379
Punto[1.         0.33558162 0.43004478] -> F: 0.2794879976750026
Punto[1.         0.3355433  0.43046985] -> F: 0.2792301001912987
Punto[1.         0.33550498 0.43089492] -> F: 0.2789723592891261
Punto[1.         0.33546666 0.43131999] -> F: 0.2787147749684849
Punto[1.         0.33542834 0.43174507] -> F: 0.27845734722937515
Punto[1.         0.33539002 0.43217014] -> F: 0.27820007607179675
Punto[1.         0.33535169 0.43259521] -> F: 0.27794296149574965
Punto[1.         0.33531337 0.43302028] -> F: 0.277686003501234
Punto[1.         0.33527505 0.43344535] -> F: 0.2774292020882498
Punto[1.         0.33523673 0.43387042] -> F: 0.27717255725679685
Punto[1.         0.33519841 0.4342955 ] -> F: 0.2769160690068753
Punto[1.         0.33516008 0.43472057] -> F: 0.27665973733848526
Punto[1.         0.33512176 0.43514564] -> F: 0.2764035622516265
Punto[1.         0.33508344 0.43557071] -> F: 0.2761475437462991
Punto[1.         0.33504512 0.43599578] -> F: 0.27589168182250307
Punto[1.         0.3350068  0.43642085] -> F: 0.2756359764802385
Punto[1.         0.33496848 0.43684593] -> F: 0.2753804277195052
Punto[1.         0.33493015 0.437271  ] -> F: 0.2751250355403035
Best centerpoint:  [1.         0.33684703 0.41600874] Best F:  0.2880843860456494 Best u:  [-0.48175367 -0.27079366  0.83341718] índice:  1
{
  "seed": 19108,
  "n_per_z": 5,
  "nz": 100,
  "nd": 100,
  "n_muestras": 50,
  "best_f": 0.2880843860456494,
  "best_cp": [
    1.0,
    0.3368470271189265,
    0.4160087390076965
  ],
  "best_u": [
    -0.48175367410171543,
    -0.27079365641784314,
    0.8334171783286887
  ],
  "n_candidatos": 54
}
