Punto[0.         0.56859027 0.59468624] -> F: 0.1607361826858848
Punto[1.         0.52870819 0.49622504] -> F: 0.36490893461049145
Punto[2.         0.54795832 0.32345521] -> F: 0.05279455614047481
Punto[1.         0.55827429 0.45907072] -> F: 0.3105035555016214
Punto[1.         0.52929952 0.49548195] -> F: 0.3637710925274665
Punto[1.         0.52987901 0.49475373] -> F: 0.36265798144882394
Punto[1.         0.53045851 0.4940255 ] -> F: 0.3615468245918653
Punto[1.         0.531038   0.49329728] -> F: 0.3604376219565908
Punto[1.         0.5316175  0.49256905] -> F: 0.3593303735430005
Punto[1.         0.53219699 0.49184083] -> F: 0.3582250793510945
Punto[1.         0.53277649 0.4911126 ] -> F: 0.3571217393808724
Punto[1.         0.53335599 0.49038438] -> F: 0.3560203536323346
Punto[1.         0.53393548 0.48965616] -> F: 0.35492092210548076
Punto[1.         0.53451498 0.48892793] -> F: 0.3538234448003112
Punto[1.         0.53509447 0.48819971] -> F: 0.35272792171682565
Punto[1.         0.53567397 0.48747148] -> F: 0.3516343528550243
Punto[1.         0.53625346 0.48674326] -> F: 0.35054273821490706
Punto[1.         0.53683296 0.48601503] -> F: 0.349453077796474
Punto[1.         0.53741245 0.48528681] -> F: 0.348365371599725
Punto[1.         0.53799195 0.48455858] -> F: 0.3472796196246603
Punto[1.         0.53857145 0.48383036] -> F: 0.3461958218712796
Punto[1.         0.53915094 0.48310213] -> F: 0.34511397833958307
Punto[1.         0.53973044 0.48237391] -> F: 0.34403408902957067
Punto[1.         0.54030993 0.48164568] -> F: 0.34295615394124235
Punto[1.         0.54088943 0.48091746] -> F: 0.34188017307459817
Punto[1.         0.54146892 0.48018924] -> F: 0.3408061464296383
Punto[1.         0.54204842 0.47946101] -> F: 0.3397340740063624
Punto[1.         0.54262791 0.47873279] -> F: 0.33866395580477066
Punto[1.         0.54320741 0.47800456] -> F: 0.3375957918248631
Punto[1.         0.5437869  0.47727634] -> F: 0.3365295820666397
Punto[1.         0.5443664  0.47654811] -> F: 0.33546532653010036
Punto[1.         0.5449459  0.47581989] -> F: 0.3344030252152452
Punto[1.         0.54552539 0.47509166] -> F: 0.3333426781220741
Punto[1.         0.54610489 0.47436344] -> F: 0.3322842852505871
Punto[1.         0.54668438 0.47363521] -> F: 0.3312278466007844
Punto[1.         0.54726388 0.47290699] -> F: 0.3301733621726658
Punto[1.         0.54784337 0.47217876] -> F: 0.32912083196623126
Punto[1.         0.54842287 0.47145054] -> F: 0.328070255981481
Punto[1.         0.54900236 0.47072232] -> F: 0.3270216342184147
Punto[1.         0.54958186 0.46999409] -> F: 0.32597496667703263
Punto[1.         0.55016136 0.46926587] -> F: 0.3249302533573346
Punto[1.         0.55074085 0.46853764] -> F: 0.3238874942593208
Punto[1.         0.55132035 0.46780942] -> F: 0.32284668938299116
Punto[1.         0.55189984 0.46708119] -> F: 0.32180783872834556
Punto[1.         0.55247934 0.46635297] -> F: 0.3207709422953842
Punto[1.         0.55305883 0.46562474] -> F: 0.31973600008410685
Punto[1.         0.55363833 0.46489652] -> F: 0.31870301209451374
Punto[1.         0.55421782 0.46416829] -> F: 0.31767197832660465
Punto[1.         0.55479732 0.46344007] -> F: 0.3166428987803799
Punto[1.         0.55537682 0.46271184] -> F: 0.3156157734558391
Punto[1.         0.55595631 0.46198362] -> F: 0.31459060235298253
Punto[1.         0.55653581 0.46125539] -> F: 0.31356738547180996
Punto[1.         0.5571153  0.46052717] -> F: 0.3125461228123217
Punto[1.         0.5576948  0.45979895] -> F: 0.3115268143745174
Best centerpoint:  [1.         0.52870819 0.49622504] Best F:  0.36490893461049145 Best u:  [ 0.27899111  0.43596421 -0.85562794] índice:  1
{
  "seed": 8398,
  "n_per_z": 5,
  "nz": 100,
  "nd": 100,
  "n_muestras": 50,
  "best_f": 0.36490893461049145,
  "best_cp": [
    1.0,
    0.5287081948812175,
    0.49622503879074464
  ],
  "best_u": [
    0.27899110603922916,
    0.43596421025720655,
    -0.8556279390750501
  ],
  "n_candidatos": 54
}
