Punto[0.         0.41521122 0.26768538] -> F: 0.09236868407301092
Punto[1.         0.45359575 0.56515293] -> F: 0.27492697871045596
Punto[2.         0.30571316 0.59310097] -> F: 0.08626604687526308
Punto[1.         0.36046219 0.43039318] -> F: 0.2964674322539813
Punto[1.         0.45173308 0.56245774] -> F: 0.27860911196767807
Punto[1.         0.44990766 0.55981644] -> F: 0.28224136653743453
Punto[1.         0.44808224 0.55717515] -> F: 0.2858971450446914
Punto[1.         0.44625682 0.55453386] -> F: 0.28957644748944883
Punto[1.         0.4444314  0.55189257] -> F: 0.29327927387170655
Punto[1.         0.44260599 0.54925128] -> F: 0.2970056241914648
Punto[1.         0.44078057 0.54660999] -> F: 0.3007554984487231
Punto[1.         0.43895515 0.5439687 ] -> F: 0.30452889664348226
Punto[1.         0.43712973 0.54132741] -> F: 0.3083298005432622
Punto[1.         0.43530432 0.53868611] -> F: 0.31221668483090176
Punto[1.         0.4334789  0.53604482] -> F: 0.3162089164441554
Punto[1.         0.43165348 0.53340353] -> F: 0.32038764630543254
Punto[1.         0.42982806 0.53076224] -> F: 0.3249998000869712
Punto[1.         0.42800265 0.52812095] -> F: 0.3300624159329508
Punto[1.         0.42617723 0.52547966] -> F: 0.33557549384337193
Punto[1.         0.42435181 0.52283837] -> F: 0.3403619914966756
Punto[1.         0.42252639 0.52019708] -> F: 0.3452535635008468
Punto[1.         0.42070098 0.51755578] -> F: 0.35105436174850396
Punto[1.         0.41887556 0.51491449] -> F: 0.3578736606919512
Punto[1.         0.41705014 0.5122732 ] -> F: 0.3640309357656918
Punto[1.         0.41522472 0.50963191] -> F: 0.3697212483505273
Punto[1.         0.4133993  0.50699062] -> F: 0.37677164749444964
Punto[1.         0.41157389 0.50434933] -> F: 0.3846084140396349
Punto[1.         0.40974847 0.50170804] -> F: 0.39132731754430283
Punto[1.         0.40792305 0.49906675] -> F: 0.39885622085250844
Punto[1.         0.40609763 0.49642546] -> F: 0.4071951239642514
Punto[1.         0.40427222 0.49378416] -> F: 0.4066566469221361
Punto[1.         0.4024468  0.49114287] -> F: 0.4034423718505728
Punto[1.         0.40062138 0.48850158] -> F: 0.40023111255950916
Punto[1.         0.39879596 0.48586029] -> F: 0.3969120570691625
Punto[1.         0.39697055 0.483219  ] -> F: 0.393608376474399
Punto[1.         0.39514513 0.48057771] -> F: 0.3901872381940393
Punto[1.         0.39331971 0.47793642] -> F: 0.3867871139546762
Punto[1.         0.39149429 0.47529513] -> F: 0.38326795345234543
Punto[1.         0.38966887 0.47265383] -> F: 0.3797665522662177
Punto[1.         0.38784346 0.47001254] -> F: 0.37615538016836986
Punto[1.         0.38601804 0.46737125] -> F: 0.37254686215648736
Punto[1.         0.38419262 0.46472996] -> F: 0.36885248932538045
Punto[1.         0.3823672  0.46208867] -> F: 0.3651297440475277
Punto[1.         0.38054179 0.45944738] -> F: 0.3613650355948704
Punto[1.         0.37871637 0.45680609] -> F: 0.3575193186751798
Punto[1.         0.37689095 0.4541648 ] -> F: 0.35370308436480374
Punto[1.         0.37506553 0.45152351] -> F: 0.3497235057970105
Punto[1.         0.37324012 0.44888221] -> F: 0.34577799514423085
Punto[1.         0.3714147  0.44624092] -> F: 0.3413656991557614
Punto[1.         0.36958928 0.44359963] -> F: 0.3359059585834995
Punto[1.         0.36776386 0.44095834] -> F: 0.3299427651905307
Punto[1.         0.36593845 0.43831705] -> F: 0.3218321783405974
Punto[1.         0.36411303 0.43567576] -> F: 0.31217161481323485
Punto[1.         0.36228761 0.43303447] -> F: 0.3033549309285647
Best centerpoint:  [1.         0.40609763 0.49642546] Best F:  0.4071951239642514 Best u:  [-0.12533323  0.4779549   0.86939674] índice:  26
{
  "seed": 17845,
  "n_per_z": 5,
  "nz": 100,
  "nd": 100,
  "n_muestras": 50,
  "best_f": 0.4071951239642514,
  "best_cp": [
    1.0,
    0.4060976337331368,
    0.49642545536951177
  ],
  "best_u": [
    -0.12533323356430415,
    0.4779549024885755,
    0.8693967401315995
  ],
  "n_candidatos": 54
}
