Punto[0.         0.51431627 0.57373308] -> F: 0.13221407968252646
Punto[1.         0.46671331 0.54486796] -> F: 0.4549827660904331
Punto[2.         0.49564801 0.52776956] -> F: 0.15847310523788224
Punto[1.         0.50498214 0.55075132] -> F: 0.45590598456899106
Punto[1.         0.46747868 0.54498562] -> F: 0.4554385320289524
Punto[1.         0.46822875 0.54510094] -> F: 0.4558855006075285
Punto[1.         0.46897882 0.54521625] -> F: 0.4563327839332261
Punto[1.         0.46972889 0.54533156] -> F: 0.4567803820060453
Punto[1.         0.47047896 0.54544688] -> F: 0.4572282948259863
Punto[1.         0.47122903 0.54556219] -> F: 0.45767652239304896
Punto[1.         0.4719791  0.54567751] -> F: 0.4581250647072334
Punto[1.         0.47272917 0.54579282] -> F: 0.4585739217685393
Punto[1.         0.47347924 0.54590813] -> F: 0.45898898588121156
Punto[1.         0.47422931 0.54602345] -> F: 0.45935277028362925
Punto[1.         0.47497938 0.54613876] -> F: 0.45971765187558133
Punto[1.         0.47572944 0.54625408] -> F: 0.4600836306570676
Punto[1.         0.47647951 0.54636939] -> F: 0.460450706628088
Punto[1.         0.47722958 0.5464847 ] -> F: 0.46081887978864305
Punto[1.         0.47797965 0.54660002] -> F: 0.46118815013873216
Punto[1.         0.47872972 0.54671533] -> F: 0.46155851767835565
Punto[1.         0.47947979 0.54683065] -> F: 0.46192998240751354
Punto[1.         0.48022986 0.54694596] -> F: 0.4623025443262058
Punto[1.         0.48097993 0.54706127] -> F: 0.46267620343443233
Punto[1.         0.48173    0.54717659] -> F: 0.463050959732193
Punto[1.         0.48248007 0.5472919 ] -> F: 0.4634268132194884
Punto[1.         0.48323013 0.54740722] -> F: 0.46380376389631767
Punto[1.         0.4839802  0.54752253] -> F: 0.4641814604233172
Punto[1.         0.48473027 0.54763784] -> F: 0.46455895832574373
Punto[1.         0.48548034 0.54775316] -> F: 0.46493620552704906
Punto[1.         0.48623041 0.54786847] -> F: 0.46518718760517125
Punto[1.         0.48698048 0.54798378] -> F: 0.46481148584219095
Punto[1.         0.48773055 0.5480991 ] -> F: 0.464436155216005
Punto[1.         0.48848062 0.54821441] -> F: 0.46406119572661353
Punto[1.         0.48923069 0.54832973] -> F: 0.46368660737401646
Punto[1.         0.48998076 0.54844504] -> F: 0.46331239015821385
Punto[1.         0.49073083 0.54856035] -> F: 0.46293854407920565
Punto[1.         0.49148089 0.54867567] -> F: 0.4625650691369919
Punto[1.         0.49223096 0.54879098] -> F: 0.4621919653315726
Punto[1.         0.49298103 0.5489063 ] -> F: 0.46181923266294767
Punto[1.         0.4937311  0.54902161] -> F: 0.46144687113111704
Punto[1.         0.49448117 0.54913692] -> F: 0.46107488073608105
Punto[1.         0.49523124 0.54925224] -> F: 0.4607032614778394
Punto[1.         0.49598131 0.54936755] -> F: 0.4603320133563922
Punto[1.         0.49673138 0.54948287] -> F: 0.4599611363717394
Punto[1.         0.49748145 0.54959818] -> F: 0.4595906305238811
Punto[1.         0.49823152 0.54971349] -> F: 0.45922049581281715
Punto[1.         0.49898158 0.54982881] -> F: 0.45885073223854766
Punto[1.         0.49973165 0.54994412] -> F: 0.45848133980107253
Punto[1.         0.50048172 0.55005943] -> F: 0.4581123185003919
Punto[1.         0.50123179 0.55017475] -> F: 0.45774366833650576
Punto[1.         0.50198186 0.55029006] -> F: 0.4573753893094139
Punto[1.         0.50273193 0.55040538] -> F: 0.4570074814191165
Punto[1.         0.503482   0.55052069] -> F: 0.4566399446656136
Punto[1.         0.50423207 0.550636  ] -> F: 0.45627277904890506
{
  "seed": 7957,
  "n_per_z": 10,
  "nz": 100,
  "nd": 100,
  "n_muestras": 50,
  "best_f": 0.46518718760517125,
  "best_cp": [
    1.0,
    0.48623041098948905,
    0.5478684706516941
  ],
  "best_u": [
    -0.4539904997395467,
    0.7669267617036342,
    0.4535592225156643
  ],
  "best_index": 29,
  "n_candidatos": 54
}
