Punto[0.         0.29733943 0.46836565] -> F: 0.07277238666815826
Punto[1.         0.40149692 0.40546667] -> F: 0.4188706897824785
Punto[2.         0.54403393 0.51864942] -> F: 0.03818196056966862
Punto[1.         0.42068668 0.49350753] -> F: 0.3322858814548982
Punto[1.         0.40188072 0.40722748] -> F: 0.4202391520555648
Punto[1.         0.40225683 0.40895308] -> F: 0.4203395757578995
Punto[1.         0.40263295 0.41067868] -> F: 0.42044004735253815
Punto[1.         0.40300907 0.41240429] -> F: 0.4205405668394807
Punto[1.         0.40338519 0.41412989] -> F: 0.42059200095305627
Punto[1.         0.40376131 0.41585549] -> F: 0.4206056893092023
Punto[1.         0.40413743 0.41758109] -> F: 0.42061937899031826
Punto[1.         0.40451355 0.41930669] -> F: 0.4206330699964036
Punto[1.         0.40488967 0.42103229] -> F: 0.42064676232745823
Punto[1.         0.40526579 0.42275789] -> F: 0.41951306948204925
Punto[1.         0.40564191 0.42448349] -> F: 0.41757844343646794
Punto[1.         0.40601803 0.42620909] -> F: 0.41564672790650153
Punto[1.         0.40639415 0.4279347 ] -> F: 0.41371744922653936
Punto[1.         0.40677027 0.4296603 ] -> F: 0.41179060739658135
Punto[1.         0.40714639 0.4313859 ] -> F: 0.40984990318440295
Punto[1.         0.40752251 0.4331115 ] -> F: 0.40788230843889445
Punto[1.         0.40789862 0.4348371 ] -> F: 0.40588759177879646
Punto[1.         0.40827474 0.4365627 ] -> F: 0.40388063635388693
Punto[1.         0.40865086 0.4382883 ] -> F: 0.4018687863445213
Punto[1.         0.40902698 0.4400139 ] -> F: 0.39982526295279475
Punto[1.        0.4094031 0.4417395] -> F: 0.39778911284349217
Punto[1.         0.40977922 0.4434651 ] -> F: 0.3957603360166135
Punto[1.         0.41015534 0.44519071] -> F: 0.3937369949521462
Punto[1.         0.41053146 0.44691631] -> F: 0.39167290422365336
Punto[1.         0.41090758 0.44864191] -> F: 0.3896163979162069
Punto[1.         0.4112837  0.45036751] -> F: 0.3875674760298067
Punto[1.         0.41165982 0.45209311] -> F: 0.38552613856445306
Punto[1.         0.41203594 0.45381871] -> F: 0.3834592094548434
Punto[1.         0.41241206 0.45554431] -> F: 0.3813839209935484
Punto[1.         0.41278818 0.45726991] -> F: 0.37931643983208485
Punto[1.         0.4131643  0.45899551] -> F: 0.3772567659704525
Punto[1.         0.41354041 0.46072111] -> F: 0.37511350192207743
Punto[1.         0.41391653 0.46244672] -> F: 0.3729273599040719
Punto[1.         0.41429265 0.46417232] -> F: 0.3707490251858978
Punto[1.         0.41466877 0.46589792] -> F: 0.3685596845225543
Punto[1.         0.41504489 0.46762352] -> F: 0.36634814479095407
Punto[1.         0.41542101 0.46934912] -> F: 0.36414464822809584
Punto[1.         0.41579713 0.47107472] -> F: 0.36194919483397914
Punto[1.         0.41617325 0.47280032] -> F: 0.35976178460860475
Punto[1.         0.41654937 0.47452592] -> F: 0.3575399407361172
Punto[1.         0.41692549 0.47625152] -> F: 0.35532030606699555
Punto[1.         0.41730161 0.47797712] -> F: 0.353108964897025
Punto[1.         0.41767773 0.47970273] -> F: 0.35090591722620545
Punto[1.         0.41805385 0.48142833] -> F: 0.34870577723726254
Punto[1.         0.41842997 0.48315393] -> F: 0.34642714916674183
Punto[1.         0.41880609 0.48487953] -> F: 0.34406000986984486
Punto[1.         0.4191822  0.48660513] -> F: 0.3416996153116512
Punto[1.         0.41955832 0.48833073] -> F: 0.33934778077775674
Punto[1.         0.41993444 0.49005633] -> F: 0.3370045062681616
Punto[1.         0.42031056 0.49178193] -> F: 0.3346613862671815
Best centerpoint:  [1.         0.40488967 0.42103229] Best F:  0.42064676232745823 Best u:  [-6.12323400e-17  9.75916762e-01 -2.18143241e-01] índice:  9
{
  "seed": 19937,
  "n_per_z": 5,
  "nz": 100,
  "nd": 100,
  "n_muestras": 50,
  "best_f": 0.42064676232745823,
  "best_cp": [
    1.0,
    0.40488966978313184,
    0.42103229102256295
  ],
  "best_u": [
    -6.123233995736766e-17,
    0.9759167619387473,
    -0.21814324139654276
  ],
  "n_candidatos": 54
}
