Punto[0.         0.51202701 0.31959258] -> F: 0.12150895571571346
Punto[1.         0.60584703 0.50702793] -> F: 0.3149071957864447
Punto[2.         0.53280833 0.45936857] -> F: 0.0822280022411964
Punto[1.         0.52241767 0.38948057] -> F: 0.3325407089499868
Punto[1.         0.60417845 0.50467698] -> F: 0.32074694450389607
Punto[1.         0.60254323 0.50237306] -> F: 0.3264013448830613
Punto[1.         0.60090802 0.50006913] -> F: 0.3321169414275802
Punto[1.        0.5992728 0.4977652] -> F: 0.33795194764260417
Punto[1.         0.59763759 0.49546127] -> F: 0.3439063635281338
Punto[1.         0.59600237 0.49315734] -> F: 0.34997638968380307
Punto[1.         0.59436715 0.49085342] -> F: 0.35615448494802054
Punto[1.         0.59273194 0.48854949] -> F: 0.36244044363342215
Punto[1.         0.59109672 0.48624556] -> F: 0.3688342657400079
Punto[1.         0.58946151 0.48394163] -> F: 0.37532640856429494
Punto[1.         0.58782629 0.4816377 ] -> F: 0.3816801291977077
Punto[1.         0.58619108 0.47933377] -> F: 0.3881170537202101
Punto[1.         0.58455586 0.47702985] -> F: 0.39462953662376304
Punto[1.         0.58292065 0.47472592] -> F: 0.40121414725184995
Punto[1.         0.58128543 0.47242199] -> F: 0.40786963516242997
Punto[1.         0.57965021 0.47011806] -> F: 0.4144181572299004
Punto[1.         0.578015   0.46781413] -> F: 0.4141872795449623
Punto[1.         0.57637978 0.46551021] -> F: 0.4117353314665943
Punto[1.         0.57474457 0.46320628] -> F: 0.4092874894111492
Punto[1.         0.57310935 0.46090235] -> F: 0.40683724238683466
Punto[1.         0.57147414 0.45859842] -> F: 0.4043795926067652
Punto[1.         0.56983892 0.45629449] -> F: 0.40192610981931426
Punto[1.         0.56820371 0.45399056] -> F: 0.39947679402448244
Punto[1.         0.56656849 0.45168664] -> F: 0.39703164522226964
Punto[1.         0.56493327 0.44938271] -> F: 0.3945906634126758
Punto[1.         0.56329806 0.44707878] -> F: 0.3921538485957007
Punto[1.         0.56166284 0.44477485] -> F: 0.389708142581725
Punto[1.         0.56002763 0.44247092] -> F: 0.38726099979266393
Punto[1.         0.55839241 0.44016699] -> F: 0.38481808841974924
Punto[1.         0.5567572  0.43786307] -> F: 0.3823794084629808
Punto[1.         0.55512198 0.43555914] -> F: 0.37994495992235855
Punto[1.         0.55348677 0.43325521] -> F: 0.37751474279788255
Punto[1.         0.55185155 0.43095128] -> F: 0.3750887570895527
Punto[1.         0.55021633 0.42864735] -> F: 0.3726487783752993
Punto[1.         0.54858112 0.42634343] -> F: 0.37021186736140943
Punto[1.        0.5469459 0.4240395] -> F: 0.36777925608022743
Punto[1.         0.54531069 0.42173557] -> F: 0.36535487382692744
Punto[1.         0.54367547 0.41943164] -> F: 0.362943387748378
Punto[1.         0.54204026 0.41712771] -> F: 0.3605448063068001
Punto[1.         0.54040504 0.41482378] -> F: 0.35815912950219314
Punto[1.         0.53876983 0.41251986] -> F: 0.35578635733455755
Punto[1.         0.53713461 0.41021593] -> F: 0.3534264898038933
Punto[1.         0.53549939 0.407912  ] -> F: 0.3510702769274055
Punto[1.         0.53386418 0.40560807] -> F: 0.3487078031194703
Punto[1.         0.53222896 0.40330414] -> F: 0.3463585515431802
Punto[1.         0.53059375 0.40100022] -> F: 0.34402252219853513
Punto[1.         0.52895853 0.39869629] -> F: 0.3416997150855353
Punto[1.         0.52732332 0.39639236] -> F: 0.33939013020418046
Punto[1.         0.5256881  0.39408843] -> F: 0.3370937675544708
Punto[1.         0.52405289 0.3917845 ] -> F: 0.3348106271364063
Best centerpoint:  [1.         0.57965021 0.47011806] Best F:  0.4144181572299004 Best u:  [6.12323400e-17 8.91006524e-01 4.53990500e-01] índice:  16
{
  "seed": 18133,
  "n_per_z": 5,
  "nz": 100,
  "nd": 100,
  "n_muestras": 50,
  "best_f": 0.4144181572299004,
  "best_cp": [
    1.0,
    0.579650213987173,
    0.47011806150416346
  ],
  "best_u": [
    6.123233995736766e-17,
    0.8910065241883679,
    0.45399049973954675
  ],
  "n_candidatos": 54
}
