Punto[0.         0.45799797 0.51128709] -> F: 0.10381573214839335
Punto[1.         0.50377109 0.53670012] -> F: 0.41858383928738563
Punto[2.         0.51817566 0.58802969] -> F: 0.17545106386210077
Punto[1.         0.48808681 0.54965839] -> F: 0.40578055144368635
Punto[1.         0.50345741 0.53695929] -> F: 0.4183424152045455
Punto[1.         0.50314999 0.53721327] -> F: 0.4181091095299218
Punto[1.         0.50284258 0.53746725] -> F: 0.41787906055027635
Punto[1.         0.50253517 0.53772123] -> F: 0.41765226826560925
Punto[1.         0.50222776 0.53797521] -> F: 0.4174281235531807
Punto[1.         0.50192035 0.5382292 ] -> F: 0.4172041842127584
Punto[1.         0.50161293 0.53848318] -> F: 0.41698019484844223
Punto[1.         0.50130552 0.53873716] -> F: 0.416756155460232
Punto[1.         0.50099811 0.53899114] -> F: 0.41653206604812776
Punto[1.         0.5006907  0.53924512] -> F: 0.4162877117460845
Punto[1.         0.50038329 0.53949911] -> F: 0.41601974288594074
Punto[1.         0.50007588 0.53975309] -> F: 0.4157532077791486
Punto[1.         0.49976846 0.54000707] -> F: 0.4154881064257083
Punto[1.         0.49946105 0.54026105] -> F: 0.41522443882561977
Punto[1.         0.49915364 0.54051503] -> F: 0.41496220497888286
Punto[1.         0.49884623 0.54076902] -> F: 0.4147014048854977
Punto[1.         0.49853882 0.541023  ] -> F: 0.41444203854546435
Punto[1.         0.4982314  0.54127698] -> F: 0.41418410595878274
Punto[1.         0.49792399 0.54153096] -> F: 0.41392760712545285
Punto[1.         0.49761658 0.54178494] -> F: 0.41367254204547466
Punto[1.         0.49730917 0.54203893] -> F: 0.4134189107188482
Punto[1.         0.49700176 0.54229291] -> F: 0.41316671314557346
Punto[1.         0.49669435 0.54254689] -> F: 0.4129159493256505
Punto[1.         0.49638693 0.54280087] -> F: 0.4126666192590793
Punto[1.         0.49607952 0.54305485] -> F: 0.4124187229458599
Punto[1.         0.49577211 0.54330884] -> F: 0.4121722603859921
Punto[1.         0.4954647  0.54356282] -> F: 0.4119272315794761
Punto[1.         0.49515729 0.5438168 ] -> F: 0.41168363652631185
Punto[1.         0.49484987 0.54407078] -> F: 0.41144147522649926
Punto[1.         0.49454246 0.54432476] -> F: 0.41120074768003845
Punto[1.         0.49423505 0.54457875] -> F: 0.41096145388692945
Punto[1.         0.49392764 0.54483273] -> F: 0.41072359384717205
Punto[1.         0.49362023 0.54508671] -> F: 0.4104794573895984
Punto[1.         0.49331281 0.54534069] -> F: 0.41021008456307
Punto[1.         0.4930054  0.54559467] -> F: 0.40994169085374144
Punto[1.         0.49269799 0.54584866] -> F: 0.4096742762616131
Punto[1.         0.49239058 0.54610264] -> F: 0.40940784078668463
Punto[1.         0.49208317 0.54635662] -> F: 0.4091423844289563
Punto[1.         0.49177576 0.5466106 ] -> F: 0.40887790718842787
Punto[1.         0.49146834 0.54686458] -> F: 0.40861440906509944
Punto[1.         0.49116093 0.54711857] -> F: 0.4083518900589709
Punto[1.         0.49085352 0.54737255] -> F: 0.40809035017004247
Punto[1.         0.49054611 0.54762653] -> F: 0.4078297893983141
Punto[1.         0.4902387  0.54788051] -> F: 0.4075702077437856
Punto[1.         0.48993128 0.54813449] -> F: 0.4073116052064571
Punto[1.         0.48962387 0.54838848] -> F: 0.4070539817863286
Punto[1.         0.48931646 0.54864246] -> F: 0.4067973374834002
Punto[1.         0.48900905 0.54889644] -> F: 0.40654167229767174
Punto[1.         0.48870164 0.54915042] -> F: 0.4062869862291433
Punto[1.         0.48839422 0.5494044 ] -> F: 0.4060332792778147
{
  "seed": 2034,
  "n_per_z": 10,
  "nz": 100,
  "nd": 100,
  "n_muestras": 50,
  "best_f": 0.41858383928738563,
  "best_cp": [
    1.0,
    0.503771091767072,
    0.5367001207412242
  ],
  "best_u": [
    -0.33873792024529137,
    -0.9367051067973253,
    0.08854470220010896
  ],
  "best_index": 1,
  "n_candidatos": 54
}
