Punto[0.         0.39858079 0.42196104] -> F: 0.1495758103230396
Punto[1.         0.40987751 0.47536885] -> F: 0.45765670456763624
Punto[2.         0.4321805  0.50810344] -> F: 0.14298301260456844
Punto[1.         0.41538064 0.46503224] -> F: 0.46566171421746994
Punto[1.         0.40998757 0.47516212] -> F: 0.4580224505708077
Punto[1.         0.41009543 0.47495952] -> F: 0.45838097107846526
Punto[1.         0.41020329 0.47475692] -> F: 0.45873958010739424
Punto[1.         0.41031116 0.47455432] -> F: 0.45909827765759414
Punto[1.         0.41041902 0.47435173] -> F: 0.45945706372906553
Punto[1.         0.41052688 0.47414913] -> F: 0.45981593832180795
Punto[1.         0.41063474 0.47394653] -> F: 0.46017490143582185
Punto[1.         0.4107426  0.47374393] -> F: 0.4605339530711069
Punto[1.         0.41085046 0.47354134] -> F: 0.460893093227663
Punto[1.         0.41095832 0.47333874] -> F: 0.46125232190549065
Punto[1.         0.41106619 0.47313614] -> F: 0.4616116391045894
Punto[1.         0.41117405 0.47293354] -> F: 0.46197104482495943
Punto[1.         0.41128191 0.47273095] -> F: 0.46233053906660077
Punto[1.         0.41138977 0.47252835] -> F: 0.4626901218295131
Punto[1.         0.41149763 0.47232575] -> F: 0.46304979311369693
Punto[1.         0.41160549 0.47212315] -> F: 0.4634095529191519
Punto[1.         0.41171335 0.47192056] -> F: 0.46376940124587807
Punto[1.         0.41182122 0.47171796] -> F: 0.46412933809387535
Punto[1.         0.41192908 0.47151536] -> F: 0.46448936346314434
Punto[1.         0.41203694 0.47131276] -> F: 0.4648494773536842
Punto[1.         0.4121448  0.47111017] -> F: 0.4652096797654954
Punto[1.         0.41225266 0.47090757] -> F: 0.4655699706985778
Punto[1.         0.41236052 0.47070497] -> F: 0.4659303501529315
Punto[1.         0.41246839 0.47050237] -> F: 0.4662908181285564
Punto[1.         0.41257625 0.47029978] -> F: 0.4666513746254526
Punto[1.         0.41268411 0.47009718] -> F: 0.46701201964362
Punto[1.         0.41279197 0.46989458] -> F: 0.46737275318305865
Punto[1.         0.41289983 0.46969198] -> F: 0.46773357524376846
Punto[1.         0.41300769 0.46948939] -> F: 0.4680944858257495
Punto[1.         0.41311555 0.46928679] -> F: 0.46845548492900196
Punto[1.         0.41322342 0.46908419] -> F: 0.4688165725535255
Punto[1.         0.41333128 0.46888159] -> F: 0.46917774869932044
Punto[1.         0.41343914 0.46867899] -> F: 0.46953901336638654
Punto[1.        0.413547  0.4684764] -> F: 0.4698260257911013
Punto[1.         0.41365486 0.4682738 ] -> F: 0.46958751639714624
Punto[1.         0.41376272 0.4680712 ] -> F: 0.46934185756481545
Punto[1.         0.41387058 0.4678686 ] -> F: 0.46909623822529833
Punto[1.         0.41397845 0.46766601] -> F: 0.4688506583785945
Punto[1.         0.41408631 0.46746341] -> F: 0.4686051180247041
Punto[1.         0.41419417 0.46726081] -> F: 0.46835961716362723
Punto[1.         0.41430203 0.46705821] -> F: 0.4681141557953639
Punto[1.         0.41440989 0.46685562] -> F: 0.4678687339199139
Punto[1.         0.41451775 0.46665302] -> F: 0.46762335153727735
Punto[1.         0.41462561 0.46645042] -> F: 0.4673780086474544
Punto[1.         0.41473348 0.46624782] -> F: 0.4671327052504448
Punto[1.         0.41484134 0.46604523] -> F: 0.4668874413462486
Punto[1.         0.4149492  0.46584263] -> F: 0.46664221693486607
Punto[1.         0.41505706 0.46564003] -> F: 0.46639703201629684
Punto[1.         0.41516492 0.46543743] -> F: 0.466151886590541
Punto[1.         0.41527278 0.46523484] -> F: 0.46590678065759883
{
  "seed": 8331,
  "n_per_z": 10,
  "nz": 100,
  "nd": 100,
  "n_muestras": 50,
  "best_f": 0.4698260257911013,
  "best_cp": [
    1.0,
    0.4135469996151749,
    0.4684763972138123
  ],
  "best_u": [
    0.1564344650402308,
    -0.3345674943437201,
    -0.9292969653862762
  ],
  "best_index": 37,
  "n_candidatos": 54
}
