Punto[0.         0.59824382 0.45361494] -> F: 0.08850508536932775
Punto[1.         0.50597393 0.44218972] -> F: 0.3629289038856921
Punto[2.         0.56835816 0.39643103] -> F: 0.15987773659242607
Punto[1.         0.58330099 0.42502298] -> F: 0.34873066316851564
Punto[1.         0.50752047 0.44184638] -> F: 0.3650224032679552
Punto[1.         0.50903608 0.44150991] -> F: 0.36698327263900343
Punto[1.         0.51055169 0.44117344] -> F: 0.3692258509460442
Punto[1.         0.5120673  0.44083698] -> F: 0.3718284177356153
Punto[1.         0.51358291 0.44050051] -> F: 0.37461635109840125
Punto[1.         0.51509852 0.44016404] -> F: 0.37736555604660765
Punto[1.         0.51661413 0.43982757] -> F: 0.38014680734127204
Punto[1.         0.51812974 0.4394911 ] -> F: 0.3829295388157603
Punto[1.         0.51964535 0.43915464] -> F: 0.38570810624389185
Punto[1.         0.52116096 0.43881817] -> F: 0.3884432764426111
Punto[1.         0.52267657 0.4384817 ] -> F: 0.3912196095422522
Punto[1.         0.52419218 0.43814523] -> F: 0.39399886587876887
Punto[1.         0.52570779 0.43780877] -> F: 0.3967738847106892
Punto[1.        0.5272234 0.4374723] -> F: 0.3994995441527856
Punto[1.         0.52873901 0.43713583] -> F: 0.40198702099040146
Punto[1.         0.53025462 0.43679936] -> F: 0.40100454738360664
Punto[1.         0.53177023 0.43646289] -> F: 0.3998679327206402
Punto[1.         0.53328584 0.43612643] -> F: 0.39873243312217127
Punto[1.         0.53480145 0.43578996] -> F: 0.39759791148745477
Punto[1.         0.53631707 0.43545349] -> F: 0.3964542883286437
Punto[1.         0.53783268 0.43511702] -> F: 0.39531180071261923
Punto[1.         0.53934829 0.43478055] -> F: 0.39417044863938155
Punto[1.         0.5408639  0.43444409] -> F: 0.3930302321089306
Punto[1.         0.54237951 0.43410762] -> F: 0.39188244721847404
Punto[1.         0.54389512 0.43377115] -> F: 0.39073416547553946
Punto[1.         0.54541073 0.43343468] -> F: 0.3895870400261663
Punto[1.         0.54692634 0.43309821] -> F: 0.3883730792707487
Punto[1.         0.54844195 0.43276175] -> F: 0.387109314656519
Punto[1.         0.54995756 0.43242528] -> F: 0.38578281714415885
Punto[1.         0.55147317 0.43208881] -> F: 0.38426653858052967
Punto[1.         0.55298878 0.43175234] -> F: 0.3828235902267642
Punto[1.         0.55450439 0.43141587] -> F: 0.38145397208286247
Punto[1.         0.55602    0.43107941] -> F: 0.3801423168815742
Punto[1.         0.55753561 0.43074294] -> F: 0.3788305500965121
Punto[1.         0.55905122 0.43040647] -> F: 0.3773292998946926
Punto[1.         0.56056683 0.43007   ] -> F: 0.37584862155153415
Punto[1.         0.56208244 0.42973353] -> F: 0.3744056711819247
Punto[1.         0.56359805 0.42939707] -> F: 0.37300044878586436
Punto[1.         0.56511366 0.4290606 ] -> F: 0.3716329543633532
Punto[1.         0.56662927 0.42872413] -> F: 0.37026951599692953
Punto[1.         0.56814488 0.42838766] -> F: 0.36876751498863153
Punto[1.         0.56966049 0.42805119] -> F: 0.3672899925320035
Punto[1.         0.5711761  0.42771473] -> F: 0.36462616684470667
Punto[1.         0.57269172 0.42737826] -> F: 0.3617006968689016
Punto[1.         0.57420733 0.42704179] -> F: 0.3591431960540305
Punto[1.         0.57572294 0.42670532] -> F: 0.35701405587998103
Punto[1.         0.57723855 0.42636885] -> F: 0.35530814035746816
Punto[1.         0.57875416 0.42603239] -> F: 0.3537514814958312
Punto[1.         0.58026977 0.42569592] -> F: 0.35218836608859777
Punto[1.         0.58178538 0.42535945] -> F: 0.3505437238846621
Best centerpoint:  [1.         0.52873901 0.43713583] Best F:  0.40198702099040146 Best u:  [-0.18738131 -0.97454162  0.12311324] índice:  15
{
  "seed": 15986,
  "n_per_z": 5,
  "nz": 100,
  "nd": 100,
  "n_muestras": 50,
  "best_f": 0.40198702099040146,
  "best_cp": [
    1.0,
    0.5287390132925254,
    0.4371358290837428
  ],
  "best_u": [
    -0.1873813145857246,
    -0.9745416223617125,
    0.12311323742281731
  ],
  "n_candidatos": 54
}
