Punto[0.         0.53227294 0.41775672] -> F: 0.1436703664792902
Punto[1.         0.51006633 0.46743925] -> F: 0.4531859789256354
Punto[2.         0.55051386 0.5479526 ] -> F: 0.15086426688815666
Punto[1.         0.5413934  0.48285466] -> F: 0.45612153753901946
Punto[1.         0.51069287 0.46774756] -> F: 0.45409888009829497
Punto[1.         0.51130689 0.4680497 ] -> F: 0.45496180562761884
Punto[1.         0.5119209  0.46835184] -> F: 0.45581819217600816
Punto[1.         0.51253491 0.46865399] -> F: 0.45667514847611673
Punto[1.         0.51314892 0.46895613] -> F: 0.4575326745279446
Punto[1.         0.51376293 0.46925827] -> F: 0.45839077033149184
Punto[1.         0.51437694 0.46956041] -> F: 0.45924943588675826
Punto[1.         0.51499095 0.46986255] -> F: 0.46010867119374405
Punto[1.         0.51560496 0.4701647 ] -> F: 0.4609611185623567
Punto[1.         0.51621897 0.47046684] -> F: 0.46180965345243125
Punto[1.         0.51683298 0.47076898] -> F: 0.46265873630937404
Punto[1.         0.51744699 0.47107112] -> F: 0.463508367133185
Punto[1.         0.518061   0.47137327] -> F: 0.46435854592386416
Punto[1.         0.51867501 0.47167541] -> F: 0.46520927268141177
Punto[1.         0.51928902 0.47197755] -> F: 0.4660605474058272
Punto[1.         0.51990303 0.47227969] -> F: 0.46691237009711095
Punto[1.         0.52051704 0.47258183] -> F: 0.467764740755263
Punto[1.         0.52113105 0.47288398] -> F: 0.46861765938028316
Punto[1.         0.52174506 0.47318612] -> F: 0.46947112597217155
Punto[1.         0.52235907 0.47348826] -> F: 0.4703251405309283
Punto[1.         0.52297308 0.4737904 ] -> F: 0.47117970305655327
Punto[1.         0.52358709 0.47409254] -> F: 0.4720348135490463
Punto[1.         0.5242011  0.47439469] -> F: 0.47289047200840767
Punto[1.         0.52481512 0.47469683] -> F: 0.47374390513953973
Punto[1.         0.52542913 0.47499897] -> F: 0.4745883158577209
Punto[1.         0.52604314 0.47530111] -> F: 0.47504793737987533
Punto[1.         0.52665715 0.47560325] -> F: 0.47430054781708925
Punto[1.         0.52727116 0.4759054 ] -> F: 0.47355431942115567
Punto[1.         0.52788517 0.47620754] -> F: 0.47280925219207454
Punto[1.         0.52849918 0.47650968] -> F: 0.4720653461298459
Punto[1.         0.52911319 0.47681182] -> F: 0.4713226012344697
Punto[1.         0.5297272  0.47711396] -> F: 0.47058101750594616
Punto[1.         0.53034121 0.47741611] -> F: 0.46984059494427516
Punto[1.         0.53095522 0.47771825] -> F: 0.4691013335494565
Punto[1.         0.53156923 0.47802039] -> F: 0.4683632333214902
Punto[1.         0.53218324 0.47832253] -> F: 0.46759677843403835
Punto[1.         0.53279725 0.47862468] -> F: 0.46683031168569883
Punto[1.         0.53341126 0.47892682] -> F: 0.4660652214131403
Punto[1.         0.53402527 0.47922896] -> F: 0.46530150761636274
Punto[1.         0.53463928 0.4795311 ] -> F: 0.46453917029536607
Punto[1.         0.53525329 0.47983324] -> F: 0.46377820945015064
Punto[1.         0.5358673  0.48013539] -> F: 0.4630186250807164
Punto[1.         0.53648131 0.48043753] -> F: 0.4622604171870629
Punto[1.         0.53709532 0.48073967] -> F: 0.46150358576919076
Punto[1.         0.53770934 0.48104181] -> F: 0.4607481308270992
Punto[1.         0.53832335 0.48134395] -> F: 0.459994052360789
Punto[1.         0.53893736 0.4816461 ] -> F: 0.4592413503702598
Punto[1.         0.53955137 0.48194824] -> F: 0.45847095046811615
Punto[1.         0.54016538 0.48225038] -> F: 0.45768612818320437
Punto[1.         0.54077939 0.48255252] -> F: 0.45690299054017236
{
  "seed": 1114,
  "n_per_z": 10,
  "nz": 100,
  "nd": 100,
  "n_muestras": 50,
  "best_f": 0.47504793737987533,
  "best_cp": [
    1.0,
    0.5260431362872584,
    0.47530111234344846
  ],
  "best_u": [
    -0.3090169943749471,
    0.9510565162951536,
    0.0
  ],
  "best_index": 29,
  "n_candidatos": 54
}
