Punto[0.         0.50842316 0.43243329] -> F: 0.1084750643390074
Punto[1.         0.51809851 0.44425389] -> F: 0.4028808315422954
Punto[2.         0.44902074 0.61985509] -> F: 0.09308348646127199
Punto[1.         0.47872195 0.52614419] -> F: 0.4002407203750753
Punto[1.         0.51731098 0.44589169] -> F: 0.40559910242573444
Punto[1.         0.5165392  0.44749674] -> F: 0.4081917789978539
Punto[1.         0.51576742 0.44910179] -> F: 0.4107854875423534
Punto[1.         0.51499564 0.45070684] -> F: 0.4133850220699204
Punto[1.         0.51422386 0.45231189] -> F: 0.4159141389619236
Punto[1.         0.51345208 0.45391694] -> F: 0.41844470067368605
Punto[1.         0.5126803  0.45552199] -> F: 0.42098064328377416
Punto[1.         0.51190852 0.45712704] -> F: 0.42344356415515366
Punto[1.         0.51113674 0.45873209] -> F: 0.42591172595875426
Punto[1.         0.51036496 0.46033714] -> F: 0.42837832021290206
Punto[1.         0.50959318 0.46194219] -> F: 0.43077965555435793
Punto[1.         0.5088214  0.46354724] -> F: 0.43318595966944834
Punto[1.         0.50804962 0.46515229] -> F: 0.4355822467886906
Punto[1.         0.50727784 0.46675734] -> F: 0.4379223376489415
Punto[1.         0.50650605 0.46836239] -> F: 0.44026713692464065
Punto[1.         0.50573427 0.46996744] -> F: 0.44259278119789375
Punto[1.         0.50496249 0.47157249] -> F: 0.4448717925375836
Punto[1.         0.50419071 0.47317754] -> F: 0.4471552625983203
Punto[1.         0.50341893 0.47478259] -> F: 0.4493600521727872
Punto[1.         0.50264715 0.47638764] -> F: 0.44811123261829533
Punto[1.         0.50187537 0.47799269] -> F: 0.44686264016242006
Punto[1.         0.50110359 0.47959774] -> F: 0.44561562643462693
Punto[1.         0.50033181 0.48120279] -> F: 0.44435620882235816
Punto[1.         0.49956003 0.48280784] -> F: 0.44309231183229
Punto[1.         0.49878825 0.48441289] -> F: 0.4418300449321834
Punto[1.         0.49801647 0.48601794] -> F: 0.44056052697681164
Punto[1.         0.49724469 0.48762299] -> F: 0.4392811129977595
Punto[1.         0.49647291 0.48922804] -> F: 0.43800338244735393
Punto[1.         0.49570113 0.49083309] -> F: 0.4367244265190617
Punto[1.         0.49492935 0.49243814] -> F: 0.435429232375513
Punto[1.         0.49415756 0.49404319] -> F: 0.43413577719231783
Punto[1.         0.49338578 0.49564824] -> F: 0.4328440609694756
Punto[1.         0.492614   0.49725329] -> F: 0.43153694628781447
Punto[1.         0.49184222 0.49885834] -> F: 0.4302274507810225
Punto[1.         0.49107044 0.50046339] -> F: 0.4289197522017885
Punto[1.         0.49029866 0.50206844] -> F: 0.4276046459642956
Punto[1.         0.48952688 0.50367349] -> F: 0.42627873470389926
Punto[1.         0.4887551  0.50527854] -> F: 0.4249546810469652
Punto[1.         0.48798332 0.50688359] -> F: 0.4236324849934935
Punto[1.         0.48721154 0.50848864] -> F: 0.42229010496246727
Punto[1.         0.48643976 0.51009369] -> F: 0.4209492580687834
Punto[1.         0.48566798 0.51169874] -> F: 0.4196103324724676
Punto[1.         0.4848962  0.51330379] -> F: 0.4182622270725166
Punto[1.         0.48412442 0.51490884] -> F: 0.41690407621496306
Punto[1.         0.48335264 0.51651389] -> F: 0.4155479137186089
Punto[1.         0.48258086 0.51811894] -> F: 0.4141466890593134
Punto[1.         0.48180907 0.51972399] -> F: 0.4113738510465297
Punto[1.         0.48103729 0.52132904] -> F: 0.4086021393918978
Punto[1.         0.48026551 0.52293409] -> F: 0.40580584495893807
Punto[1.         0.47949373 0.52453914] -> F: 0.4030187052866639
Best centerpoint:  [1.         0.50341893 0.47478259] Best F:  0.4493600521727872 Best u:  [ 0.99950656 -0.00491373  0.03102404] índice:  19
{
  "seed": 4598,
  "n_per_z": 5,
  "nz": 100,
  "nd": 100,
  "n_muestras": 50,
  "best_f": 0.4493600521727872,
  "best_cp": [
    1.0,
    0.5034189319669765,
    0.4747825916118854
  ],
  "best_u": [
    0.9995065603657316,
    -0.004913725292894573,
    0.031024040510710192
  ],
  "n_candidatos": 54
}
