Punto[0.         0.49123713 0.56956306] -> F: 0.03782086314562527
Punto[1.         0.52493162 0.4889965 ] -> F: 0.31960694335009493
Punto[2.         0.42550566 0.57464008] -> F: 0.15111382808820942
Punto[1.         0.45837139 0.57210157] -> F: 0.2421882372428288
Punto[1.         0.52360042 0.4906586 ] -> F: 0.32426319295014633
Punto[1.         0.52229584 0.49228746] -> F: 0.32890335151016803
Punto[1.         0.52099126 0.49391632] -> F: 0.3336197659014339
Punto[1.         0.51968668 0.49554518] -> F: 0.3383989801081409
Punto[1.         0.5183821  0.49717403] -> F: 0.3431922241615914
Punto[1.         0.51707752 0.49880289] -> F: 0.34416566498960605
Punto[1.         0.51577293 0.50043175] -> F: 0.34205890576798087
Punto[1.         0.51446835 0.50206061] -> F: 0.33995844654563
Punto[1.         0.51316377 0.50368947] -> F: 0.3378642873225536
Punto[1.         0.51185919 0.50531833] -> F: 0.3357335647387544
Punto[1.         0.51055461 0.50694719] -> F: 0.3336065411329366
Punto[1.         0.50925003 0.50857605] -> F: 0.3314860969904262
Punto[1.         0.50794545 0.51020491] -> F: 0.3293380381078919
Punto[1.         0.50664087 0.51183377] -> F: 0.32718455077338665
Punto[1.         0.50533629 0.51346263] -> F: 0.3250379357412805
Punto[1.         0.50403171 0.51509149] -> F: 0.3228723269250178
Punto[1.         0.50272713 0.51672035] -> F: 0.32069238532030514
Punto[1.         0.50142255 0.51834921] -> F: 0.31851962377296406
Punto[1.         0.50011797 0.51997807] -> F: 0.3163365102236225
Punto[1.         0.49881339 0.52160693] -> F: 0.3141300254501836
Punto[1.         0.49750881 0.52323579] -> F: 0.31193104516452524
Punto[1.         0.49620423 0.52486465] -> F: 0.309730748548161
Punto[1.         0.49489965 0.5264935 ] -> F: 0.3074975243648629
Punto[1.         0.49359507 0.52812236] -> F: 0.3052721477951666
Punto[1.         0.49229049 0.52975122] -> F: 0.30305461883907175
Punto[1.         0.4909859  0.53138008] -> F: 0.30079501732409886
Punto[1.         0.48968132 0.53300894] -> F: 0.29854295073013737
Punto[1.         0.48837674 0.5346378 ] -> F: 0.2962990959029367
Punto[1.         0.48707216 0.53626666] -> F: 0.29402274050661004
Punto[1.         0.48576758 0.53789552] -> F: 0.29174356046116523
Punto[1.         0.484463   0.53952438] -> F: 0.2894729800710644
Punto[1.         0.48315842 0.54115324] -> F: 0.2871810614434712
Punto[1.         0.48185384 0.5427821 ] -> F: 0.2848741980981583
Punto[1.         0.48054926 0.54441096] -> F: 0.282576349197106
Punto[1.         0.47924468 0.54603982] -> F: 0.2802705242843832
Punto[1.         0.4779401  0.54766868] -> F: 0.2779352405740926
Punto[1.         0.47663552 0.54929754] -> F: 0.2756094167213128
Punto[1.         0.47533094 0.5509264 ] -> F: 0.27329191458117824
Punto[1.         0.47402636 0.55255526] -> F: 0.2709272802755549
Punto[1.         0.47272178 0.55418412] -> F: 0.26857258627905234
Punto[1.         0.4714172  0.55581297] -> F: 0.2662278325916708
Punto[1.         0.47011262 0.55744183] -> F: 0.26385120944507023
Punto[1.         0.46880804 0.55907069] -> F: 0.261466529650459
Punto[1.         0.46750346 0.56069955] -> F: 0.2590923109284156
Punto[1.         0.46619888 0.56232841] -> F: 0.2567083385270682
Punto[1.         0.46489429 0.56395727] -> F: 0.25429229670464676
Punto[1.         0.46358971 0.56558613] -> F: 0.2518872833848222
Punto[1.         0.46228513 0.56721499] -> F: 0.24949329856759478
Punto[1.         0.46098055 0.56884385] -> F: 0.24705146997856492
Punto[1.         0.45967597 0.57047271] -> F: 0.24461402844602628
Best centerpoint:  [1.         0.51707752 0.49880289] Best F:  0.34416566498960605 Best u:  [-0.68454711 -0.15901958  0.7114127 ] índice:  6
{
  "seed": 14840,
  "n_per_z": 5,
  "nz": 100,
  "nd": 100,
  "n_muestras": 50,
  "best_f": 0.34416566498960605,
  "best_cp": [
    1.0,
    0.5170775151211415,
    0.4988028941828028
  ],
  "best_u": [
    -0.6845471059286887,
    -0.1590195792620951,
    0.7114127024280371
  ],
  "n_candidatos": 54
}
