Punto[0.         0.34942523 0.47808593] -> F: 0.06062265351816184
Punto[1.         0.54845102 0.44162005] -> F: 0.36174047059476067
Punto[2.         0.54782613 0.39606498] -> F: 0.15093184553009112
Punto[1.         0.44862568 0.43707546] -> F: 0.31117469928925384
Punto[1.         0.54645451 0.44152915] -> F: 0.36279368357569025
Punto[1.         0.54449793 0.44144008] -> F: 0.36389374273066255
Punto[1.         0.54254136 0.44135101] -> F: 0.3650610263553198
Punto[1.         0.54058478 0.44126193] -> F: 0.36605076653150787
Punto[1.         0.5386282  0.44117286] -> F: 0.3669258786703761
Punto[1.         0.53667163 0.44108378] -> F: 0.36781899750342256
Punto[1.         0.53471505 0.44099471] -> F: 0.36873012303064717
Punto[1.         0.53275847 0.44090564] -> F: 0.36965925525205023
Punto[1.         0.5308019  0.44081656] -> F: 0.3706063941676314
Punto[1.         0.52884532 0.44072749] -> F: 0.37157153977739116
Punto[1.         0.52688874 0.44063841] -> F: 0.370091543703883
Punto[1.         0.52493217 0.44054934] -> F: 0.36859246739649004
Punto[1.         0.52297559 0.44046027] -> F: 0.3670958164096044
Punto[1.         0.52101901 0.44037119] -> F: 0.36560230699339363
Punto[1.         0.51906244 0.44028212] -> F: 0.36410928759702094
Punto[1.         0.51710586 0.44019304] -> F: 0.36261187847575227
Punto[1.         0.51514928 0.44010397] -> F: 0.3611161665506322
Punto[1.         0.51319271 0.4400149 ] -> F: 0.3596222581895033
Punto[1.         0.51123613 0.43992582] -> F: 0.35813125634326964
Punto[1.         0.50927955 0.43983675] -> F: 0.3566434528469581
Punto[1.         0.50732298 0.43974767] -> F: 0.35515884770056877
Punto[1.        0.5053664 0.4396586] -> F: 0.3536774409041013
Punto[1.         0.50340983 0.43956953] -> F: 0.35219297384553394
Punto[1.         0.50145325 0.43948045] -> F: 0.350704750864044
Punto[1.         0.49949667 0.43939138] -> F: 0.34921977463185255
Punto[1.        0.4975401 0.4393023] -> F: 0.3477380544707292
Punto[1.         0.49558352 0.43921323] -> F: 0.3462595903806739
Punto[1.         0.49362694 0.43912416] -> F: 0.34478438236168657
Punto[1.         0.49167037 0.43903508] -> F: 0.34331243041376736
Punto[1.         0.48971379 0.43894601] -> F: 0.3418383710571122
Punto[1.         0.48775721 0.43885694] -> F: 0.3403597854255404
Punto[1.         0.48580064 0.43876786] -> F: 0.33888451466472186
Punto[1.         0.48384406 0.43867879] -> F: 0.3374125587746565
Punto[1.         0.48188748 0.43858971] -> F: 0.33594391775534443
Punto[1.         0.47993091 0.43850064] -> F: 0.3344785916067855
Punto[1.         0.47797433 0.43841157] -> F: 0.3330165803289798
Punto[1.         0.47601775 0.43832249] -> F: 0.33155012963580477
Punto[1.         0.47406118 0.43823342] -> F: 0.3300816633322243
Punto[1.         0.4721046  0.43814434] -> F: 0.3286165719238601
Punto[1.         0.47014802 0.43805527] -> F: 0.32715485541071204
Punto[1.         0.46819145 0.4379662 ] -> F: 0.32569651379278014
Punto[1.         0.46623487 0.43787712] -> F: 0.3242415470700644
Punto[1.         0.46427829 0.43778805] -> F: 0.32278995524256493
Punto[1.         0.46232172 0.43769897] -> F: 0.3213286809372769
Punto[1.         0.46036514 0.4376099 ] -> F: 0.3198707997739084
Punto[1.         0.45840856 0.43752083] -> F: 0.31841635491239906
Punto[1.         0.45645199 0.43743175] -> F: 0.3169653463527489
Punto[1.         0.45449541 0.43734268] -> F: 0.31551777409495796
Punto[1.         0.45253883 0.4372536 ] -> F: 0.3140736381390264
Punto[1.         0.45058226 0.43716453] -> F: 0.3126250346351546
Best centerpoint:  [1.         0.52884532 0.44072749] Best F:  0.37157153977739116 Best u:  [-0.15643447  0.2456281   0.9566583 ] índice:  10
{
  "seed": 13220,
  "n_per_z": 5,
  "nz": 100,
  "nd": 100,
  "n_muestras": 50,
  "best_f": 0.37157153977739116,
  "best_cp": [
    1.0,
    0.5288453210162203,
    0.4407274882700074
  ],
  "best_u": [
    -0.1564344650402308,
    0.24562810197664742,
    0.9566582951435306
  ],
  "n_candidatos": 54
}
