Punto[0.         0.46540925 0.59099949] -> F: 0.15572001456577175
Punto[1.         0.53760945 0.46011466] -> F: 0.4343003767917538
Punto[2.         0.60219657 0.35838466] -> F: 0.11772943263545384
Punto[1.         0.53380291 0.47469207] -> F: 0.44223731365359714
Punto[1.         0.53753332 0.46040621] -> F: 0.4344997461232102
Punto[1.         0.53745871 0.46069192] -> F: 0.4346974837437244
Punto[1.         0.53738411 0.46097764] -> F: 0.4348974108918969
Punto[1.         0.5373095  0.46126336] -> F: 0.43509794223144577
Punto[1.         0.53723489 0.46154908] -> F: 0.4352986368733599
Punto[1.         0.53716028 0.46183479] -> F: 0.435499494817639
Punto[1.         0.53708567 0.46212051] -> F: 0.4357005160642832
Punto[1.         0.53701107 0.46240623] -> F: 0.43590170061329236
Punto[1.         0.53693646 0.46269195] -> F: 0.4361030484646663
Punto[1.         0.53686185 0.46297766] -> F: 0.43630455961840564
Punto[1.         0.53678724 0.46326338] -> F: 0.43650623407450967
Punto[1.         0.53671263 0.4635491 ] -> F: 0.43670807183297883
Punto[1.         0.53663802 0.46383482] -> F: 0.43691007289381295
Punto[1.         0.53656342 0.46412053] -> F: 0.437112237257012
Punto[1.         0.53648881 0.46440625] -> F: 0.43731456492257625
Punto[1.         0.5364142  0.46469197] -> F: 0.4375170558905054
Punto[1.         0.53633959 0.46497768] -> F: 0.43771971016079947
Punto[1.         0.53626498 0.4652634 ] -> F: 0.4379096403664473
Punto[1.         0.53619037 0.46554912] -> F: 0.43806936748479874
Punto[1.         0.53611577 0.46583484] -> F: 0.43822992021343454
Punto[1.         0.53604116 0.46612055] -> F: 0.43839129855235476
Punto[1.         0.53596655 0.46640627] -> F: 0.43855350250155933
Punto[1.         0.53589194 0.46669199] -> F: 0.4387165320610484
Punto[1.         0.53581733 0.46697771] -> F: 0.4388803872308218
Punto[1.         0.53574273 0.46726342] -> F: 0.43904506801087956
Punto[1.         0.53566812 0.46754914] -> F: 0.43921057440122196
Punto[1.         0.53559351 0.46783486] -> F: 0.43937690640184845
Punto[1.         0.5355189  0.46812058] -> F: 0.43954406401275964
Punto[1.         0.53544429 0.46840629] -> F: 0.4397120472339551
Punto[1.         0.53536968 0.46869201] -> F: 0.439880856065435
Punto[1.         0.53529508 0.46897773] -> F: 0.44005049050719913
Punto[1.         0.53522047 0.46926344] -> F: 0.44022095055924787
Punto[1.         0.53514586 0.46954916] -> F: 0.44039223622158097
Punto[1.         0.53507125 0.46983488] -> F: 0.44056434749419837
Punto[1.         0.53499664 0.4701206 ] -> F: 0.4407372843771003
Punto[1.         0.53492204 0.47040631] -> F: 0.44091104687028665
Punto[1.         0.53484743 0.47069203] -> F: 0.4410856349737574
Punto[1.         0.53477282 0.47097775] -> F: 0.44126104868751237
Punto[1.         0.53469821 0.47126347] -> F: 0.44143728801155196
Punto[1.         0.5346236  0.47154918] -> F: 0.4416143529458758
Punto[1.         0.53454899 0.4718349 ] -> F: 0.4417922434904842
Punto[1.         0.53447439 0.47212062] -> F: 0.4419709596453768
Punto[1.         0.53439978 0.47240634] -> F: 0.44215050141055406
Punto[1.         0.53432517 0.47269205] -> F: 0.44233086878601563
Punto[1.         0.53425056 0.47297777] -> F: 0.4425120617717615
Punto[1.         0.53417595 0.47326349] -> F: 0.4426940803677918
Punto[1.         0.53410135 0.47354921] -> F: 0.44283261349650227
Punto[1.         0.53402674 0.47383492] -> F: 0.442683728365945
Punto[1.         0.53395213 0.47412064] -> F: 0.44253488320651896
Punto[1.         0.53387752 0.47440636] -> F: 0.44238607830240306
{
  "seed": 15717,
  "n_per_z": 10,
  "nz": 100,
  "nd": 100,
  "n_muestras": 50,
  "best_f": 0.44283261349650227,
  "best_cp": [
    1.0,
    0.5341013451309854,
    0.47354920500620684
  ],
  "best_u": [
    0.9995065603657316,
    -0.024202405835337688,
    0.020021971372615414
  ],
  "best_index": 50,
  "n_candidatos": 54
}
