Punto[0.         0.52930603 0.45038186] -> F: 0.24003812004354957
Punto[1.         0.53865938 0.46108929] -> F: 0.2973103650672609
Punto[2.         0.48572658 0.26919753] -> F: 0.046614700747584975
Punto[1.        0.5075163 0.3597897] -> F: 0.2466622409522452
Punto[1.         0.53803652 0.4590633 ] -> F: 0.2964814912656094
Punto[1.         0.53742612 0.45707782] -> F: 0.2956478715645458
Punto[1.         0.53681571 0.45509235] -> F: 0.29481557251114354
Punto[1.         0.53620531 0.45310688] -> F: 0.29398459410540256
Punto[1.         0.5355949  0.45112141] -> F: 0.29315493634732315
Punto[1.         0.5349845  0.44913594] -> F: 0.29230895207324553
Punto[1.         0.53437409 0.44715046] -> F: 0.29145797194235984
Punto[1.         0.53376369 0.44516499] -> F: 0.29060839026232904
Punto[1.         0.53315329 0.44317952] -> F: 0.2897602070331532
Punto[1.         0.53254288 0.44119405] -> F: 0.2889015449755874
Punto[1.         0.53193248 0.43920858] -> F: 0.2880323811972776
Punto[1.         0.53132207 0.4372231 ] -> F: 0.28716469577970444
Punto[1.         0.53071167 0.43523763] -> F: 0.286298488722868
Punto[1.         0.53010126 0.43325216] -> F: 0.28542543126528847
Punto[1.         0.52949086 0.43126669] -> F: 0.28453853784327165
Punto[1.         0.52888046 0.42928122] -> F: 0.28365320499579283
Punto[1.         0.52827005 0.42729574] -> F: 0.2827694327228522
Punto[1.         0.52765965 0.42531027] -> F: 0.2818805349479113
Punto[1.         0.52704924 0.4233248 ] -> F: 0.28097632437922404
Punto[1.         0.52643884 0.42133933] -> F: 0.28007375912221943
Punto[1.         0.52582843 0.41935386] -> F: 0.2791469487296126
Punto[1.         0.52521803 0.41736839] -> F: 0.27811789128623826
Punto[1.         0.52460762 0.41538291] -> F: 0.27709081657912515
Punto[1.         0.52399722 0.41339744] -> F: 0.27603518779065433
Punto[1.         0.52338682 0.41141197] -> F: 0.27498104746226554
Punto[1.         0.52277641 0.4094265 ] -> F: 0.27392901233501915
Punto[1.         0.52216601 0.40744103] -> F: 0.27287908240891545
Punto[1.         0.5215556  0.40545555] -> F: 0.27183125768395433
Punto[1.         0.5209452  0.40347008] -> F: 0.2707821435632694
Punto[1.         0.52033479 0.40148461] -> F: 0.26970732482929544
Punto[1.         0.51972439 0.39949914] -> F: 0.2686347392351254
Punto[1.         0.51911399 0.39751367] -> F: 0.267564386780759
Punto[1.         0.51850358 0.39552819] -> F: 0.26649626746619653
Punto[1.         0.51789318 0.39354272] -> F: 0.26543038129143787
Punto[1.         0.51728277 0.39155725] -> F: 0.26435560139465414
Punto[1.         0.51667237 0.38957178] -> F: 0.2632628594005576
Punto[1.         0.51606196 0.38758631] -> F: 0.2621724845406803
Punto[1.         0.51545156 0.38560083] -> F: 0.26108447681502206
Punto[1.         0.51484116 0.38361536] -> F: 0.25999883622358305
Punto[1.         0.51423075 0.38162989] -> F: 0.2589155627663632
Punto[1.         0.51362035 0.37964442] -> F: 0.25781243090053185
Punto[1.         0.51300994 0.37765895] -> F: 0.25670238381476
Punto[1.         0.51239954 0.37567347] -> F: 0.2555948445757259
Punto[1.         0.51178913 0.373688  ] -> F: 0.25448981318342934
Punto[1.         0.51117873 0.37170253] -> F: 0.2533872896378705
Punto[1.         0.51056832 0.36971706] -> F: 0.25228278023762624
Punto[1.         0.50995792 0.36773159] -> F: 0.25115336031258834
Punto[1.         0.50934752 0.36574611] -> F: 0.2500265964215312
Punto[1.         0.50873711 0.36376064] -> F: 0.24890248856445496
Punto[1.         0.50812671 0.36177517] -> F: 0.2477810367413595
{
  "seed": 8795,
  "n_per_z": 10,
  "nz": 100,
  "nd": 100,
  "n_muestras": 50,
  "best_f": 0.2973103650672609,
  "best_cp": [
    1.0,
    0.5386593817486717,
    0.46108928807409993
  ],
  "best_u": [
    0.5358267949789969,
    0.4524135262330099,
    -0.7128896457825361
  ],
  "best_index": 1,
  "n_candidatos": 54
}
