Punto[0.         0.42979748 0.34714943] -> F: 0.1087166185104107
Punto[1.         0.45522795 0.45563028] -> F: 0.40983670621407753
Punto[2.         0.4940383  0.44248402] -> F: 0.1608340304113805
Punto[1.         0.46191789 0.39481673] -> F: 0.39370062780996806
Punto[1.         0.45536175 0.45441401] -> F: 0.41211125521388575
Punto[1.         0.45549287 0.45322207] -> F: 0.41434221014912814
Punto[1.         0.45562399 0.45203012] -> F: 0.41657504283903946
Punto[1.         0.45575512 0.45083818] -> F: 0.41880975328361914
Punto[1.         0.45588624 0.44964623] -> F: 0.42104634148286746
Punto[1.         0.45601736 0.44845428] -> F: 0.4232847994056685
Punto[1.         0.45614848 0.44726234] -> F: 0.42488687183090473
Punto[1.         0.45627961 0.44607039] -> F: 0.4257359910293105
Punto[1.         0.45641073 0.44487845] -> F: 0.42658048695387524
Punto[1.         0.45654185 0.4436865 ] -> F: 0.4265054228630355
Punto[1.         0.45667298 0.44249456] -> F: 0.4257061581717063
Punto[1.         0.4568041  0.44130261] -> F: 0.42490762953434996
Punto[1.         0.45693522 0.44011066] -> F: 0.4241098369509661
Punto[1.         0.45706634 0.43891872] -> F: 0.423312780421555
Punto[1.         0.45719747 0.43772677] -> F: 0.4225164599461166
Punto[1.         0.45732859 0.43653483] -> F: 0.42172087552465076
Punto[1.         0.45745971 0.43534288] -> F: 0.4209201164159899
Punto[1.         0.45759084 0.43415094] -> F: 0.42011785130225043
Punto[1.         0.45772196 0.43295899] -> F: 0.41931633745106545
Punto[1.         0.45785308 0.43176704] -> F: 0.4185155748624348
Punto[1.        0.4579842 0.4305751] -> F: 0.4177155635363587
Punto[1.         0.45811533 0.42938315] -> F: 0.416916303472837
Punto[1.         0.45824645 0.42819121] -> F: 0.41611779467186977
Punto[1.         0.45837757 0.42699926] -> F: 0.41532003713345694
Punto[1.         0.4585087  0.42580732] -> F: 0.4145230308575986
Punto[1.         0.45863982 0.42461537] -> F: 0.4137267758442947
Punto[1.         0.45877094 0.42342342] -> F: 0.412925239042728
Punto[1.         0.45890206 0.42223148] -> F: 0.41212222200250676
Punto[1.         0.45903319 0.42103953] -> F: 0.4113199719492387
Punto[1.         0.45916431 0.41984759] -> F: 0.41051848888292386
Punto[1.         0.45929543 0.41865564] -> F: 0.4097177728035622
Punto[1.         0.45942656 0.4174637 ] -> F: 0.40891782371115376
Punto[1.         0.45955768 0.41627175] -> F: 0.4081186416056985
Punto[1.        0.4596888 0.4150798] -> F: 0.4073202264871965
Punto[1.         0.45981992 0.41388786] -> F: 0.40652257835564765
Punto[1.         0.45995105 0.41269591] -> F: 0.40572569721105206
Punto[1.         0.46008217 0.41150397] -> F: 0.4049230662117568
Punto[1.         0.46021329 0.41031202] -> F: 0.4041193227616188
Punto[1.         0.46034442 0.40912007] -> F: 0.40331636259804265
Punto[1.         0.46047554 0.40792813] -> F: 0.40251418572102843
Punto[1.         0.46060666 0.40673618] -> F: 0.4017127921305761
Punto[1.         0.46073778 0.40554424] -> F: 0.40091218182668564
Punto[1.         0.46086891 0.40435229] -> F: 0.4001123548093571
Punto[1.         0.46100003 0.40316035] -> F: 0.3993133110785904
Punto[1.         0.46113115 0.4019684 ] -> F: 0.39851505063438564
Punto[1.         0.46126228 0.40077645] -> F: 0.39771757347674275
Punto[1.         0.4613934  0.39958451] -> F: 0.3969136669677592
Punto[1.         0.46152452 0.39839256] -> F: 0.3961092068369679
Punto[1.         0.46165564 0.39720062] -> F: 0.39530554693373887
Punto[1.         0.46178677 0.39600867] -> F: 0.39450268725807225
{
  "seed": 12892,
  "n_per_z": 10,
  "nz": 100,
  "nd": 100,
  "n_muestras": 50,
  "best_f": 0.42658048695387524,
  "best_cp": [
    1.0,
    0.4564107304458336,
    0.44487844694588274
  ],
  "best_u": [
    -0.21814324139654234,
    -0.8830358871572187,
    0.4155251475247598
  ],
  "best_index": 12,
  "n_candidatos": 54
}
