Punto[0.         0.60323259 0.46837741] -> F: 0.14262344216868567
Punto[1.         0.55867174 0.51013361] -> F: 0.43464131156245106
Punto[2.         0.5275129  0.50649095] -> F: 0.1266062133089283
Punto[1.         0.56537275 0.48743418] -> F: 0.42983998877950247
Punto[1.         0.55880576 0.50967962] -> F: 0.43538286439150725
Punto[1.         0.5589371  0.50923471] -> F: 0.4361177784065034
Punto[1.         0.55906844 0.50878981] -> F: 0.4367201579786355
Punto[1.         0.55919978 0.5083449 ] -> F: 0.4373251056455534
Punto[1.         0.55933112 0.50789999] -> F: 0.4379327923914772
Punto[1.         0.55946246 0.50745508] -> F: 0.4385432182164069
Punto[1.         0.5595938  0.50701017] -> F: 0.4391563831203423
Punto[1.         0.55972514 0.50656526] -> F: 0.43977228710328387
Punto[1.         0.55985648 0.50612035] -> F: 0.44039093016523123
Punto[1.         0.55998782 0.50567544] -> F: 0.44101231230618443
Punto[1.         0.56011916 0.50523053] -> F: 0.4416364335261434
Punto[1.         0.5602505  0.50478563] -> F: 0.44226329382510843
Punto[1.         0.56038184 0.50434072] -> F: 0.4428928932030791
Punto[1.         0.56051318 0.50389581] -> F: 0.4435252316600558
Punto[1.         0.56064452 0.5034509 ] -> F: 0.44416030919603844
Punto[1.         0.56077586 0.50300599] -> F: 0.4447981258110269
Punto[1.         0.5609072  0.50256108] -> F: 0.44543868150502136
Punto[1.         0.56103854 0.50211617] -> F: 0.4460819762780215
Punto[1.         0.56116988 0.50167126] -> F: 0.44672801013002755
Punto[1.         0.56130122 0.50122635] -> F: 0.44666651947197755
Punto[1.         0.56143256 0.50078145] -> F: 0.44611777625738896
Punto[1.         0.5615639  0.50033654] -> F: 0.44557109491863955
Punto[1.         0.56169524 0.49989163] -> F: 0.44502647545572926
Punto[1.         0.56182658 0.49944672] -> F: 0.4444839178686588
Punto[1.         0.56195792 0.49900181] -> F: 0.4439434221574273
Punto[1.         0.56208926 0.4985569 ] -> F: 0.443404988322035
Punto[1.         0.5622206  0.49811199] -> F: 0.44286861636248226
Punto[1.         0.56235194 0.49766708] -> F: 0.44233430627876896
Punto[1.         0.56248327 0.49722217] -> F: 0.4418020580708946
Punto[1.         0.56261461 0.49677727] -> F: 0.4412718717388598
Punto[1.         0.56274595 0.49633236] -> F: 0.4407437472826643
Punto[1.         0.56287729 0.49588745] -> F: 0.440217684702308
Punto[1.         0.56300863 0.49544254] -> F: 0.43969368399779096
Punto[1.         0.56313997 0.49499763] -> F: 0.4391717451691134
Punto[1.         0.56327131 0.49455272] -> F: 0.43865186821627516
Punto[1.         0.56340265 0.49410781] -> F: 0.43813405313927617
Punto[1.         0.56353399 0.4936629 ] -> F: 0.4376182999381165
Punto[1.         0.56366533 0.49321799] -> F: 0.4371046086127961
Punto[1.         0.56379667 0.49277309] -> F: 0.4365929791633149
Punto[1.         0.56392801 0.49232818] -> F: 0.43608341158967334
Punto[1.         0.56405935 0.49188327] -> F: 0.4355759058918709
Punto[1.         0.56419069 0.49143836] -> F: 0.4350704620699079
Punto[1.         0.56432203 0.49099345] -> F: 0.4345268879817866
Punto[1.         0.56445337 0.49054854] -> F: 0.43392468960916336
Punto[1.         0.56458471 0.49010363] -> F: 0.4333271586572079
Punto[1.         0.56471605 0.48965872] -> F: 0.4327342951259203
Punto[1.         0.56484739 0.48921381] -> F: 0.43214609901530066
Punto[1.         0.56497873 0.48876891] -> F: 0.43156257032534906
Punto[1.         0.56511007 0.488324  ] -> F: 0.4309837090560657
Punto[1.         0.56524141 0.48787909] -> F: 0.4304095152074501
Best centerpoint:  [1.         0.56116988 0.50167126] Best F:  0.44672801013002755 Best u:  [0.15643447 0.39225834 0.90645554] índice:  19
{
  "seed": 5241,
  "n_per_z": 5,
  "nz": 100,
  "nd": 100,
  "n_muestras": 50,
  "best_f": 0.44672801013002755,
  "best_cp": [
    1.0,
    0.5611698783784401,
    0.5016712633274311
  ],
  "best_u": [
    0.15643446504023092,
    0.3922583410719257,
    0.9064555433153232
  ],
  "n_candidatos": 54
}
