Punto[0.         0.7038561  0.58073297] -> F: 0.17393349329855487
Punto[1.         0.68062325 0.43553305] -> F: 0.3485006614296404
Punto[2.         0.58751603 0.31406565] -> F: 0.06043393084775683
Punto[1.         0.64568607 0.44739931] -> F: 0.31786276847153916
Punto[1.         0.67992451 0.43577038] -> F: 0.3486309359361556
Punto[1.         0.67923974 0.43600296] -> F: 0.3487582549535679
Punto[1.         0.67855497 0.43623554] -> F: 0.34888560240561795
Punto[1.         0.6778702  0.43646812] -> F: 0.3490129782923056
Punto[1.         0.67718543 0.43670069] -> F: 0.34914015094812473
Punto[1.         0.67650066 0.43693327] -> F: 0.3488976793666959
Punto[1.         0.6758159  0.43716585] -> F: 0.3482377523594677
Punto[1.         0.67513113 0.43739843] -> F: 0.3475782772230869
Punto[1.         0.67444636 0.43763101] -> F: 0.34691925395755363
Punto[1.         0.67376159 0.43786359] -> F: 0.34626068256286785
Punto[1.         0.67307682 0.43809617] -> F: 0.3455994469294518
Punto[1.         0.67239205 0.43832874] -> F: 0.34492477651738274
Punto[1.         0.67170728 0.43856132] -> F: 0.34425058165427147
Punto[1.         0.67102251 0.4387939 ] -> F: 0.3435768623401171
Punto[1.         0.67033774 0.43902648] -> F: 0.3429036185749204
Punto[1.         0.66965298 0.43925906] -> F: 0.3422308503586808
Punto[1.         0.66896821 0.43949164] -> F: 0.34155855769139876
Punto[1.         0.66828344 0.43972422] -> F: 0.340886740573074
Punto[1.         0.66759867 0.43995679] -> F: 0.3402153990037065
Punto[1.         0.6669139  0.44018937] -> F: 0.33954453298329645
Punto[1.         0.66622913 0.44042195] -> F: 0.3388629745588741
Punto[1.         0.66554436 0.44065453] -> F: 0.3381755508907659
Punto[1.         0.66485959 0.44088711] -> F: 0.3374886279752788
Punto[1.         0.66417483 0.44111969] -> F: 0.3368022058124132
Punto[1.         0.66349006 0.44135227] -> F: 0.3361162844021688
Punto[1.         0.66280529 0.44158484] -> F: 0.33543086374454545
Punto[1.         0.66212052 0.44181742] -> F: 0.33474594383954354
Punto[1.         0.66143575 0.44205   ] -> F: 0.33406152468716266
Punto[1.         0.66075098 0.44228258] -> F: 0.33337760628740276
Punto[1.         0.66006621 0.44251516] -> F: 0.3326941886402647
Punto[1.         0.65938144 0.44274774] -> F: 0.3319945811059946
Punto[1.         0.65869667 0.44298032] -> F: 0.3312940804101915
Punto[1.         0.65801191 0.44321289] -> F: 0.33059410738854994
Punto[1.         0.65732714 0.44344547] -> F: 0.32989466204107054
Punto[1.         0.65664237 0.44367805] -> F: 0.32919574436775295
Punto[1.         0.6559576  0.44391063] -> F: 0.3284973543685972
Punto[1.         0.65527283 0.44414321] -> F: 0.32779949204360337
Punto[1.         0.65458806 0.44437579] -> F: 0.32710215739277165
Punto[1.         0.65390329 0.44460837] -> F: 0.3264053504161016
Punto[1.         0.65321852 0.44484095] -> F: 0.32570883974179926
Punto[1.         0.65253375 0.44507352] -> F: 0.32499431985918026
Punto[1.         0.65184899 0.4453061 ] -> F: 0.3242803565149296
Punto[1.         0.65116422 0.44553868] -> F: 0.32356694970904704
Punto[1.         0.65047945 0.44577126] -> F: 0.32285409944153276
Punto[1.         0.64979468 0.44600384] -> F: 0.3221418057123867
Punto[1.         0.64910991 0.44623642] -> F: 0.32143006852160894
Punto[1.         0.64842514 0.446469  ] -> F: 0.3207188878691994
Punto[1.         0.64774037 0.44670157] -> F: 0.3200082637551579
Punto[1.         0.6470556  0.44693415] -> F: 0.3192981961794849
Punto[1.         0.64637083 0.44716673] -> F: 0.3185886851421799
Best centerpoint:  [1.         0.67718543 0.43670069] Best F:  0.34914015094812473 Best u:  [0.99950656 0.01598938 0.02703656] índice:  5
{
  "seed": 2614,
  "n_per_z": 5,
  "nz": 100,
  "nd": 100,
  "n_muestras": 50,
  "best_f": 0.34914015094812473,
  "best_cp": [
    1.0,
    0.6771854335955797,
    0.4367006938885532
  ],
  "best_u": [
    0.9995065603657316,
    0.01598937727092425,
    0.02703656043864067
  ],
  "n_candidatos": 54
}
