Punto[0.         0.5647759  0.54658708] -> F: 0.17193001760676757
Punto[1.         0.45609955 0.56741389] -> F: 0.362477832504997
Punto[2.         0.39039656 0.40711508] -> F: 0.10084930291588999
Punto[1.         0.47758623 0.47685108] -> F: 0.3707406229454525
Punto[1.         0.45652928 0.56560263] -> F: 0.36553707237872307
Punto[1.         0.45695042 0.5638276 ] -> F: 0.3685479966120787
Punto[1.         0.45737156 0.56205257] -> F: 0.3715716600110528
Punto[1.         0.4577927  0.56027754] -> F: 0.37460806257564483
Punto[1.         0.45821384 0.55850251] -> F: 0.3776572043058555
Punto[1.         0.45863498 0.55672747] -> F: 0.38071908520168407
Punto[1.         0.45905612 0.55495244] -> F: 0.38377614194698667
Punto[1.         0.45947726 0.55317741] -> F: 0.38679697450153677
Punto[1.         0.45989839 0.55140238] -> F: 0.38982993116185133
Punto[1.         0.46031953 0.54962735] -> F: 0.39287501192793095
Punto[1.         0.46074067 0.54785232] -> F: 0.39593221679977514
Punto[1.         0.46116181 0.54607729] -> F: 0.39900154577738406
Punto[1.         0.46158295 0.54430226] -> F: 0.4020829988607579
Punto[1.         0.46200409 0.54252723] -> F: 0.4051765760498966
Punto[1.         0.46242523 0.5407522 ] -> F: 0.4069672833494924
Punto[1.         0.46284637 0.53897716] -> F: 0.4059761380006738
Punto[1.         0.46326751 0.53720213] -> F: 0.4049864930437046
Punto[1.         0.46368865 0.5354271 ] -> F: 0.4039983484785847
Punto[1.         0.46410978 0.53365207] -> F: 0.40301170430531397
Punto[1.         0.46453092 0.53187704] -> F: 0.40202656052389246
Punto[1.         0.46495206 0.53010201] -> F: 0.401040214870463
Punto[1.         0.4653732  0.52832698] -> F: 0.40004153728942166
Punto[1.         0.46579434 0.52655195] -> F: 0.3990444110972718
Punto[1.         0.46621548 0.52477692] -> F: 0.3980488362940137
Punto[1.         0.46663662 0.52300189] -> F: 0.39705481287964733
Punto[1.         0.46705776 0.52122685] -> F: 0.39606234085417263
Punto[1.         0.4674789  0.51945182] -> F: 0.3950686514259025
Punto[1.         0.46790003 0.51767679] -> F: 0.394062744734969
Punto[1.         0.46832117 0.51590176] -> F: 0.3930584417858799
Punto[1.         0.46874231 0.51412673] -> F: 0.39205574257863535
Punto[1.         0.46916345 0.5123517 ] -> F: 0.3910546471132351
Punto[1.         0.46958459 0.51057667] -> F: 0.3900551553896794
Punto[1.         0.47000573 0.50880164] -> F: 0.3890527090412537
Punto[1.         0.47042687 0.50702661] -> F: 0.3880398522196318
Punto[1.         0.47084801 0.50525157] -> F: 0.387028653006991
Punto[1.         0.47126915 0.50347654] -> F: 0.38601911140333145
Punto[1.         0.47169028 0.50170151] -> F: 0.3850112274086533
Punto[1.         0.47211142 0.49992648] -> F: 0.3840050010229561
Punto[1.         0.47253256 0.49815145] -> F: 0.3829925714119072
Punto[1.         0.4729537  0.49637642] -> F: 0.38197301959087504
Punto[1.         0.47337484 0.49460139] -> F: 0.3809551809338389
Punto[1.         0.47379598 0.49282636] -> F: 0.37993905544079887
Punto[1.         0.47421712 0.49105133] -> F: 0.37892464311175467
Punto[1.         0.47463826 0.4892763 ] -> F: 0.37791194394670646
Punto[1.         0.4750594  0.48750126] -> F: 0.37688846242929097
Punto[1.         0.47548053 0.48572623] -> F: 0.37586244695766435
Punto[1.         0.47590167 0.4839512 ] -> F: 0.37483820208449753
Punto[1.         0.47632281 0.48217617] -> F: 0.3738157278097903
Punto[1.         0.47674395 0.48040114] -> F: 0.3727950241335429
Punto[1.         0.47716509 0.47862611] -> F: 0.3717747248008763
{
  "seed": 14309,
  "n_per_z": 10,
  "nz": 100,
  "nd": 100,
  "n_muestras": 50,
  "best_f": 0.4069672833494924,
  "best_cp": [
    1.0,
    0.46242522833284616,
    0.5407521955430663
  ],
  "best_u": [
    0.3971478906347807,
    -0.25604537809219297,
    -0.8813139720451334
  ],
  "best_index": 18,
  "n_candidatos": 54
}
