Punto[0.         0.45509615 0.53484325] -> F: 0.1161292357737826
Punto[1.         0.53604351 0.53077452] -> F: 0.4483816202234009
Punto[2.         0.61630512 0.48958067] -> F: 0.1228973042258456
Punto[1.         0.53570064 0.51221196] -> F: 0.42896116405549395
Punto[1.         0.53603666 0.53040327] -> F: 0.44789408082683124
Punto[1.         0.53602993 0.53003945] -> F: 0.447420911848403
Punto[1.         0.53602321 0.52967562] -> F: 0.4469523158372533
Punto[1.         0.53601649 0.52931179] -> F: 0.4464882927933822
Punto[1.         0.53600977 0.52894797] -> F: 0.4460288427167896
Punto[1.         0.53600305 0.52858414] -> F: 0.44557396560747564
Punto[1.         0.53599633 0.52822032] -> F: 0.44512366146544013
Punto[1.         0.53598961 0.52785649] -> F: 0.4446779302906831
Punto[1.         0.53598289 0.52749266] -> F: 0.44423677208320467
Punto[1.         0.53597617 0.52712884] -> F: 0.4438001868430048
Punto[1.         0.53596945 0.52676501] -> F: 0.44336817457008354
Punto[1.         0.53596273 0.52640118] -> F: 0.4429407352644406
Punto[1.         0.53595601 0.52603736] -> F: 0.44251786892607636
Punto[1.         0.53594929 0.52567353] -> F: 0.44209957555499063
Punto[1.         0.53594257 0.52530971] -> F: 0.4416858551511833
Punto[1.         0.53593585 0.52494588] -> F: 0.4412767077146546
Punto[1.         0.53592913 0.52458205] -> F: 0.44087213324540453
Punto[1.         0.53592241 0.52421823] -> F: 0.440472131743433
Punto[1.         0.53591569 0.5238544 ] -> F: 0.4400767032087399
Punto[1.         0.53590897 0.52349057] -> F: 0.4396858476413252
Punto[1.         0.53590225 0.52312675] -> F: 0.4392995650411893
Punto[1.         0.53589553 0.52276292] -> F: 0.4389178554083318
Punto[1.         0.53588881 0.5223991 ] -> F: 0.43854071874275286
Punto[1.         0.53588209 0.52203527] -> F: 0.4381681550444524
Punto[1.         0.53587537 0.52167144] -> F: 0.4378001643134306
Punto[1.         0.53586865 0.52130762] -> F: 0.4374367465496872
Punto[1.         0.53586192 0.52094379] -> F: 0.4370779017532225
Punto[1.         0.5358552  0.52057996] -> F: 0.4367236299240363
Punto[1.         0.53584848 0.52021614] -> F: 0.4363739310621286
Punto[1.         0.53584176 0.51985231] -> F: 0.4360288051674995
Punto[1.         0.53583504 0.51948849] -> F: 0.4356882522401488
Punto[1.         0.53582832 0.51912466] -> F: 0.4353522722800768
Punto[1.         0.5358216  0.51876083] -> F: 0.43502086528728307
Punto[1.         0.53581488 0.51839701] -> F: 0.43469403126176814
Punto[1.         0.53580816 0.51803318] -> F: 0.4343717702035316
Punto[1.         0.53580144 0.51766935] -> F: 0.4340534760295481
Punto[1.         0.53579472 0.51730553] -> F: 0.4337356925343075
Punto[1.        0.535788  0.5169417] -> F: 0.4334178727223867
Punto[1.         0.53578128 0.51657788] -> F: 0.43310001659378566
Punto[1.         0.53577456 0.51621405] -> F: 0.43278212414850437
Punto[1.         0.53576784 0.51585022] -> F: 0.43246419538654307
Punto[1.         0.53576112 0.5154864 ] -> F: 0.43214623030790134
Punto[1.         0.5357544  0.51512257] -> F: 0.43182822891257944
Punto[1.         0.53574768 0.51475874] -> F: 0.43151019120057726
Punto[1.         0.53574096 0.51439492] -> F: 0.43119211717189493
Punto[1.         0.53573424 0.51403109] -> F: 0.4308740068265324
Punto[1.         0.53572752 0.51366727] -> F: 0.4305558601644895
Punto[1.         0.5357208  0.51330344] -> F: 0.4301658970003311
Punto[1.         0.53571408 0.51293961] -> F: 0.4297626861258829
Punto[1.         0.53570736 0.51257579] -> F: 0.4293611084776036
{
  "seed": 10389,
  "n_per_z": 10,
  "nz": 100,
  "nd": 100,
  "n_muestras": 50,
  "best_f": 0.4483816202234009,
  "best_cp": [
    1.0,
    0.5360435128395884,
    0.5307745239620502
  ],
  "best_u": [
    -0.18738131458572474,
    -0.5263358293066832,
    -0.8293725566548314
  ],
  "best_index": 1,
  "n_candidatos": 54
}
