Punto[0.         0.44662141 0.44784201] -> F: 0.12545248459815447
Punto[1.         0.48122674 0.50331109] -> F: 0.3666995309623841
Punto[2.         0.65634079 0.44238426] -> F: 0.04517471898160015
Punto[1.         0.5514811  0.44511313] -> F: 0.29483695103290547
Punto[1.         0.48263183 0.50214713] -> F: 0.3707561448882933
Punto[1.         0.48400881 0.50100645] -> F: 0.37477090504452915
Punto[1.         0.4853858  0.49986577] -> F: 0.3786501334329483
Punto[1.         0.48676278 0.49872509] -> F: 0.38212141292394325
Punto[1.         0.48813977 0.49758441] -> F: 0.3817713627087259
Punto[1.         0.48951675 0.49644373] -> F: 0.38008303620479106
Punto[1.         0.49089374 0.49530305] -> F: 0.3782974749745882
Punto[1.         0.49227073 0.49416237] -> F: 0.3765149801185173
Punto[1.         0.49364771 0.49302169] -> F: 0.37473490645696567
Punto[1.         0.4950247  0.49188101] -> F: 0.3729219255641271
Punto[1.         0.49640168 0.49074033] -> F: 0.37111213888969774
Punto[1.         0.49777867 0.48959965] -> F: 0.36930554643367774
Punto[1.         0.49915565 0.48845897] -> F: 0.36750214819606686
Punto[1.         0.50053264 0.48731829] -> F: 0.36567318380851577
Punto[1.         0.50190962 0.48617761] -> F: 0.3638386509221178
Punto[1.         0.50328661 0.48503693] -> F: 0.3620074473559178
Punto[1.         0.50466359 0.48389625] -> F: 0.3601795731099156
Punto[1.         0.50604058 0.48275557] -> F: 0.35833740359395355
Punto[1.         0.50741756 0.48161489] -> F: 0.35647748949528923
Punto[1.         0.50879455 0.48047421] -> F: 0.354621047965476
Punto[1.         0.51017154 0.47933353] -> F: 0.3527680790045137
Punto[1.         0.51154852 0.47819285] -> F: 0.35091544323035895
Punto[1.         0.51292551 0.47705217] -> F: 0.349029384271065
Punto[1.         0.51430249 0.47591149] -> F: 0.3471469503058862
Punto[1.         0.51567948 0.47477081] -> F: 0.3452681413348225
Punto[1.         0.51705646 0.47363013] -> F: 0.3433929573578738
Punto[1.         0.51843345 0.47248945] -> F: 0.341495413545987
Punto[1.         0.51981043 0.47134877] -> F: 0.33958608764513015
Punto[1.         0.52118742 0.47020809] -> F: 0.33768054953982624
Punto[1.         0.5225644  0.46906741] -> F: 0.33577879923007575
Punto[1.         0.52394139 0.46792673] -> F: 0.33387713456786616
Punto[1.         0.52531838 0.46678605] -> F: 0.33193985087409883
Punto[1.         0.52669536 0.46564537] -> F: 0.33000652955998283
Punto[1.         0.52807235 0.46450469] -> F: 0.32807717062551867
Punto[1.         0.52944933 0.46336401] -> F: 0.3261517740707061
Punto[1.         0.53082632 0.46222333] -> F: 0.3242102581184631
Punto[1.         0.5322033  0.46108265] -> F: 0.3222479085456297
Punto[1.         0.53358029 0.45994197] -> F: 0.32028970937984885
Punto[1.         0.53495727 0.45880129] -> F: 0.3183356606211208
Punto[1.         0.53633426 0.45766061] -> F: 0.31638576226944565
Punto[1.         0.53771124 0.45651993] -> F: 0.31440806175933744
Punto[1.         0.53908823 0.45537925] -> F: 0.3124226903878358
Punto[1.         0.54046522 0.45423857] -> F: 0.31044413575995927
Punto[1.         0.5418422  0.45309789] -> F: 0.3084723978757077
Punto[1.         0.54321919 0.45195721] -> F: 0.3065074767350813
Punto[1.         0.54459617 0.45081653] -> F: 0.3045493723380798
Punto[1.         0.54597316 0.44967585] -> F: 0.3025980846847035
Punto[1.         0.54735014 0.44853517] -> F: 0.30065361377495203
Punto[1.         0.54872713 0.44739449] -> F: 0.2987159596088257
Punto[1.         0.55010411 0.44625381] -> F: 0.2967851221863244
Best centerpoint:  [1.         0.48676278 0.49872509] Best F:  0.38212141292394325 Best u:  [0.15643447 0.76102695 0.62957624] índice:  4
{
  "seed": 2246,
  "n_per_z": 5,
  "nz": 100,
  "nd": 100,
  "n_muestras": 50,
  "best_f": 0.38212141292394325,
  "best_cp": [
    1.0,
    0.48676278359131536,
    0.49872509130441356
  ],
  "best_u": [
    0.15643446504023092,
    0.7610269461637978,
    0.6295762426904153
  ],
  "n_candidatos": 54
}
