Punto[0.         0.40055097 0.50109876] -> F: 0.13864499973624975
Punto[1.         0.51277109 0.53328811] -> F: 0.37479726695440374
Punto[2.         0.54028684 0.35100105] -> F: 0.11517887271949473
Punto[1.         0.47041891 0.42604991] -> F: 0.3937027677567556
Punto[1.         0.51192405 0.53114335] -> F: 0.3780250672186349
Punto[1.         0.51109395 0.52904148] -> F: 0.3812085006566543
Punto[1.         0.51026384 0.52693961] -> F: 0.38440013090513986
Punto[1.         0.50943374 0.52483774] -> F: 0.387599758920778
Punto[1.         0.50860364 0.52273587] -> F: 0.39080738470356946
Punto[1.         0.50777353 0.520634  ] -> F: 0.3940230082535136
Punto[1.         0.50694343 0.51853213] -> F: 0.3972466295706106
Punto[1.         0.50611333 0.51643026] -> F: 0.40047653738230077
Punto[1.         0.50528323 0.5143284 ] -> F: 0.4035517959913513
Punto[1.         0.50445312 0.51222653] -> F: 0.40662195442659615
Punto[1.         0.50362302 0.51012466] -> F: 0.409687866132639
Punto[1.         0.50279292 0.50802279] -> F: 0.4127861698846519
Punto[1.         0.50196281 0.50592092] -> F: 0.41591557775937094
Punto[1.         0.50113271 0.50381905] -> F: 0.4190360244710969
Punto[1.         0.50030261 0.50171718] -> F: 0.4221637707144441
Punto[1.         0.49947251 0.49961531] -> F: 0.4253162909220301
Punto[1.         0.4986424  0.49751345] -> F: 0.4284800698250244
Punto[1.         0.4978123  0.49541158] -> F: 0.4316508591234723
Punto[1.         0.4969822  0.49330971] -> F: 0.4348286588173736
Punto[1.         0.49615209 0.49120784] -> F: 0.4349733916364872
Punto[1.         0.49532199 0.48910597] -> F: 0.43361564380369755
Punto[1.         0.49449189 0.4870041 ] -> F: 0.43225965184928256
Punto[1.         0.49366179 0.48490223] -> F: 0.4309054157732422
Punto[1.         0.49283168 0.48280036] -> F: 0.4295529355755766
Punto[1.         0.49200158 0.4806985 ] -> F: 0.42820221125628566
Punto[1.         0.49117148 0.47859663] -> F: 0.42685324281536946
Punto[1.         0.49034137 0.47649476] -> F: 0.4255060302528279
Punto[1.         0.48951127 0.47439289] -> F: 0.42416057356866116
Punto[1.         0.48868117 0.47229102] -> F: 0.42281687276286894
Punto[1.         0.48785107 0.47018915] -> F: 0.4214749278354515
Punto[1.         0.48702096 0.46808728] -> F: 0.4201347387864088
Punto[1.         0.48619086 0.46598541] -> F: 0.4187963056157407
Punto[1.         0.48536076 0.46388355] -> F: 0.4174596283234474
Punto[1.         0.48453065 0.46178168] -> F: 0.4161247069095288
Punto[1.         0.48370055 0.45967981] -> F: 0.41479154137398483
Punto[1.         0.48287045 0.45757794] -> F: 0.4134601317168156
Punto[1.         0.48204035 0.45547607] -> F: 0.4121304779380211
Punto[1.         0.48121024 0.4533742 ] -> F: 0.41080258003760106
Punto[1.         0.48038014 0.45127233] -> F: 0.40947643801555594
Punto[1.         0.47955004 0.44917046] -> F: 0.40815205187188547
Punto[1.         0.47871993 0.4470686 ] -> F: 0.40682942160658975
Punto[1.         0.47788983 0.44496673] -> F: 0.40550854721966867
Punto[1.         0.47705973 0.44286486] -> F: 0.4041894287111223
Punto[1.         0.47622963 0.44076299] -> F: 0.40287206608095066
Punto[1.         0.47539952 0.43866112] -> F: 0.40155647306357106
Punto[1.         0.47456942 0.43655925] -> F: 0.40024392252305724
Punto[1.         0.47373932 0.43445738] -> F: 0.3989352460937803
Punto[1.         0.47290921 0.43235551] -> F: 0.3976256314339278
Punto[1.         0.47207911 0.43025365] -> F: 0.3963162341670937
Punto[1.         0.47124901 0.42815178] -> F: 0.3950085949456609
{
  "seed": 9182,
  "n_per_z": 10,
  "nz": 100,
  "nd": 100,
  "n_muestras": 50,
  "best_f": 0.4349733916364872,
  "best_cp": [
    1.0,
    0.49615209402901306,
    0.49120783933456424
  ],
  "best_u": [
    0.5090414157503713,
    -0.39076870298635086,
    -0.766926761703634
  ],
  "best_index": 23,
  "n_candidatos": 54
}
