Punto[0.         0.50068517 0.41738901] -> F: 0.15716746661890643
Punto[1.         0.52473183 0.41589158] -> F: 0.3411271767884957
Punto[2.         0.64775313 0.62369019] -> F: 0.09517769652796447
Punto[1.         0.57421915 0.5205396 ] -> F: 0.36060650885182927
Punto[1.         0.52572157 0.41798454] -> F: 0.3449235397817772
Punto[1.         0.52669152 0.42003565] -> F: 0.3486715991252503
Punto[1.         0.52766148 0.42208675] -> F: 0.3524470030524162
Punto[1.         0.52863143 0.42413785] -> F: 0.3561969090846323
Punto[1.         0.52960138 0.42618895] -> F: 0.35996071112027667
Punto[1.         0.53057133 0.42824005] -> F: 0.3637510062984864
Punto[1.         0.53154128 0.43029115] -> F: 0.3675677946192616
Punto[1.         0.53251123 0.43234225] -> F: 0.3714110760826016
Punto[1.         0.53348119 0.43439335] -> F: 0.37528085068850725
Punto[1.         0.53445114 0.43644445] -> F: 0.3791771184369777
Punto[1.         0.53542109 0.43849556] -> F: 0.38309987932801376
Punto[1.         0.53639104 0.44054666] -> F: 0.38704913336161495
Punto[1.         0.53736099 0.44259776] -> F: 0.3910248805377818
Punto[1.         0.53833094 0.44464886] -> F: 0.3950271208565136
Punto[1.         0.53930089 0.44669996] -> F: 0.3990338386716652
Punto[1.         0.54027085 0.44875106] -> F: 0.4028041415149736
Punto[1.         0.5412408  0.45080216] -> F: 0.4065404657185556
Punto[1.         0.54221075 0.45285326] -> F: 0.4073316685355071
Punto[1.         0.5431807  0.45490436] -> F: 0.40600202773104027
Punto[1.         0.54415065 0.45695547] -> F: 0.40466255883952795
Punto[1.         0.5451206  0.45900657] -> F: 0.4033133497781427
Punto[1.         0.54609055 0.46105767] -> F: 0.4019660230527075
Punto[1.         0.54706051 0.46310877] -> F: 0.40061938906729444
Punto[1.         0.54803046 0.46515987] -> F: 0.39925253888992007
Punto[1.         0.54900041 0.46721097] -> F: 0.3978876369197101
Punto[1.         0.54997036 0.46926207] -> F: 0.3965246831566644
Punto[1.         0.55094031 0.47131317] -> F: 0.3951491019931159
Punto[1.         0.55191026 0.47336427] -> F: 0.3937666900454191
Punto[1.         0.55288022 0.47541538] -> F: 0.3923862939494594
Punto[1.         0.55385017 0.47746648] -> F: 0.3910029894482081
Punto[1.         0.55482012 0.47951758] -> F: 0.38960308638005026
Punto[1.         0.55579007 0.48156868] -> F: 0.3882052687778203
Punto[1.         0.55676002 0.48361978] -> F: 0.38680953664151824
Punto[1.         0.55772997 0.48567088] -> F: 0.3853968086614791
Punto[1.         0.55869992 0.48772198] -> F: 0.38398154270478346
Punto[1.         0.55966988 0.48977308] -> F: 0.38256843401329843
Punto[1.         0.56063983 0.49182418] -> F: 0.38114791816638965
Punto[1.         0.56160978 0.49387529] -> F: 0.37971512735413326
Punto[1.         0.56257973 0.49592639] -> F: 0.3782845680290594
Punto[1.         0.56354968 0.49797749] -> F: 0.37685362683216456
Punto[1.         0.56451963 0.50002859] -> F: 0.37540539163067527
Punto[1.         0.56548959 0.50207969] -> F: 0.37395797849005225
Punto[1.         0.56645954 0.50413079] -> F: 0.3725039129132986
Punto[1.         0.56742949 0.50618189] -> F: 0.37104253832418604
Punto[1.         0.56839944 0.50823299] -> F: 0.3695732871368586
Punto[1.         0.56936939 0.51028409] -> F: 0.3680979076490884
Punto[1.         0.57033934 0.51233519] -> F: 0.3666135151701676
Punto[1.         0.57130929 0.5143863 ] -> F: 0.3651240554560513
Punto[1.         0.57227925 0.5164374 ] -> F: 0.3636245917193171
Punto[1.        0.5732492 0.5184885] -> F: 0.3621209438004154
{
  "seed": 14465,
  "n_per_z": 10,
  "nz": 100,
  "nd": 100,
  "n_muestras": 50,
  "best_f": 0.4073316685355071,
  "best_cp": [
    1.0,
    0.5422107488229281,
    0.4528532634321073
  ],
  "best_u": [
    0.9995065603657316,
    -0.001972297881325773,
    0.03134877712019301
  ],
  "best_index": 21,
  "n_candidatos": 54
}
