Punto[0.         0.6505299  0.59741999] -> F: 0.07552913539577691
Punto[1.         0.44672176 0.51541839] -> F: 0.3600051626838773
Punto[2.         0.47257062 0.45669107] -> F: 0.1758854194761655
Punto[1.         0.56155026 0.52705553] -> F: 0.3258410274371484
Punto[1.         0.44901833 0.51565113] -> F: 0.3632693151664007
Punto[1.         0.45126897 0.51587922] -> F: 0.3664221309439402
Punto[1.         0.4535196  0.51610731] -> F: 0.36960701312469363
Punto[1.         0.45577024 0.51633539] -> F: 0.372817314737766
Punto[1.         0.45802088 0.51656348] -> F: 0.3759885525420538
Punto[1.         0.46027152 0.51679157] -> F: 0.37918560924036065
Punto[1.         0.46252216 0.51701966] -> F: 0.3816484691574101
Punto[1.         0.4647728  0.51724775] -> F: 0.3830013082702059
Punto[1.         0.46702344 0.51747583] -> F: 0.38170796855243255
Punto[1.         0.46927408 0.51770392] -> F: 0.3804155738120901
Punto[1.         0.47152471 0.51793201] -> F: 0.3791241240491786
Punto[1.         0.47377535 0.5181601 ] -> F: 0.377833619263698
Punto[1.         0.47602599 0.51838819] -> F: 0.3765440594556483
Punto[1.         0.47827663 0.51861627] -> F: 0.3752554446250295
Punto[1.         0.48052727 0.51884436] -> F: 0.37396777477184157
Punto[1.         0.48277791 0.51907245] -> F: 0.3726810498960846
Punto[1.         0.48502855 0.51930054] -> F: 0.37139526999775846
Punto[1.         0.48727919 0.51952863] -> F: 0.37011043507686314
Punto[1.         0.48952982 0.51975671] -> F: 0.36882654513339885
Punto[1.         0.49178046 0.5199848 ] -> F: 0.3675436001673655
Punto[1.         0.4940311  0.52021289] -> F: 0.3662616001787628
Punto[1.         0.49628174 0.52044098] -> F: 0.36498054516759126
Punto[1.         0.49853238 0.52066907] -> F: 0.36370043513385053
Punto[1.         0.50078302 0.52089715] -> F: 0.3624212700775405
Punto[1.         0.50303366 0.52112524] -> F: 0.3611430499986616
Punto[1.         0.5052843  0.52135333] -> F: 0.3598657748972135
Punto[1.         0.50753493 0.52158142] -> F: 0.358589445673861
Punto[1.         0.50978557 0.5218095 ] -> F: 0.35731412225796894
Punto[1.         0.51203621 0.52203759] -> F: 0.35603984084095824
Punto[1.         0.51428685 0.52226568] -> F: 0.35476660142282906
Punto[1.         0.51653749 0.52249377] -> F: 0.3534944040035812
Punto[1.         0.51878813 0.52272186] -> F: 0.3522232485832147
Punto[1.         0.52103877 0.52294994] -> F: 0.3509531351617296
Punto[1.         0.52328941 0.52317803] -> F: 0.34968406373912597
Punto[1.         0.52554004 0.52340612] -> F: 0.3484160343154037
Punto[1.         0.52779068 0.52363421] -> F: 0.3471255628798484
Punto[1.         0.53004132 0.5238623 ] -> F: 0.3458316695778571
Punto[1.         0.53229196 0.52409038] -> F: 0.34436283259150285
Punto[1.         0.5345426  0.52431847] -> F: 0.34252888343685295
Punto[1.         0.53679324 0.52454656] -> F: 0.34115587946918435
Punto[1.         0.53904388 0.52477465] -> F: 0.3397991198297073
Punto[1.         0.54129452 0.52500274] -> F: 0.3384397921932905
Punto[1.         0.54354515 0.52523082] -> F: 0.33696037089277286
Punto[1.         0.54579579 0.52545891] -> F: 0.3355715621820544
Punto[1.         0.54804643 0.525687  ] -> F: 0.33420334200727037
Punto[1.         0.55029707 0.52591509] -> F: 0.3328326273721374
Punto[1.         0.55254771 0.52614318] -> F: 0.3314594207402052
Punto[1.         0.55479835 0.52637126] -> F: 0.33006089298094604
Punto[1.         0.55704899 0.52659935] -> F: 0.32861634044317445
Punto[1.         0.55929963 0.52682744] -> F: 0.3272246825601443
Best centerpoint:  [1.         0.4647728  0.51724775] Best F:  0.3830013082702059 Best u:  [-9.99506560e-01  3.13952598e-02 -9.86635786e-04] índice:  8
{
  "seed": 12926,
  "n_per_z": 5,
  "nz": 100,
  "nd": 100,
  "n_muestras": 50,
  "best_f": 0.3830013082702059,
  "best_cp": [
    1.0,
    0.46477279858862697,
    0.5172477462461883
  ],
  "best_u": [
    -0.9995065603657316,
    0.03139525976465669,
    -0.0009866357858642173
  ],
  "n_candidatos": 54
}
