Punto[0.         0.79140086 0.36666702] -> F: 0.03689572726459327
Punto[1.         0.48465506 0.47404926] -> F: 0.31620385333075857
Punto[2.         0.28782185 0.49088234] -> F: 0.18014846961054576
Punto[1.         0.53961136 0.42877468] -> F: 0.2687992933428007
Punto[1.         0.48575419 0.47314377] -> F: 0.31771069544357644
Punto[1.         0.48683133 0.47225639] -> F: 0.3191916028082509
Punto[1.         0.48790848 0.47136901] -> F: 0.3197176439986309
Punto[1.         0.48898562 0.47048163] -> F: 0.31906343069468285
Punto[1.         0.49006276 0.46959425] -> F: 0.3183971228016532
Punto[1.         0.49113991 0.46870686] -> F: 0.31770975879521396
Punto[1.         0.49221705 0.46781948] -> F: 0.31701228478327165
Punto[1.         0.49329419 0.4669321 ] -> F: 0.3163000569692082
Punto[1.         0.49437134 0.46604472] -> F: 0.31556929772801345
Punto[1.         0.49544848 0.46515734] -> F: 0.3148278148033907
Punto[1.         0.49652562 0.46426995] -> F: 0.3140707827889658
Punto[1.         0.49760277 0.46338257] -> F: 0.3131971520119368
Punto[1.         0.49867991 0.46249519] -> F: 0.31227481304102456
Punto[1.         0.49975705 0.46160781] -> F: 0.311324093212706
Punto[1.         0.5008342  0.46072043] -> F: 0.3103745121495791
Punto[1.         0.50191134 0.45983305] -> F: 0.30942606985164384
Punto[1.         0.50298848 0.45894566] -> F: 0.30844624228435097
Punto[1.         0.50406563 0.45805828] -> F: 0.30745593319616343
Punto[1.         0.50514277 0.4571709 ] -> F: 0.30646687178595533
Punto[1.         0.50621991 0.45628352] -> F: 0.30547493718448504
Punto[1.         0.50729706 0.45539614] -> F: 0.30444292216431884
Punto[1.         0.5083742  0.45450875] -> F: 0.30341227251969133
Punto[1.         0.50945134 0.45362137] -> F: 0.30238298825060267
Punto[1.         0.51052849 0.45273399] -> F: 0.30133752604738817
Punto[1.         0.51160563 0.45184661] -> F: 0.3002641587841092
Punto[1.         0.51268277 0.45095923] -> F: 0.29919228442428536
Punto[1.         0.51375992 0.45007184] -> F: 0.29812190296791685
Punto[1.         0.51483706 0.44918446] -> F: 0.2970250921653307
Punto[1.         0.5159142  0.44829708] -> F: 0.2959093277434047
Punto[1.         0.51699135 0.4474097 ] -> F: 0.29479519481447175
Punto[1.         0.51806849 0.44652232] -> F: 0.2936826933785322
Punto[1.         0.51914563 0.44563494] -> F: 0.2925373479913232
Punto[1.         0.52022278 0.44474755] -> F: 0.29137796971864954
Punto[1.         0.52129992 0.44386017] -> F: 0.2902203740476253
Punto[1.         0.52237706 0.44297279] -> F: 0.2890645609782504
Punto[1.         0.52345421 0.44208541] -> F: 0.2878743263861913
Punto[1.         0.52453135 0.44119803] -> F: 0.28666992011216524
Punto[1.         0.52560849 0.44031064] -> F: 0.28546746180320004
Punto[1.         0.52668564 0.43942326] -> F: 0.2842669514592959
Punto[1.         0.52776278 0.43853588] -> F: 0.28303656343218836
Punto[1.         0.52883992 0.4376485 ] -> F: 0.2817854856967669
Punto[1.         0.52991707 0.43676112] -> F: 0.2805365376254516
Punto[1.         0.53099421 0.43587373] -> F: 0.2792897192182423
Punto[1.         0.53207135 0.43498635] -> F: 0.2780253485051215
Punto[1.         0.5331485  0.43409897] -> F: 0.2767256867093841
Punto[1.         0.53422564 0.43321159] -> F: 0.2754283551262396
Punto[1.         0.53530278 0.43232421] -> F: 0.27413335375568787
Punto[1.         0.53637993 0.43143683] -> F: 0.272840682597729
Punto[1.         0.53745707 0.43054944] -> F: 0.2714925910911388
Punto[1.         0.53853421 0.42966206] -> F: 0.27014466588034636
Best centerpoint:  [1.         0.48790848 0.47136901] Best F:  0.3197176439986309 Best u:  [-0.18738131  0.94328424  0.27404941] índice:  3
{
  "seed": 8462,
  "n_per_z": 5,
  "nz": 100,
  "nd": 100,
  "n_muestras": 50,
  "best_f": 0.3197176439986309,
  "best_cp": [
    1.0,
    0.487908475922524,
    0.4713690094851718
  ],
  "best_u": [
    -0.1873813145857246,
    0.943284244395724,
    0.2740494065290306
  ],
  "n_candidatos": 54
}
