Punto[0.         0.44269199 0.42773336] -> F: 0.12705475206424924
Punto[1.         0.44233939 0.51601136] -> F: 0.3632939173803758
Punto[2.         0.32562306 0.32910172] -> F: 0.1012546817314935
Punto[1.         0.38415752 0.37841754] -> F: 0.37902743555740503
Punto[1.         0.44117576 0.51325948] -> F: 0.36697968964860117
Punto[1.         0.44003539 0.51056264] -> F: 0.37058915586106517
Punto[1.         0.43889503 0.5078658 ] -> F: 0.3741713209318793
Punto[1.         0.43775466 0.50516897] -> F: 0.3777763808477853
Punto[1.         0.4366143  0.50247213] -> F: 0.38140433560878295
Punto[1.         0.43547393 0.49977529] -> F: 0.38505518521487225
Punto[1.         0.43433357 0.49707845] -> F: 0.388676294415599
Punto[1.         0.4331932  0.49438161] -> F: 0.39229702825005114
Punto[1.         0.43205284 0.49168477] -> F: 0.3959391187397895
Punto[1.         0.43091247 0.48898793] -> F: 0.3996025658848137
Punto[1.         0.42977211 0.48629109] -> F: 0.4032873696851241
Punto[1.         0.42863174 0.48359426] -> F: 0.40694817952672985
Punto[1.         0.42749138 0.48089742] -> F: 0.4106033203250216
Punto[1.         0.42635101 0.47820058] -> F: 0.41427849599396926
Punto[1.         0.42521065 0.47550374] -> F: 0.4179737065335726
Punto[1.         0.42407029 0.4728069 ] -> F: 0.421660688459675
Punto[1.         0.42292992 0.47011006] -> F: 0.42530005679262733
Punto[1.         0.42178956 0.46741322] -> F: 0.4289546061491389
Punto[1.         0.42064919 0.46471638] -> F: 0.43257278913274994
Punto[1.         0.41950883 0.46201955] -> F: 0.43151799912571215
Punto[1.         0.41836846 0.45932271] -> F: 0.42981038643449115
Punto[1.         0.4172281  0.45662587] -> F: 0.42810767673069144
Punto[1.         0.41608773 0.45392903] -> F: 0.4264098700143129
Punto[1.         0.41494737 0.45123219] -> F: 0.4247169662853558
Punto[1.         0.413807   0.44853535] -> F: 0.42302896554381975
Punto[1.         0.41266664 0.44583851] -> F: 0.4213458677897049
Punto[1.         0.41152627 0.44314167] -> F: 0.41966767302301144
Punto[1.         0.41038591 0.44044484] -> F: 0.41799438124373905
Punto[1.         0.40924555 0.437748  ] -> F: 0.41632599245188795
Punto[1.         0.40810518 0.43505116] -> F: 0.414662506647458
Punto[1.         0.40696482 0.43235432] -> F: 0.4130039238304493
Punto[1.         0.40582445 0.42965748] -> F: 0.41134862221692053
Punto[1.         0.40468409 0.42696064] -> F: 0.40969607693685944
Punto[1.         0.40354372 0.4242638 ] -> F: 0.4080484571446716
Punto[1.         0.40240336 0.42156696] -> F: 0.40640576284035707
Punto[1.         0.40126299 0.41887012] -> F: 0.40476799402391583
Punto[1.         0.40012263 0.41617329] -> F: 0.40313515069534794
Punto[1.         0.39898226 0.41347645] -> F: 0.4015072328546534
Punto[1.         0.3978419  0.41077961] -> F: 0.39988424050183224
Punto[1.         0.39670153 0.40808277] -> F: 0.39826617363688427
Punto[1.         0.39556117 0.40538593] -> F: 0.3966530322598097
Punto[1.         0.3944208  0.40268909] -> F: 0.39504481637060845
Punto[1.         0.39328044 0.39999225] -> F: 0.39344152596928056
Punto[1.         0.39214008 0.39729541] -> F: 0.39184316105582595
Punto[1.         0.39099971 0.39459858] -> F: 0.39015635626650025
Punto[1.         0.38985935 0.39190174] -> F: 0.38844621754516073
Punto[1.         0.38871898 0.3892049 ] -> F: 0.3867426654145933
Punto[1.         0.38757862 0.38650806] -> F: 0.3849302856439058
Punto[1.         0.38643825 0.38381122] -> F: 0.38294731214761046
Punto[1.         0.38529789 0.38111438] -> F: 0.38097969545211036
Best centerpoint:  [1.         0.42064919 0.46471638] Best F:  0.43257278913274994 Best u:  [ 0.12533323 -0.3065803   0.94355715] índice:  19
{
  "seed": 5505,
  "n_per_z": 5,
  "nz": 100,
  "nd": 100,
  "n_muestras": 50,
  "best_f": 0.43257278913274994,
  "best_cp": [
    1.0,
    0.42064919149477575,
    0.46471638392397285
  ],
  "best_u": [
    0.12533323356430448,
    -0.3065803030753983,
    0.9435571515973541
  ],
  "n_candidatos": 54
}
