Punto[0.         0.55519508 0.4351499 ] -> F: 0.20389998961626932
Punto[1.         0.49584142 0.52317678] -> F: 0.3544785020075571
Punto[2.         0.53079426 0.61417322] -> F: 0.07492460272468056
Punto[1.         0.54299467 0.52466156] -> F: 0.33207577673981653
Punto[1.         0.49678448 0.52320648] -> F: 0.3542629305902116
Punto[1.         0.49770868 0.52323558] -> F: 0.3540517660681717
Punto[1.         0.49863289 0.52326468] -> F: 0.353831671377781
Punto[1.         0.49955709 0.52329378] -> F: 0.35360287562222364
Punto[1.         0.5004813  0.52332288] -> F: 0.3533741910165102
Punto[1.         0.5014055  0.52335198] -> F: 0.35314561756064045
Punto[1.         0.5023297  0.52338109] -> F: 0.3529171552546145
Punto[1.         0.50325391 0.52341019] -> F: 0.3526888040984321
Punto[1.         0.50417811 0.52343929] -> F: 0.3524605640920935
Punto[1.         0.50510231 0.52346839] -> F: 0.3522274255103327
Punto[1.         0.50602652 0.52349749] -> F: 0.3519816355432908
Punto[1.         0.50695072 0.52352659] -> F: 0.35173597473558993
Punto[1.         0.50787493 0.5235557 ] -> F: 0.35149044308723004
Punto[1.         0.50879913 0.5235848 ] -> F: 0.351245040598211
Punto[1.         0.50972333 0.5236139 ] -> F: 0.3509997672685331
Punto[1.         0.51064754 0.523643  ] -> F: 0.3507546230981962
Punto[1.         0.51157174 0.5236721 ] -> F: 0.350507455114532
Punto[1.         0.51249594 0.5237012 ] -> F: 0.3502448006893159
Punto[1.         0.51342015 0.52373031] -> F: 0.3499822948537393
Punto[1.         0.51434435 0.52375941] -> F: 0.34971993760780234
Punto[1.         0.51526856 0.52378851] -> F: 0.3494577289515046
Punto[1.         0.51619276 0.52381761] -> F: 0.3491956688848465
Punto[1.         0.51711696 0.52384671] -> F: 0.3489337574078277
Punto[1.         0.51804117 0.52387581] -> F: 0.34867182669179797
Punto[1.         0.51896537 0.52390492] -> F: 0.34839240322121584
Punto[1.         0.51988957 0.52393402] -> F: 0.3479112397429712
Punto[1.         0.52081378 0.52396312] -> F: 0.347271959807883
Punto[1.         0.52173798 0.52399222] -> F: 0.3466332511315433
Punto[1.         0.52266219 0.52402132] -> F: 0.34599511371395203
Punto[1.         0.52358639 0.52405042] -> F: 0.34535754755510917
Punto[1.         0.52451059 0.52407953] -> F: 0.34472055265501483
Punto[1.         0.5254348  0.52410863] -> F: 0.34408412901366875
Punto[1.         0.526359   0.52413773] -> F: 0.34344827663107125
Punto[1.         0.5272832  0.52416683] -> F: 0.3428129955072222
Punto[1.         0.52820741 0.52419593] -> F: 0.34217828564212155
Punto[1.         0.52913161 0.52422503] -> F: 0.34154414703576935
Punto[1.         0.53005582 0.52425414] -> F: 0.34091057968816546
Punto[1.         0.53098002 0.52428324] -> F: 0.34027758359931015
Punto[1.         0.53190422 0.52431234] -> F: 0.3396451587692033
Punto[1.         0.53282843 0.52434144] -> F: 0.33901330519784484
Punto[1.         0.53375263 0.52437054] -> F: 0.33838202288523483
Punto[1.         0.53467684 0.52439964] -> F: 0.3377499580276676
Punto[1.         0.53560104 0.52442875] -> F: 0.33711718928127765
Punto[1.         0.53652524 0.52445785] -> F: 0.33648499657460046
Punto[1.         0.53744945 0.52448695] -> F: 0.33585337990763603
Punto[1.         0.53837365 0.52451605] -> F: 0.33522233928038425
Punto[1.         0.53929785 0.52454515] -> F: 0.33459187469284524
Punto[1.         0.54022206 0.52457425] -> F: 0.3339619861450189
Punto[1.         0.54114626 0.52460336] -> F: 0.3333326736369054
Punto[1.         0.54207047 0.52463246] -> F: 0.33270393716850455
Best centerpoint:  [1.         0.49584142 0.52317678] Best F:  0.3544785020075571 Best u:  [0.99950656 0.00970646 0.02987341] índice:  1
{
  "seed": 8995,
  "n_per_z": 5,
  "nz": 100,
  "nd": 100,
  "n_muestras": 50,
  "best_f": 0.3544785020075571,
  "best_cp": [
    1.0,
    0.4958414152448137,
    0.5231767809704793
  ],
  "best_u": [
    0.9995065603657316,
    0.0097064583613588,
    0.02987340710303106
  ],
  "n_candidatos": 54
}
