Punto[0.         0.53183188 0.40496111] -> F: 0.159157567448624
Punto[1.         0.48565643 0.53027063] -> F: 0.31334921486609946
Punto[2.         0.37290034 0.34380022] -> F: 0.08430238086842418
Punto[1.         0.45236611 0.37438066] -> F: 0.32382862056557926
Punto[1.         0.48499062 0.52715283] -> F: 0.3180502421118784
Punto[1.         0.48433813 0.52409739] -> F: 0.3227009345572735
Punto[1.         0.48368564 0.52104195] -> F: 0.3273434229648654
Punto[1.         0.48303315 0.5179865 ] -> F: 0.33203346308996623
Punto[1.         0.48238066 0.51493106] -> F: 0.33677105493257614
Punto[1.         0.48172817 0.51187562] -> F: 0.3415561984926949
Punto[1.         0.48107568 0.50882017] -> F: 0.34637680650826713
Punto[1.         0.48042319 0.50576473] -> F: 0.35101662304118775
Punto[1.         0.4797707  0.50270929] -> F: 0.3557053832761713
Punto[1.         0.47911821 0.49965384] -> F: 0.3604394458838335
Punto[1.         0.47846572 0.4965984 ] -> F: 0.3651749550584878
Punto[1.         0.47781323 0.49354296] -> F: 0.369958006089532
Punto[1.         0.47716074 0.49048751] -> F: 0.37478572829408663
Punto[1.         0.47650825 0.48743207] -> F: 0.3796537989667123
Punto[1.         0.47585576 0.48437663] -> F: 0.38456217560163675
Punto[1.         0.47520327 0.48132118] -> F: 0.38951085819885967
Punto[1.         0.47455078 0.47826574] -> F: 0.39343822613839435
Punto[1.         0.47389829 0.4752103 ] -> F: 0.3913234557920897
Punto[1.         0.4732458  0.47215485] -> F: 0.38921333507416717
Punto[1.         0.47259331 0.46909941] -> F: 0.38710786398462693
Punto[1.         0.47194082 0.46604397] -> F: 0.38500704252346896
Punto[1.         0.47128833 0.46298852] -> F: 0.3829062246069007
Punto[1.         0.47063584 0.45993308] -> F: 0.38080635411872904
Punto[1.         0.46998335 0.45687764] -> F: 0.3787111705388065
Punto[1.         0.46933086 0.45382219] -> F: 0.37662067386713316
Punto[1.         0.46867837 0.45076675] -> F: 0.374534864103709
Punto[1.         0.46802588 0.44771131] -> F: 0.3724537412485339
Punto[1.         0.46737339 0.44465586] -> F: 0.3703773053016081
Punto[1.         0.4667209  0.44160042] -> F: 0.3683055562629315
Punto[1.         0.46606841 0.43854497] -> F: 0.366238494132504
Punto[1.         0.46541592 0.43548953] -> F: 0.3641761189103257
Punto[1.         0.46476342 0.43243409] -> F: 0.36211843059639653
Punto[1.         0.46411093 0.42937864] -> F: 0.36006542919071655
Punto[1.         0.46345844 0.4263232 ] -> F: 0.3580171146932858
Punto[1.         0.46280595 0.42326776] -> F: 0.3559734871041042
Punto[1.         0.46215346 0.42021231] -> F: 0.35393454642317174
Punto[1.         0.46150097 0.41715687] -> F: 0.3519002926504884
Punto[1.         0.46084848 0.41410143] -> F: 0.3498707257860544
Punto[1.         0.46019599 0.41104598] -> F: 0.3478458458298694
Punto[1.         0.4595435  0.40799054] -> F: 0.34582565278193367
Punto[1.         0.45889101 0.4049351 ] -> F: 0.3438062184151623
Punto[1.         0.45823852 0.40187965] -> F: 0.34178719468511004
Punto[1.         0.45758603 0.39882421] -> F: 0.3397728962761898
Punto[1.         0.45693354 0.39576877] -> F: 0.3377633231884015
Punto[1.         0.45628105 0.39271332] -> F: 0.3357584754217453
Punto[1.         0.45562856 0.38965788] -> F: 0.33375835297622103
Punto[1.         0.45497607 0.38660244] -> F: 0.3317629558518287
Punto[1.         0.45432358 0.38354699] -> F: 0.3297722840485684
Punto[1.         0.45367109 0.38049155] -> F: 0.32778633756644
Punto[1.         0.4530186  0.37743611] -> F: 0.32580511640544363
{
  "seed": 17541,
  "n_per_z": 10,
  "nz": 100,
  "nd": 100,
  "n_muestras": 50,
  "best_f": 0.39343822613839435,
  "best_cp": [
    1.0,
    0.4745507788110402,
    0.4782657386435864
  ],
  "best_u": [
    0.7071067811865475,
    -0.4156269377774535,
    -0.5720614028176843
  ],
  "best_index": 20,
  "n_candidatos": 54
}
