Punto[0.         0.47319847 0.59679448] -> F: 0.15609727719563946
Punto[1.         0.55375166 0.54387691] -> F: 0.42715339410109077
Punto[2.         0.58429806 0.56687638] -> F: 0.13197365753966062
Punto[1.         0.52874826 0.58183543] -> F: 0.4466146989041483
Punto[1.         0.55325159 0.54463608] -> F: 0.4285270644582481
Punto[1.         0.55276152 0.54538006] -> F: 0.42987423423937837
Punto[1.         0.55227145 0.54612405] -> F: 0.43122236702504757
Punto[1.         0.55178139 0.54686804] -> F: 0.4325714628152558
Punto[1.         0.55129132 0.54761203] -> F: 0.4339215216100031
Punto[1.         0.55080126 0.54835601] -> F: 0.4352191008771597
Punto[1.         0.55031119 0.5491    ] -> F: 0.4364934867858141
Punto[1.         0.54982112 0.54984399] -> F: 0.4377722835637345
Punto[1.         0.54933106 0.55058797] -> F: 0.4390554912109198
Punto[1.         0.54884099 0.55133196] -> F: 0.44034310972737056
Punto[1.         0.54835092 0.55207595] -> F: 0.4416351391130867
Punto[1.         0.54786086 0.55281993] -> F: 0.4429315793680684
Punto[1.         0.54737079 0.55356392] -> F: 0.4442324304923152
Punto[1.         0.54688072 0.55430791] -> F: 0.44553769248582736
Punto[1.         0.54639066 0.5550519 ] -> F: 0.44684736534860486
Punto[1.         0.54590059 0.55579588] -> F: 0.44816144908064787
Punto[1.         0.54541052 0.55653987] -> F: 0.4494786301330001
Punto[1.         0.54492046 0.55728386] -> F: 0.4507965590099137
Punto[1.         0.54443039 0.55802784] -> F: 0.4521151891363946
Punto[1.         0.54394032 0.55877183] -> F: 0.4534345205124427
Punto[1.         0.54345026 0.55951582] -> F: 0.45475455313805807
Punto[1.         0.54296019 0.56025981] -> F: 0.45607528701324096
Punto[1.         0.54247012 0.56100379] -> F: 0.4573967221379909
Punto[1.         0.54198006 0.56174778] -> F: 0.45871731106023733
Punto[1.         0.54148999 0.56249177] -> F: 0.4600296268889677
Punto[1.         0.54099992 0.56323575] -> F: 0.4606705927670005
Punto[1.         0.54050986 0.56397974] -> F: 0.4602035668712671
Punto[1.         0.54001979 0.56472373] -> F: 0.45973671576046815
Punto[1.         0.53952973 0.56546771] -> F: 0.45926826349505767
Punto[1.         0.53903966 0.5662117 ] -> F: 0.4587916246778856
Punto[1.         0.53854959 0.56695569] -> F: 0.4583151683264913
Punto[1.         0.53805953 0.56769968] -> F: 0.4578388944408745
Punto[1.         0.53756946 0.56844366] -> F: 0.45736280302103577
Punto[1.         0.53707939 0.56918765] -> F: 0.4568868940669746
Punto[1.         0.53658933 0.56993164] -> F: 0.45640164466409766
Punto[1.         0.53609926 0.57067562] -> F: 0.45591584549484904
Punto[1.         0.53560919 0.57141961] -> F: 0.45543023675051625
Punto[1.         0.53511913 0.5721636 ] -> F: 0.45494481843109946
Punto[1.         0.53462906 0.57290758] -> F: 0.4544595905365984
Punto[1.         0.53413899 0.57365157] -> F: 0.45397455306701345
Punto[1.         0.53364893 0.57439556] -> F: 0.45348153589000145
Punto[1.         0.53315886 0.57513955] -> F: 0.45298894190646494
Punto[1.         0.53266879 0.57588353] -> F: 0.45249684869677537
Punto[1.         0.53217873 0.57662752] -> F: 0.4520052562609329
Punto[1.         0.53168866 0.57737151] -> F: 0.45151416459893756
Punto[1.         0.53119859 0.57811549] -> F: 0.4510235737107892
Punto[1.         0.53070853 0.57885948] -> F: 0.45053348359648787
Punto[1.         0.53021846 0.57960347] -> F: 0.44957300456497606
Punto[1.         0.52972839 0.58034746] -> F: 0.4485854026605508
Punto[1.         0.52923833 0.58109144] -> F: 0.4475993007736081
{
  "seed": 1030,
  "n_per_z": 10,
  "nz": 100,
  "nd": 100,
  "n_muestras": 50,
  "best_f": 0.4606705927670005,
  "best_cp": [
    1.0,
    0.5409999247517638,
    0.5632357534063315
  ],
  "best_u": [
    0.9980267284282716,
    -0.055023751706961985,
    0.03024956348200222
  ],
  "best_index": 29,
  "n_candidatos": 54
}
