Punto[0.         0.3266553  0.46998321] -> F: 0.10226852505191118
Punto[1.         0.48251961 0.51137157] -> F: 0.3990134332826674
Punto[2.         0.49512421 0.45228808] -> F: 0.16093974298989772
Punto[1.         0.41088976 0.46113565] -> F: 0.3880553560882779
Punto[1.         0.48108702 0.51036685] -> F: 0.40139052491178195
Punto[1.         0.47968307 0.50938223] -> F: 0.40371225983959014
Punto[1.         0.47827912 0.5083976 ] -> F: 0.40591560765501467
Punto[1.         0.47687518 0.50741298] -> F: 0.40812628001656925
Punto[1.         0.47547123 0.50642836] -> F: 0.41034427692425446
Punto[1.         0.47406729 0.50544373] -> F: 0.41256959837806995
Punto[1.         0.47266334 0.50445911] -> F: 0.4148022443780159
Punto[1.         0.4712594  0.50347448] -> F: 0.41704221492409216
Punto[1.         0.46985545 0.50248986] -> F: 0.41928951001629894
Punto[1.         0.46845151 0.50150524] -> F: 0.421544129654636
Punto[1.         0.46704756 0.50052061] -> F: 0.42380607383910346
Punto[1.         0.46564362 0.49953599] -> F: 0.42607534256970153
Punto[1.         0.46423967 0.49855136] -> F: 0.425926025117706
Punto[1.         0.46283573 0.49756674] -> F: 0.4249098701145938
Punto[1.         0.46143178 0.49658212] -> F: 0.42389549732579085
Punto[1.         0.46002784 0.49559749] -> F: 0.42288290675129714
Punto[1.         0.45862389 0.49461287] -> F: 0.4218720983911127
Punto[1.         0.45721995 0.49362824] -> F: 0.42086307224523745
Punto[1.         0.455816   0.49264362] -> F: 0.41985582831367146
Punto[1.         0.45441206 0.49165899] -> F: 0.4188503665964147
Punto[1.         0.45300811 0.49067437] -> F: 0.4178466870934673
Punto[1.         0.45160417 0.48968975] -> F: 0.41684478980482903
Punto[1.         0.45020022 0.48870512] -> F: 0.41584467473050013
Punto[1.         0.44879628 0.4877205 ] -> F: 0.41484634187048036
Punto[1.         0.44739233 0.48673587] -> F: 0.41383855990729224
Punto[1.         0.44598839 0.48575125] -> F: 0.4128306503534206
Punto[1.         0.44458444 0.48476663] -> F: 0.4118245705291706
Punto[1.        0.4431805 0.483782 ] -> F: 0.4108203204345426
Punto[1.         0.44177655 0.48279738] -> F: 0.4098179000695362
Punto[1.         0.44037261 0.48181275] -> F: 0.4088173094341517
Punto[1.         0.43896866 0.48082813] -> F: 0.40781854852838884
Punto[1.         0.43756472 0.4798435 ] -> F: 0.40682161735224787
Punto[1.         0.43616077 0.47885888] -> F: 0.40582651590572866
Punto[1.         0.43475683 0.47787426] -> F: 0.40483324418883115
Punto[1.         0.43335288 0.47688963] -> F: 0.4038418022015554
Punto[1.         0.43194893 0.47590501] -> F: 0.40285218994390154
Punto[1.         0.43054499 0.47492038] -> F: 0.4018577799769947
Punto[1.         0.42914104 0.47393576] -> F: 0.4008584915895464
Punto[1.         0.4277371  0.47295114] -> F: 0.399861082856903
Punto[1.         0.42633315 0.47196651] -> F: 0.3988655537790644
Punto[1.         0.42492921 0.47098189] -> F: 0.3978719043560306
Punto[1.         0.42352526 0.46999726] -> F: 0.3968801345878017
Punto[1.         0.42212132 0.46901264] -> F: 0.39589024447437754
Punto[1.         0.42071737 0.46802802] -> F: 0.3949022766045695
Punto[1.         0.41931343 0.46704339] -> F: 0.3939166782588573
Punto[1.         0.41790948 0.46605877] -> F: 0.3929335688609399
Punto[1.         0.41650554 0.46507414] -> F: 0.3919529484108176
Punto[1.         0.41510159 0.46408952] -> F: 0.39097481690849023
Punto[1.         0.41369765 0.46310489] -> F: 0.38999917435395787
Punto[1.         0.4122937  0.46212027] -> F: 0.3890260207472204
{
  "seed": 5341,
  "n_per_z": 10,
  "nz": 100,
  "nd": 100,
  "n_muestras": 50,
  "best_f": 0.42607534256970153,
  "best_cp": [
    1.0,
    0.46564361850069347,
    0.49953598763838597
  ],
  "best_u": [
    -0.24868988716485485,
    0.9211773269651432,
    0.29930865725415495
  ],
  "best_index": 15,
  "n_candidatos": 54
}
