Punto[0.         0.42664203 0.73215026] -> F: 0.14052644419730384
Punto[1.         0.55523084 0.61628643] -> F: 0.407727468309005
Punto[2.         0.70478947 0.56759372] -> F: 0.07690434875320719
Punto[1.         0.56571575 0.64987199] -> F: 0.3886272719737818
Punto[1.         0.55544053 0.61695814] -> F: 0.4086639085415791
Punto[1.         0.55564604 0.61761642] -> F: 0.4095833767679065
Punto[1.         0.55585154 0.6182747 ] -> F: 0.4105045840472004
Punto[1.         0.55605705 0.61893297] -> F: 0.4114275303794609
Punto[1.         0.55626255 0.61959125] -> F: 0.41235221576468756
Punto[1.         0.55646806 0.62024953] -> F: 0.4132786402028811
Punto[1.         0.55667356 0.6209078 ] -> F: 0.4142042394538455
Punto[1.         0.55687906 0.62156608] -> F: 0.4151025433550148
Punto[1.         0.55708457 0.62222436] -> F: 0.4160024687506629
Punto[1.         0.55729007 0.62288263] -> F: 0.41640528550232686
Punto[1.         0.55749558 0.62354091] -> F: 0.4157085578406252
Punto[1.         0.55770108 0.62419919] -> F: 0.41501279093575455
Punto[1.         0.55790659 0.62485747] -> F: 0.4143179847877146
Punto[1.         0.55811209 0.62551574] -> F: 0.41362413939650533
Punto[1.         0.55831759 0.62617402] -> F: 0.4129312547621269
Punto[1.        0.5585231 0.6268323] -> F: 0.41223933088457926
Punto[1.         0.5587286  0.62749057] -> F: 0.41154836776386217
Punto[1.         0.55893411 0.62814885] -> F: 0.41085836539997606
Punto[1.         0.55913961 0.62880713] -> F: 0.4101693237929206
Punto[1.         0.55934512 0.6294654 ] -> F: 0.40948124294269594
Punto[1.         0.55955062 0.63012368] -> F: 0.4087941228493018
Punto[1.         0.55975613 0.63078196] -> F: 0.4081079635127386
Punto[1.         0.55996163 0.63144023] -> F: 0.40742276493300605
Punto[1.         0.56016713 0.63209851] -> F: 0.4067385271101044
Punto[1.         0.56037264 0.63275679] -> F: 0.4060552500440333
Punto[1.         0.56057814 0.63341507] -> F: 0.40537293373479316
Punto[1.         0.56078365 0.63407334] -> F: 0.4046915781823837
Punto[1.         0.56098915 0.63473162] -> F: 0.4040111833868051
Punto[1.         0.56119466 0.6353899 ] -> F: 0.4033317493480572
Punto[1.         0.56140016 0.63604817] -> F: 0.40265327606613993
Punto[1.         0.56160566 0.63670645] -> F: 0.40197576354105335
Punto[1.         0.56181117 0.63736473] -> F: 0.4012992117727976
Punto[1.         0.56201667 0.638023  ] -> F: 0.40062362076137276
Punto[1.         0.56222218 0.63868128] -> F: 0.39994899050677846
Punto[1.         0.56242768 0.63933956] -> F: 0.39927532100901514
Punto[1.         0.56263319 0.63999784] -> F: 0.39860261226808236
Punto[1.         0.56283869 0.64065611] -> F: 0.3979308642839804
Punto[1.         0.56304419 0.64131439] -> F: 0.3972600770567091
Punto[1.         0.5632497  0.64197267] -> F: 0.3965902505862687
Punto[1.         0.5634552  0.64263094] -> F: 0.3959213848726591
Punto[1.         0.56366071 0.64328922] -> F: 0.39525347991588006
Punto[1.         0.56386621 0.6439475 ] -> F: 0.3945865357159319
Punto[1.         0.56407172 0.64460577] -> F: 0.3939205522728144
Punto[1.         0.56427722 0.64526405] -> F: 0.39325552958652776
Punto[1.         0.56448272 0.64592233] -> F: 0.39259146765707165
Punto[1.         0.56468823 0.6465806 ] -> F: 0.3919283664844465
Punto[1.         0.56489373 0.64723888] -> F: 0.391266226068652
Punto[1.         0.56509924 0.64789716] -> F: 0.39060504640968835
Punto[1.         0.56530474 0.64855544] -> F: 0.3899448275075554
Punto[1.         0.56551025 0.64921371] -> F: 0.3892855693622532
Best centerpoint:  [1.         0.55729007 0.62288263] Best F:  0.41640528550232686 Best u:  [0.99950656 0.01846278 0.02541184] índice:  10
{
  "seed": 5990,
  "n_per_z": 5,
  "nz": 100,
  "nd": 100,
  "n_muestras": 50,
  "best_f": 0.41640528550232686,
  "best_cp": [
    1.0,
    0.5572900731965785,
    0.6228826347581624
  ],
  "best_u": [
    0.9995065603657316,
    0.018462780949435733,
    0.025411837900422944
  ],
  "n_candidatos": 54
}
