Punto[0.         0.54766433 0.38411315] -> F: 0.07869682983998842
Punto[1.         0.51210757 0.42644795] -> F: 0.36037367562942485
Punto[2.         0.53540299 0.46120041] -> F: 0.18726027668259185
Punto[1.         0.54153366 0.42265678] -> F: 0.345932073970459
Punto[1.         0.51269609 0.42637213] -> F: 0.36030481235010053
Punto[1.         0.51327285 0.42629782] -> F: 0.36023733802873836
Punto[1.         0.5138496  0.42622352] -> F: 0.360169875281647
Punto[1.         0.51442635 0.42614921] -> F: 0.3601024241088264
Punto[1.        0.5150031 0.4260749] -> F: 0.36003498451027677
Punto[1.         0.51557985 0.42600059] -> F: 0.3598973530242411
Punto[1.         0.5161566  0.42592629] -> F: 0.3595969296247313
Punto[1.         0.51673335 0.42585198] -> F: 0.3592966976955563
Punto[1.         0.5173101  0.42577767] -> F: 0.3589966572367161
Punto[1.         0.51788686 0.42570337] -> F: 0.3586968082482109
Punto[1.         0.51846361 0.42562906] -> F: 0.35839247152692494
Punto[1.         0.51904036 0.42555475] -> F: 0.3580874640121772
Punto[1.         0.51961711 0.42548045] -> F: 0.35778265512576884
Punto[1.         0.52019386 0.42540614] -> F: 0.3574780448676996
Punto[1.         0.52077061 0.42533183] -> F: 0.3571736332379696
Punto[1.         0.52134736 0.42525752] -> F: 0.3568694202365789
Punto[1.         0.52192412 0.42518322] -> F: 0.3565654058635274
Punto[1.         0.52250087 0.42510891] -> F: 0.3562615901188152
Punto[1.         0.52307762 0.4250346 ] -> F: 0.35595797300244214
Punto[1.         0.52365437 0.4249603 ] -> F: 0.35564927056747975
Punto[1.         0.52423112 0.42488599] -> F: 0.35534045657749935
Punto[1.         0.52480787 0.42481168] -> F: 0.3550318486196837
Punto[1.         0.52538462 0.42473738] -> F: 0.35472344669403266
Punto[1.         0.52596137 0.42466307] -> F: 0.35441525080054653
Punto[1.         0.52653813 0.42458876] -> F: 0.3541072609392249
Punto[1.         0.52711488 0.42451445] -> F: 0.3537994771100681
Punto[1.         0.52769163 0.42444015] -> F: 0.3534918993130759
Punto[1.         0.52826838 0.42436584] -> F: 0.3531842321650898
Punto[1.         0.52884513 0.42429153] -> F: 0.3528713988647517
Punto[1.         0.52942188 0.42421723] -> F: 0.3525587792727124
Punto[1.         0.52999863 0.42414292] -> F: 0.3522463733889716
Punto[1.         0.53057538 0.42406861] -> F: 0.3519341812135295
Punto[1.         0.53115214 0.42399431] -> F: 0.3516222027463861
Punto[1.         0.53172889 0.42392   ] -> F: 0.35131043798754125
Punto[1.         0.53230564 0.42384569] -> F: 0.35099888693699516
Punto[1.         0.53288239 0.42377138] -> F: 0.3506875495947476
Punto[1.         0.53345914 0.42369708] -> F: 0.3503755514330799
Punto[1.         0.53403589 0.42362277] -> F: 0.35005889401288953
Punto[1.         0.53461264 0.42354846] -> F: 0.3497424582789463
Punto[1.         0.5351894  0.42347416] -> F: 0.34942624423125007
Punto[1.         0.53576615 0.42339985] -> F: 0.34911025186980105
Punto[1.         0.5363429  0.42332554] -> F: 0.34879448119459894
Punto[1.         0.53691965 0.42325123] -> F: 0.3484789322056441
Punto[1.         0.5374964  0.42317693] -> F: 0.34816360490293613
Punto[1.         0.53807315 0.42310262] -> F: 0.34784849928647543
Punto[1.         0.5386499  0.42302831] -> F: 0.3475322964797063
Punto[1.         0.53922665 0.42295401] -> F: 0.3472117919798109
Punto[1.         0.53980341 0.4228797 ] -> F: 0.3468915174789386
Punto[1.         0.54038016 0.42280539] -> F: 0.3465714729770891
Punto[1.         0.54095691 0.42273109] -> F: 0.3462516584742626
Best centerpoint:  [1.         0.51210757 0.42644795] Best F:  0.36037367562942485 Best u:  [-0.48175367  0.24448177  0.84151177] índice:  1
{
  "seed": 10418,
  "n_per_z": 5,
  "nz": 100,
  "nd": 100,
  "n_muestras": 50,
  "best_f": 0.36037367562942485,
  "best_cp": [
    1.0,
    0.5121075725402285,
    0.42644795344634606
  ],
  "best_u": [
    -0.48175367410171543,
    0.24448176989500267,
    0.8415117715626472
  ],
  "n_candidatos": 54
}
