Punto[0.         0.49048164 0.54761204] -> F: 0.1555870708588763
Punto[1.         0.49191455 0.47856476] -> F: 0.45120121395617646
Punto[2.         0.49290113 0.49617327] -> F: 0.1431240673364239
Punto[1.         0.49169139 0.52189266] -> F: 0.45783137895078585
Punto[1.         0.49191008 0.47943131] -> F: 0.4521551518850446
Punto[1.         0.49190571 0.48028054] -> F: 0.45309037354702597
Punto[1.         0.49190133 0.48112977] -> F: 0.4540259540391656
Punto[1.         0.49189696 0.48197899] -> F: 0.4549323565604613
Punto[1.         0.49189259 0.48282822] -> F: 0.45583355387149654
Punto[1.         0.49188821 0.48367745] -> F: 0.45673588843493845
Punto[1.         0.49188384 0.48452667] -> F: 0.457639360250787
Punto[1.         0.49187946 0.4853759 ] -> F: 0.4585439693190422
Punto[1.         0.49187509 0.48622513] -> F: 0.45944971563970427
Punto[1.         0.49187072 0.48707435] -> F: 0.46035659921277294
Punto[1.         0.49186634 0.48792358] -> F: 0.4612646200382484
Punto[1.         0.49186197 0.48877281] -> F: 0.4621737781161305
Punto[1.         0.4918576  0.48962204] -> F: 0.4630840734464194
Punto[1.         0.49185322 0.49047126] -> F: 0.46399550602911505
Punto[1.         0.49184885 0.49132049] -> F: 0.46490807586421723
Punto[1.         0.49184447 0.49216972] -> F: 0.46582178295172616
Punto[1.         0.4918401  0.49301894] -> F: 0.46673662729164184
Punto[1.         0.49183573 0.49386817] -> F: 0.4676526088839644
Punto[1.         0.49183135 0.4947174 ] -> F: 0.46856972772869354
Punto[1.         0.49182698 0.49556662] -> F: 0.46948798382582946
Punto[1.         0.4918226  0.49641585] -> F: 0.47040737717537195
Punto[1.         0.49181823 0.49726508] -> F: 0.4713279077773212
Punto[1.         0.49181386 0.4981143 ] -> F: 0.47224957563167724
Punto[1.         0.49180948 0.49896353] -> F: 0.47317238073843987
Punto[1.         0.49180511 0.49981276] -> F: 0.4740963230976094
Punto[1.         0.49180073 0.50066198] -> F: 0.47502133999873714
Punto[1.         0.49179636 0.50151121] -> F: 0.47500242706825924
Punto[1.         0.49179199 0.50236044] -> F: 0.47437489131076926
Punto[1.         0.49178761 0.50320966] -> F: 0.4737418924981798
Punto[1.         0.49178324 0.50405889] -> F: 0.47310954013013895
Punto[1.         0.49177886 0.50490812] -> F: 0.47247783420664663
Punto[1.         0.49177449 0.50575735] -> F: 0.47184677472770264
Punto[1.         0.49177012 0.50660657] -> F: 0.4712162394008963
Punto[1.         0.49176574 0.5074558 ] -> F: 0.470579550721724
Punto[1.         0.49176137 0.50830503] -> F: 0.469920494142761
Punto[1.         0.491757   0.50915425] -> F: 0.46919713350205433
Punto[1.         0.49175262 0.51000348] -> F: 0.46846832797233723
Punto[1.         0.49174825 0.51085271] -> F: 0.4677401688871687
Punto[1.         0.49174387 0.51170193] -> F: 0.46701265624654836
Punto[1.         0.4917395  0.51255116] -> F: 0.46627990337160896
Punto[1.         0.49173513 0.51340039] -> F: 0.4655375526186293
Punto[1.         0.49173075 0.51424961] -> F: 0.4647959463998425
Punto[1.         0.49172638 0.51509884] -> F: 0.46405508471524787
Punto[1.         0.491722   0.51594807] -> F: 0.4633075616297002
Punto[1.         0.49171763 0.51679729] -> F: 0.4625496216433051
Punto[1.         0.49171326 0.51764652] -> F: 0.4617925617810998
Punto[1.         0.49170888 0.51849575] -> F: 0.46103638204308417
Punto[1.         0.49170451 0.51934497] -> F: 0.46026707723040655
Punto[1.         0.49170013 0.5201942 ] -> F: 0.45949071817624365
Punto[1.         0.49169576 0.52104343] -> F: 0.4586744329798668
{
  "seed": 15563,
  "n_per_z": 10,
  "nz": 100,
  "nd": 100,
  "n_muestras": 50,
  "best_f": 0.47502133999873714,
  "best_cp": [
    1.0,
    0.49180073425254545,
    0.500661984378515
  ],
  "best_u": [
    0.24868988716485485,
    0.1515197886581331,
    -0.9566582951435306
  ],
  "best_index": 29,
  "n_candidatos": 54
}
