Punto[0.         0.29546348 0.39450105] -> F: 0.10810861075631671
Punto[1.         0.40912883 0.4445004 ] -> F: 0.3790453451974065
Punto[2.         0.38040307 0.42951946] -> F: 0.12304242009522558
Punto[1.         0.33793327 0.41201025] -> F: 0.38950488673485956
Punto[1.         0.40770492 0.44385059] -> F: 0.38012953209223366
Punto[1.         0.40630949 0.44321379] -> F: 0.38122173252460484
Punto[1.         0.40491405 0.44257698] -> F: 0.3823433302599378
Punto[1.         0.40351862 0.44194017] -> F: 0.3834943252982324
Punto[1.         0.40212319 0.44130337] -> F: 0.38467471763948846
Punto[1.         0.40072776 0.44066656] -> F: 0.3858845072837062
Punto[1.         0.39933232 0.44002975] -> F: 0.3871236942308854
Punto[1.         0.39793689 0.43939295] -> F: 0.38839016979469676
Punto[1.         0.39654146 0.43875614] -> F: 0.38966275056187655
Punto[1.         0.39514602 0.43811933] -> F: 0.39093595773080875
Punto[1.         0.39375059 0.43748253] -> F: 0.39220979130149225
Punto[1.         0.39235516 0.43684572] -> F: 0.393484251273928
Punto[1.         0.39095972 0.43620891] -> F: 0.39475933764811527
Punto[1.         0.38956429 0.43557211] -> F: 0.3960350504240545
Punto[1.         0.38816886 0.4349353 ] -> F: 0.3973113896017456
Punto[1.         0.38677343 0.43429849] -> F: 0.3985883551811888
Punto[1.         0.38537799 0.43366169] -> F: 0.39986594716238344
Punto[1.         0.38398256 0.43302488] -> F: 0.4011441655453299
Punto[1.         0.38258713 0.43238807] -> F: 0.4024230103300284
Punto[1.         0.38119169 0.43175127] -> F: 0.40370248151647886
Punto[1.         0.37979626 0.43111446] -> F: 0.40489093208692967
Punto[1.         0.37840083 0.43047765] -> F: 0.4060668282322372
Punto[1.         0.3770054  0.42984084] -> F: 0.4072432495079266
Punto[1.         0.37560996 0.42920404] -> F: 0.4084201959139985
Punto[1.         0.37421453 0.42856723] -> F: 0.40959766745045223
Punto[1.         0.3728191  0.42793042] -> F: 0.4107756641172884
Punto[1.         0.37142366 0.42729362] -> F: 0.41195418591450644
Punto[1.         0.37002823 0.42665681] -> F: 0.41313323284210696
Punto[1.        0.3686328 0.42602  ] -> F: 0.41418259771771937
Punto[1.         0.36723737 0.4253832 ] -> F: 0.41518068677272635
Punto[1.         0.36584193 0.42474639] -> F: 0.41618408244179844
Punto[1.         0.3644465  0.42410958] -> F: 0.4171927847249358
Punto[1.         0.36305107 0.42347278] -> F: 0.4182067936221385
Punto[1.         0.36165563 0.42283597] -> F: 0.4192261091334064
Punto[1.         0.3602602  0.42219916] -> F: 0.42025073125873935
Punto[1.         0.35886477 0.42156236] -> F: 0.42128065999813796
Punto[1.         0.35746933 0.42092555] -> F: 0.4200066893502445
Punto[1.         0.3560739  0.42028874] -> F: 0.4178744319302017
Punto[1.         0.35467847 0.41965194] -> F: 0.4156766117775762
Punto[1.         0.35328304 0.41901513] -> F: 0.41345394863511514
Punto[1.         0.3518876  0.41837832] -> F: 0.41123886477548466
Punto[1.         0.35049217 0.41774152] -> F: 0.40903136019868463
Punto[1.         0.34909674 0.41710471] -> F: 0.40683143490471524
Punto[1.        0.3477013 0.4164679] -> F: 0.4046390888935764
Punto[1.         0.34630587 0.4158311 ] -> F: 0.402454322165268
Punto[1.         0.34491044 0.41519429] -> F: 0.4002771347197902
Punto[1.         0.34351501 0.41455748] -> F: 0.398107526557143
Punto[1.         0.34211957 0.41392068] -> F: 0.39594549767732623
Punto[1.         0.34072414 0.41328387] -> F: 0.39379104808034027
Punto[1.         0.33932871 0.41264706] -> F: 0.39164417776618465
Best centerpoint:  [1.         0.35886477 0.42156236] Best F:  0.42128065999813796 Best u:  [-0.12533323 -0.12434494  0.98429158] índice:  36
{
  "seed": 8152,
  "n_per_z": 5,
  "nz": 100,
  "nd": 100,
  "n_muestras": 50,
  "best_f": 0.42128065999813796,
  "best_cp": [
    1.0,
    0.358864767465926,
    0.421562356657036
  ],
  "best_u": [
    -0.12533323356430415,
    -0.1243449435824273,
    0.9842915805643156
  ],
  "n_candidatos": 54
}
