Punto[0.         0.37454247 0.49560554] -> F: 0.16166814822492923
Punto[1.         0.49580654 0.53150521] -> F: 0.384414890915562
Punto[2.         0.51134723 0.62325253] -> F: 0.09095335232016341
Punto[1.         0.44294485 0.55942904] -> F: 0.3790402387074379
Punto[1.         0.49474931 0.53206369] -> F: 0.38608105691197103
Punto[1.         0.49371322 0.53261099] -> F: 0.3877334807961201
Punto[1.         0.49267713 0.5331583 ] -> F: 0.38940528809796066
Punto[1.         0.49164104 0.53370561] -> F: 0.391096478817493
Punto[1.         0.49060495 0.53425291] -> F: 0.392807052954717
Punto[1.         0.48956886 0.53480022] -> F: 0.39425204994894947
Punto[1.         0.48853277 0.53534753] -> F: 0.39546141094207626
Punto[1.         0.48749669 0.53589483] -> F: 0.3966393665654748
Punto[1.         0.4864606  0.53644214] -> F: 0.3978360660417875
Punto[1.         0.48542451 0.53698945] -> F: 0.39905150937101425
Punto[1.         0.48438842 0.53753676] -> F: 0.4002195060699067
Punto[1.         0.48335233 0.53808406] -> F: 0.40138652931572344
Punto[1.         0.48231624 0.53863137] -> F: 0.4025834567219246
Punto[1.         0.48128015 0.53917868] -> F: 0.4038102882885106
Punto[1.         0.48024406 0.53972598] -> F: 0.4049073160412198
Punto[1.         0.47920797 0.54027329] -> F: 0.40516282698271033
Punto[1.         0.47817188 0.5408206 ] -> F: 0.40443079209832516
Punto[1.         0.47713579 0.5413679 ] -> F: 0.40369902727436546
Punto[1.         0.4760997  0.54191521] -> F: 0.4029675325108311
Punto[1.         0.47506361 0.54246252] -> F: 0.402236307807722
Punto[1.         0.47402753 0.54300983] -> F: 0.40149997610369664
Punto[1.         0.47299144 0.54355713] -> F: 0.40076380992302735
Punto[1.         0.47195535 0.54410444] -> F: 0.4000279178722225
Punto[1.         0.47091926 0.54465175] -> F: 0.3992922999512822
Punto[1.         0.46988317 0.54519905] -> F: 0.39855283415338716
Punto[1.         0.46884708 0.54574636] -> F: 0.39781231877440737
Punto[1.         0.46781099 0.54629367] -> F: 0.39707208160401825
Punto[1.         0.4667749  0.54684097] -> F: 0.3963321226422193
Punto[1.         0.46573881 0.54738828] -> F: 0.39558935052529454
Punto[1.         0.46470272 0.54793559] -> F: 0.394844527136498
Punto[1.         0.46366663 0.5484829 ] -> F: 0.39409998605222063
Punto[1.         0.46263054 0.5490302 ] -> F: 0.3933557272724623
Punto[1.         0.46159446 0.54957751] -> F: 0.3926095216540077
Punto[1.         0.46055837 0.55012482] -> F: 0.39186042067552573
Punto[1.         0.45952228 0.55067212] -> F: 0.39111160612274926
Punto[1.         0.45848619 0.55121943] -> F: 0.39036307799567815
Punto[1.         0.4574501  0.55176674] -> F: 0.38961335297503336
Punto[1.         0.45641401 0.55231404] -> F: 0.3888599941726703
Punto[1.         0.45537792 0.55286135] -> F: 0.38810692595071383
Punto[1.         0.45434183 0.55340866] -> F: 0.38735414830916415
Punto[1.         0.45330574 0.55395597] -> F: 0.3866008568256429
Punto[1.         0.45226965 0.55450327] -> F: 0.38584324933875447
Punto[1.         0.45123356 0.55505058] -> F: 0.38508593662901525
Punto[1.         0.45019747 0.55559789] -> F: 0.3843289186964252
Punto[1.         0.44916139 0.55614519] -> F: 0.3835721955409845
Punto[1.        0.4481253 0.5566925] -> F: 0.38281576716269283
Punto[1.         0.44708921 0.55723981] -> F: 0.3820596335615504
Punto[1.         0.44605312 0.55778711] -> F: 0.3813037947375573
Punto[1.         0.44501703 0.55833442] -> F: 0.3805483588541054
Punto[1.         0.44398094 0.55888173] -> F: 0.37979381985590815
Best centerpoint:  [1.         0.47920797 0.54027329] Best F:  0.40516282698271033 Best u:  [ 0.99950656 -0.02077231  0.02356156] índice:  16
{
  "seed": 2111,
  "n_per_z": 5,
  "nz": 100,
  "nd": 100,
  "n_muestras": 50,
  "best_f": 0.40516282698271033,
  "best_cp": [
    1.0,
    0.47920797163167883,
    0.5402732909309897
  ],
  "best_u": [
    0.9995065603657316,
    -0.020772307677188847,
    0.023561558089999487
  ],
  "n_candidatos": 54
}
