Punto[0.         0.59597574 0.21805138] -> F: 0.06964620794447436
Punto[1.         0.55190387 0.37394366] -> F: 0.2846249945113243
Punto[2.         0.59468584 0.27997239] -> F: 0.12752058255573787
Punto[1.         0.59533079 0.24901189] -> F: 0.29025558507793287
Punto[1.         0.55277241 0.37144502] -> F: 0.28894297980721884
Punto[1.         0.55362358 0.36899636] -> F: 0.2927486741397848
Punto[1.         0.55447474 0.36654769] -> F: 0.29654035405151913
Punto[1.         0.55532591 0.36409903] -> F: 0.30036529396666134
Punto[1.         0.55617708 0.36165037] -> F: 0.3047184901215472
Punto[1.         0.55702825 0.35920171] -> F: 0.30983197839697774
Punto[1.         0.55787941 0.35675304] -> F: 0.31570575879295265
Punto[1.         0.55873058 0.35430438] -> F: 0.32214592594803004
Punto[1.         0.55958175 0.35185572] -> F: 0.3292375535143391
Punto[1.         0.56043292 0.34940706] -> F: 0.33541932908935324
Punto[1.         0.56128409 0.34695839] -> F: 0.3395851214452566
Punto[1.         0.56213525 0.34450973] -> F: 0.3439251959321611
Punto[1.         0.56298642 0.34206107] -> F: 0.3485220932470302
Punto[1.         0.56383759 0.33961241] -> F: 0.3527805515128094
Punto[1.         0.56468876 0.33716374] -> F: 0.3569946178495641
Punto[1.         0.56553992 0.33471508] -> F: 0.36122658847136685
Punto[1.         0.56639109 0.33226642] -> F: 0.3658851033663851
Punto[1.         0.56724226 0.32981775] -> F: 0.37130391038194765
Punto[1.         0.56809343 0.32736909] -> F: 0.3774830095180546
Punto[1.         0.56894459 0.32492043] -> F: 0.38345320829219465
Punto[1.         0.56979576 0.32247177] -> F: 0.3809877324670892
Punto[1.         0.57064693 0.3200231 ] -> F: 0.3784760770168795
Punto[1.         0.5714981  0.31757444] -> F: 0.37591814492362524
Punto[1.         0.57234927 0.31512578] -> F: 0.37331379529554276
Punto[1.         0.57320043 0.31267712] -> F: 0.3706559515663071
Punto[1.         0.5740516  0.31022845] -> F: 0.36792223163930876
Punto[1.         0.57490277 0.30777979] -> F: 0.36509387035688795
Punto[1.         0.57575394 0.30533113] -> F: 0.3621694994822152
Punto[1.         0.5766051  0.30288247] -> F: 0.35915145532414516
Punto[1.         0.57745627 0.3004338 ] -> F: 0.3560389508893835
Punto[1.         0.57830744 0.29798514] -> F: 0.35283218990080983
Punto[1.         0.57915861 0.29553648] -> F: 0.34957081056734135
Punto[1.         0.58000977 0.29308781] -> F: 0.3463108735090355
Punto[1.         0.58086094 0.29063915] -> F: 0.34305309108863663
Punto[1.         0.58171211 0.28819049] -> F: 0.3398126759877925
Punto[1.         0.58256328 0.28574183] -> F: 0.3365957650920307
Punto[1.         0.58341445 0.28329316] -> F: 0.3334023584013513
Punto[1.         0.58426561 0.2808445 ] -> F: 0.3302324559157541
Punto[1.         0.58511678 0.27839584] -> F: 0.3270860576352392
Punto[1.         0.58596795 0.27594718] -> F: 0.32396316355980664
Punto[1.         0.58681912 0.27349851] -> F: 0.3208637736894564
Punto[1.         0.58767028 0.27104985] -> F: 0.31777750257754495
Punto[1.         0.58852145 0.26860119] -> F: 0.3146789658270065
Punto[1.         0.58937262 0.26615252] -> F: 0.3116046535743934
Punto[1.         0.59022379 0.26370386] -> F: 0.3085545658197055
Punto[1.         0.59107495 0.2612552 ] -> F: 0.30552870256294284
Punto[1.         0.59192612 0.25880654] -> F: 0.30252706380410566
Punto[1.         0.59277729 0.25635787] -> F: 0.2995496495431936
Punto[1.         0.59362846 0.25390921] -> F: 0.2965964597802069
Punto[1.         0.59447963 0.25146055] -> F: 0.293525770038778
Best centerpoint:  [1.         0.56894459 0.32492043] Best F:  0.38345320829219465 Best u:  [-0.99950656  0.02221076 -0.02221076] índice:  20
{
  "seed": 16036,
  "n_per_z": 5,
  "nz": 100,
  "nd": 100,
  "n_muestras": 50,
  "best_f": 0.38345320829219465,
  "best_cp": [
    1.0,
    0.568944594320327,
    0.3249204292149145
  ],
  "best_u": [
    -0.9995065603657316,
    0.02221076074636142,
    -0.022210760746361424
  ],
  "n_candidatos": 54
}
