Punto[0.         0.37313163 0.61342058] -> F: 0.1065144862513452
Punto[1.         0.46884849 0.51917331] -> F: 0.40610080137800264
Punto[2.         0.44039042 0.51163901] -> F: 0.16982636254093403
Punto[1.         0.40676103 0.56252979] -> F: 0.37858511252998545
Punto[1.         0.46760674 0.52004044] -> F: 0.4085883326107432
Punto[1.         0.46638983 0.52089023] -> F: 0.4110122531151331
Punto[1.         0.46517291 0.52174002] -> F: 0.4134274084486301
Punto[1.         0.463956   0.52258981] -> F: 0.41577248812502265
Punto[1.         0.46273908 0.52343959] -> F: 0.4181103751084313
Punto[1.         0.46152217 0.52428938] -> F: 0.4197398694698285
Punto[1.         0.46030525 0.52513917] -> F: 0.4188282801712756
Punto[1.         0.45908834 0.52598895] -> F: 0.41791816942210525
Punto[1.         0.45787143 0.52683874] -> F: 0.41700953722231776
Punto[1.         0.45665451 0.52768853] -> F: 0.4161023835719132
Punto[1.         0.4554376  0.52853831] -> F: 0.41519670847089113
Punto[1.         0.45422068 0.5293881 ] -> F: 0.41429251191925215
Punto[1.         0.45300377 0.53023789] -> F: 0.4133897939169959
Punto[1.         0.45178685 0.53108768] -> F: 0.41247961647502807
Punto[1.         0.45056994 0.53193746] -> F: 0.4115626608744589
Punto[1.         0.44935303 0.53278725] -> F: 0.4106472409726793
Punto[1.         0.44813611 0.53363704] -> F: 0.4097333567696892
Punto[1.         0.4469192  0.53448682] -> F: 0.40882100826548845
Punto[1.         0.44570228 0.53533661] -> F: 0.4079101954600772
Punto[1.         0.44448537 0.5361864 ] -> F: 0.4070009183534554
Punto[1.         0.44326845 0.53703618] -> F: 0.4060931769456232
Punto[1.         0.44205154 0.53788597] -> F: 0.4051869712365804
Punto[1.         0.44083463 0.53873576] -> F: 0.4042792942786543
Punto[1.         0.43961771 0.53958555] -> F: 0.4033586614412858
Punto[1.         0.4384008  0.54043533] -> F: 0.40243962445924886
Punto[1.         0.43718388 0.54128512] -> F: 0.40152218333254364
Punto[1.         0.43596697 0.54213491] -> F: 0.4006063380611701
Punto[1.         0.43475005 0.54298469] -> F: 0.3996920886451282
Punto[1.         0.43353314 0.54383448] -> F: 0.398779435084418
Punto[1.         0.43231623 0.54468427] -> F: 0.39786837737903935
Punto[1.         0.43109931 0.54553405] -> F: 0.39695891552899243
Punto[1.         0.4298824  0.54638384] -> F: 0.39605104953427717
Punto[1.         0.42866548 0.54723363] -> F: 0.39512774207982904
Punto[1.         0.42744857 0.54808342] -> F: 0.39420528150411593
Punto[1.         0.42623165 0.5489332 ] -> F: 0.3932844803188646
Punto[1.         0.42501474 0.54978299] -> F: 0.3923653385240751
Punto[1.         0.42379783 0.55063278] -> F: 0.3914478561197474
Punto[1.         0.42258091 0.55148256] -> F: 0.3905320331058814
Punto[1.         0.421364   0.55233235] -> F: 0.38961786948247723
Punto[1.         0.42014708 0.55318214] -> F: 0.38870536524953486
Punto[1.         0.41893017 0.55403192] -> F: 0.3877945204070542
Punto[1.         0.41771325 0.55488171] -> F: 0.38686987662773403
Punto[1.         0.41649634 0.5557315 ] -> F: 0.38594416467521747
Punto[1.         0.41527943 0.55658129] -> F: 0.3850201794553589
Punto[1.         0.41406251 0.55743107] -> F: 0.3840979209681583
Punto[1.         0.4128456  0.55828086] -> F: 0.3831773892136159
Punto[1.         0.41162868 0.55913065] -> F: 0.38225858419173153
Punto[1.         0.41041177 0.55998043] -> F: 0.3813415059025051
Punto[1.         0.40919485 0.56083022] -> F: 0.38042615434593696
Punto[1.         0.40797794 0.56168001] -> F: 0.3795125295220268
{
  "seed": 1511,
  "n_per_z": 10,
  "nz": 100,
  "nd": 100,
  "n_muestras": 50,
  "best_f": 0.4197398694698285,
  "best_cp": [
    1.0,
    0.4615221685838774,
    0.5242893793331347
  ],
  "best_u": [
    -0.4257792915650727,
    -0.5085882460220873,
    0.7483648781727543
  ],
  "best_index": 9,
  "n_candidatos": 54
}
