Punto[0.         0.55928417 0.37376127] -> F: 0.13873628427148826
Punto[1.         0.53323033 0.51086756] -> F: 0.40614443360822994
Punto[2.         0.45929804 0.74086483] -> F: 0.13166669689266014
Punto[1.         0.5092911  0.55731305] -> F: 0.4482959980696122
Punto[1.         0.53275155 0.51179647] -> F: 0.40817022065352754
Punto[1.         0.53228234 0.5127068 ] -> F: 0.4101595664996547
Punto[1.         0.53181313 0.51361714] -> F: 0.41215294573053074
Punto[1.         0.53134392 0.51452747] -> F: 0.4141503363300218
Punto[1.         0.53087471 0.5154378 ] -> F: 0.4161513517432505
Punto[1.         0.5304055  0.51634813] -> F: 0.41815585059325944
Punto[1.         0.52993629 0.51725846] -> F: 0.4201638328800483
Punto[1.         0.52946708 0.51816879] -> F: 0.4221752986036175
Punto[1.         0.52899788 0.51907913] -> F: 0.4241902477639667
Punto[1.         0.52852867 0.51998946] -> F: 0.4261954966679423
Punto[1.         0.52805946 0.52089979] -> F: 0.4281835910651143
Punto[1.         0.52759025 0.52181012] -> F: 0.43017514298020143
Punto[1.         0.52712104 0.52272045] -> F: 0.4321701524132042
Punto[1.         0.52665183 0.52363078] -> F: 0.4341686193641226
Punto[1.         0.52618262 0.52454111] -> F: 0.4361705438329554
Punto[1.         0.52571341 0.52545145] -> F: 0.4381759258197044
Punto[1.         0.5252442  0.52636178] -> F: 0.4401847653243686
Punto[1.         0.524775   0.52727211] -> F: 0.44219706234694833
Punto[1.         0.52430579 0.52818244] -> F: 0.4442128168874434
Punto[1.         0.52383658 0.52909277] -> F: 0.4462320289458535
Punto[1.         0.52336737 0.5300031 ] -> F: 0.4482546985221789
Punto[1.         0.52289816 0.53091344] -> F: 0.4502808256164203
Punto[1.         0.52242895 0.53182377] -> F: 0.45231041022857676
Punto[1.         0.52195974 0.5327341 ] -> F: 0.4543434523586487
Punto[1.         0.52149053 0.53364443] -> F: 0.4562718504065772
Punto[1.         0.52102132 0.53455476] -> F: 0.4581646960797879
Punto[1.         0.52055212 0.53546509] -> F: 0.4600513715444393
Punto[1.         0.52008291 0.53637543] -> F: 0.4619415087754347
Punto[1.         0.5196137  0.53728576] -> F: 0.46383510777277454
Punto[1.         0.51914449 0.53819609] -> F: 0.46558668075497367
Punto[1.         0.51867528 0.53910642] -> F: 0.46493573660444976
Punto[1.         0.51820607 0.54001675] -> F: 0.46428930602671115
Punto[1.         0.51773686 0.54092708] -> F: 0.46364738902175767
Punto[1.         0.51726765 0.54183741] -> F: 0.46300998558958917
Punto[1.         0.51679845 0.54274775] -> F: 0.4623770957302059
Punto[1.         0.51632924 0.54365808] -> F: 0.4617487194436078
Punto[1.         0.51586003 0.54456841] -> F: 0.4611248567297944
Punto[1.         0.51539082 0.54547874] -> F: 0.4605055075887667
Punto[1.         0.51492161 0.54638907] -> F: 0.45989067202052347
Punto[1.        0.5144524 0.5472994] -> F: 0.45928035002506584
Punto[1.         0.51398319 0.54820974] -> F: 0.45867454160239335
Punto[1.         0.51351398 0.54912007] -> F: 0.45807324675250577
Punto[1.         0.51304477 0.5500304 ] -> F: 0.4574764654754032
Punto[1.         0.51257557 0.55094073] -> F: 0.456884197771086
Punto[1.         0.51210636 0.55185106] -> F: 0.45621317575886505
Punto[1.         0.51163715 0.55276139] -> F: 0.45529921607832924
Punto[1.         0.51116794 0.55367173] -> F: 0.45395113267147036
Punto[1.         0.51069873 0.55458206] -> F: 0.45261352952414846
Punto[1.         0.51022952 0.55549239] -> F: 0.45124833708285417
Punto[1.         0.50976031 0.55640272] -> F: 0.44976187992252625
Best centerpoint:  [1.         0.51914449 0.53819609] Best F:  0.46558668075497367 Best u:  [0.06279052 0.7486309  0.66000692] índice:  30
{
  "seed": 4960,
  "n_per_z": 5,
  "nz": 100,
  "nd": 100,
  "n_muestras": 50,
  "best_f": 0.46558668075497367,
  "best_cp": [
    1.0,
    0.5191444895565076,
    0.538196088556576
  ],
  "best_u": [
    0.06279051952931353,
    0.748630896781119,
    0.6600069174197619
  ],
  "n_candidatos": 54
}
