Punto[0.         0.69650438 0.61160301] -> F: 0.08609402808496064
Punto[1.         0.44604699 0.54811283] -> F: 0.3067444963804393
Punto[2.         0.55823038 0.61866307] -> F: 0.10852409869208045
Punto[1.         0.62736738 0.61513304] -> F: 0.3225472845908904
Punto[1.         0.44967339 0.54945323] -> F: 0.31093358195918214
Punto[1.         0.45322727 0.55076683] -> F: 0.31498406791860545
Punto[1.         0.45678115 0.55208043] -> F: 0.3191869200650269
Punto[1.         0.46033503 0.55339402] -> F: 0.3234024517303277
Punto[1.         0.46388891 0.55470762] -> F: 0.32763570934432895
Punto[1.         0.46744279 0.55602122] -> F: 0.33382248758322614
Punto[1.         0.47099667 0.55733481] -> F: 0.3400312712523147
Punto[1.         0.47455055 0.55864841] -> F: 0.3464144880592794
Punto[1.         0.47810443 0.559962  ] -> F: 0.35283575342484086
Punto[1.         0.48165831 0.5612756 ] -> F: 0.3590086957658073
Punto[1.         0.48521219 0.5625892 ] -> F: 0.36357417516146023
Punto[1.         0.48876607 0.56390279] -> F: 0.36819240056478236
Punto[1.         0.49231995 0.56521639] -> F: 0.37301903960299443
Punto[1.         0.49587383 0.56652998] -> F: 0.37798843031905416
Punto[1.         0.49942771 0.56784358] -> F: 0.38466984916469765
Punto[1.         0.50298159 0.56915718] -> F: 0.39149293214154696
Punto[1.         0.50653547 0.57047077] -> F: 0.3980949555379292
Punto[1.         0.51008935 0.57178437] -> F: 0.4048482130562579
Punto[1.         0.51364323 0.57309796] -> F: 0.4091681439326598
Punto[1.         0.51719711 0.57441156] -> F: 0.40633061575779594
Punto[1.         0.52075099 0.57572516] -> F: 0.4034964587043718
Punto[1.         0.52430487 0.57703875] -> F: 0.4006682792799883
Punto[1.         0.52785875 0.57835235] -> F: 0.3978540848360564
Punto[1.         0.53141263 0.57966595] -> F: 0.3950455067180285
Punto[1.         0.5349665  0.58097954] -> F: 0.39224079004627277
Punto[1.         0.53852038 0.58229314] -> F: 0.3894502455084371
Punto[1.         0.54207426 0.58360673] -> F: 0.38666655098454206
Punto[1.         0.54562814 0.58492033] -> F: 0.3838855902714246
Punto[1.         0.54918202 0.58623393] -> F: 0.38111899574861946
Punto[1.         0.5527359  0.58754752] -> F: 0.3783595776567577
Punto[1.         0.55628978 0.58886112] -> F: 0.3756026484697592
Punto[1.         0.55984366 0.59017471] -> F: 0.37286028720338404
Punto[1.         0.56339754 0.59148831] -> F: 0.3701246137517516
Punto[1.         0.56695142 0.59280191] -> F: 0.36739197292830267
Punto[1.        0.5705053 0.5941155] -> F: 0.3646741102930042
Punto[1.         0.57405918 0.5954291 ] -> F: 0.36196171444035685
Punto[1.         0.57761306 0.59674269] -> F: 0.3592535987401461
Punto[1.         0.58116694 0.59805629] -> F: 0.35656048100424875
Punto[1.         0.58472082 0.59936989] -> F: 0.35387095185880896
Punto[1.         0.5882747  0.60068348] -> F: 0.3511875763047073
Punto[1.         0.59182858 0.60199708] -> F: 0.34851942909832506
Punto[1.         0.59538246 0.60331067] -> F: 0.34585242167296154
Punto[1.         0.59893634 0.60462427] -> F: 0.3431960456350898
Punto[1.         0.60249022 0.60593787] -> F: 0.34055860198690674
Punto[1.         0.6060441  0.60725146] -> F: 0.3379400907284123
Punto[1.         0.60959798 0.60856506] -> F: 0.3353364645540361
Punto[1.         0.61315186 0.60987866] -> F: 0.3327414177585079
Punto[1.         0.61670574 0.61119225] -> F: 0.3301655164594167
Punto[1.         0.62025962 0.61250585] -> F: 0.32760876065676225
Punto[1.         0.6238135  0.61381944] -> F: 0.3250711503505448
Best centerpoint:  [1.         0.51364323 0.57309796] Best F:  0.4091681439326598 Best u:  [-0.4539905   0.81772536  0.35386136] índice:  19
{
  "seed": 15980,
  "n_per_z": 5,
  "nz": 100,
  "nd": 100,
  "n_muestras": 50,
  "best_f": 0.4091681439326598,
  "best_cp": [
    1.0,
    0.5136432270800435,
    0.5730979646429819
  ],
  "best_u": [
    -0.4539904997395467,
    0.8177253590884807,
    0.35386136162323795
  ],
  "n_candidatos": 54
}
