Punto[0.         0.45394454 0.6399806 ] -> F: 0.04986109137955841
Punto[1.         0.50513489 0.5693724 ] -> F: 0.35410024055782413
Punto[2.         0.21150433 0.57683386] -> F: 0.08469290711527158
Punto[1.         0.33272443 0.60840723] -> F: 0.2740478061358924
Punto[1.         0.50168668 0.5701531 ] -> F: 0.3583512657659062
Punto[1.         0.49830743 0.57091818] -> F: 0.3625270623731716
Punto[1.         0.49492819 0.57168327] -> F: 0.36686370864867546
Punto[1.         0.49154894 0.57244835] -> F: 0.3711341380284265
Punto[1.         0.4881697  0.57321343] -> F: 0.37548055747953796
Punto[1.         0.48479045 0.57397851] -> F: 0.3805186397628469
Punto[1.         0.48141121 0.5747436 ] -> F: 0.3848813384817826
Punto[1.         0.47803196 0.57550868] -> F: 0.38923223895108167
Punto[1.         0.47465272 0.57627376] -> F: 0.3936893444588176
Punto[1.         0.47127348 0.57703884] -> F: 0.39808636308900996
Punto[1.         0.46789423 0.57780393] -> F: 0.40258663555113816
Punto[1.         0.46451499 0.57856901] -> F: 0.4071214962254708
Punto[1.         0.46113574 0.57933409] -> F: 0.41164713298443484
Punto[1.         0.4577565  0.58009917] -> F: 0.4110609262310445
Punto[1.         0.45437725 0.58086426] -> F: 0.40822564354417823
Punto[1.         0.45099801 0.58162934] -> F: 0.4053761215144707
Punto[1.         0.44761876 0.58239442] -> F: 0.4025364208930375
Punto[1.         0.44423952 0.5831595 ] -> F: 0.3996823064897965
Punto[1.         0.44086027 0.58392459] -> F: 0.3968205697033121
Punto[1.         0.43748103 0.58468967] -> F: 0.3939689479080315
Punto[1.         0.43410178 0.58545475] -> F: 0.3910935783926933
Punto[1.         0.43072254 0.58621983] -> F: 0.3882212597547576
Punto[1.         0.42734329 0.58698492] -> F: 0.3851727191623811
Punto[1.         0.42396405 0.58775   ] -> F: 0.3820998769099811
Punto[1.         0.4205848  0.58851508] -> F: 0.37902189214139836
Punto[1.         0.41720556 0.58928017] -> F: 0.3759807744938029
Punto[1.         0.41382631 0.59004525] -> F: 0.37293333542810575
Punto[1.         0.41044707 0.59081033] -> F: 0.36971300334028195
Punto[1.         0.40706782 0.59157541] -> F: 0.3661173286291894
Punto[1.         0.40368858 0.5923405 ] -> F: 0.36257438271652054
Punto[1.         0.40030933 0.59310558] -> F: 0.35908412724715033
Punto[1.         0.39693009 0.59387066] -> F: 0.35547354965929456
Punto[1.         0.39355084 0.59463574] -> F: 0.3515012304908315
Punto[1.         0.3901716  0.59540083] -> F: 0.34759914597049724
Punto[1.         0.38679235 0.59616591] -> F: 0.34374961246020946
Punto[1.         0.38341311 0.59693099] -> F: 0.3399495411321262
Punto[1.         0.38003386 0.59769607] -> F: 0.3353668136718875
Punto[1.         0.37665462 0.59846116] -> F: 0.330729084057431
Punto[1.         0.37327537 0.59922624] -> F: 0.3264765497685077
Punto[1.         0.36989613 0.59999132] -> F: 0.3223400411076236
Punto[1.         0.36651688 0.6007564 ] -> F: 0.31831495980758157
Punto[1.         0.36313764 0.60152149] -> F: 0.31432251469360395
Punto[1.         0.35975839 0.60228657] -> F: 0.31037849215256075
Punto[1.         0.35637915 0.60305165] -> F: 0.30652824802425677
Punto[1.         0.3529999  0.60381673] -> F: 0.30180402376728216
Punto[1.         0.34962066 0.60458182] -> F: 0.295968205813618
Punto[1.         0.34624141 0.6053469 ] -> F: 0.290012398509574
Punto[1.         0.34286217 0.60611198] -> F: 0.28602035815866583
Punto[1.         0.33948292 0.60687706] -> F: 0.28190788985815785
Punto[1.         0.33610368 0.60764215] -> F: 0.2779423117865909
Best centerpoint:  [1.         0.46113574 0.57933409] Best F:  0.41164713298443484 Best u:  [ 0.12533323  0.97990012 -0.15520093] índice:  13
{
  "seed": 2140,
  "n_per_z": 5,
  "nz": 100,
  "nd": 100,
  "n_muestras": 50,
  "best_f": 0.41164713298443484,
  "best_cp": [
    1.0,
    0.4611357402391379,
    0.5793340915086391
  ],
  "best_u": [
    0.12533323356430415,
    0.9799001230213373,
    -0.1552009325586789
  ],
  "n_candidatos": 54
}
