Punto[0.         0.46443955 0.46662342] -> F: 0.13431392162410172
Punto[1.         0.51797084 0.48459501] -> F: 0.41603744121659714
Punto[2.         0.5539816  0.55230691] -> F: 0.09400367178577954
Punto[1.         0.50921058 0.50946516] -> F: 0.4276130294131082
Punto[1.         0.51779564 0.48509241] -> F: 0.41658920335908467
Punto[1.         0.51762393 0.48557986] -> F: 0.41713624422233253
Punto[1.         0.51745223 0.48606732] -> F: 0.4176895352717807
Punto[1.         0.51728053 0.48655477] -> F: 0.41821845299777805
Punto[1.         0.51710883 0.48704223] -> F: 0.41873595259797786
Punto[1.         0.51693713 0.48752968] -> F: 0.4192572688520717
Punto[1.         0.51676543 0.48801714] -> F: 0.41978240176005915
Punto[1.         0.51659373 0.48850459] -> F: 0.42031135132194064
Punto[1.         0.51642203 0.48899205] -> F: 0.4208441175377159
Punto[1.         0.51625032 0.48947951] -> F: 0.421380700407385
Punto[1.         0.51607862 0.48996696] -> F: 0.4219210999309479
Punto[1.         0.51590692 0.49045442] -> F: 0.4224653161084046
Punto[1.         0.51573522 0.49094187] -> F: 0.4230003346406344
Punto[1.         0.51556352 0.49142933] -> F: 0.42352940204939565
Punto[1.         0.51539182 0.49191678] -> F: 0.4240617289596426
Punto[1.         0.51522012 0.49240424] -> F: 0.4245973153713757
Punto[1.         0.51504842 0.49289169] -> F: 0.42513616128459436
Punto[1.         0.51487672 0.49337915] -> F: 0.425678266699299
Punto[1.         0.51470501 0.4938666 ] -> F: 0.42622363161548926
Punto[1.         0.51453331 0.49435406] -> F: 0.42677225603316554
Punto[1.         0.51436161 0.49484151] -> F: 0.4273241399523277
Punto[1.         0.51418991 0.49532897] -> F: 0.42787928337297576
Punto[1.         0.51401821 0.49581642] -> F: 0.4284376862951094
Punto[1.         0.51384651 0.49630388] -> F: 0.428999348718729
Punto[1.         0.51367481 0.49679133] -> F: 0.4295642706438344
Punto[1.         0.51350311 0.49727879] -> F: 0.43012669757995853
Punto[1.         0.5133314  0.49776624] -> F: 0.430690732582183
Punto[1.        0.5131597 0.4982537] -> F: 0.4312581550815398
Punto[1.         0.512988   0.49874115] -> F: 0.43182896507802887
Punto[1.         0.5128163  0.49922861] -> F: 0.43240316257165
Punto[1.         0.5126446  0.49971606] -> F: 0.4329807475624033
Punto[1.         0.5124729  0.50020352] -> F: 0.433561720050289
Punto[1.         0.5123012  0.50069097] -> F: 0.43414608003530675
Punto[1.         0.5121295  0.50117843] -> F: 0.4347338275174567
Punto[1.         0.51195779 0.50166588] -> F: 0.4353249624967389
Punto[1.         0.51178609 0.50215334] -> F: 0.43490435557708984
Punto[1.         0.51161439 0.50264079] -> F: 0.4344178717274385
Punto[1.         0.51144269 0.50312825] -> F: 0.433931675740694
Punto[1.         0.51127099 0.5036157 ] -> F: 0.43344576761685605
Punto[1.         0.51109929 0.50410316] -> F: 0.43296014735592475
Punto[1.         0.51092759 0.50459061] -> F: 0.43247481495790013
Punto[1.         0.51075589 0.50507807] -> F: 0.43198977042278214
Punto[1.         0.51058418 0.50556552] -> F: 0.43150501375057093
Punto[1.         0.51041248 0.50605298] -> F: 0.43102054494126657
Punto[1.         0.51024078 0.50654043] -> F: 0.43053635471047774
Punto[1.         0.51006908 0.50702789] -> F: 0.43004838198055534
Punto[1.         0.50989738 0.50751534] -> F: 0.42956070998944407
Punto[1.         0.50972568 0.5080028 ] -> F: 0.4290733387371436
Punto[1.         0.50955398 0.50849025] -> F: 0.4285862682236542
Punto[1.         0.50938228 0.50897771] -> F: 0.4280994984489756
{
  "seed": 12001,
  "n_per_z": 10,
  "nz": 100,
  "nd": 100,
  "n_muestras": 50,
  "best_f": 0.4353249624967389,
  "best_cp": [
    1.0,
    0.5119577944185174,
    0.5016658810880916
  ],
  "best_u": [
    0.27899110603922916,
    0.48882925729313315,
    -0.8265651335286599
  ],
  "best_index": 38,
  "n_candidatos": 54
}
