Punto[0.         0.38909267 0.45629124] -> F: 0.10512218319923497
Punto[1.         0.5172872  0.49097023] -> F: 0.38276753661694773
Punto[2.         0.52974805 0.36786463] -> F: 0.16728169041516613
Punto[1.         0.45942036 0.41207793] -> F: 0.3868357261450539
Punto[1.         0.51612986 0.48939239] -> F: 0.38596843126626906
Punto[1.         0.51499567 0.4878461 ] -> F: 0.3890573532299355
Punto[1.         0.51386148 0.48629981] -> F: 0.3921558088334856
Punto[1.         0.51272729 0.48475352] -> F: 0.3952637980769197
Punto[1.         0.5115931  0.48320723] -> F: 0.3983813209602382
Punto[1.         0.51045891 0.48166094] -> F: 0.4013997740882031
Punto[1.         0.50932472 0.48011465] -> F: 0.40441975928397544
Punto[1.         0.50819053 0.47856836] -> F: 0.4074483258366193
Punto[1.         0.50705634 0.47702207] -> F: 0.4104854737461344
Punto[1.         0.50592215 0.47547578] -> F: 0.4135312030125209
Punto[1.         0.50478796 0.4739295 ] -> F: 0.4165351344433275
Punto[1.         0.50365377 0.47238321] -> F: 0.41949089437544956
Punto[1.         0.50251958 0.47083692] -> F: 0.42243187669912613
Punto[1.         0.50138539 0.46929063] -> F: 0.4253819166994305
Punto[1.         0.5002512  0.46774434] -> F: 0.4282883505205539
Punto[1.         0.49911701 0.46619805] -> F: 0.4299738301534046
Punto[1.         0.49798282 0.46465176] -> F: 0.42880751746620294
Punto[1.         0.49684863 0.46310547] -> F: 0.42762074542504885
Punto[1.         0.49571444 0.46155918] -> F: 0.4264137636987049
Punto[1.         0.49458025 0.46001289] -> F: 0.42518691441861794
Punto[1.         0.49344606 0.45846661] -> F: 0.42393954445050375
Punto[1.         0.49231187 0.45692032] -> F: 0.4226671266956963
Punto[1.         0.49117768 0.45537403] -> F: 0.42139410423258505
Punto[1.         0.49004349 0.45382774] -> F: 0.4201215906274454
Punto[1.         0.4889093  0.45228145] -> F: 0.41885003613151833
Punto[1.         0.48777511 0.45073516] -> F: 0.41758148124790917
Punto[1.         0.48664092 0.44918887] -> F: 0.41631617549812544
Punto[1.         0.48550673 0.44764258] -> F: 0.4150541188821671
Punto[1.         0.48437254 0.44609629] -> F: 0.41379531140003406
Punto[1.         0.48323835 0.44455   ] -> F: 0.41253975305172635
Punto[1.         0.48210416 0.44300371] -> F: 0.411287443837244
Punto[1.         0.48096997 0.44145743] -> F: 0.41003601963742803
Punto[1.         0.47983578 0.43991114] -> F: 0.4087854866768095
Punto[1.         0.47870159 0.43836485] -> F: 0.4075382275919768
Punto[1.         0.4775674  0.43681856] -> F: 0.4062942423829299
Punto[1.         0.47643321 0.43527227] -> F: 0.4050535310496689
Punto[1.         0.47529902 0.43372598] -> F: 0.4038160935921937
Punto[1.         0.47416483 0.43217969] -> F: 0.4025819300105044
Punto[1.         0.47303064 0.4306334 ] -> F: 0.40135104030460095
Punto[1.         0.47189645 0.42908711] -> F: 0.4001234244744831
Punto[1.         0.47076226 0.42754082] -> F: 0.3988990825201513
Punto[1.         0.46962807 0.42599454] -> F: 0.3976780144416054
Punto[1.         0.46849388 0.42444825] -> F: 0.39646022023884514
Punto[1.         0.46735969 0.42290196] -> F: 0.3952456999118708
Punto[1.         0.4662255  0.42135567] -> F: 0.3940344534606824
Punto[1.         0.46509131 0.41980938] -> F: 0.39282648088527966
Punto[1.         0.46395712 0.41826309] -> F: 0.39162178218566274
Punto[1.         0.46282293 0.4167168 ] -> F: 0.3904203573618318
Punto[1.         0.46168874 0.41517051] -> F: 0.38922220641378663
Punto[1.         0.46055455 0.41362422] -> F: 0.3880273293415274
{
  "seed": 5752,
  "n_per_z": 10,
  "nz": 100,
  "nd": 100,
  "n_muestras": 50,
  "best_f": 0.4299738301534046,
  "best_cp": [
    1.0,
    0.49911701299919964,
    0.4661980502871389
  ],
  "best_u": [
    -0.9048270524660196,
    -0.1187886354823392,
    -0.40887316518194133
  ],
  "best_index": 19,
  "n_candidatos": 54
}
