Punto[0.         0.51069182 0.54568947] -> F: 0.13241537344303492
Punto[1.         0.48477272 0.47094896] -> F: 0.3771209348073842
Punto[2.         0.33547275 0.5224863 ] -> F: 0.09825167598259099
Punto[1.         0.42308229 0.53408788] -> F: 0.37304307836506145
Punto[1.         0.48353891 0.47221174] -> F: 0.380690200374893
Punto[1.         0.48232978 0.47344927] -> F: 0.38420513408194135
Punto[1.         0.48112064 0.47468679] -> F: 0.3877369489827995
Punto[1.         0.47991151 0.47592431] -> F: 0.3912856450774673
Punto[1.         0.47870238 0.47716183] -> F: 0.3947512615572779
Punto[1.         0.47749325 0.47839936] -> F: 0.39820209368990456
Punto[1.         0.47628411 0.47963688] -> F: 0.4016705528501028
Punto[1.         0.47507498 0.4808744 ] -> F: 0.4051566390378731
Punto[1.         0.47386585 0.48211193] -> F: 0.408660352253215
Punto[1.         0.47265672 0.48334945] -> F: 0.4121816924961288
Punto[1.         0.47144758 0.48458697] -> F: 0.4157206597666143
Punto[1.         0.47023845 0.48582449] -> F: 0.41927725406467187
Punto[1.         0.46902932 0.48706202] -> F: 0.42285147539030105
Punto[1.         0.46782019 0.48829954] -> F: 0.4264433237435019
Punto[1.         0.46661105 0.48953706] -> F: 0.4289662917828756
Punto[1.         0.46540192 0.49077458] -> F: 0.4275266760842975
Punto[1.         0.46419279 0.49201211] -> F: 0.426078873067671
Punto[1.         0.46298366 0.49324963] -> F: 0.4246288611760613
Punto[1.         0.46177452 0.49448715] -> F: 0.4231808867909757
Punto[1.         0.46056539 0.49572468] -> F: 0.421734949912414
Punto[1.         0.45935626 0.4969622 ] -> F: 0.42029105054037624
Punto[1.         0.45814713 0.49819972] -> F: 0.4188491886748625
Punto[1.         0.45693799 0.49943724] -> F: 0.41740936431587256
Punto[1.         0.45572886 0.50067477] -> F: 0.41597157746340674
Punto[1.         0.45451973 0.50191229] -> F: 0.4145256663971331
Punto[1.         0.4533106  0.50314981] -> F: 0.4130774973379894
Punto[1.         0.45210146 0.50438734] -> F: 0.4116314071557325
Punto[1.         0.45089233 0.50562486] -> F: 0.4101873958503626
Punto[1.         0.4496832  0.50686238] -> F: 0.4087454634218795
Punto[1.         0.44847407 0.5080999 ] -> F: 0.4073056098702833
Punto[1.         0.44726493 0.50933743] -> F: 0.405867835195574
Punto[1.         0.4460558  0.51057495] -> F: 0.4044321393977516
Punto[1.         0.44484667 0.51181247] -> F: 0.4029864125614961
Punto[1.         0.44363754 0.51305   ] -> F: 0.40154032380049254
Punto[1.         0.44242841 0.51428752] -> F: 0.4000963564756622
Punto[1.         0.44121927 0.51552504] -> F: 0.39865451058700513
Punto[1.         0.44001014 0.51676256] -> F: 0.39721478613452127
Punto[1.         0.43880101 0.51800009] -> F: 0.3957771831182109
Punto[1.         0.43759188 0.51923761] -> F: 0.3943417015380736
Punto[1.         0.43638274 0.52047513] -> F: 0.39288290789032726
Punto[1.         0.43517361 0.52171265] -> F: 0.39131070993035694
Punto[1.         0.43396448 0.52295018] -> F: 0.3897456549646669
Punto[1.         0.43275535 0.5241877 ] -> F: 0.388000509625376
Punto[1.         0.43154621 0.52542522] -> F: 0.38626217700481436
Punto[1.         0.43033708 0.52666275] -> F: 0.384558699322689
Punto[1.         0.42912795 0.52790027] -> F: 0.3828900765789994
Punto[1.         0.42791882 0.52913779] -> F: 0.38116250797713264
Punto[1.         0.42670968 0.53037531] -> F: 0.3789118609165389
Punto[1.         0.42550055 0.53161284] -> F: 0.3771994282929618
Punto[1.         0.42429142 0.53285036] -> F: 0.37514451556871165
Best centerpoint:  [1.         0.46661105 0.48953706] Best F:  0.4289662917828756 Best u:  [ 0.77051324 -0.30708135  0.5585789 ] índice:  15
{
  "seed": 15060,
  "n_per_z": 5,
  "nz": 100,
  "nd": 100,
  "n_muestras": 50,
  "best_f": 0.4289662917828756,
  "best_cp": [
    1.0,
    0.466611054109653,
    0.48953706218388465
  ],
  "best_u": [
    0.7705132427757893,
    -0.3070813490220054,
    0.5585789002369879
  ],
  "n_candidatos": 54
}
