Punto[0.         0.47119978 0.5272861 ] -> F: 0.10621690890243028
Punto[1.         0.44540043 0.42813864] -> F: 0.36154745552132844
Punto[2.         0.29131642 0.40236924] -> F: 0.10186042738188003
Punto[1.         0.3812581  0.46482767] -> F: 0.3801949655358543
Punto[1.         0.44411758 0.42887242] -> F: 0.36451426824822547
Punto[1.         0.44286039 0.42959153] -> F: 0.3674412009579177
Punto[1.         0.4416032  0.43031063] -> F: 0.37038739337729315
Punto[1.         0.44034602 0.43102974] -> F: 0.37335284550635206
Punto[1.         0.43908883 0.43174884] -> F: 0.37633755734509433
Punto[1.         0.43783164 0.43246795] -> F: 0.37934152889351974
Punto[1.         0.43657445 0.43318705] -> F: 0.3822621853980271
Punto[1.         0.43531726 0.43390616] -> F: 0.38517884506760475
Punto[1.         0.43406007 0.43462526] -> F: 0.3881140407408282
Punto[1.         0.43280288 0.43534437] -> F: 0.3910677724176973
Punto[1.         0.43154569 0.43606347] -> F: 0.39393998380571
Punto[1.         0.4302885  0.43678258] -> F: 0.3967751828025204
Punto[1.         0.42903131 0.43750168] -> F: 0.3995213360457307
Punto[1.         0.42777412 0.43822079] -> F: 0.40226061308946814
Punto[1.         0.42651693 0.43893989] -> F: 0.4050191498428889
Punto[1.         0.42525974 0.439659  ] -> F: 0.4077969463059929
Punto[1.         0.42400255 0.4403781 ] -> F: 0.41059400247878053
Punto[1.         0.42274536 0.44109721] -> F: 0.4133820402916992
Punto[1.         0.42148817 0.44181631] -> F: 0.4160967190568151
Punto[1.         0.42023098 0.44253542] -> F: 0.41882993382557687
Punto[1.         0.41897379 0.44325452] -> F: 0.4215816845979845
Punto[1.         0.4177166  0.44397363] -> F: 0.4243515985710711
Punto[1.         0.41645941 0.44469273] -> F: 0.4271382334364905
Punto[1.         0.41520222 0.44541184] -> F: 0.42605088154249393
Punto[1.         0.41394503 0.44613094] -> F: 0.4245831860777934
Punto[1.         0.41268784 0.44685005] -> F: 0.42311754527554096
Punto[1.         0.41143065 0.44756915] -> F: 0.42165610826157024
Punto[1.         0.41017346 0.44828826] -> F: 0.4201415337591924
Punto[1.         0.40891627 0.44900736] -> F: 0.41862659682347847
Punto[1.         0.40765908 0.44972647] -> F: 0.4171163988382336
Punto[1.         0.40640189 0.45044557] -> F: 0.41555371851709694
Punto[1.         0.4051447  0.45116468] -> F: 0.4139925954545147
Punto[1.         0.40388751 0.45188378] -> F: 0.41243430656557967
Punto[1.         0.40263032 0.45260289] -> F: 0.4108245084325967
Punto[1.         0.40137314 0.45332199] -> F: 0.4092204593993122
Punto[1.         0.40011595 0.4540411 ] -> F: 0.40761416678793233
Punto[1.         0.39885876 0.4547602 ] -> F: 0.40596443805357046
Punto[1.         0.39760157 0.45547931] -> F: 0.4043213189308809
Punto[1.         0.39634438 0.45619841] -> F: 0.4026723419120112
Punto[1.         0.39508719 0.45691751] -> F: 0.40098922458235525
Punto[1.         0.39383    0.45763662] -> F: 0.39931301893937476
Punto[1.         0.39257281 0.45835572] -> F: 0.39761397473561977
Punto[1.         0.39131562 0.45907483] -> F: 0.39590763790539796
Punto[1.         0.39005843 0.45979393] -> F: 0.3942061886607242
Punto[1.         0.38880124 0.46051304] -> F: 0.39247746767297653
Punto[1.         0.38754405 0.46123214] -> F: 0.3907587104660745
Punto[1.         0.38628686 0.46195125] -> F: 0.3890499170400184
Punto[1.         0.38502967 0.46267035] -> F: 0.3873388998956402
Punto[1.         0.38377248 0.46338946] -> F: 0.38538806312203083
Punto[1.         0.38251529 0.46410856] -> F: 0.3832101838999715
Best centerpoint:  [1.         0.41645941 0.44469273] Best F:  0.4271382334364905 Best u:  [ 0.06279052  0.58662539 -0.80742058] índice:  23
{
  "seed": 13658,
  "n_per_z": 5,
  "nz": 100,
  "nd": 100,
  "n_muestras": 50,
  "best_f": 0.4271382334364905,
  "best_cp": [
    1.0,
    0.4164594113467781,
    0.4446927304817274
  ],
  "best_u": [
    0.0627905195293134,
    0.586625392363843,
    -0.8074205841389022
  ],
  "n_candidatos": 54
}
