Punto[0.         0.49288802 0.42302406] -> F: 0.09514207971466783
Punto[1.         0.45239693 0.56407604] -> F: 0.3586344694906712
Punto[2.         0.45846863 0.47319233] -> F: 0.15562038520788696
Punto[1.         0.47567832 0.4481082 ] -> F: 0.358572276000457
Punto[1.         0.45286256 0.56175668] -> F: 0.3625049133227234
Punto[1.         0.45331887 0.55948371] -> F: 0.366319337375059
Punto[1.         0.45377519 0.55721074] -> F: 0.3701549344728359
Punto[1.         0.4542315  0.55493777] -> F: 0.37401170461605343
Punto[1.         0.45468782 0.5526648 ] -> F: 0.3778896478047117
Punto[1.         0.45514413 0.55039183] -> F: 0.38175755643918174
Punto[1.         0.45560045 0.54811886] -> F: 0.3856027147736712
Punto[1.         0.45605676 0.54584589] -> F: 0.38946904615360156
Punto[1.         0.45651308 0.54357292] -> F: 0.39335655057897284
Punto[1.         0.45696939 0.54129995] -> F: 0.39723369416793
Punto[1.         0.45742571 0.53902698] -> F: 0.40112874516823693
Punto[1.         0.45788203 0.53675401] -> F: 0.40504412930157924
Punto[1.         0.45833834 0.53448105] -> F: 0.40897984656795655
Punto[1.         0.45879466 0.53220808] -> F: 0.412935896967369
Punto[1.         0.45925097 0.52993511] -> F: 0.4169105903786542
Punto[1.         0.45970729 0.52766214] -> F: 0.41576785679895545
Punto[1.         0.4601636  0.52538917] -> F: 0.41423280362242687
Punto[1.         0.46061992 0.5231162 ] -> F: 0.41268757817586305
Punto[1.         0.46107623 0.52084323] -> F: 0.41114191990330795
Punto[1.         0.46153255 0.51857026] -> F: 0.4095758530104381
Punto[1.         0.46198886 0.51629729] -> F: 0.40793110998780185
Punto[1.         0.46244518 0.51402432] -> F: 0.4062908527803728
Punto[1.         0.46290149 0.51175135] -> F: 0.4046550813881507
Punto[1.         0.46335781 0.50947838] -> F: 0.4030237958111358
Punto[1.         0.46381413 0.50720541] -> F: 0.4013891184573149
Punto[1.         0.46427044 0.50493244] -> F: 0.3997473414402936
Punto[1.         0.46472676 0.50265947] -> F: 0.39810665528385164
Punto[1.         0.46518307 0.5003865 ] -> F: 0.3964703864691076
Punto[1.         0.46563939 0.49811353] -> F: 0.3948387328484917
Punto[1.         0.4660957  0.49584056] -> F: 0.39321169442200404
Punto[1.         0.46655202 0.49356759] -> F: 0.3915892711896445
Punto[1.         0.46700833 0.49129462] -> F: 0.3899714631514133
Punto[1.         0.46746465 0.48902165] -> F: 0.38835827030731035
Punto[1.         0.46792096 0.48674868] -> F: 0.38674969265733544
Punto[1.         0.46837728 0.48447571] -> F: 0.3851268371053714
Punto[1.         0.46883359 0.48220274] -> F: 0.38350418558930316
Punto[1.         0.46928991 0.47992977] -> F: 0.38188628526817864
Punto[1.         0.46974623 0.4776568 ] -> F: 0.38027313614199754
Punto[1.         0.47020254 0.47538383] -> F: 0.3786647382107601
Punto[1.         0.47065886 0.47311087] -> F: 0.3770610914744661
Punto[1.         0.47111517 0.4708379 ] -> F: 0.37546219593311575
Punto[1.         0.47157149 0.46856493] -> F: 0.37386805158670894
Punto[1.         0.4720278  0.46629196] -> F: 0.37227865843524566
Punto[1.         0.47248412 0.46401899] -> F: 0.37065537860432207
Punto[1.         0.47294043 0.46174602] -> F: 0.3690323357698903
Punto[1.         0.47339675 0.45947305] -> F: 0.36740728937996964
Punto[1.         0.47385306 0.45720008] -> F: 0.36578023943455995
Punto[1.         0.47430938 0.45492711] -> F: 0.36415118593366125
Punto[1.         0.47476569 0.45265414] -> F: 0.3625201288772736
Punto[1.         0.47522201 0.45038117] -> F: 0.36088706826539707
{
  "seed": 11974,
  "n_per_z": 10,
  "nz": 100,
  "nd": 100,
  "n_muestras": 50,
  "best_f": 0.4169105903786542,
  "best_cp": [
    1.0,
    0.4592509715871058,
    0.529935105846993
  ],
  "best_u": [
    -0.12533323356430415,
    -0.30658030307539835,
    0.9435571515973542
  ],
  "best_index": 18,
  "n_candidatos": 54
}
