Punto[0.         0.49457301 0.57103983] -> F: 0.11276825780531043
Punto[1.         0.43333249 0.57371996] -> F: 0.4563299965905047
Punto[2.         0.39091469 0.55689528] -> F: 0.14113752352378842
Punto[1.         0.44274385 0.56396755] -> F: 0.45535391505408945
Punto[1.         0.43352071 0.57352491] -> F: 0.456315550367435
Punto[1.         0.43370518 0.57333377] -> F: 0.45630139336104397
Punto[1.         0.43388964 0.57314262] -> F: 0.4562872366439193
Punto[1.         0.4340741  0.57295147] -> F: 0.45627308021606067
Punto[1.         0.43425856 0.57276033] -> F: 0.45625892407746804
Punto[1.         0.43444303 0.57256918] -> F: 0.4562447682281411
Punto[1.         0.43462749 0.57237803] -> F: 0.4562306126680802
Punto[1.         0.43481195 0.57218688] -> F: 0.45621645739728545
Punto[1.         0.43499641 0.57199574] -> F: 0.4562023024157569
Punto[1.         0.43518088 0.57180459] -> F: 0.4561881477234943
Punto[1.         0.43536534 0.57161344] -> F: 0.45617399332049763
Punto[1.         0.4355498  0.57142229] -> F: 0.456159839206767
Punto[1.         0.43573427 0.57123115] -> F: 0.45614568538230227
Punto[1.         0.43591873 0.57104   ] -> F: 0.4561315318471036
Punto[1.         0.43610319 0.57084885] -> F: 0.45611737860117096
Punto[1.         0.43628765 0.57065771] -> F: 0.45610322564450445
Punto[1.         0.43647212 0.57046656] -> F: 0.4560890729771039
Punto[1.         0.43665658 0.57027541] -> F: 0.4560749205989692
Punto[1.         0.43684104 0.57008426] -> F: 0.45606076851010063
Punto[1.         0.4370255  0.56989312] -> F: 0.4560466167104982
Punto[1.         0.43720997 0.56970197] -> F: 0.4560324652001615
Punto[1.         0.43739443 0.56951082] -> F: 0.456018313979091
Punto[1.         0.43757889 0.56931967] -> F: 0.4560041630472863
Punto[1.         0.43776336 0.56912853] -> F: 0.45599001240474774
Punto[1.         0.43794782 0.56893738] -> F: 0.45597586205147517
Punto[1.         0.43813228 0.56874623] -> F: 0.45595836705372117
Punto[1.         0.43831674 0.56855509] -> F: 0.4559344928073554
Punto[1.         0.43850121 0.56836394] -> F: 0.4559106191963087
Punto[1.         0.43868567 0.56817279] -> F: 0.4558867462205812
Punto[1.         0.43887013 0.56798164] -> F: 0.45586287388017227
Punto[1.         0.43905459 0.5677905 ] -> F: 0.4558390021750825
Punto[1.         0.43923906 0.56759935] -> F: 0.4558151311053119
Punto[1.         0.43942352 0.5674082 ] -> F: 0.45579126067086023
Punto[1.         0.43960798 0.56721706] -> F: 0.45576739087172774
Punto[1.         0.43979245 0.56702591] -> F: 0.45574352170791405
Punto[1.         0.43997691 0.56683476] -> F: 0.45571965317941954
Punto[1.         0.44016137 0.56664361] -> F: 0.45569578528624394
Punto[1.         0.44034583 0.56645247] -> F: 0.45567191802838747
Punto[1.         0.4405303  0.56626132] -> F: 0.4556480514058501
Punto[1.         0.44071476 0.56607017] -> F: 0.4556241854186316
Punto[1.         0.44089922 0.56587902] -> F: 0.45560032006673196
Punto[1.         0.44108368 0.56568788] -> F: 0.4555764553501517
Punto[1.         0.44126815 0.56549673] -> F: 0.45555259126889025
Punto[1.         0.44145261 0.56530558] -> F: 0.4555287278229479
Punto[1.         0.44163707 0.56511444] -> F: 0.4555048650123246
Punto[1.         0.44182154 0.56492329] -> F: 0.4554810028370203
Punto[1.         0.442006   0.56473214] -> F: 0.45545714129703485
Punto[1.         0.44219046 0.56454099] -> F: 0.4554332803923687
Punto[1.         0.44237492 0.56434985] -> F: 0.4554094201230214
Punto[1.         0.44255939 0.5641587 ] -> F: 0.4553855604889932
{
  "seed": 11279,
  "n_per_z": 10,
  "nz": 100,
  "nd": 100,
  "n_muestras": 50,
  "best_f": 0.4563299965905047,
  "best_cp": [
    1.0,
    0.43333248526259915,
    0.5737199622570515
  ],
  "best_u": [
    -0.3090169943749471,
    0.7133980207171763,
    0.6289449588193621
  ],
  "best_index": 1,
  "n_candidatos": 54
}
