Punto[0.         0.60956217 0.48630345] -> F: 0.13325990696173123
Punto[1.         0.51412457 0.4572882 ] -> F: 0.4355537069500106
Punto[2.         0.32717672 0.39398055] -> F: 0.12127856835513788
Punto[1.         0.46836945 0.440142  ] -> F: 0.4425841100125549
Punto[1.         0.51320947 0.45694528] -> F: 0.43697130245245824
Punto[1.         0.51231267 0.45660921] -> F: 0.4383585577005789
Punto[1.         0.51141587 0.45627314] -> F: 0.4397312270485274
Punto[1.         0.51051907 0.45593708] -> F: 0.44110496225042495
Punto[1.         0.50962227 0.45560101] -> F: 0.4424797633062714
Punto[1.         0.50872547 0.45526495] -> F: 0.44385563021606705
Punto[1.         0.50782867 0.45492888] -> F: 0.44523256297981173
Punto[1.         0.50693187 0.45459282] -> F: 0.4466105615975055
Punto[1.         0.50603507 0.45425675] -> F: 0.44798962606914844
Punto[1.         0.50513827 0.45392069] -> F: 0.44936508297059563
Punto[1.         0.50424147 0.45358462] -> F: 0.4507276860116776
Punto[1.         0.50334467 0.45324856] -> F: 0.4520913184024281
Punto[1.         0.50244787 0.45291249] -> F: 0.4534559801428473
Punto[1.         0.50155106 0.45257642] -> F: 0.45482167123293515
Punto[1.         0.50065426 0.45224036] -> F: 0.45618839167269165
Punto[1.         0.49975746 0.45190429] -> F: 0.457556141462117
Punto[1.         0.49886066 0.45156823] -> F: 0.45892492060121076
Punto[1.         0.49796386 0.45123216] -> F: 0.46029083412407173
Punto[1.         0.49706706 0.4508961 ] -> F: 0.46164323063699597
Punto[1.         0.49617026 0.45056003] -> F: 0.4629966215247097
Punto[1.         0.49527346 0.45022397] -> F: 0.4643510067872128
Punto[1.         0.49437666 0.4498879 ] -> F: 0.4657063864245054
Punto[1.         0.49347986 0.44955184] -> F: 0.46706276043658745
Punto[1.         0.49258306 0.44921577] -> F: 0.4678122403459243
Punto[1.         0.49168626 0.4488797 ] -> F: 0.4671863614198165
Punto[1.         0.49078946 0.44854364] -> F: 0.46656116832152306
Punto[1.         0.48989266 0.44820757] -> F: 0.46593666105104387
Punto[1.         0.48899586 0.44787151] -> F: 0.46531283960837916
Punto[1.         0.48809906 0.44753544] -> F: 0.46468970399352877
Punto[1.         0.48720226 0.44719938] -> F: 0.46406725420649264
Punto[1.         0.48630546 0.44686331] -> F: 0.463445490247271
Punto[1.         0.48540866 0.44652725] -> F: 0.46273959327595976
Punto[1.         0.48451186 0.44619118] -> F: 0.4616815651475646
Punto[1.         0.48361505 0.44585512] -> F: 0.46062264219311805
Punto[1.         0.48271825 0.44551905] -> F: 0.4595662349186567
Punto[1.         0.48182145 0.44518299] -> F: 0.45851234332418017
Punto[1.         0.48092465 0.44484692] -> F: 0.45746096740968883
Punto[1.         0.48002785 0.44451085] -> F: 0.45641210717518255
Punto[1.         0.47913105 0.44417479] -> F: 0.4553657626206612
Punto[1.         0.47823425 0.44383872] -> F: 0.45432193374612484
Punto[1.         0.47733745 0.44350266] -> F: 0.4532806205515736
Punto[1.         0.47644065 0.44316659] -> F: 0.45224182303700733
Punto[1.         0.47554385 0.44283053] -> F: 0.451205541202426
Punto[1.         0.47464705 0.44249446] -> F: 0.4501717750478299
Punto[1.         0.47375025 0.4421584 ] -> F: 0.44914052457321874
Punto[1.         0.47285345 0.44182233] -> F: 0.44811178977859256
Punto[1.         0.47195665 0.44148627] -> F: 0.44708557066395144
Punto[1.         0.47105985 0.4411502 ] -> F: 0.44606186722929536
Punto[1.         0.47016305 0.44081413] -> F: 0.44490953651272086
Punto[1.         0.46926625 0.44047807] -> F: 0.44374557068440557
{
  "seed": 16447,
  "n_per_z": 10,
  "nz": 100,
  "nd": 100,
  "n_muestras": 50,
  "best_f": 0.4678122403459243,
  "best_cp": [
    1.0,
    0.4925830597140107,
    0.449215770237062
  ],
  "best_u": [
    0.21814324139654234,
    -0.8400125718582826,
    -0.4967820501518181
  ],
  "best_index": 27,
  "n_candidatos": 54
}
