Punto[0.         0.4505772  0.53346415] -> F: 0.07935775594823413
Punto[1.         0.44722341 0.52095033] -> F: 0.4049678125502806
Punto[2.        0.4930388 0.5525961] -> F: 0.15901569981813882
Punto[1.         0.471808   0.54303013] -> F: 0.3879728503495515
Punto[1.         0.4477151  0.52139192] -> F: 0.4048344332636693
Punto[1.         0.44819696 0.52182469] -> F: 0.4046981578195446
Punto[1.         0.44867882 0.52225745] -> F: 0.4045521987477314
Punto[1.         0.44916068 0.52269022] -> F: 0.4044063081033666
Punto[1.         0.44964253 0.52312298] -> F: 0.40426048588645047
Punto[1.         0.45012439 0.52355574] -> F: 0.40411473209698273
Punto[1.         0.45060625 0.52398851] -> F: 0.4039690467349636
Punto[1.         0.45108811 0.52442127] -> F: 0.40382342980039315
Punto[1.         0.45156997 0.52485404] -> F: 0.4036677001500305
Punto[1.         0.45205182 0.5252868 ] -> F: 0.40350097104447197
Punto[1.         0.45253368 0.52571956] -> F: 0.40331930149976936
Punto[1.         0.45301554 0.52615233] -> F: 0.4031356996354131
Punto[1.         0.4534974  0.52658509] -> F: 0.4029521822903967
Punto[1.         0.45397925 0.52701786] -> F: 0.4027687494647204
Punto[1.         0.45446111 0.52745062] -> F: 0.40258540115838415
Punto[1.         0.45494297 0.52788338] -> F: 0.40240213737138797
Punto[1.         0.45542483 0.52831615] -> F: 0.4022189581037317
Punto[1.         0.45590669 0.52874891] -> F: 0.4020358633554156
Punto[1.         0.45638854 0.52918168] -> F: 0.40185285312643937
Punto[1.         0.4568704  0.52961444] -> F: 0.4016699274168033
Punto[1.         0.45735226 0.5300472 ] -> F: 0.4014870862265072
Punto[1.         0.45783412 0.53047997] -> F: 0.4013043295555509
Punto[1.         0.45831598 0.53091273] -> F: 0.401121657403935
Punto[1.         0.45879783 0.5313455 ] -> F: 0.4008659385260498
Punto[1.         0.45927969 0.53177826] -> F: 0.40038419731876307
Punto[1.         0.45976155 0.53221102] -> F: 0.3999028775871911
Punto[1.         0.46024341 0.53264379] -> F: 0.3994219793313338
Punto[1.         0.46072527 0.53307655] -> F: 0.39894150255119126
Punto[1.         0.46120712 0.53350932] -> F: 0.3984614472467632
Punto[1.         0.46168898 0.53394208] -> F: 0.39798181341804995
Punto[1.         0.46217084 0.53437484] -> F: 0.3975026010650515
Punto[1.         0.4626527  0.53480761] -> F: 0.3970238101877675
Punto[1.         0.46313456 0.53524037] -> F: 0.39654544078619847
Punto[1.         0.46361641 0.53567314] -> F: 0.3960674928603439
Punto[1.         0.46409827 0.5361059 ] -> F: 0.3955899664102041
Punto[1.         0.46458013 0.53653867] -> F: 0.39511286143577895
Punto[1.         0.46506199 0.53697143] -> F: 0.39463617793706846
Punto[1.         0.46554385 0.53740419] -> F: 0.3941599159140728
Punto[1.         0.4660257  0.53783696] -> F: 0.39368407536679173
Punto[1.         0.46650756 0.53826972] -> F: 0.3932086562952254
Punto[1.         0.46698942 0.53870249] -> F: 0.3927336586993737
Punto[1.         0.46747128 0.53913525] -> F: 0.3922577543545708
Punto[1.         0.46795313 0.53956801] -> F: 0.39177994187452714
Punto[1.         0.46843499 0.54000078] -> F: 0.3913025574032438
Punto[1.         0.46891685 0.54043354] -> F: 0.39082560094072083
Punto[1.         0.46939871 0.54086631] -> F: 0.39034907248695827
Punto[1.         0.46988057 0.54129907] -> F: 0.3898729720419562
Punto[1.         0.47036242 0.54173183] -> F: 0.38939729960571445
Punto[1.         0.47084428 0.5421646 ] -> F: 0.38892205517823303
Punto[1.         0.47132614 0.54259736] -> F: 0.38844723875951204
{
  "seed": 2298,
  "n_per_z": 10,
  "nz": 100,
  "nd": 100,
  "n_muestras": 50,
  "best_f": 0.4049678125502806,
  "best_cp": [
    1.0,
    0.44722340976417085,
    0.5209503269125776
  ],
  "best_u": [
    -0.4257792915650727,
    -0.4107828857269092,
    0.806206807009354
  ],
  "best_index": 1,
  "n_candidatos": 54
}
