Punto[0.         0.43770453 0.39963232] -> F: 0.09926608177707964
Punto[1.         0.51281676 0.42835942] -> F: 0.30421765944064805
Punto[2.         0.378568   0.59008957] -> F: 0.13450094546867156
Punto[1.         0.40813626 0.49486094] -> F: 0.36467651507311044
Punto[1.         0.51072315 0.42968945] -> F: 0.3084638062497985
Punto[1.         0.50867142 0.43099288] -> F: 0.31266394604132747
Punto[1.         0.50661968 0.43229631] -> F: 0.31690260866133213
Punto[1.         0.50456794 0.43359974] -> F: 0.3211797941098122
Punto[1.         0.5025162  0.43490317] -> F: 0.3254955023867678
Punto[1.         0.50046446 0.4362066 ] -> F: 0.32984973349219887
Punto[1.         0.49841273 0.43751003] -> F: 0.33424248742610535
Punto[1.         0.49636099 0.43881346] -> F: 0.33867376418848727
Punto[1.         0.49430925 0.44011689] -> F: 0.34314356377934435
Punto[1.         0.49225751 0.44142032] -> F: 0.34765188619867743
Punto[1.         0.49020578 0.44272375] -> F: 0.3521660642560072
Punto[1.         0.48815404 0.44402718] -> F: 0.3567176279877732
Punto[1.         0.4861023  0.44533061] -> F: 0.36130748704344096
Punto[1.         0.48405056 0.44663404] -> F: 0.3659356414230105
Punto[1.         0.48199882 0.44793747] -> F: 0.3706020911264819
Punto[1.         0.47994709 0.4492409 ] -> F: 0.3753068361538551
Punto[1.         0.47789535 0.45054433] -> F: 0.3800498765051301
Punto[1.         0.47584361 0.45184776] -> F: 0.3848312121803065
Punto[1.         0.47379187 0.45315119] -> F: 0.3896508431793852
Punto[1.         0.47174013 0.45445462] -> F: 0.3945087695023657
Punto[1.         0.4696884  0.45575805] -> F: 0.3994049911492478
Punto[1.         0.46763666 0.45706148] -> F: 0.40433950812003167
Punto[1.         0.46558492 0.45836491] -> F: 0.40931232041471755
Punto[1.         0.46353318 0.45966834] -> F: 0.4111988893349003
Punto[1.         0.46148145 0.46097177] -> F: 0.409594783618318
Punto[1.         0.45942971 0.4622752 ] -> F: 0.4079964361263351
Punto[1.         0.45737797 0.46357863] -> F: 0.40637046949162
Punto[1.         0.45532623 0.46488206] -> F: 0.40474959875726657
Punto[1.         0.45327449 0.46618549] -> F: 0.40310948244130745
Punto[1.         0.45122276 0.46748892] -> F: 0.4014658675634723
Punto[1.         0.44917102 0.46879235] -> F: 0.3998106429685967
Punto[1.         0.44711928 0.47009578] -> F: 0.398145062728526
Punto[1.         0.44506754 0.47139921] -> F: 0.3964733648884911
Punto[1.         0.44301581 0.47270264] -> F: 0.3947857470192145
Punto[1.         0.44096407 0.47400607] -> F: 0.393097855174085
Punto[1.         0.43891233 0.47530949] -> F: 0.39138780995577255
Punto[1.         0.43686059 0.47661292] -> F: 0.389683893241104
Punto[1.         0.43480885 0.47791635] -> F: 0.38795144796579534
Punto[1.         0.43275712 0.47921978] -> F: 0.3862248745225222
Punto[1.         0.43070538 0.48052321] -> F: 0.3844769607126676
Punto[1.         0.42865364 0.48182664] -> F: 0.38272715168479576
Punto[1.         0.4266019  0.48313007] -> F: 0.3809647867744622
Punto[1.         0.42455017 0.4844335 ] -> F: 0.379191043640203
Punto[1.         0.42249843 0.48573693] -> F: 0.37741555146694417
Punto[1.         0.42044669 0.48704036] -> F: 0.37561703964499676
Punto[1.         0.41839495 0.48834379] -> F: 0.37382578522216897
Punto[1.         0.41634321 0.48964722] -> F: 0.3720058594940168
Punto[1.         0.41429148 0.49095065] -> F: 0.3701891775668472
Punto[1.         0.41223974 0.49225408] -> F: 0.3683585342808401
Punto[1.         0.410188   0.49355751] -> F: 0.366515278689813
Best centerpoint:  [1.         0.46353318 0.45966834] Best F:  0.4111988893349003 Best u:  [-0.48175367 -0.51508014  0.708947  ] índice:  24
{
  "seed": 10338,
  "n_per_z": 5,
  "nz": 100,
  "nd": 100,
  "n_muestras": 50,
  "best_f": 0.4111988893349003,
  "best_cp": [
    1.0,
    0.46353318369618757,
    0.45966833714538446
  ],
  "best_u": [
    -0.48175367410171543,
    -0.5150801430151617,
    0.7089469964397752
  ],
  "n_candidatos": 54
}
