Punto[0.         0.51649315 0.50385205] -> F: 0.1479076520778473
Punto[1.         0.44993203 0.49655174] -> F: 0.34754490124203
Punto[2.         0.50954495 0.59819749] -> F: 0.1124560076681252
Punto[1.         0.51301905 0.55102477] -> F: 0.3795778507587599
Punto[1.         0.45119377 0.4976412 ] -> F: 0.3497307163426817
Punto[1.         0.45243027 0.49870887] -> F: 0.3518730661658558
Punto[1.         0.45366678 0.49977654] -> F: 0.3540302773620497
Punto[1.         0.45490328 0.50084421] -> F: 0.35620234993126365
Punto[1.         0.45613979 0.50191188] -> F: 0.3583892838734974
Punto[1.         0.4573763  0.50297955] -> F: 0.36050745750892255
Punto[1.         0.4586128  0.50404722] -> F: 0.36252387706133105
Punto[1.         0.45984931 0.5051149 ] -> F: 0.36455922420837283
Punto[1.         0.46108581 0.50618257] -> F: 0.3666134989500477
Punto[1.         0.46232232 0.50725024] -> F: 0.36868670128635583
Punto[1.         0.46355882 0.50831791] -> F: 0.3707788312172971
Punto[1.         0.46479533 0.50938558] -> F: 0.37286036435037756
Punto[1.         0.46603184 0.51045325] -> F: 0.3749580645669907
Punto[1.         0.46726834 0.51152092] -> F: 0.3770723195847533
Punto[1.         0.46850485 0.5125886 ] -> F: 0.3792031294036651
Punto[1.         0.46974135 0.51365627] -> F: 0.3813504940237262
Punto[1.         0.47097786 0.51472394] -> F: 0.38351441344493686
Punto[1.         0.47221436 0.51579161] -> F: 0.385694887667297
Punto[1.         0.47345087 0.51685928] -> F: 0.3878902528703179
Punto[1.         0.47468737 0.51792695] -> F: 0.39007026122176086
Punto[1.         0.47592388 0.51899463] -> F: 0.3922651309462239
Punto[1.         0.47716039 0.5200623 ] -> F: 0.39447486204370663
Punto[1.         0.47839689 0.52112997] -> F: 0.3966994545142094
Punto[1.         0.4796334  0.52219764] -> F: 0.3989389083577322
Punto[1.         0.4808699  0.52326531] -> F: 0.4011932235742749
Punto[1.         0.48210641 0.52433298] -> F: 0.4034624001638373
Punto[1.         0.48334291 0.52540065] -> F: 0.40574643812642
Punto[1.         0.48457942 0.52646833] -> F: 0.40804079060713955
Punto[1.         0.48581593 0.527536  ] -> F: 0.41031960307466026
Punto[1.         0.48705243 0.52860367] -> F: 0.41261201356004906
Punto[1.         0.48828894 0.52967134] -> F: 0.41290809164021525
Punto[1.         0.48952544 0.53073901] -> F: 0.41143995015311946
Punto[1.         0.49076195 0.53180668] -> F: 0.4100786250114619
Punto[1.         0.49199845 0.53287435] -> F: 0.40878742446464017
Punto[1.         0.49323496 0.53394203] -> F: 0.4074956841478294
Punto[1.         0.49447146 0.5350097 ] -> F: 0.40620163728756864
Punto[1.         0.49570797 0.53607737] -> F: 0.4048406880595405
Punto[1.         0.49694448 0.53714504] -> F: 0.4033413441971473
Punto[1.         0.49818098 0.53821271] -> F: 0.4018787401720881
Punto[1.         0.49941749 0.53928038] -> F: 0.40045287598436263
Punto[1.         0.50065399 0.54034805] -> F: 0.39906375163397095
Punto[1.         0.5018905  0.54141573] -> F: 0.3977113671209131
Punto[1.        0.503127  0.5424834] -> F: 0.3963919716646147
Punto[1.         0.50436351 0.54355107] -> F: 0.3950498239894472
Punto[1.         0.50560002 0.54461874] -> F: 0.39285360315236634
Punto[1.         0.50683652 0.54568641] -> F: 0.3903805018563053
Punto[1.         0.50807303 0.54675408] -> F: 0.3880063383545571
Punto[1.         0.50930953 0.54782175] -> F: 0.3857389911982474
Punto[1.         0.51054604 0.54888943] -> F: 0.3835784603873755
Punto[1.         0.51178254 0.5499571 ] -> F: 0.3815247459219415
Best centerpoint:  [1.         0.48828894 0.52967134] Best F:  0.41290809164021525 Best u:  [0.18738131 0.33273794 0.92421518] índice:  31
{
  "seed": 11450,
  "n_per_z": 5,
  "nz": 100,
  "nd": 100,
  "n_muestras": 50,
  "best_f": 0.41290809164021525,
  "best_cp": [
    1.0,
    0.48828893654646627,
    0.5296713393981634
  ],
  "best_u": [
    0.18738131458572474,
    0.33273794039530113,
    0.9242151837995406
  ],
  "n_candidatos": 54
}
