Punto[0.         0.50126584 0.42881475] -> F: 0.13985957211040628
Punto[1.         0.46050753 0.43344661] -> F: 0.44669359136549225
Punto[2.         0.38975279 0.46051136] -> F: 0.14999470975669446
Punto[1.         0.44550932 0.44466306] -> F: 0.45481734172982075
Punto[1.         0.46020757 0.43367093] -> F: 0.44712574191697435
Punto[1.         0.4599136  0.43389078] -> F: 0.44754942277455356
Punto[1.         0.45961964 0.43411062] -> F: 0.4479732751985819
Punto[1.         0.45932567 0.43433046] -> F: 0.4483972991890589
Punto[1.         0.45903171 0.4345503 ] -> F: 0.4488170171077063
Punto[1.         0.45873774 0.43477015] -> F: 0.4492360528003236
Punto[1.         0.45844378 0.43498999] -> F: 0.44965525591744127
Punto[1.         0.45814981 0.43520983] -> F: 0.45007462645905894
Punto[1.         0.45785585 0.43542967] -> F: 0.45049416442517676
Punto[1.         0.45756188 0.43564952] -> F: 0.4509138698157948
Punto[1.         0.45726792 0.43586936] -> F: 0.4513337426309129
Punto[1.         0.45697395 0.4360892 ] -> F: 0.45175378287053114
Punto[1.         0.45667999 0.43630904] -> F: 0.4521739905346495
Punto[1.         0.45638602 0.43652889] -> F: 0.45259436562326816
Punto[1.         0.45609206 0.43674873] -> F: 0.4530149081363869
Punto[1.         0.45579809 0.43696857] -> F: 0.4534356180740056
Punto[1.         0.45550413 0.43718841] -> F: 0.4538564954361248
Punto[1.         0.45521016 0.43740826] -> F: 0.45427754022274375
Punto[1.        0.4549162 0.4376281] -> F: 0.45469875243386304
Punto[1.         0.45462223 0.43784794] -> F: 0.45512013206948243
Punto[1.         0.45432827 0.43806778] -> F: 0.45554167912960203
Punto[1.         0.4540343  0.43828763] -> F: 0.45596339361422183
Punto[1.         0.45374034 0.43850747] -> F: 0.45634713193867826
Punto[1.         0.45344637 0.43872731] -> F: 0.456300423357885
Punto[1.         0.45315241 0.43894715] -> F: 0.4562537170178358
Punto[1.         0.45285844 0.439167  ] -> F: 0.45620701291853
Punto[1.         0.45256448 0.43938684] -> F: 0.4561603110599682
Punto[1.         0.45227051 0.43960668] -> F: 0.4561136114421498
Punto[1.         0.45197655 0.43982652] -> F: 0.45606691406507527
Punto[1.         0.45168258 0.44004637] -> F: 0.4560202189287445
Punto[1.         0.45138862 0.44026621] -> F: 0.4559735260331574
Punto[1.         0.45109465 0.44048605] -> F: 0.45592683537831424
Punto[1.         0.45080069 0.44070589] -> F: 0.45588014696421447
Punto[1.         0.45050672 0.44092573] -> F: 0.45583346079085874
Punto[1.         0.45021276 0.44114558] -> F: 0.4557867768582466
Punto[1.         0.44991879 0.44136542] -> F: 0.455740095166378
Punto[1.         0.44962483 0.44158526] -> F: 0.45569341571525335
Punto[1.         0.44933086 0.4418051 ] -> F: 0.45564673850487236
Punto[1.         0.4490369  0.44202495] -> F: 0.4555951737186226
Punto[1.         0.44874293 0.44224479] -> F: 0.4555303305972688
Punto[1.         0.44844897 0.44246463] -> F: 0.45546549180117973
Punto[1.         0.448155   0.44268447] -> F: 0.4554006573303546
Punto[1.         0.44786104 0.44290432] -> F: 0.4553358271847938
Punto[1.         0.44756707 0.44312416] -> F: 0.45527100136449716
Punto[1.         0.44727311 0.443344  ] -> F: 0.45520617986946504
Punto[1.         0.44697914 0.44356384] -> F: 0.45514136269969685
Punto[1.         0.44668518 0.44378369] -> F: 0.45507654985519325
Punto[1.         0.44639121 0.44400353] -> F: 0.4550117413359537
Punto[1.         0.44609725 0.44422337] -> F: 0.4549469371419785
Punto[1.         0.44580328 0.44444321] -> F: 0.4548821372732675
{
  "seed": 5578,
  "n_per_z": 10,
  "nz": 100,
  "nd": 100,
  "n_muestras": 50,
  "best_f": 0.45634713193867826,
  "best_cp": [
    1.0,
    0.4537403358643436,
    0.43850746805553753
  ],
  "best_u": [
    -0.031410759078128396,
    -0.6609855478386892,
    -0.7497409350986004
  ],
  "best_index": 26,
  "n_candidatos": 54
}
