Punto[0.         0.56094541 0.64559195] -> F: 0.11608355902321116
Punto[1.         0.53983618 0.61948753] -> F: 0.39271726894582
Punto[2.         0.50016019 0.69836052] -> F: 0.14480279208329241
Punto[1.         0.5305528  0.67197623] -> F: 0.4133604965037496
Punto[1.         0.53965051 0.6205373 ] -> F: 0.39456352027536584
Punto[1.         0.53946855 0.62156608] -> F: 0.396376811804759
Punto[1.         0.5392866  0.62259486] -> F: 0.39819402850779784
Punto[1.         0.53910465 0.62362364] -> F: 0.4000151703844822
Punto[1.         0.53892269 0.62465242] -> F: 0.40184023743481256
Punto[1.         0.53874074 0.62568119] -> F: 0.4036692296587887
Punto[1.         0.53855878 0.62670997] -> F: 0.40550214705641086
Punto[1.         0.53837683 0.62773875] -> F: 0.40733898962767845
Punto[1.         0.53819488 0.62876753] -> F: 0.409179757372592
Punto[1.         0.53801292 0.62979631] -> F: 0.41102445029115103
Punto[1.         0.53783097 0.63082509] -> F: 0.412873068383356
Punto[1.         0.53764901 0.63185387] -> F: 0.4147256116492065
Punto[1.         0.53746706 0.63288264] -> F: 0.4165806134383981
Punto[1.         0.53728511 0.63391142] -> F: 0.41843496518203405
Punto[1.         0.53710315 0.6349402 ] -> F: 0.420293252844856
Punto[1.         0.5369212  0.63596898] -> F: 0.42215547642686396
Punto[1.         0.53673924 0.63699776] -> F: 0.4240216359280583
Punto[1.         0.53655729 0.63802654] -> F: 0.42589173134843894
Punto[1.         0.53637533 0.63905532] -> F: 0.42776576268800515
Punto[1.         0.53619338 0.6400841 ] -> F: 0.4296437299467576
Punto[1.         0.53601143 0.64111287] -> F: 0.43152563312469633
Punto[1.         0.53582947 0.64214165] -> F: 0.4334114722218212
Punto[1.         0.53564752 0.64317043] -> F: 0.43530124723813246
Punto[1.         0.53546556 0.64419921] -> F: 0.4371949581736293
Punto[1.         0.53528361 0.64522799] -> F: 0.43909260502831243
Punto[1.         0.53510166 0.64625677] -> F: 0.44099418780218197
Punto[1.         0.5349197  0.64728555] -> F: 0.44288787311173095
Punto[1.         0.53473775 0.64831433] -> F: 0.44172194958721817
Punto[1.         0.53455579 0.6493431 ] -> F: 0.4404571397303858
Punto[1.         0.53437384 0.65037188] -> F: 0.4392393027654556
Punto[1.         0.53419189 0.65140066] -> F: 0.4378498501740929
Punto[1.         0.53400993 0.65242944] -> F: 0.4364595070386814
Punto[1.         0.53382798 0.65345822] -> F: 0.4351136940920474
Punto[1.         0.53364602 0.654487  ] -> F: 0.4338150926660699
Punto[1.         0.53346407 0.65551578] -> F: 0.4325637027607489
Punto[1.         0.53328211 0.65654455] -> F: 0.4313595243760845
Punto[1.         0.53310016 0.65757333] -> F: 0.43020255751207653
Punto[1.         0.53291821 0.65860211] -> F: 0.42909280216872514
Punto[1.         0.53273625 0.65963089] -> F: 0.42803025834603015
Punto[1.         0.5325543  0.66065967] -> F: 0.4267041446844785
Punto[1.         0.53237234 0.66168845] -> F: 0.42538623658281893
Punto[1.         0.53219039 0.66271723] -> F: 0.42407733908918954
Punto[1.         0.53200844 0.66374601] -> F: 0.42277745220359003
Punto[1.         0.53182648 0.66477478] -> F: 0.4214865759260203
Punto[1.         0.53164453 0.66580356] -> F: 0.42020474185523926
Punto[1.         0.53146257 0.66683234] -> F: 0.41914291784818086
Punto[1.         0.53128062 0.66786112] -> F: 0.4181572529402184
Punto[1.         0.53109866 0.6688899 ] -> F: 0.41714608126464864
Punto[1.         0.53091671 0.66991868] -> F: 0.4158757860478654
Punto[1.         0.53073476 0.67094746] -> F: 0.4146128978416998
Best centerpoint:  [1.         0.5349197  0.64728555] Best F:  0.44288787311173095 Best u:  [-0.30901699 -0.29389263  0.9045085 ] índice:  27
{
  "seed": 13610,
  "n_per_z": 5,
  "nz": 100,
  "nd": 100,
  "n_muestras": 50,
  "best_f": 0.44288787311173095,
  "best_cp": [
    1.0,
    0.5349197014939908,
    0.6472855464056548
  ],
  "best_u": [
    -0.3090169943749471,
    -0.2938926261462363,
    0.9045084971874738
  ],
  "n_candidatos": 54
}
