Punto[0.         0.55809475 0.54953396] -> F: 0.16581386073932414
Punto[1.         0.48064725 0.48808385] -> F: 0.4462114531660354
Punto[2.         0.434748   0.47627587] -> F: 0.12434184591729437
Punto[1.         0.49642137 0.51290491] -> F: 0.4408832641727395
Punto[1.         0.48096273 0.48858027] -> F: 0.44704947947926876
Punto[1.         0.4812719  0.48906676] -> F: 0.4478714392263028
Punto[1.         0.48158107 0.48955325] -> F: 0.44869408592370447
Punto[1.         0.48189025 0.49003975] -> F: 0.4485879755250664
Punto[1.         0.48219942 0.49052624] -> F: 0.44843393564362233
Punto[1.         0.48250859 0.49101273] -> F: 0.4482799492363481
Punto[1.         0.48281777 0.49149923] -> F: 0.44812601630324356
Punto[1.         0.48312694 0.49198572] -> F: 0.44797213684430875
Punto[1.         0.48343611 0.49247221] -> F: 0.4478183108595438
Punto[1.         0.48374528 0.49295871] -> F: 0.4476645383489486
Punto[1.         0.48405446 0.4934452 ] -> F: 0.4475108193125231
Punto[1.         0.48436363 0.49393169] -> F: 0.4473571537502674
Punto[1.         0.4846728  0.49441818] -> F: 0.44720354166218146
Punto[1.         0.48498198 0.49490468] -> F: 0.44704998304826515
Punto[1.         0.48529115 0.49539117] -> F: 0.4468964779085189
Punto[1.         0.48560032 0.49587766] -> F: 0.44673575260640014
Punto[1.         0.48590949 0.49636416] -> F: 0.4465741903857536
Punto[1.         0.48621867 0.49685065] -> F: 0.44641266237369226
Punto[1.         0.48652784 0.49733714] -> F: 0.4462511685702162
Punto[1.         0.48683701 0.49782363] -> F: 0.4460897089753257
Punto[1.         0.48714619 0.49831013] -> F: 0.44592828358902037
Punto[1.         0.48745536 0.49879662] -> F: 0.4457668924113004
Punto[1.         0.48776453 0.49928311] -> F: 0.44560553544216563
Punto[1.         0.48807371 0.49976961] -> F: 0.4454442126816164
Punto[1.         0.48838288 0.5002561 ] -> F: 0.44528292412965226
Punto[1.         0.48869205 0.50074259] -> F: 0.4451216697862738
Punto[1.         0.48900122 0.50122908] -> F: 0.4449604496514803
Punto[1.         0.4893104  0.50171558] -> F: 0.4447992637252723
Punto[1.         0.48961957 0.50220207] -> F: 0.44463811813954446
Punto[1.         0.48992874 0.50268856] -> F: 0.44447378453747083
Punto[1.         0.49023792 0.50317506] -> F: 0.44430564288659724
Punto[1.         0.49054709 0.50366155] -> F: 0.44413753850855703
Punto[1.         0.49085626 0.50414804] -> F: 0.4439694714033501
Punto[1.         0.49116543 0.50463453] -> F: 0.4438014415709766
Punto[1.         0.49147461 0.50512103] -> F: 0.44363344901143664
Punto[1.         0.49178378 0.50560752] -> F: 0.4434654937247299
Punto[1.         0.49209295 0.50609401] -> F: 0.44329757571085654
Punto[1.         0.49240213 0.50658051] -> F: 0.4431296949698166
Punto[1.        0.4927113 0.507067 ] -> F: 0.44296185150160994
Punto[1.         0.49302047 0.50755349] -> F: 0.4427940453062369
Punto[1.         0.49332965 0.50803999] -> F: 0.44262627638369695
Punto[1.         0.49363882 0.50852648] -> F: 0.44245310836025376
Punto[1.         0.49394799 0.50901297] -> F: 0.44227851962208514
Punto[1.         0.49425716 0.50949946] -> F: 0.4421039712854722
Punto[1.         0.49456634 0.50998596] -> F: 0.4419294633504149
Punto[1.         0.49487551 0.51047245] -> F: 0.44175499581691324
Punto[1.         0.49518468 0.51095894] -> F: 0.44158056868496715
Punto[1.         0.49549386 0.51144544] -> F: 0.44140618195457676
Punto[1.         0.49580303 0.51193193] -> F: 0.4412318356257421
Punto[1.         0.4961122  0.51241842] -> F: 0.4410575296984629
{
  "seed": 3934,
  "n_per_z": 10,
  "nz": 100,
  "nd": 100,
  "n_muestras": 50,
  "best_f": 0.44869408592370447,
  "best_cp": [
    1.0,
    0.48158107365980996,
    0.4895532547321449
  ],
  "best_u": [
    0.09410831331851438,
    -0.7039686162622395,
    -0.7039686162622394
  ],
  "best_index": 6,
  "n_candidatos": 54
}
