Punto[0.         0.44889345 0.51127006] -> F: 0.13715880903929248
Punto[1.         0.34489625 0.48741747] -> F: 0.41060265475312097
Punto[2.         0.28578948 0.46503384] -> F: 0.13264642752743722
Punto[1.         0.36734147 0.48815195] -> F: 0.41942932488662416
Punto[1.         0.34534516 0.48743216] -> F: 0.4115815828043237
Punto[1.         0.34578509 0.48744656] -> F: 0.41255034553008396
Punto[1.         0.34622501 0.48746095] -> F: 0.41352407245991274
Punto[1.         0.34666494 0.48747535] -> F: 0.41449798711622204
Punto[1.         0.34710486 0.48748974] -> F: 0.4154720869668634
Punto[1.         0.34754479 0.48750414] -> F: 0.4164463720118361
Punto[1.         0.34798472 0.48751854] -> F: 0.4174208422511405
Punto[1.         0.34842464 0.48753293] -> F: 0.4183954976847762
Punto[1.         0.34886457 0.48754733] -> F: 0.41937033831274373
Punto[1.         0.34930449 0.48756172] -> F: 0.42034536413504253
Punto[1.         0.34974442 0.48757612] -> F: 0.4213205751516732
Punto[1.         0.35018435 0.48759051] -> F: 0.422295971362635
Punto[1.         0.35062427 0.48760491] -> F: 0.42327155276792877
Punto[1.         0.3510642  0.48761931] -> F: 0.42412833023513646
Punto[1.         0.35150413 0.4876337 ] -> F: 0.42403680718831227
Punto[1.         0.35194405 0.4876481 ] -> F: 0.4239238979869481
Punto[1.         0.35238398 0.48766249] -> F: 0.423791053330743
Punto[1.         0.3528239  0.48767689] -> F: 0.42365839389699816
Punto[1.         0.35326383 0.48769128] -> F: 0.42352591968571335
Punto[1.         0.35370376 0.48770568] -> F: 0.4233936306968884
Punto[1.         0.35414368 0.48772008] -> F: 0.42326152693052377
Punto[1.         0.35458361 0.48773447] -> F: 0.42312960838661906
Punto[1.         0.35502353 0.48774887] -> F: 0.4229978750651745
Punto[1.         0.35546346 0.48776326] -> F: 0.42286632696619014
Punto[1.         0.35590339 0.48777766] -> F: 0.422734964089666
Punto[1.         0.35634331 0.48779205] -> F: 0.4226037864356017
Punto[1.         0.35678324 0.48780645] -> F: 0.4224727940039975
Punto[1.         0.35722317 0.48782085] -> F: 0.4223419867948533
Punto[1.         0.35766309 0.48783524] -> F: 0.42221136480816945
Punto[1.         0.35810302 0.48784964] -> F: 0.4220809280439456
Punto[1.         0.35854294 0.48786403] -> F: 0.4219506765021819
Punto[1.         0.35898287 0.48787843] -> F: 0.4218206101828781
Punto[1.         0.3594228  0.48789282] -> F: 0.42169072908603455
Punto[1.         0.35986272 0.48790722] -> F: 0.4215610420308152
Punto[1.         0.36030265 0.48792162] -> F: 0.4214317549143217
Punto[1.         0.36074257 0.48793601] -> F: 0.4213029542966238
Punto[1.         0.3611825  0.48795041] -> F: 0.42117464017772166
Punto[1.         0.36162243 0.4879648 ] -> F: 0.4210468125576149
Punto[1.         0.36206235 0.4879792 ] -> F: 0.42091947143630365
Punto[1.         0.36250228 0.48799359] -> F: 0.42079261681378805
Punto[1.         0.36294221 0.48800799] -> F: 0.420666248690068
Punto[1.         0.36338213 0.48802239] -> F: 0.4205403670651438
Punto[1.         0.36382206 0.48803678] -> F: 0.4204149719390148
Punto[1.         0.36426198 0.48805118] -> F: 0.42029006331168134
Punto[1.         0.36470191 0.48806557] -> F: 0.4201656411831436
Punto[1.         0.36514184 0.48807997] -> F: 0.4200417055534015
Punto[1.         0.36558176 0.48809437] -> F: 0.41991825642245484
Punto[1.         0.36602169 0.48810876] -> F: 0.4197952937903038
Punto[1.         0.36646161 0.48812316] -> F: 0.4196728176569484
Punto[1.         0.36690154 0.48813755] -> F: 0.4195508280223884
Best centerpoint:  [1.         0.3510642  0.48761931] Best F:  0.42412833023513646 Best u:  [ 0.15643447  0.1545085  -0.97552826] índice:  14
{
  "seed": 1829,
  "n_per_z": 5,
  "nz": 100,
  "nd": 100,
  "n_muestras": 50,
  "best_f": 0.42412833023513646,
  "best_cp": [
    1.0,
    0.3510641991690629,
    0.4876193056408189
  ],
  "best_u": [
    0.1564344650402308,
    0.15450849718747367,
    -0.9755282581475768
  ],
  "n_candidatos": 54
}
