Punto[0.         0.48606155 0.47946413] -> F: 0.21143165765004499
Punto[1.         0.49339235 0.50824698] -> F: 0.3647222361034103
Punto[2.         0.49722683 0.54374945] -> F: 0.08555808260719441
Punto[1.         0.49164419 0.51160679] -> F: 0.3624557322067832
Punto[1.         0.49335739 0.50831417] -> F: 0.36467683167202947
Punto[1.         0.49332312 0.50838003] -> F: 0.3646323370390263
Punto[1.         0.49328886 0.50844588] -> F: 0.36458784409850303
Punto[1.         0.4932546  0.50851173] -> F: 0.36454335285045975
Punto[1.         0.49322033 0.50857758] -> F: 0.3644988632948963
Punto[1.         0.49318607 0.50864344] -> F: 0.3644543754318127
Punto[1.         0.49315181 0.50870929] -> F: 0.3644098892612091
Punto[1.         0.49311754 0.50877514] -> F: 0.3643654047830854
Punto[1.         0.49308328 0.50884099] -> F: 0.3643209219974416
Punto[1.         0.49304901 0.50890684] -> F: 0.3642764409042776
Punto[1.         0.49301475 0.5089727 ] -> F: 0.3642319615035936
Punto[1.         0.49298049 0.50903855] -> F: 0.36418748379538946
Punto[1.         0.49294622 0.5091044 ] -> F: 0.3641430077796653
Punto[1.         0.49291196 0.50917025] -> F: 0.36409853345642096
Punto[1.         0.49287769 0.50923611] -> F: 0.3640540608256565
Punto[1.         0.49284343 0.50930196] -> F: 0.36400958988737203
Punto[1.         0.49280917 0.50936781] -> F: 0.36396512064156733
Punto[1.         0.4927749  0.50943366] -> F: 0.3639206533783709
Punto[1.         0.49274064 0.50949951] -> F: 0.36387619018154715
Punto[1.         0.49270637 0.50956537] -> F: 0.363831731462609
Punto[1.         0.49267211 0.50963122] -> F: 0.36378727722155635
Punto[1.         0.49263785 0.50969707] -> F: 0.3637428274583894
Punto[1.         0.49260358 0.50976292] -> F: 0.363698382173108
Punto[1.         0.49256932 0.50982878] -> F: 0.3636539413657123
Punto[1.         0.49253505 0.50989463] -> F: 0.3636095050362021
Punto[1.         0.49250079 0.50996048] -> F: 0.3635650731845776
Punto[1.         0.49246653 0.51002633] -> F: 0.36352064581083854
Punto[1.         0.49243226 0.51009219] -> F: 0.36347622291498516
Punto[1.         0.492398   0.51015804] -> F: 0.36343180449701745
Punto[1.         0.49236373 0.51022389] -> F: 0.36338739055693514
Punto[1.         0.49232947 0.51028974] -> F: 0.3633429810947386
Punto[1.         0.49229521 0.51035559] -> F: 0.3632985761104276
Punto[1.         0.49226094 0.51042145] -> F: 0.36325417560400225
Punto[1.         0.49222668 0.5104873 ] -> F: 0.3632097795754626
Punto[1.         0.49219241 0.51055315] -> F: 0.36316538802480824
Punto[1.         0.49215815 0.510619  ] -> F: 0.3631210009520397
Punto[1.         0.49212389 0.51068486] -> F: 0.36307661835715677
Punto[1.         0.49208962 0.51075071] -> F: 0.36303224024015934
Punto[1.         0.49205536 0.51081656] -> F: 0.36298786660104765
Punto[1.         0.49202109 0.51088241] -> F: 0.36294349743982146
Punto[1.         0.49198683 0.51094827] -> F: 0.3628991327564808
Punto[1.         0.49195257 0.51101412] -> F: 0.3628547725510259
Punto[1.         0.4919183  0.51107997] -> F: 0.36281041682345655
Punto[1.         0.49188404 0.51114582] -> F: 0.36276606557377283
Punto[1.         0.49184977 0.51121167] -> F: 0.36272171880197457
Punto[1.         0.49181551 0.51127753] -> F: 0.3626773765080621
Punto[1.         0.49178125 0.51134338] -> F: 0.36263303869203506
Punto[1.         0.49174698 0.51140923] -> F: 0.36258870535389365
Punto[1.         0.49171272 0.51147508] -> F: 0.36254437649363797
Punto[1.         0.49167845 0.51154094] -> F: 0.3625000521112678
{
  "seed": 4747,
  "n_per_z": 10,
  "nz": 100,
  "nd": 100,
  "n_muestras": 50,
  "best_f": 0.3647222361034103,
  "best_cp": [
    1.0,
    0.4933923521817198,
    0.5082469774991094
  ],
  "best_u": [
    0.9980267284282716,
    -0.04961424373576064,
    0.03848475232205113
  ],
  "best_index": 1,
  "n_candidatos": 54
}
