Punto[0.        0.4005422 0.524857 ] -> F: 0.13501808724722422
Punto[1.         0.50666314 0.46844467] -> F: 0.4368694998079117
Punto[2.         0.53218309 0.45884877] -> F: 0.15028796874926328
Punto[1.         0.46636265 0.49185288] -> F: 0.4450395051466551
Punto[1.         0.50585713 0.46891284] -> F: 0.43814017240593084
Punto[1.         0.50506724 0.46937164] -> F: 0.4393751485691176
Punto[1.         0.50427735 0.46983044] -> F: 0.4406021752282829
Punto[1.         0.50348747 0.47028924] -> F: 0.44182995886881726
Punto[1.         0.50269758 0.47074804] -> F: 0.44305849949072085
Punto[1.         0.50190769 0.47120684] -> F: 0.4442877970939935
Punto[1.         0.5011178  0.47166564] -> F: 0.4455178516786355
Punto[1.         0.50032791 0.47212444] -> F: 0.44674759456092394
Punto[1.         0.49953802 0.47258324] -> F: 0.4479573109926022
Punto[1.         0.49874813 0.47304204] -> F: 0.4491680323648432
Punto[1.         0.49795824 0.47350085] -> F: 0.45037975867764707
Punto[1.         0.49716835 0.47395965] -> F: 0.4515857485177822
Punto[1.         0.49637846 0.47441845] -> F: 0.4527569714104552
Punto[1.         0.49558857 0.47487725] -> F: 0.4539291664314856
Punto[1.         0.49479868 0.47533605] -> F: 0.4551023335808736
Punto[1.         0.49400879 0.47579485] -> F: 0.4562764728586194
Punto[1.         0.4932189  0.47625365] -> F: 0.4574515842647226
Punto[1.         0.49242901 0.47671245] -> F: 0.4586276677991835
Punto[1.         0.49163912 0.47717125] -> F: 0.45980472346200196
Punto[1.         0.49084923 0.47763005] -> F: 0.45967557258732367
Punto[1.         0.49005934 0.47808886] -> F: 0.4592316102492245
Punto[1.         0.48926945 0.47854766] -> F: 0.45878639331817467
Punto[1.         0.48847956 0.47900646] -> F: 0.45833504643813283
Punto[1.         0.48768967 0.47946526] -> F: 0.45788384898766066
Punto[1.         0.48689978 0.47992406] -> F: 0.4574328009667579
Punto[1.         0.48610989 0.48038286] -> F: 0.4569801733874371
Punto[1.         0.48532    0.48084166] -> F: 0.4565216572470302
Punto[1.         0.48453011 0.48130046] -> F: 0.4560632957315589
Punto[1.         0.48374022 0.48175926] -> F: 0.45560508884102324
Punto[1.         0.48295033 0.48221806] -> F: 0.4551452968378299
Punto[1.         0.48216044 0.48267687] -> F: 0.45467952061586137
Punto[1.         0.48137055 0.48313567] -> F: 0.4542139043868946
Punto[1.         0.48058066 0.48359447] -> F: 0.4537484481509292
Punto[1.         0.47979077 0.48405327] -> F: 0.45328180455486533
Punto[1.         0.47900088 0.48451207] -> F: 0.4528086591205577
Punto[1.         0.47821099 0.48497087] -> F: 0.45233567923784046
Punto[1.         0.4774211  0.48542967] -> F: 0.45186286490671373
Punto[1.         0.47663121 0.48588847] -> F: 0.4513897617473143
Punto[1.         0.47584132 0.48634727] -> F: 0.45090911847252196
Punto[1.         0.47505143 0.48680607] -> F: 0.4504286465181871
Punto[1.         0.47426154 0.48726487] -> F: 0.44994834588430954
Punto[1.         0.47347165 0.48772368] -> F: 0.4494682165708894
Punto[1.         0.47268176 0.48818248] -> F: 0.44898097965597794
Punto[1.         0.47189187 0.48864128] -> F: 0.44849286632315677
Punto[1.         0.47110198 0.48910008] -> F: 0.4480049303119204
Punto[1.         0.47031209 0.48955888] -> F: 0.4475171716222684
Punto[1.         0.4695222  0.49001768] -> F: 0.4470243744407804
Punto[1.         0.46873231 0.49047648] -> F: 0.44652844786424417
Punto[1.         0.46794243 0.49093528] -> F: 0.4460327048672377
Punto[1.         0.46715254 0.49139408] -> F: 0.4455371454497607
{
  "seed": 18831,
  "n_per_z": 10,
  "nz": 100,
  "nd": 100,
  "n_muestras": 50,
  "best_f": 0.45980472346200196,
  "best_cp": [
    1.0,
    0.4916391184095854,
    0.47717125324759985
  ],
  "best_u": [
    -0.12533323356430448,
    0.5050274721438786,
    -0.8539548190298357
  ],
  "best_index": 22,
  "n_candidatos": 54
}
