Punto[0.         0.46264027 0.4849631 ] -> F: 0.12411687593991738
Punto[1.         0.45690156 0.49012272] -> F: 0.41744215983429944
Punto[2.         0.51385092 0.52225616] -> F: 0.11989963507260934
Punto[1.         0.48824559 0.50360963] -> F: 0.42233681936223855
Punto[1.         0.45752844 0.49039245] -> F: 0.4189141475538713
Punto[1.         0.45814278 0.4906568 ] -> F: 0.4204060637963496
Punto[1.         0.45875712 0.49092114] -> F: 0.4219213329531184
Punto[1.         0.45937147 0.49118549] -> F: 0.4234358903319187
Punto[1.         0.45998581 0.49144983] -> F: 0.42493088845757776
Punto[1.         0.46060015 0.49171417] -> F: 0.4262515557284312
Punto[1.         0.4612145  0.49197852] -> F: 0.4275818106401559
Punto[1.         0.46182884 0.49224286] -> F: 0.42892165319275105
Punto[1.         0.46244318 0.4925072 ] -> F: 0.4302710833862176
Punto[1.         0.46305753 0.49277155] -> F: 0.43163010122055506
Punto[1.         0.46367187 0.49303589] -> F: 0.43299870669576346
Punto[1.         0.46428621 0.49330023] -> F: 0.43437689981184274
Punto[1.         0.46490056 0.49356458] -> F: 0.4357646805687932
Punto[1.         0.4655149  0.49382892] -> F: 0.435637080705456
Punto[1.         0.46612924 0.49409326] -> F: 0.43542225230469106
Punto[1.         0.46674359 0.49435761] -> F: 0.4352078895353171
Punto[1.         0.46735793 0.49462195] -> F: 0.434993992397334
Punto[1.         0.46797227 0.49488629] -> F: 0.43478056089074174
Punto[1.         0.46858661 0.49515064] -> F: 0.4345676185768579
Punto[1.         0.46920096 0.49541498] -> F: 0.434355295060539
Punto[1.         0.4698153  0.49567932] -> F: 0.43414361009396596
Punto[1.         0.47042964 0.49594367] -> F: 0.43393256367713867
Punto[1.         0.47104399 0.49620801] -> F: 0.43365344581154414
Punto[1.         0.47165833 0.49647236] -> F: 0.4332864721440776
Punto[1.         0.47227267 0.4967367 ] -> F: 0.4329205482318329
Punto[1.         0.47288702 0.49700104] -> F: 0.43255567407481
Punto[1.         0.47350136 0.49726539] -> F: 0.4321918496730089
Punto[1.         0.4741157  0.49752973] -> F: 0.4318290750264296
Punto[1.         0.47473005 0.49779407] -> F: 0.431467350135072
Punto[1.         0.47534439 0.49805842] -> F: 0.43109583357963926
Punto[1.         0.47595873 0.49832276] -> F: 0.43068375810553516
Punto[1.         0.47657308 0.4985871 ] -> F: 0.4302717450933386
Punto[1.         0.47718742 0.49885145] -> F: 0.42985979454305007
Punto[1.         0.47780176 0.49911579] -> F: 0.4294479064546692
Punto[1.         0.4784161  0.49938013] -> F: 0.4290360808281962
Punto[1.         0.47903045 0.49964448] -> F: 0.42862431766363085
Punto[1.         0.47964479 0.49990882] -> F: 0.42821261696097324
Punto[1.         0.48025913 0.50017316] -> F: 0.42780097872022327
Punto[1.         0.48087348 0.50043751] -> F: 0.42738940294138134
Punto[1.         0.48148782 0.50070185] -> F: 0.42697788962444694
Punto[1.         0.48210216 0.50096619] -> F: 0.42656643876942046
Punto[1.         0.48271651 0.50123054] -> F: 0.42615505037630164
Punto[1.         0.48333085 0.50149488] -> F: 0.42573960077208767
Punto[1.         0.48394519 0.50175923] -> F: 0.4253075425598233
Punto[1.         0.48455954 0.50202357] -> F: 0.4248774016435682
Punto[1.         0.48517388 0.50228791] -> F: 0.4244491780233227
Punto[1.         0.48578822 0.50255226] -> F: 0.42402287169908687
Punto[1.         0.48640257 0.5028166 ] -> F: 0.4235984826708605
Punto[1.         0.48701691 0.50308094] -> F: 0.42317601093864365
Punto[1.         0.48763125 0.50334529] -> F: 0.42275545650243623
Best centerpoint:  [1.         0.46490056 0.49356458] Best F:  0.4357646805687932 Best u:  [ 0.12533323 -0.98771166 -0.09336624] índice:  13
{
  "seed": 12167,
  "n_per_z": 5,
  "nz": 100,
  "nd": 100,
  "n_muestras": 50,
  "best_f": 0.4357646805687932,
  "best_cp": [
    1.0,
    0.4649005560529593,
    0.49356457697587186
  ],
  "best_u": [
    0.12533323356430415,
    -0.9877116611522395,
    -0.09336624115920712
  ],
  "n_candidatos": 54
}
