Punto[0.         0.47250285 0.46683186] -> F: 0.17448910512021637
Punto[1.         0.47895964 0.4958868 ] -> F: 0.4340254242805166
Punto[2.         0.41161861 0.4426586 ] -> F: 0.11374905378155929
Punto[1.         0.44206073 0.45474523] -> F: 0.4118393611817898
Punto[1.         0.47822166 0.49506397] -> F: 0.43465693348075324
Punto[1.         0.47749844 0.49425759] -> F: 0.4352569242794267
Punto[1.         0.47677522 0.49345122] -> F: 0.43585728703471843
Punto[1.         0.476052   0.49264484] -> F: 0.4364300996879928
Punto[1.         0.47532879 0.49183847] -> F: 0.4369493749649765
Punto[1.         0.47460557 0.49103209] -> F: 0.4374222733345812
Punto[1.         0.47388235 0.49022572] -> F: 0.4378954201276048
Punto[1.         0.47315913 0.48941934] -> F: 0.43734394613202393
Punto[1.         0.47243591 0.48861297] -> F: 0.43674963246630305
Punto[1.         0.47171269 0.48780659] -> F: 0.43615572026826177
Punto[1.         0.47098947 0.48700022] -> F: 0.4355622106297886
Punto[1.         0.47026626 0.48619384] -> F: 0.4349644786050582
Punto[1.         0.46954304 0.48538747] -> F: 0.4343669931959803
Punto[1.         0.46881982 0.48458109] -> F: 0.43376991687351524
Punto[1.         0.4680966  0.48377472] -> F: 0.43317324963766285
Punto[1.         0.46737338 0.48296834] -> F: 0.4325769914884231
Punto[1.         0.46665016 0.48216197] -> F: 0.431981142425796
Punto[1.         0.46592694 0.4813556 ] -> F: 0.4313857024497816
Punto[1.         0.46520373 0.48054922] -> F: 0.4307906715603799
Punto[1.         0.46448051 0.47974285] -> F: 0.43019604975759096
Punto[1.         0.46375729 0.47893647] -> F: 0.42960183704141475
Punto[1.         0.46303407 0.4781301 ] -> F: 0.42900803341185123
Punto[1.         0.46231085 0.47732372] -> F: 0.4284146388689003
Punto[1.         0.46158763 0.47651735] -> F: 0.4278216534125623
Punto[1.         0.46086441 0.47571097] -> F: 0.42722907704283686
Punto[1.        0.4601412 0.4749046] -> F: 0.426636909759724
Punto[1.         0.45941798 0.47409822] -> F: 0.426045151563224
Punto[1.         0.45869476 0.47329185] -> F: 0.42545380245333664
Punto[1.         0.45797154 0.47248547] -> F: 0.4248626920993043
Punto[1.         0.45724832 0.4716791 ] -> F: 0.4242673178321969
Punto[1.         0.4565251  0.47087272] -> F: 0.4236723593921235
Punto[1.         0.45580188 0.47006635] -> F: 0.42307781677908424
Punto[1.         0.45507867 0.46925997] -> F: 0.4224836899930791
Punto[1.         0.45435545 0.4684536 ] -> F: 0.42188997903410813
Punto[1.         0.45363223 0.46764723] -> F: 0.42129668390217123
Punto[1.         0.45290901 0.46684085] -> F: 0.42070380459726847
Punto[1.         0.45218579 0.46603448] -> F: 0.42011134111939974
Punto[1.         0.45146257 0.4652281 ] -> F: 0.4195192934685651
Punto[1.         0.45073935 0.46442173] -> F: 0.4189276616447647
Punto[1.         0.45001614 0.46361535] -> F: 0.41833644564799827
Punto[1.         0.44929292 0.46280898] -> F: 0.41774564547826604
Punto[1.        0.4485697 0.4620026] -> F: 0.4171552611355678
Punto[1.         0.44784648 0.46119623] -> F: 0.4165652926199037
Punto[1.         0.44712326 0.46038985] -> F: 0.41597573993127374
Punto[1.         0.44640004 0.45958348] -> F: 0.4153866030696778
Punto[1.         0.44567682 0.4587771 ] -> F: 0.4147978820351161
Punto[1.         0.44495361 0.45797073] -> F: 0.41420801978488353
Punto[1.         0.44423039 0.45716435] -> F: 0.4136152209261915
Punto[1.         0.44350717 0.45635798] -> F: 0.4130228448727785
Punto[1.         0.44278395 0.4555516 ] -> F: 0.4124308916246446
{
  "seed": 6311,
  "n_per_z": 10,
  "nz": 100,
  "nd": 100,
  "n_muestras": 50,
  "best_f": 0.4378954201276048,
  "best_cp": [
    1.0,
    0.4738823480785107,
    0.4902257174813318
  ],
  "best_u": [
    0.30901699437494745,
    -0.37771008932108313,
    0.8728365171167697
  ],
  "best_index": 10,
  "n_candidatos": 54
}
