Punto[0.         0.45032151 0.41994276] -> F: 0.08333321446763588
Punto[1.         0.51075215 0.49555684] -> F: 0.4152451252112144
Punto[2.         0.56208744 0.56541062] -> F: 0.15446471871391848
Punto[1.         0.50620448 0.49267669] -> F: 0.41458680316005914
Punto[1.         0.5106612  0.49549924] -> F: 0.4152341139592719
Punto[1.         0.51057207 0.49544279] -> F: 0.4152221641916497
Punto[1.         0.51048293 0.49538634] -> F: 0.4152091913758326
Punto[1.         0.5103938  0.49532988] -> F: 0.41519621882102187
Punto[1.         0.51030466 0.49527343] -> F: 0.4151832465272175
Punto[1.         0.51021553 0.49521698] -> F: 0.4151702744944194
Punto[1.         0.51012639 0.49516053] -> F: 0.4151573027226277
Punto[1.         0.51003726 0.49510408] -> F: 0.4151443312118423
Punto[1.         0.50994812 0.49504763] -> F: 0.41513135996206324
Punto[1.         0.50985899 0.49499118] -> F: 0.4151183889732905
Punto[1.         0.50976986 0.49493473] -> F: 0.4151054182455241
Punto[1.         0.50968072 0.49487828] -> F: 0.41509244777876403
Punto[1.         0.50959159 0.49482183] -> F: 0.41507947757301034
Punto[1.         0.50950245 0.49476537] -> F: 0.4150665076282628
Punto[1.         0.50941332 0.49470892] -> F: 0.41505353794452177
Punto[1.         0.50932418 0.49465247] -> F: 0.41504056852178706
Punto[1.         0.50923505 0.49459602] -> F: 0.4150275993600585
Punto[1.         0.50914591 0.49453957] -> F: 0.4150146304593365
Punto[1.         0.50905678 0.49448312] -> F: 0.4150016618196207
Punto[1.         0.50896765 0.49442667] -> F: 0.41498869344091127
Punto[1.         0.50887851 0.49437022] -> F: 0.41497572532320826
Punto[1.         0.50878938 0.49431377] -> F: 0.41496275746651146
Punto[1.         0.50870024 0.49425732] -> F: 0.414949789870821
Punto[1.         0.50861111 0.49420086] -> F: 0.41493682253613684
Punto[1.         0.50852197 0.49414441] -> F: 0.414923855462459
Punto[1.         0.50843284 0.49408796] -> F: 0.41491088864978765
Punto[1.         0.5083437  0.49403151] -> F: 0.4148979220981225
Punto[1.         0.50825457 0.49397506] -> F: 0.41488495580746376
Punto[1.         0.50816544 0.49391861] -> F: 0.41487198977781126
Punto[1.         0.5080763  0.49386216] -> F: 0.4148590240091652
Punto[1.         0.50798717 0.49380571] -> F: 0.41484605850152545
Punto[1.         0.50789803 0.49374926] -> F: 0.4148330932548919
Punto[1.        0.5078089 0.4936928] -> F: 0.41482012826926484
Punto[1.         0.50771976 0.49363635] -> F: 0.41480716354464403
Punto[1.         0.50763063 0.4935799 ] -> F: 0.4147941990810296
Punto[1.         0.5075415  0.49352345] -> F: 0.41478123487842145
Punto[1.         0.50745236 0.493467  ] -> F: 0.41476827093681956
Punto[1.         0.50736323 0.49341055] -> F: 0.4147553072562241
Punto[1.         0.50727409 0.4933541 ] -> F: 0.414742343836635
Punto[1.         0.50718496 0.49329765] -> F: 0.4147293806780521
Punto[1.         0.50709582 0.4932412 ] -> F: 0.4147164177804757
Punto[1.         0.50700669 0.49318475] -> F: 0.4147034551439056
Punto[1.         0.50691755 0.49312829] -> F: 0.4146904927683418
Punto[1.         0.50682842 0.49307184] -> F: 0.41467753065378427
Punto[1.         0.50673929 0.49301539] -> F: 0.4146645688002331
Punto[1.         0.50665015 0.49295894] -> F: 0.41465160720768823
Punto[1.         0.50656102 0.49290249] -> F: 0.4146386458761498
Punto[1.         0.50647188 0.49284604] -> F: 0.4146256848056176
Punto[1.         0.50638275 0.49278959] -> F: 0.4146127239960918
Punto[1.         0.50629361 0.49273314] -> F: 0.4145997634475724
{
  "seed": 13199,
  "n_per_z": 10,
  "nz": 100,
  "nd": 100,
  "n_muestras": 50,
  "best_f": 0.4152451252112144,
  "best_cp": [
    1.0,
    0.5107521529166932,
    0.4955568408675331
  ],
  "best_u": [
    -0.587785252292473,
    -0.5350125376286308,
    0.6068526029998115
  ],
  "best_index": 1,
  "n_candidatos": 54
}
