Punto[0.         0.59666493 0.62909284] -> F: 0.1245871004327748
Punto[1.         0.48117608 0.48004795] -> F: 0.30187315466652886
Punto[2.         0.53869491 0.64857096] -> F: 0.0976242333603682
Punto[1.         0.56767992 0.6388319 ] -> F: 0.3451738668022046
Punto[1.         0.48290616 0.48322362] -> F: 0.3073284171222668
Punto[1.         0.48460163 0.48633579] -> F: 0.3128698573354109
Punto[1.         0.48629711 0.48944796] -> F: 0.3184734355312506
Punto[1.         0.48799258 0.49256012] -> F: 0.324190494413732
Punto[1.         0.48968806 0.49567229] -> F: 0.3298642163172475
Punto[1.         0.49138353 0.49878445] -> F: 0.3344168316599629
Punto[1.         0.49307901 0.50189662] -> F: 0.33894060906221424
Punto[1.         0.49477448 0.50500878] -> F: 0.34408978479895397
Punto[1.         0.49646996 0.50812095] -> F: 0.3494249939940895
Punto[1.         0.49816543 0.51123311] -> F: 0.3548736838758666
Punto[1.         0.49986091 0.51434528] -> F: 0.3604358544442853
Punto[1.         0.50155638 0.51745745] -> F: 0.36611150569934553
Punto[1.         0.50325186 0.52056961] -> F: 0.37190008313975076
Punto[1.         0.50494733 0.52368178] -> F: 0.3775247958522794
Punto[1.         0.50664281 0.52679394] -> F: 0.38243779950717854
Punto[1.         0.50833828 0.52990611] -> F: 0.3870650696824538
Punto[1.         0.51003376 0.53301827] -> F: 0.3922990101246235
Punto[1.         0.51172923 0.53613044] -> F: 0.39770253126719557
Punto[1.         0.51342471 0.5392426 ] -> F: 0.40321953309640884
Punto[1.         0.51512019 0.54235477] -> F: 0.4088500156122637
Punto[1.         0.51681566 0.54546693] -> F: 0.4145939788147604
Punto[1.         0.51851114 0.5485791 ] -> F: 0.41283276236805994
Punto[1.         0.52020661 0.55169127] -> F: 0.41041842436721726
Punto[1.         0.52190209 0.55480343] -> F: 0.4080142914503479
Punto[1.         0.52359756 0.5579156 ] -> F: 0.4056203636174519
Punto[1.         0.52529304 0.56102776] -> F: 0.4032366408685292
Punto[1.         0.52698851 0.56413993] -> F: 0.40086312320357975
Punto[1.         0.52868399 0.56725209] -> F: 0.39847652394119615
Punto[1.         0.53037946 0.57036426] -> F: 0.3960947162370229
Punto[1.         0.53207494 0.57347642] -> F: 0.393723365524086
Punto[1.         0.53377041 0.57658859] -> F: 0.3913624718023856
Punto[1.         0.53546589 0.57970075] -> F: 0.38901203507192156
Punto[1.         0.53716136 0.58281292] -> F: 0.38667205533269394
Punto[1.         0.53885684 0.58592509] -> F: 0.3843425325847027
Punto[1.         0.54055231 0.58903725] -> F: 0.3820224158749725
Punto[1.         0.54224779 0.59214942] -> F: 0.3796848682565555
Punto[1.         0.54394326 0.59526158] -> F: 0.37735804208762597
Punto[1.         0.54563874 0.59837375] -> F: 0.37504193736818425
Punto[1.         0.54733421 0.60148591] -> F: 0.3727365540982299
Punto[1.         0.54902969 0.60459808] -> F: 0.3704418922777632
Punto[1.         0.55072517 0.60771024] -> F: 0.36815795190678413
Punto[1.         0.55242064 0.61082241] -> F: 0.3658847329852926
Punto[1.         0.55411612 0.61393457] -> F: 0.3636001857841071
Punto[1.         0.55581159 0.61704674] -> F: 0.36131954463461496
Punto[1.         0.55750707 0.62015891] -> F: 0.35904990326788044
Punto[1.         0.55920254 0.62327107] -> F: 0.3567912616839031
Punto[1.         0.56089802 0.62638324] -> F: 0.3545436198826832
Punto[1.         0.56259349 0.6294954 ] -> F: 0.35230697786422066
Punto[1.         0.56428897 0.63260757] -> F: 0.35004192470045037
Punto[1.         0.56598444 0.63571973] -> F: 0.34761786437213954
{
  "seed": 1280,
  "n_per_z": 10,
  "nz": 100,
  "nd": 100,
  "n_muestras": 50,
  "best_f": 0.4145939788147604,
  "best_cp": [
    1.0,
    0.5168156606150021,
    0.5454669344300875
  ],
  "best_u": [
    0.09410831331851438,
    -0.5334487766962616,
    -0.8405807682820291
  ],
  "best_index": 24,
  "n_candidatos": 54
}
