Punto[0.         0.51763728 0.4344516 ] -> F: 0.13731767181436402
Punto[1.         0.5101926  0.46894386] -> F: 0.46545354785946946
Punto[2.         0.4732752  0.51870551] -> F: 0.1410114544958448
Punto[1.         0.49545624 0.47657855] -> F: 0.4809122741289211
Punto[1.         0.50989788 0.46909655] -> F: 0.46601857555883575
Punto[1.         0.50960904 0.46924619] -> F: 0.46657246361810245
Punto[1.         0.50932021 0.46939583] -> F: 0.4671265109658639
Punto[1.         0.50903138 0.46954547] -> F: 0.46768071760212
Punto[1.         0.50874254 0.46969511] -> F: 0.4682253557752306
Punto[1.         0.50845371 0.46984475] -> F: 0.4687674966119154
Punto[1.         0.50816488 0.46999439] -> F: 0.46930980058158767
Punto[1.         0.50787605 0.47014403] -> F: 0.4698522676842469
Punto[1.         0.50758721 0.47029367] -> F: 0.47039489791989364
Punto[1.         0.50729838 0.47044331] -> F: 0.47093769128852764
Punto[1.         0.50700955 0.47059295] -> F: 0.47148064779014875
Punto[1.         0.50672072 0.47074259] -> F: 0.4720237674247572
Punto[1.         0.50643188 0.47089223] -> F: 0.472567050192353
Punto[1.         0.50614305 0.47104187] -> F: 0.473110496092936
Punto[1.         0.50585422 0.47119151] -> F: 0.4736541051265062
Punto[1.         0.50556538 0.47134115] -> F: 0.47419787729306384
Punto[1.         0.50527655 0.47149079] -> F: 0.47474181259260845
Punto[1.         0.50498772 0.47164043] -> F: 0.4752859110251405
Punto[1.         0.50469889 0.47179007] -> F: 0.47583017259066
Punto[1.         0.50441005 0.47193971] -> F: 0.4763745972891665
Punto[1.         0.50412122 0.47208935] -> F: 0.47691918512066045
Punto[1.         0.50383239 0.47223899] -> F: 0.4774639360851414
Punto[1.         0.50354356 0.47238863] -> F: 0.4780088501826098
Punto[1.         0.50325472 0.47253827] -> F: 0.47855392741306546
Punto[1.         0.50296589 0.47268791] -> F: 0.47909916777650835
Punto[1.         0.50267706 0.47283755] -> F: 0.4796445712729386
Punto[1.         0.50238822 0.47298719] -> F: 0.4801901379023559
Punto[1.         0.50209939 0.47313683] -> F: 0.48073586766476073
Punto[1.         0.50181056 0.47328647] -> F: 0.48128176056015276
Punto[1.         0.50152173 0.47343611] -> F: 0.48182781658853185
Punto[1.         0.50123289 0.47358575] -> F: 0.48237403574989846
Punto[1.         0.50094406 0.47373539] -> F: 0.4829204180442524
Punto[1.         0.50065523 0.47388503] -> F: 0.4834669634715931
Punto[1.         0.5003664  0.47403467] -> F: 0.4840136720319216
Punto[1.         0.50007756 0.47418431] -> F: 0.4845605437252372
Punto[1.         0.49978873 0.47433395] -> F: 0.4851075785515399
Punto[1.         0.4994999  0.47448359] -> F: 0.48511178135519717
Punto[1.         0.49921106 0.47463323] -> F: 0.4848500198613615
Punto[1.         0.49892223 0.47478287] -> F: 0.48458828188100617
Punto[1.         0.4986334  0.47493251] -> F: 0.4843265674141312
Punto[1.         0.49834457 0.47508215] -> F: 0.48406487646073676
Punto[1.         0.49805573 0.47523179] -> F: 0.483773686885714
Punto[1.         0.4977669  0.47538143] -> F: 0.48346049930722196
Punto[1.         0.49747807 0.47553107] -> F: 0.4831473601209428
Punto[1.         0.49718924 0.47568071] -> F: 0.48283426932687595
Punto[1.         0.4969004  0.47583035] -> F: 0.4825212269250219
Punto[1.         0.49661157 0.47597999] -> F: 0.48220823291538034
Punto[1.         0.49632274 0.47612963] -> F: 0.48189528729795134
Punto[1.         0.49603391 0.47627927] -> F: 0.4815713239333795
Punto[1.         0.49574507 0.47642891] -> F: 0.48124295607514744
{
  "seed": 14886,
  "n_per_z": 10,
  "nz": 100,
  "nd": 100,
  "n_muestras": 50,
  "best_f": 0.48511178135519717,
  "best_cp": [
    1.0,
    0.49949989769363745,
    0.4744835939529297
  ],
  "best_u": [
    0.03141075907812828,
    -0.9293176973191034,
    -0.367942905440036
  ],
  "best_index": 40,
  "n_candidatos": 54
}
