Punto[0.         0.38320044 0.32256481] -> F: 0.14681669788307217
Punto[1.         0.41993693 0.5092084 ] -> F: 0.3666622585470509
Punto[2.         0.41962734 0.514498  ] -> F: 0.11276178362621242
Punto[1.         0.40141389 0.41853141] -> F: 0.3766231558948721
Punto[1.         0.41956647 0.50739486] -> F: 0.37049353886718267
Punto[1.         0.41920342 0.50561759] -> F: 0.37425433901233573
Punto[1.         0.41884037 0.50384032] -> F: 0.37802122251384734
Punto[1.         0.41847732 0.50206305] -> F: 0.3817941893717177
Punto[1.         0.41811427 0.50028578] -> F: 0.38557323958594675
Punto[1.         0.41775122 0.49850851] -> F: 0.38935837315653465
Punto[1.         0.41738816 0.49673125] -> F: 0.3931129653797987
Punto[1.         0.41702511 0.49495398] -> F: 0.3968335459717318
Punto[1.         0.41666206 0.49317671] -> F: 0.4005598896876335
Punto[1.         0.41629901 0.49139944] -> F: 0.40423201776490236
Punto[1.         0.41593596 0.48962217] -> F: 0.4078966506917837
Punto[1.         0.41557291 0.4878449 ] -> F: 0.411548672178795
Punto[1.         0.41520985 0.48606763] -> F: 0.4151543223915385
Punto[1.         0.4148468  0.48429036] -> F: 0.41876518093312376
Punto[1.         0.41448375 0.48251309] -> F: 0.4223269247256529
Punto[1.         0.4141207  0.48073582] -> F: 0.4250575069642067
Punto[1.         0.41375765 0.47895855] -> F: 0.4236379221307782
Punto[1.         0.4133946  0.47718129] -> F: 0.4222224490876884
Punto[1.         0.41303155 0.47540402] -> F: 0.4208110878349372
Punto[1.         0.41266849 0.47362675] -> F: 0.41937111852067543
Punto[1.         0.41230544 0.47184948] -> F: 0.4179266479046475
Punto[1.         0.41194239 0.47007221] -> F: 0.41648804540986345
Punto[1.         0.41157934 0.46829494] -> F: 0.4150553110363231
Punto[1.         0.41121629 0.46651767] -> F: 0.41362844478402644
Punto[1.         0.41085324 0.4647404 ] -> F: 0.4122074466529737
Punto[1.         0.41049018 0.46296313] -> F: 0.41079231664316457
Punto[1.         0.41012713 0.46118586] -> F: 0.40938305475459924
Punto[1.         0.40976408 0.4594086 ] -> F: 0.4079796609872777
Punto[1.         0.40940103 0.45763133] -> F: 0.4065821353411999
Punto[1.         0.40903798 0.45585406] -> F: 0.4051904778163659
Punto[1.         0.40867493 0.45407679] -> F: 0.4038046884127758
Punto[1.         0.40831187 0.45229952] -> F: 0.40242476713042924
Punto[1.         0.40794882 0.45052225] -> F: 0.40103363305567485
Punto[1.         0.40758577 0.44874498] -> F: 0.399634113605039
Punto[1.         0.40722272 0.44696771] -> F: 0.39824073540121024
Punto[1.         0.40685967 0.44519044] -> F: 0.3968534984441885
Punto[1.         0.40649662 0.44341317] -> F: 0.39547240273397394
Punto[1.         0.40613356 0.44163591] -> F: 0.3940974482705664
Punto[1.         0.40577051 0.43985864] -> F: 0.392728635053966
Punto[1.         0.40540746 0.43808137] -> F: 0.39136596308417254
Punto[1.         0.40504441 0.4363041 ] -> F: 0.39000943236118624
Punto[1.         0.40468136 0.43452683] -> F: 0.38865904288500697
Punto[1.         0.40431831 0.43274956] -> F: 0.3873147946556347
Punto[1.         0.40395526 0.43097229] -> F: 0.3859766876730696
Punto[1.         0.4035922  0.42919502] -> F: 0.3846447219373115
Punto[1.         0.40322915 0.42741775] -> F: 0.3833176993374974
Punto[1.         0.4028661  0.42564048] -> F: 0.38196590151919935
Punto[1.         0.40250305 0.42386322] -> F: 0.38062054826578784
Punto[1.         0.40214    0.42208595] -> F: 0.3792816395772628
Punto[1.         0.40177695 0.42030868] -> F: 0.3779491754536242
Best centerpoint:  [1.         0.4141207  0.48073582] Best F:  0.4250575069642067 Best u:  [ 0.4539905  -0.54610418 -0.70403327] índice:  16
{
  "seed": 15882,
  "n_per_z": 5,
  "nz": 100,
  "nd": 100,
  "n_muestras": 50,
  "best_f": 0.4250575069642067,
  "best_cp": [
    1.0,
    0.41412069986990685,
    0.48073582395262376
  ],
  "best_u": [
    0.4539904997395467,
    -0.5461041835258721,
    -0.7040332711468807
  ],
  "n_candidatos": 54
}
