Punto[0.         0.62323003 0.53219997] -> F: 0.11305791455754471
Punto[1.         0.50068858 0.56770313] -> F: 0.4101193271145487
Punto[2.         0.49618846 0.5194614 ] -> F: 0.15746587915613905
Punto[1.         0.55970924 0.52583068] -> F: 0.41561728288128214
Punto[1.         0.501869   0.56686568] -> F: 0.41160970170373956
Punto[1.         0.5030258  0.56604498] -> F: 0.4130795895816894
Punto[1.         0.50418261 0.56522428] -> F: 0.4145587040908833
Punto[1.         0.50533941 0.56440358] -> F: 0.4160470452313217
Punto[1.         0.50649622 0.56358288] -> F: 0.41754461300300433
Punto[1.         0.50765302 0.56276218] -> F: 0.41905140740593116
Punto[1.         0.50880983 0.56194148] -> F: 0.4205674284401025
Punto[1.         0.50996663 0.56112078] -> F: 0.42207648298700634
Punto[1.         0.51112344 0.56030008] -> F: 0.42359033762796716
Punto[1.         0.51228024 0.55947938] -> F: 0.4251123121663502
Punto[1.         0.51343705 0.55865868] -> F: 0.4266424066021554
Punto[1.         0.51459385 0.55783798] -> F: 0.42818062093538256
Punto[1.         0.51575066 0.55701728] -> F: 0.429726955166032
Punto[1.         0.51690746 0.55619658] -> F: 0.43107914717884077
Punto[1.         0.51806427 0.55537588] -> F: 0.43240826055756504
Punto[1.         0.51922107 0.55455518] -> F: 0.4337547941423857
Punto[1.         0.52037788 0.55373448] -> F: 0.4351150665026827
Punto[1.         0.52153468 0.55291378] -> F: 0.4364674764790224
Punto[1.         0.52269149 0.55209308] -> F: 0.437281696468322
Punto[1.         0.52384829 0.55127238] -> F: 0.43664520829717945
Punto[1.         0.5250051  0.55045168] -> F: 0.4360090800994965
Punto[1.         0.5261619  0.54963098] -> F: 0.43535824840821497
Punto[1.         0.52731871 0.54881028] -> F: 0.43470724529158744
Punto[1.         0.52847551 0.54798958] -> F: 0.43405243050615594
Punto[1.         0.52963232 0.54716888] -> F: 0.43338646220794513
Punto[1.         0.53078912 0.54634818] -> F: 0.4327208902862255
Punto[1.         0.53194593 0.54552748] -> F: 0.43204692078341733
Punto[1.         0.53310273 0.54470678] -> F: 0.4313662787501449
Punto[1.         0.53425954 0.54388608] -> F: 0.4306860522480818
Punto[1.         0.53541634 0.54306538] -> F: 0.4300009798860497
Punto[1.         0.53657315 0.54224468] -> F: 0.42930919312616767
Punto[1.         0.53772995 0.54142398] -> F: 0.42861852963254093
Punto[1.         0.53888676 0.54060328] -> F: 0.4279289894051693
Punto[1.         0.54004356 0.53978258] -> F: 0.42724057244405306
Punto[1.         0.54120037 0.53896188] -> F: 0.42655327874919213
Punto[1.         0.54235717 0.53814118] -> F: 0.4258671083205864
Punto[1.         0.54351397 0.53732048] -> F: 0.42518206115823587
Punto[1.         0.54467078 0.53649978] -> F: 0.4244981372621407
Punto[1.         0.54582758 0.53567908] -> F: 0.42381533663230075
Punto[1.         0.54698439 0.53485838] -> F: 0.42313365926871604
Punto[1.         0.54814119 0.53403768] -> F: 0.42245020845376147
Punto[1.         0.549298   0.53321698] -> F: 0.4217617254239256
Punto[1.         0.5504548  0.53239628] -> F: 0.42107439583244255
Punto[1.         0.55161161 0.53157558] -> F: 0.42038821967931245
Punto[1.         0.55276841 0.53075488] -> F: 0.4197031969645351
Punto[1.         0.55392522 0.52993418] -> F: 0.4190193276881106
Punto[1.         0.55508202 0.52911348] -> F: 0.41833661185003923
Punto[1.         0.55623883 0.52829278] -> F: 0.41765504945032056
Punto[1.         0.55739563 0.52747208] -> F: 0.41697464048895494
Punto[1.         0.55855244 0.52665138] -> F: 0.4162953849659421
{
  "seed": 19744,
  "n_per_z": 10,
  "nz": 100,
  "nd": 100,
  "n_muestras": 50,
  "best_f": 0.437281696468322,
  "best_cp": [
    1.0,
    0.5226914858863501,
    0.5520930790295409
  ],
  "best_u": [
    -0.9995065603657316,
    0.010640015203451083,
    -0.029553779154865265
  ],
  "best_index": 22,
  "n_candidatos": 54
}
