Punto[0.         0.63640442 0.60327637] -> F: 0.11032313911938335
Punto[1.         0.55398394 0.46256427] -> F: 0.4160172719323877
Punto[2.         0.4904014  0.47442154] -> F: 0.13946488660370068
Punto[1.         0.56340291 0.53884895] -> F: 0.42010637289382385
Punto[1.         0.55417231 0.46408996] -> F: 0.41824705660372125
Punto[1.         0.55435693 0.46558514] -> F: 0.42042487571679926
Punto[1.         0.55454154 0.46708032] -> F: 0.4225583977578173
Punto[1.         0.55472615 0.4685755 ] -> F: 0.42469401010596103
Punto[1.         0.55491076 0.47007068] -> F: 0.4268317127612304
Punto[1.         0.55509537 0.47156586] -> F: 0.42897150572362536
Punto[1.         0.55527999 0.47306104] -> F: 0.4311133889931458
Punto[1.         0.5554646  0.47455622] -> F: 0.43325736256979175
Punto[1.         0.55564921 0.4760514 ] -> F: 0.43540342645356345
Punto[1.         0.55583382 0.47754658] -> F: 0.4375515806444606
Punto[1.         0.55601843 0.47904176] -> F: 0.43970182514248335
Punto[1.         0.55620305 0.48053694] -> F: 0.44185415994763155
Punto[1.         0.55638766 0.48203212] -> F: 0.4440007114254863
Punto[1.         0.55657227 0.4835273 ] -> F: 0.4457850552981544
Punto[1.         0.55675688 0.48502248] -> F: 0.44757597736259064
Punto[1.         0.55694149 0.48651766] -> F: 0.449373477618796
Punto[1.         0.55712611 0.48801284] -> F: 0.4511191276767771
Punto[1.         0.55731072 0.48950802] -> F: 0.4517298831665721
Punto[1.         0.55749533 0.4910032 ] -> F: 0.4509272398614122
Punto[1.         0.55767994 0.49249838] -> F: 0.4501382538318594
Punto[1.         0.55786455 0.49399356] -> F: 0.44936001133482806
Punto[1.         0.55804917 0.49548874] -> F: 0.4485820993792847
Punto[1.         0.55823378 0.49698392] -> F: 0.44780359133659137
Punto[1.         0.55841839 0.4984791 ] -> F: 0.4470086881824589
Punto[1.         0.558603   0.49997428] -> F: 0.44616954470975556
Punto[1.         0.55878761 0.50146946] -> F: 0.4453390764889401
Punto[1.         0.55897223 0.50296464] -> F: 0.4445172835200127
Punto[1.         0.55915684 0.50445982] -> F: 0.44370416580297317
Punto[1.         0.55934145 0.505955  ] -> F: 0.44289174135300435
Punto[1.         0.55952606 0.50745018] -> F: 0.44171113578280163
Punto[1.         0.55971067 0.50894536] -> F: 0.44054433087963457
Punto[1.         0.55989529 0.51044054] -> F: 0.43939132664350317
Punto[1.         0.5600799  0.51193572] -> F: 0.43825212307440803
Punto[1.         0.56026451 0.5134309 ] -> F: 0.4371267201723487
Punto[1.         0.56044912 0.51492608] -> F: 0.43601361439676434
Punto[1.         0.56063373 0.51642126] -> F: 0.4347770334391526
Punto[1.         0.56081834 0.51791644] -> F: 0.43358068566972546
Punto[1.         0.56100296 0.51941162] -> F: 0.4324246587169205
Punto[1.         0.56118757 0.5209068 ] -> F: 0.43130895258073765
Punto[1.         0.56137218 0.52240198] -> F: 0.4302335672611769
Punto[1.         0.56155679 0.52389715] -> F: 0.42919850275823823
Punto[1.         0.5617414  0.52539233] -> F: 0.4282037590719218
Punto[1.         0.56192602 0.52688751] -> F: 0.42724933620222766
Punto[1.         0.56211063 0.52838269] -> F: 0.4263352341491554
Punto[1.         0.56229524 0.52987787] -> F: 0.4254614536632808
Punto[1.         0.56247985 0.53137305] -> F: 0.42462807755748383
Punto[1.         0.56266446 0.53286823] -> F: 0.42375234314583876
Punto[1.         0.56284908 0.53436341] -> F: 0.4228201495822813
Punto[1.         0.56303369 0.53585859] -> F: 0.4219017566857596
Punto[1.         0.5632183  0.53735377] -> F: 0.4209971644562738
{
  "seed": 7202,
  "n_per_z": 10,
  "nz": 100,
  "nd": 100,
  "n_muestras": 50,
  "best_f": 0.4517298831665721,
  "best_cp": [
    1.0,
    0.5573107178535756,
    0.48950801862497767
  ],
  "best_u": [
    -0.3090169943749471,
    -0.628944958819362,
    0.7133980207171764
  ],
  "best_index": 21,
  "n_candidatos": 54
}
