Punto[0.         0.494431   0.37666057] -> F: 0.16920155672486162
Punto[1.         0.52197613 0.49791349] -> F: 0.40544347179362317
Punto[2.         0.53786409 0.60096144] -> F: 0.09423335122859985
Punto[1.         0.51614755 0.48881101] -> F: 0.40926758611967967
Punto[1.         0.52185956 0.49773144] -> F: 0.4055852378267954
Punto[1.         0.52174532 0.49755303] -> F: 0.4057243794027125
Punto[1.         0.52163108 0.49737463] -> F: 0.40586372971210416
Punto[1.         0.52151684 0.49719622] -> F: 0.4060032887549707
Punto[1.         0.5214026  0.49701781] -> F: 0.406143056531312
Punto[1.         0.52128836 0.4968394 ] -> F: 0.406283033041128
Punto[1.         0.52117412 0.49666099] -> F: 0.4064232182844185
Punto[1.         0.52105988 0.49648258] -> F: 0.4065636122611842
Punto[1.         0.52094564 0.49630417] -> F: 0.40670421497142434
Punto[1.         0.5208314  0.49612576] -> F: 0.40684502641513937
Punto[1.         0.52071715 0.49594736] -> F: 0.4069832147514215
Punto[1.         0.52060291 0.49576895] -> F: 0.40710402407115986
Punto[1.         0.52048867 0.49559054] -> F: 0.4072248143361786
Punto[1.         0.52037443 0.49541213] -> F: 0.40734558554647765
Punto[1.         0.52026019 0.49523372] -> F: 0.4074663587295527
Punto[1.         0.52014595 0.49505531] -> F: 0.40758748230387226
Punto[1.         0.52003171 0.4948769 ] -> F: 0.4077090797979195
Punto[1.         0.51991747 0.49469849] -> F: 0.4078311512116942
Punto[1.         0.51980323 0.49452009] -> F: 0.40795369654519664
Punto[1.         0.51968899 0.49434168] -> F: 0.40807671579842636
Punto[1.         0.51957475 0.49416327] -> F: 0.4082002089713839
Punto[1.         0.51946051 0.49398486] -> F: 0.40832417606406907
Punto[1.         0.51934627 0.49380645] -> F: 0.4084486170764818
Punto[1.         0.51923203 0.49362804] -> F: 0.408573532008622
Punto[1.         0.51911779 0.49344963] -> F: 0.40869892086048987
Punto[1.         0.51900355 0.49327122] -> F: 0.4088247836320853
Punto[1.         0.51888931 0.49309282] -> F: 0.40895112032340825
Punto[1.         0.51877507 0.49291441] -> F: 0.40907793093445893
Punto[1.         0.51866083 0.492736  ] -> F: 0.40920521546523714
Punto[1.         0.51854659 0.49255759] -> F: 0.4093329739157431
Punto[1.         0.51843235 0.49237918] -> F: 0.40946120628597626
Punto[1.         0.51831811 0.49220077] -> F: 0.40958991257593735
Punto[1.         0.51820387 0.49202236] -> F: 0.4097190927856259
Punto[1.         0.51808963 0.49184396] -> F: 0.40984874691504214
Punto[1.         0.51797539 0.49166555] -> F: 0.40997887496418595
Punto[1.         0.51786115 0.49148714] -> F: 0.4101094769330572
Punto[1.         0.51774691 0.49130873] -> F: 0.4102405528216563
Punto[1.         0.51763267 0.49113032] -> F: 0.41037210262998275
Punto[1.         0.51751843 0.49095191] -> F: 0.4105041263580369
Punto[1.         0.51740419 0.4907735 ] -> F: 0.4106366240058185
Punto[1.         0.51728995 0.49059509] -> F: 0.4107473108546474
Punto[1.         0.51717571 0.49041669] -> F: 0.41059946107729905
Punto[1.         0.51706147 0.49023828] -> F: 0.4104515840341401
Punto[1.         0.51694723 0.49005987] -> F: 0.41030367972517034
Punto[1.         0.51683299 0.48988146] -> F: 0.4101557481503897
Punto[1.         0.51671875 0.48970305] -> F: 0.4100077893097983
Punto[1.         0.51660451 0.48952464] -> F: 0.40985980320339616
Punto[1.         0.51649027 0.48934623] -> F: 0.4097117898311831
Punto[1.         0.51637603 0.48916782] -> F: 0.40956374919315947
Punto[1.         0.51626179 0.48898942] -> F: 0.40941568128932493
{
  "seed": 12123,
  "n_per_z": 10,
  "nz": 100,
  "nd": 100,
  "n_muestras": 50,
  "best_f": 0.4107473108546474,
  "best_cp": [
    1.0,
    0.5172899488019906,
    0.49059509447396166
  ],
  "best_u": [
    0.3971478906347807,
    -0.02882736944019744,
    -0.9173017691771355
  ],
  "best_index": 44,
  "n_candidatos": 54
}
