Punto[0.         0.42119162 0.47086733] -> F: 0.16553020901722484
Punto[1.         0.5161744  0.48284236] -> F: 0.3516740844623957
Punto[2.         0.40398298 0.45591723] -> F: 0.09511119181189481
Punto[1.         0.4125873  0.46339228] -> F: 0.35601824663038456
Punto[1.         0.51410266 0.48245336] -> F: 0.3557651985226208
Punto[1.         0.51207235 0.48207214] -> F: 0.3597972918300668
Punto[1.         0.51004204 0.48169092] -> F: 0.3638516284560115
Punto[1.         0.50801173 0.4813097 ] -> F: 0.3679221863339057
Punto[1.         0.50598143 0.48092847] -> F: 0.37197518452667105
Punto[1.         0.50395112 0.48054725] -> F: 0.37599133921326056
Punto[1.         0.50192081 0.48016603] -> F: 0.37986434580150197
Punto[1.         0.49989051 0.47978481] -> F: 0.3837611085365964
Punto[1.         0.4978602  0.47940359] -> F: 0.3876694868163416
Punto[1.         0.49582989 0.47902237] -> F: 0.39158201111893315
Punto[1.         0.49379958 0.47864114] -> F: 0.39538777267622216
Punto[1.         0.49176928 0.47825992] -> F: 0.3991320598015252
Punto[1.         0.48973897 0.4778787 ] -> F: 0.40287280980517
Punto[1.         0.48770866 0.47749748] -> F: 0.4066121572789441
Punto[1.         0.48567836 0.47711626] -> F: 0.40824463954686024
Punto[1.         0.48364805 0.47673504] -> F: 0.40679541273680553
Punto[1.         0.48161774 0.47635382] -> F: 0.4053481239241172
Punto[1.         0.47958743 0.47597259] -> F: 0.4039027731087952
Punto[1.         0.47755713 0.47559137] -> F: 0.4024566227736567
Punto[1.         0.47552682 0.47521015] -> F: 0.4009980815274581
Punto[1.         0.47349651 0.47482893] -> F: 0.3995415244820894
Punto[1.         0.47146621 0.47444771] -> F: 0.3980869516375508
Punto[1.         0.4694359  0.47406649] -> F: 0.3966343629938422
Punto[1.         0.46740559 0.47368526] -> F: 0.39518375855096355
Punto[1.         0.46537529 0.47330404] -> F: 0.39373513830891493
Punto[1.         0.46334498 0.47292282] -> F: 0.3922885022676962
Punto[1.         0.46131467 0.4725416 ] -> F: 0.39083064095280257
Punto[1.         0.45928436 0.47216038] -> F: 0.38937092431488085
Punto[1.         0.45725406 0.47177916] -> F: 0.3879132391364443
Punto[1.         0.45522375 0.47139793] -> F: 0.386457585417493
Punto[1.         0.45319344 0.47101671] -> F: 0.3850039631580268
Punto[1.         0.45116314 0.47063549] -> F: 0.38355237235804573
Punto[1.         0.44913283 0.47025427] -> F: 0.3821028130175499
Punto[1.         0.44710252 0.46987305] -> F: 0.38064636395369417
Punto[1.         0.44507221 0.46949183] -> F: 0.37918375761361106
Punto[1.         0.44304191 0.46911061] -> F: 0.3777232311799241
Punto[1.         0.4410116  0.46872938] -> F: 0.3762647846526334
Punto[1.         0.43898129 0.46834816] -> F: 0.374808418031739
Punto[1.         0.43695099 0.46796694] -> F: 0.3733541313172407
Punto[1.         0.43492068 0.46758572] -> F: 0.3719019245091388
Punto[1.         0.43289037 0.4672045 ] -> F: 0.370451797607433
Punto[1.         0.43086007 0.46682328] -> F: 0.36899528082762023
Punto[1.         0.42882976 0.46644205] -> F: 0.36753935665809634
Punto[1.         0.42679945 0.46606083] -> F: 0.36608694035880807
Punto[1.         0.42476914 0.46567961] -> F: 0.36463803192975525
Punto[1.         0.42273884 0.46529839] -> F: 0.363192631370938
Punto[1.         0.42070853 0.46491717] -> F: 0.36175073868235624
Punto[1.         0.41867822 0.46453595] -> F: 0.36031235386401
Punto[1.         0.41664792 0.46415472] -> F: 0.3588774769158994
Punto[1.         0.41461761 0.4637735 ] -> F: 0.35744610783802416
{
  "seed": 8751,
  "n_per_z": 10,
  "nz": 100,
  "nd": 100,
  "n_muestras": 50,
  "best_f": 0.40824463954686024,
  "best_cp": [
    1.0,
    0.48567835617392296,
    0.47711625855237394
  ],
  "best_u": [
    0.7289686274214113,
    -0.5779822378571781,
    -0.36679868178191705
  ],
  "best_index": 18,
  "n_candidatos": 54
}
