Punto[0.         0.4759774  0.23122513] -> F: 0.07273580488318925
Punto[1.         0.45151372 0.4560715 ] -> F: 0.35918825183300923
Punto[2.         0.49962317 0.53683169] -> F: 0.20243631339596263
Punto[1.         0.48780028 0.38402841] -> F: 0.3300388497876004
Punto[1.         0.45223945 0.45463064] -> F: 0.36011573407193753
Punto[1.         0.45295067 0.4532186 ] -> F: 0.36102630869379887
Punto[1.         0.45366188 0.45180655] -> F: 0.36058269535945253
Punto[1.         0.4543731  0.45039451] -> F: 0.3600640481053058
Punto[1.         0.45508432 0.44898246] -> F: 0.35954562027455395
Punto[1.         0.45579553 0.44757042] -> F: 0.3590179565225271
Punto[1.         0.45650675 0.44615837] -> F: 0.3584797890374022
Punto[1.         0.45721797 0.44474633] -> F: 0.35794185841170617
Punto[1.         0.45792918 0.44333429] -> F: 0.3574041646454393
Punto[1.         0.4586404  0.44192224] -> F: 0.35686429293200717
Punto[1.         0.45935162 0.4405102 ] -> F: 0.35630750970337705
Punto[1.         0.46006283 0.43909815] -> F: 0.3557509809041166
Punto[1.         0.46077405 0.43768611] -> F: 0.355194706534226
Punto[1.         0.46148527 0.43627406] -> F: 0.3546386865937052
Punto[1.         0.46219648 0.43486202] -> F: 0.3540653738229024
Punto[1.         0.4629077  0.43344997] -> F: 0.3534908672914694
Punto[1.         0.46361892 0.43203793] -> F: 0.35291663289923364
Punto[1.         0.46433013 0.43062588] -> F: 0.3523426706461946
Punto[1.         0.46504135 0.42921384] -> F: 0.35175320112898595
Punto[1.         0.46575257 0.42780179] -> F: 0.35116127856754104
Punto[1.         0.46646378 0.42638975] -> F: 0.350569646004948
Punto[1.        0.467175  0.4249777] -> F: 0.3499783034412066
Punto[1.         0.46788622 0.42356566] -> F: 0.34937103068813946
Punto[1.         0.46859743 0.42215362] -> F: 0.34876220020122845
Punto[1.         0.46930865 0.42074157] -> F: 0.34815367773604616
Punto[1.         0.47001987 0.41932953] -> F: 0.34754351854845233
Punto[1.         0.47073108 0.41791748] -> F: 0.346918219417998
Punto[1.         0.4714423  0.41650544] -> F: 0.3462931987038008
Punto[1.         0.47215352 0.41509339] -> F: 0.3456684564058607
Punto[1.         0.47286473 0.41368135] -> F: 0.345032317554357
Punto[1.         0.47357595 0.4122693 ] -> F: 0.3443914731007094
Punto[1.         0.47428717 0.41085726] -> F: 0.3437509221314238
Punto[1.         0.47499838 0.40944521] -> F: 0.3431034686155985
Punto[1.         0.4757096  0.40803317] -> F: 0.34244091259078896
Punto[1.         0.47642082 0.40662112] -> F: 0.34174548592354337
Punto[1.         0.47713203 0.40520908] -> F: 0.3410509064841232
Punto[1.         0.47784325 0.40379704] -> F: 0.3403571742725284
Punto[1.         0.47855447 0.40238499] -> F: 0.33964868906135465
Punto[1.         0.47926568 0.40097295] -> F: 0.33893362426816975
Punto[1.        0.4799769 0.3995609] -> F: 0.33821946410938697
Punto[1.         0.48068812 0.39814886] -> F: 0.337506208585006
Punto[1.         0.48139933 0.39673681] -> F: 0.33678007242246055
Punto[1.         0.48211055 0.39532477] -> F: 0.3360451506492058
Punto[1.         0.48282177 0.39391272] -> F: 0.33531119428367107
Punto[1.         0.48353298 0.39250068] -> F: 0.3345782033258565
Punto[1.         0.4842442  0.39108863] -> F: 0.33383522465291426
Punto[1.         0.48495542 0.38967659] -> F: 0.3330801682438648
Punto[1.         0.48566663 0.38826454] -> F: 0.3323261417450525
Punto[1.         0.48637785 0.3868525 ] -> F: 0.3315731451564771
Punto[1.         0.48708907 0.38544046] -> F: 0.3308143829200991
{
  "seed": 12000,
  "n_per_z": 10,
  "nz": 100,
  "nd": 100,
  "n_muestras": 50,
  "best_f": 0.36102630869379887,
  "best_cp": [
    1.0,
    0.45295066658292493,
    0.4532185974992755
  ],
  "best_u": [
    -0.968583161128631,
    -0.126593452245198,
    0.21405783757365954
  ],
  "best_index": 5,
  "n_candidatos": 54
}
