Punto[0.         0.45782662 0.60810772] -> F: 0.1499392370376087
Punto[1.         0.49272769 0.54090323] -> F: 0.44413192496747783
Punto[2.         0.47031211 0.50414711] -> F: 0.12912695123783594
Punto[1.         0.46406937 0.55612741] -> F: 0.4470551018942698
Punto[1.         0.49215453 0.54120772] -> F: 0.44542273177420383
Punto[1.         0.49159282 0.54150611] -> F: 0.4466894242630925
Punto[1.         0.49103112 0.54180451] -> F: 0.4479578013801944
Punto[1.         0.49046942 0.5421029 ] -> F: 0.4492278631255096
Punto[1.         0.48990771 0.54240129] -> F: 0.45049960949903806
Punto[1.         0.48934601 0.54269969] -> F: 0.4513236309047566
Punto[1.         0.48878431 0.54299808] -> F: 0.4516053034767879
Punto[1.         0.4882226  0.54329647] -> F: 0.451887871934594
Punto[1.         0.4876609  0.54359487] -> F: 0.45217056308522013
Punto[1.         0.4870992  0.54389326] -> F: 0.45244921155837065
Punto[1.         0.48653749 0.54419166] -> F: 0.4527287639783862
Punto[1.         0.48597579 0.54449005] -> F: 0.4530092203452671
Punto[1.         0.48541409 0.54478844] -> F: 0.4532905806590132
Punto[1.         0.48485238 0.54508684] -> F: 0.45357284491962424
Punto[1.         0.48429068 0.54538523] -> F: 0.45385601312710055
Punto[1.         0.48372898 0.54568363] -> F: 0.454140085281442
Punto[1.         0.48316728 0.54598202] -> F: 0.4544250613826487
Punto[1.         0.48260557 0.54628041] -> F: 0.4547109414307206
Punto[1.         0.48204387 0.54657881] -> F: 0.45499772542565764
Punto[1.         0.48148217 0.5468772 ] -> F: 0.4552854133674598
Punto[1.         0.48092046 0.5471756 ] -> F: 0.45557400525612696
Punto[1.         0.48035876 0.54747399] -> F: 0.45586350109165946
Punto[1.         0.47979706 0.54777238] -> F: 0.4561539008740572
Punto[1.         0.47923535 0.54807078] -> F: 0.45644520460332016
Punto[1.         0.47867365 0.54836917] -> F: 0.4567374122794481
Punto[1.         0.47811195 0.54866756] -> F: 0.4567486554782844
Punto[1.         0.47755024 0.54896596] -> F: 0.4563800043924461
Punto[1.         0.47698854 0.54926435] -> F: 0.4560114607528143
Punto[1.         0.47642684 0.54956275] -> F: 0.45564302455938943
Punto[1.         0.47586513 0.54986114] -> F: 0.45527469581217134
Punto[1.         0.47530343 0.55015953] -> F: 0.4549015425649869
Punto[1.         0.47474173 0.55045793] -> F: 0.4545203721104961
Punto[1.         0.47418002 0.55075632] -> F: 0.4541393168614791
Punto[1.         0.47361832 0.55105472] -> F: 0.45375837681793624
Punto[1.         0.47305662 0.55135311] -> F: 0.4533775519798672
Punto[1.         0.47249491 0.5516515 ] -> F: 0.4529968423472719
Punto[1.         0.47193321 0.5519499 ] -> F: 0.45261624792015065
Punto[1.         0.47137151 0.55224829] -> F: 0.4522357686985032
Punto[1.         0.4708098  0.55254669] -> F: 0.45184368988740875
Punto[1.         0.4702481  0.55284508] -> F: 0.451449936772036
Punto[1.         0.4696864  0.55314347] -> F: 0.45105630719398254
Punto[1.         0.46912469 0.55344187] -> F: 0.45066280115324836
Punto[1.         0.46856299 0.55374026] -> F: 0.4502694186498335
Punto[1.         0.46800129 0.55403865] -> F: 0.449876159683738
Punto[1.         0.46743958 0.55433705] -> F: 0.4494830242549617
Punto[1.         0.46687788 0.55463544] -> F: 0.4490883025567852
Punto[1.         0.46631618 0.55493384] -> F: 0.44868139740205354
Punto[1.         0.46575448 0.55523223] -> F: 0.4482746247584362
Punto[1.         0.46519277 0.55553062] -> F: 0.4478679846259331
Punto[1.         0.46463107 0.55582902] -> F: 0.44746147700454436
{
  "seed": 17682,
  "n_per_z": 10,
  "nz": 100,
  "nd": 100,
  "n_muestras": 50,
  "best_f": 0.4567486554782844,
  "best_cp": [
    1.0,
    0.4781119460560693,
    0.5486675648027279
  ],
  "best_u": [
    0.9685831611286311,
    -0.12659345224519777,
    0.21405783757365915
  ],
  "best_index": 29,
  "n_candidatos": 54
}
