Punto[0.         0.52395301 0.42429899] -> F: 0.13880115755900715
Punto[1.         0.51660376 0.47900031] -> F: 0.4609408558083882
Punto[2.         0.52448913 0.55784936] -> F: 0.14009703410518606
Punto[1.         0.52422107 0.49107417] -> F: 0.4590166636016547
Punto[1.         0.51675611 0.47924179] -> F: 0.4611060026435473
Punto[1.         0.51690541 0.47947843] -> F: 0.46126786980853174
Punto[1.         0.51705471 0.47971508] -> F: 0.4614297600050294
Punto[1.         0.51720401 0.47995173] -> F: 0.46159167323304046
Punto[1.         0.51735331 0.48018838] -> F: 0.4617536094925646
Punto[1.         0.51750261 0.48042502] -> F: 0.4619147189879552
Punto[1.         0.51765191 0.48066167] -> F: 0.46206444441585376
Punto[1.         0.51780121 0.48089832] -> F: 0.4622141893843797
Punto[1.         0.5179505  0.48113497] -> F: 0.46236395389353296
Punto[1.         0.5180998  0.48137162] -> F: 0.46251373794331374
Punto[1.         0.5182491  0.48160826] -> F: 0.4626635415337219
Punto[1.         0.5183984  0.48184491] -> F: 0.46281336466475714
Punto[1.         0.5185477  0.48208156] -> F: 0.46296320733641994
Punto[1.         0.518697   0.48231821] -> F: 0.46311306954871
Punto[1.         0.5188463  0.48255485] -> F: 0.4632629513016275
Punto[1.        0.5189956 0.4827915] -> F: 0.46341285259517245
Punto[1.         0.5191449  0.48302815] -> F: 0.4635555599561848
Punto[1.        0.5192942 0.4832648] -> F: 0.46369327535648014
Punto[1.         0.5194435  0.48350145] -> F: 0.4638310071373781
Punto[1.         0.5195928  0.48373809] -> F: 0.4639687552988783
Punto[1.         0.51974209 0.48397474] -> F: 0.4641065198409816
Punto[1.         0.51989139 0.48421139] -> F: 0.46424430076368733
Punto[1.         0.52004069 0.48444804] -> F: 0.4643820980669958
Punto[1.         0.52018999 0.48468468] -> F: 0.464519911750907
Punto[1.         0.52033929 0.48492133] -> F: 0.46465774181542085
Punto[1.         0.52048859 0.48515798] -> F: 0.4647955882605369
Punto[1.         0.52063789 0.48539463] -> F: 0.4649316457368991
Punto[1.         0.52078719 0.48563128] -> F: 0.4650573106320712
Punto[1.         0.52093649 0.48586792] -> F: 0.4651829890571801
Punto[1.         0.52108579 0.48610457] -> F: 0.46530868101222594
Punto[1.         0.52123509 0.48634122] -> F: 0.4654343864972086
Punto[1.         0.52138439 0.48657787] -> F: 0.46556010551212823
Punto[1.         0.52153368 0.48681451] -> F: 0.46568583805698444
Punto[1.         0.52168298 0.48705116] -> F: 0.4658115841317777
Punto[1.         0.52183228 0.48728781] -> F: 0.4659373437365081
Punto[1.         0.52198158 0.48752446] -> F: 0.46606311687117497
Punto[1.         0.52213088 0.48776111] -> F: 0.4657870255179907
Punto[1.         0.52228018 0.48799775] -> F: 0.46532741275162337
Punto[1.         0.52242948 0.4882344 ] -> F: 0.46486959589438986
Punto[1.         0.52257878 0.48847105] -> F: 0.46441357494629
Punto[1.         0.52272808 0.4887077 ] -> F: 0.46395934990732396
Punto[1.         0.52287738 0.48894434] -> F: 0.4635069207774913
Punto[1.         0.52302668 0.48918099] -> F: 0.4630562875567926
Punto[1.         0.52317598 0.48941764] -> F: 0.46260745024522737
Punto[1.         0.52332527 0.48965429] -> F: 0.4621604088427961
Punto[1.         0.52347457 0.48989094] -> F: 0.4617151633494983
Punto[1.         0.52362387 0.49012758] -> F: 0.4612717137653342
Punto[1.         0.52377317 0.49036423] -> F: 0.46080410315474896
Punto[1.         0.52392247 0.49060088] -> F: 0.4602080138807625
Punto[1.         0.52407177 0.49083753] -> F: 0.45961220069639747
{
  "seed": 5558,
  "n_per_z": 10,
  "nz": 100,
  "nd": 100,
  "n_muestras": 50,
  "best_f": 0.46606311687117497,
  "best_cp": [
    1.0,
    0.521981582292114,
    0.4875244578139583
  ],
  "best_u": [
    -0.1564344650402308,
    -0.9566582951435305,
    0.24562810197664792
  ],
  "best_index": 39,
  "n_candidatos": 54
}
