Punto[0.         0.44315372 0.36435526] -> F: 0.149533733033705
Punto[1.         0.47918298 0.41869252] -> F: 0.4126055471197574
Punto[2.         0.54069561 0.4550122 ] -> F: 0.08552241314069847
Punto[1.         0.49192466 0.40968373] -> F: 0.4005000394294194
Punto[1.         0.47943781 0.41851235] -> F: 0.4123611903789357
Punto[1.         0.47968755 0.41833577] -> F: 0.4121218451935019
Punto[1.         0.47993729 0.4181592 ] -> F: 0.41188262317186625
Punto[1.         0.48018702 0.41798263] -> F: 0.41164352431402845
Punto[1.         0.48043676 0.41780606] -> F: 0.4114045486199886
Punto[1.         0.4806865  0.41762948] -> F: 0.41116569608974673
Punto[1.         0.48093623 0.41745291] -> F: 0.41092696672330287
Punto[1.         0.48118597 0.41727634] -> F: 0.41068836052065694
Punto[1.         0.48143571 0.41709977] -> F: 0.41044987748180917
Punto[1.         0.48168545 0.4169232 ] -> F: 0.41021067445491033
Punto[1.         0.48193518 0.41674662] -> F: 0.4099713437319664
Punto[1.         0.48218492 0.41657005] -> F: 0.4097321373073338
Punto[1.         0.48243466 0.41639348] -> F: 0.4094930551810123
Punto[1.         0.48268439 0.41621691] -> F: 0.40925409735300217
Punto[1.         0.48293413 0.41604033] -> F: 0.4090152638233033
Punto[1.         0.48318387 0.41586376] -> F: 0.40877655459191553
Punto[1.         0.4834336  0.41568719] -> F: 0.40853796965883904
Punto[1.         0.48368334 0.41551062] -> F: 0.4082995090240737
Punto[1.         0.48393308 0.41533404] -> F: 0.40806117268761966
Punto[1.         0.48418282 0.41515747] -> F: 0.40782296064947693
Punto[1.         0.48443255 0.4149809 ] -> F: 0.4075848729096453
Punto[1.         0.48468229 0.41480433] -> F: 0.4073469094681249
Punto[1.         0.48493203 0.41462775] -> F: 0.4071090703249158
Punto[1.         0.48518176 0.41445118] -> F: 0.4068713554800179
Punto[1.         0.4854315  0.41427461] -> F: 0.4066337649334313
Punto[1.         0.48568124 0.41409804] -> F: 0.40639629868515575
Punto[1.         0.48593098 0.41392146] -> F: 0.40615895673519153
Punto[1.         0.48618071 0.41374489] -> F: 0.4059217390835386
Punto[1.         0.48643045 0.41356832] -> F: 0.4056846457301968
Punto[1.         0.48668019 0.41339175] -> F: 0.4054476766751663
Punto[1.         0.48692992 0.41321517] -> F: 0.405210831918447
Punto[1.         0.48717966 0.4130386 ] -> F: 0.4049741114600389
Punto[1.         0.4874294  0.41286203] -> F: 0.4047375152999421
Punto[1.         0.48767913 0.41268546] -> F: 0.40450104343815657
Punto[1.         0.48792887 0.41250888] -> F: 0.4042646958746821
Punto[1.         0.48817861 0.41233231] -> F: 0.4040284726095191
Punto[1.         0.48842835 0.41215574] -> F: 0.4037923736426671
Punto[1.         0.48867808 0.41197917] -> F: 0.4035563989741265
Punto[1.         0.48892782 0.4118026 ] -> F: 0.40332054860389693
Punto[1.         0.48917756 0.41162602] -> F: 0.4030848225319788
Punto[1.         0.48942729 0.41144945] -> F: 0.40284922075837176
Punto[1.         0.48967703 0.41127288] -> F: 0.402613743283076
Punto[1.         0.48992677 0.41109631] -> F: 0.40237839010609155
Punto[1.         0.4901765  0.41091973] -> F: 0.4021431612274182
Punto[1.         0.49042624 0.41074316] -> F: 0.40190805664705614
Punto[1.         0.49067598 0.41056659] -> F: 0.4016730763650052
Punto[1.         0.49092572 0.41039002] -> F: 0.40143822038126564
Punto[1.         0.49117545 0.41021344] -> F: 0.4012034886958373
Punto[1.         0.49142519 0.41003687] -> F: 0.40096888130872016
Punto[1.         0.49167493 0.4098603 ] -> F: 0.4007343982199141
Best centerpoint:  [1.         0.47918298 0.41869252] Best F:  0.4126055471197574 Best u:  [ 0.58778525  0.66912224 -0.454735  ] índice:  1
{
  "seed": 18029,
  "n_per_z": 5,
  "nz": 100,
  "nd": 100,
  "n_muestras": 50,
  "best_f": 0.4126055471197574,
  "best_cp": [
    1.0,
    0.47918297822550165,
    0.4186925226793613
  ],
  "best_u": [
    0.587785252292473,
    0.6691222403055114,
    -0.45473500493804875
  ],
  "n_candidatos": 54
}
