Punto[0.         0.53539046 0.48662466] -> F: 0.13652133715781678
Punto[1.         0.52140751 0.53160596] -> F: 0.3730983281093608
Punto[2.         0.50394072 0.36820144] -> F: 0.11062432458298924
Punto[1.         0.51966559 0.42741305] -> F: 0.40470707242945697
Punto[1.         0.52137267 0.5295221 ] -> F: 0.3762433054478953
Punto[1.         0.52133853 0.52747992] -> F: 0.37938572003414645
Punto[1.         0.52130439 0.52543774] -> F: 0.38258786195231403
Punto[1.         0.52127025 0.52339556] -> F: 0.3858497312023985
Punto[1.         0.52123611 0.52135338] -> F: 0.3891713277843997
Punto[1.         0.52120197 0.5193112 ] -> F: 0.39236502504127385
Punto[1.         0.52116782 0.51726902] -> F: 0.39558117124254555
Punto[1.         0.52113368 0.51522684] -> F: 0.39883405542619643
Punto[1.         0.52109954 0.51318466] -> F: 0.4021236775922264
Punto[1.         0.5210654  0.51114247] -> F: 0.40545003774063515
Punto[1.         0.52103126 0.50910029] -> F: 0.4087840981004867
Punto[1.         0.52099712 0.50705811] -> F: 0.41204796449300507
Punto[1.         0.52096297 0.50501593] -> F: 0.41533909720528006
Punto[1.         0.52092883 0.50297375] -> F: 0.41837904718634067
Punto[1.         0.52089469 0.50093157] -> F: 0.4212190271923645
Punto[1.         0.52086055 0.49888939] -> F: 0.4241508713772623
Punto[1.         0.52082641 0.49684721] -> F: 0.4271738215687995
Punto[1.         0.52079227 0.49480503] -> F: 0.4302663449623494
Punto[1.         0.52075812 0.49276285] -> F: 0.4334185956878161
Punto[1.         0.52072398 0.49072066] -> F: 0.4366305737451995
Punto[1.         0.52068984 0.48867848] -> F: 0.43990227913449953
Punto[1.        0.5206557 0.4866363] -> F: 0.44091832952742466
Punto[1.         0.52062156 0.48459412] -> F: 0.4396583097173608
Punto[1.         0.52058742 0.48255194] -> F: 0.438400105620115
Punto[1.         0.52055327 0.48050976] -> F: 0.43714371723568735
Punto[1.         0.52051913 0.47846758] -> F: 0.4358891445640778
Punto[1.         0.52048499 0.4764254 ] -> F: 0.4346363876052864
Punto[1.         0.52045085 0.47438322] -> F: 0.4333854463593132
Punto[1.         0.52041671 0.47234103] -> F: 0.4321363208261581
Punto[1.         0.52038257 0.47029885] -> F: 0.43088801970769974
Punto[1.         0.52034842 0.46825667] -> F: 0.4296308098847475
Punto[1.         0.52031428 0.46621449] -> F: 0.42837545012388545
Punto[1.         0.52028014 0.46417231] -> F: 0.42712194042511364
Punto[1.         0.520246   0.46213013] -> F: 0.425870280788432
Punto[1.         0.52021186 0.46008795] -> F: 0.4246204712138405
Punto[1.         0.52017772 0.45804577] -> F: 0.42337251170133944
Punto[1.         0.52014357 0.45600359] -> F: 0.42212640225092846
Punto[1.         0.52010943 0.4539614 ] -> F: 0.4208821428626076
Punto[1.         0.52007529 0.45191922] -> F: 0.4196397335363771
Punto[1.         0.52004115 0.44987704] -> F: 0.418389522149475
Punto[1.         0.52000701 0.44783486] -> F: 0.4171392948851377
Punto[1.         0.51997287 0.44579268] -> F: 0.41589095231828954
Punto[1.         0.51993872 0.4437505 ] -> F: 0.414644494448931
Punto[1.         0.51990458 0.44170832] -> F: 0.4133999212770617
Punto[1.         0.51987044 0.43966614] -> F: 0.41215723280268185
Punto[1.         0.5198363  0.43762396] -> F: 0.4109164290257913
Punto[1.         0.51980216 0.43558177] -> F: 0.40967750994639013
Punto[1.         0.51976802 0.43353959] -> F: 0.4084404755644784
Punto[1.         0.51973387 0.43149741] -> F: 0.4071944244532827
Punto[1.         0.51969973 0.42945523] -> F: 0.40594978859588127
{
  "seed": 4229,
  "n_per_z": 10,
  "nz": 100,
  "nd": 100,
  "n_muestras": 50,
  "best_f": 0.44091832952742466,
  "best_cp": [
    1.0,
    0.5206556989694746,
    0.48663630171657035
  ],
  "best_u": [
    0.36812455268467775,
    0.4479232381700469,
    -0.8147693455315838
  ],
  "best_index": 25,
  "n_candidatos": 54
}
