Punto[0.         0.47020989 0.53012959] -> F: 0.12599954899889396
Punto[1.         0.50657791 0.43639205] -> F: 0.47644800612758326
Punto[2.         0.52473829 0.3466429 ] -> F: 0.1299453242001395
Punto[1.         0.49747409 0.43838625] -> F: 0.47639019810733335
Punto[1.         0.50639583 0.43643193] -> F: 0.4767612275148617
Punto[1.         0.5062174  0.43647102] -> F: 0.4770682432385859
Punto[1.         0.50603896 0.4365101 ] -> F: 0.4773753171329238
Punto[1.         0.50586053 0.43654919] -> F: 0.47768244919787506
Punto[1.         0.50568209 0.43658827] -> F: 0.4779896394334402
Punto[1.         0.50550366 0.43662736] -> F: 0.47829688783961866
Punto[1.         0.50532522 0.43666645] -> F: 0.4786041944164109
Punto[1.         0.50514679 0.43670553] -> F: 0.4788449576101726
Punto[1.         0.50496835 0.43674462] -> F: 0.47903909469365885
Punto[1.         0.50478992 0.43678371] -> F: 0.47923343463682244
Punto[1.         0.50461148 0.43682279] -> F: 0.47942797743966337
Punto[1.         0.50443305 0.43686188] -> F: 0.47962272310218196
Punto[1.         0.50425461 0.43690097] -> F: 0.4798176716243778
Punto[1.         0.50407618 0.43694005] -> F: 0.4800128230062512
Punto[1.         0.50389774 0.43697914] -> F: 0.48020817724780196
Punto[1.         0.50371931 0.43701822] -> F: 0.48040373434903
Punto[1.         0.50354087 0.43705731] -> F: 0.4805994943099354
Punto[1.         0.50336244 0.4370964 ] -> F: 0.4807954571305185
Punto[1.         0.503184   0.43713548] -> F: 0.480991622810779
Punto[1.         0.50300557 0.43717457] -> F: 0.4811879913507167
Punto[1.         0.50282714 0.43721366] -> F: 0.4813845627503321
Punto[1.         0.5026487  0.43725274] -> F: 0.4815813370096248
Punto[1.         0.50247027 0.43729183] -> F: 0.4817250686283459
Punto[1.         0.50229183 0.43733092] -> F: 0.481567408034463
Punto[1.        0.5021134 0.43737  ] -> F: 0.48140967623199776
Punto[1.         0.50193496 0.43740909] -> F: 0.4812518732209498
Punto[1.         0.50175653 0.43744817] -> F: 0.4810939990013195
Punto[1.         0.50157809 0.43748726] -> F: 0.48093605357310676
Punto[1.         0.50139966 0.43752635] -> F: 0.48075913411400134
Punto[1.         0.50122122 0.43756543] -> F: 0.48055276491348303
Punto[1.         0.50104279 0.43760452] -> F: 0.48034713677965185
Punto[1.         0.50086435 0.43764361] -> F: 0.48014224971250785
Punto[1.         0.50068592 0.43768269] -> F: 0.4799381037120509
Punto[1.         0.50050748 0.43772178] -> F: 0.47973469877828134
Punto[1.         0.50032905 0.43776087] -> F: 0.47953203491119883
Punto[1.         0.50015061 0.43779995] -> F: 0.47933011211080334
Punto[1.         0.49997218 0.43783904] -> F: 0.4791289303770951
Punto[1.         0.49979374 0.43787812] -> F: 0.4789284897100741
Punto[1.         0.49961531 0.43791721] -> F: 0.4787287901097403
Punto[1.         0.49943687 0.4379563 ] -> F: 0.4785298315760937
Punto[1.         0.49925844 0.43799538] -> F: 0.47833161410913416
Punto[1.         0.49908    0.43803447] -> F: 0.4781341377088619
Punto[1.         0.49890157 0.43807356] -> F: 0.4779374023752765
Punto[1.         0.49872313 0.43811264] -> F: 0.47774140810837856
Punto[1.         0.4985447  0.43815173] -> F: 0.4775461549081678
Punto[1.         0.49836626 0.43819082] -> F: 0.47735164277464415
Punto[1.         0.49818783 0.4382299 ] -> F: 0.47715787170780766
Punto[1.         0.49800939 0.43826899] -> F: 0.4769648417076584
Punto[1.         0.49783096 0.43830807] -> F: 0.47677255277419617
Punto[1.         0.49765252 0.43834716] -> F: 0.4765810049074212
{
  "seed": 5142,
  "n_per_z": 10,
  "nz": 100,
  "nd": 100,
  "n_muestras": 50,
  "best_f": 0.4817250686283459,
  "best_cp": [
    1.0,
    0.5024702652782094,
    0.4372918290061977
  ],
  "best_u": [
    -0.21814324139654234,
    -0.9452565422770496,
    0.242700629408838
  ],
  "best_index": 26,
  "n_candidatos": 54
}
