Punto[0.         0.37701225 0.67386721] -> F: 0.0711918642008224
Punto[1.         0.43899472 0.58556927] -> F: 0.33082144712038875
Punto[2.         0.42351373 0.64181145] -> F: 0.19117650033879383
Punto[1.         0.40026299 0.65783933] -> F: 0.3132161311650569
Punto[1.         0.43822009 0.58701467] -> F: 0.3333054471273068
Punto[1.         0.43746095 0.58843117] -> F: 0.3352734968630331
Punto[1.         0.4367018  0.58984766] -> F: 0.3371882885548993
Punto[1.         0.43594266 0.59126415] -> F: 0.33913365908542586
Punto[1.         0.43518352 0.59268065] -> F: 0.34110960845461247
Punto[1.         0.43442438 0.59409714] -> F: 0.3431161366624592
Punto[1.         0.43366524 0.59551363] -> F: 0.3451532437089665
Punto[1.         0.43290609 0.59693013] -> F: 0.3472209295941336
Punto[1.         0.43214695 0.59834662] -> F: 0.34931919431796116
Punto[1.         0.43138781 0.59976311] -> F: 0.3514480378804489
Punto[1.         0.43062867 0.60117961] -> F: 0.3536074602815968
Punto[1.         0.42986953 0.6025961 ] -> F: 0.3557974615214049
Punto[1.         0.42911038 0.60401259] -> F: 0.35482594899613
Punto[1.         0.42835124 0.60542908] -> F: 0.3537906338478429
Punto[1.         0.4275921  0.60684558] -> F: 0.3527452426013895
Punto[1.         0.42683296 0.60826207] -> F: 0.3517012079124567
Punto[1.         0.42607382 0.60967856] -> F: 0.3506552205694907
Punto[1.         0.42531467 0.61109506] -> F: 0.3495974846969394
Punto[1.         0.42455553 0.61251155] -> F: 0.3485411485260174
Punto[1.         0.42379639 0.61392804] -> F: 0.34748621205672464
Punto[1.         0.42303725 0.61534454] -> F: 0.34642638554068006
Punto[1.         0.42227811 0.61676103] -> F: 0.3453575671194453
Punto[1.         0.42151896 0.61817752] -> F: 0.34429019318894943
Punto[1.         0.42075982 0.61959402] -> F: 0.343224263749192
Punto[1.         0.42000068 0.62101051] -> F: 0.34215088058766485
Punto[1.         0.41924154 0.622427  ] -> F: 0.341070847436657
Punto[1.        0.4184824 0.6238435] -> F: 0.339992305392159
Punto[1.         0.41772325 0.62525999] -> F: 0.33891525445417076
Punto[1.         0.41696411 0.62667648] -> F: 0.3378287057562378
Punto[1.         0.41620497 0.62809297] -> F: 0.3367372850808088
Punto[1.         0.41544583 0.62950947] -> F: 0.33564740415803823
Punto[1.         0.41468669 0.63092596] -> F: 0.3345590629879263
Punto[1.         0.41392754 0.63234245] -> F: 0.3334598702906098
Punto[1.         0.4131684  0.63375895] -> F: 0.3323568451630413
Punto[1.         0.41240926 0.63517544] -> F: 0.33125541069420356
Punto[1.         0.41165012 0.63659193] -> F: 0.3301555668840969
Punto[1.         0.41089098 0.63800843] -> F: 0.3290444107188561
Punto[1.         0.41013184 0.63942492] -> F: 0.32792951584305224
Punto[1.         0.40937269 0.64084141] -> F: 0.3268162650519038
Punto[1.         0.40861355 0.64225791] -> F: 0.3257046583454108
Punto[1.         0.40785441 0.6436744 ] -> F: 0.32458241521985215
Punto[1.         0.40709527 0.64509089] -> F: 0.32345533184306297
Punto[1.         0.40633613 0.64650739] -> F: 0.32232994879254
Punto[1.         0.40557698 0.64792388] -> F: 0.3212062660682835
Punto[1.         0.40481784 0.64934037] -> F: 0.3200740561261076
Punto[1.         0.4040587  0.65075686] -> F: 0.3189344059241065
Punto[1.         0.40329956 0.65217336] -> F: 0.31779651544415743
Punto[1.         0.40254042 0.65358985] -> F: 0.31666038468626034
Punto[1.         0.40178127 0.65500634] -> F: 0.31551963307391767
Punto[1.         0.40102213 0.65642284] -> F: 0.31436697078875875
Best centerpoint:  [1.         0.42986953 0.6025961 ] Best F:  0.3557974615214049 Best u:  [-0.21814324  0.2722721  -0.9371667 ] índice:  12
{
  "seed": 17020,
  "n_per_z": 5,
  "nz": 100,
  "nd": 100,
  "n_muestras": 50,
  "best_f": 0.3557974615214049,
  "best_cp": [
    1.0,
    0.4298695258144993,
    0.6025960983590577
  ],
  "best_u": [
    -0.2181432413965427,
    0.27227209681551423,
    -0.9371667042360675
  ],
  "n_candidatos": 54
}
