Punto[0.         0.47621816 0.65569395] -> F: 0.14514153696568172
Punto[1.         0.44266214 0.46395007] -> F: 0.3643950909546804
Punto[2.         0.43350196 0.48241952] -> F: 0.07462026269082964
Punto[1.         0.45486006 0.56905673] -> F: 0.3211620779548041
Punto[1.         0.4429061  0.46605221] -> F: 0.36827760528317377
Punto[1.         0.44314518 0.4681123 ] -> F: 0.3720990383441339
Punto[1.         0.44338426 0.47017239] -> F: 0.3759282245844455
Punto[1.         0.44362334 0.47223248] -> F: 0.3797051815346504
Punto[1.         0.44386242 0.47429257] -> F: 0.38349743230747896
Punto[1.         0.44410149 0.47635266] -> F: 0.3872835783458305
Punto[1.         0.44434057 0.47841275] -> F: 0.3910359695377058
Punto[1.         0.44457965 0.48047284] -> F: 0.3938143748603293
Punto[1.         0.44481873 0.48253293] -> F: 0.3920325815936724
Punto[1.         0.44505781 0.48459302] -> F: 0.39025710015426995
Punto[1.         0.44529689 0.48665311] -> F: 0.3884879305421217
Punto[1.         0.44553597 0.4887132 ] -> F: 0.38669807335175904
Punto[1.         0.44577505 0.49077329] -> F: 0.3849114152874049
Punto[1.         0.44601413 0.49283338] -> F: 0.3831312884344284
Punto[1.         0.44625321 0.49489347] -> F: 0.3813576927928299
Punto[1.         0.44649229 0.49695356] -> F: 0.3795906283626088
Punto[1.         0.44673137 0.49901365] -> F: 0.3778300951437655
Punto[1.         0.44697044 0.50107374] -> F: 0.37607609313629975
Punto[1.         0.44720952 0.50313384] -> F: 0.374328622340212
Punto[1.         0.4474486  0.50519393] -> F: 0.3725876827555019
Punto[1.         0.44768768 0.50725402] -> F: 0.3708532743821694
Punto[1.         0.44792676 0.50931411] -> F: 0.3691253972202146
Punto[1.         0.44816584 0.5113742 ] -> F: 0.3674040512696377
Punto[1.         0.44840492 0.51343429] -> F: 0.36568923653043817
Punto[1.         0.448644   0.51549438] -> F: 0.3639809530026165
Punto[1.         0.44888308 0.51755447] -> F: 0.36227920068617264
Punto[1.         0.44912216 0.51961456] -> F: 0.36058397958110644
Punto[1.         0.44936124 0.52167465] -> F: 0.3588952896874178
Punto[1.         0.44960032 0.52373474] -> F: 0.35721313100510704
Punto[1.         0.44983939 0.52579483] -> F: 0.35553750353417385
Punto[1.         0.45007847 0.52785492] -> F: 0.35384578782307263
Punto[1.         0.45031755 0.52991501] -> F: 0.3521536536033045
Punto[1.         0.45055663 0.5319751 ] -> F: 0.35046828617662407
Punto[1.         0.45079571 0.53403519] -> F: 0.3487896855430318
Punto[1.         0.45103479 0.53609528] -> F: 0.34711785170252735
Punto[1.         0.45127387 0.53815537] -> F: 0.3454527846551108
Punto[1.         0.45151295 0.54021546] -> F: 0.3437944844007822
Punto[1.         0.45175203 0.54227555] -> F: 0.3421429509395414
Punto[1.         0.45199111 0.54433565] -> F: 0.3404981842713885
Punto[1.         0.45223019 0.54639574] -> F: 0.3388601843963236
Punto[1.         0.45246927 0.54845583] -> F: 0.33722895131434666
Punto[1.         0.45270835 0.55051592] -> F: 0.3356044850254575
Punto[1.         0.45294742 0.55257601] -> F: 0.33398678552965627
Punto[1.        0.4531865 0.5546361] -> F: 0.33237585282694304
Punto[1.         0.45342558 0.55669619] -> F: 0.3307716869173177
Punto[1.         0.45366466 0.55875628] -> F: 0.3291742878007801
Punto[1.         0.45390374 0.56081637] -> F: 0.3275723623676666
Punto[1.         0.45414282 0.56287646] -> F: 0.3259592614331668
Punto[1.         0.4543819  0.56493655] -> F: 0.3243531803861897
Punto[1.         0.45462098 0.56699664] -> F: 0.32275411922673547
Best centerpoint:  [1.         0.44457965 0.48047284] Best F:  0.3938143748603293 Best u:  [0.99802673 0.04709986 0.04152412] índice:  8
{
  "seed": 12768,
  "n_per_z": 5,
  "nz": 100,
  "nd": 100,
  "n_muestras": 50,
  "best_f": 0.3938143748603293,
  "best_cp": [
    1.0,
    0.4445796528609485,
    0.4804728397599432
  ],
  "best_u": [
    0.9980267284282716,
    0.047099863766785516,
    0.04152411559457141
  ],
  "n_candidatos": 54
}
