Punto[0.         0.52070816 0.50483647] -> F: 0.13799124087458445
Punto[1.         0.52326564 0.49098229] -> F: 0.4505398611542326
Punto[2.         0.5247801  0.46638006] -> F: 0.16482377269743334
Punto[1.         0.52274413 0.48560827] -> F: 0.45138363856975317
Punto[1.         0.52325521 0.49087481] -> F: 0.45055668547672995
Punto[1.         0.52324499 0.49076948] -> F: 0.45057317534131947
Punto[1.         0.52323476 0.49066415] -> F: 0.4505896672139611
Punto[1.         0.52322454 0.49055882] -> F: 0.45060616109465446
Punto[1.         0.52321432 0.49045349] -> F: 0.45062265698339965
Punto[1.         0.5232041  0.49034816] -> F: 0.45063915488019674
Punto[1.         0.52319388 0.49024283] -> F: 0.45065565478504566
Punto[1.         0.52318366 0.4901375 ] -> F: 0.4506721566979466
Punto[1.         0.52317344 0.49003217] -> F: 0.45068866061889945
Punto[1.         0.52316321 0.48992683] -> F: 0.450705166547904
Punto[1.         0.52315299 0.4898215 ] -> F: 0.4507216744849604
Punto[1.         0.52314277 0.48971617] -> F: 0.45073818443006863
Punto[1.         0.52313255 0.48961084] -> F: 0.4507546963832289
Punto[1.         0.52312233 0.48950551] -> F: 0.45077121034444095
Punto[1.         0.52311211 0.48940018] -> F: 0.450787726313705
Punto[1.         0.52310188 0.48929485] -> F: 0.4508042442910207
Punto[1.         0.52309166 0.48918952] -> F: 0.4508207642763884
Punto[1.         0.52308144 0.48908419] -> F: 0.4508372862698079
Punto[1.         0.52307122 0.48897886] -> F: 0.45085381027127913
Punto[1.         0.523061   0.48887353] -> F: 0.4508703362808028
Punto[1.         0.52305078 0.48876819] -> F: 0.4508868642983778
Punto[1.         0.52304056 0.48866286] -> F: 0.450903394324005
Punto[1.         0.52303033 0.48855753] -> F: 0.4509199263576838
Punto[1.         0.52302011 0.4884522 ] -> F: 0.45093646039941465
Punto[1.         0.52300989 0.48834687] -> F: 0.4509529964491973
Punto[1.         0.52299967 0.48824154] -> F: 0.4509695345070317
Punto[1.         0.52298945 0.48813621] -> F: 0.45098607457291806
Punto[1.         0.52297923 0.48803088] -> F: 0.4510026166468563
Punto[1.         0.52296901 0.48792555] -> F: 0.45101916072884657
Punto[1.         0.52295878 0.48782022] -> F: 0.4510357068188886
Punto[1.         0.52294856 0.48771489] -> F: 0.4510522549169825
Punto[1.         0.52293834 0.48760955] -> F: 0.4510688050231282
Punto[1.         0.52292812 0.48750422] -> F: 0.4510853571373259
Punto[1.         0.5229179  0.48739889] -> F: 0.4511019112595753
Punto[1.         0.52290768 0.48729356] -> F: 0.4511184673898766
Punto[1.         0.52289745 0.48718823] -> F: 0.45113502552822987
Punto[1.         0.52288723 0.4870829 ] -> F: 0.45115158567463504
Punto[1.         0.52287701 0.48697757] -> F: 0.4511681478290921
Punto[1.         0.52286679 0.48687224] -> F: 0.4511847119916009
Punto[1.         0.52285657 0.48676691] -> F: 0.45120127816216166
Punto[1.         0.52284635 0.48666158] -> F: 0.45121784634077416
Punto[1.         0.52283613 0.48655624] -> F: 0.4512344165274387
Punto[1.         0.5228259  0.48645091] -> F: 0.45125098872215497
Punto[1.         0.52281568 0.48634558] -> F: 0.45126756292492315
Punto[1.         0.52280546 0.48624025] -> F: 0.45128413913574333
Punto[1.         0.52279524 0.48613492] -> F: 0.4513007173546152
Punto[1.         0.52278502 0.48602959] -> F: 0.4513172975815391
Punto[1.         0.5227748  0.48592426] -> F: 0.45133387981651474
Punto[1.         0.52276457 0.48581893] -> F: 0.45135046405954243
Punto[1.         0.52275435 0.4857136 ] -> F: 0.4513670503106218
{
  "seed": 11695,
  "n_per_z": 10,
  "nz": 100,
  "nd": 100,
  "n_muestras": 50,
  "best_f": 0.45138363856975317,
  "best_cp": [
    1.0,
    0.522744131781804,
    0.4856082665086246
  ],
  "best_u": [
    -0.3090169943749471,
    0.9505872273155844,
    0.029873407103031064
  ],
  "best_index": 3,
  "n_candidatos": 54
}
