Punto[0.         0.49130414 0.53301009] -> F: 0.13883311536153076
Punto[1.         0.54874284 0.54785774] -> F: 0.4467773959093564
Punto[2.         0.55617775 0.52219881] -> F: 0.13283190852541876
Punto[1.         0.52374094 0.52760445] -> F: 0.46233516448810774
Punto[1.         0.54824281 0.54745267] -> F: 0.4476783205572245
Punto[1.         0.54775277 0.54705571] -> F: 0.44856158987833006
Punto[1.         0.54726273 0.54665874] -> F: 0.4494452186972847
Punto[1.         0.54677269 0.54626178] -> F: 0.45032920701408846
Punto[1.         0.54628266 0.54586482] -> F: 0.45121355482874137
Punto[1.         0.54579262 0.54546785] -> F: 0.45209826214124327
Punto[1.         0.54530258 0.54507089] -> F: 0.45298332895159454
Punto[1.         0.54481255 0.54467392] -> F: 0.453868755259795
Punto[1.         0.54432251 0.54427696] -> F: 0.4547545410658444
Punto[1.         0.54383247 0.54387999] -> F: 0.45564068636974325
Punto[1.         0.54334243 0.54348303] -> F: 0.45652719117149093
Punto[1.         0.5428524  0.54308606] -> F: 0.4574140554710879
Punto[1.         0.54236236 0.5426891 ] -> F: 0.458301279268534
Punto[1.         0.54187232 0.54229213] -> F: 0.4591888625638292
Punto[1.         0.54138228 0.54189517] -> F: 0.46007680535697365
Punto[1.         0.54089225 0.54149821] -> F: 0.4609651076479674
Punto[1.         0.54040221 0.54110124] -> F: 0.46185376943681
Punto[1.         0.53991217 0.54070428] -> F: 0.46274279072350194
Punto[1.         0.53942214 0.54030731] -> F: 0.46363217150804303
Punto[1.         0.5389321  0.53991035] -> F: 0.4645219117904332
Punto[1.         0.53844206 0.53951338] -> F: 0.46541201157067247
Punto[1.         0.53795202 0.53911642] -> F: 0.46630142846516753
Punto[1.         0.53746199 0.53871945] -> F: 0.466723985303043
Punto[1.         0.53697195 0.53832249] -> F: 0.4669335033942532
Punto[1.         0.53648191 0.53792552] -> F: 0.4671429194104707
Punto[1.         0.53599187 0.53752856] -> F: 0.4673522333516956
Punto[1.         0.53550184 0.5371316 ] -> F: 0.46756144521792775
Punto[1.         0.5350118  0.53673463] -> F: 0.46777055500916737
Punto[1.         0.53452176 0.53633767] -> F: 0.46797956272541436
Punto[1.         0.53403173 0.5359407 ] -> F: 0.4681884683666687
Punto[1.         0.53354169 0.53554374] -> F: 0.4683972719329301
Punto[1.         0.53305165 0.53514677] -> F: 0.4686059734241992
Punto[1.         0.53256161 0.53474981] -> F: 0.46881457284047545
Punto[1.         0.53207158 0.53435284] -> F: 0.469023070181759
Punto[1.         0.53158154 0.53395588] -> F: 0.4692314654480499
Punto[1.         0.5310915  0.53355892] -> F: 0.46943975863934817
Punto[1.         0.53060146 0.53316195] -> F: 0.4696479497556537
Punto[1.         0.53011143 0.53276499] -> F: 0.4693558005664687
Punto[1.         0.52962139 0.53236802] -> F: 0.4690100597567622
Punto[1.         0.52913135 0.53197106] -> F: 0.46864796142035464
Punto[1.         0.52864131 0.53157409] -> F: 0.4682789338214995
Punto[1.         0.52815128 0.53117713] -> F: 0.4679100043201714
Punto[1.         0.52766124 0.53078016] -> F: 0.4675291281922013
Punto[1.        0.5271712 0.5303832] -> F: 0.46714133859474266
Punto[1.         0.52668117 0.52998623] -> F: 0.4665438177296772
Punto[1.         0.52619113 0.52958927] -> F: 0.4658375316575297
Punto[1.         0.52570109 0.52919231] -> F: 0.46513318313147
Punto[1.         0.52521105 0.52879534] -> F: 0.46443077215149803
Punto[1.         0.52472102 0.52839838] -> F: 0.46373029871761356
Punto[1.         0.52423098 0.52800141] -> F: 0.46303176282981684
{
  "seed": 19927,
  "n_per_z": 10,
  "nz": 100,
  "nd": 100,
  "n_muestras": 50,
  "best_f": 0.4696479497556537,
  "best_cp": [
    1.0,
    0.5306014641045977,
    0.5331619505375709
  ],
  "best_u": [
    0.30901699437494745,
    -0.23651813772484168,
    0.9211773269651432
  ],
  "best_index": 40,
  "n_candidatos": 54
}
