Punto[0.         0.50211872 0.35184898] -> F: 0.11924433563484495
Punto[1.         0.45104336 0.44121698] -> F: 0.4342118644453748
Punto[2.         0.47387866 0.46738591] -> F: 0.1701686545497891
Punto[1.         0.48799869 0.40961745] -> F: 0.4210593709699448
Punto[1.         0.45178247 0.44058499] -> F: 0.434785091552853
Punto[1.         0.4525068  0.43996564] -> F: 0.4353529978205183
Punto[1.         0.45323112 0.43934629] -> F: 0.43592698573292094
Punto[1.         0.45395544 0.43872694] -> F: 0.43650705529006095
Punto[1.         0.45467977 0.43810759] -> F: 0.4370033650149318
Punto[1.         0.45540409 0.43748824] -> F: 0.4374753756281643
Punto[1.         0.45612842 0.43686889] -> F: 0.4379469426358941
Punto[1.         0.45685274 0.43624954] -> F: 0.43841806603812117
Punto[1.         0.45757707 0.43563019] -> F: 0.4383186907199646
Punto[1.         0.45830139 0.43501083] -> F: 0.4379192304291234
Punto[1.         0.45902572 0.43439148] -> F: 0.4375200462910847
Punto[1.         0.45975004 0.43377213] -> F: 0.4371211383058484
Punto[1.         0.46047436 0.43315278] -> F: 0.4367225064734145
Punto[1.         0.46119869 0.43253343] -> F: 0.4363201499176234
Punto[1.         0.46192301 0.43191408] -> F: 0.4359154968074373
Punto[1.         0.46264734 0.43129473] -> F: 0.43551112905296185
Punto[1.         0.46337166 0.43067538] -> F: 0.4351070466541969
Punto[1.         0.46409599 0.43005603] -> F: 0.4347032496111426
Punto[1.         0.46482031 0.42943668] -> F: 0.43429973792379906
Punto[1.         0.46554464 0.42881733] -> F: 0.4338965115921661
Punto[1.         0.46626896 0.42819797] -> F: 0.4334935706162437
Punto[1.         0.46699328 0.42757862] -> F: 0.43308550712618393
Punto[1.         0.46771761 0.42695927] -> F: 0.432676521718148
Punto[1.         0.46844193 0.42633992] -> F: 0.4322678311347558
Punto[1.         0.46916626 0.42572057] -> F: 0.4318594353760073
Punto[1.         0.46989058 0.42510122] -> F: 0.43145133444190253
Punto[1.         0.47061491 0.42448187] -> F: 0.4310435283324416
Punto[1.         0.47133923 0.42386252] -> F: 0.4306360170476243
Punto[1.         0.47206356 0.42324317] -> F: 0.4302284580577584
Punto[1.         0.47278788 0.42262382] -> F: 0.42981485547335535
Punto[1.         0.4735122  0.42200447] -> F: 0.4294015574780853
Punto[1.         0.47423653 0.42138511] -> F: 0.4289885640719487
Punto[1.         0.47496085 0.42076576] -> F: 0.4285758752549451
Punto[1.         0.47568518 0.42014641] -> F: 0.42816349102707496
Punto[1.         0.4764095  0.41952706] -> F: 0.42775141138833783
Punto[1.         0.47713383 0.41890771] -> F: 0.427339636338734
Punto[1.         0.47785815 0.41828836] -> F: 0.426926159120054
Punto[1.         0.47858248 0.41766901] -> F: 0.4265082408009241
Punto[1.         0.4793068  0.41704966] -> F: 0.4260906371635248
Punto[1.         0.48003112 0.41643031] -> F: 0.42567334820785624
Punto[1.         0.48075545 0.41581096] -> F: 0.4252563739339183
Punto[1.         0.48147977 0.4151916 ] -> F: 0.42483971434171114
Punto[1.         0.4822041  0.41457225] -> F: 0.42442336943123454
Punto[1.         0.48292842 0.4139529 ] -> F: 0.4240073392024888
Punto[1.         0.48365275 0.41333355] -> F: 0.4235879386567038
Punto[1.         0.48437707 0.4127142 ] -> F: 0.42316569786270924
Punto[1.         0.48510139 0.41209485] -> F: 0.42274378220719533
Punto[1.         0.48582572 0.4114755 ] -> F: 0.4223221916901619
Punto[1.         0.48655004 0.41085615] -> F: 0.421900926311609
Punto[1.         0.48727437 0.4102368 ] -> F: 0.4214799860715367
{
  "seed": 3832,
  "n_per_z": 10,
  "nz": 100,
  "nd": 100,
  "n_muestras": 50,
  "best_f": 0.43841806603812117,
  "best_cp": [
    1.0,
    0.45685274205903886,
    0.4362495366963927
  ],
  "best_u": [
    -0.3387379202452915,
    -0.939024155680462,
    -0.05907839229777568
  ],
  "best_index": 11,
  "n_candidatos": 54
}
