Punto[0.         0.62824574 0.54195976] -> F: 0.14157826236413018
Punto[1.         0.52775801 0.65219189] -> F: 0.3237699008311
Punto[2.         0.49039013 0.47698887] -> F: 0.08236550931009004
Punto[1.         0.55931793 0.50947432] -> F: 0.3232796828322877
Punto[1.         0.52838921 0.64933754] -> F: 0.32915756171469235
Punto[1.         0.52900779 0.64654028] -> F: 0.33448124487737424
Punto[1.         0.52962636 0.64374301] -> F: 0.33978113565199514
Punto[1.         0.53024494 0.64094575] -> F: 0.34505168886465615
Punto[1.         0.53086351 0.63814848] -> F: 0.3502943637461101
Punto[1.         0.53148209 0.63535122] -> F: 0.3554836439692428
Punto[1.         0.53210066 0.63255395] -> F: 0.3607050717331348
Punto[1.         0.53271923 0.62975669] -> F: 0.3658150025432659
Punto[1.         0.53333781 0.62695942] -> F: 0.3709685128439113
Punto[1.         0.53395638 0.62416216] -> F: 0.376049683151675
Punto[1.         0.53457496 0.6213649 ] -> F: 0.3811230120812161
Punto[1.         0.53519353 0.61856763] -> F: 0.3861950674085927
Punto[1.         0.53581211 0.61577037] -> F: 0.3911907062676138
Punto[1.         0.53643068 0.6129731 ] -> F: 0.39622434491661557
Punto[1.         0.53704925 0.61017584] -> F: 0.3995928116263692
Punto[1.         0.53766783 0.60737857] -> F: 0.39744066666295635
Punto[1.         0.5382864  0.60458131] -> F: 0.3952919571659895
Punto[1.         0.53890498 0.60178404] -> F: 0.39314668313546886
Punto[1.         0.53952355 0.59898678] -> F: 0.3910048445713941
Punto[1.         0.54014213 0.59618952] -> F: 0.38885862248815667
Punto[1.         0.5407607  0.59339225] -> F: 0.3867131751036656
Punto[1.         0.54137928 0.59059499] -> F: 0.3845711970635391
Punto[1.         0.54199785 0.58779772] -> F: 0.3824326883677775
Punto[1.         0.54261642 0.58500046] -> F: 0.3802976490163809
Punto[1.         0.543235   0.58220319] -> F: 0.3781660790093489
Punto[1.         0.54385357 0.57940593] -> F: 0.3760319549294123
Punto[1.         0.54447215 0.57660866] -> F: 0.37389697109054215
Punto[1.         0.54509072 0.5738114 ] -> F: 0.37176549054833263
Punto[1.         0.5457093  0.57101414] -> F: 0.3696375133027838
Punto[1.         0.54632787 0.56821687] -> F: 0.36751303935389557
Punto[1.         0.54694645 0.56541961] -> F: 0.36539206870166807
Punto[1.         0.54756502 0.56262234] -> F: 0.3632683622567549
Punto[1.         0.54818359 0.55982508] -> F: 0.3611441558150085
Punto[1.         0.54880217 0.55702781] -> F: 0.3590234867628898
Punto[1.         0.54942074 0.55423055] -> F: 0.3569063551003987
Punto[1.         0.55003932 0.55143328] -> F: 0.35479276082753514
Punto[1.         0.55065789 0.54863602] -> F: 0.3526831844019204
Punto[1.         0.55127647 0.54583875] -> F: 0.3505679838210241
Punto[1.         0.55189504 0.54304149] -> F: 0.348454852740262
Punto[1.         0.55251361 0.54024423] -> F: 0.3463452933502228
Punto[1.         0.55313219 0.53744696] -> F: 0.34423974137105307
Punto[1.         0.55375076 0.5346497 ] -> F: 0.3421405719789956
Punto[1.         0.55436934 0.53185243] -> F: 0.3400364630971839
Punto[1.         0.55498791 0.52905517] -> F: 0.3379310838594608
Punto[1.         0.55560649 0.5262579 ] -> F: 0.335829811715082
Punto[1.         0.55622506 0.52346064] -> F: 0.3337351002730827
Punto[1.         0.55684364 0.52066337] -> F: 0.3316472785634995
Punto[1.         0.55746221 0.51786611] -> F: 0.3295492340251885
Punto[1.         0.55808078 0.51506885] -> F: 0.3274524910929926
Punto[1.         0.55869936 0.51227158] -> F: 0.32536256519391377
Best centerpoint:  [1.         0.53704925 0.61017584] Best F:  0.3995928116263692 Best u:  [ 0.33873792 -0.14718618 -0.92929697] índice:  15
{
  "seed": 12136,
  "n_per_z": 5,
  "nz": 100,
  "nd": 100,
  "n_muestras": 50,
  "best_f": 0.3995928116263692,
  "best_cp": [
    1.0,
    0.5370492547923059,
    0.6101758378979406
  ],
  "best_u": [
    0.33873792024529137,
    -0.14718617975799536,
    -0.9292969653862762
  ],
  "n_candidatos": 54
}
