Punto[0.         0.48498443 0.47255338] -> F: 0.14753456592395223
Punto[1.         0.5388263  0.44713386] -> F: 0.3708980113045407
Punto[2.         0.42353233 0.59044958] -> F: 0.10312066029016644
Punto[1.         0.45425838 0.53150148] -> F: 0.37703057030549536
Punto[1.         0.53713494 0.44882121] -> F: 0.3742295626693124
Punto[1.         0.53547741 0.45047481] -> F: 0.37750866727475324
Punto[1.         0.53381988 0.45212842] -> F: 0.38080181287272497
Punto[1.         0.53216234 0.45378202] -> F: 0.3841042931871548
Punto[1.         0.53050481 0.45543563] -> F: 0.3874136505137879
Punto[1.         0.52884728 0.45708923] -> F: 0.39073229375369756
Punto[1.         0.52718975 0.45874284] -> F: 0.3940601355868216
Punto[1.         0.52553222 0.46039645] -> F: 0.3973971760131598
Punto[1.         0.52387469 0.46205005] -> F: 0.4007434150327126
Punto[1.         0.52221716 0.46370366] -> F: 0.4040988526454798
Punto[1.         0.52055963 0.46535726] -> F: 0.4074634888514611
Punto[1.         0.5189021  0.46701087] -> F: 0.41083732365065684
Punto[1.         0.51724456 0.46866447] -> F: 0.4142029084049337
Punto[1.         0.51558703 0.47031808] -> F: 0.41756111619482084
Punto[1.         0.5139295  0.47197168] -> F: 0.4209284577366252
Punto[1.         0.51227197 0.47362529] -> F: 0.42263844304815257
Punto[1.         0.51061444 0.47527889] -> F: 0.42132131865079286
Punto[1.         0.50895691 0.4769325 ] -> F: 0.41999886713074897
Punto[1.         0.50729938 0.4785861 ] -> F: 0.41867896501696134
Punto[1.         0.50564185 0.48023971] -> F: 0.4173616123094302
Punto[1.         0.50398431 0.48189332] -> F: 0.4160468090081552
Punto[1.         0.50232678 0.48354692] -> F: 0.4147345551131368
Punto[1.         0.50066925 0.48520053] -> F: 0.41342485062437473
Punto[1.         0.49901172 0.48685413] -> F: 0.4121089055282665
Punto[1.         0.49735419 0.48850774] -> F: 0.41079437536477054
Punto[1.         0.49569666 0.49016134] -> F: 0.40948243364978715
Punto[1.         0.49403913 0.49181495] -> F: 0.4081730803833166
Punto[1.         0.4923816  0.49346855] -> F: 0.4068663155653585
Punto[1.         0.49072407 0.49512216] -> F: 0.4055621391959134
Punto[1.         0.48906653 0.49677576] -> F: 0.40425371820617845
Punto[1.         0.487409   0.49842937] -> F: 0.4029447336144648
Punto[1.         0.48575147 0.50008298] -> F: 0.4016383775132635
Punto[1.         0.48409394 0.50173658] -> F: 0.4003346499025742
Punto[1.         0.48243641 0.50339019] -> F: 0.39903355078239705
Punto[1.         0.48077888 0.50504379] -> F: 0.39773508015273207
Punto[1.         0.47912135 0.5066974 ] -> F: 0.39643325637504856
Punto[1.         0.47746382 0.508351  ] -> F: 0.39512997890528256
Punto[1.         0.47580629 0.51000461] -> F: 0.39382937108763416
Punto[1.         0.47414875 0.51165821] -> F: 0.3925314329221031
Punto[1.         0.47249122 0.51331182] -> F: 0.3912361644086894
Punto[1.         0.47083369 0.51496542] -> F: 0.38994356554739334
Punto[1.         0.46917616 0.51661903] -> F: 0.38864752931376173
Punto[1.         0.46751863 0.51827263] -> F: 0.38735010818948923
Punto[1.         0.4658611  0.51992624] -> F: 0.38605539912972664
Punto[1.         0.46420357 0.52157985] -> F: 0.3847634021344739
Punto[1.         0.46254604 0.52323345] -> F: 0.38347411720373115
Punto[1.         0.46088851 0.52488706] -> F: 0.3821875443374983
Punto[1.         0.45923097 0.52654066] -> F: 0.3808965874480282
Punto[1.         0.45757344 0.52819427] -> F: 0.37960515919516236
Punto[1.         0.45591591 0.52984787] -> F: 0.3783164868143182
{
  "seed": 12209,
  "n_per_z": 10,
  "nz": 100,
  "nd": 100,
  "n_muestras": 50,
  "best_f": 0.42263844304815257,
  "best_cp": [
    1.0,
    0.5122719707147281,
    0.4736252887797662
  ],
  "best_u": [
    0.9995065603657316,
    -0.02652098105087964,
    0.016830726364690917
  ],
  "best_index": 19,
  "n_candidatos": 54
}
