Punto[0.         0.45343417 0.33154968] -> F: 0.190029687733003
Punto[1.         0.58219078 0.50118855] -> F: 0.3427804806215252
Punto[2.         0.61067722 0.74078219] -> F: 0.05642066940110119
Punto[1.         0.53205569 0.53616593] -> F: 0.30777923315153194
Punto[1.         0.58118808 0.50188809] -> F: 0.3425072313584093
Punto[1.         0.58020543 0.50257365] -> F: 0.34223958624162887
Punto[1.         0.57922279 0.50325921] -> F: 0.34197207888025416
Punto[1.         0.57824014 0.50394476] -> F: 0.3417047092742852
Punto[1.         0.57725749 0.50463032] -> F: 0.3413206211781263
Punto[1.         0.57627484 0.50531588] -> F: 0.3406761408038135
Punto[1.         0.57529219 0.50600143] -> F: 0.34002994405564885
Punto[1.         0.57430955 0.50668699] -> F: 0.33937556907123534
Punto[1.         0.5733269  0.50737255] -> F: 0.33872193286138946
Punto[1.         0.57234425 0.5080581 ] -> F: 0.33806108292644704
Punto[1.         0.5713616  0.50874366] -> F: 0.33739768818166344
Punto[1.         0.57037896 0.50942922] -> F: 0.3367325228737424
Punto[1.         0.56939631 0.51011478] -> F: 0.3360594575607228
Punto[1.         0.56841366 0.51080033] -> F: 0.33538718284777314
Punto[1.         0.56743101 0.51148589] -> F: 0.3347071103119195
Punto[1.         0.56644836 0.51217145] -> F: 0.33402525715829273
Punto[1.         0.56546572 0.512857  ] -> F: 0.3333405614952693
Punto[1.         0.56448307 0.51354256] -> F: 0.33264917370531455
Punto[1.         0.56350042 0.51422812] -> F: 0.33195863016774196
Punto[1.         0.56251777 0.51491367] -> F: 0.3312588670125093
Punto[1.         0.56153513 0.51559923] -> F: 0.33055883804034636
Punto[1.         0.56055248 0.51628479] -> F: 0.3298543107119819
Punto[1.         0.55956983 0.51697034] -> F: 0.3291447959764467
Punto[1.         0.55858718 0.5176559 ] -> F: 0.3284355165606777
Punto[1.         0.55760453 0.51834146] -> F: 0.32771649283230964
Punto[1.         0.55662189 0.51902701] -> F: 0.326998398343126
Punto[1.         0.55563924 0.51971257] -> F: 0.32627395550987
Punto[1.         0.55465659 0.52039813] -> F: 0.3255463350472077
Punto[1.         0.55367394 0.52108368] -> F: 0.32481725094816133
Punto[1.         0.5526913  0.52176924] -> F: 0.32408003412139946
Punto[1.         0.55170865 0.5224548 ] -> F: 0.3233438070589767
Punto[1.         0.550726   0.52314035] -> F: 0.32259958073523254
Punto[1.         0.54974335 0.52382591] -> F: 0.32185369306676165
Punto[1.         0.5487607  0.52451147] -> F: 0.3211051080647417
Punto[1.         0.54777806 0.52519702] -> F: 0.3203494379809337
Punto[1.         0.54679541 0.52588258] -> F: 0.31959482212032725
Punto[1.         0.54581276 0.52656814] -> F: 0.318831201968244
Punto[1.         0.54483011 0.52725369] -> F: 0.31806668726265724
Punto[1.         0.54384747 0.52793925] -> F: 0.3172992088548899
Punto[1.         0.54286482 0.52862481] -> F: 0.31652461554311706
Punto[1.         0.54188217 0.52931036] -> F: 0.31575114574210206
Punto[1.         0.54089952 0.52999592] -> F: 0.31496887425970105
Punto[1.         0.53991687 0.53068148] -> F: 0.31418514983534873
Punto[1.         0.53893423 0.53136704] -> F: 0.3133998208583624
Punto[1.         0.53795158 0.53205259] -> F: 0.31260559463593185
Punto[1.         0.53696893 0.53273815] -> F: 0.3118125671490517
Punto[1.         0.53598628 0.53342371] -> F: 0.31101290905746753
Punto[1.         0.53500364 0.53410926] -> F: 0.3102091335117101
Punto[1.         0.53402099 0.53479482] -> F: 0.30940659696326833
Punto[1.         0.53303834 0.53548038] -> F: 0.30859280345356394
Best centerpoint:  [1.         0.58219078 0.50118855] Best F:  0.3427804806215252 Best u:  [0.98228725 0.07978308 0.16954768] índice:  1
{
  "seed": 19705,
  "n_per_z": 5,
  "nz": 100,
  "nd": 100,
  "n_muestras": 50,
  "best_f": 0.3427804806215252,
  "best_cp": [
    1.0,
    0.5821907830986762,
    0.5011885463424262
  ],
  "best_u": [
    0.9822872507286887,
    0.07978308337684184,
    0.16954768256380914
  ],
  "n_candidatos": 54
}
