Punto[0.         0.60882456 0.57370958] -> F: 0.13491975443046927
Punto[1.         0.55616252 0.54165503] -> F: 0.43358559661063295
Punto[2.         0.56100543 0.60824039] -> F: 0.12082336605148922
Punto[1.         0.58491499 0.59097499] -> F: 0.4412303875759129
Punto[1.         0.55673757 0.54264143] -> F: 0.43515991569730306
Punto[1.         0.55730111 0.5436081 ] -> F: 0.4367039943123773
Punto[1.         0.55786466 0.54457477] -> F: 0.4382138393455734
Punto[1.         0.55842821 0.54554144] -> F: 0.4397229477358372
Punto[1.         0.55899176 0.54650811] -> F: 0.4411874892501296
Punto[1.         0.55955531 0.54747478] -> F: 0.44263224281605024
Punto[1.         0.56011886 0.54844145] -> F: 0.4440781716436861
Punto[1.         0.56068241 0.54940812] -> F: 0.44551091649533886
Punto[1.         0.56124595 0.5503748 ] -> F: 0.44692245747523207
Punto[1.         0.5618095  0.55134147] -> F: 0.44833511336407167
Punto[1.         0.56237305 0.55230814] -> F: 0.4497488841618585
Punto[1.         0.5629366  0.55327481] -> F: 0.4511450358905622
Punto[1.         0.56350015 0.55424148] -> F: 0.452524661023449
Punto[1.         0.5640637  0.55520815] -> F: 0.4539053433475403
Punto[1.         0.56462725 0.55617482] -> F: 0.45528708286283565
Punto[1.         0.56519079 0.55714149] -> F: 0.4566488237341046
Punto[1.         0.56575434 0.55810817] -> F: 0.4579965800464619
Punto[1.         0.56631789 0.55907484] -> F: 0.45934533821420237
Punto[1.         0.56688144 0.56004151] -> F: 0.4606950982373257
Punto[1.         0.56744499 0.56100818] -> F: 0.4619770872361651
Punto[1.         0.56800854 0.56197485] -> F: 0.46325465677565486
Punto[1.         0.56857208 0.56294152] -> F: 0.4635721727430555
Punto[1.         0.56913563 0.56390819] -> F: 0.46278441188090386
Punto[1.         0.56969918 0.56487486] -> F: 0.46199789062425783
Punto[1.         0.57026273 0.56584154] -> F: 0.46121260897311744
Punto[1.         0.57082628 0.56680821] -> F: 0.46042856692748263
Punto[1.         0.57138983 0.56777488] -> F: 0.45964576448735317
Punto[1.         0.57195338 0.56874155] -> F: 0.4588642016527294
Punto[1.         0.57251692 0.56970822] -> F: 0.45808387842361115
Punto[1.         0.57308047 0.57067489] -> F: 0.4573047947999984
Punto[1.         0.57364402 0.57164156] -> F: 0.4565269507818912
Punto[1.         0.57420757 0.57260823] -> F: 0.4557503463692897
Punto[1.         0.57477112 0.57357491] -> F: 0.4549749815621935
Punto[1.         0.57533467 0.57454158] -> F: 0.45420085636060303
Punto[1.         0.57589822 0.57550825] -> F: 0.453427970764518
Punto[1.         0.57646176 0.57647492] -> F: 0.45265632477393863
Punto[1.         0.57702531 0.57744159] -> F: 0.45188591838886477
Punto[1.         0.57758886 0.57840826] -> F: 0.45111675160929643
Punto[1.         0.57815241 0.57937493] -> F: 0.45034882443523366
Punto[1.         0.57871596 0.5803416 ] -> F: 0.4495821368666765
Punto[1.         0.57927951 0.58130828] -> F: 0.44881668890362475
Punto[1.         0.57984306 0.58227495] -> F: 0.4480524805460786
Punto[1.         0.5804066  0.58324162] -> F: 0.447289511794038
Punto[1.         0.58097015 0.58420829] -> F: 0.44652778264750304
Punto[1.         0.5815337  0.58517496] -> F: 0.44576729310647323
Punto[1.         0.58209725 0.58614163] -> F: 0.44500804317094944
Punto[1.        0.5826608 0.5871083] -> F: 0.444250032840931
Punto[1.         0.58322435 0.58807497] -> F: 0.4434932621164182
Punto[1.         0.58378789 0.58904164] -> F: 0.4427377309974108
Punto[1.         0.58435144 0.59000832] -> F: 0.44198343948390906
{
  "seed": 2603,
  "n_per_z": 10,
  "nz": 100,
  "nd": 100,
  "n_muestras": 50,
  "best_f": 0.4635721727430555,
  "best_cp": [
    1.0,
    0.5685720849300859,
    0.562941521651968
  ],
  "best_u": [
    0.9995065603657316,
    0.015132248592212108,
    0.027525458005412257
  ],
  "best_index": 25,
  "n_candidatos": 54
}
