Punto[0.         0.42598071 0.57040252] -> F: 0.10443466226030203
Punto[1.         0.44253766 0.49863539] -> F: 0.4454423348641509
Punto[2.         0.52394972 0.43720174] -> F: 0.1318803978712164
Punto[1.         0.47496521 0.50380213] -> F: 0.42150495525965864
Punto[1.         0.44318621 0.49873872] -> F: 0.4457764958811558
Punto[1.         0.44382179 0.49883999] -> F: 0.4460672185737416
Punto[1.         0.44445737 0.49894126] -> F: 0.44635825025191334
Punto[1.         0.44509295 0.49904253] -> F: 0.4466495909156711
Punto[1.         0.44572853 0.49914379] -> F: 0.44694124056501483
Punto[1.         0.44636411 0.49924506] -> F: 0.4470210328454444
Punto[1.         0.44699969 0.49934633] -> F: 0.446453564778166
Punto[1.         0.44763527 0.4994476 ] -> F: 0.4458870487765878
Punto[1.         0.44827085 0.49954887] -> F: 0.445320361703149
Punto[1.         0.44890643 0.49965014] -> F: 0.44474146430456857
Punto[1.         0.44954201 0.4997514 ] -> F: 0.4441635866799811
Punto[1.         0.45017759 0.49985267] -> F: 0.4435867288293868
Punto[1.         0.45081317 0.49995394] -> F: 0.4430108907527854
Punto[1.         0.45144875 0.50005521] -> F: 0.4424360724501768
Punto[1.         0.45208433 0.50015648] -> F: 0.4418622739215614
Punto[1.         0.45271991 0.50025774] -> F: 0.441289495166939
Punto[1.         0.45335549 0.50035901] -> F: 0.44071773618630955
Punto[1.         0.45399107 0.50046028] -> F: 0.44014699697967297
Punto[1.         0.45462665 0.50056155] -> F: 0.43957727754702947
Punto[1.         0.45526223 0.50066282] -> F: 0.43900857788837916
Punto[1.         0.45589781 0.50076409] -> F: 0.4384408980037214
Punto[1.         0.45653339 0.50086535] -> F: 0.4378742378930571
Punto[1.         0.45716897 0.50096662] -> F: 0.43730859755638546
Punto[1.         0.45780455 0.50106789] -> F: 0.436743976993707
Punto[1.         0.45844013 0.50116916] -> F: 0.43618037620502137
Punto[1.         0.45907571 0.50127043] -> F: 0.43561779519032884
Punto[1.         0.45971129 0.50137169] -> F: 0.4350562339496292
Punto[1.         0.46034687 0.50147296] -> F: 0.43448838076075025
Punto[1.         0.46098245 0.50157423] -> F: 0.4339148587922101
Punto[1.         0.46161803 0.5016755 ] -> F: 0.4333424394068827
Punto[1.         0.46225361 0.50177677] -> F: 0.43277112260476835
Punto[1.         0.46288919 0.50187804] -> F: 0.43220090838586706
Punto[1.         0.46352477 0.5019793 ] -> F: 0.43163179675017876
Punto[1.         0.46416035 0.50208057] -> F: 0.4310637876977035
Punto[1.         0.46479593 0.50218184] -> F: 0.43049688122844115
Punto[1.         0.46543151 0.50228311] -> F: 0.42993107734239194
Punto[1.         0.46606709 0.50238438] -> F: 0.42936637603955563
Punto[1.         0.46670267 0.50248565] -> F: 0.42880277731993227
Punto[1.         0.46733825 0.50258691] -> F: 0.4282402811835219
Punto[1.         0.46797383 0.50268818] -> F: 0.4276788876303247
Punto[1.         0.46860941 0.50278945] -> F: 0.4271185966603404
Punto[1.         0.46924499 0.50289072] -> F: 0.4265594082735691
Punto[1.         0.46988057 0.50299199] -> F: 0.4260013224700108
Punto[1.         0.47051615 0.50309325] -> F: 0.4254443392496654
Punto[1.         0.47115173 0.50319452] -> F: 0.42488845861253316
Punto[1.         0.47178731 0.50329579] -> F: 0.4243283211150597
Punto[1.         0.47242289 0.50339706] -> F: 0.42376123647979697
Punto[1.         0.47305847 0.50349833] -> F: 0.42319535757662563
Punto[1.         0.47369405 0.5035996 ] -> F: 0.42263068440554535
Punto[1.         0.47432963 0.50370086] -> F: 0.4220672169665564
{
  "seed": 3081,
  "n_per_z": 10,
  "nz": 100,
  "nd": 100,
  "n_muestras": 50,
  "best_f": 0.4470210328454444,
  "best_cp": [
    1.0,
    0.44636411130034276,
    0.49924506245503947
  ],
  "best_u": [
    -0.3090169943749471,
    0.7133980207171763,
    0.6289449588193621
  ],
  "best_index": 9,
  "n_candidatos": 54
}
