Punto[0.         0.47174602 0.51170021] -> F: 0.13150552255699025
Punto[1.         0.4734306  0.47316379] -> F: 0.4203346590633703
Punto[2.         0.56480051 0.39637037] -> F: 0.14374935926587198
Punto[1.         0.51827327 0.45403529] -> F: 0.43431612781335327
Punto[1.         0.47432745 0.47278122] -> F: 0.4213503858306141
Punto[1.         0.47520637 0.4724063 ] -> F: 0.42241433298691206
Punto[1.         0.47608529 0.47203138] -> F: 0.4235461227956453
Punto[1.         0.4769642  0.47165646] -> F: 0.4247457552568138
Punto[1.         0.47784312 0.47128155] -> F: 0.4260132303704176
Punto[1.         0.47872204 0.47090663] -> F: 0.4273485481364567
Punto[1.         0.47960095 0.47053171] -> F: 0.4287446820083998
Punto[1.         0.48047987 0.47015679] -> F: 0.4301506207424147
Punto[1.         0.48135878 0.46978187] -> F: 0.43155619392694733
Punto[1.         0.4822377  0.46940695] -> F: 0.4329614015619974
Punto[1.         0.48311662 0.46903203] -> F: 0.4343662436475649
Punto[1.         0.48399553 0.46865712] -> F: 0.4357707201836498
Punto[1.         0.48487445 0.4682822 ] -> F: 0.4371748311702523
Punto[1.         0.48575337 0.46790728] -> F: 0.4384943140813898
Punto[1.         0.48663228 0.46753236] -> F: 0.43979352677858596
Punto[1.         0.4875112  0.46715744] -> F: 0.4411076441782429
Punto[1.         0.48839011 0.46678252] -> F: 0.44243666628036066
Punto[1.         0.48926903 0.4664076 ] -> F: 0.44378059308493906
Punto[1.         0.49014795 0.46603268] -> F: 0.4451394245919782
Punto[1.         0.49102686 0.46565777] -> F: 0.4461788534145795
Punto[1.         0.49190578 0.46528285] -> F: 0.4471266891612406
Punto[1.         0.4927847  0.46490793] -> F: 0.4480757821912863
Punto[1.         0.49366361 0.46453301] -> F: 0.4490261325047165
Punto[1.         0.49454253 0.46415809] -> F: 0.44997774010153185
Punto[1.         0.49542144 0.46378317] -> F: 0.4509174290199429
Punto[1.         0.49630036 0.46340825] -> F: 0.45182129233123475
Punto[1.         0.49717928 0.46303334] -> F: 0.45272628038960183
Punto[1.         0.49805819 0.46265842] -> F: 0.45317604726731703
Punto[1.         0.49893711 0.4622835 ] -> F: 0.45249338656437316
Punto[1.         0.49981603 0.46190858] -> F: 0.451746112740231
Punto[1.         0.50069494 0.46153366] -> F: 0.45099960207582557
Punto[1.         0.50157386 0.46115874] -> F: 0.45025102488111846
Punto[1.         0.50245277 0.46078382] -> F: 0.44949962672136057
Punto[1.         0.50333169 0.46040891] -> F: 0.44874897694369953
Punto[1.         0.50421061 0.46003399] -> F: 0.4479990755481349
Punto[1.         0.50508952 0.45965907] -> F: 0.4472469724171053
Punto[1.         0.50596844 0.45928415] -> F: 0.44643411767751834
Punto[1.         0.50684736 0.45890923] -> F: 0.44562202609766816
Punto[1.         0.50772627 0.45853431] -> F: 0.44480486244119993
Punto[1.         0.50860519 0.45815939] -> F: 0.44398747186814724
Punto[1.         0.5094841  0.45778447] -> F: 0.443170829677191
Punto[1.         0.51036302 0.45740956] -> F: 0.44235493586833147
Punto[1.         0.51124194 0.45703464] -> F: 0.4415349800639654
Punto[1.         0.51212085 0.45665972] -> F: 0.4406512633318784
Punto[1.         0.51299977 0.4562848 ] -> F: 0.43976829498188785
Punto[1.         0.51387869 0.45590988] -> F: 0.43888607501399385
Punto[1.         0.5147576  0.45553496] -> F: 0.4380046034281967
Punto[1.         0.51563652 0.45516004] -> F: 0.4371238802244961
Punto[1.         0.51651543 0.45478513] -> F: 0.4362239466010828
Punto[1.         0.51739435 0.45441021] -> F: 0.435269670334737
{
  "seed": 10380,
  "n_per_z": 10,
  "nz": 100,
  "nd": 100,
  "n_muestras": 50,
  "best_f": 0.45317604726731703,
  "best_cp": [
    1.0,
    0.49805819282352065,
    0.46265841720953815
  ],
  "best_u": [
    -0.4539904997395468,
    0.6683538569066545,
    -0.589233186526553
  ],
  "best_index": 31,
  "n_candidatos": 54
}
