Punto[0.         0.59605169 0.66594004] -> F: 0.09383680723973371
Punto[1.         0.50573128 0.54428904] -> F: 0.41586607878438536
Punto[2.         0.46035145 0.41928783] -> F: 0.14940263462108358
Punto[1.         0.52820157 0.54261394] -> F: 0.40818590032750707
Punto[1.         0.50618069 0.54425554] -> F: 0.41636777988022183
Punto[1.         0.5066211  0.54422271] -> F: 0.4168762057352617
Punto[1.         0.50706152 0.54418988] -> F: 0.4174012210908045
Punto[1.         0.50750194 0.54415705] -> F: 0.41794282594685
Punto[1.         0.50794236 0.54412421] -> F: 0.41850102030339853
Punto[1.         0.50838278 0.54409138] -> F: 0.4190758041604497
Punto[1.         0.50882319 0.54405855] -> F: 0.4196671775180038
Punto[1.         0.50926361 0.54402572] -> F: 0.42027514037606084
Punto[1.         0.50970403 0.54399289] -> F: 0.4208996927346206
Punto[1.         0.51014445 0.54396005] -> F: 0.4215408345936833
Punto[1.         0.51058486 0.54392722] -> F: 0.42219849646179963
Punto[1.         0.51102528 0.54389439] -> F: 0.4228646031556432
Punto[1.         0.5114657  0.54386156] -> F: 0.4234624706320845
Punto[1.         0.51190612 0.54382872] -> F: 0.4230669212357871
Punto[1.         0.51234654 0.54379589] -> F: 0.4226734204196765
Punto[1.         0.51278695 0.54376306] -> F: 0.42228196818375285
Punto[1.         0.51322737 0.54373023] -> F: 0.4218925645280159
Punto[1.         0.51366779 0.5436974 ] -> F: 0.42150520945246583
Punto[1.         0.51410821 0.54366456] -> F: 0.42111990295710255
Punto[1.         0.51454862 0.54363173] -> F: 0.42073664504192587
Punto[1.         0.51498904 0.5435989 ] -> F: 0.42035543570693606
Punto[1.         0.51542946 0.54356607] -> F: 0.4199762749521332
Punto[1.         0.51586988 0.54353324] -> F: 0.41954720450199573
Punto[1.         0.51631029 0.5435004 ] -> F: 0.4191179902196344
Punto[1.         0.51675071 0.54346757] -> F: 0.4186926238459531
Punto[1.         0.51719113 0.54343474] -> F: 0.4182711053809518
Punto[1.         0.51763155 0.54340191] -> F: 0.41785343482463017
Punto[1.         0.51807197 0.54336907] -> F: 0.41743961217698855
Punto[1.         0.51851238 0.54333624] -> F: 0.4170296374380267
Punto[1.         0.5189528  0.54330341] -> F: 0.41662351060774455
Punto[1.         0.51939322 0.54327058] -> F: 0.4162212316861425
Punto[1.         0.51983364 0.54323775] -> F: 0.4158228006732203
Punto[1.         0.52027405 0.54320491] -> F: 0.41542821756897796
Punto[1.         0.52071447 0.54317208] -> F: 0.4150374823734155
Punto[1.         0.52115489 0.54313925] -> F: 0.4146505950865329
Punto[1.         0.52159531 0.54310642] -> F: 0.41426755570833
Punto[1.         0.52203573 0.54307359] -> F: 0.41388836423880737
Punto[1.         0.52247614 0.54304075] -> F: 0.4135130206779642
Punto[1.         0.52291656 0.54300792] -> F: 0.41314152502580104
Punto[1.         0.52335698 0.54297509] -> F: 0.41277387728231757
Punto[1.         0.5237974  0.54294226] -> F: 0.4124100774475144
Punto[1.         0.52423781 0.54290942] -> F: 0.4120501255213909
Punto[1.         0.52467823 0.54287659] -> F: 0.41161207840873076
Punto[1.         0.52511865 0.54284376] -> F: 0.4111519820407922
Punto[1.         0.52555907 0.54281093] -> F: 0.4106920438175378
Punto[1.         0.52599949 0.5427781 ] -> F: 0.41023226373896765
Punto[1.         0.5264399  0.54274526] -> F: 0.40977264180508166
Punto[1.         0.52688032 0.54271243] -> F: 0.40931819596891206
Punto[1.         0.52732074 0.5426796 ] -> F: 0.4089008258754472
Punto[1.         0.52776116 0.54264677] -> F: 0.4085261584072794
{
  "seed": 15418,
  "n_per_z": 10,
  "nz": 100,
  "nd": 100,
  "n_muestras": 50,
  "best_f": 0.4234624706320845,
  "best_cp": [
    1.0,
    0.5114656995247588,
    0.543861556837488
  ],
  "best_u": [
    -0.24868988716485485,
    0.9113212694388209,
    0.32809584558532245
  ],
  "best_index": 16,
  "n_candidatos": 54
}
