Punto[0.         0.57646236 0.5605793 ] -> F: 0.13962730918325783
Punto[1.         0.49242267 0.54344372] -> F: 0.35837024668801865
Punto[2.         0.61808668 0.41761915] -> F: 0.0942742138525392
Punto[1.         0.59727452 0.48909922] -> F: 0.3602933788856977
Punto[1.         0.49451971 0.54235683] -> F: 0.362060499042529
Punto[1.         0.49657481 0.54129168] -> F: 0.3657055363658845
Punto[1.         0.4986299  0.54022653] -> F: 0.3693841921349689
Punto[1.         0.500685   0.53916138] -> F: 0.37307490610028915
Punto[1.         0.5027401  0.53809623] -> F: 0.37675482018933737
Punto[1.         0.50479519 0.53703107] -> F: 0.3804399130891513
Punto[1.         0.50685029 0.53596592] -> F: 0.38413634833625093
Punto[1.         0.50890538 0.53490077] -> F: 0.38784411438241373
Punto[1.         0.51096048 0.53383562] -> F: 0.3915632112276396
Punto[1.         0.51301558 0.53277046] -> F: 0.3952936388719286
Punto[1.         0.51507067 0.53170531] -> F: 0.3990353973152804
Punto[1.         0.51712577 0.53064016] -> F: 0.4027620758113725
Punto[1.         0.51918086 0.52957501] -> F: 0.4064980904924688
Punto[1.         0.52123596 0.52850986] -> F: 0.4102452800162252
Punto[1.         0.52329106 0.5274447 ] -> F: 0.41400364438264137
Punto[1.         0.52534615 0.52637955] -> F: 0.41373654563476264
Punto[1.         0.52740125 0.5253144 ] -> F: 0.41218107981602853
Punto[1.         0.52945635 0.52424925] -> F: 0.41062945234444953
Punto[1.         0.53151144 0.52318409] -> F: 0.4090816632200261
Punto[1.         0.53356654 0.52211894] -> F: 0.4075269060750166
Punto[1.         0.53562163 0.52105379] -> F: 0.4059707641994877
Punto[1.         0.53767673 0.51998864] -> F: 0.4044185412245596
Punto[1.         0.53973183 0.51892349] -> F: 0.40287023715023246
Punto[1.         0.54178692 0.51785833] -> F: 0.4013258519765062
Punto[1.         0.54384202 0.51679318] -> F: 0.3997853857033809
Punto[1.         0.54589711 0.51572803] -> F: 0.3982488383308564
Punto[1.         0.54795221 0.51466288] -> F: 0.3967153255691993
Punto[1.         0.55000731 0.51359772] -> F: 0.39517067070944506
Punto[1.         0.5520624  0.51253257] -> F: 0.3936300170482597
Punto[1.         0.5541175  0.51146742] -> F: 0.3920933645856431
Punto[1.         0.55617259 0.51040227] -> F: 0.3905607133215953
Punto[1.         0.55822769 0.50933712] -> F: 0.3890320632561165
Punto[1.         0.56028279 0.50827196] -> F: 0.38750741438920644
Punto[1.         0.56233788 0.50720681] -> F: 0.3859867667208653
Punto[1.         0.56439298 0.50614166] -> F: 0.384457789735714
Punto[1.         0.56644808 0.50507651] -> F: 0.382929354729533
Punto[1.         0.56850317 0.50401135] -> F: 0.3814050051799959
Punto[1.         0.57055827 0.5029462 ] -> F: 0.3798847410871029
Punto[1.         0.57261336 0.50188105] -> F: 0.37836856245085415
Punto[1.         0.57466846 0.5008159 ] -> F: 0.3768564692712492
Punto[1.         0.57672356 0.49975075] -> F: 0.3753484615482885
Punto[1.         0.57877865 0.49868559] -> F: 0.3738318676782258
Punto[1.         0.58083375 0.49762044] -> F: 0.3723163014815368
Punto[1.         0.58288884 0.49655529] -> F: 0.37080490719382453
Punto[1.         0.58494394 0.49549014] -> F: 0.36929768481508873
Punto[1.         0.58699904 0.49442499] -> F: 0.36779463434532944
Punto[1.         0.58905413 0.49335983] -> F: 0.36629575578454676
Punto[1.         0.59110923 0.49229468] -> F: 0.36479951376931535
Punto[1.         0.59316433 0.49122953] -> F: 0.3632932079969906
Punto[1.         0.59521942 0.49016438] -> F: 0.3617911630357847
Best centerpoint:  [1.         0.52329106 0.5274447 ] Best F:  0.41400364438264137 Best u:  [ 6.12323400e-17 -9.87688341e-01  1.56434465e-01] índice:  15
{
  "seed": 5292,
  "n_per_z": 5,
  "nz": 100,
  "nd": 100,
  "n_muestras": 50,
  "best_f": 0.41400364438264137,
  "best_cp": [
    1.0,
    0.5232910569266748,
    0.5274447032587477
  ],
  "best_u": [
    6.123233995736766e-17,
    -0.9876883405951377,
    0.15643446504023098
  ],
  "n_candidatos": 54
}
