Punto[0.         0.46549352 0.61445032] -> F: 0.13792139247974114
Punto[1.         0.43674004 0.54827473] -> F: 0.4214825319355466
Punto[2.         0.3823776  0.59594033] -> F: 0.13673865466637575
Punto[1.         0.42393556 0.60519533] -> F: 0.43042015761520735
Punto[1.         0.43648395 0.54941315] -> F: 0.42294208210234624
Punto[1.         0.43623298 0.55052879] -> F: 0.4243663675381835
Punto[1.         0.43598201 0.55164443] -> F: 0.42579224881905003
Punto[1.         0.43573105 0.55276008] -> F: 0.42721972594494584
Punto[1.         0.43548008 0.55387572] -> F: 0.4286417365334975
Punto[1.         0.43522911 0.55499136] -> F: 0.4300645811288873
Punto[1.         0.43497814 0.55610701] -> F: 0.43148912613411633
Punto[1.         0.43472717 0.55722265] -> F: 0.4329153715491843
Punto[1.         0.43447621 0.55833829] -> F: 0.4343433173740916
Punto[1.         0.43422524 0.55945394] -> F: 0.4357729636088376
Punto[1.         0.43397427 0.56056958] -> F: 0.43720431025342293
Punto[1.         0.4337233  0.56168523] -> F: 0.4386291972951401
Punto[1.         0.43347234 0.56280087] -> F: 0.4400525390262322
Punto[1.         0.43322137 0.56391651] -> F: 0.4414775268037034
Punto[1.         0.4329704  0.56503216] -> F: 0.4429041606275545
Punto[1.         0.43271943 0.5661478 ] -> F: 0.4443324404977851
Punto[1.         0.43246846 0.56726344] -> F: 0.44576236641439493
Punto[1.         0.4322175  0.56837909] -> F: 0.4471939383773848
Punto[1.         0.43196653 0.56949473] -> F: 0.4486271563867538
Punto[1.         0.43171556 0.57061037] -> F: 0.45006202044250254
Punto[1.         0.43146459 0.57172602] -> F: 0.4514949705703354
Punto[1.         0.43121363 0.57284166] -> F: 0.452921927375772
Punto[1.         0.43096266 0.57395731] -> F: 0.45435048002623796
Punto[1.         0.43071169 0.57507295] -> F: 0.4557806285217334
Punto[1.         0.43046072 0.57618859] -> F: 0.4572123728622579
Punto[1.         0.43020975 0.57730424] -> F: 0.4586457130478118
Punto[1.         0.42995879 0.57841988] -> F: 0.45966508477596846
Punto[1.         0.42970782 0.57953552] -> F: 0.4586898629375547
Punto[1.         0.42945685 0.58065117] -> F: 0.45738867063504074
Punto[1.         0.42920588 0.58176681] -> F: 0.45594910696960417
Punto[1.         0.42895492 0.58288245] -> F: 0.45453006107939775
Punto[1.         0.42870395 0.5839981 ] -> F: 0.4531597264629422
Punto[1.         0.42845298 0.58511374] -> F: 0.45183883180353546
Punto[1.         0.42820201 0.58622938] -> F: 0.4505673771011774
Punto[1.         0.42795104 0.58734503] -> F: 0.44934536235586864
Punto[1.         0.42770008 0.58846067] -> F: 0.44821443743545575
Punto[1.         0.42744911 0.58957632] -> F: 0.44728708462756134
Punto[1.         0.42719814 0.59069196] -> F: 0.446373617405653
Punto[1.         0.42694717 0.5918076 ] -> F: 0.44541536508908997
Punto[1.         0.4266962  0.59292325] -> F: 0.44434967869171976
Punto[1.         0.42644524 0.59403889] -> F: 0.44331510101391386
Punto[1.         0.42619427 0.59515453] -> F: 0.44231163205567214
Punto[1.         0.4259433  0.59627018] -> F: 0.4413392718169948
Punto[1.         0.42569233 0.59738582] -> F: 0.44034861469099945
Punto[1.         0.42544137 0.59850146] -> F: 0.438895012450894
Punto[1.         0.4251904  0.59961711] -> F: 0.4374531606205477
Punto[1.         0.42493943 0.60073275] -> F: 0.43602305919996087
Punto[1.         0.42468846 0.6018484 ] -> F: 0.43460470818913355
Punto[1.         0.42443749 0.60296404] -> F: 0.4331981075880654
Punto[1.         0.42418653 0.60407968] -> F: 0.4318032573967565
{
  "seed": 18940,
  "n_per_z": 10,
  "nz": 100,
  "nd": 100,
  "n_muestras": 50,
  "best_f": 0.45966508477596846,
  "best_cp": [
    1.0,
    0.42995878622672895,
    0.5784198795000808
  ],
  "best_u": [
    -0.09410831331851438,
    0.9008113979790846,
    0.42388966799783134
  ],
  "best_index": 30,
  "n_candidatos": 54
}
