Punto[0.         0.4730002  0.48743427] -> F: 0.15989789007066707
Punto[1.         0.49314117 0.46414815] -> F: 0.4458386176842404
Punto[2.         0.49975708 0.53234455] -> F: 0.1267412674007135
Punto[1.         0.48637864 0.50988941] -> F: 0.4293149027181644
Punto[1.         0.49300592 0.46506298] -> F: 0.4463836650591873
Punto[1.         0.49287337 0.46595951] -> F: 0.44691805824863023
Punto[1.         0.49274083 0.46685603] -> F: 0.4474261312928867
Punto[1.         0.49260828 0.46775256] -> F: 0.4479324271478053
Punto[1.         0.49247574 0.46864909] -> F: 0.44843894510614013
Punto[1.         0.49234319 0.46954562] -> F: 0.44893871742053515
Punto[1.         0.49221064 0.47044215] -> F: 0.4494171912468877
Punto[1.         0.4920781  0.47133868] -> F: 0.4498958660394633
Punto[1.         0.49194555 0.47223521] -> F: 0.4500439807860743
Punto[1.         0.49181301 0.47313173] -> F: 0.4495477792037527
Punto[1.         0.49168046 0.47402826] -> F: 0.44904907019662726
Punto[1.         0.49154792 0.47492479] -> F: 0.4485489645230283
Punto[1.         0.49141537 0.47582132] -> F: 0.44804912221870674
Punto[1.         0.49128283 0.47671785] -> F: 0.4475496305055644
Punto[1.         0.49115028 0.47761438] -> F: 0.4470504893836009
Punto[1.         0.49101773 0.47851091] -> F: 0.44655169885281654
Punto[1.         0.49088519 0.47940744] -> F: 0.4460532589132112
Punto[1.         0.49075264 0.48030396] -> F: 0.44555516956478497
Punto[1.         0.4906201  0.48120049] -> F: 0.4450574308075378
Punto[1.         0.49048755 0.48209702] -> F: 0.4445600426414697
Punto[1.         0.49035501 0.48299355] -> F: 0.44406300506658053
Punto[1.         0.49022246 0.48389008] -> F: 0.4435663180828705
Punto[1.         0.49008992 0.48478661] -> F: 0.44306998169033945
Punto[1.         0.48995737 0.48568314] -> F: 0.4425739958889875
Punto[1.         0.48982482 0.48657967] -> F: 0.4420783606788145
Punto[1.         0.48969228 0.48747619] -> F: 0.44158307605982067
Punto[1.         0.48955973 0.48837272] -> F: 0.4410881420320058
Punto[1.         0.48942719 0.48926925] -> F: 0.44059355859537
Punto[1.         0.48929464 0.49016578] -> F: 0.44009932574991334
Punto[1.         0.4891621  0.49106231] -> F: 0.4396054434956357
Punto[1.         0.48902955 0.49195884] -> F: 0.43911191183253706
Punto[1.         0.488897   0.49285537] -> F: 0.4386187307606174
Punto[1.         0.48876446 0.4937519 ] -> F: 0.4381259002798769
Punto[1.         0.48863191 0.49464842] -> F: 0.4376334203903154
Punto[1.         0.48849937 0.49554495] -> F: 0.43714129109193295
Punto[1.         0.48836682 0.49644148] -> F: 0.43664951238472954
Punto[1.         0.48823428 0.49733801] -> F: 0.43615808426870517
Punto[1.         0.48810173 0.49823454] -> F: 0.4356670067438599
Punto[1.         0.48796919 0.49913107] -> F: 0.43517627981019363
Punto[1.         0.48783664 0.5000276 ] -> F: 0.43468590346770647
Punto[1.         0.48770409 0.50092412] -> F: 0.43419587771639834
Punto[1.         0.48757155 0.50182065] -> F: 0.4337062025562691
Punto[1.         0.487439   0.50271718] -> F: 0.43321687798731917
Punto[1.         0.48730646 0.50361371] -> F: 0.43272790400954814
Punto[1.         0.48717391 0.50451024] -> F: 0.43223928062295613
Punto[1.         0.48704137 0.50540677] -> F: 0.43175100782754333
Punto[1.         0.48690882 0.5063033 ] -> F: 0.43126308562330934
Punto[1.         0.48677628 0.50719983] -> F: 0.43077551401025455
Punto[1.         0.48664373 0.50809635] -> F: 0.4302882929883788
Punto[1.         0.48651118 0.50899288] -> F: 0.42980142255768206
{
  "seed": 4677,
  "n_per_z": 10,
  "nz": 100,
  "nd": 100,
  "n_muestras": 50,
  "best_f": 0.4500439807860743,
  "best_cp": [
    1.0,
    0.4919455536674355,
    0.47223520603206703
  ],
  "best_u": [
    0.7501110696304596,
    -0.22401140589326804,
    0.6222156163642707
  ],
  "best_index": 12,
  "n_candidatos": 54
}
