Punto[0.         0.42730966 0.43473768] -> F: 0.14289533294247564
Punto[1.         0.52496035 0.61103429] -> F: 0.2794022404305841
Punto[2.         0.42128196 0.63475957] -> F: 0.10237820992786734
Punto[1.         0.42429581 0.53474862] -> F: 0.35664129773742403
Punto[1.         0.52294706 0.60950857] -> F: 0.28538897984716444
Punto[1.         0.52097403 0.60801337] -> F: 0.29132446600843526
Punto[1.         0.51900101 0.60651818] -> F: 0.29632580132059333
Punto[1.         0.51702798 0.60502298] -> F: 0.30124934657401004
Punto[1.         0.51505496 0.60352778] -> F: 0.30638847427123017
Punto[1.         0.51308193 0.60203258] -> F: 0.3117431844122536
Punto[1.         0.51110891 0.60053738] -> F: 0.31731347699707996
Punto[1.         0.50913588 0.59904218] -> F: 0.32267983458062766
Punto[1.         0.50716286 0.59754698] -> F: 0.3280816293320614
Punto[1.         0.50518983 0.59605178] -> F: 0.33359509485931166
Punto[1.         0.50321681 0.59455658] -> F: 0.3392202311623773
Punto[1.         0.50124378 0.59306138] -> F: 0.34495703824125934
Punto[1.         0.49927076 0.59156619] -> F: 0.35074281125666007
Punto[1.         0.49729773 0.59007099] -> F: 0.35636994571050146
Punto[1.         0.49532471 0.58857579] -> F: 0.3620767189967782
Punto[1.         0.49335168 0.58708059] -> F: 0.36786313111549007
Punto[1.         0.49137866 0.58558539] -> F: 0.3732526748253623
Punto[1.         0.48940563 0.58409019] -> F: 0.37849362260271574
Punto[1.         0.48743261 0.58259499] -> F: 0.3836439293781794
Punto[1.         0.48545958 0.58109979] -> F: 0.3889059069294592
Punto[1.         0.48348656 0.57960459] -> F: 0.3942795552565549
Punto[1.         0.48151353 0.57810939] -> F: 0.399764874359466
Punto[1.         0.47954051 0.57661419] -> F: 0.4053332609973006
Punto[1.         0.47756748 0.575119  ] -> F: 0.40418325874366845
Punto[1.         0.47559446 0.5736238 ] -> F: 0.40278176775486096
Punto[1.         0.47362143 0.5721286 ] -> F: 0.401384558503614
Punto[1.         0.47164841 0.5706334 ] -> F: 0.3999328249633338
Punto[1.         0.46967538 0.5691382 ] -> F: 0.39848057001564774
Punto[1.         0.46770236 0.567643  ] -> F: 0.3970060145770175
Punto[1.         0.46572933 0.5661478 ] -> F: 0.39551073213427523
Punto[1.         0.46375631 0.5646526 ] -> F: 0.3939769478809803
Punto[1.         0.46178329 0.5631574 ] -> F: 0.39242903055261574
Punto[1.         0.45981026 0.5616622 ] -> F: 0.3908452678252064
Punto[1.         0.45783724 0.56016701] -> F: 0.38923824536768903
Punto[1.         0.45586421 0.55867181] -> F: 0.38761049922066143
Punto[1.         0.45389119 0.55717661] -> F: 0.38594436486015105
Punto[1.         0.45191816 0.55568141] -> F: 0.3842668464246229
Punto[1.         0.44994514 0.55418621] -> F: 0.38254682141246366
Punto[1.         0.44797211 0.55269101] -> F: 0.38081122521122185
Punto[1.         0.44599909 0.55119581] -> F: 0.3790449732243042
Punto[1.         0.44402606 0.54970061] -> F: 0.3772515725586522
Punto[1.         0.44205304 0.54820541] -> F: 0.37543812699688645
Punto[1.         0.44008001 0.54671021] -> F: 0.3735873250335944
Punto[1.         0.43810699 0.54521501] -> F: 0.3717255681866805
Punto[1.         0.43613396 0.54371982] -> F: 0.36981795411713536
Punto[1.         0.43416094 0.54222462] -> F: 0.3679066012789191
Punto[1.         0.43218791 0.54072942] -> F: 0.3658609557168175
Punto[1.         0.43021489 0.53923422] -> F: 0.36374436964102513
Punto[1.         0.42824186 0.53773902] -> F: 0.3616238258436109
Punto[1.         0.42626884 0.53624382] -> F: 0.35932594783369204
Best centerpoint:  [1.         0.47954051 0.57661419] Best F:  0.4053332609973006 Best u:  [0.03141076 0.82667246 0.56180602] índice:  23
{
  "seed": 2817,
  "n_per_z": 5,
  "nz": 100,
  "nd": 100,
  "n_muestras": 50,
  "best_f": 0.4053332609973006,
  "best_cp": [
    1.0,
    0.47954050890190214,
    0.5766141946403723
  ],
  "best_u": [
    0.031410759078128396,
    0.8266724599384813,
    0.5618060236357348
  ],
  "n_candidatos": 54
}
