Punto[0.         0.47116293 0.68964531] -> F: 0.13124494330859596
Punto[1.         0.42171221 0.60008307] -> F: 0.418273524042714
Punto[2.         0.41363947 0.51047093] -> F: 0.12903565283517843
Punto[1.         0.4424012  0.60005812] -> F: 0.43554302799023226
Punto[1.         0.42212598 0.60008257] -> F: 0.4190732310219311
Punto[1.         0.42253149 0.60008208] -> F: 0.41985781544778045
Punto[1.         0.42293699 0.60008159] -> F: 0.4206432626559449
Punto[1.         0.4233425  0.60008111] -> F: 0.4214295726464252
Punto[1.         0.423748   0.60008062] -> F: 0.4222167454192206
Punto[1.         0.42415351 0.60008013] -> F: 0.42300478097433136
Punto[1.         0.42455901 0.60007964] -> F: 0.4237936793117575
Punto[1.         0.42496451 0.60007915] -> F: 0.42458344043149904
Punto[1.         0.42537002 0.60007866] -> F: 0.42537406433355585
Punto[1.         0.42577552 0.60007817] -> F: 0.42616555101792825
Punto[1.         0.42618103 0.60007768] -> F: 0.42695790048461574
Punto[1.         0.42658653 0.60007719] -> F: 0.42775111273361893
Punto[1.         0.42699204 0.6000767 ] -> F: 0.4285451877649372
Punto[1.         0.42739754 0.60007621] -> F: 0.4293401255785708
Punto[1.         0.42780304 0.60007573] -> F: 0.43013592617451984
Punto[1.         0.42820855 0.60007524] -> F: 0.4309325895527845
Punto[1.         0.42861405 0.60007475] -> F: 0.4317301157133642
Punto[1.         0.42901956 0.60007426] -> F: 0.4325285046562595
Punto[1.         0.42942506 0.60007377] -> F: 0.43332775638147014
Punto[1.         0.42983057 0.60007328] -> F: 0.43412757158871
Punto[1.         0.43023607 0.60007279] -> F: 0.4349021488284274
Punto[1.         0.43064157 0.6000723 ] -> F: 0.4356775336720184
Punto[1.         0.43104708 0.60007181] -> F: 0.4364537261194834
Punto[1.         0.43145258 0.60007132] -> F: 0.43723072617082176
Punto[1.         0.43185809 0.60007083] -> F: 0.4380085338260341
Punto[1.         0.43226359 0.60007035] -> F: 0.4387871490851201
Punto[1.         0.4326691  0.60006986] -> F: 0.4395665719480798
Punto[1.         0.4330746  0.60006937] -> F: 0.44034680241491325
Punto[1.         0.4334801  0.60006888] -> F: 0.44112784048562054
Punto[1.         0.43388561 0.60006839] -> F: 0.4419096861602016
Punto[1.         0.43429111 0.6000679 ] -> F: 0.44269233943865594
Punto[1.         0.43469662 0.60006741] -> F: 0.44347580032098427
Punto[1.         0.43510212 0.60006692] -> F: 0.4442600688071864
Punto[1.         0.43550763 0.60006643] -> F: 0.4450451448972622
Punto[1.         0.43591313 0.60006594] -> F: 0.4458310285912116
Punto[1.         0.43631863 0.60006545] -> F: 0.4461809532606497
Punto[1.         0.43672414 0.60006497] -> F: 0.44547770751190674
Punto[1.         0.43712964 0.60006448] -> F: 0.4447749860092677
Punto[1.         0.43753515 0.60006399] -> F: 0.4440727887527323
Punto[1.         0.43794065 0.6000635 ] -> F: 0.44337111574230076
Punto[1.         0.43834616 0.60006301] -> F: 0.44266996697797306
Punto[1.         0.43875166 0.60006252] -> F: 0.44196865038153516
Punto[1.         0.43915716 0.60006203] -> F: 0.4412524913366914
Punto[1.         0.43956267 0.60006154] -> F: 0.4405368825421896
Punto[1.         0.43996817 0.60006105] -> F: 0.43982182399802866
Punto[1.         0.44037368 0.60006056] -> F: 0.4391073157042093
Punto[1.         0.44077918 0.60006007] -> F: 0.43839335766073123
Punto[1.         0.44118469 0.60005959] -> F: 0.43767994986759434
Punto[1.         0.44159019 0.6000591 ] -> F: 0.43696709232479913
Punto[1.         0.44199569 0.60005861] -> F: 0.43625478503234494
Best centerpoint:  [1.         0.43631863 0.60006545] Best F:  0.4461809532606497 Best u:  [0.12533323 0.96094559 0.24672889] índice:  36
{
  "seed": 16119,
  "n_per_z": 5,
  "nz": 100,
  "nd": 100,
  "n_muestras": 50,
  "best_f": 0.4461809532606497,
  "best_cp": [
    1.0,
    0.4363186348997198,
    0.6000654545880474
  ],
  "best_u": [
    0.12533323356430448,
    0.9609455936013646,
    0.2467288931244911
  ],
  "n_candidatos": 54
}
