Punto[0.         0.38910137 0.4591935 ] -> F: 0.11688834793538215
Punto[1.         0.39548617 0.55585974] -> F: 0.4128198444012978
Punto[2.         0.37387617 0.53035791] -> F: 0.14400027304389518
Punto[1.         0.38148877 0.49477571] -> F: 0.4164663633813812
Punto[1.         0.39520622 0.55463806] -> F: 0.414807409184497
Punto[1.         0.39493187 0.55344081] -> F: 0.4167235744110948
Punto[1.         0.39465752 0.55224356] -> F: 0.41864291265318887
Punto[1.         0.39438317 0.55104632] -> F: 0.4205654239107789
Punto[1.         0.39410882 0.54984907] -> F: 0.4224911081838651
Punto[1.         0.39383447 0.54865182] -> F: 0.4244199654724472
Punto[1.         0.39356012 0.54745458] -> F: 0.426337206455771
Punto[1.         0.39328577 0.54625733] -> F: 0.4282311872829578
Punto[1.         0.39301143 0.54506008] -> F: 0.43012816708213475
Punto[1.         0.39273708 0.54386284] -> F: 0.4320281458533014
Punto[1.         0.39246273 0.54266559] -> F: 0.4339311235964576
Punto[1.         0.39218838 0.54146834] -> F: 0.4358371003116038
Punto[1.         0.39191403 0.54027109] -> F: 0.43772328778288405
Punto[1.         0.39163968 0.53907385] -> F: 0.43959522265738715
Punto[1.         0.39136533 0.5378766 ] -> F: 0.44146999770470907
Punto[1.         0.39109098 0.53667935] -> F: 0.4424349976523901
Punto[1.         0.39081663 0.53548211] -> F: 0.44168177974981
Punto[1.         0.39054229 0.53428486] -> F: 0.4409257335712713
Punto[1.         0.39026794 0.53308761] -> F: 0.440170705105325
Punto[1.         0.38999359 0.53189037] -> F: 0.4394166943519711
Punto[1.         0.38971924 0.53069312] -> F: 0.4386637013112096
Punto[1.         0.38944489 0.52949587] -> F: 0.4379117259830405
Punto[1.         0.38917054 0.52829862] -> F: 0.4371607683674636
Punto[1.         0.38889619 0.52710138] -> F: 0.43641082846447915
Punto[1.         0.38862184 0.52590413] -> F: 0.435661906274087
Punto[1.         0.38834749 0.52470688] -> F: 0.43491400179628736
Punto[1.         0.38807314 0.52350964] -> F: 0.4341671150310801
Punto[1.         0.3877988  0.52231239] -> F: 0.433421245978465
Punto[1.         0.38752445 0.52111514] -> F: 0.43267639463844226
Punto[1.         0.3872501  0.51991789] -> F: 0.4319325610110121
Punto[1.         0.38697575 0.51872065] -> F: 0.43118974509617425
Punto[1.        0.3867014 0.5175234] -> F: 0.4304479468939287
Punto[1.         0.38642705 0.51632615] -> F: 0.4297071664042755
Punto[1.         0.3861527  0.51512891] -> F: 0.42896740362721475
Punto[1.         0.38587835 0.51393166] -> F: 0.428228666931079
Punto[1.         0.385604   0.51273441] -> F: 0.42749096721095325
Punto[1.         0.38532966 0.51153717] -> F: 0.4267543045128019
Punto[1.         0.38505531 0.51033992] -> F: 0.42601334211543096
Punto[1.         0.38478096 0.50914267] -> F: 0.4252727232487127
Punto[1.         0.38450661 0.50794542] -> F: 0.42453313866279735
Punto[1.         0.38423226 0.50674818] -> F: 0.42379458835768485
Punto[1.         0.38395791 0.50555093] -> F: 0.42305707233337514
Punto[1.         0.38368356 0.50435368] -> F: 0.4223205905898682
Punto[1.         0.38340921 0.50315644] -> F: 0.42158514312716433
Punto[1.         0.38313486 0.50195919] -> F: 0.4208507304816685
Punto[1.         0.38286051 0.50076194] -> F: 0.4201173663542919
Punto[1.         0.38258617 0.4995647 ] -> F: 0.41938505673784693
Punto[1.         0.38231182 0.49836745] -> F: 0.4186538016323332
Punto[1.         0.38203747 0.4971702 ] -> F: 0.4179236010377511
Punto[1.         0.38176312 0.49597295] -> F: 0.41719445495410046
{
  "seed": 2574,
  "n_per_z": 10,
  "nz": 100,
  "nd": 100,
  "n_muestras": 50,
  "best_f": 0.4424349976523901,
  "best_cp": [
    1.0,
    0.39109098301983486,
    0.5366793533023694
  ],
  "best_u": [
    -0.9995065603657316,
    -0.016830726364690903,
    -0.026520981050879647
  ],
  "best_index": 19,
  "n_candidatos": 54
}
