Punto[0.         0.65609643 0.33811384] -> F: 0.08858994002007918
Punto[1.         0.59722933 0.34844491] -> F: 0.40610733556216455
Punto[2.         0.56338138 0.27215505] -> F: 0.1646722451926046
Punto[1.         0.6097389  0.30513444] -> F: 0.38091312079910156
Punto[1.         0.59747952 0.3475787 ] -> F: 0.4069762389336784
Punto[1.         0.59772471 0.34672982] -> F: 0.4078254816564743
Punto[1.         0.59796989 0.34588093] -> F: 0.4086724648543592
Punto[1.         0.59821508 0.34503205] -> F: 0.40951718852733304
Punto[1.         0.59846027 0.34418316] -> F: 0.4104022907758835
Punto[1.         0.59870546 0.34333428] -> F: 0.4101256837648547
Punto[1.         0.59895064 0.34248539] -> F: 0.40952794642915125
Punto[1.         0.59919583 0.34163651] -> F: 0.4089304664804465
Punto[1.         0.59944102 0.34078762] -> F: 0.4083332439187402
Punto[1.         0.59968621 0.33993874] -> F: 0.4077362787440324
Punto[1.         0.5999314  0.33908985] -> F: 0.4071297480838364
Punto[1.         0.60017658 0.33824097] -> F: 0.40652081090244807
Punto[1.         0.60042177 0.33739208] -> F: 0.40591214200397624
Punto[1.         0.60066696 0.3365432 ] -> F: 0.40530374138842074
Punto[1.         0.60091215 0.33569431] -> F: 0.4046922794527745
Punto[1.         0.60115733 0.33484543] -> F: 0.4040719796746689
Punto[1.         0.60140252 0.33399654] -> F: 0.403451959272743
Punto[1.         0.60164771 0.33314765] -> F: 0.4028322182469968
Punto[1.         0.6018929  0.33229877] -> F: 0.40221275659743017
Punto[1.         0.60213808 0.33144988] -> F: 0.4015838582844501
Punto[1.         0.60238327 0.330601  ] -> F: 0.40095255637855104
Punto[1.         0.60262846 0.32975211] -> F: 0.4003215451616718
Punto[1.         0.60287365 0.32890323] -> F: 0.39969082463381234
Punto[1.         0.60311884 0.32805434] -> F: 0.39905638691286377
Punto[1.         0.60336402 0.32720546] -> F: 0.3984138489019425
Punto[1.         0.60360921 0.32635657] -> F: 0.39777161313652054
Punto[1.         0.6038544  0.32550769] -> F: 0.39712967961659806
Punto[1.         0.60409959 0.3246588 ] -> F: 0.39648804834217505
Punto[1.         0.60434477 0.32380992] -> F: 0.3958358009217516
Punto[1.         0.60458996 0.32296103] -> F: 0.3951823616951871
Punto[1.         0.60483515 0.32211215] -> F: 0.3945292365403457
Punto[1.         0.60508034 0.32126326] -> F: 0.3938764254572275
Punto[1.         0.60532552 0.32041438] -> F: 0.3932184214351491
Punto[1.         0.60557071 0.31956549] -> F: 0.3925537750857773
Punto[1.         0.6058159  0.31871661] -> F: 0.39188945493249217
Punto[1.         0.60606109 0.31786772] -> F: 0.39122546097529354
Punto[1.         0.60630627 0.31701884] -> F: 0.39056176352356625
Punto[1.         0.60655146 0.31616995] -> F: 0.3898858812260978
Punto[1.         0.60679665 0.31532107] -> F: 0.389210337578197
Punto[1.         0.60704184 0.31447218] -> F: 0.3885351325798636
Punto[1.         0.60728703 0.3136233 ] -> F: 0.3878602662310978
Punto[1.         0.60753221 0.31277441] -> F: 0.387178753398306
Punto[1.         0.6077774  0.31192553] -> F: 0.38649193198466125
Punto[1.         0.60802259 0.31107664] -> F: 0.3858054620370822
Punto[1.         0.60826778 0.31022776] -> F: 0.38511934355556887
Punto[1.         0.60851296 0.30937887] -> F: 0.38443251482046153
Punto[1.         0.60875815 0.30852999] -> F: 0.38373433470758916
Punto[1.         0.60900334 0.3076811 ] -> F: 0.38303651927751736
Punto[1.         0.60924853 0.30683221] -> F: 0.38233906853024596
Punto[1.         0.60949371 0.30598333] -> F: 0.3816327131139619
Best centerpoint:  [1.         0.59846027 0.34418316] Best F:  0.4104022907758835 Best u:  [-0.21814324 -0.64538533  0.73204597] índice:  5
{
  "seed": 12378,
  "n_per_z": 5,
  "nz": 100,
  "nd": 100,
  "n_muestras": 50,
  "best_f": 0.4104022907758835,
  "best_cp": [
    1.0,
    0.5984602695978809,
    0.34418316211783195
  ],
  "best_u": [
    -0.21814324139654234,
    -0.6453853342383312,
    0.7320459661681685
  ],
  "n_candidatos": 54
}
