Punto[0.         0.71717088 0.57432263] -> F: 0.06211520036087249
Punto[1.         0.47006103 0.40743482] -> F: 0.3424487980339418
Punto[2.         0.38232034 0.39445475] -> F: 0.18469474299702607
Punto[1.         0.54974561 0.48438869] -> F: 0.28932994791967304
Punto[1.         0.47165472 0.4089739 ] -> F: 0.3441357627330038
Punto[1.         0.47321654 0.41048219] -> F: 0.34566952609914514
Punto[1.         0.47477836 0.41199049] -> F: 0.3471462200280842
Punto[1.         0.47634018 0.41349879] -> F: 0.34865750220236563
Punto[1.         0.47790199 0.41500708] -> F: 0.35020337262198886
Punto[1.         0.47946381 0.41651538] -> F: 0.35178382078760534
Punto[1.         0.48102563 0.41802367] -> F: 0.3533985298692594
Punto[1.         0.48258745 0.41953197] -> F: 0.35486807593496494
Punto[1.         0.48414926 0.42104026] -> F: 0.3552347827810325
Punto[1.         0.48571108 0.42254856] -> F: 0.353930709478261
Punto[1.         0.4872729  0.42405686] -> F: 0.3526604583291789
Punto[1.         0.48883472 0.42556515] -> F: 0.35135468432783856
Punto[1.         0.49039654 0.42707345] -> F: 0.34987835378900983
Punto[1.         0.49195835 0.42858174] -> F: 0.3485564970140056
Punto[1.         0.49352017 0.43009004] -> F: 0.3472841712221507
Punto[1.         0.49508199 0.43159834] -> F: 0.3460111571753104
Punto[1.         0.49664381 0.43310663] -> F: 0.34473745487348456
Punto[1.         0.49820562 0.43461493] -> F: 0.34346306431667356
Punto[1.         0.49976744 0.43612322] -> F: 0.342187985504877
Punto[1.         0.50132926 0.43763152] -> F: 0.3409122184380951
Punto[1.         0.50289108 0.43913981] -> F: 0.3395485956747993
Punto[1.         0.50445289 0.44064811] -> F: 0.33820697224469237
Punto[1.         0.50601471 0.44215641] -> F: 0.3367251948767833
Punto[1.         0.50757653 0.4436647 ] -> F: 0.33522307383238825
Punto[1.         0.50913835 0.445173  ] -> F: 0.33368868883404573
Punto[1.         0.51070017 0.44668129] -> F: 0.332136721502784
Punto[1.         0.51226198 0.44818959] -> F: 0.3305246253328913
Punto[1.         0.5138238  0.44969788] -> F: 0.3289612979609459
Punto[1.         0.51538562 0.45120618] -> F: 0.3273412203981861
Punto[1.         0.51694744 0.45271448] -> F: 0.3256977789607265
Punto[1.         0.51850925 0.45422277] -> F: 0.32402535759507134
Punto[1.         0.52007107 0.45573107] -> F: 0.3223458037631877
Punto[1.         0.52163289 0.45723936] -> F: 0.3206693447900053
Punto[1.         0.52319471 0.45874766] -> F: 0.3189633567911487
Punto[1.         0.52475653 0.46025596] -> F: 0.3172612178619142
Punto[1.         0.52631834 0.46176425] -> F: 0.315562928002302
Punto[1.         0.52788016 0.46327255] -> F: 0.31385657397007677
Punto[1.         0.52944198 0.46478084] -> F: 0.31213112615339056
Punto[1.         0.5310038  0.46628914] -> F: 0.31040968807747754
Punto[1.         0.53256561 0.46779743] -> F: 0.3086922597423377
Punto[1.         0.53412743 0.46930573] -> F: 0.3069569694149824
Punto[1.         0.53568925 0.47081403] -> F: 0.3052115372596669
Punto[1.         0.53725107 0.47232232] -> F: 0.3034702860826059
Punto[1.         0.53881288 0.47383062] -> F: 0.30173321588379975
Punto[1.         0.5403747  0.47533891] -> F: 0.2999702720718537
Punto[1.         0.54193652 0.47684721] -> F: 0.29820421357575755
Punto[1.         0.54349834 0.47835551] -> F: 0.2964425192723814
Punto[1.         0.54506016 0.4798638 ] -> F: 0.2946851891617253
Punto[1.         0.54662197 0.4813721 ] -> F: 0.29289629945559437
Punto[1.         0.54818379 0.48288039] -> F: 0.2911091944791837
Best centerpoint:  [1.         0.48414926 0.42104026] Best F:  0.3552347827810325 Best u:  [-0.24868989  0.12139566  0.96094559] índice:  9
{
  "seed": 1691,
  "n_per_z": 5,
  "nz": 100,
  "nd": 100,
  "n_muestras": 50,
  "best_f": 0.3552347827810325,
  "best_cp": [
    1.0,
    0.48414926458483987,
    0.4210402643538552
  ],
  "best_u": [
    -0.24868988716485485,
    0.12139565956018708,
    0.9609455936013646
  ],
  "n_candidatos": 54
}
