Punto[0.         0.38801537 0.47680564] -> F: 0.0
Punto[1.         0.44717605 0.41313076] -> F: 0.28698113536616154
Punto[2.         0.36697659 0.47128299] -> F: 0.09550240946316932
Punto[1.         0.37749598 0.47404432] -> F: 0.28698113536616154
Punto[1.         0.44578244 0.41434903] -> F: 0.28698113536616154
Punto[1.         0.44441672 0.41554293] -> F: 0.28698113536616154
Punto[1.         0.44305099 0.41673684] -> F: 0.28698113536616154
Punto[1.         0.44168526 0.41793074] -> F: 0.28698113536616154
Punto[1.         0.44031953 0.41912465] -> F: 0.28698113536616154
Punto[1.         0.4389538  0.42031856] -> F: 0.28698113536616154
Punto[1.         0.43758807 0.42151246] -> F: 0.28698113536616154
Punto[1.         0.43622234 0.42270637] -> F: 0.28698113536616154
Punto[1.         0.43485661 0.42390027] -> F: 0.28698113536616154
Punto[1.         0.43349088 0.42509418] -> F: 0.28698113536616154
Punto[1.         0.43212515 0.42628808] -> F: 0.28698113536616154
Punto[1.         0.43075942 0.42748199] -> F: 0.28698113536616154
Punto[1.         0.42939369 0.4286759 ] -> F: 0.28698113536616154
Punto[1.         0.42802796 0.4298698 ] -> F: 0.28698113536616154
Punto[1.         0.42666223 0.43106371] -> F: 0.28698113536616154
Punto[1.         0.4252965  0.43225761] -> F: 0.28698113536616154
Punto[1.         0.42393078 0.43345152] -> F: 0.28698113536616154
Punto[1.         0.42256505 0.43464543] -> F: 0.28698113536616154
Punto[1.         0.42119932 0.43583933] -> F: 0.28698113536616154
Punto[1.         0.41983359 0.43703324] -> F: 0.28698113536616154
Punto[1.         0.41846786 0.43822714] -> F: 0.28698113536616154
Punto[1.         0.41710213 0.43942105] -> F: 0.28698113536616154
Punto[1.         0.4157364  0.44061495] -> F: 0.28698113536616154
Punto[1.         0.41437067 0.44180886] -> F: 0.28698113536616154
Punto[1.         0.41300494 0.44300277] -> F: 0.28698113536616154
Punto[1.         0.41163921 0.44419667] -> F: 0.28698113536616154
Punto[1.         0.41027348 0.44539058] -> F: 0.28698113536616154
Punto[1.         0.40890775 0.44658448] -> F: 0.28698113536616154
Punto[1.         0.40754202 0.44777839] -> F: 0.28698113536616154
Punto[1.         0.40617629 0.44897229] -> F: 0.28698113536616154
Punto[1.         0.40481056 0.4501662 ] -> F: 0.28698113536616154
Punto[1.         0.40344484 0.45136011] -> F: 0.28698113536616154
Punto[1.         0.40207911 0.45255401] -> F: 0.28698113536616154
Punto[1.         0.40071338 0.45374792] -> F: 0.28698113536616154
Punto[1.         0.39934765 0.45494182] -> F: 0.28698113536616154
Punto[1.         0.39798192 0.45613573] -> F: 0.28698113536616154
Punto[1.         0.39661619 0.45732964] -> F: 0.28698113536616154
Punto[1.         0.39525046 0.45852354] -> F: 0.28698113536616154
Punto[1.         0.39388473 0.45971745] -> F: 0.28698113536616154
Punto[1.         0.392519   0.46091135] -> F: 0.28698113536616154
Punto[1.         0.39115327 0.46210526] -> F: 0.28698113536616154
Punto[1.         0.38978754 0.46329916] -> F: 0.28698113536616154
Punto[1.         0.38842181 0.46449307] -> F: 0.28698113536616154
Punto[1.         0.38705608 0.46568698] -> F: 0.28698113536616154
Punto[1.         0.38569035 0.46688088] -> F: 0.28698113536616154
Punto[1.         0.38432462 0.46807479] -> F: 0.28698113536616154
Punto[1.         0.38295889 0.46926869] -> F: 0.28698113536616154
Punto[1.         0.38159317 0.4704626 ] -> F: 0.28698113536616154
Punto[1.         0.38022744 0.4716565 ] -> F: 0.28698113536616154
Punto[1.         0.37886171 0.47285041] -> F: 0.28698113536616154
Best centerpoint:  [1.         0.44717605 0.41313076] Best F:  0.28698113536616154 Best u:  [-1. -0. -0.] índice:  1
{
  "seed": 11,
  "n_per_z": 5,
  "nz": 100,
  "nd": 100,
  "n_muestras": 50,
  "best_f": 0.28698113536616154,
  "best_cp": [
    1.0,
    0.44717604620951784,
    0.4131307555527819
  ],
  "best_u": [
    -1.0,
    -0.0,
    -0.0
  ],
  "n_candidatos": 54
}
