Punto[0.         0.57730738 0.40977924] -> F: 0.21077925493825875
Punto[1.         0.53172189 0.554532  ] -> F: 0.3128249740669642
Punto[2.         0.49159548 0.57985295] -> F: 0.040586539462076146
Punto[1.         0.53445143 0.4948161 ] -> F: 0.2666886303215588
Punto[1.         0.53177648 0.55333768] -> F: 0.3135890954163567
Punto[1.         0.53182998 0.55216725] -> F: 0.31359495724407804
Punto[1.         0.53188347 0.55099682] -> F: 0.3127174153289108
Punto[1.         0.53193697 0.54982639] -> F: 0.31180826016927776
Punto[1.         0.53199047 0.54865595] -> F: 0.3108677648772346
Punto[1.         0.53204397 0.54748552] -> F: 0.3099274348404392
Punto[1.         0.53209747 0.54631509] -> F: 0.3089872700588915
Punto[1.         0.53215097 0.54514466] -> F: 0.30804727053259096
Punto[1.         0.53220447 0.54397423] -> F: 0.30710106976275614
Punto[1.         0.53225797 0.5428038 ] -> F: 0.3061365345063295
Punto[1.         0.53231147 0.54163336] -> F: 0.3051732367584517
Punto[1.         0.53236497 0.54046293] -> F: 0.304211176519123
Punto[1.         0.53241846 0.5392925 ] -> F: 0.30325035378834353
Punto[1.         0.53247196 0.53812207] -> F: 0.3022907685661131
Punto[1.         0.53252546 0.53695164] -> F: 0.30133242085243145
Punto[1.         0.53257896 0.53578121] -> F: 0.30037531064729894
Punto[1.         0.53263246 0.53461077] -> F: 0.2994194379507156
Punto[1.         0.53268596 0.53344034] -> F: 0.29846480276268106
Punto[1.         0.53273946 0.53226991] -> F: 0.29751140508319573
Punto[1.         0.53279296 0.53109948] -> F: 0.29655924491225916
Punto[1.         0.53284646 0.52992905] -> F: 0.2956083222498719
Punto[1.         0.53289996 0.52875862] -> F: 0.29465863709603374
Punto[1.         0.53295346 0.52758818] -> F: 0.29371018945074445
Punto[1.         0.53300695 0.52641775] -> F: 0.29275552732435456
Punto[1.         0.53306045 0.52524732] -> F: 0.29178483343894196
Punto[1.         0.53311395 0.52407689] -> F: 0.2908154426586877
Punto[1.         0.53316745 0.52290646] -> F: 0.2898473549835925
Punto[1.         0.53322095 0.52173603] -> F: 0.2888805704136559
Punto[1.         0.53327445 0.52056559] -> F: 0.2879150889488783
Punto[1.         0.53332795 0.51939516] -> F: 0.28695091058925964
Punto[1.         0.53338145 0.51822473] -> F: 0.2859880353347996
Punto[1.         0.53343495 0.5170543 ] -> F: 0.2850264631854985
Punto[1.         0.53348845 0.51588387] -> F: 0.2840661941413562
Punto[1.         0.53354194 0.51471344] -> F: 0.28310722820237294
Punto[1.         0.53359544 0.513543  ] -> F: 0.2821495653685482
Punto[1.         0.53364894 0.51237257] -> F: 0.2811932056398823
Punto[1.         0.53370244 0.51120214] -> F: 0.28023814901637534
Punto[1.         0.53375594 0.51003171] -> F: 0.2792781714694589
Punto[1.         0.53380944 0.50886128] -> F: 0.2783015490961426
Punto[1.         0.53386294 0.50769085] -> F: 0.2773262968816443
Punto[1.         0.53391644 0.50652041] -> F: 0.2763524148259633
Punto[1.         0.53396994 0.50534998] -> F: 0.2753799029291
Punto[1.         0.53402344 0.50417955] -> F: 0.2744087611910542
Punto[1.         0.53407694 0.50300912] -> F: 0.2734389896118261
Punto[1.         0.53413043 0.50183869] -> F: 0.2724705881914155
Punto[1.         0.53418393 0.50066826] -> F: 0.27150355692982253
Punto[1.         0.53423743 0.49949783] -> F: 0.27053789582704707
Punto[1.         0.53429093 0.49832739] -> F: 0.26957360488308935
Punto[1.         0.53434443 0.49715696] -> F: 0.26861068409794914
Punto[1.         0.53439793 0.49598653] -> F: 0.2676491334716265
Best centerpoint:  [1.         0.53182998 0.55216725] Best F:  0.31359495724407804 Best u:  [ 0.30901699 -0.76942088 -0.55901699] índice:  2
{
  "seed": 6040,
  "n_per_z": 5,
  "nz": 100,
  "nd": 100,
  "n_muestras": 50,
  "best_f": 0.31359495724407804,
  "best_cp": [
    1.0,
    0.531829975326688,
    0.5521672483826758
  ],
  "best_u": [
    0.3090169943749471,
    -0.7694208842938134,
    -0.5590169943749475
  ],
  "n_candidatos": 54
}
