Punto[0.         0.57246725 0.35385074] -> F: 0.041234321205461145
Punto[1.         0.48798572 0.47525672] -> F: 0.326571791499366
Punto[2.         0.65759116 0.67050994] -> F: 0.1553739900248617
Punto[1.         0.61502921 0.51218034] -> F: 0.2608429745295412
Punto[1.         0.49052659 0.4759952 ] -> F: 0.3295736411203877
Punto[1.         0.49301665 0.4767189 ] -> F: 0.3329922753191542
Punto[1.        0.4955067 0.4774426] -> F: 0.33690436431580884
Punto[1.         0.49799675 0.4781663 ] -> F: 0.3413099081103517
Punto[1.         0.5004868  0.47889001] -> F: 0.3462089067027822
Punto[1.         0.50297685 0.47961371] -> F: 0.34748654515629424
Punto[1.         0.50546691 0.48033741] -> F: 0.34544838099583763
Punto[1.         0.50795696 0.48106112] -> F: 0.3434157406670562
Punto[1.         0.51044701 0.48178482] -> F: 0.34138061009037607
Punto[1.         0.51293706 0.48250852] -> F: 0.339351228952051
Punto[1.         0.51542712 0.48323223] -> F: 0.3373275972520811
Punto[1.         0.51791717 0.48395593] -> F: 0.33530971499046636
Punto[1.         0.52040722 0.48467963] -> F: 0.3332975821672066
Punto[1.         0.52289727 0.48540333] -> F: 0.33129119878230223
Punto[1.         0.52538732 0.48612704] -> F: 0.3292905648357529
Punto[1.         0.52787738 0.48685074] -> F: 0.3272956803275588
Punto[1.         0.53036743 0.48757444] -> F: 0.32530654525771985
Punto[1.         0.53285748 0.48829815] -> F: 0.3233231596262359
Punto[1.         0.53534753 0.48902185] -> F: 0.32134552343310724
Punto[1.         0.53783759 0.48974555] -> F: 0.3193736366783338
Punto[1.         0.54032764 0.49046925] -> F: 0.31740749936191537
Punto[1.         0.54281769 0.49119296] -> F: 0.31544711148385235
Punto[1.         0.54530774 0.49191666] -> F: 0.3134924730441443
Punto[1.         0.54779779 0.49264036] -> F: 0.3115435840427912
Punto[1.         0.55028785 0.49336407] -> F: 0.3096004444797935
Punto[1.         0.5527779  0.49408777] -> F: 0.3076630543551509
Punto[1.         0.55526795 0.49481147] -> F: 0.30572652387269206
Punto[1.         0.557758   0.49553518] -> F: 0.30379240966204707
Punto[1.         0.56024806 0.49625888] -> F: 0.3018640942531662
Punto[1.         0.56273811 0.49698258] -> F: 0.29994157764604956
Punto[1.         0.56522816 0.49770628] -> F: 0.29802485984069715
Punto[1.         0.56771821 0.49842999] -> F: 0.2961139408371086
Punto[1.         0.57020827 0.49915369] -> F: 0.2942088206352845
Punto[1.         0.57269832 0.49987739] -> F: 0.2923094992352243
Punto[1.         0.57518837 0.5006011 ] -> F: 0.2904159766369283
Punto[1.         0.57767842 0.5013248 ] -> F: 0.2885282528403964
Punto[1.         0.58016847 0.5020485 ] -> F: 0.2866463278456287
Punto[1.         0.58265853 0.50277221] -> F: 0.2847702016526251
Punto[1.         0.58514858 0.50349591] -> F: 0.28289987426138546
Punto[1.         0.58763863 0.50421961] -> F: 0.28103534567191024
Punto[1.         0.59012868 0.50494331] -> F: 0.27917661588419906
Punto[1.         0.59261874 0.50566702] -> F: 0.277323684898252
Punto[1.         0.59510879 0.50639072] -> F: 0.2754749910591014
Punto[1.         0.59759884 0.50711442] -> F: 0.273625512844305
Punto[1.         0.60008889 0.50783813] -> F: 0.27178188495768035
Punto[1.         0.60257894 0.50856183] -> F: 0.2699441073992275
Punto[1.         0.605069   0.50928553] -> F: 0.26811218016894656
Punto[1.         0.60755905 0.51000924] -> F: 0.2662861032668376
Punto[1.         0.6100491  0.51073294] -> F: 0.2644658766929002
Punto[1.         0.61253915 0.51145664] -> F: 0.2626515004471347
Best centerpoint:  [1.         0.50297685 0.47961371] Best F:  0.34748654515629424 Best u:  [-0.90482705  0.33643164  0.26096313] índice:  6
{
  "seed": 16610,
  "n_per_z": 5,
  "nz": 100,
  "nd": 100,
  "n_muestras": 50,
  "best_f": 0.34748654515629424,
  "best_cp": [
    1.0,
    0.5029768546218534,
    0.47961371028823485
  ],
  "best_u": [
    -0.9048270524660194,
    0.3364316413959128,
    0.26096313109960045
  ],
  "n_candidatos": 54
}
