Punto[0.         0.46150798 0.55234784] -> F: 0.12474190365474622
Punto[1.         0.54132141 0.56431854] -> F: 0.4453608113381942
Punto[2.         0.61480005 0.51536257] -> F: 0.16018868786860968
Punto[1.         0.53815402 0.5338552 ] -> F: 0.4418221210818924
Punto[1.         0.54125807 0.56370927] -> F: 0.44611959633751536
Punto[1.         0.54119598 0.56311219] -> F: 0.44686371121664875
Punto[1.         0.5411339  0.56251511] -> F: 0.44760832656871513
Punto[1.         0.54107182 0.56191803] -> F: 0.44835344239371383
Punto[1.         0.54100974 0.56132095] -> F: 0.4490990586916454
Punto[1.         0.54094766 0.56072387] -> F: 0.4498451754625093
Punto[1.         0.54088558 0.56012679] -> F: 0.45059179270630617
Punto[1.        0.5408235 0.5595297] -> F: 0.4513389104230353
Punto[1.         0.54076142 0.55893262] -> F: 0.45208652861269716
Punto[1.         0.54069934 0.55833554] -> F: 0.45282875336860856
Punto[1.         0.54063726 0.55773846] -> F: 0.45355897931496125
Punto[1.         0.54057518 0.55714138] -> F: 0.4533523652596394
Punto[1.         0.54051309 0.5565443 ] -> F: 0.4530550372681538
Punto[1.         0.54045101 0.55594722] -> F: 0.4527578330444212
Punto[1.         0.54038893 0.55535013] -> F: 0.45246075258844154
Punto[1.         0.54032685 0.55475305] -> F: 0.45216379590021466
Punto[1.         0.54026477 0.55415597] -> F: 0.45186696297974077
Punto[1.         0.54020269 0.55355889] -> F: 0.4515702538270198
Punto[1.         0.54014061 0.55296181] -> F: 0.45127366844205186
Punto[1.         0.54007853 0.55236473] -> F: 0.4509772068248366
Punto[1.         0.54001645 0.55176765] -> F: 0.45068075530104545
Punto[1.         0.53995437 0.55117056] -> F: 0.4503836621914045
Punto[1.         0.53989229 0.55057348] -> F: 0.450086693585373
Punto[1.        0.5398302 0.5499764] -> F: 0.44978984948295087
Punto[1.         0.53976812 0.54937932] -> F: 0.4494931298841381
Punto[1.         0.53970604 0.54878224] -> F: 0.4491965347889345
Punto[1.         0.53964396 0.54818516] -> F: 0.44890006419734046
Punto[1.         0.53958188 0.54758808] -> F: 0.44860371810935573
Punto[1.         0.5395198  0.54699099] -> F: 0.4483074965249804
Punto[1.         0.53945772 0.54639391] -> F: 0.4480113994442144
Punto[1.         0.53939564 0.54579683] -> F: 0.44771542686705784
Punto[1.         0.53933356 0.54519975] -> F: 0.4474195787935106
Punto[1.         0.53927148 0.54460267] -> F: 0.44712385522357273
Punto[1.         0.5392094  0.54400559] -> F: 0.44682825615724414
Punto[1.         0.53914731 0.54340851] -> F: 0.44653278159452503
Punto[1.         0.53908523 0.54281143] -> F: 0.44623743153541523
Punto[1.         0.53902315 0.54221434] -> F: 0.44594220597991485
Punto[1.         0.53896107 0.54161726] -> F: 0.44564710492802373
Punto[1.         0.53889899 0.54102018] -> F: 0.4453521283797421
Punto[1.         0.53883691 0.5404231 ] -> F: 0.4450572763350697
Punto[1.         0.53877483 0.53982602] -> F: 0.4447625487940068
Punto[1.         0.53871275 0.53922894] -> F: 0.4444679457565532
Punto[1.         0.53865067 0.53863186] -> F: 0.444173467222709
Punto[1.         0.53858859 0.53803477] -> F: 0.44387911319247414
Punto[1.         0.53852651 0.53743769] -> F: 0.4435848836658486
Punto[1.         0.53846442 0.53684061] -> F: 0.4432907786428325
Punto[1.         0.53840234 0.53624353] -> F: 0.44299679812342574
Punto[1.         0.53834026 0.53564645] -> F: 0.44270294210762834
Punto[1.         0.53827818 0.53504937] -> F: 0.4424092105954403
Punto[1.         0.5382161  0.53445229] -> F: 0.4421156035868617
{
  "seed": 10624,
  "n_per_z": 10,
  "nz": 100,
  "nd": 100,
  "n_muestras": 50,
  "best_f": 0.45355897931496125,
  "best_cp": [
    1.0,
    0.5406372560981585,
    0.557738459651063
  ],
  "best_u": [
    -0.1564344650402308,
    0.7408759576253525,
    0.6531700188773929
  ],
  "best_index": 14,
  "n_candidatos": 54
}
