Punto[0.         0.65528272 0.55658708] -> F: 0.1367383711693877
Punto[1.         0.58631273 0.50229791] -> F: 0.42747145737162046
Punto[2.         0.40889265 0.41248589] -> F: 0.13520321720756642
Punto[1.         0.53208768 0.48453648] -> F: 0.445776626379513
Punto[1.         0.58522823 0.50194269] -> F: 0.4290912776089922
Punto[1.         0.58416542 0.50159456] -> F: 0.4306841554412739
Punto[1.         0.58310261 0.50124644] -> F: 0.4322800544278507
Punto[1.         0.5820398  0.50089831] -> F: 0.43384126553574426
Punto[1.         0.58097699 0.50055019] -> F: 0.4354049451254673
Punto[1.         0.57991418 0.50020207] -> F: 0.4369710931970197
Punto[1.         0.57885137 0.49985394] -> F: 0.43853970975040113
Punto[1.         0.57778856 0.49950582] -> F: 0.440041686125015
Punto[1.         0.57672575 0.49915769] -> F: 0.4414848365990254
Punto[1.         0.57566293 0.49880957] -> F: 0.4429332168453422
Punto[1.         0.57460012 0.49846145] -> F: 0.4443855265833604
Punto[1.         0.57353731 0.49811332] -> F: 0.4458399731900656
Punto[1.        0.5724745 0.4977652] -> F: 0.4472965455349325
Punto[1.         0.57141169 0.49741707] -> F: 0.4487552436179618
Punto[1.         0.57034888 0.49706895] -> F: 0.4502160674391533
Punto[1.         0.56928607 0.49672083] -> F: 0.4516790169985071
Punto[1.         0.56822326 0.4963727 ] -> F: 0.453144092296023
Punto[1.         0.56716045 0.49602458] -> F: 0.4546112933317012
Punto[1.         0.56609764 0.49567645] -> F: 0.45608062010554173
Punto[1.         0.56503482 0.49532833] -> F: 0.45754688182195274
Punto[1.         0.56397201 0.4949802 ] -> F: 0.4589695632858737
Punto[1.         0.5629092  0.49463208] -> F: 0.4603940963718178
Punto[1.         0.56184639 0.49428396] -> F: 0.4618188925222795
Punto[1.         0.56078358 0.49393583] -> F: 0.46319875188322074
Punto[1.         0.55972077 0.49358771] -> F: 0.4645802383914118
Punto[1.         0.55865796 0.49323958] -> F: 0.4659595452269387
Punto[1.         0.55759515 0.49289146] -> F: 0.46509721994485365
Punto[1.         0.55653234 0.49254334] -> F: 0.464187623393104
Punto[1.         0.55546953 0.49219521] -> F: 0.4632874802528518
Punto[1.         0.55440671 0.49184709] -> F: 0.4623967905240972
Punto[1.         0.5533439  0.49149896] -> F: 0.46151555420684015
Punto[1.         0.55228109 0.49115084] -> F: 0.4606437713010808
Punto[1.         0.55121828 0.49080272] -> F: 0.45978144180681885
Punto[1.         0.55015547 0.49045459] -> F: 0.4589157553693417
Punto[1.         0.54909266 0.49010647] -> F: 0.45796399058500054
Punto[1.         0.54802985 0.48975834] -> F: 0.45701267114747196
Punto[1.         0.54696704 0.48941022] -> F: 0.456079987230011
Punto[1.         0.54590423 0.4890621 ] -> F: 0.4551749495484288
Punto[1.         0.54484141 0.48871397] -> F: 0.4542975581027252
Punto[1.         0.5437786  0.48836585] -> F: 0.45344781289290015
Punto[1.         0.54271579 0.48801772] -> F: 0.45262571391895406
Punto[1.         0.54165298 0.4876696 ] -> F: 0.45183126118088646
Punto[1.         0.54059017 0.48732148] -> F: 0.45106445467869755
Punto[1.         0.53952736 0.48697335] -> F: 0.4503252944123872
Punto[1.         0.53846455 0.48662523] -> F: 0.4496137803819557
Punto[1.         0.53740174 0.4862771 ] -> F: 0.4489299125874027
Punto[1.         0.53633893 0.48592898] -> F: 0.4482736910287285
Punto[1.         0.53527612 0.48558086] -> F: 0.44764414682295894
Punto[1.         0.5342133  0.48523273] -> F: 0.4470219067422515
Punto[1.         0.53315049 0.48488461] -> F: 0.44639939992776956
{
  "seed": 826,
  "n_per_z": 10,
  "nz": 100,
  "nd": 100,
  "n_muestras": 50,
  "best_f": 0.4659595452269387,
  "best_cp": [
    1.0,
    0.5586579581156855,
    0.4932395845143581
  ],
  "best_u": [
    -0.0627905195293134,
    0.5866253923638433,
    0.807420584138902
  ],
  "best_index": 29,
  "n_candidatos": 54
}
