Punto[0.         0.50385703 0.49602629] -> F: 0.16767911857352386
Punto[1.         0.4625683  0.48638245] -> F: 0.44348721413753833
Punto[2.         0.39127359 0.47866357] -> F: 0.12260605703494702
Punto[1.         0.44756531 0.48734493] -> F: 0.434003262094064
Punto[1.         0.46226824 0.4864017 ] -> F: 0.4436243879631951
Punto[1.         0.46197418 0.48642056] -> F: 0.44367549191554095
Punto[1.         0.46168012 0.48643943] -> F: 0.44372658936774256
Punto[1.         0.46138606 0.48645829] -> F: 0.44377768031979997
Punto[1.         0.46109201 0.48647716] -> F: 0.44382876477171285
Punto[1.         0.46079795 0.48649602] -> F: 0.4438798427234816
Punto[1.         0.46050389 0.48651488] -> F: 0.44393091417510605
Punto[1.         0.46020983 0.48653375] -> F: 0.44398197912658605
Punto[1.         0.45991577 0.48655261] -> F: 0.4440330375779218
Punto[1.         0.45962171 0.48657148] -> F: 0.4440840895291132
Punto[1.         0.45932765 0.48659034] -> F: 0.44413513498016033
Punto[1.         0.4590336  0.48660921] -> F: 0.4441484774503414
Punto[1.         0.45873954 0.48662807] -> F: 0.444025540679849
Punto[1.         0.45844548 0.48664694] -> F: 0.44390262376084444
Punto[1.         0.45815142 0.4866658 ] -> F: 0.4437797266933277
Punto[1.         0.45785736 0.48668467] -> F: 0.44359735424560703
Punto[1.         0.4575633  0.48670353] -> F: 0.4433909569333094
Punto[1.         0.45726924 0.4867224 ] -> F: 0.44318522161713714
Punto[1.         0.45697518 0.48674126] -> F: 0.44298014829709015
Punto[1.         0.45668113 0.48676012] -> F: 0.44277573697316847
Punto[1.         0.45638707 0.48677899] -> F: 0.44257198764537203
Punto[1.         0.45609301 0.48679785] -> F: 0.442368900313701
Punto[1.         0.45579895 0.48681672] -> F: 0.4421664749781552
Punto[1.         0.45550489 0.48683558] -> F: 0.44196471163873463
Punto[1.         0.45521083 0.48685445] -> F: 0.44176361029543937
Punto[1.         0.45491677 0.48687331] -> F: 0.4415631709482694
Punto[1.         0.45462272 0.48689218] -> F: 0.4413633935972248
Punto[1.         0.45432866 0.48691104] -> F: 0.4411642782423055
Punto[1.         0.4540346  0.48692991] -> F: 0.4409658248835113
Punto[1.         0.45374054 0.48694877] -> F: 0.4407680335208426
Punto[1.         0.45344648 0.48696763] -> F: 0.44057090415429906
Punto[1.         0.45315242 0.4869865 ] -> F: 0.440282221387051
Punto[1.         0.45285836 0.48700536] -> F: 0.4399462357808835
Punto[1.         0.45256431 0.48702423] -> F: 0.43961086284854184
Punto[1.         0.45227025 0.48704309] -> F: 0.43927610259002564
Punto[1.         0.45197619 0.48706196] -> F: 0.4389419550053354
Punto[1.         0.45168213 0.48708082] -> F: 0.43860842009447065
Punto[1.         0.45138807 0.48709969] -> F: 0.4382754978574317
Punto[1.         0.45109401 0.48711855] -> F: 0.43794318829421847
Punto[1.         0.45079995 0.48713742] -> F: 0.4376114914048311
Punto[1.         0.4505059  0.48715628] -> F: 0.43728040718926914
Punto[1.         0.45021184 0.48717514] -> F: 0.43694993564753287
Punto[1.         0.44991778 0.48719401] -> F: 0.4366200767796225
Punto[1.         0.44962372 0.48721287] -> F: 0.4362908305855377
Punto[1.         0.44932966 0.48723174] -> F: 0.4359621970652786
Punto[1.        0.4490356 0.4872506] -> F: 0.4356341762188453
Punto[1.         0.44874154 0.48726947] -> F: 0.4353067680462377
Punto[1.         0.44844749 0.48728833] -> F: 0.43497997254745574
Punto[1.         0.44815343 0.4873072 ] -> F: 0.4346537897224995
Punto[1.         0.44785937 0.48732606] -> F: 0.43432821957136886
{
  "seed": 11611,
  "n_per_z": 10,
  "nz": 100,
  "nd": 100,
  "n_muestras": 50,
  "best_f": 0.4441484774503414,
  "best_cp": [
    1.0,
    0.4590335950196693,
    0.48660920778907674
  ],
  "best_u": [
    0.48175367410171543,
    -0.7398902012649933,
    -0.46954859978658847
  ],
  "best_index": 15,
  "n_candidatos": 54
}
