Punto[0.         0.43482247 0.39790597] -> F: 0.13387523877976107
Punto[1.         0.55677603 0.52046592] -> F: 0.4124531883660217
Punto[2.         0.64311646 0.56724646] -> F: 0.12850774568394582
Punto[1.         0.53896946 0.48257622] -> F: 0.4481662921125122
Punto[1.         0.5564199  0.51970813] -> F: 0.4139645514047246
Punto[1.         0.55607089 0.51896549] -> F: 0.415450943583495
Punto[1.         0.55572188 0.51822285] -> F: 0.41694253906814915
Punto[1.         0.55537287 0.51748022] -> F: 0.41843933785868653
Punto[1.         0.55502386 0.51673758] -> F: 0.419941339955108
Punto[1.         0.55467485 0.51599494] -> F: 0.42144854535741283
Punto[1.         0.55432585 0.5152523 ] -> F: 0.4229609540656013
Punto[1.         0.55397684 0.51450966] -> F: 0.4244785660796735
Punto[1.         0.55362783 0.51376702] -> F: 0.42600138139962884
Punto[1.         0.55327882 0.51302439] -> F: 0.42752940002546813
Punto[1.         0.55292981 0.51228175] -> F: 0.4290626219571909
Punto[1.         0.5525808  0.51153911] -> F: 0.43060104719479736
Punto[1.         0.55223179 0.51079647] -> F: 0.4321446757382874
Punto[1.         0.55188278 0.51005383] -> F: 0.4336935075876612
Punto[1.         0.55153378 0.50931119] -> F: 0.4352475427429184
Punto[1.         0.55118477 0.50856856] -> F: 0.4368067812040591
Punto[1.         0.55083576 0.50782592] -> F: 0.43825750308307854
Punto[1.         0.55048675 0.50708328] -> F: 0.4396517413903345
Punto[1.         0.55013774 0.50634064] -> F: 0.4410517472710502
Punto[1.         0.54978873 0.505598  ] -> F: 0.44245752072522554
Punto[1.         0.54943972 0.50485536] -> F: 0.4438690617528604
Punto[1.         0.54909072 0.50411273] -> F: 0.4452863703539552
Punto[1.         0.54874171 0.50337009] -> F: 0.44670944652850936
Punto[1.         0.5483927  0.50262745] -> F: 0.4481382902765235
Punto[1.         0.54804369 0.50188481] -> F: 0.44957290159799723
Punto[1.         0.54769468 0.50114217] -> F: 0.45101328049293055
Punto[1.         0.54734567 0.50039954] -> F: 0.4524594269613236
Punto[1.         0.54699666 0.4996569 ] -> F: 0.45391134100317654
Punto[1.         0.54664765 0.49891426] -> F: 0.4553690226184888
Punto[1.         0.54629865 0.49817162] -> F: 0.4568324718072609
Punto[1.         0.54594964 0.49742898] -> F: 0.4583016885694925
Punto[1.         0.54560063 0.49668634] -> F: 0.45977667290518415
Punto[1.         0.54525162 0.49594371] -> F: 0.4612574248143353
Punto[1.         0.54490261 0.49520107] -> F: 0.46274394429694593
Punto[1.         0.5445536  0.49445843] -> F: 0.4642362313530164
Punto[1.         0.54420459 0.49371579] -> F: 0.46483927246790613
Punto[1.         0.54385559 0.49297315] -> F: 0.4643216918284728
Punto[1.         0.54350658 0.49223051] -> F: 0.4638044880799666
Punto[1.         0.54315757 0.49148788] -> F: 0.46328766122238724
Punto[1.         0.54280856 0.49074524] -> F: 0.4625133450538822
Punto[1.         0.54245955 0.4900026 ] -> F: 0.4612006605234321
Punto[1.         0.54211054 0.48925996] -> F: 0.4598896573910469
Punto[1.         0.54176153 0.48851732] -> F: 0.45858033565672696
Punto[1.         0.54141252 0.48777468] -> F: 0.45727269532047216
Punto[1.         0.54106352 0.48703205] -> F: 0.4559667363822824
Punto[1.         0.54071451 0.48628941] -> F: 0.45466245884215806
Punto[1.         0.5403655  0.48554677] -> F: 0.4533598627000984
Punto[1.         0.54001649 0.48480413] -> F: 0.45205894795610424
Punto[1.         0.53966748 0.48406149] -> F: 0.450759714610175
Punto[1.         0.53931847 0.48331885] -> F: 0.4494621626623109
{
  "seed": 13221,
  "n_per_z": 10,
  "nz": 100,
  "nd": 100,
  "n_muestras": 50,
  "best_f": 0.46483927246790613,
  "best_cp": [
    1.0,
    0.5442045938306553,
    0.4937157907996209
  ],
  "best_u": [
    0.4257792915650727,
    -0.2250213375814825,
    -0.8764002467522388
  ],
  "best_index": 39,
  "n_candidatos": 54
}
