Punto[0.         0.38410895 0.47178888] -> F: 0.15541869646761675
Punto[1.         0.43737955 0.49997782] -> F: 0.4292640914327767
Punto[2.         0.39218428 0.58888732] -> F: 0.12800984424702022
Punto[1.         0.38814661 0.5303381 ] -> F: 0.440194577372371
Punto[1.         0.43639489 0.50058503] -> F: 0.43068733328278785
Punto[1.         0.43542992 0.50118009] -> F: 0.4320845491675177
Punto[1.         0.43446496 0.50177515] -> F: 0.43348417928889876
Punto[1.         0.43349999 0.50237021] -> F: 0.4348862236469309
Punto[1.         0.43253502 0.50296527] -> F: 0.4362906822416144
Punto[1.         0.43157006 0.50356033] -> F: 0.43769755507294866
Punto[1.         0.43060509 0.50415539] -> F: 0.43910684214093426
Punto[1.         0.42964013 0.50475046] -> F: 0.4404697750182506
Punto[1.         0.42867516 0.50534552] -> F: 0.44181955854866833
Punto[1.         0.4277102  0.50594058] -> F: 0.4431717563157376
Punto[1.         0.42674523 0.50653564] -> F: 0.4445263683194579
Punto[1.         0.42578027 0.5071307 ] -> F: 0.44588339455982934
Punto[1.         0.4248153  0.50772576] -> F: 0.4472428350368519
Punto[1.         0.42385034 0.50832082] -> F: 0.44860468975052564
Punto[1.         0.42288537 0.50891589] -> F: 0.44994801091596887
Punto[1.         0.4219204  0.50951095] -> F: 0.4512691171836307
Punto[1.         0.42095544 0.51010601] -> F: 0.4525924171658084
Punto[1.         0.41999047 0.51070107] -> F: 0.45391791086250227
Punto[1.         0.41902551 0.51129613] -> F: 0.4552455982737119
Punto[1.         0.41806054 0.51189119] -> F: 0.4565754793994379
Punto[1.         0.41709558 0.51248625] -> F: 0.45790755423967977
Punto[1.         0.41613061 0.51308132] -> F: 0.4592418227944375
Punto[1.         0.41516565 0.51367638] -> F: 0.4599248873619143
Punto[1.         0.41420068 0.51427144] -> F: 0.4592383449234432
Punto[1.         0.41323572 0.5148665 ] -> F: 0.4585525016019523
Punto[1.         0.41227075 0.51546156] -> F: 0.4578673573974417
Punto[1.         0.41130578 0.51605662] -> F: 0.4571829123099113
Punto[1.         0.41034082 0.51665168] -> F: 0.45649916633936144
Punto[1.         0.40937585 0.51724675] -> F: 0.45581611948579165
Punto[1.         0.40841089 0.51784181] -> F: 0.4551337717492022
Punto[1.         0.40744592 0.51843687] -> F: 0.45445212312959316
Punto[1.         0.40648096 0.51903193] -> F: 0.4537624450616766
Punto[1.         0.40551599 0.51962699] -> F: 0.45306733348491873
Punto[1.         0.40455103 0.52022205] -> F: 0.4523729519411928
Punto[1.         0.40358606 0.52081711] -> F: 0.4516793004304988
Punto[1.         0.4026211  0.52141218] -> F: 0.45098637895283694
Punto[1.         0.40165613 0.52200724] -> F: 0.4502941875082069
Punto[1.         0.40069116 0.5226023 ] -> F: 0.4496027260966088
Punto[1.         0.3997262  0.52319736] -> F: 0.4489119947180426
Punto[1.         0.39876123 0.52379242] -> F: 0.44822199337250845
Punto[1.         0.39779627 0.52438748] -> F: 0.44753272206000616
Punto[1.         0.3968313  0.52498254] -> F: 0.4468353289373696
Punto[1.         0.39586634 0.52557761] -> F: 0.44613212751090336
Punto[1.         0.39490137 0.52617267] -> F: 0.4454296891917871
Punto[1.         0.39393641 0.52676773] -> F: 0.44472801398002093
Punto[1.         0.39297144 0.52736279] -> F: 0.444027101875605
Punto[1.         0.39200647 0.52795785] -> F: 0.4433269528785391
Punto[1.         0.39104151 0.52855291] -> F: 0.4426275669888234
Punto[1.         0.39007654 0.52914797] -> F: 0.4419289442064579
Punto[1.         0.38911158 0.52974304] -> F: 0.4412310845314424
{
  "seed": 11090,
  "n_per_z": 10,
  "nz": 100,
  "nd": 100,
  "n_muestras": 50,
  "best_f": 0.4599248873619143,
  "best_cp": [
    1.0,
    0.415165646125067,
    0.5136763770091695
  ],
  "best_u": [
    0.9995065603657316,
    -0.023561558089999483,
    0.02077230767718885
  ],
  "best_index": 26,
  "n_candidatos": 54
}
