Punto[0.         0.70842383 0.45137494] -> F: 0.11536142521550015
Punto[1.         0.60407854 0.52300423] -> F: 0.3693428577677147
Punto[2.         0.58686974 0.40911712] -> F: 0.14525840579780308
Punto[1.         0.64764678 0.43024603] -> F: 0.40226277475581507
Punto[1.         0.60494991 0.52114907] -> F: 0.37243031191477366
Punto[1.         0.60580384 0.51933101] -> F: 0.37546831430598787
Punto[1.         0.60665778 0.51751295] -> F: 0.37851848980887354
Punto[1.         0.60751172 0.51569489] -> F: 0.3815808384234306
Punto[1.         0.60836566 0.51387682] -> F: 0.3846553601496588
Punto[1.         0.60921959 0.51205876] -> F: 0.38774205498755826
Punto[1.         0.61007353 0.5102407 ] -> F: 0.3908409229371291
Punto[1.         0.61092747 0.50842264] -> F: 0.3939519639983713
Punto[1.         0.61178141 0.50660458] -> F: 0.39707517817128474
Punto[1.         0.61263534 0.50478652] -> F: 0.4002105654558695
Punto[1.         0.61348928 0.50296846] -> F: 0.40335812585212566
Punto[1.         0.61434322 0.5011504 ] -> F: 0.4065178593600531
Punto[1.         0.61519716 0.49933234] -> F: 0.4096897659796518
Punto[1.         0.61605109 0.49751428] -> F: 0.4128738457109218
Punto[1.         0.61690503 0.49569622] -> F: 0.41607009855386307
Punto[1.         0.61775897 0.49387816] -> F: 0.41927852450847586
Punto[1.         0.61861291 0.49206009] -> F: 0.4224991235747597
Punto[1.         0.61946684 0.49024203] -> F: 0.4257318957527149
Punto[1.         0.62032078 0.48842397] -> F: 0.42897684104234146
Punto[1.         0.62117472 0.48660591] -> F: 0.4322253358581593
Punto[1.         0.62202866 0.48478785] -> F: 0.4354715865850737
Punto[1.         0.62288259 0.48296979] -> F: 0.43834474177942295
Punto[1.         0.62373653 0.48115173] -> F: 0.4374711721980125
Punto[1.         0.62459047 0.47933367] -> F: 0.43659757653729553
Punto[1.         0.62544441 0.47751561] -> F: 0.43570450485040213
Punto[1.         0.62629834 0.47569755] -> F: 0.4348119681993135
Punto[1.         0.62715228 0.47387949] -> F: 0.43391996658402976
Punto[1.         0.62800622 0.47206142] -> F: 0.43301500307470664
Punto[1.         0.62886016 0.47024336] -> F: 0.4321045146342804
Punto[1.         0.62971409 0.4684253 ] -> F: 0.43119458499421387
Punto[1.         0.63056803 0.46660724] -> F: 0.43027556845894654
Punto[1.         0.63142197 0.46478918] -> F: 0.4293480437499654
Punto[1.         0.63227591 0.46297112] -> F: 0.4284211011049016
Punto[1.         0.63312984 0.46115306] -> F: 0.4274860171697647
Punto[1.         0.63398378 0.459335  ] -> F: 0.42654228360674135
Punto[1.         0.63483772 0.45751694] -> F: 0.4255991549188436
Punto[1.         0.63569166 0.45569888] -> F: 0.42464650912764157
Punto[1.         0.63654559 0.45388082] -> F: 0.42368731588292724
Punto[1.         0.63739953 0.45206276] -> F: 0.42272874991902276
Punto[1.         0.63825347 0.45024469] -> F: 0.4217574429364702
Punto[1.         0.63910741 0.44842663] -> F: 0.4195341610278358
Punto[1.         0.63996134 0.44660857] -> F: 0.4173965137833952
Punto[1.         0.64081528 0.44479051] -> F: 0.41497977210690584
Punto[1.         0.64166922 0.44297245] -> F: 0.41309047595938325
Punto[1.         0.64252316 0.44115439] -> F: 0.4115832836891959
Punto[1.         0.64337709 0.43933633] -> F: 0.4100704817351522
Punto[1.         0.64423103 0.43751827] -> F: 0.4085341421053724
Punto[1.         0.64508497 0.43570021] -> F: 0.4069326544471274
Punto[1.         0.64593891 0.43388215] -> F: 0.4053983368926914
Punto[1.         0.64679284 0.43206409] -> F: 0.40385997655700845
Best centerpoint:  [1.         0.62288259 0.48296979] Best F:  0.43834474177942295 Best u:  [-0.96858316 -0.13325471 -0.20997582] índice:  22
{
  "seed": 14094,
  "n_per_z": 5,
  "nz": 100,
  "nd": 100,
  "n_muestras": 50,
  "best_f": 0.43834474177942295,
  "best_cp": [
    1.0,
    0.6228825936617615,
    0.48296978999988827
  ],
  "best_u": [
    -0.9685831611286311,
    -0.13325470518323243,
    -0.20997581652323205
  ],
  "n_candidatos": 54
}
