Punto[0.         0.42048659 0.3360771 ] -> F: 0.12128082265035478
Punto[1.         0.4827257  0.38916628] -> F: 0.44043492265066325
Punto[2.         0.57481319 0.41191026] -> F: 0.15575745902136257
Punto[1.         0.49764989 0.37399368] -> F: 0.426952997993431
Punto[1.         0.48302419 0.38886283] -> F: 0.4401620905196799
Punto[1.         0.4833167  0.38856544] -> F: 0.43989486039599673
Punto[1.         0.48360922 0.38826806] -> F: 0.4396277741686639
Punto[1.         0.48390173 0.38797068] -> F: 0.4393608318376815
Punto[1.         0.48419424 0.3876733 ] -> F: 0.4390940334030496
Punto[1.         0.48448676 0.38737591] -> F: 0.438827378864768
Punto[1.         0.48477927 0.38707853] -> F: 0.4385608682228369
Punto[1.         0.48507179 0.38678115] -> F: 0.43829450147725635
Punto[1.         0.4853643  0.38648376] -> F: 0.43802827862802607
Punto[1.         0.48565682 0.38618638] -> F: 0.4377621996751463
Punto[1.         0.48594933 0.385889  ] -> F: 0.43749626461861685
Punto[1.         0.48624184 0.38559162] -> F: 0.43723047345843785
Punto[1.         0.48653436 0.38529423] -> F: 0.43696482619460925
Punto[1.         0.48682687 0.38499685] -> F: 0.4366993228271311
Punto[1.         0.48711939 0.38469947] -> F: 0.4364339633560034
Punto[1.         0.4874119  0.38440208] -> F: 0.43616874778122616
Punto[1.         0.48770441 0.3841047 ] -> F: 0.43590367610279923
Punto[1.         0.48799693 0.38380732] -> F: 0.43563874832072286
Punto[1.         0.48828944 0.38350993] -> F: 0.4353739644349968
Punto[1.         0.48858196 0.38321255] -> F: 0.4351093244456212
Punto[1.         0.48887447 0.38291517] -> F: 0.43484482835259597
Punto[1.         0.48916698 0.38261779] -> F: 0.43458047615592127
Punto[1.        0.4894595 0.3823204] -> F: 0.43431626785559696
Punto[1.         0.48975201 0.38202302] -> F: 0.43405220345162304
Punto[1.         0.49004453 0.38172564] -> F: 0.4337882829439996
Punto[1.         0.49033704 0.38142825] -> F: 0.4335245063327265
Punto[1.         0.49062955 0.38113087] -> F: 0.4332608736178039
Punto[1.         0.49092207 0.38083349] -> F: 0.4329973847992317
Punto[1.         0.49121458 0.38053611] -> F: 0.43273403987701
Punto[1.         0.4915071  0.38023872] -> F: 0.4324708388511386
Punto[1.         0.49179961 0.37994134] -> F: 0.43220778172161767
Punto[1.         0.49209213 0.37964396] -> F: 0.43194486848844704
Punto[1.         0.49238464 0.37934657] -> F: 0.4316820991516271
Punto[1.         0.49267715 0.37904919] -> F: 0.43141947371115735
Punto[1.         0.49296967 0.37875181] -> F: 0.4311569921670381
Punto[1.         0.49326218 0.37845442] -> F: 0.43089465451926934
Punto[1.         0.4935547  0.37815704] -> F: 0.4306324607678509
Punto[1.         0.49384721 0.37785966] -> F: 0.43037041091278294
Punto[1.         0.49413972 0.37756228] -> F: 0.4301085049540653
Punto[1.         0.49443224 0.37726489] -> F: 0.4298467428916982
Punto[1.         0.49472475 0.37696751] -> F: 0.42958375831178364
Punto[1.         0.49501727 0.37667013] -> F: 0.429320023494686
Punto[1.         0.49530978 0.37637274] -> F: 0.42905643507431335
Punto[1.         0.49560229 0.37607536] -> F: 0.42879299305066565
Punto[1.         0.49589481 0.37577798] -> F: 0.4285296974237429
Punto[1.         0.49618732 0.3754806 ] -> F: 0.4282665481935452
Punto[1.         0.49647984 0.37518321] -> F: 0.42800354536007235
Punto[1.         0.49677235 0.37488583] -> F: 0.4277406889233247
Punto[1.         0.49706486 0.37458845] -> F: 0.42747797888330175
Punto[1.         0.49735738 0.37429106] -> F: 0.42721541524000384
{
  "seed": 16731,
  "n_per_z": 10,
  "nz": 100,
  "nd": 100,
  "n_muestras": 50,
  "best_f": 0.44043492265066325,
  "best_cp": [
    1.0,
    0.48272570485504657,
    0.38916627953846106
  ],
  "best_u": [
    -0.9876883405951378,
    0.1320819873444356,
    -0.08382177802676086
  ],
  "best_index": 1,
  "n_candidatos": 54
}
