Punto[0.         0.39188943 0.57782482] -> F: 0.13812253643307304
Punto[1.         0.4973183  0.45191327] -> F: 0.37874679993525723
Punto[2.         0.53392405 0.44973492] -> F: 0.11859098112719946
Punto[1.         0.46290674 0.51377987] -> F: 0.4247027731581458
Punto[1.         0.49663007 0.4531506 ] -> F: 0.38066239139414015
Punto[1.         0.4959556  0.45436318] -> F: 0.3825521226913469
Punto[1.         0.49528114 0.45557577] -> F: 0.384454159689605
Punto[1.         0.49460667 0.45678836] -> F: 0.3863684654541127
Punto[1.         0.4939322  0.45800094] -> F: 0.38829503919694486
Punto[1.         0.49325774 0.45921353] -> F: 0.39023388091810124
Punto[1.         0.49258327 0.46042611] -> F: 0.39218499061758205
Punto[1.        0.4919088 0.4616387] -> F: 0.3941483682953871
Punto[1.         0.49123434 0.46285128] -> F: 0.39612401395151636
Punto[1.         0.49055987 0.46406387] -> F: 0.39811192758597
Punto[1.         0.4898854  0.46527645] -> F: 0.4001121091987479
Punto[1.         0.48921094 0.46648904] -> F: 0.4021245587898504
Punto[1.         0.48853647 0.46770162] -> F: 0.40414927635927683
Punto[1.         0.487862   0.46891421] -> F: 0.4061862619070278
Punto[1.         0.48718754 0.4701268 ] -> F: 0.40817598942161043
Punto[1.         0.48651307 0.47133938] -> F: 0.40999156816702725
Punto[1.         0.4858386  0.47255197] -> F: 0.4118194148907684
Punto[1.         0.48516414 0.47376455] -> F: 0.4136595295928338
Punto[1.         0.48448967 0.47497714] -> F: 0.41551191227322354
Punto[1.         0.4838152  0.47618972] -> F: 0.41737656293193764
Punto[1.         0.48314074 0.47740231] -> F: 0.4192534815689762
Punto[1.         0.48246627 0.47861489] -> F: 0.4211426681843388
Punto[1.         0.4817918  0.47982748] -> F: 0.4230441227780257
Punto[1.         0.48111734 0.48104006] -> F: 0.42495784535003717
Punto[1.         0.48044287 0.48225265] -> F: 0.42688383590037277
Punto[1.         0.4797684  0.48346523] -> F: 0.4288220944290326
Punto[1.         0.47909394 0.48467782] -> F: 0.43077262093601676
Punto[1.         0.47841947 0.48589041] -> F: 0.4327354154213255
Punto[1.         0.477745   0.48710299] -> F: 0.4347104778849583
Punto[1.         0.47707054 0.48831558] -> F: 0.4366978083269155
Punto[1.         0.47639607 0.48952816] -> F: 0.438697406747197
Punto[1.         0.4757216  0.49074075] -> F: 0.44070927314580277
Punto[1.         0.47504714 0.49195333] -> F: 0.4427334075227327
Punto[1.         0.47437267 0.49316592] -> F: 0.44476980987798714
Punto[1.        0.4736982 0.4943785] -> F: 0.4457203671075262
Punto[1.         0.47302374 0.49559109] -> F: 0.44457549243664723
Punto[1.         0.47234927 0.49680367] -> F: 0.4433605904891934
Punto[1.         0.4716748  0.49801626] -> F: 0.4420123354611079
Punto[1.         0.47100034 0.49922885] -> F: 0.4406693405701583
Punto[1.         0.47032587 0.50044143] -> F: 0.43933160581634445
Punto[1.         0.4696514  0.50165402] -> F: 0.4379921006540265
Punto[1.         0.46897694 0.5028666 ] -> F: 0.4366454096310491
Punto[1.         0.46830247 0.50407919] -> F: 0.4353043946642817
Punto[1.         0.467628   0.50529177] -> F: 0.4339690557537243
Punto[1.         0.46695354 0.50650436] -> F: 0.4326393928993768
Punto[1.         0.46627907 0.50771694] -> F: 0.4313154061012395
Punto[1.         0.4656046  0.50892953] -> F: 0.4299887838958417
Punto[1.         0.46493014 0.51014211] -> F: 0.42865794890002584
Punto[1.         0.46425567 0.5113547 ] -> F: 0.42733333544513785
Punto[1.         0.46358121 0.51256728] -> F: 0.42601494353117797
{
  "seed": 9446,
  "n_per_z": 10,
  "nz": 100,
  "nd": 100,
  "n_muestras": 50,
  "best_f": 0.4457203671075262,
  "best_cp": [
    1.0,
    0.47369820424227227,
    0.4943785036050066
  ],
  "best_u": [
    0.42577929156507266,
    -0.41078288572690924,
    0.8062068070093541
  ],
  "best_index": 38,
  "n_candidatos": 54
}
