Punto[0.         0.60319944 0.55186579] -> F: 0.09876661668561205
Punto[1.         0.53397608 0.52485419] -> F: 0.3960317878169072
Punto[2.         0.4303569  0.59880703] -> F: 0.1644307838280213
Punto[1.         0.51677817 0.57533641] -> F: 0.38016353776395967
Punto[1.         0.53363212 0.52586383] -> F: 0.3973449845531494
Punto[1.         0.53329504 0.52685328] -> F: 0.3985680649050306
Punto[1.         0.53295796 0.52784273] -> F: 0.3997931559341017
Punto[1.         0.53262088 0.52883218] -> F: 0.4010202576403629
Punto[1.         0.53228381 0.52982164] -> F: 0.40224937002381467
Punto[1.         0.53194673 0.53081109] -> F: 0.40347219660970307
Punto[1.         0.53160965 0.53180054] -> F: 0.4046933890596608
Punto[1.         0.53127257 0.53278999] -> F: 0.405916518616579
Punto[1.         0.53093549 0.53377944] -> F: 0.4069853125664432
Punto[1.         0.53059841 0.53476889] -> F: 0.40639997376684667
Punto[1.         0.53026133 0.53575835] -> F: 0.4058149728056621
Punto[1.         0.52992425 0.5367478 ] -> F: 0.4052303096828894
Punto[1.         0.52958717 0.53773725] -> F: 0.40463044277627025
Punto[1.         0.52925009 0.5387267 ] -> F: 0.4040276386613305
Punto[1.         0.52891302 0.53971615] -> F: 0.4034256082561888
Punto[1.         0.52857594 0.5407056 ] -> F: 0.4028243515608448
Punto[1.         0.52823886 0.54169505] -> F: 0.4022238685752987
Punto[1.         0.52790178 0.54268451] -> F: 0.40162415929955037
Punto[1.         0.5275647  0.54367396] -> F: 0.4010252237335998
Punto[1.         0.52722762 0.54466341] -> F: 0.4004270618774472
Punto[1.         0.52689054 0.54565286] -> F: 0.3998296737310923
Punto[1.         0.52655346 0.54664231] -> F: 0.39923305929453523
Punto[1.         0.52621638 0.54763176] -> F: 0.39863721856777595
Punto[1.         0.5258793  0.54862122] -> F: 0.39804215155081446
Punto[1.         0.52554223 0.54961067] -> F: 0.39744785824365103
Punto[1.         0.52520515 0.55060012] -> F: 0.3968543386462851
Punto[1.         0.52486807 0.55158957] -> F: 0.39626159275871714
Punto[1.         0.52453099 0.55257902] -> F: 0.39566962058094696
Punto[1.         0.52419391 0.55356847] -> F: 0.39507842211297467
Punto[1.         0.52385683 0.55455792] -> F: 0.39448341720559127
Punto[1.         0.52351975 0.55554738] -> F: 0.3938795702205233
Punto[1.         0.52318267 0.55653683] -> F: 0.3932765346902541
Punto[1.         0.52284559 0.55752628] -> F: 0.3926743106147838
Punto[1.         0.52250851 0.55851573] -> F: 0.39207289799411243
Punto[1.         0.52217144 0.55950518] -> F: 0.39147229682824003
Punto[1.         0.52183436 0.56049463] -> F: 0.3908725071171664
Punto[1.         0.52149728 0.56148409] -> F: 0.39027352886089167
Punto[1.         0.5211602  0.56247354] -> F: 0.3896753620594159
Punto[1.         0.52082312 0.56346299] -> F: 0.3890780067127388
Punto[1.         0.52048604 0.56445244] -> F: 0.3884814628208606
Punto[1.         0.52014896 0.56544189] -> F: 0.3878857303837813
Punto[1.         0.51981188 0.56643134] -> F: 0.38729080940150096
Punto[1.         0.5194748  0.56742079] -> F: 0.38669669987401956
Punto[1.         0.51913773 0.56841025] -> F: 0.3861034018013368
Punto[1.         0.51880065 0.5693997 ] -> F: 0.38551091518345304
Punto[1.         0.51846357 0.57038915] -> F: 0.3849192400203682
Punto[1.         0.51812649 0.5713786 ] -> F: 0.38432837631208217
Punto[1.         0.51778941 0.57236805] -> F: 0.383738324058595
Punto[1.         0.51745233 0.5733575 ] -> F: 0.38284957060348346
Punto[1.         0.51711525 0.57434696] -> F: 0.3814936812358799
Best centerpoint:  [1.         0.53093549 0.53377944] Best F:  0.4069853125664432 Best u:  [-0.50904142 -0.78994998  0.34184188] índice:  9
{
  "seed": 4285,
  "n_per_z": 5,
  "nz": 100,
  "nd": 100,
  "n_muestras": 50,
  "best_f": 0.4069853125664432,
  "best_cp": [
    1.0,
    0.5309354892807012,
    0.5337794420779205
  ],
  "best_u": [
    -0.5090414157503713,
    -0.7899499768034753,
    0.341841880405322
  ],
  "n_candidatos": 54
}
