Punto[0.         0.50435927 0.63078656] -> F: 0.097568741042159
Punto[1.         0.57097765 0.52872473] -> F: 0.37375272216265804
Punto[2.         0.65768238 0.51792374] -> F: 0.18087839810952128
Punto[1.         0.58102082 0.57435515] -> F: 0.36142284294712773
Punto[1.         0.57117852 0.52963734] -> F: 0.3745145506075008
Punto[1.         0.57137536 0.5305317 ] -> F: 0.3752650478809905
Punto[1.         0.57157221 0.53142605] -> F: 0.3760492105065056
Punto[1.         0.57176905 0.53232041] -> F: 0.3768718400604298
Punto[1.         0.5719659  0.53321476] -> F: 0.3777329365427627
Punto[1.         0.57216275 0.53410912] -> F: 0.37863249995350495
Punto[1.         0.57235959 0.53500348] -> F: 0.3795705302926562
Punto[1.         0.57255644 0.53589783] -> F: 0.38054702756021624
Punto[1.         0.57275329 0.53679219] -> F: 0.38156199175618555
Punto[1.         0.57295013 0.53768655] -> F: 0.38261542288056377
Punto[1.         0.57314698 0.5385809 ] -> F: 0.3833778992506024
Punto[1.         0.57334382 0.53947526] -> F: 0.3828265603900089
Punto[1.         0.57354067 0.54036961] -> F: 0.38227246928958125
Punto[1.         0.57373752 0.54126397] -> F: 0.3817170765619675
Punto[1.         0.57393436 0.54215833] -> F: 0.38116220051490995
Punto[1.         0.57413121 0.54305268] -> F: 0.38060784114840845
Punto[1.         0.57432805 0.54394704] -> F: 0.3800539984624631
Punto[1.         0.5745249  0.54484139] -> F: 0.37950067245707403
Punto[1.         0.57472175 0.54573575] -> F: 0.37894786313224105
Punto[1.         0.57491859 0.54663011] -> F: 0.3783955704879643
Punto[1.         0.57511544 0.54752446] -> F: 0.37784379452424366
Punto[1.         0.57531229 0.54841882] -> F: 0.3772925352410792
Punto[1.         0.57550913 0.54931318] -> F: 0.3767417926384709
Punto[1.         0.57570598 0.55020753] -> F: 0.37619156671641873
Punto[1.         0.57590282 0.55110189] -> F: 0.37564185747492274
Punto[1.         0.57609967 0.55199624] -> F: 0.3750926649139828
Punto[1.         0.57629652 0.5528906 ] -> F: 0.3745439890335993
Punto[1.         0.57649336 0.55378496] -> F: 0.3739958298337717
Punto[1.         0.57669021 0.55467931] -> F: 0.3734443814331535
Punto[1.         0.57688705 0.55557367] -> F: 0.37289209583351013
Punto[1.         0.5770839  0.55646803] -> F: 0.37234038923381796
Punto[1.         0.57728075 0.55736238] -> F: 0.37178928690752666
Punto[1.         0.57747759 0.55825674] -> F: 0.37123878885463585
Punto[1.         0.57767444 0.55915109] -> F: 0.37068889507514585
Punto[1.         0.57787129 0.56004545] -> F: 0.37013960556905645
Punto[1.         0.57806813 0.56093981] -> F: 0.36959092033636776
Punto[1.         0.57826498 0.56183416] -> F: 0.36904283937707966
Punto[1.         0.57846182 0.56272852] -> F: 0.3684953626911924
Punto[1.         0.57865867 0.56362288] -> F: 0.36794849027870563
Punto[1.         0.57885552 0.56451723] -> F: 0.36740222213961965
Punto[1.         0.57905236 0.56541159] -> F: 0.3668565582739342
Punto[1.         0.57924921 0.56630594] -> F: 0.36631149868164953
Punto[1.         0.57944605 0.5672003 ] -> F: 0.36576704336276555
Punto[1.         0.5796429  0.56809466] -> F: 0.36522319231728223
Punto[1.         0.57983975 0.56898901] -> F: 0.3646799455451995
Punto[1.         0.58003659 0.56988337] -> F: 0.3641373030465175
Punto[1.         0.58023344 0.57077773] -> F: 0.36359526482123616
Punto[1.         0.58043029 0.57167208] -> F: 0.3630538308693555
Punto[1.         0.58062713 0.57256644] -> F: 0.3625112247953298
Punto[1.         0.58082398 0.57346079] -> F: 0.36196672693166376
{
  "seed": 234,
  "n_per_z": 5,
  "nz": 100,
  "nd": 100,
  "n_muestras": 50,
  "best_f": 0.3833778992506024,
  "best_cp": [
    1.0,
    0.5731469776701281,
    0.5385809014830187
  ],
  "best_u": [
    -0.48175367410171543,
    0.21792860938191688,
    0.8487758942750212
  ],
  "best_index": 14,
  "n_candidatos": 54
}
