Punto[0.         0.44791345 0.48676311] -> F: 0.12593642671180352
Punto[1.         0.49579922 0.43630899] -> F: 0.43015445450642237
Punto[2.         0.5815777  0.37740972] -> F: 0.1703709223683151
Punto[1.         0.51474558 0.43208642] -> F: 0.43028483799251116
Punto[1.         0.49617814 0.43622454] -> F: 0.4305301300747192
Punto[1.         0.49654949 0.43614178] -> F: 0.4309002811145939
Punto[1.         0.49692084 0.43605902] -> F: 0.4312724010466757
Punto[1.         0.49729219 0.43597626] -> F: 0.4316464898709647
Punto[1.         0.49766354 0.43589349] -> F: 0.4320053506823086
Punto[1.         0.49803489 0.43581073] -> F: 0.43232457309259903
Punto[1.         0.49840624 0.43572797] -> F: 0.4326436163867706
Punto[1.         0.49877759 0.43564521] -> F: 0.4329624805648237
Punto[1.         0.49914893 0.43556244] -> F: 0.43328116562675806
Punto[1.         0.49952028 0.43547968] -> F: 0.4335996715725737
Punto[1.         0.49989163 0.43539692] -> F: 0.4339179984022707
Punto[1.         0.50026298 0.43531416] -> F: 0.434236146115849
Punto[1.         0.50063433 0.43523139] -> F: 0.43455578613373447
Punto[1.         0.50100568 0.43514863] -> F: 0.4348802817476232
Punto[1.         0.50137703 0.43506587] -> F: 0.43520972827281307
Punto[1.         0.50174837 0.4349831 ] -> F: 0.43554412570930356
Punto[1.         0.50211972 0.43490034] -> F: 0.4358834740570951
Punto[1.         0.50249107 0.43481758] -> F: 0.436227773316188
Punto[1.         0.50286242 0.43473482] -> F: 0.43657702348658156
Punto[1.         0.50323377 0.43465205] -> F: 0.4369312245682762
Punto[1.         0.50360512 0.43456929] -> F: 0.4372903765612718
Punto[1.         0.50397647 0.43448653] -> F: 0.4371352816875196
Punto[1.         0.50434781 0.43440377] -> F: 0.43689706144064755
Punto[1.         0.50471916 0.434321  ] -> F: 0.4366589839116678
Punto[1.         0.50509051 0.43423824] -> F: 0.4364210491005804
Punto[1.         0.50546186 0.43415548] -> F: 0.4361832570073852
Punto[1.         0.50583321 0.43407272] -> F: 0.43594560763208234
Punto[1.         0.50620456 0.43398995] -> F: 0.435708100974672
Punto[1.         0.50657591 0.43390719] -> F: 0.4354707370351538
Punto[1.         0.50694725 0.43382443] -> F: 0.435233515813528
Punto[1.         0.5073186  0.43374167] -> F: 0.43499643730979454
Punto[1.         0.50768995 0.4336589 ] -> F: 0.4347595015239533
Punto[1.         0.5080613  0.43357614] -> F: 0.43452270845600444
Punto[1.         0.50843265 0.43349338] -> F: 0.4342860581059479
Punto[1.         0.508804   0.43341062] -> F: 0.4340495504737837
Punto[1.         0.50917535 0.43332785] -> F: 0.4338131855595118
Punto[1.         0.5095467  0.43324509] -> F: 0.4335769633631321
Punto[1.         0.50991804 0.43316233] -> F: 0.4333408838846448
Punto[1.         0.51028939 0.43307957] -> F: 0.43310494712404995
Punto[1.         0.51066074 0.4329968 ] -> F: 0.4328691530813472
Punto[1.         0.51103209 0.43291404] -> F: 0.4326335017565369
Punto[1.         0.51140344 0.43283128] -> F: 0.4323979931496189
Punto[1.         0.51177479 0.43274852] -> F: 0.43216262726059324
Punto[1.         0.51214614 0.43266575] -> F: 0.4319274040894598
Punto[1.         0.51251748 0.43258299] -> F: 0.43169232363621884
Punto[1.         0.51288883 0.43250023] -> F: 0.43145738590087007
Punto[1.         0.51326018 0.43241747] -> F: 0.4312225908834135
Punto[1.         0.51363153 0.4323347 ] -> F: 0.4309879385838495
Punto[1.         0.51400288 0.43225194] -> F: 0.4307534290021778
Punto[1.         0.51437423 0.43216918] -> F: 0.4305190621383983
Best centerpoint:  [1.         0.50360512 0.43456929] Best F:  0.4372903765612718 Best u:  [-0.18738131 -0.84549592  0.50002489] índice:  21
{
  "seed": 5942,
  "n_per_z": 5,
  "nz": 100,
  "nd": 100,
  "n_muestras": 50,
  "best_f": 0.4372903765612718,
  "best_cp": [
    1.0,
    0.5036051171457285,
    0.4345692921251099
  ],
  "best_u": [
    -0.1873813145857246,
    -0.8454959192923427,
    0.5000248927844715
  ],
  "n_candidatos": 54
}
