Punto[0.         0.44722618 0.5236185 ] -> F: 0.1267707504831756
Punto[1.         0.47078351 0.55989869] -> F: 0.4300566639212532
Punto[2.         0.45907085 0.60640793] -> F: 0.13699489400039902
Punto[1.         0.45314851 0.56501321] -> F: 0.4308213907950309
Punto[1.         0.47043081 0.56000098] -> F: 0.43046625796135923
Punto[1.         0.47008516 0.56010122] -> F: 0.4308678269912523
Punto[1.         0.46973952 0.56020147] -> F: 0.43126956120617344
Punto[1.         0.46939387 0.56030171] -> F: 0.4316645859473179
Punto[1.         0.46904822 0.56040196] -> F: 0.43205780557834267
Punto[1.         0.46870258 0.5605022 ] -> F: 0.4324511822843404
Punto[1.         0.46835693 0.56060245] -> F: 0.43284471606531166
Punto[1.         0.46801129 0.56070269] -> F: 0.43323840692125587
Punto[1.         0.46766564 0.56080294] -> F: 0.4336322548521734
Punto[1.         0.46731999 0.56090318] -> F: 0.43402625985806426
Punto[1.         0.46697435 0.56100343] -> F: 0.4344204219389283
Punto[1.         0.4666287  0.56110367] -> F: 0.43481169300261646
Punto[1.         0.46628306 0.56120392] -> F: 0.43519727613654813
Punto[1.         0.46593741 0.56130416] -> F: 0.43558300855371934
Punto[1.         0.46559177 0.56140441] -> F: 0.43596889025412977
Punto[1.         0.46524612 0.56150465] -> F: 0.43635492123777964
Punto[1.         0.46490047 0.56160489] -> F: 0.4367411015046689
Punto[1.         0.46455483 0.56170514] -> F: 0.43712743105479734
Punto[1.         0.46420918 0.56180538] -> F: 0.43751390988816546
Punto[1.         0.46386354 0.56190563] -> F: 0.43790053800477274
Punto[1.         0.46351789 0.56200587] -> F: 0.43828041056665973
Punto[1.         0.46317224 0.56210612] -> F: 0.4386583684842283
Punto[1.         0.4628266  0.56220636] -> F: 0.4385579489671024
Punto[1.         0.46248095 0.56230661] -> F: 0.4382998994283665
Punto[1.         0.46213531 0.56240685] -> F: 0.4380446952351877
Punto[1.         0.46178966 0.5625071 ] -> F: 0.4377919904552528
Punto[1.         0.46144402 0.56260734] -> F: 0.4375396290198632
Punto[1.         0.46109837 0.56270759] -> F: 0.43728723782949047
Punto[1.         0.46075272 0.56280783] -> F: 0.4370348168841348
Punto[1.         0.46040708 0.56290808] -> F: 0.436782366183796
Punto[1.         0.46006143 0.56300832] -> F: 0.4365298857284741
Punto[1.         0.45971579 0.56310857] -> F: 0.4362773755181691
Punto[1.         0.45937014 0.56320881] -> F: 0.43602483555288096
Punto[1.         0.45902449 0.56330905] -> F: 0.43577226583261003
Punto[1.         0.45867885 0.5634093 ] -> F: 0.4355196663573556
Punto[1.         0.4583332  0.56350954] -> F: 0.4352451364013425
Punto[1.         0.45798756 0.56360979] -> F: 0.4349403443493656
Punto[1.         0.45764191 0.56371003] -> F: 0.43463696310856315
Punto[1.         0.45729626 0.56381028] -> F: 0.43433499267893566
Punto[1.         0.45695062 0.56391052] -> F: 0.4340344330604828
Punto[1.         0.45660497 0.56401077] -> F: 0.43373528425320457
Punto[1.         0.45625933 0.56411101] -> F: 0.4334375462571009
Punto[1.         0.45591368 0.56421126] -> F: 0.43314121907217223
Punto[1.         0.45556804 0.5643115 ] -> F: 0.4328463026984182
Punto[1.         0.45522239 0.56441175] -> F: 0.4325527971358386
Punto[1.         0.45487674 0.56451199] -> F: 0.432260702384434
Punto[1.         0.4545311  0.56461224] -> F: 0.431970018444204
Punto[1.         0.45418545 0.56471248] -> F: 0.43168074531514866
Punto[1.         0.45383981 0.56481272] -> F: 0.43139288299726797
Punto[1.         0.45349416 0.56491297] -> F: 0.43110643149056205
Best centerpoint:  [1.         0.46317224 0.56210612] Best F:  0.4386583684842283 Best u:  [-0.12533323  0.50502747 -0.85395482] índice:  22
{
  "seed": 7620,
  "n_per_z": 5,
  "nz": 100,
  "nd": 100,
  "n_muestras": 50,
  "best_f": 0.4386583684842283,
  "best_cp": [
    1.0,
    0.46317224461769146,
    0.5621061180778669
  ],
  "best_u": [
    -0.12533323356430448,
    0.5050274721438786,
    -0.8539548190298357
  ],
  "n_candidatos": 54
}
