Punto[0.         0.57892605 0.49219376] -> F: 0.1269759440577855
Punto[1.         0.54892187 0.5092666 ] -> F: 0.46018344965753605
Punto[2.         0.48246413 0.53486907] -> F: 0.16507346325647523
Punto[1.         0.53069509 0.51353142] -> F: 0.45193838295890826
Punto[1.         0.54855733 0.5093519 ] -> F: 0.4602631760244599
Punto[1.         0.54820009 0.50943549] -> F: 0.4603413180320451
Punto[1.         0.54784284 0.50951908] -> F: 0.46041947010492307
Punto[1.         0.5474856  0.50960267] -> F: 0.46049763224309387
Punto[1.         0.54712835 0.50968626] -> F: 0.46055760892967895
Punto[1.         0.54677111 0.50976985] -> F: 0.46036916204164435
Punto[1.         0.54641386 0.50985344] -> F: 0.4601807641977394
Punto[1.         0.54605662 0.50993703] -> F: 0.45999241539796387
Punto[1.         0.54569938 0.51002062] -> F: 0.459804115642318
Punto[1.         0.54534213 0.51010421] -> F: 0.45961586493080164
Punto[1.         0.54498489 0.5101878 ] -> F: 0.4594276632634149
Punto[1.         0.54462764 0.51027139] -> F: 0.45923951064015783
Punto[1.         0.5442704  0.51035498] -> F: 0.45905140706103037
Punto[1.         0.54391315 0.51043857] -> F: 0.45886335252603244
Punto[1.         0.54355591 0.51052216] -> F: 0.458675347035164
Punto[1.         0.54319866 0.51060575] -> F: 0.4584873905884252
Punto[1.         0.54284142 0.51068934] -> F: 0.4582994831858161
Punto[1.         0.54248417 0.51077294] -> F: 0.4581116248273366
Punto[1.         0.54212693 0.51085653] -> F: 0.45792381551298644
Punto[1.         0.54176968 0.51094012] -> F: 0.4577360552427661
Punto[1.         0.54141244 0.51102371] -> F: 0.45754834401667527
Punto[1.         0.54105519 0.5111073 ] -> F: 0.457360681834714
Punto[1.         0.54069795 0.51119089] -> F: 0.4571730686968824
Punto[1.         0.5403407  0.51127448] -> F: 0.4569855046031804
Punto[1.         0.53998346 0.51135807] -> F: 0.45679798955360795
Punto[1.         0.53962621 0.51144166] -> F: 0.45661052354816506
Punto[1.         0.53926897 0.51152525] -> F: 0.45642310658685187
Punto[1.         0.53891172 0.51160884] -> F: 0.45623573866966816
Punto[1.         0.53855448 0.51169243] -> F: 0.45604841979661415
Punto[1.         0.53819723 0.51177602] -> F: 0.4558611499676896
Punto[1.         0.53783999 0.51185961] -> F: 0.45567392918289473
Punto[1.         0.53748274 0.5119432 ] -> F: 0.4554867574422294
Punto[1.         0.5371255  0.51202679] -> F: 0.45529957326858994
Punto[1.         0.53676825 0.51211038] -> F: 0.4551124232580069
Punto[1.         0.53641101 0.51219397] -> F: 0.45492532233161204
Punto[1.         0.53605376 0.51227756] -> F: 0.4547382704894056
Punto[1.         0.53569652 0.51236115] -> F: 0.4545512677313875
Punto[1.         0.53533927 0.51244474] -> F: 0.4543643140575576
Punto[1.         0.53498203 0.51252833] -> F: 0.45417740946791635
Punto[1.         0.53462478 0.51261192] -> F: 0.45399055396246313
Punto[1.         0.53426754 0.51269551] -> F: 0.45380374754119834
Punto[1.         0.53391029 0.5127791 ] -> F: 0.45361699020412183
Punto[1.         0.53355305 0.51286269] -> F: 0.45343028195123375
Punto[1.         0.5331958  0.51294629] -> F: 0.4532436227825339
Punto[1.         0.53283856 0.51302988] -> F: 0.45305701269802234
Punto[1.         0.53248131 0.51311347] -> F: 0.4528704516976992
Punto[1.         0.53212407 0.51319706] -> F: 0.45268393978156435
Punto[1.         0.53176682 0.51328065] -> F: 0.45249747694961784
Punto[1.         0.53140958 0.51336424] -> F: 0.45231106320185976
Punto[1.         0.53105233 0.51344783] -> F: 0.4521246985382898
{
  "seed": 18455,
  "n_per_z": 10,
  "nz": 100,
  "nd": 100,
  "n_muestras": 50,
  "best_f": 0.46055760892967895,
  "best_cp": [
    1.0,
    0.5471283546471535,
    0.5096862601993191
  ],
  "best_u": [
    -0.99556196460308,
    -0.0936906572928623,
    -0.008856374635655659
  ],
  "best_index": 8,
  "n_candidatos": 54
}
