Punto[0.         0.50705375 0.50125606] -> F: 0.04298541929239635
Punto[1.         0.52737277 0.45516502] -> F: 0.31954698214668165
Punto[2.         0.47384127 0.49064472] -> F: 0.20993402037400338
Punto[1.         0.49044751 0.49595039] -> F: 0.2806608474399084
Punto[1.         0.52663427 0.45598072] -> F: 0.3187818646494206
Punto[1.         0.52591053 0.45678012] -> F: 0.31803253683831667
Punto[1.         0.5251868  0.45757951] -> F: 0.31728369144083657
Punto[1.         0.52446306 0.4583789 ] -> F: 0.31652746948394367
Punto[1.         0.52373933 0.4591783 ] -> F: 0.3157715185248829
Punto[1.         0.52301559 0.45997769] -> F: 0.3150160604571981
Punto[1.         0.52229186 0.46077708] -> F: 0.31426109528088947
Punto[1.         0.52156812 0.46157648] -> F: 0.31350662299595705
Punto[1.         0.52084439 0.46237587] -> F: 0.3127526436024006
Punto[1.         0.52012065 0.46317526] -> F: 0.3119991571002203
Punto[1.         0.51939692 0.46397466] -> F: 0.31124616348941603
Punto[1.         0.51867318 0.46477405] -> F: 0.3104927941556829
Punto[1.         0.51794945 0.46557344] -> F: 0.3097326029963181
Punto[1.         0.51722571 0.46637284] -> F: 0.30897291551831685
Punto[1.         0.51650198 0.46717223] -> F: 0.30821373172167943
Punto[1.         0.51577824 0.46797162] -> F: 0.3074550516064058
Punto[1.         0.51505451 0.46877102] -> F: 0.3066968751724961
Punto[1.         0.51433077 0.46957041] -> F: 0.30593920241995004
Punto[1.         0.51360704 0.4703698 ] -> F: 0.3051820333487678
Punto[1.        0.5128833 0.4711692] -> F: 0.3044253679589493
Punto[1.         0.51215956 0.47196859] -> F: 0.30366737697812046
Punto[1.         0.51143583 0.47276798] -> F: 0.30290341345607913
Punto[1.         0.51071209 0.47356738] -> F: 0.3021399647536831
Punto[1.         0.50998836 0.47436677] -> F: 0.30137703087093204
Punto[1.         0.50926462 0.47516616] -> F: 0.30061461180782617
Punto[1.         0.50854089 0.47596556] -> F: 0.29985270756436544
Punto[1.         0.50781715 0.47676495] -> F: 0.29909131814054973
Punto[1.         0.50709342 0.47756434] -> F: 0.2983304435363792
Punto[1.         0.50636968 0.47836374] -> F: 0.29757008375185373
Punto[1.         0.50564595 0.47916313] -> F: 0.2968077285304289
Punto[1.         0.50492221 0.47996252] -> F: 0.29603994966067976
Punto[1.         0.50419848 0.48076192] -> F: 0.2952726971369745
Punto[1.         0.50347474 0.48156131] -> F: 0.29450597095931313
Punto[1.         0.50275101 0.4823607 ] -> F: 0.29373977112769545
Punto[1.         0.50202727 0.4831601 ] -> F: 0.2929740976421218
Punto[1.         0.50130354 0.48395949] -> F: 0.2922089505025921
Punto[1.         0.5005798  0.48475888] -> F: 0.2914443297091062
Punto[1.         0.49985607 0.48555828] -> F: 0.29068023526166425
Punto[1.         0.49913233 0.48635767] -> F: 0.28991392158904783
Punto[1.         0.4984086  0.48715706] -> F: 0.2891422651806006
Punto[1.         0.49768486 0.48795645] -> F: 0.2883711470769235
Punto[1.         0.49696112 0.48875585] -> F: 0.287600567278017
Punto[1.         0.49623739 0.48955524] -> F: 0.28683052578388074
Punto[1.         0.49551365 0.49035463] -> F: 0.286061022594515
Punto[1.         0.49478992 0.49115403] -> F: 0.2852920577099194
Punto[1.         0.49406618 0.49195342] -> F: 0.2845236311300944
Punto[1.         0.49334245 0.49275281] -> F: 0.28375574285503957
Punto[1.         0.49261871 0.49355221] -> F: 0.2829860458668467
Punto[1.         0.49189498 0.4943516 ] -> F: 0.28221042897937626
Punto[1.         0.49117124 0.49515099] -> F: 0.28143536283706355
Best centerpoint:  [1.         0.52737277 0.45516502] Best F:  0.31954698214668165 Best u:  [-0.53582679 -0.45241353  0.71288965] índice:  1
{
  "seed": 7234,
  "n_per_z": 5,
  "nz": 100,
  "nd": 100,
  "n_muestras": 50,
  "best_f": 0.31954698214668165,
  "best_cp": [
    1.0,
    0.5273727748162285,
    0.4551650153453139
  ],
  "best_u": [
    -0.5358267949789969,
    -0.4524135262330099,
    0.7128896457825361
  ],
  "n_candidatos": 54
}
