Punto[0.         0.47681914 0.90609624] -> F: 0.031249906242906626
Punto[1.        0.4989171 0.6592574] -> F: 0.31254346960589025
Punto[2.         0.56880678 0.6985334 ] -> F: 0.12362246709194098
Punto[1.         0.52281296 0.80231482] -> F: 0.23311145399226813
Punto[1.         0.49939501 0.66211854] -> F: 0.3162964375448293
Punto[1.         0.49986337 0.66492247] -> F: 0.32003293621561885
Punto[1.         0.50033173 0.6677264 ] -> F: 0.3239680117347762
Punto[1.         0.50080009 0.67053032] -> F: 0.3279895116953982
Punto[1.         0.50126845 0.67333425] -> F: 0.33219449725159683
Punto[1.         0.50173681 0.67613817] -> F: 0.33664269824515386
Punto[1.         0.50220517 0.6789421 ] -> F: 0.34131448398015973
Punto[1.         0.50267353 0.68174602] -> F: 0.3462687465443443
Punto[1.         0.50314189 0.68454995] -> F: 0.3514465938499777
Punto[1.         0.50361024 0.68735387] -> F: 0.3518758836677989
Punto[1.        0.5040786 0.6901578] -> F: 0.3492014526115759
Punto[1.         0.50454696 0.69296172] -> F: 0.3464854421913229
Punto[1.         0.50501532 0.69576565] -> F: 0.3437333415785321
Punto[1.         0.50548368 0.69856958] -> F: 0.3409906949295883
Punto[1.         0.50595204 0.7013735 ] -> F: 0.3382575022444917
Punto[1.         0.5064204  0.70417743] -> F: 0.3355337635232422
Punto[1.         0.50688876 0.70698135] -> F: 0.3327693752085115
Punto[1.         0.50735712 0.70978528] -> F: 0.32997000492563455
Punto[1.         0.50782547 0.7125892 ] -> F: 0.3271807635788113
Punto[1.         0.50829383 0.71539313] -> F: 0.32440165116804215
Punto[1.         0.50876219 0.71819705] -> F: 0.3216326676933262
Punto[1.         0.50923055 0.72100098] -> F: 0.3188050555367673
Punto[1.         0.50969891 0.7238049 ] -> F: 0.31596237417788636
Punto[1.         0.51016727 0.72660883] -> F: 0.31313052940065783
Punto[1.         0.51063563 0.72941276] -> F: 0.3103095212050818
Punto[1.         0.51110399 0.73221668] -> F: 0.3074893693267702
Punto[1.         0.51157235 0.73502061] -> F: 0.3045957680303943
Punto[1.         0.5120407  0.73782453] -> F: 0.30171374726969497
Punto[1.         0.51250906 0.74062846] -> F: 0.2988433070446725
Punto[1.         0.51297742 0.74343238] -> F: 0.29598444735532664
Punto[1.         0.51344578 0.74623631] -> F: 0.2930762394904724
Punto[1.         0.51391414 0.74904023] -> F: 0.2901465291707442
Punto[1.         0.5143825  0.75184416] -> F: 0.28722918381986456
Punto[1.         0.51485086 0.75464809] -> F: 0.28432420343783354
Punto[1.         0.51531922 0.75745201] -> F: 0.2814005937520945
Punto[1.         0.51578758 0.76025594] -> F: 0.2784256245660569
Punto[1.         0.51625594 0.76305986] -> F: 0.2754638500657567
Punto[1.         0.51672429 0.76586379] -> F: 0.27251527025119376
Punto[1.         0.51719265 0.76866771] -> F: 0.26956686504458843
Punto[1.         0.51766101 0.77147164] -> F: 0.26654902585860346
Punto[1.         0.51812937 0.77427556] -> F: 0.26354526191954675
Punto[1.         0.51859773 0.77707949] -> F: 0.2605555732274187
Punto[1.         0.51906609 0.77988341] -> F: 0.2575740882993376
Punto[1.         0.51953445 0.78268734] -> F: 0.25451574016953704
Punto[1.         0.52000281 0.78549127] -> F: 0.2514724051616337
Punto[1.         0.52047117 0.78829519] -> F: 0.24844408327562728
Punto[1.         0.52093952 0.79109912] -> F: 0.24542211343641335
Punto[1.         0.52140788 0.79390304] -> F: 0.24232560419593815
Punto[1.         0.52187624 0.79670697] -> F: 0.23924511083708927
Punto[1.         0.5223446  0.79951089] -> F: 0.2361806333598668
Best centerpoint:  [1.         0.50361024 0.68735387] Best F:  0.3518758836677989 Best u:  [-0.24868989 -0.6630408   0.70606674] índice:  10
{
  "seed": 4018,
  "n_per_z": 5,
  "nz": 100,
  "nd": 100,
  "n_muestras": 50,
  "best_f": 0.3518758836677989,
  "best_cp": [
    1.0,
    0.5036102444737087,
    0.6873538734748883
  ],
  "best_u": [
    -0.24868988716485485,
    -0.6630407998018651,
    0.70606673751143
  ],
  "n_candidatos": 54
}
