Punto[0.         0.57689285 0.39800699] -> F: 0.1283675628257495
Punto[1.         0.56102599 0.40889963] -> F: 0.40431174271386905
Punto[2.         0.54574364 0.52153294] -> F: 0.136347520756327
Punto[1.         0.56131824 0.45976997] -> F: 0.4339392557648468
Punto[1.         0.56103183 0.40991704] -> F: 0.4064629669544184
Punto[1.         0.56103756 0.4109141 ] -> F: 0.40860182158523556
Punto[1.         0.56104329 0.41191116] -> F: 0.41077102144592864
Punto[1.         0.56104902 0.41290821] -> F: 0.4129447209672092
Punto[1.         0.56105475 0.41390527] -> F: 0.41489859118557004
Punto[1.         0.56106048 0.41490233] -> F: 0.41686667461613724
Punto[1.         0.5610662  0.41589939] -> F: 0.41884897125891046
Punto[1.         0.56107193 0.41689645] -> F: 0.42084548111388986
Punto[1.         0.56107766 0.41789351] -> F: 0.42285620418107567
Punto[1.         0.56108339 0.41889057] -> F: 0.42467652741369066
Punto[1.         0.56108912 0.41988762] -> F: 0.42601029885369934
Punto[1.         0.56109484 0.42088468] -> F: 0.4273744155235839
Punto[1.         0.56110057 0.42188174] -> F: 0.4287688774233445
Punto[1.        0.5611063 0.4228788] -> F: 0.4300907476553536
Punto[1.         0.56111203 0.42387586] -> F: 0.43135769118075995
Punto[1.         0.56111776 0.42487292] -> F: 0.4326238346312849
Punto[1.         0.56112349 0.42586997] -> F: 0.43388917800692817
Punto[1.         0.56112921 0.42686703] -> F: 0.4351537213076897
Punto[1.         0.56113494 0.42786409] -> F: 0.43641746453356967
Punto[1.         0.56114067 0.42886115] -> F: 0.4376804076845679
Punto[1.         0.5611464  0.42985821] -> F: 0.43894255076068445
Punto[1.         0.56115213 0.43085527] -> F: 0.4404795501214843
Punto[1.         0.56115785 0.43185233] -> F: 0.44274157909255446
Punto[1.         0.56116358 0.43284938] -> F: 0.44500124074060804
Punto[1.         0.56116931 0.43384644] -> F: 0.4472585350656448
Punto[1.         0.56117504 0.4348435 ] -> F: 0.4492051771152047
Punto[1.         0.56118077 0.43584056] -> F: 0.45039696782649585
Punto[1.         0.5611865  0.43683762] -> F: 0.45159041492355906
Punto[1.         0.56119222 0.43783468] -> F: 0.4517869834233814
Punto[1.         0.56119795 0.43883174] -> F: 0.45106179632434007
Punto[1.         0.56120368 0.43982879] -> F: 0.45037518797217796
Punto[1.         0.56120941 0.44082585] -> F: 0.44972715836689475
Punto[1.         0.56121514 0.44182291] -> F: 0.44911770750849045
Punto[1.         0.56122086 0.44281997] -> F: 0.44853643157048145
Punto[1.         0.56122659 0.44381703] -> F: 0.4479561057102076
Punto[1.         0.56123232 0.44481409] -> F: 0.44737530578914486
Punto[1.         0.56123805 0.44581115] -> F: 0.4467940318072931
Punto[1.         0.56124378 0.4468082 ] -> F: 0.44619546146882216
Punto[1.         0.5612495  0.44780526] -> F: 0.4454530310767372
Punto[1.         0.56125523 0.44880232] -> F: 0.4447188849697429
Punto[1.         0.56126096 0.44979938] -> F: 0.443993023147839
Punto[1.         0.56126669 0.45079644] -> F: 0.4432754456110256
Punto[1.         0.56127242 0.4517935 ] -> F: 0.44256615235930236
Punto[1.         0.56127815 0.45279056] -> F: 0.4418651433926696
Punto[1.         0.56128387 0.45378761] -> F: 0.4411555968716642
Punto[1.         0.5612896  0.45478467] -> F: 0.4399482300140791
Punto[1.         0.56129533 0.45578173] -> F: 0.43874272049240703
Punto[1.         0.56130106 0.45677879] -> F: 0.4375390683066476
Punto[1.         0.56130679 0.45777585] -> F: 0.4363372734568011
Punto[1.         0.56131251 0.45877291] -> F: 0.43513733594286763
Best centerpoint:  [1.         0.56119222 0.43783468] Best F:  0.4517869834233814 Best u:  [-0.24868989 -0.81780181  0.51899281] índice:  29
{
  "seed": 9798,
  "n_per_z": 5,
  "nz": 100,
  "nd": 100,
  "n_muestras": 50,
  "best_f": 0.4517869834233814,
  "best_cp": [
    1.0,
    0.5611922232329389,
    0.4378346775186386
  ],
  "best_u": [
    -0.24868988716485485,
    -0.8178018111119209,
    0.5189928108981798
  ],
  "n_candidatos": 54
}
