Punto[0.         0.58944775 0.52874473] -> F: 0.16702724542929906
Punto[1.         0.44352412 0.55307012] -> F: 0.34599995579151804
Punto[2.         0.45656176 0.45335882] -> F: 0.08660603136848248
Punto[1.         0.52300475 0.49105178] -> F: 0.33727727055550305
Punto[1.         0.44511373 0.55182976] -> F: 0.34991028768971993
Punto[1.         0.44667155 0.5506142 ] -> F: 0.35377410931289843
Punto[1.         0.44822937 0.54939864] -> F: 0.35766930713373546
Punto[1.         0.44978719 0.54818308] -> F: 0.36159588115223107
Punto[1.         0.45134501 0.54696752] -> F: 0.36555234697860733
Punto[1.         0.45290283 0.54575196] -> F: 0.3695197426009683
Punto[1.         0.45446065 0.5445364 ] -> F: 0.37349229739275935
Punto[1.         0.45601847 0.54332084] -> F: 0.37747001135398045
Punto[1.         0.45757629 0.54210528] -> F: 0.38113981386400053
Punto[1.         0.45913411 0.54088972] -> F: 0.38441892224828117
Punto[1.         0.46069193 0.53967416] -> F: 0.38778576355168687
Punto[1.         0.46224975 0.5384586 ] -> F: 0.3912403377742179
Punto[1.         0.46380757 0.53724304] -> F: 0.394782644915874
Punto[1.         0.46536539 0.53602748] -> F: 0.3942275279634637
Punto[1.         0.46692322 0.53481192] -> F: 0.3926403119117245
Punto[1.         0.46848104 0.53359636] -> F: 0.39102090988453214
Punto[1.         0.47003886 0.5323808 ] -> F: 0.389401423410299
Punto[1.         0.47159668 0.53116524] -> F: 0.3877873599516583
Punto[1.         0.4731545  0.52994968] -> F: 0.3861787195086102
Punto[1.         0.47471232 0.52873412] -> F: 0.3845755020811547
Punto[1.         0.47627014 0.52751856] -> F: 0.3829777076692917
Punto[1.         0.47782796 0.52630301] -> F: 0.3813853362730213
Punto[1.         0.47938578 0.52508745] -> F: 0.37979838789234344
Punto[1.         0.4809436  0.52387189] -> F: 0.3782168625272581
Punto[1.         0.48250142 0.52265633] -> F: 0.3766407601777654
Punto[1.         0.48405924 0.52144077] -> F: 0.3750700808438652
Punto[1.         0.48561706 0.52022521] -> F: 0.37350482452555755
Punto[1.         0.48717488 0.51900965] -> F: 0.3719449912228424
Punto[1.         0.4887327  0.51779409] -> F: 0.3703905809357199
Punto[1.         0.49029052 0.51657853] -> F: 0.36884159366419
Punto[1.         0.49184834 0.51536297] -> F: 0.3672980294082525
Punto[1.         0.49340616 0.51414741] -> F: 0.3657598881679078
Punto[1.         0.49496398 0.51293185] -> F: 0.36422716994315546
Punto[1.         0.4965218  0.51171629] -> F: 0.36269987473399573
Punto[1.         0.49807962 0.51050073] -> F: 0.36116786327549516
Punto[1.         0.49963744 0.50928517] -> F: 0.359632999534311
Punto[1.         0.50119527 0.50806961] -> F: 0.3581036918214423
Punto[1.         0.50275309 0.50685405] -> F: 0.3565799401368891
Punto[1.         0.50431091 0.50563849] -> F: 0.35506174448065114
Punto[1.         0.50586873 0.50442293] -> F: 0.3535491048527285
Punto[1.         0.50742655 0.50320737] -> F: 0.3520420212531213
Punto[1.         0.50898437 0.50199181] -> F: 0.35054049368182943
Punto[1.         0.51054219 0.50077625] -> F: 0.349044522138853
Punto[1.         0.51210001 0.49956069] -> F: 0.3475541066241919
Punto[1.         0.51365783 0.49834513] -> F: 0.34606924713784615
Punto[1.         0.51521565 0.49712957] -> F: 0.34458994367981577
Punto[1.         0.51677347 0.49591401] -> F: 0.34311619625010076
Punto[1.         0.51833129 0.49469845] -> F: 0.34164800484870117
Punto[1.         0.51988911 0.49348289] -> F: 0.34018537927339587
Punto[1.         0.52144693 0.49226734] -> F: 0.33872845364228354
{
  "seed": 16774,
  "n_per_z": 10,
  "nz": 100,
  "nd": 100,
  "n_muestras": 50,
  "best_f": 0.394782644915874,
  "best_cp": [
    1.0,
    0.4638075741660099,
    0.5372430420951052
  ],
  "best_u": [
    0.15643446504023092,
    -0.7610269461637977,
    0.6295762426904156
  ],
  "best_index": 16,
  "n_candidatos": 54
}
