Punto[0.         0.45413214 0.42618061] -> F: 0.1252711997006402
Punto[1.         0.49458055 0.56391526] -> F: 0.3997722505059248
Punto[2.         0.42248085 0.51891699] -> F: 0.15134134774885585
Punto[1.         0.43830649 0.4725488 ] -> F: 0.42203921579282466
Punto[1.         0.49345506 0.56208793] -> F: 0.40252894534586503
Punto[1.         0.49235209 0.56029715] -> F: 0.40510239853608215
Punto[1.         0.49124912 0.55850637] -> F: 0.4077390353983133
Punto[1.         0.49014615 0.55671559] -> F: 0.41043885593255874
Punto[1.         0.48904318 0.5549248 ] -> F: 0.4132016454525057
Punto[1.         0.48794021 0.55313402] -> F: 0.41580055123008797
Punto[1.         0.48683724 0.55134324] -> F: 0.41840567159064146
Punto[1.         0.48573426 0.54955246] -> F: 0.4210482119706693
Punto[1.         0.48463129 0.54776167] -> F: 0.42372817237017124
Punto[1.         0.48352832 0.54597089] -> F: 0.42580321339285987
Punto[1.         0.48242535 0.54418011] -> F: 0.4277008473684798
Punto[1.         0.48132238 0.54238933] -> F: 0.4296761309378931
Punto[1.         0.48021941 0.54059854] -> F: 0.43186147289473314
Punto[1.         0.47911644 0.53880776] -> F: 0.434256873239
Punto[1.         0.47801346 0.53701698] -> F: 0.4368623319706935
Punto[1.         0.47691049 0.53522619] -> F: 0.4395907056050714
Punto[1.         0.47580752 0.53343541] -> F: 0.4422098996506655
Punto[1.         0.47470455 0.53164463] -> F: 0.4447290543257523
Punto[1.         0.47360158 0.52985385] -> F: 0.4473113926728532
Punto[1.         0.47249861 0.52806306] -> F: 0.44995691469196847
Punto[1.         0.47139564 0.52627228] -> F: 0.45145525934481007
Punto[1.         0.47029267 0.5244815 ] -> F: 0.4504651154142259
Punto[1.         0.46918969 0.52269072] -> F: 0.4494757792105603
Punto[1.         0.46808672 0.52089993] -> F: 0.4484860763242468
Punto[1.         0.46698375 0.51910915] -> F: 0.4474968710069564
Punto[1.         0.46588078 0.51731837] -> F: 0.44650847584904596
Punto[1.         0.46477781 0.51552758] -> F: 0.4455208908505158
Punto[1.         0.46367484 0.5137368 ] -> F: 0.44453411601136583
Punto[1.         0.46257187 0.51194602] -> F: 0.4435481513315959
Punto[1.         0.46146889 0.51015524] -> F: 0.44256299681120614
Punto[1.         0.46036592 0.50836445] -> F: 0.4415786524501965
Punto[1.         0.45926295 0.50657367] -> F: 0.44059511824856706
Punto[1.         0.45815998 0.50478289] -> F: 0.43961239420631776
Punto[1.         0.45705701 0.50299211] -> F: 0.43863048032344853
Punto[1.         0.45595404 0.50120132] -> F: 0.43764937659995945
Punto[1.         0.45485107 0.49941054] -> F: 0.43666908303585056
Punto[1.         0.45374809 0.49761976] -> F: 0.43568857158414465
Punto[1.         0.45264512 0.49582897] -> F: 0.4347084166441112
Punto[1.         0.45154215 0.49403819] -> F: 0.43372907432088204
Punto[1.         0.45043918 0.49224741] -> F: 0.4327505446144572
Punto[1.         0.44933621 0.49045663] -> F: 0.4317728275248369
Punto[1.         0.44823324 0.48866584] -> F: 0.4307959230520209
Punto[1.         0.44713027 0.48687506] -> F: 0.42981983119600925
Punto[1.         0.44602729 0.48508428] -> F: 0.42884455195680204
Punto[1.         0.44492432 0.4832935 ] -> F: 0.42787008533439924
Punto[1.         0.44382135 0.48150271] -> F: 0.4268964313288008
Punto[1.         0.44271838 0.47971193] -> F: 0.4259235899400066
Punto[1.         0.44161541 0.47792115] -> F: 0.42495156116801697
Punto[1.         0.44051244 0.47613036] -> F: 0.4239803450128317
Punto[1.         0.43940947 0.47433958] -> F: 0.42300922118693035
{
  "seed": 4821,
  "n_per_z": 10,
  "nz": 100,
  "nd": 100,
  "n_muestras": 50,
  "best_f": 0.45145525934481007,
  "best_cp": [
    1.0,
    0.4713956365039828,
    0.5262722806807327
  ],
  "best_u": [
    -0.9995065603657316,
    -0.01337405074780664,
    -0.02842130455238309
  ],
  "best_index": 24,
  "n_candidatos": 54
}
