Punto[0.         0.54823478 0.60403078] -> F: 0.16780906232475426
Punto[1.         0.45806399 0.53772627] -> F: 0.43451916322741957
Punto[2.         0.41109701 0.49103086] -> F: 0.11195269547629061
Punto[1.         0.4796659  0.54753082] -> F: 0.42617337642885866
Punto[1.         0.45849602 0.53792236] -> F: 0.4347183165341163
Punto[1.         0.45891942 0.53811453] -> F: 0.43491334762875294
Punto[1.         0.45934282 0.5383067 ] -> F: 0.4351082409829774
Punto[1.         0.45976622 0.53849887] -> F: 0.4353039891340428
Punto[1.         0.46018961 0.53869104] -> F: 0.43550365982783357
Punto[1.         0.46061301 0.53888321] -> F: 0.4357074704138982
Punto[1.         0.46103641 0.53907537] -> F: 0.43591542089223656
Punto[1.         0.46145981 0.53926754] -> F: 0.43612751126284865
Punto[1.         0.4618832  0.53945971] -> F: 0.4363437415257346
Punto[1.         0.4623066  0.53965188] -> F: 0.4365641116808942
Punto[1.         0.46273    0.53984405] -> F: 0.43674306733662993
Punto[1.         0.4631534  0.54003622] -> F: 0.4364781046696349
Punto[1.         0.46357679 0.54022839] -> F: 0.43621321305412614
Punto[1.         0.46400019 0.54042056] -> F: 0.435948392490104
Punto[1.         0.46442359 0.54061273] -> F: 0.4356836429775681
Punto[1.         0.46484699 0.5408049 ] -> F: 0.4354189645165187
Punto[1.         0.46527038 0.54099707] -> F: 0.43515435710695577
Punto[1.         0.46569378 0.54118924] -> F: 0.4348897721365049
Punto[1.         0.46611718 0.54138141] -> F: 0.4346244951192979
Punto[1.         0.46654058 0.54157357] -> F: 0.43435928959046244
Punto[1.         0.46696397 0.54176574] -> F: 0.4340941555499986
Punto[1.         0.46738737 0.54195791] -> F: 0.4338290929979062
Punto[1.         0.46781077 0.54215008] -> F: 0.4335641019341854
Punto[1.         0.46823417 0.54234225] -> F: 0.4332991823588362
Punto[1.         0.46865756 0.54253442] -> F: 0.4330343342718585
Punto[1.         0.46908096 0.54272659] -> F: 0.43276955767325237
Punto[1.         0.46950436 0.54291876] -> F: 0.4325048525630177
Punto[1.         0.46992776 0.54311093] -> F: 0.4322402189411549
Punto[1.         0.47035115 0.5433031 ] -> F: 0.4319756568076634
Punto[1.         0.47077455 0.54349527] -> F: 0.4317111661625437
Punto[1.         0.47119795 0.54368744] -> F: 0.4314467470057953
Punto[1.         0.47162134 0.54387961] -> F: 0.4311823993374186
Punto[1.         0.47204474 0.54407177] -> F: 0.4309181231574135
Punto[1.         0.47246814 0.54426394] -> F: 0.43065391846577994
Punto[1.         0.47289154 0.54445611] -> F: 0.43038978526251787
Punto[1.         0.47331493 0.54464828] -> F: 0.43012572354762746
Punto[1.         0.47373833 0.54484045] -> F: 0.4298617333211085
Punto[1.         0.47416173 0.54503262] -> F: 0.4295978145829613
Punto[1.         0.47458513 0.54522479] -> F: 0.4293339673331856
Punto[1.         0.47500852 0.54541696] -> F: 0.42907019157178133
Punto[1.         0.47543192 0.54560913] -> F: 0.42880648729874865
Punto[1.         0.47585532 0.5458013 ] -> F: 0.4285428545140877
Punto[1.         0.47627872 0.54599347] -> F: 0.4282792932177983
Punto[1.         0.47670211 0.54618564] -> F: 0.4280158034098803
Punto[1.         0.47712551 0.54637781] -> F: 0.4277523850903339
Punto[1.         0.47754891 0.54656997] -> F: 0.4274890382591592
Punto[1.         0.47797231 0.54676214] -> F: 0.42722576291635594
Punto[1.         0.4783957  0.54695431] -> F: 0.4269625590619244
Punto[1.         0.4788191  0.54714648] -> F: 0.42669942669586414
Punto[1.         0.4792425  0.54733865] -> F: 0.4264363658181757
{
  "seed": 8114,
  "n_per_z": 10,
  "nz": 100,
  "nd": 100,
  "n_muestras": 50,
  "best_f": 0.43674306733662993,
  "best_cp": [
    1.0,
    0.46272999911692586,
    0.5398440512975349
  ],
  "best_u": [
    0.8270805742745618,
    0.500819956804084,
    0.2551805136063812
  ],
  "best_index": 14,
  "n_candidatos": 54
}
