Punto[0.         0.58016517 0.37441212] -> F: 0.12981878113876844
Punto[1.         0.54441854 0.44690237] -> F: 0.32964144386987615
Punto[2.         0.69574371 0.52739305] -> F: 0.09694919074198037
Punto[1.         0.63795444 0.45090258] -> F: 0.36452734134747294
Punto[1.         0.54628926 0.44698238] -> F: 0.3331730796143182
Punto[1.         0.54812256 0.44706078] -> F: 0.3367234871108336
Punto[1.         0.54995586 0.44713919] -> F: 0.34032922242857105
Punto[1.         0.55178917 0.44721759] -> F: 0.3440696536668906
Punto[1.         0.55362247 0.447296  ] -> F: 0.3479057179496106
Punto[1.         0.55545577 0.4473744 ] -> F: 0.35181013101227976
Punto[1.         0.55728908 0.4474528 ] -> F: 0.3558030454664872
Punto[1.         0.55912238 0.44753121] -> F: 0.3598349834110472
Punto[1.         0.56095569 0.44760961] -> F: 0.3638088928323909
Punto[1.         0.56278899 0.44768802] -> F: 0.3678425366012941
Punto[1.         0.56462229 0.44776642] -> F: 0.3719359147177576
Punto[1.         0.5664556  0.44784482] -> F: 0.37597556221156686
Punto[1.         0.5682889  0.44792323] -> F: 0.38001229961067606
Punto[1.         0.5701222  0.44800163] -> F: 0.3840953203654217
Punto[1.         0.57195551 0.44808004] -> F: 0.3882246244758033
Punto[1.         0.57378881 0.44815844] -> F: 0.39227527531705203
Punto[1.         0.57562211 0.44823684] -> F: 0.39634167206507814
Punto[1.         0.57745542 0.44831525] -> F: 0.4004464788326938
Punto[1.         0.57928872 0.44839365] -> F: 0.4045896956198997
Punto[1.         0.58112203 0.44847206] -> F: 0.4086630693566152
Punto[1.         0.58295533 0.44855046] -> F: 0.4127442860163667
Punto[1.         0.58478863 0.44862887] -> F: 0.41685869816483756
Punto[1.         0.58662194 0.44870727] -> F: 0.42100630580202797
Punto[1.         0.58845524 0.44878567] -> F: 0.4230284271485526
Punto[1.         0.59028854 0.44886408] -> F: 0.4212797204786956
Punto[1.         0.59212185 0.44894248] -> F: 0.4193651735586967
Punto[1.         0.59395515 0.44902089] -> F: 0.41745712520189854
Punto[1.         0.59578845 0.44909929] -> F: 0.41555557540830157
Punto[1.         0.59762176 0.44917769] -> F: 0.4136605241779059
Punto[1.         0.59945506 0.4492561 ] -> F: 0.4117719715107111
Punto[1.         0.60128837 0.4493345 ] -> F: 0.40940141132860114
Punto[1.         0.60312167 0.44941291] -> F: 0.4068711638203097
Punto[1.         0.60495497 0.44949131] -> F: 0.40445202552497783
Punto[1.         0.60678828 0.44956971] -> F: 0.40148860448155405
Punto[1.         0.60862158 0.44964812] -> F: 0.39903684090213604
Punto[1.         0.61045488 0.44972652] -> F: 0.3973174321421636
Punto[1.         0.61228819 0.44980493] -> F: 0.3956156231600511
Punto[1.         0.61412149 0.44988333] -> F: 0.3939122139745542
Punto[1.         0.61595479 0.44996173] -> F: 0.39220720458567315
Punto[1.         0.6177881  0.45004014] -> F: 0.3905005949934082
Punto[1.         0.6196214  0.45011854] -> F: 0.38875713662883143
Punto[1.         0.62145471 0.45019695] -> F: 0.3869962114826958
Punto[1.         0.62328801 0.45027535] -> F: 0.3851970291077548
Punto[1.         0.62512131 0.45035376] -> F: 0.38338634687842293
Punto[1.         0.62695462 0.45043216] -> F: 0.38053991519686126
Punto[1.         0.62878792 0.45051056] -> F: 0.37773175010312626
Punto[1.         0.63062122 0.45058897] -> F: 0.3749854454755807
Punto[1.         0.63245453 0.45066737] -> F: 0.3723010013142248
Punto[1.         0.63428783 0.45074578] -> F: 0.3696784176190582
Punto[1.         0.63612113 0.45082418] -> F: 0.3671176943900812
Best centerpoint:  [1.         0.58845524 0.44878567] Best F:  0.4230284271485526 Best u:  [0.15643447 0.86551789 0.47582249] índice:  24
{
  "seed": 11675,
  "n_per_z": 5,
  "nz": 100,
  "nd": 100,
  "n_muestras": 50,
  "best_f": 0.4230284271485526,
  "best_cp": [
    1.0,
    0.5884552400590188,
    0.44878567341302994
  ],
  "best_u": [
    0.15643446504023092,
    0.865517890664958,
    0.475822486949134
  ],
  "n_candidatos": 54
}
