Punto[0.         0.62163002 0.49431595] -> F: 0.15322442413128493
Punto[1.         0.49206858 0.46833978] -> F: 0.3867986510995052
Punto[2.         0.41661209 0.48196178] -> F: 0.08953274095782153
Punto[1.         0.51912105 0.48813886] -> F: 0.3857637052407042
Punto[1.         0.49260963 0.46873576] -> F: 0.3872111049602358
Punto[1.         0.49313986 0.46912383] -> F: 0.38761761327009175
Punto[1.         0.49367009 0.46951189] -> F: 0.3880264018383449
Punto[1.         0.49420032 0.46989995] -> F: 0.3884374706649952
Punto[1.         0.49473054 0.47028801] -> F: 0.38885081975004265
Punto[1.         0.49526077 0.47067607] -> F: 0.38926644909348734
Punto[1.         0.495791   0.47106414] -> F: 0.3896843586953292
Punto[1.         0.49632123 0.4714522 ] -> F: 0.3901045485555681
Punto[1.         0.49685146 0.47184026] -> F: 0.39052701867420436
Punto[1.         0.49738169 0.47222832] -> F: 0.3909517690512376
Punto[1.         0.49791192 0.47261638] -> F: 0.3913787996866683
Punto[1.         0.49844214 0.47300445] -> F: 0.3918081105804958
Punto[1.         0.49897237 0.47339251] -> F: 0.39223970173272055
Punto[1.         0.4995026  0.47378057] -> F: 0.39263927922928543
Punto[1.         0.50003283 0.47416863] -> F: 0.3930124763873149
Punto[1.         0.50056306 0.47455669] -> F: 0.3933961500986518
Punto[1.         0.50109329 0.47494476] -> F: 0.3937903003632961
Punto[1.         0.50162351 0.47533282] -> F: 0.39419492718124766
Punto[1.         0.50215374 0.47572088] -> F: 0.3946100305525065
Punto[1.         0.50268397 0.47610894] -> F: 0.3950356104770727
Punto[1.        0.5032142 0.476497 ] -> F: 0.3954716669549461
Punto[1.         0.50374443 0.47688507] -> F: 0.395918199986127
Punto[1.         0.50427466 0.47727313] -> F: 0.3963752095706151
Punto[1.         0.50480488 0.47766119] -> F: 0.3968426685404259
Punto[1.         0.50533511 0.47804925] -> F: 0.39680227690477493
Punto[1.         0.50586534 0.47843731] -> F: 0.3963761942711977
Punto[1.         0.50639557 0.47882538] -> F: 0.39595056353681896
Punto[1.         0.5069258  0.47921344] -> F: 0.39552538470163867
Punto[1.         0.50745603 0.4796015 ] -> F: 0.3951006577656571
Punto[1.         0.50798626 0.47998956] -> F: 0.394676382728874
Punto[1.         0.50851648 0.48037762] -> F: 0.3942525595912896
Punto[1.         0.50904671 0.48076569] -> F: 0.39382918835290354
Punto[1.         0.50957694 0.48115375] -> F: 0.3934062690137163
Punto[1.         0.51010717 0.48154181] -> F: 0.3929838015737273
Punto[1.         0.5106374  0.48192987] -> F: 0.39256178603293707
Punto[1.         0.51116763 0.48231793] -> F: 0.39214022239134533
Punto[1.         0.51169785 0.482706  ] -> F: 0.39171620433211835
Punto[1.         0.51222808 0.48309406] -> F: 0.3912879818114679
Punto[1.         0.51275831 0.48348212] -> F: 0.39086022760068234
Punto[1.         0.51328854 0.48387018] -> F: 0.3904329416997614
Punto[1.         0.51381877 0.48425824] -> F: 0.39000612410870517
Punto[1.         0.514349   0.48464631] -> F: 0.38957977482751366
Punto[1.         0.51487923 0.48503437] -> F: 0.389153893856187
Punto[1.         0.51540945 0.48542243] -> F: 0.38872848119472503
Punto[1.         0.51593968 0.48581049] -> F: 0.3883035368431278
Punto[1.         0.51646991 0.48619855] -> F: 0.3878790608013954
Punto[1.         0.51700014 0.48658662] -> F: 0.38745505306952766
Punto[1.         0.51753037 0.48697468] -> F: 0.3870315136475246
Punto[1.         0.5180606  0.48736274] -> F: 0.3866084425353864
Punto[1.         0.51859082 0.4877508 ] -> F: 0.38618583973311293
