Punto[0.         0.30839542 0.56315832] -> F: 0.13076124884093637
Punto[1.         0.43887841 0.50076701] -> F: 0.46405931879088047
Punto[2.         0.60390472 0.47089785] -> F: 0.1427130555463072
Punto[1.         0.45615007 0.51702808] -> F: 0.46839578982650515
Punto[1.         0.43922385 0.50109223] -> F: 0.4649212704246546
Punto[1.         0.43956237 0.50141095] -> F: 0.4657664921162278
Punto[1.         0.43990089 0.50172967] -> F: 0.46661221775594736
Punto[1.         0.44023942 0.50204838] -> F: 0.4674584473438136
Punto[1.         0.44057794 0.5023671 ] -> F: 0.4682843237263567
Punto[1.         0.44091647 0.50268582] -> F: 0.4691012156211429
Punto[1.         0.44125499 0.50300454] -> F: 0.46991901270884057
Punto[1.         0.44159352 0.50332325] -> F: 0.4707377149894498
Punto[1.         0.44193204 0.50364197] -> F: 0.4715573224629711
Punto[1.         0.44227057 0.50396069] -> F: 0.4723778351294036
Punto[1.         0.44260909 0.5042794 ] -> F: 0.4731992529887481
Punto[1.         0.44294762 0.50459812] -> F: 0.47402157604100426
Punto[1.         0.44328614 0.50491684] -> F: 0.474844804286172
Punto[1.         0.44362466 0.50523555] -> F: 0.4756689377242516
Punto[1.         0.44396319 0.50555427] -> F: 0.47649397635524277
Punto[1.         0.44430171 0.50587299] -> F: 0.4773199201791456
Punto[1.         0.44464024 0.50619171] -> F: 0.47814676919596
Punto[1.         0.44497876 0.50651042] -> F: 0.4786766143266681
Punto[1.         0.44531729 0.50682914] -> F: 0.4790796580226994
Punto[1.         0.44565581 0.50714786] -> F: 0.4794828450230412
Punto[1.         0.44599434 0.50746657] -> F: 0.47979002254014896
Punto[1.         0.44633286 0.50778529] -> F: 0.4795842723390699
Punto[1.         0.44667138 0.50810401] -> F: 0.47937781618880004
Punto[1.         0.44700991 0.50842272] -> F: 0.4791654595896443
Punto[1.         0.44734843 0.50874144] -> F: 0.47895312288820163
Punto[1.         0.44768696 0.50906016] -> F: 0.4787408060844716
Punto[1.         0.44802548 0.50937888] -> F: 0.4785285091784545
Punto[1.         0.44836401 0.50969759] -> F: 0.47831623217015024
Punto[1.         0.44870253 0.51001631] -> F: 0.4780980549109505
Punto[1.         0.44904106 0.51033503] -> F: 0.47787915150682064
Punto[1.         0.44937958 0.51065374] -> F: 0.47766026927014715
Punto[1.         0.4497181  0.51097246] -> F: 0.4774414082009301
Punto[1.         0.45005663 0.51129118] -> F: 0.4771086812022166
Punto[1.         0.45039515 0.5116099 ] -> F: 0.4765816251968277
Punto[1.         0.45073368 0.51192861] -> F: 0.4760573135386559
Punto[1.         0.4510722  0.51224733] -> F: 0.47553574622770123
Punto[1.         0.45141073 0.51256605] -> F: 0.4750169232639636
Punto[1.         0.45174925 0.51288476] -> F: 0.4745008446474433
Punto[1.         0.45208778 0.51320348] -> F: 0.47398751037814
Punto[1.        0.4524263 0.5135222] -> F: 0.473476920456054
Punto[1.         0.45276483 0.51384091] -> F: 0.47296914937576173
Punto[1.         0.45310335 0.51415963] -> F: 0.4724685009624705
Punto[1.         0.45344187 0.51447835] -> F: 0.4719774775399274
Punto[1.         0.4537804  0.51479707] -> F: 0.4714960791081318
Punto[1.         0.45411892 0.51511578] -> F: 0.4710243056670843
Punto[1.         0.45445745 0.5154345 ] -> F: 0.4705621572167847
Punto[1.         0.45479597 0.51575322] -> F: 0.47010963375723297
Punto[1.         0.4551345  0.51607193] -> F: 0.4696667352884293
Punto[1.         0.45547302 0.51639065] -> F: 0.4692334618103734
Punto[1.         0.45581155 0.51670937] -> F: 0.46880981332306526
{
  "seed": 1780,
  "n_per_z": 10,
  "nz": 100,
  "nd": 100,
  "n_muestras": 50,
  "best_f": 0.47979002254014896,
  "best_cp": [
    1.0,
    0.44599433539338496,
    0.5074665738009791
  ],
  "best_u": [
    -0.9995065603657316,
    0.03139525976465669,
    -0.0009866357858642173
  ],
  "best_index": 24,
  "n_candidatos": 54
}
