Punto[0.         0.51821803 0.67172855] -> F: 0.09499782602745699
Punto[1.         0.47897578 0.48804764] -> F: 0.40762344237778747
Punto[2.         0.49267614 0.34692691] -> F: 0.16148999318854593
Punto[1.         0.50544708 0.50932773] -> F: 0.3888562131653736
Punto[1.         0.47950521 0.48847324] -> F: 0.408529028447915
Punto[1.         0.48002404 0.48889033] -> F: 0.4094171911834645
Punto[1.         0.48054288 0.48930742] -> F: 0.4102288267348108
Punto[1.         0.48106172 0.48972451] -> F: 0.4110176315008203
Punto[1.         0.48158056 0.4901416 ] -> F: 0.4118071059720545
Punto[1.         0.48209939 0.49055869] -> F: 0.4125972501485136
Punto[1.         0.48261823 0.49097578] -> F: 0.4133880640301974
Punto[1.         0.48313707 0.49139287] -> F: 0.4141795476171058
Punto[1.         0.48365591 0.49180996] -> F: 0.4149717009092391
Punto[1.         0.48417474 0.49222705] -> F: 0.41535128806766664
Punto[1.         0.48469358 0.49264414] -> F: 0.4149053005257147
Punto[1.         0.48521242 0.49306123] -> F: 0.41445942272195846
Punto[1.         0.48573126 0.49347832] -> F: 0.4140098492604866
Punto[1.         0.48625009 0.49389541] -> F: 0.4135556444205193
Punto[1.         0.48676893 0.4943125 ] -> F: 0.4131015535690827
Punto[1.         0.48728777 0.49472959] -> F: 0.41264757670617686
Punto[1.         0.48780661 0.49514668] -> F: 0.412193713831802
Punto[1.         0.48832544 0.49556377] -> F: 0.41168786710378746
Punto[1.         0.48884428 0.49598086] -> F: 0.41107359444991154
Punto[1.         0.48936312 0.49639795] -> F: 0.4104465344135827
Punto[1.         0.48988196 0.49681504] -> F: 0.40982405064165217
Punto[1.         0.49040079 0.49723213] -> F: 0.4092061431341204
Punto[1.         0.49091963 0.49764922] -> F: 0.40859281189098706
Punto[1.         0.49143847 0.49806631] -> F: 0.4079840569122522
Punto[1.         0.49195731 0.4984834 ] -> F: 0.4073798781979159
Punto[1.         0.49247614 0.49890049] -> F: 0.4066781590077587
Punto[1.         0.49299498 0.49931758] -> F: 0.4059258655637372
Punto[1.         0.49351382 0.49973466] -> F: 0.4051961947481327
Punto[1.         0.49403266 0.50015175] -> F: 0.40448914656094503
Punto[1.         0.49455149 0.50056884] -> F: 0.4038047210021744
Punto[1.         0.49507033 0.50098593] -> F: 0.40314291807182046
Punto[1.         0.49558917 0.50140302] -> F: 0.4025037377698836
Punto[1.         0.49610801 0.50182011] -> F: 0.40187777122340157
Punto[1.         0.49662684 0.5022372 ] -> F: 0.4012515295718997
Punto[1.         0.49714568 0.50265429] -> F: 0.400624907855638
Punto[1.         0.49766452 0.50307138] -> F: 0.3999979060746164
Punto[1.         0.49818336 0.50348847] -> F: 0.39937052422883457
Punto[1.         0.4987022  0.50390556] -> F: 0.3986486915523429
Punto[1.         0.49922103 0.50432265] -> F: 0.39789411573159883
Punto[1.         0.49973987 0.50473974] -> F: 0.3971258234828411
Punto[1.         0.50025871 0.50515683] -> F: 0.3963495213063639
Punto[1.         0.50077755 0.50557392] -> F: 0.39558154519046623
Punto[1.         0.50129638 0.50599101] -> F: 0.39482189513514887
Punto[1.         0.50181522 0.5064081 ] -> F: 0.39407057114041133
Punto[1.         0.50233406 0.50682519] -> F: 0.39332757320625367
Punto[1.         0.5028529  0.50724228] -> F: 0.392592901332676
Punto[1.         0.50337173 0.50765937] -> F: 0.3918665555196782
Punto[1.         0.50389057 0.50807646] -> F: 0.3911485357672602
Punto[1.         0.50440941 0.50849355] -> F: 0.3904388420754224
Punto[1.         0.50492825 0.50891064] -> F: 0.38968258428097474
{
  "seed": 2554,
  "n_per_z": 10,
  "nz": 100,
  "nd": 100,
  "n_muestras": 50,
  "best_f": 0.41535128806766664,
  "best_cp": [
    1.0,
    0.48417474346057043,
    0.4922270481240929
  ],
  "best_u": [
    -0.36812455268467775,
    0.8533066707761396,
    0.36925877013233793
  ],
  "best_index": 13,
  "n_candidatos": 54
}
