Punto[0.         0.72393332 0.57342293] -> F: 0.08176311108289001
Punto[1.         0.60450729 0.49852333] -> F: 0.36755108730780844
Punto[2.         0.64797205 0.39498357] -> F: 0.1656912812729297
Punto[1.         0.68595268 0.48420325] -> F: 0.3370672059137521
Punto[1.         0.6061362  0.49823693] -> F: 0.36906279289213434
Punto[1.         0.60773253 0.49795625] -> F: 0.3705907585573781
Punto[1.         0.60932886 0.49767558] -> F: 0.3721647487769171
Punto[1.         0.61092519 0.49739491] -> F: 0.37359657539696595
Punto[1.         0.61252152 0.49711423] -> F: 0.37481228900429103
Punto[1.         0.61411785 0.49683356] -> F: 0.3760268279899016
Punto[1.         0.61571418 0.49655289] -> F: 0.3761012231854228
Punto[1.         0.61731051 0.49627221] -> F: 0.3752580748234597
Punto[1.         0.61890684 0.49599154] -> F: 0.37441611078735487
Punto[1.         0.62050317 0.49571086] -> F: 0.37357533107710844
Punto[1.         0.6220995  0.49543019] -> F: 0.37272582904248347
Punto[1.         0.62369583 0.49514952] -> F: 0.3718667015510012
Punto[1.         0.62529216 0.49486884] -> F: 0.37100881772080846
Punto[1.         0.62688848 0.49458817] -> F: 0.37015217755190527
Punto[1.         0.62848481 0.4943075 ] -> F: 0.3692967810442916
Punto[1.         0.63008114 0.49402682] -> F: 0.36844262819796747
Punto[1.         0.63167747 0.49374615] -> F: 0.36758596756166384
Punto[1.         0.6332738  0.49346548] -> F: 0.3667139984148797
Punto[1.         0.63487013 0.4931848 ] -> F: 0.36584333299592803
Punto[1.         0.63646646 0.49290413] -> F: 0.36497397130480885
Punto[1.         0.63806279 0.49262346] -> F: 0.36410591334152226
Punto[1.         0.63965912 0.49234278] -> F: 0.3632391591060682
Punto[1.         0.64125545 0.49206211] -> F: 0.36237120468535666
Punto[1.         0.64285178 0.49178144] -> F: 0.36148712023788987
Punto[1.         0.64444811 0.49150076] -> F: 0.3606044004311638
Punto[1.         0.64604444 0.49122009] -> F: 0.35972304526517856
Punto[1.         0.64764077 0.49093942] -> F: 0.3588430547399341
Punto[1.         0.6492371  0.49065874] -> F: 0.3579644288554306
Punto[1.         0.65083343 0.49037807] -> F: 0.35708174588454755
Punto[1.         0.65242976 0.4900974 ] -> F: 0.356186234033635
Punto[1.         0.65402609 0.48981672] -> F: 0.35529214870600967
Punto[1.         0.65562242 0.48953605] -> F: 0.3543994899016717
Punto[1.         0.65721875 0.48925538] -> F: 0.353508257620621
Punto[1.         0.65881508 0.4889747 ] -> F: 0.3526184518628575
Punto[1.         0.66041141 0.48869403] -> F: 0.3517181668414528
Punto[1.         0.66200774 0.48841335] -> F: 0.3508118805528432
Punto[1.         0.66360407 0.48813268] -> F: 0.34990708377190727
Punto[1.         0.6652004  0.48785201] -> F: 0.3490037764986454
Punto[1.         0.66679673 0.48757133] -> F: 0.3481019587330571
Punto[1.         0.66839306 0.48729066] -> F: 0.34719931189572145
Punto[1.         0.66998939 0.48700999] -> F: 0.3462813185862892
Punto[1.         0.67158572 0.48672931] -> F: 0.3453648790129894
Punto[1.         0.67318205 0.48644864] -> F: 0.34444999317582237
Punto[1.         0.67477838 0.48616797] -> F: 0.34353666107478814
Punto[1.         0.6763747  0.48588729] -> F: 0.34262488270988656
Punto[1.         0.67797103 0.48560662] -> F: 0.3416998715313297
Punto[1.         0.67956736 0.48532595] -> F: 0.3407722514263946
Punto[1.         0.68116369 0.48504527] -> F: 0.3398462506836968
Punto[1.         0.68276002 0.4847646 ] -> F: 0.3389218693032364
Punto[1.         0.68435635 0.48448393] -> F: 0.3379991072850133
Best centerpoint:  [1.         0.61571418 0.49655289] Best F:  0.3761012231854228 Best u:  [-0.96029369  0.14201803 -0.24013937] índice:  7
{
  "seed": 12844,
  "n_per_z": 5,
  "nz": 100,
  "nd": 100,
  "n_muestras": 50,
  "best_f": 0.3761012231854228,
  "best_cp": [
    1.0,
    0.6157141771597779,
    0.49655288512194184
  ],
  "best_u": [
    -0.9602936856769431,
    0.14201802759997123,
    -0.24013937012827838
  ],
  "n_candidatos": 54
}
