Punto[0.         0.47526833 0.41790756] -> F: 0.11506445033994149
Punto[1.         0.54132186 0.52449483] -> F: 0.40078171650985356
Punto[2.         0.44227508 0.53627594] -> F: 0.15285391994689548
Punto[1.         0.4587717  0.47709175] -> F: 0.3974847274679814
Punto[1.         0.53967086 0.52354677] -> F: 0.40322623703417687
Punto[1.         0.53805287 0.52261767] -> F: 0.4054059444932919
Punto[1.         0.53643489 0.52168857] -> F: 0.4075469804314424
Punto[1.         0.53481691 0.52075947] -> F: 0.4096840157810814
Punto[1.         0.53319893 0.51983037] -> F: 0.4118251157270258
Punto[1.         0.53158094 0.51890127] -> F: 0.41397955636039757
Punto[1.         0.52996296 0.51797217] -> F: 0.41614733768119727
Punto[1.         0.52834498 0.51704307] -> F: 0.41832845968942517
Punto[1.         0.52672699 0.51611397] -> F: 0.42052292238508066
Punto[1.         0.52510901 0.51518487] -> F: 0.4227307257681638
Punto[1.         0.52349103 0.51425577] -> F: 0.42460965321001704
Punto[1.         0.52187304 0.51332667] -> F: 0.42581741637613646
Punto[1.         0.52025506 0.51239757] -> F: 0.4269111973075076
Punto[1.         0.51863708 0.51146847] -> F: 0.428010121869874
Punto[1.         0.51701909 0.51053936] -> F: 0.4291097822090941
Punto[1.         0.51540111 0.50961026] -> F: 0.42995212657331217
Punto[1.         0.51378313 0.50868116] -> F: 0.4307964954541785
Punto[1.         0.51216515 0.50775206] -> F: 0.43159452972162055
Punto[1.         0.51054716 0.50682296] -> F: 0.4323505350013588
Punto[1.         0.50892918 0.50589386] -> F: 0.4331080121190667
Punto[1.         0.5073112  0.50496476] -> F: 0.4338669610747447
Punto[1.         0.50569321 0.50403566] -> F: 0.43359822264699693
Punto[1.         0.50407523 0.50310656] -> F: 0.4326138858934652
Punto[1.         0.50245725 0.50217746] -> F: 0.431630570061038
Punto[1.         0.50083926 0.50124836] -> F: 0.430486076462349
Punto[1.         0.49922128 0.50031926] -> F: 0.4290519656376626
Punto[1.         0.4976033  0.49939016] -> F: 0.42763195853794017
Punto[1.         0.49598531 0.49846106] -> F: 0.4262514808896427
Punto[1.         0.49436733 0.49753196] -> F: 0.424914357175932
Punto[1.         0.49274935 0.49660286] -> F: 0.42357275799424293
Punto[1.         0.49113137 0.49567376] -> F: 0.42222836623456833
Punto[1.         0.48951338 0.49474466] -> F: 0.42091424271566497
Punto[1.         0.4878954  0.49381556] -> F: 0.41963038743753295
Punto[1.         0.48627742 0.49288645] -> F: 0.4183768004001726
Punto[1.         0.48465943 0.49195735] -> F: 0.41715348160358345
Punto[1.         0.48304145 0.49102825] -> F: 0.4159604310477659
Punto[1.         0.48142347 0.49009915] -> F: 0.4147976487327196
Punto[1.         0.47980548 0.48917005] -> F: 0.4135320918951107
Punto[1.         0.4781875  0.48824095] -> F: 0.4122207608271045
Punto[1.         0.47656952 0.48731185] -> F: 0.4109460590955434
Punto[1.         0.47495153 0.48638275] -> F: 0.4097079867004274
Punto[1.         0.47333355 0.48545365] -> F: 0.40850654364175637
Punto[1.         0.47171557 0.48452455] -> F: 0.40734172991953027
Punto[1.         0.47009758 0.48359545] -> F: 0.4062135455337494
Punto[1.         0.4684796  0.48266635] -> F: 0.4049592127648214
Punto[1.         0.46686162 0.48173725] -> F: 0.40365253875408247
Punto[1.         0.46524364 0.48080815] -> F: 0.40235441559405766
Punto[1.         0.46362565 0.47987905] -> F: 0.4010648432847474
Punto[1.         0.46200767 0.47894995] -> F: 0.39982257076493377
Punto[1.         0.46038969 0.47802085] -> F: 0.3986859450428612
{
  "seed": 12082,
  "n_per_z": 10,
  "nz": 100,
  "nd": 100,
  "n_muestras": 50,
  "best_f": 0.4338669610747447,
  "best_cp": [
    1.0,
    0.5073111958770168,
    0.5049647615220109
  ],
  "best_u": [
    -0.18738131458572474,
    0.7160565888972439,
    -0.6724218946769721
  ],
  "best_index": 24,
  "n_candidatos": 54
}
