Punto[0.         0.28854971 0.72243884] -> F: 0.06897392621158799
Punto[1.         0.47519567 0.48784282] -> F: 0.32168171328174855
Punto[2.         0.29620307 0.53965088] -> F: 0.09875054797071735
Punto[1.         0.29237639 0.63104486] -> F: 0.29359956469654613
Punto[1.         0.47153928 0.49070686] -> F: 0.3277457653012957
Punto[1.         0.46795603 0.49351362] -> F: 0.3347540843390212
Punto[1.         0.46437277 0.49632038] -> F: 0.339291530337282
Punto[1.         0.46078951 0.49912714] -> F: 0.34376792922169236
Punto[1.         0.45720625 0.5019339 ] -> F: 0.34825442689677255
Punto[1.         0.45362299 0.50474066] -> F: 0.35289789216242934
Punto[1.         0.45003974 0.50754742] -> F: 0.35769416039142354
Punto[1.         0.44645648 0.51035418] -> F: 0.3635036597182721
Punto[1.         0.44287322 0.51316094] -> F: 0.37039511541619113
Punto[1.         0.43928996 0.5159677 ] -> F: 0.37724961280711256
Punto[1.         0.43570671 0.51877446] -> F: 0.3822253613498879
Punto[1.         0.43212345 0.52158122] -> F: 0.3871374168874202
Punto[1.         0.42854019 0.52438798] -> F: 0.3921250750192055
Punto[1.         0.42495693 0.52719474] -> F: 0.3971772968579523
Punto[1.         0.42137367 0.5300015 ] -> F: 0.4028224007350645
Punto[1.         0.41779042 0.53280826] -> F: 0.4095275323684649
Punto[1.         0.41420716 0.53561502] -> F: 0.41055543503871045
Punto[1.         0.4106239  0.53842178] -> F: 0.40685372761864197
Punto[1.         0.40704064 0.54122854] -> F: 0.4031679497980506
Punto[1.         0.40345738 0.5440353 ] -> F: 0.3994981015769365
Punto[1.         0.39987413 0.54684206] -> F: 0.3958441829552997
Punto[1.         0.39629087 0.54964882] -> F: 0.39220619393314
Punto[1.         0.39270761 0.55245558] -> F: 0.3885841345104574
Punto[1.         0.38912435 0.55526234] -> F: 0.3849780046872523
Punto[1.         0.38554109 0.5580691 ] -> F: 0.3813878044635242
Punto[1.         0.38195784 0.56087586] -> F: 0.3778135338392733
Punto[1.         0.37837458 0.56368262] -> F: 0.3742551928144997
Punto[1.         0.37479132 0.56648938] -> F: 0.3707127813892033
Punto[1.         0.37120806 0.56929614] -> F: 0.3671862995633841
Punto[1.         0.36762481 0.5721029 ] -> F: 0.36367574733704205
Punto[1.         0.36404155 0.57490966] -> F: 0.3601811247101772
Punto[1.         0.36045829 0.57771642] -> F: 0.3567024316827896
Punto[1.         0.35687503 0.58052318] -> F: 0.3532396682548793
Punto[1.         0.35329177 0.58332994] -> F: 0.34979283442644604
Punto[1.         0.34970852 0.5861367 ] -> F: 0.34636193019749006
Punto[1.         0.34612526 0.58894346] -> F: 0.3429469555680113
Punto[1.         0.342542   0.59175022] -> F: 0.3395479105380098
Punto[1.         0.33895874 0.59455698] -> F: 0.3361647951074854
Punto[1.         0.33537548 0.59736374] -> F: 0.33279760927643826
Punto[1.         0.33179223 0.6001705 ] -> F: 0.32944385655647457
Punto[1.         0.32820897 0.60297726] -> F: 0.3261054904195652
Punto[1.         0.32462571 0.60578402] -> F: 0.3227830831125844
Punto[1.         0.32104245 0.60859078] -> F: 0.31947663463553216
Punto[1.         0.31745919 0.61139754] -> F: 0.3161861449884087
Punto[1.         0.31387594 0.6142043 ] -> F: 0.31291161417121377
Punto[1.         0.31029268 0.61701106] -> F: 0.3096530421839477
Punto[1.         0.30670942 0.61981782] -> F: 0.30641042902661003
Punto[1.         0.30312616 0.62262458] -> F: 0.30318377469920105
Punto[1.         0.29954291 0.62543134] -> F: 0.29997307920172084
Punto[1.         0.29595965 0.6282381 ] -> F: 0.2967783425341692
Best centerpoint:  [1.         0.41420716 0.53561502] Best F:  0.41055543503871045 Best u:  [-0.50904142 -0.66321313  0.54865762] índice:  17
{
  "seed": 17396,
  "n_per_z": 5,
  "nz": 100,
  "nd": 100,
  "n_muestras": 50,
  "best_f": 0.41055543503871045,
  "best_cp": [
    1.0,
    0.4142071579138863,
    0.5356150181774046
  ],
  "best_u": [
    -0.5090414157503713,
    -0.6632131304202145,
    0.5486576169972283
  ],
  "n_candidatos": 54
}
