Punto[0.         0.60877564 0.5700013 ] -> F: 0.1483470976648475
Punto[1.         0.4681243  0.47347106] -> F: 0.42060572378689937
Punto[2.         0.46634909 0.37739809] -> F: 0.1214972574876628
Punto[1.         0.53756237 0.4736997 ] -> F: 0.41217764987829875
Punto[1.         0.46951306 0.47347563] -> F: 0.4226390445644959
Punto[1.         0.47087405 0.47348012] -> F: 0.4246638851339749
Punto[1.         0.47223504 0.4734846 ] -> F: 0.4267205867976815
Punto[1.         0.47359602 0.47348908] -> F: 0.42880451325379626
Punto[1.         0.47495701 0.47349356] -> F: 0.43089064918062897
Punto[1.         0.47631799 0.47349804] -> F: 0.43247781844964395
Punto[1.         0.47767898 0.47350252] -> F: 0.4339730460146124
Punto[1.         0.47903997 0.473507  ] -> F: 0.43551250255475105
Punto[1.         0.48040095 0.47351148] -> F: 0.43709618807005973
Punto[1.         0.48176194 0.47351597] -> F: 0.438673300145047
Punto[1.         0.48312292 0.47352045] -> F: 0.4399878145141693
Punto[1.         0.48448391 0.47352493] -> F: 0.4413009294216221
Punto[1.         0.4858449  0.47352941] -> F: 0.44266224331051207
Punto[1.         0.48720588 0.47353389] -> F: 0.44425444458652347
Punto[1.         0.48856687 0.47353837] -> F: 0.4460945164882821
Punto[1.         0.48992786 0.47354285] -> F: 0.4473284540823661
Punto[1.         0.49128884 0.47354733] -> F: 0.4465497235992306
Punto[1.         0.49264983 0.47355182] -> F: 0.44577208004356966
Punto[1.         0.49401081 0.4735563 ] -> F: 0.4449955234153833
Punto[1.         0.4953718  0.47356078] -> F: 0.44422005371467127
Punto[1.         0.49673279 0.47356526] -> F: 0.4434456709414339
Punto[1.         0.49809377 0.47356974] -> F: 0.4426723750956709
Punto[1.         0.49945476 0.47357422] -> F: 0.44190016617738237
Punto[1.         0.50081574 0.4735787 ] -> F: 0.44112904418656845
Punto[1.         0.50217673 0.47358318] -> F: 0.4403590091232289
Punto[1.         0.50353772 0.47358767] -> F: 0.4395860781577671
Punto[1.         0.5048987  0.47359215] -> F: 0.4388105426754864
Punto[1.         0.50625969 0.47359663] -> F: 0.4378621726097669
Punto[1.         0.50762067 0.47360111] -> F: 0.43684897441936776
Punto[1.         0.50898166 0.47360559] -> F: 0.43584129385191134
Punto[1.         0.51034265 0.47361007] -> F: 0.4348391309073977
Punto[1.         0.51170363 0.47361455] -> F: 0.4338424855858265
Punto[1.         0.51306462 0.47361903] -> F: 0.4328513578871981
Punto[1.         0.5144256  0.47362351] -> F: 0.4318573133935228
Punto[1.         0.51578659 0.473628  ] -> F: 0.4308521370121579
Punto[1.         0.51714758 0.47363248] -> F: 0.4298521324514351
Punto[1.         0.51850856 0.47363696] -> F: 0.4286751273761138
Punto[1.         0.51986955 0.47364144] -> F: 0.4274796745466918
Punto[1.         0.52123053 0.47364592] -> F: 0.4262902049932427
Punto[1.         0.52259152 0.4736504 ] -> F: 0.42510671871576644
Punto[1.         0.52395251 0.47365488] -> F: 0.4239292157142632
Punto[1.         0.52531349 0.47365936] -> F: 0.4227576959887326
Punto[1.         0.52667448 0.47366385] -> F: 0.4215828344146336
Punto[1.         0.52803546 0.47366833] -> F: 0.4203999236983098
Punto[1.         0.52939645 0.47367281] -> F: 0.41922253060492864
Punto[1.         0.53075744 0.47367729] -> F: 0.4180506551344902
Punto[1.         0.53211842 0.47368177] -> F: 0.4168842972869944
Punto[1.         0.53347941 0.47368625] -> F: 0.4157234570624413
Punto[1.         0.53484039 0.47369073] -> F: 0.41455786114381293
Punto[1.         0.53620138 0.47369521] -> F: 0.41338229151740213
{
  "seed": 8066,
  "n_per_z": 10,
  "nz": 100,
  "nd": 100,
  "n_muestras": 50,
  "best_f": 0.4473284540823661,
  "best_cp": [
    1.0,
    0.48992785519295956,
    0.47354285292318327
  ],
  "best_u": [
    0.4539904997395467,
    0.8892483263439624,
    -0.05594676255779553
  ],
  "best_index": 19,
  "n_candidatos": 54
}
