Punto[0.         0.67072354 0.59420291] -> F: 0.046626413678946946
Punto[1.        0.486751  0.4513219] -> F: 0.32176335576985726
Punto[2.         0.45175291 0.55651288] -> F: 0.1582319354226768
Punto[1.         0.56123823 0.57535789] -> F: 0.23574952469304292
Punto[1.         0.48824074 0.45380262] -> F: 0.32475304467340743
Punto[1.         0.48970069 0.45623372] -> F: 0.3273863455431496
Punto[1.         0.49116064 0.45866483] -> F: 0.33011790691987297
Punto[1.         0.49262059 0.46109593] -> F: 0.3327137307522164
Punto[1.         0.49408054 0.46352704] -> F: 0.3352617318584258
Punto[1.         0.49554049 0.46595814] -> F: 0.3377378044328157
Punto[1.         0.49700044 0.46838925] -> F: 0.34020191398291544
Punto[1.         0.49846039 0.47082036] -> F: 0.3426682866305049
Punto[1.         0.49992034 0.47325146] -> F: 0.34091493326117317
Punto[1.         0.50138029 0.47568257] -> F: 0.338306845727143
Punto[1.         0.50284024 0.47811367] -> F: 0.33571117848491866
Punto[1.         0.50430019 0.48054478] -> F: 0.3331279315345006
Punto[1.         0.50576014 0.48297588] -> F: 0.33055710487588863
Punto[1.         0.50722009 0.48540699] -> F: 0.32799869850908264
Punto[1.         0.50868004 0.48783809] -> F: 0.32545271243408264
Punto[1.         0.51013999 0.4902692 ] -> F: 0.3228860033644744
Punto[1.         0.51159994 0.4927003 ] -> F: 0.32033075585953785
Punto[1.         0.51305989 0.49513141] -> F: 0.317788269427843
Punto[1.         0.51451984 0.49756252] -> F: 0.3152585440693898
Punto[1.         0.51597979 0.49999362] -> F: 0.31274157978417805
Punto[1.         0.51743974 0.50242473] -> F: 0.3102373765722078
Punto[1.         0.51889969 0.50485583] -> F: 0.3077280662269452
Punto[1.         0.52035964 0.50728694] -> F: 0.30521492275986417
Punto[1.         0.52181959 0.50971804] -> F: 0.3027148995960846
Punto[1.         0.52327954 0.51214915] -> F: 0.3002279967356068
Punto[1.         0.52473948 0.51458025] -> F: 0.29775421417843073
Punto[1.         0.52619943 0.51701136] -> F: 0.29529355192455614
Punto[1.         0.52765938 0.51944247] -> F: 0.2928312213437261
Punto[1.         0.52911933 0.52187357] -> F: 0.29036199301632437
Punto[1.         0.53057928 0.52430468] -> F: 0.2879062647823076
Punto[1.         0.53203923 0.52673578] -> F: 0.2854640366416753
Punto[1.         0.53349918 0.52916689] -> F: 0.2830353085944279
Punto[1.         0.53495913 0.53159799] -> F: 0.2806200806405652
Punto[1.         0.53641908 0.5340291 ] -> F: 0.27819550184611264
Punto[1.         0.53787903 0.5364602 ] -> F: 0.275772140454841
Punto[1.         0.53933898 0.53889131] -> F: 0.2733626819463349
Punto[1.         0.54079893 0.54132242] -> F: 0.270967126320594
Punto[1.         0.54225888 0.54375352] -> F: 0.2684784596037335
Punto[1.         0.54371883 0.54618463] -> F: 0.26597240447657094
Punto[1.         0.54517878 0.54861573] -> F: 0.2635490971291094
Punto[1.         0.54663873 0.55104684] -> F: 0.261175291885234
Punto[1.         0.54809868 0.55347794] -> F: 0.2588099080012632
Punto[1.         0.54955863 0.55590905] -> F: 0.25645294547719705
Punto[1.         0.55101858 0.55834015] -> F: 0.25410440431303527
Punto[1.         0.55247853 0.56077126] -> F: 0.25176256383274287
Punto[1.         0.55393848 0.56320237] -> F: 0.24942274318427615
Punto[1.         0.55539843 0.56563347] -> F: 0.24709129632765386
Punto[1.         0.55685838 0.56806458] -> F: 0.24435508135477674
Punto[1.         0.55831833 0.57049568] -> F: 0.24130573869230398
Punto[1.         0.55977828 0.57292679] -> F: 0.2383332216688649
Best centerpoint:  [1.         0.49846039 0.47082036] Best F:  0.3426682866305049 Best u:  [-0.09410831  0.1557402  -0.98330494] índice:  8
{
  "seed": 18374,
  "n_per_z": 5,
  "nz": 100,
  "nd": 100,
  "n_muestras": 50,
  "best_f": 0.3426682866305049,
  "best_cp": [
    1.0,
    0.4984603897781674,
    0.47082035519727206
  ],
  "best_u": [
    -0.09410831331851428,
    0.15574020334708402,
    -0.9833049447784513
  ],
  "n_candidatos": 54
}
