Punto[0.         0.50740947 0.3925409 ] -> F: 0.14330596511198787
Punto[1.         0.53007511 0.40492136] -> F: 0.4533622868898114
Punto[2.         0.55615942 0.4021849 ] -> F: 0.1654940902612865
Punto[1.         0.53178445 0.3973629 ] -> F: 0.45255270562202765
Punto[1.        0.5301093 0.4047702] -> F: 0.45355973805142286
Punto[1.         0.5301428  0.40462205] -> F: 0.45375327245128794
Punto[1.         0.53017631 0.4044739 ] -> F: 0.4539468387867658
Punto[1.         0.53020981 0.40432576] -> F: 0.4541404370578562
Punto[1.         0.53024331 0.40417761] -> F: 0.45433406726455927
Punto[1.         0.53027682 0.40402947] -> F: 0.4545277294068748
Punto[1.         0.53031032 0.40388132] -> F: 0.454721423484803
Punto[1.         0.53034382 0.40373317] -> F: 0.4549151494983438
Punto[1.         0.53037732 0.40358503] -> F: 0.4551089074474971
Punto[1.         0.53041083 0.40343688] -> F: 0.4553026973322631
Punto[1.         0.53044433 0.40328874] -> F: 0.4554953778613996
Punto[1.         0.53047783 0.40314059] -> F: 0.45568799456576853
Punto[1.         0.53051134 0.40299244] -> F: 0.45588064260982875
Punto[1.         0.53054484 0.4028443 ] -> F: 0.45607332199357997
Punto[1.         0.53057834 0.40269615] -> F: 0.4562660327170226
Punto[1.         0.53061184 0.40254801] -> F: 0.45645877478015623
Punto[1.         0.53064535 0.40239986] -> F: 0.4566515481829811
Punto[1.         0.53067885 0.40225171] -> F: 0.456844352925497
Punto[1.         0.53071235 0.40210357] -> F: 0.45703718900770424
Punto[1.         0.53074586 0.40195542] -> F: 0.4572300564296026
Punto[1.         0.53077936 0.40180728] -> F: 0.4572854993554518
Punto[1.         0.53081286 0.40165913] -> F: 0.45712702838068825
Punto[1.         0.53084637 0.40151098] -> F: 0.4569696357392477
Punto[1.         0.53087987 0.40136284] -> F: 0.4568133214311304
Punto[1.         0.53091337 0.40121469] -> F: 0.4566580854563358
Punto[1.         0.53094687 0.40106655] -> F: 0.4565039278148644
Punto[1.         0.53098038 0.4009184 ] -> F: 0.45635077699410465
Punto[1.         0.53101388 0.40077026] -> F: 0.4561888376946766
Punto[1.         0.53104738 0.40062211] -> F: 0.4560272189453002
Punto[1.         0.53108089 0.40047396] -> F: 0.455865920745975
Punto[1.         0.53111439 0.40032582] -> F: 0.4557049430967012
Punto[1.         0.53114789 0.40017767] -> F: 0.455544285997479
Punto[1.         0.53118139 0.40002953] -> F: 0.4553839494483082
Punto[1.         0.5312149  0.39988138] -> F: 0.4552239334491889
Punto[1.         0.5312484  0.39973323] -> F: 0.4550642380001208
Punto[1.         0.5312819  0.39958509] -> F: 0.45490486310110423
Punto[1.         0.53131541 0.39943694] -> F: 0.4547458087521391
Punto[1.         0.53134891 0.3992888 ] -> F: 0.4545870749532254
Punto[1.         0.53138241 0.39914065] -> F: 0.45442866170436313
Punto[1.         0.53141592 0.3989925 ] -> F: 0.4542705690055523
Punto[1.         0.53144942 0.39884436] -> F: 0.454112796856793
Punto[1.         0.53148292 0.39869621] -> F: 0.453955345258085
Punto[1.         0.53151642 0.39854807] -> F: 0.45379821420942845
Punto[1.         0.53154993 0.39839992] -> F: 0.4536414037108233
Punto[1.         0.53158343 0.39825177] -> F: 0.45348491376226974
Punto[1.         0.53161693 0.39810363] -> F: 0.45332874436376747
Punto[1.         0.53165044 0.39795548] -> F: 0.45317289551531664
Punto[1.         0.53168394 0.39780734] -> F: 0.4530173672169172
Punto[1.         0.53171744 0.39765919] -> F: 0.4528621594685692
Punto[1.         0.53175094 0.39751104] -> F: 0.4527072722702727
{
  "seed": 17219,
  "n_per_z": 10,
  "nz": 100,
  "nd": 100,
  "n_muestras": 50,
  "best_f": 0.4572854993554518,
  "best_cp": [
    1.0,
    0.5307793593473358,
    0.4018072766187531
  ],
  "best_u": [
    -0.30901699437494745,
    0.1191989884896739,
    -0.9435571515973541
  ],
  "best_index": 24,
  "n_candidatos": 54
}
