Punto[0.         0.55856425 0.40829411] -> F: 0.16962838927727333
Punto[1.         0.51372339 0.51655289] -> F: 0.4274416460800991
Punto[2.         0.36684259 0.56336673] -> F: 0.11323301068290174
Punto[1.         0.46270342 0.48583042] -> F: 0.4182109627444673
Punto[1.         0.51270299 0.51593844] -> F: 0.42901450895026355
Punto[1.         0.51170299 0.51533628] -> F: 0.43054889514451805
Punto[1.         0.510703   0.51473412] -> F: 0.4320857705923487
Punto[1.         0.50970301 0.51413196] -> F: 0.4336251352937555
Punto[1.         0.50870302 0.5135298 ] -> F: 0.4351669594578208
Punto[1.         0.50770303 0.51292764] -> F: 0.4366969031084715
Punto[1.         0.50670304 0.51232548] -> F: 0.4382123349392167
Punto[1.         0.50570305 0.51172332] -> F: 0.4397300933206402
Punto[1.         0.50470306 0.51112116] -> F: 0.4412501782527415
Punto[1.         0.50370306 0.510519  ] -> F: 0.4414910340345616
Punto[1.         0.50270307 0.50991683] -> F: 0.4409137324958401
Punto[1.         0.50170308 0.50931467] -> F: 0.4403372501160439
Punto[1.         0.50070309 0.50871251] -> F: 0.43976158689517353
Punto[1.         0.4997031  0.50811035] -> F: 0.43918674283322856
Punto[1.         0.49870311 0.50750819] -> F: 0.43861271793020906
Punto[1.         0.49770312 0.50690603] -> F: 0.4380395121861152
Punto[1.         0.49670313 0.50630387] -> F: 0.4374671256009468
Punto[1.         0.49570313 0.50570171] -> F: 0.4368955581747041
Punto[1.         0.49470314 0.50509955] -> F: 0.4363248099073867
Punto[1.         0.49370315 0.50449739] -> F: 0.43575488079899494
Punto[1.         0.49270316 0.50389523] -> F: 0.4351857708495288
Punto[1.         0.49170317 0.50329307] -> F: 0.43461748005898815
Punto[1.         0.49070318 0.50269091] -> F: 0.43405000842737296
Punto[1.         0.48970319 0.50208875] -> F: 0.4334833559546834
Punto[1.         0.4887032  0.50148659] -> F: 0.4329175226409193
Punto[1.         0.4877032  0.50088443] -> F: 0.4323525084860808
Punto[1.         0.48670321 0.50028227] -> F: 0.4317883134901678
Punto[1.         0.48570322 0.49968011] -> F: 0.4312180506864005
Punto[1.         0.48470323 0.49907795] -> F: 0.43064536167690765
Punto[1.         0.48370324 0.49847579] -> F: 0.43007352165273144
Punto[1.         0.48270325 0.49787363] -> F: 0.4295025306138717
Punto[1.         0.48170326 0.49727147] -> F: 0.42893238856032856
Punto[1.         0.48070327 0.49666931] -> F: 0.4283630954921019
Punto[1.         0.47970327 0.49606715] -> F: 0.42779465140919176
Punto[1.         0.47870328 0.49546499] -> F: 0.4272270563115982
Punto[1.         0.47770329 0.49486283] -> F: 0.4266603101993211
Punto[1.         0.4767033  0.49426066] -> F: 0.4260944130723606
Punto[1.         0.47570331 0.4936585 ] -> F: 0.42552936493071664
Punto[1.         0.47470332 0.49305634] -> F: 0.42496516577438914
Punto[1.         0.47370333 0.49245418] -> F: 0.4244018156033782
Punto[1.         0.47270334 0.49185202] -> F: 0.42383931441768385
Punto[1.         0.47170334 0.49124986] -> F: 0.423277662217306
Punto[1.         0.47070335 0.4906477 ] -> F: 0.42271685900224465
Punto[1.         0.46970336 0.49004554] -> F: 0.4221569047724999
Punto[1.         0.46870337 0.48944338] -> F: 0.4215977995280716
Punto[1.         0.46770338 0.48884122] -> F: 0.42103949691306825
Punto[1.         0.46670339 0.48823906] -> F: 0.42047203022097446
Punto[1.        0.4657034 0.4876369] -> F: 0.4199054434580676
Punto[1.         0.4647034  0.48703474] -> F: 0.4193397366243473
Punto[1.         0.46370341 0.48643258] -> F: 0.41877490971981396
{
  "seed": 18734,
  "n_per_z": 10,
  "nz": 100,
  "nd": 100,
  "n_muestras": 50,
  "best_f": 0.4414910340345616,
  "best_cp": [
    1.0,
    0.5037030644452755,
    0.5105189952664851
  ],
  "best_u": [
    0.48175367410171543,
    -0.32259000460574255,
    -0.8147693455315836
  ],
  "best_index": 13,
  "n_candidatos": 54
}
