Punto[0.         0.35116438 0.49719467] -> F: 0.14326039735296925
Punto[1.         0.42800206 0.47534634] -> F: 0.39220341507640055
Punto[2.         0.61447189 0.42616185] -> F: 0.10477918573926287
Punto[1.         0.48281813 0.46167826] -> F: 0.39459401620206636
Punto[1.         0.42909838 0.47507298] -> F: 0.39370989595973815
Punto[1.         0.43017277 0.47480509] -> F: 0.3951898027233398
Punto[1.         0.43124717 0.47453719] -> F: 0.396673229070752
Punto[1.         0.43232156 0.4742693 ] -> F: 0.3981509029865382
Punto[1.         0.43339596 0.4740014 ] -> F: 0.3996116573613183
Punto[1.         0.43447035 0.47373351] -> F: 0.401075758457568
Punto[1.         0.43554475 0.47346561] -> F: 0.40254320627528745
Punto[1.         0.43661914 0.47319772] -> F: 0.4040089277250171
Punto[1.         0.43769354 0.47292983] -> F: 0.4054536726411877
Punto[1.         0.43876793 0.47266193] -> F: 0.40690160738722014
Punto[1.         0.43984233 0.47239404] -> F: 0.4083527319631142
Punto[1.         0.44091672 0.47212614] -> F: 0.40980530296037987
Punto[1.         0.44199112 0.47185825] -> F: 0.4112336922314557
Punto[1.         0.44306551 0.47159035] -> F: 0.41266512800873845
Punto[1.         0.44413991 0.47132246] -> F: 0.41409961029222814
Punto[1.         0.44521431 0.47105457] -> F: 0.41553713908192474
Punto[1.         0.4462887  0.47078667] -> F: 0.41694992230436023
Punto[1.         0.4473631  0.47051878] -> F: 0.4183645421573147
Punto[1.         0.44843749 0.47025088] -> F: 0.41978207682829694
Punto[1.         0.44951189 0.46998299] -> F: 0.42120252631730704
Punto[1.         0.45058628 0.46971509] -> F: 0.4226009531498325
Punto[1.         0.45166068 0.4694472 ] -> F: 0.4239984465737171
Punto[1.         0.45273507 0.46917931] -> F: 0.4253987331920515
Punto[1.         0.45380947 0.46891141] -> F: 0.4268018130048354
Punto[1.         0.45488386 0.46864352] -> F: 0.4281857122361685
Punto[1.         0.45595826 0.46837562] -> F: 0.42705421418813694
Punto[1.         0.45703265 0.46810773] -> F: 0.42546147704289167
Punto[1.         0.45810705 0.46783983] -> F: 0.4238976152866615
Punto[1.         0.45918144 0.46757194] -> F: 0.4223626289194466
Punto[1.         0.46025584 0.46730404] -> F: 0.42085651794124657
Punto[1.         0.46133023 0.46703615] -> F: 0.4193792823520616
Punto[1.         0.46240463 0.46676826] -> F: 0.41791932433033857
Punto[1.         0.46347902 0.46650036] -> F: 0.4162027868156327
Punto[1.         0.46455342 0.46623247] -> F: 0.41458281613338877
Punto[1.         0.46562781 0.46596457] -> F: 0.4130805819703424
Punto[1.         0.46670221 0.46569668] -> F: 0.411696084326494
Punto[1.         0.4677766  0.46542878] -> F: 0.4104293232018432
Punto[1.         0.468851   0.46516089] -> F: 0.4092802985963904
Punto[1.         0.46992539 0.464893  ] -> F: 0.4081971270570187
Punto[1.         0.47099979 0.4646251 ] -> F: 0.40711413262088647
Punto[1.         0.47207418 0.46435721] -> F: 0.4060310934411428
Punto[1.         0.47314858 0.46408931] -> F: 0.40494800951778787
Punto[1.         0.47422297 0.46382142] -> F: 0.4038648808508215
Punto[1.         0.47529737 0.46355352] -> F: 0.4027817074402438
Punto[1.         0.47637176 0.46328563] -> F: 0.40169848928605456
Punto[1.         0.47744616 0.46301773] -> F: 0.40061522638825414
Punto[1.         0.47852055 0.46274984] -> F: 0.39953191874684224
Punto[1.         0.47959495 0.46248195] -> F: 0.398448566361819
Punto[1.         0.48066934 0.46221405] -> F: 0.3973651692331844
Punto[1.         0.48174374 0.46194616] -> F: 0.39618913914167786
Best centerpoint:  [1.         0.45488386 0.46864352] Best F:  0.4281857122361685 Best u:  [ 0.27899111 -0.72032692  0.63505361] índice:  25
{
  "seed": 10264,
  "n_per_z": 5,
  "nz": 100,
  "nd": 100,
  "n_muestras": 50,
  "best_f": 0.4281857122361685,
  "best_cp": [
    1.0,
    0.45488386131668335,
    0.46864351635167234
  ],
  "best_u": [
    0.2789911060392295,
    -0.7203269237225081,
    0.6350536085335438
  ],
  "n_candidatos": 54
}
