Punto[0.         0.59002008 0.45336718] -> F: 0.1334707737794556
Punto[1.         0.55217708 0.49246055] -> F: 0.38212307401602075
Punto[2.         0.5015558  0.64632822] -> F: 0.12921280005777258
Punto[1.         0.54578794 0.5498477 ] -> F: 0.42248464000450353
Punto[1.        0.5520493 0.4936083] -> F: 0.3840094182528735
Punto[1.         0.55192407 0.49473308] -> F: 0.38586974500437143
Punto[1.         0.55179884 0.49585787] -> F: 0.3877416628784897
Punto[1.         0.55167362 0.49698266] -> F: 0.38962517187522877
Punto[1.         0.55154839 0.49810745] -> F: 0.3913625948595957
Punto[1.         0.55142316 0.49923224] -> F: 0.39310134485220144
Punto[1.         0.55129793 0.50035702] -> F: 0.3948719999321155
Punto[1.         0.55117271 0.50148181] -> F: 0.39667456009933777
Punto[1.         0.55104748 0.5026066 ] -> F: 0.3985090253538686
Punto[1.         0.55092225 0.50373139] -> F: 0.4003753956957076
Punto[1.         0.55079703 0.50485618] -> F: 0.4022736711248551
Punto[1.         0.5506718  0.50598096] -> F: 0.40405048389077064
Punto[1.         0.55054657 0.50710575] -> F: 0.4058164495558109
Punto[1.         0.55042134 0.50823054] -> F: 0.4075991362056455
Punto[1.         0.55029612 0.50935533] -> F: 0.4093985438402738
Punto[1.         0.55017089 0.51048012] -> F: 0.4112146724596962
Punto[1.         0.55004566 0.5116049 ] -> F: 0.4130475220639127
Punto[1.         0.54992044 0.51272969] -> F: 0.414897092652923
Punto[1.         0.54979521 0.51385448] -> F: 0.4167633842267273
Punto[1.         0.54966998 0.51497927] -> F: 0.41864639678532584
Punto[1.         0.54954476 0.51610406] -> F: 0.4204606288011584
Punto[1.         0.54941953 0.51722884] -> F: 0.422254303927671
Punto[1.         0.5492943  0.51835363] -> F: 0.4240594758396635
Punto[1.         0.54916907 0.51947842] -> F: 0.42587614453713674
Punto[1.         0.54904385 0.52060321] -> F: 0.42770431002009013
Punto[1.         0.54891862 0.521728  ] -> F: 0.42954397228852403
Punto[1.         0.54879339 0.52285279] -> F: 0.43139513134243807
Punto[1.         0.54866817 0.52397757] -> F: 0.43325778718183233
Punto[1.         0.54854294 0.52510236] -> F: 0.4351319398067071
Punto[1.         0.54841771 0.52622715] -> F: 0.437017589217062
Punto[1.         0.54829248 0.52735194] -> F: 0.4388248346391321
Punto[1.         0.54816726 0.52847673] -> F: 0.44063821663789515
Punto[1.         0.54804203 0.52960151] -> F: 0.4424605040885804
Punto[1.        0.5479168 0.5307263] -> F: 0.44419461267547466
Punto[1.         0.54779158 0.53185109] -> F: 0.44256316767836984
Punto[1.         0.54766635 0.53297588] -> F: 0.4409315451240324
Punto[1.         0.54754112 0.53410067] -> F: 0.43930280668188126
Punto[1.         0.54741589 0.53522545] -> F: 0.4377229751986676
Punto[1.         0.54729067 0.53635024] -> F: 0.4362075008685825
Punto[1.         0.54716544 0.53747503] -> F: 0.43475638369162645
Punto[1.         0.54704021 0.53859982] -> F: 0.43336962366779874
Punto[1.         0.54691499 0.53972461] -> F: 0.43204722079710006
Punto[1.         0.54678976 0.54084939] -> F: 0.43078917507952974
Punto[1.         0.54666453 0.54197418] -> F: 0.4295954865150883
Punto[1.         0.5465393  0.54309897] -> F: 0.42846615510377545
Punto[1.         0.54641408 0.54422376] -> F: 0.4274011808455915
Punto[1.         0.54628885 0.54534855] -> F: 0.42640007701497207
Punto[1.         0.54616362 0.54647333] -> F: 0.42542304119083557
Punto[1.         0.5460384  0.54759812] -> F: 0.42444478974771227
Punto[1.         0.54591317 0.54872291] -> F: 0.42346532268560144
{
  "seed": 13692,
  "n_per_z": 10,
  "nz": 100,
  "nd": 100,
  "n_muestras": 50,
  "best_f": 0.44419461267547466,
  "best_cp": [
    1.0,
    0.5479168028865711,
    0.5307263016691637
  ],
  "best_u": [
    0.09410831331851428,
    -0.6815090616417181,
    0.725733438849671
  ],
  "best_index": 37,
  "n_candidatos": 54
}
