Punto[0.         0.44571834 0.50981574] -> F: 0.16132914175616286
Punto[1.         0.45118933 0.54018132] -> F: 0.46231238345028597
Punto[2.         0.41662559 0.62483005] -> F: 0.13717588721465043
Punto[1.         0.43117197 0.5673229 ] -> F: 0.4592875881665569
Punto[1.         0.45078898 0.54072415] -> F: 0.4633937220313834
Punto[1.         0.45039664 0.54125613] -> F: 0.46424030625724094
Punto[1.        0.4500043 0.5417881] -> F: 0.4646394336617178
Punto[1.         0.44961196 0.54232008] -> F: 0.46503898811771527
Punto[1.         0.44921962 0.54285205] -> F: 0.4654389696252336
Punto[1.         0.44882728 0.54338403] -> F: 0.46583937818427285
Punto[1.         0.44843494 0.543916  ] -> F: 0.46624021379483305
Punto[1.         0.4480426  0.54444798] -> F: 0.46664147645691434
Punto[1.         0.44765026 0.54497995] -> F: 0.46704316617051617
Punto[1.         0.44725792 0.54551193] -> F: 0.46744528293563914
Punto[1.         0.44686558 0.5460439 ] -> F: 0.4678478267522828
Punto[1.         0.44647324 0.54657588] -> F: 0.4682507976204476
Punto[1.         0.4460809  0.54710785] -> F: 0.46865419554013305
Punto[1.         0.44568856 0.54763983] -> F: 0.46905802051133955
Punto[1.         0.44529622 0.5481718 ] -> F: 0.4694622725340668
Punto[1.         0.44490388 0.54870378] -> F: 0.4693416096647565
Punto[1.         0.44451154 0.54923575] -> F: 0.4690816712823416
Punto[1.         0.4441192  0.54976773] -> F: 0.4688217873122323
Punto[1.         0.44372686 0.5502997 ] -> F: 0.46856195775442866
Punto[1.         0.44333452 0.55083168] -> F: 0.4683005889106825
Punto[1.         0.44294218 0.55136365] -> F: 0.46803659786800805
Punto[1.         0.44254984 0.55189563] -> F: 0.4677726630419733
Punto[1.        0.4421575 0.5524276] -> F: 0.46750878443257826
Punto[1.         0.44176516 0.55295958] -> F: 0.4672449620398229
Punto[1.         0.44137282 0.55349155] -> F: 0.4669811958637073
Punto[1.         0.44098048 0.55402353] -> F: 0.4667147243275884
Punto[1.         0.44058814 0.5545555 ] -> F: 0.4664468241939233
Punto[1.         0.4401958  0.55508747] -> F: 0.46617898210278264
Punto[1.         0.43980346 0.55561945] -> F: 0.4659111980541663
Punto[1.         0.43941111 0.55615142] -> F: 0.46564347204807444
Punto[1.         0.43901877 0.5566834 ] -> F: 0.46537580408450685
Punto[1.         0.43862643 0.55721537] -> F: 0.4651041024370658
Punto[1.         0.43823409 0.55774735] -> F: 0.46483231948787185
Punto[1.         0.43784175 0.55827932] -> F: 0.46456059643209197
Punto[1.         0.43744941 0.5588113 ] -> F: 0.464288933269726
Punto[1.         0.43705707 0.55934327] -> F: 0.4640173300007743
Punto[1.         0.43666473 0.55987525] -> F: 0.4637444710866319
Punto[1.         0.43627239 0.56040722] -> F: 0.4634687614812181
Punto[1.         0.43588005 0.5609392 ] -> F: 0.4631931136487713
Punto[1.         0.43548771 0.56147117] -> F: 0.46291752758929144
Punto[1.         0.43509537 0.56200315] -> F: 0.46264200330277844
Punto[1.         0.43470303 0.56253512] -> F: 0.46236654078923267
Punto[1.         0.43431069 0.5630671 ] -> F: 0.4620882960917217
Punto[1.         0.43391835 0.56359907] -> F: 0.461808729337089
Punto[1.         0.43352601 0.56413105] -> F: 0.46152922626753073
Punto[1.         0.43313367 0.56466302] -> F: 0.4612497868830471
Punto[1.         0.43274133 0.565195  ] -> F: 0.46097041118363774
Punto[1.         0.43234899 0.56572697] -> F: 0.4606909330844374
Punto[1.         0.43195665 0.56625895] -> F: 0.460247925944953
Punto[1.         0.43156431 0.56679092] -> F: 0.4597680947796742
{
  "seed": 1919,
  "n_per_z": 10,
  "nz": 100,
  "nd": 100,
  "n_muestras": 50,
  "best_f": 0.4694622725340668,
  "best_cp": [
    1.0,
    0.4452962198166678,
    0.5481718010177689
  ],
  "best_u": [
    0.2789911060392295,
    0.9371667042360675,
    0.2094815772862009
  ],
  "best_index": 18,
  "n_candidatos": 54
}
