Punto[0.         0.34429325 0.44889523] -> F: 0.118501819344342
Punto[1.         0.38596873 0.5093919 ] -> F: 0.4040393798296479
Punto[2.         0.33343565 0.59407475] -> F: 0.11862673856243608
Punto[1.         0.33886445 0.52148499] -> F: 0.43479393925039583
Punto[1.         0.38502665 0.50963376] -> F: 0.4058578290627081
Punto[1.         0.3841034  0.50987078] -> F: 0.40765141613135775
Punto[1.         0.38318016 0.51010781] -> F: 0.4094563937897502
Punto[1.         0.38225692 0.51034483] -> F: 0.4112727620378855
Punto[1.         0.38133367 0.51058186] -> F: 0.4130779481498667
Punto[1.         0.38041043 0.51081888] -> F: 0.4148246675630656
Punto[1.         0.37948718 0.51105591] -> F: 0.416581288428564
Punto[1.         0.37856394 0.51129293] -> F: 0.41834781074636246
Punto[1.         0.3776407  0.51152996] -> F: 0.4201242345164607
Punto[1.         0.37671745 0.51176698] -> F: 0.4219105597388586
Punto[1.         0.37579421 0.51200401] -> F: 0.4237067864135561
Punto[1.         0.37487096 0.51224103] -> F: 0.4255129145405534
Punto[1.         0.37394772 0.51247805] -> F: 0.4273289289529318
Punto[1.         0.37302448 0.51271508] -> F: 0.4291535790454017
Punto[1.         0.37210123 0.5129521 ] -> F: 0.4309860688712803
Punto[1.         0.37117799 0.51318913] -> F: 0.43282639843056747
Punto[1.         0.37025474 0.51342615] -> F: 0.4346745677232631
Punto[1.         0.3693315  0.51366318] -> F: 0.43644930180003116
Punto[1.         0.36840826 0.5139002 ] -> F: 0.43805446645821894
Punto[1.         0.36748501 0.51413723] -> F: 0.4396580885304483
Punto[1.         0.36656177 0.51437425] -> F: 0.44127087455730374
Punto[1.         0.36563852 0.51461128] -> F: 0.4428568933217912
Punto[1.         0.36471528 0.5148483 ] -> F: 0.4443991559894882
Punto[1.         0.36379204 0.51508532] -> F: 0.4459492583905938
Punto[1.         0.36286879 0.51532235] -> F: 0.44750720052510784
Punto[1.         0.36194555 0.51555937] -> F: 0.4490729823930307
Punto[1.         0.36102231 0.5157964 ] -> F: 0.4506466039943619
Punto[1.         0.36009906 0.51603342] -> F: 0.4522248099698236
Punto[1.         0.35917582 0.51627045] -> F: 0.45374646201370394
Punto[1.         0.35825257 0.51650747] -> F: 0.4552751987739239
Punto[1.         0.35732933 0.5167445 ] -> F: 0.4549804324173951
Punto[1.         0.35640609 0.51698152] -> F: 0.45401663501985207
Punto[1.         0.35548284 0.51721855] -> F: 0.45305647458996506
Punto[1.         0.3545596  0.51745557] -> F: 0.45209995112773393
Punto[1.         0.35363635 0.5176926 ] -> F: 0.45114706463315857
Punto[1.         0.35271311 0.51792962] -> F: 0.4501978151062395
Punto[1.         0.35178987 0.51816664] -> F: 0.44925220254697595
Punto[1.         0.35086662 0.51840367] -> F: 0.44831022695536854
Punto[1.         0.34994338 0.51864069] -> F: 0.44737188833141694
Punto[1.         0.34902013 0.51887772] -> F: 0.44643718667512144
Punto[1.         0.34809689 0.51911474] -> F: 0.44550612198648154
Punto[1.         0.34717365 0.51935177] -> F: 0.44457431581636775
Punto[1.         0.3462504  0.51958879] -> F: 0.44347774917728605
Punto[1.         0.34532716 0.51982582] -> F: 0.44238364707114236
Punto[1.         0.34440391 0.52006284] -> F: 0.44129200949793634
Punto[1.         0.34348067 0.52029987] -> F: 0.4402028364576683
Punto[1.         0.34255743 0.52053689] -> F: 0.439116127950338
Punto[1.         0.34163418 0.52077391] -> F: 0.4380318839759457
Punto[1.         0.34071094 0.52101094] -> F: 0.4369501045344913
Punto[1.         0.33978769 0.52124796] -> F: 0.4358707896259748
Best centerpoint:  [1.         0.35825257 0.51650747] Best F:  0.4552751987739239 Best u:  [-0.12533323  0.91051786 -0.39401626] índice:  30
{
  "seed": 9436,
  "n_per_z": 5,
  "nz": 100,
  "nd": 100,
  "n_muestras": 50,
  "best_f": 0.4552751987739239,
  "best_cp": [
    1.0,
    0.35825257309095937,
    0.5165074722090356
  ],
  "best_u": [
    -0.12533323356430448,
    0.910517856340443,
    -0.3940162608948007
  ],
  "n_candidatos": 54
}
