Punto[0.         0.49911723 0.46241719] -> F: 0.12979192229027237
Punto[1.         0.5331381  0.54632416] -> F: 0.4135319944693511
Punto[2.         0.5127229  0.48986774] -> F: 0.1573274725668613
Punto[1.         0.50592006 0.47614247] -> F: 0.4321964956736264
Punto[1.         0.53259374 0.54492053] -> F: 0.41549688588730527
Punto[1.         0.53206027 0.54354497] -> F: 0.41740188248949944
Punto[1.         0.5315268  0.54216941] -> F: 0.4192834028395226
Punto[1.         0.53099332 0.54079384] -> F: 0.42116801798236525
Punto[1.         0.53045985 0.53941828] -> F: 0.42305572791802776
Punto[1.         0.52992638 0.53804272] -> F: 0.4249465326465097
Punto[1.         0.5293929  0.53666716] -> F: 0.42684043216781165
Punto[1.         0.52885943 0.5352916 ] -> F: 0.4287374264819331
Punto[1.         0.52832595 0.53391604] -> F: 0.43063751558887436
Punto[1.         0.52779248 0.53254048] -> F: 0.4325406994886354
Punto[1.         0.52725901 0.53116492] -> F: 0.43443562460225965
Punto[1.         0.52672553 0.52978936] -> F: 0.4362937649423264
Punto[1.         0.52619206 0.52841379] -> F: 0.4381545251349751
Punto[1.         0.52565859 0.52703823] -> F: 0.4400179051802059
Punto[1.         0.52512511 0.52566267] -> F: 0.4418839050780187
Punto[1.         0.52459164 0.52428711] -> F: 0.4437525248284137
Punto[1.         0.52405817 0.52291155] -> F: 0.4455898107474301
Punto[1.         0.52352469 0.52153599] -> F: 0.44740635268984646
Punto[1.         0.52299122 0.52016043] -> F: 0.4492256820812812
Punto[1.         0.52245774 0.51878487] -> F: 0.4510475638805373
Punto[1.         0.52192427 0.5174093 ] -> F: 0.45287192175206653
Punto[1.         0.5213908  0.51603374] -> F: 0.4528558968510806
Punto[1.         0.52085732 0.51465818] -> F: 0.4521593617470287
Punto[1.         0.52032385 0.51328262] -> F: 0.4514634943063965
Punto[1.         0.51979038 0.51190706] -> F: 0.450768294529184
Punto[1.        0.5192569 0.5105315] -> F: 0.45007243297515487
Punto[1.         0.51872343 0.50915594] -> F: 0.4493674157421731
Punto[1.         0.51818996 0.50778038] -> F: 0.44866308782159764
Punto[1.         0.51765648 0.50640481] -> F: 0.4479594492134287
Punto[1.         0.51712301 0.50502925] -> F: 0.44725649991766614
Punto[1.         0.51658953 0.50365369] -> F: 0.44655423993430987
Punto[1.         0.51605606 0.50227813] -> F: 0.4458511218612037
Punto[1.         0.51552259 0.50090257] -> F: 0.44513878683565633
Punto[1.         0.51498911 0.49952701] -> F: 0.44442716385036013
Punto[1.         0.51445564 0.49815145] -> F: 0.44371625290531513
Punto[1.         0.51392217 0.49677589] -> F: 0.4430060540005211
Punto[1.         0.51338869 0.49540033] -> F: 0.4422965671359784
Punto[1.         0.51285522 0.49402476] -> F: 0.44158715236038426
Punto[1.         0.51232175 0.4926492 ] -> F: 0.44086729447532524
Punto[1.         0.51178827 0.49127364] -> F: 0.4401481725644975
Punto[1.         0.5112548  0.48989808] -> F: 0.4394297866279012
Punto[1.         0.51072132 0.48852252] -> F: 0.4387121366655362
Punto[1.         0.51018785 0.48714696] -> F: 0.4379952226774026
Punto[1.         0.50965438 0.4857714 ] -> F: 0.4372790446635003
Punto[1.         0.5091209  0.48439584] -> F: 0.43655310188333424
Punto[1.         0.50858743 0.48302027] -> F: 0.4358262392934734
Punto[1.         0.50805396 0.48164471] -> F: 0.43510013796369934
Punto[1.         0.50752048 0.48026915] -> F: 0.43437479789401195
Punto[1.         0.50698701 0.47889359] -> F: 0.4336502190844111
Punto[1.         0.50645354 0.47751803] -> F: 0.432926401534897
{
  "seed": 1269,
  "n_per_z": 10,
  "nz": 100,
  "nd": 100,
  "n_muestras": 50,
  "best_f": 0.45287192175206653,
  "best_cp": [
    1.0,
    0.5219242710199867,
    0.517409304399338
  ],
  "best_u": [
    -0.12533323356430415,
    0.8205587969094137,
    0.5576511825315993
  ],
  "best_index": 24,
  "n_candidatos": 54
}
