Punto[0.         0.75483955 0.42569883] -> F: 0.10032559610496516
Punto[1.         0.47218098 0.47769767] -> F: 0.41738234057254847
Punto[2.         0.28951584 0.49205177] -> F: 0.09501467863937248
Punto[1.         0.52217769 0.4588753 ] -> F: 0.4063498995909718
Punto[1.         0.47318091 0.47732122] -> F: 0.4188122119682313
Punto[1.         0.47416085 0.4769523 ] -> F: 0.42021591059015956
Punto[1.         0.47514078 0.47658339] -> F: 0.42162200937479044
Punto[1.         0.47612072 0.47621447] -> F: 0.42303050832212447
Punto[1.         0.47710065 0.47584555] -> F: 0.424441407432161
Punto[1.         0.47808059 0.47547663] -> F: 0.4258210435951152
Punto[1.         0.47906053 0.47510771] -> F: 0.42715702466107797
Punto[1.         0.48004046 0.47473879] -> F: 0.4284951737818272
Punto[1.         0.4810204  0.47436987] -> F: 0.42983549095736345
Punto[1.         0.48200033 0.47400096] -> F: 0.43117797618768655
Punto[1.         0.48298027 0.47363204] -> F: 0.4325226294727966
Punto[1.         0.4839602  0.47326312] -> F: 0.43386945081269357
Punto[1.         0.48494014 0.4728942 ] -> F: 0.43521844020737727
Punto[1.         0.48592007 0.47252528] -> F: 0.4365165668888475
Punto[1.         0.48690001 0.47215636] -> F: 0.43779250145292037
Punto[1.         0.48787995 0.47178745] -> F: 0.43906991150786606
Punto[1.         0.48885988 0.47141853] -> F: 0.44034879705368457
Punto[1.         0.48983982 0.47104961] -> F: 0.4416291580903758
Punto[1.         0.49081975 0.47068069] -> F: 0.44291099461793937
Punto[1.         0.49179969 0.47031177] -> F: 0.44412078985058084
Punto[1.         0.49277962 0.46994285] -> F: 0.44532682530135753
Punto[1.         0.49375956 0.46957393] -> F: 0.4465341677146611
Punto[1.         0.4947395  0.46920502] -> F: 0.4477428170904911
Punto[1.         0.49571943 0.4688361 ] -> F: 0.4483329630931785
Punto[1.         0.49669937 0.46846718] -> F: 0.4470646277922213
Punto[1.         0.4976793  0.46809826] -> F: 0.44565023714288743
Punto[1.         0.49865924 0.46772934] -> F: 0.44423853838285865
Punto[1.         0.49963917 0.46736042] -> F: 0.4428295315121351
Punto[1.         0.50061911 0.46699151] -> F: 0.4414200061625145
Punto[1.         0.50159905 0.46662259] -> F: 0.43999825285181016
Punto[1.         0.50257898 0.46625367] -> F: 0.4385791648627682
Punto[1.         0.50355892 0.46588475] -> F: 0.437162742195389
Punto[1.         0.50453885 0.46551583] -> F: 0.4357489848496724
Punto[1.         0.50551879 0.46514691] -> F: 0.4343244097770603
Punto[1.         0.50649872 0.46477799] -> F: 0.4328977385829858
Punto[1.         0.50747866 0.46440908] -> F: 0.4314737077846743
Punto[1.         0.5084586  0.46404016] -> F: 0.42992425415718255
Punto[1.         0.50943853 0.46367124] -> F: 0.4282654893163808
Punto[1.         0.51041847 0.46330232] -> F: 0.42660929652222745
Punto[1.        0.5113984 0.4629334] -> F: 0.4249522740714868
Punto[1.         0.51237834 0.46256448] -> F: 0.423274020496811
Punto[1.         0.51335827 0.46219556] -> F: 0.421598317097854
Punto[1.         0.51433821 0.46182665] -> F: 0.41992253334868734
Punto[1.         0.51531814 0.46145773] -> F: 0.4182229856667431
Punto[1.         0.51629808 0.46108881] -> F: 0.4165259660018292
Punto[1.         0.51727802 0.46071989] -> F: 0.4148314743539453
Punto[1.         0.51825795 0.46035097] -> F: 0.41313683029501075
Punto[1.         0.51923789 0.45998205] -> F: 0.41143193480236706
Punto[1.         0.52021782 0.45961314] -> F: 0.4097324811874791
Punto[1.         0.52119776 0.45924422] -> F: 0.4080384694503474
Best centerpoint:  [1.         0.49571943 0.4688361 ] Best F:  0.4483329630931785 Best u:  [ 0.39714789  0.77488586 -0.49175752] índice:  24
{
  "seed": 14887,
  "n_per_z": 5,
  "nz": 100,
  "nd": 100,
  "n_muestras": 50,
  "best_f": 0.4483329630931785,
  "best_cp": [
    1.0,
    0.4957194314112037,
    0.46883609757873257
  ],
  "best_u": [
    0.3971478906347807,
    0.774885859223634,
    -0.49175751965739667
  ],
  "n_candidatos": 54
}
