Punto[0.         0.60135714 0.43166238] -> F: 0.11377004554000383
Punto[1.         0.4749243  0.51045759] -> F: 0.4056678147226848
Punto[2.         0.47678302 0.43332242] -> F: 0.13045825244756412
Punto[1.         0.53907008 0.4324924 ] -> F: 0.4143527222069211
Punto[1.         0.47620721 0.50889829] -> F: 0.40838523081121936
Punto[1.         0.47746447 0.50737017] -> F: 0.4110684624974324
Punto[1.         0.47872173 0.50584205] -> F: 0.41377165442714137
Punto[1.         0.47997899 0.50431394] -> F: 0.41649480660034555
Punto[1.         0.48123624 0.50278582] -> F: 0.4192259478514019
Punto[1.        0.4824935 0.5012577] -> F: 0.4219592684889935
Punto[1.         0.48375076 0.49972958] -> F: 0.4247113097682092
Punto[1.         0.48500801 0.49820146] -> F: 0.426768746798854
Punto[1.         0.48626527 0.49667335] -> F: 0.42881572438969345
Punto[1.         0.48752253 0.49514523] -> F: 0.4308728390004261
Punto[1.         0.48877979 0.49361711] -> F: 0.4326771678596265
Punto[1.         0.49003704 0.49208899] -> F: 0.43421133935677264
Punto[1.         0.4912943  0.49056088] -> F: 0.43568979880847986
Punto[1.         0.49255156 0.48903276] -> F: 0.4368950771743473
Punto[1.         0.49380882 0.48750464] -> F: 0.4380997701548585
Punto[1.         0.49506607 0.48597652] -> F: 0.4393038777500137
Punto[1.         0.49632333 0.4844484 ] -> F: 0.4405073999598128
Punto[1.         0.49758059 0.48292029] -> F: 0.44171033678425575
Punto[1.         0.49883785 0.48139217] -> F: 0.442929373341898
Punto[1.         0.5000951  0.47986405] -> F: 0.44479445557586617
Punto[1.         0.50135236 0.47833593] -> F: 0.4466835380221522
Punto[1.         0.50260962 0.47680782] -> F: 0.4483516975585123
Punto[1.         0.50386688 0.4752797 ] -> F: 0.4471698126795546
Punto[1.         0.50512413 0.47375158] -> F: 0.4459896935618297
Punto[1.         0.50638139 0.47222346] -> F: 0.44481134020533747
Punto[1.         0.50763865 0.47069534] -> F: 0.4436347526100782
Punto[1.         0.5088959  0.46916723] -> F: 0.4424556206077993
Punto[1.         0.51015316 0.46763911] -> F: 0.4412730274077959
Punto[1.         0.51141042 0.46611099] -> F: 0.44009222883939547
Punto[1.         0.51266768 0.46458287] -> F: 0.4389132249025981
Punto[1.         0.51392493 0.46305475] -> F: 0.4377360155974037
Punto[1.         0.51518219 0.46152664] -> F: 0.43656060092381244
Punto[1.         0.51643945 0.45999852] -> F: 0.43538698088182415
Punto[1.         0.51769671 0.4584704 ] -> F: 0.43421206697535475
Punto[1.         0.51895396 0.45694228] -> F: 0.43303211602767566
Punto[1.         0.52021122 0.45541417] -> F: 0.4318539903109041
Punto[1.         0.52146848 0.45388605] -> F: 0.43067768982504046
Punto[1.         0.52272574 0.45235793] -> F: 0.4295032145700845
Punto[1.         0.52398299 0.45082981] -> F: 0.4283305645460363
Punto[1.         0.52524025 0.44930169] -> F: 0.4271597397528959
Punto[1.         0.52649751 0.44777358] -> F: 0.4259903430870068
Punto[1.         0.52775477 0.44624546] -> F: 0.4248128148900824
Punto[1.         0.52901202 0.44471734] -> F: 0.4236371863465334
Punto[1.         0.53026928 0.44318922] -> F: 0.4224645377091105
Punto[1.         0.53152654 0.44166111] -> F: 0.42129534353453657
Punto[1.         0.53278379 0.44013299] -> F: 0.42012960382281156
Punto[1.         0.53404105 0.43860487] -> F: 0.4189673185739356
Punto[1.         0.53529831 0.43707675] -> F: 0.4178084877879084
Punto[1.         0.53655557 0.43554863] -> F: 0.4166531114647304
Punto[1.         0.53781282 0.43402052] -> F: 0.41550118960440124
{
  "seed": 4851,
  "n_per_z": 10,
  "nz": 100,
  "nd": 100,
  "n_muestras": 50,
  "best_f": 0.4483516975585123,
  "best_cp": [
    1.0,
    0.5026096178782726,
    0.4768078151784458
  ],
  "best_u": [
    -0.9980267284282716,
    0.02311473191456701,
    -0.05838114859506261
  ],
  "best_index": 25,
  "n_candidatos": 54
}
