Punto[0.         0.42937814 0.606747  ] -> F: 0.14422955155110143
Punto[1.         0.5129396  0.55790668] -> F: 0.3804606351923073
Punto[2.         0.77331505 0.49440449] -> F: 0.0964422021058259
Punto[1.         0.60134659 0.55057575] -> F: 0.3823822541200911
Punto[1.         0.51470774 0.55776006] -> F: 0.3837235346832233
Punto[1.         0.51644052 0.55761637] -> F: 0.38693900891103367
Punto[1.         0.5181733  0.55747269] -> F: 0.39017213573700427
Punto[1.         0.51990607 0.557329  ] -> F: 0.3934229151611349
Punto[1.         0.52163885 0.55718531] -> F: 0.3966913471834259
Punto[1.         0.52337163 0.55704163] -> F: 0.39997743180387696
Punto[1.         0.5251044  0.55689794] -> F: 0.4032811690224883
Punto[1.         0.52683718 0.55675426] -> F: 0.40658653502291026
Punto[1.         0.52856996 0.55661057] -> F: 0.40989833845276014
Punto[1.         0.53030274 0.55646688] -> F: 0.4132270336398133
Punto[1.         0.53203551 0.5563232 ] -> F: 0.4165726205840698
Punto[1.         0.53376829 0.55617951] -> F: 0.4199350992855296
Punto[1.         0.53550107 0.55603582] -> F: 0.4233144697441928
Punto[1.         0.53723384 0.55589214] -> F: 0.42537624804398894
Punto[1.         0.53896662 0.55574845] -> F: 0.4242355571108676
Punto[1.         0.5406994  0.55560477] -> F: 0.4230973491660011
Punto[1.         0.54243217 0.55546108] -> F: 0.42196162420939004
Punto[1.         0.54416495 0.55531739] -> F: 0.420828382241034
Punto[1.         0.54589773 0.55517371] -> F: 0.4196976232609332
Punto[1.         0.54763051 0.55503002] -> F: 0.4185693472690875
Punto[1.         0.54936328 0.55488633] -> F: 0.41742344953511956
Punto[1.         0.55109606 0.55474265] -> F: 0.4162734017234319
Punto[1.         0.55282884 0.55459896] -> F: 0.4151259568534215
Punto[1.         0.55456161 0.55445528] -> F: 0.41398111492508816
Punto[1.         0.55629439 0.55431159] -> F: 0.4128388759384321
Punto[1.         0.55802717 0.5541679 ] -> F: 0.41169923989345336
Punto[1.         0.55975994 0.55402422] -> F: 0.41054734928481534
Punto[1.         0.56149272 0.55388053] -> F: 0.40938572417767577
Punto[1.         0.5632255  0.55373684] -> F: 0.40822682861962106
Punto[1.         0.56495828 0.55359316] -> F: 0.40707066261065156
Punto[1.         0.56669105 0.55344947] -> F: 0.4059172261507669
Punto[1.         0.56842383 0.55330579] -> F: 0.4047665192399676
Punto[1.         0.57015661 0.5531621 ] -> F: 0.40360720571004033
Punto[1.         0.57188938 0.55301841] -> F: 0.4024342275013882
Punto[1.         0.57362216 0.55287473] -> F: 0.4012641129262843
Punto[1.         0.57535494 0.55273104] -> F: 0.40009686198472844
Punto[1.         0.57708771 0.55258735] -> F: 0.39893247467672077
Punto[1.         0.57882049 0.55244367] -> F: 0.3977709510022612
Punto[1.         0.58055327 0.55229998] -> F: 0.3966022936125975
Punto[1.         0.58228605 0.5521563 ] -> F: 0.39541889689790494
Punto[1.         0.58401882 0.55201261] -> F: 0.39423775499790026
Punto[1.         0.5857516  0.55186892] -> F: 0.39305961924628297
Punto[1.         0.58748438 0.55172524] -> F: 0.39188448964305317
Punto[1.         0.58921715 0.55158155] -> F: 0.39071236618821076
Punto[1.         0.59094993 0.55143786] -> F: 0.38952734465294975
Punto[1.         0.59268271 0.55129418] -> F: 0.3883372334107082
Punto[1.         0.59441548 0.55115049] -> F: 0.38714756531452066
Punto[1.         0.59614826 0.55100681] -> F: 0.38595888513753834
Punto[1.         0.59788104 0.55086312] -> F: 0.384773180799419
Punto[1.         0.59961382 0.55071943] -> F: 0.3835793368349887
{
  "seed": 19125,
  "n_per_z": 10,
  "nz": 100,
  "nd": 100,
  "n_muestras": 50,
  "best_f": 0.42537624804398894,
  "best_cp": [
    1.0,
    0.5372338432522648,
    0.5558921383038392
  ],
  "best_u": [
    0.9995065603657316,
    0.028827369440197342,
    0.012474716711115937
  ],
  "best_index": 17,
  "n_candidatos": 54
}
