Punto[0.         0.36919026 0.42318764] -> F: 0.09775593070260162
Punto[1.         0.52571165 0.49636861] -> F: 0.36799164608017304
Punto[2.         0.74866307 0.44174166] -> F: 0.11768449957042536
Punto[1.         0.55892666 0.43246465] -> F: 0.3859283969409468
Punto[1.         0.52637595 0.49509053] -> F: 0.37089434418720807
Punto[1.         0.52702696 0.49383802] -> F: 0.3734841359774681
Punto[1.         0.52767798 0.4925855 ] -> F: 0.37605940958785566
Punto[1.         0.52832899 0.49133298] -> F: 0.3787256420976899
Punto[1.         0.52898001 0.49008046] -> F: 0.381482833506971
Punto[1.         0.52963102 0.48882794] -> F: 0.3843309838156991
Punto[1.         0.53028204 0.48757543] -> F: 0.38727009302387416
Punto[1.         0.53093305 0.48632291] -> F: 0.3903001611314958
Punto[1.         0.53158406 0.48507039] -> F: 0.3934211881385649
Punto[1.         0.53223508 0.48381787] -> F: 0.3966331740450803
Punto[1.         0.53288609 0.48256536] -> F: 0.39993611885104297
Punto[1.         0.53353711 0.48131284] -> F: 0.40333002255645234
Punto[1.         0.53418812 0.48006032] -> F: 0.40681488516130865
Punto[1.         0.53483914 0.4788078 ] -> F: 0.41039070666561184
Punto[1.         0.53549015 0.47755529] -> F: 0.4140574870693619
Punto[1.         0.53614116 0.47630277] -> F: 0.417815226372559
Punto[1.         0.53679218 0.47505025] -> F: 0.4214188925869349
Punto[1.         0.53744319 0.47379773] -> F: 0.4239247758517311
Punto[1.         0.53809421 0.47254522] -> F: 0.4264704205862381
Punto[1.         0.53874522 0.4712927 ] -> F: 0.4260534762669154
Punto[1.         0.53939624 0.47004018] -> F: 0.4255428234268878
Punto[1.         0.54004725 0.46878766] -> F: 0.425006317709808
Punto[1.         0.54069826 0.46753515] -> F: 0.4242884482935585
Punto[1.         0.54134928 0.46628263] -> F: 0.42335998424723287
Punto[1.         0.54200029 0.46503011] -> F: 0.4224248789131151
Punto[1.         0.54265131 0.46377759] -> F: 0.4214920457240387
Punto[1.         0.54330232 0.46252507] -> F: 0.4205031735107295
Punto[1.         0.54395334 0.46127256] -> F: 0.4195186370246003
Punto[1.         0.54460435 0.46002004] -> F: 0.418538436265651
Punto[1.         0.54525536 0.45876752] -> F: 0.41756257123388163
Punto[1.         0.54590638 0.457515  ] -> F: 0.416591041929292
Punto[1.         0.54655739 0.45626249] -> F: 0.4156238483518826
Punto[1.         0.54720841 0.45500997] -> F: 0.41466099050165306
Punto[1.         0.54785942 0.45375745] -> F: 0.4137024683786031
Punto[1.         0.54851044 0.45250493] -> F: 0.4127482819827332
Punto[1.         0.54916145 0.45125242] -> F: 0.41178066339409375
Punto[1.         0.54981246 0.4499999 ] -> F: 0.41081299899566
Punto[1.         0.55046348 0.44874738] -> F: 0.4098518161253187
Punto[1.         0.55111449 0.44749486] -> F: 0.4087001589466863
Punto[1.         0.55176551 0.44624235] -> F: 0.40719908409580324
Punto[1.         0.55241652 0.44498983] -> F: 0.4056272741079233
Punto[1.         0.55306754 0.44373731] -> F: 0.4040795361835192
Punto[1.         0.55371855 0.44248479] -> F: 0.4024037393264399
Punto[1.         0.55436956 0.44123228] -> F: 0.4004959517588116
Punto[1.         0.55502058 0.43997976] -> F: 0.398587937256375
Punto[1.         0.55567159 0.43872724] -> F: 0.3966796958191298
Punto[1.         0.55632261 0.43747472] -> F: 0.39484818341718575
Punto[1.         0.55697362 0.4362222 ] -> F: 0.3937653787623455
Punto[1.         0.55762464 0.43496969] -> F: 0.3918200404710337
Punto[1.         0.55827565 0.43371717] -> F: 0.38885607507036113
Best centerpoint:  [1.         0.53809421 0.47254522] Best F:  0.4264704205862381 Best u:  [ 0.18738131 -0.71605659  0.67242189] índice:  19
{
  "seed": 1830,
  "n_per_z": 5,
  "nz": 100,
  "nd": 100,
  "n_muestras": 50,
  "best_f": 0.4264704205862381,
  "best_cp": [
    1.0,
    0.5380942066271113,
    0.472545215813964
  ],
  "best_u": [
    0.18738131458572474,
    -0.7160565888972439,
    0.6724218946769721
  ],
  "n_candidatos": 54
}
