Punto[0.         0.69483668 0.39851145] -> F: 0.05924383946421125
Punto[1.         0.41360073 0.46833094] -> F: 0.336510205490832
Punto[2.         0.27181125 0.76279765] -> F: 0.05647768525648904
Punto[1.         0.48332396 0.58065455] -> F: 0.29041706456615696
Punto[1.         0.41499519 0.47057741] -> F: 0.3405363311838484
Punto[1.         0.41636177 0.47277895] -> F: 0.34458372266998283
Punto[1.         0.41772834 0.47498049] -> F: 0.3487318742983782
Punto[1.         0.41909492 0.47718204] -> F: 0.35298078606903494
Punto[1.         0.42046149 0.47938358] -> F: 0.35733045798195257
Punto[1.         0.42182807 0.48158512] -> F: 0.36178089003713165
Punto[1.         0.42319464 0.48378667] -> F: 0.36633208223457164
Punto[1.         0.42456122 0.48598821] -> F: 0.3709840345742729
Punto[1.         0.42592779 0.48818975] -> F: 0.3757367470562353
Punto[1.         0.42729437 0.49039129] -> F: 0.38059021968045875
Punto[1.         0.42866095 0.49259284] -> F: 0.3855444524469435
Punto[1.         0.43002752 0.49479438] -> F: 0.39059944535568925
Punto[1.         0.4313941  0.49699592] -> F: 0.3957551984066962
Punto[1.         0.43276067 0.49919747] -> F: 0.40073834077190396
Punto[1.         0.43412725 0.50139901] -> F: 0.40550697248564965
Punto[1.         0.43549382 0.50360055] -> F: 0.4104413971551955
Punto[1.         0.4368604  0.50580209] -> F: 0.41554161478054163
Punto[1.         0.43822697 0.50800364] -> F: 0.419095663449103
Punto[1.         0.43959355 0.51020518] -> F: 0.4164936814507876
Punto[1.         0.44096012 0.51240672] -> F: 0.4138004136326998
Punto[1.         0.4423267  0.51460826] -> F: 0.41111870391526606
Punto[1.         0.44369328 0.51680981] -> F: 0.4083658714365053
Punto[1.         0.44505985 0.51901135] -> F: 0.4056078042803805
Punto[1.         0.44642643 0.52121289] -> F: 0.40276296638536335
Punto[1.         0.447793   0.52341444] -> F: 0.39992288641810453
Punto[1.         0.44915958 0.52561598] -> F: 0.39698529922692766
Punto[1.         0.45052615 0.52781752] -> F: 0.39364397504699095
Punto[1.         0.45189273 0.53001906] -> F: 0.3900637738000633
Punto[1.         0.4532593  0.53222061] -> F: 0.3865120279340641
Punto[1.         0.45462588 0.53442215] -> F: 0.38288186885680975
Punto[1.         0.45599245 0.53662369] -> F: 0.37926712933592643
Punto[1.         0.45735903 0.53882524] -> F: 0.3756276039545716
Punto[1.         0.4587256  0.54102678] -> F: 0.37196284831703286
Punto[1.         0.46009218 0.54322832] -> F: 0.36833716637707975
Punto[1.         0.46145876 0.54542986] -> F: 0.3646705385696608
Punto[1.         0.46282533 0.54763141] -> F: 0.36105102118241034
Punto[1.         0.46419191 0.54983295] -> F: 0.3573055867090739
Punto[1.         0.46555848 0.55203449] -> F: 0.3533643784829328
Punto[1.         0.46692506 0.55423603] -> F: 0.34859650126176656
Punto[1.         0.46829163 0.55643758] -> F: 0.34394041010149307
Punto[1.         0.46965821 0.55863912] -> F: 0.33902680997322243
Punto[1.         0.47102478 0.56084066] -> F: 0.33424503995246596
Punto[1.         0.47239136 0.56304221] -> F: 0.32917556392645236
Punto[1.         0.47375793 0.56524375] -> F: 0.3242422561234361
Punto[1.         0.47512451 0.56744529] -> F: 0.3190529365983923
Punto[1.         0.47649108 0.56964683] -> F: 0.31389650394051094
Punto[1.         0.47785766 0.57184838] -> F: 0.30921599341191536
Punto[1.         0.47922424 0.57404992] -> F: 0.3035681288397296
Punto[1.         0.48059081 0.57625146] -> F: 0.29905762459832286
Punto[1.         0.48195739 0.57845301] -> F: 0.29473125678807416
Best centerpoint:  [1.         0.43822697 0.50800364] Best F:  0.419095663449103 Best u:  [ 0.99950656 -0.0019723   0.03134878] índice:  18
{
  "seed": 8421,
  "n_per_z": 5,
  "nz": 100,
  "nd": 100,
  "n_muestras": 50,
  "best_f": 0.419095663449103,
  "best_cp": [
    1.0,
    0.4382269734349253,
    0.5080036362341189
  ],
  "best_u": [
    0.9995065603657316,
    -0.001972297881325773,
    0.03134877712019301
  ],
  "n_candidatos": 54
}
