Punto[0.         0.48745011 0.27631907] -> F: 0.07462104579254362
Punto[1.         0.57567211 0.60382206] -> F: 0.2893397704345977
Punto[2.         0.43009246 0.68628796] -> F: 0.10348575026705976
Punto[1.         0.45877129 0.48130352] -> F: 0.3048875755213461
Punto[1.         0.5733341  0.60137169] -> F: 0.2929287259701658
Punto[1.         0.57104284 0.59897033] -> F: 0.296543391273627
Punto[1.         0.56875158 0.59656897] -> F: 0.30014254336695256
Punto[1.         0.56646033 0.5941676 ] -> F: 0.30383576882618824
Punto[1.         0.56416907 0.59176624] -> F: 0.3076415684338226
Punto[1.         0.56187781 0.58936488] -> F: 0.31167165567212174
Punto[1.         0.55958656 0.58696351] -> F: 0.31606427992779007
Punto[1.         0.5572953  0.58456215] -> F: 0.32025797008599405
Punto[1.         0.55500405 0.58216079] -> F: 0.3251277988012377
Punto[1.         0.55271279 0.57975942] -> F: 0.33175637564739957
Punto[1.         0.55042153 0.57735806] -> F: 0.33850017268519517
Punto[1.         0.54813028 0.57495669] -> F: 0.3452070755932087
Punto[1.         0.54583902 0.57255533] -> F: 0.3523610450030214
Punto[1.         0.54354777 0.57015397] -> F: 0.35930948130690366
Punto[1.         0.54125651 0.5677526 ] -> F: 0.3665604583589562
Punto[1.         0.53896525 0.56535124] -> F: 0.37413052364277677
Punto[1.         0.536674   0.56294988] -> F: 0.38200792333376626
Punto[1.         0.53438274 0.56054851] -> F: 0.3886567780488256
Punto[1.         0.53209148 0.55814715] -> F: 0.39523175183942605
Punto[1.         0.52980023 0.55574579] -> F: 0.4025017732494952
Punto[1.         0.52750897 0.55334442] -> F: 0.3992332301528701
Punto[1.         0.52521772 0.55094306] -> F: 0.39595020633585665
Punto[1.         0.52292646 0.5485417 ] -> F: 0.3926836538687867
Punto[1.         0.5206352  0.54614033] -> F: 0.38941743031769227
Punto[1.         0.51834395 0.54373897] -> F: 0.3861477548309035
Punto[1.         0.51605269 0.54133761] -> F: 0.38289252426076786
Punto[1.         0.51376143 0.53893624] -> F: 0.3796557736261625
Punto[1.         0.51147018 0.53653488] -> F: 0.3764379364702649
Punto[1.         0.50917892 0.53413351] -> F: 0.3732294326351692
Punto[1.         0.50688767 0.53173215] -> F: 0.37000326954487744
Punto[1.         0.50459641 0.52933079] -> F: 0.366796575299855
Punto[1.         0.50230515 0.52692942] -> F: 0.36360934990010174
Punto[1.         0.5000139  0.52452806] -> F: 0.3604415933456178
Punto[1.         0.49772264 0.5221267 ] -> F: 0.3572800501380703
Punto[1.         0.49543139 0.51972533] -> F: 0.35410363264915345
Punto[1.         0.49314013 0.51732397] -> F: 0.35094728383296414
Punto[1.         0.49084887 0.51492261] -> F: 0.34781100368950274
Punto[1.         0.48855762 0.51252124] -> F: 0.34469479221876875
Punto[1.         0.48626636 0.51011988] -> F: 0.34157496735317144
Punto[1.         0.4839751  0.50771852] -> F: 0.33844972355343317
Punto[1.         0.48168385 0.50531715] -> F: 0.3353451993809794
Punto[1.         0.47939259 0.50291579] -> F: 0.33226139483581024
Punto[1.         0.47710134 0.50051443] -> F: 0.3291983099179256
Punto[1.         0.47481008 0.49811306] -> F: 0.3261150417765762
Punto[1.         0.47251882 0.4957117 ] -> F: 0.32304251526848576
Punto[1.         0.47022757 0.49331033] -> F: 0.3199914185106563
Punto[1.         0.46793631 0.49090897] -> F: 0.31696175150308786
Punto[1.         0.46564506 0.48850761] -> F: 0.3139419544739878
Punto[1.         0.4633538  0.48610624] -> F: 0.31090161932361204
Punto[1.         0.46106254 0.48370488] -> F: 0.3078834930060648
Best centerpoint:  [1.         0.52980023 0.55574579] Best F:  0.4025017732494952 Best u:  [-0.99950656 -0.02289746 -0.02150214] índice:  20
{
  "seed": 10343,
  "n_per_z": 5,
  "nz": 100,
  "nd": 100,
  "n_muestras": 50,
  "best_f": 0.4025017732494952,
  "best_cp": [
    1.0,
    0.5298002279971437,
    0.5557457862554561
  ],
  "best_u": [
    -0.9995065603657316,
    -0.022897457931447825,
    -0.021502144221956006
  ],
  "n_candidatos": 54
}
