Punto[0.         0.39163369 0.71861699] -> F: 0.04417404728514573
Punto[1.         0.35606584 0.55162195] -> F: 0.34266131239177433
Punto[2.         0.53230425 0.46483035] -> F: 0.17713064010479276
Punto[1.         0.46196897 0.59172367] -> F: 0.2572017762142095
Punto[1.         0.35818391 0.55242399] -> F: 0.3436790233007888
Punto[1.         0.36025961 0.55320998] -> F: 0.3436105957601739
Punto[1.         0.36233531 0.55399597] -> F: 0.3418180709604097
Punto[1.         0.36441101 0.55478197] -> F: 0.3400268055355382
Punto[1.         0.36648671 0.55556796] -> F: 0.33823679948555974
Punto[1.         0.36856241 0.55635396] -> F: 0.336448052810474
Punto[1.         0.37063811 0.55713995] -> F: 0.334659615453692
Punto[1.         0.37271381 0.55792594] -> F: 0.33287134376253386
Punto[1.         0.37478952 0.55871194] -> F: 0.33108433433178514
Punto[1.         0.37686522 0.55949793] -> F: 0.32929858716144594
Punto[1.         0.37894092 0.56028392] -> F: 0.3275141022515159
Punto[1.         0.38101662 0.56106992] -> F: 0.3257308796019958
Punto[1.         0.38309232 0.56185591] -> F: 0.3239489192128848
Punto[1.         0.38516802 0.5626419 ] -> F: 0.32216822108418336
Punto[1.         0.38724372 0.5634279 ] -> F: 0.3203887852158914
Punto[1.         0.38931942 0.56421389] -> F: 0.31861061160800885
Punto[1.         0.39139513 0.56499989] -> F: 0.31683370026053576
Punto[1.         0.39347083 0.56578588] -> F: 0.315058051173472
Punto[1.         0.39554653 0.56657187] -> F: 0.3132819294544857
Punto[1.         0.39762223 0.56735787] -> F: 0.31150676759503676
Punto[1.         0.39969793 0.56814386] -> F: 0.30973287090109736
Punto[1.         0.40177363 0.56892985] -> F: 0.3079602393726677
Punto[1.         0.40384933 0.56971585] -> F: 0.3061896244904352
Punto[1.         0.40592504 0.57050184] -> F: 0.30442340943511426
Punto[1.         0.40800074 0.57128784] -> F: 0.3026592610538085
Punto[1.         0.41007644 0.57207383] -> F: 0.3008896383368163
Punto[1.         0.41215214 0.57285982] -> F: 0.2991215342120829
Punto[1.         0.41422784 0.57364582] -> F: 0.2973574483571958
Punto[1.         0.41630354 0.57443181] -> F: 0.29559802414787173
Punto[1.         0.41837924 0.5752178 ] -> F: 0.29384326158411067
Punto[1.         0.42045494 0.5760038 ] -> F: 0.292080690593567
Punto[1.         0.42253065 0.57678979] -> F: 0.2903186896665998
Punto[1.         0.42460635 0.57757579] -> F: 0.288561439571085
Punto[1.         0.42668205 0.57836178] -> F: 0.2868089403070225
Punto[1.         0.42875775 0.57914777] -> F: 0.2850611918744123
Punto[1.         0.43083345 0.57993377] -> F: 0.28330700894929334
Punto[1.         0.43290915 0.58071976] -> F: 0.28155185653265813
Punto[1.         0.43498485 0.58150575] -> F: 0.27980154810638846
Punto[1.         0.43706055 0.58229175] -> F: 0.27805608367048457
Punto[1.         0.43913626 0.58307774] -> F: 0.2763154632249465
Punto[1.         0.44121196 0.58386373] -> F: 0.274569263352283
Punto[1.         0.44328766 0.58464973] -> F: 0.27282103417735243
Punto[1.         0.44536336 0.58543572] -> F: 0.2710777465906206
Punto[1.         0.44743906 0.58622172] -> F: 0.269339400592088
Punto[1.         0.44951476 0.58700771] -> F: 0.2676059961817543
Punto[1.         0.45159046 0.5877937 ] -> F: 0.2658674993318843
Punto[1.         0.45366617 0.5885797 ] -> F: 0.26412623827225146
Punto[1.         0.45574187 0.58936569] -> F: 0.26239002136716805
Punto[1.         0.45781757 0.59015168] -> F: 0.26065884861663385
Punto[1.         0.45989327 0.59093768] -> F: 0.25893272002064904
{
  "seed": 348,
  "n_per_z": 5,
  "nz": 100,
  "nd": 100,
  "n_muestras": 50,
  "best_f": 0.3436790233007888,
  "best_cp": [
    1.0,
    0.35818390545273726,
    0.5524239867132648
  ],
  "best_u": [
    -0.3387379202452915,
    -0.11792362917150234,
    -0.9334616430635575
  ],
  "best_index": 4,
  "n_candidatos": 54
}
