Punto[0.         0.45490998 0.45089006] -> F: 0.17623207156582396
Punto[1.         0.55334958 0.43506981] -> F: 0.3288926417224301
Punto[2.         0.35638125 0.30300539] -> F: 0.05852865069383356
Punto[1.         0.40564562 0.37694772] -> F: 0.2768476106694927
Punto[1.         0.55039551 0.43390737] -> F: 0.3326330524428444
Punto[1.         0.54750051 0.43276818] -> F: 0.3363896295356809
Punto[1.         0.54460551 0.43162899] -> F: 0.3402362622801277
Punto[1.         0.54171051 0.43048979] -> F: 0.3441729506761845
Punto[1.         0.53881551 0.4293506 ] -> F: 0.34819969472385137
Punto[1.         0.53592052 0.42821141] -> F: 0.35231649442312835
Punto[1.         0.53302552 0.42707221] -> F: 0.35652334977401534
Punto[1.         0.53013052 0.42593302] -> F: 0.3576174061671225
Punto[1.         0.52723552 0.42479383] -> F: 0.35569465128556543
Punto[1.         0.52434053 0.42365464] -> F: 0.3537751191335337
Punto[1.         0.52144553 0.42251544] -> F: 0.3518588097110275
Punto[1.         0.51855053 0.42137625] -> F: 0.3499412578530518
Punto[1.         0.51565553 0.42023706] -> F: 0.3480263623981699
Punto[1.         0.51276053 0.41909786] -> F: 0.3461147067155669
Punto[1.         0.50986554 0.41795867] -> F: 0.3442062908052425
Punto[1.         0.50697054 0.41681948] -> F: 0.34230111466719704
Punto[1.         0.50407554 0.41568028] -> F: 0.3403991783014304
Punto[1.         0.50118054 0.41454109] -> F: 0.33850048170794267
Punto[1.         0.49828555 0.4134019 ] -> F: 0.33660502488673355
Punto[1.         0.49539055 0.41226271] -> F: 0.3347128078378033
Punto[1.         0.49249555 0.41112351] -> F: 0.33281955580253153
Punto[1.         0.48960055 0.40998432] -> F: 0.330928819590157
Punto[1.         0.48670556 0.40884513] -> F: 0.3290413403890012
Punto[1.         0.48381056 0.40770593] -> F: 0.3271571181990643
Punto[1.         0.48091556 0.40656674] -> F: 0.32527615302034596
Punto[1.         0.47802056 0.40542755] -> F: 0.32339844485284663
Punto[1.         0.47512556 0.40428835] -> F: 0.32152399369656587
Punto[1.         0.47223057 0.40314916] -> F: 0.3196532064547129
Punto[1.         0.46933557 0.40200997] -> F: 0.3177841652339201
Punto[1.         0.46644057 0.40087078] -> F: 0.3159144967670082
Punto[1.         0.46354557 0.39973158] -> F: 0.3140481125201905
Punto[1.         0.46065058 0.39859239] -> F: 0.3121859488567892
Punto[1.         0.45775558 0.3974532 ] -> F: 0.3103286224094083
Punto[1.         0.45486058 0.396314  ] -> F: 0.3084761331780478
Punto[1.         0.45196558 0.39517481] -> F: 0.30662694278506847
Punto[1.         0.44907058 0.39403562] -> F: 0.3047735367497909
Punto[1.         0.44617559 0.39289643] -> F: 0.3029250237876763
Punto[1.         0.44328059 0.39175723] -> F: 0.30108140389872434
Punto[1.         0.44038559 0.39061804] -> F: 0.2992426770829351
Punto[1.         0.43749059 0.38947885] -> F: 0.29740884334030865
Punto[1.         0.4345956  0.38833965] -> F: 0.2955754102571976
Punto[1.         0.4317006  0.38720046] -> F: 0.29374072683691804
Punto[1.         0.4288056  0.38606127] -> F: 0.29191099386107155
Punto[1.         0.4259106  0.38492207] -> F: 0.2900862113296584
Punto[1.         0.42301561 0.38378288] -> F: 0.28826637924267834
Punto[1.         0.42012061 0.38264369] -> F: 0.2864514976001314
Punto[1.         0.41722561 0.3815045 ] -> F: 0.2846326471855216
Punto[1.         0.41433061 0.3803653 ] -> F: 0.28274803375063723
Punto[1.         0.41143561 0.37922611] -> F: 0.2808103294713316
Punto[1.         0.40854062 0.37808692] -> F: 0.2787945876263779
Best centerpoint:  [1.         0.53013052 0.42593302] Best F:  0.3576174061671225 Best u:  [ 0.39714789 -0.90645554 -0.14356845] índice:  8
{
  "seed": 1962,
  "n_per_z": 5,
  "nz": 100,
  "nd": 100,
  "n_muestras": 50,
  "best_f": 0.3576174061671225,
  "best_cp": [
    1.0,
    0.5301305209320544,
    0.4259330210728009
  ],
  "best_u": [
    0.3971478906347807,
    -0.9064555433153232,
    -0.1435684539070709
  ],
  "n_candidatos": 54
}
