Punto[0.         0.50833309 0.39830955] -> F: 0.10996931732078592
Punto[1.         0.50739964 0.50095879] -> F: 0.34215087552361073
Punto[2.         0.34514417 0.40270149] -> F: 0.12601323362494657
Punto[1.         0.42673863 0.40050552] -> F: 0.3872553158905591
Punto[1.         0.50578642 0.49894972] -> F: 0.3470364566656203
Punto[1.         0.50420546 0.49698084] -> F: 0.3518779508887334
Punto[1.         0.50262451 0.49501195] -> F: 0.3564236612318668
Punto[1.         0.50104355 0.49304307] -> F: 0.360955153612349
Punto[1.         0.4994626  0.49107419] -> F: 0.3653955355676675
Punto[1.         0.49788164 0.4891053 ] -> F: 0.36986515151118077
Punto[1.         0.49630068 0.48713642] -> F: 0.37427177896241387
Punto[1.         0.49471973 0.48516753] -> F: 0.3786525216003545
Punto[1.         0.49313877 0.48319865] -> F: 0.38304190937486876
Punto[1.         0.49155782 0.48122976] -> F: 0.3873377761045164
Punto[1.         0.48997686 0.47926088] -> F: 0.39165712161406685
Punto[1.         0.48839591 0.477292  ] -> F: 0.3959138740462415
Punto[1.         0.48681495 0.47532311] -> F: 0.40014963053488983
Punto[1.         0.48523399 0.47335423] -> F: 0.40437668265035154
Punto[1.         0.48365304 0.47138534] -> F: 0.408532102106861
Punto[1.         0.48207208 0.46941646] -> F: 0.41270704186035506
Punto[1.         0.48049113 0.46744758] -> F: 0.416802005489067
Punto[1.         0.47891017 0.46547869] -> F: 0.4208977782254844
Punto[1.         0.47732922 0.46350981] -> F: 0.42495846291839706
Punto[1.         0.47574826 0.46154092] -> F: 0.42897755875234284
Punto[1.         0.4741673  0.45957204] -> F: 0.4330018636462601
Punto[1.         0.47258635 0.45760315] -> F: 0.4369463506060307
Punto[1.         0.47100539 0.45563427] -> F: 0.43784637335427357
Punto[1.         0.46942444 0.45366539] -> F: 0.43622846799409176
Punto[1.         0.46784348 0.4516965 ] -> F: 0.4346155990159334
Punto[1.         0.46626253 0.44972762] -> F: 0.4330077664197985
Punto[1.         0.46468157 0.44775873] -> F: 0.4314049702056871
Punto[1.         0.46310061 0.44578985] -> F: 0.4298020187143729
Punto[1.         0.46151966 0.44382097] -> F: 0.42818980784961796
Punto[1.         0.4599387  0.44185208] -> F: 0.42658275767028203
Punto[1.         0.45835775 0.4398832 ] -> F: 0.4249808681763654
Punto[1.         0.45677679 0.43791431] -> F: 0.42338413936786784
Punto[1.         0.45519584 0.43594543] -> F: 0.4217925712447896
Punto[1.         0.45361488 0.43397655] -> F: 0.42020616380713055
Punto[1.         0.45203392 0.43200766] -> F: 0.4186079200911963
Punto[1.         0.45045297 0.43003878] -> F: 0.41701199616841367
Punto[1.         0.44887201 0.42806989] -> F: 0.4154213642537197
Punto[1.         0.44729106 0.42610101] -> F: 0.41383602434711425
Punto[1.         0.4457101  0.42413212] -> F: 0.41225597644859735
Punto[1.         0.44412915 0.42216324] -> F: 0.410681220558169
Punto[1.         0.44254819 0.42019436] -> F: 0.4091003927239022
Punto[1.         0.44096723 0.41822547] -> F: 0.40751585327319584
Punto[1.         0.43938628 0.41625659] -> F: 0.4059367450523612
Punto[1.         0.43780532 0.4142877 ] -> F: 0.4043630680613985
Punto[1.         0.43622437 0.41231882] -> F: 0.40279482230030755
Punto[1.         0.43464341 0.41034994] -> F: 0.4012320077690884
Punto[1.         0.43306246 0.40838105] -> F: 0.3996670371045257
Punto[1.         0.4314815  0.40641217] -> F: 0.3980941261266202
Punto[1.         0.42990054 0.40444328] -> F: 0.3957123470673228
Punto[1.         0.42831959 0.4024744 ] -> F: 0.3914821022644543
{
  "seed": 262,
  "n_per_z": 5,
  "nz": 100,
  "nd": 100,
  "n_muestras": 50,
  "best_f": 0.43784637335427357,
  "best_cp": [
    1.0,
    0.471005392748343,
    0.45563427076420115
  ],
  "best_u": [
    -0.9995065603657316,
    -0.021502144221956006,
    -0.022897457931447825
  ],
  "best_index": 26,
  "n_candidatos": 54
}
