Punto[0.         0.34660483 0.37248721] -> F: 0.0978154237689571
Punto[1.         0.37469059 0.44599707] -> F: 0.41272008717225606
Punto[2.         0.41603955 0.47570063] -> F: 0.16106425045221445
Punto[1.         0.38132219 0.42409392] -> F: 0.40269903233019094
Punto[1.         0.37482323 0.445559  ] -> F: 0.41283928043190826
Punto[1.         0.37495321 0.4451297 ] -> F: 0.4126458286377348
Punto[1.         0.37508319 0.4447004 ] -> F: 0.41245245091938176
Punto[1.         0.37521316 0.4442711 ] -> F: 0.4122591472768491
Punto[1.         0.37534314 0.4438418 ] -> F: 0.4120659177101369
Punto[1.         0.37547312 0.4434125 ] -> F: 0.4118727622192451
Punto[1.         0.3756031  0.44298319] -> F: 0.4116796808041738
Punto[1.         0.37573308 0.44255389] -> F: 0.41148667346492274
Punto[1.         0.37586306 0.44212459] -> F: 0.41129374020149223
Punto[1.         0.37599304 0.44169529] -> F: 0.41110088101388215
Punto[1.         0.37612302 0.44126599] -> F: 0.4109063236129086
Punto[1.         0.376253   0.44083669] -> F: 0.4107064709960098
Punto[1.         0.37638298 0.44040738] -> F: 0.41050669804863743
Punto[1.         0.37651296 0.43997808] -> F: 0.41030700477079135
Punto[1.         0.37664294 0.43954878] -> F: 0.4101073911624715
Punto[1.         0.37677292 0.43911948] -> F: 0.409907857223678
Punto[1.         0.3769029  0.43869018] -> F: 0.40970840295441086
Punto[1.         0.37703287 0.43826088] -> F: 0.40950902835466996
Punto[1.         0.37716285 0.43783157] -> F: 0.40930973342445537
Punto[1.         0.37729283 0.43740227] -> F: 0.40911051816376703
Punto[1.         0.37742281 0.43697297] -> F: 0.4089113825726051
Punto[1.         0.37755279 0.43654367] -> F: 0.40871232665096946
Punto[1.         0.37768277 0.43611437] -> F: 0.40851335039886016
Punto[1.         0.37781275 0.43568507] -> F: 0.40831445381627707
Punto[1.         0.37794273 0.43525576] -> F: 0.4081136512338586
Punto[1.         0.37807271 0.43482646] -> F: 0.40790774883911257
Punto[1.         0.37820269 0.43439716] -> F: 0.40770193196408533
Punto[1.         0.37833267 0.43396786] -> F: 0.4074962006087768
Punto[1.         0.37846265 0.43353856] -> F: 0.40729055477318693
Punto[1.         0.37859263 0.43310925] -> F: 0.4070849944573159
Punto[1.         0.37872261 0.43267995] -> F: 0.40687951966116354
Punto[1.         0.37885258 0.43225065] -> F: 0.40667413038472994
Punto[1.         0.37898256 0.43182135] -> F: 0.40646882662801515
Punto[1.         0.37911254 0.43139205] -> F: 0.406263608391019
Punto[1.         0.37924252 0.43096275] -> F: 0.40605847567374165
Punto[1.         0.3793725  0.43053344] -> F: 0.40585342847618294
Punto[1.         0.37950248 0.43010414] -> F: 0.40564846679834304
Punto[1.         0.37963246 0.42967484] -> F: 0.4054435906402218
Punto[1.         0.37976244 0.42924554] -> F: 0.4052359095846706
Punto[1.         0.37989242 0.42881624] -> F: 0.4050239990800699
Punto[1.         0.3800224  0.42838694] -> F: 0.40481218022396515
Punto[1.         0.38015238 0.42795763] -> F: 0.40460045301635617
Punto[1.         0.38028236 0.42752833] -> F: 0.40438881745724314
Punto[1.         0.38041234 0.42709903] -> F: 0.404177273546626
Punto[1.         0.38054231 0.42666973] -> F: 0.4039658212845048
Punto[1.         0.38067229 0.42624043] -> F: 0.4037544606708794
Punto[1.         0.38080227 0.42581113] -> F: 0.40354319170575
Punto[1.         0.38093225 0.42538182] -> F: 0.40333201438911637
Punto[1.         0.38106223 0.42495252] -> F: 0.40312092872097866
Punto[1.         0.38119221 0.42452322] -> F: 0.4029099347013369
Best centerpoint:  [1.         0.37482323 0.445559  ] Best F:  0.41283928043190826 Best u:  [-0.99802673 -0.03364484 -0.05301579] índice:  1
{
  "seed": 13717,
  "n_per_z": 5,
  "nz": 100,
  "nd": 100,
  "n_muestras": 50,
  "best_f": 0.41283928043190826,
  "best_cp": [
    1.0,
    0.3748232266028136,
    0.44555900493138406
  ],
  "best_u": [
    -0.9980267284282716,
    -0.03364484283445807,
    -0.05301578909537893
  ],
  "n_candidatos": 54
}
