Punto[0.         0.49574547 0.44293404] -> F: 0.0709593582993375
Punto[1.         0.44807893 0.45973733] -> F: 0.2801537697096231
Punto[2.         0.59736321 0.66664891] -> F: 0.14365093474777502
Punto[1.         0.54655434 0.55479147] -> F: 0.3016531308941742
Punto[1.         0.45004844 0.46163841] -> F: 0.28572726758537803
Punto[1.         0.45197856 0.46350147] -> F: 0.2915534826277325
Punto[1.         0.45390868 0.46536453] -> F: 0.29549288960686326
Punto[1.         0.45583879 0.4672276 ] -> F: 0.2987423232505659
Punto[1.         0.45776891 0.46909066] -> F: 0.3020077451898975
Punto[1.         0.45969903 0.47095372] -> F: 0.3052891554248585
Punto[1.         0.46162915 0.47281678] -> F: 0.30858655395544876
Punto[1.         0.46355927 0.47467984] -> F: 0.3120914159866108
Punto[1.         0.46548938 0.4765429 ] -> F: 0.31601607336093157
Punto[1.         0.4674195  0.47840596] -> F: 0.32036066616685277
Punto[1.         0.46934962 0.48026902] -> F: 0.32512519440437465
Punto[1.         0.47127974 0.48213209] -> F: 0.3303096580734972
Punto[1.         0.47320986 0.48399515] -> F: 0.3359140571742206
Punto[1.         0.47513997 0.48585821] -> F: 0.34193839170654455
Punto[1.         0.47707009 0.48772127] -> F: 0.34752351572298534
Punto[1.         0.47900021 0.48958433] -> F: 0.3516083200750183
Punto[1.         0.48093033 0.49144739] -> F: 0.35544177782519315
Punto[1.         0.48286045 0.49331045] -> F: 0.3590297676872038
Punto[1.         0.48479056 0.49517351] -> F: 0.36264365485615613
Punto[1.         0.48672068 0.49703658] -> F: 0.3665550679654333
Punto[1.         0.4886508  0.49889964] -> F: 0.3681120112941082
Punto[1.         0.49058092 0.5007627 ] -> F: 0.36584756079290814
Punto[1.         0.49251104 0.50262576] -> F: 0.3635921177992484
Punto[1.         0.49444115 0.50448882] -> F: 0.36134568231312847
Punto[1.         0.49637127 0.50635188] -> F: 0.35910825433454874
Punto[1.         0.49830139 0.50821494] -> F: 0.35685745897936155
Punto[1.         0.50023151 0.510078  ] -> F: 0.35459881201038435
Punto[1.         0.50216163 0.51194106] -> F: 0.3523494952611934
Punto[1.         0.50409174 0.51380413] -> F: 0.350109508731789
Punto[1.         0.50602186 0.51566719] -> F: 0.3478788524221706
Punto[1.         0.50795198 0.51753025] -> F: 0.3456575263323385
Punto[1.         0.5098821  0.51939331] -> F: 0.34343984316577375
Punto[1.         0.51181222 0.52125637] -> F: 0.34119726290974955
Punto[1.         0.51374233 0.52311943] -> F: 0.3389643550395869
Punto[1.         0.51567245 0.52498249] -> F: 0.336741119555286
Punto[1.         0.51760257 0.52684555] -> F: 0.3345275564568468
Punto[1.         0.51953269 0.52870862] -> F: 0.332323665744269
Punto[1.         0.52146281 0.53057168] -> F: 0.33012944741755307
Punto[1.         0.52339292 0.53243474] -> F: 0.3279059589015697
Punto[1.         0.52532304 0.5342978 ] -> F: 0.32569079338401224
Punto[1.         0.52725316 0.53616086] -> F: 0.3234856643828142
Punto[1.         0.52918328 0.53802392] -> F: 0.3212905718979756
Punto[1.         0.5311134  0.53988698] -> F: 0.3191055159294962
Punto[1.         0.53304351 0.54175004] -> F: 0.31693049647737637
Punto[1.         0.53497363 0.54361311] -> F: 0.314724447239678
Punto[1.         0.53690375 0.54547617] -> F: 0.31252842626748106
Punto[1.         0.53883387 0.54733923] -> F: 0.3103428308401955
Punto[1.         0.54076399 0.54920229] -> F: 0.3081676609578217
Punto[1.         0.5426941  0.55106535] -> F: 0.30600291662035933
Punto[1.         0.54462422 0.55292841] -> F: 0.3038393664650859
Best centerpoint:  [1.         0.4886508  0.49889964] Best F:  0.3681120112941082 Best u:  [-0.70710678  0.30107142  0.63980934] índice:  21
{
  "seed": 10454,
  "n_per_z": 5,
  "nz": 100,
  "nd": 100,
  "n_muestras": 50,
  "best_f": 0.3681120112941082,
  "best_cp": [
    1.0,
    0.48865080042310155,
    0.4988996365449291
  ],
  "best_u": [
    -0.7071067811865475,
    0.3010714243544671,
    0.6398093445997585
  ],
  "n_candidatos": 54
}
