Punto[0.         0.57247973 0.35312555] -> F: 0.10947801223644964
Punto[1.         0.50511235 0.49511775] -> F: 0.37551586928440117
Punto[2.         0.66285111 0.47782767] -> F: 0.13183047322863065
Punto[1.         0.61766542 0.41547661] -> F: 0.38845171748459983
Punto[1.         0.50736341 0.49352493] -> F: 0.37967093706185717
Punto[1.         0.50956945 0.49196396] -> F: 0.38375603127533525
Punto[1.         0.51177549 0.490403  ] -> F: 0.38784122047161196
Punto[1.         0.51398153 0.48884203] -> F: 0.3919466934574779
Punto[1.         0.51618757 0.48728106] -> F: 0.3960724502329333
Punto[1.         0.51839361 0.4857201 ] -> F: 0.40021849079797794
Punto[1.         0.52059965 0.48415913] -> F: 0.40438481515261193
Punto[1.         0.52280569 0.48259817] -> F: 0.4085714232968352
Punto[1.         0.52501173 0.4810372 ] -> F: 0.4127783152306479
Punto[1.         0.52721777 0.47947623] -> F: 0.41682399405978127
Punto[1.         0.52942381 0.47791527] -> F: 0.4203427832113577
Punto[1.         0.53162985 0.4763543 ] -> F: 0.4238277191300523
Punto[1.         0.53383589 0.47479333] -> F: 0.4272472799255075
Punto[1.         0.53604193 0.47323237] -> F: 0.4305981422644482
Punto[1.         0.53824797 0.4716714 ] -> F: 0.4338944551998876
Punto[1.         0.54045401 0.47011043] -> F: 0.4371518213630883
Punto[1.         0.54266005 0.46854947] -> F: 0.44037023518146384
Punto[1.         0.54486609 0.4669885 ] -> F: 0.44354994015645727
Punto[1.         0.54707214 0.46542754] -> F: 0.4463229803912749
Punto[1.         0.54927818 0.46386657] -> F: 0.4445693702579248
Punto[1.         0.55148422 0.4623056 ] -> F: 0.4428203991335886
Punto[1.         0.55369026 0.46074464] -> F: 0.4410760670182666
Punto[1.         0.5558963  0.45918367] -> F: 0.43933637391195884
Punto[1.         0.55810234 0.4576227 ] -> F: 0.4376013198146651
Punto[1.         0.56030838 0.45606174] -> F: 0.43587090472638546
Punto[1.         0.56251442 0.45450077] -> F: 0.43414512864712
Punto[1.         0.56472046 0.4529398 ] -> F: 0.43242330097813914
Punto[1.         0.5669265  0.45137884] -> F: 0.43070305388653807
Punto[1.         0.56913254 0.44981787] -> F: 0.4289874661280187
Punto[1.         0.57133858 0.44825691] -> F: 0.4272765377025809
Punto[1.         0.57354462 0.44669594] -> F: 0.4255702686102248
Punto[1.         0.57575066 0.44513497] -> F: 0.42386865885095004
Punto[1.         0.5779567  0.44357401] -> F: 0.42217170842475715
Punto[1.         0.58016274 0.44201304] -> F: 0.4204794173316456
Punto[1.         0.58236878 0.44045207] -> F: 0.4187917855716157
Punto[1.         0.58457482 0.43889111] -> F: 0.41710881314466763
Punto[1.         0.58678086 0.43733014] -> F: 0.41543050005080095
Punto[1.         0.5889869  0.43576917] -> F: 0.41375684629001575
Punto[1.         0.59119294 0.43420821] -> F: 0.4120878518623124
Punto[1.         0.59339898 0.43264724] -> F: 0.41042351676769045
Punto[1.         0.59560502 0.43108628] -> F: 0.40876384100615026
Punto[1.         0.59781106 0.42952531] -> F: 0.40710882457769143
Punto[1.         0.6000171  0.42796434] -> F: 0.4054584674823144
Punto[1.         0.60222314 0.42640338] -> F: 0.40381276972001884
Punto[1.         0.60442918 0.42484241] -> F: 0.4021717312908049
Punto[1.         0.60663522 0.42328144] -> F: 0.4003385001682918
Punto[1.         0.60884126 0.42172048] -> F: 0.39806804094871456
Punto[1.         0.6110473  0.42015951] -> F: 0.39581310655402063
Punto[1.         0.61325334 0.41859854] -> F: 0.39357369698420963
Punto[1.         0.61545938 0.41703758] -> F: 0.39102133104205683
{
  "seed": 2995,
  "n_per_z": 10,
  "nz": 100,
  "nd": 100,
  "n_muestras": 50,
  "best_f": 0.4463229803912749,
  "best_cp": [
    1.0,
    0.547072135176647,
    0.4654275351092525
  ],
  "best_u": [
    -0.9980267284282716,
    0.04961424373576064,
    -0.03848475232205113
  ],
  "best_index": 22,
  "n_candidatos": 54
}
