Punto[0.         0.52896574 0.34996685] -> F: 0.09537846723357483
Punto[1.         0.55290913 0.47693847] -> F: 0.40042209194278694
Punto[2.         0.53342655 0.62426844] -> F: 0.17510654699073638
Punto[1.         0.53119615 0.48711765] -> F: 0.38925788551051455
Punto[1.         0.55247487 0.47714206] -> F: 0.4001928134790661
Punto[1.         0.5520493  0.47734157] -> F: 0.3999683086335182
Punto[1.         0.55162372 0.47754108] -> F: 0.39974398993738436
Punto[1.         0.55119815 0.47774059] -> F: 0.3995198573906657
Punto[1.         0.55077257 0.4779401 ] -> F: 0.39929591099336126
Punto[1.         0.550347   0.47813962] -> F: 0.3990721507454716
Punto[1.         0.54992142 0.47833913] -> F: 0.39884862833130386
Punto[1.         0.54949585 0.47853864] -> F: 0.3986263927423767
Punto[1.         0.54907027 0.47873815] -> F: 0.3984058569210711
Punto[1.         0.5486447  0.47893766] -> F: 0.3981870208673869
Punto[1.         0.54821913 0.47913718] -> F: 0.39796988458132443
Punto[1.         0.54779355 0.47933669] -> F: 0.3977544480628837
Punto[1.         0.54736798 0.4795362 ] -> F: 0.39754071131206425
Punto[1.         0.5469424  0.47973571] -> F: 0.39732867432886654
Punto[1.         0.54651683 0.47993522] -> F: 0.3971183371132903
Punto[1.         0.54609125 0.48013473] -> F: 0.3969096996653356
Punto[1.         0.54566568 0.48033425] -> F: 0.39670276198500276
Punto[1.         0.5452401  0.48053376] -> F: 0.39649752407229116
Punto[1.         0.54481453 0.48073327] -> F: 0.39629398592720133
Punto[1.         0.54438895 0.48093278] -> F: 0.396092147549733
Punto[1.         0.54396338 0.48113229] -> F: 0.39589200893988635
Punto[1.         0.54353781 0.4813318 ] -> F: 0.39569357009766104
Punto[1.         0.54311223 0.48153132] -> F: 0.39549683102305744
Punto[1.         0.54268666 0.48173083] -> F: 0.3953017917160755
Punto[1.         0.54226108 0.48193034] -> F: 0.3951084521767151
Punto[1.         0.54183551 0.48212985] -> F: 0.39491681240497617
Punto[1.         0.54140993 0.48232936] -> F: 0.3947268724008589
Punto[1.         0.54098436 0.48252888] -> F: 0.3945386321643632
Punto[1.         0.54055878 0.48272839] -> F: 0.3943181569582967
Punto[1.         0.54013321 0.4829279 ] -> F: 0.3940829948060067
Punto[1.         0.53970764 0.48312741] -> F: 0.3938480200442999
Punto[1.         0.53928206 0.48332692] -> F: 0.3936132326731767
Punto[1.         0.53885649 0.48352643] -> F: 0.3933786326926369
Punto[1.         0.53843091 0.48372595] -> F: 0.3931442201026807
Punto[1.         0.53800534 0.48392546] -> F: 0.3929099949033078
Punto[1.         0.53757976 0.48412497] -> F: 0.3926759570945182
Punto[1.         0.53715419 0.48432448] -> F: 0.3924421066763123
Punto[1.         0.53672861 0.48452399] -> F: 0.39220844364868973
Punto[1.         0.53630304 0.48472351] -> F: 0.3919749680116508
Punto[1.         0.53587747 0.48492302] -> F: 0.3917416797651952
Punto[1.         0.53545189 0.48512253] -> F: 0.391508578909323
Punto[1.         0.53502632 0.48532204] -> F: 0.3912756654440343
Punto[1.         0.53460074 0.48552155] -> F: 0.39104293936932916
Punto[1.         0.53417517 0.48572106] -> F: 0.39081040068520717
Punto[1.         0.53374959 0.48592058] -> F: 0.39057804939166885
Punto[1.         0.53332402 0.48612009] -> F: 0.39034665661384954
Punto[1.         0.53289844 0.4863196 ] -> F: 0.3901195540368993
Punto[1.         0.53247287 0.48651911] -> F: 0.3898971256380904
Punto[1.         0.5320473  0.48671862] -> F: 0.3896793714174234
Punto[1.         0.53162172 0.48691813] -> F: 0.3894662913748981
{
  "seed": 1161,
  "n_per_z": 10,
  "nz": 100,
  "nd": 100,
  "n_muestras": 50,
  "best_f": 0.40042209194278694,
  "best_cp": [
    1.0,
    0.5529091297482015,
    0.47693847409474777
  ],
  "best_u": [
    -0.2789911060392295,
    -0.7768939113036009,
    -0.5644464663104908
  ],
  "best_index": 1,
  "n_candidatos": 54
}
