Punto[0.         0.68382197 0.48624008] -> F: 0.11638194369985012
Punto[1.         0.50061881 0.48422054] -> F: 0.3893176542677177
Punto[2.         0.38948437 0.57998667] -> F: 0.13112900425872617
Punto[1.         0.53665317 0.53311338] -> F: 0.40186863321137223
Punto[1.         0.5013395  0.48519839] -> F: 0.39230569874065613
Punto[1.         0.50204577 0.48615669] -> F: 0.3952397360588637
Punto[1.         0.50275205 0.48711499] -> F: 0.39817911917836657
Punto[1.         0.50345832 0.48807329] -> F: 0.40112382466132795
Punto[1.         0.50416459 0.48903159] -> F: 0.4040738525077472
Punto[1.         0.50487087 0.48998989] -> F: 0.40702920271762494
Punto[1.         0.50557714 0.49094819] -> F: 0.40998987529096076
Punto[1.         0.50628341 0.49190649] -> F: 0.41295587022775465
Punto[1.         0.50698969 0.49286479] -> F: 0.41592718752800717
Punto[1.         0.50769596 0.49382309] -> F: 0.4189038271917178
Punto[1.         0.50840223 0.49478139] -> F: 0.42188578921888653
Punto[1.         0.50910851 0.49573969] -> F: 0.4248730736095136
Punto[1.         0.50981478 0.49669799] -> F: 0.42786568036359884
Punto[1.         0.51052105 0.49765629] -> F: 0.4308636094811425
Punto[1.         0.51122733 0.49861459] -> F: 0.43386059443870606
Punto[1.         0.5119336  0.49957289] -> F: 0.4368478351903638
Punto[1.         0.51263987 0.50053119] -> F: 0.4398402567298518
Punto[1.         0.51334615 0.50148949] -> F: 0.44283785905717027
Punto[1.         0.51405242 0.50244779] -> F: 0.44584064217231856
Punto[1.         0.5147587  0.50340609] -> F: 0.4488486060752965
Punto[1.         0.51546497 0.50436439] -> F: 0.44931175172331445
Punto[1.         0.51617124 0.50532269] -> F: 0.4480017495174259
Punto[1.         0.51687752 0.50628099] -> F: 0.44670139957217236
Punto[1.         0.51758379 0.50723929] -> F: 0.4454107018875543
Punto[1.         0.51829006 0.50819759] -> F: 0.4440591088769336
Punto[1.         0.51899634 0.50915589] -> F: 0.442680792593485
Punto[1.         0.51970261 0.51011418] -> F: 0.4412311110992821
Punto[1.         0.52040888 0.51107248] -> F: 0.4397873793639379
Punto[1.         0.52111516 0.51203078] -> F: 0.43823021190901257
Punto[1.         0.52182143 0.51298908] -> F: 0.4366858888668067
Punto[1.         0.5225277  0.51394738] -> F: 0.43515441023731954
Punto[1.         0.52323398 0.51490568] -> F: 0.4336357760205516
Punto[1.         0.52394025 0.51586398] -> F: 0.43212998621650245
Punto[1.         0.52464652 0.51682228] -> F: 0.43063704082517223
Punto[1.         0.5253528  0.51778058] -> F: 0.42915693984656117
Punto[1.         0.52605907 0.51873888] -> F: 0.4275213118883827
Punto[1.         0.52676534 0.51969718] -> F: 0.42570759086441107
Punto[1.         0.52747162 0.52065548] -> F: 0.42392545916482843
Punto[1.         0.52817789 0.52161378] -> F: 0.4221749167896344
Punto[1.         0.52888416 0.52257208] -> F: 0.42045596373882915
Punto[1.         0.52959044 0.52353038] -> F: 0.41876860001241245
Punto[1.         0.53029671 0.52448868] -> F: 0.4171128256103847
Punto[1.         0.53100298 0.52544698] -> F: 0.41548864053274565
Punto[1.         0.53170926 0.52640528] -> F: 0.41389604477949493
Punto[1.         0.53241553 0.52736358] -> F: 0.4122785960091378
Punto[1.         0.5331218  0.52832188] -> F: 0.4105407105802768
Punto[1.         0.53382808 0.52928018] -> F: 0.40882138408080254
Punto[1.         0.53453435 0.53023848] -> F: 0.40712061651071546
Punto[1.         0.53524062 0.53119678] -> F: 0.4054384078700154
Punto[1.         0.5359469  0.53215508] -> F: 0.4037747581587024
Best centerpoint:  [1.         0.51546497 0.50436439] Best F:  0.44931175172331445 Best u:  [-0.24868989  0.32809585  0.91132127] índice:  21
{
  "seed": 4365,
  "n_per_z": 5,
  "nz": 100,
  "nd": 100,
  "n_muestras": 50,
  "best_f": 0.44931175172331445,
  "best_cp": [
    1.0,
    0.5154649686612173,
    0.504364386796347
  ],
  "best_u": [
    -0.24868988716485485,
    0.32809584558532257,
    0.9113212694388209
  ],
  "n_candidatos": 54
}
