Punto[0.         0.52472849 0.48786888] -> F: 0.1419020361831835
Punto[1.         0.45732782 0.55210514] -> F: 0.39870513967567356
Punto[2.         0.46790544 0.51101956] -> F: 0.1056313277055714
Punto[1.         0.49631697 0.49944422] -> F: 0.4185913271018452
Punto[1.         0.4581076  0.55105192] -> F: 0.40080905276707285
Punto[1.         0.45887179 0.55001977] -> F: 0.40287599150148284
Punto[1.         0.45963597 0.54898762] -> F: 0.40494798258613734
Punto[1.         0.46040016 0.54795546] -> F: 0.4070250260210361
Punto[1.         0.46116435 0.54692331] -> F: 0.40910712180617914
Punto[1.         0.46192854 0.54589115] -> F: 0.41119426994156666
Punto[1.         0.46269272 0.544859  ] -> F: 0.4132864704271986
Punto[1.         0.46345691 0.54382685] -> F: 0.41538372326307493
Punto[1.         0.4642211  0.54279469] -> F: 0.4174860284491955
Punto[1.         0.46498529 0.54176254] -> F: 0.4195933859855608
Punto[1.         0.46574947 0.54073038] -> F: 0.4217057958721703
Punto[1.         0.46651366 0.53969823] -> F: 0.4238232581090243
Punto[1.         0.46727785 0.53866608] -> F: 0.42594577269612255
Punto[1.         0.46804204 0.53763392] -> F: 0.4280643057481506
Punto[1.         0.46880622 0.53660177] -> F: 0.4301475510838749
Punto[1.         0.46957041 0.53556961] -> F: 0.4322359442453247
Punto[1.         0.4703346  0.53453746] -> F: 0.4343294852324994
Punto[1.         0.47109879 0.5335053 ] -> F: 0.43642817404539963
Punto[1.         0.47186297 0.53247315] -> F: 0.4372040728917954
Punto[1.         0.47262716 0.531441  ] -> F: 0.43714963137675494
Punto[1.         0.47339135 0.53040884] -> F: 0.4370798567775522
Punto[1.         0.47415553 0.52937669] -> F: 0.4369824791202189
Punto[1.         0.47491972 0.52834453] -> F: 0.43688512294137355
Punto[1.         0.47568391 0.52731238] -> F: 0.4367138226727869
Punto[1.         0.4764481  0.52628023] -> F: 0.4365108060647465
Punto[1.         0.47721228 0.52524807] -> F: 0.43630791090034965
Punto[1.         0.47797647 0.52421592] -> F: 0.4361019278428804
Punto[1.         0.47874066 0.52318376] -> F: 0.4358592904803633
Punto[1.         0.47950485 0.52215161] -> F: 0.4356168241921182
Punto[1.         0.48026903 0.52111946] -> F: 0.43537452897814466
Punto[1.         0.48103322 0.5200873 ] -> F: 0.435132404838443
Punto[1.         0.48179741 0.51905515] -> F: 0.4348904517730131
Punto[1.         0.4825616  0.51802299] -> F: 0.4343866709147529
Punto[1.         0.48332578 0.51699084] -> F: 0.43351509927889653
Punto[1.         0.48408997 0.51595869] -> F: 0.4326443102818719
Punto[1.         0.48485416 0.51492653] -> F: 0.4317743039236788
Punto[1.         0.48561834 0.51389438] -> F: 0.43090508020431734
Punto[1.         0.48638253 0.51286222] -> F: 0.4300366391237876
Punto[1.         0.48714672 0.51183007] -> F: 0.4291568622885514
Punto[1.         0.48791091 0.51079792] -> F: 0.4282756740519337
Punto[1.         0.48867509 0.50976576] -> F: 0.4273952945432648
Punto[1.         0.48943928 0.50873361] -> F: 0.4265157237625444
Punto[1.         0.49020347 0.50770145] -> F: 0.4256369617097727
Punto[1.         0.49096766 0.5066693 ] -> F: 0.4247590083849496
Punto[1.         0.49173184 0.50563715] -> F: 0.42388186378807524
Punto[1.         0.49249603 0.50460499] -> F: 0.4230055279191496
Punto[1.         0.49326022 0.50357284] -> F: 0.4221300007781726
Punto[1.         0.49402441 0.50254068] -> F: 0.4212534273421561
Punto[1.         0.49478859 0.50150853] -> F: 0.42036522518228914
Punto[1.         0.49555278 0.50047637] -> F: 0.41947785843551877
Best centerpoint:  [1.         0.47186297 0.53247315] Best F:  0.4372040728917954 Best u:  [0.27899111 0.79424025 0.53976512] índice:  19
{
  "seed": 15521,
  "n_per_z": 5,
  "nz": 100,
  "nd": 100,
  "n_muestras": 50,
  "best_f": 0.4372040728917954,
  "best_cp": [
    1.0,
    0.47186297253913945,
    0.5324731508164103
  ],
  "best_u": [
    0.2789911060392295,
    0.7942402530219216,
    0.5397651185753682
  ],
  "n_candidatos": 54
}
