Punto[0.         0.44767621 0.50495828] -> F: 0.12169308610819937
Punto[1.         0.51362923 0.55945444] -> F: 0.43904543794256795
Punto[2.         0.60892862 0.53363299] -> F: 0.14380701478877628
Punto[1.         0.52830242 0.51929564] -> F: 0.45801316209611287
Punto[1.         0.51392269 0.55865127] -> F: 0.4403371413528366
Punto[1.         0.51421029 0.55786416] -> F: 0.4416044543273999
Punto[1.         0.51449788 0.55707704] -> F: 0.44287319635231714
Punto[1.         0.51478548 0.55628993] -> F: 0.44414336742758803
Punto[1.         0.51507307 0.55550282] -> F: 0.4454149675532126
Punto[1.         0.51536067 0.55471571] -> F: 0.4466879967291908
Punto[1.         0.51564826 0.55392859] -> F: 0.44796245495552284
Punto[1.         0.51593586 0.55314148] -> F: 0.4492383422322088
Punto[1.         0.51622345 0.55235437] -> F: 0.4505156585592483
Punto[1.         0.51651105 0.55156726] -> F: 0.4517944039366416
Punto[1.         0.51679864 0.55078014] -> F: 0.45307457836438864
Punto[1.         0.51708623 0.54999303] -> F: 0.4543561818424893
Punto[1.         0.51737383 0.54920592] -> F: 0.45563921437094373
Punto[1.         0.51766142 0.5484188 ] -> F: 0.4569236759497519
Punto[1.         0.51794902 0.54763169] -> F: 0.4582095665789139
Punto[1.         0.51823661 0.54684458] -> F: 0.4594968745919151
Punto[1.         0.51852421 0.54605747] -> F: 0.4607852578695294
Punto[1.         0.5188118  0.54527035] -> F: 0.46207455794670865
Punto[1.         0.5190994  0.54448324] -> F: 0.4633647748234524
Punto[1.         0.51938699 0.54369613] -> F: 0.4646559084997611
Punto[1.         0.51967458 0.54290902] -> F: 0.46594795897563435
Punto[1.         0.51996218 0.5421219 ] -> F: 0.46724092625107233
Punto[1.         0.52024977 0.54133479] -> F: 0.468534810326075
Punto[1.         0.52053737 0.54054768] -> F: 0.4682290939457776
Punto[1.         0.52082496 0.53976057] -> F: 0.46785061877230777
Punto[1.         0.52111256 0.53897345] -> F: 0.4674723786517238
Punto[1.         0.52140015 0.53818634] -> F: 0.4670943735840258
Punto[1.         0.52168775 0.53739923] -> F: 0.46671660356921363
Punto[1.         0.52197534 0.53661212] -> F: 0.46633906860728735
Punto[1.         0.52226293 0.535825  ] -> F: 0.4659617686982468
Punto[1.         0.52255053 0.53503789] -> F: 0.46558470384209233
Punto[1.         0.52283812 0.53425078] -> F: 0.46520787403882363
Punto[1.         0.52312572 0.53346367] -> F: 0.4648312792884408
Punto[1.         0.52341331 0.53267655] -> F: 0.4644549195909439
Punto[1.         0.52370091 0.53188944] -> F: 0.46407879494633286
Punto[1.         0.5239885  0.53110233] -> F: 0.4637029053546077
Punto[1.         0.5242761  0.53031522] -> F: 0.4633272508157685
Punto[1.         0.52456369 0.5295281 ] -> F: 0.46295183132981504
Punto[1.         0.52485128 0.52874099] -> F: 0.4625766468967474
Punto[1.         0.52513888 0.52795388] -> F: 0.46220169751656576
Punto[1.         0.52542647 0.52716676] -> F: 0.4618269831892699
Punto[1.         0.52571407 0.52637965] -> F: 0.46145250391486003
Punto[1.         0.52600166 0.52559254] -> F: 0.4610755012823242
Punto[1.         0.52628926 0.52480543] -> F: 0.4606918431809919
Punto[1.         0.52657685 0.52401831] -> F: 0.46030843242338976
Punto[1.         0.52686445 0.5232312 ] -> F: 0.45992526900951786
Punto[1.         0.52715204 0.52244409] -> F: 0.4595423529393763
Punto[1.         0.52743964 0.52165698] -> F: 0.45915968421296505
Punto[1.         0.52772723 0.52086986] -> F: 0.458777262830284
Punto[1.         0.52801482 0.52008275] -> F: 0.45839508879133334
{
  "seed": 13048,
  "n_per_z": 10,
  "nz": 100,
  "nd": 100,
  "n_muestras": 50,
  "best_f": 0.468534810326075,
  "best_cp": [
    1.0,
    0.5202497733383366,
    0.5413347914734304
  ],
  "best_u": [
    -0.0627905195293134,
    -0.5347694631970945,
    0.8426618372094054
  ],
  "best_index": 26,
  "n_candidatos": 54
}
