Punto[0.         0.40981783 0.36577351] -> F: 0.15215694791765147
Punto[1.         0.47308609 0.37673466] -> F: 0.370407002224191
Punto[2.         0.48041527 0.3131483 ] -> F: 0.08762216345782572
Punto[1.         0.44511655 0.33946091] -> F: 0.377137700175101
Punto[1.         0.4725267  0.37598919] -> F: 0.3716449799987393
Punto[1.         0.47197849 0.37525862] -> F: 0.3729922319776953
Punto[1.         0.47143029 0.37452806] -> F: 0.3744721638401879
Punto[1.         0.47088209 0.37379749] -> F: 0.37608477558621667
Punto[1.         0.47033388 0.37306693] -> F: 0.37781219984379494
Punto[1.         0.46978568 0.37233636] -> F: 0.37955442162719993
Punto[1.         0.46923748 0.37160579] -> F: 0.3812959151789927
Punto[1.         0.46868928 0.37087523] -> F: 0.3830366804991735
Punto[1.         0.46814107 0.37014466] -> F: 0.38477671758774223
Punto[1.         0.46759287 0.3694141 ] -> F: 0.3862566007639239
Punto[1.         0.46704467 0.36868353] -> F: 0.38775470283524993
Punto[1.         0.46649646 0.36795297] -> F: 0.3892783006701073
Punto[1.         0.46594826 0.3672224 ] -> F: 0.3903438009940153
Punto[1.         0.46540006 0.36649183] -> F: 0.3912884498193273
Punto[1.         0.46485185 0.36576127] -> F: 0.39218490870036465
Punto[1.         0.46430365 0.3650307 ] -> F: 0.39308118395879166
Punto[1.         0.46375545 0.36430014] -> F: 0.3939772755946086
Punto[1.         0.46320725 0.36356957] -> F: 0.3948731836078153
Punto[1.         0.46265904 0.36283901] -> F: 0.395768907998412
Punto[1.         0.46211084 0.36210844] -> F: 0.3966644487663986
Punto[1.         0.46156264 0.36137787] -> F: 0.39755980591177487
Punto[1.         0.46101443 0.36064731] -> F: 0.3984549794345411
Punto[1.         0.46046623 0.35991674] -> F: 0.39934996933469713
Punto[1.         0.45991803 0.35918618] -> F: 0.4002447756122431
Punto[1.         0.45936982 0.35845561] -> F: 0.40113939826717876
Punto[1.         0.45882162 0.35772505] -> F: 0.40205300196208577
Punto[1.         0.45827342 0.35699448] -> F: 0.40300798488379364
Punto[1.         0.45772522 0.35626392] -> F: 0.4039683430167871
Punto[1.         0.45717701 0.35553335] -> F: 0.4033755736617786
Punto[1.         0.45662881 0.35480278] -> F: 0.40212233566515215
Punto[1.         0.45608061 0.35407222] -> F: 0.40087536962160303
Punto[1.         0.4555324  0.35334165] -> F: 0.3996346755311314
Punto[1.         0.4549842  0.35261109] -> F: 0.39840025339373697
Punto[1.         0.454436   0.35188052] -> F: 0.39717210320942004
Punto[1.         0.4538878  0.35114996] -> F: 0.39595022497818055
Punto[1.         0.45333959 0.35041939] -> F: 0.394729272895231
Punto[1.         0.45279139 0.34968882] -> F: 0.3935033620453175
Punto[1.         0.45224319 0.34895826] -> F: 0.3922850425290094
Punto[1.         0.45169498 0.34822769] -> F: 0.3910743143463068
Punto[1.         0.45114678 0.34749713] -> F: 0.3898711774972096
Punto[1.         0.45059858 0.34676656] -> F: 0.38867563198171795
Punto[1.         0.45005037 0.346036  ] -> F: 0.38748767779983156
Punto[1.         0.44950217 0.34530543] -> F: 0.38630731495155085
Punto[1.         0.44895397 0.34457486] -> F: 0.38513454343687553
Punto[1.         0.44840577 0.3438443 ] -> F: 0.3839693632558057
Punto[1.         0.44785756 0.34311373] -> F: 0.38281177440834124
Punto[1.         0.44730936 0.34238317] -> F: 0.3816617768944824
Punto[1.         0.44676116 0.3416526 ] -> F: 0.3805193707142288
Punto[1.         0.44621295 0.34092204] -> F: 0.37938455586758085
Punto[1.         0.44566475 0.34019147] -> F: 0.3782573323545383
Best centerpoint:  [1.         0.45772522 0.35626392] Best F:  0.4039683430167871 Best u:  [0.18738131 0.52633583 0.82937256] índice:  28
{
  "seed": 19806,
  "n_per_z": 5,
  "nz": 100,
  "nd": 100,
  "n_muestras": 50,
  "best_f": 0.4039683430167871,
  "best_cp": [
    1.0,
    0.4577252161317971,
    0.3562639152556863
  ],
  "best_u": [
    0.18738131458572474,
    0.5263358293066832,
    0.8293725566548314
  ],
  "n_candidatos": 54
}
