Punto[0.         0.44424883 0.49459706] -> F: 0.17933791764775747
Punto[1.         0.52139768 0.48306693] -> F: 0.4168182072877306
Punto[2.         0.61970103 0.52398101] -> F: 0.11277174263987898
Punto[1.         0.53197493 0.50928903] -> F: 0.40366312143817107
Punto[1.         0.52160923 0.48359137] -> F: 0.416942878911425
Punto[1.         0.52181654 0.48410532] -> F: 0.4170204499907606
Punto[1.         0.52202385 0.48461927] -> F: 0.4170980333230129
Punto[1.         0.52223117 0.48513323] -> F: 0.4168722073218195
Punto[1.         0.52243848 0.48564718] -> F: 0.4165939889434635
Punto[1.         0.5226458  0.48616113] -> F: 0.41631585390839204
Punto[1.         0.52285311 0.48667509] -> F: 0.4160378022166052
Punto[1.         0.52306043 0.48718904] -> F: 0.4157598338681029
Punto[1.         0.52326774 0.48770299] -> F: 0.4154809449955933
Punto[1.         0.52347505 0.48821695] -> F: 0.41520003077019735
Punto[1.         0.52368237 0.4887309 ] -> F: 0.41491920176662017
Punto[1.         0.52388968 0.48924485] -> F: 0.4146384579848619
Punto[1.         0.524097   0.48975881] -> F: 0.41435779942492246
Punto[1.         0.52430431 0.49027276] -> F: 0.41407722608680186
Punto[1.         0.52451162 0.49078671] -> F: 0.41379673797050026
Punto[1.         0.52471894 0.49130067] -> F: 0.4135163350760175
Punto[1.         0.52492625 0.49181462] -> F: 0.4132360174033536
Punto[1.         0.52513357 0.49232857] -> F: 0.41295578495250856
Punto[1.         0.52534088 0.49284253] -> F: 0.4126756377234823
Punto[1.         0.52554819 0.49335648] -> F: 0.412395575716275
Punto[1.         0.52575551 0.49387043] -> F: 0.41211559893088645
Punto[1.         0.52596282 0.49438439] -> F: 0.4118357073673169
Punto[1.         0.52617014 0.49489834] -> F: 0.4115559010255662
Punto[1.         0.52637745 0.49541229] -> F: 0.4112761799056344
Punto[1.         0.52658476 0.49592625] -> F: 0.4109965440075213
Punto[1.         0.52679208 0.4964402 ] -> F: 0.4107169933312272
Punto[1.         0.52699939 0.49695415] -> F: 0.41043743412565553
Punto[1.         0.52720671 0.49746811] -> F: 0.41015493651930013
Punto[1.         0.52741402 0.49798206] -> F: 0.40987252604752883
Punto[1.         0.52762133 0.49849601] -> F: 0.40959020271034124
Punto[1.         0.52782865 0.49900997] -> F: 0.40930796650773765
Punto[1.         0.52803596 0.49952392] -> F: 0.409025817439718
Punto[1.         0.52824328 0.50003787] -> F: 0.4087437555062822
Punto[1.         0.52845059 0.50055183] -> F: 0.4084617807074303
Punto[1.         0.5286579  0.50106578] -> F: 0.40817989304316227
Punto[1.         0.52886522 0.50157973] -> F: 0.4078980925134783
Punto[1.         0.52907253 0.50209369] -> F: 0.407616379118378
Punto[1.         0.52927985 0.50260764] -> F: 0.4073347528578617
Punto[1.         0.52948716 0.50312159] -> F: 0.4070532137319293
Punto[1.         0.52969447 0.50363554] -> F: 0.40677176174058083
Punto[1.         0.52990179 0.5041495 ] -> F: 0.4064903968838163
Punto[1.         0.5301091  0.50466345] -> F: 0.40620911916163566
Punto[1.         0.53031642 0.5051774 ] -> F: 0.405927928574039
Punto[1.         0.53052373 0.50569136] -> F: 0.40564682512102607
Punto[1.         0.53073104 0.50620531] -> F: 0.4053658088025971
Punto[1.         0.53093836 0.50671926] -> F: 0.4050820734020522
Punto[1.         0.53114567 0.50723322] -> F: 0.4047981048366345
Punto[1.         0.53135299 0.50774717] -> F: 0.4045142253575376
Punto[1.         0.5315603  0.50826112] -> F: 0.40423043496476135
Punto[1.         0.53176762 0.50877508] -> F: 0.4039467336583059
{
  "seed": 12846,
  "n_per_z": 10,
  "nz": 100,
  "nd": 100,
  "n_muestras": 50,
  "best_f": 0.4170980333230129,
  "best_cp": [
    1.0,
    0.5220238549214187,
    0.48461927459269877
  ],
  "best_u": [
    0.48175367410171543,
    0.7089469964397751,
    -0.5150801430151619
  ],
  "best_index": 6,
  "n_candidatos": 54
}
