Punto[0.         0.472853   0.58128447] -> F: 0.11598932698569164
Punto[1.         0.52138209 0.47784474] -> F: 0.40756702841617465
Punto[2.         0.42826988 0.41755427] -> F: 0.14653996881522702
Punto[1.         0.45056144 0.49941937] -> F: 0.4178918778201816
Punto[1.         0.51996568 0.47827623] -> F: 0.4099289316406173
Punto[1.         0.51857759 0.47869909] -> F: 0.4122476746951069
Punto[1.         0.51718951 0.47912195] -> F: 0.41457045445327917
Punto[1.         0.51580142 0.47954482] -> F: 0.4168972709151336
Punto[1.         0.51441334 0.47996768] -> F: 0.41904832338644843
Punto[1.         0.51302525 0.48039054] -> F: 0.42118975303369316
Punto[1.         0.51163717 0.48081341] -> F: 0.4233349935119649
Punto[1.         0.51024908 0.48123627] -> F: 0.4254840448212643
Punto[1.         0.508861   0.48165913] -> F: 0.42761816448315143
Punto[1.         0.50747291 0.48208199] -> F: 0.4297395668469087
Punto[1.         0.50608483 0.48250486] -> F: 0.4318645888293045
Punto[1.         0.50469674 0.48292772] -> F: 0.43399323043033877
Punto[1.         0.50330866 0.48335058] -> F: 0.4361254916500117
Punto[1.         0.50192057 0.48377345] -> F: 0.43826137248832314
Punto[1.         0.50053249 0.48419631] -> F: 0.4403467360334967
Punto[1.         0.4991444  0.48461917] -> F: 0.4423098667947848
Punto[1.         0.49775632 0.48504203] -> F: 0.44427645600798715
Punto[1.         0.49636824 0.4854649 ] -> F: 0.4462379406264587
Punto[1.         0.49498015 0.48588776] -> F: 0.4481827085539599
Punto[1.         0.49359207 0.48631062] -> F: 0.45013080053820037
Punto[1.         0.49220398 0.48673348] -> F: 0.4515290753032258
Punto[1.         0.4908159  0.48715635] -> F: 0.45049839144471726
Punto[1.         0.48942781 0.48757921] -> F: 0.4494695077659175
Punto[1.         0.48803973 0.48800207] -> F: 0.44844244515722376
Punto[1.         0.48665164 0.48842494] -> F: 0.4474172036186358
Punto[1.         0.48526356 0.4888478 ] -> F: 0.44639378315015366
Punto[1.         0.48387547 0.48927066] -> F: 0.44537218375177756
Punto[1.         0.48248739 0.48969352] -> F: 0.4443524054235074
Punto[1.         0.4810993  0.49011639] -> F: 0.4433344481653431
Punto[1.         0.47971122 0.49053925] -> F: 0.4423183119772848
Punto[1.         0.47832313 0.49096211] -> F: 0.44130399685933236
Punto[1.         0.47693505 0.49138498] -> F: 0.44029150281148577
Punto[1.         0.47554696 0.49180784] -> F: 0.43928082983374517
Punto[1.         0.47415888 0.4922307 ] -> F: 0.43827197792611045
Punto[1.         0.47277079 0.49265356] -> F: 0.43726494708858155
Punto[1.         0.47138271 0.49307643] -> F: 0.43625973732115864
Punto[1.         0.46999462 0.49349929] -> F: 0.4352563486238416
Punto[1.         0.46860654 0.49392215] -> F: 0.4342547809966306
Punto[1.         0.46721846 0.49434501] -> F: 0.43325503443952545
Punto[1.         0.46583037 0.49476788] -> F: 0.4322571089525262
Punto[1.         0.46444229 0.49519074] -> F: 0.4312610045356329
Punto[1.        0.4630542 0.4956136] -> F: 0.43026672118884535
Punto[1.         0.46166612 0.49603647] -> F: 0.42927425891216386
Punto[1.         0.46027803 0.49645933] -> F: 0.4282836177055882
Punto[1.         0.45888995 0.49688219] -> F: 0.4272947975691186
Punto[1.         0.45750186 0.49730505] -> F: 0.4263077985027547
Punto[1.         0.45611378 0.49772792] -> F: 0.42532262050649694
Punto[1.         0.45472569 0.49815078] -> F: 0.42433926358034496
Punto[1.         0.45333761 0.49857364] -> F: 0.42246047529824454
Punto[1.         0.45194952 0.49899651] -> F: 0.42017211620961037
{
  "seed": 1375,
  "n_per_z": 10,
  "nz": 100,
  "nd": 100,
  "n_muestras": 50,
  "best_f": 0.4515290753032258,
  "best_cp": [
    1.0,
    0.4922039809470431,
    0.4867334848773337
  ],
  "best_u": [
    -0.3971478906347807,
    -0.7424790888445593,
    0.5394426342002432
  ],
  "best_index": 24,
  "n_candidatos": 54
}
