Punto[0.         0.42403194 0.23793791] -> F: 0.09307670603240882
Punto[1.         0.64514879 0.50479646] -> F: 0.3453691304104485
Punto[2.         0.75171485 0.38857199] -> F: 0.10387237254382989
Punto[1.         0.5878734  0.31325495] -> F: 0.31876083469607064
Punto[1.         0.64400328 0.50096563] -> F: 0.34975184768538564
Punto[1.         0.64288068 0.49721142] -> F: 0.3539444898736928
Punto[1.         0.64175808 0.4934572 ] -> F: 0.3580351228160073
Punto[1.         0.64063549 0.48970299] -> F: 0.36287346271660226
Punto[1.         0.63951289 0.48594878] -> F: 0.36869350632690256
Punto[1.         0.63839029 0.48219456] -> F: 0.37414157176616925
Punto[1.         0.63726769 0.47844035] -> F: 0.37837437645859107
Punto[1.         0.6361451  0.47468614] -> F: 0.38263687313573935
Punto[1.         0.6350225  0.47093192] -> F: 0.38688077511911295
Punto[1.         0.6338999  0.46717771] -> F: 0.3910669209394611
Punto[1.         0.6327773  0.46342349] -> F: 0.3952819320381001
Punto[1.         0.63165471 0.45966928] -> F: 0.39944195237803765
Punto[1.         0.63053211 0.45591507] -> F: 0.4035673692536597
Punto[1.         0.62940951 0.45216085] -> F: 0.40772085892876914
Punto[1.         0.62828691 0.44840664] -> F: 0.41178986308285026
Punto[1.         0.62716431 0.44465243] -> F: 0.41583911664573975
Punto[1.         0.62604172 0.44089821] -> F: 0.4199157034731013
Punto[1.         0.62491912 0.437144  ] -> F: 0.42389142203336105
Punto[1.         0.62379652 0.43338978] -> F: 0.4260357868185009
Punto[1.         0.62267392 0.42963557] -> F: 0.4233662392836709
Punto[1.         0.62155133 0.42588136] -> F: 0.4207049693837729
Punto[1.         0.62042873 0.42212714] -> F: 0.4180519771188067
Punto[1.         0.61930613 0.41837293] -> F: 0.41540726248877236
Punto[1.         0.61818353 0.41461872] -> F: 0.41277082549367017
Punto[1.         0.61706094 0.4108645 ] -> F: 0.4101397440391519
Punto[1.         0.61593834 0.40711029] -> F: 0.407516323859121
Punto[1.         0.61481574 0.40335608] -> F: 0.40490120378291317
Punto[1.         0.61369314 0.39960186] -> F: 0.40229438381052807
Punto[1.         0.61257055 0.39584765] -> F: 0.39969586394196566
Punto[1.         0.61144795 0.39209343] -> F: 0.3971025158926022
Punto[1.         0.61032535 0.38833922] -> F: 0.3945171278523968
Punto[1.         0.60920275 0.38458501] -> F: 0.39194006233143797
Punto[1.         0.60808015 0.38083079] -> F: 0.38937131932972574
Punto[1.         0.60695756 0.37707658] -> F: 0.38681018502806946
Punto[1.         0.60583496 0.37332237] -> F: 0.38425466287452875
Punto[1.         0.60471236 0.36956815] -> F: 0.3817074856399241
Punto[1.         0.60358976 0.36581394] -> F: 0.37916865332425564
Punto[1.         0.60246717 0.36205973] -> F: 0.3766381659275232
Punto[1.         0.60134457 0.35830551] -> F: 0.3741135574975084
Punto[1.         0.60022197 0.3545513 ] -> F: 0.3715963988277939
Punto[1.         0.59909937 0.35079708] -> F: 0.3687626767456636
Punto[1.         0.59797678 0.34704287] -> F: 0.3637744395081636
Punto[1.         0.59685418 0.34328866] -> F: 0.3587898387849048
Punto[1.         0.59573158 0.33953444] -> F: 0.3538301523946819
Punto[1.         0.59460898 0.33578023] -> F: 0.3488720145566671
Punto[1.         0.59348638 0.33202602] -> F: 0.3439392322305407
Punto[1.         0.59236379 0.3282718 ] -> F: 0.3389780756987319
Punto[1.         0.59124119 0.32451759] -> F: 0.3339027458242333
Punto[1.         0.59011859 0.32076337] -> F: 0.32884902523099774
Punto[1.         0.58899599 0.31700916] -> F: 0.3237979072608167
Best centerpoint:  [1.         0.62379652 0.43338978] Best F:  0.4260357868185009 Best u:  [-0.99950656 -0.01925188 -0.02481937] índice:  19
{
  "seed": 11198,
  "n_per_z": 5,
  "nz": 100,
  "nd": 100,
  "n_muestras": 50,
  "best_f": 0.4260357868185009,
  "best_cp": [
    1.0,
    0.6237965218136792,
    0.43338978498897407
  ],
  "best_u": [
    -0.9995065603657316,
    -0.019251875799579096,
    -0.02481936872810829
  ],
  "n_candidatos": 54
}
