Punto[0.         0.41045592 0.54913374] -> F: 0.1384790766080248
Punto[1.         0.43006648 0.53290616] -> F: 0.38376771503187496
Punto[2.         0.43325482 0.46781462] -> F: 0.06461094562895205
Punto[1.         0.42185537 0.50847418] -> F: 0.38447117329627173
Punto[1.         0.42990226 0.53241752] -> F: 0.3844119865212753
Punto[1.         0.42974132 0.53193866] -> F: 0.3850430900765563
Punto[1.         0.42958038 0.53145979] -> F: 0.3856739139810845
Punto[1.         0.42941944 0.53098092] -> F: 0.38630445823486037
Punto[1.         0.42925851 0.53050206] -> F: 0.3869347228378838
Punto[1.         0.42909757 0.53002319] -> F: 0.3875647077901549
Punto[1.         0.42893663 0.52954432] -> F: 0.38819441309167385
Punto[1.         0.42877569 0.52906546] -> F: 0.38882383874244
Punto[1.         0.42861476 0.52858659] -> F: 0.38945298474245366
Punto[1.         0.42845382 0.52810772] -> F: 0.39008185109171506
Punto[1.         0.42829288 0.52762886] -> F: 0.3907104377902239
Punto[1.         0.42813194 0.52714999] -> F: 0.3913387448379806
Punto[1.         0.427971   0.52667112] -> F: 0.3919667722349845
Punto[1.         0.42781007 0.52619226] -> F: 0.39259451998123596
Punto[1.         0.42764913 0.52571339] -> F: 0.39322198807673503
Punto[1.         0.42748819 0.52523452] -> F: 0.39384917652148205
Punto[1.         0.42732725 0.52475565] -> F: 0.3944760853154762
Punto[1.         0.42716632 0.52427679] -> F: 0.3951027144587183
Punto[1.         0.42700538 0.52379792] -> F: 0.3957290639512075
Punto[1.         0.42684444 0.52331905] -> F: 0.3963551337929446
Punto[1.         0.4266835  0.52284019] -> F: 0.39698092398392915
Punto[1.         0.42652257 0.52236132] -> F: 0.3976158014425203
Punto[1.         0.42636163 0.52188245] -> F: 0.3982824734035666
Punto[1.         0.42620069 0.52140359] -> F: 0.3989819536905571
Punto[1.         0.42603975 0.52092472] -> F: 0.39941764805578933
Punto[1.         0.42587881 0.52044585] -> F: 0.39893893026020916
Punto[1.         0.42571788 0.51996699] -> F: 0.39846081542426526
Punto[1.         0.42555694 0.51948812] -> F: 0.3979833035479578
Punto[1.         0.425396   0.51900925] -> F: 0.39750047031343744
Punto[1.         0.42523506 0.51853038] -> F: 0.3969336340334762
Punto[1.         0.42507413 0.51805152] -> F: 0.39636749885442935
Punto[1.         0.42491319 0.51757265] -> F: 0.39580206477629737
Punto[1.         0.42475225 0.51709378] -> F: 0.3952373317990798
Punto[1.         0.42459131 0.51661492] -> F: 0.3946732999227767
Punto[1.         0.42443038 0.51613605] -> F: 0.39410996914738833
Punto[1.         0.42426944 0.51565718] -> F: 0.3935473394729145
Punto[1.         0.4241085  0.51517832] -> F: 0.3929854108993552
Punto[1.         0.42394756 0.51469945] -> F: 0.39242418342671037
Punto[1.         0.42378662 0.51422058] -> F: 0.39186365705498016
Punto[1.         0.42362569 0.51374172] -> F: 0.3913038317841645
Punto[1.         0.42346475 0.51326285] -> F: 0.3907447076142634
Punto[1.         0.42330381 0.51278398] -> F: 0.390186284545277
Punto[1.         0.42314287 0.51230512] -> F: 0.3896285625772049
Punto[1.         0.42298194 0.51182625] -> F: 0.38901799448986113
Punto[1.         0.422821   0.51134738] -> F: 0.38836594089452936
Punto[1.         0.42266006 0.51086851] -> F: 0.3877147232027089
Punto[1.         0.42249912 0.51038965] -> F: 0.38706434141439916
Punto[1.         0.42233819 0.50991078] -> F: 0.3864147955296007
Punto[1.         0.42217725 0.50943191] -> F: 0.38576608554831326
Punto[1.         0.42201631 0.50895305] -> F: 0.3851182114705368
Best centerpoint:  [1.         0.42603975 0.52092472] Best F:  0.39941764805578933 Best u:  [ 0.24868989 -0.27022609 -0.93012429] índice:  25
{
  "seed": 12373,
  "n_per_z": 5,
  "nz": 100,
  "nd": 100,
  "n_muestras": 50,
  "best_f": 0.39941764805578933,
  "best_cp": [
    1.0,
    0.42603975241494507,
    0.5209247193966049
  ],
  "best_u": [
    0.24868988716485485,
    -0.27022608741425,
    -0.9301242936848374
  ],
  "n_candidatos": 54
}
