Punto[0.         0.41403562 0.56833561] -> F: 0.17833520661102958
Punto[1.         0.4773765  0.48387308] -> F: 0.39265744475858605
Punto[2.         0.54553322 0.50431316] -> F: 0.08653124530046138
Punto[1.         0.47978442 0.53632439] -> F: 0.3746118922208007
Punto[1.         0.47742466 0.48492211] -> F: 0.39314646770428474
Punto[1.         0.47747185 0.48595016] -> F: 0.3934755590014076
Punto[1.         0.47751905 0.4869782 ] -> F: 0.3937656426759327
Punto[1.         0.47756624 0.48800625] -> F: 0.3940566059104451
Punto[1.         0.47761344 0.48903429] -> F: 0.3943457491773908
Punto[1.         0.47766063 0.49006234] -> F: 0.394592462123908
Punto[1.         0.47770783 0.49109038] -> F: 0.3948390217109115
Punto[1.         0.47775502 0.49211843] -> F: 0.39508546051913873
Punto[1.         0.47780222 0.49314647] -> F: 0.3953326813978094
Punto[1.         0.47784941 0.49417452] -> F: 0.3954311991207684
Punto[1.         0.47789661 0.49520257] -> F: 0.39493329097945884
Punto[1.         0.4779438  0.49623061] -> F: 0.39443536921490724
Punto[1.         0.477991   0.49725866] -> F: 0.3939374659193596
Punto[1.         0.47803819 0.4982867 ] -> F: 0.39343902261194896
Punto[1.         0.47808539 0.49931475] -> F: 0.3929391718730811
Punto[1.         0.47813258 0.50034279] -> F: 0.39243933975074136
Punto[1.         0.47817978 0.50137084] -> F: 0.39193952624492967
Punto[1.         0.47822697 0.50239888] -> F: 0.3914383267094033
Punto[1.         0.47827417 0.50342693] -> F: 0.3909366486137194
Punto[1.         0.47832137 0.50445498] -> F: 0.3904349892765244
Punto[1.         0.47836856 0.50548302] -> F: 0.38993272878798296
Punto[1.         0.47841576 0.50651107] -> F: 0.3894292790066529
Punto[1.         0.47846295 0.50753911] -> F: 0.38892584812078107
Punto[1.         0.47851015 0.50856716] -> F: 0.3884223158306884
Punto[1.         0.47855734 0.5095952 ] -> F: 0.3879171610184439
Punto[1.         0.47860454 0.51062325] -> F: 0.3874120252341481
Punto[1.         0.47865173 0.51165129] -> F: 0.38690690847780107
Punto[1.         0.47869893 0.51267934] -> F: 0.3864002569476611
Punto[1.         0.47874612 0.51370738] -> F: 0.38589347607797986
Punto[1.         0.47879332 0.51473543] -> F: 0.3853867143647228
Punto[1.         0.47884051 0.51576348] -> F: 0.38487855257667586
Punto[1.         0.47888771 0.51679152] -> F: 0.3843701802775461
Punto[1.         0.4789349  0.51781957] -> F: 0.3838618272597213
Punto[1.         0.4789821  0.51884761] -> F: 0.38335205045542536
Punto[1.         0.47902929 0.51987566] -> F: 0.38284213480877016
Punto[1.         0.47907649 0.5209037 ] -> F: 0.3823322002215551
Punto[1.         0.47912368 0.52193175] -> F: 0.3818207647142855
Punto[1.         0.47917088 0.52295979] -> F: 0.3813093487288023
Punto[1.         0.47921808 0.52398784] -> F: 0.3807976146422597
Punto[1.         0.47926527 0.52501589] -> F: 0.3802847170458775
Punto[1.         0.47931247 0.52604393] -> F: 0.37977183908755957
Punto[1.         0.47935966 0.52707198] -> F: 0.37925825917401174
Punto[1.         0.47940686 0.52810002] -> F: 0.3787439335841633
Punto[1.         0.47945405 0.52912807] -> F: 0.37822962774642443
Punto[1.         0.47950125 0.53015611] -> F: 0.3777141659174815
Punto[1.         0.47954844 0.53118416] -> F: 0.3771984424748011
Punto[1.         0.47959564 0.5322122 ] -> F: 0.3766824816295457
Punto[1.         0.47964283 0.53324025] -> F: 0.37616536681732454
Punto[1.         0.47969003 0.5342683 ] -> F: 0.3756482719797153
Punto[1.         0.47973722 0.53529634] -> F: 0.37513035552954227
{
  "seed": 8954,
  "n_per_z": 10,
  "nz": 100,
  "nd": 100,
  "n_muestras": 50,
  "best_f": 0.3954311991207684,
  "best_cp": [
    1.0,
    0.47784941264106184,
    0.4941745199921479
  ],
  "best_u": [
    0.9980267284282716,
    -0.04002418347676795,
    0.048380926818107774
  ],
  "best_index": 13,
  "n_candidatos": 54
}
