Punto[0.         0.43658568 0.41845971] -> F: 0.1848932501248256
Punto[1.         0.47657979 0.50769034] -> F: 0.3433642405943666
Punto[2.         0.30908543 0.46386625] -> F: 0.07513741350887794
Punto[1.         0.37283556 0.44116298] -> F: 0.30807027890091476
Punto[1.         0.47450491 0.50635979] -> F: 0.34646052190514015
Punto[1.         0.47247152 0.50505585] -> F: 0.3495780083638551
Punto[1.         0.47043813 0.50375192] -> F: 0.3527882035654141
Punto[1.         0.46840475 0.50244798] -> F: 0.35609110750981726
Punto[1.         0.46637136 0.50114404] -> F: 0.35805656935346863
Punto[1.         0.46433797 0.49984011] -> F: 0.36001947185516214
Punto[1.         0.46230459 0.49853617] -> F: 0.3619577685801504
Punto[1.         0.4602712  0.49723224] -> F: 0.36389116189021675
Punto[1.         0.45823781 0.4959283 ] -> F: 0.36389389257883614
Punto[1.         0.45620443 0.49462436] -> F: 0.36256105731593663
Punto[1.         0.45417104 0.49332043] -> F: 0.36122820940974515
Punto[1.         0.45213765 0.49201649] -> F: 0.35989358894140766
Punto[1.         0.45010426 0.49071255] -> F: 0.3585550752603857
Punto[1.         0.44807088 0.48940862] -> F: 0.3572171501122366
Punto[1.         0.44603749 0.48810468] -> F: 0.35587461802138737
Punto[1.         0.4440041  0.48680075] -> F: 0.35453094567896715
Punto[1.         0.44197072 0.48549681] -> F: 0.35318701027068256
Punto[1.         0.43993733 0.48419287] -> F: 0.3518374871045802
Punto[1.         0.43790394 0.48288894] -> F: 0.35048856484254537
Punto[1.         0.43587055 0.481585  ] -> F: 0.34913698251819053
Punto[1.         0.43383717 0.48028106] -> F: 0.34778209496551427
Punto[1.         0.43180378 0.47897713] -> F: 0.3464278147277955
Punto[1.         0.42977039 0.47767319] -> F: 0.34507415088550597
Punto[1.         0.42773701 0.47636926] -> F: 0.3437218123908987
Punto[1.         0.42570362 0.47506532] -> F: 0.3423712447124784
Punto[1.         0.42367023 0.47376138] -> F: 0.3410224478502449
Punto[1.         0.42163684 0.47245745] -> F: 0.33967542180419846
Punto[1.         0.41960346 0.47115351] -> F: 0.3383301665743389
Punto[1.         0.41757007 0.46984958] -> F: 0.33698668216066635
Punto[1.         0.41553668 0.46854564] -> F: 0.3356449685631807
Punto[1.        0.4135033 0.4672417] -> F: 0.334305025781882
Punto[1.         0.41146991 0.46593777] -> F: 0.3329668538167702
Punto[1.         0.40943652 0.46463383] -> F: 0.33163045266784547
Punto[1.         0.40740314 0.46332989] -> F: 0.3302958298553324
Punto[1.         0.40536975 0.46202596] -> F: 0.32896413577921463
Punto[1.         0.40333636 0.46072202] -> F: 0.32763619780187
Punto[1.         0.40130297 0.45941809] -> F: 0.32631201592329856
Punto[1.         0.39926959 0.45811415] -> F: 0.32499159014350026
Punto[1.         0.3972362  0.45681021] -> F: 0.3236749204624752
Punto[1.         0.39520281 0.45550628] -> F: 0.3223620068802232
Punto[1.         0.39316943 0.45420234] -> F: 0.3210528493967444
Punto[1.         0.39113604 0.4528984 ] -> F: 0.319741392085385
Punto[1.         0.38910265 0.45159447] -> F: 0.3184293352595225
Punto[1.         0.38706926 0.45029053] -> F: 0.31712109505166824
Punto[1.         0.38503588 0.4489866 ] -> F: 0.315816671461822
Punto[1.         0.38300249 0.44768266] -> F: 0.31451606448998387
Punto[1.         0.3809691  0.44637872] -> F: 0.31321927413615386
Punto[1.         0.37893572 0.44507479] -> F: 0.31192630040033187
Punto[1.         0.37690233 0.44377085] -> F: 0.31063714328251807
Punto[1.         0.37486894 0.44246691] -> F: 0.30935180278271235
{
  "seed": 16042,
  "n_per_z": 10,
  "nz": 100,
  "nd": 100,
  "n_muestras": 50,
  "best_f": 0.36389389257883614,
  "best_cp": [
    1.0,
    0.45823781226677257,
    0.4959282991909028
  ],
  "best_u": [
    0.5358267949789969,
    -0.7128896457825362,
    -0.45241352623300973
  ],
  "best_index": 12,
  "n_candidatos": 54
}
