Punto[0.         0.5289576  0.51141722] -> F: 0.19627261247807493
Punto[1.         0.48334767 0.5453602 ] -> F: 0.35310757191910364
Punto[2.         0.52847361 0.70271665] -> F: 0.06918837579142212
Punto[1.         0.5287156  0.60706693] -> F: 0.31499623078385003
Punto[1.         0.48425503 0.54659434] -> F: 0.35462392897132655
Punto[1.         0.48514424 0.54780379] -> F: 0.3561413434792357
Punto[1.         0.48603346 0.54901324] -> F: 0.3576898255677469
Punto[1.         0.48692267 0.55022269] -> F: 0.3580214251285815
Punto[1.         0.48781188 0.55143215] -> F: 0.3575332592548461
Punto[1.         0.48870109 0.5526416 ] -> F: 0.357035292753747
Punto[1.         0.4895903  0.55385105] -> F: 0.3565323209341927
Punto[1.         0.49047951 0.5550605 ] -> F: 0.3560120727979999
Punto[1.         0.49136872 0.55626995] -> F: 0.35548615429916525
Punto[1.         0.49225794 0.55747941] -> F: 0.3549411185885177
Punto[1.         0.49314715 0.55868886] -> F: 0.35437619486641053
Punto[1.         0.49403636 0.55989831] -> F: 0.35379139100146045
Punto[1.         0.49492557 0.56110776] -> F: 0.3531867183436909
Punto[1.         0.49581478 0.56231721] -> F: 0.35256218964114233
Punto[1.         0.49670399 0.56352666] -> F: 0.3519178178108586
Punto[1.         0.4975932  0.56473612] -> F: 0.35125361550824086
Punto[1.         0.49848242 0.56594557] -> F: 0.3505695954748833
Punto[1.         0.49937163 0.56715502] -> F: 0.3498380968751438
Punto[1.         0.50026084 0.56836447] -> F: 0.34891235201582976
Punto[1.         0.50115005 0.56957392] -> F: 0.3479867994262826
Punto[1.         0.50203926 0.57078338] -> F: 0.3470408048191981
Punto[1.         0.50292847 0.57199283] -> F: 0.3460953112139367
Punto[1.         0.50381768 0.57320228] -> F: 0.34513582610406474
Punto[1.         0.5047069  0.57441173] -> F: 0.3441696142420609
Punto[1.         0.50559611 0.57562118] -> F: 0.34319801727275534
Punto[1.         0.50648532 0.57683064] -> F: 0.3422105306459202
Punto[1.         0.50737453 0.57804009] -> F: 0.3412235928890632
Punto[1.         0.50826374 0.57924954] -> F: 0.34021879824261836
Punto[1.         0.50915295 0.58045899] -> F: 0.3392099828228845
Punto[1.         0.51004216 0.58166844] -> F: 0.33819541460945
Punto[1.         0.51093138 0.58287789] -> F: 0.33716401429083764
Punto[1.         0.51182059 0.58408735] -> F: 0.3361332161504469
Punto[1.        0.5127098 0.5852968] -> F: 0.3350869291852012
Punto[1.         0.51359901 0.58650625] -> F: 0.33403277921206465
Punto[1.         0.51448822 0.5877157 ] -> F: 0.33297926050438414
Punto[1.         0.51537743 0.58892515] -> F: 0.33190199030343503
Punto[1.         0.51626664 0.59013461] -> F: 0.33082425718121006
Punto[1.         0.51715586 0.59134406] -> F: 0.3297429305521009
Punto[1.         0.51804507 0.59255351] -> F: 0.32863997981293547
Punto[1.         0.51893428 0.59376296] -> F: 0.32753772438056356
Punto[1.         0.51982349 0.59497241] -> F: 0.32642905598200156
Punto[1.         0.5207127  0.59618187] -> F: 0.3253004887390903
Punto[1.         0.52160191 0.59739132] -> F: 0.32417265225457725
Punto[1.         0.52249112 0.59860077] -> F: 0.3230388141009675
Punto[1.         0.52338034 0.59981022] -> F: 0.32188374762507593
Punto[1.         0.52426955 0.60101967] -> F: 0.32073068135638744
Punto[1.         0.52515876 0.60222913] -> F: 0.3195796738057594
Punto[1.         0.52604797 0.60343858] -> F: 0.31843072497319147
Punto[1.         0.52693718 0.60464803] -> F: 0.31728383485868406
Punto[1.         0.52782639 0.60585748] -> F: 0.3161390034622369
{
  "seed": 15844,
  "n_per_z": 10,
  "nz": 100,
  "nd": 100,
  "n_muestras": 50,
  "best_f": 0.3580214251285815,
  "best_cp": [
    1.0,
    0.48692266737718554,
    0.550222693752656
  ],
  "best_u": [
    0.4257792915650727,
    0.9008113979790845,
    -0.08515174775253999
  ],
  "best_index": 7,
  "n_candidatos": 54
}
