Punto[0.         0.55624035 0.40830743] -> F: 0.07481973909113558
Punto[1.         0.44359116 0.47374792] -> F: 0.3637678529397528
Punto[2.         0.53817528 0.63514492] -> F: 0.14267615051892452
Punto[1.         0.54720781 0.52172618] -> F: 0.32729273291790245
Punto[1.         0.4456635  0.47470748] -> F: 0.36570882973429303
Punto[1.         0.44769438 0.47564785] -> F: 0.3675405881619362
Punto[1.         0.44972527 0.47658823] -> F: 0.36940480976562734
Punto[1.         0.45175616 0.4775286 ] -> F: 0.37130149454536676
Punto[1.         0.45378704 0.47846898] -> F: 0.3731917740014396
Punto[1.         0.45581793 0.47940935] -> F: 0.37499788759839786
Punto[1.         0.45784881 0.48034972] -> F: 0.37697657077384555
Punto[1.        0.4598797 0.4812901] -> F: 0.3787781606956056
Punto[1.         0.46191059 0.48223047] -> F: 0.3806034605572864
Punto[1.         0.46394147 0.48317085] -> F: 0.3824524703588872
Punto[1.         0.46597236 0.48411122] -> F: 0.38432519010040883
Punto[1.         0.46800325 0.48505159] -> F: 0.3861009851095075
Punto[1.         0.47003413 0.48599197] -> F: 0.3878467555662538
Punto[1.         0.47206502 0.48693234] -> F: 0.3891949294755133
Punto[1.         0.47409591 0.48787272] -> F: 0.38743549860796567
Punto[1.         0.47612679 0.48881309] -> F: 0.38568086765864873
Punto[1.         0.47815768 0.48975346] -> F: 0.38393103662756256
Punto[1.         0.48018856 0.49069384] -> F: 0.382186005514707
Punto[1.         0.48221945 0.49163421] -> F: 0.3804457743200823
Punto[1.         0.48425034 0.49257458] -> F: 0.37871034304368817
Punto[1.         0.48628122 0.49351496] -> F: 0.37697971168552474
Punto[1.         0.48831211 0.49445533] -> F: 0.3752538802455922
Punto[1.         0.490343   0.49539571] -> F: 0.3735328487238902
Punto[1.         0.49237388 0.49633608] -> F: 0.3718166171204189
Punto[1.         0.49440477 0.49727645] -> F: 0.37010518543517834
Punto[1.         0.49643565 0.49821683] -> F: 0.3683985536681685
Punto[1.         0.49846654 0.4991572 ] -> F: 0.36669672181938934
Punto[1.         0.50049743 0.50009758] -> F: 0.3649996898888409
Punto[1.         0.50252831 0.50103795] -> F: 0.3633074578765232
Punto[1.         0.5045592  0.50197832] -> F: 0.36162002578243624
Punto[1.         0.50659009 0.5029187 ] -> F: 0.35993739360657995
Punto[1.         0.50862097 0.50385907] -> F: 0.35825956134895437
Punto[1.         0.51065186 0.50479945] -> F: 0.3565865290095594
Punto[1.         0.51268275 0.50573982] -> F: 0.35491829658839524
Punto[1.         0.51471363 0.50668019] -> F: 0.35325486408546175
Punto[1.         0.51674452 0.50762057] -> F: 0.3515962315007591
Punto[1.         0.5187754  0.50856094] -> F: 0.349942398834287
Punto[1.         0.52080629 0.50950131] -> F: 0.3482933660860456
Punto[1.         0.52283718 0.51044169] -> F: 0.34664913325603497
Punto[1.         0.52486806 0.51138206] -> F: 0.34500970034425504
Punto[1.         0.52689895 0.51232244] -> F: 0.3433750673507059
Punto[1.         0.52892984 0.51326281] -> F: 0.34174523427538733
Punto[1.         0.53096072 0.51420318] -> F: 0.34012020111829944
Punto[1.         0.53299161 0.51514356] -> F: 0.33849996787944236
Punto[1.         0.5350225  0.51608393] -> F: 0.33688453455881595
Punto[1.         0.53705338 0.51702431] -> F: 0.3352739011564203
Punto[1.         0.53908427 0.51796468] -> F: 0.3336680676722552
Punto[1.         0.54111515 0.51890505] -> F: 0.332067034106321
Punto[1.         0.54314604 0.51984543] -> F: 0.33047080045861743
Punto[1.         0.54517693 0.5207858 ] -> F: 0.3288793667291446
Best centerpoint:  [1.         0.47206502 0.48693234] Best F:  0.3891949294755133 Best u:  [-0.39714789  0.91775463  0.        ] índice:  14
{
  "seed": 19564,
  "n_per_z": 5,
  "nz": 100,
  "nd": 100,
  "n_muestras": 50,
  "best_f": 0.3891949294755133,
  "best_cp": [
    1.0,
    0.47206501895670705,
    0.48693234116684375
  ],
  "best_u": [
    -0.3971478906347807,
    0.9177546256839811,
    0.0
  ],
  "n_candidatos": 54
}
