Punto[0.         0.68969258 0.52944934] -> F: 0.051784492302494704
Punto[1.         0.5075356  0.49335421] -> F: 0.31663384163942926
Punto[2.         0.49190736 0.39465942] -> F: 0.21094396542899863
Punto[1.         0.59079997 0.46205438] -> F: 0.2606194412330515
Punto[1.         0.50920088 0.49272821] -> F: 0.3171323135946542
Punto[1.         0.51083287 0.49211473] -> F: 0.31738814702836954
Punto[1.         0.51246485 0.49150126] -> F: 0.31643847808881825
Punto[1.         0.51409683 0.49088778] -> F: 0.3152467931853053
Punto[1.         0.51572881 0.4902743 ] -> F: 0.31405701059012264
Punto[1.         0.51736079 0.48966083] -> F: 0.31286913030326996
Punto[1.         0.51899278 0.48904735] -> F: 0.3116831523247476
Punto[1.         0.52062476 0.48843387] -> F: 0.3104990766545552
Punto[1.         0.52225674 0.4878204 ] -> F: 0.3093169032926929
Punto[1.         0.52388872 0.48720692] -> F: 0.3081297197995062
Punto[1.         0.5255207  0.48659344] -> F: 0.3069416475444503
Punto[1.         0.52715268 0.48597997] -> F: 0.30575582186489486
Punto[1.         0.52878467 0.48536649] -> F: 0.3045722427608399
Punto[1.         0.53041665 0.48475301] -> F: 0.3033909102322853
Punto[1.         0.53204863 0.48413954] -> F: 0.3022118242792312
Punto[1.         0.53368061 0.48352606] -> F: 0.3010349849016777
Punto[1.         0.53531259 0.48291258] -> F: 0.2998603920996244
Punto[1.         0.53694457 0.48229911] -> F: 0.29868804587307163
Punto[1.         0.53857656 0.48168563] -> F: 0.29751135702968295
Punto[1.         0.54020854 0.48107215] -> F: 0.296334909950531
Punto[1.         0.54184052 0.48045868] -> F: 0.2951607427145545
Punto[1.        0.5434725 0.4798452] -> F: 0.29398885532175295
Punto[1.         0.54510448 0.47923172] -> F: 0.29281924777212687
Punto[1.         0.54673646 0.47861825] -> F: 0.2916519200656758
Punto[1.         0.54836845 0.47800477] -> F: 0.2904868722024
Punto[1.         0.55000043 0.47739129] -> F: 0.2893241041822996
Punto[1.         0.55163241 0.47677782] -> F: 0.2881636160053742
Punto[1.         0.55326439 0.47616434] -> F: 0.2869996872475486
Punto[1.         0.55489637 0.47555086] -> F: 0.2858350931055597
Punto[1.         0.55652836 0.47493739] -> F: 0.28467281319691207
Punto[1.         0.55816034 0.47432391] -> F: 0.28351284752160544
Punto[1.         0.55979232 0.47371043] -> F: 0.28235519607963994
Punto[1.         0.5614243  0.47309696] -> F: 0.2811998588710157
Punto[1.         0.56305628 0.47248348] -> F: 0.2800468358957324
Punto[1.         0.56468826 0.47187   ] -> F: 0.2788961271537904
Punto[1.         0.56632025 0.47125653] -> F: 0.2777477326451894
Punto[1.         0.56795223 0.47064305] -> F: 0.276594727127679
Punto[1.         0.56958421 0.47002957] -> F: 0.27544221150514026
Punto[1.         0.57121619 0.4694161 ] -> F: 0.274292045752196
Punto[1.         0.57284817 0.46880262] -> F: 0.2731442298688462
Punto[1.         0.57448015 0.46818914] -> F: 0.2719987638550909
Punto[1.         0.57611214 0.46757567] -> F: 0.2708556477109301
Punto[1.         0.57774412 0.46696219] -> F: 0.26971488143636374
Punto[1.         0.5793761  0.46634871] -> F: 0.2685764650313919
Punto[1.         0.58100808 0.46573524] -> F: 0.2674392401073096
Punto[1.         0.58264006 0.46512176] -> F: 0.26629663973775247
Punto[1.         0.58427204 0.46450828] -> F: 0.2651564262577341
Punto[1.         0.58590403 0.46389481] -> F: 0.26401859966725505
Punto[1.         0.58753601 0.46328133] -> F: 0.26288315996631484
Punto[1.         0.58916799 0.46266785] -> F: 0.26175010715491365
Best centerpoint:  [1.         0.51083287 0.49211473] Best F:  0.31738814702836954 Best u:  [-0.99950656 -0.01683073 -0.02652098] índice:  2
{
  "seed": 17006,
  "n_per_z": 5,
  "nz": 100,
  "nd": 100,
  "n_muestras": 50,
  "best_f": 0.31738814702836954,
  "best_cp": [
    1.0,
    0.5108328666641817,
    0.4921147318535991
  ],
  "best_u": [
    -0.9995065603657316,
    -0.016830726364690903,
    -0.026520981050879647
  ],
  "n_candidatos": 54
}
