Punto[0.         0.60507629 0.42743719] -> F: 0.06257752282064165
Punto[1.         0.48010043 0.43709248] -> F: 0.3567286388549059
Punto[2.         0.56278672 0.42023341] -> F: 0.139673709825659
Punto[1.         0.58393151 0.4238353 ] -> F: 0.3176274764565471
Punto[1.         0.48217705 0.43682734] -> F: 0.3598261852760706
Punto[1.         0.48421214 0.4365675 ] -> F: 0.3626914591137019
Punto[1.         0.48624723 0.43630766] -> F: 0.3655918503991025
Punto[1.         0.48828232 0.43604782] -> F: 0.36854327351218036
Punto[1.         0.49031741 0.43578798] -> F: 0.37155960073486205
Punto[1.         0.4923525  0.43552814] -> F: 0.37461598192776385
Punto[1.         0.49438759 0.43526829] -> F: 0.37771296949716326
Punto[1.         0.49642267 0.43500845] -> F: 0.38085629981291674
Punto[1.         0.49845776 0.43474861] -> F: 0.38403097714397705
Punto[1.         0.50049285 0.43448877] -> F: 0.3872017340269308
Punto[1.         0.50252794 0.43422893] -> F: 0.39040890677378426
Punto[1.         0.50456303 0.43396909] -> F: 0.3936342031526145
Punto[1.         0.50659812 0.43370925] -> F: 0.3959794710071498
Punto[1.         0.50863321 0.43344941] -> F: 0.3939701335439042
Punto[1.         0.5106683  0.43318957] -> F: 0.39197443515754543
Punto[1.         0.51270339 0.43292973] -> F: 0.38999237584807317
Punto[1.         0.51473848 0.43266989] -> F: 0.38802395561548725
Punto[1.         0.51677357 0.43241005] -> F: 0.38606917445978783
Punto[1.         0.51880865 0.4321502 ] -> F: 0.384128032380975
Punto[1.         0.52084374 0.43189036] -> F: 0.3822005293790487
Punto[1.         0.52287883 0.43163052] -> F: 0.3802866654540089
Punto[1.         0.52491392 0.43137068] -> F: 0.37838644060585547
Punto[1.         0.52694901 0.43111084] -> F: 0.3764998548345887
Punto[1.        0.5289841 0.430851 ] -> F: 0.37462690814020844
Punto[1.         0.53101919 0.43059116] -> F: 0.3725897591318666
Punto[1.         0.53305428 0.43033132] -> F: 0.37049296811087357
Punto[1.         0.53508937 0.43007148] -> F: 0.3684114942103307
Punto[1.         0.53712446 0.42981164] -> F: 0.366340254226016
Punto[1.         0.53915955 0.4295518 ] -> F: 0.3642725481614377
Punto[1.         0.54119463 0.42929196] -> F: 0.36222221666654253
Punto[1.         0.54322972 0.42903211] -> F: 0.3601892597413301
Punto[1.         0.54526481 0.42877227] -> F: 0.3581736773858009
Punto[1.         0.5472999  0.42851243] -> F: 0.3561754695999546
Punto[1.         0.54933499 0.42825259] -> F: 0.35419463638379145
Punto[1.         0.55137008 0.42799275] -> F: 0.3522311777373113
Punto[1.         0.55340517 0.42773291] -> F: 0.35024438769634453
Punto[1.         0.55544026 0.42747307] -> F: 0.3480152183804004
Punto[1.         0.55747535 0.42721323] -> F: 0.3458060203582892
Punto[1.         0.55951044 0.42695339] -> F: 0.34361679363001085
Punto[1.         0.56154553 0.42669355] -> F: 0.3414475381955656
Punto[1.         0.56358061 0.42643371] -> F: 0.339298254054953
Punto[1.         0.5656157  0.42617386] -> F: 0.33716894120817326
Punto[1.         0.56765079 0.42591402] -> F: 0.3350595996552264
Punto[1.         0.56968588 0.42565418] -> F: 0.33297022939611254
Punto[1.         0.57172097 0.42539434] -> F: 0.3309008304308314
Punto[1.         0.57375606 0.4251345 ] -> F: 0.3288514027593832
Punto[1.         0.57579115 0.42487466] -> F: 0.3268219463817678
Punto[1.         0.57782624 0.42461482] -> F: 0.3245395556472054
Punto[1.         0.57986133 0.42435498] -> F: 0.3222150644743489
Punto[1.         0.58189642 0.42409514] -> F: 0.3199106665834395
Best centerpoint:  [1.         0.50659812 0.43370925] Best F:  0.3959794710071498 Best u:  [-0.33873792  0.68587256 -0.64407721] índice:  13
{
  "seed": 10977,
  "n_per_z": 5,
  "nz": 100,
  "nd": 100,
  "n_muestras": 50,
  "best_f": 0.3959794710071498,
  "best_cp": [
    1.0,
    0.5065981198890995,
    0.4337092495592741
  ],
  "best_u": [
    -0.3387379202452915,
    0.6858725627117638,
    -0.6440772074115744
  ],
  "n_candidatos": 54
}
