Punto[0.         0.57051993 0.55696352] -> F: 0.16185085366709062
Punto[1.         0.48987737 0.51064317] -> F: 0.4024245591015805
Punto[2.         0.5291193  0.49562799] -> F: 0.10054507177649914
Punto[1.         0.54981961 0.52629575] -> F: 0.39850541332658884
Punto[1.         0.49107621 0.51095622] -> F: 0.4037758361645001
Punto[1.         0.49225108 0.51126301] -> F: 0.40510303805229664
Punto[1.         0.49342595 0.5115698 ] -> F: 0.40643316050455025
Punto[1.         0.49460082 0.51187659] -> F: 0.40774982343979543
Punto[1.         0.49577568 0.51218338] -> F: 0.40906043328100883
Punto[1.         0.49695055 0.51249017] -> F: 0.41037376939460674
Punto[1.         0.49812542 0.51279696] -> F: 0.41168983178058927
Punto[1.         0.49930029 0.51310375] -> F: 0.41300862043895586
Punto[1.         0.50047516 0.51341055] -> F: 0.41432780138301084
Punto[1.         0.50165002 0.51371734] -> F: 0.4156274967663978
Punto[1.         0.50282489 0.51402413] -> F: 0.41692974909126707
Punto[1.         0.50399976 0.51433092] -> F: 0.41823455835761847
Punto[1.         0.50517463 0.51463771] -> F: 0.41954192456545203
Punto[1.        0.5063495 0.5149445] -> F: 0.42085184771476786
Punto[1.         0.50752436 0.51525129] -> F: 0.4219980139813639
Punto[1.         0.50869923 0.51555808] -> F: 0.4213390128243488
Punto[1.         0.5098741  0.51586487] -> F: 0.4206804516146012
Punto[1.         0.51104897 0.51617166] -> F: 0.4200223303521211
Punto[1.         0.51222384 0.51647845] -> F: 0.41936464903690845
Punto[1.         0.5133987  0.51678524] -> F: 0.41870740766896314
Punto[1.         0.51457357 0.51709203] -> F: 0.41805060624828544
Punto[1.         0.51574844 0.51739882] -> F: 0.41739424477487524
Punto[1.         0.51692331 0.51770562] -> F: 0.41673832324873233
Punto[1.         0.51809818 0.51801241] -> F: 0.41608284166985693
Punto[1.         0.51927304 0.5183192 ] -> F: 0.41542780003824903
Punto[1.         0.52044791 0.51862599] -> F: 0.4147731983539085
Punto[1.         0.52162278 0.51893278] -> F: 0.4141190366168355
Punto[1.         0.52279765 0.51923957] -> F: 0.41346531482703003
Punto[1.         0.52397252 0.51954636] -> F: 0.4128120329844918
Punto[1.         0.52514739 0.51985315] -> F: 0.41215919108922117
Punto[1.         0.52632225 0.52015994] -> F: 0.411506789141218
Punto[1.         0.52749712 0.52046673] -> F: 0.41085482714048216
Punto[1.         0.52867199 0.52077352] -> F: 0.41020254436554277
Punto[1.         0.52984686 0.52108031] -> F: 0.40954893509833873
Punto[1.         0.53102173 0.5213871 ] -> F: 0.4088957692021852
Punto[1.         0.53219659 0.52169389] -> F: 0.40824304667708206
Punto[1.         0.53337146 0.52200069] -> F: 0.40759076752302936
Punto[1.         0.53454633 0.52230748] -> F: 0.40693893174002715
Punto[1.         0.5357212  0.52261427] -> F: 0.4062875393280754
Punto[1.         0.53689607 0.52292106] -> F: 0.40563659028717397
Punto[1.         0.53807093 0.52322785] -> F: 0.4049860846173231
Punto[1.         0.5392458  0.52353464] -> F: 0.40433602231852267
Punto[1.         0.54042067 0.52384143] -> F: 0.4036864033907727
Punto[1.         0.54159554 0.52414822] -> F: 0.4030372278340731
Punto[1.         0.54277041 0.52445501] -> F: 0.40238849564842394
Punto[1.         0.54394527 0.5247618 ] -> F: 0.4017402068338254
Punto[1.         0.54512014 0.52506859] -> F: 0.4010923613902771
Punto[1.         0.54629501 0.52537538] -> F: 0.40044495931777935
Punto[1.         0.54746988 0.52568217] -> F: 0.399798000616332
Punto[1.         0.54864475 0.52598896] -> F: 0.39915148528593514
{
  "seed": 3564,
  "n_per_z": 10,
  "nz": 100,
  "nd": 100,
  "n_muestras": 50,
  "best_f": 0.4219980139813639,
  "best_cp": [
    1.0,
    0.5075243648614132,
    0.5152512897434919
  ],
  "best_u": [
    0.9995065603657316,
    0.03134877712019301,
    0.001972297881325772
  ],
  "best_index": 18,
  "n_candidatos": 54
}
