Punto[0.         0.59122551 0.55373148] -> F: 0.14616305163250035
Punto[1.         0.65811314 0.47940171] -> F: 0.43322560680158934
Punto[2.         0.66807853 0.44377304] -> F: 0.139560779055353
Punto[1.         0.62965202 0.49875226] -> F: 0.454430443552477
Punto[1.         0.65754391 0.47978872] -> F: 0.43439543111052076
Punto[1.         0.65698608 0.48016799] -> F: 0.43554287873204295
Punto[1.         0.65642824 0.48054726] -> F: 0.4366913358513365
Punto[1.         0.6558704  0.48092653] -> F: 0.43784080246840185
Punto[1.         0.65531256 0.4813058 ] -> F: 0.4389912785832387
Punto[1.         0.65475473 0.48168507] -> F: 0.44014276419584725
Punto[1.         0.65419689 0.48206434] -> F: 0.44129525930622704
Punto[1.         0.65363905 0.48244361] -> F: 0.4424487639143789
Punto[1.         0.65308121 0.48282288] -> F: 0.4436032780203021
Punto[1.         0.65252337 0.48320216] -> F: 0.44475880162399695
Punto[1.         0.65196554 0.48358143] -> F: 0.4459153347254634
Punto[1.        0.6514077 0.4839607] -> F: 0.4470728773247016
Punto[1.         0.65084986 0.48433997] -> F: 0.44823142942171124
Punto[1.         0.65029202 0.48471924] -> F: 0.44939099101649244
Punto[1.         0.64973419 0.48509851] -> F: 0.4505515621090452
Punto[1.         0.64917635 0.48547778] -> F: 0.45171059560820853
Punto[1.         0.64861851 0.48585705] -> F: 0.4528692430884885
Punto[1.         0.64806067 0.48623632] -> F: 0.4540288396934105
Punto[1.         0.64750283 0.48661559] -> F: 0.4551893854229744
Punto[1.         0.646945   0.48699486] -> F: 0.45635088027718
Punto[1.         0.64638716 0.48737413] -> F: 0.45751332425602764
Punto[1.         0.64582932 0.4877534 ] -> F: 0.45867671735951704
Punto[1.         0.64527148 0.48813268] -> F: 0.45983141994069543
Punto[1.         0.64471364 0.48851195] -> F: 0.4609490194167063
Punto[1.         0.64415581 0.48889122] -> F: 0.462067700110065
Punto[1.         0.64359797 0.48927049] -> F: 0.4631874620207721
Punto[1.         0.64304013 0.48964976] -> F: 0.4642500725784857
Punto[1.         0.64248229 0.49002903] -> F: 0.4639421909514782
Punto[1.         0.64192446 0.4904083 ] -> F: 0.4636345539211088
Punto[1.         0.64136662 0.49078757] -> F: 0.46329214962048465
Punto[1.         0.64080878 0.49116684] -> F: 0.46289727281758275
Punto[1.         0.64025094 0.49154611] -> F: 0.46250245329382766
Punto[1.         0.6396931  0.49192538] -> F: 0.4620909570721464
Punto[1.         0.63913527 0.49230465] -> F: 0.461674558311253
Punto[1.         0.63857743 0.49268393] -> F: 0.4612584554243435
Punto[1.         0.63801959 0.4930632 ] -> F: 0.4608426484114182
Punto[1.         0.63746175 0.49344247] -> F: 0.4604271372724768
Punto[1.         0.63690392 0.49382174] -> F: 0.46001192200751956
Punto[1.         0.63634608 0.49420101] -> F: 0.45959700261654596
Punto[1.         0.63578824 0.49458028] -> F: 0.4591823790995565
Punto[1.         0.6352304  0.49495955] -> F: 0.4587680514565512
Punto[1.         0.63467256 0.49533882] -> F: 0.4583408001278951
Punto[1.         0.63411473 0.49571809] -> F: 0.45790729332336083
Punto[1.         0.63355689 0.49609736] -> F: 0.4574740984271337
Punto[1.         0.63299905 0.49647663] -> F: 0.45704121543921383
Punto[1.         0.63244121 0.4968559 ] -> F: 0.4566086443596009
Punto[1.         0.63188338 0.49723517] -> F: 0.4561763851882951
Punto[1.         0.63132554 0.49761445] -> F: 0.45574443792529634
Punto[1.         0.6307677  0.49799372] -> F: 0.45531280257060464
Punto[1.         0.63020986 0.49837299] -> F: 0.45488135951653075
{
  "seed": 9976,
  "n_per_z": 10,
  "nz": 100,
  "nd": 100,
  "n_muestras": 50,
  "best_f": 0.4642500725784857,
  "best_cp": [
    1.0,
    0.6430401314577304,
    0.489649758788943
  ],
  "best_u": [
    0.3387379202452915,
    0.20524678070734634,
    0.9182213134082464
  ],
  "best_index": 30,
  "n_candidatos": 54
}
