Punto[0.         0.43955204 0.56688416] -> F: 0.16534942553860155
Punto[1.         0.4677225  0.49271725] -> F: 0.42700952245865925
Punto[2.         0.52824098 0.46827335] -> F: 0.10939197005723825
Punto[1.         0.48389651 0.51757875] -> F: 0.42301916409254164
Punto[1.         0.46804598 0.49321448] -> F: 0.4269607314771895
Punto[1.         0.46836299 0.49370177] -> F: 0.42691297113304494
Punto[1.         0.46868    0.49418905] -> F: 0.42686526505288214
Punto[1.         0.46899701 0.49467634] -> F: 0.42681761323670103
Punto[1.         0.46931402 0.49516363] -> F: 0.4267700156845017
Punto[1.         0.46963103 0.49565091] -> F: 0.426722472396284
Punto[1.         0.46994804 0.4961382 ] -> F: 0.4266749833720481
Punto[1.         0.47026505 0.49662548] -> F: 0.42662754861179386
Punto[1.         0.47058206 0.49711277] -> F: 0.42658016811552135
Punto[1.         0.47089907 0.49760005] -> F: 0.4265240895183123
Punto[1.         0.47121608 0.49808734] -> F: 0.42645641844137866
Punto[1.         0.4715331  0.49857462] -> F: 0.42638883045902565
Punto[1.         0.47185011 0.49906191] -> F: 0.42632132557125263
Punto[1.         0.47216712 0.49954919] -> F: 0.42625390377805994
Punto[1.         0.47248413 0.50003648] -> F: 0.42618656507944747
Punto[1.         0.47280114 0.50052376] -> F: 0.42611930947541543
Punto[1.         0.47311815 0.50101105] -> F: 0.4260521369659634
Punto[1.         0.47343516 0.50149834] -> F: 0.42598504755109173
Punto[1.         0.47375217 0.50198562] -> F: 0.4259180412308003
Punto[1.         0.47406918 0.50247291] -> F: 0.42585111800508924
Punto[1.         0.47438619 0.50296019] -> F: 0.42578427787395834
Punto[1.         0.4747032  0.50344748] -> F: 0.4257175208374077
Punto[1.         0.47502021 0.50393476] -> F: 0.4256508468954372
Punto[1.         0.47533722 0.50442205] -> F: 0.42558425604804706
Punto[1.         0.47565423 0.50490933] -> F: 0.42551774829523736
Punto[1.         0.47597124 0.50539662] -> F: 0.4254513236370076
Punto[1.         0.47628825 0.5058839 ] -> F: 0.4253849820733582
Punto[1.         0.47660526 0.50637119] -> F: 0.42531872360428913
Punto[1.         0.47692228 0.50685847] -> F: 0.4252525482298002
Punto[1.         0.47723929 0.50734576] -> F: 0.42518645594989163
Punto[1.         0.4775563  0.50783305] -> F: 0.42512044676456323
Punto[1.         0.47787331 0.50832033] -> F: 0.4250545206738151
Punto[1.         0.47819032 0.50880762] -> F: 0.4249886776776473
Punto[1.         0.47850733 0.5092949 ] -> F: 0.42492291777605967
Punto[1.         0.47882434 0.50978219] -> F: 0.42485724096905225
Punto[1.         0.47914135 0.51026947] -> F: 0.4247916472566251
Punto[1.         0.47945836 0.51075676] -> F: 0.4247261366387783
Punto[1.         0.47977537 0.51124404] -> F: 0.4246607091155117
Punto[1.         0.48009238 0.51173133] -> F: 0.4245953646868254
Punto[1.         0.48040939 0.51221861] -> F: 0.4245301033527193
Punto[1.        0.4807264 0.5127059] -> F: 0.4244649251131935
Punto[1.         0.48104341 0.51319319] -> F: 0.4243998299682478
Punto[1.         0.48136042 0.51368047] -> F: 0.42433481791788263
Punto[1.         0.48167743 0.51416776] -> F: 0.42426988896209766
Punto[1.         0.48199444 0.51465504] -> F: 0.4242050431008927
Punto[1.         0.48231146 0.51514233] -> F: 0.4241402803342682
Punto[1.         0.48262847 0.51562961] -> F: 0.4240756006622238
Punto[1.         0.48294548 0.5161169 ] -> F: 0.4239085557920999
Punto[1.         0.48326249 0.51660418] -> F: 0.4236120158991296
Punto[1.         0.4835795  0.51709147] -> F: 0.423315551999277
{
  "seed": 11031,
  "n_per_z": 10,
  "nz": 100,
  "nd": 100,
  "n_muestras": 50,
  "best_f": 0.42700952245865925,
  "best_cp": [
    1.0,
    0.4677224984215743,
    0.4927172535540993
  ],
  "best_u": [
    0.24868988716485485,
    0.8487758942750213,
    -0.4666184965467717
  ],
  "best_index": 1,
  "n_candidatos": 54
}
