Punto[0.         0.50860939 0.46637272] -> F: 0.18105069313021546
Punto[1.         0.56916945 0.49952876] -> F: 0.32414924886535257
Punto[2.         0.48674265 0.41243839] -> F: 0.07257354583779346
Punto[1.         0.49767602 0.43940556] -> F: 0.3199228483273737
Punto[1.         0.56773959 0.49832629] -> F: 0.32712255339939056
Punto[1.         0.56633831 0.49714788] -> F: 0.3300614469921187
Punto[1.         0.56493704 0.49596946] -> F: 0.33302514265189986
Punto[1.         0.56353577 0.49479105] -> F: 0.3360136403787351
Punto[1.         0.5621345  0.49361264] -> F: 0.33902694017262414
Punto[1.         0.56073323 0.49243422] -> F: 0.34191106245739206
Punto[1.         0.55933196 0.49125581] -> F: 0.3446646090263498
Punto[1.         0.55793069 0.49007739] -> F: 0.34744728552845705
Punto[1.         0.55652942 0.48889898] -> F: 0.3502590919637134
Punto[1.         0.55512814 0.48772056] -> F: 0.353100028332119
Punto[1.         0.55372687 0.48654215] -> F: 0.35597009463367374
Punto[1.         0.5523256  0.48536373] -> F: 0.35886929086837815
Punto[1.         0.55092433 0.48418532] -> F: 0.3617976170362316
Punto[1.         0.54952306 0.4830069 ] -> F: 0.3647550731372342
Punto[1.         0.54812179 0.48182849] -> F: 0.36774165917138607
Punto[1.         0.54672052 0.48065007] -> F: 0.3676930926230612
Punto[1.         0.54531925 0.47947166] -> F: 0.3667411013138422
Punto[1.         0.54391797 0.47829324] -> F: 0.3657770638974399
Punto[1.         0.5425167  0.47711483] -> F: 0.3647809223325455
Punto[1.         0.54111543 0.47593641] -> F: 0.3633498963732299
Punto[1.         0.53971416 0.474758  ] -> F: 0.36192119363763087
Punto[1.         0.53831289 0.47357958] -> F: 0.3604948141257483
Punto[1.         0.53691162 0.47240117] -> F: 0.3590707578375822
Punto[1.         0.53551035 0.47122275] -> F: 0.35764902477313254
Punto[1.         0.53410908 0.47004434] -> F: 0.3562296149323995
Punto[1.         0.5327078  0.46886593] -> F: 0.3548125283153829
Punto[1.         0.53130653 0.46768751] -> F: 0.35339776492208275
Punto[1.         0.52990526 0.4665091 ] -> F: 0.3519853247524991
Punto[1.         0.52850399 0.46533068] -> F: 0.350575207806632
Punto[1.         0.52710272 0.46415227] -> F: 0.3491674140844814
Punto[1.         0.52570145 0.46297385] -> F: 0.34776194358604734
Punto[1.         0.52430018 0.46179544] -> F: 0.3463573714509369
Punto[1.         0.52289891 0.46061702] -> F: 0.3449478278917168
Punto[1.         0.52149763 0.45943861] -> F: 0.34354063660053996
Punto[1.         0.52009636 0.45826019] -> F: 0.3421357975774063
Punto[1.         0.51869509 0.45708178] -> F: 0.3407333108223159
Punto[1.         0.51729382 0.45590336] -> F: 0.33933317633526877
Punto[1.         0.51589255 0.45472495] -> F: 0.33793539411626516
Punto[1.         0.51449128 0.45354653] -> F: 0.33653996416530463
Punto[1.         0.51309001 0.45236812] -> F: 0.3351468864823874
Punto[1.         0.51168874 0.4511897 ] -> F: 0.33375616106751343
Punto[1.         0.51028746 0.45001129] -> F: 0.3323677879206828
Punto[1.         0.50888619 0.44883287] -> F: 0.33098176704189536
Punto[1.         0.50748492 0.44765446] -> F: 0.32959809843115134
Punto[1.         0.50608365 0.44647604] -> F: 0.3282128936461409
Punto[1.         0.50468238 0.44529763] -> F: 0.3268252644974689
Punto[1.         0.50328111 0.44411922] -> F: 0.3254400173203479
Punto[1.         0.50187984 0.4429408 ] -> F: 0.32405715211477787
Punto[1.         0.50047857 0.44176239] -> F: 0.3226766688807589
Punto[1.         0.4990773  0.44058397] -> F: 0.32129856761829084
Best centerpoint:  [1.         0.54812179 0.48182849] Best F:  0.36774165917138607 Best u:  [0.18738131 0.82937256 0.52633583] índice:  15
{
  "seed": 3448,
  "n_per_z": 5,
  "nz": 100,
  "nd": 100,
  "n_muestras": 50,
  "best_f": 0.36774165917138607,
  "best_cp": [
    1.0,
    0.5481217883181486,
    0.4818284877401022
  ],
  "best_u": [
    0.18738131458572474,
    0.8293725566548314,
    0.5263358293066833
  ],
  "n_candidatos": 54
}
