Punto[0.         0.33959101 0.55147027] -> F: 0.13246030248671442
Punto[1.         0.4103884  0.56162273] -> F: 0.4403769932554718
Punto[2.         0.5052959  0.52337457] -> F: 0.15458836986747565
Punto[1.         0.42244346 0.53742242] -> F: 0.44730660773767883
Punto[1.         0.4106295  0.56113872] -> F: 0.441008070662486
Punto[1.         0.41086578 0.56066439] -> F: 0.44162279119827297
Punto[1.         0.41110206 0.56019007] -> F: 0.442234893705771
Punto[1.         0.41133834 0.55971574] -> F: 0.4427425634734191
Punto[1.         0.41157462 0.55924142] -> F: 0.4432383616071446
Punto[1.         0.4118109  0.55876709] -> F: 0.44373583292723234
Punto[1.         0.41204718 0.55829276] -> F: 0.44423497743368184
Punto[1.         0.41228346 0.55781844] -> F: 0.4447357951264935
Punto[1.         0.41251974 0.55734411] -> F: 0.445238286005667
Punto[1.         0.41275602 0.55686979] -> F: 0.4457424500712026
Punto[1.         0.41299229 0.55639546] -> F: 0.4462482873230999
Punto[1.         0.41322857 0.55592113] -> F: 0.4467557977613594
Punto[1.         0.41346485 0.55544681] -> F: 0.4472649813859807
Punto[1.         0.41370113 0.55497248] -> F: 0.44777583819696376
Punto[1.         0.41393741 0.55449816] -> F: 0.4482883681943092
Punto[1.         0.41417369 0.55402383] -> F: 0.44880257137801627
Punto[1.         0.41440997 0.5535495 ] -> F: 0.44931844774808544
Punto[1.         0.41464625 0.55307518] -> F: 0.4498359973045167
Punto[1.         0.41488253 0.55260085] -> F: 0.4503552200473097
Punto[1.         0.41511881 0.55212653] -> F: 0.4508761159764647
Punto[1.         0.41535509 0.5516522 ] -> F: 0.4513986850919816
Punto[1.         0.41559136 0.55117787] -> F: 0.4519218791208891
Punto[1.         0.41582764 0.55070355] -> F: 0.45244254342371043
Punto[1.         0.41606392 0.55022922] -> F: 0.4529645121683522
Punto[1.         0.4163002  0.54975489] -> F: 0.4534877826571773
Punto[1.         0.41653648 0.54928057] -> F: 0.45401235489018615
Punto[1.         0.41677276 0.54880624] -> F: 0.4545382288673785
Punto[1.         0.41700904 0.54833192] -> F: 0.45506540458875444
Punto[1.         0.41724532 0.54785759] -> F: 0.45559388205431395
Punto[1.         0.4174816  0.54738326] -> F: 0.456123661264057
Punto[1.         0.41771788 0.54690894] -> F: 0.4566547422179836
Punto[1.         0.41795416 0.54643461] -> F: 0.45718712491609376
Punto[1.         0.41819043 0.54596029] -> F: 0.4571819777700323
Punto[1.         0.41842671 0.54548596] -> F: 0.4566595489488569
Punto[1.         0.41866299 0.54501163] -> F: 0.4561372574177779
Punto[1.         0.41889927 0.54453731] -> F: 0.45561510317679477
Punto[1.         0.41913555 0.54406298] -> F: 0.45507715416144123
Punto[1.         0.41937183 0.54358866] -> F: 0.45453654380748637
Punto[1.         0.41960811 0.54311433] -> F: 0.4539960824234351
Punto[1.         0.41984439 0.54264   ] -> F: 0.45345577000928716
Punto[1.         0.42008067 0.54216568] -> F: 0.4529156065650425
Punto[1.         0.42031695 0.54169135] -> F: 0.4523755920907012
Punto[1.         0.42055323 0.54121703] -> F: 0.45181850344752095
Punto[1.         0.42078951 0.5407427 ] -> F: 0.45125943483196185
Punto[1.         0.42102578 0.54026837] -> F: 0.45070052838432595
Punto[1.         0.42126206 0.53979405] -> F: 0.4501417841046131
Punto[1.         0.42149834 0.53931972] -> F: 0.44958320199282337
Punto[1.         0.42173462 0.5388454 ] -> F: 0.4490247820489567
Punto[1.         0.4219709  0.53837107] -> F: 0.44845988002622283
Punto[1.         0.42220718 0.53789674] -> F: 0.4478831036086179
{
  "seed": 9581,
  "n_per_z": 10,
  "nz": 100,
  "nd": 100,
  "n_muestras": 50,
  "best_f": 0.45718712491609376,
  "best_cp": [
    1.0,
    0.417954155783251,
    0.5464346126872541
  ],
  "best_u": [
    -0.24868988716485485,
    0.06081783989461154,
    0.9666718835119211
  ],
  "best_index": 35,
  "n_candidatos": 54
}
