Punto[0.         0.53028083 0.51453021] -> F: 0.10009530018668879
Punto[1.         0.53038437 0.4731733 ] -> F: 0.4081487516287826
Punto[2.         0.63830573 0.53533367] -> F: 0.14350882874307624
Punto[1.         0.58429328 0.52493194] -> F: 0.3896821255294672
Punto[1.         0.53146255 0.47420848] -> F: 0.41052606093937666
Punto[1.         0.53251917 0.47522294] -> F: 0.41288737452388885
Punto[1.         0.53357578 0.47623741] -> F: 0.41527991987701457
Punto[1.         0.5346324  0.47725188] -> F: 0.4173308668228333
Punto[1.         0.53568901 0.47826635] -> F: 0.4188333167609754
Punto[1.         0.53674562 0.47928082] -> F: 0.4203651546090608
Punto[1.         0.53780224 0.48029529] -> F: 0.42196899225308976
Punto[1.         0.53885885 0.48130976] -> F: 0.4235280458724353
Punto[1.         0.53991547 0.48232423] -> F: 0.42525285554879183
Punto[1.         0.54097208 0.4833387 ] -> F: 0.42717629324069223
Punto[1.         0.5420287  0.48435317] -> F: 0.4291069921494369
Punto[1.         0.54308531 0.48536764] -> F: 0.4282174290821649
Punto[1.         0.54414193 0.48638211] -> F: 0.4271912157313858
Punto[1.         0.54519854 0.48739658] -> F: 0.42616683375970876
Punto[1.         0.54625516 0.48841105] -> F: 0.42514428316713404
Punto[1.         0.54731177 0.48942552] -> F: 0.42412356395366163
Punto[1.         0.54836839 0.49043998] -> F: 0.42310467611929137
Punto[1.         0.549425   0.49145445] -> F: 0.4220876196640234
Punto[1.         0.55048161 0.49246892] -> F: 0.4210723945878577
Punto[1.         0.55153823 0.49348339] -> F: 0.4200590008907942
Punto[1.         0.55259484 0.49449786] -> F: 0.4190474385728329
Punto[1.         0.55365146 0.49551233] -> F: 0.41803770763397385
Punto[1.         0.55470807 0.4965268 ] -> F: 0.4170298080742171
Punto[1.         0.55576469 0.49754127] -> F: 0.4160237398935626
Punto[1.         0.5568213  0.49855574] -> F: 0.4150195030920102
Punto[1.         0.55787792 0.49957021] -> F: 0.41401709766956024
Punto[1.         0.55893453 0.50058468] -> F: 0.4130165236262125
Punto[1.         0.55999115 0.50159915] -> F: 0.41201786301728477
Punto[1.         0.56104776 0.50261362] -> F: 0.41102146205431017
Punto[1.         0.56210438 0.50362809] -> F: 0.41002735944967766
Punto[1.         0.56316099 0.50464256] -> F: 0.40903555520338775
Punto[1.         0.5642176  0.50565702] -> F: 0.4080460493154399
Punto[1.         0.56527422 0.50667149] -> F: 0.4070588417858344
Punto[1.         0.56633083 0.50768596] -> F: 0.40607393261457125
Punto[1.         0.56738745 0.50870043] -> F: 0.40509132180165036
Punto[1.         0.56844406 0.5097149 ] -> F: 0.4041110093470717
Punto[1.         0.56950068 0.51072937] -> F: 0.4031329952508354
Punto[1.         0.57055729 0.51174384] -> F: 0.40215727951294145
Punto[1.         0.57161391 0.51275831] -> F: 0.4011838621333897
Punto[1.         0.57267052 0.51377278] -> F: 0.40021274311218014
Punto[1.         0.57372714 0.51478725] -> F: 0.39924392244931306
Punto[1.         0.57478375 0.51580172] -> F: 0.398277400144788
Punto[1.         0.57584037 0.51681619] -> F: 0.39731317619860546
Punto[1.         0.57689698 0.51783066] -> F: 0.3963512506107651
Punto[1.         0.57795359 0.51884513] -> F: 0.3953916233812672
Punto[1.         0.57901021 0.5198596 ] -> F: 0.3944342945101115
Punto[1.         0.58006682 0.52087407] -> F: 0.393479263997298
Punto[1.         0.58112344 0.52188853] -> F: 0.3925265318428269
Punto[1.         0.58218005 0.522903  ] -> F: 0.39157609804669796
Punto[1.         0.58323667 0.52391747] -> F: 0.3906279626089115
{
  "seed": 18744,
  "n_per_z": 10,
  "nz": 100,
  "nd": 100,
  "n_muestras": 50,
  "best_f": 0.4291069921494369,
  "best_cp": [
    1.0,
    0.5420286978873755,
    0.48435316872946
  ],
  "best_u": [
    -0.18738131458572474,
    -0.6724218946769719,
    -0.7160565888972441
  ],
  "best_index": 14,
  "n_candidatos": 54
}
