Punto[0.         0.42393133 0.5655257 ] -> F: 0.10050154276271392
Punto[1.         0.50592647 0.608405  ] -> F: 0.3006800999437954
Punto[2.         0.35839855 0.50230766] -> F: 0.12703356904080945
Punto[1.         0.39116494 0.53391668] -> F: 0.36364820498860495
Punto[1.         0.50363124 0.60691523] -> F: 0.30420948721248053
Punto[1.         0.50138192 0.60545526] -> F: 0.30814795634746583
Punto[1.         0.49913259 0.60399529] -> F: 0.3125792331826972
Punto[1.         0.49688326 0.60253532] -> F: 0.31750331771817464
Punto[1.         0.49463394 0.60107535] -> F: 0.3229202099538978
Punto[1.         0.49238461 0.59961538] -> F: 0.32882495389711763
Punto[1.         0.49013529 0.59815541] -> F: 0.3348919532342444
Punto[1.         0.48788596 0.59669543] -> F: 0.3410040370354535
Punto[1.         0.48563663 0.59523546] -> F: 0.34709824017448715
Punto[1.         0.48338731 0.59377549] -> F: 0.3514173480574243
Punto[1.         0.48113798 0.59231552] -> F: 0.35500915298889923
Punto[1.         0.47888866 0.59085555] -> F: 0.35861400322616116
Punto[1.         0.47663933 0.58939558] -> F: 0.36231062834821626
Punto[1.         0.47439    0.58793561] -> F: 0.36645528968172086
Punto[1.         0.47214068 0.58647564] -> F: 0.37109144355537377
Punto[1.         0.46989135 0.58501567] -> F: 0.3762190899691746
Punto[1.         0.46764203 0.5835557 ] -> F: 0.38183822892312275
Punto[1.         0.4653927  0.58209572] -> F: 0.38794886041721877
Punto[1.         0.46314337 0.58063575] -> F: 0.39431868731603315
Punto[1.         0.46089405 0.57917578] -> F: 0.4004844334489436
Punto[1.         0.45864472 0.57771581] -> F: 0.4062171852955537
Punto[1.         0.45639539 0.57625584] -> F: 0.4121007210257127
Punto[1.         0.45414607 0.57479587] -> F: 0.4177671490668162
Punto[1.         0.45189674 0.5733359 ] -> F: 0.42194179512776797
Punto[1.         0.44964742 0.57187593] -> F: 0.4198720983489947
Punto[1.         0.44739809 0.57041596] -> F: 0.4178063918948227
Punto[1.         0.44514876 0.56895599] -> F: 0.4157446757652523
Punto[1.         0.44289944 0.56749601] -> F: 0.41368694996028316
Punto[1.         0.44065011 0.56603604] -> F: 0.4116332144799155
Punto[1.         0.43840079 0.56457607] -> F: 0.4095619914132001
Punto[1.         0.43615146 0.5631161 ] -> F: 0.40749254644603855
Punto[1.         0.43390213 0.56165613] -> F: 0.4054271850152238
Punto[1.         0.43165281 0.56019616] -> F: 0.4033659071207558
Punto[1.         0.42940348 0.55873619] -> F: 0.40130871276263486
Punto[1.         0.42715416 0.55727622] -> F: 0.39925560194086057
Punto[1.         0.42490483 0.55581625] -> F: 0.39718874031857315
Punto[1.         0.4226555  0.55435627] -> F: 0.39512731399793166
Punto[1.         0.42040618 0.5528963 ] -> F: 0.39307141429617154
Punto[1.         0.41815685 0.55143633] -> F: 0.3910210412132929
Punto[1.         0.41590753 0.54997636] -> F: 0.3889761947492955
Punto[1.         0.4136582  0.54851639] -> F: 0.3869368749041797
Punto[1.         0.41140887 0.54705642] -> F: 0.38490308167794524
Punto[1.         0.40915955 0.54559645] -> F: 0.38287481507059223
Punto[1.         0.40691022 0.54413648] -> F: 0.38085207508212066
Punto[1.         0.4046609  0.54267651] -> F: 0.3788348617125304
Punto[1.         0.40241157 0.54121654] -> F: 0.3768089647952981
Punto[1.         0.40016224 0.53975656] -> F: 0.3747869869487562
Punto[1.         0.39791292 0.53829659] -> F: 0.3727706235559492
Punto[1.         0.39566359 0.53683662] -> F: 0.3698310735204733
Punto[1.         0.39341427 0.53537665] -> F: 0.3667287747985976
Best centerpoint:  [1.         0.45189674 0.5733359 ] Best F:  0.42194179512776797 Best u:  [-0.99950656 -0.01598938 -0.02703656] índice:  24
{
  "seed": 15920,
  "n_per_z": 5,
  "nz": 100,
  "nd": 100,
  "n_muestras": 50,
  "best_f": 0.42194179512776797,
  "best_cp": [
    1.0,
    0.45189674269356084,
    0.5733358983256394
  ],
  "best_u": [
    -0.9995065603657316,
    -0.01598937727092425,
    -0.02703656043864067
  ],
  "n_candidatos": 54
}
