Punto[0.         0.28082866 0.46156854] -> F: 0.06806552811867903
Punto[1.         0.40367401 0.55028044] -> F: 0.35758949751996705
Punto[2.         0.44734454 0.46699269] -> F: 0.13211943319005026
Punto[1.         0.3640866  0.46428062] -> F: 0.35604538880679154
Punto[1.         0.40288226 0.54856045] -> F: 0.3609389098082149
Punto[1.         0.40210635 0.54687485] -> F: 0.3644911420714016
Punto[1.         0.40133043 0.54518926] -> F: 0.3680772458245658
Punto[1.         0.40055452 0.54350366] -> F: 0.37165844429945866
Punto[1.         0.39977861 0.54181806] -> F: 0.37402739692769393
Punto[1.         0.39900269 0.54013247] -> F: 0.37583520516184804
Punto[1.         0.39822678 0.53844687] -> F: 0.37764335683798966
Punto[1.         0.39745087 0.53676127] -> F: 0.37945185195611947
Punto[1.         0.39667495 0.53507568] -> F: 0.38126069051623696
Punto[1.         0.39589904 0.53339008] -> F: 0.38307893678448146
Punto[1.         0.39512313 0.53170448] -> F: 0.38494964821581595
Punto[1.         0.39434722 0.53001889] -> F: 0.386768883316805
Punto[1.         0.3935713  0.52833329] -> F: 0.38858846872103175
Punto[1.         0.39279539 0.52664769] -> F: 0.3904095811523655
Punto[1.         0.39201948 0.5249621 ] -> F: 0.3924092514471335
Punto[1.         0.39124356 0.5232765 ] -> F: 0.3947144420444592
Punto[1.         0.39046765 0.5215909 ] -> F: 0.39732515294434273
Punto[1.         0.38969174 0.51990531] -> F: 0.39859585178990453
Punto[1.         0.38891582 0.51821971] -> F: 0.3973835798233508
Punto[1.         0.38813991 0.51653411] -> F: 0.39616770559618075
Punto[1.         0.387364   0.51484852] -> F: 0.39494613048141364
Punto[1.         0.38658808 0.51316292] -> F: 0.39372542081183715
Punto[1.         0.38581217 0.51147732] -> F: 0.392505576587451
Punto[1.         0.38503626 0.50979173] -> F: 0.39127680062290526
Punto[1.         0.38426034 0.50810613] -> F: 0.3900477610614602
Punto[1.         0.38348443 0.50642053] -> F: 0.38881960255625575
Punto[1.         0.38270852 0.50473494] -> F: 0.3875877211690145
Punto[1.         0.3819326  0.50304934] -> F: 0.38635043770277594
Punto[1.         0.38115669 0.50136374] -> F: 0.38511405101554846
Punto[1.         0.38038078 0.49967815] -> F: 0.3838785611073321
Punto[1.         0.37960487 0.49799255] -> F: 0.3826333386205181
Punto[1.         0.37882895 0.49630695] -> F: 0.3813887883850365
Punto[1.         0.37805304 0.49462136] -> F: 0.3801451507947179
Punto[1.         0.37727713 0.49293576] -> F: 0.3788963955674225
Punto[1.         0.37650121 0.49125016] -> F: 0.3776437251036898
Punto[1.         0.3757253  0.48956457] -> F: 0.3763919833274757
Punto[1.         0.37494939 0.48787897] -> F: 0.37513957941514825
Punto[1.         0.37417347 0.48619337] -> F: 0.3738788107045464
Punto[1.         0.37339756 0.48450778] -> F: 0.3725940028509574
Punto[1.         0.37262165 0.48282218] -> F: 0.3712786791710301
Punto[1.         0.37184573 0.48113658] -> F: 0.36997047848904613
Punto[1.         0.37106982 0.47945099] -> F: 0.36865916904300156
Punto[1.         0.37029391 0.47776539] -> F: 0.36735458092356776
Punto[1.         0.36951799 0.47607979] -> F: 0.36605671413074486
Punto[1.         0.36874208 0.4743942 ] -> F: 0.3647615567065075
Punto[1.         0.36796617 0.4727086 ] -> F: 0.36340921162453016
Punto[1.         0.36719025 0.471023  ] -> F: 0.36192702860701964
Punto[1.         0.36641434 0.46933741] -> F: 0.36044601371809315
Punto[1.         0.36563843 0.46765181] -> F: 0.358972011158641
Punto[1.         0.36486252 0.46596621] -> F: 0.35750513618820723
Best centerpoint:  [1.         0.38969174 0.51990531] Best F:  0.39859585178990453 Best u:  [-9.99506560e-01 -9.86635786e-04 -3.13952598e-02] índice:  18
{
  "seed": 16385,
  "n_per_z": 5,
  "nz": 100,
  "nd": 100,
  "n_muestras": 50,
  "best_f": 0.39859585178990453,
  "best_cp": [
    1.0,
    0.3896917363848618,
    0.5199053059484253
  ],
  "best_u": [
    -0.9995065603657316,
    -0.0009866357858642223,
    -0.03139525976465669
  ],
  "n_candidatos": 54
}
