Punto[0.         0.51632448 0.47088153] -> F: 0.20424133698061342
Punto[1.         0.53665126 0.45980559] -> F: 0.39545698356871883
Punto[2.         0.55174654 0.4163732 ] -> F: 0.10471692644840772
Punto[1.         0.53403551 0.44362737] -> F: 0.3906566050835044
Punto[1.         0.53659894 0.45948202] -> F: 0.395844532471494
Punto[1.         0.53654767 0.45916493] -> F: 0.3962265426929017
Punto[1.         0.5364964  0.45884784] -> F: 0.3966107428645667
Punto[1.         0.53644514 0.45853074] -> F: 0.3969307858290294
Punto[1.         0.53639387 0.45821365] -> F: 0.3971357320297475
Punto[1.         0.5363426  0.45789656] -> F: 0.39731825175210544
Punto[1.         0.53629133 0.45757946] -> F: 0.39717122614185646
Punto[1.         0.53624006 0.45726237] -> F: 0.39702420827275886
Punto[1.         0.53618879 0.45694528] -> F: 0.3968771981448124
Punto[1.         0.53613752 0.45662818] -> F: 0.39673019575801743
Punto[1.         0.53608625 0.45631109] -> F: 0.3965832011123738
Punto[1.         0.53603499 0.455994  ] -> F: 0.39643621420788133
Punto[1.         0.53598372 0.4556769 ] -> F: 0.3962892350445402
Punto[1.         0.53593245 0.45535981] -> F: 0.39614226458938445
Punto[1.         0.53588118 0.45504272] -> F: 0.39599530757690005
Punto[1.         0.53582991 0.45472563] -> F: 0.39584836464149775
Punto[1.         0.53577864 0.45440853] -> F: 0.3957009670306577
Punto[1.         0.53572737 0.45409144] -> F: 0.3955528742579948
Punto[1.         0.5356761  0.45377435] -> F: 0.39540479578908433
Punto[1.         0.53562484 0.45345725] -> F: 0.3952567316239263
Punto[1.         0.53557357 0.45314016] -> F: 0.3951086817625207
Punto[1.         0.5355223  0.45282307] -> F: 0.3949606462048676
Punto[1.         0.53547103 0.45250597] -> F: 0.39481262495096686
Punto[1.         0.53541976 0.45218888] -> F: 0.39466461800081865
Punto[1.         0.53536849 0.45187179] -> F: 0.39451662535442283
Punto[1.         0.53531722 0.45155469] -> F: 0.3943686470117794
Punto[1.         0.53526596 0.4512376 ] -> F: 0.3942206829728886
Punto[1.         0.53521469 0.45092051] -> F: 0.3940727332377501
Punto[1.         0.53516342 0.45060341] -> F: 0.3939247978063641
Punto[1.         0.53511215 0.45028632] -> F: 0.3937768766787305
Punto[1.         0.53506088 0.44996923] -> F: 0.3936289698548494
Punto[1.         0.53500961 0.44965214] -> F: 0.39348107733472065
Punto[1.         0.53495834 0.44933504] -> F: 0.3933331991183444
Punto[1.         0.53490707 0.44901795] -> F: 0.3931853352057206
Punto[1.         0.53485581 0.44870086] -> F: 0.39303748559684926
Punto[1.         0.53480454 0.44838376] -> F: 0.39288965029173034
Punto[1.         0.53475327 0.44806667] -> F: 0.39274095242103835
Punto[1.         0.534702   0.44774958] -> F: 0.3925919760164085
Punto[1.         0.53465073 0.44743248] -> F: 0.39244301414284777
Punto[1.         0.53459946 0.44711539] -> F: 0.392294066800356
Punto[1.         0.53454819 0.4467983 ] -> F: 0.3921451339889333
Punto[1.         0.53449692 0.4464812 ] -> F: 0.39199621570857973
Punto[1.         0.53444566 0.44616411] -> F: 0.3918473119592951
Punto[1.         0.53439439 0.44584702] -> F: 0.39169842274107963
Punto[1.         0.53434312 0.44552992] -> F: 0.39154954805393305
Punto[1.         0.53429185 0.44521283] -> F: 0.39140068789785576
Punto[1.         0.53424058 0.44489574] -> F: 0.39125184227284737
Punto[1.         0.53418931 0.44457864] -> F: 0.39110301117890806
Punto[1.         0.53413804 0.44426155] -> F: 0.39095419461603775
Punto[1.         0.53408678 0.44394446] -> F: 0.3908053925842365
{
  "seed": 19392,
  "n_per_z": 10,
  "nz": 100,
  "nd": 100,
  "n_muestras": 50,
  "best_f": 0.39731825175210544,
  "best_cp": [
    1.0,
    0.5363425978553668,
    0.45789655651888117
  ],
  "best_u": [
    0.4257792915650727,
    0.19738190612821677,
    -0.8830358871572188
  ],
  "best_index": 9,
  "n_candidatos": 54
}
