Punto[0.         0.56892554 0.60963096] -> F: 0.08676484117715036
Punto[1.         0.49102315 0.44031955] -> F: 0.375921911018024
Punto[2.         0.54350338 0.46602383] -> F: 0.17386925001738882
Punto[1.         0.55621446 0.5378274 ] -> F: 0.34513759989933873
Punto[1.         0.49232698 0.44226971] -> F: 0.37826026118072126
Punto[1.         0.49360473 0.44418086] -> F: 0.3801664056796249
Punto[1.         0.49488248 0.44609202] -> F: 0.38216244863940335
Punto[1.         0.49616023 0.44800317] -> F: 0.38430297055491935
Punto[1.         0.49743798 0.44991432] -> F: 0.38658797142617257
Punto[1.         0.49871573 0.45182548] -> F: 0.38901745125316306
Punto[1.         0.49999348 0.45373663] -> F: 0.39159141003589093
Punto[1.         0.50127123 0.45564779] -> F: 0.39430984777435596
Punto[1.         0.50254898 0.45755894] -> F: 0.3969564473308171
Punto[1.         0.50382673 0.45947009] -> F: 0.39815009148762315
Punto[1.         0.50510448 0.46138125] -> F: 0.3968774994053103
Punto[1.         0.50638222 0.4632924 ] -> F: 0.39560460745079
Punto[1.         0.50765997 0.46520355] -> F: 0.3943336941347215
Punto[1.         0.50893772 0.46711471] -> F: 0.39305835876469386
Punto[1.         0.51021547 0.46902586] -> F: 0.39177989307420613
Punto[1.         0.51149322 0.47093702] -> F: 0.3905034421957125
Punto[1.         0.51277097 0.47284817] -> F: 0.38922548524967265
Punto[1.         0.51404872 0.47475932] -> F: 0.3879413858312529
Punto[1.         0.51532647 0.47667048] -> F: 0.3866593384258841
Punto[1.         0.51660422 0.47858163] -> F: 0.38537895908824155
Punto[1.         0.51788197 0.48049278] -> F: 0.3840891398842584
Punto[1.         0.51915972 0.48240394] -> F: 0.3828014110421519
Punto[1.         0.52043747 0.48431509] -> F: 0.38151577256192204
Punto[1.         0.52171522 0.48622625] -> F: 0.38022324202368357
Punto[1.         0.52299297 0.4881374 ] -> F: 0.3789297191123002
Punto[1.         0.52427072 0.49004855] -> F: 0.3776383261918095
Punto[1.         0.52554847 0.49195971] -> F: 0.376343819944957
Punto[1.         0.52682622 0.49387086] -> F: 0.37504436046943834
Punto[1.         0.52810397 0.49578201] -> F: 0.3737470720406038
Punto[1.         0.52938172 0.49769317] -> F: 0.37245105362107656
Punto[1.         0.53065947 0.49960432] -> F: 0.37114548266416925
Punto[1.         0.53193722 0.50151548] -> F: 0.3698421253996252
Punto[1.         0.53321497 0.50342663] -> F: 0.36854098182744455
Punto[1.         0.53449272 0.50533778] -> F: 0.3672332976483012
Punto[1.         0.53577047 0.50724894] -> F: 0.3659236629281152
Punto[1.         0.53704822 0.50916009] -> F: 0.36461628631830534
Punto[1.         0.53832597 0.51107124] -> F: 0.36330810111925776
Punto[1.         0.53960371 0.5129824 ] -> F: 0.361991941418693
Punto[1.         0.54088146 0.51489355] -> F: 0.3606780862239921
Punto[1.         0.54215921 0.5168047 ] -> F: 0.3593665355351552
Punto[1.         0.54343696 0.51871586] -> F: 0.3580572893521822
Punto[1.         0.54471471 0.52062701] -> F: 0.35674918158355223
Punto[1.         0.54599246 0.52253817] -> F: 0.355441477944882
Punto[1.         0.54727021 0.52444932] -> F: 0.3541381562802067
Punto[1.         0.54854796 0.52636047] -> F: 0.3528392165895264
Punto[1.         0.54982571 0.52827163] -> F: 0.35154465887284103
Punto[1.         0.55110346 0.53018278] -> F: 0.3502544831301506
Punto[1.         0.55238121 0.53209393] -> F: 0.34896868936145525
Punto[1.         0.55365896 0.53400509] -> F: 0.3476872775667547
Punto[1.         0.55493671 0.53591624] -> F: 0.3464102477460493
Best centerpoint:  [1.         0.50382673 0.45947009] Best F:  0.39815009148762315 Best u:  [-0.50904142  0.56921892  0.64565212] índice:  10
{
  "seed": 7232,
  "n_per_z": 5,
  "nz": 100,
  "nd": 100,
  "n_muestras": 50,
  "best_f": 0.39815009148762315,
  "best_cp": [
    1.0,
    0.5038267256483449,
    0.4594700933316635
  ],
  "best_u": [
    -0.5090414157503713,
    0.5692189154404391,
    0.645652122551818
  ],
  "n_candidatos": 54
}
