Punto[0.         0.44243465 0.36834727] -> F: 0.11548888993148558
Punto[1.         0.55564411 0.55008584] -> F: 0.3872674580547728
Punto[2.         0.57915221 0.65169582] -> F: 0.11659370907594732
Punto[1.         0.51079343 0.51002155] -> F: 0.39976749724374383
Punto[1.         0.5547471  0.54928455] -> F: 0.38872858338102656
Punto[1.         0.55386802 0.54849929] -> F: 0.3901662748552481
Punto[1.         0.55298895 0.54771403] -> F: 0.39160969651270516
Punto[1.         0.55210988 0.54692877] -> F: 0.39305884835339755
Punto[1.         0.5512308  0.54614351] -> F: 0.39451373037732546
Punto[1.         0.55035173 0.54535825] -> F: 0.39597434258448855
Punto[1.         0.54947266 0.54457299] -> F: 0.3974406849748873
Punto[1.         0.54859358 0.54378773] -> F: 0.3989127575485216
Punto[1.         0.54771451 0.54300247] -> F: 0.40039056030539116
Punto[1.         0.54683544 0.54221721] -> F: 0.4018740932454963
Punto[1.         0.54595636 0.54143195] -> F: 0.4033633563688368
Punto[1.         0.54507729 0.54064669] -> F: 0.40485834967541273
Punto[1.         0.54419822 0.53986143] -> F: 0.406359073165224
Punto[1.         0.54331914 0.53907617] -> F: 0.40786410750608565
Punto[1.         0.54244007 0.53829091] -> F: 0.40937242025113346
Punto[1.         0.541561   0.53750565] -> F: 0.410886870597152
Punto[1.         0.54068192 0.53672039] -> F: 0.4124074585441413
Punto[1.         0.53980285 0.53593513] -> F: 0.4139341840921013
Punto[1.         0.53892378 0.53514987] -> F: 0.4154670472410322
Punto[1.         0.5380447  0.53436461] -> F: 0.417006047990934
Punto[1.         0.53716563 0.53357935] -> F: 0.4185511863418063
Punto[1.         0.53628656 0.53279409] -> F: 0.4201024622936496
Punto[1.         0.53540748 0.53200883] -> F: 0.4216598758464635
Punto[1.         0.53452841 0.53122357] -> F: 0.4232234270002483
Punto[1.         0.53364934 0.53043831] -> F: 0.42479311575500356
Punto[1.         0.53277026 0.52965305] -> F: 0.42636894211073006
Punto[1.         0.53189119 0.52886779] -> F: 0.42795090606742703
Punto[1.         0.53101212 0.52808253] -> F: 0.4295390076250949
Punto[1.         0.53013304 0.52729727] -> F: 0.4307568064921511
Punto[1.         0.52925397 0.52651201] -> F: 0.42942058637130015
Punto[1.         0.5283749  0.52572675] -> F: 0.4281243169280017
Punto[1.         0.52749582 0.52494149] -> F: 0.4268679981622549
Punto[1.         0.52661675 0.52415623] -> F: 0.42565163007406026
Punto[1.         0.52573768 0.52337097] -> F: 0.42447521266341787
Punto[1.         0.5248586  0.52258571] -> F: 0.4233387459303274
Punto[1.         0.52397953 0.52180045] -> F: 0.422226787416386
Punto[1.         0.52310046 0.52101519] -> F: 0.4211155398632674
Punto[1.         0.52222138 0.52022993] -> F: 0.41953244618123703
Punto[1.         0.52134231 0.51944467] -> F: 0.4178933444348236
Punto[1.         0.52046324 0.51865941] -> F: 0.4162914304798537
Punto[1.         0.51958416 0.51787415] -> F: 0.41472670431632747
Punto[1.         0.51870509 0.51708889] -> F: 0.4131991659442447
Punto[1.         0.51782602 0.51630363] -> F: 0.4111835045322995
Punto[1.         0.51694694 0.51551837] -> F: 0.40915997422067363
Punto[1.         0.51606787 0.51473311] -> F: 0.40713574084848764
Punto[1.         0.5151888  0.51394785] -> F: 0.4054250404359782
Punto[1.         0.51430972 0.51316259] -> F: 0.40429227217697206
Punto[1.         0.51343065 0.51237733] -> F: 0.40316035380751775
Punto[1.         0.51255158 0.51159207] -> F: 0.4020289185288282
Punto[1.         0.5116725  0.51080681] -> F: 0.4008979663409035
Best centerpoint:  [1.         0.53013304 0.52729727] Best F:  0.4307568064921511 Best u:  [-0.09410831 -0.72573344 -0.68150906] índice:  29
{
  "seed": 1055,
  "n_per_z": 5,
  "nz": 100,
  "nd": 100,
  "n_muestras": 50,
  "best_f": 0.4307568064921511,
  "best_cp": [
    1.0,
    0.5301330437246407,
    0.5272972685898131
  ],
  "best_u": [
    -0.09410831331851428,
    -0.7257334388496711,
    -0.681509061641718
  ],
  "n_candidatos": 54
}
