Punto[0.         0.44124536 0.5139162 ] -> F: 0.1320468716454881
Punto[1.         0.51656393 0.44162036] -> F: 0.41387227927852305
Punto[2.         0.47842379 0.47604072] -> F: 0.13565899096569942
Punto[1.         0.45983457 0.49497846] -> F: 0.4365773901981308
Punto[1.         0.51542935 0.44268752] -> F: 0.41608548554996067
Punto[1.         0.51431745 0.44373334] -> F: 0.41826066498881853
Punto[1.         0.51320556 0.44477916] -> F: 0.4204420187175678
Punto[1.         0.51209366 0.44582498] -> F: 0.4226295467362081
Punto[1.         0.51098176 0.4468708 ] -> F: 0.42482324904473984
Punto[1.         0.50986987 0.44791662] -> F: 0.42702312564316264
Punto[1.         0.50875797 0.44896244] -> F: 0.4292291765314767
Punto[1.         0.50764608 0.45000825] -> F: 0.43144140170968176
Punto[1.         0.50653418 0.45105407] -> F: 0.4336085007687134
Punto[1.         0.50542229 0.45209989] -> F: 0.4357557792920935
Punto[1.         0.50431039 0.45314571] -> F: 0.4379012042115007
Punto[1.         0.5031985  0.45419153] -> F: 0.4400407717158938
Punto[1.         0.5020866  0.45523735] -> F: 0.44218651351017796
Punto[1.         0.50097471 0.45628317] -> F: 0.4443384295943533
Punto[1.         0.49986281 0.45732899] -> F: 0.44649651996842
Punto[1.         0.49875091 0.4583748 ] -> F: 0.44866078463237774
Punto[1.         0.49763902 0.45942062] -> F: 0.4508307646102372
Punto[1.         0.49652712 0.46046644] -> F: 0.45300561152337687
Punto[1.         0.49541523 0.46151226] -> F: 0.45518530666006796
Punto[1.         0.49430333 0.46255808] -> F: 0.4573698500203108
Punto[1.         0.49319144 0.4636039 ] -> F: 0.45955924160410533
Punto[1.         0.49207954 0.46464972] -> F: 0.46175348141145145
Punto[1.         0.49096765 0.46569554] -> F: 0.4639525694423492
Punto[1.         0.48985575 0.46674135] -> F: 0.46615650569679856
Punto[1.         0.48874386 0.46778717] -> F: 0.46836529017479966
Punto[1.         0.48763196 0.46883299] -> F: 0.46937490124875075
Punto[1.         0.48652006 0.46987881] -> F: 0.4685894797537052
Punto[1.         0.48540817 0.47092463] -> F: 0.4677980078729765
Punto[1.         0.48429627 0.47197045] -> F: 0.4669981267368733
Punto[1.         0.48318438 0.47301627] -> F: 0.4661988415984588
Punto[1.         0.48207248 0.47406209] -> F: 0.46539796754661816
Punto[1.         0.48096059 0.4751079 ] -> F: 0.4645595177529769
Punto[1.         0.47984869 0.47615372] -> F: 0.46354969140064606
Punto[1.         0.4787368  0.47719954] -> F: 0.46250978491624434
Punto[1.         0.4776249  0.47824536] -> F: 0.4613764704709451
Punto[1.         0.476513   0.47929118] -> F: 0.4602460361880314
Punto[1.         0.47540111 0.480337  ] -> F: 0.4591184820675031
Punto[1.         0.47428921 0.48138282] -> F: 0.45799380810936036
Punto[1.         0.47317732 0.48242864] -> F: 0.4568051087784585
Punto[1.         0.47206542 0.48347445] -> F: 0.45556715812668896
Punto[1.         0.47095353 0.48452027] -> F: 0.45432257136700066
Punto[1.         0.46984163 0.48556609] -> F: 0.45303431359196167
Punto[1.         0.46872974 0.48661191] -> F: 0.45167873826339766
Punto[1.         0.46761784 0.48765773] -> F: 0.44979770769367633
Punto[1.         0.46650595 0.48870355] -> F: 0.44791401753059573
Punto[1.         0.46539405 0.48974937] -> F: 0.44603258755240016
Punto[1.         0.46428215 0.49079519] -> F: 0.44414822593697173
Punto[1.         0.46317026 0.491841  ] -> F: 0.4422524095603916
Punto[1.         0.46205836 0.49288682] -> F: 0.4403584389158212
Punto[1.         0.46094647 0.49393264] -> F: 0.4384667657374407
{
  "seed": 7104,
  "n_per_z": 10,
  "nz": 100,
  "nd": 100,
  "n_muestras": 50,
  "best_f": 0.46937490124875075,
  "best_cp": [
    1.0,
    0.4876319595388871,
    0.46883299189736394
  ],
  "best_u": [
    -0.6613118653236517,
    -0.36136876377884164,
    0.6573273410920194
  ],
  "best_index": 29,
  "n_candidatos": 54
}
