Punto[0.         0.59067436 0.34051979] -> F: 0.04311624725895793
Punto[1.         0.47829955 0.50622027] -> F: 0.3100694376605211
Punto[2.         0.40358615 0.53561422] -> F: 0.20181956688902125
Punto[1.         0.49713025 0.438067  ] -> F: 0.2672719726365326
Punto[1.         0.47867617 0.5048572 ] -> F: 0.3094854958385465
Punto[1.         0.47904525 0.5035214 ] -> F: 0.30891160030368336
Punto[1.         0.47941433 0.50218559] -> F: 0.30831064831749916
Punto[1.         0.47978341 0.50084979] -> F: 0.30771038781686877
Punto[1.         0.48015249 0.49951399] -> F: 0.30711081880179225
Punto[1.         0.48052157 0.49817818] -> F: 0.3065119412722696
Punto[1.         0.48089066 0.49684238] -> F: 0.3058953547592617
Punto[1.         0.48125974 0.49550657] -> F: 0.305267804919162
Punto[1.         0.48162882 0.49417077] -> F: 0.304641017979576
Punto[1.         0.4819979  0.49283497] -> F: 0.3040149939405038
Punto[1.         0.48236698 0.49149916] -> F: 0.30338470864618833
Punto[1.         0.48273606 0.49016336] -> F: 0.3027298972359521
Punto[1.         0.48310515 0.48882755] -> F: 0.30207592465243616
Punto[1.         0.48347423 0.48749175] -> F: 0.3014227908956406
Punto[1.         0.48384331 0.48615595] -> F: 0.3007704959655655
Punto[1.         0.48421239 0.48482014] -> F: 0.300096671445559
Punto[1.         0.48458147 0.48348434] -> F: 0.2994154812180362
Punto[1.         0.48495055 0.48214853] -> F: 0.2987352106408315
Punto[1.         0.48531964 0.48081273] -> F: 0.2980558597139454
Punto[1.         0.48568872 0.47947693] -> F: 0.2973627294439727
Punto[1.         0.4860578  0.47814112] -> F: 0.2966562558131419
Punto[1.         0.48642688 0.47680532] -> F: 0.29595032259257764
Punto[1.         0.48679596 0.47546951] -> F: 0.2952380078792055
Punto[1.         0.48716505 0.47413371] -> F: 0.2945073990131643
Punto[1.         0.48753413 0.47279791] -> F: 0.29377737079897265
Punto[1.         0.48790321 0.4714621 ] -> F: 0.2930378193140406
Punto[1.         0.48827229 0.4701263 ] -> F: 0.29228315138597794
Punto[1.         0.48864137 0.46879049] -> F: 0.29152910597744064
Punto[1.         0.48901045 0.46745469] -> F: 0.2907622366660996
Punto[1.         0.48937954 0.46611889] -> F: 0.28998353584101044
Punto[1.         0.48974862 0.46478308] -> F: 0.28920550114714677
Punto[1.         0.4901177  0.46344728] -> F: 0.2884113082188107
Punto[1.         0.49048678 0.46211147] -> F: 0.2876085498835522
Punto[1.         0.49085586 0.46077567] -> F: 0.28680650316928064
Punto[1.         0.49122494 0.45943987] -> F: 0.2859850579974326
Punto[1.         0.49159403 0.45810406] -> F: 0.28515816548829764
Punto[1.         0.49196311 0.45676826] -> F: 0.284332032119888
Punto[1.         0.49233219 0.45543245] -> F: 0.283483488810186
Punto[1.         0.49270127 0.45409665] -> F: 0.2825554681558063
Punto[1.         0.49307035 0.45276085] -> F: 0.28126537542234675
Punto[1.         0.49343943 0.45142504] -> F: 0.2799784597524082
Punto[1.         0.49380852 0.45008924] -> F: 0.27869472114599053
Punto[1.         0.4941776  0.44875343] -> F: 0.2774141596030939
Punto[1.         0.49454668 0.44741763] -> F: 0.2761367751237181
Punto[1.         0.49491576 0.44608183] -> F: 0.2748625677078633
Punto[1.         0.49528484 0.44474602] -> F: 0.27359153735552966
Punto[1.         0.49565392 0.44341022] -> F: 0.272323684066717
Punto[1.         0.49602301 0.44207441] -> F: 0.2710590078414251
Punto[1.         0.49639209 0.44073861] -> F: 0.26979750867965424
Punto[1.         0.49676117 0.43940281] -> F: 0.26853918658140447
Best centerpoint:  [1.         0.47829955 0.50622027] Best F:  0.3100694376605211 Best u:  [-0.94088077  0.32528789 -0.09450487] índice:  1
{
  "seed": 5248,
  "n_per_z": 5,
  "nz": 100,
  "nd": 100,
  "n_muestras": 50,
  "best_f": 0.3100694376605211,
  "best_cp": [
    1.0,
    0.47829955178217587,
    0.5062202668478645
  ],
  "best_u": [
    -0.9408807689542255,
    0.3252878859108932,
    -0.09450486702666216
  ],
  "n_candidatos": 54
}
