Punto[0.         0.59682433 0.45500768] -> F: 0.16566554015899557
Punto[1.         0.43161898 0.51491303] -> F: 0.389117617675891
Punto[2.         0.41129488 0.59360037] -> F: 0.0929896648393386
Punto[1.         0.50405961 0.52430403] -> F: 0.38035248083780954
Punto[1.         0.43306779 0.51510085] -> F: 0.3914827634165175
Punto[1.         0.43448763 0.51528491] -> F: 0.39380582037122697
Punto[1.         0.43590746 0.51546897] -> F: 0.3961340387868633
Punto[1.         0.4373273  0.51565304] -> F: 0.3984674186634264
Punto[1.         0.43874713 0.5158371 ] -> F: 0.4008059600009166
Punto[1.         0.44016697 0.51602116] -> F: 0.4031496627993335
Punto[1.         0.44158681 0.51620523] -> F: 0.4054985270586775
Punto[1.         0.44300664 0.51638929] -> F: 0.4078525527789481
Punto[1.         0.44442648 0.51657335] -> F: 0.41021173996014565
Punto[1.         0.44584632 0.51675742] -> F: 0.4125760886022702
Punto[1.         0.44726615 0.51694148] -> F: 0.4118803942305247
Punto[1.         0.44868599 0.51712555] -> F: 0.4111236642396728
Punto[1.         0.45010583 0.51730961] -> F: 0.41035615714942913
Punto[1.         0.45152566 0.51749367] -> F: 0.4095857916955103
Punto[1.         0.4529455  0.51767774] -> F: 0.40881659576728235
Punto[1.         0.45436533 0.5178618 ] -> F: 0.4080485693647453
Punto[1.         0.45578517 0.51804586] -> F: 0.407281712487899
Punto[1.         0.45720501 0.51822993] -> F: 0.4065160251367436
Punto[1.         0.45862484 0.51841399] -> F: 0.40574689194724595
Punto[1.         0.46004468 0.51859805] -> F: 0.40496765890471
Punto[1.         0.46146452 0.51878212] -> F: 0.4041896446297862
Punto[1.         0.46288435 0.51896618] -> F: 0.403412849122475
Punto[1.         0.46430419 0.51915024] -> F: 0.40263727238277613
Punto[1.         0.46572403 0.51933431] -> F: 0.4018629144106897
Punto[1.         0.46714386 0.51951837] -> F: 0.4010897752062156
Punto[1.         0.4685637  0.51970244] -> F: 0.40030261103790843
Punto[1.         0.46998353 0.5198865 ] -> F: 0.3995160367417809
Punto[1.         0.47140337 0.52007056] -> F: 0.3987307320521365
Punto[1.         0.47282321 0.52025463] -> F: 0.3979466969689757
Punto[1.         0.47424304 0.52043869] -> F: 0.3971639314922982
Punto[1.         0.47566288 0.52062275] -> F: 0.39638243562210373
Punto[1.         0.47708272 0.52080682] -> F: 0.3955904763129932
Punto[1.         0.47850255 0.52099088] -> F: 0.3947955765664804
Punto[1.         0.47992239 0.52117494] -> F: 0.3940019990380342
Punto[1.         0.48134223 0.52135901] -> F: 0.39320974372765444
Punto[1.         0.48276206 0.52154307] -> F: 0.39241881063534123
Punto[1.         0.4841819  0.52172713] -> F: 0.3916291997610944
Punto[1.         0.48560173 0.5219112 ] -> F: 0.39083118299617886
Punto[1.         0.48702157 0.52209526] -> F: 0.3900281687069949
Punto[1.         0.48844141 0.52227933] -> F: 0.38922653121555123
Punto[1.         0.48986124 0.52246339] -> F: 0.38842627052184736
Punto[1.         0.49128108 0.52264745] -> F: 0.3876273866258837
Punto[1.         0.49270092 0.52283152] -> F: 0.38682987952766007
Punto[1.         0.49412075 0.52301558] -> F: 0.3860247317253633
Punto[1.         0.49554059 0.52319964] -> F: 0.3852137899670543
Punto[1.         0.49696043 0.52338371] -> F: 0.38440428177240726
Punto[1.         0.49838026 0.52356777] -> F: 0.38359620714142223
Punto[1.         0.4998001  0.52375183] -> F: 0.3827895660740993
Punto[1.         0.50121993 0.5239359 ] -> F: 0.38198435857043844
Punto[1.         0.50263977 0.52411996] -> F: 0.38117117252011024
Best centerpoint:  [1.         0.44584632 0.51675742] Best F:  0.4125760886022702 Best u:  [ 0.06279052 -0.93902416  0.3380695 ] índice:  10
{
  "seed": 13400,
  "n_per_z": 5,
  "nz": 100,
  "nd": 100,
  "n_muestras": 50,
  "best_f": 0.4125760886022702,
  "best_cp": [
    1.0,
    0.44584631610207826,
    0.5167574180518728
  ],
  "best_u": [
    0.06279051952931353,
    -0.939024155680462,
    0.33806949833700484
  ],
  "n_candidatos": 54
}
