Punto[0.         0.48326269 0.51649151] -> F: 0.1898738111092256
Punto[1.         0.50543087 0.55925704] -> F: 0.4156809397395337
Punto[2.         0.52848812 0.58306602] -> F: 0.11469553287644306
Punto[1.         0.50587541 0.54977876] -> F: 0.4122050079821675
Punto[1.         0.50543976 0.55906747] -> F: 0.41574915275048024
Punto[1.         0.50544847 0.5588817 ] -> F: 0.4158160080329592
Punto[1.         0.50545718 0.55869592] -> F: 0.41588286978121225
Punto[1.         0.5054659  0.55851015] -> F: 0.4159497379952395
Punto[1.         0.50547461 0.55832438] -> F: 0.41601661267504075
Punto[1.         0.50548332 0.5581386 ] -> F: 0.41608349382061616
Punto[1.         0.50549204 0.55795283] -> F: 0.4161483140017861
Punto[1.         0.50550075 0.55776705] -> F: 0.4160729924419119
Punto[1.         0.50550946 0.55758128] -> F: 0.41598283884635906
Punto[1.         0.50551817 0.55739551] -> F: 0.41589269479692925
Punto[1.         0.50552689 0.55720973] -> F: 0.41580256029362234
Punto[1.         0.5055356  0.55702396] -> F: 0.4157124353364385
Punto[1.         0.50554431 0.55683818] -> F: 0.41562231992537746
Punto[1.         0.50555303 0.55665241] -> F: 0.41553221406043944
Punto[1.         0.50556174 0.55646663] -> F: 0.4154421177416243
Punto[1.         0.50557045 0.55628086] -> F: 0.41535203096893214
Punto[1.         0.50557917 0.55609509] -> F: 0.4152619537423631
Punto[1.         0.50558788 0.55590931] -> F: 0.4151718860619168
Punto[1.         0.50559659 0.55572354] -> F: 0.4150818279275935
Punto[1.         0.5056053  0.55553776] -> F: 0.4149917793393932
Punto[1.         0.50561402 0.55535199] -> F: 0.41490174029731586
Punto[1.         0.50562273 0.55516621] -> F: 0.4148117108013614
Punto[1.         0.50563144 0.55498044] -> F: 0.41472169085152993
Punto[1.         0.50564016 0.55479467] -> F: 0.41463168044782145
Punto[1.         0.50564887 0.55460889] -> F: 0.41454167959023597
Punto[1.         0.50565758 0.55442312] -> F: 0.4144516882787733
Punto[1.         0.5056663  0.55423734] -> F: 0.4143617065134337
Punto[1.         0.50567501 0.55405157] -> F: 0.41427173429421693
Punto[1.         0.50568372 0.5538658 ] -> F: 0.41418177162112324
Punto[1.         0.50569243 0.55368002] -> F: 0.41409181849415244
Punto[1.         0.50570115 0.55349425] -> F: 0.41400187491330454
Punto[1.         0.50570986 0.55330847] -> F: 0.4139119408785796
Punto[1.         0.50571857 0.5531227 ] -> F: 0.4138220163899778
Punto[1.         0.50572729 0.55293692] -> F: 0.4137321014474987
Punto[1.         0.505736   0.55275115] -> F: 0.4136421960511427
Punto[1.         0.50574471 0.55256538] -> F: 0.41355230020090966
Punto[1.         0.50575342 0.5523796 ] -> F: 0.4134624138967994
Punto[1.         0.50576214 0.55219383] -> F: 0.4133725371388123
Punto[1.         0.50577085 0.55200805] -> F: 0.413282669926948
Punto[1.         0.50577956 0.55182228] -> F: 0.41319281226120674
Punto[1.         0.50578828 0.55163651] -> F: 0.41310296414158837
Punto[1.         0.50579699 0.55145073] -> F: 0.41301312556809294
Punto[1.         0.5058057  0.55126496] -> F: 0.4129232965407206
Punto[1.         0.50581442 0.55107918] -> F: 0.4128334770594711
Punto[1.         0.50582313 0.55089341] -> F: 0.4127436671243446
Punto[1.         0.50583184 0.55070763] -> F: 0.412653866735341
Punto[1.         0.50584055 0.55052186] -> F: 0.4125640758924604
Punto[1.         0.50584927 0.55033609] -> F: 0.4124742945957028
Punto[1.         0.50585798 0.55015031] -> F: 0.412384522845068
Punto[1.         0.50586669 0.54996454] -> F: 0.41229476064055626
{
  "seed": 5380,
  "n_per_z": 10,
  "nz": 100,
  "nd": 100,
  "n_muestras": 50,
  "best_f": 0.4161483140017861,
  "best_cp": [
    1.0,
    0.5054920354382516,
    0.5579528276105594
  ],
  "best_u": [
    0.9995065603657316,
    -0.024202405835337688,
    0.020021971372615414
  ],
  "best_index": 10,
  "n_candidatos": 54
}
