Punto[0.         0.41328022 0.48647223] -> F: 0.1297877651921361
Punto[1.         0.51246165 0.49460847] -> F: 0.4435813828573042
Punto[2.         0.59020396 0.44560009] -> F: 0.14946455253442817
Punto[1.         0.50174209 0.46603616] -> F: 0.4516856538219343
Punto[1.         0.51224726 0.49403702] -> F: 0.44373631394587776
Punto[1.         0.51203715 0.49347701] -> F: 0.44388896659202043
Punto[1.         0.51182705 0.49291699] -> F: 0.4440424311328638
Punto[1.         0.51161695 0.49235697] -> F: 0.44419670756840773
Punto[1.         0.51140684 0.49179696] -> F: 0.44435179589865254
Punto[1.         0.51119674 0.49123694] -> F: 0.44450769612359803
Punto[1.         0.51098664 0.49067692] -> F: 0.4446644082432442
Punto[1.         0.51077653 0.4901169 ] -> F: 0.44482193225759115
Punto[1.         0.51056643 0.48955689] -> F: 0.4449802681666386
Punto[1.         0.51035633 0.48899687] -> F: 0.4451394159703869
Punto[1.         0.51014622 0.48843685] -> F: 0.44529937566883604
Punto[1.         0.50993612 0.48787683] -> F: 0.44546014726198574
Punto[1.         0.50972602 0.48731682] -> F: 0.4456217307498363
Punto[1.         0.50951591 0.4867568 ] -> F: 0.4457841261323875
Punto[1.         0.50930581 0.48619678] -> F: 0.4459473334096393
Punto[1.         0.50909571 0.48563677] -> F: 0.44611135258159196
Punto[1.         0.5088856  0.48507675] -> F: 0.4462761836482453
Punto[1.         0.5086755  0.48451673] -> F: 0.44644182660959936
Punto[1.         0.5084654  0.48395671] -> F: 0.4466082814656542
Punto[1.         0.50825529 0.4833967 ] -> F: 0.44677554821640947
Punto[1.         0.50804519 0.48283668] -> F: 0.44694362686186584
Punto[1.         0.50783509 0.48227666] -> F: 0.4471125174020227
Punto[1.         0.50762498 0.48171664] -> F: 0.4472822198368803
Punto[1.         0.50741488 0.48115663] -> F: 0.44745273416643855
Punto[1.         0.50720478 0.48059661] -> F: 0.4476240603906977
Punto[1.         0.50699467 0.48003659] -> F: 0.44779619850965746
Punto[1.         0.50678457 0.47947657] -> F: 0.44796914852331793
Punto[1.         0.50657447 0.47891656] -> F: 0.4481429104316792
Punto[1.         0.50636436 0.47835654] -> F: 0.44831748423474105
Punto[1.         0.50615426 0.47779652] -> F: 0.4484928699325036
Punto[1.         0.50594416 0.47723651] -> F: 0.44866906752496716
Punto[1.         0.50573405 0.47667649] -> F: 0.44884607701213103
Punto[1.         0.50552395 0.47611647] -> F: 0.44902389839399576
Punto[1.         0.50531385 0.47555645] -> F: 0.44920253167056134
Punto[1.         0.50510374 0.47499644] -> F: 0.4493819768418275
Punto[1.         0.50489364 0.47443642] -> F: 0.44956223390779443
Punto[1.         0.50468354 0.4738764 ] -> F: 0.4497433028684621
Punto[1.         0.50447343 0.47331638] -> F: 0.4499251837238304
Punto[1.         0.50426333 0.47275637] -> F: 0.4501078764738995
Punto[1.         0.50405323 0.47219635] -> F: 0.45029138111866934
Punto[1.         0.50384312 0.47163633] -> F: 0.45047569765813966
Punto[1.         0.50363302 0.47107632] -> F: 0.45066082609231106
Punto[1.         0.50342292 0.4705163 ] -> F: 0.45084676642118304
Punto[1.         0.50321281 0.46995628] -> F: 0.45103351864475544
Punto[1.         0.50300271 0.46939626] -> F: 0.45122108276302886
Punto[1.         0.50279261 0.46883625] -> F: 0.45140945877600297
Punto[1.         0.5025825  0.46827623] -> F: 0.4515986466836776
Punto[1.         0.5023724  0.46771621] -> F: 0.4517886464860532
Punto[1.         0.5021623  0.46715619] -> F: 0.45197945818312935
Punto[1.         0.50195219 0.46659618] -> F: 0.4520755690974887
{
  "seed": 3066,
  "n_per_z": 10,
  "nz": 100,
  "nd": 100,
  "n_muestras": 50,
  "best_f": 0.4520755690974887,
  "best_cp": [
    1.0,
    0.5019521920900872,
    0.4665961769590501
  ],
  "best_u": [
    -0.2789911060392295,
    0.6121142324546712,
    -0.7399190017680558
  ],
  "best_index": 53,
  "n_candidatos": 54
}
