Punto[0.         0.4592006  0.43027819] -> F: 0.08809792610346845
Punto[1.         0.4673685  0.53995872] -> F: 0.37660774917456297
Punto[2.         0.62118602 0.53534777] -> F: 0.16748070441566834
Punto[1.         0.54019331 0.48281298] -> F: 0.3524283679855035
Punto[1.         0.468825   0.53881581] -> F: 0.37894598469144813
Punto[1.         0.47025236 0.53769575] -> F: 0.38128211879238433
Punto[1.         0.47167973 0.5365757 ] -> F: 0.38366246504332147
Punto[1.         0.4731071  0.53545564] -> F: 0.3860870234442601
Punto[1.         0.47453446 0.53433558] -> F: 0.3884789374456034
Punto[1.         0.47596183 0.53321553] -> F: 0.39088027321372226
Punto[1.         0.4773892  0.53209547] -> F: 0.39331150576873675
Punto[1.         0.47881656 0.53097541] -> F: 0.39577263511064675
Punto[1.         0.48024393 0.52985536] -> F: 0.3982636612394523
Punto[1.         0.48167129 0.5287353 ] -> F: 0.40078458415515356
Punto[1.         0.48309866 0.52761524] -> F: 0.4000559420255194
Punto[1.         0.48452603 0.52649519] -> F: 0.39882419163405447
Punto[1.         0.48595339 0.52537513] -> F: 0.3975947803913658
Punto[1.         0.48738076 0.52425507] -> F: 0.39636770829745366
Punto[1.         0.48880813 0.52313502] -> F: 0.3951429753523178
Punto[1.         0.49023549 0.52201496] -> F: 0.3939205815559583
Punto[1.         0.49166286 0.5208949 ] -> F: 0.39270052690837515
Punto[1.         0.49309022 0.51977485] -> F: 0.3914828114095685
Punto[1.         0.49451759 0.51865479] -> F: 0.390267435059538
Punto[1.         0.49594496 0.51753473] -> F: 0.3890543978582839
Punto[1.         0.49737232 0.51641468] -> F: 0.3878436998058064
Punto[1.         0.49879969 0.51529462] -> F: 0.38663534090210505
Punto[1.         0.50022706 0.51417456] -> F: 0.3854258628831685
Punto[1.         0.50165442 0.51305451] -> F: 0.3842168681775106
Punto[1.         0.50308179 0.51193445] -> F: 0.3830102333669397
Punto[1.         0.50450916 0.51081439] -> F: 0.38180595845145593
Punto[1.         0.50593652 0.50969434] -> F: 0.3806040434310592
Punto[1.         0.50736389 0.50857428] -> F: 0.3794044883057495
Punto[1.         0.50879125 0.50745422] -> F: 0.37820729307552686
Punto[1.         0.51021862 0.50633417] -> F: 0.3770124577403913
Punto[1.         0.51164599 0.50521411] -> F: 0.37581998230034275
Punto[1.         0.51307335 0.50409405] -> F: 0.37462986675538124
Punto[1.         0.51450072 0.502974  ] -> F: 0.3734421111055068
Punto[1.         0.51592809 0.50185394] -> F: 0.37225671535071936
Punto[1.         0.51735545 0.50073388] -> F: 0.37107367949101905
Punto[1.         0.51878282 0.49961383] -> F: 0.36989300352640564
Punto[1.         0.52021018 0.49849377] -> F: 0.3687146874568794
Punto[1.         0.52163755 0.49737371] -> F: 0.3675387312824402
Punto[1.         0.52306492 0.49625366] -> F: 0.366365135003088
Punto[1.         0.52449228 0.4951336 ] -> F: 0.36519389861882284
Punto[1.         0.52591965 0.49401354] -> F: 0.36402502212964477
Punto[1.         0.52734702 0.49289349] -> F: 0.36285850553555377
Punto[1.         0.52877438 0.49177343] -> F: 0.3616943488365498
Punto[1.         0.53020175 0.49065337] -> F: 0.3605315764520014
Punto[1.         0.53162912 0.48953332] -> F: 0.359366830481916
Punto[1.         0.53305648 0.48841326] -> F: 0.35820446609869244
Punto[1.         0.53448385 0.4872932 ] -> F: 0.3570444833023308
Punto[1.         0.53591121 0.48617315] -> F: 0.3558868820928311
Punto[1.         0.53733858 0.48505309] -> F: 0.35473166247019344
Punto[1.         0.53876595 0.48393304] -> F: 0.35357882443441757
{
  "seed": 5428,
  "n_per_z": 10,
  "nz": 100,
  "nd": 100,
  "n_muestras": 50,
  "best_f": 0.40078458415515356,
  "best_cp": [
    1.0,
    0.48167129439165374,
    0.5287352993083294
  ],
  "best_u": [
    -0.1564344650402308,
    -0.8800367553350504,
    0.44840112333371035
  ],
  "best_index": 13,
  "n_candidatos": 54
}
