Punto[0.         0.45909324 0.50715738] -> F: 0.12634114933922994
Punto[1.         0.50900137 0.49455205] -> F: 0.37150983483007943
Punto[2.         0.46510534 0.60435362] -> F: 0.06323193984111862
Punto[1.         0.46209929 0.5557555 ] -> F: 0.3452214976650675
Punto[1.         0.50806333 0.49577612] -> F: 0.3728189793589199
Punto[1.         0.50714405 0.49697571] -> F: 0.3740951393727227
Punto[1.         0.50622477 0.4981753 ] -> F: 0.3753292111081034
Punto[1.         0.50530549 0.49937488] -> F: 0.3765703066504029
Punto[1.         0.50438621 0.50057447] -> F: 0.37781842599962145
Punto[1.         0.50346693 0.50177406] -> F: 0.37901347205006775
Punto[1.         0.50254765 0.50297365] -> F: 0.3802035570853252
Punto[1.         0.50162837 0.50417324] -> F: 0.3813991325594463
Punto[1.         0.50070908 0.50537282] -> F: 0.38255100260791164
Punto[1.         0.4997898  0.50657241] -> F: 0.38368169058075424
Punto[1.         0.49887052 0.507772  ] -> F: 0.3847978996128907
Punto[1.         0.49795124 0.50897159] -> F: 0.38579523959163947
Punto[1.         0.49703196 0.51017117] -> F: 0.3865995121592528
Punto[1.         0.49611268 0.51137076] -> F: 0.38739543378702246
Punto[1.         0.4951934  0.51257035] -> F: 0.3881468909666352
Punto[1.         0.49427412 0.51376994] -> F: 0.3880639330898369
Punto[1.         0.49335484 0.51496952] -> F: 0.3868032032830882
Punto[1.         0.49243556 0.51616911] -> F: 0.38554507070650096
Punto[1.         0.49151628 0.5173687 ] -> F: 0.38428953536007493
Punto[1.         0.490597   0.51856829] -> F: 0.3830365972438103
Punto[1.         0.48967772 0.51976787] -> F: 0.3817862563577068
Punto[1.         0.48875843 0.52096746] -> F: 0.3805385127017646
Punto[1.         0.48783915 0.52216705] -> F: 0.37929336627598365
Punto[1.         0.48691987 0.52336664] -> F: 0.378050817080364
Punto[1.         0.48600059 0.52456622] -> F: 0.3768108651149055
Punto[1.         0.48508131 0.52576581] -> F: 0.37557351037960846
Punto[1.         0.48416203 0.5269654 ] -> F: 0.3743387528744726
Punto[1.         0.48324275 0.52816499] -> F: 0.3731065925994981
Punto[1.         0.48232347 0.52936457] -> F: 0.3718768199066071
Punto[1.         0.48140419 0.53056416] -> F: 0.3706408307428199
Punto[1.         0.48048491 0.53176375] -> F: 0.36940747719373074
Punto[1.         0.47956563 0.53296334] -> F: 0.36817675925933957
Punto[1.         0.47864635 0.53416292] -> F: 0.36694867693964645
Punto[1.         0.47772706 0.53536251] -> F: 0.36572323023465136
Punto[1.         0.47680778 0.5365621 ] -> F: 0.3645004191443543
Punto[1.         0.4758885  0.53776169] -> F: 0.36328024366875544
Punto[1.         0.47496922 0.53896127] -> F: 0.3620627038078544
Punto[1.         0.47404994 0.54016086] -> F: 0.3608477995616516
Punto[1.         0.47313066 0.54136045] -> F: 0.3596355309301467
Punto[1.         0.47221138 0.54256004] -> F: 0.35842589791333984
Punto[1.         0.4712921  0.54375962] -> F: 0.357218900511231
Punto[1.         0.47037282 0.54495921] -> F: 0.3560145387238202
Punto[1.         0.46945354 0.5461588 ] -> F: 0.35481184059042914
Punto[1.         0.46853426 0.54735839] -> F: 0.35360368284824256
Punto[1.         0.46761498 0.54855798] -> F: 0.35239820078506084
Punto[1.         0.4666957  0.54975756] -> F: 0.3511953944008835
Punto[1.         0.46577641 0.55095715] -> F: 0.34999526369571105
Punto[1.         0.46485713 0.55215674] -> F: 0.34879780866954313
Punto[1.         0.46393785 0.55335633] -> F: 0.3476030293223798
Punto[1.         0.46301857 0.55455591] -> F: 0.3464109256542213
Best centerpoint:  [1.         0.4951934  0.51257035] Best F:  0.3881468909666352 Best u:  [ 0.21814324 -0.49678205 -0.84001257] índice:  15
{
  "seed": 2544,
  "n_per_z": 5,
  "nz": 100,
  "nd": 100,
  "n_muestras": 50,
  "best_f": 0.3881468909666352,
  "best_cp": [
    1.0,
    0.4951933999245778,
    0.5125703481454347
  ],
  "best_u": [
    0.21814324139654234,
    -0.496782050151818,
    -0.8400125718582826
  ],
  "n_candidatos": 54
}
