Punto[0.         0.5068082  0.50897609] -> F: 0.1432492761403917
Punto[1.         0.50995773 0.5338825 ] -> F: 0.42686644330971985
Punto[2.         0.43518602 0.52376139] -> F: 0.13943019643586127
Punto[1.         0.47099711 0.51636874] -> F: 0.45085628261547
Punto[1.         0.50917852 0.53353222] -> F: 0.42801436372742896
Punto[1.         0.50841489 0.53318895] -> F: 0.4290580050572063
Punto[1.         0.50765126 0.53284569] -> F: 0.43000851313254795
Punto[1.         0.50688763 0.53250242] -> F: 0.43097266023503283
Punto[1.         0.506124   0.53215915] -> F: 0.43195044636466123
Punto[1.         0.50536038 0.53181588] -> F: 0.4329418715214326
Punto[1.         0.50459675 0.53147261] -> F: 0.43394693570534754
Punto[1.         0.50383312 0.53112934] -> F: 0.43496563891640583
Punto[1.         0.50306949 0.53078607] -> F: 0.4359979811546072
Punto[1.         0.50230586 0.5304428 ] -> F: 0.43704396241995214
Punto[1.         0.50154224 0.53009953] -> F: 0.4380966531510269
Punto[1.         0.50077861 0.52975626] -> F: 0.4390842744213254
Punto[1.         0.50001498 0.52941299] -> F: 0.4400795586703229
Punto[1.         0.49925135 0.52906972] -> F: 0.44108250589801934
Punto[1.         0.49848772 0.52872645] -> F: 0.4420931161044153
Punto[1.         0.4977241  0.52838318] -> F: 0.44311138928951027
Punto[1.         0.49696047 0.52803991] -> F: 0.4441373254533043
Punto[1.         0.49619684 0.52769664] -> F: 0.44517092459579766
Punto[1.         0.49543321 0.52735337] -> F: 0.44621218671699014
Punto[1.         0.49466958 0.5270101 ] -> F: 0.44726111181688183
Punto[1.         0.49390596 0.52666683] -> F: 0.44831769989547254
Punto[1.         0.49314233 0.52632356] -> F: 0.4493819509527626
Punto[1.         0.4923787  0.52598029] -> F: 0.4504538649887518
Punto[1.         0.49161507 0.52563702] -> F: 0.45153344200343987
Punto[1.         0.49085144 0.52529375] -> F: 0.45262068199682703
Punto[1.         0.49008781 0.52495048] -> F: 0.4537096790713491
Punto[1.         0.48932419 0.52460721] -> F: 0.4547558131221817
Punto[1.         0.48856056 0.52426394] -> F: 0.4558075207824468
Punto[1.         0.48779693 0.52392067] -> F: 0.4568648020521446
Punto[1.        0.4870333 0.5235774] -> F: 0.45792765693127474
Punto[1.         0.48626967 0.52323413] -> F: 0.45899608541983733
Punto[1.         0.48550605 0.52289086] -> F: 0.46007008751783257
Punto[1.         0.48474242 0.52254759] -> F: 0.4611496632252603
Punto[1.         0.48397879 0.52220432] -> F: 0.46223481254212045
Punto[1.         0.48321516 0.52186105] -> F: 0.4633255354684131
Punto[1.         0.48245153 0.52151778] -> F: 0.46442183200413834
Punto[1.         0.48168791 0.52117451] -> F: 0.46442576985613265
Punto[1.         0.48092428 0.52083125] -> F: 0.4634829100742962
Punto[1.         0.48016065 0.52048798] -> F: 0.4625355441269661
Punto[1.         0.47939702 0.52014471] -> F: 0.46155821113693196
Punto[1.         0.47863339 0.51980144] -> F: 0.46058165375596305
Punto[1.         0.47786977 0.51945817] -> F: 0.45960587198405944
Punto[1.         0.47710614 0.5191149 ] -> F: 0.4586308658212209
Punto[1.         0.47634251 0.51877163] -> F: 0.45765663526744765
Punto[1.         0.47557888 0.51842836] -> F: 0.45668318032273997
Punto[1.         0.47481525 0.51808509] -> F: 0.45571050098709726
Punto[1.         0.47405162 0.51774182] -> F: 0.4547385972605198
Punto[1.         0.473288   0.51739855] -> F: 0.4537674691430078
Punto[1.         0.47252437 0.51705528] -> F: 0.45279711663456085
Punto[1.         0.47176074 0.51671201] -> F: 0.4518275397351792
{
  "seed": 14873,
  "n_per_z": 10,
  "nz": 100,
  "nd": 100,
  "n_muestras": 50,
  "best_f": 0.46442576985613265,
  "best_cp": [
    1.0,
    0.481687905628979,
    0.5211745147961737
  ],
  "best_u": [
    0.21814324139654234,
    -0.8400125718582826,
    -0.4967820501518181
  ],
  "best_index": 40,
  "n_candidatos": 54
}
