Punto[0.         0.38636605 0.61330187] -> F: 0.16709227643272304
Punto[1.         0.48215059 0.47991351] -> F: 0.3873445476227868
Punto[2.         0.49846151 0.37283281] -> F: 0.0929179216981227
Punto[1.         0.44241378 0.49306734] -> F: 0.3787902403659573
Punto[1.         0.48135585 0.48017658] -> F: 0.3884265139594328
Punto[1.         0.48057701 0.4804344 ] -> F: 0.3892124553350118
Punto[1.         0.47979817 0.48069221] -> F: 0.3900073353061283
Punto[1.         0.47901933 0.48095003] -> F: 0.39081115387278215
Punto[1.         0.47824049 0.48120784] -> F: 0.39162391103497346
Punto[1.         0.47746164 0.48146566] -> F: 0.39233565465924
Punto[1.         0.4766828  0.48172347] -> F: 0.3930106811546306
Punto[1.         0.47590396 0.48198129] -> F: 0.3936848236845453
Punto[1.         0.47512512 0.4822391 ] -> F: 0.39435808224898417
Punto[1.         0.47434628 0.48249692] -> F: 0.3950304568479468
Punto[1.         0.47356744 0.48275473] -> F: 0.39570194748143384
Punto[1.         0.4727886  0.48301255] -> F: 0.3963725541494449
Punto[1.         0.47200975 0.48327036] -> F: 0.3963411542353353
Punto[1.         0.47123091 0.48352818] -> F: 0.3958995897481698
Punto[1.         0.47045207 0.48378599] -> F: 0.3954583915387646
Punto[1.         0.46967323 0.48404381] -> F: 0.39501755960711954
Punto[1.         0.46889439 0.48430162] -> F: 0.39457709395323465
Punto[1.         0.46811555 0.48455944] -> F: 0.39413699457710993
Punto[1.         0.46733671 0.48481726] -> F: 0.3936915115201203
Punto[1.         0.46655786 0.48507507] -> F: 0.39324180882911774
Punto[1.         0.46577902 0.48533289] -> F: 0.3927924898674535
Punto[1.         0.46500018 0.4855907 ] -> F: 0.3923435546351276
Punto[1.         0.46422134 0.48584852] -> F: 0.39189500313213993
Punto[1.         0.4634425  0.48610633] -> F: 0.3914468353584907
Punto[1.         0.46266366 0.48636415] -> F: 0.3909971096282459
Punto[1.         0.46188482 0.48662196] -> F: 0.39053913557061243
Punto[1.         0.46110598 0.48687978] -> F: 0.39008156360571694
Punto[1.         0.46032713 0.48713759] -> F: 0.3896243937335595
Punto[1.         0.45954829 0.48739541] -> F: 0.38916762595414006
Punto[1.         0.45876945 0.48765322] -> F: 0.3887112602674585
Punto[1.         0.45799061 0.48791104] -> F: 0.38825529667351516
Punto[1.         0.45721177 0.48816885] -> F: 0.38779179303665273
Punto[1.         0.45643293 0.48842667] -> F: 0.38732580682488343
Punto[1.         0.45565409 0.48868448] -> F: 0.3868602420842459
Punto[1.         0.45487524 0.4889423 ] -> F: 0.3863950988147403
Punto[1.         0.4540964  0.48920011] -> F: 0.3859303770163665
Punto[1.         0.45331756 0.48945793] -> F: 0.3854660766891246
Punto[1.         0.45253872 0.48971574] -> F: 0.38500010141406454
Punto[1.         0.45175988 0.48997356] -> F: 0.38452550766900007
Punto[1.         0.45098104 0.49023137] -> F: 0.3840513559066735
Punto[1.         0.4502022  0.49048919] -> F: 0.383577646127085
Punto[1.         0.44942335 0.490747  ] -> F: 0.3831043783302344
Punto[1.         0.44864451 0.49100482] -> F: 0.3826315525161218
Punto[1.         0.44786567 0.49126263] -> F: 0.38215916868474714
Punto[1.         0.44708683 0.49152045] -> F: 0.3816810830859721
Punto[1.         0.44630799 0.49177826] -> F: 0.38119811655674096
Punto[1.         0.44552915 0.49203608] -> F: 0.3807156137912014
Punto[1.         0.44475031 0.49229389] -> F: 0.38023357478935316
Punto[1.         0.44397147 0.49255171] -> F: 0.3797519995511965
Punto[1.         0.44319262 0.49280952] -> F: 0.37927088807673115
Best centerpoint:  [1.         0.4727886  0.48301255] Best F:  0.3963725541494449 Best u:  [ 0.12533323  0.8205588  -0.55765118] índice:  12
{
  "seed": 2680,
  "n_per_z": 5,
  "nz": 100,
  "nd": 100,
  "n_muestras": 50,
  "best_f": 0.3963725541494449,
  "best_cp": [
    1.0,
    0.47278859564971176,
    0.4830125492621589
  ],
  "best_u": [
    0.12533323356430415,
    0.8205587969094136,
    -0.5576511825315995
  ],
  "n_candidatos": 54
}
