Punto[0.         0.46264312 0.43026984] -> F: 0.07894164452908002
Punto[1.         0.58959507 0.39722584] -> F: 0.32728452081830844
Punto[2.         0.35235401 0.36694014] -> F: 0.09173599007741248
Punto[1.         0.40749857 0.39860499] -> F: 0.30646491024953754
Punto[1.         0.58595314 0.39725343] -> F: 0.33110219735119556
Punto[1.         0.58238405 0.39728046] -> F: 0.3348639678806042
Punto[1.         0.57881496 0.39730749] -> F: 0.33864597939651375
Punto[1.         0.57524587 0.39733452] -> F: 0.3437499692540119
Punto[1.         0.57167678 0.39736155] -> F: 0.3488937166239552
Punto[1.         0.56810769 0.39738858] -> F: 0.3543695332892868
Punto[1.         0.56453859 0.39741561] -> F: 0.35974732973723855
Punto[1.         0.5609695  0.39744265] -> F: 0.3652405002293662
Punto[1.         0.55740041 0.39746968] -> F: 0.37071641100944364
Punto[1.         0.55383132 0.39749671] -> F: 0.3755655166899362
Punto[1.         0.55026223 0.39752374] -> F: 0.379679271949275
Punto[1.         0.54669314 0.39755077] -> F: 0.38381326819511463
Punto[1.         0.54312404 0.3975778 ] -> F: 0.3894209772873863
Punto[1.         0.53955495 0.39760483] -> F: 0.3949317428572191
Punto[1.         0.53598586 0.39763186] -> F: 0.40082658716595254
Punto[1.         0.53241677 0.3976589 ] -> F: 0.40655061792721764
Punto[1.         0.52884768 0.39768593] -> F: 0.4124902041251817
Punto[1.         0.52527859 0.39771296] -> F: 0.4165459849257463
Punto[1.         0.5217095  0.39773999] -> F: 0.4136238191371204
Punto[1.         0.5181404  0.39776702] -> F: 0.4106914541187353
Punto[1.         0.51457131 0.39779405] -> F: 0.40776504627702587
Punto[1.         0.51100222 0.39782108] -> F: 0.40485510675494746
Punto[1.         0.50743313 0.39784811] -> F: 0.4019616355524999
Punto[1.         0.50386404 0.39787515] -> F: 0.3990846326696834
Punto[1.         0.50029495 0.39790218] -> F: 0.3962180337132147
Punto[1.         0.49672585 0.39792921] -> F: 0.39333757027536054
Punto[1.         0.49315676 0.39795624] -> F: 0.3904740010366631
Punto[1.         0.48958767 0.39798327] -> F: 0.3872729436288167
Punto[1.         0.48601858 0.3980103 ] -> F: 0.38414276814298215
Punto[1.         0.48244949 0.39803733] -> F: 0.380967245762736
Punto[1.         0.4788804  0.39806437] -> F: 0.37793542008563075
Punto[1.         0.47531131 0.3980914 ] -> F: 0.37487003300387833
Punto[1.         0.47174221 0.39811843] -> F: 0.3718932165103289
Punto[1.         0.46817312 0.39814546] -> F: 0.36895505197724854
Punto[1.         0.46460403 0.39817249] -> F: 0.3656115237118935
Punto[1.         0.46103494 0.39819952] -> F: 0.36144123759444235
Punto[1.         0.45746585 0.39822655] -> F: 0.3577479908431603
Punto[1.         0.45389676 0.39825358] -> F: 0.35417838456593564
Punto[1.         0.45032767 0.39828062] -> F: 0.35080751149531686
Punto[1.         0.44675857 0.39830765] -> F: 0.3474348968818272
Punto[1.         0.44318948 0.39833468] -> F: 0.3441906864542887
Punto[1.         0.43962039 0.39836171] -> F: 0.3410635526172435
Punto[1.         0.4360513  0.39838874] -> F: 0.3378707718188072
Punto[1.         0.43248221 0.39841577] -> F: 0.3331769726340039
Punto[1.         0.42891312 0.3984428 ] -> F: 0.32845492509899765
Punto[1.         0.42534402 0.39846983] -> F: 0.3239646643603692
Punto[1.         0.42177493 0.39849687] -> F: 0.32008287493291787
Punto[1.         0.41820584 0.3985239 ] -> F: 0.31661049320020407
Punto[1.         0.41463675 0.39855093] -> F: 0.313050552894917
Punto[1.         0.41106766 0.39857796] -> F: 0.3096937841840852
Best centerpoint:  [1.         0.52527859 0.39771296] Best F:  0.4165459849257463 Best u:  [-0.9921147  -0.11167273 -0.0569001 ] índice:  18
{
  "seed": 19134,
  "n_per_z": 5,
  "nz": 100,
  "nd": 100,
  "n_muestras": 50,
  "best_f": 0.4165459849257463,
  "best_cp": [
    1.0,
    0.5252785870354713,
    0.3977129583673812
  ],
  "best_u": [
    -0.9921147013144779,
    -0.11167272880341962,
    -0.056900097339831826
  ],
  "n_candidatos": 54
}
