Punto[0.         0.32885369 0.63035379] -> F: 0.1465856926006808
Punto[1.         0.50774552 0.56112786] -> F: 0.3991303556083186
Punto[2.         0.58403987 0.50092474] -> F: 0.08924449610887755
Punto[1.         0.45644678 0.56563927] -> F: 0.3851812237818897
Punto[1.         0.50671955 0.56121809] -> F: 0.4001557984268171
Punto[1.         0.50571409 0.56130651] -> F: 0.40117059647681874
Punto[1.         0.50470863 0.56139493] -> F: 0.40219515897744285
Punto[1.         0.50370318 0.56148336] -> F: 0.403229485928689
Punto[1.         0.50269772 0.56157178] -> F: 0.4042735773305575
Punto[1.         0.50169227 0.56166021] -> F: 0.4053274331830483
Punto[1.         0.50068681 0.56174863] -> F: 0.4063910534861612
Punto[1.         0.49968136 0.56183705] -> F: 0.4073949798041869
Punto[1.         0.4986759  0.56192548] -> F: 0.40825597855485674
Punto[1.         0.49767045 0.5620139 ] -> F: 0.40882123432162853
Punto[1.         0.49666499 0.56210232] -> F: 0.4083152502849482
Punto[1.         0.49565954 0.56219075] -> F: 0.4078100043262571
Punto[1.         0.49465408 0.56227917] -> F: 0.40730549644555597
Punto[1.         0.49364863 0.56236759] -> F: 0.4068017266428444
Punto[1.         0.49264317 0.56245602] -> F: 0.4062986949181222
Punto[1.         0.49163772 0.56254444] -> F: 0.4057964012713895
Punto[1.         0.49063226 0.56263287] -> F: 0.4053096864492198
Punto[1.         0.4896268  0.56272129] -> F: 0.4048694346678706
Punto[1.         0.48862135 0.56280971] -> F: 0.4044716329073808
Punto[1.         0.48761589 0.56289814] -> F: 0.40408075953502637
Punto[1.         0.48661044 0.56298656] -> F: 0.40361084380874074
Punto[1.         0.48560498 0.56307498] -> F: 0.4030759637510553
Punto[1.         0.48459953 0.56316341] -> F: 0.4025418547429028
Punto[1.         0.48359407 0.56325183] -> F: 0.40200851678428295
Punto[1.         0.48258862 0.56334025] -> F: 0.4014790845309637
Punto[1.         0.48158316 0.56342868] -> F: 0.40095845228250476
Punto[1.         0.48057771 0.5635171 ] -> F: 0.4004466777892897
Punto[1.         0.47957225 0.56360553] -> F: 0.39994376105131824
Punto[1.         0.4785668  0.56369395] -> F: 0.39944970206859093
Punto[1.         0.47756134 0.56378237] -> F: 0.3989253942579088
Punto[1.         0.47655589 0.5638708 ] -> F: 0.3983681671138467
Punto[1.         0.47555043 0.56395922] -> F: 0.3978155880159777
Punto[1.         0.47454498 0.56404764] -> F: 0.39726765696430166
Punto[1.         0.47353952 0.56413607] -> F: 0.39672437395881877
Punto[1.         0.47253406 0.56422449] -> F: 0.39613455764902594
Punto[1.         0.47152861 0.56431291] -> F: 0.3955459941638228
Punto[1.         0.47052315 0.56440134] -> F: 0.39496084335378046
Punto[1.         0.4695177  0.56448976] -> F: 0.3943484779662988
Punto[1.         0.46851224 0.56457819] -> F: 0.3937239039325886
Punto[1.         0.46750679 0.56466661] -> F: 0.3931021699844892
Punto[1.         0.46650133 0.56475503] -> F: 0.39244569576564764
Punto[1.         0.46549588 0.56484346] -> F: 0.3917865510156467
Punto[1.         0.46449042 0.56493188] -> F: 0.39111671967894185
Punto[1.         0.46348497 0.5650203 ] -> F: 0.39042101550486646
Punto[1.         0.46247951 0.56510873] -> F: 0.3897276413801435
Punto[1.         0.46147406 0.56519715] -> F: 0.3890006469531765
Punto[1.         0.4604686  0.56528557] -> F: 0.3882706298902927
Punto[1.         0.45946315 0.565374  ] -> F: 0.3875228639222182
Punto[1.         0.45845769 0.56546242] -> F: 0.38675579226964274
Punto[1.         0.45745223 0.56555085] -> F: 0.38598614655745
{
  "seed": 381,
  "n_per_z": 10,
  "nz": 100,
  "nd": 100,
  "n_muestras": 50,
  "best_f": 0.40882123432162853,
  "best_cp": [
    1.0,
    0.49767044730184073,
    0.5620138999294026
  ],
  "best_u": [
    0.27899110603922916,
    -0.5145510878348444,
    -0.8108027755002974
  ],
  "best_index": 13,
  "n_candidatos": 54
}
