Punto[0.         0.58323694 0.61901947] -> F: 0.08220014041546256
Punto[1.         0.61523022 0.53606577] -> F: 0.3658465313140309
Punto[2.         0.68250939 0.41717736] -> F: 0.15053228553865597
Punto[1.         0.63287316 0.51809842] -> F: 0.36355750323534025
Punto[1.         0.61558308 0.53570643] -> F: 0.36632601017409433
Punto[1.         0.61592888 0.53535427] -> F: 0.36678953643867257
Punto[1.         0.61627468 0.53500211] -> F: 0.36700082684615426
Punto[1.         0.61662048 0.53464995] -> F: 0.3672121205591467
Punto[1.         0.61696628 0.53429779] -> F: 0.3674234175776495
Punto[1.         0.61731208 0.53394563] -> F: 0.3676347179016634
Punto[1.         0.61765789 0.53359347] -> F: 0.3678460215311878
Punto[1.         0.61800369 0.53324131] -> F: 0.36805732846622274
Punto[1.         0.61834949 0.53288915] -> F: 0.36826863870676857
Punto[1.         0.61869529 0.53253699] -> F: 0.3684799522528249
Punto[1.         0.61904109 0.53218483] -> F: 0.3686912691043921
Punto[1.         0.61938689 0.53183266] -> F: 0.3689025892614698
Punto[1.        0.6197327 0.5314805] -> F: 0.368837923004137
Punto[1.         0.6200785  0.53112834] -> F: 0.3687310678576659
Punto[1.         0.6204243  0.53077618] -> F: 0.36862421026774506
Punto[1.         0.6207701  0.53042402] -> F: 0.3685173502343744
Punto[1.         0.6211159  0.53007186] -> F: 0.3684104877575534
Punto[1.         0.62146171 0.5297197 ] -> F: 0.36830362283728263
Punto[1.         0.62180751 0.52936754] -> F: 0.3681967554735619
Punto[1.         0.62215331 0.52901538] -> F: 0.36807925553324455
Punto[1.         0.62249911 0.52866322] -> F: 0.36791409417607274
Punto[1.         0.62284491 0.52831106] -> F: 0.3677502193775561
Punto[1.         0.62319071 0.5279589 ] -> F: 0.36758763113769427
Punto[1.         0.62353652 0.52760674] -> F: 0.36742632945648696
Punto[1.         0.62388232 0.52725458] -> F: 0.3672663143339338
Punto[1.         0.62422812 0.52690242] -> F: 0.36710758577003577
Punto[1.         0.62457392 0.52655026] -> F: 0.36695014376479224
Punto[1.         0.62491972 0.5261981 ] -> F: 0.36679398831820337
Punto[1.         0.62526552 0.52584594] -> F: 0.36663911943026917
Punto[1.         0.62561133 0.52549378] -> F: 0.36648553710098963
Punto[1.         0.62595713 0.52514162] -> F: 0.3663332413303645
Punto[1.         0.62630293 0.52478946] -> F: 0.36618223211839435
Punto[1.         0.62664873 0.5244373 ] -> F: 0.36603250946507865
Punto[1.         0.62699453 0.52408514] -> F: 0.3658840733704175
Punto[1.         0.62734034 0.52373298] -> F: 0.3657369238344113
Punto[1.         0.62768614 0.52338082] -> F: 0.3655910608570596
Punto[1.         0.62803194 0.52302866] -> F: 0.3654464844383625
Punto[1.         0.62837774 0.5226765 ] -> F: 0.3653031945783201
Punto[1.         0.62872354 0.52232434] -> F: 0.3651611912769323
Punto[1.         0.62906934 0.52197218] -> F: 0.36502047453419884
Punto[1.         0.62941515 0.52162002] -> F: 0.36488104435012036
Punto[1.         0.62976095 0.52126786] -> F: 0.3647429007246964
Punto[1.         0.63010675 0.5209157 ] -> F: 0.36460604365792737
Punto[1.         0.63045255 0.52056354] -> F: 0.3644704731498128
Punto[1.         0.63079835 0.52021138] -> F: 0.3643361892003526
Punto[1.         0.63114415 0.51985922] -> F: 0.36420319180954747
Punto[1.         0.63148996 0.51950706] -> F: 0.3640714809773966
Punto[1.         0.63183576 0.5191549 ] -> F: 0.36394105670390053
Punto[1.         0.63218156 0.51880274] -> F: 0.3638119189890591
Punto[1.         0.63252736 0.51845058] -> F: 0.36368406783287244
Best centerpoint:  [1.         0.61938689 0.53183266] Best F:  0.3689025892614698 Best u:  [-0.12533323 -0.92244492 -0.36522178] índice:  12
{
  "seed": 8166,
  "n_per_z": 5,
  "nz": 100,
  "nd": 100,
  "n_muestras": 50,
  "best_f": 0.3689025892614698,
  "best_cp": [
    1.0,
    0.6193868947016846,
    0.5318326648769309
  ],
  "best_u": [
    -0.12533323356430448,
    -0.9224449205862474,
    -0.365221780633285
  ],
  "n_candidatos": 54
}
