Punto[0.         0.5901835  0.34743703] -> F: 0.1924844854874902
Punto[1.         0.44775075 0.40012122] -> F: 0.3401102242971569
Punto[2.         0.3167231  0.50322053] -> F: 0.05361286405130465
Punto[1.         0.4534533  0.42532878] -> F: 0.3224218608206112
Punto[1.         0.4478648  0.40062537] -> F: 0.3398518029189504
Punto[1.         0.44797657 0.40111944] -> F: 0.3395994585458157
Punto[1.         0.44808834 0.40161351] -> F: 0.3393480135726385
Punto[1.         0.44820011 0.40210758] -> F: 0.3390974679994183
Punto[1.         0.44831188 0.40260165] -> F: 0.3388478218261556
Punto[1.         0.44842365 0.40309571] -> F: 0.3385990750528503
Punto[1.         0.44853542 0.40358978] -> F: 0.33835122767950215
Punto[1.         0.44864719 0.40408385] -> F: 0.33810427970611123
Punto[1.         0.44875896 0.40457792] -> F: 0.33785823113267766
Punto[1.         0.44887073 0.40507199] -> F: 0.3376130819592014
Punto[1.         0.4489825  0.40556605] -> F: 0.3373688321856824
Punto[1.         0.44909427 0.40606012] -> F: 0.33712548181212065
Punto[1.         0.44920604 0.40655419] -> F: 0.33688303083851634
Punto[1.         0.44931781 0.40704826] -> F: 0.3365660677055139
Punto[1.         0.44942958 0.40754233] -> F: 0.3359056319729183
Punto[1.         0.44954135 0.4080364 ] -> F: 0.33524504054983234
Punto[1.         0.44965312 0.40853046] -> F: 0.3345842934362557
Punto[1.         0.44976489 0.40902453] -> F: 0.3339233906321893
Punto[1.         0.44987666 0.4095186 ] -> F: 0.33326233213763257
Punto[1.         0.44998843 0.41001267] -> F: 0.3326011179525855
Punto[1.         0.4501002  0.41050674] -> F: 0.33194559285698055
Punto[1.         0.45021197 0.4110008 ] -> F: 0.33134762391061534
Punto[1.         0.45032374 0.41149487] -> F: 0.33081943001340297
Punto[1.         0.45043551 0.41198894] -> F: 0.3303610111653432
Punto[1.         0.45054728 0.41248301] -> F: 0.32997236736643665
Punto[1.         0.45065905 0.41297708] -> F: 0.32965334052727524
Punto[1.         0.45077082 0.41347115] -> F: 0.32936463760857765
Punto[1.         0.45088259 0.41396521] -> F: 0.3290758883340825
Punto[1.         0.45099436 0.41445928] -> F: 0.32878709270379003
Punto[1.         0.45110613 0.41495335] -> F: 0.32849825071770006
Punto[1.         0.4512179  0.41544742] -> F: 0.3282093623758128
Punto[1.         0.45132967 0.41594149] -> F: 0.32792042767812796
Punto[1.         0.45144144 0.41643555] -> F: 0.32763144662464583
Punto[1.         0.45155321 0.41692962] -> F: 0.3273424192153663
Punto[1.         0.45166498 0.41742369] -> F: 0.3270533454502894
Punto[1.         0.45177675 0.41791776] -> F: 0.32676422532941496
Punto[1.         0.45188852 0.41841183] -> F: 0.3264750588527433
Punto[1.         0.45200029 0.4189059 ] -> F: 0.3261858460202741
Punto[1.         0.45211206 0.41939996] -> F: 0.3258965868320075
Punto[1.         0.45222383 0.41989403] -> F: 0.32560728128794353
Punto[1.        0.4523356 0.4203881] -> F: 0.3253179293880822
Punto[1.         0.45244737 0.42088217] -> F: 0.32502853113242336
Punto[1.         0.45255914 0.42137624] -> F: 0.3247390865209673
Punto[1.         0.45267091 0.4218703 ] -> F: 0.32444959555371367
Punto[1.         0.45278268 0.42236437] -> F: 0.32416005823066274
Punto[1.         0.45289445 0.42285844] -> F: 0.3238704745518142
Punto[1.         0.45300622 0.42335251] -> F: 0.32358084451716856
Punto[1.         0.45311799 0.42384658] -> F: 0.32329116812672537
Punto[1.         0.45322976 0.42434065] -> F: 0.32300144538048486
Punto[1.         0.45334153 0.42483471] -> F: 0.3227116762784467
Best centerpoint:  [1.         0.44775075 0.40012122] Best F:  0.3401102242971569 Best u:  [ 0.06279052 -0.76899281  0.63616618] índice:  1
{
  "seed": 8612,
  "n_per_z": 5,
  "nz": 100,
  "nd": 100,
  "n_muestras": 50,
  "best_f": 0.3401102242971569,
  "best_cp": [
    1.0,
    0.44775074516139235,
    0.4001212210826928
  ],
  "best_u": [
    0.06279051952931353,
    -0.7689928108981794,
    0.636166179110581
  ],
  "n_candidatos": 54
}
