Punto[0.         0.46303803 0.31236663] -> F: 0.14490975257220443
Punto[1.         0.34146997 0.42579845] -> F: 0.38945691315674463
Punto[2.         0.2612926  0.44162735] -> F: 0.11542349406412589
Punto[1.         0.36216532 0.37699699] -> F: 0.4279439157591135
Punto[1.         0.34188388 0.42482242] -> F: 0.3911804927066274
Punto[1.         0.34228951 0.42386591] -> F: 0.39286673470496497
Punto[1.         0.34269513 0.4229094 ] -> F: 0.39455707885380653
Punto[1.         0.34310076 0.4219529 ] -> F: 0.39625210651046416
Punto[1.         0.34350639 0.42099639] -> F: 0.39795181767493754
Punto[1.         0.34391202 0.42003988] -> F: 0.3996562123472269
Punto[1.         0.34431765 0.41908337] -> F: 0.401365290527332
Punto[1.         0.34472328 0.41812686] -> F: 0.40307905221525286
Punto[1.         0.34512891 0.41717035] -> F: 0.4047969716348259
Punto[1.         0.34553454 0.41621384] -> F: 0.4065166413677201
Punto[1.         0.34594016 0.41525734] -> F: 0.40823553608096946
Punto[1.         0.34634579 0.41430083] -> F: 0.40995740643328893
Punto[1.         0.34675142 0.41334432] -> F: 0.4116822524246785
Punto[1.         0.34715705 0.41238781] -> F: 0.413410074055138
Punto[1.         0.34756268 0.4114313 ] -> F: 0.4151408713246674
Punto[1.         0.34796831 0.41047479] -> F: 0.4168746442332671
Punto[1.         0.34837394 0.40951828] -> F: 0.4186113927809368
Punto[1.         0.34877957 0.40856177] -> F: 0.42035111696767646
Punto[1.         0.34918519 0.40760527] -> F: 0.4220938167934861
Punto[1.         0.34959082 0.40664876] -> F: 0.423839492258366
Punto[1.         0.34999645 0.40569225] -> F: 0.4255881433623155
Punto[1.         0.35040208 0.40473574] -> F: 0.42733977010533547
Punto[1.         0.35080771 0.40377923] -> F: 0.42909437248742544
Punto[1.         0.35121334 0.40282272] -> F: 0.4308519505085853
Punto[1.         0.35161897 0.40186621] -> F: 0.4326125041688152
Punto[1.        0.3520246 0.4009097] -> F: 0.4343760334681153
Punto[1.         0.35243022 0.3999532 ] -> F: 0.4361425384064853
Punto[1.         0.35283585 0.39899669] -> F: 0.43791201898392523
Punto[1.         0.35324148 0.39804018] -> F: 0.43781262356382156
Punto[1.         0.35364711 0.39708367] -> F: 0.4373795458434719
Punto[1.         0.35405274 0.39612716] -> F: 0.4369366453553007
Punto[1.         0.35445837 0.39517065] -> F: 0.4364942448451722
Punto[1.         0.354864   0.39421414] -> F: 0.43605234431308665
Punto[1.         0.35526963 0.39325764] -> F: 0.435610943759044
Punto[1.         0.35567526 0.39230113] -> F: 0.4351700431830442
Punto[1.         0.35608088 0.39134462] -> F: 0.43472964258508723
Punto[1.         0.35648651 0.39038811] -> F: 0.4342897419651731
Punto[1.         0.35689214 0.3894316 ] -> F: 0.43385034132330197
Punto[1.         0.35729777 0.38847509] -> F: 0.4334114406594735
Punto[1.         0.3577034  0.38751858] -> F: 0.432973039973688
Punto[1.         0.35810903 0.38656207] -> F: 0.43252011293731374
Punto[1.         0.35851466 0.38560557] -> F: 0.4320600032901755
Punto[1.         0.35892029 0.38464906] -> F: 0.4316004469606635
Punto[1.         0.35932591 0.38369255] -> F: 0.43114144394877774
Punto[1.         0.35973154 0.38273604] -> F: 0.4306829942545183
Punto[1.         0.36013717 0.38177953] -> F: 0.4302250978778852
Punto[1.         0.3605428  0.38082302] -> F: 0.4297677548188783
Punto[1.         0.36094843 0.37986651] -> F: 0.4293109650774977
Punto[1.         0.36135406 0.37891   ] -> F: 0.4288547286537433
Punto[1.         0.36175969 0.3779535 ] -> F: 0.42839904554761526
Best centerpoint:  [1.         0.35283585 0.39899669] Best F:  0.43791201898392523 Best u:  [ 0.03141076 -0.30886451  0.95058723] índice:  28
{
  "seed": 4985,
  "n_per_z": 5,
  "nz": 100,
  "nd": 100,
  "n_muestras": 50,
  "best_f": 0.43791201898392523,
  "best_cp": [
    1.0,
    0.35283585364061015,
    0.398996687279885
  ],
  "best_u": [
    0.031410759078128396,
    -0.30886451314226004,
    0.9505872273155844
  ],
  "n_candidatos": 54
}
