Punto[0.         0.67256461 0.66648658] -> F: 0.07541016409563217
Punto[1.         0.46727197 0.56482119] -> F: 0.3291292919132022
Punto[2.         0.42513242 0.67983331] -> F: 0.0935745367015076
Punto[1.         0.54884851 0.67315994] -> F: 0.30943933786274774
Punto[1.         0.4689035  0.56698797] -> F: 0.33317110372071246
Punto[1.         0.4705024  0.56911141] -> F: 0.3372394128627823
Punto[1.         0.4721013  0.57123485] -> F: 0.3414139713980803
Punto[1.         0.4737002  0.57335829] -> F: 0.3456947793266069
Punto[1.         0.4752991  0.57548173] -> F: 0.3500818366483615
Punto[1.         0.476898   0.57760517] -> F: 0.3545751433633442
Punto[1.         0.4784969  0.57972861] -> F: 0.35917469947155534
Punto[1.         0.4800958  0.58185205] -> F: 0.36388050497299446
Punto[1.         0.4816947  0.58397549] -> F: 0.3686724935863962
Punto[1.         0.4832936  0.58609893] -> F: 0.37351490703342916
Punto[1.         0.4848925  0.58822236] -> F: 0.37845330051482173
Punto[1.        0.4864914 0.5903458] -> F: 0.3834876740305736
Punto[1.         0.4880903  0.59246924] -> F: 0.38861802758068487
Punto[1.         0.48968921 0.59459268] -> F: 0.39356184112792386
Punto[1.         0.49128811 0.59671612] -> F: 0.3983033899630507
Punto[1.         0.49288701 0.59883956] -> F: 0.4032188079439348
Punto[1.         0.49448591 0.600963  ] -> F: 0.4082970398661221
Punto[1.         0.49608481 0.60308644] -> F: 0.4132481792206401
Punto[1.         0.49768371 0.60520988] -> F: 0.4174328837626476
Punto[1.         0.49928261 0.60733332] -> F: 0.4145923796896496
Punto[1.         0.50088151 0.60945676] -> F: 0.41159155981016193
Punto[1.         0.50248041 0.6115802 ] -> F: 0.40844056242413046
Punto[1.         0.50407931 0.61370364] -> F: 0.40534180049645435
Punto[1.         0.50567821 0.61582708] -> F: 0.40229527402713383
Punto[1.         0.50727711 0.61795052] -> F: 0.3993009830161683
Punto[1.         0.50887601 0.62007396] -> F: 0.3961723770323419
Punto[1.         0.51047491 0.6221974 ] -> F: 0.3927551685247704
Punto[1.         0.51207381 0.62432084] -> F: 0.3894022057074522
Punto[1.         0.51367271 0.62644427] -> F: 0.38613860923946564
Punto[1.         0.51527161 0.62856771] -> F: 0.3829643791208106
Punto[1.         0.51687051 0.63069115] -> F: 0.3798795153514874
Punto[1.         0.51846941 0.63281459] -> F: 0.3761430881882449
Punto[1.         0.52006831 0.63493803] -> F: 0.37243876955103095
Punto[1.         0.52166721 0.63706147] -> F: 0.3687260417675093
Punto[1.         0.52326611 0.63918491] -> F: 0.3652870427718585
Punto[1.         0.52486501 0.64130835] -> F: 0.3621125805703237
Punto[1.         0.52646391 0.64343179] -> F: 0.35864597859835223
Punto[1.         0.52806281 0.64555523] -> F: 0.35529032574928626
Punto[1.         0.52966171 0.64767867] -> F: 0.3520704145408739
Punto[1.         0.53126061 0.64980211] -> F: 0.3489862412762066
Punto[1.         0.53285951 0.65192555] -> F: 0.3459528345607915
Punto[1.         0.53445841 0.65404899] -> F: 0.3413230902410989
Punto[1.         0.53605731 0.65617243] -> F: 0.33585052973549656
Punto[1.         0.53765621 0.65829587] -> F: 0.33186535506555
Punto[1.         0.53925511 0.66041931] -> F: 0.3286747680484346
Punto[1.         0.54085401 0.66254275] -> F: 0.32533379871221696
Punto[1.         0.54245291 0.66466619] -> F: 0.3218987731617911
Punto[1.         0.54405181 0.66678962] -> F: 0.3187257244579837
Punto[1.         0.54565071 0.66891306] -> F: 0.31562468912028946
Punto[1.         0.54724961 0.6710365 ] -> F: 0.31252922692187773
Best centerpoint:  [1.         0.49768371 0.60520988] Best F:  0.4174328837626476 Best u:  [-0.21814324  0.7114127   0.668061  ] índice:  19
{
  "seed": 11621,
  "n_per_z": 5,
  "nz": 100,
  "nd": 100,
  "n_muestras": 50,
  "best_f": 0.4174328837626476,
  "best_cp": [
    1.0,
    0.49768370632995795,
    0.6052098802671244
  ],
  "best_u": [
    -0.21814324139654234,
    0.7114127024280372,
    0.6680609950124665
  ],
  "n_candidatos": 54
}
