Punto[0.         0.57240446 0.70837077] -> F: 0.07323856863692466
Punto[1.         0.44456029 0.62956886] -> F: 0.33681026998928276
Punto[2.         0.53791768 0.45549014] -> F: 0.1592867337559683
Punto[1.         0.55516107 0.58193046] -> F: 0.32049651829856135
Punto[1.        0.4467723 0.6286161] -> F: 0.33991569774563074
Punto[1.         0.44894008 0.62768238] -> F: 0.3433762372338137
Punto[1.         0.45110785 0.62674867] -> F: 0.3472497826626262
Punto[1.         0.45327563 0.62581496] -> F: 0.35024166733211753
Punto[1.         0.4554434  0.62488125] -> F: 0.35278632016615075
Punto[1.         0.45761118 0.62394753] -> F: 0.3553956227205527
Punto[1.         0.45977895 0.62301382] -> F: 0.35763021736819567
Punto[1.         0.46194673 0.62208011] -> F: 0.35987193766389364
Punto[1.         0.4641145  0.62114639] -> F: 0.3622277027417878
Punto[1.         0.46628228 0.62021268] -> F: 0.36469751260187744
Punto[1.         0.46845006 0.61927897] -> F: 0.3672813672441633
Punto[1.         0.47061783 0.61834526] -> F: 0.3695233295273531
Punto[1.         0.47278561 0.61741154] -> F: 0.3714918288761304
Punto[1.         0.47495338 0.61647783] -> F: 0.3734790819880243
Punto[1.         0.47712116 0.61554412] -> F: 0.37274823099941706
Punto[1.         0.47928893 0.6146104 ] -> F: 0.3715504657311355
Punto[1.         0.48145671 0.61367669] -> F: 0.3703323959643093
Punto[1.         0.48362448 0.61274298] -> F: 0.3691094974048053
Punto[1.         0.48579226 0.61180927] -> F: 0.36786019212048837
Punto[1.         0.48796003 0.61087555] -> F: 0.36660522274011687
Punto[1.         0.49012781 0.60994184] -> F: 0.3653317314399901
Punto[1.         0.49229558 0.60900813] -> F: 0.3640444550890313
Punto[1.         0.49446336 0.60807442] -> F: 0.3627473056511682
Punto[1.         0.49663114 0.6071407 ] -> F: 0.3614276598297829
Punto[1.         0.49879891 0.60620699] -> F: 0.3601013542831669
Punto[1.         0.50096669 0.60527328] -> F: 0.3587550767609323
Punto[1.         0.50313446 0.60433956] -> F: 0.3573961692777885
Punto[1.         0.50530224 0.60340585] -> F: 0.356026882800368
Punto[1.         0.50747001 0.60247214] -> F: 0.35463533382432255
Punto[1.         0.50963779 0.60153843] -> F: 0.35323688134147163
Punto[1.         0.51180556 0.60060471] -> F: 0.351818936879301
Punto[1.         0.51397334 0.599671  ] -> F: 0.35038778369558005
Punto[1.         0.51614111 0.59873729] -> F: 0.34894699287417336
Punto[1.         0.51830889 0.59780357] -> F: 0.34748309230377483
Punto[1.         0.52047666 0.59686986] -> F: 0.3460127359530441
Punto[1.         0.52264444 0.59593615] -> F: 0.3445227239299863
Punto[1.         0.52481221 0.59500244] -> F: 0.3430197388461332
Punto[1.         0.52697999 0.59406872] -> F: 0.3415065195261753
Punto[1.         0.52914777 0.59313501] -> F: 0.33997087343109117
Punto[1.         0.53131554 0.5922013 ] -> F: 0.33843007307988177
Punto[1.         0.53348332 0.59126758] -> F: 0.3368659019716158
Punto[1.         0.53565109 0.59033387] -> F: 0.33529287626153814
Punto[1.         0.53781887 0.58940016] -> F: 0.3337045241611792
Punto[1.         0.53998664 0.58846645] -> F: 0.3320993479084795
Punto[1.         0.54215442 0.58753273] -> F: 0.33048638473999375
Punto[1.         0.54432219 0.58659902] -> F: 0.32884917650465123
Punto[1.         0.54648997 0.58566531] -> F: 0.3272104266616453
Punto[1.         0.54865774 0.5847316 ] -> F: 0.32554203057881115
Punto[1.         0.55082552 0.58379788] -> F: 0.32387276343447086
Punto[1.         0.55299329 0.58286417] -> F: 0.3221804470314753
Best centerpoint:  [1.         0.47495338 0.61647783] Best F:  0.3734790819880243 Best u:  [-0.06279052 -0.58662539  0.80742058] índice:  14
{
  "seed": 4279,
  "n_per_z": 5,
  "nz": 100,
  "nd": 100,
  "n_muestras": 50,
  "best_f": 0.3734790819880243,
  "best_cp": [
    1.0,
    0.4749533816653332,
    0.6164778303787062
  ],
  "best_u": [
    -0.0627905195293134,
    -0.586625392363843,
    0.8074205841389022
  ],
  "n_candidatos": 54
}
