Punto[0.         0.72349871 0.33704409] -> F: 0.02757107195606786
Punto[1.         0.49138759 0.47657733] -> F: 0.38167278341822386
Punto[2.         0.48012463 0.77191947] -> F: 0.0638222396929439
Punto[1.         0.60181167 0.55448178] -> F: 0.20968775313717816
Punto[1.         0.49359608 0.47813542] -> F: 0.3849226857873984
Punto[1.         0.49576039 0.47966235] -> F: 0.3881681139842821
Punto[1.         0.4979247  0.48118927] -> F: 0.39147345470398476
Punto[1.         0.50008901 0.4827162 ] -> F: 0.3946732209962238
Punto[1.         0.50225332 0.48424313] -> F: 0.39788520453542453
Punto[1.         0.50441763 0.48577005] -> F: 0.4011793530346419
Punto[1.         0.50658195 0.48729698] -> F: 0.40464261183088224
Punto[1.         0.50874626 0.48882391] -> F: 0.4010604423284483
Punto[1.         0.51091057 0.49035084] -> F: 0.3957995222011686
Punto[1.         0.51307488 0.49187776] -> F: 0.3905775572877795
Punto[1.         0.51523919 0.49340469] -> F: 0.3853945475882798
Punto[1.         0.51740351 0.49493162] -> F: 0.3802504931026707
Punto[1.         0.51956782 0.49645854] -> F: 0.3751453938309512
Punto[1.         0.52173213 0.49798547] -> F: 0.37007924977312157
Punto[1.         0.52389644 0.4995124 ] -> F: 0.3650520609291823
Punto[1.         0.52606075 0.50103933] -> F: 0.36006382729913294
Punto[1.         0.52822506 0.50256625] -> F: 0.3551145488829737
Punto[1.         0.53038938 0.50409318] -> F: 0.35020422568070425
Punto[1.         0.53255369 0.50562011] -> F: 0.3453328576923251
Punto[1.         0.534718   0.50714703] -> F: 0.34050044491783615
Punto[1.         0.53688231 0.50867396] -> F: 0.33570698735723686
Punto[1.         0.53904662 0.51020089] -> F: 0.33095248501052754
Punto[1.         0.54121094 0.51172782] -> F: 0.3262369378777084
Punto[1.         0.54337525 0.51325474] -> F: 0.3215603459587796
Punto[1.         0.54553956 0.51478167] -> F: 0.3169227092537401
Punto[1.         0.54770387 0.5163086 ] -> F: 0.3123240277625912
Punto[1.         0.54986818 0.51783553] -> F: 0.307764301485332
Punto[1.         0.5520325  0.51936245] -> F: 0.30324353042196317
Punto[1.         0.55419681 0.52088938] -> F: 0.2987617145724841
Punto[1.         0.55636112 0.52241631] -> F: 0.2943188539368952
Punto[1.         0.55852543 0.52394323] -> F: 0.28991494851519634
Punto[1.         0.56068974 0.52547016] -> F: 0.28554999830738736
Punto[1.         0.56285405 0.52699709] -> F: 0.28122400331346853
Punto[1.         0.56501837 0.52852402] -> F: 0.2769369635334396
Punto[1.         0.56718268 0.53005094] -> F: 0.27267926824433364
Punto[1.         0.56934699 0.53157787] -> F: 0.2684468671670426
Punto[1.        0.5715113 0.5331048] -> F: 0.2642538569408308
Punto[1.         0.57367561 0.53463172] -> F: 0.26010023756569806
Punto[1.         0.57583993 0.53615865] -> F: 0.2559860090416444
Punto[1.         0.57800424 0.53768558] -> F: 0.25191117136867014
Punto[1.         0.58016855 0.53921251] -> F: 0.24787572454677478
Punto[1.         0.58233286 0.54073943] -> F: 0.2438796685759587
Punto[1.         0.58449717 0.54226636] -> F: 0.23992300345622203
Punto[1.         0.58666148 0.54379329] -> F: 0.2360057291875644
Punto[1.         0.5888258  0.54532021] -> F: 0.23212784576998594
Punto[1.         0.59099011 0.54684714] -> F: 0.2282893532034867
Punto[1.         0.59315442 0.54837407] -> F: 0.22449025148806642
Punto[1.         0.59531873 0.549901  ] -> F: 0.22073054062372566
Punto[1.         0.59748304 0.55142792] -> F: 0.21701022061046416
Punto[1.         0.59964736 0.55295485] -> F: 0.21332929144828158
Best centerpoint:  [1.         0.50658195 0.48729698] Best F:  0.40464261183088224 Best u:  [ 0.15643447 -0.39225834 -0.90645554] índice:  7
{
  "seed": 18384,
  "n_per_z": 5,
  "nz": 100,
  "nd": 100,
  "n_muestras": 50,
  "best_f": 0.40464261183088224,
  "best_cp": [
    1.0,
    0.5065819465030416,
    0.48729698139945554
  ],
  "best_u": [
    0.1564344650402308,
    -0.3922583410719257,
    -0.9064555433153232
  ],
  "n_candidatos": 54
}
