Punto[0.         0.44211539 0.76660694] -> F: 0.12580819861887482
Punto[1.         0.6044088  0.41528144] -> F: 0.3173023042871143
Punto[2.         0.8348909  0.48123735] -> F: 0.034293950431740966
Punto[1.         0.63850314 0.62392215] -> F: 0.17633354689163597
Punto[1.         0.60509068 0.41945425] -> F: 0.32224841978380564
Punto[1.         0.60575893 0.42354361] -> F: 0.32700161877811335
Punto[1.         0.60642718 0.42763297] -> F: 0.33187508228806456
Punto[1.         0.60709543 0.43172233] -> F: 0.3368890436433981
Punto[1.         0.60776368 0.43581168] -> F: 0.3420435028441146
Punto[1.         0.60843193 0.43990104] -> F: 0.3473384598902134
Punto[1.         0.60910018 0.4439904 ] -> F: 0.35277391478169423
Punto[1.         0.60976843 0.44807976] -> F: 0.35115457938658123
Punto[1.         0.61043668 0.45216911] -> F: 0.3466901829451201
Punto[1.         0.61110493 0.45625847] -> F: 0.3422449061668105
Punto[1.         0.61177317 0.46034783] -> F: 0.3378187490516528
Punto[1.         0.61244142 0.46443719] -> F: 0.3334117115996466
Punto[1.         0.61310967 0.46852655] -> F: 0.3290237938107921
Punto[1.         0.61377792 0.4726159 ] -> F: 0.3246549956850893
Punto[1.         0.61444617 0.47670526] -> F: 0.32030531722253835
Punto[1.         0.61511442 0.48079462] -> F: 0.31596186898405176
Punto[1.         0.61578267 0.48488398] -> F: 0.3116345198861348
Punto[1.         0.61645092 0.48897334] -> F: 0.3073264326481607
Punto[1.         0.61711917 0.49306269] -> F: 0.3030376072701297
Punto[1.         0.61778742 0.49715205] -> F: 0.2987680437520414
Punto[1.         0.61845567 0.50124141] -> F: 0.29451774209389636
Punto[1.         0.61912392 0.50533077] -> F: 0.29028670229569403
Punto[1.         0.61979216 0.50942013] -> F: 0.2860749243574349
Punto[1.         0.62046041 0.51350948] -> F: 0.28188187487679534
Punto[1.         0.62112866 0.51759884] -> F: 0.27769213025968614
Punto[1.         0.62179691 0.5216882 ] -> F: 0.2735233429387024
Punto[1.         0.62246516 0.52577756] -> F: 0.2693764147592728
Punto[1.         0.62313341 0.52986692] -> F: 0.2652513457213976
Punto[1.         0.62380166 0.53395627] -> F: 0.26114813582507684
Punto[1.         0.62446991 0.53804563] -> F: 0.25706678507031033
Punto[1.         0.62513816 0.54213499] -> F: 0.2530072934570982
Punto[1.         0.62580641 0.54622435] -> F: 0.24896966141820476
Punto[1.         0.62647466 0.55031371] -> F: 0.24495416306361129
Punto[1.         0.62714291 0.55440306] -> F: 0.2409610318635481
Punto[1.         0.62781115 0.55849242] -> F: 0.23699026781801488
Punto[1.         0.6284794  0.56258178] -> F: 0.23304187092701215
Punto[1.         0.62914765 0.56667114] -> F: 0.2291158411905397
Punto[1.        0.6298159 0.5707605] -> F: 0.22520303621766083
Punto[1.         0.63048415 0.57484985] -> F: 0.2213102443033334
Punto[1.         0.6311524  0.57893921] -> F: 0.21743995323989837
Punto[1.         0.63182065 0.58302857] -> F: 0.2135921630273549
Punto[1.         0.6324889  0.58711793] -> F: 0.20976687366570368
Punto[1.         0.63315715 0.59120729] -> F: 0.20596408515494438
Punto[1.         0.6338254  0.59529664] -> F: 0.20218379749507706
Punto[1.         0.63449365 0.599386  ] -> F: 0.19842601068610177
Punto[1.         0.6351619  0.60347536] -> F: 0.19469072472801854
Punto[1.         0.63583014 0.60756472] -> F: 0.19097793962082724
Punto[1.         0.63649839 0.61165407] -> F: 0.18728765536452774
Punto[1.         0.63716664 0.61574343] -> F: 0.18361987195912047
Punto[1.         0.63783489 0.61983279] -> F: 0.17996824561746236
Best centerpoint:  [1.         0.60910018 0.4439904 ] Best F:  0.35277391478169423 Best u:  [-0.18738131  0.47322049 -0.86078488] índice:  7
{
  "seed": 13634,
  "n_per_z": 5,
  "nz": 100,
  "nd": 100,
  "n_muestras": 50,
  "best_f": 0.35277391478169423,
  "best_cp": [
    1.0,
    0.6091001774865454,
    0.4439903990875114
  ],
  "best_u": [
    -0.18738131458572474,
    0.4732204920618187,
    -0.8607848795354712
  ],
  "n_candidatos": 54
}
