Punto[0.         0.57530861 0.55886996] -> F: 0.11950761458354851
Punto[1.         0.44413774 0.51178891] -> F: 0.4555512190313877
Punto[2.         0.38431823 0.4380879 ] -> F: 0.14424147372438542
Punto[1.         0.47981342 0.49847893] -> F: 0.44655627555545674
Punto[1.         0.44485125 0.51152271] -> F: 0.4564300097929475
Punto[1.         0.4455505  0.51126183] -> F: 0.45729704733866505
Punto[1.         0.44624974 0.51100096] -> F: 0.4581681046303287
Punto[1.         0.44694898 0.51074008] -> F: 0.45903917980826053
Punto[1.         0.44764823 0.51047921] -> F: 0.45991011486267297
Punto[1.         0.44834747 0.51021833] -> F: 0.46078090979356573
Punto[1.         0.44904671 0.50995745] -> F: 0.4616401672746213
Punto[1.         0.44974596 0.50969658] -> F: 0.46247571068844745
Punto[1.        0.4504452 0.5094357] -> F: 0.46331086197851823
Punto[1.         0.45114444 0.50917483] -> F: 0.46414562114483326
Punto[1.         0.45184369 0.50891395] -> F: 0.4649799881873927
Punto[1.         0.45254293 0.50865308] -> F: 0.46578797416224665
Punto[1.         0.45324217 0.5083922 ] -> F: 0.4665707084763961
Punto[1.         0.45394142 0.50813133] -> F: 0.4673568763172433
Punto[1.         0.45464066 0.50787045] -> F: 0.4674575016327461
Punto[1.         0.4553399  0.50760957] -> F: 0.4669488775431182
Punto[1.         0.45603915 0.5073487 ] -> F: 0.4664407328349205
Punto[1.         0.45673839 0.50708782] -> F: 0.46593306750815255
Punto[1.         0.45743763 0.50682695] -> F: 0.4654258815628146
Punto[1.         0.45813688 0.50656607] -> F: 0.46491917499890656
Punto[1.         0.45883612 0.5063052 ] -> F: 0.4644129478164285
Punto[1.         0.45953536 0.50604432] -> F: 0.4639072000153805
Punto[1.         0.4602346  0.50578345] -> F: 0.4633669963566504
Punto[1.         0.46093385 0.50552257] -> F: 0.4626761782352049
Punto[1.         0.46163309 0.50526169] -> F: 0.4620041412505199
Punto[1.         0.46233233 0.50500082] -> F: 0.46135088540259533
Punto[1.         0.46303158 0.50473994] -> F: 0.4607164106914314
Punto[1.         0.46373082 0.50447907] -> F: 0.4601007171170278
Punto[1.         0.46443006 0.50421819] -> F: 0.4595038046793848
Punto[1.         0.46512931 0.50395732] -> F: 0.45891926854941933
Punto[1.         0.46582855 0.50369644] -> F: 0.4582167360975806
Punto[1.         0.46652779 0.50343557] -> F: 0.4575506744060648
Punto[1.         0.46722704 0.50317469] -> F: 0.45692108347487176
Punto[1.         0.46792628 0.50291381] -> F: 0.4563279633040016
Punto[1.         0.46862552 0.50265294] -> F: 0.45576960123039567
Punto[1.         0.46932477 0.50239206] -> F: 0.45521978851522316
Punto[1.         0.47002401 0.50213119] -> F: 0.4546696361751453
Punto[1.         0.47072325 0.50187031] -> F: 0.4541191442101619
Punto[1.         0.4714225  0.50160944] -> F: 0.4535683126202734
Punto[1.         0.47212174 0.50134856] -> F: 0.45298889896991007
Punto[1.         0.47282098 0.50108768] -> F: 0.4523637051823335
Punto[1.         0.47352023 0.50082681] -> F: 0.4517473722218665
Punto[1.         0.47421947 0.50056593] -> F: 0.4511399000885094
Punto[1.         0.47491871 0.50030506] -> F: 0.450541288782262
Punto[1.         0.47561796 0.50004418] -> F: 0.44995153830312457
Punto[1.         0.4763172  0.49978331] -> F: 0.4493706486510966
Punto[1.         0.47701644 0.49952243] -> F: 0.44879861982617847
Punto[1.         0.47771569 0.49926156] -> F: 0.44823543803281807
Punto[1.         0.47841493 0.49900068] -> F: 0.4476760371698833
Punto[1.         0.47911417 0.4987398 ] -> F: 0.4471163163440962
{
  "seed": 16100,
  "n_per_z": 10,
  "nz": 100,
  "nd": 100,
  "n_muestras": 50,
  "best_f": 0.4674575016327461,
  "best_cp": [
    1.0,
    0.4546406586927805,
    0.5078704500473639
  ],
  "best_u": [
    -0.9408807689542255,
    0.2740447341176662,
    -0.19910515391240627
  ],
  "best_index": 18,
  "n_candidatos": 54
}
