Punto[0.         0.53228033 0.24261437] -> F: 0.13710071761334403
Punto[1.         0.49658053 0.38726752] -> F: 0.4244822873444829
Punto[2.         0.45809612 0.48418378] -> F: 0.10453573551381545
Punto[1.         0.49518822 0.36339908] -> F: 0.424230909264035
Punto[1.         0.49655269 0.38679016] -> F: 0.42517674388725085
Punto[1.         0.4965254  0.38632233] -> F: 0.42585772213426937
Punto[1.         0.49649811 0.38585451] -> F: 0.4265391070665441
Punto[1.         0.49647082 0.38538669] -> F: 0.42722089868407515
Punto[1.         0.49644353 0.38491887] -> F: 0.4279030969868626
Punto[1.         0.49641624 0.38445105] -> F: 0.42858570197490603
Punto[1.         0.49638895 0.38398323] -> F: 0.4292687136482059
Punto[1.         0.49636166 0.3835154 ] -> F: 0.4299521320067623
Punto[1.         0.49633437 0.38304758] -> F: 0.4306359570505747
Punto[1.         0.49630708 0.38257976] -> F: 0.4313201887796433
Punto[1.         0.4962798  0.38211194] -> F: 0.43187285413514226
Punto[1.         0.49625251 0.38164412] -> F: 0.4323822409360034
Punto[1.         0.49622522 0.3811763 ] -> F: 0.43289153320636775
Punto[1.         0.49619793 0.38070847] -> F: 0.4334007309462353
Punto[1.         0.49617064 0.38024065] -> F: 0.4339452097366356
Punto[1.         0.49614335 0.37977283] -> F: 0.4345749742691493
Punto[1.         0.49611606 0.37930501] -> F: 0.43520588330988935
Punto[1.         0.49608877 0.37883719] -> F: 0.4358371967471862
Punto[1.         0.49606148 0.37836937] -> F: 0.43646891458103965
Punto[1.         0.49603419 0.37790155] -> F: 0.4370832550214526
Punto[1.         0.4960069  0.37743372] -> F: 0.43770226641567545
Punto[1.         0.49597961 0.3769659 ] -> F: 0.43832990824581153
Punto[1.         0.49595232 0.37649808] -> F: 0.43896453601274016
Punto[1.         0.49592503 0.37603026] -> F: 0.43960012607967536
Punto[1.         0.49589775 0.37556244] -> F: 0.44023612283186664
Punto[1.         0.49587046 0.37509462] -> F: 0.44087252626931445
Punto[1.         0.49584317 0.37462679] -> F: 0.4415093363920185
Punto[1.         0.49581588 0.37415897] -> F: 0.44214655319997875
Punto[1.         0.49578859 0.37369115] -> F: 0.4425383407829849
Punto[1.         0.4957613  0.37322333] -> F: 0.44143402833174744
Punto[1.         0.49573401 0.37275551] -> F: 0.4403569419825737
Punto[1.         0.49570672 0.37228769] -> F: 0.43930708173546396
Punto[1.         0.49567943 0.37181986] -> F: 0.4382844475904182
Punto[1.         0.49565214 0.37135204] -> F: 0.43728903954743614
Punto[1.         0.49562485 0.37088422] -> F: 0.43632085760651773
Punto[1.         0.49559756 0.3704164 ] -> F: 0.4353799017676635
Punto[1.         0.49557027 0.36994858] -> F: 0.43446617203087295
Punto[1.         0.49554298 0.36948076] -> F: 0.4335796683961463
Punto[1.         0.4955157  0.36901294] -> F: 0.4327203908634836
Punto[1.         0.49548841 0.36854511] -> F: 0.4318883394328846
Punto[1.         0.49546112 0.36807729] -> F: 0.43108351410434975
Punto[1.         0.49543383 0.36760947] -> F: 0.43030591487787856
Punto[1.         0.49540654 0.36714165] -> F: 0.42955554175347127
Punto[1.         0.49537925 0.36667383] -> F: 0.4288323947311277
Punto[1.         0.49535196 0.36620601] -> F: 0.42813647381084835
Punto[1.         0.49532467 0.36573818] -> F: 0.4274677789926326
Punto[1.         0.49529738 0.36527036] -> F: 0.4268209558340165
Punto[1.         0.49527009 0.36480254] -> F: 0.4261751197340069
Punto[1.         0.4952428  0.36433472] -> F: 0.4255281666056735
Punto[1.         0.49521551 0.3638669 ] -> F: 0.4248800964490162
Best centerpoint:  [1.         0.49578859 0.37369115] Best F:  0.4425383407829849 Best u:  [ 0.27899111 -0.09037162 -0.95603187] índice:  29
{
  "seed": 16909,
  "n_per_z": 5,
  "nz": 100,
  "nd": 100,
  "n_muestras": 50,
  "best_f": 0.4425383407829849,
  "best_cp": [
    1.0,
    0.49578858845067564,
    0.37369115113625806
  ],
  "best_u": [
    0.27899110603922916,
    -0.09037161904947663,
    -0.95603186830847
  ],
  "n_candidatos": 54
}
