Punto[0.         0.39470566 0.37328055] -> F: 0.10832916822439224
Punto[1.         0.42695096 0.47736076] -> F: 0.41880577589046497
Punto[2.         0.61485659 0.52667053] -> F: 0.13436396051887564
Punto[1.         0.50478112 0.44997554] -> F: 0.4076615493491417
Punto[1.         0.42850757 0.47681306] -> F: 0.4211760440366026
Punto[1.         0.43003304 0.47627631] -> F: 0.4234470793657885
Punto[1.         0.43155851 0.47573956] -> F: 0.42572306827854367
Punto[1.         0.43308398 0.47520281] -> F: 0.42800401077486794
Punto[1.         0.43460945 0.47466606] -> F: 0.4302899068547614
Punto[1.         0.43613492 0.47412931] -> F: 0.43254781223179617
Punto[1.         0.43766039 0.47359255] -> F: 0.4343778899683102
Punto[1.         0.43918586 0.4730558 ] -> F: 0.43585304321133606
Punto[1.         0.44071134 0.47251905] -> F: 0.4372900415957821
Punto[1.         0.44223681 0.4719823 ] -> F: 0.43870774727286693
Punto[1.         0.44376228 0.47144555] -> F: 0.4401274286361909
Punto[1.         0.44528775 0.4709088 ] -> F: 0.44154908568575313
Punto[1.         0.44681322 0.47037205] -> F: 0.4429727184215545
Punto[1.         0.44833869 0.4698353 ] -> F: 0.4443983268435945
Punto[1.         0.44986416 0.46929855] -> F: 0.44353593110851525
Punto[1.         0.45138963 0.4687618 ] -> F: 0.4425448352294792
Punto[1.         0.4529151  0.46822505] -> F: 0.4415547543012763
Punto[1.         0.45444058 0.4676883 ] -> F: 0.4405656883239063
Punto[1.         0.45596605 0.46715155] -> F: 0.4395737930836917
Punto[1.         0.45749152 0.4666148 ] -> F: 0.43857808595580583
Punto[1.         0.45901699 0.46607805] -> F: 0.43758341170725346
Punto[1.         0.46054246 0.4655413 ] -> F: 0.4365897703380347
Punto[1.         0.46206793 0.46500455] -> F: 0.43559716184814945
Punto[1.        0.4635934 0.4644678] -> F: 0.4346055862375977
Punto[1.         0.46511887 0.46393105] -> F: 0.4336150435063796
Punto[1.         0.46664435 0.4633943 ] -> F: 0.43261754115338485
Punto[1.         0.46816982 0.46285755] -> F: 0.43162040450726435
Punto[1.         0.46969529 0.4623208 ] -> F: 0.4306243189444688
Punto[1.         0.47122076 0.46178405] -> F: 0.42962928446499843
Punto[1.         0.47274623 0.4612473 ] -> F: 0.4286353010688531
Punto[1.         0.4742717  0.46071055] -> F: 0.42764236875603273
Punto[1.         0.47579717 0.4601738 ] -> F: 0.4266462910135103
Punto[1.         0.47732264 0.45963705] -> F: 0.4256467777326173
Punto[1.         0.47884811 0.4591003 ] -> F: 0.4246483340576576
Punto[1.         0.48037359 0.45856355] -> F: 0.4236509599886313
Punto[1.         0.48189906 0.4580268 ] -> F: 0.4226546555255384
Punto[1.         0.48342453 0.45749005] -> F: 0.4216594206683789
Punto[1.        0.48495   0.4569533] -> F: 0.4206642692244889
Punto[1.         0.48647547 0.45641654] -> F: 0.41966244969417105
Punto[1.         0.48800094 0.45587979] -> F: 0.4186617186569435
Punto[1.         0.48952641 0.45534304] -> F: 0.4176620761128063
Punto[1.         0.49105188 0.45480629] -> F: 0.4166635220617592
Punto[1.         0.49257736 0.45426954] -> F: 0.4156660565038025
Punto[1.         0.49410283 0.45373279] -> F: 0.41466967943893607
Punto[1.         0.4956283  0.45319604] -> F: 0.41366737766376566
Punto[1.         0.49715377 0.45265929] -> F: 0.4126644144301633
Punto[1.         0.49867924 0.45212254] -> F: 0.41166255899058485
Punto[1.         0.50020471 0.45158579] -> F: 0.4106618113450302
Punto[1.         0.50173018 0.45104904] -> F: 0.4096621714934996
Punto[1.         0.50325565 0.45051229] -> F: 0.4086636394359929
Best centerpoint:  [1.         0.44833869 0.4698353 ] Best F:  0.4443983268435945 Best u:  [ 0.03141076 -0.72860893 -0.68420932] índice:  14
{
  "seed": 6558,
  "n_per_z": 5,
  "nz": 100,
  "nd": 100,
  "n_muestras": 50,
  "best_f": 0.4443983268435945,
  "best_cp": [
    1.0,
    0.4483386912615116,
    0.46983530268197
  ],
  "best_u": [
    0.03141075907812828,
    -0.7286089254085036,
    -0.6842093232550996
  ],
  "n_candidatos": 54
}
