Punto[0.         0.48464525 0.55056649] -> F: 0.16327256285382477
Punto[1.         0.52537152 0.52367328] -> F: 0.41386732440624835
Punto[2.        0.5509141 0.5421616] -> F: 0.11681501825298304
Punto[1.         0.51777967 0.54636404] -> F: 0.4220177948845429
Punto[1.         0.52521968 0.5241271 ] -> F: 0.41438849389156873
Punto[1.         0.52507088 0.52457184] -> F: 0.41489996511052357
Punto[1.         0.52492208 0.52501657] -> F: 0.41541215412834104
Punto[1.         0.52477328 0.52546131] -> F: 0.41592506094502113
Punto[1.         0.52462448 0.52590605] -> F: 0.41643868556056374
Punto[1.         0.52447568 0.52635079] -> F: 0.4169530279749689
Punto[1.         0.52432688 0.52679553] -> F: 0.4174616974371601
Punto[1.         0.52417808 0.52724027] -> F: 0.41796767864763357
Punto[1.         0.52402928 0.52768501] -> F: 0.4184743309086732
Punto[1.         0.52388048 0.52812975] -> F: 0.4189816542202787
Punto[1.         0.52373168 0.52857449] -> F: 0.4194896485824504
Punto[1.         0.52358288 0.52901923] -> F: 0.4199983139951881
Punto[1.         0.52343408 0.52946396] -> F: 0.420507650458492
Punto[1.         0.52328528 0.5299087 ] -> F: 0.4210145768896703
Punto[1.         0.52313648 0.53035344] -> F: 0.42149537193253345
Punto[1.         0.52298768 0.53079818] -> F: 0.42197029293583926
Punto[1.         0.52283888 0.53124292] -> F: 0.4224460808317294
Punto[1.         0.52269008 0.53168766] -> F: 0.4229227356202042
Punto[1.         0.52254128 0.5321324 ] -> F: 0.423400257301263
Punto[1.         0.52239248 0.53257714] -> F: 0.4238786458749063
Punto[1.         0.52224368 0.53302188] -> F: 0.424357901341134
Punto[1.         0.52209488 0.53346661] -> F: 0.4248380236999463
Punto[1.         0.52194608 0.53391135] -> F: 0.4253190129513425
Punto[1.         0.52179728 0.53435609] -> F: 0.4258008690953235
Punto[1.         0.52164848 0.53480083] -> F: 0.42628359213188854
Punto[1.         0.52149968 0.53524557] -> F: 0.4267670652091707
Punto[1.         0.52135088 0.53569031] -> F: 0.4272410861331002
Punto[1.         0.52120208 0.53613505] -> F: 0.4277158879364805
Punto[1.         0.52105328 0.53657979] -> F: 0.4281914706193115
Punto[1.         0.52090448 0.53702453] -> F: 0.42866783418159343
Punto[1.         0.52075568 0.53746927] -> F: 0.42914497862332623
Punto[1.         0.52060688 0.537914  ] -> F: 0.4296229039445099
Punto[1.         0.52045808 0.53835874] -> F: 0.4298680868480762
Punto[1.         0.52030928 0.53880348] -> F: 0.4293371921954883
Punto[1.         0.52016048 0.53924822] -> F: 0.42882046194821066
Punto[1.         0.52001168 0.53969296] -> F: 0.42831789610624327
Punto[1.         0.51986288 0.5401377 ] -> F: 0.427829494669586
Punto[1.         0.51971408 0.54058244] -> F: 0.427355257638239
Punto[1.         0.51956528 0.54102718] -> F: 0.42689518501220225
Punto[1.         0.51941648 0.54147192] -> F: 0.4264492767914757
Punto[1.         0.51926768 0.54191665] -> F: 0.42601753297605927
Punto[1.         0.51911888 0.54236139] -> F: 0.42559995356595315
Punto[1.         0.51897008 0.54280613] -> F: 0.42519653856115724
Punto[1.         0.51882128 0.54325087] -> F: 0.4248072879616718
Punto[1.         0.51867248 0.54369561] -> F: 0.4244322017674962
Punto[1.         0.51852368 0.54414035] -> F: 0.4240712799786308
Punto[1.         0.51837488 0.54458509] -> F: 0.42366662279581363
Punto[1.         0.51822607 0.54502983] -> F: 0.42324637300606044
Punto[1.         0.51807727 0.54547457] -> F: 0.42283148509093105
Punto[1.         0.51792847 0.5459193 ] -> F: 0.4224219590504251
{
  "seed": 11395,
  "n_per_z": 10,
  "nz": 100,
  "nd": 100,
  "n_muestras": 50,
  "best_f": 0.4298680868480762,
  "best_cp": [
    1.0,
    0.5204580773679913,
    0.5383587428981031
  ],
  "best_u": [
    0.30901699437494745,
    0.148778017349658,
    0.9393474323917528
  ],
  "best_index": 36,
  "n_candidatos": 54
}
