Punto[0.         0.6907915  0.21843573] -> F: 0.0
Punto[1.         0.55895629 0.43363795] -> F: 0.2244041702636488
Punto[2.         0.47643855 0.38451622] -> F: 0.1089528236895081
Punto[1.         0.58361503 0.30147597] -> F: 0.2244041702636488
Punto[1.         0.56142216 0.42042175] -> F: 0.2244041702636488
Punto[1.         0.56364145 0.40852717] -> F: 0.2244041702636488
Punto[1.         0.56586073 0.3966326 ] -> F: 0.2244041702636488
Punto[1.         0.56808002 0.38473802] -> F: 0.2244041702636488
Punto[1.         0.57029931 0.37284344] -> F: 0.2244041702636488
Punto[1.         0.57251859 0.36094886] -> F: 0.2244041702636488
Punto[1.         0.57473788 0.34905428] -> F: 0.2244041702636488
Punto[1.         0.57695717 0.33715971] -> F: 0.2244041702636488
Punto[1.         0.57917645 0.32526513] -> F: 0.2244041702636488
Punto[1.         0.58139574 0.31337055] -> F: 0.2244041702636488
Best centerpoint:  [1.         0.55895629 0.43363795] Best F:  0.2244041702636488 Best u:  [-1. -0. -0.] índice:  1
{
  "seed": 99,
  "n_per_z": 5,
  "nz": 20,
  "nd": 20,
  "n_muestras": 10,
  "best_f": 0.2244041702636488,
  "best_cp": [
    1.0,
    0.5589562856850133,
    0.4336379493177049
  ],
  "best_u": [
    -1.0,
    -0.0,
    -0.0
  ],
  "n_candidatos": 14
}
