Punto[0.         0.60970428 0.52460297] -> F: 0.08671141725347088
Punto[1.         0.53579006 0.45812245] -> F: 0.3828549655205883
Punto[2.         0.57523554 0.51353566] -> F: 0.1494222390919838
Punto[1.         0.59246991 0.51906932] -> F: 0.35849349219843457
Punto[1.         0.53692366 0.45934138] -> F: 0.38477449123264956
Punto[1.         0.53803458 0.46053594] -> F: 0.3866967382750703
Punto[1.         0.53914551 0.4617305 ] -> F: 0.3886596818909339
Punto[1.         0.54025643 0.46292506] -> F: 0.39066013660565346
Punto[1.         0.54136736 0.46411962] -> F: 0.39267302705108575
Punto[1.         0.54247828 0.46531418] -> F: 0.39465324576583904
Punto[1.         0.54358921 0.46650874] -> F: 0.39663129223861043
Punto[1.         0.54470013 0.46770329] -> F: 0.3986346633474597
Punto[1.         0.54581106 0.46889785] -> F: 0.4006633590923876
Punto[1.         0.54692198 0.47009241] -> F: 0.4027173794733936
Punto[1.         0.54803291 0.47128697] -> F: 0.40479446566205746
Punto[1.         0.54914383 0.47248153] -> F: 0.40688014873766637
Punto[1.         0.55025476 0.47367609] -> F: 0.4084401169882933
Punto[1.         0.55136568 0.47487065] -> F: 0.41003789911602134
Punto[1.         0.55247661 0.47606521] -> F: 0.4115609205600127
Punto[1.         0.55358753 0.47725976] -> F: 0.41035169848793157
Punto[1.         0.55469846 0.47845432] -> F: 0.40914655277285866
Punto[1.         0.55580938 0.47964888] -> F: 0.4079018300875586
Punto[1.         0.55692031 0.48084344] -> F: 0.4065489947908695
Punto[1.         0.55803123 0.482038  ] -> F: 0.40520023585118825
Punto[1.         0.55914216 0.48323256] -> F: 0.40385555326851497
Punto[1.         0.56025308 0.48442712] -> F: 0.40251494704285
Punto[1.         0.56136401 0.48562167] -> F: 0.4011689119512102
Punto[1.         0.56247493 0.48681623] -> F: 0.3998264213488448
Punto[1.         0.56358586 0.48801079] -> F: 0.3984879379166359
Punto[1.         0.56469678 0.48920535] -> F: 0.39715346165458326
Punto[1.         0.56580771 0.49039991] -> F: 0.395822992562687
Punto[1.         0.56691863 0.49159447] -> F: 0.39436510706561384
Punto[1.         0.56802956 0.49278903] -> F: 0.39289130479385137
Punto[1.         0.56914048 0.49398359] -> F: 0.3914196027360819
Punto[1.         0.57025141 0.49517814] -> F: 0.38994426748693173
Punto[1.         0.57136233 0.4963727 ] -> F: 0.3884728869285676
Punto[1.         0.57247326 0.49756726] -> F: 0.38700546106098954
Punto[1.         0.57358418 0.49876182] -> F: 0.3855419898841978
Punto[1.         0.57469511 0.49995638] -> F: 0.3840824733981922
Punto[1.         0.57580603 0.50115094] -> F: 0.38258624166528693
Punto[1.         0.57691696 0.5023455 ] -> F: 0.3809767362934166
Punto[1.         0.57802788 0.50354005] -> F: 0.379371148850774
Punto[1.         0.57913881 0.50473461] -> F: 0.3777694793373592
Punto[1.         0.58024973 0.50592917] -> F: 0.37617172775317187
Punto[1.         0.58136066 0.50712373] -> F: 0.37457789409821246
Punto[1.         0.58247158 0.50831829] -> F: 0.3729879783724808
Punto[1.         0.58358251 0.50951285] -> F: 0.37140198057597673
Punto[1.         0.58469343 0.51070741] -> F: 0.3698199007087004
Punto[1.         0.58580436 0.51190197] -> F: 0.3682421338851899
Punto[1.         0.58691528 0.51309652] -> F: 0.36666992573450097
Punto[1.         0.58802621 0.51429108] -> F: 0.3651033674575783
Punto[1.         0.58913713 0.51548564] -> F: 0.36346897340295775
Punto[1.         0.59024806 0.5166802 ] -> F: 0.3618048297943504
Punto[1.         0.59135898 0.51787476] -> F: 0.3601463360595094
{
  "seed": 14390,
  "n_per_z": 10,
  "nz": 100,
  "nd": 100,
  "n_muestras": 50,
  "best_f": 0.4115609205600127,
  "best_cp": [
    1.0,
    0.5524766064846334,
    0.47606520549804066
  ],
  "best_u": [
    -0.3971478906347807,
    0.5624982836043592,
    0.7251684176151733
  ],
  "best_index": 18,
  "n_candidatos": 54
}
