Punto[0.         0.61411866 0.37956854] -> F: 0.1408710015187091
Punto[1.         0.51494658 0.50201113] -> F: 0.407626696251146
Punto[2.         0.44788873 0.55416277] -> F: 0.07713453006051987
Punto[1.         0.53100369 0.46686566] -> F: 0.3795345517133569
Punto[1.         0.51526772 0.50130822] -> F: 0.4087864744679325
Punto[1.         0.51558244 0.50061937] -> F: 0.40998672309114975
Punto[1.         0.51589716 0.49993052] -> F: 0.41069818804644936
Punto[1.         0.51621188 0.49924167] -> F: 0.41141293597632217
Punto[1.         0.5165266  0.49855282] -> F: 0.41201551521338686
Punto[1.         0.51684132 0.49786396] -> F: 0.4125607221669572
Punto[1.         0.51715604 0.49717511] -> F: 0.41277977913960867
Punto[1.         0.51747076 0.49648626] -> F: 0.4120434013338679
Punto[1.         0.51778548 0.49579741] -> F: 0.4113084956107761
Punto[1.         0.5181002  0.49510856] -> F: 0.41057506197033333
Punto[1.         0.51841491 0.49441971] -> F: 0.40984310041253963
Punto[1.         0.51872963 0.49373086] -> F: 0.4091126109373949
Punto[1.         0.51904435 0.49304201] -> F: 0.40838359354489934
Punto[1.         0.51935907 0.49235315] -> F: 0.40765604823505264
Punto[1.         0.51967379 0.4916643 ] -> F: 0.4069299750078552
Punto[1.         0.51998851 0.49097545] -> F: 0.40620537386330674
Punto[1.         0.52030323 0.4902866 ] -> F: 0.405482244801407
Punto[1.         0.52061795 0.48959775] -> F: 0.40471209638059474
Punto[1.         0.52093267 0.4889089 ] -> F: 0.40393160568915276
Punto[1.         0.52124739 0.48822005] -> F: 0.40315258708035995
Punto[1.         0.52156211 0.4875312 ] -> F: 0.40237504055421597
Punto[1.         0.52187683 0.48684234] -> F: 0.40159896611072127
Punto[1.         0.52219155 0.48615349] -> F: 0.4008243637498753
Punto[1.         0.52250627 0.48546464] -> F: 0.4000512334716786
Punto[1.         0.52282099 0.48477579] -> F: 0.39927957527613084
Punto[1.         0.52313571 0.48408694] -> F: 0.3985093891632321
Punto[1.         0.52345043 0.48339809] -> F: 0.39774067513298234
Punto[1.         0.52376515 0.48270924] -> F: 0.396973433185382
Punto[1.         0.52407987 0.48202039] -> F: 0.3962076633204303
Punto[1.         0.52439459 0.48133153] -> F: 0.3954433655381277
Punto[1.         0.5247093  0.48064268] -> F: 0.39468053983847434
Punto[1.         0.52502402 0.47995383] -> F: 0.3939191862214698
Punto[1.         0.52533874 0.47926498] -> F: 0.39315930468711446
Punto[1.         0.52565346 0.47857613] -> F: 0.39240089523540816
Punto[1.         0.52596818 0.47788728] -> F: 0.3916439578663507
Punto[1.         0.5262829  0.47719843] -> F: 0.3908884925799425
Punto[1.         0.52659762 0.47650958] -> F: 0.3901344993761833
Punto[1.         0.52691234 0.47582072] -> F: 0.3893819782550731
Punto[1.         0.52722706 0.47513187] -> F: 0.3886303583681602
Punto[1.         0.52754178 0.47444302] -> F: 0.38786408703974823
Punto[1.         0.5278565  0.47375417] -> F: 0.387099322518702
Punto[1.         0.52817122 0.47306532] -> F: 0.3863360648050215
Punto[1.         0.52848594 0.47237647] -> F: 0.38557431389870694
Punto[1.         0.52880066 0.47168762] -> F: 0.384814069799758
Punto[1.         0.52911538 0.47099877] -> F: 0.3840553325081747
Punto[1.         0.5294301  0.47030991] -> F: 0.3832981020239574
Punto[1.         0.52974482 0.46962106] -> F: 0.3825423783471057
Punto[1.         0.53005954 0.46893221] -> F: 0.38178816147761996
Punto[1.         0.53037426 0.46824336] -> F: 0.3810354514154999
Punto[1.         0.53068898 0.46755451] -> F: 0.38028424816074546
