Punto[0.         0.47303231 0.55880766] -> F: 0.08779215461640677
Punto[1.         0.48434528 0.36909151] -> F: 0.3936221372866852
Punto[2.         0.56406267 0.28560875] -> F: 0.11296599582222155
Punto[1.         0.51854749 0.4222082 ] -> F: 0.3597132289455429
Punto[1.         0.48502932 0.37015384] -> F: 0.396429866537676
Punto[1.         0.48569969 0.37119493] -> F: 0.3992339965961964
Punto[1.         0.48637005 0.37223602] -> F: 0.40209015118471586
Punto[1.         0.48704041 0.3732771 ] -> F: 0.40499833030323384
Punto[1.         0.48771078 0.37431819] -> F: 0.4079585339517507
Punto[1.         0.48838114 0.37535928] -> F: 0.4109649017045293
Punto[1.         0.4890515  0.37640036] -> F: 0.4139852652390246
Punto[1.         0.48972187 0.37744145] -> F: 0.41701473304284636
Punto[1.         0.49039223 0.37848254] -> F: 0.42005330511599454
Punto[1.         0.49106259 0.37952363] -> F: 0.42310098145846936
Punto[1.         0.49173296 0.38056471] -> F: 0.426157762070271
Punto[1.         0.49240332 0.3816058 ] -> F: 0.4292236469513993
Punto[1.         0.49307368 0.38264689] -> F: 0.43229863610185437
Punto[1.         0.49374405 0.38368798] -> F: 0.4342402536418283
Punto[1.         0.49441441 0.38472906] -> F: 0.43223523303067607
Punto[1.         0.49508477 0.38577015] -> F: 0.4302458602326101
Punto[1.         0.49575514 0.38681124] -> F: 0.4282721352476303
Punto[1.         0.4964255  0.38785232] -> F: 0.4263140580757372
Punto[1.         0.49709586 0.38889341] -> F: 0.42437162871693007
Punto[1.         0.49776623 0.3899345 ] -> F: 0.422396005408926
Punto[1.         0.49843659 0.39097559] -> F: 0.42042978504393114
Punto[1.         0.49910695 0.39201667] -> F: 0.41847771297328534
Punto[1.         0.49977732 0.39305776] -> F: 0.41653978919698853
Punto[1.         0.50044768 0.39409885] -> F: 0.41461601371504087
Punto[1.         0.50111804 0.39513993] -> F: 0.41270638652744224
Punto[1.         0.50178841 0.39618102] -> F: 0.4108109076341928
Punto[1.         0.50245877 0.39722211] -> F: 0.40892957703529276
Punto[1.         0.50312913 0.3982632 ] -> F: 0.40706239473074174
Punto[1.         0.5037995  0.39930428] -> F: 0.40496010467226984
Punto[1.         0.50446986 0.40034537] -> F: 0.40286184943482184
Punto[1.         0.50514022 0.40138646] -> F: 0.400781217680594
Punto[1.         0.50581059 0.40242755] -> F: 0.3987182094095859
Punto[1.         0.50648095 0.40346863] -> F: 0.3966728246217979
Punto[1.         0.50715131 0.40450972] -> F: 0.39464506331722915
Punto[1.         0.50782168 0.40555081] -> F: 0.3926349254958808
Punto[1.         0.50849204 0.40659189] -> F: 0.39060938872193496
Punto[1.         0.5091624  0.40763298] -> F: 0.3885800598638637
Punto[1.         0.50983277 0.40867407] -> F: 0.38656637881887895
Punto[1.         0.51050313 0.40971516] -> F: 0.3845683455869803
Punto[1.         0.51117349 0.41075624] -> F: 0.38258596016816804
Punto[1.         0.51184386 0.41179733] -> F: 0.380619222562442
Punto[1.         0.51251422 0.41283842] -> F: 0.37866813276980243
Punto[1.         0.51318458 0.4138795 ] -> F: 0.37673269079024935
Punto[1.         0.51385495 0.41492059] -> F: 0.3748128966237823
Punto[1.         0.51452531 0.41596168] -> F: 0.37263005122452425
Punto[1.         0.51519567 0.41700277] -> F: 0.3704263511080452
Punto[1.         0.51586604 0.41804385] -> F: 0.36824300955289235
Punto[1.         0.5165364  0.41908494] -> F: 0.3660800265590658
Punto[1.         0.51720676 0.42012603] -> F: 0.36393740212656533
Punto[1.         0.51787713 0.42116712] -> F: 0.36181513625539113
Best centerpoint:  [1.         0.49374405 0.38368798] Best F:  0.4342402536418283 Best u:  [-0.12533323  0.36522178  0.92244492] índice:  14
{
  "seed": 16954,
  "n_per_z": 5,
  "nz": 100,
  "nd": 100,
  "n_muestras": 50,
  "best_f": 0.4342402536418283,
  "best_cp": [
    1.0,
    0.4937440465783862,
    0.3836879754661534
  ],
  "best_u": [
    -0.12533323356430415,
    0.3652217806332852,
    0.9224449205862474
  ],
  "n_candidatos": 54
}
