Punto[0.         0.34800733 0.44513849] -> F: 0.07826544695801216
Punto[1.         0.56022489 0.52945234] -> F: 0.3174482792078352
Punto[2.         0.3778311  0.69628172] -> F: 0.08797176690791045
Punto[1.         0.36291922 0.5707101 ] -> F: 0.2984937194729342
Punto[1.         0.55627878 0.5302775 ] -> F: 0.3212595899894332
Punto[1.         0.55241158 0.53108615] -> F: 0.3262443432361854
Punto[1.         0.54854439 0.5318948 ] -> F: 0.3301915934809665
Punto[1.         0.5446772  0.53270346] -> F: 0.3344415682370006
Punto[1.         0.54081001 0.53351211] -> F: 0.3390231970994497
Punto[1.         0.53694282 0.53432076] -> F: 0.34358577882605784
Punto[1.         0.53307563 0.53512941] -> F: 0.3479783731229545
Punto[1.         0.52920844 0.53593806] -> F: 0.3530646426517046
Punto[1.         0.52534125 0.53674672] -> F: 0.358153079339148
Punto[1.         0.52147406 0.53755537] -> F: 0.36421933395569894
Punto[1.         0.51760686 0.53836402] -> F: 0.3694972270681709
Punto[1.         0.51373967 0.53917267] -> F: 0.3752523769994281
Punto[1.         0.50987248 0.53998132] -> F: 0.380916065051041
Punto[1.         0.50600529 0.54078998] -> F: 0.38655030243437244
Punto[1.         0.5021381  0.54159863] -> F: 0.39244755393877523
Punto[1.         0.49827091 0.54240728] -> F: 0.3981794844621861
Punto[1.         0.49440372 0.54321593] -> F: 0.4044689576995849
Punto[1.         0.49053653 0.54402459] -> F: 0.41062870149456354
Punto[1.         0.48666933 0.54483324] -> F: 0.41330776434477384
Punto[1.         0.48280214 0.54564189] -> F: 0.40972981464257935
Punto[1.         0.47893495 0.54645054] -> F: 0.40616424538556617
Punto[1.         0.47506776 0.54725919] -> F: 0.40261105657373375
Punto[1.         0.47120057 0.54806785] -> F: 0.3990702482070824
Punto[1.         0.46733338 0.5488765 ] -> F: 0.39554182028561224
Punto[1.         0.46346619 0.54968515] -> F: 0.39202577280932316
Punto[1.        0.459599  0.5504938] -> F: 0.38852210577821494
Punto[1.         0.4557318  0.55130245] -> F: 0.3850308191922879
Punto[1.         0.45186461 0.55211111] -> F: 0.3815519130515419
Punto[1.         0.44799742 0.55291976] -> F: 0.37808538735597697
Punto[1.         0.44413023 0.55372841] -> F: 0.37463124210559307
Punto[1.         0.44026304 0.55453706] -> F: 0.371180018295882
Punto[1.         0.43639585 0.55534571] -> F: 0.3677399101315068
Punto[1.         0.43252866 0.55615437] -> F: 0.3643122603505452
Punto[1.         0.42866147 0.55696302] -> F: 0.36089706895299717
Punto[1.         0.42479427 0.55777167] -> F: 0.3574943359388626
Punto[1.         0.42092708 0.55858032] -> F: 0.3541040613081417
Punto[1.         0.41705989 0.55938897] -> F: 0.3507262450608342
Punto[1.         0.4131927  0.56019763] -> F: 0.34736088719694047
Punto[1.         0.40932551 0.56100628] -> F: 0.34400798771646024
Punto[1.         0.40545832 0.56181493] -> F: 0.3406675466193934
Punto[1.         0.40159113 0.56262358] -> F: 0.33733956390574027
Punto[1.         0.39772394 0.56343224] -> F: 0.3340240395755007
Punto[1.         0.39385675 0.56424089] -> F: 0.3307206760091478
Punto[1.         0.38998955 0.56504954] -> F: 0.32741937549126
Punto[1.         0.38612236 0.56585819] -> F: 0.32413061461947684
Punto[1.         0.38225517 0.56666684] -> F: 0.3208543933937982
Punto[1.         0.37838798 0.5674755 ] -> F: 0.31759071181422416
Punto[1.         0.37452079 0.56828415] -> F: 0.31433956988075457
Punto[1.        0.3706536 0.5690928] -> F: 0.3111009675933896
Punto[1.         0.36678641 0.56990145] -> F: 0.3054908564474119
Best centerpoint:  [1.         0.48666933 0.54483324] Best F:  0.41330776434477384 Best u:  [-0.99950656 -0.03134878 -0.0019723 ] índice:  19
{
  "seed": 18586,
  "n_per_z": 5,
  "nz": 100,
  "nd": 100,
  "n_muestras": 50,
  "best_f": 0.41330776434477384,
  "best_cp": [
    1.0,
    0.4866693341750077,
    0.5448332372403523
  ],
  "best_u": [
    -0.9995065603657316,
    -0.03134877712019301,
    -0.001972297881325772
  ],
  "n_candidatos": 54
}
