Punto[0.         0.45971123 0.33661992] -> F: 0.11585050425812435
Punto[1.         0.41488292 0.42019274] -> F: 0.4395709636987766
Punto[2.         0.41276732 0.47140036] -> F: 0.1575231879117566
Punto[1.         0.43623928 0.40401014] -> F: 0.429261309362948
Punto[1.         0.41531005 0.41986909] -> F: 0.439587817446815
Punto[1.         0.41572864 0.41955191] -> F: 0.4396043347893749
Punto[1.         0.41614722 0.41923473] -> F: 0.4396208527946543
Punto[1.         0.4165658  0.41891755] -> F: 0.43963737146265347
Punto[1.         0.41698439 0.41860037] -> F: 0.4396538907933722
Punto[1.         0.41740297 0.41828319] -> F: 0.4396704107868106
Punto[1.         0.41782156 0.41796601] -> F: 0.43968693144296855
Punto[1.         0.41824014 0.41764883] -> F: 0.43970345276184625
Punto[1.         0.41865873 0.41733165] -> F: 0.4396723113226131
Punto[1.         0.41907731 0.41701448] -> F: 0.4394222860237629
Punto[1.        0.4194959 0.4166973] -> F: 0.4391723723300673
Punto[1.         0.41991448 0.41638012] -> F: 0.4389225702415262
Punto[1.         0.42033307 0.41606294] -> F: 0.4386728797581397
Punto[1.         0.42075165 0.41574576] -> F: 0.43842330087990766
Punto[1.         0.42117023 0.41542858] -> F: 0.4381738336068303
Punto[1.         0.42158882 0.4151114 ] -> F: 0.4379244779389075
Punto[1.         0.4220074  0.41479422] -> F: 0.43767523387613927
Punto[1.         0.42242599 0.41447704] -> F: 0.43742610141852545
Punto[1.         0.42284457 0.41415986] -> F: 0.4371770805660663
Punto[1.         0.42326316 0.41384269] -> F: 0.43692817131876177
Punto[1.         0.42368174 0.41352551] -> F: 0.4366793736766118
Punto[1.         0.42410033 0.41320833] -> F: 0.43643068763961634
Punto[1.         0.42451891 0.41289115] -> F: 0.4361821132077755
Punto[1.         0.4249375  0.41257397] -> F: 0.4359336503810892
Punto[1.         0.42535608 0.41225679] -> F: 0.43568529915955745
Punto[1.         0.42577466 0.41193961] -> F: 0.43543705954318024
Punto[1.         0.42619325 0.41162243] -> F: 0.43518893153195765
Punto[1.         0.42661183 0.41130525] -> F: 0.43494091512588967
Punto[1.         0.42703042 0.41098808] -> F: 0.4346930103249761
Punto[1.        0.427449  0.4106709] -> F: 0.43444521712921724
Punto[1.         0.42786759 0.41035372] -> F: 0.43419753553861284
Punto[1.         0.42828617 0.41003654] -> F: 0.4339499655531631
Punto[1.         0.42870476 0.40971936] -> F: 0.43370250717286785
Punto[1.         0.42912334 0.40940218] -> F: 0.4334551603977273
Punto[1.         0.42954192 0.409085  ] -> F: 0.43320792522774115
Punto[1.         0.42996051 0.40876782] -> F: 0.4329608016629096
Punto[1.         0.43037909 0.40845064] -> F: 0.43271378970323265
Punto[1.         0.43079768 0.40813346] -> F: 0.43246688934871025
Punto[1.         0.43121626 0.40781629] -> F: 0.43222010059934246
Punto[1.         0.43163485 0.40749911] -> F: 0.4319734234551292
Punto[1.         0.43205343 0.40718193] -> F: 0.4317268579160704
Punto[1.         0.43247202 0.40686475] -> F: 0.43148040398216636
Punto[1.         0.4328906  0.40654757] -> F: 0.43123406165341677
Punto[1.         0.43330919 0.40623039] -> F: 0.4309878309298218
Punto[1.         0.43372777 0.40591321] -> F: 0.43074171181138127
Punto[1.         0.43414635 0.40559603] -> F: 0.4304957042980954
Punto[1.         0.43456494 0.40527885] -> F: 0.4302498083899641
Punto[1.         0.43498352 0.40496168] -> F: 0.4300040240869874
Punto[1.         0.43540211 0.4046445 ] -> F: 0.42975662781305307
Punto[1.         0.43582069 0.40432732] -> F: 0.42950891180114703
Best centerpoint:  [1.         0.41824014 0.41764883] Best F:  0.43970345276184625 Best u:  [-0.99950656 -0.02002197 -0.02420241] índice:  8
{
  "seed": 12641,
  "n_per_z": 5,
  "nz": 100,
  "nd": 100,
  "n_muestras": 50,
  "best_f": 0.43970345276184625,
  "best_cp": [
    1.0,
    0.4182401430153093,
    0.41764883336483766
  ],
  "best_u": [
    -0.9995065603657316,
    -0.02002197137261541,
    -0.02420240583533769
  ],
  "n_candidatos": 54
}
