Punto[0.         0.51934673 0.41524613] -> F: 0.12849757942429138
Punto[1.         0.50800682 0.45988706] -> F: 0.4358707102429178
Punto[2.         0.50215939 0.4808285 ] -> F: 0.1791390328136593
Punto[1.         0.51075306 0.44803731] -> F: 0.4304084210966751
Punto[1.         0.50806175 0.45965006] -> F: 0.43616218283515024
Punto[1.         0.50811557 0.45941781] -> F: 0.4364483003234197
Punto[1.         0.5081694  0.45918555] -> F: 0.43673488736817817
Punto[1.         0.50822322 0.4589533 ] -> F: 0.4370219439694253
Punto[1.         0.50827705 0.45872104] -> F: 0.4373094701271616
Punto[1.         0.50833088 0.45848879] -> F: 0.4375974658413866
Punto[1.         0.5083847  0.45825653] -> F: 0.4378859311121005
Punto[1.         0.50843853 0.45802428] -> F: 0.43817486593930344
Punto[1.         0.50849236 0.45779202] -> F: 0.43844157869302786
Punto[1.         0.50854618 0.45755977] -> F: 0.4382338224209929
Punto[1.         0.50860001 0.45732751] -> F: 0.4380270550244803
Punto[1.         0.50865383 0.45709526] -> F: 0.43782127650349006
Punto[1.         0.50870766 0.456863  ] -> F: 0.4376164868580222
Punto[1.         0.50876149 0.45663075] -> F: 0.4374126860880766
Punto[1.         0.50881531 0.45639849] -> F: 0.43720987419365337
Punto[1.         0.50886914 0.45616624] -> F: 0.4370080511747525
Punto[1.         0.50892297 0.45593398] -> F: 0.43680721703137393
Punto[1.         0.50897679 0.45570173] -> F: 0.4366073717635178
Punto[1.         0.50903062 0.45546947] -> F: 0.43640851537118386
Punto[1.         0.50908445 0.45523722] -> F: 0.4362106478543724
Punto[1.         0.50913827 0.45500496] -> F: 0.4360137692130833
Punto[1.         0.5091921  0.45477271] -> F: 0.43581787944731654
Punto[1.         0.50924592 0.45454045] -> F: 0.435622978557072
Punto[1.         0.50929975 0.4543082 ] -> F: 0.43542906654235003
Punto[1.         0.50935358 0.45407594] -> F: 0.4352361434031503
Punto[1.         0.5094074  0.45384369] -> F: 0.4350442091394729
Punto[1.         0.50946123 0.45361143] -> F: 0.4348532637513178
Punto[1.         0.50951506 0.45337918] -> F: 0.43466330723868507
Punto[1.         0.50956888 0.45314692] -> F: 0.43447433960157467
Punto[1.         0.50962271 0.45291467] -> F: 0.4342863608399866
Punto[1.         0.50967653 0.45268241] -> F: 0.4340993709539211
Punto[1.         0.50973036 0.45245016] -> F: 0.4339133699433777
Punto[1.         0.50978419 0.4522179 ] -> F: 0.4337283578083567
Punto[1.         0.50983801 0.45198565] -> F: 0.43354433454885805
Punto[1.         0.50989184 0.45175339] -> F: 0.4333613001648818
Punto[1.         0.50994567 0.45152114] -> F: 0.4331792546564278
Punto[1.         0.50999949 0.45128888] -> F: 0.4329981980234963
Punto[1.         0.51005332 0.45105663] -> F: 0.432818130266087
Punto[1.         0.51010714 0.45082437] -> F: 0.4326390513842001
Punto[1.         0.51016097 0.45059212] -> F: 0.4324609613778356
Punto[1.         0.5102148  0.45035986] -> F: 0.4322838602469934
Punto[1.         0.51026862 0.45012761] -> F: 0.43210774799167356
Punto[1.         0.51032245 0.44989535] -> F: 0.431932624611876
Punto[1.         0.51037628 0.4496631 ] -> F: 0.43175849010760087
Punto[1.         0.5104301  0.44943084] -> F: 0.4315665368801705
Punto[1.         0.51048393 0.44919859] -> F: 0.43136740289367775
Punto[1.         0.51053775 0.44896633] -> F: 0.4311707147828825
Punto[1.         0.51059158 0.44873408] -> F: 0.43097647254778465
Punto[1.         0.51064541 0.44850182] -> F: 0.4307846761883841
Punto[1.         0.51069923 0.44826957] -> F: 0.4305953257046809
{
  "seed": 753,
  "n_per_z": 10,
  "nz": 100,
  "nd": 100,
  "n_muestras": 50,
  "best_f": 0.43844157869302786,
  "best_cp": [
    1.0,
    0.508492355857751,
    0.4577920209069406
  ],
  "best_u": [
    -0.30901699437494745,
    0.02987340710303105,
    -0.9505872273155843
  ],
  "best_index": 12,
  "n_candidatos": 54
}
