Punto[0.         0.54366571 0.48153397] -> F: 0.12346759256546613
Punto[1.         0.53621488 0.46330776] -> F: 0.4338685070079273
Punto[2.         0.52071038 0.45664851] -> F: 0.18821301601344692
Punto[1.         0.53218804 0.46909124] -> F: 0.42863285845694277
Punto[1.         0.53613434 0.46342343] -> F: 0.43393548429872
Punto[1.         0.53605542 0.46353679] -> F: 0.43399914086495345
Punto[1.         0.53597649 0.46365015] -> F: 0.4339486908533707
Punto[1.         0.53589757 0.4637635 ] -> F: 0.4338364861886342
Punto[1.         0.53581864 0.46387686] -> F: 0.43372434357310946
Punto[1.         0.53573971 0.46399021] -> F: 0.4336122630067965
Punto[1.         0.53566079 0.46410357] -> F: 0.43350024448969543
Punto[1.         0.53558186 0.46421693] -> F: 0.4333882880218061
Punto[1.         0.53550294 0.46433028] -> F: 0.4332763936031286
Punto[1.         0.53542401 0.46444364] -> F: 0.4331645612336629
Punto[1.         0.53534508 0.464557  ] -> F: 0.433052790913409
Punto[1.         0.53526616 0.46467035] -> F: 0.43294108264236697
Punto[1.         0.53518723 0.46478371] -> F: 0.43282943642053684
Punto[1.         0.53510831 0.46489706] -> F: 0.43271785224791837
Punto[1.         0.53502938 0.46501042] -> F: 0.43260633012451194
Punto[1.         0.53495045 0.46512378] -> F: 0.432494870050317
Punto[1.         0.53487153 0.46523713] -> F: 0.4323834720253341
Punto[1.         0.5347926  0.46535049] -> F: 0.43227213604956294
Punto[1.         0.53471368 0.46546384] -> F: 0.4321608621230036
Punto[1.         0.53463475 0.4655772 ] -> F: 0.43204965024565606
Punto[1.         0.53455582 0.46569056] -> F: 0.4319385004175203
Punto[1.         0.5344769  0.46580391] -> F: 0.4318274126385965
Punto[1.         0.53439797 0.46591727] -> F: 0.4317163869088843
Punto[1.         0.53431905 0.46603062] -> F: 0.4316054232283841
Punto[1.         0.53424012 0.46614398] -> F: 0.43149452159709556
Punto[1.         0.53416119 0.46625734] -> F: 0.431383682015019
Punto[1.         0.53408227 0.46637069] -> F: 0.4312729044821541
Punto[1.         0.53400334 0.46648405] -> F: 0.43116218899850123
Punto[1.         0.53392442 0.46659741] -> F: 0.43105153556405995
Punto[1.         0.53384549 0.46671076] -> F: 0.43094094417883044
Punto[1.         0.53376656 0.46682412] -> F: 0.4308304148428131
Punto[1.         0.53368764 0.46693747] -> F: 0.43071994755600723
Punto[1.         0.53360871 0.46705083] -> F: 0.4306095423184133
Punto[1.         0.53352979 0.46716419] -> F: 0.43049919913003115
Punto[1.         0.53345086 0.46727754] -> F: 0.4303889179908608
Punto[1.         0.53337193 0.4673909 ] -> F: 0.4302786989009024
Punto[1.         0.53329301 0.46750425] -> F: 0.4301685418601557
Punto[1.         0.53321408 0.46761761] -> F: 0.4300584468686209
Punto[1.         0.53313516 0.46773097] -> F: 0.4299484139262978
Punto[1.         0.53305623 0.46784432] -> F: 0.4298384430331866
Punto[1.         0.5329773  0.46795768] -> F: 0.4297285341892871
Punto[1.         0.53289838 0.46807103] -> F: 0.4296186873945996
Punto[1.         0.53281945 0.46818439] -> F: 0.42950890264912367
Punto[1.         0.53274053 0.46829775] -> F: 0.42939917995285976
Punto[1.        0.5326616 0.4684111] -> F: 0.42928951930580755
Punto[1.         0.53258267 0.46852446] -> F: 0.42917992070796723
Punto[1.         0.53250375 0.46863782] -> F: 0.42907038415933874
Punto[1.         0.53242482 0.46875117] -> F: 0.42896090965992195
Punto[1.         0.5323459  0.46886453] -> F: 0.428851497209717
Punto[1.         0.53226697 0.46897788] -> F: 0.428742146808724
{
  "seed": 17484,
  "n_per_z": 10,
  "nz": 100,
  "nd": 100,
  "n_muestras": 50,
  "best_f": 0.43399914086495345,
  "best_cp": [
    1.0,
    0.536055418446494,
    0.46353679053610297
  ],
  "best_u": [
    -0.9980267284282716,
    -0.055023751706961985,
    -0.030249563482002226
  ],
  "best_index": 5,
  "n_candidatos": 54
}
