Punto[0.         0.217642   0.59226752] -> F: 0.1285016236506105
Punto[1.         0.40515066 0.47058558] -> F: 0.41814974110208564
Punto[2.         0.60328491 0.38443929] -> F: 0.12074597729574033
Punto[1.         0.41046346 0.48835341] -> F: 0.438763727350834
Punto[1.         0.40525692 0.47094093] -> F: 0.4188658834420397
Punto[1.         0.40536105 0.47128918] -> F: 0.41956857193622177
Punto[1.         0.40546518 0.47163743] -> F: 0.4202721206536431
Punto[1.         0.40556931 0.47198568] -> F: 0.4209765295943035
Punto[1.         0.40567344 0.47233393] -> F: 0.4216817987582029
Punto[1.         0.40577757 0.47268218] -> F: 0.4223879281453414
Punto[1.         0.4058817  0.47303043] -> F: 0.42309491775571917
Punto[1.         0.40598584 0.47337868] -> F: 0.42380276758933544
Punto[1.         0.40608997 0.47372693] -> F: 0.4245114776461914
Punto[1.         0.4061941  0.47407518] -> F: 0.42522104792628607
Punto[1.         0.40629823 0.47442343] -> F: 0.42593147842962004
Punto[1.         0.40640236 0.47477168] -> F: 0.42664276915619287
Punto[1.         0.40650649 0.47511993] -> F: 0.4273549201060051
Punto[1.         0.40661062 0.47546818] -> F: 0.4280679312790563
Punto[1.         0.40671475 0.47581643] -> F: 0.42878180267534644
Punto[1.         0.40681888 0.47616468] -> F: 0.4294965342948755
Punto[1.         0.40692301 0.47651293] -> F: 0.4302121261376441
Punto[1.         0.40702714 0.47686117] -> F: 0.43092857820365166
Punto[1.         0.40713127 0.47720942] -> F: 0.431645890492898
Punto[1.         0.4072354  0.47755767] -> F: 0.43236406300538355
Punto[1.         0.40733954 0.47790592] -> F: 0.43308309574110837
Punto[1.         0.40744367 0.47825417] -> F: 0.43380298870007183
Punto[1.         0.4075478  0.47860242] -> F: 0.4345237418822747
Punto[1.         0.40765193 0.47895067] -> F: 0.43524535528771663
Punto[1.         0.40775606 0.47929892] -> F: 0.4359678289163978
Punto[1.         0.40786019 0.47964717] -> F: 0.4366911627683177
Punto[1.         0.40796432 0.47999542] -> F: 0.43741535684347677
Punto[1.         0.40806845 0.48034367] -> F: 0.43814041114187496
Punto[1.         0.40817258 0.48069192] -> F: 0.43886632566351236
Punto[1.         0.40827671 0.48104017] -> F: 0.43959310040838867
Punto[1.         0.40838084 0.48138842] -> F: 0.4400228529103811
Punto[1.         0.40848497 0.48173667] -> F: 0.4399859556534201
Punto[1.         0.4085891  0.48208492] -> F: 0.4399401203331282
Punto[1.         0.40869323 0.48243317] -> F: 0.439894288098954
Punto[1.         0.40879737 0.48278141] -> F: 0.4398484589508974
Punto[1.         0.4089015  0.48312966] -> F: 0.43980263288895866
Punto[1.         0.40900563 0.48347791] -> F: 0.43975680991313765
Punto[1.         0.40910976 0.48382616] -> F: 0.43970465721540164
Punto[1.         0.40921389 0.48417441] -> F: 0.43964237021647895
Punto[1.         0.40931802 0.48452266] -> F: 0.4395800885947205
Punto[1.         0.40942215 0.48487091] -> F: 0.4395178123501262
Punto[1.         0.40952628 0.48521916] -> F: 0.43945554148269617
Punto[1.         0.40963041 0.48556741] -> F: 0.43939327599243033
Punto[1.         0.40973454 0.48591566] -> F: 0.4393279830143089
Punto[1.         0.40983867 0.48626391] -> F: 0.4392493134301122
Punto[1.         0.4099428  0.48661216] -> F: 0.43917065198041
Punto[1.         0.41004693 0.48696041] -> F: 0.43909199866520243
Punto[1.         0.41015107 0.48730866] -> F: 0.4390133534844894
Punto[1.         0.4102552  0.48765691] -> F: 0.43893471643827103
Punto[1.         0.41035933 0.48800516] -> F: 0.4388560875265471
Best centerpoint:  [1.         0.40838084 0.48138842] Best F:  0.4400228529103811 Best u:  [ 0.36812455 -0.87480881  0.31495055] índice:  31
{
  "seed": 16408,
  "n_per_z": 5,
  "nz": 100,
  "nd": 100,
  "n_muestras": 50,
  "best_f": 0.4400228529103811,
  "best_cp": [
    1.0,
    0.4083808427377742,
    0.48138841705769686
  ],
  "best_u": [
    0.3681245526846781,
    -0.8748088149980955,
    0.3149505531227617
  ],
  "n_candidatos": 54
}
