Punto[0.         0.59837168 0.3510627 ] -> F: 0.10047490495516397
Punto[1.         0.46691101 0.49859812] -> F: 0.33184090655436277
Punto[2.         0.43231868 0.46068099] -> F: 0.1339617837981572
Punto[1.         0.51534518 0.40587184] -> F: 0.3852694184268119
Punto[1.         0.4678797  0.49674359] -> F: 0.3356031713583767
Punto[1.         0.46882901 0.49492616] -> F: 0.3396129897226987
Punto[1.         0.46977832 0.49310872] -> F: 0.3436242785646853
Punto[1.         0.47072763 0.49129129] -> F: 0.34763703788433664
Punto[1.         0.47167693 0.48947385] -> F: 0.3516512676816527
Punto[1.         0.47262624 0.48765642] -> F: 0.3555290907427472
Punto[1.         0.47357555 0.48583898] -> F: 0.3576976852504004
Punto[1.         0.47452486 0.48402155] -> F: 0.35991704506688016
Punto[1.         0.47547417 0.48220411] -> F: 0.3622584688654803
Punto[1.         0.47642348 0.48038668] -> F: 0.36472281198048456
Punto[1.         0.47737279 0.47856924] -> F: 0.3672029920454809
Punto[1.         0.4783221  0.47675181] -> F: 0.3693875228913225
Punto[1.         0.47927141 0.47493437] -> F: 0.3715772667670105
Punto[1.         0.48022072 0.47311694] -> F: 0.3737722236725449
Punto[1.         0.48117003 0.4712995 ] -> F: 0.37597239360792584
Punto[1.         0.48211934 0.46948207] -> F: 0.3788028873641785
Punto[1.         0.48306865 0.46766463] -> F: 0.38293171419576716
Punto[1.         0.48401796 0.4658472 ] -> F: 0.38706201150502084
Punto[1.         0.48496727 0.46402976] -> F: 0.3911937792919392
Punto[1.         0.48591658 0.46221233] -> F: 0.39532701755652216
Punto[1.         0.48686589 0.46039489] -> F: 0.39946172629876975
Punto[1.         0.4878152  0.45857746] -> F: 0.4035840917965054
Punto[1.         0.48876451 0.45676002] -> F: 0.40621008078438425
Punto[1.         0.48971382 0.45494259] -> F: 0.40861909350809866
Punto[1.         0.49066313 0.45312515] -> F: 0.4111510255482174
Punto[1.         0.49161244 0.45130772] -> F: 0.41373857915539347
Punto[1.         0.49256175 0.44949028] -> F: 0.41475688623946977
Punto[1.         0.49351106 0.44767285] -> F: 0.4141058609774708
Punto[1.         0.49446037 0.44585541] -> F: 0.4134345478217103
Punto[1.         0.49540968 0.44403798] -> F: 0.4127011187919064
Punto[1.         0.49635899 0.44222054] -> F: 0.41193574000051647
Punto[1.         0.4973083  0.44040311] -> F: 0.4111299311032855
Punto[1.         0.4982576  0.43858567] -> F: 0.4102730669263974
Punto[1.         0.49920691 0.43676824] -> F: 0.4093964208490501
Punto[1.         0.50015622 0.4349508 ] -> F: 0.40845045901972943
Punto[1.         0.50110553 0.43313337] -> F: 0.40738357701516126
Punto[1.         0.50205484 0.43131593] -> F: 0.4062166532137985
Punto[1.         0.50300415 0.4294985 ] -> F: 0.40498509715085756
Punto[1.         0.50395346 0.42768106] -> F: 0.4036897681373401
Punto[1.         0.50490277 0.42586363] -> F: 0.4023297560836202
Punto[1.         0.50585208 0.42404619] -> F: 0.4009021714504834
Punto[1.         0.50680139 0.42222876] -> F: 0.3993927982122284
Punto[1.         0.5077507  0.42041132] -> F: 0.39783880549612866
Punto[1.         0.50870001 0.41859389] -> F: 0.39625926087247454
Punto[1.         0.50964932 0.41677645] -> F: 0.3946868511913702
Punto[1.         0.51059863 0.41495902] -> F: 0.3931215764528157
Punto[1.         0.51154794 0.41314158] -> F: 0.3915634366568108
Punto[1.         0.51249725 0.41132415] -> F: 0.38997939846510166
Punto[1.         0.51344656 0.40950671] -> F: 0.3884013789803592
Punto[1.         0.51439587 0.40768928] -> F: 0.3868313856342626
Best centerpoint:  [1.         0.49256175 0.44949028] Best F:  0.41475688623946977 Best u:  [-0.24868989 -0.74630615 -0.61739814] índice:  27
{
  "seed": 2810,
  "n_per_z": 5,
  "nz": 100,
  "nd": 100,
  "n_muestras": 50,
  "best_f": 0.41475688623946977,
  "best_cp": [
    1.0,
    0.4925617469605639,
    0.4494902834194064
  ],
  "best_u": [
    -0.24868988716485474,
    -0.7463061523792464,
    -0.6173981429700099
  ],
  "n_candidatos": 54
}
