Punto[0.         0.52091233 0.54552927] -> F: 0.17354391581505357
Punto[1.         0.52142981 0.5764272 ] -> F: 0.40107631646923503
Punto[2.         0.55927777 0.69149137] -> F: 0.09158709898755146
Punto[1.         0.54009505 0.61851032] -> F: 0.37648157189646736
Punto[1.         0.52180311 0.57726886] -> F: 0.4005805847751546
Punto[1.         0.52216895 0.57809369] -> F: 0.40009524649132616
Punto[1.         0.52253479 0.57891852] -> F: 0.39961038214774314
Punto[1.         0.52290063 0.57974335] -> F: 0.39912599174440533
Punto[1.         0.52326647 0.58056817] -> F: 0.39864207528131324
Punto[1.         0.52363231 0.581393  ] -> F: 0.3981586327584664
Punto[1.         0.52399814 0.58221783] -> F: 0.39767566417586486
Punto[1.         0.52436398 0.58304266] -> F: 0.39718915778904657
Punto[1.         0.52472982 0.58386749] -> F: 0.3967015213616564
Punto[1.         0.52509566 0.58469232] -> F: 0.39621436999550785
Punto[1.         0.5254615  0.58551715] -> F: 0.39572770369060095
Punto[1.         0.52582734 0.58634198] -> F: 0.39524152244693556
Punto[1.         0.52619318 0.58716681] -> F: 0.3947558262645117
Punto[1.         0.52655902 0.58799164] -> F: 0.39427061514332956
Punto[1.         0.52692485 0.58881647] -> F: 0.3937858890833892
Punto[1.         0.52729069 0.5896413 ] -> F: 0.3933016480846903
Punto[1.         0.52765653 0.59046613] -> F: 0.39281789214723317
Punto[1.         0.52802237 0.59129095] -> F: 0.3923346212710176
Punto[1.         0.52838821 0.59211578] -> F: 0.3918518354560436
Punto[1.         0.52875405 0.59294061] -> F: 0.3913695347023113
Punto[1.         0.52911989 0.59376544] -> F: 0.39088771900982056
Punto[1.         0.52948573 0.59459027] -> F: 0.39040638837857133
Punto[1.         0.52985156 0.5954151 ] -> F: 0.389925542808564
Punto[1.         0.5302174  0.59623993] -> F: 0.3894451822997982
Punto[1.         0.53058324 0.59706476] -> F: 0.38896530685227404
Punto[1.         0.53094908 0.59788959] -> F: 0.3884852818856699
Punto[1.         0.53131492 0.59871442] -> F: 0.3880007861962644
Punto[1.         0.53168076 0.59953925] -> F: 0.38751678696584946
Punto[1.         0.5320466  0.60036408] -> F: 0.3870332841944252
Punto[1.         0.53241244 0.60118891] -> F: 0.3865502778819918
Punto[1.         0.53277827 0.60201373] -> F: 0.3860677680285491
Punto[1.         0.53314411 0.60283856] -> F: 0.385585754634097
Punto[1.         0.53350995 0.60366339] -> F: 0.3851042376986356
Punto[1.         0.53387579 0.60448822] -> F: 0.3846232172221652
Punto[1.         0.53424163 0.60531305] -> F: 0.38414269320468536
Punto[1.         0.53460747 0.60613788] -> F: 0.38366266564619605
Punto[1.         0.53497331 0.60696271] -> F: 0.3831831345466978
Punto[1.         0.53533915 0.60778754] -> F: 0.38270409990619
Punto[1.         0.53570498 0.60861237] -> F: 0.38222556172467315
Punto[1.         0.53607082 0.6094372 ] -> F: 0.38174752000214685
Punto[1.         0.53643666 0.61026203] -> F: 0.38126997473861124
Punto[1.         0.5368025  0.61108686] -> F: 0.3807929259340665
Punto[1.         0.53716834 0.61191168] -> F: 0.3803163735885123
Punto[1.         0.53753418 0.61273651] -> F: 0.37983880718201174
Punto[1.         0.53790002 0.61356134] -> F: 0.3793576776417357
Punto[1.         0.53826586 0.61438617] -> F: 0.3788770562679543
Punto[1.         0.53863169 0.615211  ] -> F: 0.3783969430606674
Punto[1.         0.53899753 0.61603583] -> F: 0.3779173380198754
Punto[1.         0.53936337 0.61686066] -> F: 0.37743824114557806
Punto[1.         0.53972921 0.61768549] -> F: 0.37695965243777535
{
  "seed": 5309,
  "n_per_z": 10,
  "nz": 100,
  "nd": 100,
  "n_muestras": 50,
  "best_f": 0.40107631646923503,
  "best_cp": [
    1.0,
    0.5214298072849698,
    0.5764271951658824
  ],
  "best_u": [
    0.9995065603657316,
    0.02420240583533769,
    0.020021971372615407
  ],
  "best_index": 1,
  "n_candidatos": 54
}
