Punto[0.         0.60370265 0.3931955 ] -> F: 0.12414290885392476
Punto[1.         0.4971488  0.50307532] -> F: 0.40858658082134636
Punto[2.         0.47477589 0.50685016] -> F: 0.1524794456926549
Punto[1.         0.53923927 0.45002283] -> F: 0.4225309368757871
Punto[1.         0.49799061 0.50201427] -> F: 0.4112952090260645
Punto[1.         0.49881558 0.50097444] -> F: 0.4139257274725595
Punto[1.         0.49964055 0.49993461] -> F: 0.4165588035011411
Punto[1.         0.50046553 0.49889478] -> F: 0.4191944371118085
Punto[1.         0.5012905  0.49785495] -> F: 0.42176658382399707
Punto[1.         0.50211547 0.49681512] -> F: 0.4243388410641343
Punto[1.         0.50294045 0.4957753 ] -> F: 0.4263386789383822
Punto[1.         0.50376542 0.49473547] -> F: 0.42840683934438006
Punto[1.         0.50459039 0.49369564] -> F: 0.4308089920343037
Punto[1.         0.50541537 0.49265581] -> F: 0.4334125842560311
Punto[1.         0.50624034 0.49161598] -> F: 0.43601900142246686
Punto[1.         0.50706531 0.49057615] -> F: 0.4386263047908781
Punto[1.         0.50789029 0.48953632] -> F: 0.4412344943612647
Punto[1.         0.50871526 0.48849649] -> F: 0.4434081915632254
Punto[1.         0.50954023 0.48745666] -> F: 0.44512169130098955
Punto[1.         0.51036521 0.48641684] -> F: 0.4467791369948057
Punto[1.         0.51119018 0.48537701] -> F: 0.4484135206727033
Punto[1.         0.51201515 0.48433718] -> F: 0.450050574866118
Punto[1.         0.51284013 0.48329735] -> F: 0.4516275259683671
Punto[1.         0.5136651  0.48225752] -> F: 0.45319124995953153
Punto[1.         0.51449007 0.48121769] -> F: 0.4547385588141488
Punto[1.         0.51531505 0.48017786] -> F: 0.4547949035211789
Punto[1.         0.51614002 0.47913803] -> F: 0.4538388563311592
Punto[1.         0.51696499 0.47809821] -> F: 0.4528836337456567
Punto[1.         0.51778996 0.47705838] -> F: 0.4519292357646714
Punto[1.         0.51861494 0.47601855] -> F: 0.4509756623882033
Punto[1.         0.51943991 0.47497872] -> F: 0.45002291361625235
Punto[1.         0.52026488 0.47393889] -> F: 0.44907098944881857
Punto[1.         0.52108986 0.47289906] -> F: 0.44811988988590207
Punto[1.         0.52191483 0.47185923] -> F: 0.4471696149275027
Punto[1.        0.5227398 0.4708194] -> F: 0.4462201645736205
Punto[1.         0.52356478 0.46977957] -> F: 0.44527153882425546
Punto[1.         0.52438975 0.46873975] -> F: 0.44432373767940764
Punto[1.         0.52521472 0.46769992] -> F: 0.4432714353009177
Punto[1.         0.5260397  0.46666009] -> F: 0.4421234053774211
Punto[1.         0.52686467 0.46562026] -> F: 0.4409804407785736
Punto[1.         0.52768964 0.46458043] -> F: 0.4398425415043749
Punto[1.         0.52851462 0.4635406 ] -> F: 0.43870970755482497
Punto[1.         0.52933959 0.46250077] -> F: 0.4375819389299241
Punto[1.         0.53016456 0.46146094] -> F: 0.4364592356296719
Punto[1.         0.53098954 0.46042111] -> F: 0.43534159765406866
Punto[1.         0.53181451 0.45938129] -> F: 0.4342290250031145
Punto[1.         0.53263948 0.45834146] -> F: 0.43312151767680895
Punto[1.         0.53346446 0.45730163] -> F: 0.4318908243035734
Punto[1.         0.53428943 0.4562618 ] -> F: 0.4305414266610102
Punto[1.         0.5351144  0.45522197] -> F: 0.42920008900864337
Punto[1.         0.53593937 0.45418214] -> F: 0.42784417947205633
Punto[1.         0.53676435 0.45314231] -> F: 0.42649927390849535
Punto[1.         0.53758932 0.45210248] -> F: 0.42516543162126336
Punto[1.         0.53841429 0.45106265] -> F: 0.4238426526103607
{
  "seed": 10104,
  "n_per_z": 10,
  "nz": 100,
  "nd": 100,
  "n_muestras": 50,
  "best_f": 0.4547949035211789,
  "best_cp": [
    1.0,
    0.515315045295397,
    0.48017786290615233
  ],
  "best_u": [
    -0.9995065603657316,
    0.01765546556353383,
    -0.02597922865673825
  ],
  "best_index": 25,
  "n_candidatos": 54
}
