Punto[0.         0.30978143 0.43089073] -> F: 0.030353438367416864
Punto[1.         0.46401284 0.44001125] -> F: 0.33961593535359064
Punto[2.         0.49786181 0.57834151] -> F: 0.14664781156521747
Punto[1.         0.40382162 0.50461612] -> F: 0.29326138593963336
Punto[1.         0.46280902 0.44130335] -> F: 0.3409992769814912
Punto[1.         0.46162927 0.4425696 ] -> F: 0.34235587309469234
Punto[1.         0.46044952 0.44383586] -> F: 0.34371581904080184
Punto[1.         0.45926977 0.44510211] -> F: 0.3450791148198196
Punto[1.         0.45809002 0.44636837] -> F: 0.34460529693000247
Punto[1.         0.45691028 0.44763462] -> F: 0.3435731292193935
Punto[1.         0.45573053 0.44890088] -> F: 0.34253854790910815
Punto[1.         0.45455078 0.45016713] -> F: 0.34149159781411736
Punto[1.         0.45337103 0.45143339] -> F: 0.3404458648285574
Punto[1.         0.45219128 0.45269965] -> F: 0.33940134895242835
Punto[1.         0.45101154 0.4539659 ] -> F: 0.338346207376476
Punto[1.         0.44983179 0.45523216] -> F: 0.33728738992759255
Punto[1.         0.44865204 0.45649841] -> F: 0.33622982905246324
Punto[1.         0.44747229 0.45776467] -> F: 0.3351685112621004
Punto[1.         0.44629255 0.45903092] -> F: 0.3340970472240766
Punto[1.         0.4451128  0.46029718] -> F: 0.33302687920675617
Punto[1.         0.44393305 0.46156343] -> F: 0.33195800721013946
Punto[1.         0.4427533  0.46282969] -> F: 0.330874382425391
Punto[1.         0.44157355 0.46409594] -> F: 0.329792005270374
Punto[1.         0.44039381 0.4653622 ] -> F: 0.32871096363582514
Punto[1.         0.43921406 0.46662845] -> F: 0.3276190978452448
Punto[1.         0.43803431 0.46789471] -> F: 0.32652487227972343
Punto[1.         0.43685456 0.46916097] -> F: 0.3254320218583771
Punto[1.         0.43567481 0.47042722] -> F: 0.3243310150713198
Punto[1.         0.43449507 0.47169348] -> F: 0.32322526673076163
Punto[1.         0.43331532 0.47295973] -> F: 0.3221209333545311
Punto[1.         0.43213557 0.47422599] -> F: 0.3210100448309402
Punto[1.         0.43095582 0.47549224] -> F: 0.31989306609634777
Punto[1.         0.42977607 0.4767585 ] -> F: 0.31877754241704465
Punto[1.         0.42859633 0.47802475] -> F: 0.31765616260700125
Punto[1.         0.42741658 0.47929101] -> F: 0.3165282141266772
Punto[1.         0.42623683 0.48055726] -> F: 0.31540176114015284
Punto[1.         0.42505708 0.48182352] -> F: 0.31426938887559247
Punto[1.         0.42387734 0.48308977] -> F: 0.3131307007971352
Punto[1.         0.42269759 0.48435603] -> F: 0.31199354907821936
Punto[1.         0.42151784 0.48562229] -> F: 0.3108497730843322
Punto[1.         0.42033809 0.48688854] -> F: 0.3097005460163975
Punto[1.         0.41915834 0.4881548 ] -> F: 0.3085528966842237
Punto[1.         0.4179786  0.48942105] -> F: 0.3073973806845218
Punto[1.         0.41679885 0.49068731] -> F: 0.3062377864023526
Punto[1.         0.4156191  0.49195356] -> F: 0.3050798118301368
Punto[1.         0.41443935 0.49321982] -> F: 0.3039122826843796
Punto[1.         0.4132596  0.49448607] -> F: 0.30274246458800985
Punto[1.         0.41207986 0.49575233] -> F: 0.301574308866265
Punto[1.         0.41090011 0.49701858] -> F: 0.3003945473151174
Punto[1.         0.40972036 0.49828484] -> F: 0.299214620644319
Punto[1.         0.40854061 0.49955109] -> F: 0.29803593187487526
Punto[1.         0.40736087 0.50081735] -> F: 0.29684423350444916
Punto[1.         0.40618112 0.50208361] -> F: 0.2956542853097319
Punto[1.         0.40500137 0.50334986] -> F: 0.29446309260592685
Best centerpoint:  [1.         0.45926977 0.44510211] Best F:  0.3450791148198196 Best u:  [-0.99950656  0.03102404 -0.00491373] índice:  4
{
  "seed": 11836,
  "n_per_z": 5,
  "nz": 100,
  "nd": 100,
  "n_muestras": 50,
  "best_f": 0.3450791148198196,
  "best_cp": [
    1.0,
    0.4592697716105905,
    0.44510211260053617
  ],
  "best_u": [
    -0.9995065603657316,
    0.03102404051071019,
    -0.004913725292894578
  ],
  "n_candidatos": 54
}
