Punto[0.         0.39925968 0.74791033] -> F: 0.17128280441467927
Punto[1.         0.39545785 0.62111192] -> F: 0.3138613251693912
Punto[2.         0.55360361 0.65199375] -> F: 0.0657589358098514
Punto[1.         0.47643165 0.69995204] -> F: 0.3100648724138666
Punto[1.         0.39707732 0.62268872] -> F: 0.31654878525036495
Punto[1.         0.39866441 0.62423399] -> F: 0.3186305886717271
Punto[1.         0.40025149 0.62577925] -> F: 0.3207636421337145
Punto[1.         0.40183858 0.62732452] -> F: 0.32292309285039256
Punto[1.         0.40342567 0.62886979] -> F: 0.3251617310913841
Punto[1.         0.40501275 0.63041505] -> F: 0.32776597516579775
Punto[1.         0.40659984 0.63196032] -> F: 0.3304173640628854
Punto[1.         0.40818693 0.63350558] -> F: 0.3330834123382782
Punto[1.         0.40977401 0.63505085] -> F: 0.3357386591561018
Punto[1.         0.4113611  0.63659612] -> F: 0.3384054491481083
Punto[1.         0.41294819 0.63814138] -> F: 0.341084826622866
Punto[1.         0.41453527 0.63968665] -> F: 0.343766627877559
Punto[1.         0.41612236 0.64123192] -> F: 0.34644139114300293
Punto[1.         0.41770945 0.64277718] -> F: 0.34913196648773126
Punto[1.         0.41929653 0.64432245] -> F: 0.35181789651759793
Punto[1.         0.42088362 0.64586772] -> F: 0.35186570146908736
Punto[1.         0.42247071 0.64741298] -> F: 0.3507250554386675
Punto[1.         0.42405779 0.64895825] -> F: 0.34958611244403615
Punto[1.         0.42564488 0.65050352] -> F: 0.3484488724851932
Punto[1.         0.42723196 0.65204878] -> F: 0.34728715777029207
Punto[1.         0.42881905 0.65359405] -> F: 0.3461270597712651
Punto[1.         0.43040614 0.65513932] -> F: 0.3449687448057667
Punto[1.         0.43199322 0.65668458] -> F: 0.34381221287379654
Punto[1.         0.43358031 0.65822985] -> F: 0.34263540274959825
Punto[1.         0.4351674  0.65977511] -> F: 0.3414574944250902
Punto[1.         0.43675448 0.66132038] -> F: 0.34028144728684123
Punto[1.         0.43834157 0.66286565] -> F: 0.33910679622619316
Punto[1.         0.43992866 0.66441091] -> F: 0.3379106431828978
Punto[1.         0.44151574 0.66595618] -> F: 0.3367164278194843
Punto[1.         0.44310283 0.66750145] -> F: 0.33552415013595255
Punto[1.         0.44468992 0.66904671] -> F: 0.33432520246229525
Punto[1.         0.446277   0.67059198] -> F: 0.3331140492126069
Punto[1.         0.44786409 0.67213725] -> F: 0.33190490865375316
Punto[1.         0.44945118 0.67368251] -> F: 0.3306977807857342
Punto[1.         0.45103826 0.67522778] -> F: 0.32947906474374994
Punto[1.         0.45262535 0.67677305] -> F: 0.3282581417822474
Punto[1.         0.45421244 0.67831831] -> F: 0.3270402144364697
Punto[1.         0.45579952 0.67986358] -> F: 0.3258252827064169
Punto[1.         0.45738661 0.68140885] -> F: 0.3246133465920892
Punto[1.         0.45897369 0.68295411] -> F: 0.3234044060934863
Punto[1.         0.46056078 0.68449938] -> F: 0.3221864892472974
Punto[1.         0.46214787 0.68604465] -> F: 0.32096794424618585
Punto[1.         0.46373495 0.68758991] -> F: 0.3197524732898512
Punto[1.         0.46532204 0.68913518] -> F: 0.31854007637829346
Punto[1.         0.46690913 0.69068044] -> F: 0.31733075351151274
Punto[1.         0.46849621 0.69222571] -> F: 0.31612411947522456
Punto[1.         0.4700833  0.69377098] -> F: 0.31490596774865565
Punto[1.         0.47167039 0.69531624] -> F: 0.31369096717923534
Punto[1.         0.47325747 0.69686151] -> F: 0.31247911776696374
Punto[1.         0.47484456 0.69840678] -> F: 0.31127041951184076
Best centerpoint:  [1.         0.42088362 0.64586772] Best F:  0.35186570146908736 Best u:  [ 0.36812455  0.90056585 -0.23122601] índice:  16
{
  "seed": 9019,
  "n_per_z": 5,
  "nz": 100,
  "nd": 100,
  "n_muestras": 50,
  "best_f": 0.35186570146908736,
  "best_cp": [
    1.0,
    0.4208836189440618,
    0.645867716423892
  ],
  "best_u": [
    0.36812455268467775,
    0.9005658478447125,
    -0.23122600936408488
  ],
  "n_candidatos": 54
}
