Punto[0.         0.45959114 0.48115466] -> F: 0.1443680987411142
Punto[1.         0.47744818 0.48621117] -> F: 0.4295323755397288
Punto[2.         0.47130946 0.4053621 ] -> F: 0.14117133660894143
Punto[1.         0.4654503  0.44325838] -> F: 0.4535313912423287
Punto[1.         0.47720822 0.48535211] -> F: 0.43074461122415414
Punto[1.         0.47697306 0.48451024] -> F: 0.4319380961913316
Punto[1.         0.4767379  0.48366836] -> F: 0.4331365257344725
Punto[1.         0.47650274 0.48282649] -> F: 0.43433609065086287
Punto[1.         0.47626758 0.48198461] -> F: 0.4355359906024597
Punto[1.         0.47603243 0.48114274] -> F: 0.4367362255892625
Punto[1.         0.47579727 0.48030086] -> F: 0.43789381827518215
Punto[1.         0.47556211 0.47945899] -> F: 0.4390398822930267
Punto[1.         0.47532695 0.47861711] -> F: 0.4401892231790834
Punto[1.         0.47509179 0.47777524] -> F: 0.44131346493150564
Punto[1.         0.47485663 0.47693337] -> F: 0.44213843920994794
Punto[1.         0.47462148 0.47609149] -> F: 0.44303955103327675
Punto[1.         0.47438632 0.47524962] -> F: 0.44401680040149166
Punto[1.         0.47415116 0.47440774] -> F: 0.44507018731459297
Punto[1.         0.473916   0.47356587] -> F: 0.44619965574550363
Punto[1.         0.47368084 0.47272399] -> F: 0.4473645486780513
Punto[1.         0.47344568 0.47188212] -> F: 0.4485298664498145
Punto[1.         0.47321053 0.47104024] -> F: 0.44960502193787033
Punto[1.         0.47297537 0.47019837] -> F: 0.4506570008681792
Punto[1.         0.47274021 0.46935649] -> F: 0.4517217613384182
Punto[1.         0.47250505 0.46851462] -> F: 0.45279929682559356
Punto[1.         0.47226989 0.46767274] -> F: 0.45388956964108756
Punto[1.         0.47203473 0.46683087] -> F: 0.4549925737389833
Punto[1.         0.47179958 0.465989  ] -> F: 0.4561083091192806
Punto[1.         0.47156442 0.46514712] -> F: 0.4572367757819797
Punto[1.         0.47132926 0.46430525] -> F: 0.4583779542830522
Punto[1.         0.4710941  0.46346337] -> F: 0.45952499706242234
Punto[1.         0.47085894 0.4626215 ] -> F: 0.46064836437794027
Punto[1.         0.47062378 0.46177962] -> F: 0.46170514221861625
Punto[1.         0.47038863 0.46093775] -> F: 0.4627673585608196
Punto[1.         0.47015347 0.46009587] -> F: 0.4638350134045501
Punto[1.         0.46991831 0.459254  ] -> F: 0.46490810674980804
Punto[1.         0.46968315 0.45841212] -> F: 0.4656095647401818
Punto[1.         0.46944799 0.45757025] -> F: 0.46537543171456225
Punto[1.         0.46921283 0.45672837] -> F: 0.4649980350580407
Punto[1.         0.46897768 0.4558865 ] -> F: 0.46462082237540364
Punto[1.         0.46874252 0.45504462] -> F: 0.4642437936666509
Punto[1.         0.46850736 0.45420275] -> F: 0.46384952695104986
Punto[1.         0.4682722  0.45336088] -> F: 0.4634496759403952
Punto[1.         0.46803704 0.452519  ] -> F: 0.46285957519571064
Punto[1.         0.46780188 0.45167713] -> F: 0.4620105670210264
Punto[1.         0.46756673 0.45083525] -> F: 0.4611597212161309
Punto[1.         0.46733157 0.44999338] -> F: 0.46030952612835235
Punto[1.         0.46709641 0.4491515 ] -> F: 0.4594599817576905
Punto[1.         0.46686125 0.44830963] -> F: 0.4586110881041455
Punto[1.         0.46662609 0.44746775] -> F: 0.45776284516771737
Punto[1.         0.46639093 0.44662588] -> F: 0.4569152529484061
Punto[1.         0.46615578 0.445784  ] -> F: 0.45606831144621146
Punto[1.         0.46592062 0.44494213] -> F: 0.45522202066113365
Punto[1.         0.46568546 0.44410025] -> F: 0.4543763805931728
{
  "seed": 14238,
  "n_per_z": 10,
  "nz": 100,
  "nd": 100,
  "n_muestras": 50,
  "best_f": 0.4656095647401818,
  "best_cp": [
    1.0,
    0.4696831509842948,
    0.45841212342700743
  ],
  "best_u": [
    0.24868988716485474,
    -0.5693188977302335,
    0.7836002378184705
  ],
  "best_index": 36,
  "n_candidatos": 54
}
