Punto[0.         0.45962896 0.26311413] -> F: 0.1564523428266107
Punto[1.         0.49435634 0.40154398] -> F: 0.36530434466203676
Punto[2.         0.50386266 0.63158178] -> F: 0.10119497166071961
Punto[1.         0.48174581 0.44734795] -> F: 0.39394412319474936
Punto[1.         0.49410413 0.40246006] -> F: 0.36713356781336864
Punto[1.         0.49385696 0.40335782] -> F: 0.368937363399977
Punto[1.         0.4936098  0.40425558] -> F: 0.37074234723936766
Punto[1.         0.49336263 0.40515333] -> F: 0.3725485193315404
Punto[1.         0.49311546 0.40605109] -> F: 0.3743558796764953
Punto[1.         0.4928683  0.40694885] -> F: 0.37613958647661366
Punto[1.         0.49262113 0.40784661] -> F: 0.37775283316835867
Punto[1.         0.49237397 0.40874436] -> F: 0.37938875283784984
Punto[1.         0.4921268  0.40964212] -> F: 0.381047345485087
Punto[1.         0.49187963 0.41053988] -> F: 0.38272861111007017
Punto[1.         0.49163247 0.41143764] -> F: 0.3844325497127995
Punto[1.        0.4913853 0.4123354] -> F: 0.38615916129327504
Punto[1.         0.49113813 0.41323315] -> F: 0.38790844585149664
Punto[1.         0.49089097 0.41413091] -> F: 0.38968040338746457
Punto[1.         0.4906438  0.41502867] -> F: 0.3914750339011783
Punto[1.         0.49039663 0.41592643] -> F: 0.3932915240713211
Punto[1.         0.49014947 0.41682419] -> F: 0.39511483654704466
Punto[1.         0.4899023  0.41772194] -> F: 0.3969393216686727
Punto[1.         0.48965513 0.4186197 ] -> F: 0.3986817302050778
Punto[1.         0.48940797 0.41951746] -> F: 0.40010445905567726
Punto[1.         0.4891608  0.42041522] -> F: 0.4011992122569902
Punto[1.         0.48891364 0.42131297] -> F: 0.40231663843604915
Punto[1.         0.48866647 0.42221073] -> F: 0.40345673759285444
Punto[1.         0.4884193  0.42310849] -> F: 0.4046195097274056
Punto[1.         0.48817214 0.42400625] -> F: 0.40580495483970314
Punto[1.         0.48792497 0.42490401] -> F: 0.40701307292974676
Punto[1.         0.4876778  0.42580176] -> F: 0.40824386399753626
Punto[1.         0.48743064 0.42669952] -> F: 0.4094973280430722
Punto[1.         0.48718347 0.42759728] -> F: 0.4107734650663541
Punto[1.         0.4869363  0.42849504] -> F: 0.4117428587663715
Punto[1.         0.48668914 0.42939279] -> F: 0.41092069616966775
Punto[1.         0.48644197 0.43029055] -> F: 0.41010958366921785
Punto[1.         0.4861948  0.43118831] -> F: 0.4093095212650219
Punto[1.         0.48594764 0.43208607] -> F: 0.40852050895708
Punto[1.         0.48570047 0.43298383] -> F: 0.40766737646882734
Punto[1.         0.4854533  0.43388158] -> F: 0.4067990513665755
Punto[1.         0.48520614 0.43477934] -> F: 0.40593688222625746
Punto[1.         0.48495897 0.4356771 ] -> F: 0.4050808690478732
Punto[1.         0.48471181 0.43657486] -> F: 0.40423101183142257
Punto[1.         0.48446464 0.43747262] -> F: 0.403387310576906
Punto[1.         0.48421747 0.43837037] -> F: 0.4025497652843228
Punto[1.         0.48397031 0.43926813] -> F: 0.4017183759536737
Punto[1.         0.48372314 0.44016589] -> F: 0.40088045785697
Punto[1.         0.48347597 0.44106365] -> F: 0.3999989832237571
Punto[1.         0.48322881 0.4419614 ] -> F: 0.39912182892941955
Punto[1.         0.48298164 0.44285916] -> F: 0.39824899497395716
Punto[1.         0.48273447 0.44375692] -> F: 0.3973804813573699
Punto[1.         0.48248731 0.44465468] -> F: 0.396516288079658
Punto[1.         0.48224014 0.44555244] -> F: 0.39565641514082106
Punto[1.         0.48199297 0.44645019] -> F: 0.39480086254085944
Best centerpoint:  [1.         0.4869363  0.42849504] Best F:  0.4117428587663715 Best u:  [0.06279052 0.45309465 0.88924833] índice:  30
{
  "seed": 7100,
  "n_per_z": 5,
  "nz": 100,
  "nd": 100,
  "n_muestras": 50,
  "best_f": 0.4117428587663715,
  "best_cp": [
    1.0,
    0.48693630349630435,
    0.42849503709514536
  ],
  "best_u": [
    0.06279051952931353,
    0.45309465319257597,
    0.8892483263439623
  ],
  "n_candidatos": 54
}
