Punto[0.         0.37473734 0.46202304] -> F: 0.10676807423049962
Punto[1.         0.4215039  0.43169136] -> F: 0.4086701507755379
Punto[2.         0.54206924 0.52640105] -> F: 0.1238087231233493
Punto[1.         0.45840329 0.49421205] -> F: 0.413403797319464
Punto[1.         0.42224189 0.43294178] -> F: 0.41051386305448956
Punto[1.         0.42296511 0.43416718] -> F: 0.4129902173754978
Punto[1.         0.42368834 0.43539259] -> F: 0.4156475635319039
Punto[1.         0.42441157 0.43661799] -> F: 0.41830234659263527
Punto[1.        0.4251348 0.4378434] -> F: 0.4209545665576918
Punto[1.         0.42585803 0.4390688 ] -> F: 0.42337104712474416
Punto[1.         0.42658125 0.44029421] -> F: 0.42578990243120673
Punto[1.         0.42730448 0.44151961] -> F: 0.42825844416813297
Punto[1.         0.42802771 0.44274502] -> F: 0.43077667233552264
Punto[1.         0.42875094 0.44397043] -> F: 0.4333445869333758
Punto[1.         0.42947417 0.44519583] -> F: 0.43595200200551415
Punto[1.         0.4301974  0.44642124] -> F: 0.43845458069531945
Punto[1.         0.43092062 0.44764664] -> F: 0.4408274681020698
Punto[1.         0.43164385 0.44887205] -> F: 0.4431991728051709
Punto[1.         0.43236708 0.45009745] -> F: 0.44543039256669215
Punto[1.         0.43309031 0.45132286] -> F: 0.4476694584933208
Punto[1.         0.43381354 0.45254826] -> F: 0.44987408130839956
Punto[1.         0.43453676 0.45377367] -> F: 0.44979486218403475
Punto[1.         0.43525999 0.45499907] -> F: 0.44836614915019496
Punto[1.         0.43598322 0.45622448] -> F: 0.44696776185001913
Punto[1.         0.43670645 0.45744988] -> F: 0.44565894816563884
Punto[1.         0.43742968 0.45867529] -> F: 0.44444128930349397
Punto[1.        0.4381529 0.4599007] -> F: 0.44331478526358514
Punto[1.         0.43887613 0.4611261 ] -> F: 0.4422794360459119
Punto[1.         0.43959936 0.46235151] -> F: 0.4413352416504746
Punto[1.         0.44032259 0.46357691] -> F: 0.4404599277355576
Punto[1.         0.44104582 0.46480232] -> F: 0.43958848618618696
Punto[1.         0.44176905 0.46602772] -> F: 0.4383863534289143
Punto[1.         0.44249227 0.46725313] -> F: 0.4371682988344885
Punto[1.         0.4432155  0.46847853] -> F: 0.4359898817955352
Punto[1.         0.44393873 0.46970394] -> F: 0.43485110231205454
Punto[1.         0.44466196 0.47092934] -> F: 0.4337519603840466
Punto[1.         0.44538519 0.47215475] -> F: 0.43269245601151113
Punto[1.         0.44610841 0.47338015] -> F: 0.43167258919444845
Punto[1.         0.44683164 0.47460556] -> F: 0.4306923599328583
Punto[1.         0.44755487 0.47583097] -> F: 0.42975176822674066
Punto[1.         0.4482781  0.47705637] -> F: 0.4288468463710886
Punto[1.         0.44900133 0.47828178] -> F: 0.42785986586167335
Punto[1.         0.44972455 0.47950718] -> F: 0.426693173915634
Punto[1.         0.45044778 0.48073259] -> F: 0.4255436652542508
Punto[1.         0.45117101 0.48195799] -> F: 0.4244113398775232
Punto[1.         0.45189424 0.4831834 ] -> F: 0.42329619778545147
Punto[1.         0.45261747 0.4844088 ] -> F: 0.42219823897803543
Punto[1.         0.4533407  0.48563421] -> F: 0.4211174634552753
Punto[1.         0.45406392 0.48685961] -> F: 0.42005387121717097
Punto[1.         0.45478715 0.48808502] -> F: 0.41900746226372243
Punto[1.         0.45551038 0.48931043] -> F: 0.4179782365949296
Punto[1.         0.45623361 0.49053583] -> F: 0.4168642285430564
Punto[1.         0.45695684 0.49176124] -> F: 0.4156994522991774
Punto[1.         0.45768006 0.49298664] -> F: 0.4145459752246464
Best centerpoint:  [1.         0.43381354 0.45254826] Best F:  0.44987408130839956 Best u:  [ 0.15643447 -0.96390161 -0.21545754] índice:  17
{
  "seed": 18308,
  "n_per_z": 5,
  "nz": 100,
  "nd": 100,
  "n_muestras": 50,
  "best_f": 0.44987408130839956,
  "best_cp": [
    1.0,
    0.43381353604612605,
    0.4525482629383333
  ],
  "best_u": [
    0.1564344650402308,
    -0.9639016071582616,
    -0.21545753610699567
  ],
  "n_candidatos": 54
}
