Punto[0.         0.43653928 0.4603422 ] -> F: 0.16435304892256478
Punto[1.         0.50330972 0.45236025] -> F: 0.4048017373019182
Punto[2.         0.57351706 0.6137893 ] -> F: 0.08747016579188373
Punto[1.         0.50502817 0.53706575] -> F: 0.36802128481327195
Punto[1.         0.50334409 0.45405436] -> F: 0.4062270741238144
Punto[1.         0.50337777 0.45571459] -> F: 0.4076001277056308
Punto[1.         0.50341146 0.45737481] -> F: 0.408893232350476
Punto[1.         0.50344514 0.45903504] -> F: 0.4100555162660593
Punto[1.         0.50347882 0.46069527] -> F: 0.41122011078951615
Punto[1.        0.5035125 0.4623555] -> F: 0.4123870159208466
Punto[1.         0.50354618 0.46401572] -> F: 0.4118684863296786
Punto[1.         0.50357986 0.46567595] -> F: 0.4108598420394649
Punto[1.         0.50361354 0.46733618] -> F: 0.4098517613298568
Punto[1.         0.50364723 0.46899641] -> F: 0.4088442442008545
Punto[1.         0.50368091 0.47065664] -> F: 0.40783729065245794
Punto[1.         0.50371459 0.47231686] -> F: 0.4068309006846671
Punto[1.         0.50374827 0.47397709] -> F: 0.4058250742974819
Punto[1.         0.50378195 0.47563732] -> F: 0.4048198114909024
Punto[1.         0.50381563 0.47729755] -> F: 0.4038151122649286
Punto[1.         0.50384932 0.47895777] -> F: 0.4028109766195605
Punto[1.       0.503883 0.480618] -> F: 0.4018074045547981
Punto[1.         0.50391668 0.48227823] -> F: 0.4008043960706415
Punto[1.         0.50395036 0.48393846] -> F: 0.3998019511670906
Punto[1.         0.50398404 0.48559869] -> F: 0.3988000698441453
Punto[1.         0.50401772 0.48725891] -> F: 0.3977987521018058
Punto[1.         0.50405141 0.48891914] -> F: 0.39679799794007187
Punto[1.         0.50408509 0.49057937] -> F: 0.3957978073589439
Punto[1.         0.50411877 0.4922396 ] -> F: 0.3947981803584213
Punto[1.         0.50415245 0.49389982] -> F: 0.3937991169385046
Punto[1.         0.50418613 0.49556005] -> F: 0.39280061709919356
Punto[1.         0.50421981 0.49722028] -> F: 0.3918026808404882
Punto[1.         0.50425349 0.49888051] -> F: 0.3908053081623886
Punto[1.         0.50428718 0.50054074] -> F: 0.3898084990648946
Punto[1.         0.50432086 0.50220096] -> F: 0.38881225354800647
Punto[1.         0.50435454 0.50386119] -> F: 0.3878165716117239
Punto[1.         0.50438822 0.50552142] -> F: 0.38682145325604717
Punto[1.         0.5044219  0.50718165] -> F: 0.38582689848097607
Punto[1.         0.50445558 0.50884187] -> F: 0.38483290728651065
Punto[1.         0.50448927 0.5105021 ] -> F: 0.383839479672651
Punto[1.         0.50452295 0.51216233] -> F: 0.38284661563939704
Punto[1.         0.50455663 0.51382256] -> F: 0.3818543151867488
Punto[1.         0.50459031 0.51548279] -> F: 0.38086257831470627
Punto[1.         0.50462399 0.51714301] -> F: 0.3798714050232694
Punto[1.         0.50465767 0.51880324] -> F: 0.3788807953124383
Punto[1.         0.50469135 0.52046347] -> F: 0.37789074918221277
Punto[1.         0.50472504 0.5221237 ] -> F: 0.3769012666325931
Punto[1.         0.50475872 0.52378392] -> F: 0.375912347663579
Punto[1.         0.5047924  0.52544415] -> F: 0.3749239922751707
Punto[1.         0.50482608 0.52710438] -> F: 0.373936200467368
Punto[1.         0.50485976 0.52876461] -> F: 0.3729489722401711
Punto[1.         0.50489344 0.53042484] -> F: 0.37196230759357973
Punto[1.         0.50492713 0.53208506] -> F: 0.3709762065275942
Punto[1.         0.50496081 0.53374529] -> F: 0.3699906690422145
Punto[1.         0.50499449 0.53540552] -> F: 0.3690056951374404
{
  "seed": 2747,
  "n_per_z": 10,
  "nz": 100,
  "nd": 100,
  "n_muestras": 50,
  "best_f": 0.4123870159208466,
  "best_cp": [
    1.0,
    0.5035125003588787,
    0.46235549639126877
  ],
  "best_u": [
    0.36812455268467775,
    -0.7164050951984345,
    -0.5926618372094055
  ],
  "best_index": 9,
  "n_candidatos": 54
}
