Punto[0.         0.44110924 0.52549245] -> F: 0.15160598134042175
Punto[1.         0.46222815 0.51767101] -> F: 0.43854142705057453
Punto[2.         0.51669841 0.59472005] -> F: 0.13776058642152816
Punto[1.         0.47890383 0.56010625] -> F: 0.4584030356730177
Punto[1.         0.46256166 0.51851972] -> F: 0.4397312086568554
Punto[1.         0.46288851 0.51935145] -> F: 0.4408980820086007
Punto[1.         0.46321535 0.52018318] -> F: 0.4420658337745261
Punto[1.         0.46354219 0.52101491] -> F: 0.4432344639546315
Punto[1.         0.46386904 0.52184664] -> F: 0.444403972548917
Punto[1.         0.46419588 0.52267837] -> F: 0.44557435955738256
Punto[1.         0.46452272 0.5235101 ] -> F: 0.44674562498002834
Punto[1.         0.46484957 0.52434183] -> F: 0.44791776881685397
Punto[1.         0.46517641 0.52517356] -> F: 0.4490907910678599
Punto[1.         0.46550325 0.52600529] -> F: 0.4502646917330457
Punto[1.         0.4658301  0.52683702] -> F: 0.45143947081241176
Punto[1.         0.46615694 0.52766875] -> F: 0.4526151283059578
Punto[1.         0.46648378 0.52850049] -> F: 0.4537916642136839
Punto[1.         0.46681063 0.52933222] -> F: 0.45496907853558993
Punto[1.         0.46713747 0.53016395] -> F: 0.4561473712716762
Punto[1.         0.46746431 0.53099568] -> F: 0.45732654242194265
Punto[1.         0.46779116 0.53182741] -> F: 0.4585065919863891
Punto[1.         0.468118   0.53265914] -> F: 0.45968751996501567
Punto[1.         0.46844484 0.53349087] -> F: 0.4608658397288493
Punto[1.         0.46877169 0.5343226 ] -> F: 0.46204126108462856
Punto[1.         0.46909853 0.53515433] -> F: 0.4632175508966708
Punto[1.         0.46942537 0.53598606] -> F: 0.4643947091649763
Punto[1.         0.46975221 0.53681779] -> F: 0.46557273588954484
Punto[1.         0.47007906 0.53764952] -> F: 0.4667516310703763
Punto[1.         0.4704059  0.53848125] -> F: 0.467931394707471
Punto[1.         0.47073274 0.53931298] -> F: 0.4691120268008287
Punto[1.         0.47105959 0.54014471] -> F: 0.46951181346033055
Punto[1.         0.47138643 0.54097644] -> F: 0.46927266195348744
Punto[1.         0.47171327 0.54180818] -> F: 0.4689441534676517
Punto[1.         0.47204012 0.54263991] -> F: 0.4685688957236373
Punto[1.         0.47236696 0.54347164] -> F: 0.4681941192464748
Punto[1.         0.4726938  0.54430337] -> F: 0.4678198240361644
Punto[1.         0.47302065 0.5451351 ] -> F: 0.46735756241722853
Punto[1.         0.47334749 0.54596683] -> F: 0.4668866943767181
Punto[1.         0.47367433 0.54679856] -> F: 0.46641775535513696
Punto[1.         0.47400118 0.54763029] -> F: 0.4659507453524852
Punto[1.         0.47432802 0.54846202] -> F: 0.4654841849938132
Punto[1.         0.47465486 0.54929375] -> F: 0.4650174243277093
Punto[1.         0.47498171 0.55012548] -> F: 0.46455203881275625
Punto[1.         0.47530855 0.55095721] -> F: 0.4640880284489536
Punto[1.         0.47563539 0.55178894] -> F: 0.4636253932363017
Punto[1.         0.47596224 0.55262067] -> F: 0.46316413317480015
Punto[1.         0.47628908 0.5534524 ] -> F: 0.46270424826444945
Punto[1.         0.47661592 0.55428414] -> F: 0.46224573850524914
Punto[1.         0.47694277 0.55511587] -> F: 0.4617886038971995
Punto[1.         0.47726961 0.5559476 ] -> F: 0.4613328444403004
Punto[1.         0.47759645 0.55677933] -> F: 0.460878460134552
Punto[1.         0.4779233  0.55761106] -> F: 0.4603057518347052
Punto[1.         0.47825014 0.55844279] -> F: 0.4596713610113741
Punto[1.         0.47857698 0.55927452] -> F: 0.45903712229081156
{
  "seed": 2634,
  "n_per_z": 10,
  "nz": 100,
  "nd": 100,
  "n_muestras": 50,
  "best_f": 0.46951181346033055,
  "best_cp": [
    1.0,
    0.4710595881749903,
    0.5401447142094773
  ],
  "best_u": [
    0.5620833778521307,
    -0.5272009994977287,
    0.6372765353211546
  ],
  "best_index": 30,
  "n_candidatos": 54
}
