Punto[0.         0.45086913 0.35231306] -> F: 0.15159354409824083
Punto[1.         0.49714694 0.41505001] -> F: 0.41658490893520167
Punto[2.         0.48101584 0.54780368] -> F: 0.10538764880908394
Punto[1.         0.46594248 0.45005837] -> F: 0.4168686035422198
Punto[1.         0.49652286 0.41575018] -> F: 0.41798620935000325
Punto[1.         0.49591125 0.41643634] -> F: 0.41934903255542877
Punto[1.         0.49529964 0.4171225 ] -> F: 0.42051352801051717
Punto[1.         0.49468803 0.41780867] -> F: 0.4216805444883859
Punto[1.         0.49407643 0.41849483] -> F: 0.42285533269642916
Punto[1.         0.49346482 0.419181  ] -> F: 0.4240378926346476
Punto[1.         0.49285321 0.41986716] -> F: 0.42522298992681384
Punto[1.         0.4922416  0.42055332] -> F: 0.4263707488540899
Punto[1.         0.49163    0.42123949] -> F: 0.42752455955253704
Punto[1.         0.49101839 0.42192565] -> F: 0.4286844220221552
Punto[1.         0.49040678 0.42261182] -> F: 0.42985033626294405
Punto[1.         0.48979517 0.42329798] -> F: 0.4310223022749042
Punto[1.         0.48918357 0.42398414] -> F: 0.43220032005803516
Punto[1.         0.48857196 0.42467031] -> F: 0.43338438961233694
Punto[1.         0.48796035 0.42535647] -> F: 0.43457451093780985
Punto[1.         0.48734874 0.42604264] -> F: 0.43500347749264967
Punto[1.         0.48673714 0.4267288 ] -> F: 0.4344904561677787
Punto[1.         0.48612553 0.42741496] -> F: 0.43397779018165544
Punto[1.         0.48551392 0.42810113] -> F: 0.4334605355239775
Punto[1.         0.48490231 0.42878729] -> F: 0.43294165837499465
Punto[1.         0.48429071 0.42947346] -> F: 0.4324231462466797
Punto[1.         0.4836791  0.43015962] -> F: 0.43190499913903246
Punto[1.         0.48306749 0.43084578] -> F: 0.43138721705205313
Punto[1.         0.48245588 0.43153195] -> F: 0.43086979998574154
Punto[1.         0.48184428 0.43221811] -> F: 0.4303527479400978
Punto[1.         0.48123267 0.43290427] -> F: 0.429836060915122
Punto[1.         0.48062106 0.43359044] -> F: 0.4293197389108139
Punto[1.         0.48000945 0.4342766 ] -> F: 0.42880378192717367
Punto[1.         0.47939785 0.43496277] -> F: 0.4282881899642013
Punto[1.         0.47878624 0.43564893] -> F: 0.4277729630218967
Punto[1.         0.47817463 0.43633509] -> F: 0.42725810110025997
Punto[1.         0.47756303 0.43702126] -> F: 0.426742446792448
Punto[1.         0.47695142 0.43770742] -> F: 0.42622154399918705
Punto[1.         0.47633981 0.43839359] -> F: 0.4257010159089598
Punto[1.         0.4757282  0.43907975] -> F: 0.42518086252176646
Punto[1.         0.4751166  0.43976591] -> F: 0.424661083837607
Punto[1.         0.47450499 0.44045208] -> F: 0.4241416798564813
Punto[1.         0.47389338 0.44113824] -> F: 0.42362265057838944
Punto[1.         0.47328177 0.44182441] -> F: 0.4231039960033314
Punto[1.         0.47267017 0.44251057] -> F: 0.4225857161313073
Punto[1.         0.47205856 0.44319673] -> F: 0.42206781096231694
Punto[1.         0.47144695 0.4438829 ] -> F: 0.42155028049636034
Punto[1.         0.47083534 0.44456906] -> F: 0.4210331247334377
Punto[1.         0.47022374 0.44525523] -> F: 0.42051634367354884
Punto[1.         0.46961213 0.44594139] -> F: 0.4199988348222341
Punto[1.         0.46900052 0.44662755] -> F: 0.4194761685968987
Punto[1.         0.46838891 0.44731372] -> F: 0.41895388677636314
Punto[1.         0.46777731 0.44799988] -> F: 0.4184319893606276
Punto[1.         0.4671657  0.44868605] -> F: 0.41791047634969175
Punto[1.         0.46655409 0.44937221] -> F: 0.4173893477435558
Best centerpoint:  [1.         0.48734874 0.42604264] Best F:  0.43500347749264967 Best u:  [ 0.86074203 -0.01598938  0.50879023] índice:  16
{
  "seed": 17205,
  "n_per_z": 5,
  "nz": 100,
  "nd": 100,
  "n_muestras": 50,
  "best_f": 0.43500347749264967,
  "best_cp": [
    1.0,
    0.4873487438386783,
    0.4260426354421535
  ],
  "best_u": [
    0.8607420270039436,
    -0.015989377270924247,
    0.508790234540356
  ],
  "n_candidatos": 54
}
