Punto[0.         0.42588579 0.4250017 ] -> F: 0.17572997567742482
Punto[1.         0.38943728 0.48369613] -> F: 0.32905613133013967
Punto[2.         0.64631868 0.52652101] -> F: 0.04142988212164461
Punto[1.         0.53610224 0.47576135] -> F: 0.2473016678053051
Punto[1.         0.39237058 0.48353743] -> F: 0.33172534832780187
Punto[1.         0.39524521 0.48338191] -> F: 0.3342678517141413
Punto[1.         0.39811984 0.48322639] -> F: 0.3366483159042813
Punto[1.         0.40099448 0.48307087] -> F: 0.3388673859888825
Punto[1.         0.40386911 0.48291535] -> F: 0.3409285788737066
Punto[1.         0.40674374 0.48275982] -> F: 0.34257761696467787
Punto[1.         0.40961838 0.4826043 ] -> F: 0.34043075327050404
Punto[1.         0.41249301 0.48244878] -> F: 0.33828714670893195
Punto[1.         0.41536764 0.48229326] -> F: 0.33614679727996133
Punto[1.         0.41824228 0.48213774] -> F: 0.3340097049835923
Punto[1.         0.42111691 0.48198222] -> F: 0.3318758698198247
Punto[1.         0.42399154 0.48182669] -> F: 0.32973550200523855
Punto[1.         0.42686618 0.48167117] -> F: 0.32759723529382007
Punto[1.         0.42974081 0.48151565] -> F: 0.3254622593917352
Punto[1.         0.43261544 0.48136013] -> F: 0.3233305742989838
Punto[1.         0.43549008 0.48120461] -> F: 0.3212021800155658
Punto[1.         0.43836471 0.48104909] -> F: 0.3190692950963297
Punto[1.         0.44123934 0.48089356] -> F: 0.31693641059727545
Punto[1.         0.44411398 0.48073804] -> F: 0.31480685140547476
Punto[1.         0.44698861 0.48058252] -> F: 0.31268061752092763
Punto[1.         0.44986324 0.480427  ] -> F: 0.3105577089436341
Punto[1.         0.45273787 0.48027148] -> F: 0.30843214800118113
Punto[1.         0.45561251 0.48011596] -> F: 0.3063046674395672
Punto[1.         0.45848714 0.47996044] -> F: 0.30418054760504964
Punto[1.         0.46136177 0.47980491] -> F: 0.3020597884976284
Punto[1.         0.46423641 0.47964939] -> F: 0.2999423901173036
Punto[1.         0.46711104 0.47949387] -> F: 0.2978240943528044
Punto[1.         0.46998567 0.47933835] -> F: 0.29570201765680365
Punto[1.         0.47286031 0.47918283] -> F: 0.29358333813958415
Punto[1.         0.47573494 0.47902731] -> F: 0.2914680558011455
Punto[1.         0.47860957 0.47887178] -> F: 0.28935617064148805
Punto[1.         0.48148421 0.47871626] -> F: 0.2872451851145336
Punto[1.         0.48435884 0.47856074] -> F: 0.2851284889947497
Punto[1.         0.48723347 0.47840522] -> F: 0.2830152276578719
Punto[1.         0.49010811 0.4782497 ] -> F: 0.2809054011039
Punto[1.         0.49298274 0.47809418] -> F: 0.2787990093328342
Punto[1.         0.49585737 0.47793866] -> F: 0.2766954902686604
Punto[1.         0.49873201 0.47778313] -> F: 0.27458412649681924
Punto[1.         0.50160664 0.47762761] -> F: 0.27247623639747537
Punto[1.         0.50448127 0.47747209] -> F: 0.270371819970629
Punto[1.         0.50735591 0.47731657] -> F: 0.26827087721628
Punto[1.         0.51023054 0.47716105] -> F: 0.26617340813442847
Punto[1.         0.51310517 0.47700553] -> F: 0.26406899670555173
Punto[1.         0.51597981 0.47685   ] -> F: 0.26196640403850274
Punto[1.         0.51885444 0.47669448] -> F: 0.25986732536651963
Punto[1.         0.52172907 0.47653896] -> F: 0.2577717606896024
Punto[1.         0.52460371 0.47638344] -> F: 0.25567971000775125
Punto[1.         0.52747834 0.47622792] -> F: 0.2535831951615844
Punto[1.         0.53035297 0.4760724 ] -> F: 0.2514857967944481
Punto[1.         0.53322761 0.47591688] -> F: 0.2493919543423549
Best centerpoint:  [1.         0.40674374 0.48275982] Best F:  0.34257761696467787 Best u:  [ 0.39714789  0.91730177 -0.02882737] índice:  6
{
  "seed": 19135,
  "n_per_z": 5,
  "nz": 100,
  "nd": 100,
  "n_muestras": 50,
  "best_f": 0.34257761696467787,
  "best_cp": [
    1.0,
    0.40674374332698887,
    0.4827598234555256
  ],
  "best_u": [
    0.3971478906347807,
    0.9173017691771355,
    -0.028827369440197294
  ],
  "n_candidatos": 54
}
