Punto[0.         0.63420124 0.47475582] -> F: 0.13576357012742876
Punto[1.         0.52614055 0.51447201] -> F: 0.40853494359488235
Punto[2.         0.52454528 0.47013603] -> F: 0.13543903437449725
Punto[1.         0.57937326 0.47244592] -> F: 0.4406458302833147
Punto[1.         0.52720521 0.51363148] -> F: 0.4111590189403911
Punto[1.         0.52824857 0.51280777] -> F: 0.4137343455745206
Punto[1.         0.52929193 0.51198406] -> F: 0.41631336729917545
Punto[1.         0.53033529 0.51116035] -> F: 0.4188182853853216
Punto[1.         0.53137865 0.51033664] -> F: 0.4213197836704346
Punto[1.         0.53242201 0.50951293] -> F: 0.42382545954574163
Punto[1.         0.53346537 0.50868922] -> F: 0.42633531301124333
Punto[1.         0.53450874 0.50786551] -> F: 0.4288493440669389
Punto[1.        0.5355521 0.5070418] -> F: 0.43136755271282884
Punto[1.         0.53659546 0.50621808] -> F: 0.43388993894891287
Punto[1.         0.53763882 0.50539437] -> F: 0.43641650277519156
Punto[1.         0.53868218 0.50457066] -> F: 0.4389472441916642
Punto[1.         0.53972554 0.50374695] -> F: 0.4414820308819868
Punto[1.         0.5407689  0.50292324] -> F: 0.4440203693935665
Punto[1.         0.54181226 0.50209953] -> F: 0.44654172534540626
Punto[1.         0.54285562 0.50127582] -> F: 0.44905281310546147
Punto[1.         0.54389898 0.50045211] -> F: 0.4515673216818376
Punto[1.         0.54494235 0.49962839] -> F: 0.45408525107453496
Punto[1.         0.54598571 0.49880468] -> F: 0.456606601283553
Punto[1.         0.54702907 0.49798097] -> F: 0.45907524183851856
Punto[1.         0.54807243 0.49715726] -> F: 0.46152110893279685
Punto[1.         0.54911579 0.49633355] -> F: 0.46397108769651496
Punto[1.         0.55015915 0.49550984] -> F: 0.46642517812967343
Punto[1.         0.55120251 0.49468613] -> F: 0.46888338023227233
Punto[1.         0.55224587 0.49386242] -> F: 0.47134569400431137
Punto[1.         0.55328923 0.4930387 ] -> F: 0.4711196939923407
Punto[1.         0.55433259 0.49221499] -> F: 0.4697664569540592
Punto[1.         0.55537595 0.49139128] -> F: 0.4685547346685696
Punto[1.         0.55641932 0.49056757] -> F: 0.46748452713587213
Punto[1.         0.55746268 0.48974386] -> F: 0.46653689523112424
Punto[1.         0.55850604 0.48892015] -> F: 0.46537631627812914
Punto[1.         0.5595494  0.48809644] -> F: 0.46417877618267744
Punto[1.         0.56059276 0.48727273] -> F: 0.46301170547562953
Punto[1.         0.56163612 0.48644902] -> F: 0.4618751041569853
Punto[1.         0.56267948 0.4856253 ] -> F: 0.4607689722267448
Punto[1.         0.56372284 0.48480159] -> F: 0.4596933096849083
Punto[1.         0.5647662  0.48397788] -> F: 0.4586481165314756
Punto[1.         0.56580956 0.48315417] -> F: 0.4576333927664465
Punto[1.         0.56685293 0.48233046] -> F: 0.4566491383898211
Punto[1.         0.56789629 0.48150675] -> F: 0.45569327454285524
Punto[1.         0.56893965 0.48068304] -> F: 0.45474162952907665
Punto[1.         0.56998301 0.47985933] -> F: 0.4537293828028743
Punto[1.         0.57102637 0.47903561] -> F: 0.45262038849597147
Punto[1.         0.57206973 0.4782119 ] -> F: 0.45152298807726843
Punto[1.         0.57311309 0.47738819] -> F: 0.450437181546765
Punto[1.         0.57415645 0.47656448] -> F: 0.44898225379432344
Punto[1.         0.57519981 0.47574077] -> F: 0.4472811884182032
Punto[1.         0.57624317 0.47491706] -> F: 0.44560143980116695
Punto[1.         0.57728653 0.47409335] -> F: 0.443943007943215
Punto[1.         0.5783299  0.47326964] -> F: 0.44230589284434757
{
  "seed": 12902,
  "n_per_z": 10,
  "nz": 100,
  "nd": 100,
  "n_muestras": 50,
  "best_f": 0.47134569400431137,
  "best_cp": [
    1.0,
    0.5522458719501956,
    0.49386241605912273
  ],
  "best_u": [
    0.031410759078128396,
    -0.8603173027729395,
    0.5087902345403558
  ],
  "best_index": 28,
  "n_candidatos": 54
}
