Punto[0.         0.52866735 0.44627142] -> F: 0.1613059750715816
Punto[1.         0.51992737 0.44514168] -> F: 0.46191747646199893
Punto[2.         0.5413009  0.41209314] -> F: 0.1311495482464681
Punto[1.         0.53498412 0.42918228] -> F: 0.4485467392101143
Punto[1.        0.5202285 0.4448225] -> F: 0.4616459424882053
Punto[1.         0.52052362 0.44450969] -> F: 0.4613800023153463
Punto[1.         0.52081873 0.44419689] -> F: 0.4611142236162545
Punto[1.         0.52111384 0.44388408] -> F: 0.46084860639092984
Punto[1.         0.52140895 0.44357128] -> F: 0.46058315063937255
Punto[1.         0.52170407 0.44325847] -> F: 0.46031785636158246
Punto[1.         0.52199918 0.44294567] -> F: 0.46005272355755955
Punto[1.         0.52229429 0.44263287] -> F: 0.45978775222730395
Punto[1.         0.5225894  0.44232006] -> F: 0.4595229423708155
Punto[1.         0.52288452 0.44200726] -> F: 0.4592582939880944
Punto[1.         0.52317963 0.44169445] -> F: 0.4589938070791404
Punto[1.         0.52347474 0.44138165] -> F: 0.45872948164395366
Punto[1.         0.52376985 0.44106884] -> F: 0.4584653176825342
Punto[1.         0.52406497 0.44075604] -> F: 0.458201315194882
Punto[1.         0.52436008 0.44044324] -> F: 0.457937474180997
Punto[1.         0.52465519 0.44013043] -> F: 0.45767379464087926
Punto[1.         0.5249503  0.43981763] -> F: 0.45741027657452865
Punto[1.         0.52524541 0.43950482] -> F: 0.45714691998194545
Punto[1.         0.52554053 0.43919202] -> F: 0.4568837248631293
Punto[1.         0.52583564 0.43887921] -> F: 0.4566206912180805
Punto[1.         0.52613075 0.43856641] -> F: 0.4563578190467989
Punto[1.         0.52642586 0.4382536 ] -> F: 0.4560951083492845
Punto[1.         0.52672098 0.4379408 ] -> F: 0.45583255912553733
Punto[1.         0.52701609 0.437628  ] -> F: 0.45557017137555744
Punto[1.         0.5273112  0.43731519] -> F: 0.45530794509934475
Punto[1.         0.52760631 0.43700239] -> F: 0.4550458802968994
Punto[1.         0.52790143 0.43668958] -> F: 0.45478397696822115
Punto[1.         0.52819654 0.43637678] -> F: 0.45452223511331025
Punto[1.         0.52849165 0.43606397] -> F: 0.4542606547321665
Punto[1.         0.52878676 0.43575117] -> F: 0.45399923582479
Punto[1.         0.52908188 0.43543837] -> F: 0.4537379783911807
Punto[1.         0.52937699 0.43512556] -> F: 0.45347688243133866
Punto[1.         0.5296721  0.43481276] -> F: 0.4532159479452638
Punto[1.         0.52996721 0.43449995] -> F: 0.45295517493295634
Punto[1.         0.53026233 0.43418715] -> F: 0.452694563394416
Punto[1.         0.53055744 0.43387434] -> F: 0.4524341133296429
Punto[1.         0.53085255 0.43356154] -> F: 0.452173824738637
Punto[1.         0.53114766 0.43324873] -> F: 0.4519136976213983
Punto[1.         0.53144278 0.43293593] -> F: 0.451653731977927
Punto[1.         0.53173789 0.43262313] -> F: 0.4513939278082228
Punto[1.         0.532033   0.43231032] -> F: 0.4511342851122859
Punto[1.         0.53232811 0.43199752] -> F: 0.4508748038901161
Punto[1.         0.53262323 0.43168471] -> F: 0.45061548414171365
Punto[1.         0.53291834 0.43137191] -> F: 0.45035632586707847
Punto[1.         0.53321345 0.4310591 ] -> F: 0.45009732906621047
Punto[1.         0.53350856 0.4307463 ] -> F: 0.4498384937391097
Punto[1.         0.53380368 0.4304335 ] -> F: 0.4495798198857761
Punto[1.         0.53409879 0.43012069] -> F: 0.44932130750620985
Punto[1.         0.5343939  0.42980789] -> F: 0.44906295660041085
Punto[1.         0.53468901 0.42949508] -> F: 0.4488047671683789
{
  "seed": 12981,
  "n_per_z": 10,
  "nz": 100,
  "nd": 100,
  "n_muestras": 50,
  "best_f": 0.46191747646199893,
  "best_cp": [
    1.0,
    0.5199273687154491,
    0.4451416845067726
  ],
  "best_u": [
    0.48175367410171543,
    0.5795120051753838,
    -0.6573273410920194
  ],
  "best_index": 1,
  "n_candidatos": 54
}
