Punto[0.         0.4845488  0.43103609] -> F: 0.1665363576923597
Punto[1.         0.53572503 0.49677023] -> F: 0.4199308397023542
Punto[2.         0.51280971 0.58541357] -> F: 0.10965870351350099
Punto[1.         0.49867925 0.50822483] -> F: 0.4072674498604044
Punto[1.         0.53498411 0.49699932] -> F: 0.4204448129884665
Punto[1.         0.53425801 0.49722383] -> F: 0.4209491163444674
Punto[1.         0.53353192 0.49744834] -> F: 0.42145402307915386
Punto[1.         0.53280582 0.49767285] -> F: 0.42195953319252605
Punto[1.         0.53207972 0.49789736] -> F: 0.4222104837325814
Punto[1.         0.53135362 0.49812187] -> F: 0.42190751455243986
Punto[1.         0.53062753 0.49834638] -> F: 0.4216018022345272
Punto[1.         0.52990143 0.49857089] -> F: 0.4212962706989232
Punto[1.         0.52917533 0.49879541] -> F: 0.42099091994562843
Punto[1.         0.52844924 0.49901992] -> F: 0.4206857499746427
Punto[1.         0.52772314 0.49924443] -> F: 0.4203807607859659
Punto[1.         0.52699704 0.49946894] -> F: 0.420075952379598
Punto[1.         0.52627094 0.49969345] -> F: 0.4197713247555392
Punto[1.         0.52554485 0.49991796] -> F: 0.41946279060286823
Punto[1.         0.52481875 0.50014247] -> F: 0.4191482755887588
Punto[1.         0.52409265 0.50036698] -> F: 0.4188339537480392
Punto[1.         0.52336656 0.50059149] -> F: 0.4185198250807097
Punto[1.         0.52264046 0.500816  ] -> F: 0.4182058895867701
Punto[1.         0.52191436 0.50104051] -> F: 0.41789214726622026
Punto[1.         0.52118826 0.50126502] -> F: 0.41757859811906056
Punto[1.         0.52046217 0.50148953] -> F: 0.4172652421452907
Punto[1.         0.51973607 0.50171404] -> F: 0.4169509653316836
Punto[1.         0.51900997 0.50193855] -> F: 0.4166276581416536
Punto[1.         0.51828388 0.50216306] -> F: 0.4163045571021311
Punto[1.         0.51755778 0.50238757] -> F: 0.4159816622131159
Punto[1.         0.51683168 0.50261208] -> F: 0.415658973474608
Punto[1.         0.51610558 0.50283659] -> F: 0.4153364908866075
Punto[1.         0.51537949 0.5030611 ] -> F: 0.4150142144491143
Punto[1.         0.51465339 0.50328561] -> F: 0.41469214416212846
Punto[1.         0.51392729 0.50351012] -> F: 0.41437028002564996
Punto[1.         0.5132012  0.50373463] -> F: 0.4140400046167612
Punto[1.         0.5124751  0.50395914] -> F: 0.41370811467333235
Punto[1.         0.511749   0.50418365] -> F: 0.4133764444980549
Punto[1.         0.5110229  0.50440816] -> F: 0.41304499409092854
Punto[1.         0.51029681 0.50463267] -> F: 0.4127137634519535
Punto[1.         0.50957071 0.50485718] -> F: 0.4123827525811298
Punto[1.         0.50884461 0.50508169] -> F: 0.4120519614784573
Punto[1.         0.50811852 0.5053062 ] -> F: 0.41172139014393605
Punto[1.         0.50739242 0.50553071] -> F: 0.41138539657036866
Punto[1.         0.50666632 0.50575522] -> F: 0.4110446862424085
Punto[1.         0.50594022 0.50597973] -> F: 0.41070421000279067
Punto[1.         0.50521413 0.50620424] -> F: 0.4103639678515152
Punto[1.         0.50448803 0.50642875] -> F: 0.4100239597885822
Punto[1.         0.50376193 0.50665326] -> F: 0.4096841858139916
Punto[1.         0.50303583 0.50687777] -> F: 0.4093446459277433
Punto[1.         0.50230974 0.50710228] -> F: 0.40900519821245773
Punto[1.         0.50158364 0.50732679] -> F: 0.4086575335339655
Punto[1.         0.50085754 0.5075513 ] -> F: 0.4083099263595141
Punto[1.         0.50013145 0.50777581] -> F: 0.40796237668910335
Punto[1.         0.49940535 0.50800032] -> F: 0.4076148845227334
{
  "seed": 14084,
  "n_per_z": 10,
  "nz": 100,
  "nd": 100,
  "n_muestras": 50,
  "best_f": 0.4222104837325814,
  "best_cp": [
    1.0,
    0.5320797220647681,
    0.49789736450127775
  ],
  "best_u": [
    0.5620833778521307,
    -0.7247762321713133,
    -0.3984491054349268
  ],
  "best_index": 8,
  "n_candidatos": 54
}
