Punto[0.         0.51827394 0.53823902] -> F: 0.11430372088527395
Punto[1.         0.48855981 0.48785746] -> F: 0.44968939659412355
Punto[2.         0.49840387 0.45431182] -> F: 0.14161952582413095
Punto[1.         0.50833891 0.49627542] -> F: 0.43500775357046534
Punto[1.         0.48895539 0.48802582] -> F: 0.4496752399654145
Punto[1.         0.48934306 0.48819081] -> F: 0.44934257468079786
Punto[1.         0.48973073 0.4883558 ] -> F: 0.44901203844134757
Punto[1.         0.4901184  0.48852079] -> F: 0.4486842173440622
Punto[1.         0.49050607 0.48868579] -> F: 0.44835911138894147
Punto[1.         0.49089374 0.48885078] -> F: 0.44803672057598576
Punto[1.         0.49128141 0.48901577] -> F: 0.44771704490519465
Punto[1.         0.49166908 0.48918076] -> F: 0.44740008437656836
Punto[1.         0.49205675 0.48934575] -> F: 0.44708583899010684
Punto[1.         0.49244442 0.48951075] -> F: 0.4467743087458102
Punto[1.         0.49283209 0.48967574] -> F: 0.4464654936436782
Punto[1.         0.49321976 0.48984073] -> F: 0.44615939368371105
Punto[1.         0.49360743 0.49000572] -> F: 0.4458560088659087
Punto[1.         0.4939951  0.49017071] -> F: 0.44555533919027124
Punto[1.         0.49438277 0.49033571] -> F: 0.4452573846567984
Punto[1.         0.49477044 0.4905007 ] -> F: 0.4449243628904546
Punto[1.         0.49515812 0.49066569] -> F: 0.44458347040428486
Punto[1.         0.49554579 0.49083068] -> F: 0.4442426013602833
Punto[1.         0.49593346 0.49099567] -> F: 0.4439030696586271
Punto[1.         0.49632113 0.49116067] -> F: 0.4435703835716109
Punto[1.         0.4967088  0.49132566] -> F: 0.4432451539526407
Punto[1.         0.49709647 0.49149065] -> F: 0.44292738080171595
Punto[1.         0.49748414 0.49165564] -> F: 0.44261706411883733
Punto[1.         0.49787181 0.49182063] -> F: 0.44231420390400455
Punto[1.         0.49825948 0.49198563] -> F: 0.4420188001572173
Punto[1.         0.49864715 0.49215062] -> F: 0.44173085287847597
Punto[1.         0.49903482 0.49231561] -> F: 0.4414503620677804
Punto[1.         0.49942249 0.4924806 ] -> F: 0.4411773277251307
Punto[1.         0.49981016 0.4926456 ] -> F: 0.44091174985052667
Punto[1.         0.50019783 0.49281059] -> F: 0.44065362844396866
Punto[1.         0.5005855  0.49297558] -> F: 0.44040296350545627
Punto[1.         0.50097317 0.49314057] -> F: 0.4401570555212288
Punto[1.         0.50136084 0.49330556] -> F: 0.4399111348664708
Punto[1.         0.50174851 0.49347056] -> F: 0.4396651108298625
Punto[1.         0.50213618 0.49363555] -> F: 0.4394189834114036
Punto[1.         0.50252385 0.49380054] -> F: 0.43917275261109445
Punto[1.         0.50291152 0.49396553] -> F: 0.4388903077276962
Punto[1.         0.50329919 0.49413052] -> F: 0.43860198584399074
Punto[1.         0.50368686 0.49429552] -> F: 0.43831535574286373
Punto[1.         0.50407453 0.49446051] -> F: 0.4380304174243152
Punto[1.        0.5044622 0.4946255] -> F: 0.4377471708883455
Punto[1.         0.50484987 0.49479049] -> F: 0.43746561613495416
Punto[1.         0.50523754 0.49495548] -> F: 0.43718575316414116
Punto[1.         0.50562521 0.49512048] -> F: 0.4369075819759069
Punto[1.         0.50601288 0.49528547] -> F: 0.43663110257025106
Punto[1.         0.50640055 0.49545046] -> F: 0.43635631494717386
Punto[1.         0.50678822 0.49561545] -> F: 0.4360832191066752
Punto[1.         0.5071759  0.49578044] -> F: 0.4358118150487548
Punto[1.         0.50756357 0.49594544] -> F: 0.4355421027734131
Punto[1.         0.50795124 0.49611043] -> F: 0.43527408228064995
{
  "seed": 14220,
  "n_per_z": 10,
  "nz": 100,
  "nd": 100,
  "n_muestras": 50,
  "best_f": 0.44968939659412355,
  "best_cp": [
    1.0,
    0.48855980784905273,
    0.487857458621904
  ],
  "best_u": [
    -0.3387379202452915,
    -0.743441655637075,
    -0.5766724599384813
  ],
  "best_index": 1,
  "n_candidatos": 54
}
