Punto[0.         0.39979843 0.45096778] -> F: 0.09612396679116617
Punto[1.         0.49619858 0.43862918] -> F: 0.3412439933464825
Punto[2.         0.39665414 0.27577097] -> F: 0.13286980058714348
Punto[1.         0.39822629 0.36336938] -> F: 0.3646844848491079
Punto[1.         0.49423914 0.43712399] -> F: 0.34405767218615735
Punto[1.         0.49231888 0.43564889] -> F: 0.34645966165340714
Punto[1.         0.49039862 0.4341738 ] -> F: 0.3490374788769419
Punto[1.         0.48847837 0.43269871] -> F: 0.35179112385676153
Punto[1.         0.48655811 0.43122362] -> F: 0.3542633563885235
Punto[1.         0.48463785 0.42974852] -> F: 0.3568502380170975
Punto[1.         0.4827176  0.42827343] -> F: 0.35956431789149274
Punto[1.         0.48079734 0.42679834] -> F: 0.3624055960117091
Punto[1.         0.47887708 0.42532325] -> F: 0.3652388839704617
Punto[1.         0.47695682 0.42384816] -> F: 0.3681068359581512
Punto[1.         0.47503657 0.42237306] -> F: 0.37110565936895407
Punto[1.         0.47311631 0.42089797] -> F: 0.3742353542028706
Punto[1.         0.47119605 0.41942288] -> F: 0.37749592045990077
Punto[1.         0.4692758  0.41794779] -> F: 0.3808873581400446
Punto[1.         0.46735554 0.4164727 ] -> F: 0.38346621090951394
Punto[1.         0.46543528 0.4149976 ] -> F: 0.38597590788837666
Punto[1.         0.46351503 0.41352251] -> F: 0.38866143262352437
Punto[1.         0.46159477 0.41204742] -> F: 0.3915227851149569
Punto[1.         0.45967451 0.41057233] -> F: 0.3942888157127832
Punto[1.         0.45775425 0.40909723] -> F: 0.39695066550207053
Punto[1.         0.455834   0.40762214] -> F: 0.3997397135371789
Punto[1.         0.45391374 0.40614705] -> F: 0.4026559598181086
Punto[1.         0.45199348 0.40467196] -> F: 0.40569940434485974
Punto[1.         0.45007323 0.40319687] -> F: 0.408778428244884
Punto[1.         0.44815297 0.40172177] -> F: 0.41183220720560576
Punto[1.         0.44623271 0.40024668] -> F: 0.4150168575894413
Punto[1.         0.44431246 0.39877159] -> F: 0.41652311468422626
Punto[1.        0.4423922 0.3972965] -> F: 0.4151185920517846
Punto[1.         0.44047194 0.3958214 ] -> F: 0.41371744249050185
Punto[1.         0.43855168 0.39434631] -> F: 0.4123196660003783
Punto[1.         0.43663143 0.39287122] -> F: 0.4109252625814139
Punto[1.         0.43471117 0.39139613] -> F: 0.40953423223360846
Punto[1.         0.43279091 0.38992104] -> F: 0.40814657495696216
Punto[1.         0.43087066 0.38844594] -> F: 0.4067151753305956
Punto[1.         0.4289504  0.38697085] -> F: 0.40422142293549596
Punto[1.         0.42703014 0.38549576] -> F: 0.4017345218861434
Punto[1.         0.42510989 0.38402067] -> F: 0.3992589159883279
Punto[1.         0.42318963 0.38254558] -> F: 0.39679460524204974
Punto[1.         0.42126937 0.38107048] -> F: 0.39434158964730853
Punto[1.         0.41934911 0.37959539] -> F: 0.3918926949234395
Punto[1.         0.41742886 0.3781203 ] -> F: 0.38943674963427616
Punto[1.         0.4155086  0.37664521] -> F: 0.3869922035290767
Punto[1.         0.41358834 0.37517011] -> F: 0.3845590566078413
Punto[1.         0.41166809 0.37369502] -> F: 0.3821373088705698
Punto[1.         0.40974783 0.37221993] -> F: 0.37972696031726205
Punto[1.         0.40782757 0.37074484] -> F: 0.3773124895291435
Punto[1.         0.40590732 0.36926975] -> F: 0.3747751654675648
Punto[1.         0.40398706 0.36779465] -> F: 0.37223539653700477
Punto[1.         0.4020668  0.36631956] -> F: 0.36970702679040857
Punto[1.         0.40014654 0.36484447] -> F: 0.3671900562277762
Best centerpoint:  [1.         0.44431246 0.39877159] Best F:  0.41652311468422626 Best u:  [-0.66131187 -0.23179707 -0.71339802] índice:  27
{
  "seed": 13779,
  "n_per_z": 5,
  "nz": 100,
  "nd": 100,
  "n_muestras": 50,
  "best_f": 0.41652311468422626,
  "best_cp": [
    1.0,
    0.4443124558283529,
    0.3987715892916489
  ],
  "best_u": [
    -0.6613118653236519,
    -0.2317970681845815,
    -0.7133980207171762
  ],
  "n_candidatos": 54
}
