Punto[0.         0.58161244 0.72534024] -> F: 0.09559575110839884
Punto[1.         0.58909336 0.50599248] -> F: 0.35958488563027385
Punto[2.         0.42854024 0.4026329 ] -> F: 0.08906483415046759
Punto[1.         0.50507634 0.56398657] -> F: 0.3673965798770157
Punto[1.         0.58741302 0.50715236] -> F: 0.36330480876847115
Punto[1.         0.58576628 0.50828905] -> F: 0.36694006837257653
Punto[1.         0.58411955 0.50942573] -> F: 0.37059279820530966
Punto[1.         0.58247281 0.51056241] -> F: 0.3742704772626635
Punto[1.         0.58082608 0.5116991 ] -> F: 0.3779731055446378
Punto[1.         0.57917935 0.51283578] -> F: 0.38170068305123267
Punto[1.         0.57753261 0.51397247] -> F: 0.3854040922964166
Punto[1.         0.57588588 0.51510915] -> F: 0.3890159305449496
Punto[1.         0.57423915 0.51624583] -> F: 0.3926285952478767
Punto[1.         0.57259241 0.51738252] -> F: 0.39626370711739345
Punto[1.         0.57094568 0.5185192 ] -> F: 0.39992126615349965
Punto[1.         0.56929895 0.51965589] -> F: 0.40360127235619536
Punto[1.         0.56765221 0.52079257] -> F: 0.40730372572548096
Punto[1.         0.56600548 0.52192926] -> F: 0.41102862626135594
Punto[1.         0.56435875 0.52306594] -> F: 0.4147759739638206
Punto[1.         0.56271201 0.52420262] -> F: 0.41854576883287475
Punto[1.         0.56106528 0.52533931] -> F: 0.4223380108685185
Punto[1.         0.55941854 0.52647599] -> F: 0.42615270007075196
Punto[1.         0.55777181 0.52761268] -> F: 0.4299898364395748
Punto[1.         0.55612508 0.52874936] -> F: 0.43384941997498716
Punto[1.         0.55447834 0.52988605] -> F: 0.4351332538290393
Punto[1.         0.55283161 0.53102273] -> F: 0.43466359399353716
Punto[1.         0.55118488 0.53215941] -> F: 0.4341019913801438
Punto[1.         0.54953814 0.5332961 ] -> F: 0.4335409635415242
Punto[1.         0.54789141 0.53443278] -> F: 0.43291638020911216
Punto[1.         0.54624468 0.53556947] -> F: 0.43226317980830525
Punto[1.         0.54459794 0.53670615] -> F: 0.4311497098046943
Punto[1.         0.54295121 0.53784284] -> F: 0.42936527302732896
Punto[1.         0.54130447 0.53897952] -> F: 0.42758467794648053
Punto[1.         0.53965774 0.5401162 ] -> F: 0.42580792456214894
Punto[1.         0.53801101 0.54125289] -> F: 0.4240350128743341
Punto[1.         0.53636427 0.54238957] -> F: 0.42226350750218583
Punto[1.         0.53471754 0.54352626] -> F: 0.420482413880962
Punto[1.         0.53307081 0.54466294] -> F: 0.4187052314226177
Punto[1.         0.53142407 0.54579962] -> F: 0.4169319601271522
Punto[1.         0.52977734 0.54693631] -> F: 0.41516259999456623
Punto[1.         0.52813061 0.54807299] -> F: 0.41339715102485936
Punto[1.         0.52648387 0.54920968] -> F: 0.41107597321936096
Punto[1.         0.52483714 0.55034636] -> F: 0.4079339653110619
Punto[1.         0.52319041 0.55148305] -> F: 0.4048489630801311
Punto[1.         0.52154367 0.55261973] -> F: 0.40166022401540974
Punto[1.         0.51989694 0.55375641] -> F: 0.39839674490990723
Punto[1.        0.5182502 0.5548931] -> F: 0.39493788783900613
Punto[1.         0.51660347 0.55602978] -> F: 0.39126777507242144
Punto[1.         0.51495674 0.55716647] -> F: 0.38838790567699516
Punto[1.         0.51331    0.55830315] -> F: 0.38482951330026394
Punto[1.         0.51166327 0.55943984] -> F: 0.38123377156050514
Punto[1.         0.51001654 0.56057652] -> F: 0.3777490616087651
Punto[1.        0.5083698 0.5617132] -> F: 0.37437538344504473
Punto[1.         0.50672307 0.56284989] -> F: 0.37095316930993555
Best centerpoint:  [1.         0.55447834 0.52988605] Best F:  0.4351332538290393 Best u:  [0.33873792 0.40060755 0.85133437] índice:  21
{
  "seed": 12253,
  "n_per_z": 5,
  "nz": 100,
  "nd": 100,
  "n_muestras": 50,
  "best_f": 0.4351332538290393,
  "best_cp": [
    1.0,
    0.5544783435470032,
    0.5298860456305168
  ],
  "best_u": [
    0.3387379202452915,
    0.40060754725253095,
    0.8513343728948138
  ],
  "n_candidatos": 54
}
