Punto[0.         0.60900938 0.59352262] -> F: 0.11071842187266935
Punto[1.         0.55611279 0.47115181] -> F: 0.3152639643442458
Punto[2.         0.58102686 0.66003885] -> F: 0.12691403129510684
Punto[1.         0.59501812 0.62678073] -> F: 0.3739098963380791
Punto[1.         0.5568909  0.47426439] -> F: 0.32059289847456635
Punto[1.         0.55765344 0.47731472] -> F: 0.3258705037543673
Punto[1.         0.55841599 0.48036505] -> F: 0.3311994367416073
Punto[1.         0.55917853 0.48341537] -> F: 0.33643335386386514
Punto[1.         0.55994108 0.4864657 ] -> F: 0.3414968254281039
Punto[1.         0.56070362 0.48951603] -> F: 0.34662907340623933
Punto[1.         0.56146617 0.49256635] -> F: 0.35183009779827146
Punto[1.         0.56222871 0.49561668] -> F: 0.3570998986042005
Punto[1.         0.56299126 0.49866701] -> F: 0.36243847582402605
Punto[1.         0.5637538  0.50171733] -> F: 0.367831215509187
Punto[1.         0.56451634 0.50476766] -> F: 0.37325691984532267
Punto[1.         0.56527889 0.50781799] -> F: 0.3785715993034772
Punto[1.         0.56604143 0.51086831] -> F: 0.38388363326660635
Punto[1.         0.56680398 0.51391864] -> F: 0.3891904174566961
Punto[1.         0.56756652 0.51696897] -> F: 0.3943987837643488
Punto[1.         0.56832907 0.52001929] -> F: 0.39963467380118106
Punto[1.         0.56909161 0.52306962] -> F: 0.40477668712016196
Punto[1.         0.56985415 0.52611995] -> F: 0.4099104289019698
Punto[1.         0.5706167  0.52917027] -> F: 0.4149912493965402
Punto[1.         0.57137924 0.5322206 ] -> F: 0.42002932547658917
Punto[1.         0.57214179 0.53527093] -> F: 0.4250372220901086
Punto[1.         0.57290433 0.53832126] -> F: 0.42998510219424263
Punto[1.         0.57366688 0.54137158] -> F: 0.4307712653884347
Punto[1.         0.57442942 0.54442191] -> F: 0.42884844618110535
Punto[1.         0.57519197 0.54747224] -> F: 0.4269319351298453
Punto[1.         0.57595451 0.55052256] -> F: 0.42502173223465406
Punto[1.         0.57671705 0.55357289] -> F: 0.423117837495532
Punto[1.         0.5774796  0.55662322] -> F: 0.421220250912479
Punto[1.         0.57824214 0.55967354] -> F: 0.41930077177458674
Punto[1.         0.57900469 0.56272387] -> F: 0.4173835954209981
Punto[1.         0.57976723 0.5657742 ] -> F: 0.41547294565114856
Punto[1.         0.58052978 0.56882452] -> F: 0.4135688224650379
Punto[1.         0.58129232 0.57187485] -> F: 0.41167122586266636
Punto[1.         0.58205487 0.57492518] -> F: 0.4097584492991335
Punto[1.         0.58281741 0.5779755 ] -> F: 0.40784137693652944
Punto[1.         0.58357995 0.58102583] -> F: 0.4059310593550829
Punto[1.         0.5843425  0.58407616] -> F: 0.40402749655479353
Punto[1.         0.58510504 0.58712648] -> F: 0.40213068853566186
Punto[1.         0.58586759 0.59017681] -> F: 0.4002211609156253
Punto[1.         0.58663013 0.59322714] -> F: 0.3983050914948359
Punto[1.         0.58739268 0.59627746] -> F: 0.39639766162612555
Punto[1.         0.58815522 0.59932779] -> F: 0.39449927417318265
Punto[1.         0.58891776 0.60237812] -> F: 0.392609929136007
Punto[1.         0.58968031 0.60542845] -> F: 0.39072962651459847
Punto[1.         0.59044285 0.60847877] -> F: 0.3888583663089575
Punto[1.        0.5912054 0.6115291] -> F: 0.3869937601414569
Punto[1.         0.59196794 0.61457943] -> F: 0.38475175573427506
Punto[1.         0.59273049 0.61762975] -> F: 0.38162627342314037
Punto[1.         0.59349303 0.62068008] -> F: 0.37873465249909255
Punto[1.         0.59425558 0.62373041] -> F: 0.3762298688077822
{
  "seed": 17129,
  "n_per_z": 10,
  "nz": 100,
  "nd": 100,
  "n_muestras": 50,
  "best_f": 0.4307712653884347,
  "best_cp": [
    1.0,
    0.5736668766345143,
    0.5413715821870447
  ],
  "best_u": [
    -0.5090414157503713,
    0.5275548597262778,
    0.680119626999578
  ],
  "best_index": 26,
  "n_candidatos": 54
}
