Punto[0.         0.48703882 0.46884543] -> F: 0.11307976481507401
Punto[1.         0.46640669 0.46349112] -> F: 0.3388406882344722
Punto[2.         0.24788408 0.34233261] -> F: 0.06710638073840591
Punto[1.         0.36746145 0.40558902] -> F: 0.28401748319070336
Punto[1.         0.46442779 0.46233308] -> F: 0.3447904063873593
Punto[1.         0.46248846 0.4611982 ] -> F: 0.35044923790939336
Punto[1.         0.46054914 0.46006331] -> F: 0.35456760677846955
Punto[1.         0.45860981 0.45892843] -> F: 0.3587779905088469
Punto[1.         0.45667048 0.45779355] -> F: 0.3630803891005258
Punto[1.         0.45473116 0.45665867] -> F: 0.3674748025535059
Punto[1.         0.45279183 0.45552379] -> F: 0.37196123086778743
Punto[1.         0.4508525  0.45438891] -> F: 0.3764729926573939
Punto[1.         0.44891318 0.45325403] -> F: 0.38102551580300703
Punto[1.         0.44697385 0.45211915] -> F: 0.38572828496858275
Punto[1.         0.44503452 0.45098427] -> F: 0.39058130015412146
Punto[1.         0.44309519 0.44984938] -> F: 0.39558456135962294
Punto[1.         0.44115587 0.4487145 ] -> F: 0.39625386245381866
Punto[1.         0.43921654 0.44757962] -> F: 0.3932164715192631
Punto[1.         0.43727721 0.44644474] -> F: 0.390187452231926
Punto[1.         0.43533789 0.44530986] -> F: 0.38716680459180747
Punto[1.         0.43339856 0.44417498] -> F: 0.38415452859890786
Punto[1.         0.43145923 0.4430401 ] -> F: 0.3811489707816625
Punto[1.         0.42951991 0.44190522] -> F: 0.3780895073607365
Punto[1.         0.42758058 0.44077033] -> F: 0.3750479939025485
Punto[1.         0.42564125 0.43963545] -> F: 0.37202452041850836
Punto[1.         0.42370193 0.43850057] -> F: 0.3690190869086159
Punto[1.         0.4217626  0.43736569] -> F: 0.36603169337287106
Punto[1.         0.41982327 0.43623081] -> F: 0.363062339811274
Punto[1.         0.41788395 0.43509593] -> F: 0.3601110262238247
Punto[1.         0.41594462 0.43396105] -> F: 0.3571777526105228
Punto[1.         0.41400529 0.43282617] -> F: 0.35426251897136884
Punto[1.         0.41206597 0.43169129] -> F: 0.3513653253063624
Punto[1.         0.41012664 0.4305564 ] -> F: 0.3484861716155037
Punto[1.         0.40818731 0.42942152] -> F: 0.34562505789879266
Punto[1.         0.40624799 0.42828664] -> F: 0.34278198415622935
Punto[1.         0.40430866 0.42715176] -> F: 0.33995695038781376
Punto[1.         0.40236933 0.42601688] -> F: 0.33714995659354574
Punto[1.         0.40043001 0.424882  ] -> F: 0.33436100277342556
Punto[1.         0.39849068 0.42374712] -> F: 0.33159008892745284
Punto[1.         0.39655135 0.42261224] -> F: 0.328823197004026
Punto[1.         0.39461202 0.42147736] -> F: 0.3260698352673356
Punto[1.         0.3926727  0.42034247] -> F: 0.32332691425413074
Punto[1.         0.39073337 0.41920759] -> F: 0.3205943897248198
Punto[1.         0.38879404 0.41807271] -> F: 0.3178084973386291
Punto[1.         0.38685472 0.41693783] -> F: 0.31473772306041436
Punto[1.         0.38491539 0.41580295] -> F: 0.3117029385725908
Punto[1.         0.38297606 0.41466807] -> F: 0.3087041438751582
Punto[1.         0.38103674 0.41353319] -> F: 0.30574133896811695
Punto[1.         0.37909741 0.41239831] -> F: 0.3028145238514666
Punto[1.         0.37715808 0.41126342] -> F: 0.29992369852520745
Punto[1.         0.37521876 0.41012854] -> F: 0.2969618365487344
Punto[1.         0.37327943 0.40899366] -> F: 0.2936694501519858
Punto[1.         0.3713401  0.40785878] -> F: 0.29041459579339773
Punto[1.         0.36940078 0.4067239 ] -> F: 0.2871972734729702
Best centerpoint:  [1.         0.44115587 0.4487145 ] Best F:  0.39625386245381866 Best u:  [ 0.39714789 -0.72516842 -0.56249828] índice:  13
{
  "seed": 17304,
  "n_per_z": 5,
  "nz": 100,
  "nd": 100,
  "n_muestras": 50,
  "best_f": 0.39625386245381866,
  "best_cp": [
    1.0,
    0.4411558680732626,
    0.4487145029817825
  ],
  "best_u": [
    0.3971478906347807,
    -0.7251684176151731,
    -0.5624982836043592
  ],
  "n_candidatos": 54
}
