Punto[0.         0.55917424 0.35283672] -> F: 0.1338592245846543
Punto[1.         0.53843878 0.44425457] -> F: 0.4339473950665585
Punto[2.         0.4812497  0.54775131] -> F: 0.15277099660947757
Punto[1.         0.52021197 0.45029402] -> F: 0.43808166038879576
Punto[1.         0.53807425 0.44437536] -> F: 0.4344581022154769
Punto[1.         0.537717   0.44449373] -> F: 0.43496480248639074
Punto[1.         0.53735976 0.4446121 ] -> F: 0.4354776473226323
Punto[1.         0.53700251 0.44473048] -> F: 0.43599663672420097
Punto[1.         0.53664527 0.44484885] -> F: 0.4365217706910975
Punto[1.         0.53628802 0.44496722] -> F: 0.4370530492233214
Punto[1.         0.53593077 0.4450856 ] -> F: 0.43759047232087284
Punto[1.         0.53557353 0.44520397] -> F: 0.4381340399837519
Punto[1.         0.53521628 0.44532234] -> F: 0.4386837522119582
Punto[1.         0.53485904 0.44544072] -> F: 0.4392396090054924
Punto[1.         0.53450179 0.44555909] -> F: 0.439801610364354
Punto[1.         0.53414455 0.44567746] -> F: 0.440369756288543
Punto[1.         0.5337873  0.44579584] -> F: 0.44094404677805976
Punto[1.         0.53343006 0.44591421] -> F: 0.44152448183290377
Punto[1.         0.53307281 0.44603258] -> F: 0.4421110614530755
Punto[1.         0.53271556 0.44615096] -> F: 0.4427037856385748
Punto[1.         0.53235832 0.44626933] -> F: 0.4433026104803222
Punto[1.         0.53200107 0.4463877 ] -> F: 0.4439047414946961
Punto[1.         0.53164383 0.44650608] -> F: 0.4445085106391069
Punto[1.         0.53128658 0.44662445] -> F: 0.4451139179135545
Punto[1.         0.53092934 0.44674282] -> F: 0.4457209633180392
Punto[1.         0.53057209 0.4468612 ] -> F: 0.4463296468525607
Punto[1.         0.53021485 0.44697957] -> F: 0.44693996851711926
Punto[1.         0.5298576  0.44709794] -> F: 0.44755192831171475
Punto[1.         0.52950036 0.44721632] -> F: 0.4474452047934863
Punto[1.         0.52914311 0.44733469] -> F: 0.44702356198552223
Punto[1.         0.52878586 0.44745306] -> F: 0.4466018722249174
Punto[1.         0.52842862 0.44757143] -> F: 0.4461801355116717
Punto[1.         0.52807137 0.44768981] -> F: 0.44575835184578505
Punto[1.         0.52771413 0.44780818] -> F: 0.4453365212272574
Punto[1.         0.52735688 0.44792655] -> F: 0.4449146436560891
Punto[1.         0.52699964 0.44804493] -> F: 0.44449271976615023
Punto[1.         0.52664239 0.4481633 ] -> F: 0.4440753897467164
Punto[1.         0.52628515 0.44828167] -> F: 0.443667081245474
Punto[1.         0.5259279  0.44840005] -> F: 0.4432677942624232
Punto[1.         0.52557065 0.44851842] -> F: 0.44287752879756387
Punto[1.         0.52521341 0.44863679] -> F: 0.442496284850896
Punto[1.         0.52485616 0.44875517] -> F: 0.44212406242241964
Punto[1.         0.52449892 0.44887354] -> F: 0.44176086151213495
Punto[1.         0.52414167 0.44899191] -> F: 0.4414066821200416
Punto[1.         0.52378443 0.44911029] -> F: 0.4410615242461398
Punto[1.         0.52342718 0.44922866] -> F: 0.4407253878904296
Punto[1.         0.52306994 0.44934703] -> F: 0.4403982730529109
Punto[1.         0.52271269 0.44946541] -> F: 0.4400801797335838
Punto[1.         0.52235545 0.44958378] -> F: 0.43977110793244806
Punto[1.         0.5219982  0.44970215] -> F: 0.4394710576495039
Punto[1.         0.52164095 0.44982053] -> F: 0.43918002888475116
Punto[1.         0.52128371 0.4499389 ] -> F: 0.43889802163819014
Punto[1.         0.52092646 0.45005727] -> F: 0.4386245873592662
Punto[1.         0.52056922 0.45017565] -> F: 0.4383531859492789
{
  "seed": 11261,
  "n_per_z": 10,
  "nz": 100,
  "nd": 100,
  "n_muestras": 50,
  "best_f": 0.44755192831171475,
  "best_cp": [
    1.0,
    0.5298576006374223,
    0.44709794195278385
  ],
  "best_u": [
    -0.12533323356430448,
    0.8026376537326374,
    -0.5831503900152021
  ],
  "best_index": 27,
  "n_candidatos": 54
}
