Punto[0.         0.44771852 0.5621849 ] -> F: 0.1480097038678977
Punto[1.         0.42504419 0.53037421] -> F: 0.44808893526382965
Punto[2.         0.37278487 0.44383454] -> F: 0.1248996786272699
Punto[1.         0.4102517  0.50300972] -> F: 0.44634850707442203
Punto[1.         0.42474834 0.52982692] -> F: 0.4486406507635849
Punto[1.         0.42445841 0.52929058] -> F: 0.44918167038170476
Punto[1.         0.42416848 0.52875423] -> F: 0.44972302500971584
Punto[1.         0.42387854 0.52821789] -> F: 0.45026471464761875
Punto[1.         0.42358861 0.52768155] -> F: 0.45080673929541276
Punto[1.         0.42329868 0.5271452 ] -> F: 0.45134909895309827
Punto[1.         0.42300875 0.52660886] -> F: 0.45189179362067516
Punto[1.         0.42271881 0.52607251] -> F: 0.4524348232981437
Punto[1.         0.42242888 0.52553617] -> F: 0.45297818798550354
Punto[1.         0.42213895 0.52499983] -> F: 0.45352188768275487
Punto[1.         0.42184901 0.52446348] -> F: 0.45406592238989746
Punto[1.         0.42155908 0.52392714] -> F: 0.45461029210693166
Punto[1.         0.42126915 0.52339079] -> F: 0.45515499683385713
Punto[1.         0.42097922 0.52285445] -> F: 0.455700036570674
Punto[1.         0.42068928 0.52231811] -> F: 0.4562454113173824
Punto[1.         0.42039935 0.52178176] -> F: 0.45677764395806425
Punto[1.         0.42010942 0.52124542] -> F: 0.45730080052838534
Punto[1.         0.41981948 0.52070907] -> F: 0.457238403878751
Punto[1.         0.41952955 0.52017273] -> F: 0.45690483540504834
Punto[1.         0.41923962 0.51963638] -> F: 0.4565714901563985
Punto[1.         0.41894968 0.51910004] -> F: 0.45623836813280133
Punto[1.         0.41865975 0.5185637 ] -> F: 0.455905469334257
Punto[1.         0.41836982 0.51802735] -> F: 0.4555727937607655
Punto[1.         0.41807989 0.51749101] -> F: 0.4552403414123267
Punto[1.         0.41778995 0.51695466] -> F: 0.4549081122889406
Punto[1.         0.41750002 0.51641832] -> F: 0.4545761063906073
Punto[1.         0.41721009 0.51588198] -> F: 0.45424432371732676
Punto[1.         0.41692015 0.51534563] -> F: 0.45391276426909893
Punto[1.         0.41663022 0.51480929] -> F: 0.453581428045924
Punto[1.         0.41634029 0.51427294] -> F: 0.4532503150478018
Punto[1.         0.41605036 0.5137366 ] -> F: 0.45291942527473217
Punto[1.         0.41576042 0.51320026] -> F: 0.4525887587267155
Punto[1.         0.41547049 0.51266391] -> F: 0.45225831540375155
Punto[1.         0.41518056 0.51212757] -> F: 0.4519280953058403
Punto[1.         0.41489062 0.51159122] -> F: 0.4515980984329818
Punto[1.         0.41460069 0.51105488] -> F: 0.4512683247851762
Punto[1.         0.41431076 0.51051854] -> F: 0.4509387743624233
Punto[1.         0.41402082 0.50998219] -> F: 0.45060944716472306
Punto[1.         0.41373089 0.50944585] -> F: 0.45028034319207555
Punto[1.         0.41344096 0.5089095 ] -> F: 0.44995146244448103
Punto[1.         0.41315103 0.50837316] -> F: 0.4496228049219391
Punto[1.         0.41286109 0.50783682] -> F: 0.44929437062444993
Punto[1.         0.41257116 0.50730047] -> F: 0.4489661595520136
Punto[1.         0.41228123 0.50676413] -> F: 0.44863817170462994
Punto[1.         0.41199129 0.50622778] -> F: 0.44831040708229913
Punto[1.         0.41170136 0.50569144] -> F: 0.44798286568502105
Punto[1.         0.41141143 0.50515509] -> F: 0.4476555475127956
Punto[1.         0.4111215  0.50461875] -> F: 0.44732845256562315
Punto[1.         0.41083156 0.50408241] -> F: 0.4470015808435033
Punto[1.         0.41054163 0.50354606] -> F: 0.44667493234643635
{
  "seed": 8579,
  "n_per_z": 10,
  "nz": 100,
  "nd": 100,
  "n_muestras": 50,
  "best_f": 0.45730080052838534,
  "best_cp": [
    1.0,
    0.42010941659792467,
    0.5212454170810118
  ],
  "best_u": [
    0.24868988716485474,
    -0.41240265216720723,
    0.8764002467522388
  ],
  "best_index": 20,
  "n_candidatos": 54
}
