Punto[0.         0.56878712 0.38472344] -> F: 0.1586683711131432
Punto[1.         0.47307442 0.40281034] -> F: 0.3817821117322423
Punto[2.         0.4472682  0.34763792] -> F: 0.10662918777778042
Punto[1.         0.50802766 0.36618068] -> F: 0.39974876298981427
Punto[1.         0.47377348 0.40207775] -> F: 0.38314409661172255
Punto[1.         0.47445857 0.40135981] -> F: 0.3844803315412917
Punto[1.         0.47514365 0.40064186] -> F: 0.3858180411705828
Punto[1.         0.47582874 0.39992392] -> F: 0.3871240875225406
Punto[1.         0.47651382 0.39920598] -> F: 0.3882642502442271
Punto[1.         0.4771989  0.39848804] -> F: 0.3894266295695564
Punto[1.         0.47788399 0.3977701 ] -> F: 0.3906112254985283
Punto[1.         0.47856907 0.39705216] -> F: 0.39181803803114307
Punto[1.         0.47925415 0.39633422] -> F: 0.3930470671674005
Punto[1.         0.47993924 0.39561627] -> F: 0.3942983129073008
Punto[1.         0.48062432 0.39489833] -> F: 0.39557177525084364
Punto[1.         0.4813094  0.39418039] -> F: 0.39686745419802916
Punto[1.         0.48199449 0.39346245] -> F: 0.39818534974885755
Punto[1.         0.48267957 0.39274451] -> F: 0.39943299771137886
Punto[1.         0.48336466 0.39202657] -> F: 0.4006292793727822
Punto[1.         0.48404974 0.39130863] -> F: 0.40183700488368435
Punto[1.         0.48473482 0.39059069] -> F: 0.40305617424408546
Punto[1.         0.48541991 0.38987274] -> F: 0.4042867874539855
Punto[1.         0.48610499 0.3891548 ] -> F: 0.40552884451338445
Punto[1.         0.48679007 0.38843686] -> F: 0.4067823454222824
Punto[1.         0.48747516 0.38771892] -> F: 0.4080472901806791
Punto[1.         0.48816024 0.38700098] -> F: 0.4093236787885749
Punto[1.         0.48884532 0.38628304] -> F: 0.4106115112459696
Punto[1.         0.48953041 0.3855651 ] -> F: 0.4118614288630304
Punto[1.         0.49021549 0.38484715] -> F: 0.41307716581292253
Punto[1.         0.49090057 0.38412921] -> F: 0.4140936894999599
Punto[1.         0.49158566 0.38341127] -> F: 0.4149531889384908
Punto[1.         0.49227074 0.38269333] -> F: 0.41581224650336246
Punto[1.         0.49295583 0.38197539] -> F: 0.41667086219457444
Punto[1.         0.49364091 0.38125745] -> F: 0.41752903601212704
Punto[1.         0.49432599 0.38053951] -> F: 0.4171136267873087
Punto[1.         0.49501108 0.37982157] -> F: 0.4163031429667281
Punto[1.         0.49569616 0.37910362] -> F: 0.4154944624103534
Punto[1.         0.49638124 0.37838568] -> F: 0.414638214404207
Punto[1.         0.49706633 0.37766774] -> F: 0.41377044429964266
Punto[1.         0.49775141 0.3769498 ] -> F: 0.4129048272804481
Punto[1.         0.49843649 0.37623186] -> F: 0.4120413633466232
Punto[1.         0.49912158 0.37551392] -> F: 0.41118005249816797
Punto[1.         0.49980666 0.37479598] -> F: 0.410309502108592
Punto[1.         0.50049174 0.37407803] -> F: 0.4094282069674225
Punto[1.         0.50117683 0.37336009] -> F: 0.4085488695048381
Punto[1.         0.50186191 0.37264215] -> F: 0.40767148972083894
Punto[1.         0.502547   0.37192421] -> F: 0.40679606761542475
Punto[1.         0.50323208 0.37120627] -> F: 0.4059226031885955
Punto[1.         0.50391716 0.37048833] -> F: 0.40505109644035153
Punto[1.         0.50460225 0.36977039] -> F: 0.40417860971820857
Punto[1.         0.50528733 0.36905245] -> F: 0.4032890338441183
Punto[1.         0.50597241 0.3683345 ] -> F: 0.40240126123423353
Punto[1.         0.5066575  0.36761656] -> F: 0.4015152918885548
Punto[1.         0.50734258 0.36689862] -> F: 0.40063112580708166
{
  "seed": 10475,
  "n_per_z": 10,
  "nz": 100,
  "nd": 100,
  "n_muestras": 50,
  "best_f": 0.41752903601212704,
  "best_cp": [
    1.0,
    0.493640908945975,
    0.3812574480973245
  ],
  "best_u": [
    0.24868988716485474,
    -0.5693188977302335,
    0.7836002378184705
  ],
  "best_index": 33,
  "n_candidatos": 54
}
