Punto[0.         0.43316238 0.75121339] -> F: 0.11907151435668276
Punto[1.         0.48315022 0.62381798] -> F: 0.3557460878627224
Punto[2.         0.50285529 0.6600074 ] -> F: 0.11247912256515484
Punto[1.         0.46800883 0.7056104 ] -> F: 0.36288152220527303
Punto[1.         0.48284739 0.62545383] -> F: 0.3586096198129726
Punto[1.         0.48255062 0.62705696] -> F: 0.361911250826636
Punto[1.         0.48225385 0.62866009] -> F: 0.36503881743819094
Punto[1.         0.48195708 0.63026323] -> F: 0.36813388682668746
Punto[1.         0.48166031 0.63186636] -> F: 0.37135609699495203
Punto[1.         0.48136354 0.63346949] -> F: 0.37470544794298516
Punto[1.         0.48106677 0.63507262] -> F: 0.37818193967078667
Punto[1.         0.48077    0.63667575] -> F: 0.38178557217835646
Punto[1.         0.48047323 0.63827888] -> F: 0.38450890873801485
Punto[1.         0.48017645 0.63988201] -> F: 0.38670961633272155
Punto[1.         0.47987968 0.64148515] -> F: 0.3887182608711533
Punto[1.         0.47958291 0.64308828] -> F: 0.39072784596726007
Punto[1.         0.47928614 0.64469141] -> F: 0.3927383716210418
Punto[1.         0.47898937 0.64629454] -> F: 0.3947506941565015
Punto[1.         0.4786926  0.64789767] -> F: 0.39684090262022037
Punto[1.         0.47839583 0.6495008 ] -> F: 0.39905825186370764
Punto[1.         0.47809906 0.65110393] -> F: 0.4010786617427826
Punto[1.         0.47780228 0.65270706] -> F: 0.4030755449396894
Punto[1.         0.47750551 0.6543102 ] -> F: 0.40526789882780956
Punto[1.         0.47720874 0.65591333] -> F: 0.40794774634810366
Punto[1.         0.47691197 0.65751646] -> F: 0.4111179598364479
Punto[1.         0.4766152  0.65911959] -> F: 0.4147710314709874
Punto[1.         0.47631843 0.66072272] -> F: 0.4181396384016332
Punto[1.         0.47602166 0.66232585] -> F: 0.4206413300468916
Punto[1.         0.47572489 0.66392898] -> F: 0.4189706728072871
Punto[1.         0.47542811 0.66553211] -> F: 0.4169791280744828
Punto[1.         0.47513134 0.66713525] -> F: 0.41446457608410253
Punto[1.         0.47483457 0.66873838] -> F: 0.412038220853345
Punto[1.         0.4745378  0.67034151] -> F: 0.4097000623822103
Punto[1.         0.47424103 0.67194464] -> F: 0.4074501006706983
Punto[1.         0.47394426 0.67354777] -> F: 0.4049441216766477
Punto[1.         0.47364749 0.6751509 ] -> F: 0.40233425032733505
Punto[1.         0.47335072 0.67675403] -> F: 0.4000761461668983
Punto[1.         0.47305395 0.67835717] -> F: 0.3983247876282977
Punto[1.         0.47275717 0.6799603 ] -> F: 0.39664048764953663
Punto[1.         0.4724604  0.68156343] -> F: 0.3946761542510375
Punto[1.         0.47216363 0.68316656] -> F: 0.39272781969777615
Punto[1.         0.47186686 0.68476969] -> F: 0.3908969433137628
Punto[1.         0.47157009 0.68637282] -> F: 0.38918120611285995
Punto[1.         0.47127332 0.68797595] -> F: 0.38750273477872305
Punto[1.         0.47097655 0.68957908] -> F: 0.38580297985612183
Punto[1.         0.47067978 0.69118222] -> F: 0.3839123797552597
Punto[1.         0.470383   0.69278535] -> F: 0.38207447250168813
Punto[1.         0.47008623 0.69438848] -> F: 0.37983798648129447
Punto[1.         0.46978946 0.69599161] -> F: 0.37738989116735977
Punto[1.         0.46949269 0.69759474] -> F: 0.3749912637361706
Punto[1.         0.46919592 0.69919787] -> F: 0.3724614540266617
Punto[1.         0.46889915 0.700801  ] -> F: 0.36993417593188027
Punto[1.         0.46860238 0.70240414] -> F: 0.3674950945967216
Punto[1.         0.46830561 0.70400727] -> F: 0.3651442100211861
Best centerpoint:  [1.         0.47602166 0.66232585] Best F:  0.4206413300468916 Best u:  [ 0.27899111 -0.38137861  0.88131397] índice:  24
{
  "seed": 17514,
  "n_per_z": 5,
  "nz": 100,
  "nd": 100,
  "n_muestras": 50,
  "best_f": 0.4206413300468916,
  "best_cp": [
    1.0,
    0.4760216572048097,
    0.6623258523262296
  ],
  "best_u": [
    0.2789911060392295,
    -0.381378611656497,
    0.8813139720451334
  ],
  "n_candidatos": 54
}
