Punto[0.         0.49389594 0.7268016 ] -> F: 0.0656234510423924
Punto[1.         0.52263441 0.50402635] -> F: 0.3534962853196889
Punto[2.         0.61146797 0.44393132] -> F: 0.12794102561592138
Punto[1.         0.55268196 0.58536646] -> F: 0.32777024525491405
Punto[1.         0.52323536 0.50565315] -> F: 0.35587909743803114
Punto[1.         0.52382429 0.50724742] -> F: 0.35828728971094476
Punto[1.         0.52441322 0.50884168] -> F: 0.3607677806394134
Punto[1.         0.52500215 0.51043595] -> F: 0.363193638752442
Punto[1.         0.52559109 0.51203021] -> F: 0.3655495214427547
Punto[1.         0.52618002 0.51362448] -> F: 0.36802555229686257
Punto[1.         0.52676895 0.51521875] -> F: 0.3706144499890294
Punto[1.         0.52735788 0.51681301] -> F: 0.3729822745376117
Punto[1.         0.52794681 0.51840728] -> F: 0.3754563254049435
Punto[1.         0.52853575 0.52000155] -> F: 0.3782977485143432
Punto[1.         0.52912468 0.52159581] -> F: 0.3815035065255822
Punto[1.         0.52971361 0.52319008] -> F: 0.38506038634936807
Punto[1.         0.53030254 0.52478434] -> F: 0.3877035616434876
Punto[1.         0.53089147 0.52637861] -> F: 0.3901580686385403
Punto[1.         0.53148041 0.52797288] -> F: 0.3926603508531411
Punto[1.         0.53206934 0.52956714] -> F: 0.39350753410111844
Punto[1.         0.53265827 0.53116141] -> F: 0.3917315469381162
Punto[1.         0.5332472  0.53275568] -> F: 0.38994449920471763
Punto[1.         0.53383613 0.53434994] -> F: 0.38816777660694873
Punto[1.         0.53442507 0.53594421] -> F: 0.386401379144809
Punto[1.         0.535014   0.53753847] -> F: 0.3846360115984426
Punto[1.         0.53560293 0.53913274] -> F: 0.3828698237941529
Punto[1.         0.53619186 0.54072701] -> F: 0.3811140991674814
Punto[1.         0.53678079 0.54232127] -> F: 0.3793688377184274
Punto[1.         0.53736973 0.54391554] -> F: 0.37763403944699114
Punto[1.         0.53795866 0.5455098 ] -> F: 0.37582742008679365
Punto[1.         0.53854759 0.54710407] -> F: 0.37394276238488516
Punto[1.         0.53913652 0.54869834] -> F: 0.37204614735040314
Punto[1.         0.53972545 0.5502926 ] -> F: 0.37015623609858944
Punto[1.         0.54031438 0.55188687] -> F: 0.36827650083595403
Punto[1.         0.54090332 0.55348114] -> F: 0.36639141445246765
Punto[1.         0.54149225 0.5550754 ] -> F: 0.364506768878905
Punto[1.         0.54208118 0.55666967] -> F: 0.3626323544383163
Punto[1.         0.54267011 0.55826393] -> F: 0.3607681711307018
Punto[1.         0.54325904 0.5598582 ] -> F: 0.358901977349787
Punto[1.         0.54384798 0.56145247] -> F: 0.35704749253527485
Punto[1.         0.54443691 0.56304673] -> F: 0.35520744102658164
Punto[1.         0.54502584 0.564641  ] -> F: 0.3533818228237081
Punto[1.         0.54561477 0.56623526] -> F: 0.35142656484006274
Punto[1.         0.5462037  0.56782953] -> F: 0.3494449906646417
Punto[1.         0.54679264 0.5694238 ] -> F: 0.3474504266299413
Punto[1.         0.54738157 0.57101806] -> F: 0.3454660186350404
Punto[1.         0.5479705  0.57261233] -> F: 0.34349176667993975
Punto[1.         0.54855943 0.5742066 ] -> F: 0.3415023245700091
Punto[1.         0.54914836 0.57580086] -> F: 0.33952236967985294
Punto[1.         0.5497373  0.57739513] -> F: 0.3375570283735862
Punto[1.         0.55032623 0.57898939] -> F: 0.3356063006759575
Punto[1.         0.55091516 0.58058366] -> F: 0.33367018658696695
Punto[1.         0.55150409 0.58217793] -> F: 0.33174868610661473
Punto[1.         0.55209302 0.58377219] -> F: 0.3298417992349003
Best centerpoint:  [1.         0.53206934 0.52956714] Best F:  0.39350753410111844 Best u:  [-0.21814324  0.64538533  0.73204597] índice:  16
{
  "seed": 1834,
  "n_per_z": 5,
  "nz": 100,
  "nd": 100,
  "n_muestras": 50,
  "best_f": 0.39350753410111844,
  "best_cp": [
    1.0,
    0.5320693371701164,
    0.5295671426837466
  ],
  "best_u": [
    -0.21814324139654234,
    0.6453853342383314,
    0.7320459661681683
  ],
  "n_candidatos": 54
}
