Punto[0.         0.34492808 0.43647238] -> F: 0.08638148493042873
Punto[1.         0.42736247 0.54878227] -> F: 0.3988847294526555
Punto[2.         0.48428146 0.60302133] -> F: 0.15631261286083964
Punto[1.         0.41460477 0.51974685] -> F: 0.37929466607179224
Punto[1.         0.42710731 0.54820156] -> F: 0.39983551211275586
Punto[1.         0.42685726 0.54763246] -> F: 0.4007818487009912
Punto[1.         0.42660721 0.54706337] -> F: 0.40170650760549953
Punto[1.         0.42635716 0.54649428] -> F: 0.4025139777275886
Punto[1.         0.42610711 0.54592518] -> F: 0.4033210174983368
Punto[1.         0.42585706 0.54535609] -> F: 0.40412762691774456
Punto[1.         0.42560701 0.54478699] -> F: 0.4049338059858121
Punto[1.         0.42535696 0.5442179 ] -> F: 0.40512368783166036
Punto[1.         0.4251069  0.54364881] -> F: 0.404539235667097
Punto[1.         0.42485685 0.54307971] -> F: 0.4039479083771004
Punto[1.         0.4246068  0.54251062] -> F: 0.40335674671927535
Punto[1.         0.42435675 0.54194152] -> F: 0.40276575069362186
Punto[1.         0.4241067  0.54137243] -> F: 0.40217492030014
Punto[1.         0.42385665 0.54080334] -> F: 0.4015842555388297
Punto[1.         0.4236066  0.54023424] -> F: 0.4009937564096909
Punto[1.         0.42335655 0.53966515] -> F: 0.4003979875182192
Punto[1.         0.4231065  0.53909605] -> F: 0.3997993380771024
Punto[1.         0.42285645 0.53852696] -> F: 0.3992008590646886
Punto[1.         0.4226064  0.53795787] -> F: 0.39860255048097815
Punto[1.         0.42235635 0.53738877] -> F: 0.398004412325971
Punto[1.         0.42210629 0.53681968] -> F: 0.3974064445996672
Punto[1.         0.42185624 0.53625058] -> F: 0.39680864730206644
Punto[1.         0.42160619 0.53568149] -> F: 0.3962033057208613
Punto[1.         0.42135614 0.53511239] -> F: 0.3955969545857157
Punto[1.         0.42110609 0.5345433 ] -> F: 0.3949907789936359
Punto[1.         0.42085604 0.53397421] -> F: 0.3943847789446224
Punto[1.         0.42060599 0.53340511] -> F: 0.3937789544386751
Punto[1.         0.42035594 0.53283602] -> F: 0.3931733054757939
Punto[1.         0.42010589 0.53226692] -> F: 0.3925678320559789
Punto[1.         0.41985584 0.53169783] -> F: 0.3919579713000076
Punto[1.         0.41960579 0.53112874] -> F: 0.3913458497284601
Punto[1.         0.41935573 0.53055964] -> F: 0.39073463886059956
Punto[1.         0.41910568 0.52999055] -> F: 0.39012433869642615
Punto[1.         0.41885563 0.52942145] -> F: 0.3895149492359399
Punto[1.         0.41860558 0.52885236] -> F: 0.3889064704791404
Punto[1.         0.41835553 0.52828327] -> F: 0.38829890242602816
Punto[1.         0.41810548 0.52771417] -> F: 0.38769224507660305
Punto[1.         0.41785543 0.52714508] -> F: 0.387086498430865
Punto[1.         0.41760538 0.52657598] -> F: 0.38648166248881377
Punto[1.         0.41735533 0.52600689] -> F: 0.3858777372504498
Punto[1.         0.41710528 0.5254378 ] -> F: 0.385274722715773
Punto[1.         0.41685523 0.5248687 ] -> F: 0.38467261888478294
Punto[1.         0.41660517 0.52429961] -> F: 0.3840714257574803
Punto[1.         0.41635512 0.52373051] -> F: 0.3834711433338646
Punto[1.         0.41610507 0.52316142] -> F: 0.3828717716139358
Punto[1.         0.41585502 0.52259233] -> F: 0.3822733105976943
Punto[1.         0.41560497 0.52202323] -> F: 0.3816757602851398
Punto[1.         0.41535492 0.52145414] -> F: 0.3810791206762723
Punto[1.         0.41510487 0.52088504] -> F: 0.38048339177109197
Punto[1.         0.41485482 0.52031595] -> F: 0.3798885735695985
Best centerpoint:  [1.         0.42535696 0.5442179 ] Best F:  0.40512368783166036 Best u:  [-0.99802673 -0.01176577 -0.06167833] índice:  8
{
  "seed": 17646,
  "n_per_z": 5,
  "nz": 100,
  "nd": 100,
  "n_muestras": 50,
  "best_f": 0.40512368783166036,
  "best_cp": [
    1.0,
    0.4253569556329296,
    0.5442178999390155
  ],
  "best_u": [
    -0.9980267284282716,
    -0.011765770092923362,
    -0.06167832680027527
  ],
  "n_candidatos": 54
}
