Punto[0.         0.5348251  0.76231254] -> F: 0.10192916533138462
Punto[1.         0.40234342 0.64748254] -> F: 0.4047479411453402
Punto[2.         0.33013084 0.60102839] -> F: 0.16891856754193824
Punto[1.         0.43247797 0.68167047] -> F: 0.38711283159354043
Punto[1.         0.40294611 0.6481663 ] -> F: 0.4053055773157208
Punto[1.         0.40353675 0.64883638] -> F: 0.40585709065285863
Punto[1.         0.40412739 0.64950647] -> F: 0.40641358307318876
Punto[1.         0.40471802 0.65017655] -> F: 0.40697505457671257
Punto[1.         0.40530866 0.65084663] -> F: 0.4075415051634294
Punto[1.         0.4058993  0.65151672] -> F: 0.40803148754860336
Punto[1.         0.40648994 0.6521868 ] -> F: 0.40765718925142064
Punto[1.         0.40708057 0.65285688] -> F: 0.40726940544909684
Punto[1.         0.40767121 0.65352697] -> F: 0.4068817921478014
Punto[1.         0.40826185 0.65419705] -> F: 0.40649434934753464
Punto[1.         0.40885248 0.65486713] -> F: 0.4061070770482963
Punto[1.         0.40944312 0.65553722] -> F: 0.4057199752500865
Punto[1.         0.41003376 0.6562073 ] -> F: 0.4053330439529052
Punto[1.         0.41062439 0.65687738] -> F: 0.4049462831567525
Punto[1.         0.41121503 0.65754747] -> F: 0.4045585380544342
Punto[1.         0.41180567 0.65821755] -> F: 0.4041486132843115
Punto[1.         0.41239631 0.65888763] -> F: 0.4037388803940527
Punto[1.         0.41298694 0.65955772] -> F: 0.4033293393836574
Punto[1.         0.41357758 0.6602278 ] -> F: 0.40291999025312597
Punto[1.         0.41416822 0.66089788] -> F: 0.4025108330024585
Punto[1.         0.41475885 0.66156797] -> F: 0.40210186763165456
Punto[1.         0.41534949 0.66223805] -> F: 0.40169309414071463
Punto[1.         0.41594013 0.66290813] -> F: 0.4012371601355662
Punto[1.         0.41653077 0.66357822] -> F: 0.4007608551459131
Punto[1.        0.4171214 0.6642483] -> F: 0.40028133347856765
Punto[1.         0.41771204 0.66491838] -> F: 0.3998021982034878
Punto[1.         0.41830268 0.66558847] -> F: 0.39932250939587693
Punto[1.         0.41889331 0.66625855] -> F: 0.39883539771666926
Punto[1.         0.41948395 0.66692863] -> F: 0.3983486867003067
Punto[1.         0.42007459 0.66759872] -> F: 0.39786237634678917
Punto[1.         0.42066523 0.6682688 ] -> F: 0.39737108236871255
Punto[1.         0.42125586 0.66893888] -> F: 0.3968767119058125
Punto[1.         0.4218465  0.66960897] -> F: 0.39638275687876556
Punto[1.         0.42243714 0.67027905] -> F: 0.3958885396721672
Punto[1.         0.42302777 0.67094913] -> F: 0.39538640525469865
Punto[1.         0.42361841 0.67161922] -> F: 0.39488470160092654
Punto[1.         0.42420905 0.6722893 ] -> F: 0.3943834287108508
Punto[1.         0.42479968 0.67295938] -> F: 0.3938779525313131
Punto[1.         0.42539032 0.67362947] -> F: 0.3933683741396246
Punto[1.         0.42598096 0.67429955] -> F: 0.3928592424526685
Punto[1.         0.4265716  0.67496963] -> F: 0.39235055747044467
Punto[1.         0.42716223 0.67563972] -> F: 0.3918340028916941
Punto[1.         0.42775287 0.6763098 ] -> F: 0.3913168631260184
Punto[1.         0.42834351 0.67697988] -> F: 0.3908001866845533
Punto[1.         0.42893414 0.67764997] -> F: 0.390281896369956
Punto[1.         0.42952478 0.67832005] -> F: 0.3897565734492665
Punto[1.         0.43011542 0.67899013] -> F: 0.38923173122396804
Punto[1.         0.43070606 0.67966022] -> F: 0.38870736969406045
Punto[1.         0.43129669 0.6803303 ] -> F: 0.3881787535670441
Punto[1.         0.43188733 0.68100038] -> F: 0.3876455431298518
Best centerpoint:  [1.         0.4058993  0.65151672] Best F:  0.40803148754860336 Best u:  [-0.42577929 -0.38525662  0.81871199] índice:  6
{
  "seed": 18680,
  "n_per_z": 5,
  "nz": 100,
  "nd": 100,
  "n_muestras": 50,
  "best_f": 0.40803148754860336,
  "best_cp": [
    1.0,
    0.4058992979214637,
    0.6515167167197289
  ],
  "best_u": [
    -0.4257792915650727,
    -0.3852566213878946,
    0.8187119948743448
  ],
  "n_candidatos": 54
}
