Punto[0.         0.54128313 0.48579992] -> F: 0.09568676344986728
Punto[1.         0.54852946 0.48500094] -> F: 0.38040102170082696
Punto[2.         0.57206729 0.4967419 ] -> F: 0.20985465704605247
Punto[1.         0.55667521 0.49127091] -> F: 0.3762732645335053
Punto[1.         0.54869237 0.48512634] -> F: 0.38031939782493185
Punto[1.         0.54885203 0.48524923] -> F: 0.38023941980473297
Punto[1.         0.54901168 0.48537212] -> F: 0.38015945502757953
Punto[1.         0.54917134 0.48549502] -> F: 0.3800795034934712
Punto[1.         0.549331   0.48561791] -> F: 0.3799995652024082
Punto[1.         0.54949066 0.4857408 ] -> F: 0.3799196401543905
Punto[1.         0.54965031 0.48586369] -> F: 0.3798397283494182
Punto[1.         0.54980997 0.48598658] -> F: 0.37975982978749107
Punto[1.         0.54996963 0.48610947] -> F: 0.3796799444686093
Punto[1.         0.55012928 0.48623236] -> F: 0.3796000723927728
Punto[1.         0.55028894 0.48635526] -> F: 0.3795202135599815
Punto[1.         0.5504486  0.48647815] -> F: 0.37944036797023556
Punto[1.         0.55060825 0.48660104] -> F: 0.37936053562353494
Punto[1.         0.55076791 0.48672393] -> F: 0.3792807165198796
Punto[1.         0.55092757 0.48684682] -> F: 0.3792009106592696
Punto[1.         0.55108722 0.48696971] -> F: 0.3791211180417048
Punto[1.         0.55124688 0.4870926 ] -> F: 0.37904133866718526
Punto[1.         0.55140654 0.48721549] -> F: 0.37896157253571094
Punto[1.         0.55156619 0.48733839] -> F: 0.378881819647282
Punto[1.         0.55172585 0.48746128] -> F: 0.3788020800018986
Punto[1.         0.55188551 0.48758417] -> F: 0.3787223535995601
Punto[1.         0.55204516 0.48770706] -> F: 0.3786426404402671
Punto[1.         0.55220482 0.48782995] -> F: 0.3785629405240193
Punto[1.         0.55236448 0.48795284] -> F: 0.3784832538508168
Punto[1.         0.55252413 0.48807573] -> F: 0.3784035804206596
Punto[1.         0.55268379 0.48819862] -> F: 0.3783239202335477
Punto[1.         0.55284345 0.48832152] -> F: 0.3782442732894812
Punto[1.         0.5530031  0.48844441] -> F: 0.37816463958845975
Punto[1.         0.55316276 0.4885673 ] -> F: 0.37808501913048376
Punto[1.         0.55332242 0.48869019] -> F: 0.378005411915553
Punto[1.         0.55348207 0.48881308] -> F: 0.3779250765148273
Punto[1.         0.55364173 0.48893597] -> F: 0.3778423499624782
Punto[1.         0.55380139 0.48905886] -> F: 0.3777596377210011
Punto[1.         0.55396104 0.48918175] -> F: 0.3776769397903956
Punto[1.         0.5541207  0.48930465] -> F: 0.3775942561706622
Punto[1.         0.55428036 0.48942754] -> F: 0.3775115868618008
Punto[1.         0.55444001 0.48955043] -> F: 0.37742893186381116
Punto[1.         0.55459967 0.48967332] -> F: 0.3773462911766934
Punto[1.         0.55475933 0.48979621] -> F: 0.37726366480044754
Punto[1.         0.55491898 0.4899191 ] -> F: 0.37718105273507363
Punto[1.         0.55507864 0.49004199] -> F: 0.3770984549805716
Punto[1.         0.5552383  0.49016489] -> F: 0.37701587153694144
Punto[1.         0.55539795 0.49028778] -> F: 0.37693330240418316
Punto[1.         0.55555761 0.49041067] -> F: 0.37685074758229686
Punto[1.         0.55571727 0.49053356] -> F: 0.37676820707128234
Punto[1.         0.55587692 0.49065645] -> F: 0.37668568087113974
Punto[1.         0.55603658 0.49077934] -> F: 0.3766031689818691
Punto[1.         0.55619624 0.49090223] -> F: 0.37652067140347034
Punto[1.         0.55635589 0.49102512] -> F: 0.3764381881359435
Punto[1.         0.55651555 0.49114802] -> F: 0.3763557191792884
{
  "seed": 2866,
  "n_per_z": 10,
  "nz": 100,
  "nd": 100,
  "n_muestras": 50,
  "best_f": 0.38040102170082696,
  "best_cp": [
    1.0,
    0.548529456336314,
    0.48500094292538865
  ],
  "best_u": [
    -0.9995065603657316,
    0.03085438817815584,
    -0.005885789328195162
  ],
  "best_index": 1,
  "n_candidatos": 54
}
