Punto[0.         0.33076177 0.46363602] -> F: 0.06977285515975228
Punto[1.         0.35562478 0.47058913] -> F: 0.3535698006403078
Punto[2.         0.46872706 0.59947328] -> F: 0.14758136920674628
Punto[1.         0.39974442 0.53155465] -> F: 0.33998500279758764
Punto[1.         0.35650717 0.47180844] -> F: 0.3558349145948772
Punto[1.         0.35737192 0.47300337] -> F: 0.35784254066481286
Punto[1.         0.35823666 0.47419829] -> F: 0.359296712338181
Punto[1.         0.35910141 0.47539321] -> F: 0.3607837310543428
Punto[1.         0.35996615 0.47658814] -> F: 0.3623100226137726
Punto[1.         0.3608309  0.47778306] -> F: 0.3638491971099489
Punto[1.         0.36169564 0.47897799] -> F: 0.3652600519451866
Punto[1.         0.36256039 0.48017291] -> F: 0.3666717521798486
Punto[1.         0.36342513 0.48136783] -> F: 0.36808429781393526
Punto[1.         0.36428988 0.48256276] -> F: 0.36953470039690345
Punto[1.         0.36515462 0.48375768] -> F: 0.3709366906872533
Punto[1.         0.36601937 0.48495261] -> F: 0.37230875661185675
Punto[1.         0.36688411 0.48614753] -> F: 0.37377210625383667
Punto[1.         0.36774886 0.48734246] -> F: 0.37559006284164975
Punto[1.         0.3686136  0.48853738] -> F: 0.3777794381840487
Punto[1.         0.36947835 0.4897323 ] -> F: 0.38002905882221
Punto[1.         0.37034309 0.49092723] -> F: 0.38048967725488636
Punto[1.         0.37120784 0.49212215] -> F: 0.37942489571419336
Punto[1.         0.37207258 0.49331708] -> F: 0.3783585739093097
Punto[1.         0.37293733 0.494512  ] -> F: 0.37725703988992515
Punto[1.         0.37380207 0.49570692] -> F: 0.37615715570032354
Punto[1.         0.37466682 0.49690185] -> F: 0.37505892134050517
Punto[1.         0.37553156 0.49809677] -> F: 0.37396233681046986
Punto[1.         0.37639631 0.4992917 ] -> F: 0.37284425018947165
Punto[1.         0.37726105 0.50048662] -> F: 0.37171065680723137
Punto[1.         0.3781258  0.50168154] -> F: 0.3705788373653267
Punto[1.         0.37899054 0.50287647] -> F: 0.36944879186375806
Punto[1.         0.37985529 0.50407139] -> F: 0.3683179324915014
Punto[1.         0.38072003 0.50526632] -> F: 0.36715039683818573
Punto[1.         0.38158478 0.50646124] -> F: 0.3659847668510724
Punto[1.         0.38244952 0.50765617] -> F: 0.3648210425301614
Punto[1.         0.38331426 0.50885109] -> F: 0.36365922387545274
Punto[1.         0.38417901 0.51004601] -> F: 0.36247678616287415
Punto[1.         0.38504375 0.51124094] -> F: 0.36127701955267033
Punto[1.         0.3859085  0.51243586] -> F: 0.360079298781047
Punto[1.         0.38677324 0.51363079] -> F: 0.35888362384800393
Punto[1.         0.38763799 0.51482571] -> F: 0.35768999475354124
Punto[1.         0.38850273 0.51602063] -> F: 0.35645612386094194
Punto[1.         0.38936748 0.51721556] -> F: 0.3552239800296244
Punto[1.         0.39023222 0.51841048] -> F: 0.3539940316195056
Punto[1.         0.39109697 0.51960541] -> F: 0.3527662786305855
Punto[1.         0.39196171 0.52080033] -> F: 0.3515228745036913
Punto[1.         0.39282646 0.52199526] -> F: 0.3502557605614505
Punto[1.         0.3936912  0.52319018] -> F: 0.3489910021552682
Punto[1.         0.39455595 0.5243851 ] -> F: 0.34772859928514394
Punto[1.         0.39542069 0.52558003] -> F: 0.3464685519510784
Punto[1.         0.39628544 0.52677495] -> F: 0.3451756340968726
Punto[1.         0.39715018 0.52796988] -> F: 0.3438753958130054
Punto[1.         0.39801493 0.5291648 ] -> F: 0.3425776850248347
Punto[1.         0.39887967 0.53035972] -> F: 0.34128250173236024
{
  "seed": 881,
  "n_per_z": 5,
  "nz": 100,
  "nd": 100,
  "n_muestras": 50,
  "best_f": 0.38048967725488636,
  "best_cp": [
    1.0,
    0.370343091570889,
    0.49092722770680436
  ],
  "best_u": [
    -0.8607420270039438,
    0.5027742712166836,
    0.07963162155623106
  ],
  "best_index": 20,
  "n_candidatos": 54
}
