Punto[0.         0.49854735 0.50162132] -> F: 0.1142892168121519
Punto[1.         0.50191713 0.43984637] -> F: 0.4047504525578745
Punto[2.         0.42582452 0.5077485 ] -> F: 0.14802951098991407
Punto[1.         0.46218594 0.50468491] -> F: 0.4180741490318434
Punto[1.         0.5011225  0.44114314] -> F: 0.4071740192521782
Punto[1.         0.50034377 0.44241397] -> F: 0.40955777583880726
Punto[1.         0.49956504 0.44368481] -> F: 0.4119501061645141
Punto[1.         0.49878631 0.44495564] -> F: 0.4142837188707302
Punto[1.         0.49800758 0.44622648] -> F: 0.41649838098873065
Punto[1.         0.49722885 0.44749732] -> F: 0.4187216168458089
Punto[1.         0.49645011 0.44876815] -> F: 0.42095342644196526
Punto[1.         0.49567138 0.45003899] -> F: 0.42319380977719967
Punto[1.         0.49489265 0.45130982] -> F: 0.42544276685151183
Punto[1.         0.49411392 0.45258066] -> F: 0.4277002976649019
Punto[1.         0.49333519 0.45385149] -> F: 0.42996640221737004
Punto[1.         0.49255646 0.45512233] -> F: 0.43224108050891613
Punto[1.         0.49177773 0.45639316] -> F: 0.4345243325395401
Punto[1.       0.490999 0.457664] -> F: 0.436816158309242
Punto[1.         0.49022026 0.45893484] -> F: 0.43911655781802184
Punto[1.         0.48944153 0.46020567] -> F: 0.44142553106587956
Punto[1.         0.4886628  0.46147651] -> F: 0.4425388766365024
Punto[1.         0.48788407 0.46274734] -> F: 0.44244612988268917
Punto[1.         0.48710534 0.46401818] -> F: 0.44235348166487454
Punto[1.         0.48632661 0.46528901] -> F: 0.44226093198305866
Punto[1.         0.48554788 0.46655985] -> F: 0.44214065688714604
Punto[1.         0.48476915 0.46783068] -> F: 0.4420194913862847
Punto[1.         0.48399041 0.46910152] -> F: 0.4418983094963126
Punto[1.         0.48321168 0.47037235] -> F: 0.4417771112172295
Punto[1.         0.48243295 0.47164319] -> F: 0.4416558965490358
Punto[1.         0.48165422 0.47291403] -> F: 0.4414431342730996
Punto[1.         0.48087549 0.47418486] -> F: 0.44050516146196467
Punto[1.         0.48009676 0.4754557 ] -> F: 0.43956845071978123
Punto[1.         0.47931803 0.47672653] -> F: 0.43863300204654937
Punto[1.         0.4785393  0.47799737] -> F: 0.43769881544226885
Punto[1.         0.47776056 0.4792682 ] -> F: 0.43676589090694
Punto[1.         0.47698183 0.48053904] -> F: 0.4358342284405626
Punto[1.         0.4762031  0.48180987] -> F: 0.4349034893481058
Punto[1.         0.47542437 0.48308071] -> F: 0.4339621439912321
Punto[1.         0.47464564 0.48435154] -> F: 0.43302209410771786
Punto[1.         0.47386691 0.48562238] -> F: 0.432083339697563
Punto[1.         0.47308818 0.48689322] -> F: 0.43114588076076754
Punto[1.         0.47230944 0.48816405] -> F: 0.43020971729733154
Punto[1.         0.47153071 0.48943489] -> F: 0.42927484930725496
Punto[1.         0.47075198 0.49070572] -> F: 0.4283412767905377
Punto[1.         0.46997325 0.49197656] -> F: 0.42740899974718
Punto[1.         0.46919452 0.49324739] -> F: 0.42647801817718173
Punto[1.         0.46841579 0.49451823] -> F: 0.42554833208054266
Punto[1.         0.46763706 0.49578906] -> F: 0.4246199414572632
Punto[1.         0.46685833 0.4970599 ] -> F: 0.4236833635455818
Punto[1.         0.46607959 0.49833073] -> F: 0.42274516831263276
Punto[1.         0.46530086 0.49960157] -> F: 0.4218083035386141
Punto[1.         0.46452213 0.50087241] -> F: 0.42087276922352584
Punto[1.         0.4637434  0.50214324] -> F: 0.41993856536736796
Punto[1.         0.46296467 0.50341408] -> F: 0.4190056919701405
{
  "seed": 12860,
  "n_per_z": 10,
  "nz": 100,
  "nd": 100,
  "n_muestras": 50,
  "best_f": 0.4425388766365024,
  "best_cp": [
    1.0,
    0.4886628015810933,
    0.4614765059807822
  ],
  "best_u": [
    -0.3681245526846781,
    -0.8284369149633659,
    -0.42210969147448685
  ],
  "best_index": 20,
  "n_candidatos": 54
}
