Punto[0.         0.50809576 0.48406468] -> F: 0.20687150409585095
Punto[1.         0.39763514 0.5889989 ] -> F: 0.32554520247596397
Punto[2.         0.37718874 0.78139335] -> F: 0.061075525549906105
Punto[1.         0.44264225 0.63272902] -> F: 0.2924727884932492
Punto[1.         0.39853528 0.58987351] -> F: 0.32694683143760433
Punto[1.         0.39941742 0.59073062] -> F: 0.328317847250895
Punto[1.         0.40029956 0.59158773] -> F: 0.3296863085614232
Punto[1.         0.4011817  0.59244484] -> F: 0.3310522153691889
Punto[1.         0.40206384 0.59330195] -> F: 0.3324155676741921
Punto[1.         0.40294598 0.59415906] -> F: 0.3338110229573575
Punto[1.         0.40382812 0.59501617] -> F: 0.335302025967594
Punto[1.         0.40471026 0.59587328] -> F: 0.3363142080741617
Punto[1.         0.4055924  0.59673039] -> F: 0.33529335046013536
Punto[1.         0.40647454 0.5975875 ] -> F: 0.3342741802277156
Punto[1.         0.40735668 0.59844461] -> F: 0.3332566973769027
Punto[1.         0.40823882 0.59930172] -> F: 0.3322398275469045
Punto[1.         0.40912096 0.60015883] -> F: 0.33121032901216074
Punto[1.         0.4100031  0.60101594] -> F: 0.3301825695142929
Punto[1.         0.41088524 0.60187305] -> F: 0.32915654905330066
Punto[1.         0.41176737 0.60273016] -> F: 0.32813226762918435
Punto[1.         0.41264951 0.60358727] -> F: 0.32710972524194365
Punto[1.         0.41353165 0.60444438] -> F: 0.3260889218915787
Punto[1.         0.41441379 0.60530149] -> F: 0.3250698575780895
Punto[1.         0.41529593 0.6061586 ] -> F: 0.3240525323014762
Punto[1.         0.41617807 0.60701571] -> F: 0.3230369460617386
Punto[1.         0.41706021 0.60787282] -> F: 0.32201956711066204
Punto[1.         0.41794235 0.60872993] -> F: 0.3209918751031196
Punto[1.         0.41882449 0.60958704] -> F: 0.3199659761670427
Punto[1.         0.41970663 0.61044415] -> F: 0.3189418703024312
Punto[1.         0.42058877 0.61130126] -> F: 0.3179195575092853
Punto[1.         0.42147091 0.61215837] -> F: 0.31689903778760503
Punto[1.         0.42235305 0.61301548] -> F: 0.3158803111373902
Punto[1.         0.42323519 0.61387259] -> F: 0.3148633775586411
Punto[1.         0.42411733 0.6147297 ] -> F: 0.3138482370513574
Punto[1.         0.42499946 0.61558681] -> F: 0.3128348896155393
Punto[1.         0.4258816  0.61644392] -> F: 0.31181428288673463
Punto[1.         0.42676374 0.61730103] -> F: 0.3107887122267359
Punto[1.         0.42764588 0.61815814] -> F: 0.3097649913346873
Punto[1.         0.42852802 0.61901525] -> F: 0.30874312021058864
Punto[1.         0.42941016 0.61987236] -> F: 0.3077230988544398
Punto[1.         0.4302923  0.62072947] -> F: 0.30670492726624105
Punto[1.         0.43117444 0.62158658] -> F: 0.30568860544599225
Punto[1.         0.43205658 0.62244369] -> F: 0.30467413339369354
Punto[1.         0.43293872 0.62330081] -> F: 0.30366151110934453
Punto[1.         0.43382086 0.62415792] -> F: 0.302649441383881
Punto[1.         0.434703   0.62501503] -> F: 0.3016243894436984
Punto[1.         0.43558514 0.62587214] -> F: 0.30060124695203766
Punto[1.         0.43646728 0.62672925] -> F: 0.29958001390889866
Punto[1.         0.43734942 0.62758636] -> F: 0.29856069031428145
Punto[1.         0.43823155 0.62844347] -> F: 0.29754327616818604
Punto[1.         0.43911369 0.62930058] -> F: 0.2965277714706124
Punto[1.         0.43999583 0.63015769] -> F: 0.2955141762215605
Punto[1.         0.44087797 0.6310148 ] -> F: 0.2945024904210304
Punto[1.         0.44176011 0.63187191] -> F: 0.2934927140690221
Best centerpoint:  [1.         0.40471026 0.59587328] Best F:  0.3363142080741617 Best u:  [0.99950656 0.02798719 0.01426019] índice:  8
{
  "seed": 18535,
  "n_per_z": 5,
  "nz": 100,
  "nd": 100,
  "n_muestras": 50,
  "best_f": 0.3363142080741617,
  "best_cp": [
    1.0,
    0.40471026010863287,
    0.59587327827105
  ],
  "best_u": [
    0.9995065603657316,
    0.02798719126832131,
    0.014260186211077969
  ],
  "n_candidatos": 54
}
