Punto[0.         0.47480538 0.55205254] -> F: 0.09996526058953548
Punto[1.         0.52807799 0.49476686] -> F: 0.40504143936217224
Punto[2.         0.49134786 0.50648954] -> F: 0.1604136259723862
Punto[1.         0.48307662 0.52927104] -> F: 0.3999050423423564
Punto[1.         0.52717797 0.49545695] -> F: 0.4050358461001761
Punto[1.         0.52629594 0.49613323] -> F: 0.4050303646738814
Punto[1.         0.52541391 0.49680951] -> F: 0.40502488321834657
Punto[1.         0.52453189 0.49748579] -> F: 0.4050194017335718
Punto[1.         0.52364986 0.49816207] -> F: 0.4050139202195569
Punto[1.         0.52276783 0.49883835] -> F: 0.40500843867630204
Punto[1.         0.5218858  0.49951464] -> F: 0.405002957103807
Punto[1.         0.52100378 0.50019092] -> F: 0.40499747550207194
Punto[1.         0.52012175 0.5008672 ] -> F: 0.40499199387109697
Punto[1.         0.51923972 0.50154348] -> F: 0.4049865122108819
Punto[1.         0.5183577  0.50221976] -> F: 0.4049810305214267
Punto[1.         0.51747567 0.50289605] -> F: 0.40497554880273146
Punto[1.         0.51659364 0.50357233] -> F: 0.40497006705479627
Punto[1.         0.51571162 0.50424861] -> F: 0.40496458527762097
Punto[1.         0.51482959 0.50492489] -> F: 0.4049591034712056
Punto[1.         0.51394756 0.50560117] -> F: 0.4049310699796063
Punto[1.         0.51306553 0.50627746] -> F: 0.4048890384797278
Punto[1.         0.51218351 0.50695374] -> F: 0.40484703751067486
Punto[1.         0.51130148 0.50763002] -> F: 0.40480506707244795
Punto[1.         0.51041945 0.5083063 ] -> F: 0.4047631271650468
Punto[1.         0.50953743 0.50898258] -> F: 0.4047212177884715
Punto[1.         0.5086554  0.50965887] -> F: 0.40467933894272173
Punto[1.         0.50777337 0.51033515] -> F: 0.4046374906277979
Punto[1.         0.50689135 0.51101143] -> F: 0.4045796999962662
Punto[1.         0.50600932 0.51168771] -> F: 0.4044991111430142
Punto[1.         0.50512729 0.51236399] -> F: 0.40441858746224413
Punto[1.         0.50424526 0.51304028] -> F: 0.4043381289539564
Punto[1.         0.50336324 0.51371656] -> F: 0.4042247056252435
Punto[1.         0.50248121 0.51439284] -> F: 0.4041062752971942
Punto[1.         0.50159918 0.51506912] -> F: 0.40398794641753594
Punto[1.         0.50071716 0.5157454 ] -> F: 0.40386971898626883
Punto[1.         0.49983513 0.51642168] -> F: 0.403751593003393
Punto[1.         0.4989531  0.51709797] -> F: 0.40361651628798967
Punto[1.         0.49807108 0.51777425] -> F: 0.4034606019677984
Punto[1.         0.49718905 0.51845053] -> F: 0.4033048289847648
Punto[1.         0.49630702 0.51912681] -> F: 0.40314919733888915
Punto[1.         0.49542499 0.51980309] -> F: 0.40299370703017134
Punto[1.         0.49454297 0.52047938] -> F: 0.40282868540134026
Punto[1.         0.49366094 0.52115566] -> F: 0.40263550359314765
Punto[1.         0.49277891 0.52183194] -> F: 0.4024425071286927
Punto[1.         0.49189689 0.52250822] -> F: 0.4022496960079748
Punto[1.         0.49101486 0.5231845 ] -> F: 0.40205707023099424
Punto[1.         0.49013283 0.52386079] -> F: 0.4018589106545402
Punto[1.         0.48925081 0.52453707] -> F: 0.4016285903435852
Punto[1.         0.48836878 0.52521335] -> F: 0.40139850414321215
Punto[1.         0.48748675 0.52588963] -> F: 0.401168652053421
Punto[1.         0.48660472 0.52656591] -> F: 0.4009390340742119
Punto[1.        0.4857227 0.5272422] -> F: 0.40070645023131457
Punto[1.         0.48484067 0.52791848] -> F: 0.4004390258203145
Punto[1.         0.48395864 0.52859476] -> F: 0.4001718898573285
{
  "seed": 10070,
  "n_per_z": 10,
  "nz": 100,
  "nd": 100,
  "n_muestras": 50,
  "best_f": 0.40504143936217224,
  "best_cp": [
    1.0,
    0.5280779941247393,
    0.49476686174868434
  ],
  "best_u": [
    -0.2789911060392295,
    -0.5885707735298126,
    -0.7587808690903622
  ],
  "best_index": 1,
  "n_candidatos": 54
}
