Punto[0.         0.48313039 0.42984357] -> F: 0.15708190289815038
Punto[1.         0.49507075 0.47648716] -> F: 0.35902771739210565
Punto[2.         0.5852283  0.66403501] -> F: 0.09846314107522999
Punto[1.         0.53417935 0.54693929] -> F: 0.3660644964063615
Punto[1.         0.49585292 0.47789621] -> F: 0.3609312621063569
Punto[1.         0.49661945 0.47927707] -> F: 0.3628677526599883
Punto[1.         0.49738598 0.48065793] -> F: 0.36487454260654045
Punto[1.         0.4981525  0.48203879] -> F: 0.3669516319460138
Punto[1.         0.49891903 0.48341965] -> F: 0.3690990206784079
Punto[1.         0.49968556 0.48480051] -> F: 0.3713167088037231
Punto[1.         0.50045209 0.48618138] -> F: 0.3733675898028186
Punto[1.         0.50121862 0.48756224] -> F: 0.3752503319582957
Punto[1.         0.50198515 0.4889431 ] -> F: 0.3771645386346722
Punto[1.         0.50275167 0.49032396] -> F: 0.3791102098319485
Punto[1.         0.5035182  0.49170482] -> F: 0.38108734555012447
Punto[1.         0.50428473 0.49308568] -> F: 0.3830959457891998
Punto[1.         0.50505126 0.49446655] -> F: 0.38513601054917496
Punto[1.         0.50581779 0.49584741] -> F: 0.38712432088465426
Punto[1.         0.50658432 0.49722827] -> F: 0.38897074324133274
Punto[1.         0.50735085 0.49860913] -> F: 0.39083680760054473
Punto[1.         0.50811737 0.49998999] -> F: 0.3927225139622897
Punto[1.         0.5088839  0.50137085] -> F: 0.39453165986420097
Punto[1.         0.50965043 0.50275172] -> F: 0.3959172797583352
Punto[1.         0.51041696 0.50413258] -> F: 0.3973034674104969
Punto[1.         0.51118349 0.50551344] -> F: 0.3964040160623011
Punto[1.         0.51195002 0.5068943 ] -> F: 0.3947565259674303
Punto[1.         0.51271655 0.50827516] -> F: 0.3931077084752292
Punto[1.         0.51348307 0.50965602] -> F: 0.3914575635856973
Punto[1.         0.5142496  0.51103689] -> F: 0.3898060912988344
Punto[1.         0.51501613 0.51241775] -> F: 0.3881576469787881
Punto[1.         0.51578266 0.51379861] -> F: 0.3869003932461979
Punto[1.         0.51654919 0.51517947] -> F: 0.3860586687181141
Punto[1.         0.51731572 0.51656033] -> F: 0.38522450669038066
Punto[1.         0.51808225 0.51794119] -> F: 0.38438970420339974
Punto[1.         0.51884877 0.51932206] -> F: 0.3835542612571719
Punto[1.         0.5196153  0.52070292] -> F: 0.3827181778516972
Punto[1.         0.52038183 0.52208378] -> F: 0.3818814539869754
Punto[1.         0.52114836 0.52346464] -> F: 0.38104408966300657
Punto[1.         0.52191489 0.5248455 ] -> F: 0.3802060848797906
Punto[1.         0.52268142 0.52622636] -> F: 0.37936743963732755
Punto[1.         0.52344795 0.52760723] -> F: 0.37852815393561734
Punto[1.         0.52421447 0.52898809] -> F: 0.37768822777466027
Punto[1.         0.524981   0.53036895] -> F: 0.3768476611544562
Punto[1.         0.52574753 0.53174981] -> F: 0.3760064540750051
Punto[1.         0.52651406 0.53313067] -> F: 0.3751584870610174
Punto[1.         0.52728059 0.53451153] -> F: 0.37418280410551075
Punto[1.         0.52804712 0.5358924 ] -> F: 0.3732271388042096
Punto[1.         0.52881365 0.53727326] -> F: 0.3722914911571135
Punto[1.         0.52958017 0.53865412] -> F: 0.371375861164223
Punto[1.         0.5303467  0.54003498] -> F: 0.3704802488255375
Punto[1.         0.53111323 0.54141584] -> F: 0.3695981476133056
Punto[1.         0.53187976 0.5427967 ] -> F: 0.3687157894714949
Punto[1.         0.53264629 0.54417757] -> F: 0.36783272822306756
Punto[1.         0.53341282 0.54555843] -> F: 0.3669489638680231
Best centerpoint:  [1.         0.51041696 0.50413258] Best F:  0.3973034674104969 Best u:  [ 0.24868989 -0.92117733 -0.29930866] índice:  20
{
  "seed": 6134,
  "n_per_z": 5,
  "nz": 100,
  "nd": 100,
  "n_muestras": 50,
  "best_f": 0.3973034674104969,
  "best_cp": [
    1.0,
    0.5104169605525238,
    0.5041325776722037
  ],
  "best_u": [
    0.24868988716485485,
    -0.9211773269651432,
    -0.29930865725415495
  ],
  "n_candidatos": 54
}
