Punto[0.         0.46283454 0.51132467] -> F: 0.20143917706323922
Punto[1.         0.50873767 0.55274856] -> F: 0.35903994497078523
Punto[2.         0.445965   0.53513994] -> F: 0.0822353795679787
Punto[1.         0.45439977 0.5232323 ] -> F: 0.34147059030846677
Punto[1.         0.50765091 0.55215823] -> F: 0.36012154622710274
Punto[1.         0.50658589 0.55157972] -> F: 0.36120619582738167
Punto[1.         0.50552086 0.5510012 ] -> F: 0.36231527650009115
Punto[1.         0.50445584 0.55042268] -> F: 0.3634487882452307
Punto[1.         0.50339082 0.54984416] -> F: 0.3643967639127172
Punto[1.         0.5023258  0.54926564] -> F: 0.3653352023445989
Punto[1.         0.50126077 0.54868712] -> F: 0.3662721527904364
Punto[1.         0.50019575 0.5481086 ] -> F: 0.36720761525022977
Punto[1.         0.49913073 0.54753008] -> F: 0.368141589723979
Punto[1.         0.4980657  0.54695157] -> F: 0.369074076211684
Punto[1.         0.49700068 0.54637305] -> F: 0.3702262493597589
Punto[1.         0.49593566 0.54579453] -> F: 0.37186497820894593
Punto[1.         0.49487064 0.54521601] -> F: 0.3722930846292645
Punto[1.         0.49380561 0.54463749] -> F: 0.3716526778447485
Punto[1.         0.49274059 0.54405897] -> F: 0.3710078534567714
Punto[1.         0.49167557 0.54348045] -> F: 0.3702964116759249
Punto[1.         0.49061054 0.54290194] -> F: 0.3695208928614651
Punto[1.         0.48954552 0.54232342] -> F: 0.3687403888086158
Punto[1.        0.4884805 0.5417449] -> F: 0.3679510661050618
Punto[1.         0.48741548 0.54116638] -> F: 0.36716110184039824
Punto[1.         0.48635045 0.54058786] -> F: 0.3663640121688891
Punto[1.         0.48528543 0.54000934] -> F: 0.3655642232942124
Punto[1.         0.48422041 0.53943082] -> F: 0.3647600257975465
Punto[1.         0.48315539 0.53885231] -> F: 0.36395000508411657
Punto[1.         0.48209036 0.53827379] -> F: 0.3631395667761299
Punto[1.         0.48102534 0.53769527] -> F: 0.3623188588017875
Punto[1.         0.47996032 0.53711675] -> F: 0.3614982927835293
Punto[1.         0.47889529 0.53653823] -> F: 0.36067141074755005
Punto[1.         0.47783027 0.53595971] -> F: 0.3598396515173234
Punto[1.         0.47676525 0.53538119] -> F: 0.35900803824413036
Punto[1.         0.47570023 0.53480267] -> F: 0.358176570927971
Punto[1.         0.4746352  0.53422416] -> F: 0.3573452495688452
Punto[1.         0.47357018 0.53364564] -> F: 0.3565141015355623
Punto[1.         0.47250516 0.53306712] -> F: 0.35568405308666334
Punto[1.         0.47144013 0.5324886 ] -> F: 0.35485555755955134
Punto[1.         0.47037511 0.53191008] -> F: 0.354028614954226
Punto[1.         0.46931009 0.53133156] -> F: 0.35320322527068754
Punto[1.         0.46824507 0.53075304] -> F: 0.3523793885089357
Punto[1.         0.46718004 0.53017453] -> F: 0.3515571046689706
Punto[1.         0.46611502 0.52959601] -> F: 0.35073637375079236
Punto[1.         0.46505    0.52901749] -> F: 0.3499171957544009
Punto[1.         0.46398498 0.52843897] -> F: 0.3490831442373397
Punto[1.         0.46291995 0.52786045] -> F: 0.3482154326540071
Punto[1.         0.46185493 0.52728193] -> F: 0.3473611967176695
Punto[1.         0.46078991 0.52670341] -> F: 0.34652043642832686
Punto[1.         0.45972488 0.5261249 ] -> F: 0.3456662028452247
Punto[1.         0.45865986 0.52554638] -> F: 0.34481750510864295
Punto[1.         0.45759484 0.52496786] -> F: 0.3439790644768499
Punto[1.         0.45652982 0.52438934] -> F: 0.3431486123406926
Punto[1.         0.45546479 0.52381082] -> F: 0.3423052927346677
{
  "seed": 11507,
  "n_per_z": 10,
  "nz": 100,
  "nd": 100,
  "n_muestras": 50,
  "best_f": 0.3722930846292645,
  "best_cp": [
    1.0,
    0.49487063598542513,
    0.5452160101948977
  ],
  "best_u": [
    0.3971478906347807,
    -0.9177546256839811,
    -0.0
  ],
  "best_index": 16,
  "n_candidatos": 54
}
