Punto[0.         0.54540654 0.49622809] -> F: 0.12150765957113384
Punto[1.         0.55803463 0.47541784] -> F: 0.43576455741279285
Punto[2.         0.55435169 0.46027345] -> F: 0.16496638077300366
Punto[1.         0.54987911 0.47825077] -> F: 0.44333109179802965
Punto[1.         0.55787152 0.4754745 ] -> F: 0.4360047865776654
Punto[1.         0.55771167 0.47553002] -> F: 0.4362402681982436
Punto[1.         0.55755182 0.47558555] -> F: 0.43647580628167343
Punto[1.         0.55739197 0.47564107] -> F: 0.4367114008279547
Punto[1.         0.55723212 0.4756966 ] -> F: 0.4369470518370876
Punto[1.         0.55707228 0.47575213] -> F: 0.4371805549669905
Punto[1.         0.55691243 0.47580765] -> F: 0.4374141881094214
Punto[1.         0.55675258 0.47586318] -> F: 0.43764797919760273
Punto[1.         0.55659273 0.4759187 ] -> F: 0.4378819282315346
Punto[1.         0.55643288 0.47597423] -> F: 0.4381160352112169
Punto[1.         0.55627304 0.47602975] -> F: 0.4383503001366495
Punto[1.         0.55611319 0.47608528] -> F: 0.438584723007833
Punto[1.         0.55595334 0.4761408 ] -> F: 0.4388193038247669
Punto[1.         0.55579349 0.47619633] -> F: 0.439054042587451
Punto[1.         0.55563364 0.47625185] -> F: 0.4392889392958858
Punto[1.         0.5554738  0.47630738] -> F: 0.43952399395007113
Punto[1.         0.55531395 0.47636291] -> F: 0.43975920655000694
Punto[1.         0.5551541  0.47641843] -> F: 0.4399945770956932
Punto[1.         0.55499425 0.47647396] -> F: 0.44023010558713
Punto[1.         0.5548344  0.47652948] -> F: 0.44046579202431735
Punto[1.         0.55467455 0.47658501] -> F: 0.44070163640725496
Punto[1.         0.55451471 0.47664053] -> F: 0.4409376387359432
Punto[1.         0.55435486 0.47669606] -> F: 0.4411737990103819
Punto[1.         0.55419501 0.47675158] -> F: 0.4414101172305711
Punto[1.         0.55403516 0.47680711] -> F: 0.4416465933965108
Punto[1.         0.55387531 0.47686263] -> F: 0.441883227508201
Punto[1.         0.55371547 0.47691816] -> F: 0.44212001956564173
Punto[1.         0.55355562 0.47697369] -> F: 0.44235696956883286
Punto[1.         0.55339577 0.47702921] -> F: 0.4425940775177747
Punto[1.         0.55323592 0.47708474] -> F: 0.4428313434124668
Punto[1.         0.55307607 0.47714026] -> F: 0.44306876725290967
Punto[1.         0.55291623 0.47719579] -> F: 0.44330634903910277
Punto[1.         0.55275638 0.47725131] -> F: 0.4435440887710463
Punto[1.         0.55259653 0.47730684] -> F: 0.4437819864487407
Punto[1.         0.55243668 0.47736236] -> F: 0.4440200420721851
Punto[1.         0.55227683 0.47741789] -> F: 0.4442582556413805
Punto[1.         0.55211699 0.47747341] -> F: 0.44449662715632604
Punto[1.         0.55195714 0.47752894] -> F: 0.4447351566170222
Punto[1.         0.55179729 0.47758447] -> F: 0.44497384402346885
Punto[1.         0.55163744 0.47763999] -> F: 0.445212689375666
Punto[1.         0.55147759 0.47769552] -> F: 0.4451473199600209
Punto[1.         0.55131775 0.47775104] -> F: 0.4449714190476901
Punto[1.         0.5511579  0.47780657] -> F: 0.44479576317272357
Punto[1.         0.55099805 0.47786209] -> F: 0.4446203523351211
Punto[1.         0.5508382  0.47791762] -> F: 0.444445186534883
Punto[1.         0.55067835 0.47797314] -> F: 0.444270265772009
Punto[1.         0.5505185  0.47802867] -> F: 0.4440955900464992
Punto[1.         0.55035866 0.47808419] -> F: 0.4439090247945307
Punto[1.         0.55019881 0.47813972] -> F: 0.44371587139974983
Punto[1.         0.55003896 0.47819524] -> F: 0.4435232270675828
{
  "seed": 4116,
  "n_per_z": 10,
  "nz": 100,
  "nd": 100,
  "n_muestras": 50,
  "best_f": 0.445212689375666,
  "best_cp": [
    1.0,
    0.5516374413322774,
    0.47763999056405315
  ],
  "best_u": [
    -0.2789911060392295,
    0.8415117715626473,
    -0.46262501129154493
  ],
  "best_index": 43,
  "n_candidatos": 54
}
