Punto[0.         0.41036161 0.66385652] -> F: 0.07833114110934264
Punto[1.         0.49249765 0.52034887] -> F: 0.35560024625536235
Punto[2.         0.65553891 0.54156782] -> F: 0.18802976037033892
Punto[1.         0.53295026 0.60271217] -> F: 0.3407212234039828
Punto[1.         0.4933067  0.52199614] -> F: 0.3576580812841736
Punto[1.         0.49409957 0.52361046] -> F: 0.3596824827371649
Punto[1.         0.49489244 0.52522478] -> F: 0.36171452930355136
Punto[1.         0.49568531 0.5268391 ] -> F: 0.36375422098333277
Punto[1.         0.49647818 0.52845342] -> F: 0.36579225949650523
Punto[1.         0.49727106 0.53006774] -> F: 0.3678213038962058
Punto[1.         0.49806393 0.53168206] -> F: 0.3698577686884731
Punto[1.         0.4988568  0.53329638] -> F: 0.37190165387330687
Punto[1.         0.49964967 0.5349107 ] -> F: 0.37389858794582753
Punto[1.         0.50044254 0.53652502] -> F: 0.37311494130674133
Punto[1.         0.50123541 0.53813934] -> F: 0.3723323450761392
Punto[1.         0.50202828 0.53975366] -> F: 0.37155079925402135
Punto[1.         0.50282115 0.54136798] -> F: 0.3707703038403876
Punto[1.         0.50361403 0.5429823 ] -> F: 0.36999085883523797
Punto[1.         0.5044069  0.54459662] -> F: 0.3692124642385725
Punto[1.         0.50519977 0.54621094] -> F: 0.36843512005039125
Punto[1.         0.50599264 0.54782527] -> F: 0.36765882627069424
Punto[1.         0.50678551 0.54943959] -> F: 0.36688358289948114
Punto[1.         0.50757838 0.55105391] -> F: 0.36610938993675224
Punto[1.         0.50837125 0.55266823] -> F: 0.36533624738250753
Punto[1.         0.50916412 0.55428255] -> F: 0.364542772005118
Punto[1.         0.509957   0.55589687] -> F: 0.36374862383351847
Punto[1.         0.51074987 0.55751119] -> F: 0.3629555901003718
Punto[1.         0.51154274 0.55912551] -> F: 0.3621636708056777
Punto[1.         0.51233561 0.56073983] -> F: 0.3613728659494362
Punto[1.         0.51312848 0.56235415] -> F: 0.3605831755316475
Punto[1.         0.51392135 0.56396847] -> F: 0.35979459955231147
Punto[1.         0.51471422 0.56558279] -> F: 0.359007138011428
Punto[1.         0.51550709 0.56719711] -> F: 0.3582207909089973
Punto[1.         0.51629997 0.56881143] -> F: 0.3574355582450191
Punto[1.         0.51709284 0.57042575] -> F: 0.3566514400194938
Punto[1.         0.51788571 0.57204007] -> F: 0.3558684362324211
Punto[1.         0.51867858 0.5736544 ] -> F: 0.35508654688380104
Punto[1.         0.51947145 0.57526872] -> F: 0.3542962577509069
Punto[1.         0.52026432 0.57688304] -> F: 0.3534944868382677
Punto[1.         0.52105719 0.57849736] -> F: 0.3526938945581448
Punto[1.         0.52185006 0.58011168] -> F: 0.3518944809105381
Punto[1.         0.52264294 0.581726  ] -> F: 0.35109624589544736
Punto[1.         0.52343581 0.58334032] -> F: 0.3502991895128728
Punto[1.         0.52422868 0.58495464] -> F: 0.3495033117628143
Punto[1.         0.52502155 0.58656896] -> F: 0.34870861264527203
Punto[1.         0.52581442 0.58818328] -> F: 0.3479150921602458
Punto[1.         0.52660729 0.5897976 ] -> F: 0.3471227503077357
Punto[1.         0.52740016 0.59141192] -> F: 0.3463315870877418
Punto[1.         0.52819303 0.59302624] -> F: 0.3455416025002639
Punto[1.         0.52898591 0.59464056] -> F: 0.3447527965453023
Punto[1.         0.52977878 0.59625488] -> F: 0.343944266229392
Punto[1.         0.53057165 0.5978692 ] -> F: 0.3431366408575215
Punto[1.         0.53136452 0.59948353] -> F: 0.34233025859599664
Punto[1.         0.53215739 0.60109785] -> F: 0.3415251194448169
Best centerpoint:  [1.         0.49964967 0.5349107 ] Best F:  0.37389858794582753 Best u:  [-0.42577929 -0.50858825  0.74836488] índice:  9
{
  "seed": 16251,
  "n_per_z": 5,
  "nz": 100,
  "nd": 100,
  "n_muestras": 50,
  "best_f": 0.37389858794582753,
  "best_cp": [
    1.0,
    0.49964966984194226,
    0.5349107002913817
  ],
  "best_u": [
    -0.4257792915650727,
    -0.5085882460220873,
    0.7483648781727543
  ],
  "n_candidatos": 54
}
