Punto[0.         0.75101479 0.58253244] -> F: 0.1313593763600849
Punto[1.         0.63524456 0.54828316] -> F: 0.39273923397592186
Punto[2.         0.59561405 0.54440906] -> F: 0.1315469578654573
Punto[1.         0.67331442 0.56347075] -> F: 0.4356251803490788
Punto[1.         0.63600596 0.54858691] -> F: 0.3946411734082769
Punto[1.         0.63675213 0.54888458] -> F: 0.3965119523945593
Punto[1.         0.6374983  0.54918226] -> F: 0.3983895402452068
Punto[1.         0.63824447 0.54947994] -> F: 0.4002739369602209
Punto[1.         0.63899064 0.54977761] -> F: 0.4021399826432023
Punto[1.         0.63973681 0.55007529] -> F: 0.4039760640310894
Punto[1.         0.64048298 0.55037297] -> F: 0.4058180882840578
Punto[1.         0.64122915 0.55067064] -> F: 0.407666055402107
Punto[1.         0.64197532 0.55096832] -> F: 0.409519965385237
Punto[1.         0.64272148 0.551266  ] -> F: 0.411379818233448
Punto[1.         0.64346765 0.55156368] -> F: 0.41324561394674014
Punto[1.         0.64421382 0.55186135] -> F: 0.4151173525251132
Punto[1.         0.64495999 0.55215903] -> F: 0.4169950339685672
Punto[1.         0.64570616 0.55245671] -> F: 0.4188786582771024
Punto[1.         0.64645233 0.55275438] -> F: 0.420768225450718
Punto[1.         0.6471985  0.55305206] -> F: 0.42266373548941505
Punto[1.         0.64794467 0.55334974] -> F: 0.42456518839319324
Punto[1.         0.64869084 0.55364741] -> F: 0.42647258416205264
Punto[1.         0.64943701 0.55394509] -> F: 0.4283859227959923
Punto[1.         0.65018318 0.55424277] -> F: 0.43030520429501334
Punto[1.         0.65092935 0.55454044] -> F: 0.4321731106438543
Punto[1.         0.65167552 0.55483812] -> F: 0.4340458625207294
Punto[1.         0.65242168 0.5551358 ] -> F: 0.43592370002832725
Punto[1.         0.65316785 0.55543347] -> F: 0.43780662316664803
Punto[1.         0.65391402 0.55573115] -> F: 0.4396946319356914
Punto[1.         0.65466019 0.55602883] -> F: 0.44158772633545745
Punto[1.         0.65540636 0.5563265 ] -> F: 0.4434859063659462
Punto[1.         0.65615253 0.55662418] -> F: 0.4453891720271577
Punto[1.         0.6568987  0.55692186] -> F: 0.44729752331909167
Punto[1.         0.65764487 0.55721954] -> F: 0.449210960241749
Punto[1.         0.65839104 0.55751721] -> F: 0.45112948279512854
Punto[1.         0.65913721 0.55781489] -> F: 0.4530530909792309
Punto[1.         0.65988338 0.55811257] -> F: 0.45498178479405593
Punto[1.         0.66062955 0.55841024] -> F: 0.4569155642396037
Punto[1.         0.66137571 0.55870792] -> F: 0.45659705258253436
Punto[1.         0.66212188 0.5590056 ] -> F: 0.45522953888009354
Punto[1.         0.66286805 0.55930327] -> F: 0.4538534108475378
Punto[1.         0.66361422 0.55960095] -> F: 0.452494917359001
Punto[1.         0.66436039 0.55989863] -> F: 0.4511540584144838
Punto[1.         0.66510656 0.5601963 ] -> F: 0.4498308340139861
Punto[1.         0.66585273 0.56049398] -> F: 0.4485252441575074
Punto[1.         0.6665989  0.56079166] -> F: 0.44723728884504815
Punto[1.         0.66734507 0.56108933] -> F: 0.44596696807660835
Punto[1.         0.66809124 0.56138701] -> F: 0.4447142818521877
Punto[1.         0.66883741 0.56168469] -> F: 0.4434792301717867
Punto[1.         0.66958358 0.56198236] -> F: 0.44226181303540474
Punto[1.         0.67032974 0.56228004] -> F: 0.44092889711446226
Punto[1.         0.67107591 0.56257772] -> F: 0.43952644607726943
Punto[1.         0.67182208 0.5628754 ] -> F: 0.4381669359625437
Punto[1.         0.67256825 0.56317307] -> F: 0.4368665140531469
Best centerpoint:  [1.         0.66062955 0.55841024] Best F:  0.4569155642396037 Best u:  [-0.15643447 -0.98330494 -0.09294968] índice:  34
{
  "seed": 16528,
  "n_per_z": 5,
  "nz": 100,
  "nd": 100,
  "n_muestras": 50,
  "best_f": 0.4569155642396037,
  "best_cp": [
    1.0,
    0.6606295453405056,
    0.558410242863554
  ],
  "best_u": [
    -0.15643446504023092,
    -0.9833049447784513,
    -0.0929496838177707
  ],
  "n_candidatos": 54
}
