Punto[0.         0.44292099 0.51332255] -> F: 0.17967873185630032
Punto[1.         0.4885755  0.50717946] -> F: 0.4256815885359266
Punto[2.         0.51849299 0.46686496] -> F: 0.10791276859714187
Punto[1.         0.48070699 0.49009376] -> F: 0.41984285610516514
Punto[1.         0.48841813 0.50683775] -> F: 0.42584932347492077
Punto[1.         0.48826391 0.50650287] -> F: 0.4260126505042439
Punto[1.         0.48810969 0.50616799] -> F: 0.4261760038965285
Punto[1.         0.48795547 0.50583311] -> F: 0.42633938365177443
Punto[1.         0.48780124 0.50549823] -> F: 0.42634180198857535
Punto[1.         0.48764702 0.50516335] -> F: 0.4262128961367156
Punto[1.         0.4874928  0.50482847] -> F: 0.42608399581896733
Punto[1.         0.48733857 0.50449359] -> F: 0.4259551010353305
Punto[1.         0.48718435 0.50415871] -> F: 0.4258262117858053
Punto[1.         0.48703013 0.50382383] -> F: 0.42569732807039146
Punto[1.         0.48687591 0.50348895] -> F: 0.4255684498890892
Punto[1.         0.48672168 0.50315407] -> F: 0.42543957724189846
Punto[1.         0.48656746 0.50281919] -> F: 0.42530846860851856
Punto[1.         0.48641324 0.50248431] -> F: 0.4251771793030601
Punto[1.         0.48625901 0.50214943] -> F: 0.42504589574221374
Punto[1.         0.48610479 0.50181455] -> F: 0.4249146179259794
Punto[1.         0.48595057 0.50147967] -> F: 0.42478334585435723
Punto[1.         0.48579634 0.50114479] -> F: 0.42465207952734724
Punto[1.         0.48564212 0.50080991] -> F: 0.42452081894494936
Punto[1.         0.4854879  0.50047503] -> F: 0.42438956410716355
Punto[1.         0.48533368 0.50014015] -> F: 0.4242583150139899
Punto[1.         0.48517945 0.49980527] -> F: 0.4241251210965882
Punto[1.         0.48502523 0.49947039] -> F: 0.423991526060117
Punto[1.         0.48487101 0.49913551] -> F: 0.4238579369765059
Punto[1.         0.48471678 0.49880063] -> F: 0.423724353845755
Punto[1.         0.48456256 0.49846575] -> F: 0.4235907766678642
Punto[1.         0.48440834 0.49813087] -> F: 0.42345720544283355
Punto[1.         0.48425412 0.49779599] -> F: 0.4233236401706629
Punto[1.         0.48409989 0.49746111] -> F: 0.42319008085135235
Punto[1.         0.48394567 0.49712623] -> F: 0.4230565274849021
Punto[1.         0.48379145 0.49679135] -> F: 0.4229207048002901
Punto[1.         0.48363722 0.49645647] -> F: 0.42278486874877075
Punto[1.         0.483483   0.49612159] -> F: 0.42264903885645444
Punto[1.         0.48332878 0.49578671] -> F: 0.4225132151233413
Punto[1.         0.48317456 0.49545183] -> F: 0.42237739754943104
Punto[1.         0.48302033 0.49511695] -> F: 0.422241586134724
Punto[1.         0.48286611 0.49478207] -> F: 0.4221057808792199
Punto[1.         0.48271189 0.49444719] -> F: 0.42196998178291895
Punto[1.         0.48255766 0.49411231] -> F: 0.4218333203426589
Punto[1.         0.48240344 0.49377743] -> F: 0.42169529479198814
Punto[1.         0.48224922 0.49344255] -> F: 0.42155727560530176
Punto[1.         0.482095   0.49310767] -> F: 0.4214192627825999
Punto[1.         0.48194077 0.49277279] -> F: 0.42128125632388247
Punto[1.         0.48178655 0.49243791] -> F: 0.4211432562291495
Punto[1.         0.48163233 0.49210303] -> F: 0.42100526249840103
Punto[1.         0.4814781  0.49176815] -> F: 0.420867275131637
Punto[1.         0.48132388 0.49143327] -> F: 0.4207292941288574
Punto[1.         0.48116966 0.49109839] -> F: 0.4205014901242255
Punto[1.         0.48101543 0.49076351] -> F: 0.42027675335455866
Punto[1.         0.48086121 0.49042864] -> F: 0.42005720868153856
{
  "seed": 9405,
  "n_per_z": 10,
  "nz": 100,
  "nd": 100,
  "n_muestras": 50,
  "best_f": 0.42634180198857535,
  "best_cp": [
    1.0,
    0.4878012426451294,
    0.5054982297073226
  ],
  "best_u": [
    0.9048270524660194,
    0.16909734752103997,
    -0.3907609143542941
  ],
  "best_index": 8,
  "n_candidatos": 54
}
