Punto[0.         0.58097742 0.59774498] -> F: 0.11880354465333332
Punto[1.         0.50578271 0.46426715] -> F: 0.4130034200470313
Punto[2.         0.52719036 0.37918238] -> F: 0.1567754998542831
Punto[1.         0.55408389 0.48846368] -> F: 0.42130725882364023
Punto[1.         0.50674873 0.46475108] -> F: 0.41495665864462083
Punto[1.         0.50769543 0.46522533] -> F: 0.4168739385897524
Punto[1.         0.50864214 0.46569959] -> F: 0.41879429327943324
Punto[1.         0.50958884 0.46617384] -> F: 0.4207177227136632
Punto[1.         0.51053554 0.46664809] -> F: 0.42264422689244263
Punto[1.         0.51148225 0.46712234] -> F: 0.4245738058157713
Punto[1.         0.51242895 0.46759659] -> F: 0.4265064594836495
Punto[1.         0.51337565 0.46807085] -> F: 0.42844218789607674
Punto[1.         0.51432236 0.4685451 ] -> F: 0.4303809910530534
Punto[1.         0.51526906 0.46901935] -> F: 0.4323228689545794
Punto[1.         0.51621576 0.4694936 ] -> F: 0.43426428605705314
Punto[1.         0.51716247 0.46996785] -> F: 0.4361995773232441
Punto[1.         0.51810917 0.47044211] -> F: 0.4381373821762669
Punto[1.         0.51905587 0.47091636] -> F: 0.4400777006161215
Punto[1.         0.52000258 0.47139061] -> F: 0.4420205326428077
Punto[1.         0.52094928 0.47186486] -> F: 0.44396587825632566
Punto[1.         0.52189598 0.47233911] -> F: 0.44576734163170406
Punto[1.         0.52284269 0.47281337] -> F: 0.4450441472902889
Punto[1.         0.52378939 0.47328762] -> F: 0.44432157697910735
Punto[1.         0.52473609 0.47376187] -> F: 0.44359963069815966
Punto[1.         0.52568279 0.47423612] -> F: 0.44287830844744547
Punto[1.         0.5266295  0.47471037] -> F: 0.4421576102269649
Punto[1.         0.5275762  0.47518463] -> F: 0.4414349122757637
Punto[1.         0.5285229  0.47565888] -> F: 0.4407095199238711
Punto[1.         0.52946961 0.47613313] -> F: 0.43998476196151176
Punto[1.         0.53041631 0.47660738] -> F: 0.4392606383886863
Punto[1.         0.53136301 0.47708163] -> F: 0.43853714920539416
Punto[1.         0.53230972 0.47755589] -> F: 0.43781429441163544
Punto[1.         0.53325642 0.47803014] -> F: 0.43709207400741007
Punto[1.         0.53420312 0.47850439] -> F: 0.4363704879927184
Punto[1.         0.53514983 0.47897864] -> F: 0.43564953636756
Punto[1.         0.53609653 0.47945289] -> F: 0.43492921913193516
Punto[1.         0.53704323 0.47992715] -> F: 0.4342095362858438
Punto[1.         0.53798994 0.4804014 ] -> F: 0.4334904878292858
Punto[1.         0.53893664 0.48087565] -> F: 0.43277207376226146
Punto[1.         0.53988334 0.4813499 ] -> F: 0.4320542940847704
Punto[1.         0.54083005 0.48182415] -> F: 0.4313371487968129
Punto[1.         0.54177675 0.48229841] -> F: 0.4306206378983887
Punto[1.         0.54272345 0.48277266] -> F: 0.42990476138949807
Punto[1.         0.54367016 0.48324691] -> F: 0.42918951927014093
Punto[1.         0.54461686 0.48372116] -> F: 0.4284749115403173
Punto[1.         0.54556356 0.48419541] -> F: 0.4277582674613655
Punto[1.         0.54651027 0.48466967] -> F: 0.4270389081157367
Punto[1.         0.54745697 0.48514392] -> F: 0.42632019392213394
Punto[1.         0.54840367 0.48561817] -> F: 0.425602124880557
Punto[1.         0.54935037 0.48609242] -> F: 0.42488470099100606
Punto[1.         0.55029708 0.48656667] -> F: 0.4241679222534809
Punto[1.         0.55124378 0.48704093] -> F: 0.4234517886679819
Punto[1.         0.55219048 0.48751518] -> F: 0.42273630023450876
Punto[1.         0.55313719 0.48798943] -> F: 0.4220214569530614
{
  "seed": 11057,
  "n_per_z": 10,
  "nz": 100,
  "nd": 100,
  "n_muestras": 50,
  "best_f": 0.44576734163170406,
  "best_cp": [
    1.0,
    0.5218959819495581,
    0.4723391134782491
  ],
  "best_u": [
    -0.33873792024529137,
    0.8748088149980956,
    0.34636131220089006
  ],
  "best_index": 20,
  "n_candidatos": 54
}
