Punto[0.         0.46213633 0.55286453] -> F: 0.11038480284498504
Punto[1.         0.44464519 0.50802666] -> F: 0.41064050498977767
Punto[2.         0.37125757 0.43694953] -> F: 0.1777161927837932
Punto[1.         0.41669695 0.49490703] -> F: 0.40672961237319977
Punto[1.         0.44408623 0.50776426] -> F: 0.4110242510523807
Punto[1.         0.44353844 0.50750712] -> F: 0.41140315774555075
Punto[1.         0.44299066 0.50724998] -> F: 0.4117848713486026
Punto[1.         0.44244287 0.50699283] -> F: 0.412169391861536
Punto[1.         0.44189509 0.50673569] -> F: 0.412556719284351
Punto[1.         0.4413473  0.50647854] -> F: 0.41294685361704764
Punto[1.         0.44079952 0.5062214 ] -> F: 0.4133397948596259
Punto[1.         0.44025173 0.50596425] -> F: 0.41373554301208565
Punto[1.         0.43970395 0.50570711] -> F: 0.41413409807442725
Punto[1.         0.43915616 0.50544996] -> F: 0.4145354600466503
Punto[1.         0.43860837 0.50519282] -> F: 0.4149396289287551
Punto[1.         0.43806059 0.50493567] -> F: 0.4153466047207414
Punto[1.         0.4375128  0.50467853] -> F: 0.41575638742260923
Punto[1.         0.43696502 0.50442138] -> F: 0.4161689770343589
Punto[1.         0.43641723 0.50416424] -> F: 0.4165843735559901
Punto[1.         0.43586945 0.50390709] -> F: 0.41698442424161214
Punto[1.         0.43532166 0.50364995] -> F: 0.4173793259550399
Punto[1.         0.43477388 0.50339281] -> F: 0.4177777600007865
Punto[1.         0.43422609 0.50313566] -> F: 0.4181797263788521
Punto[1.         0.4336783  0.50287852] -> F: 0.41798457755961443
Punto[1.         0.43313052 0.50262137] -> F: 0.41763632777373455
Punto[1.         0.43258273 0.50236423] -> F: 0.4172883332830224
Punto[1.         0.43203495 0.50210708] -> F: 0.41694059408747797
Punto[1.         0.43148716 0.50184994] -> F: 0.41659311018710105
Punto[1.         0.43093938 0.50159279] -> F: 0.41624588158189174
Punto[1.         0.43039159 0.50133565] -> F: 0.4158989082718502
Punto[1.         0.42984381 0.5010785 ] -> F: 0.4155521902569763
Punto[1.         0.42929602 0.50082136] -> F: 0.41520572753727
Punto[1.         0.42874824 0.50056421] -> F: 0.41485952011273153
Punto[1.         0.42820045 0.50030707] -> F: 0.4145135679833603
Punto[1.         0.42765266 0.50004992] -> F: 0.4141678711491573
Punto[1.         0.42710488 0.49979278] -> F: 0.41381156492433097
Punto[1.         0.42655709 0.49953563] -> F: 0.4134436849323704
Punto[1.         0.42600931 0.49927849] -> F: 0.413076082511833
Punto[1.         0.42546152 0.49902135] -> F: 0.4127087576627185
Punto[1.         0.42491374 0.4987642 ] -> F: 0.4123417103850269
Punto[1.         0.42436595 0.49850706] -> F: 0.41197494067875884
Punto[1.         0.42381817 0.49824991] -> F: 0.4116084485439137
Punto[1.         0.42327038 0.49799277] -> F: 0.41124223398049164
Punto[1.         0.42272259 0.49773562] -> F: 0.41087629698849243
Punto[1.         0.42217481 0.49747848] -> F: 0.4105106375679166
Punto[1.         0.42162702 0.49722133] -> F: 0.41014525571876387
Punto[1.         0.42107924 0.49696419] -> F: 0.40978015144103414
Punto[1.         0.42053145 0.49670704] -> F: 0.4094153247347273
Punto[1.         0.41998367 0.4964499 ] -> F: 0.4090483440204395
Punto[1.         0.41943588 0.49619275] -> F: 0.40866113406279325
Punto[1.         0.4188881  0.49593561] -> F: 0.40827422597838964
Punto[1.         0.41834031 0.49567846] -> F: 0.4078876197672284
Punto[1.         0.41779253 0.49542132] -> F: 0.4075013154293099
Punto[1.         0.41724474 0.49516417] -> F: 0.4071153129646335
{
  "seed": 18853,
  "n_per_z": 10,
  "nz": 100,
  "nd": 100,
  "n_muestras": 50,
  "best_f": 0.4181797263788521,
  "best_cp": [
    1.0,
    0.434226090232821,
    0.5031356604523155
  ],
  "best_u": [
    -0.24868988716485474,
    0.9005658478447125,
    -0.35655924292838886
  ],
  "best_index": 22,
  "n_candidatos": 54
}
