Punto[0.         0.68678184 0.68722036] -> F: 0.13745151937082722
Punto[1.         0.50987953 0.61020287] -> F: 0.42057253863861044
Punto[2.         0.44640655 0.53652647] -> F: 0.10310521323664305
Punto[1.         0.5665942  0.61187342] -> F: 0.42370040131545916
Punto[1.         0.51101382 0.61023628] -> F: 0.4217799277888346
Punto[1.         0.51212543 0.61026902] -> F: 0.42298714894188305
Punto[1.         0.51323704 0.61030177] -> F: 0.4242180225101229
Punto[1.         0.51434864 0.61033451] -> F: 0.425347137523646
Punto[1.         0.51546025 0.61036725] -> F: 0.4264017604519071
Punto[1.         0.51657186 0.61039999] -> F: 0.42745456572019447
Punto[1.         0.51768347 0.61043274] -> F: 0.4285055533285081
Punto[1.         0.51879507 0.61046548] -> F: 0.4295547232768478
Punto[1.         0.51990668 0.61049822] -> F: 0.4306020755652136
Punto[1.         0.52101829 0.61053096] -> F: 0.43164761019360565
Punto[1.         0.5221299  0.61056371] -> F: 0.4326913271620241
Punto[1.         0.5232415  0.61059645] -> F: 0.433818688074968
Punto[1.         0.52435311 0.61062919] -> F: 0.43518613236965775
Punto[1.         0.52546472 0.61066194] -> F: 0.4367970052424059
Punto[1.         0.52657633 0.61069468] -> F: 0.4385644018358803
Punto[1.         0.52768793 0.61072742] -> F: 0.44033284286094965
Punto[1.         0.52879954 0.61076016] -> F: 0.4420992438158743
Punto[1.         0.52991115 0.61079291] -> F: 0.44379170747969054
Punto[1.         0.53102276 0.61082565] -> F: 0.44528649898150097
Punto[1.         0.53213436 0.61085839] -> F: 0.4468103410665943
Punto[1.         0.53324597 0.61089113] -> F: 0.4464838062766169
Punto[1.         0.53435758 0.61092388] -> F: 0.44573940715372085
Punto[1.         0.53546919 0.61095662] -> F: 0.44499381421445533
Punto[1.         0.53658079 0.61098936] -> F: 0.44424830535066356
Punto[1.        0.5376924 0.6110221] -> F: 0.44350042376530846
Punto[1.         0.53880401 0.61105485] -> F: 0.44275191558382554
Punto[1.         0.53991562 0.61108759] -> F: 0.4420034921940286
Punto[1.         0.54102722 0.61112033] -> F: 0.4412521015829368
Punto[1.         0.54213883 0.61115308] -> F: 0.44050069204509124
Punto[1.         0.54325044 0.61118582] -> F: 0.43974883967836725
Punto[1.         0.54436205 0.61121856] -> F: 0.438994450174414
Punto[1.         0.54547365 0.6112513 ] -> F: 0.4382401468978566
Punto[1.         0.54658526 0.61128405] -> F: 0.437484756823156
Punto[1.         0.54769687 0.61131679] -> F: 0.43672747425097164
Punto[1.         0.54880848 0.61134953] -> F: 0.43597027862850457
Punto[1.         0.54992008 0.61138227] -> F: 0.4352113539513864
Punto[1.         0.55103169 0.61141502] -> F: 0.4344511734679589
Punto[1.         0.5521433  0.61144776] -> F: 0.43369108066146805
Punto[1.         0.55325491 0.6114805 ] -> F: 0.4329286320371719
Punto[1.         0.55436651 0.61151325] -> F: 0.43216554251141115
Punto[1.         0.55547812 0.61154599] -> F: 0.4314025413961911
Punto[1.         0.55658973 0.61157873] -> F: 0.43063658756992645
Punto[1.         0.55770134 0.61161147] -> F: 0.42987057147629715
Punto[1.         0.55881294 0.61164422] -> F: 0.4291042699406352
Punto[1.         0.55992455 0.61167696] -> F: 0.4283352132971107
Punto[1.         0.56103616 0.6117097 ] -> F: 0.4275662465567034
Punto[1.         0.56214777 0.61174244] -> F: 0.42679653821683844
Punto[1.         0.56325937 0.61177519] -> F: 0.42602449931766223
Punto[1.         0.56437098 0.61180793] -> F: 0.42525255108385895
Punto[1.         0.56548259 0.61184067] -> F: 0.42447949363651605
Best centerpoint:  [1.         0.53213436 0.61085839] Best F:  0.4468103410665943 Best u:  [ 0.03141076 -0.82667246 -0.56180602] índice:  20
{
  "seed": 12806,
  "n_per_z": 5,
  "nz": 100,
  "nd": 100,
  "n_muestras": 50,
  "best_f": 0.4468103410665943,
  "best_cp": [
    1.0,
    0.5321343637159617,
    0.6108583913289466
  ],
  "best_u": [
    0.03141075907812828,
    -0.8266724599384813,
    -0.5618060236357348
  ],
  "n_candidatos": 54
}
