Punto[0.         0.38820808 0.52706141] -> F: 0.1369588100773217
Punto[1.         0.44960813 0.44843335] -> F: 0.4289903793222095
Punto[2.         0.47272557 0.4576558 ] -> F: 0.1294047210012584
Punto[1.         0.43046682 0.4923586 ] -> F: 0.4479500926779951
Punto[1.         0.4492253  0.44931185] -> F: 0.43015733346896146
Punto[1.         0.44885013 0.45017279] -> F: 0.4313024245760599
Punto[1.         0.44847496 0.45103372] -> F: 0.4324489768169116
Punto[1.         0.44809979 0.45189466] -> F: 0.43357524688746485
Punto[1.         0.44772462 0.45275559] -> F: 0.43469142357029733
Punto[1.         0.44734945 0.45361653] -> F: 0.43580898231467585
Punto[1.         0.44697428 0.45447746] -> F: 0.43692792312060014
Punto[1.         0.44659911 0.4553384 ] -> F: 0.4380482459880703
Punto[1.         0.44622394 0.45619933] -> F: 0.4391699509170864
Punto[1.         0.44584877 0.45706027] -> F: 0.44029303790764834
Punto[1.         0.44547361 0.4579212 ] -> F: 0.4414175069597561
Punto[1.         0.44509844 0.45878214] -> F: 0.4425433580734098
Punto[1.         0.44472327 0.45964307] -> F: 0.4436440820825956
Punto[1.         0.4443481  0.46050401] -> F: 0.44473974108977504
Punto[1.         0.44397293 0.46136494] -> F: 0.4458367071097569
Punto[1.         0.44359776 0.46222588] -> F: 0.4469349801425412
Punto[1.         0.44322259 0.46308681] -> F: 0.4480345601881276
Punto[1.         0.44284742 0.46394775] -> F: 0.44913544724651644
Punto[1.         0.44247225 0.46480868] -> F: 0.4502376413177077
Punto[1.         0.44209708 0.46566962] -> F: 0.45134114240170115
Punto[1.         0.44172191 0.46653055] -> F: 0.45244595049849706
Punto[1.         0.44134674 0.46739149] -> F: 0.4535272750426328
Punto[1.         0.44097157 0.46825242] -> F: 0.454602012432503
Punto[1.         0.4405964  0.46911336] -> F: 0.4556779854104478
Punto[1.         0.44022123 0.46997429] -> F: 0.456755193976468
Punto[1.         0.43984606 0.47083523] -> F: 0.45783363813056277
Punto[1.         0.43947089 0.47169616] -> F: 0.45891331787273265
Punto[1.         0.43909572 0.4725571 ] -> F: 0.45999423320297744
Punto[1.         0.43872055 0.47341803] -> F: 0.46107638412129726
Punto[1.         0.43834538 0.47427897] -> F: 0.462159770627692
Punto[1.         0.43797021 0.4751399 ] -> F: 0.46322895122609953
Punto[1.         0.43759504 0.47600084] -> F: 0.46428232939090136
Punto[1.         0.43721987 0.47686177] -> F: 0.465336874994749
Punto[1.         0.43684471 0.47772271] -> F: 0.46582040380379525
Punto[1.         0.43646954 0.47858364] -> F: 0.4652671553710753
Punto[1.         0.43609437 0.47944458] -> F: 0.464710974863492
Punto[1.         0.4357192  0.48030551] -> F: 0.4641523251057078
Punto[1.         0.43534403 0.48116645] -> F: 0.46359387407648245
Punto[1.         0.43496886 0.48202738] -> F: 0.4630356217758161
Punto[1.         0.43459369 0.48288832] -> F: 0.4624775682037086
Punto[1.         0.43421852 0.48374925] -> F: 0.4617138481599287
Punto[1.         0.43384335 0.48461019] -> F: 0.4603405959050598
Punto[1.         0.43346818 0.48547112] -> F: 0.4589683336807492
Punto[1.         0.43309301 0.48633206] -> F: 0.4575970614869966
Punto[1.         0.43271784 0.48719299] -> F: 0.456226779323802
Punto[1.         0.43234267 0.48805393] -> F: 0.45485748719116553
Punto[1.         0.4319675  0.48891486] -> F: 0.4534837338377284
Punto[1.         0.43159233 0.4897758 ] -> F: 0.45209878972312484
Punto[1.         0.43121716 0.49063673] -> F: 0.4507148681583016
Punto[1.         0.43084199 0.49149767] -> F: 0.44933196914325835
{
  "seed": 10578,
  "n_per_z": 10,
  "nz": 100,
  "nd": 100,
  "n_muestras": 50,
  "best_f": 0.46582040380379525,
  "best_cp": [
    1.0,
    0.4368447051005785,
    0.4777227067557593
  ],
  "best_u": [
    0.9995065603657316,
    -0.002956013556896867,
    0.031271357017495435
  ],
  "best_index": 37,
  "n_candidatos": 54
}
