Punto[0.         0.43527317 0.53273759] -> F: 0.14354568224102293
Punto[1.         0.44338647 0.44143435] -> F: 0.4427266250081205
Punto[2.         0.45103932 0.396504  ] -> F: 0.12094854641939884
Punto[1.         0.44315624 0.46462079] -> F: 0.4482878466160832
Punto[1.         0.44338187 0.44189808] -> F: 0.4432438387870307
Punto[1.         0.44337736 0.44235254] -> F: 0.44375402590505586
Punto[1.         0.44337285 0.44280699] -> F: 0.4442674971265144
Punto[1.         0.44336833 0.44326144] -> F: 0.4447842524514067
Punto[1.         0.44336382 0.4437159 ] -> F: 0.4453042918797325
Punto[1.         0.44335931 0.44417035] -> F: 0.4458276154114918
Punto[1.         0.4433548  0.44462481] -> F: 0.44635422304668465
Punto[1.         0.44335028 0.44507926] -> F: 0.44688411478531115
Punto[1.         0.44334577 0.44553372] -> F: 0.44741729062737123
Punto[1.         0.44334126 0.44598817] -> F: 0.4479537505728648
Punto[1.         0.44333674 0.44644262] -> F: 0.4484934946217919
Punto[1.         0.44333223 0.44689708] -> F: 0.44903652277415274
Punto[1.         0.44332772 0.44735153] -> F: 0.44958283502994706
Punto[1.         0.44332321 0.44780599] -> F: 0.4501324313891748
Punto[1.         0.44331869 0.44826044] -> F: 0.4506853118518362
Punto[1.         0.44331418 0.4487149 ] -> F: 0.4512414764179312
Punto[1.         0.44330967 0.44916935] -> F: 0.45180092508745995
Punto[1.         0.44330516 0.4496238 ] -> F: 0.45236365786042215
Punto[1.         0.44330064 0.45007826] -> F: 0.45288039564597704
Punto[1.         0.44329613 0.45053271] -> F: 0.45337528666650273
Punto[1.         0.44329162 0.45098717] -> F: 0.45387161229903644
Punto[1.         0.44328711 0.45144162] -> F: 0.4543693725435783
Punto[1.         0.44328259 0.45189608] -> F: 0.4548685674001282
Punto[1.         0.44327808 0.45235053] -> F: 0.4553691968686862
Punto[1.         0.44327357 0.45280498] -> F: 0.4558712609492523
Punto[1.         0.44326906 0.45325944] -> F: 0.45637475964182644
Punto[1.         0.44326454 0.45371389] -> F: 0.4567268499957257
Punto[1.         0.44326003 0.45416835] -> F: 0.4563870223647105
Punto[1.         0.44325552 0.4546228 ] -> F: 0.4560409062194106
Punto[1.         0.44325101 0.45507725] -> F: 0.4556947675450984
Punto[1.         0.44324649 0.45553171] -> F: 0.4553487872576726
Punto[1.         0.44324198 0.45598616] -> F: 0.455002965357133
Punto[1.         0.44323747 0.45644062] -> F: 0.45465730184347997
Punto[1.         0.44323296 0.45689507] -> F: 0.4543117967167131
Punto[1.         0.44322844 0.45734953] -> F: 0.4539664499768327
Punto[1.         0.44322393 0.45780398] -> F: 0.4536212616238387
Punto[1.         0.44321942 0.45825843] -> F: 0.453276231657731
Punto[1.         0.44321491 0.45871289] -> F: 0.4529313600785096
Punto[1.         0.44321039 0.45916734] -> F: 0.4525866468861746
Punto[1.         0.44320588 0.4596218 ] -> F: 0.452242092080726
Punto[1.         0.44320137 0.46007625] -> F: 0.45189769566216376
Punto[1.         0.44319686 0.46053071] -> F: 0.4515534576304879
Punto[1.         0.44319234 0.46098516] -> F: 0.4512093779856983
Punto[1.         0.44318783 0.46143961] -> F: 0.4508654567277951
Punto[1.         0.44318332 0.46189407] -> F: 0.45052169385677826
Punto[1.         0.44317881 0.46234852] -> F: 0.4501775159476247
Punto[1.         0.44317429 0.46280298] -> F: 0.4498061232715207
Punto[1.         0.44316978 0.46325743] -> F: 0.4494274699261752
Punto[1.         0.44316527 0.46371189] -> F: 0.4490489749677162
Punto[1.         0.44316076 0.46416634] -> F: 0.4486706383961434
{
  "seed": 1039,
  "n_per_z": 10,
  "nz": 100,
  "nd": 100,
  "n_muestras": 50,
  "best_f": 0.4567268499957257,
  "best_cp": [
    1.0,
    0.44326454442894614,
    0.45371389208741375
  ],
  "best_u": [
    0.3681245526846781,
    -0.5226119078355522,
    0.7690000698954389
  ],
  "best_index": 30,
  "n_candidatos": 54
}
