Punto[0.         0.61900951 0.45110222] -> F: 0.11118781903245087
Punto[1.         0.5071911  0.49345788] -> F: 0.4078026606090821
Punto[2.         0.4918217  0.50202223] -> F: 0.1701568215779094
Punto[1.         0.5554156  0.47656223] -> F: 0.4098974859554168
Punto[1.         0.50815559 0.49311997] -> F: 0.4092633785989827
Punto[1.         0.50910079 0.49278882] -> F: 0.41069800160000114
Punto[1.         0.510046   0.49245766] -> F: 0.4121357124631384
Punto[1.         0.5109912  0.49212651] -> F: 0.41357651118839445
Punto[1.         0.5119364  0.49179535] -> F: 0.41502039777576927
Punto[1.        0.5128816 0.4914642] -> F: 0.4164673722252631
Punto[1.         0.5138268  0.49113304] -> F: 0.4179174345368756
Punto[1.         0.514772   0.49080189] -> F: 0.4193705847106069
Punto[1.         0.5157172  0.49047073] -> F: 0.4208268227464569
Punto[1.         0.5166624  0.49013958] -> F: 0.4222861486444259
Punto[1.         0.5176076  0.48980842] -> F: 0.42373485315351433
Punto[1.         0.5185528  0.48947727] -> F: 0.4251861217397234
Punto[1.         0.519498   0.48914611] -> F: 0.42661560248604913
Punto[1.         0.5204432  0.48881496] -> F: 0.4279990297697746
Punto[1.        0.5213884 0.4884838] -> F: 0.42938545594915
Punto[1.         0.5223336  0.48815265] -> F: 0.43076574997116124
Punto[1.         0.5232788  0.48782149] -> F: 0.4314355784979196
Punto[1.         0.524224   0.48749034] -> F: 0.4308078148994605
Punto[1.         0.5251692  0.48715918] -> F: 0.43018051608696184
Punto[1.         0.5261144  0.48682803] -> F: 0.4295536820604234
Punto[1.         0.5270596  0.48649687] -> F: 0.4289273128198451
Punto[1.         0.5280048  0.48616572] -> F: 0.42830140836522707
Punto[1.         0.52895    0.48583456] -> F: 0.4276759686965695
Punto[1.         0.5298952  0.48550341] -> F: 0.427050993813872
Punto[1.         0.5308404  0.48517225] -> F: 0.42642648371713476
Punto[1.        0.5317856 0.4848411] -> F: 0.42580243840635784
Punto[1.         0.5327308  0.48450994] -> F: 0.42517885788154125
Punto[1.         0.533676   0.48417879] -> F: 0.42455574214268477
Punto[1.         0.5346212  0.48384763] -> F: 0.4239330911897886
Punto[1.         0.5355664  0.48351648] -> F: 0.4233109050228527
Punto[1.         0.5365116  0.48318532] -> F: 0.4226891836418771
Punto[1.         0.5374568  0.48285417] -> F: 0.42206792704686164
Punto[1.         0.538402   0.48252301] -> F: 0.4214471352378066
Punto[1.         0.5393472  0.48219186] -> F: 0.42082680821471163
Punto[1.        0.5402924 0.4818607] -> F: 0.42020694597757696
Punto[1.         0.5412376  0.48152955] -> F: 0.41958754852640273
Punto[1.        0.5421828 0.4811984] -> F: 0.41896861586118855
Punto[1.         0.543128   0.48086724] -> F: 0.4183501479819347
Punto[1.         0.5440732  0.48053609] -> F: 0.41773214488864124
Punto[1.         0.5450184  0.48020493] -> F: 0.4171146065813079
Punto[1.         0.5459636  0.47987378] -> F: 0.41649753305993475
Punto[1.         0.5469088  0.47954262] -> F: 0.415880924324522
Punto[1.         0.547854   0.47921147] -> F: 0.4152647803750694
Punto[1.         0.5487992  0.47888031] -> F: 0.41464910121157716
Punto[1.         0.5497444  0.47854916] -> F: 0.41403388683404513
Punto[1.        0.5506896 0.478218 ] -> F: 0.4134191372424733
Punto[1.         0.5516348  0.47788685] -> F: 0.41280485243686177
Punto[1.         0.55258    0.47755569] -> F: 0.4121910324172106
Punto[1.         0.5535252  0.47722454] -> F: 0.41157361635705636
Punto[1.         0.5544704  0.47689338] -> F: 0.4107406853213476
{
  "seed": 13399,
  "n_per_z": 10,
  "nz": 100,
  "nd": 100,
  "n_muestras": 50,
  "best_f": 0.4314355784979196,
  "best_cp": [
    1.0,
    0.5232787970320962,
    0.4878214927506945
  ],
  "best_u": [
    -0.99556196460308,
    0.05998689654400715,
    -0.07251170166720845
  ],
  "best_index": 20,
  "n_candidatos": 54
}
