Punto[0.         0.49035782 0.62002205] -> F: 0.15080654883758277
Punto[1.         0.56957556 0.57053427] -> F: 0.3980817101721157
Punto[2.         0.66555122 0.60611086] -> F: 0.12846860404638374
Punto[1.         0.57795452 0.61306645] -> F: 0.4306243357220793
Punto[1.         0.56974314 0.57138492] -> F: 0.39962239892854995
Punto[1.         0.56990737 0.57221855] -> F: 0.4011415583221351
Punto[1.         0.5700716  0.57305218] -> F: 0.4025932732143452
Punto[1.         0.57023582 0.57388581] -> F: 0.4039868163919207
Punto[1.         0.57040005 0.57471944] -> F: 0.40538649273078753
Punto[1.         0.57056428 0.57555307] -> F: 0.40679230223094515
Punto[1.         0.57072851 0.5763867 ] -> F: 0.40820424489239376
Punto[1.         0.57089273 0.57722033] -> F: 0.4096223207151335
Punto[1.         0.57105696 0.57805396] -> F: 0.4110465296991643
Punto[1.         0.57122119 0.5788876 ] -> F: 0.41247687184448606
Punto[1.         0.57138542 0.57972123] -> F: 0.41391334715109873
Punto[1.         0.57154965 0.58055486] -> F: 0.4153559556190026
Punto[1.         0.57171387 0.58138849] -> F: 0.41680469724819746
Punto[1.         0.5718781  0.58222212] -> F: 0.4182595720386834
Punto[1.         0.57204233 0.58305575] -> F: 0.41972057999046014
Punto[1.         0.57220656 0.58388938] -> F: 0.42118772110352815
Punto[1.         0.57237078 0.58472301] -> F: 0.42266099537788704
Punto[1.         0.57253501 0.58555664] -> F: 0.42414040281353693
Punto[1.         0.57269924 0.58639027] -> F: 0.4255473074935529
Punto[1.         0.57286347 0.5872239 ] -> F: 0.4269314031803413
Punto[1.         0.57302769 0.58805753] -> F: 0.4283200595995798
Punto[1.         0.57319192 0.58889116] -> F: 0.42971327675126864
Punto[1.         0.57335615 0.58972479] -> F: 0.43111105463540755
Punto[1.         0.57352038 0.59055843] -> F: 0.4325133932519966
Punto[1.         0.5736846  0.59139206] -> F: 0.4339202926010358
Punto[1.         0.57384883 0.59222569] -> F: 0.4352911004521425
Punto[1.         0.57401306 0.59305932] -> F: 0.43664271966324186
Punto[1.         0.57417729 0.59389295] -> F: 0.43799741333337566
Punto[1.         0.57434151 0.59472658] -> F: 0.43935518146254454
Punto[1.         0.57450574 0.59556021] -> F: 0.4407160240507482
Punto[1.         0.57466997 0.59639384] -> F: 0.44207994109798665
Punto[1.         0.5748342  0.59722747] -> F: 0.4434469326042598
Punto[1.         0.57499842 0.5980611 ] -> F: 0.44481699856956797
Punto[1.         0.57516265 0.59889473] -> F: 0.4461901389939107
Punto[1.         0.57532688 0.59972836] -> F: 0.4475663538772885
Punto[1.         0.57549111 0.60056199] -> F: 0.4469023297149529
Punto[1.         0.57565533 0.60139562] -> F: 0.4462354981469165
Punto[1.         0.57581956 0.60222926] -> F: 0.44544260938273544
Punto[1.         0.57598379 0.60306289] -> F: 0.44423066754658397
Punto[1.         0.57614802 0.60389652] -> F: 0.44302558579476065
Punto[1.         0.57631224 0.60473015] -> F: 0.4418273641272653
Punto[1.         0.57647647 0.60556378] -> F: 0.44063680275739137
Punto[1.         0.5766407  0.60639741] -> F: 0.4394606371606034
Punto[1.         0.57680493 0.60723104] -> F: 0.43830038887869865
Punto[1.         0.57696915 0.60806467] -> F: 0.43715605791167617
Punto[1.         0.57713338 0.6088983 ] -> F: 0.43602764425953666
Punto[1.         0.57729761 0.60973193] -> F: 0.4349151479222798
Punto[1.         0.57746184 0.61056556] -> F: 0.4338185688999056
Punto[1.         0.57762607 0.61139919] -> F: 0.432737907192414
Punto[1.         0.57779029 0.61223282] -> F: 0.4316731627998054
Best centerpoint:  [1.         0.57532688 0.59972836] Best F:  0.4475663538772885 Best u:  [ 0.09410831  0.39538533 -0.9136816 ] índice:  35
{
  "seed": 5235,
  "n_per_z": 5,
  "nz": 100,
  "nd": 100,
  "n_muestras": 50,
  "best_f": 0.4475663538772885,
  "best_cp": [
    1.0,
    0.5753268790680308,
    0.5997283629654873
  ],
  "best_u": [
    0.09410831331851438,
    0.3953853342383314,
    -0.9136815981695086
  ],
  "n_candidatos": 54
}
