Punto[0.         0.50920886 0.58025109] -> F: 0.16597212041628204
Punto[1.         0.46961455 0.52737706] -> F: 0.41142217848469553
Punto[2.         0.40691954 0.43146876] -> F: 0.09794753144401591
Punto[1.         0.4580642  0.50585993] -> F: 0.3993105883957481
Punto[1.         0.46938355 0.52694672] -> F: 0.4114631039154019
Punto[1.         0.46915716 0.52652498] -> F: 0.41150321459636013
Punto[1.         0.46893077 0.52610325] -> F: 0.4115433289982159
Punto[1.         0.46870439 0.52568151] -> F: 0.41158344712096934
Punto[1.         0.468478   0.52525978] -> F: 0.4116235689646203
Punto[1.         0.46825161 0.52483804] -> F: 0.411663694529169
Punto[1.         0.46802523 0.52441631] -> F: 0.4117038238146153
Punto[1.         0.46779884 0.52399457] -> F: 0.4117011036395824
Punto[1.         0.46757245 0.52357283] -> F: 0.41141045089641437
Punto[1.         0.46734607 0.5231511 ] -> F: 0.4111199172592401
Punto[1.         0.46711968 0.52272936] -> F: 0.4108295027280597
Punto[1.         0.46689329 0.52230763] -> F: 0.41053920730287297
Punto[1.         0.4666669  0.52188589] -> F: 0.41024903098368015
Punto[1.         0.46644052 0.52146415] -> F: 0.40995897377048107
Punto[1.         0.46621413 0.52104242] -> F: 0.4096690356632757
Punto[1.         0.46598774 0.52062068] -> F: 0.40937921666206417
Punto[1.         0.46576136 0.52019895] -> F: 0.4090895167668465
Punto[1.         0.46553497 0.51977721] -> F: 0.40879993597762254
Punto[1.         0.46530858 0.51935547] -> F: 0.4085104742943924
Punto[1.         0.4650822  0.51893374] -> F: 0.40822113171715596
Punto[1.         0.46485581 0.518512  ] -> F: 0.40793190824591347
Punto[1.         0.46462942 0.51809027] -> F: 0.40764280388066465
Punto[1.         0.46440304 0.51766853] -> F: 0.4073538186214097
Punto[1.         0.46417665 0.5172468 ] -> F: 0.40706495246814844
Punto[1.         0.46395026 0.51682506] -> F: 0.40677620542088117
Punto[1.         0.46372387 0.51640332] -> F: 0.4064875774796075
Punto[1.         0.46349749 0.51598159] -> F: 0.40619906864432764
Punto[1.         0.4632711  0.51555985] -> F: 0.40591067891504146
Punto[1.         0.46304471 0.51513812] -> F: 0.40562240829174934
Punto[1.         0.46281833 0.51471638] -> F: 0.4053342567744509
Punto[1.         0.46259194 0.51429464] -> F: 0.4050462243631462
Punto[1.         0.46236555 0.51387291] -> F: 0.4047583110578353
Punto[1.         0.46213917 0.51345117] -> F: 0.40447051685851815
Punto[1.         0.46191278 0.51302944] -> F: 0.4041828417651948
Punto[1.         0.46168639 0.5126077 ] -> F: 0.40389528577786526
Punto[1.         0.46146001 0.51218596] -> F: 0.40360784889652956
Punto[1.         0.46123362 0.51176423] -> F: 0.40332053112118765
Punto[1.         0.46100723 0.51134249] -> F: 0.4030333324518394
Punto[1.         0.46078085 0.51092076] -> F: 0.402746252888485
Punto[1.         0.46055446 0.51049902] -> F: 0.40245929243112444
Punto[1.         0.46032807 0.51007729] -> F: 0.40217245107975763
Punto[1.         0.46010168 0.50965555] -> F: 0.4018857288343846
Punto[1.         0.4598753  0.50923381] -> F: 0.4015991256950055
Punto[1.         0.45964891 0.50881208] -> F: 0.40131264166162006
Punto[1.         0.45942252 0.50839034] -> F: 0.40102627673422836
Punto[1.         0.45919614 0.50796861] -> F: 0.4007400309128305
Punto[1.         0.45896975 0.50754687] -> F: 0.4004539041974264
Punto[1.         0.45874336 0.50712513] -> F: 0.40016789658801616
Punto[1.         0.45851698 0.5067034 ] -> F: 0.3998820080845998
Punto[1.         0.45829059 0.50628166] -> F: 0.3995962386871771
{
  "seed": 8228,
  "n_per_z": 10,
  "nz": 100,
  "nd": 100,
  "n_muestras": 50,
  "best_f": 0.4117038238146153,
  "best_cp": [
    1.0,
    0.46802522606123237,
    0.5244163050004977
  ],
  "best_u": [
    0.9995065603657316,
    -0.025411837900422944,
    0.018462780949435733
  ],
  "best_index": 10,
  "n_candidatos": 54
}
