Punto[0.         0.57518812 0.49253062] -> F: 0.16283815892861156
Punto[1.         0.45663356 0.46826137] -> F: 0.40641911301153405
Punto[2.         0.43119483 0.56572623] -> F: 0.12411643552877134
Punto[1.         0.50319148 0.52912843] -> F: 0.41741621919923244
Punto[1.         0.45756472 0.46947871] -> F: 0.40892567146908
Punto[1.         0.45847725 0.4706717 ] -> F: 0.4113879963658118
Punto[1.         0.45938979 0.4718647 ] -> F: 0.41385615929907915
Punto[1.         0.46030232 0.47305769] -> F: 0.416329959999739
Punto[1.         0.46121486 0.47425068] -> F: 0.4188087369881856
Punto[1.         0.46212739 0.47544368] -> F: 0.4212924380582614
Punto[1.         0.46303993 0.47663667] -> F: 0.42378106320996617
Punto[1.         0.46395246 0.47782967] -> F: 0.42627461244329984
Punto[1.         0.464865   0.47902266] -> F: 0.4287730857582625
Punto[1.         0.46577753 0.48021566] -> F: 0.43127641566055525
Punto[1.         0.46669007 0.48140865] -> F: 0.43377082992646726
Punto[1.         0.46760261 0.48260165] -> F: 0.43625017774562724
Punto[1.         0.46851514 0.48379464] -> F: 0.43873231309173805
Punto[1.         0.46942768 0.48498763] -> F: 0.4408349752748122
Punto[1.         0.47034021 0.48618063] -> F: 0.4426069471711748
Punto[1.         0.47125275 0.48737362] -> F: 0.4434011553852345
Punto[1.         0.47216528 0.48856662] -> F: 0.4427462409530339
Punto[1.         0.47307782 0.48975961] -> F: 0.44209178656842635
Punto[1.         0.47399035 0.49095261] -> F: 0.4414329030771383
Punto[1.         0.47490289 0.4921456 ] -> F: 0.4407671729828254
Punto[1.         0.47581542 0.4933386 ] -> F: 0.4401019202777957
Punto[1.         0.47672796 0.49453159] -> F: 0.4394356339222115
Punto[1.         0.47764049 0.49572458] -> F: 0.4387591677673005
Punto[1.         0.47855303 0.49691758] -> F: 0.4380831966590739
Punto[1.         0.47946556 0.49811057] -> F: 0.4374077205975321
Punto[1.         0.4803781  0.49930357] -> F: 0.4367221762164197
Punto[1.         0.48129063 0.50049656] -> F: 0.43603554265957206
Punto[1.         0.48220317 0.50168956] -> F: 0.4353494221602874
Punto[1.         0.4831157  0.50288255] -> F: 0.4346561771206221
Punto[1.         0.48402824 0.50407554] -> F: 0.43395891315482477
Punto[1.         0.48494077 0.50526854] -> F: 0.4332621806516834
Punto[1.         0.48585331 0.50646153] -> F: 0.4325611739186573
Punto[1.         0.48676584 0.50765453] -> F: 0.4318532875066855
Punto[1.         0.48767838 0.50884752] -> F: 0.4311459514007736
Punto[1.         0.48859091 0.51004052] -> F: 0.4304371933329128
Punto[1.         0.48950345 0.51123351] -> F: 0.42971866798368624
Punto[1.         0.49041598 0.51242651] -> F: 0.42900071227014014
Punto[1.         0.49132852 0.5136195 ] -> F: 0.4282833261922746
Punto[1.         0.49224106 0.51481249] -> F: 0.42755508002230397
Punto[1.         0.49315359 0.51600549] -> F: 0.42682646369312893
Punto[1.         0.49406613 0.51719848] -> F: 0.42609843686771287
Punto[1.         0.49497866 0.51839148] -> F: 0.425362574388734
Punto[1.         0.4958912  0.51958447] -> F: 0.4246232305973603
Punto[1.         0.49680373 0.52077747] -> F: 0.42388449677346646
Punto[1.         0.49771627 0.52197046] -> F: 0.42314123138666626
Punto[1.         0.4986288  0.52316346] -> F: 0.4223910663547587
Punto[1.         0.49954134 0.52435645] -> F: 0.42164153241253205
Punto[1.         0.50045387 0.52554944] -> F: 0.4205936414711436
Punto[1.         0.50136641 0.52674244] -> F: 0.4195114139352047
Punto[1.         0.50227894 0.52793543] -> F: 0.418452273177901
{
  "seed": 3842,
  "n_per_z": 10,
  "nz": 100,
  "nd": 100,
  "n_muestras": 50,
  "best_f": 0.4434011553852345,
  "best_cp": [
    1.0,
    0.47125274584085425,
    0.4873736230975832
  ],
  "best_u": [
    0.9995065603657316,
    0.0019722978813257767,
    0.03134877712019301
  ],
  "best_index": 19,
  "n_candidatos": 54
}
