Punto[0.         0.54588294 0.48623595] -> F: 0.24984668809876479
Punto[1.         0.60029833 0.49679064] -> F: 0.3017005261850773
Punto[2.         0.61211159 0.41278814] -> F: 0.06308811895985779
Punto[1.         0.57899727 0.44951205] -> F: 0.28660477835754034
Punto[1.         0.59987231 0.49584507] -> F: 0.3023370493690144
Punto[1.         0.59945481 0.49491841] -> F: 0.3029619334593919
Punto[1.         0.5990373  0.49399175] -> F: 0.3035878978959485
Punto[1.         0.5986198  0.49306509] -> F: 0.30421494267868365
Punto[1.         0.5982023  0.49213843] -> F: 0.3040658036496766
Punto[1.         0.5977848  0.49121177] -> F: 0.30383299717572587
Punto[1.         0.5973673  0.49028511] -> F: 0.30359775057287447
Punto[1.         0.5969498  0.48935845] -> F: 0.3033513161741854
Punto[1.         0.5965323  0.48843179] -> F: 0.3031049156064979
Punto[1.         0.5961148  0.48750513] -> F: 0.3028577801796595
Punto[1.         0.5956973  0.48657847] -> F: 0.30259914693189355
Punto[1.         0.5952798  0.48565181] -> F: 0.30233939998875764
Punto[1.         0.5948623  0.48472515] -> F: 0.302068838949687
Punto[1.         0.5944448  0.48379849] -> F: 0.3017962544940608
Punto[1.         0.59402729 0.48287183] -> F: 0.3015140370094406
Punto[1.         0.59360979 0.48194517] -> F: 0.3012284460347024
Punto[1.         0.59319229 0.48101851] -> F: 0.3009348124190874
Punto[1.         0.59277479 0.48009184] -> F: 0.30063608887631493
Punto[1.         0.59235729 0.47916518] -> F: 0.3003312505604466
Punto[1.         0.59193979 0.47823852] -> F: 0.3000193001705332
Punto[1.         0.59152229 0.47731186] -> F: 0.2997034415290795
Punto[1.         0.59110479 0.4763852 ] -> F: 0.299378192855417
Punto[1.         0.59068729 0.47545854] -> F: 0.29905021077603217
Punto[1.         0.59026979 0.47453188] -> F: 0.2987127472895616
Punto[1.         0.58985229 0.47360522] -> F: 0.29836973786218735
Punto[1.         0.58943479 0.47267856] -> F: 0.2980217761156615
Punto[1.         0.58901729 0.4717519 ] -> F: 0.2976634230558218
Punto[1.         0.58859978 0.47082524] -> F: 0.2973001437339681
Punto[1.         0.58818228 0.46989858] -> F: 0.2969313840100218
Punto[1.         0.58776478 0.46897192] -> F: 0.29655273874512444
Punto[1.         0.58734728 0.46804526] -> F: 0.29616987446788934
Punto[1.         0.58692978 0.4671186 ] -> F: 0.29578086779754353
Punto[1.         0.58651228 0.46619194] -> F: 0.2953830265667215
Punto[1.         0.58609478 0.46526528] -> F: 0.2949763653503928
Punto[1.         0.58567728 0.46433862] -> F: 0.2945608962778334
Punto[1.         0.58525978 0.46341196] -> F: 0.2941243990574908
Punto[1.         0.58484228 0.4624853 ] -> F: 0.2936783431837611
Punto[1.         0.58442478 0.46155864] -> F: 0.2932226302173967
Punto[1.         0.58400728 0.46063197] -> F: 0.2927615725774155
Punto[1.         0.58358977 0.45970531] -> F: 0.2922961873528051
Punto[1.         0.58317227 0.45877865] -> F: 0.29181983976309345
Punto[1.         0.58275477 0.45785199] -> F: 0.2913436535510525
Punto[1.         0.58233727 0.45692533] -> F: 0.29085347770558134
Punto[1.         0.58191977 0.45599867] -> F: 0.2903616827401541
Punto[1.         0.58150227 0.45507201] -> F: 0.28985573380568763
Punto[1.         0.58108477 0.45414535] -> F: 0.2893406228105626
Punto[1.         0.58066727 0.45321869] -> F: 0.288816696996145
Punto[1.         0.58024977 0.45229203] -> F: 0.28827918291055116
Punto[1.         0.57983227 0.45136537] -> F: 0.2877309590892339
Punto[1.         0.57941477 0.45043871] -> F: 0.2871746383890326
{
  "seed": 11842,
  "n_per_z": 10,
  "nz": 100,
  "nd": 100,
  "n_muestras": 50,
  "best_f": 0.30421494267868365,
  "best_cp": [
    1.0,
    0.59861980346113,
    0.4930650914190912
  ],
  "best_u": [
    0.9510565162951535,
    0.18163563200134025,
    0.24999999999999994
  ],
  "best_index": 7,
  "n_candidatos": 54
}
