Punto[0.         0.26544073 0.47485226] -> F: 0.09855860488387379
Punto[1.         0.43234141 0.51425145] -> F: 0.3575965965621467
Punto[2.         0.62314039 0.3777284 ] -> F: 0.13846766581444087
Punto[1.         0.44429056 0.42629033] -> F: 0.3765172669641401
Punto[1.         0.43258039 0.51249223] -> F: 0.35974118753500095
Punto[1.         0.4328146  0.51076819] -> F: 0.36190986346661186
Punto[1.         0.4330488  0.50904415] -> F: 0.3641448396433239
Punto[1.         0.433283   0.50732011] -> F: 0.3664461160651366
Punto[1.         0.43351721 0.50559608] -> F: 0.3688136927320502
Punto[1.         0.43375141 0.50387204] -> F: 0.3712475696440648
Punto[1.         0.43398561 0.502148  ] -> F: 0.37374774680118017
Punto[1.         0.43421982 0.50042396] -> F: 0.3763142242033963
Punto[1.         0.43445402 0.49869992] -> F: 0.3789470018507132
Punto[1.         0.43468822 0.49697589] -> F: 0.38162473689429777
Punto[1.         0.43492243 0.49525185] -> F: 0.38380054676172143
Punto[1.         0.43515663 0.49352781] -> F: 0.3857348070759558
Punto[1.         0.43539083 0.49180377] -> F: 0.3877007731478951
Punto[1.         0.43562504 0.49007973] -> F: 0.38969844497753914
Punto[1.         0.43585924 0.4883557 ] -> F: 0.39172782256488825
Punto[1.         0.43609344 0.48663166] -> F: 0.393678374028478
Punto[1.         0.43632765 0.48490762] -> F: 0.39549160168248815
Punto[1.         0.43656185 0.48318358] -> F: 0.3973711295815991
Punto[1.         0.43679605 0.48145954] -> F: 0.399316957725811
Punto[1.         0.43703026 0.47973551] -> F: 0.4013290861151235
Punto[1.         0.43726446 0.47801147] -> F: 0.40340751474953707
Punto[1.         0.43749866 0.47628743] -> F: 0.40555224362905135
Punto[1.         0.43773287 0.47456339] -> F: 0.40776327275366653
Punto[1.         0.43796707 0.47283935] -> F: 0.40974849197411023
Punto[1.         0.43820127 0.47111532] -> F: 0.41195307316581353
Punto[1.         0.43843548 0.46939128] -> F: 0.41445587463430256
Punto[1.         0.43866968 0.46766724] -> F: 0.41716429626440055
Punto[1.         0.43890388 0.4659432 ] -> F: 0.416967706079446
Punto[1.         0.43913809 0.46421916] -> F: 0.4146941227482539
Punto[1.         0.43937229 0.46249513] -> F: 0.4123845467367185
Punto[1.         0.43960649 0.46077109] -> F: 0.41053804881009953
Punto[1.         0.4398407  0.45904705] -> F: 0.4091952337429221
Punto[1.         0.4400749  0.45732301] -> F: 0.4074462023462734
Punto[1.         0.4403091  0.45559897] -> F: 0.40577480562461765
Punto[1.         0.44054331 0.45387494] -> F: 0.40418104357795487
Punto[1.         0.44077751 0.4521509 ] -> F: 0.4026649162062848
Punto[1.         0.44101171 0.45042686] -> F: 0.4010026128431899
Punto[1.         0.44124592 0.44870282] -> F: 0.399330608624263
Punto[1.         0.44148012 0.44697878] -> F: 0.3976987078510934
Punto[1.         0.44171432 0.44525475] -> F: 0.3961069105236812
Punto[1.         0.44194853 0.44353071] -> F: 0.3944663436251403
Punto[1.         0.44218273 0.44180667] -> F: 0.39278406014819794
Punto[1.         0.44241693 0.44008263] -> F: 0.39112937524380714
Punto[1.         0.44265114 0.43835859] -> F: 0.3895022889119681
Punto[1.         0.44288534 0.43663456] -> F: 0.3878781574971153
Punto[1.         0.44311954 0.43491052] -> F: 0.3861804678141646
Punto[1.         0.44335375 0.43318648] -> F: 0.3845043061336997
Punto[1.         0.44358795 0.43146244] -> F: 0.38274824480750674
Punto[1.         0.44382215 0.4297384 ] -> F: 0.3805924587941796
Punto[1.         0.44405636 0.42801437] -> F: 0.37851610139775593
{
  "seed": 8086,
  "n_per_z": 10,
  "nz": 100,
  "nd": 100,
  "n_muestras": 50,
  "best_f": 0.41716429626440055,
  "best_cp": [
    1.0,
    0.43866968100601467,
    0.4676672398992816
  ],
  "best_u": [
    -0.03141075907812828,
    -0.660985547838689,
    0.7497409350986006
  ],
  "best_index": 30,
  "n_candidatos": 54
}
