Punto[0.         0.54409    0.39991835] -> F: 0.09036278420592263
Punto[1.         0.53368173 0.47393975] -> F: 0.36689848830689825
Punto[2.         0.44753702 0.43529364] -> F: 0.13781965878431732
Punto[1.         0.49581351 0.417606  ] -> F: 0.3651951098760198
Punto[1.         0.53292436 0.47281308] -> F: 0.3686266404240083
Punto[1.         0.53218214 0.47170894] -> F: 0.3703214387389992
Punto[1.         0.53143993 0.4706048 ] -> F: 0.37201743407966553
Punto[1.         0.53069771 0.46950065] -> F: 0.3737146264460072
Punto[1.         0.52995549 0.46839651] -> F: 0.3754677487072352
Punto[1.         0.52921328 0.46729237] -> F: 0.3773330940425215
Punto[1.         0.52847106 0.46618823] -> F: 0.37931066522205964
Punto[1.         0.52772884 0.46508409] -> F: 0.3814004622458499
Punto[1.         0.52698663 0.46397995] -> F: 0.38360248511389194
Punto[1.         0.52624441 0.4628758 ] -> F: 0.3859148664473604
Punto[1.         0.52550219 0.46177166] -> F: 0.388084908749701
Punto[1.         0.52475997 0.46066752] -> F: 0.3903806091926554
Punto[1.         0.52401776 0.45956338] -> F: 0.39280196777622367
Punto[1.         0.52327554 0.45845924] -> F: 0.39534898450040595
Punto[1.         0.52253332 0.4573551 ] -> F: 0.3980216593652021
Punto[1.         0.52179111 0.45625095] -> F: 0.40081999237061217
Punto[1.         0.52104889 0.45514681] -> F: 0.4037062097307997
Punto[1.         0.52030667 0.45404267] -> F: 0.40659266335033506
Punto[1.         0.51956445 0.45293853] -> F: 0.4088934752855031
Punto[1.         0.51882224 0.45183439] -> F: 0.41071697726521483
Punto[1.         0.51808002 0.45073025] -> F: 0.4105645023956899
Punto[1.        0.5173378 0.4496261] -> F: 0.4091319765340868
Punto[1.         0.51659559 0.44852196] -> F: 0.40770595959274936
Punto[1.         0.51585337 0.44741782] -> F: 0.4062864515716777
Punto[1.         0.51511115 0.44631368] -> F: 0.40485967549231106
Punto[1.         0.51436894 0.44520954] -> F: 0.40342408050637646
Punto[1.         0.51362672 0.4441054 ] -> F: 0.4019947694346693
Punto[1.         0.5128845  0.44300125] -> F: 0.40057174227718967
Punto[1.         0.51214228 0.44189711] -> F: 0.3991549990339376
Punto[1.         0.51140007 0.44079297] -> F: 0.39772649585474174
Punto[1.         0.51065785 0.43968883] -> F: 0.3962940225281396
Punto[1.         0.50991563 0.43858469] -> F: 0.39486766448293004
Punto[1.         0.50917342 0.43748055] -> F: 0.3933270113747987
Punto[1.        0.5084312 0.4363764] -> F: 0.39174411729923825
Punto[1.         0.50768898 0.43527226] -> F: 0.39016305876541024
Punto[1.         0.50694677 0.43416812] -> F: 0.3885882841458098
Punto[1.         0.50620455 0.43306398] -> F: 0.38701979344043663
Punto[1.         0.50546233 0.43195984] -> F: 0.3854575866492912
Punto[1.         0.50472011 0.4308557 ] -> F: 0.38388709031510554
Punto[1.         0.5039779  0.42975155] -> F: 0.3823140771985748
Punto[1.         0.50323568 0.42864741] -> F: 0.38074717936343705
Punto[1.         0.50249346 0.42754327] -> F: 0.37918639680969174
Punto[1.         0.50175125 0.42643913] -> F: 0.3776317295373392
Punto[1.         0.50100903 0.42533499] -> F: 0.37607531897853413
Punto[1.         0.50026681 0.42423085] -> F: 0.37450929550070755
Punto[1.         0.4995246  0.42312671] -> F: 0.3729492649918184
Punto[1.         0.49878238 0.42202256] -> F: 0.3713952274518662
Punto[1.         0.49804016 0.42091842] -> F: 0.3698471828808512
Punto[1.         0.49729794 0.41981428] -> F: 0.36830513127877323
Punto[1.         0.49655573 0.41871014] -> F: 0.3667488751279292
{
  "seed": 15166,
  "n_per_z": 10,
  "nz": 100,
  "nd": 100,
  "n_muestras": 50,
  "best_f": 0.41071697726521483,
  "best_cp": [
    1.0,
    0.5188222378968141,
    0.4518343881471687
  ],
  "best_u": [
    -0.1564344650402308,
    0.5551631987468808,
    0.8168978399437155
  ],
  "best_index": 23,
  "n_candidatos": 54
}
