Punto[0.         0.5058473  0.49022503] -> F: 0.153577907738864
Punto[1.         0.3989246  0.48877165] -> F: 0.40413419517099386
Punto[2.         0.41308871 0.37532726] -> F: 0.1181894803878834
Punto[1.         0.459468   0.43277615] -> F: 0.42148460560794493
Punto[1.         0.40013547 0.48765174] -> F: 0.40631764470065473
Punto[1.         0.40132212 0.48655423] -> F: 0.4084457048681483
Punto[1.         0.40250877 0.48545672] -> F: 0.4105397111628602
Punto[1.         0.40369542 0.4843592 ] -> F: 0.41263869110711676
Punto[1.         0.40488207 0.48326169] -> F: 0.4147426447009178
Punto[1.         0.40606872 0.48216418] -> F: 0.4168515719442634
Punto[1.         0.40725537 0.48106667] -> F: 0.41894654777979645
Punto[1.         0.40844202 0.47996916] -> F: 0.42100774989876427
Punto[1.         0.40962868 0.47887164] -> F: 0.4230736240864382
Punto[1.         0.41081533 0.47777413] -> F: 0.4251441703428184
Punto[1.         0.41200198 0.47667662] -> F: 0.4272193886679044
Punto[1.         0.41318863 0.47557911] -> F: 0.429274001459599
Punto[1.         0.41437528 0.4744816 ] -> F: 0.43130174406389227
Punto[1.         0.41556193 0.47338409] -> F: 0.43333387812609936
Punto[1.         0.41674858 0.47228657] -> F: 0.43537040364622015
Punto[1.         0.41793523 0.47118906] -> F: 0.4374113206242546
Punto[1.         0.41912188 0.47009155] -> F: 0.4394266579486806
Punto[1.         0.42030853 0.46899404] -> F: 0.4414202425846695
Punto[1.         0.42149518 0.46789653] -> F: 0.44341795634872505
Punto[1.         0.42268183 0.46679901] -> F: 0.44541979924084785
Punto[1.         0.42386848 0.4657015 ] -> F: 0.44662854508031125
Punto[1.         0.42505513 0.46460399] -> F: 0.44577899468002263
Punto[1.         0.42624178 0.46350648] -> F: 0.44493029591686545
Punto[1.         0.42742844 0.46240897] -> F: 0.44408244879083936
Punto[1.         0.42861509 0.46131146] -> F: 0.44323545330194464
Punto[1.         0.42980174 0.46021394] -> F: 0.44238930945018134
Punto[1.         0.43098839 0.45911643] -> F: 0.4415439591783939
Punto[1.         0.43217504 0.45801892] -> F: 0.4406983313791514
Punto[1.         0.43336169 0.45692141] -> F: 0.4398535576147328
Punto[1.         0.43454834 0.4558239 ] -> F: 0.43900963788513797
Punto[1.         0.43573499 0.45472638] -> F: 0.4381665721903669
Punto[1.         0.43692164 0.45362887] -> F: 0.43732436053041973
Punto[1.         0.43810829 0.45253136] -> F: 0.4364830029052963
Punto[1.         0.43929494 0.45143385] -> F: 0.43564249931499677
Punto[1.         0.44048159 0.45033634] -> F: 0.4348028497595209
Punto[1.         0.44166824 0.44923883] -> F: 0.4339640542388689
Punto[1.         0.44285489 0.44814131] -> F: 0.4331261127530407
Punto[1.         0.44404154 0.4470438 ] -> F: 0.4322890253020362
Punto[1.         0.44522819 0.44594629] -> F: 0.43145279188585567
Punto[1.         0.44641485 0.44484878] -> F: 0.43061741250449886
Punto[1.         0.4476015  0.44375127] -> F: 0.4297828871579658
Punto[1.         0.44878815 0.44265375] -> F: 0.42894921584625667
Punto[1.         0.4499748  0.44155624] -> F: 0.42811639856937117
Punto[1.         0.45116145 0.44045873] -> F: 0.4272844353273096
Punto[1.         0.4523481  0.43936122] -> F: 0.4264533261200718
Punto[1.         0.45353475 0.43826371] -> F: 0.4256230709476579
Punto[1.        0.4547214 0.4371662] -> F: 0.4247936698100676
Punto[1.         0.45590805 0.43606868] -> F: 0.42396512270730125
Punto[1.         0.4570947  0.43497117] -> F: 0.4231374296393587
Punto[1.         0.45828135 0.43387366] -> F: 0.4223105906062399
{
  "seed": 12556,
  "n_per_z": 10,
  "nz": 100,
  "nd": 100,
  "n_muestras": 50,
  "best_f": 0.44662854508031125,
  "best_cp": [
    1.0,
    0.4238684832179277,
    0.4657015027535187
  ],
  "best_u": [
    0.4257792915650727,
    0.8187119948743447,
    -0.3852566213878948
  ],
  "best_index": 24,
  "n_candidatos": 54
}
