Punto[0.         0.34372482 0.53302749] -> F: 0.03267710356357033
Punto[1.         0.49838004 0.42623234] -> F: 0.3960845368990787
Punto[2.         0.37533133 0.27581158] -> F: 0.05793266287852334
Punto[1.         0.35952808 0.40441954] -> F: 0.2833934566253907
Punto[1.         0.495603   0.42579608] -> F: 0.4011073999319233
Punto[1.         0.4928815  0.42536855] -> F: 0.40607722004113667
Punto[1.         0.49016    0.42494102] -> F: 0.4111090640307488
Punto[1.         0.48743851 0.42451349] -> F: 0.41620293190076024
Punto[1.         0.48471701 0.42408596] -> F: 0.42135550536303873
Punto[1.         0.48199551 0.42365843] -> F: 0.4265211577027028
Punto[1.         0.47927401 0.4232309 ] -> F: 0.4317454979111192
Punto[1.         0.47655251 0.42280337] -> F: 0.4350685365396402
Punto[1.         0.47383101 0.42237583] -> F: 0.4315927041144758
Punto[1.         0.47110951 0.4219483 ] -> F: 0.4281240710500084
Punto[1.         0.46838802 0.42152077] -> F: 0.4246494757895495
Punto[1.         0.46566652 0.42109324] -> F: 0.4211648113645431
Punto[1.         0.46294502 0.42066571] -> F: 0.41768747395555694
Punto[1.         0.46022352 0.42023818] -> F: 0.41420542780604236
Punto[1.         0.45750202 0.41981065] -> F: 0.41071260940485105
Punto[1.         0.45478052 0.41938312] -> F: 0.4072272463527609
Punto[1.         0.45205903 0.41895559] -> F: 0.4037364518155685
Punto[1.         0.44933753 0.41852806] -> F: 0.400236101409673
Punto[1.         0.44661603 0.41810053] -> F: 0.3967433356238481
Punto[1.         0.44389453 0.41767299] -> F: 0.3932427103353891
Punto[1.         0.44117303 0.41724546] -> F: 0.3897353958613832
Punto[1.         0.43845153 0.41681793] -> F: 0.3862357964840247
Punto[1.         0.43573004 0.4163904 ] -> F: 0.38272443301528547
Punto[1.         0.43300854 0.41596287] -> F: 0.37921066996430863
Punto[1.         0.43028704 0.41553534] -> F: 0.37570475396973735
Punto[1.         0.42756554 0.41510781] -> F: 0.37218188667405705
Punto[1.         0.42484404 0.41468028] -> F: 0.36866213926730873
Punto[1.         0.42212254 0.41425275] -> F: 0.36514878501278497
Punto[1.         0.41940104 0.41382522] -> F: 0.36161535036977166
Punto[1.         0.41667955 0.41339769] -> F: 0.35809003232668235
Punto[1.         0.41395805 0.41297015] -> F: 0.3545638744988335
Punto[1.         0.41123655 0.41254262] -> F: 0.35102509458584563
Punto[1.         0.40851505 0.41211509] -> F: 0.3474945694841121
Punto[1.         0.40579355 0.41168756] -> F: 0.34395517836001055
Punto[1.         0.40307205 0.41126003] -> F: 0.3404113638119852
Punto[1.         0.40035056 0.4108325 ] -> F: 0.33687594503108026
Punto[1.         0.39762906 0.41040497] -> F: 0.333322951566414
Punto[1.         0.39490756 0.40997744] -> F: 0.32977436196177917
Punto[1.         0.39218606 0.40954991] -> F: 0.32622924185616253
Punto[1.         0.38946456 0.40912238] -> F: 0.32266739732325855
Punto[1.         0.38674306 0.40869484] -> F: 0.3191142402069508
Punto[1.         0.38402157 0.40826731] -> F: 0.31555506705413694
Punto[1.         0.38130007 0.40783978] -> F: 0.31198865752228155
Punto[1.         0.37857857 0.40741225] -> F: 0.3084310869301173
Punto[1.         0.37585707 0.40698472] -> F: 0.3048576856139542
Punto[1.         0.37313557 0.40655719] -> F: 0.30128680517398004
Punto[1.         0.37041407 0.40612966] -> F: 0.29772162637431837
Punto[1.         0.36769257 0.40570213] -> F: 0.2941371546948676
Punto[1.         0.36497108 0.4052746 ] -> F: 0.290561838759611
Punto[1.         0.36224958 0.40484707] -> F: 0.2869825568030749
Best centerpoint:  [1.         0.47655251 0.42280337] Best F:  0.4350685365396402 Best u:  [-0.99802673 -0.05193282 -0.03529351] índice:  8
{
  "seed": 19805,
  "n_per_z": 5,
  "nz": 100,
  "nd": 100,
  "n_muestras": 50,
  "best_f": 0.4350685365396402,
  "best_cp": [
    1.0,
    0.47655251145070276,
    0.4228033655455382
  ],
  "best_u": [
    -0.9980267284282716,
    -0.0519328189513026,
    -0.035293507314126636
  ],
  "n_candidatos": 54
}
