Punto[0.         0.54085424 0.571635  ] -> F: 0.15117641101154983
Punto[1.         0.4963949  0.48657553] -> F: 0.4026203347104832
Punto[2.         0.59838498 0.46521214] -> F: 0.10024185635586239
Punto[1.         0.56961961 0.51842357] -> F: 0.39086431868634547
Punto[1.         0.4978594  0.48721249] -> F: 0.40538694907045086
Punto[1.         0.4992946  0.48783672] -> F: 0.40810692990233666
Punto[1.         0.50072981 0.48846094] -> F: 0.41083552162708586
Punto[1.         0.50216501 0.48908516] -> F: 0.4135727242446991
Punto[1.         0.50360021 0.48970938] -> F: 0.4163185377551756
Punto[1.         0.50503542 0.4903336 ] -> F: 0.4190729621585161
Punto[1.         0.50647062 0.49095782] -> F: 0.4218359974547204
Punto[1.         0.50790583 0.49158205] -> F: 0.4246076436437881
Punto[1.         0.50934103 0.49220627] -> F: 0.42666825258559066
Punto[1.         0.51077623 0.49283049] -> F: 0.428419081413285
Punto[1.         0.51221144 0.49345471] -> F: 0.43001618764280114
Punto[1.         0.51364664 0.49407893] -> F: 0.4316122634774091
Punto[1.         0.51508185 0.49470315] -> F: 0.4332073089171091
Punto[1.         0.51651705 0.49532738] -> F: 0.4327203617740373
Punto[1.         0.51795226 0.4959516 ] -> F: 0.43154662267263544
Punto[1.         0.51938746 0.49657582] -> F: 0.4303730915312762
Punto[1.         0.52082266 0.49720004] -> F: 0.42919986363346785
Punto[1.         0.52225787 0.49782426] -> F: 0.42802865053148836
Punto[1.         0.52369307 0.49844848] -> F: 0.42686008573703144
Punto[1.         0.52512828 0.4990727 ] -> F: 0.4256941692500974
Punto[1.         0.52656348 0.49969693] -> F: 0.42453090107068553
Punto[1.         0.52799869 0.50032115] -> F: 0.4233702811987966
Punto[1.         0.52943389 0.50094537] -> F: 0.4222123096344302
Punto[1.         0.53086909 0.50156959] -> F: 0.4210569863775864
Punto[1.         0.5323043  0.50219381] -> F: 0.4199043114282651
Punto[1.         0.5337395  0.50281803] -> F: 0.4187542847864664
Punto[1.         0.53517471 0.50344226] -> F: 0.4176069064521904
Punto[1.         0.53660991 0.50406648] -> F: 0.416462176425437
Punto[1.         0.53804512 0.5046907 ] -> F: 0.4153200947062061
Punto[1.         0.53948032 0.50531492] -> F: 0.4141806612944979
Punto[1.         0.54091552 0.50593914] -> F: 0.4130438761903122
Punto[1.         0.54235073 0.50656336] -> F: 0.41190973939364917
Punto[1.         0.54378593 0.50718758] -> F: 0.41077825090450876
Punto[1.         0.54522114 0.50781181] -> F: 0.4096494107228909
Punto[1.         0.54665634 0.50843603] -> F: 0.4085232188487957
Punto[1.         0.54809155 0.50906025] -> F: 0.40739967528222293
Punto[1.         0.54952675 0.50968447] -> F: 0.40627878002317297
Punto[1.         0.55096195 0.51030869] -> F: 0.4051605330716455
Punto[1.         0.55239716 0.51093291] -> F: 0.4040449344276407
Punto[1.         0.55383236 0.51155714] -> F: 0.40293198409115843
Punto[1.         0.55526757 0.51218136] -> F: 0.4018216820621987
Punto[1.         0.55670277 0.51280558] -> F: 0.4007140283407618
Punto[1.         0.55813798 0.5134298 ] -> F: 0.3996090229268474
Punto[1.         0.55957318 0.51405402] -> F: 0.39850666582045546
Punto[1.         0.56100838 0.51467824] -> F: 0.3974069570215863
Punto[1.         0.56244359 0.51530246] -> F: 0.3963098965302397
Punto[1.         0.56387879 0.51592669] -> F: 0.3952154843464157
Punto[1.         0.565314   0.51655091] -> F: 0.3941237204701141
Punto[1.         0.5667492  0.51717513] -> F: 0.3930346049013354
Punto[1.         0.5681844  0.51779935] -> F: 0.3919481376400792
{
  "seed": 9562,
  "n_per_z": 10,
  "nz": 100,
  "nd": 100,
  "n_muestras": 50,
  "best_f": 0.4332073089171091,
  "best_cp": [
    1.0,
    0.5150818476067731,
    0.4947031535422002
  ],
  "best_u": [
    0.21814324139654234,
    -0.6220727560576186,
    -0.7519567889206722
  ],
  "best_index": 16,
  "n_candidatos": 54
}
