Punto[0.         0.57864914 0.38815865] -> F: 0.16427579180196572
Punto[1.         0.55981844 0.50950979] -> F: 0.4120030378432524
Punto[2.         0.63968387 0.65609772] -> F: 0.08955114276046937
Punto[1.         0.60916651 0.52212818] -> F: 0.38430979021131895
Punto[1.         0.5608054  0.50976216] -> F: 0.41177941917040894
Punto[1.         0.56177262 0.51000948] -> F: 0.41132403041046994
Punto[1.         0.56273984 0.5102568 ] -> F: 0.41077486271114805
Punto[1.         0.56370706 0.51050412] -> F: 0.4102262800499953
Punto[1.         0.56467429 0.51075144] -> F: 0.4096782824270115
Punto[1.         0.56564151 0.51099876] -> F: 0.4091308698421966
Punto[1.         0.56660873 0.51124608] -> F: 0.40858404229555073
Punto[1.         0.56757595 0.5114934 ] -> F: 0.4080377997870741
Punto[1.         0.56854318 0.51174072] -> F: 0.4074921423167662
Punto[1.         0.5695104  0.51198805] -> F: 0.4069470698846274
Punto[1.         0.57047762 0.51223537] -> F: 0.40640258249065764
Punto[1.         0.57144484 0.51248269] -> F: 0.40585749001221055
Punto[1.         0.57241206 0.51273001] -> F: 0.40530265834829887
Punto[1.         0.57337929 0.51297733] -> F: 0.4047484367991678
Punto[1.         0.57434651 0.51322465] -> F: 0.40419482536481743
Punto[1.         0.57531373 0.51347197] -> F: 0.403641824045248
Punto[1.         0.57628095 0.51371929] -> F: 0.40308943284045895
Punto[1.         0.57724817 0.51396661] -> F: 0.4025376517504507
Punto[1.         0.5782154  0.51421393] -> F: 0.4019864807752231
Punto[1.         0.57918262 0.51446125] -> F: 0.40143591991477623
Punto[1.         0.58014984 0.51470857] -> F: 0.40088596916910996
Punto[1.         0.58111706 0.51495589] -> F: 0.4003366285382245
Punto[1.         0.58208429 0.51520321] -> F: 0.3997878980221196
Punto[1.         0.58305151 0.51545053] -> F: 0.3992397776207956
Punto[1.         0.58401873 0.51569785] -> F: 0.398692267334252
Punto[1.         0.58498595 0.51594517] -> F: 0.39814536716248916
Punto[1.         0.58595317 0.51619249] -> F: 0.3975990771055071
Punto[1.         0.5869204  0.51643981] -> F: 0.39704760623766866
Punto[1.         0.58788762 0.51668713] -> F: 0.3964909784283547
Punto[1.         0.58885484 0.51693445] -> F: 0.39593498691286144
Punto[1.         0.58982206 0.51718178] -> F: 0.39537963169118906
Punto[1.         0.59078929 0.5174291 ] -> F: 0.3948249127633376
Punto[1.         0.59175651 0.51767642] -> F: 0.394270830129307
Punto[1.         0.59272373 0.51792374] -> F: 0.3937173837890972
Punto[1.         0.59369095 0.51817106] -> F: 0.39316457374270825
Punto[1.         0.59465817 0.51841838] -> F: 0.39261239999014025
Punto[1.        0.5956254 0.5186657] -> F: 0.392060862531393
Punto[1.         0.59659262 0.51891302] -> F: 0.3915099613664667
Punto[1.         0.59755984 0.51916034] -> F: 0.39095969649536116
Punto[1.         0.59852706 0.51940766] -> F: 0.39041006791807653
Punto[1.         0.59949428 0.51965498] -> F: 0.38986107563461286
Punto[1.         0.60046151 0.5199023 ] -> F: 0.3893127196449699
Punto[1.         0.60142873 0.52014962] -> F: 0.38876105691064067
Punto[1.         0.60239595 0.52039694] -> F: 0.38820232560793383
Punto[1.         0.60336317 0.52064426] -> F: 0.38764425800959607
Punto[1.         0.6043304  0.52089158] -> F: 0.38708685411562743
Punto[1.         0.60529762 0.5211389 ] -> F: 0.3865301139260276
Punto[1.         0.60626484 0.52138622] -> F: 0.3859740374407969
Punto[1.         0.60723206 0.52163354] -> F: 0.3854186246599351
Punto[1.         0.60819928 0.52188086] -> F: 0.3848638755834426
{
  "seed": 9630,
  "n_per_z": 10,
  "nz": 100,
  "nd": 100,
  "n_muestras": 50,
  "best_f": 0.4120030378432524,
  "best_cp": [
    1.0,
    0.5598184362579136,
    0.509509793128693
  ],
  "best_u": [
    0.5358267949789969,
    0.4745826923810547,
    -0.6983272255002559
  ],
  "best_index": 1,
  "n_candidatos": 54
}
