Punto[0.         0.54038867 0.20090878] -> F: 0.09740003605795182
Punto[1.         0.56480894 0.39388114] -> F: 0.300110027322286
Punto[2.         0.51670302 0.3382517 ] -> F: 0.1587411993789992
Punto[1.         0.52854585 0.26958024] -> F: 0.34221956020418676
Punto[1.         0.56408368 0.39139512] -> F: 0.30553575420953016
Punto[1.         0.56337293 0.38895883] -> F: 0.3105463577612276
Punto[1.         0.56266217 0.38652253] -> F: 0.3157209712671569
Punto[1.         0.56195141 0.38408623] -> F: 0.3210569227071902
Punto[1.         0.56124066 0.38164993] -> F: 0.32513781156848254
Punto[1.         0.5605299  0.37921363] -> F: 0.3285174873334318
Punto[1.         0.55981914 0.37677734] -> F: 0.3320611730526128
Punto[1.         0.55910839 0.37434104] -> F: 0.33535432260335524
Punto[1.         0.55839763 0.37190474] -> F: 0.3384154193164161
Punto[1.         0.55768687 0.36946844] -> F: 0.3414902436116476
Punto[1.         0.55697612 0.36703215] -> F: 0.3451450336179912
Punto[1.         0.55626536 0.36459585] -> F: 0.3496789456979295
Punto[1.         0.5555546  0.36215955] -> F: 0.3549660287712675
Punto[1.         0.55484385 0.35972325] -> F: 0.36034562850565277
Punto[1.         0.55413309 0.35728696] -> F: 0.36572209067580075
Punto[1.         0.55342233 0.35485066] -> F: 0.3709389862237949
Punto[1.         0.55271158 0.35241436] -> F: 0.3762727862703622
Punto[1.         0.55200082 0.34997806] -> F: 0.3816109692000357
Punto[1.         0.55129006 0.34754177] -> F: 0.386013755083629
Punto[1.         0.55057931 0.34510547] -> F: 0.3893797222693989
Punto[1.         0.54986855 0.34266917] -> F: 0.3929096994094006
Punto[1.         0.54915779 0.34023287] -> F: 0.3939327542317254
Punto[1.         0.54844704 0.33779658] -> F: 0.3922967580642473
Punto[1.         0.54773628 0.33536028] -> F: 0.39065056127381115
Punto[1.         0.54702552 0.33292398] -> F: 0.3889962410695559
Punto[1.         0.54631477 0.33048768] -> F: 0.387327486979178
Punto[1.         0.54560401 0.32805139] -> F: 0.385653627317112
Punto[1.         0.54489325 0.32561509] -> F: 0.38396312112828157
Punto[1.         0.5441825  0.32317879] -> F: 0.3822687924884723
Punto[1.         0.54347174 0.32074249] -> F: 0.38055726237663606
Punto[1.         0.54276098 0.31830619] -> F: 0.37884175795909764
Punto[1.         0.54205022 0.3158699 ] -> F: 0.37710986163406746
Punto[1.         0.54133947 0.3134336 ] -> F: 0.3753726472949408
Punto[1.         0.54062871 0.3109973 ] -> F: 0.37362097764880364
Punto[1.         0.53991795 0.308561  ] -> F: 0.37181428436978375
Punto[1.         0.5392072  0.30612471] -> F: 0.36995573068881304
Punto[1.         0.53849644 0.30368841] -> F: 0.3680992118848644
Punto[1.         0.53778568 0.30125211] -> F: 0.3662447279579379
Punto[1.         0.53707493 0.29881581] -> F: 0.3643922789080333
Punto[1.         0.53636417 0.29637952] -> F: 0.3625418647351509
Punto[1.         0.53565341 0.29394322] -> F: 0.36069348543929036
Punto[1.         0.53494266 0.29150692] -> F: 0.35884714102045207
Punto[1.         0.5342319  0.28907062] -> F: 0.3570028314786358
Punto[1.         0.53352114 0.28663433] -> F: 0.3551605568138415
Punto[1.         0.53281039 0.28419803] -> F: 0.3533203170260694
Punto[1.         0.53209963 0.28176173] -> F: 0.35148211211531927
Punto[1.         0.53138887 0.27932543] -> F: 0.3496459420815912
Punto[1.         0.53067812 0.27688914] -> F: 0.3478118069248852
Punto[1.         0.52996736 0.27445284] -> F: 0.34597970664520133
Punto[1.         0.5292566  0.27201654] -> F: 0.34414964124253944
Best centerpoint:  [1.         0.54915779 0.34023287] Best F:  0.3939327542317254 Best u:  [-0.99950656  0.01598938 -0.02703656] índice:  22
{
  "seed": 18473,
  "n_per_z": 5,
  "nz": 100,
  "nd": 100,
  "n_muestras": 50,
  "best_f": 0.3939327542317254,
  "best_cp": [
    1.0,
    0.5491577920462486,
    0.3402328731907738
  ],
  "best_u": [
    -0.9995065603657316,
    0.015989377270924254,
    -0.02703656043864067
  ],
  "n_candidatos": 54
}
