Punto[0.         0.62377161 0.29123235] -> F: 0.07115041276386523
Punto[1.         0.56561656 0.50677992] -> F: 0.32625302721409566
Punto[2.         0.61437279 0.43729776] -> F: 0.11969659271255347
Punto[1.         0.6190722  0.36426506] -> F: 0.2990655470526838
Punto[1.         0.56668567 0.50392962] -> F: 0.3296421473815501
Punto[1.         0.5677334  0.50113633] -> F: 0.33296528526680447
Punto[1.         0.56878114 0.49834304] -> F: 0.33629020509016583
Punto[1.         0.56982887 0.49554975] -> F: 0.33972979204695863
Punto[1.         0.5708766  0.49275646] -> F: 0.34317314855655595
Punto[1.         0.57192433 0.48996316] -> F: 0.3465790344719567
Punto[1.         0.57297206 0.48716987] -> F: 0.3507875899568116
Punto[1.         0.57401979 0.48437658] -> F: 0.3559365215586402
Punto[1.         0.57506752 0.48158329] -> F: 0.3620119042129563
Punto[1.         0.57611525 0.47879   ] -> F: 0.36807721212392613
Punto[1.         0.57716298 0.47599671] -> F: 0.37142766349263184
Punto[1.         0.57821071 0.47320342] -> F: 0.37478004888396504
Punto[1.         0.57925844 0.47041013] -> F: 0.3781372068116918
Punto[1.         0.58030617 0.46761683] -> F: 0.38162437571994706
Punto[1.         0.5813539  0.46482354] -> F: 0.385003940308776
Punto[1.         0.58240163 0.46203025] -> F: 0.3883853639721743
Punto[1.         0.58344936 0.45923696] -> F: 0.39176864671014244
Punto[1.         0.58449709 0.45644367] -> F: 0.3955411393687748
Punto[1.         0.58554482 0.45365038] -> F: 0.39338233716065774
Punto[1.         0.58659255 0.45085709] -> F: 0.3908166824925352
Punto[1.         0.58764029 0.44806379] -> F: 0.38818302710154856
Punto[1.         0.58868802 0.4452705 ] -> F: 0.3855352460960924
Punto[1.         0.58973575 0.44247721] -> F: 0.38231845044950125
Punto[1.         0.59078348 0.43968392] -> F: 0.3796509798054748
Punto[1.         0.59183121 0.43689063] -> F: 0.37707119759357643
Punto[1.         0.59287894 0.43409734] -> F: 0.3742170629206356
Punto[1.         0.59392667 0.43130405] -> F: 0.37157854119166717
Punto[1.         0.5949744  0.42851076] -> F: 0.3688267525002166
Punto[1.         0.59602213 0.42571746] -> F: 0.36605214024548904
Punto[1.         0.59706986 0.42292417] -> F: 0.3633809446106434
Punto[1.         0.59811759 0.42013088] -> F: 0.3605411257025732
Punto[1.         0.59916532 0.41733759] -> F: 0.3577981236870581
Punto[1.         0.60021305 0.4145443 ] -> F: 0.3546489830186061
Punto[1.         0.60126078 0.41175101] -> F: 0.351194404345131
Punto[1.         0.60230851 0.40895772] -> F: 0.34830426828962935
Punto[1.         0.60335624 0.40616442] -> F: 0.3454773870361755
Punto[1.         0.60440397 0.40337113] -> F: 0.34249190765597887
Punto[1.         0.60545171 0.40057784] -> F: 0.33970176349927217
Punto[1.         0.60649944 0.39778455] -> F: 0.33668726934610094
Punto[1.         0.60754717 0.39499126] -> F: 0.3338062932387476
Punto[1.         0.6085949  0.39219797] -> F: 0.33083432497412996
Punto[1.         0.60964263 0.38940468] -> F: 0.3278991555029904
Punto[1.         0.61069036 0.38661139] -> F: 0.3249300009565885
Punto[1.         0.61173809 0.38381809] -> F: 0.32121234130391574
Punto[1.         0.61278582 0.3810248 ] -> F: 0.3175838372927592
Punto[1.         0.61383355 0.37823151] -> F: 0.31451977589957614
Punto[1.         0.61488128 0.37543822] -> F: 0.3114407628792899
Punto[1.         0.61592901 0.37264493] -> F: 0.3083487332683892
Punto[1.         0.61697674 0.36985164] -> F: 0.3052740783388791
Punto[1.         0.61802447 0.36705835] -> F: 0.3021688222059894
Best centerpoint:  [1.         0.58449709 0.45644367] Best F:  0.3955411393687748 Best u:  [-0.12533323 -0.67914925  0.72322049] índice:  18
{
  "seed": 7846,
  "n_per_z": 5,
  "nz": 100,
  "nd": 100,
  "n_muestras": 50,
  "best_f": 0.3955411393687748,
  "best_cp": [
    1.0,
    0.5844970938371553,
    0.45644366865653374
  ],
  "best_u": [
    -0.12533323356430415,
    -0.6791492475341313,
    0.7232204920618185
  ],
  "n_candidatos": 54
}
