Punto[0.         0.29187674 0.48974016] -> F: 0.1107122983577221
Punto[1.         0.46861008 0.48637994] -> F: 0.4089589282069609
Punto[2.         0.67497686 0.56374108] -> F: 0.1413966375883568
Punto[1.         0.4834268  0.52674062] -> F: 0.43692981548134163
Punto[1.         0.46890641 0.48718716] -> F: 0.4103241498381165
Punto[1.         0.46919682 0.48797823] -> F: 0.41166488308684207
Punto[1.         0.46948723 0.4887693 ] -> F: 0.41300840394080895
Punto[1.         0.46977763 0.48956037] -> F: 0.41435471240001737
Punto[1.         0.47006804 0.49035144] -> F: 0.41570380846446736
Punto[1.         0.47035845 0.4911425 ] -> F: 0.4170556921341589
Punto[1.         0.47064886 0.49193357] -> F: 0.4184103634090917
Punto[1.         0.47093927 0.49272464] -> F: 0.4197678222892662
Punto[1.         0.47122967 0.49351571] -> F: 0.4211079841465065
Punto[1.         0.47152008 0.49430678] -> F: 0.42244481349586327
Punto[1.         0.47181049 0.49509785] -> F: 0.42378429319204425
Punto[1.         0.4721009  0.49588892] -> F: 0.42512642323504934
Punto[1.         0.4723913  0.49667999] -> F: 0.42647120362487906
Punto[1.         0.47268171 0.49747106] -> F: 0.4278186343615327
Punto[1.         0.47297212 0.49826213] -> F: 0.42916871544501045
Punto[1.         0.47326253 0.4990532 ] -> F: 0.4305214468753126
Punto[1.         0.47355294 0.49984427] -> F: 0.431876828652439
Punto[1.         0.47384334 0.50063534] -> F: 0.4332348607763897
Punto[1.         0.47413375 0.5014264 ] -> F: 0.4345955432471645
Punto[1.         0.47442416 0.50221747] -> F: 0.4359588760647634
Punto[1.         0.47471457 0.50300854] -> F: 0.4373248592291868
Punto[1.         0.47500498 0.50379961] -> F: 0.4386934927404344
Punto[1.         0.47529538 0.50459068] -> F: 0.4400647765985061
Punto[1.         0.47558579 0.50538175] -> F: 0.44143871080340213
Punto[1.         0.4758762  0.50617282] -> F: 0.4428152953551224
Punto[1.         0.47616661 0.50696389] -> F: 0.4441945302536667
Punto[1.         0.47645701 0.50775496] -> F: 0.4455764154990354
Punto[1.         0.47674742 0.50854603] -> F: 0.4469609510912283
Punto[1.         0.47703783 0.5093371 ] -> F: 0.4483481370302454
Punto[1.         0.47732824 0.51012817] -> F: 0.4497379733160868
Punto[1.         0.47761865 0.51091924] -> F: 0.4511304599487524
Punto[1.         0.47790905 0.5117103 ] -> F: 0.4521584953855218
Punto[1.         0.47819946 0.51250137] -> F: 0.4514613723026593
Punto[1.         0.47848987 0.51329244] -> F: 0.45076362686328314
Punto[1.         0.47878028 0.51408351] -> F: 0.4500652590673933
Punto[1.         0.47907068 0.51487458] -> F: 0.44936626891498976
Punto[1.         0.47936109 0.51566565] -> F: 0.44865728788180775
Punto[1.         0.4796515  0.51645672] -> F: 0.4479400948031683
Punto[1.         0.47994191 0.51724779] -> F: 0.4472356654564348
Punto[1.         0.48023232 0.51803886] -> F: 0.44654026088236065
Punto[1.         0.48052272 0.51882993] -> F: 0.4458446551454488
Punto[1.         0.48081313 0.519621  ] -> F: 0.4451484204051496
Punto[1.         0.48110354 0.52041207] -> F: 0.44445155666146313
Punto[1.         0.48139395 0.52120314] -> F: 0.4437519428612686
Punto[1.         0.48168436 0.5219942 ] -> F: 0.44304735150024177
Punto[1.         0.48197476 0.52278527] -> F: 0.44234213778270143
Punto[1.         0.48226517 0.52357634] -> F: 0.4416363017086472
Punto[1.         0.48255558 0.52436741] -> F: 0.4404455572919411
Punto[1.         0.48284599 0.52515848] -> F: 0.43926087962316884
Punto[1.         0.48313639 0.52594955] -> F: 0.43808896568630246
{
  "seed": 798,
  "n_per_z": 5,
  "nz": 100,
  "nd": 100,
  "n_muestras": 50,
  "best_f": 0.4521584953855218,
  "best_cp": [
    1.0,
    0.4779090533158161,
    0.5117103046927233
  ],
  "best_u": [
    -0.36812455268467775,
    0.47329473870796057,
    0.8002976971240572
  ],
  "best_index": 35,
  "n_candidatos": 54
}
