Punto[0.         0.38461108 0.4205723 ] -> F: 0.10174665395243589
Punto[1.         0.37753039 0.47785426] -> F: 0.34508360768000346
Punto[2.         0.39109798 0.27209235] -> F: 0.12075554339037567
Punto[1.         0.38785453 0.34633232] -> F: 0.3335377081594077
Punto[1.         0.37773687 0.47522383] -> F: 0.3486438535439879
Punto[1.         0.37793923 0.472646  ] -> F: 0.3523598186815508
Punto[1.         0.37814158 0.47006817] -> F: 0.35597242692051806
Punto[1.         0.37834393 0.46749034] -> F: 0.359672427503163
Punto[1.         0.37854629 0.46491251] -> F: 0.363446033250088
Punto[1.         0.37874864 0.46233468] -> F: 0.3669592022620086
Punto[1.         0.37895099 0.45975685] -> F: 0.36981396016163487
Punto[1.         0.37915335 0.45717902] -> F: 0.37254905830923574
Punto[1.         0.3793557  0.45460118] -> F: 0.3753247488055828
Punto[1.         0.37955805 0.45202335] -> F: 0.3780890610771325
Punto[1.         0.37976041 0.44944552] -> F: 0.3806741253514578
Punto[1.         0.37996276 0.44686769] -> F: 0.3834838216530976
Punto[1.         0.38016511 0.44428986] -> F: 0.3862847256158184
Punto[1.         0.38036747 0.44171203] -> F: 0.3897771103383201
Punto[1.         0.38056982 0.4391342 ] -> F: 0.3932607027219031
Punto[1.         0.38077217 0.43655637] -> F: 0.3969689271328005
Punto[1.         0.38097452 0.43397854] -> F: 0.40090178357101214
Punto[1.         0.38117688 0.43140071] -> F: 0.4050083256160138
Punto[1.         0.38137923 0.42882288] -> F: 0.4088289855219848
Punto[1.         0.38158158 0.42624505] -> F: 0.4124886779344702
Punto[1.         0.38178394 0.42366722] -> F: 0.4150715369312561
Punto[1.         0.38198629 0.42108939] -> F: 0.41775889286900436
Punto[1.         0.38218864 0.41851156] -> F: 0.42032206294234103
Punto[1.         0.382391   0.41593373] -> F: 0.41938790023301353
Punto[1.         0.38259335 0.4133559 ] -> F: 0.4164144391187556
Punto[1.         0.3827957  0.41077807] -> F: 0.4134885192452228
Punto[1.         0.38299806 0.40820024] -> F: 0.4106328382406294
Punto[1.         0.38320041 0.40562241] -> F: 0.4078473961049754
Punto[1.         0.38340276 0.40304458] -> F: 0.4051321928382608
Punto[1.         0.38360512 0.40046675] -> F: 0.40247029356173564
Punto[1.         0.38380747 0.39788892] -> F: 0.39983667669983863
Punto[1.         0.38400982 0.39531109] -> F: 0.39725619819507935
Punto[1.         0.38421218 0.39273326] -> F: 0.39465311155904415
Punto[1.         0.38441453 0.39015543] -> F: 0.3910740413876623
Punto[1.         0.38461688 0.3875776 ] -> F: 0.38743762644142327
Punto[1.         0.38481923 0.38499977] -> F: 0.38384984656583016
Punto[1.         0.38502159 0.38242194] -> F: 0.38015826576918793
Punto[1.         0.38522394 0.37984411] -> F: 0.37666146823335833
Punto[1.         0.38542629 0.37726628] -> F: 0.37287696129527986
Punto[1.         0.38562865 0.37468845] -> F: 0.3701614743418661
Punto[1.         0.385831   0.37211062] -> F: 0.36733977519074323
Punto[1.         0.38603335 0.36953279] -> F: 0.36462224594309817
Punto[1.         0.38623571 0.36695496] -> F: 0.3620548977692346
Punto[1.         0.38643806 0.36437713] -> F: 0.35936894965855803
Punto[1.         0.38664041 0.3617993 ] -> F: 0.35677489921162575
Punto[1.         0.38684277 0.35922147] -> F: 0.3528557287817086
Punto[1.         0.38704512 0.35664364] -> F: 0.3489796903221822
Punto[1.         0.38724747 0.35406581] -> F: 0.34504642545568776
Punto[1.         0.38744983 0.35148798] -> F: 0.3410083779214262
Punto[1.         0.38765218 0.34891015] -> F: 0.337172138822666
Best centerpoint:  [1.         0.38218864 0.41851156] Best F:  0.42032206294234103 Best u:  [-0.03141076  0.4255692   0.90438057] índice:  23
{
  "seed": 11240,
  "n_per_z": 5,
  "nz": 100,
  "nd": 100,
  "n_muestras": 50,
  "best_f": 0.42032206294234103,
  "best_cp": [
    1.0,
    0.3821886437076455,
    0.4185115635504084
  ],
  "best_u": [
    -0.03141075907812828,
    0.42556919518716374,
    0.9043805749361746
  ],
  "n_candidatos": 54
}
