Punto[0.         0.5316982  0.55268039] -> F: 0.14208082049214232
Punto[1.         0.51441382 0.5349792 ] -> F: 0.44120090748157686
Punto[2.         0.45193317 0.47729013] -> F: 0.15529168015284658
Punto[1.         0.49181568 0.51498526] -> F: 0.4557478350743648
Punto[1.         0.51396186 0.53457932] -> F: 0.44209118668996883
Punto[1.         0.51351893 0.53418744] -> F: 0.44296436878836404
Punto[1.         0.51307601 0.53379556] -> F: 0.4438137856216904
Punto[1.         0.51263309 0.53340368] -> F: 0.4446264295693913
Punto[1.         0.51219016 0.5330118 ] -> F: 0.44543979135593226
Punto[1.         0.51174724 0.53261992] -> F: 0.4462538709813134
Punto[1.         0.51130432 0.53222804] -> F: 0.4470686684455346
Punto[1.         0.51086139 0.53183616] -> F: 0.4478841837485959
Punto[1.         0.51041847 0.53144427] -> F: 0.44870041689049744
Punto[1.         0.50997555 0.53105239] -> F: 0.4495173678712391
Punto[1.         0.50953262 0.53066051] -> F: 0.45033503669082053
Punto[1.         0.5090897  0.53026863] -> F: 0.45115059008048924
Punto[1.         0.50864678 0.52987675] -> F: 0.45196402714047257
Punto[1.         0.50820385 0.52948487] -> F: 0.4527782948633649
Punto[1.         0.50776093 0.52909299] -> F: 0.45359339324916625
Punto[1.         0.50731801 0.5287011 ] -> F: 0.4544093222978768
Punto[1.         0.50687508 0.52830922] -> F: 0.45522608200949605
Punto[1.         0.50643216 0.52791734] -> F: 0.45604366855372414
Punto[1.         0.50598923 0.52752546] -> F: 0.4568620200564917
Punto[1.         0.50554631 0.52713358] -> F: 0.4576811148850227
Punto[1.         0.50510339 0.5267417 ] -> F: 0.45850095303931676
Punto[1.         0.50466046 0.52634982] -> F: 0.4593215345193745
Punto[1.         0.50421754 0.52595794] -> F: 0.46014285932519555
Punto[1.         0.50377462 0.52556605] -> F: 0.46096492745677986
Punto[1.         0.50333169 0.52517417] -> F: 0.4617877389141272
Punto[1.         0.50288877 0.52478229] -> F: 0.46261129369723847
Punto[1.         0.50244585 0.52439041] -> F: 0.463435591806113
Punto[1.         0.50200292 0.52399853] -> F: 0.4642606332407507
Punto[1.         0.50156    0.52360665] -> F: 0.46508095130803234
Punto[1.         0.50111708 0.52321477] -> F: 0.46584272152806044
Punto[1.         0.50067415 0.52282288] -> F: 0.46660540206524354
Punto[1.         0.50023123 0.522431  ] -> F: 0.46699814172198056
Punto[1.         0.49978831 0.52203912] -> F: 0.4665307512873345
Punto[1.         0.49934538 0.52164724] -> F: 0.465932042944005
Punto[1.         0.49890246 0.52125536] -> F: 0.46532753135962196
Punto[1.         0.49845954 0.52086348] -> F: 0.4647238789027861
Punto[1.         0.49801661 0.5204716 ] -> F: 0.4641210855734977
Punto[1.         0.49757369 0.52007972] -> F: 0.46351915137175637
Punto[1.         0.49713077 0.51968783] -> F: 0.46291807629756226
Punto[1.         0.49668784 0.51929595] -> F: 0.4623178603509155
Punto[1.         0.49624492 0.51890407] -> F: 0.4617185035318159
Punto[1.         0.495802   0.51851219] -> F: 0.4611200058402635
Punto[1.         0.49535907 0.51812031] -> F: 0.46052236727625856
Punto[1.         0.49491615 0.51772843] -> F: 0.45992558783980075
Punto[1.         0.49447323 0.51733655] -> F: 0.45932966753089033
Punto[1.         0.4940303  0.51694466] -> F: 0.4587346063495269
Punto[1.         0.49358738 0.51655278] -> F: 0.45814040429571096
Punto[1.         0.49314446 0.5161609 ] -> F: 0.4575470613694421
Punto[1.         0.49270153 0.51576902] -> F: 0.45695457757072055
Punto[1.         0.49225861 0.51537714] -> F: 0.4563629528995462
{
  "seed": 18618,
  "n_per_z": 10,
  "nz": 100,
  "nd": 100,
  "n_muestras": 50,
  "best_f": 0.46699814172198056,
  "best_cp": [
    1.0,
    0.5002312300569527,
    0.5224310031651841
  ],
  "best_u": [
    -0.3681245526846781,
    -0.8147693455315838,
    -0.44792323817004676
  ],
  "best_index": 35,
  "n_candidatos": 54
}
