Punto[0.         0.4989951  0.35247797] -> F: 0.09406163877347848
Punto[1.         0.39647227 0.43290125] -> F: 0.26495427432414653
Punto[2.         0.56969655 0.56926606] -> F: 0.1040005408176978
Punto[1.         0.53434583 0.46087202] -> F: 0.32231173315684886
Punto[1.         0.39922974 0.43346066] -> F: 0.2687055664078728
Punto[1.         0.40193206 0.43400889] -> F: 0.2726321122732327
Punto[1.         0.40463439 0.43455712] -> F: 0.2769026886544915
Punto[1.         0.40733671 0.43510534] -> F: 0.28151729555164967
Punto[1.         0.41003903 0.43565357] -> F: 0.28647593296470675
Punto[1.         0.41274135 0.4362018 ] -> F: 0.291778600893663
Punto[1.         0.41544367 0.43675003] -> F: 0.2974014787413713
Punto[1.         0.41814599 0.43729825] -> F: 0.3034160282992728
Punto[1.         0.42084832 0.43784648] -> F: 0.30975078777592663
Punto[1.         0.42355064 0.43839471] -> F: 0.31642957776847913
Punto[1.         0.42625296 0.43894293] -> F: 0.3234523982769311
Punto[1.         0.42895528 0.43949116] -> F: 0.330819249301282
Punto[1.         0.4316576  0.44003939] -> F: 0.3377815813908808
Punto[1.         0.43435992 0.44058761] -> F: 0.34459518306894765
Punto[1.         0.43706225 0.44113584] -> F: 0.3515944447487137
Punto[1.         0.43976457 0.44168407] -> F: 0.35877936643017894
Punto[1.         0.44246689 0.4422323 ] -> F: 0.3660867790868759
Punto[1.         0.44516921 0.44278052] -> F: 0.3728950721736036
Punto[1.         0.44787153 0.44332875] -> F: 0.3798348351693819
Punto[1.         0.45057385 0.44387698] -> F: 0.3869060680742117
Punto[1.         0.45327618 0.4444252 ] -> F: 0.394108770888093
Punto[1.         0.4559785  0.44497343] -> F: 0.4009100732203142
Punto[1.         0.45868082 0.44552166] -> F: 0.4077257948156312
Punto[1.         0.46138314 0.44606989] -> F: 0.4147781505698849
Punto[1.         0.46408546 0.44661811] -> F: 0.42206714048307525
Punto[1.         0.46678778 0.44716634] -> F: 0.42007499213595767
Punto[1.         0.46949011 0.44771457] -> F: 0.4177737173965459
Punto[1.         0.47219243 0.44826279] -> F: 0.4154712872300207
Punto[1.         0.47489475 0.44881102] -> F: 0.4131300618381015
Punto[1.         0.47759707 0.44935925] -> F: 0.41078841033284436
Punto[1.         0.48029939 0.44990748] -> F: 0.40840799231774416
Punto[1.         0.48300171 0.4504557 ] -> F: 0.4060304526642325
Punto[1.         0.48570404 0.45100393] -> F: 0.4036074895857599
Punto[1.         0.48840636 0.45155216] -> F: 0.4011919001111395
Punto[1.         0.49110868 0.45210038] -> F: 0.39872991038307953
Punto[1.         0.493811   0.45264861] -> F: 0.39626820848719324
Punto[1.         0.49651332 0.45319684] -> F: 0.3937787566210607
Punto[1.         0.49921564 0.45374506] -> F: 0.39126630336420876
Punto[1.         0.50191797 0.45429329] -> F: 0.3887608441878762
Punto[1.         0.50462029 0.45484152] -> F: 0.38619208153954154
Punto[1.         0.50732261 0.45538975] -> F: 0.3836319840883984
Punto[1.         0.51002493 0.45593797] -> F: 0.38105629943535435
Punto[1.         0.51272725 0.4564862 ] -> F: 0.3749577285957116
Punto[1.         0.51542957 0.45703443] -> F: 0.3685909144703812
Punto[1.         0.5181319  0.45758265] -> F: 0.36229823497659214
Punto[1.         0.52083422 0.45813088] -> F: 0.3560244917330951
Punto[1.         0.52353654 0.45867911] -> F: 0.3496890857694389
Punto[1.         0.52623886 0.45922734] -> F: 0.3430768122139664
Punto[1.         0.52894118 0.45977556] -> F: 0.33606143961574847
Punto[1.         0.5316435  0.46032379] -> F: 0.3291390689939532
Best centerpoint:  [1.         0.46408546 0.44661811] Best F:  0.42206714048307525 Best u:  [ 0.09410831 -0.65837694 -0.74678205] índice:  25
{
  "seed": 13057,
  "n_per_z": 5,
  "nz": 100,
  "nd": 100,
  "n_muestras": 50,
  "best_f": 0.42206714048307525,
  "best_cp": [
    1.0,
    0.46408546245443527,
    0.4466181126974029
  ],
  "best_u": [
    0.09410831331851438,
    -0.6583769398569423,
    -0.746782050151818
  ],
  "n_candidatos": 54
}
