Punto[0.         0.51705497 0.51264575] -> F: 0.12511507287345602
Punto[1.         0.50476156 0.53656901] -> F: 0.43776588749543743
Punto[2.         0.46037468 0.44694401] -> F: 0.13521700775853637
Punto[1.         0.48871482 0.47979488] -> F: 0.456794558055879
Punto[1.         0.50444063 0.53543353] -> F: 0.43935364155979445
Punto[1.         0.50412611 0.53432076] -> F: 0.44091157967450717
Punto[1.         0.5038116  0.53320799] -> F: 0.4424714373336751
Punto[1.         0.50349708 0.53209521] -> F: 0.4440332145372973
Punto[1.         0.50318256 0.53098244] -> F: 0.4455969112853745
Punto[1.         0.50286805 0.52986967] -> F: 0.4471625275779063
Punto[1.         0.50255353 0.52875689] -> F: 0.4487300634148928
Punto[1.         0.50223902 0.52764412] -> F: 0.45029951879633434
Punto[1.         0.5019245  0.52653135] -> F: 0.4518708937222305
Punto[1.         0.50160998 0.52541857] -> F: 0.4534441881925814
Punto[1.         0.50129547 0.5243058 ] -> F: 0.45501388205642224
Punto[1.         0.50098095 0.52319303] -> F: 0.4565816090981937
Punto[1.         0.50066644 0.52208026] -> F: 0.45815123235648736
Punto[1.         0.50035192 0.52096748] -> F: 0.459722751831303
Punto[1.         0.5000374  0.51985471] -> F: 0.46129616752264074
Punto[1.         0.49972289 0.51874194] -> F: 0.4628714794305007
Punto[1.         0.49940837 0.51762916] -> F: 0.46444868755488294
Punto[1.         0.49909385 0.51651639] -> F: 0.46602779189578697
Punto[1.         0.49877934 0.51540362] -> F: 0.4676087924532136
Punto[1.         0.49846482 0.51429084] -> F: 0.4691916892271621
Punto[1.         0.49815031 0.51317807] -> F: 0.47077648221763263
Punto[1.         0.49783579 0.5120653 ] -> F: 0.4723631714246255
Punto[1.         0.49752127 0.51095252] -> F: 0.47395175684814056
Punto[1.         0.49720676 0.50983975] -> F: 0.4755422384881776
Punto[1.         0.49689224 0.50872698] -> F: 0.47529946037971316
Punto[1.         0.49657773 0.50761421] -> F: 0.47471385754016765
Punto[1.         0.49626321 0.50650143] -> F: 0.4741286208866987
Punto[1.         0.49594869 0.50538866] -> F: 0.47354375041930624
Punto[1.         0.49563418 0.50427589] -> F: 0.47295924613799023
Punto[1.         0.49531966 0.50316311] -> F: 0.4723751080427508
Punto[1.         0.49500515 0.50205034] -> F: 0.47179133613358765
Punto[1.         0.49469063 0.50093757] -> F: 0.4712079304105011
Punto[1.         0.49437611 0.49982479] -> F: 0.4706248908734909
Punto[1.         0.4940616  0.49871202] -> F: 0.47004221752255726
Punto[1.         0.49374708 0.49759925] -> F: 0.4694557000233199
Punto[1.         0.49343256 0.49648647] -> F: 0.46886681407877856
Punto[1.         0.49311805 0.4953737 ] -> F: 0.4682783031189311
Punto[1.         0.49280353 0.49426093] -> F: 0.4676901671437775
Punto[1.         0.49248902 0.49314816] -> F: 0.46710240615331766
Punto[1.         0.4921745  0.49203538] -> F: 0.4665150201475517
Punto[1.         0.49185998 0.49092261] -> F: 0.4659280091264797
Punto[1.         0.49154547 0.48980984] -> F: 0.46534137309010143
Punto[1.         0.49123095 0.48869706] -> F: 0.46475511203841713
Punto[1.         0.49091644 0.48758429] -> F: 0.46382066389949916
Punto[1.         0.49060192 0.48647152] -> F: 0.46288762414718987
Punto[1.         0.4902874  0.48535874] -> F: 0.4618231697384695
Punto[1.         0.48997289 0.48424597] -> F: 0.4607792992417894
Punto[1.         0.48965837 0.4831332 ] -> F: 0.4597560126571495
Punto[1.         0.48934385 0.48202042] -> F: 0.4587533099845498
Punto[1.         0.48902934 0.48090765] -> F: 0.45777119122399046
{
  "seed": 3356,
  "n_per_z": 10,
  "nz": 100,
  "nd": 100,
  "n_muestras": 50,
  "best_f": 0.4755422384881776,
  "best_cp": [
    1.0,
    0.49720675816845467,
    0.509839751298601
  ],
  "best_u": [
    -0.03141075907812828,
    0.453766482833394,
    0.8905668662549415
  ],
  "best_index": 27,
  "n_candidatos": 54
}
