Punto[0.         0.54413547 0.45339776] -> F: 0.11779559695993415
Punto[1.         0.51681236 0.51343398] -> F: 0.4458904228876213
Punto[2.         0.54753595 0.5260918 ] -> F: 0.14585007598667873
Punto[1.         0.54583571 0.48974478] -> F: 0.44243424820788246
Punto[1.         0.51739283 0.5129602 ] -> F: 0.4469700820574587
Punto[1.         0.51796169 0.51249589] -> F: 0.4480303576805741
Punto[1.         0.51853054 0.51203158] -> F: 0.44909282062080136
Punto[1.         0.5190994  0.51156727] -> F: 0.4501574708781409
Punto[1.         0.51966826 0.51110296] -> F: 0.45122430845259254
Punto[1.         0.52023712 0.51063865] -> F: 0.4522933333441566
Punto[1.         0.52080597 0.51017435] -> F: 0.4533645455528325
Punto[1.         0.52137483 0.50971004] -> F: 0.45443794507862073
Punto[1.         0.52194369 0.50924573] -> F: 0.4555135319215212
Punto[1.         0.52251255 0.50878142] -> F: 0.4562788504471678
Punto[1.         0.5230814  0.50831711] -> F: 0.45687111901508765
Punto[1.         0.52365026 0.5078528 ] -> F: 0.4573984428373049
Punto[1.         0.52421912 0.50738849] -> F: 0.4579491741490937
Punto[1.         0.52478798 0.50692419] -> F: 0.4585233129504536
Punto[1.         0.52535684 0.50645988] -> F: 0.4591208592413848
Punto[1.         0.52592569 0.50599557] -> F: 0.4597418130218872
Punto[1.         0.52649455 0.50553126] -> F: 0.46031589918200166
Punto[1.         0.52706341 0.50506695] -> F: 0.45979470276304557
Punto[1.         0.52763227 0.50460264] -> F: 0.45927605640744024
Punto[1.         0.52820112 0.50413834] -> F: 0.4587599601151859
Punto[1.         0.52876998 0.50367403] -> F: 0.4582464138862823
Punto[1.         0.52933884 0.50320972] -> F: 0.4577354177207296
Punto[1.         0.5299077  0.50274541] -> F: 0.4572269716185277
Punto[1.         0.53047655 0.5022811 ] -> F: 0.45672107557967667
Punto[1.         0.53104541 0.50181679] -> F: 0.45621772960417634
Punto[1.         0.53161427 0.50135249] -> F: 0.4557169336920272
Punto[1.         0.53218313 0.50088818] -> F: 0.4552186878432288
Punto[1.         0.53275198 0.50042387] -> F: 0.4547229920577812
Punto[1.         0.53332084 0.49995956] -> F: 0.4542298463356843
Punto[1.         0.5338897  0.49949525] -> F: 0.4537392506769384
Punto[1.         0.53445856 0.49903094] -> F: 0.4532512050815434
Punto[1.         0.53502742 0.49856664] -> F: 0.45275898457257013
Punto[1.         0.53559627 0.49810233] -> F: 0.45225197433032527
Punto[1.         0.53616513 0.49763802] -> F: 0.45174889595482776
Punto[1.         0.53673399 0.49717371] -> F: 0.45124974944607754
Punto[1.         0.53730285 0.4967094 ] -> F: 0.4507545348040747
Punto[1.         0.5378717  0.49624509] -> F: 0.45026325202881906
Punto[1.         0.53844056 0.49578079] -> F: 0.44977590112031074
Punto[1.         0.53900942 0.49531648] -> F: 0.4492924820785497
Punto[1.         0.53957828 0.49485217] -> F: 0.4487797316818399
Punto[1.         0.54014713 0.49438786] -> F: 0.44819535292786056
Punto[1.         0.54071599 0.49392355] -> F: 0.4476124774978776
Punto[1.         0.54128485 0.49345924] -> F: 0.44703110539189145
Punto[1.         0.54185371 0.49299494] -> F: 0.4464512366099019
Punto[1.         0.54242256 0.49253063] -> F: 0.4458728711519091
Punto[1.         0.54299142 0.49206632] -> F: 0.44529600901791294
Punto[1.         0.54356028 0.49160201] -> F: 0.44472065020791357
Punto[1.         0.54412914 0.4911377 ] -> F: 0.4441467947219106
Punto[1.         0.544698   0.49067339] -> F: 0.4435744425599047
Punto[1.         0.54526685 0.49020909] -> F: 0.44300359372189513
{
  "seed": 12178,
  "n_per_z": 10,
  "nz": 100,
  "nd": 100,
  "n_muestras": 50,
  "best_f": 0.46031589918200166,
  "best_cp": [
    1.0,
    0.5264945504038473,
    0.5055312615049652
  ],
  "best_u": [
    -0.33873792024529137,
    0.9404165010917025,
    0.029553779154865265
  ],
  "best_index": 20,
  "n_candidatos": 54
}
