Punto[0.         0.41204655 0.62894975] -> F: 0.08750707812678223
Punto[1.         0.50672877 0.49927368] -> F: 0.3499976621388448
Punto[2.         0.32806947 0.45696223] -> F: 0.07232455953452525
Punto[1.         0.37005801 0.54295599] -> F: 0.3125476449077716
Punto[1.         0.50399536 0.50014733] -> F: 0.35446759174610937
Punto[1.         0.50131661 0.5010035 ] -> F: 0.3589356498698212
Punto[1.         0.49863786 0.50185967] -> F: 0.36306507219475764
Punto[1.         0.49595912 0.50271585] -> F: 0.3674040424995433
Punto[1.         0.49328037 0.50357202] -> F: 0.3716148621674982
Punto[1.         0.49060162 0.50442819] -> F: 0.3756947022788776
Punto[1.         0.48792288 0.50528437] -> F: 0.37983663483360525
Punto[1.         0.48524413 0.50614054] -> F: 0.38461549200940204
Punto[1.         0.48256538 0.50699671] -> F: 0.38977970839755255
Punto[1.         0.47988663 0.50785289] -> F: 0.3955331541018013
Punto[1.         0.47720789 0.50870906] -> F: 0.4006460875232163
Punto[1.         0.47452914 0.50956523] -> F: 0.40476721619688
Punto[1.         0.47185039 0.51042141] -> F: 0.4090843773439964
Punto[1.         0.46917165 0.51127758] -> F: 0.4135975709645652
Punto[1.         0.4664929  0.51213375] -> F: 0.41830679705858653
Punto[1.         0.46381415 0.51298993] -> F: 0.42280329865258
Punto[1.         0.46113541 0.5138461 ] -> F: 0.42463899394763055
Punto[1.         0.45845666 0.51470227] -> F: 0.4213078096036088
Punto[1.         0.45577791 0.51555845] -> F: 0.41799504410412597
Punto[1.         0.45309916 0.51641462] -> F: 0.41470069744918214
Punto[1.         0.45042042 0.51727079] -> F: 0.4114247696387773
Punto[1.         0.44774167 0.51812697] -> F: 0.40812559510467983
Punto[1.         0.44506292 0.51898314] -> F: 0.4048372324055007
Punto[1.         0.44238418 0.51983931] -> F: 0.40156785760768915
Punto[1.         0.43970543 0.52069549] -> F: 0.39831747071124524
Punto[1.         0.43702668 0.52155166] -> F: 0.39508607171616883
Punto[1.         0.43434793 0.52240783] -> F: 0.39187366062246004
Punto[1.         0.43166919 0.52326401] -> F: 0.38865058655551155
Punto[1.         0.42899044 0.52412018] -> F: 0.38542518023759303
Punto[1.         0.42631169 0.52497635] -> F: 0.38221938056306565
Punto[1.         0.42363295 0.52583253] -> F: 0.3790331875319294
Punto[1.        0.4209542 0.5266887] -> F: 0.37586660114418435
Punto[1.         0.41827545 0.52754487] -> F: 0.3727196213998304
Punto[1.         0.41559671 0.52840105] -> F: 0.36956230514883087
Punto[1.         0.41291796 0.52925722] -> F: 0.36640176633177957
Punto[1.         0.41023921 0.53011339] -> F: 0.36326151033030524
Punto[1.         0.40756046 0.53096957] -> F: 0.36014153714440766
Punto[1.         0.40488172 0.53182574] -> F: 0.3570418467740871
Punto[1.         0.40220297 0.53268191] -> F: 0.35396243921934334
Punto[1.         0.39952422 0.53353809] -> F: 0.3508608119603763
Punto[1.         0.39684548 0.53439426] -> F: 0.3477672834401374
Punto[1.         0.39416673 0.53525043] -> F: 0.34469478077752835
Punto[1.         0.39148798 0.53610661] -> F: 0.34164330397254905
Punto[1.         0.38880924 0.53696278] -> F: 0.3386128530251994
Punto[1.         0.38613049 0.53781895] -> F: 0.3355934481141241
Punto[1.         0.38345174 0.53867513] -> F: 0.33254750475078765
Punto[1.         0.38077299 0.5395313 ] -> F: 0.3293259504321856
Punto[1.         0.37809425 0.54038747] -> F: 0.3253189854396742
Punto[1.         0.3754155  0.54124364] -> F: 0.32124335529561304
Punto[1.         0.37273675 0.54209982] -> F: 0.31720271854830223
Best centerpoint:  [1.         0.46113541 0.5138461 ] Best F:  0.42463899394763055 Best u:  [ 0.99556196 -0.09037162  0.02625538] índice:  17
{
  "seed": 2940,
  "n_per_z": 5,
  "nz": 100,
  "nd": 100,
  "n_muestras": 50,
  "best_f": 0.42463899394763055,
  "best_cp": [
    1.0,
    0.46113540511287876,
    0.5138460998779413
  ],
  "best_u": [
    0.99556196460308,
    -0.09037161904947665,
    0.026255382420218666
  ],
  "n_candidatos": 54
}
