Punto[0.         0.58538857 0.47591538] -> F: 0.12877081449632663
Punto[1.         0.51736944 0.50149196] -> F: 0.3114825679349172
Punto[2.         0.75108099 0.52263122] -> F: 0.0914077680764964
Punto[1.         0.66823478 0.4992733 ] -> F: 0.3491132914375535
Punto[1.         0.52038675 0.50144758] -> F: 0.31766037169807343
Punto[1.         0.52334371 0.5014041 ] -> F: 0.3237638975585686
Punto[1.         0.52630067 0.50136061] -> F: 0.32990249444192016
Punto[1.         0.52925763 0.50131713] -> F: 0.33558314290856983
Punto[1.         0.53221459 0.50127364] -> F: 0.34113209822834506
Punto[1.         0.53517155 0.50123015] -> F: 0.34665887463280703
Punto[1.         0.53812851 0.50118667] -> F: 0.3524390834419386
Punto[1.         0.54108548 0.50114318] -> F: 0.35847608347887877
Punto[1.         0.54404244 0.5010997 ] -> F: 0.36448978499279266
Punto[1.         0.5469994  0.50105621] -> F: 0.37061967305524124
Punto[1.         0.54995636 0.50101273] -> F: 0.37686574766622416
Punto[1.         0.55291332 0.50096924] -> F: 0.3832280088257421
Punto[1.         0.55587028 0.50092575] -> F: 0.38970645653379454
Punto[1.         0.55882724 0.50088227] -> F: 0.3961576824001669
Punto[1.         0.5617842  0.50083878] -> F: 0.4026088733803692
Punto[1.         0.56474116 0.5007953 ] -> F: 0.4091155086098801
Punto[1.         0.56769812 0.50075181] -> F: 0.41547745251968266
Punto[1.         0.57065508 0.50070833] -> F: 0.4216462019600901
Punto[1.         0.57361204 0.50066484] -> F: 0.42229495085898794
Punto[1.         0.576569   0.50062135] -> F: 0.4198669552653818
Punto[1.         0.57952596 0.50057787] -> F: 0.41743579974499617
Punto[1.         0.58248292 0.50053438] -> F: 0.4149768280030349
Punto[1.         0.58543989 0.5004909 ] -> F: 0.4125317343931765
Punto[1.         0.58839685 0.50044741] -> F: 0.4101005189154211
Punto[1.         0.59135381 0.50040393] -> F: 0.4076831815697685
Punto[1.         0.59431077 0.50036044] -> F: 0.4052797223562187
Punto[1.         0.59726773 0.50031695] -> F: 0.4028901412747719
Punto[1.         0.60022469 0.50027347] -> F: 0.40051443832542793
Punto[1.         0.60318165 0.50022998] -> F: 0.39813719539371323
Punto[1.         0.60613861 0.5001865 ] -> F: 0.39575935917420063
Punto[1.         0.60909557 0.50014301] -> F: 0.39339575885457156
Punto[1.         0.61205253 0.50009953] -> F: 0.39104639443482625
Punto[1.         0.61500949 0.50005604] -> F: 0.38871126591496447
Punto[1.         0.61796645 0.50001255] -> F: 0.3863903732949864
Punto[1.         0.62092341 0.49996907] -> F: 0.384083716574892
Punto[1.         0.62388037 0.49992558] -> F: 0.3817912957546811
Punto[1.         0.62683733 0.4998821 ] -> F: 0.37951311083435374
Punto[1.         0.6297943  0.49983861] -> F: 0.3772491618139102
Punto[1.         0.63275126 0.49979513] -> F: 0.3749994486933503
Punto[1.         0.63570822 0.49975164] -> F: 0.3727639714726739
Punto[1.         0.63866518 0.49970816] -> F: 0.37054273015188116
Punto[1.         0.64162214 0.49966467] -> F: 0.36833572473097204
Punto[1.         0.6445791  0.49962118] -> F: 0.36614295520994666
Punto[1.         0.64753606 0.4995777 ] -> F: 0.36396442158880477
Punto[1.         0.65049302 0.49953421] -> F: 0.3618001238675465
Punto[1.         0.65344998 0.49949073] -> F: 0.359650062046172
Punto[1.         0.65640694 0.49944724] -> F: 0.35751423612468114
Punto[1.         0.6593639  0.49940376] -> F: 0.35539264610307375
Punto[1.         0.66232086 0.49936027] -> F: 0.35328529198135006
Punto[1.         0.66527782 0.49931678] -> F: 0.35119217375951006
Best centerpoint:  [1.         0.57361204 0.50066484] Best F:  0.42229495085898794 Best u:  [ 0.27899111  0.70002397 -0.65736626] índice:  19
{
  "seed": 18920,
  "n_per_z": 5,
  "nz": 100,
  "nd": 100,
  "n_muestras": 50,
  "best_f": 0.42229495085898794,
  "best_cp": [
    1.0,
    0.5736120428108175,
    0.5006648399956615
  ],
  "best_u": [
    0.27899110603922916,
    0.7000239699693694,
    -0.6573662633717454
  ],
  "n_candidatos": 54
}
