Punto[0.         0.57115312 0.66347443] -> F: 0.13643819454168332
Punto[1.         0.52670508 0.57947357] -> F: 0.40087724888259424
Punto[2.         0.34894332 0.52640885] -> F: 0.1380920518769192
Punto[1.         0.46004822 0.59494164] -> F: 0.4125943584554821
Punto[1.         0.52537194 0.57978293] -> F: 0.4021699330203074
Punto[1.         0.52406547 0.58008611] -> F: 0.40343634866064565
Punto[1.         0.522759   0.58038928] -> F: 0.40473603947300163
Punto[1.         0.52145252 0.58069246] -> F: 0.40624895652785886
Punto[1.         0.52014605 0.58099563] -> F: 0.40800167811545196
Punto[1.         0.51883957 0.5812988 ] -> F: 0.40989437730608036
Punto[1.         0.5175331  0.58160198] -> F: 0.41178919210715137
Punto[1.         0.51622662 0.58190515] -> F: 0.4136852575133591
Punto[1.         0.51492015 0.58220833] -> F: 0.4155825735247031
Punto[1.         0.51361367 0.5825115 ] -> F: 0.41748114014118387
Punto[1.         0.5123072  0.58281468] -> F: 0.41935597495005067
Punto[1.         0.51100072 0.58311785] -> F: 0.4212344991336595
Punto[1.         0.50969425 0.58342102] -> F: 0.4231142329588563
Punto[1.         0.50838778 0.5837242 ] -> F: 0.42499517642564133
Punto[1.         0.5070813  0.58402737] -> F: 0.42687732953401425
Punto[1.         0.50577483 0.58433055] -> F: 0.4287606922839753
Punto[1.         0.50446835 0.58463372] -> F: 0.43058834372640536
Punto[1.         0.50316188 0.58493689] -> F: 0.43242228021728113
Punto[1.         0.5018554  0.58524007] -> F: 0.4342779903777264
Punto[1.         0.50054893 0.58554324] -> F: 0.4361439312835528
Punto[1.         0.49924245 0.58584642] -> F: 0.43801104326765566
Punto[1.         0.49793598 0.58614959] -> F: 0.43987932633003496
Punto[1.         0.4966295  0.58645276] -> F: 0.44171339218842076
Punto[1.         0.49532303 0.58675594] -> F: 0.4426150634562707
Punto[1.         0.49401656 0.58705911] -> F: 0.4419683288789908
Punto[1.         0.49271008 0.58736229] -> F: 0.44136543950895457
Punto[1.         0.49140361 0.58766546] -> F: 0.4408049618226689
Punto[1.         0.49009713 0.58796864] -> F: 0.4402565769679881
Punto[1.         0.48879066 0.58827181] -> F: 0.4397081102162651
Punto[1.         0.48748418 0.58857498] -> F: 0.43915956156749936
Punto[1.         0.48617771 0.58887816] -> F: 0.4386109310216914
Punto[1.         0.48487123 0.58918133] -> F: 0.43806221857884103
Punto[1.         0.48356476 0.58948451] -> F: 0.4375134242389483
Punto[1.         0.48225828 0.58978768] -> F: 0.4369645480020131
Punto[1.         0.48095181 0.59009085] -> F: 0.43641558986803575
Punto[1.         0.47964534 0.59039403] -> F: 0.4358665498370156
Punto[1.         0.47833886 0.5906972 ] -> F: 0.4353174279089534
Punto[1.         0.47703239 0.59100038] -> F: 0.4347682240838487
Punto[1.         0.47572591 0.59130355] -> F: 0.43375966950132266
Punto[1.         0.47441944 0.59160673] -> F: 0.43218553417284455
Punto[1.         0.47311296 0.5919099 ] -> F: 0.4304540674850972
Punto[1.         0.47180649 0.59221307] -> F: 0.42863112145332155
Punto[1.         0.47050001 0.59251625] -> F: 0.4268157940574325
Punto[1.         0.46919354 0.59281942] -> F: 0.4250080852974297
Punto[1.         0.46788707 0.5931226 ] -> F: 0.42320799517331364
Punto[1.         0.46658059 0.59342577] -> F: 0.42141559915677124
Punto[1.         0.46527412 0.59372894] -> F: 0.41963225169991675
Punto[1.         0.46396764 0.59403212] -> F: 0.41785845390136067
Punto[1.         0.46266117 0.59433529] -> F: 0.41609420576110284
Punto[1.         0.46135469 0.59463847] -> F: 0.4143395072791433
{
  "seed": 2982,
  "n_per_z": 10,
  "nz": 100,
  "nd": 100,
  "n_muestras": 50,
  "best_f": 0.4426150634562707,
  "best_cp": [
    1.0,
    0.4953230300708721,
    0.5867559388474233
  ],
  "best_u": [
    0.2789911060392295,
    -0.20948157728620073,
    0.9371667042360675
  ],
  "best_index": 27,
  "n_candidatos": 54
}
