Punto[0.         0.52414216 0.54117984] -> F: 0.14255798687200671
Punto[1.         0.53108247 0.58589902] -> F: 0.4157497795807775
Punto[2.         0.57409741 0.52007206] -> F: 0.10197869801379081
Punto[1.         0.54911978 0.53062595] -> F: 0.4088800980454835
Punto[1.         0.53144322 0.58479356] -> F: 0.4165488904778471
Punto[1.         0.53179675 0.58371021] -> F: 0.4173367569565771
Punto[1.         0.53215028 0.58262686] -> F: 0.4181293133783473
Punto[1.         0.53250381 0.58154351] -> F: 0.41892655974315746
Punto[1.         0.53285734 0.58046015] -> F: 0.4197284960510079
Punto[1.         0.53321087 0.5793768 ] -> F: 0.42053512230189866
Punto[1.         0.5335644  0.57829345] -> F: 0.4213464384958293
Punto[1.         0.53391793 0.5772101 ] -> F: 0.4221624446328002
Punto[1.         0.53427147 0.57612674] -> F: 0.4229831407128111
Punto[1.         0.534625   0.57504339] -> F: 0.4238085267358622
Punto[1.         0.53497853 0.57396004] -> F: 0.42463860270195347
Punto[1.         0.53533206 0.57287669] -> F: 0.425473368611085
Punto[1.         0.53568559 0.57179334] -> F: 0.42627138113544566
Punto[1.         0.53603912 0.57070998] -> F: 0.4267928271769715
Punto[1.         0.53639265 0.56962663] -> F: 0.42731098781207805
Punto[1.         0.53674619 0.56854328] -> F: 0.42780785112903946
Punto[1.         0.53709972 0.56745993] -> F: 0.42830435714652076
Punto[1.         0.53745325 0.56637657] -> F: 0.4288005058645217
Punto[1.         0.53780678 0.56529322] -> F: 0.4292962972830426
Punto[1.         0.53816031 0.56420987] -> F: 0.4292341925259347
Punto[1.         0.53851384 0.56312652] -> F: 0.42857446733384
Punto[1.         0.53886737 0.56204317] -> F: 0.4279153019421987
Punto[1.         0.5392209  0.56095981] -> F: 0.4272560783091289
Punto[1.         0.53957444 0.55987646] -> F: 0.42659387508702834
Punto[1.         0.53992797 0.55879311] -> F: 0.42593223876514513
Punto[1.         0.5402815  0.55770976] -> F: 0.42527116934347925
Punto[1.         0.54063503 0.5566264 ] -> F: 0.42461066682203047
Punto[1.         0.54098856 0.55554305] -> F: 0.423950731200799
Punto[1.         0.54134209 0.5544597 ] -> F: 0.4232913624797848
Punto[1.         0.54169562 0.55337635] -> F: 0.42263256065898785
Punto[1.         0.54204915 0.552293  ] -> F: 0.42197432573840815
Punto[1.         0.54240269 0.55120964] -> F: 0.4213166577180457
Punto[1.         0.54275622 0.55012629] -> F: 0.42065955659790044
Punto[1.         0.54310975 0.54904294] -> F: 0.4200030223779725
Punto[1.         0.54346328 0.54795959] -> F: 0.41934705505826186
Punto[1.         0.54381681 0.54687623] -> F: 0.41869165463876834
Punto[1.         0.54417034 0.54579288] -> F: 0.41803682111949214
Punto[1.         0.54452387 0.54470953] -> F: 0.4173825545004332
Punto[1.         0.54487741 0.54362618] -> F: 0.41672885478159166
Punto[1.         0.54523094 0.54254282] -> F: 0.4160728346303301
Punto[1.         0.54558447 0.54145947] -> F: 0.41541607842816436
Punto[1.         0.545938   0.54037612] -> F: 0.41475989643761646
Punto[1.         0.54629153 0.53929277] -> F: 0.4141042886586863
Punto[1.         0.54664506 0.53820942] -> F: 0.41344925509137376
Punto[1.         0.54699859 0.53712606] -> F: 0.412794795735679
Punto[1.         0.54735212 0.53604271] -> F: 0.4121409105916022
Punto[1.         0.54770566 0.53495936] -> F: 0.41148759965914283
Punto[1.         0.54805919 0.53387601] -> F: 0.4108348629383014
Punto[1.         0.54841272 0.53279265] -> F: 0.41018270042907773
Punto[1.         0.54876625 0.5317093 ] -> F: 0.40953111213147164
{
  "seed": 15272,
  "n_per_z": 10,
  "nz": 100,
  "nd": 100,
  "n_muestras": 50,
  "best_f": 0.4292962972830426,
  "best_cp": [
    1.0,
    0.5378067792088969,
    0.5652932219177412
  ],
  "best_u": [
    0.3387379202452915,
    -0.9113212694388207,
    0.23398753226680857
  ],
  "best_index": 22,
  "n_candidatos": 54
}
