Punto[0.         0.46578198 0.55690227] -> F: 0.128691429577016
Punto[1.         0.52001471 0.54219655] -> F: 0.4164046938704512
Punto[2.         0.47701805 0.57328606] -> F: 0.1472017807546235
Punto[1.         0.47140002 0.56509416] -> F: 0.4239602276517933
Punto[1.         0.51904241 0.5426545 ] -> F: 0.41770262281344006
Punto[1.         0.51808956 0.54310329] -> F: 0.418981286024509
Punto[1.         0.51713672 0.54355208] -> F: 0.42026657447800314
Punto[1.         0.51618387 0.54400088] -> F: 0.42155848817392244
Punto[1.         0.51523102 0.54444967] -> F: 0.422857027112267
Punto[1.         0.51427817 0.54489846] -> F: 0.42416219129303695
Punto[1.         0.51332532 0.54534726] -> F: 0.42547398071623177
Punto[1.         0.51237248 0.54579605] -> F: 0.4267633649881683
Punto[1.         0.51141963 0.54624484] -> F: 0.42804133316111437
Punto[1.         0.51046678 0.54669364] -> F: 0.42925233219942066
Punto[1.         0.50951393 0.54714243] -> F: 0.430475607122457
Punto[1.         0.50856109 0.54759122] -> F: 0.4317111803635044
Punto[1.         0.50760824 0.54804002] -> F: 0.43295905192256295
Punto[1.         0.50665539 0.54848881] -> F: 0.4342192217996326
Punto[1.         0.50570254 0.5489376 ] -> F: 0.43549168999471344
Punto[1.         0.50474969 0.5493864 ] -> F: 0.4367637773524386
Punto[1.         0.50379685 0.54983519] -> F: 0.4379761005880062
Punto[1.         0.502844   0.55028398] -> F: 0.43919650248828446
Punto[1.         0.50189115 0.55073278] -> F: 0.44042498201300184
Punto[1.         0.5009383  0.55118157] -> F: 0.44166153916215795
Punto[1.         0.49998545 0.55163036] -> F: 0.44290617393575293
Punto[1.         0.49903261 0.55207916] -> F: 0.44415888633378675
Punto[1.         0.49807976 0.55252795] -> F: 0.44541967635625945
Punto[1.         0.49712691 0.55297674] -> F: 0.4466885440031708
Punto[1.         0.49617406 0.55342554] -> F: 0.4479654892745215
Punto[1.         0.49522121 0.55387433] -> F: 0.4471194560718549
Punto[1.         0.49426837 0.55432312] -> F: 0.4462573995179233
Punto[1.         0.49331552 0.55477192] -> F: 0.4454153163010241
Punto[1.         0.49236267 0.55522071] -> F: 0.44459320642115696
Punto[1.         0.49140982 0.5556695 ] -> F: 0.4437910698783222
Punto[1.         0.49045697 0.5561183 ] -> F: 0.44300890667251946
Punto[1.         0.48950413 0.55656709] -> F: 0.44218388149055377
Punto[1.         0.48855128 0.55701588] -> F: 0.4413174082780445
Punto[1.         0.48759843 0.55746468] -> F: 0.44046009266092656
Punto[1.         0.48664558 0.55791347] -> F: 0.43961193463919995
Punto[1.         0.48569273 0.55836226] -> F: 0.43877293421286473
Punto[1.         0.48473989 0.55881106] -> F: 0.4379430913819207
Punto[1.         0.48378704 0.55925985] -> F: 0.4371106751304157
Punto[1.         0.48283419 0.55970864] -> F: 0.43623668082297573
Punto[1.         0.48188134 0.56015744] -> F: 0.4353686749231566
Punto[1.         0.4809285  0.56060623] -> F: 0.4345066574309584
Punto[1.         0.47997565 0.56105502] -> F: 0.43354704633425106
Punto[1.         0.4790228  0.56150382] -> F: 0.43246413389786836
Punto[1.         0.47806995 0.56195261] -> F: 0.4313872098691065
Punto[1.        0.4771171 0.5624014] -> F: 0.4303162742479657
Punto[1.         0.47616426 0.5628502 ] -> F: 0.4292513270344456
Punto[1.         0.47521141 0.56329899] -> F: 0.4281923682285465
Punto[1.         0.47425856 0.56374778] -> F: 0.4271393978302683
Punto[1.         0.47330571 0.56419658] -> F: 0.42607813838479947
Punto[1.         0.47235286 0.56464537] -> F: 0.4250146042206007
{
  "seed": 7609,
  "n_per_z": 10,
  "nz": 100,
  "nd": 100,
  "n_muestras": 50,
  "best_f": 0.4479654892745215,
  "best_cp": [
    1.0,
    0.4961740620993691,
    0.5534255377207751
  ],
  "best_u": [
    -0.2789911060392295,
    0.892858488489385,
    -0.3535076834857455
  ],
  "best_index": 28,
  "n_candidatos": 54
}
