Punto[0.         0.61470454 0.56061079] -> F: 0.14324343039909607
Punto[1.         0.51971988 0.46430774] -> F: 0.3520822528228142
Punto[2.         0.58995639 0.45109641] -> F: 0.11160483475827448
Punto[1.         0.60233046 0.5058536 ] -> F: 0.4149023086243284
Punto[1.         0.52137209 0.46513866] -> F: 0.3554299174997548
Punto[1.         0.52299126 0.46595296] -> F: 0.35871102704550667
Punto[1.         0.52461043 0.46676726] -> F: 0.36200663550766504
Punto[1.         0.52622959 0.46758156] -> F: 0.3653167428862297
Punto[1.         0.52784876 0.46839586] -> F: 0.3686413491812007
Punto[1.         0.52946793 0.46921015] -> F: 0.37198045439257815
Punto[1.         0.5310871  0.47002445] -> F: 0.37533405852036206
Punto[1.         0.53270626 0.47083875] -> F: 0.3787021615645522
Punto[1.         0.53432543 0.47165305] -> F: 0.3820847635251486
Punto[1.         0.5359446  0.47246735] -> F: 0.38548186440215143
Punto[1.         0.53756377 0.47328165] -> F: 0.38889346419556087
Punto[1.         0.53918293 0.47409595] -> F: 0.39231956290537656
Punto[1.         0.5408021  0.47491025] -> F: 0.3957601605315986
Punto[1.         0.54242127 0.47572455] -> F: 0.3992152570742272
Punto[1.         0.54404044 0.47653884] -> F: 0.4026848525332621
Punto[1.         0.5456596  0.47735314] -> F: 0.4061689469087032
Punto[1.         0.54727877 0.47816744] -> F: 0.40966754020055085
Punto[1.         0.54889794 0.47898174] -> F: 0.41318063240880487
Punto[1.         0.55051711 0.47979604] -> F: 0.416708223533465
Punto[1.         0.55213627 0.48061034] -> F: 0.4202503135745318
Punto[1.         0.55375544 0.48142464] -> F: 0.423806902532005
Punto[1.         0.55537461 0.48223894] -> F: 0.42737799040588437
Punto[1.         0.55699378 0.48305323] -> F: 0.4309635771961702
Punto[1.         0.55861294 0.48386753] -> F: 0.43456366290286247
Punto[1.         0.56023211 0.48468183] -> F: 0.4381782475259615
Punto[1.         0.56185128 0.48549613] -> F: 0.43778409092950965
Punto[1.         0.56347045 0.48631043] -> F: 0.4369356673630009
Punto[1.         0.56508961 0.48712473] -> F: 0.4360885895080555
Punto[1.         0.56670878 0.48793903] -> F: 0.4352428573646732
Punto[1.         0.56832795 0.48875333] -> F: 0.43437951379787326
Punto[1.         0.56994712 0.48956763] -> F: 0.43350777267627116
Punto[1.         0.57156628 0.49038192] -> F: 0.432637470634036
Punto[1.         0.57318545 0.49119622] -> F: 0.43176860767116787
Punto[1.         0.57480462 0.49201052] -> F: 0.4308773146588073
Punto[1.         0.57642379 0.49282482] -> F: 0.4299822088963503
Punto[1.         0.57804295 0.49363912] -> F: 0.4290886408529228
Punto[1.         0.57966212 0.49445342] -> F: 0.4281966105285252
Punto[1.         0.58128129 0.49526772] -> F: 0.4272775242307219
Punto[1.         0.58290046 0.49608202] -> F: 0.4263589465219547
Punto[1.         0.58451962 0.49689631] -> F: 0.42544201100068274
Punto[1.         0.58613879 0.49771061] -> F: 0.4245241238272302
Punto[1.         0.58775796 0.49852491] -> F: 0.4235801489890589
Punto[1.         0.58937713 0.49933921] -> F: 0.42263792727690513
Punto[1.         0.59099629 0.50015351] -> F: 0.4216974586907688
Punto[1.         0.59261546 0.50096781] -> F: 0.4207531620273956
Punto[1.         0.59423463 0.50178211] -> F: 0.41978518254486064
Punto[1.         0.5958538  0.50259641] -> F: 0.4188190743380429
Punto[1.         0.59747296 0.5034107 ] -> F: 0.41785483740694257
Punto[1.         0.59909213 0.504225  ] -> F: 0.41688493549645883
Punto[1.        0.6007113 0.5050393] -> F: 0.4158926233119523
{
  "seed": 15893,
  "n_per_z": 10,
  "nz": 100,
  "nd": 100,
  "n_muestras": 50,
  "best_f": 0.4381782475259615,
  "best_cp": [
    1.0,
    0.5602321103949013,
    0.48468183228470063
  ],
  "best_u": [
    -6.123233995736766e-17,
    -0.8270805742745618,
    -0.5620833778521306
  ],
  "best_index": 28,
  "n_candidatos": 54
}
