Punto[0.         0.55368844 0.57402602] -> F: 0.11875569320572082
Punto[1.         0.50065139 0.50719683] -> F: 0.4198119544258271
Punto[2.         0.55187562 0.51476336] -> F: 0.11429062835219839
Punto[1.         0.55278203 0.54439469] -> F: 0.42788998073713563
Punto[1.         0.50169401 0.50794079] -> F: 0.4217998459103145
Punto[1.         0.50271577 0.50866987] -> F: 0.42374983134744854
Punto[1.         0.50373753 0.50939895] -> F: 0.4256268200666679
Punto[1.         0.50475929 0.51012803] -> F: 0.4268655512735971
Punto[1.         0.50578105 0.5108571 ] -> F: 0.4281033864428527
Punto[1.         0.50680281 0.51158618] -> F: 0.4293403255744349
Punto[1.         0.50782457 0.51231526] -> F: 0.4305763686683435
Punto[1.         0.50884633 0.51304434] -> F: 0.4318115157245786
Punto[1.         0.50986809 0.51377342] -> F: 0.43304576674313994
Punto[1.         0.51088985 0.51450249] -> F: 0.43432610003891475
Punto[1.         0.51191161 0.51523157] -> F: 0.43581490759981223
Punto[1.         0.51293337 0.51596065] -> F: 0.43752593971184595
Punto[1.         0.51395513 0.51668973] -> F: 0.439388361536902
Punto[1.         0.51497689 0.5174188 ] -> F: 0.441256947300964
Punto[1.         0.51599865 0.51814788] -> F: 0.4431273661424901
Punto[1.         0.51702041 0.51887696] -> F: 0.44499961806148053
Punto[1.         0.51804218 0.51960604] -> F: 0.44687370305793506
Punto[1.         0.51906394 0.52033512] -> F: 0.448749621131854
Punto[1.         0.5200857  0.52106419] -> F: 0.45062737228323685
Punto[1.         0.52110746 0.52179327] -> F: 0.452506956512084
Punto[1.         0.52212922 0.52252235] -> F: 0.4543883738183955
Punto[1.         0.52315098 0.52325143] -> F: 0.4562716242021712
Punto[1.         0.52417274 0.52398051] -> F: 0.456886694814133
Punto[1.         0.5251945  0.52470958] -> F: 0.45676546940883417
Punto[1.         0.52621626 0.52543866] -> F: 0.45660289081162325
Punto[1.         0.52723802 0.52616774] -> F: 0.4564403109857239
Punto[1.         0.52825978 0.52689682] -> F: 0.4562777299311358
Punto[1.         0.52928154 0.5276259 ] -> F: 0.45607540827992343
Punto[1.         0.5303033  0.52835497] -> F: 0.4558671207895413
Punto[1.         0.53132506 0.52908405] -> F: 0.4556591808549863
Punto[1.         0.53234682 0.52981313] -> F: 0.45545158847625844
Punto[1.         0.53336858 0.53054221] -> F: 0.4552443436533578
Punto[1.         0.53439034 0.53127129] -> F: 0.4550374463862844
Punto[1.         0.5354121  0.53200036] -> F: 0.4548308966750378
Punto[1.         0.53643386 0.53272944] -> F: 0.4546246945196188
Punto[1.         0.53745563 0.53345852] -> F: 0.4544188399200268
Punto[1.         0.53847739 0.5341876 ] -> F: 0.45421333287626203
Punto[1.         0.53949915 0.53491667] -> F: 0.45337457546183657
Punto[1.         0.54052091 0.53564575] -> F: 0.4513910877866084
Punto[1.         0.54154267 0.53637483] -> F: 0.44941145581719144
Punto[1.         0.54256443 0.53710391] -> F: 0.4474356795535854
Punto[1.         0.54358619 0.53783299] -> F: 0.4454637589957906
Punto[1.         0.54460795 0.53856206] -> F: 0.44349569414380674
Punto[1.         0.54562971 0.53929114] -> F: 0.44153148499763406
Punto[1.         0.54665147 0.54002022] -> F: 0.43957113155727245
Punto[1.         0.54767323 0.5407493 ] -> F: 0.43761463382272187
Punto[1.         0.54869499 0.54147838] -> F: 0.4356619917939826
Punto[1.         0.54971675 0.54220745] -> F: 0.4337132054710543
Punto[1.         0.55073851 0.54293653] -> F: 0.4317682748539368
Punto[1.         0.55176027 0.54366561] -> F: 0.42982719994263074
{
  "seed": 4141,
  "n_per_z": 10,
  "nz": 100,
  "nd": 100,
  "n_muestras": 50,
  "best_f": 0.456886694814133,
  "best_cp": [
    1.0,
    0.5241727383133612,
    0.5239805060206881
  ],
  "best_u": [
    -0.21814324139654234,
    -0.5229223507159197,
    0.8239937750703864
  ],
  "best_index": 26,
  "n_candidatos": 54
}
