Punto[0.         0.80819905 0.43673713] -> F: 0.05886787480947872
Punto[1.         0.6273623  0.66089402] -> F: 0.348527941182872
Punto[2.         0.43292186 0.7734827 ] -> F: 0.1337848254372015
Punto[1.         0.62056045 0.60510992] -> F: 0.30799626950553355
Punto[1.         0.62722626 0.65977834] -> F: 0.35089927913075203
Punto[1.         0.62709295 0.65868497] -> F: 0.35335493474566293
Punto[1.         0.62695963 0.6575916 ] -> F: 0.3559410040347846
Punto[1.         0.62682632 0.65649824] -> F: 0.358657486998117
Punto[1.         0.626693   0.65540487] -> F: 0.3615043836356597
Punto[1.         0.62655968 0.6543115 ] -> F: 0.3644816939474132
Punto[1.         0.62642637 0.65321813] -> F: 0.36758941793337707
Punto[1.         0.62629305 0.65212476] -> F: 0.370238761607949
Punto[1.         0.62615973 0.65103139] -> F: 0.37220250883090295
Punto[1.         0.62602642 0.64993802] -> F: 0.37080532532534694
Punto[1.         0.6258931  0.64884466] -> F: 0.36945279571956025
Punto[1.         0.62575979 0.64775129] -> F: 0.368183687836914
Punto[1.         0.62562647 0.64665792] -> F: 0.3669186376609366
Punto[1.         0.62549315 0.64556455] -> F: 0.3653730922637283
Punto[1.         0.62535984 0.64447118] -> F: 0.3638279975254225
Punto[1.         0.62522652 0.64337781] -> F: 0.3623275449178674
Punto[1.         0.62509321 0.64228445] -> F: 0.3608717344410627
Punto[1.         0.62495989 0.64119108] -> F: 0.3594605660950084
Punto[1.         0.62482657 0.64009771] -> F: 0.3580940398797046
Punto[1.         0.62469326 0.63900434] -> F: 0.356719889848067
Punto[1.         0.62455994 0.63791097] -> F: 0.3551677815757586
Punto[1.         0.62442662 0.6368176 ] -> F: 0.35364447172667635
Punto[1.         0.62429331 0.63572423] -> F: 0.3521499603008204
Punto[1.         0.62415999 0.63463087] -> F: 0.3506842472981911
Punto[1.         0.62402668 0.6335375 ] -> F: 0.3492473327187878
Punto[1.         0.62389336 0.63244413] -> F: 0.347839216562611
Punto[1.         0.62376004 0.63135076] -> F: 0.34629156393480676
Punto[1.         0.62362673 0.63025739] -> F: 0.34474625363539046
Punto[1.         0.62349341 0.62916402] -> F: 0.34322287783075917
Punto[1.         0.62336009 0.62807066] -> F: 0.341721436520913
Punto[1.         0.62322678 0.62697729] -> F: 0.34024192970585204
Punto[1.         0.62309346 0.62588392] -> F: 0.3387830343549384
Punto[1.         0.62296015 0.62479055] -> F: 0.3371976851387248
Punto[1.         0.62282683 0.62369718] -> F: 0.33563046783278566
Punto[1.         0.62269351 0.62260381] -> F: 0.3340813824371206
Punto[1.         0.6225602  0.62151044] -> F: 0.3325504289517297
Punto[1.         0.62242688 0.62041708] -> F: 0.3309744022413815
Punto[1.         0.62229356 0.61932371] -> F: 0.32939327374729993
Punto[1.         0.62216025 0.61823034] -> F: 0.32782423759329254
Punto[1.         0.62202693 0.61713697] -> F: 0.3261787200280501
Punto[1.         0.62189362 0.6160436 ] -> F: 0.32452943935068496
Punto[1.         0.6217603  0.61495023] -> F: 0.3228916053261312
Punto[1.         0.62162698 0.61385687] -> F: 0.3212652179543892
Punto[1.         0.62149367 0.6127635 ] -> F: 0.3196502772354589
Punto[1.         0.62136035 0.61167013] -> F: 0.3180334916437707
Punto[1.         0.62122703 0.61057676] -> F: 0.31634185535393633
Punto[1.         0.62109372 0.60948339] -> F: 0.3146611747106004
Punto[1.         0.6209604  0.60839002] -> F: 0.3129914497137628
Punto[1.         0.62082709 0.60729665] -> F: 0.31133268036342343
Punto[1.         0.62069377 0.60620329] -> F: 0.30968486665958256
Best centerpoint:  [1.         0.62615973 0.65103139] Best F:  0.37220250883090295 Best u:  [-0.21814324  0.21288965  0.95241353] índice:  9
{
  "seed": 10259,
  "n_per_z": 5,
  "nz": 100,
  "nd": 100,
  "n_muestras": 50,
  "best_f": 0.37220250883090295,
  "best_cp": [
    1.0,
    0.6261597347675635,
    0.65103139278792
  ],
  "best_u": [
    -0.21814324139654234,
    0.21288964578253647,
    0.9524135262330097
  ],
  "n_candidatos": 54
}
