Punto[0.         0.44083107 0.53420505] -> F: 0.09449180834256524
Punto[1.         0.42013572 0.45588683] -> F: 0.3352557876495726
Punto[2.         0.78077036 0.40806258] -> F: 0.07148256770995974
Punto[1.         0.61080072 0.47113382] -> F: 0.3108482658276621
Punto[1.         0.42394902 0.45619177] -> F: 0.34009378563640796
Punto[1.         0.42768605 0.45649061] -> F: 0.3449227970066145
Punto[1.         0.43142308 0.45678945] -> F: 0.3498438254200519
Punto[1.         0.43516012 0.45708829] -> F: 0.35485687087672035
Punto[1.         0.43889715 0.45738713] -> F: 0.3599619333766199
Punto[1.         0.44263419 0.45768597] -> F: 0.36515901291975045
Punto[1.         0.44637122 0.45798481] -> F: 0.3704481095061121
Punto[1.         0.45010825 0.45828365] -> F: 0.3758292231357049
Punto[1.         0.45384529 0.4585825 ] -> F: 0.3812837202704494
Punto[1.         0.45758232 0.45888134] -> F: 0.38681964383075956
Punto[1.         0.46131936 0.45918018] -> F: 0.3924447781651454
Punto[1.         0.46505639 0.45947902] -> F: 0.39815912327360675
Punto[1.         0.46879342 0.45977786] -> F: 0.4039626791561438
Punto[1.         0.47253046 0.4600767 ] -> F: 0.40985544581275635
Punto[1.         0.47626749 0.46037554] -> F: 0.4158374232434445
Punto[1.         0.48000453 0.46067438] -> F: 0.42122277162480215
Punto[1.         0.48374156 0.46097322] -> F: 0.4184112028704287
Punto[1.         0.48747859 0.46127206] -> F: 0.415608197366037
Punto[1.         0.49121563 0.46157091] -> F: 0.412803922408196
Punto[1.         0.49495266 0.46186975] -> F: 0.4099996819749019
Punto[1.         0.4986897  0.46216859] -> F: 0.40720411840682247
Punto[1.         0.50242673 0.46246743] -> F: 0.40441723170395727
Punto[1.         0.50616376 0.46276627] -> F: 0.4016229222008513
Punto[1.         0.5099008  0.46306511] -> F: 0.39883514147144594
Punto[1.         0.51363783 0.46336395] -> F: 0.39605615282532686
Punto[1.         0.51737487 0.46366279] -> F: 0.39328020969216576
Punto[1.         0.5211119  0.46396163] -> F: 0.39050052701775434
Punto[1.         0.52484893 0.46426047] -> F: 0.3877297535104806
Punto[1.         0.52858597 0.46455932] -> F: 0.3849678891703442
Punto[1.         0.532323   0.46485816] -> F: 0.3821997064606248
Punto[1.         0.53606004 0.465157  ] -> F: 0.379437439704605
Punto[1.         0.53979707 0.46545584] -> F: 0.37668420134441327
Punto[1.         0.5435341  0.46575468] -> F: 0.3739322516379792
Punto[1.         0.54727114 0.46605352] -> F: 0.3711787575515775
Punto[1.         0.55100817 0.46635236] -> F: 0.36843441353255557
Punto[1.         0.55474521 0.4666512 ] -> F: 0.365697849291282
Punto[1.         0.55848224 0.46695004] -> F: 0.362953367679354
Punto[1.         0.56221927 0.46724888] -> F: 0.36021816056941625
Punto[1.         0.56595631 0.46754773] -> F: 0.35749222796146873
Punto[1.         0.56969334 0.46784657] -> F: 0.35476102368884704
Punto[1.         0.57343038 0.46814541] -> F: 0.35203516965287024
Punto[1.         0.57716741 0.46844425] -> F: 0.3493187176625833
Punto[1.         0.58090444 0.46874309] -> F: 0.3466015542207747
Punto[1.         0.58464148 0.46904193] -> F: 0.34388524217340877
Punto[1.         0.58837851 0.46934077] -> F: 0.3411784632005864
Punto[1.         0.59211555 0.46963961] -> F: 0.3384748481165262
Punto[1.         0.59585258 0.46993845] -> F: 0.33442958569043485
Punto[1.         0.59958961 0.47023729] -> F: 0.32718482862780673
Punto[1.         0.60332665 0.47053614] -> F: 0.3202936104374236
Punto[1.         0.60706368 0.47083498] -> F: 0.3151310247525522
Best centerpoint:  [1.         0.48000453 0.46067438] Best F:  0.42122277162480215 Best u:  [0.99556196 0.0874997  0.03464358] índice:  16
{
  "seed": 9542,
  "n_per_z": 5,
  "nz": 100,
  "nd": 100,
  "n_muestras": 50,
  "best_f": 0.42122277162480215,
  "best_cp": [
    1.0,
    0.480004525510895,
    0.46067438238987324
  ],
  "best_u": [
    0.99556196460308,
    0.08749969685015876,
    0.0346435807442876
  ],
  "n_candidatos": 54
}
