Punto[0.         0.55267838 0.54981341] -> F: 0.1545634047213736
Punto[1.         0.55019971 0.4969885 ] -> F: 0.4499742310288766
Punto[2.         0.55686891 0.42939433] -> F: 0.12844765593255006
Punto[1.         0.55477365 0.48960387] -> F: 0.4457964217299579
Punto[1.         0.55029118 0.49684081] -> F: 0.4501330878247365
Punto[1.         0.55038083 0.49669607] -> F: 0.4502173601486165
Punto[1.         0.55047048 0.49655133] -> F: 0.45011490346013616
Punto[1.         0.55056013 0.49640659] -> F: 0.45001300373914993
Punto[1.         0.55064978 0.49626185] -> F: 0.44991166098565777
Punto[1.         0.55073943 0.49611711] -> F: 0.4498108751996597
Punto[1.         0.55082908 0.49597237] -> F: 0.4497106463811556
Punto[1.         0.55091873 0.49582764] -> F: 0.4496109745301457
Punto[1.         0.55100838 0.4956829 ] -> F: 0.4495118596466299
Punto[1.         0.55109803 0.49553816] -> F: 0.449413301730608
Punto[1.         0.55118768 0.49539342] -> F: 0.44931530078208026
Punto[1.         0.55127733 0.49524868] -> F: 0.44921785680104676
Punto[1.         0.55136698 0.49510394] -> F: 0.44912096978750726
Punto[1.         0.55145662 0.4949592 ] -> F: 0.4490246397414619
Punto[1.         0.55154627 0.49481446] -> F: 0.4489288666629107
Punto[1.         0.55163592 0.49466973] -> F: 0.44883365055185337
Punto[1.         0.55172557 0.49452499] -> F: 0.4487389914082903
Punto[1.         0.55181522 0.49438025] -> F: 0.44864488923222123
Punto[1.         0.55190487 0.49423551] -> F: 0.44855134402364627
Punto[1.         0.55199452 0.49409077] -> F: 0.44845835578256527
Punto[1.         0.55208417 0.49394603] -> F: 0.4483659245089786
Punto[1.         0.55217382 0.49380129] -> F: 0.4482740502028858
Punto[1.         0.55226347 0.49365655] -> F: 0.4481827328642873
Punto[1.         0.55235312 0.49351182] -> F: 0.44809197249318283
Punto[1.         0.55244277 0.49336708] -> F: 0.44800176908957223
Punto[1.         0.55253242 0.49322234] -> F: 0.447912122653456
Punto[1.         0.55262206 0.4930776 ] -> F: 0.4478230331848338
Punto[1.         0.55271171 0.49293286] -> F: 0.4477345006837055
Punto[1.         0.55280136 0.49278812] -> F: 0.4476465251500714
Punto[1.         0.55289101 0.49264338] -> F: 0.44755910658393144
Punto[1.         0.55298066 0.49249864] -> F: 0.44747224498528543
Punto[1.         0.55307031 0.49235391] -> F: 0.44738594035413376
Punto[1.         0.55315996 0.49220917] -> F: 0.447300192690476
Punto[1.         0.55324961 0.49206443] -> F: 0.4472150019943122
Punto[1.         0.55333926 0.49191969] -> F: 0.4471303682656428
Punto[1.         0.55342891 0.49177495] -> F: 0.4470462915044673
Punto[1.         0.55351856 0.49163021] -> F: 0.44696277171078586
Punto[1.         0.55360821 0.49148547] -> F: 0.44687980888459866
Punto[1.         0.55369786 0.49134074] -> F: 0.4467974030259053
Punto[1.         0.55378751 0.491196  ] -> F: 0.4467155541347063
Punto[1.         0.55387715 0.49105126] -> F: 0.44663426221100105
Punto[1.         0.5539668  0.49090652] -> F: 0.4465534840102166
Punto[1.         0.55405645 0.49076178] -> F: 0.4464728012735104
Punto[1.         0.5541461  0.49061704] -> F: 0.4463921087923786
Punto[1.         0.55423575 0.4904723 ] -> F: 0.4463114065668209
Punto[1.         0.5543254  0.49032756] -> F: 0.4462306945968373
Punto[1.         0.55441505 0.49018283] -> F: 0.4461499728824281
Punto[1.         0.5545047  0.49003809] -> F: 0.446069241423593
Punto[1.         0.55459435 0.48989335] -> F: 0.4459885002203319
Punto[1.         0.554684   0.48974861] -> F: 0.44589444682910706
{
  "seed": 19460,
  "n_per_z": 10,
  "nz": 100,
  "nd": 100,
  "n_muestras": 50,
  "best_f": 0.4502173601486165,
  "best_cp": [
    1.0,
    0.5503808335037754,
    0.4966960679180699
  ],
  "best_u": [
    0.3090169943749471,
    0.9393474323917528,
    -0.14877801734965806
  ],
  "best_index": 5,
  "n_candidatos": 54
}
