Punto[0.         0.45849456 0.50674663] -> F: 0.15527311983055977
Punto[1.         0.45460755 0.47758136] -> F: 0.3974998769639023
Punto[2.         0.46221889 0.42761926] -> F: 0.11656651116236202
Punto[1.         0.46035673 0.46718295] -> F: 0.3974222604443819
Punto[1.         0.45472254 0.4773734 ] -> F: 0.39772007430758527
Punto[1.         0.45483522 0.47716959] -> F: 0.39793623851104826
Punto[1.         0.4549479  0.47696578] -> F: 0.39815276977564273
Punto[1.         0.45506059 0.47676197] -> F: 0.3983696681013688
Punto[1.         0.45517327 0.47655816] -> F: 0.3985869334882264
Punto[1.         0.45528596 0.47635435] -> F: 0.39880456593621577
Punto[1.         0.45539864 0.47615054] -> F: 0.39902256544533676
Punto[1.         0.45551132 0.47594673] -> F: 0.39924093201558924
Punto[1.         0.45562401 0.47574292] -> F: 0.39945966564697344
Punto[1.         0.45573669 0.47553911] -> F: 0.3996787663394893
Punto[1.         0.45584937 0.47533531] -> F: 0.3998982340931368
Punto[1.         0.45596206 0.4751315 ] -> F: 0.4001180689079158
Punto[1.         0.45607474 0.47492769] -> F: 0.4003382707838265
Punto[1.         0.45618743 0.47472388] -> F: 0.4005588397208689
Punto[1.         0.45630011 0.47452007] -> F: 0.4007797757190429
Punto[1.         0.45641279 0.47431626] -> F: 0.40100107877834845
Punto[1.         0.45652548 0.47411245] -> F: 0.4012227488987857
Punto[1.         0.45663816 0.47390864] -> F: 0.40144478608035467
Punto[1.         0.45675085 0.47370483] -> F: 0.40166719032305515
Punto[1.         0.45686353 0.47350102] -> F: 0.40188996162688706
Punto[1.         0.45697621 0.47329722] -> F: 0.40211309999185096
Punto[1.         0.4570889  0.47309341] -> F: 0.40233660541794636
Punto[1.         0.45720158 0.4728896 ] -> F: 0.40256047790517324
Punto[1.         0.45731426 0.47268579] -> F: 0.40278471745353184
Punto[1.         0.45742695 0.47248198] -> F: 0.4030093240630222
Punto[1.         0.45753963 0.47227817] -> F: 0.40323429773364394
Punto[1.         0.45765232 0.47207436] -> F: 0.40345963846539745
Punto[1.         0.457765   0.47187055] -> F: 0.40368534625828273
Punto[1.         0.45787768 0.47166674] -> F: 0.4035797315420547
Punto[1.         0.45799037 0.47146293] -> F: 0.4032983750928342
Punto[1.         0.45810305 0.47125913] -> F: 0.40301745167943087
Punto[1.         0.45821573 0.47105532] -> F: 0.40273696130184405
Punto[1.         0.45832842 0.47085151] -> F: 0.4024569039600743
Punto[1.        0.4584411 0.4706477] -> F: 0.4021772796541215
Punto[1.         0.45855379 0.47044389] -> F: 0.40189808838398544
Punto[1.         0.45866647 0.47024008] -> F: 0.40161933014966633
Punto[1.         0.45877915 0.47003627] -> F: 0.40134100495116404
Punto[1.         0.45889184 0.46983246] -> F: 0.40106311278847867
Punto[1.         0.45900452 0.46962865] -> F: 0.40078565366161023
Punto[1.         0.4591172  0.46942485] -> F: 0.4005086275705588
Punto[1.         0.45922989 0.46922104] -> F: 0.400232034515324
Punto[1.         0.45934257 0.46901723] -> F: 0.39995587449590625
Punto[1.         0.45945526 0.46881342] -> F: 0.3996801475123053
Punto[1.         0.45956794 0.46860961] -> F: 0.39940485356452143
Punto[1.         0.45968062 0.4684058 ] -> F: 0.3991299926525542
Punto[1.         0.45979331 0.46820199] -> F: 0.3988444871565751
Punto[1.         0.45990599 0.46799818] -> F: 0.3985587697017933
Punto[1.         0.46001867 0.46779437] -> F: 0.3982736883031831
Punto[1.         0.46013136 0.46759056] -> F: 0.3979892429607445
Punto[1.         0.46024404 0.46738676] -> F: 0.39770543367447736
{
  "seed": 12908,
  "n_per_z": 10,
  "nz": 100,
  "nd": 100,
  "n_muestras": 50,
  "best_f": 0.40368534625828273,
  "best_cp": [
    1.0,
    0.4577649992204595,
    0.4718705527900773
  ],
  "best_u": [
    0.24868988716485474,
    -0.8630139157846034,
    0.4397275533600973
  ],
  "best_index": 31,
  "n_candidatos": 54
}
