Punto[0.         0.47900134 0.45472461] -> F: 0.07244556489856524
Punto[1.         0.48500511 0.528613  ] -> F: 0.35219060424209253
Punto[2.         0.45677382 0.58664201] -> F: 0.21689555124620488
Punto[1.         0.46788758 0.52068331] -> F: 0.34203085035249114
Punto[1.         0.48466276 0.52845441] -> F: 0.351996982574135
Punto[1.         0.48432726 0.52829899] -> F: 0.35180725869626506
Punto[1.         0.48399175 0.52814357] -> F: 0.351617559918995
Punto[1.         0.48365625 0.52798814] -> F: 0.351423041673029
Punto[1.         0.48332074 0.52783272] -> F: 0.3512278967558418
Punto[1.         0.48298524 0.5276773 ] -> F: 0.35103277841553593
Punto[1.         0.48264974 0.52752188] -> F: 0.35083768665211157
Punto[1.         0.48231423 0.52736646] -> F: 0.35064262146556857
Punto[1.         0.48197873 0.52721103] -> F: 0.35044758285590705
Punto[1.         0.48164323 0.52705561] -> F: 0.3502525791411238
Punto[1.         0.48130772 0.52690019] -> F: 0.3500576356862346
Punto[1.         0.48097222 0.52674477] -> F: 0.34986275424792895
Punto[1.         0.48063672 0.52658935] -> F: 0.34966793482620656
Punto[1.         0.48030121 0.52643392] -> F: 0.3494692310128892
Punto[1.         0.47996571 0.5262785 ] -> F: 0.34927019752867844
Punto[1.         0.4796302  0.52612308] -> F: 0.3490712288567759
Punto[1.         0.4792947  0.52596766] -> F: 0.3488723249971815
Punto[1.         0.4789592  0.52581224] -> F: 0.3486734859498952
Punto[1.         0.47862369 0.52565681] -> F: 0.34847471171491706
Punto[1.         0.47828819 0.52550139] -> F: 0.34827600229224703
Punto[1.         0.47795269 0.52534597] -> F: 0.34807735768188525
Punto[1.         0.47761718 0.52519055] -> F: 0.3478787778838315
Punto[1.         0.47728168 0.52503513] -> F: 0.34768026289808596
Punto[1.         0.47694618 0.5248797 ] -> F: 0.34748181272464845
Punto[1.         0.47661067 0.52472428] -> F: 0.3472834273635192
Punto[1.         0.47627517 0.52456886] -> F: 0.34708510681469795
Punto[1.         0.47593966 0.52441344] -> F: 0.3468868510781849
Punto[1.         0.47560416 0.52425802] -> F: 0.34668866015398003
Punto[1.         0.47526866 0.5241026 ] -> F: 0.3464905340420833
Punto[1.         0.47493315 0.52394717] -> F: 0.3462897615544238
Punto[1.         0.47459765 0.52379175] -> F: 0.3460874115664171
Punto[1.         0.47426215 0.52363633] -> F: 0.34588512927330267
Punto[1.         0.47392664 0.52348091] -> F: 0.3456829146750809
Punto[1.         0.47359114 0.52332549] -> F: 0.34548076777175163
Punto[1.         0.47325564 0.52317006] -> F: 0.34527868856331484
Punto[1.         0.47292013 0.52301464] -> F: 0.34507667704977063
Punto[1.         0.47258463 0.52285922] -> F: 0.3448747332311188
Punto[1.         0.47224912 0.5227038 ] -> F: 0.3446728571073595
Punto[1.         0.47191362 0.52254838] -> F: 0.3444710486784929
Punto[1.         0.47157812 0.52239295] -> F: 0.34426930794451865
Punto[1.         0.47124261 0.52223753] -> F: 0.344067634905437
Punto[1.         0.47090711 0.52208211] -> F: 0.3438660295612479
Punto[1.         0.47057161 0.52192669] -> F: 0.3436644919119512
Punto[1.         0.4702361  0.52177127] -> F: 0.34346302195754713
Punto[1.         0.4699006  0.52161584] -> F: 0.34326161969803554
Punto[1.         0.4695651  0.52146042] -> F: 0.34305836999865325
Punto[1.         0.46922959 0.521305  ] -> F: 0.3428527247230227
Punto[1.         0.46889409 0.52114958] -> F: 0.3426471501205912
Punto[1.         0.46855858 0.52099416] -> F: 0.3424416461913589
Punto[1.         0.46822308 0.52083873] -> F: 0.3422362129353255
Best centerpoint:  [1.         0.48500511 0.528613  ] Best F:  0.35219060424209253 Best u:  [-0.99950656 -0.01513225 -0.02752546] índice:  1
{
  "seed": 18761,
  "n_per_z": 5,
  "nz": 100,
  "nd": 100,
  "n_muestras": 50,
  "best_f": 0.35219060424209253,
  "best_cp": [
    1.0,
    0.4850051101798777,
    0.5286130029912742
  ],
  "best_u": [
    -0.9995065603657316,
    -0.015132248592212108,
    -0.027525458005412257
  ],
  "n_candidatos": 54
}
