Punto[0.         0.42152319 0.59647546] -> F: 0.09131465230498474
Punto[1.         0.54362727 0.4348586 ] -> F: 0.39979690777536203
Punto[2.         0.71356521 0.38749536] -> F: 0.13607214002563298
Punto[1.         0.5675442  0.49198541] -> F: 0.3734122776165619
Punto[1.         0.54410561 0.43600113] -> F: 0.40182790467271967
Punto[1.         0.54457438 0.43712082] -> F: 0.4038067995851839
Punto[1.         0.54504316 0.4382405 ] -> F: 0.40577191708497035
Punto[1.         0.54551193 0.43936019] -> F: 0.40774200305925506
Punto[1.         0.5459807  0.44047988] -> F: 0.4095620801137155
Punto[1.         0.54644947 0.44159956] -> F: 0.41131408075539977
Punto[1.         0.54691824 0.44271925] -> F: 0.41305940583791184
Punto[1.         0.54738701 0.44383893] -> F: 0.41480850811717157
Punto[1.         0.54785579 0.44495862] -> F: 0.41607253408447403
Punto[1.         0.54832456 0.4460783 ] -> F: 0.415176658892624
Punto[1.         0.54879333 0.44719799] -> F: 0.41434574911787114
Punto[1.         0.5492621  0.44831767] -> F: 0.4134908750520496
Punto[1.         0.54973087 0.44943736] -> F: 0.4124070587052143
Punto[1.         0.55019964 0.45055705] -> F: 0.41137259886689626
Punto[1.         0.55066842 0.45167673] -> F: 0.4103874955370956
Punto[1.         0.55113719 0.45279642] -> F: 0.4094517487158118
Punto[1.         0.55160596 0.4539161 ] -> F: 0.4085653584030455
Punto[1.         0.55207473 0.45503579] -> F: 0.4077187628154917
Punto[1.         0.5525435  0.45615547] -> F: 0.40687549246871035
Punto[1.         0.55301228 0.45727516] -> F: 0.4060319849790495
Punto[1.         0.55348105 0.45839484] -> F: 0.40518824034650974
Punto[1.         0.55394982 0.45951453] -> F: 0.4043442585710904
Punto[1.         0.55441859 0.46063422] -> F: 0.4035000396527919
Punto[1.         0.55488736 0.4617539 ] -> F: 0.4026555835916141
Punto[1.         0.55535613 0.46287359] -> F: 0.4018108903875572
Punto[1.         0.55582491 0.46399327] -> F: 0.40077789675961184
Punto[1.         0.55629368 0.46511296] -> F: 0.3997273117285787
Punto[1.         0.55676245 0.46623264] -> F: 0.3986958879350478
Punto[1.         0.55723122 0.46735233] -> F: 0.3976836253790193
Punto[1.         0.55769999 0.46847201] -> F: 0.39669052406049315
Punto[1.         0.55816877 0.4695917 ] -> F: 0.3957165839794695
Punto[1.         0.55863754 0.47071139] -> F: 0.39476180513594794
Punto[1.         0.55910631 0.47183107] -> F: 0.39382618752992893
Punto[1.         0.55957508 0.47295076] -> F: 0.39290973116141237
Punto[1.         0.56004385 0.47407044] -> F: 0.3920124360303976
Punto[1.         0.56051262 0.47519013] -> F: 0.39113332100962506
Punto[1.         0.5609814  0.47630981] -> F: 0.39025846392155605
Punto[1.         0.56145017 0.4774295 ] -> F: 0.38936329368745165
Punto[1.         0.56191894 0.47854918] -> F: 0.3882815443520192
Punto[1.         0.56238771 0.47966887] -> F: 0.38718690442835174
Punto[1.         0.56285648 0.48078856] -> F: 0.38574139390859863
Punto[1.         0.56332525 0.48190824] -> F: 0.38436416193791323
Punto[1.         0.56379403 0.48302793] -> F: 0.3830552085162953
Punto[1.         0.5642628  0.48414761] -> F: 0.38181453364374485
Punto[1.         0.56473157 0.4852673 ] -> F: 0.38063316691034377
Punto[1.         0.56520034 0.48638698] -> F: 0.3793062940900869
Punto[1.         0.56566911 0.48750667] -> F: 0.37802877777834765
Punto[1.         0.56613789 0.48862635] -> F: 0.37680061797512515
Punto[1.         0.56660666 0.48974604] -> F: 0.37562181468042033
Punto[1.         0.56707543 0.49086573] -> F: 0.3744923678942324
Best centerpoint:  [1.         0.54785579 0.44495862] Best F:  0.41607253408447403 Best u:  [-0.06279052 -0.42493911  0.90304158] índice:  9
{
  "seed": 7460,
  "n_per_z": 5,
  "nz": 100,
  "nd": 100,
  "n_muestras": 50,
  "best_f": 0.41607253408447403,
  "best_cp": [
    1.0,
    0.5478557860980211,
    0.4449586179965467
  ],
  "best_u": [
    -0.0627905195293134,
    -0.4249391133931967,
    0.9030415829660574
  ],
  "n_candidatos": 54
}
