Punto[0.         0.48037858 0.39481008] -> F: 0.1486154068306867
Punto[1.         0.54071149 0.48706683] -> F: 0.41994865914583046
Punto[2.         0.59905212 0.50366456] -> F: 0.11886397973035845
Punto[1.         0.53971535 0.44923732] -> F: 0.434810285598646
Punto[1.         0.54069157 0.48631024] -> F: 0.42099261024666335
Punto[1.         0.54067204 0.48556878] -> F: 0.42201001691050294
Punto[1.         0.54065252 0.48482732] -> F: 0.4230295233127617
Punto[1.         0.54063299 0.48408586] -> F: 0.42405112945343937
Punto[1.         0.54061347 0.48334441] -> F: 0.42507483533253604
Punto[1.         0.54059395 0.48260295] -> F: 0.4261006409500516
Punto[1.         0.54057442 0.48186149] -> F: 0.42712854630598635
Punto[1.         0.5405549  0.48112003] -> F: 0.42815855140034015
Punto[1.         0.54053537 0.48037857] -> F: 0.42919065623311303
Punto[1.         0.54051585 0.47963711] -> F: 0.4302248608043049
Punto[1.         0.54049632 0.47889566] -> F: 0.4312611651139157
Punto[1.        0.5404768 0.4781542] -> F: 0.43229956916194573
Punto[1.         0.54045727 0.47741274] -> F: 0.43332688288235993
Punto[1.         0.54043775 0.47667128] -> F: 0.4343311662592546
Punto[1.         0.54041823 0.47592982] -> F: 0.4353372719732901
Punto[1.         0.5403987  0.47518836] -> F: 0.43634520002446614
Punto[1.         0.54037918 0.4744469 ] -> F: 0.43735495041278283
Punto[1.         0.54035965 0.47370545] -> F: 0.4383665217805679
Punto[1.         0.54034013 0.47296399] -> F: 0.4393799027429515
Punto[1.         0.5403206  0.47222253] -> F: 0.4403950907358729
Punto[1.         0.54030108 0.47148107] -> F: 0.44141208575933166
Punto[1.         0.54028156 0.47073961] -> F: 0.44243088781332846
Punto[1.         0.54026203 0.46999815] -> F: 0.4434514968978632
Punto[1.         0.54024251 0.4692567 ] -> F: 0.44447391301293543
Punto[1.         0.54022298 0.46851524] -> F: 0.44549796471060976
Punto[1.         0.54020346 0.46777378] -> F: 0.44648864856508497
Punto[1.         0.54018393 0.46703232] -> F: 0.447480926332786
Punto[1.         0.54016441 0.46629086] -> F: 0.4484747980137129
Punto[1.         0.54014489 0.4655494 ] -> F: 0.4491263407699685
Punto[1.         0.54012536 0.46480794] -> F: 0.44859038646302724
Punto[1.         0.54010584 0.46406649] -> F: 0.4479376921906438
Punto[1.         0.54008631 0.46332503] -> F: 0.44728759023116826
Punto[1.         0.54006679 0.46258357] -> F: 0.4466433686830025
Punto[1.         0.54004726 0.46184211] -> F: 0.4460050275461465
Punto[1.         0.54002774 0.46110065] -> F: 0.4453725668206001
Punto[1.         0.54000821 0.46035919] -> F: 0.4447459865063634
Punto[1.         0.53998869 0.45961773] -> F: 0.44412528660343625
Punto[1.         0.53996917 0.45887628] -> F: 0.44349184662939783
Punto[1.         0.53994964 0.45813482] -> F: 0.4428218552521013
Punto[1.         0.53993012 0.45739336] -> F: 0.44215594312722517
Punto[1.         0.53991059 0.4566519 ] -> F: 0.4414941102547699
Punto[1.         0.53989107 0.45591044] -> F: 0.4408363566347354
Punto[1.         0.53987154 0.45516898] -> F: 0.44018268226712143
Punto[1.         0.53985202 0.45442753] -> F: 0.4395330871519282
Punto[1.         0.5398325  0.45368607] -> F: 0.4388875712891557
Punto[1.         0.53981297 0.45294461] -> F: 0.4382461346788038
Punto[1.         0.53979345 0.45220315] -> F: 0.43760864668439287
Punto[1.         0.53977392 0.45146169] -> F: 0.4369414671910616
Punto[1.         0.5397544  0.45072023] -> F: 0.4362772368782513
Punto[1.         0.53973487 0.44997877] -> F: 0.4356159557459623
{
  "seed": 7824,
  "n_per_z": 10,
  "nz": 100,
  "nd": 100,
  "n_muestras": 50,
  "best_f": 0.4491263407699685,
  "best_cp": [
    1.0,
    0.5401448852437456,
    0.46554940272648204
  ],
  "best_u": [
    0.36812455268467775,
    0.08749969685015883,
    -0.9256501049326555
  ],
  "best_index": 32,
  "n_candidatos": 54
}
