Punto[0.         0.57125249 0.42998372] -> F: 0.09901567891362385
Punto[1.         0.40602926 0.50690046] -> F: 0.3225934736953853
Punto[2.         0.34162555 0.12663739] -> F: 0.05074122023454044
Punto[1.         0.45643902 0.27831055] -> F: 0.23811369674102714
Punto[1.         0.40703745 0.50232866] -> F: 0.3268826078533303
Punto[1.         0.40802548 0.4978483 ] -> F: 0.3312906373920698
Punto[1.         0.40901351 0.49336794] -> F: 0.33591289485645814
Punto[1.         0.41000155 0.48888757] -> F: 0.340470115041928
Punto[1.         0.41098958 0.48440721] -> F: 0.3450478905197766
Punto[1.         0.41197761 0.47992685] -> F: 0.3499277378132232
Punto[1.         0.41296564 0.47544649] -> F: 0.35510068868460626
Punto[1.         0.41395367 0.47096613] -> F: 0.35970299544702644
Punto[1.         0.4149417  0.46648576] -> F: 0.3648073478189882
Punto[1.         0.41592973 0.4620054 ] -> F: 0.3704879984164039
Punto[1.         0.41691777 0.45752504] -> F: 0.37516083246891424
Punto[1.         0.4179058  0.45304468] -> F: 0.3808646318741046
Punto[1.         0.41889383 0.44856431] -> F: 0.38445679131277977
Punto[1.         0.41988186 0.44408395] -> F: 0.38084212826822145
Punto[1.         0.42086989 0.43960359] -> F: 0.37721403463044906
Punto[1.         0.42185792 0.43512323] -> F: 0.37358155262340836
Punto[1.         0.42284595 0.43064287] -> F: 0.3699259367492979
Punto[1.         0.42383399 0.4261625 ] -> F: 0.36626021745359644
Punto[1.         0.42482202 0.42168214] -> F: 0.36258963479464373
Punto[1.         0.42581005 0.41720178] -> F: 0.3588943751932118
Punto[1.         0.42679808 0.41272142] -> F: 0.3551903413802235
Punto[1.         0.42778611 0.40824106] -> F: 0.35148136233311844
Punto[1.         0.42877414 0.40376069] -> F: 0.3477471083297997
Punto[1.         0.42976217 0.39928033] -> F: 0.3440044778891399
Punto[1.         0.43075021 0.39479997] -> F: 0.3402572085442386
Punto[1.         0.43173824 0.39031961] -> F: 0.33648389114401683
Punto[1.         0.43272627 0.38583924] -> F: 0.3327027643144146
Punto[1.         0.4337143  0.38135888] -> F: 0.32891775034716836
Punto[1.         0.43470233 0.37687852] -> F: 0.3251044876359386
Punto[1.         0.43569036 0.37239816] -> F: 0.321285431567572
Punto[1.        0.4366784 0.3679178] -> F: 0.3174622270346481
Punto[1.         0.43766643 0.36343743] -> F: 0.31360877687954475
Punto[1.         0.43865446 0.35895707] -> F: 0.309753053980113
Punto[1.         0.43964249 0.35447671] -> F: 0.30588734507820836
Punto[1.         0.44063052 0.34999635] -> F: 0.301997115176391
Punto[1.         0.44161855 0.34551599] -> F: 0.29810712715214505
Punto[1.         0.44260658 0.34103562] -> F: 0.29419529412605033
Punto[1.         0.44359462 0.33655526] -> F: 0.290271098109686
Punto[1.         0.44458265 0.3320749 ] -> F: 0.2863466881426526
Punto[1.         0.44557068 0.32759454] -> F: 0.28238794597381905
Punto[1.         0.44655871 0.32311418] -> F: 0.27843500048813835
Punto[1.         0.44754674 0.31863381] -> F: 0.27445660583177267
Punto[1.         0.44853477 0.31415345] -> F: 0.2704707022963665
Punto[1.         0.4495228  0.30967309] -> F: 0.26647588560545327
Punto[1.         0.45051084 0.30519273] -> F: 0.26245729804604323
Punto[1.         0.45149887 0.30071236] -> F: 0.2584445050951158
Punto[1.        0.4524869 0.296232 ] -> F: 0.25439382717976555
Punto[1.         0.45347493 0.29175164] -> F: 0.25036115691229877
Punto[1.         0.45446296 0.28727128] -> F: 0.24627946713980803
Punto[1.         0.45545099 0.28279092] -> F: 0.24222459993490805
Best centerpoint:  [1.         0.41889383 0.44856431] Best F:  0.38445679131277977 Best u:  [ 0.48175367  0.4695486  -0.7398902 ] índice:  13
{
  "seed": 10888,
  "n_per_z": 5,
  "nz": 100,
  "nd": 100,
  "n_muestras": 50,
  "best_f": 0.38445679131277977,
  "best_cp": [
    1.0,
    0.41889382885637594,
    0.4485643146773128
  ],
  "best_u": [
    0.48175367410171543,
    0.46954859978658864,
    -0.7398902012649933
  ],
  "n_candidatos": 54
}
