Punto[0.         0.44824491 0.51594801] -> F: 0.14487814470602686
Punto[1.         0.50534397 0.48807699] -> F: 0.46396031653253816
Punto[2.         0.59069145 0.45158883] -> F: 0.12935358266521219
Punto[1.         0.51946818 0.48376842] -> F: 0.45947198727286476
Punto[1.         0.50562645 0.48799082] -> F: 0.4639474471270011
Punto[1.         0.50590329 0.48790637] -> F: 0.46393483643927963
Punto[1.         0.50618012 0.48782192] -> F: 0.46392222706783165
Punto[1.         0.50645696 0.48773747] -> F: 0.4639096190126573
Punto[1.         0.50673379 0.48765303] -> F: 0.4638970122737567
Punto[1.         0.50701062 0.48756858] -> F: 0.4638844068511295
Punto[1.         0.50728746 0.48748413] -> F: 0.46387180274477596
Punto[1.         0.50756429 0.48739968] -> F: 0.4638591999546958
Punto[1.         0.50784113 0.48731523] -> F: 0.4638418980318342
Punto[1.         0.50811796 0.48723079] -> F: 0.46382216750789573
Punto[1.         0.5083948  0.48714634] -> F: 0.46380244411409527
Punto[1.         0.50867163 0.48706189] -> F: 0.46378272785043273
Punto[1.         0.50894847 0.48697744] -> F: 0.4637630187169083
Punto[1.         0.5092253  0.48689299] -> F: 0.46374331671352204
Punto[1.         0.50950214 0.48680855] -> F: 0.4637236218402738
Punto[1.         0.50977897 0.4867241 ] -> F: 0.46370393409716354
Punto[1.         0.51005581 0.48663965] -> F: 0.4636842534841914
Punto[1.         0.51033264 0.4865552 ] -> F: 0.46366458000135746
Punto[1.         0.51060947 0.48647075] -> F: 0.46364491364866134
Punto[1.         0.51088631 0.48638631] -> F: 0.4636252544261034
Punto[1.         0.51116314 0.48630186] -> F: 0.46360560233368353
Punto[1.         0.51143998 0.48621741] -> F: 0.4635859573714018
Punto[1.         0.51171681 0.48613296] -> F: 0.463566319539258
Punto[1.         0.51199365 0.48604851] -> F: 0.46354668883725214
Punto[1.         0.51227048 0.48596407] -> F: 0.4635270652653847
Punto[1.         0.51254732 0.48587962] -> F: 0.4635074488236551
Punto[1.         0.51282415 0.48579517] -> F: 0.46348783951206335
Punto[1.         0.51310099 0.48571072] -> F: 0.46346823733060993
Punto[1.         0.51337782 0.48562627] -> F: 0.4634486422792944
Punto[1.         0.51365465 0.48554183] -> F: 0.46342905435811715
Punto[1.         0.51393149 0.48545738] -> F: 0.46340947356707785
Punto[1.         0.51420832 0.48537293] -> F: 0.4633898999061767
Punto[1.         0.51448516 0.48528848] -> F: 0.4633703333754134
Punto[1.         0.51476199 0.48520404] -> F: 0.4633507739747883
Punto[1.         0.51503883 0.48511959] -> F: 0.4633312217043013
Punto[1.         0.51531566 0.48503514] -> F: 0.4633116765639523
Punto[1.         0.5155925  0.48495069] -> F: 0.46329213855374135
Punto[1.         0.51586933 0.48486624] -> F: 0.46327260767366846
Punto[1.         0.51614617 0.4847818 ] -> F: 0.4632530839237336
Punto[1.         0.516423   0.48469735] -> F: 0.4632335673039369
Punto[1.         0.51669983 0.4846129 ] -> F: 0.46321405781427816
Punto[1.         0.51697667 0.48452845] -> F: 0.4631945554547576
Punto[1.        0.5172535 0.484444 ] -> F: 0.462810475647892
Punto[1.         0.51753034 0.48435956] -> F: 0.4623922933220797
Punto[1.         0.51780717 0.48427511] -> F: 0.46197435993310565
Punto[1.         0.51808401 0.48419066] -> F: 0.4615566754809699
Punto[1.         0.51836084 0.48410621] -> F: 0.4611392399656723
Punto[1.         0.51863768 0.48402176] -> F: 0.46072205338721306
Punto[1.         0.51891451 0.48393732] -> F: 0.4603051157455921
Punto[1.         0.51919135 0.48385287] -> F: 0.4598884270408093
{
  "seed": 13510,
  "n_per_z": 10,
  "nz": 100,
  "nd": 100,
  "n_muestras": 50,
  "best_f": 0.46396031653253816,
  "best_cp": [
    1.0,
    0.5053439679135695,
    0.4880769890825872
  ],
  "best_u": [
    0.27899110603922916,
    -0.23881532833612146,
    -0.9301242936848375
  ],
  "best_index": 1,
  "n_candidatos": 54
}
