Punto[0.         0.43960328 0.33924978] -> F: 0.15170232724199567
Punto[1.         0.46237001 0.47993325] -> F: 0.4187158316006707
Punto[2.         0.49565985 0.47780119] -> F: 0.1371523976604974
Punto[1.         0.46763156 0.40852549] -> F: 0.44066332947033715
Punto[1.         0.46247524 0.47850509] -> F: 0.4207806782417313
Punto[1.         0.46257837 0.4771055 ] -> F: 0.4228093603310684
Punto[1.         0.46268149 0.47570591] -> F: 0.42484312295926974
Punto[1.         0.46278462 0.47430631] -> F: 0.4268819661263356
Punto[1.         0.46288774 0.47290672] -> F: 0.4289258898322658
Punto[1.         0.46299087 0.47150713] -> F: 0.43097489407706047
Punto[1.         0.463094   0.47010754] -> F: 0.4330289788607193
Punto[1.         0.46319712 0.46870795] -> F: 0.43508814418324276
Punto[1.         0.46330025 0.46730835] -> F: 0.43715239004463036
Punto[1.         0.46340338 0.46590876] -> F: 0.4392217164448825
Punto[1.         0.4635065  0.46450917] -> F: 0.44129612338399904
Punto[1.         0.46360963 0.46310958] -> F: 0.4433756108619799
Punto[1.         0.46371276 0.46170999] -> F: 0.44546017887882533
Punto[1.         0.46381588 0.46031039] -> F: 0.44753132685335967
Punto[1.         0.46391901 0.4589108 ] -> F: 0.449602958833372
Punto[1.         0.46402214 0.45751121] -> F: 0.4516792989154896
Punto[1.         0.46412526 0.45611162] -> F: 0.4537603470997126
Punto[1.         0.46422839 0.45471203] -> F: 0.4558461033860404
Punto[1.         0.46433152 0.45331243] -> F: 0.45793656777447383
Punto[1.         0.46443464 0.45191284] -> F: 0.46003174026501237
Punto[1.         0.46453777 0.45051325] -> F: 0.46213162085765613
Punto[1.         0.46464089 0.44911366] -> F: 0.4642362095524051
Punto[1.         0.46474402 0.44771407] -> F: 0.46443412817006213
Punto[1.         0.46484715 0.44631447] -> F: 0.46387707728588584
Punto[1.         0.46495027 0.44491488] -> F: 0.46332056797805643
Punto[1.         0.4650534  0.44351529] -> F: 0.46276460024657373
Punto[1.         0.46515653 0.4421157 ] -> F: 0.4622091740914377
Punto[1.         0.46525965 0.44071611] -> F: 0.46165428951264853
Punto[1.         0.46536278 0.43931651] -> F: 0.4610999465102061
Punto[1.         0.46546591 0.43791692] -> F: 0.46053597597226914
Punto[1.         0.46556903 0.43651733] -> F: 0.45995946557756406
Punto[1.         0.46567216 0.43511774] -> F: 0.4593835432801347
Punto[1.         0.46577529 0.43371815] -> F: 0.4588082090799809
Punto[1.         0.46587841 0.43231855] -> F: 0.45823346297710277
Punto[1.         0.46598154 0.43091896] -> F: 0.45765930497150026
Punto[1.         0.46608467 0.42951937] -> F: 0.4570686557805677
Punto[1.         0.46618779 0.42811978] -> F: 0.4560781228177698
Punto[1.         0.46629092 0.42672019] -> F: 0.4550714781635449
Punto[1.         0.46639404 0.42532059] -> F: 0.4540466515784661
Punto[1.         0.46649717 0.423921  ] -> F: 0.45302263269193066
Punto[1.         0.4666003  0.42252141] -> F: 0.45196535458978504
Punto[1.         0.46670342 0.42112182] -> F: 0.4509075110333896
Punto[1.         0.46680655 0.41972223] -> F: 0.44983422492816755
Punto[1.         0.46690968 0.41832263] -> F: 0.44874263390854063
Punto[1.         0.4670128  0.41692304] -> F: 0.44765200001828953
Punto[1.         0.46711593 0.41552345] -> F: 0.4465285940141069
Punto[1.         0.46721906 0.41412386] -> F: 0.4454043203346708
Punto[1.         0.46732218 0.41272426] -> F: 0.44425113750411005
Punto[1.         0.46742531 0.41132467] -> F: 0.44306774391237597
Punto[1.         0.46752844 0.40992508] -> F: 0.4418829804668965
{
  "seed": 12836,
  "n_per_z": 10,
  "nz": 100,
  "nd": 100,
  "n_muestras": 50,
  "best_f": 0.46443412817006213,
  "best_cp": [
    1.0,
    0.4647440213827133,
    0.44771406600556346
  ],
  "best_u": [
    0.5358267949789969,
    0.6671499424241857,
    -0.5174945411363697
  ],
  "best_index": 26,
  "n_candidatos": 54
}
