Punto[0.         0.58006223 0.41553777] -> F: 0.11200389261219526
Punto[1.        0.4904317 0.388837 ] -> F: 0.40411453659703783
Punto[2.         0.52130965 0.45958597] -> F: 0.15109504629088238
Punto[1.         0.55068594 0.43756187] -> F: 0.4026104193677949
Punto[1.         0.49163678 0.3898115 ] -> F: 0.4065018417548987
Punto[1.         0.49281776 0.3907665 ] -> F: 0.4088472686549434
Punto[1.         0.49399875 0.39172151] -> F: 0.41119850412916437
Punto[1.         0.49517973 0.39267652] -> F: 0.4135555481775616
Punto[1.         0.49636071 0.39363153] -> F: 0.4159184008001349
Punto[1.         0.4975417  0.39458653] -> F: 0.4182870619968847
Punto[1.         0.49872268 0.39554154] -> F: 0.42066153176781074
Punto[1.         0.49990366 0.39649655] -> F: 0.42304181011291275
Punto[1.         0.50108465 0.39745156] -> F: 0.42420718283457
Punto[1.         0.50226563 0.39840656] -> F: 0.42489112804004864
Punto[1.         0.50344661 0.39936157] -> F: 0.4255749579631749
Punto[1.         0.5046276  0.40031658] -> F: 0.42625867260394934
Punto[1.         0.50580858 0.40127159] -> F: 0.4269422719623715
Punto[1.         0.50698956 0.40222659] -> F: 0.4276257560384414
Punto[1.         0.50817054 0.4031816 ] -> F: 0.42830912483215927
Punto[1.         0.50935153 0.40413661] -> F: 0.428992378343525
Punto[1.         0.51053251 0.40509162] -> F: 0.4296755165725384
Punto[1.         0.51171349 0.40604662] -> F: 0.4303585395191999
Punto[1.         0.51289448 0.40700163] -> F: 0.43104144718350934
Punto[1.         0.51407546 0.40795664] -> F: 0.4309882361099666
Punto[1.         0.51525644 0.40891165] -> F: 0.43022623308155594
Punto[1.         0.51643743 0.40986665] -> F: 0.42947746752635124
Punto[1.         0.51761841 0.41082166] -> F: 0.42874193944435257
Punto[1.         0.51879939 0.41177667] -> F: 0.4280196488355594
Punto[1.         0.51998038 0.41273168] -> F: 0.42731059569997204
Punto[1.         0.52116136 0.41368668] -> F: 0.42661478003759074
Punto[1.         0.52234234 0.41464169] -> F: 0.42591908878914464
Punto[1.         0.52352333 0.4155967 ] -> F: 0.4252114760574833
Punto[1.         0.52470431 0.41655171] -> F: 0.42448575299057606
Punto[1.         0.52588529 0.41750671] -> F: 0.4236011843835946
Punto[1.         0.52706628 0.41846172] -> F: 0.4227178575547837
Punto[1.         0.52824726 0.41941673] -> F: 0.42183577250414334
Punto[1.         0.52942824 0.42037174] -> F: 0.4209549292316733
Punto[1.         0.53060923 0.42132674] -> F: 0.4200753277373738
Punto[1.         0.53179021 0.42228175] -> F: 0.41919696802124484
Punto[1.         0.53297119 0.42323676] -> F: 0.4183079587616931
Punto[1.         0.53415218 0.42419177] -> F: 0.41741598860301793
Punto[1.         0.53533316 0.42514677] -> F: 0.41652530635963975
Punto[1.         0.53651414 0.42610178] -> F: 0.41563591203155864
Punto[1.         0.53769512 0.42705679] -> F: 0.41474780561877456
Punto[1.         0.53887611 0.4280118 ] -> F: 0.4138609871212875
Punto[1.         0.54005709 0.4289668 ] -> F: 0.41297079987452023
Punto[1.         0.54123807 0.42992181] -> F: 0.4118620387563439
Punto[1.         0.54241906 0.43087682] -> F: 0.41076651511137335
Punto[1.         0.54360004 0.43183183] -> F: 0.4096842289396088
Punto[1.         0.54478102 0.43278683] -> F: 0.40861518024105004
Punto[1.         0.54596201 0.43374184] -> F: 0.40755936901569706
Punto[1.         0.54714299 0.43469685] -> F: 0.4063205948579325
Punto[1.         0.54832397 0.43565185] -> F: 0.4050770493026991
Punto[1.         0.54950496 0.43660686] -> F: 0.40384032360899524
{
  "seed": 8043,
  "n_per_z": 10,
  "nz": 100,
  "nd": 100,
  "n_muestras": 50,
  "best_f": 0.43104144718350934,
  "best_cp": [
    1.0,
    0.5128944776843238,
    0.40700163088865793
  ],
  "best_u": [
    -0.27899110603922916,
    -0.8108027755002972,
    0.5145510878348447
  ],
  "best_index": 22,
  "n_candidatos": 54
}
