Punto[0.         0.51457534 0.53607529] -> F: 0.17373547073497236
Punto[1.         0.46860325 0.56339289] -> F: 0.43619337626646204
Punto[2.         0.42705544 0.58127747] -> F: 0.11669956146303674
Punto[1.         0.47081539 0.55867638] -> F: 0.4358701752250713
Punto[1.         0.46864749 0.56329856] -> F: 0.43625086978233424
Punto[1.         0.46869085 0.56320612] -> F: 0.436286008096351
Punto[1.         0.46873421 0.56311368] -> F: 0.4363032154978339
Punto[1.         0.46877756 0.56302123] -> F: 0.4363204307404845
Punto[1.         0.46882092 0.56292879] -> F: 0.43633765382430273
Punto[1.         0.46886428 0.56283635] -> F: 0.43635488474928885
Punto[1.         0.46890764 0.5627439 ] -> F: 0.4363721235154426
Punto[1.         0.468951   0.56265146] -> F: 0.43638937012276396
Punto[1.         0.46899435 0.56255901] -> F: 0.4364066245712532
Punto[1.         0.46903771 0.56246657] -> F: 0.43642388686091
Punto[1.         0.46908107 0.56237413] -> F: 0.4364411569917347
Punto[1.         0.46912443 0.56228168] -> F: 0.436458434963727
Punto[1.         0.46916779 0.56218924] -> F: 0.43647572077688723
Punto[1.         0.46921114 0.5620968 ] -> F: 0.43649301443121497
Punto[1.         0.4692545  0.56200435] -> F: 0.4365103159267105
Punto[1.         0.46929786 0.56191191] -> F: 0.43652762526337374
Punto[1.         0.46934122 0.56181946] -> F: 0.4365449424412046
Punto[1.         0.46938458 0.56172702] -> F: 0.4365622674602034
Punto[1.         0.46942793 0.56163458] -> F: 0.43657960032036963
Punto[1.         0.46947129 0.56154213] -> F: 0.4365969410217037
Punto[1.         0.46951465 0.56144969] -> F: 0.4366142895642055
Punto[1.         0.46955801 0.56135725] -> F: 0.4366316459478751
Punto[1.         0.46960137 0.5612648 ] -> F: 0.43664901017271235
Punto[1.         0.46964472 0.56117236] -> F: 0.43666638223871745
Punto[1.         0.46968808 0.56107991] -> F: 0.4366837621458901
Punto[1.         0.46973144 0.56098747] -> F: 0.43670114989423053
Punto[1.         0.4697748  0.56089503] -> F: 0.4367185454837388
Punto[1.         0.46981816 0.56080258] -> F: 0.4366926415030298
Punto[1.         0.46986151 0.56071014] -> F: 0.436657656531706
Punto[1.         0.46990487 0.5606177 ] -> F: 0.43662267282631195
Punto[1.         0.46994823 0.56052525] -> F: 0.43658769038684725
Punto[1.         0.46999159 0.56043281] -> F: 0.4365527092133119
Punto[1.         0.47003495 0.56034037] -> F: 0.4365177293057061
Punto[1.         0.4700783  0.56024792] -> F: 0.43648191424362404
Punto[1.         0.47012166 0.56015548] -> F: 0.43644591886992246
Punto[1.         0.47016502 0.56006303] -> F: 0.4364099248369148
Punto[1.         0.47020838 0.55997059] -> F: 0.43637393214460113
Punto[1.         0.47025174 0.55987815] -> F: 0.4363379407929813
Punto[1.         0.47029509 0.5597857 ] -> F: 0.4363019507820554
Punto[1.         0.47033845 0.55969326] -> F: 0.43626596211182356
Punto[1.         0.47038181 0.55960082] -> F: 0.4362299747822856
Punto[1.         0.47042517 0.55950837] -> F: 0.4361939887934414
Punto[1.         0.47046853 0.55941593] -> F: 0.43615800414529127
Punto[1.         0.47051188 0.55932348] -> F: 0.4361220208378351
Punto[1.         0.47055524 0.55923104] -> F: 0.4360860388710727
Punto[1.        0.4705986 0.5591386] -> F: 0.43605005824500437
Punto[1.         0.47064196 0.55904615] -> F: 0.43601407895962996
Punto[1.         0.47068532 0.55895371] -> F: 0.4359781010149494
Punto[1.         0.47072867 0.55886127] -> F: 0.4359421244109627
Punto[1.         0.47077203 0.55876882] -> F: 0.43590614914767
{
  "seed": 13484,
  "n_per_z": 10,
  "nz": 100,
  "nd": 100,
  "n_muestras": 50,
  "best_f": 0.4367185454837388,
  "best_cp": [
    1.0,
    0.4697747984264977,
    0.5608950275102792
  ],
  "best_u": [
    0.3090169943749471,
    -0.9132935673201468,
    -0.2653363093870012
  ],
  "best_index": 30,
  "n_candidatos": 54
}
