Punto[0.         0.48842958 0.5654257 ] -> F: 0.1550962556701242
Punto[1.         0.46496854 0.48333691] -> F: 0.4491388093030555
Punto[2.         0.49696748 0.44016122] -> F: 0.13960519436545832
Punto[1.         0.49269853 0.50279346] -> F: 0.45748355885004455
Punto[1.         0.46552314 0.48372604] -> F: 0.44959216734605595
Punto[1.         0.46606664 0.48410739] -> F: 0.450036212342266
Punto[1.         0.46661015 0.48448874] -> F: 0.4504800139362422
Punto[1.         0.46715366 0.48487009] -> F: 0.45092357212798434
Punto[1.         0.46769717 0.48525144] -> F: 0.45136688691749255
Punto[1.         0.46824068 0.48563279] -> F: 0.4518099583047668
Punto[1.         0.46878418 0.48601413] -> F: 0.452252786289807
Punto[1.         0.46932769 0.48639548] -> F: 0.4526979697553786
Punto[1.         0.4698712  0.48677683] -> F: 0.4531528196133225
Punto[1.         0.47041471 0.48715818] -> F: 0.45361777494792094
Punto[1.         0.47095821 0.48753953] -> F: 0.45409283575917414
Punto[1.         0.47150172 0.48792088] -> F: 0.4545780020470821
Punto[1.         0.47204523 0.48830222] -> F: 0.45507327381164486
Punto[1.         0.47258874 0.48868357] -> F: 0.45557178492120837
Punto[1.         0.47313225 0.48906492] -> F: 0.4560161912171805
Punto[1.         0.47367575 0.48944627] -> F: 0.4564603138502999
Punto[1.         0.47421926 0.48982762] -> F: 0.45690415282056657
Punto[1.         0.47476277 0.49020896] -> F: 0.4573493494534621
Punto[1.         0.47530628 0.49059031] -> F: 0.4578176493499449
Punto[1.         0.47584978 0.49097166] -> F: 0.45831582278446126
Punto[1.         0.47639329 0.49135301] -> F: 0.45884386975701136
Punto[1.         0.4769368  0.49173436] -> F: 0.4594017902675948
Punto[1.         0.47748031 0.49211571] -> F: 0.4599895843162119
Punto[1.         0.47802382 0.49249705] -> F: 0.4606072519028628
Punto[1.         0.47856732 0.4928784 ] -> F: 0.46125479302754724
Punto[1.         0.47911083 0.49325975] -> F: 0.46193220769026505
Punto[1.         0.47965434 0.4936411 ] -> F: 0.46263949589101677
Punto[1.         0.48019785 0.49402245] -> F: 0.4633766576298019
Punto[1.         0.48074136 0.4944038 ] -> F: 0.46413986993675244
Punto[1.         0.48128486 0.49478514] -> F: 0.46394753168675834
Punto[1.         0.48182837 0.49516649] -> F: 0.4636697065182303
Punto[1.         0.48237188 0.49554784] -> F: 0.463391993606607
Punto[1.         0.48291539 0.49592919] -> F: 0.4631143929518886
Punto[1.         0.48345889 0.49631054] -> F: 0.46283690455407483
Punto[1.         0.4840024  0.49669188] -> F: 0.4625595284131662
Punto[1.         0.48454591 0.49707323] -> F: 0.4622822645291622
Punto[1.         0.48508942 0.49745458] -> F: 0.46200511290206314
Punto[1.         0.48563293 0.49783593] -> F: 0.4617280735318689
Punto[1.         0.48617643 0.49821728] -> F: 0.4614511464185794
Punto[1.         0.48671994 0.49859863] -> F: 0.4611743315621949
Punto[1.         0.48726345 0.49897997] -> F: 0.4608966350492569
Punto[1.         0.48780696 0.49936132] -> F: 0.46061849147962763
Punto[1.         0.48835046 0.49974267] -> F: 0.4603404614318182
Punto[1.         0.48889397 0.50012402] -> F: 0.4600625449058284
Punto[1.         0.48943748 0.50050537] -> F: 0.45978474190165813
Punto[1.         0.48998099 0.50088672] -> F: 0.45950705241930767
Punto[1.         0.4905245  0.50126806] -> F: 0.45920077587527997
Punto[1.         0.491068   0.50164941] -> F: 0.45877972568755454
Punto[1.         0.49161151 0.50203076] -> F: 0.4583473847263925
Punto[1.         0.49215502 0.50241211] -> F: 0.45791532911388916
{
  "seed": 19030,
  "n_per_z": 10,
  "nz": 100,
  "nd": 100,
  "n_muestras": 50,
  "best_f": 0.46413986993675244,
  "best_cp": [
    1.0,
    0.48074135507709337,
    0.4944037955582875
  ],
  "best_u": [
    0.3090169943749471,
    -0.9211773269651433,
    -0.23651813772484165
  ],
  "best_index": 32,
  "n_candidatos": 54
}
