Punto[0.         0.51938182 0.44240536] -> F: 0.08068787153113469
Punto[1.         0.45077397 0.52036951] -> F: 0.3448852054725377
Punto[2.         0.6918893  0.67273584] -> F: 0.0805020054125119
Punto[1.         0.60563556 0.5575706 ] -> F: 0.31558740046455097
Punto[1.         0.4538712  0.52111353] -> F: 0.34846264318144665
Punto[1.         0.45690649 0.52184267] -> F: 0.3521333877856428
Punto[1.         0.45994178 0.52257181] -> F: 0.3559673228307237
Punto[1.         0.46297706 0.52330095] -> F: 0.35996444831668933
Punto[1.         0.46601235 0.5240301 ] -> F: 0.36325803867607404
Punto[1.         0.46904764 0.52475924] -> F: 0.3665471867256597
Punto[1.         0.47208292 0.52548838] -> F: 0.37086791407540104
Punto[1.         0.47511821 0.52621752] -> F: 0.37628487637776514
Punto[1.         0.4781535  0.52694666] -> F: 0.3817351552577192
Punto[1.         0.48118879 0.5276758 ] -> F: 0.3871898300704749
Punto[1.         0.48422407 0.52840494] -> F: 0.3925136590632243
Punto[1.         0.48725936 0.52913409] -> F: 0.39781630807626844
Punto[1.         0.49029465 0.52986323] -> F: 0.40328214753019737
Punto[1.         0.49332993 0.53059237] -> F: 0.4073787050781099
Punto[1.         0.49636522 0.53132151] -> F: 0.4111882094473367
Punto[1.         0.49940051 0.53205065] -> F: 0.4151609042574481
Punto[1.         0.5024358  0.53277979] -> F: 0.4192967895084442
Punto[1.         0.50547108 0.53350893] -> F: 0.4235958652003252
Punto[1.         0.50850637 0.53423808] -> F: 0.426013717320211
Punto[1.         0.51154166 0.53496722] -> F: 0.423101137959153
Punto[1.         0.51457694 0.53569636] -> F: 0.4202008853276703
Punto[1.         0.51761223 0.5364255 ] -> F: 0.4173129594257629
Punto[1.         0.52064752 0.53715464] -> F: 0.41443736025343125
Punto[1.         0.52368281 0.53788378] -> F: 0.4115740878106747
Punto[1.         0.52671809 0.53861292] -> F: 0.4087231420974936
Punto[1.         0.52975338 0.53934207] -> F: 0.40588452311388806
Punto[1.         0.53278867 0.54007121] -> F: 0.40305028783868946
Punto[1.         0.53582396 0.54080035] -> F: 0.4002113753070304
Punto[1.         0.53885924 0.54152949] -> F: 0.39738500983586694
Punto[1.         0.54189453 0.54225863] -> F: 0.39457119142519864
Punto[1.         0.54492982 0.54298777] -> F: 0.3917699200750259
Punto[1.         0.5479651  0.54371691] -> F: 0.3889811957853486
Punto[1.         0.55100039 0.54444606] -> F: 0.38612999161029243
Punto[1.         0.55403568 0.5451752 ] -> F: 0.3827701670226927
Punto[1.         0.55707097 0.54590434] -> F: 0.37923468648037084
Punto[1.         0.56010625 0.54663348] -> F: 0.37565790324787807
Punto[1.         0.56314154 0.54736262] -> F: 0.3721781390529581
Punto[1.         0.56617683 0.54809176] -> F: 0.3684198116536402
Punto[1.         0.56921211 0.5488209 ] -> F: 0.36396523984286394
Punto[1.         0.5722474  0.54955005] -> F: 0.36025255443178567
Punto[1.         0.57528269 0.55027919] -> F: 0.35626412971678517
Punto[1.         0.57831798 0.55100833] -> F: 0.3525564097120498
Punto[1.         0.58135326 0.55173747] -> F: 0.3490678019081273
Punto[1.         0.58438855 0.55246661] -> F: 0.345335287830448
Punto[1.         0.58742384 0.55319575] -> F: 0.3417485217705435
Punto[1.         0.59045912 0.55392489] -> F: 0.3383075037284144
Punto[1.         0.59349441 0.55465404] -> F: 0.33392050673902807
Punto[1.         0.5965297  0.55538318] -> F: 0.32829136840386264
Punto[1.         0.59956499 0.55611232] -> F: 0.3229006452379149
Punto[1.         0.60260027 0.55684146] -> F: 0.3191811882060258
Best centerpoint:  [1.         0.50850637 0.53423808] Best F:  0.426013717320211 Best u:  [0.99950656 0.03016355 0.00876332] índice:  19
{
  "seed": 9568,
  "n_per_z": 5,
  "nz": 100,
  "nd": 100,
  "n_muestras": 50,
  "best_f": 0.426013717320211,
  "best_cp": [
    1.0,
    0.5085063704377457,
    0.5342380759913845
  ],
  "best_u": [
    0.9995065603657316,
    0.030163553605046314,
    0.008763322416738774
  ],
  "n_candidatos": 54
}
