Punto[0.         0.70363671 0.59721341] -> F: 0.06026644705119187
Punto[1.         0.52336968 0.41061122] -> F: 0.35513308145319294
Punto[2.         0.41987126 0.37015096] -> F: 0.14437858309042326
Punto[1.         0.56175399 0.48368218] -> F: 0.3111210693030261
Punto[1.         0.52413737 0.41207264] -> F: 0.3571336519345465
Punto[1.         0.5248897  0.41350483] -> F: 0.3591020150499391
Punto[1.         0.52564204 0.41493702] -> F: 0.3610542786452336
Punto[1.         0.52639437 0.41636921] -> F: 0.36295669044958156
Punto[1.        0.5271467 0.4178014] -> F: 0.3648666136010922
Punto[1.         0.52789903 0.41923359] -> F: 0.36678404809976534
Punto[1.         0.52865137 0.42066578] -> F: 0.3687089939456013
Punto[1.         0.5294037  0.42209797] -> F: 0.3706414511385996
Punto[1.         0.53015603 0.42353016] -> F: 0.37258141967876096
Punto[1.         0.53090836 0.42496235] -> F: 0.3745288995660845
Punto[1.         0.53166069 0.42639455] -> F: 0.3745474536768982
Punto[1.         0.53241303 0.42782674] -> F: 0.37311981715305925
Punto[1.         0.53316536 0.42925893] -> F: 0.3716944035747332
Punto[1.         0.53391769 0.43069112] -> F: 0.3702712129419199
Punto[1.         0.53467002 0.43212331] -> F: 0.3688502452546198
Punto[1.         0.53542236 0.4335555 ] -> F: 0.36743150051283235
Punto[1.         0.53617469 0.43498769] -> F: 0.3660149787165579
Punto[1.         0.53692702 0.43641988] -> F: 0.36460067986579625
Punto[1.         0.53767935 0.43785207] -> F: 0.3631886039605476
Punto[1.         0.53843169 0.43928426] -> F: 0.36177875100081186
Punto[1.         0.53918402 0.44071646] -> F: 0.36037093071305226
Punto[1.         0.53993635 0.44214865] -> F: 0.35896461245432415
Punto[1.         0.54068868 0.44358084] -> F: 0.35756052002775635
Punto[1.         0.54144101 0.44501303] -> F: 0.35615865343334907
Punto[1.         0.54219335 0.44644522] -> F: 0.35475901267110244
Punto[1.         0.54294568 0.44787741] -> F: 0.3533615977410164
Punto[1.         0.54369801 0.4493096 ] -> F: 0.3519664086430909
Punto[1.         0.54445034 0.45074179] -> F: 0.35057344537732604
Punto[1.         0.54520268 0.45217398] -> F: 0.3491827079437216
Punto[1.         0.54595501 0.45360617] -> F: 0.3477941963422779
Punto[1.         0.54670734 0.45503836] -> F: 0.3464079105729946
Punto[1.         0.54745967 0.45647056] -> F: 0.34502385063587193
Punto[1.         0.54821201 0.45790275] -> F: 0.3432229088443515
Punto[1.         0.54896434 0.45933494] -> F: 0.3414424677681697
Punto[1.         0.54971667 0.46076713] -> F: 0.3396866133863509
Punto[1.         0.550469   0.46219932] -> F: 0.33795534569889457
Punto[1.         0.55122134 0.46363151] -> F: 0.3362486647058009
Punto[1.         0.55197367 0.4650637 ] -> F: 0.3345665704070701
Punto[1.         0.552726   0.46649589] -> F: 0.3329013510773866
Punto[1.         0.55347833 0.46792808] -> F: 0.3311380677235223
Punto[1.         0.55423066 0.46936027] -> F: 0.3293590194291103
Punto[1.         0.554983   0.47079247] -> F: 0.3273864733051341
Punto[1.         0.55573533 0.47222466] -> F: 0.32547313704413033
Punto[1.         0.55648766 0.47365685] -> F: 0.32361901064609866
Punto[1.         0.55723999 0.47508904] -> F: 0.321824094111039
Punto[1.         0.55799233 0.47652123] -> F: 0.32008838743895174
Punto[1.         0.55874466 0.47795342] -> F: 0.31841189062983644
Punto[1.         0.55949699 0.47938561] -> F: 0.31660142452297135
Punto[1.         0.56024932 0.4808178 ] -> F: 0.31474006239555913
Punto[1.         0.56100166 0.48224999] -> F: 0.31291327732224383
Best centerpoint:  [1.         0.53166069 0.42639455] Best F:  0.3745474536768982 Best u:  [-0.42577929  0.35935016  0.83040921] índice:  11
{
  "seed": 19555,
  "n_per_z": 5,
  "nz": 100,
  "nd": 100,
  "n_muestras": 50,
  "best_f": 0.3745474536768982,
  "best_cp": [
    1.0,
    0.5316606943566955,
    0.4263945453606152
  ],
  "best_u": [
    -0.4257792915650727,
    0.35935015527616554,
    0.8304092128446917
  ],
  "n_candidatos": 54
}
