Punto[0.         0.63225483 0.41317099] -> F: 0.12324422108902082
Punto[1.         0.44087138 0.54994019] -> F: 0.43292931780477734
Punto[2.         0.29716009 0.55957802] -> F: 0.1171114363783331
Punto[1.         0.46470746 0.4863745 ] -> F: 0.40725665405103245
Punto[1.         0.4413481  0.54866887] -> F: 0.43491001679050206
Punto[1.         0.44181529 0.54742299] -> F: 0.4368537838252273
Punto[1.         0.44228248 0.5461771 ] -> F: 0.4385943382547451
Punto[1.         0.44274966 0.54493121] -> F: 0.4401687282476541
Punto[1.         0.44321685 0.54368532] -> F: 0.4417522877728464
Punto[1.         0.44368404 0.54243944] -> F: 0.443345016830322
Punto[1.         0.44415123 0.54119355] -> F: 0.44492846678518017
Punto[1.         0.44461841 0.53994766] -> F: 0.44647105552312033
Punto[1.         0.4450856  0.53870177] -> F: 0.447712748055881
Punto[1.         0.44555279 0.53745589] -> F: 0.4480344171963188
Punto[1.         0.44601997 0.53621   ] -> F: 0.44835585250200416
Punto[1.         0.44648716 0.53496411] -> F: 0.44867705397293756
Punto[1.         0.44695435 0.53371822] -> F: 0.4489980216091185
Punto[1.         0.44742154 0.53247234] -> F: 0.44932467612919547
Punto[1.         0.44788872 0.53122645] -> F: 0.44966732394648695
Punto[1.         0.44835591 0.52998056] -> F: 0.4500261512294843
Punto[1.         0.4488231  0.52873468] -> F: 0.45040115797818714
Punto[1.         0.44929028 0.52748879] -> F: 0.4498357817660151
Punto[1.         0.44975747 0.5262429 ] -> F: 0.4485940404084603
Punto[1.         0.45022466 0.52499701] -> F: 0.44739703182951385
Punto[1.         0.45069185 0.52375113] -> F: 0.4462447560291758
Punto[1.         0.45115903 0.52250524] -> F: 0.4449572820313539
Punto[1.         0.45162622 0.52125935] -> F: 0.44330888045087563
Punto[1.         0.45209341 0.52001346] -> F: 0.4417791319972266
Punto[1.         0.45256059 0.51876758] -> F: 0.44036820313848407
Punto[1.         0.45302778 0.51752169] -> F: 0.439076093874648
Punto[1.         0.45349497 0.5162758 ] -> F: 0.43790280420571864
Punto[1.         0.45396215 0.51502991] -> F: 0.4368451289993808
Punto[1.         0.45442934 0.51378403] -> F: 0.4358224920367572
Punto[1.         0.45489653 0.51253814] -> F: 0.4347998901206957
Punto[1.         0.45536372 0.51129225] -> F: 0.43377732325119644
Punto[1.         0.4558309  0.51004636] -> F: 0.43275479142825923
Punto[1.         0.45629809 0.50880048] -> F: 0.4316755894906735
Punto[1.         0.45676528 0.50755459] -> F: 0.4303078697480483
Punto[1.         0.45723246 0.5063087 ] -> F: 0.42896760802775696
Punto[1.         0.45769965 0.50506281] -> F: 0.4276548043297996
Punto[1.         0.45816684 0.50381693] -> F: 0.42636945865417614
Punto[1.         0.45863403 0.50257104] -> F: 0.4251115710008868
Punto[1.         0.45910121 0.50132515] -> F: 0.42388114136993116
Punto[1.         0.4595684  0.50007926] -> F: 0.42267816976130973
Punto[1.         0.46003559 0.49883338] -> F: 0.42150265617502203
Punto[1.         0.46050277 0.49758749] -> F: 0.42035460061106844
Punto[1.         0.46096996 0.4963416 ] -> F: 0.41912102297157416
Punto[1.         0.46143715 0.49509571] -> F: 0.417481412131377
Punto[1.         0.46190434 0.49384983] -> F: 0.41588653406978815
Punto[1.         0.46237152 0.49260394] -> F: 0.41433638878680795
Punto[1.         0.46283871 0.49135805] -> F: 0.41283097628243604
Punto[1.         0.4633059  0.49011216] -> F: 0.4113702965566725
Punto[1.         0.46377308 0.48886628] -> F: 0.4099543496095173
Punto[1.         0.46424027 0.48762039] -> F: 0.4085831354409707
Best centerpoint:  [1.         0.4488231  0.52873468] Best F:  0.45040115797818714 Best u:  [0.27899111 0.82656513 0.48882926] índice:  17
{
  "seed": 13363,
  "n_per_z": 5,
  "nz": 100,
  "nd": 100,
  "n_muestras": 50,
  "best_f": 0.45040115797818714,
  "best_cp": [
    1.0,
    0.4488230967398712,
    0.5287346751969699
  ],
  "best_u": [
    0.2789911060392295,
    0.8265651335286598,
    0.4888292572931331
  ],
  "n_candidatos": 54
}
