Punto[0.         0.44937064 0.57997977] -> F: 0.11477006790550037
Punto[1.         0.48771088 0.47743834] -> F: 0.3266609220571341
Punto[2.         0.49343332 0.7869318 ] -> F: 0.03820926191984532
Punto[1.         0.47140198 0.68345578] -> F: 0.21167092009459482
Punto[1.         0.48738471 0.48155869] -> F: 0.33022400167881827
Punto[1.         0.48706505 0.48559663] -> F: 0.3343091516187047
Punto[1.         0.4867454  0.48963458] -> F: 0.3381860563699937
Punto[1.         0.48642574 0.49367252] -> F: 0.3420191105626108
Punto[1.         0.48610609 0.49771046] -> F: 0.3460589809906196
Punto[1.         0.48578643 0.5017484 ] -> F: 0.3503056676540199
Punto[1.         0.48546678 0.50578634] -> F: 0.35449437921751553
Punto[1.         0.48514712 0.50982429] -> F: 0.3586707075837915
Punto[1.         0.48482747 0.51386223] -> F: 0.36313477736126104
Punto[1.         0.48450782 0.51790017] -> F: 0.3639166622869046
Punto[1.         0.48418816 0.52193811] -> F: 0.3598385616333358
Punto[1.         0.48386851 0.52597605] -> F: 0.3557741612156714
Punto[1.         0.48354885 0.53001399] -> F: 0.35173295512513586
Punto[1.         0.4832292  0.53405194] -> F: 0.3477149433617297
Punto[1.         0.48290954 0.53808988] -> F: 0.3437201259254526
Punto[1.         0.48258989 0.54212782] -> F: 0.3397485028163047
Punto[1.         0.48227023 0.54616576] -> F: 0.33580007403428574
Punto[1.         0.48195058 0.5502037 ] -> F: 0.3318500935261704
Punto[1.         0.48163092 0.55424165] -> F: 0.3279106555811844
Punto[1.         0.48131127 0.55827959] -> F: 0.32399486182431136
Punto[1.         0.48099162 0.56231753] -> F: 0.3201027122555514
Punto[1.         0.48067196 0.56635547] -> F: 0.3162342068749046
Punto[1.         0.48035231 0.57039341] -> F: 0.31238934568237126
Punto[1.         0.48003265 0.57443135] -> F: 0.3085631430255717
Punto[1.        0.479713  0.5784693] -> F: 0.3047280292145464
Punto[1.         0.47939334 0.58250724] -> F: 0.30091703125577945
Punto[1.         0.47907369 0.58654518] -> F: 0.29713014914927127
Punto[1.         0.47875403 0.59058312] -> F: 0.29336738289502134
Punto[1.         0.47843438 0.59462106] -> F: 0.2896287324930301
Punto[1.         0.47811472 0.59865901] -> F: 0.28591029468786516
Punto[1.         0.47779507 0.60269695] -> F: 0.28218231020725143
Punto[1.         0.47747542 0.60673489] -> F: 0.27847893702417587
Punto[1.         0.47715576 0.61077283] -> F: 0.2748001751386385
Punto[1.         0.47683611 0.61481077] -> F: 0.2711460245506396
Punto[1.         0.47651645 0.61884871] -> F: 0.26751648526017846
Punto[1.         0.4761968  0.62288666] -> F: 0.26389246748906353
Punto[1.         0.47587714 0.6269246 ] -> F: 0.2602746799055329
Punto[1.         0.47555749 0.63096254] -> F: 0.2566820251259805
Punto[1.         0.47523783 0.63500048] -> F: 0.253114503150406
Punto[1.         0.47491818 0.63903842] -> F: 0.24957211397880977
Punto[1.         0.47459852 0.64307637] -> F: 0.24604415150225348
Punto[1.         0.47427887 0.64711431] -> F: 0.24251422687675991
Punto[1.         0.47395922 0.65115225] -> F: 0.23900998524990139
Punto[1.         0.47363956 0.65519019] -> F: 0.23553142662167786
Punto[1.         0.47331991 0.65922813] -> F: 0.23207855099208938
Punto[1.         0.47300025 0.66326607] -> F: 0.2286364904292019
Punto[1.         0.4726806  0.66730402] -> F: 0.22519692114812523
Punto[1.         0.47236094 0.67134196] -> F: 0.22178361677863023
Punto[1.         0.47204129 0.6753799 ] -> F: 0.2183965773207169
Punto[1.         0.47172163 0.67941784] -> F: 0.21503580277438528
Best centerpoint:  [1.         0.48450782 0.51790017] Best F:  0.3639166622869046 Best u:  [0.75011107 0.2043566  0.62894496] índice:  10
{
  "seed": 10255,
  "n_per_z": 5,
  "nz": 100,
  "nd": 100,
  "n_muestras": 50,
  "best_f": 0.3639166622869046,
  "best_cp": [
    1.0,
    0.4845078155708668,
    0.517900169178112
  ],
  "best_u": [
    0.7501110696304596,
    0.2043566049668049,
    0.6289449588193621
  ],
  "n_candidatos": 54
}
