Punto[0.         0.22747683 0.45032781] -> F: 0.0663205448726947
Punto[1.         0.49183783 0.44131573] -> F: 0.3544223307881731
Punto[2.         0.34842235 0.30868165] -> F: 0.08165134603178378
Punto[1.         0.28794959 0.37950473] -> F: 0.26382282366562
Punto[1.         0.48776007 0.44007951] -> F: 0.3587539530187542
Punto[1.         0.48376386 0.43886801] -> F: 0.36299905082896633
Punto[1.         0.47976765 0.43765652] -> F: 0.36725359748753744
Punto[1.         0.47577144 0.43644502] -> F: 0.37162271669552804
Punto[1.         0.47177523 0.43523353] -> F: 0.3758498495472566
Punto[1.         0.46777902 0.43402203] -> F: 0.3800848125385135
Punto[1.         0.46378281 0.43281054] -> F: 0.38432760566929863
Punto[1.         0.4597866  0.43159904] -> F: 0.3890187721724369
Punto[1.         0.45579039 0.43038754] -> F: 0.39390682423765516
Punto[1.         0.45179418 0.42917605] -> F: 0.39731903024025533
Punto[1.         0.44779797 0.42796455] -> F: 0.40066485579723826
Punto[1.         0.44380176 0.42675306] -> F: 0.4040721087154321
Punto[1.         0.43980555 0.42554156] -> F: 0.40746035376703515
Punto[1.         0.43580934 0.42433007] -> F: 0.41059475631942044
Punto[1.         0.43181313 0.42311857] -> F: 0.4062699575032178
Punto[1.         0.42781692 0.42190708] -> F: 0.4019592908959822
Punto[1.         0.42382071 0.42069558] -> F: 0.39768240538403665
Punto[1.         0.41982451 0.41948408] -> F: 0.39343930096738106
Punto[1.         0.4158283  0.41827259] -> F: 0.38922997764601536
Punto[1.         0.41183209 0.41706109] -> F: 0.38505443541993983
Punto[1.         0.40783588 0.4158496 ] -> F: 0.38091267428915415
Punto[1.         0.40383967 0.4146381 ] -> F: 0.3767983516038318
Punto[1.         0.39984346 0.41342661] -> F: 0.3726911774937494
Punto[1.         0.39584725 0.41221511] -> F: 0.3686183367171301
Punto[1.         0.39185104 0.41100362] -> F: 0.3645798292739737
Punto[1.         0.38785483 0.40979212] -> F: 0.36057565516428036
Punto[1.         0.38385862 0.40858062] -> F: 0.3566058143880499
Punto[1.         0.37986241 0.40736913] -> F: 0.3526703069452825
Punto[1.         0.3758662  0.40615763] -> F: 0.3487466149210342
Punto[1.         0.37186999 0.40494614] -> F: 0.3448466624815682
Punto[1.         0.36787378 0.40373464] -> F: 0.3409816401638579
Punto[1.         0.36387757 0.40252315] -> F: 0.3371515479679035
Punto[1.         0.35988136 0.40131165] -> F: 0.3333563858937048
Punto[1.         0.35588515 0.40010016] -> F: 0.32959615394126185
Punto[1.         0.35188894 0.39888866] -> F: 0.32584563860732507
Punto[1.         0.34789273 0.39767716] -> F: 0.32212169360296244
Punto[1.         0.34389652 0.39646567] -> F: 0.31843332484708686
Punto[1.         0.33990031 0.39525417] -> F: 0.3147805323396985
Punto[1.         0.33590411 0.39404268] -> F: 0.3111633160807971
Punto[1.         0.3319079  0.39283118] -> F: 0.30757085019321556
Punto[1.         0.32791169 0.39161969] -> F: 0.30399029838486774
Punto[1.         0.32391548 0.39040819] -> F: 0.3004460239798861
Punto[1.         0.31991927 0.38919669] -> F: 0.2969380269782709
Punto[1.         0.31592306 0.3879852 ] -> F: 0.2928763602457697
Punto[1.         0.31192685 0.3867737 ] -> F: 0.2887725582771578
Punto[1.         0.30793064 0.38556221] -> F: 0.284729295545495
Punto[1.         0.30393443 0.38435071] -> F: 0.2807465720507811
Punto[1.         0.29993822 0.38313922] -> F: 0.27642723037481653
Punto[1.         0.29594201 0.38192772] -> F: 0.27216525597296415
Punto[1.         0.2919458  0.38071623] -> F: 0.26796392515767714
Best centerpoint:  [1.         0.43580934 0.42433007] Best F:  0.41059475631942044 Best u:  [-0.99950656 -0.02882737 -0.01247472] índice:  14
{
  "seed": 19774,
  "n_per_z": 5,
  "nz": 100,
  "nd": 100,
  "n_muestras": 50,
  "best_f": 0.41059475631942044,
  "best_cp": [
    1.0,
    0.4358093435601596,
    0.42433006676180196
  ],
  "best_u": [
    -0.9995065603657316,
    -0.028827369440197342,
    -0.012474716711115937
  ],
  "n_candidatos": 54
}
