Punto[0.         0.42966801 0.31176023] -> F: 0.12134643698466703
Punto[1.         0.43054603 0.44770153] -> F: 0.4006651072469353
Punto[2.         0.44617644 0.47425467] -> F: 0.07085226755577938
Punto[1.         0.43792222 0.39300745] -> F: 0.3950197190846712
Punto[1.         0.43069356 0.44660765] -> F: 0.40169860312873423
Punto[1.         0.43083813 0.44553564] -> F: 0.4027263088387439
Punto[1.         0.4309827  0.44446364] -> F: 0.40376874399413704
Punto[1.         0.43112728 0.44339164] -> F: 0.4048259085949138
Punto[1.         0.43127185 0.44231963] -> F: 0.40589780264107406
Punto[1.         0.43141642 0.44124763] -> F: 0.4068581582885334
Punto[1.         0.431561   0.44017562] -> F: 0.4078126989977728
Punto[1.         0.43170557 0.43910362] -> F: 0.4087759048878643
Punto[1.         0.43185014 0.43803162] -> F: 0.40977147825902116
Punto[1.         0.43199472 0.43695961] -> F: 0.41080060595931633
Punto[1.         0.43213929 0.43588761] -> F: 0.41186328798874977
Punto[1.         0.43228386 0.4348156 ] -> F: 0.4129595243473218
Punto[1.         0.43242844 0.4337436 ] -> F: 0.4140893150350321
Punto[1.         0.43257301 0.4326716 ] -> F: 0.4152526600518808
Punto[1.         0.43271758 0.43159959] -> F: 0.41644955939786765
Punto[1.         0.43286216 0.43052759] -> F: 0.4176800130729932
Punto[1.         0.43300673 0.42945558] -> F: 0.41756623544900007
Punto[1.         0.4331513  0.42838358] -> F: 0.41701660846916677
Punto[1.         0.43329588 0.42731158] -> F: 0.41646742276030085
Punto[1.         0.43344045 0.42623957] -> F: 0.41591867832240226
Punto[1.         0.43358502 0.42516757] -> F: 0.41537037515547104
Punto[1.         0.4337296  0.42409557] -> F: 0.414822513259507
Punto[1.         0.43387417 0.42302356] -> F: 0.4142750926345103
Punto[1.         0.43401874 0.42195156] -> F: 0.41371152615882745
Punto[1.         0.43416332 0.42087955] -> F: 0.4131409544223501
Punto[1.         0.43430789 0.41980755] -> F: 0.41257086366000234
Punto[1.         0.43445246 0.41873555] -> F: 0.4120012538717838
Punto[1.         0.43459704 0.41766354] -> F: 0.41143212505769494
Punto[1.         0.43474161 0.41659154] -> F: 0.4108634772177354
Punto[1.         0.43488618 0.41551953] -> F: 0.41029531035190536
Punto[1.         0.43503076 0.41444753] -> F: 0.4097156345952334
Punto[1.         0.43517533 0.41337553] -> F: 0.40912440117832155
Punto[1.         0.4353199  0.41230352] -> F: 0.4085336903872345
Punto[1.         0.43546448 0.41123152] -> F: 0.40794350222197223
Punto[1.         0.43560905 0.41015951] -> F: 0.40735383668253483
Punto[1.         0.43575362 0.40908751] -> F: 0.4067646937689223
Punto[1.         0.4358982  0.40801551] -> F: 0.4061760734811346
Punto[1.         0.43604277 0.4069435 ] -> F: 0.405578567181148
Punto[1.         0.43618734 0.4058715 ] -> F: 0.40496691182725036
Punto[1.         0.43633192 0.40479949] -> F: 0.40435582285082045
Punto[1.         0.43647649 0.40372749] -> F: 0.40374530025185795
Punto[1.         0.43662106 0.40265549] -> F: 0.40313534403036305
Punto[1.         0.43676564 0.40158348] -> F: 0.4025259541863357
Punto[1.         0.43691021 0.40051148] -> F: 0.40191713071977603
Punto[1.         0.43705478 0.39943947] -> F: 0.4013004056324012
Punto[1.         0.43719936 0.39836747] -> F: 0.4006685250603987
Punto[1.         0.43734393 0.39729547] -> F: 0.3995473730453808
Punto[1.         0.4374885  0.39622346] -> F: 0.39839359214571957
Punto[1.         0.43763308 0.39515146] -> F: 0.3972543895190474
Punto[1.         0.43777765 0.39407946] -> F: 0.3961297651653648
Best centerpoint:  [1.         0.43286216 0.43052759] Best F:  0.4176800130729932 Best u:  [0.09410831 0.50678227 0.85692202] índice:  16
{
  "seed": 8291,
  "n_per_z": 5,
  "nz": 100,
  "nd": 100,
  "n_muestras": 50,
  "best_f": 0.4176800130729932,
  "best_cp": [
    1.0,
    0.4328621582137111,
    0.43052758853967543
  ],
  "best_u": [
    0.09410831331851428,
    0.5067822719287728,
    0.8569220234204835
  ],
  "n_candidatos": 54
}
