Punto[0.         0.37633186 0.49669167] -> F: 0.1105615791779023
Punto[1.         0.52754474 0.47554397] -> F: 0.35756014707087785
Punto[2.         0.45458676 0.47447421] -> F: 0.1433852778613506
Punto[1.         0.41545931 0.48558294] -> F: 0.38791011358028094
Punto[1.         0.52530303 0.47574475] -> F: 0.3601404279113554
Punto[1.         0.52310615 0.47594151] -> F: 0.36278227433470245
Punto[1.         0.52090928 0.47613828] -> F: 0.36540061585783706
Punto[1.         0.5187124  0.47633504] -> F: 0.3678147542371042
Punto[1.         0.51651553 0.47653181] -> F: 0.37137976443770393
Punto[1.         0.51431866 0.47672857] -> F: 0.3744699405905714
Punto[1.         0.51212178 0.47692533] -> F: 0.37767192729515886
Punto[1.         0.50992491 0.4771221 ] -> F: 0.38098594205599434
Punto[1.         0.50772803 0.47731886] -> F: 0.3844119848730781
Punto[1.         0.50553116 0.47751562] -> F: 0.38795005574640945
Punto[1.         0.50333428 0.47771239] -> F: 0.3916001546759891
Punto[1.         0.50113741 0.47790915] -> F: 0.39536221994886334
Punto[1.         0.49894054 0.47810592] -> F: 0.39918933626317143
Punto[1.         0.49674366 0.47830268] -> F: 0.4030409759537083
Punto[1.         0.49454679 0.47849944] -> F: 0.40691305763148705
Punto[1.         0.49234991 0.47869621] -> F: 0.4106566431933651
Punto[1.         0.49015304 0.47889297] -> F: 0.41392443164089715
Punto[1.         0.48795616 0.47908974] -> F: 0.416534519710784
Punto[1.         0.48575929 0.4792865 ] -> F: 0.4189385016627037
Punto[1.         0.48356241 0.47948326] -> F: 0.42132310333133394
Punto[1.         0.48136554 0.47968003] -> F: 0.4245130415318953
Punto[1.         0.47916867 0.47987679] -> F: 0.426079525198293
Punto[1.         0.47697179 0.48007355] -> F: 0.42664874064842667
Punto[1.         0.47477492 0.48027032] -> F: 0.42717102602872026
Punto[1.         0.47257804 0.48046708] -> F: 0.4276500989873773
Punto[1.         0.47038117 0.48066385] -> F: 0.427773269896765
Punto[1.         0.46818429 0.48086061] -> F: 0.4262850470499573
Punto[1.         0.46598742 0.48105737] -> F: 0.424802183536665
Punto[1.         0.46379055 0.48125414] -> F: 0.42330171279352063
Punto[1.         0.46159367 0.4814509 ] -> F: 0.4217903352669253
Punto[1.         0.4593968  0.48164767] -> F: 0.42028475267554793
Punto[1.         0.45719992 0.48184443] -> F: 0.4187638880242658
Punto[1.         0.45500305 0.48204119] -> F: 0.4172318891832492
Punto[1.         0.45280617 0.48223796] -> F: 0.4157061691363386
Punto[1.         0.4506093  0.48243472] -> F: 0.4141653030259842
Punto[1.         0.44841242 0.48263148] -> F: 0.41261556120610093
Punto[1.         0.44621555 0.48282825] -> F: 0.4110726405216351
Punto[1.         0.44401868 0.48302501] -> F: 0.4095142738786531
Punto[1.         0.4418218  0.48322178] -> F: 0.4079501324383102
Punto[1.         0.43962493 0.48341854] -> F: 0.4063934261907717
Punto[1.         0.43742805 0.4836153 ] -> F: 0.4048227279091882
Punto[1.         0.43523118 0.48381207] -> F: 0.40324816168373223
Punto[1.         0.4330343  0.48400883] -> F: 0.4016280021991335
Punto[1.         0.43083743 0.4842056 ] -> F: 0.39995361386399275
Punto[1.         0.42864056 0.48440236] -> F: 0.3982452089258502
Punto[1.         0.42644368 0.48459912] -> F: 0.39654441634050136
Punto[1.         0.42424681 0.48479589] -> F: 0.39483367345048026
Punto[1.         0.42204993 0.48499265] -> F: 0.3931083522955204
Punto[1.         0.41985306 0.48518942] -> F: 0.39139198537155234
Punto[1.         0.41765618 0.48538618] -> F: 0.38964776248409794
{
  "seed": 16314,
  "n_per_z": 10,
  "nz": 100,
  "nd": 100,
  "n_muestras": 50,
  "best_f": 0.427773269896765,
  "best_cp": [
    1.0,
    0.47038116834927646,
    0.48066384627833714
  ],
  "best_u": [
    -0.3387379202452915,
    -0.743441655637075,
    -0.5766724599384813
  ],
  "best_index": 29,
  "n_candidatos": 54
}
