Punto[0.         0.69498633 0.29999465] -> F: 0.1266171803875486
Punto[1.         0.52416286 0.42537497] -> F: 0.3670230177704147
Punto[2.         0.43691755 0.67243766] -> F: 0.03066841216797191
Punto[1.         0.56595194 0.48621615] -> F: 0.3263669277090973
Punto[1.         0.52499864 0.4265918 ] -> F: 0.36837649876415896
Punto[1.         0.5258177  0.42778428] -> F: 0.3697079522279504
Punto[1.         0.52663677 0.42897677] -> F: 0.3710274884461238
Punto[1.         0.52745584 0.43016926] -> F: 0.37232748553754574
Punto[1.         0.5282749  0.43136175] -> F: 0.37363208262664394
Punto[1.         0.52909397 0.43255423] -> F: 0.3749412797134188
Punto[1.         0.52991303 0.43374672] -> F: 0.3742379941036913
Punto[1.         0.5307321  0.43493921] -> F: 0.37326428616937296
Punto[1.         0.53155117 0.43613169] -> F: 0.37229088366219726
Punto[1.         0.53237023 0.43732418] -> F: 0.3713061361751322
Punto[1.         0.5331893  0.43851667] -> F: 0.3703163190016028
Punto[1.         0.53400836 0.43970916] -> F: 0.3693241592933673
Punto[1.         0.53482743 0.44090164] -> F: 0.3683184395978606
Punto[1.         0.5356465  0.44209413] -> F: 0.3673130467803903
Punto[1.         0.53646556 0.44328662] -> F: 0.36629652015048003
Punto[1.         0.53728463 0.4444791 ] -> F: 0.3652756950729509
Punto[1.         0.5381037  0.44567159] -> F: 0.364250025341694
Punto[1.         0.53892276 0.44686408] -> F: 0.363214179652771
Punto[1.         0.53974183 0.44805657] -> F: 0.36217856837359624
Punto[1.         0.54056089 0.44924905] -> F: 0.3611280696081579
Punto[1.         0.54137996 0.45044154] -> F: 0.36007792913682957
Punto[1.         0.54219903 0.45163403] -> F: 0.3590170528904397
Punto[1.         0.54301809 0.45282651] -> F: 0.3579525963994306
Punto[1.         0.54383716 0.454019  ] -> F: 0.35688090960440205
Punto[1.         0.54465622 0.45521149] -> F: 0.3558024257710428
Punto[1.         0.54547529 0.45640397] -> F: 0.3547194906847816
Punto[1.         0.54629436 0.45759646] -> F: 0.35362723260477474
Punto[1.         0.54711342 0.45878895] -> F: 0.3525327008769114
Punto[1.         0.54793249 0.45998144] -> F: 0.3514268880980296
Punto[1.         0.54875155 0.46117392] -> F: 0.35032048518263426
Punto[1.         0.54957062 0.46236641] -> F: 0.3492013054083222
Punto[1.         0.55038969 0.4635589 ] -> F: 0.34808253547469675
Punto[1.         0.55120875 0.46475138] -> F: 0.3469504286151187
Punto[1.         0.55202782 0.46594387] -> F: 0.3458184592990322
Punto[1.         0.55284688 0.46713636] -> F: 0.34467422401812636
Punto[1.         0.55366595 0.46832885] -> F: 0.34352918333148563
Punto[1.         0.55448502 0.46952133] -> F: 0.34238457323941723
Punto[1.         0.55530408 0.47071382] -> F: 0.3412404134724787
Punto[1.         0.55612315 0.47190631] -> F: 0.34009157105151666
Punto[1.         0.55694221 0.47309879] -> F: 0.3389422902334284
Punto[1.         0.55776128 0.47429128] -> F: 0.33779425473640967
Punto[1.         0.55858035 0.47548377] -> F: 0.3366474645604602
Punto[1.         0.55939941 0.47667626] -> F: 0.33550191970558013
Punto[1.         0.56021848 0.47786874] -> F: 0.33435762017176945
Punto[1.         0.56103754 0.47906123] -> F: 0.33321456595902815
Punto[1.         0.56185661 0.48025372] -> F: 0.33207275706735606
Punto[1.         0.56267568 0.4814462 ] -> F: 0.3309321934967534
Punto[1.         0.56349474 0.48263869] -> F: 0.3297928752472203
Punto[1.         0.56431381 0.48383118] -> F: 0.32865380214429274
Punto[1.         0.56513288 0.48502367] -> F: 0.3275097343040801
Best centerpoint:  [1.         0.52909397 0.43255423] Best F:  0.3749412797134188 Best u:  [ 0.18738131 -0.93421069 -0.30354345] índice:  6
{
  "seed": 14786,
  "n_per_z": 5,
  "nz": 100,
  "nd": 100,
  "n_muestras": 50,
  "best_f": 0.3749412797134188,
  "best_cp": [
    1.0,
    0.5290939683648035,
    0.43255423267466087
  ],
  "best_u": [
    0.1873813145857246,
    -0.9342106906791707,
    -0.30354345383300974
  ],
  "n_candidatos": 54
}
