Punto[0.         0.78507739 0.70187989] -> F: 0.12232466191613428
Punto[1.         0.60458342 0.52350676] -> F: 0.30409962962666204
Punto[2.         0.71426005 0.46330108] -> F: 0.10710011128322545
Punto[1.         0.74966872 0.58259048] -> F: 0.35626898306574534
Punto[1.         0.60748513 0.52468844] -> F: 0.3088214020500763
Punto[1.         0.6103288  0.52584648] -> F: 0.31350953087534367
Punto[1.         0.61317247 0.52700452] -> F: 0.3181861523020148
Punto[1.         0.61601614 0.52816256] -> F: 0.32292030052713294
Punto[1.         0.61885981 0.5293206 ] -> F: 0.32771264821516655
Punto[1.         0.62170349 0.53047864] -> F: 0.3325631953661153
Punto[1.         0.62454716 0.53163668] -> F: 0.3374617873365263
Punto[1.         0.62739083 0.53279472] -> F: 0.3423595046933002
Punto[1.         0.6302345  0.53395276] -> F: 0.3473105496334277
Punto[1.         0.63307817 0.5351108 ] -> F: 0.35231452653518414
Punto[1.         0.63592185 0.53626885] -> F: 0.3573714353985697
Punto[1.         0.63876552 0.53742689] -> F: 0.3624100867248151
Punto[1.         0.64160919 0.53858493] -> F: 0.367497043403904
Punto[1.         0.64445286 0.53974297] -> F: 0.3726354632335529
Punto[1.         0.64729653 0.54090101] -> F: 0.37782534621376157
Punto[1.         0.6501402  0.54205905] -> F: 0.38299844944234684
Punto[1.         0.65298388 0.54321709] -> F: 0.388220289540673
Punto[1.         0.65582755 0.54437513] -> F: 0.39349233808679984
Punto[1.         0.65867122 0.54553317] -> F: 0.3988145950807276
Punto[1.         0.66151489 0.54669121] -> F: 0.4041297508207165
Punto[1.         0.66435856 0.54784925] -> F: 0.4094861515583103
Punto[1.         0.66720224 0.5490073 ] -> F: 0.4148916904633933
Punto[1.         0.67004591 0.55016534] -> F: 0.4203463675359662
Punto[1.         0.67288958 0.55132338] -> F: 0.4258147374624991
Punto[1.         0.67573325 0.55248142] -> F: 0.4313060701080756
Punto[1.         0.67857692 0.55363946] -> F: 0.4313693572264753
Punto[1.         0.68142059 0.5547975 ] -> F: 0.42918826624278383
Punto[1.         0.68426427 0.55595554] -> F: 0.42692730007412216
Punto[1.         0.68710794 0.55711358] -> F: 0.4245834240979731
Punto[1.         0.68995161 0.55827162] -> F: 0.42224175048695894
Punto[1.         0.69279528 0.55942966] -> F: 0.4199146904770168
Punto[1.         0.69563895 0.56058771] -> F: 0.4174414879644332
Punto[1.         0.69848263 0.56174575] -> F: 0.4147201159017343
Punto[1.         0.7013263  0.56290379] -> F: 0.4120198146326697
Punto[1.         0.70416997 0.56406183] -> F: 0.4093405841572394
Punto[1.         0.70701364 0.56521987] -> F: 0.4066824244754438
Punto[1.         0.70985731 0.56637791] -> F: 0.40389437876741685
Punto[1.         0.71270098 0.56753595] -> F: 0.40084225036503973
Punto[1.         0.71554466 0.56869399] -> F: 0.39780929748971827
Punto[1.         0.71838833 0.56985203] -> F: 0.3947987414239944
Punto[1.         0.721232   0.57101007] -> F: 0.39181058216786874
Punto[1.         0.72407567 0.57216811] -> F: 0.38854567307336596
Punto[1.         0.72691934 0.57332616] -> F: 0.38518308645325283
Punto[1.         0.72976302 0.5744842 ] -> F: 0.3818353074790313
Punto[1.         0.73260669 0.57564224] -> F: 0.3785091659053623
Punto[1.         0.73545036 0.57680028] -> F: 0.37504470162219256
Punto[1.         0.73829403 0.57795832] -> F: 0.3713444662428763
Punto[1.         0.7411377  0.57911636] -> F: 0.36766912208652647
Punto[1.         0.74398138 0.5802744 ] -> F: 0.3640186691531432
Punto[1.         0.74682505 0.58143244] -> F: 0.36030966236115636
Best centerpoint:  [1.         0.67857692 0.55363946] Best F:  0.4313693572264753 Best u:  [0.99950656 0.02002197 0.02420241] índice:  26
{
  "seed": 16274,
  "n_per_z": 5,
  "nz": 100,
  "nd": 100,
  "n_muestras": 50,
  "best_f": 0.4313693572264753,
  "best_cp": [
    1.0,
    0.6785769230776523,
    0.5536394596085865
  ],
  "best_u": [
    0.9995065603657316,
    0.02002197137261541,
    0.02420240583533769
  ],
  "n_candidatos": 54
}
