Punto[0.         0.43723461 0.478339  ] -> F: 0.17041541367060267
Punto[1.         0.4634354  0.48523807] -> F: 0.4404094217020684
Punto[2.         0.53211816 0.46824113] -> F: 0.11686604039863217
Punto[1.         0.48467639 0.47329007] -> F: 0.42820180343374437
Punto[1.         0.46386022 0.48499911] -> F: 0.4406913978505063
Punto[1.         0.46427654 0.48476493] -> F: 0.44097149813566267
Punto[1.         0.46469286 0.48453075] -> F: 0.4410453013879237
Punto[1.         0.46510919 0.48429657] -> F: 0.4409821949727661
Punto[1.         0.46552551 0.48406239] -> F: 0.4409190915840109
Punto[1.         0.46594183 0.48382821] -> F: 0.4408558550438165
Punto[1.         0.46635816 0.48359403] -> F: 0.4407863030177894
Punto[1.         0.46677448 0.48335985] -> F: 0.4407167546690399
Punto[1.         0.4671908  0.48312567] -> F: 0.44064720999756807
Punto[1.         0.46760713 0.48289148] -> F: 0.44057766900337386
Punto[1.         0.46802345 0.4826573 ] -> F: 0.440506388786611
Punto[1.         0.46843977 0.48242312] -> F: 0.44043041194863636
Punto[1.         0.4688561  0.48218894] -> F: 0.4403544395010428
Punto[1.         0.46927242 0.48195476] -> F: 0.44027847144383014
Punto[1.         0.46968874 0.48172058] -> F: 0.4401174264320193
Punto[1.         0.47010507 0.4814864 ] -> F: 0.4398521440060505
Punto[1.         0.47052139 0.48125222] -> F: 0.43958694388526476
Punto[1.         0.47093771 0.48101804] -> F: 0.4393218260696621
Punto[1.         0.47135404 0.48078386] -> F: 0.4390567905592425
Punto[1.         0.47177036 0.48054968] -> F: 0.438791837354006
Punto[1.         0.47218668 0.48031549] -> F: 0.43852696645395256
Punto[1.         0.47260301 0.48008131] -> F: 0.4381995756120453
Punto[1.         0.47301933 0.47984713] -> F: 0.43770353650297644
Punto[1.         0.47343565 0.47961295] -> F: 0.43720712210431756
Punto[1.         0.47385198 0.47937877] -> F: 0.4367103324160688
Punto[1.         0.4742683  0.47914459] -> F: 0.43621316743822997
Punto[1.         0.47468462 0.47891041] -> F: 0.43571562717080115
Punto[1.         0.47510095 0.47867623] -> F: 0.43521771161378253
Punto[1.         0.47551727 0.47844205] -> F: 0.43472503140957336
Punto[1.         0.4759336  0.47820787] -> F: 0.4343696814793425
Punto[1.         0.47634992 0.47797369] -> F: 0.4340798302463045
Punto[1.         0.47676624 0.4777395 ] -> F: 0.4337895932887341
Punto[1.         0.47718257 0.47750532] -> F: 0.43349897060663134
Punto[1.         0.47759889 0.47727114] -> F: 0.4332079621999963
Punto[1.         0.47801521 0.47703696] -> F: 0.4329165680688287
Punto[1.         0.47843154 0.47680278] -> F: 0.4326247882131287
Punto[1.         0.47884786 0.4765686 ] -> F: 0.43233262263289646
Punto[1.         0.47926418 0.47633442] -> F: 0.43204007132813177
Punto[1.         0.47968051 0.47610024] -> F: 0.4317471342988348
Punto[1.         0.48009683 0.47586606] -> F: 0.43145381154500534
Punto[1.         0.48051315 0.47563188] -> F: 0.4311601030666435
Punto[1.         0.48092948 0.4753977 ] -> F: 0.4308660088637493
Punto[1.         0.4813458  0.47516351] -> F: 0.4305715289363228
Punto[1.         0.48176212 0.47492933] -> F: 0.4302766632843638
Punto[1.         0.48217845 0.47469515] -> F: 0.4299814119078724
Punto[1.         0.48259477 0.47446097] -> F: 0.4296857748068487
Punto[1.         0.48301109 0.47422679] -> F: 0.42938975198129264
Punto[1.         0.48342742 0.47399261] -> F: 0.42909334343120414
Punto[1.         0.48384374 0.47375843] -> F: 0.4287965491565833
Punto[1.         0.48426006 0.47352425] -> F: 0.42849936915743003
{
  "seed": 12225,
  "n_per_z": 10,
  "nz": 100,
  "nd": 100,
  "n_muestras": 50,
  "best_f": 0.4410453013879237,
  "best_cp": [
    1.0,
    0.46469286378322405,
    0.48453075091486
  ],
  "best_u": [
    0.5358267949789969,
    -0.18418443047062819,
    -0.8239937750703863
  ],
  "best_index": 6,
  "n_candidatos": 54
}
