Punto[0.         0.50831545 0.55876508] -> F: 0.15027126681584013
Punto[1.         0.54852014 0.4949366 ] -> F: 0.4438357212398186
Punto[2.         0.58039292 0.52578803] -> F: 0.14273515303606346
Punto[1.         0.54435418 0.54227655] -> F: 0.4608189714913858
Punto[1.         0.54843682 0.4958834 ] -> F: 0.4447112397685643
Punto[1.         0.54835517 0.49681126] -> F: 0.44559744294230647
Punto[1.         0.54827352 0.49773913] -> F: 0.44651155633348305
Punto[1.         0.54819187 0.49866699] -> F: 0.44745357994209384
Punto[1.         0.54811021 0.49959485] -> F: 0.44842351376813894
Punto[1.         0.54802856 0.50052272] -> F: 0.44942135781161857
Punto[1.         0.54794691 0.50145058] -> F: 0.45044711207253235
Punto[1.         0.54786525 0.50237844] -> F: 0.45150077655088044
Punto[1.        0.5477836 0.5033063] -> F: 0.45258235124666296
Punto[1.         0.54770195 0.50423417] -> F: 0.4536918361598798
Punto[1.         0.5476203  0.50516203] -> F: 0.45482923129053093
Punto[1.         0.54753864 0.50608989] -> F: 0.4559945366386162
Punto[1.         0.54745699 0.50701776] -> F: 0.4571844735871136
Punto[1.         0.54737534 0.50794562] -> F: 0.4583772205314536
Punto[1.         0.54729369 0.50887348] -> F: 0.45956875702355093
Punto[1.         0.54721203 0.50980135] -> F: 0.4607590830634064
Punto[1.         0.54713038 0.51072921] -> F: 0.4619481986510199
Punto[1.         0.54704873 0.51165707] -> F: 0.46313610378639125
Punto[1.         0.54696707 0.51258494] -> F: 0.4643227984695204
Punto[1.         0.54688542 0.5135128 ] -> F: 0.4654561601557431
Punto[1.         0.54680377 0.51444066] -> F: 0.4664983417669969
Punto[1.         0.54672212 0.51536852] -> F: 0.46754752836422153
Punto[1.         0.54664046 0.51629639] -> F: 0.4686037199474168
Punto[1.         0.54655881 0.51722425] -> F: 0.4696669165165827
Punto[1.         0.54647716 0.51815211] -> F: 0.4707371180717193
Punto[1.         0.5463955  0.51907998] -> F: 0.4708305364228776
Punto[1.         0.54631385 0.52000784] -> F: 0.4705216586422042
Punto[1.        0.5462322 0.5209357] -> F: 0.47021299562486957
Punto[1.         0.54615055 0.52186357] -> F: 0.46990454737087384
Punto[1.         0.54606889 0.52279143] -> F: 0.469577628336733
Punto[1.         0.54598724 0.52371929] -> F: 0.4691892860583474
Punto[1.         0.54590559 0.52464716] -> F: 0.46878058318941923
Punto[1.         0.54582393 0.52557502] -> F: 0.46837209355068216
Punto[1.         0.54574228 0.52650288] -> F: 0.467963817142136
Punto[1.         0.54566063 0.52743074] -> F: 0.46755575396378074
Punto[1.         0.54557898 0.52835861] -> F: 0.4671479040156166
Punto[1.         0.54549732 0.52928647] -> F: 0.46674026729764345
Punto[1.         0.54541567 0.53021433] -> F: 0.4663328438098613
Punto[1.         0.54533402 0.5311422 ] -> F: 0.4659123114312646
Punto[1.         0.54525236 0.53207006] -> F: 0.46548713313375745
Punto[1.         0.54517071 0.53299792] -> F: 0.46506200828895944
Punto[1.         0.54508906 0.53392579] -> F: 0.46463693689687063
Punto[1.         0.54500741 0.53485365] -> F: 0.464211918957491
Punto[1.         0.54492575 0.53578151] -> F: 0.4637869544708206
Punto[1.         0.5448441  0.53670938] -> F: 0.4633620434368592
Punto[1.         0.54476245 0.53763724] -> F: 0.4629371858556071
Punto[1.         0.54468079 0.5385651 ] -> F: 0.46251256522182305
Punto[1.         0.54459914 0.53949296] -> F: 0.4620884651226293
Punto[1.         0.54451749 0.54042083] -> F: 0.4616648887558525
Punto[1.         0.54443584 0.54134869] -> F: 0.4612418361214927
{
  "seed": 14587,
  "n_per_z": 10,
  "nz": 100,
  "nd": 100,
  "n_muestras": 50,
  "best_f": 0.4708305364228776,
  "best_cp": [
    1.0,
    0.5463955041306616,
    0.5190799769896938
  ],
  "best_u": [
    0.9995065603657316,
    -0.02597922865673825,
    0.017655465563533833
  ],
  "best_index": 29,
  "n_candidatos": 54
}
