Punto[0.         0.57465231 0.51926418] -> F: 0.12940901519276624
Punto[1.         0.54626246 0.52602557] -> F: 0.44336597898046776
Punto[2.         0.49067137 0.55524318] -> F: 0.1431994796470474
Punto[1.         0.53266184 0.53725368] -> F: 0.46852463352245416
Punto[1.         0.54599044 0.52625013] -> F: 0.4439418255115733
Punto[1.         0.54572387 0.5264702 ] -> F: 0.44450656150629847
Punto[1.         0.5454573  0.52669027] -> F: 0.44507169979027317
Punto[1.         0.54519073 0.52691034] -> F: 0.44563724036349744
Punto[1.         0.54492416 0.52713042] -> F: 0.44620318322597124
Punto[1.         0.54465758 0.52735049] -> F: 0.44676952837769446
Punto[1.         0.54439101 0.52757056] -> F: 0.44733627581866714
Punto[1.         0.54412444 0.52779063] -> F: 0.4479034255488896
Punto[1.         0.54385787 0.5280107 ] -> F: 0.4484709775683614
Punto[1.         0.5435913  0.52823077] -> F: 0.44903893187708294
Punto[1.         0.54332472 0.52845084] -> F: 0.4496072884750537
Punto[1.         0.54305815 0.52867091] -> F: 0.45017604736227407
Punto[1.         0.54279158 0.52889098] -> F: 0.450745208538744
Punto[1.         0.54252501 0.52911105] -> F: 0.45131477200446346
Punto[1.         0.54225844 0.52933113] -> F: 0.4518847377594324
Punto[1.         0.54199186 0.5295512 ] -> F: 0.4524551058036507
Punto[1.         0.54172529 0.52977127] -> F: 0.4530258761371186
Punto[1.         0.54145872 0.52999134] -> F: 0.4535970487598362
Punto[1.         0.54119215 0.53021141] -> F: 0.4541686236718031
Punto[1.         0.54092558 0.53043148] -> F: 0.4547406008730197
Punto[1.         0.540659   0.53065155] -> F: 0.4553129803634857
Punto[1.         0.54039243 0.53087162] -> F: 0.4558857621432013
Punto[1.         0.54012586 0.53109169] -> F: 0.4564589462121665
Punto[1.         0.53985929 0.53131176] -> F: 0.45703253257038096
Punto[1.         0.53959272 0.53153184] -> F: 0.45760652121784506
Punto[1.         0.53932614 0.53175191] -> F: 0.45818091215455886
Punto[1.         0.53905957 0.53197198] -> F: 0.45875570538052185
Punto[1.         0.538793   0.53219205] -> F: 0.45933090089573453
Punto[1.         0.53852643 0.53241212] -> F: 0.4599064987001966
Punto[1.         0.53825986 0.53263219] -> F: 0.4604824987939083
Punto[1.         0.53799328 0.53285226] -> F: 0.46105890117686943
Punto[1.         0.53772671 0.53307233] -> F: 0.4616357058490802
Punto[1.         0.53746014 0.5332924 ] -> F: 0.4622129128105404
Punto[1.         0.53719357 0.53351247] -> F: 0.46279052206125004
Punto[1.         0.536927   0.53373254] -> F: 0.4633685336012094
Punto[1.         0.53666042 0.53395262] -> F: 0.46394694743041814
Punto[1.         0.53639385 0.53417269] -> F: 0.46452576354887654
Punto[1.         0.53612728 0.53439276] -> F: 0.4651049819565843
Punto[1.         0.53586071 0.53461283] -> F: 0.4656846026535416
Punto[1.         0.53559414 0.5348329 ] -> F: 0.4662646256397485
Punto[1.         0.53532756 0.53505297] -> F: 0.4668450509152048
Punto[1.         0.53506099 0.53527304] -> F: 0.46742587847991074
Punto[1.         0.53479442 0.53549311] -> F: 0.468007108333866
Punto[1.         0.53452785 0.53571318] -> F: 0.4685887404770711
Punto[1.         0.53426128 0.53593325] -> F: 0.4691707749095253
Punto[1.         0.5339947  0.53615333] -> F: 0.4697532116312293
Punto[1.         0.53372813 0.5363734 ] -> F: 0.4695278651820774
Punto[1.         0.53346156 0.53659347] -> F: 0.4692761704806023
Punto[1.         0.53319499 0.53681354] -> F: 0.46902506697017327
Punto[1.         0.53292842 0.53703361] -> F: 0.46877455465079065
{
  "seed": 11748,
  "n_per_z": 10,
  "nz": 100,
  "nd": 100,
  "n_muestras": 50,
  "best_f": 0.4697532116312293,
  "best_cp": [
    1.0,
    0.5339947040653076,
    0.536153325315296
  ],
  "best_u": [
    -0.09410831331851428,
    0.6101869504538427,
    -0.7866482764617132
  ],
  "best_index": 49,
  "n_candidatos": 54
}
