Punto[0.         0.35138437 0.53838577] -> F: 0.10461682351919818
Punto[1.         0.46357004 0.47916486] -> F: 0.4194537721474779
Punto[2.         0.49271061 0.4759459 ] -> F: 0.18326797445156834
Punto[1.         0.42204749 0.50716583] -> F: 0.3939022286601297
Punto[1.         0.46273959 0.47972488] -> F: 0.41949086680237396
Punto[1.         0.46192575 0.4802737 ] -> F: 0.418965251318541
Punto[1.         0.46111191 0.48082252] -> F: 0.418440270697226
Punto[1.         0.46029806 0.48137133] -> F: 0.4179159249384289
Punto[1.         0.45948422 0.48192015] -> F: 0.4173922140421497
Punto[1.         0.45867038 0.48246897] -> F: 0.41686913800838854
Punto[1.         0.45785654 0.48301779] -> F: 0.41634669683714515
Punto[1.         0.4570427  0.48356661] -> F: 0.4158248905284198
Punto[1.         0.45622885 0.48411543] -> F: 0.41530371908221236
Punto[1.         0.45541501 0.48466425] -> F: 0.4147831824985228
Punto[1.         0.45460117 0.48521307] -> F: 0.4142632807773512
Punto[1.         0.45378733 0.48576189] -> F: 0.41374401391869753
Punto[1.         0.45297348 0.48631071] -> F: 0.4132253819225618
Punto[1.         0.45215964 0.48685953] -> F: 0.412707384788944
Punto[1.         0.4513458  0.48740834] -> F: 0.4121900225178441
Punto[1.         0.45053196 0.48795716] -> F: 0.4116732951092621
Punto[1.         0.44971812 0.48850598] -> F: 0.411157202563198
Punto[1.         0.44890427 0.4890548 ] -> F: 0.41064174487965194
Punto[1.         0.44809043 0.48960362] -> F: 0.4101269220586237
Punto[1.         0.44727659 0.49015244] -> F: 0.4096127341001135
Punto[1.         0.44646275 0.49070126] -> F: 0.4090991810041211
Punto[1.         0.44564891 0.49125008] -> F: 0.40858626277064675
Punto[1.         0.44483506 0.4917989 ] -> F: 0.4080739793996902
Punto[1.         0.44402122 0.49234772] -> F: 0.40756233089125166
Punto[1.         0.44320738 0.49289654] -> F: 0.40705131724533106
Punto[1.         0.44239354 0.49344535] -> F: 0.40654093846192835
Punto[1.         0.4415797  0.49399417] -> F: 0.4060311945410436
Punto[1.         0.44076585 0.49454299] -> F: 0.4055220854826767
Punto[1.         0.43995201 0.49509181] -> F: 0.4050136112868278
Punto[1.         0.43913817 0.49564063] -> F: 0.4045057719534968
Punto[1.         0.43832433 0.49618945] -> F: 0.40399856748268376
Punto[1.         0.43751049 0.49673827] -> F: 0.4034919978743886
Punto[1.         0.43669664 0.49728709] -> F: 0.40298606312861135
Punto[1.         0.4358828  0.49783591] -> F: 0.4024807632453521
Punto[1.         0.43506896 0.49838473] -> F: 0.4019740523010408
Punto[1.         0.43425512 0.49893355] -> F: 0.4014647006676621
Punto[1.         0.43344128 0.49948236] -> F: 0.4009559973883931
Punto[1.         0.43262743 0.50003118] -> F: 0.40044794246323356
Punto[1.         0.43181359 0.50058   ] -> F: 0.3999405358921836
Punto[1.         0.43099975 0.50112882] -> F: 0.3994337776752433
Punto[1.         0.43018591 0.50167764] -> F: 0.39892766781241246
Punto[1.         0.42937207 0.50222646] -> F: 0.3984222063036912
Punto[1.         0.42855822 0.50277528] -> F: 0.3979173931490794
Punto[1.         0.42774438 0.5033241 ] -> F: 0.39741322834857734
Punto[1.         0.42693054 0.50387292] -> F: 0.39690971190218466
Punto[1.         0.4261167  0.50442174] -> F: 0.39640684380990165
Punto[1.         0.42530286 0.50497056] -> F: 0.39590462407172816
Punto[1.         0.42448901 0.50551937] -> F: 0.3954030526876642
Punto[1.         0.42367517 0.50606819] -> F: 0.3949021296577098
Punto[1.         0.42286133 0.50661701] -> F: 0.39440185498186503
{
  "seed": 1183,
  "n_per_z": 10,
  "nz": 100,
  "nd": 100,
  "n_muestras": 50,
  "best_f": 0.41949086680237396,
  "best_cp": [
    1.0,
    0.4627395893559917,
    0.4797248772328586
  ],
  "best_u": [
    -0.5090414157503713,
    -0.5892184635367429,
    0.6274539339889883
  ],
  "best_index": 4,
  "n_candidatos": 54
}
