Punto[0.         0.28479115 0.59937953] -> F: 0.10293537278428797
Punto[1.         0.46214783 0.50153004] -> F: 0.4280330729656048
Punto[2.         0.60152609 0.42428722] -> F: 0.15898475954542718
Punto[1.         0.44315862 0.51183337] -> F: 0.4148625147321157
Punto[1.         0.46176805 0.5017361 ] -> F: 0.4284566180528732
Punto[1.         0.46139586 0.50193805] -> F: 0.4288720550969
Punto[1.         0.46102367 0.50213999] -> F: 0.42875589842438055
Punto[1.         0.46065148 0.50234194] -> F: 0.42849122741158197
Punto[1.         0.4602793  0.50254388] -> F: 0.4282266037757021
Punto[1.         0.45990711 0.50274583] -> F: 0.4279620275167409
Punto[1.         0.45953492 0.50294777] -> F: 0.427691867452103
Punto[1.         0.45916273 0.50314972] -> F: 0.4274212541587616
Punto[1.         0.45879054 0.50335167] -> F: 0.42715069046517934
Punto[1.         0.45841835 0.50355361] -> F: 0.42688017637135595
Punto[1.         0.45804616 0.50375556] -> F: 0.42660971187729146
Punto[1.         0.45767398 0.5039575 ] -> F: 0.42633773286220544
Punto[1.         0.45730179 0.50415945] -> F: 0.4260611019638376
Punto[1.         0.4569296  0.50436139] -> F: 0.4257845229911057
Punto[1.         0.45655741 0.50456334] -> F: 0.4255079959440096
Punto[1.         0.45618522 0.50476528] -> F: 0.42523152082254934
Punto[1.         0.45581303 0.50496723] -> F: 0.4249550976267249
Punto[1.         0.45544084 0.50516917] -> F: 0.42467574634547456
Punto[1.         0.45506866 0.50537112] -> F: 0.4243930121492203
Punto[1.         0.45469647 0.50557307] -> F: 0.424110332317989
Punto[1.         0.45432428 0.50577501] -> F: 0.42382770685178073
Punto[1.         0.45395209 0.50597696] -> F: 0.42354513575059555
Punto[1.        0.4535799 0.5061789] -> F: 0.4232626190144334
Punto[1.         0.45320771 0.50638085] -> F: 0.42297655374845894
Punto[1.         0.45283552 0.50658279] -> F: 0.4226875624332892
Punto[1.         0.45246334 0.50678474] -> F: 0.4223986280478637
Punto[1.         0.45209115 0.50698668] -> F: 0.4221097505921824
Punto[1.         0.45171896 0.50718863] -> F: 0.4218209300662452
Punto[1.         0.45134677 0.50739057] -> F: 0.42153216647005226
Punto[1.         0.45097458 0.50759252] -> F: 0.4212402014282156
Punto[1.         0.45060239 0.50779446] -> F: 0.4209447788932018
Punto[1.         0.4502302  0.50799641] -> F: 0.420649415991384
Punto[1.         0.44985801 0.50819836] -> F: 0.42035411272276213
Punto[1.         0.44948583 0.5084003 ] -> F: 0.4200588690873363
Punto[1.         0.44911364 0.50860225] -> F: 0.41976368508510653
Punto[1.         0.44874145 0.50880419] -> F: 0.41946682935186674
Punto[1.         0.44836926 0.50900614] -> F: 0.41916477915947786
Punto[1.         0.44799707 0.50920808] -> F: 0.4188627914577056
Punto[1.         0.44762488 0.50941003] -> F: 0.41856086624655
Punto[1.         0.44725269 0.50961197] -> F: 0.418259003526011
Punto[1.         0.44688051 0.50981392] -> F: 0.41795720329608854
Punto[1.         0.44650832 0.51001586] -> F: 0.4176554655567827
Punto[1.         0.44613613 0.51021781] -> F: 0.41734781095017764
Punto[1.         0.44576394 0.51041976] -> F: 0.41703897742783397
Punto[1.         0.44539175 0.5106217 ] -> F: 0.41673020942490135
Punto[1.         0.44501956 0.51082365] -> F: 0.41642150694137997
Punto[1.         0.44464737 0.51102559] -> F: 0.4161128699772697
Punto[1.         0.44427519 0.51122754] -> F: 0.41580429853257056
Punto[1.         0.443903   0.51142948] -> F: 0.41549430188566633
Punto[1.         0.44353081 0.51163143] -> F: 0.41517837393911683
Best centerpoint:  [1.         0.46139586 0.50193805] Best F:  0.4288720550969 Best u:  [-0.95105652  0.21153669 -0.22526369] índice:  2
{
  "seed": 13175,
  "n_per_z": 5,
  "nz": 100,
  "nd": 100,
  "n_muestras": 50,
  "best_f": 0.4288720550969,
  "best_cp": [
    1.0,
    0.46139586127248977,
    0.5019380473838426
  ],
  "best_u": [
    -0.9510565162951535,
    0.21153668918215213,
    -0.22526369423939543
  ],
  "n_candidatos": 54
}
