Punto[0.         0.45073824 0.47165811] -> F: 0.15662634494495947
Punto[1.         0.4599387  0.47156955] -> F: 0.47337338898026643
Punto[2.         0.46335841 0.47631467] -> F: 0.14834619302418878
Punto[1.         0.45704832 0.47398639] -> F: 0.4754582213144949
Punto[1.         0.4598809  0.47161788] -> F: 0.4734539960137288
Punto[1.         0.45982425 0.47166525] -> F: 0.4735329979743775
Punto[1.         0.45976759 0.47171262] -> F: 0.4736120069314894
Punto[1.         0.45971094 0.47175999] -> F: 0.47369102288506443
Punto[1.         0.45965429 0.47180736] -> F: 0.47377004583510246
Punto[1.         0.45959764 0.47185473] -> F: 0.4738490757816037
Punto[1.         0.45954099 0.47190211] -> F: 0.47392811272456803
Punto[1.         0.45948434 0.47194948] -> F: 0.47400715666399534
Punto[1.         0.45942768 0.47199685] -> F: 0.474083003208694
Punto[1.         0.45937103 0.47204422] -> F: 0.47415471030745737
Punto[1.         0.45931438 0.47209159] -> F: 0.47422642441716256
Punto[1.         0.45925773 0.47213896] -> F: 0.47429814553780947
Punto[1.         0.45920108 0.47218633] -> F: 0.4743698736693984
Punto[1.         0.45914443 0.4722337 ] -> F: 0.47444160881192915
Punto[1.         0.45908778 0.47228107] -> F: 0.4745133509654016
Punto[1.         0.45903112 0.47232844] -> F: 0.4745851001298159
Punto[1.         0.45897447 0.47237581] -> F: 0.47465685630517224
Punto[1.         0.45891782 0.47242318] -> F: 0.47472861949147016
Punto[1.         0.45886117 0.47247055] -> F: 0.4748003896887101
Punto[1.         0.45880452 0.47251792] -> F: 0.47487216689689177
Punto[1.         0.45874787 0.47256529] -> F: 0.47494395111601523
Punto[1.         0.45869122 0.47261266] -> F: 0.47501574234608057
Punto[1.         0.45863456 0.47266003] -> F: 0.4750875405870879
Punto[1.         0.45857791 0.4727074 ] -> F: 0.47515934583903696
Punto[1.         0.45852126 0.47275477] -> F: 0.47523115810192784
Punto[1.         0.45846461 0.47280214] -> F: 0.4753029773757605
Punto[1.         0.45840796 0.47284951] -> F: 0.47537480366053514
Punto[1.         0.45835131 0.47289688] -> F: 0.4754466369562515
Punto[1.         0.45829465 0.47294425] -> F: 0.47551847726290986
Punto[1.         0.458238   0.47299162] -> F: 0.4755903245805099
Punto[1.         0.45818135 0.47303899] -> F: 0.47566217890905166
Punto[1.         0.4581247  0.47308636] -> F: 0.47573404024853555
Punto[1.         0.45806805 0.47313373] -> F: 0.47580590859896116
Punto[1.        0.4580114 0.4731811] -> F: 0.4758777839603285
Punto[1.         0.45795475 0.47322847] -> F: 0.47594966633263774
Punto[1.         0.45789809 0.47327584] -> F: 0.47602155571588894
Punto[1.         0.45784144 0.47332321] -> F: 0.47609345211008186
Punto[1.         0.45778479 0.47337058] -> F: 0.47616535551521666
Punto[1.         0.45772814 0.47341795] -> F: 0.47623726593129334
Punto[1.         0.45767149 0.47346532] -> F: 0.47619857399170545
Punto[1.         0.45761484 0.47351269] -> F: 0.4761312208529792
Punto[1.         0.45755819 0.47356006] -> F: 0.476063877384231
Punto[1.         0.45750153 0.47360743] -> F: 0.4759965435854603
Punto[1.         0.45744488 0.4736548 ] -> F: 0.4759292194566674
Punto[1.         0.45738823 0.47370217] -> F: 0.4758619049978524
Punto[1.         0.45733158 0.47374954] -> F: 0.47579460020901504
Punto[1.         0.45727493 0.47379691] -> F: 0.47572730509015554
Punto[1.         0.45721828 0.47384428] -> F: 0.47566001964127375
Punto[1.         0.45716162 0.47389165] -> F: 0.47559274386236966
Punto[1.         0.45710497 0.47393902] -> F: 0.4755254777534435
{
  "seed": 8991,
  "n_per_z": 10,
  "nz": 100,
  "nd": 100,
  "n_muestras": 50,
  "best_f": 0.47623726593129334,
  "best_cp": [
    1.0,
    0.45772813969725024,
    0.4734179488547928
  ],
  "best_u": [
    0.3090169943749471,
    0.5345730592074599,
    -0.7866003696649597
  ],
  "best_index": 42,
  "n_candidatos": 54
}
