Punto[0.         0.50811708 0.49832097] -> F: 0.109521558177531
Punto[1.         0.47213678 0.46532931] -> F: 0.4226008755452046
Punto[2.         0.51216407 0.42417987] -> F: 0.18209752537183005
Punto[1.         0.51014058 0.46125042] -> F: 0.4051390442079648
Punto[1.         0.47289685 0.46524773] -> F: 0.4229185720088134
Punto[1.         0.47364173 0.46516779] -> F: 0.4232300912406803
Punto[1.         0.4743866  0.46508784] -> F: 0.42354178538525383
Punto[1.         0.47513148 0.4650079 ] -> F: 0.42353591595705775
Punto[1.         0.47587635 0.46492795] -> F: 0.4231407209099612
Punto[1.         0.47662123 0.464848  ] -> F: 0.42274568987346994
Punto[1.         0.4773661  0.46476806] -> F: 0.42235082284758424
Punto[1.         0.47811097 0.46468811] -> F: 0.4219561198323038
Punto[1.         0.47885585 0.46460816] -> F: 0.4215615808276288
Punto[1.         0.47960072 0.46452822] -> F: 0.4211672058335594
Punto[1.         0.4803456  0.46444827] -> F: 0.4207729948500951
Punto[1.         0.48109047 0.46436833] -> F: 0.4203789478772364
Punto[1.         0.48183535 0.46428838] -> F: 0.41998506491498305
Punto[1.         0.48258022 0.46420843] -> F: 0.41959134596333514
Punto[1.         0.4833251  0.46412849] -> F: 0.4191977910222927
Punto[1.         0.48406997 0.46404854] -> F: 0.4188044000918556
Punto[1.         0.48481484 0.46396859] -> F: 0.41841117317202386
Punto[1.         0.48555972 0.46388865] -> F: 0.4180181102627976
Punto[1.         0.48630459 0.4638087 ] -> F: 0.41762521136417674
Punto[1.         0.48704947 0.46372875] -> F: 0.4172324764761613
Punto[1.         0.48779434 0.46364881] -> F: 0.4168399055987513
Punto[1.         0.48853922 0.46356886] -> F: 0.41644749873194653
Punto[1.         0.48928409 0.46348892] -> F: 0.4160552558757473
Punto[1.         0.49002897 0.46340897] -> F: 0.4156631770301535
Punto[1.         0.49077384 0.46332902] -> F: 0.415271262195165
Punto[1.         0.49151871 0.46324908] -> F: 0.414879511370782
Punto[1.         0.49226359 0.46316913] -> F: 0.41448792455700434
Punto[1.         0.49300846 0.46308918] -> F: 0.4140965017538323
Punto[1.         0.49375334 0.46300924] -> F: 0.4137052429612655
Punto[1.         0.49449821 0.46292929] -> F: 0.4133141481793041
Punto[1.         0.49524309 0.46284935] -> F: 0.412923217407948
Punto[1.         0.49598796 0.4627694 ] -> F: 0.4125324506471975
Punto[1.         0.49673284 0.46268945] -> F: 0.4121418478970524
Punto[1.         0.49747771 0.46260951] -> F: 0.4117514091575127
Punto[1.         0.49822258 0.46252956] -> F: 0.41136113442857836
Punto[1.         0.49896746 0.46244961] -> F: 0.4109710237102494
Punto[1.         0.49971233 0.46236967] -> F: 0.41058107700252594
Punto[1.         0.50045721 0.46228972] -> F: 0.4101912943054079
Punto[1.         0.50120208 0.46220978] -> F: 0.4098016756188952
Punto[1.         0.50194696 0.46212983] -> F: 0.4094122209429879
Punto[1.         0.50269183 0.46204988] -> F: 0.40902293027768594
Punto[1.         0.50343671 0.46196994] -> F: 0.40863380362298957
Punto[1.         0.50418158 0.46188999] -> F: 0.4082448409788985
Punto[1.         0.50492645 0.46181004] -> F: 0.40785604234541284
Punto[1.         0.50567133 0.4617301 ] -> F: 0.4074674077225327
Punto[1.         0.5064162  0.46165015] -> F: 0.40707893711025783
Punto[1.         0.50716108 0.4615702 ] -> F: 0.4066906305085884
Punto[1.         0.50790595 0.46149026] -> F: 0.4063024879175244
Punto[1.         0.50865083 0.46141031] -> F: 0.4059145093370658
Punto[1.         0.5093957  0.46133037] -> F: 0.4055266947672126
{
  "seed": 13845,
  "n_per_z": 10,
  "nz": 100,
  "nd": 100,
  "n_muestras": 50,
  "best_f": 0.42354178538525383,
  "best_cp": [
    1.0,
    0.47438660216369666,
    0.4650878415914668
  ],
  "best_u": [
    -0.3971478906347807,
    -0.539442634200243,
    0.7424790888445594
  ],
  "best_index": 6,
  "n_candidatos": 54
}
