Punto[0.         0.52181499 0.67323942] -> F: 0.13074260034043608
Punto[1.         0.53940809 0.54758562] -> F: 0.42865296765218586
Punto[2.         0.53089008 0.48717373] -> F: 0.1487477297702972
Punto[1.         0.52635253 0.58020658] -> F: 0.43319500610128536
Punto[1.         0.53914697 0.54823804] -> F: 0.4297469018585789
Punto[1.         0.53889109 0.54887741] -> F: 0.43077102381796506
Punto[1.         0.5386352  0.54951678] -> F: 0.4317512915260086
Punto[1.         0.53837931 0.55015615] -> F: 0.43273335348920045
Punto[1.         0.53812342 0.55079553] -> F: 0.43371720970754035
Punto[1.         0.53786753 0.5514349 ] -> F: 0.434702860181029
Punto[1.         0.53761164 0.55207427] -> F: 0.43569030490966565
Punto[1.         0.53735575 0.55271364] -> F: 0.43667954389345104
Punto[1.         0.53709986 0.55335301] -> F: 0.43767057713238466
Punto[1.         0.53684398 0.55399238] -> F: 0.4386634046264664
Punto[1.         0.53658809 0.55463175] -> F: 0.43965802637569673
Punto[1.         0.5363322  0.55527112] -> F: 0.44065444238007523
Punto[1.         0.53607631 0.55591049] -> F: 0.44165265263960224
Punto[1.         0.53582042 0.55654986] -> F: 0.4426526571542778
Punto[1.         0.53556453 0.55718923] -> F: 0.44365445592410135
Punto[1.         0.53530864 0.5578286 ] -> F: 0.44465804894907335
Punto[1.         0.53505275 0.55846797] -> F: 0.445663436229194
Punto[1.         0.53479686 0.55910734] -> F: 0.4466706177644627
Punto[1.         0.53454098 0.55974671] -> F: 0.4476795935548801
Punto[1.         0.53428509 0.56038609] -> F: 0.4486903636004454
Punto[1.         0.5340292  0.56102546] -> F: 0.4497029279011594
Punto[1.         0.53377331 0.56166483] -> F: 0.45071728645702147
Punto[1.         0.53351742 0.5623042 ] -> F: 0.45173343926803194
Punto[1.         0.53326153 0.56294357] -> F: 0.4527513863341913
Punto[1.         0.53300564 0.56358294] -> F: 0.45376172910366674
Punto[1.         0.53274975 0.56422231] -> F: 0.4547649121789431
Punto[1.         0.53249387 0.56486168] -> F: 0.4543386086173999
Punto[1.         0.53223798 0.56550105] -> F: 0.45337224212577365
Punto[1.         0.53198209 0.56614042] -> F: 0.45242173496806803
Punto[1.         0.5317262  0.56677979] -> F: 0.4514870871442831
Punto[1.         0.53147031 0.56741916] -> F: 0.45056829865441894
Punto[1.         0.53121442 0.56805853] -> F: 0.4496653694984752
Punto[1.         0.53095853 0.5686979 ] -> F: 0.44877829967645233
Punto[1.         0.53070264 0.56933727] -> F: 0.44779660994888004
Punto[1.         0.53044675 0.56997664] -> F: 0.4467847309526528
Punto[1.         0.53019087 0.57061602] -> F: 0.4457744684238252
Punto[1.         0.52993498 0.57125539] -> F: 0.4447821263976123
Punto[1.         0.52967909 0.57189476] -> F: 0.4438117431149292
Punto[1.         0.5294232  0.57253413] -> F: 0.44286331857577604
Punto[1.         0.52916731 0.5731735 ] -> F: 0.44193685278015327
Punto[1.         0.52891142 0.57381287] -> F: 0.4410323457280606
Punto[1.         0.52865553 0.57445224] -> F: 0.4401497974194977
Punto[1.         0.52839964 0.57509161] -> F: 0.43928920785446496
Punto[1.         0.52814376 0.57573098] -> F: 0.4384505770329623
Punto[1.         0.52788787 0.57637035] -> F: 0.4376339049549897
Punto[1.         0.52763198 0.57700972] -> F: 0.43683919162054713
Punto[1.         0.52737609 0.57764909] -> F: 0.4360664370296347
Punto[1.         0.5271202  0.57828846] -> F: 0.4353156411822524
Punto[1.         0.52686431 0.57892783] -> F: 0.4345868040783999
Punto[1.         0.52660842 0.5795672 ] -> F: 0.4338799257180776
{
  "seed": 17870,
  "n_per_z": 10,
  "nz": 100,
  "nd": 100,
  "n_muestras": 50,
  "best_f": 0.4547649121789431,
  "best_cp": [
    1.0,
    0.5327497541689994,
    0.5642223089951641
  ],
  "best_u": [
    -0.24868988716485474,
    0.6630407998018651,
    -0.70606673751143
  ],
  "best_index": 29,
  "n_candidatos": 54
}
