Punto[0.         0.51937395 0.48743155] -> F: 0.12206322318760451
Punto[1.         0.54577769 0.48881361] -> F: 0.3713919737285258
Punto[2.         0.52130029 0.30166338] -> F: 0.10250397331886311
Punto[1.         0.52033712 0.39454746] -> F: 0.3680610500714688
Punto[1.         0.54526888 0.48692829] -> F: 0.37463323857889386
Punto[1.         0.54477024 0.48508067] -> F: 0.37782102597550016
Punto[1.         0.54427161 0.48323306] -> F: 0.3810200465906728
Punto[1.         0.54377297 0.48138544] -> F: 0.3842303004244115
Punto[1.         0.54327434 0.47953782] -> F: 0.38745178747671705
Punto[1.         0.5427757  0.47769021] -> F: 0.3906845077475882
Punto[1.         0.54227707 0.47584259] -> F: 0.39391896562697276
Punto[1.         0.54177843 0.47399497] -> F: 0.39715067146262334
Punto[1.         0.5412798  0.47214736] -> F: 0.40039288164053694
Punto[1.         0.54078116 0.47029974] -> F: 0.4036455961607142
Punto[1.         0.54028253 0.46845212] -> F: 0.4069088150231546
Punto[1.         0.53978389 0.46660451] -> F: 0.41018253822785866
Punto[1.         0.53928525 0.46475689] -> F: 0.4134667657748259
Punto[1.         0.53878662 0.46290928] -> F: 0.4167614976640564
Punto[1.         0.53828798 0.46106166] -> F: 0.42006673389555066
Punto[1.         0.53778935 0.45921404] -> F: 0.42337349511888744
Punto[1.         0.53729071 0.45736643] -> F: 0.42667757181382027
Punto[1.         0.53679208 0.45551881] -> F: 0.42999198115062215
Punto[1.         0.53629344 0.45367119] -> F: 0.4333167231292933
Punto[1.         0.53579481 0.45182358] -> F: 0.43665179774983354
Punto[1.         0.53529617 0.44997596] -> F: 0.43750815873389626
Punto[1.         0.53479754 0.44812834] -> F: 0.4361775312229596
Punto[1.         0.5342989  0.44628073] -> F: 0.43483298944621046
Punto[1.         0.53380027 0.44443311] -> F: 0.4330181130112738
Punto[1.         0.53330163 0.44258549] -> F: 0.4309883896070845
Punto[1.         0.532803   0.44073788] -> F: 0.4290201333105979
Punto[1.         0.53230436 0.43889026] -> F: 0.4271133441218144
Punto[1.         0.53180573 0.43704264] -> F: 0.4252670800492559
Punto[1.         0.53130709 0.43519503] -> F: 0.42338532559015846
Punto[1.         0.53080846 0.43334741] -> F: 0.4213399190323323
Punto[1.         0.53030982 0.43149979] -> F: 0.41910137919142393
Punto[1.         0.52981119 0.42965218] -> F: 0.4159903978984817
Punto[1.         0.52931255 0.42780456] -> F: 0.41304592851209504
Punto[1.         0.52881392 0.42595694] -> F: 0.41026797103226426
Punto[1.         0.52831528 0.42410933] -> F: 0.40765652545898895
Punto[1.         0.52781665 0.42226171] -> F: 0.40521159179226945
Punto[1.         0.52731801 0.4204141 ] -> F: 0.40293317003210555
Punto[1.         0.52681938 0.41856648] -> F: 0.40082126017849745
Punto[1.         0.52632074 0.41671886] -> F: 0.3988559104879256
Punto[1.         0.52582211 0.41487125] -> F: 0.3969088871170293
Punto[1.         0.52532347 0.41302363] -> F: 0.39467619034206897
Punto[1.         0.52482483 0.41117601] -> F: 0.3924737480249634
Punto[1.        0.5243262 0.4093284] -> F: 0.3903327728155607
Punto[1.         0.52382756 0.40748078] -> F: 0.3882532647138608
Punto[1.         0.52332893 0.40563316] -> F: 0.38623522371986396
Punto[1.         0.52283029 0.40378555] -> F: 0.3841417594860524
Punto[1.         0.52233166 0.40193793] -> F: 0.38085511294011887
Punto[1.         0.52183302 0.40009031] -> F: 0.37740682936312286
Punto[1.         0.52133439 0.3982427 ] -> F: 0.3741250576926823
Punto[1.         0.52083575 0.39639508] -> F: 0.3710097979287978
Best centerpoint:  [1.         0.53529617 0.44997596] Best F:  0.43750815873389626 Best u:  [ 0.4539905   0.16695797 -0.87522435] índice:  21
{
  "seed": 16746,
  "n_per_z": 5,
  "nz": 100,
  "nd": 100,
  "n_muestras": 50,
  "best_f": 0.43750815873389626,
  "best_cp": [
    1.0,
    0.5352961733965433,
    0.4499759596644384
  ],
  "best_u": [
    0.4539904997395467,
    0.1669579738068736,
    -0.8752243490263167
  ],
  "n_candidatos": 54
}
