Punto[0.         0.6805788  0.38629498] -> F: 0.058695105067603344
Punto[1.         0.44026291 0.45026658] -> F: 0.36500544440681676
Punto[2.         0.43645835 0.4725438 ] -> F: 0.14866954021228598
Punto[1.         0.55851858 0.42941939] -> F: 0.31074590678569064
Punto[1.         0.44262802 0.44984964] -> F: 0.3674618156522813
Punto[1.         0.44494583 0.44944103] -> F: 0.3701581457497377
Punto[1.         0.44726364 0.44903243] -> F: 0.373794786240152
Punto[1.         0.44958145 0.44862382] -> F: 0.3777839766954258
Punto[1.         0.45189927 0.44821522] -> F: 0.37929900554590035
Punto[1.         0.45421708 0.44780661] -> F: 0.3777496257287846
Punto[1.         0.45653489 0.44739801] -> F: 0.37620309425653115
Punto[1.        0.4588527 0.4469894] -> F: 0.3746594111291399
Punto[1.         0.46117051 0.4465808 ] -> F: 0.3731185763466109
Punto[1.         0.46348832 0.44617219] -> F: 0.37158058990894427
Punto[1.         0.46580613 0.44576359] -> F: 0.37004545181613985
Punto[1.         0.46812394 0.44535498] -> F: 0.36851316206819773
Punto[1.         0.47044175 0.44494638] -> F: 0.36698372066511786
Punto[1.         0.47275957 0.44453777] -> F: 0.36545712760690025
Punto[1.         0.47507738 0.44412917] -> F: 0.363933382893545
Punto[1.         0.47739519 0.44372056] -> F: 0.362412486525052
Punto[1.         0.479713   0.44331196] -> F: 0.36089443850142117
Punto[1.         0.48203081 0.44290335] -> F: 0.3593792388226526
Punto[1.         0.48434862 0.44249475] -> F: 0.3578646309582507
Punto[1.         0.48666643 0.44208614] -> F: 0.3563503137236885
Punto[1.         0.48898424 0.44167754] -> F: 0.35483886306480583
Punto[1.         0.49130205 0.44126893] -> F: 0.3533302789816028
Punto[1.         0.49361986 0.44086033] -> F: 0.35182456147407926
Punto[1.         0.49593768 0.44045172] -> F: 0.3503217105422353
Punto[1.         0.49825549 0.44004312] -> F: 0.348821726186071
Punto[1.         0.5005733  0.43963451] -> F: 0.34732460840558604
Punto[1.         0.50289111 0.43922591] -> F: 0.34583035720078087
Punto[1.         0.50520892 0.4388173 ] -> F: 0.3443389725716552
Punto[1.         0.50752673 0.4384087 ] -> F: 0.3428504545182091
Punto[1.         0.50984454 0.43800009] -> F: 0.3413648030404426
Punto[1.         0.51216235 0.43759149] -> F: 0.3398820181383556
Punto[1.         0.51448016 0.43718288] -> F: 0.33840209981194813
Punto[1.         0.51679798 0.43677428] -> F: 0.3369250480612204
Punto[1.         0.51911579 0.43636567] -> F: 0.33545086288617204
Punto[1.         0.5214336  0.43595707] -> F: 0.3339777412755992
Punto[1.         0.52375141 0.43554846] -> F: 0.3325044961019676
Punto[1.         0.52606922 0.43513986] -> F: 0.33103413628027567
Punto[1.         0.52838703 0.43473125] -> F: 0.32956666181052363
Punto[1.         0.53070484 0.43432265] -> F: 0.3281020726927112
Punto[1.         0.53302265 0.43391404] -> F: 0.3266403689268387
Punto[1.         0.53534046 0.43350544] -> F: 0.32518155051290587
Punto[1.         0.53765828 0.43309683] -> F: 0.3237256174509126
Punto[1.         0.53997609 0.43268823] -> F: 0.3222725697408595
Punto[1.         0.5422939  0.43227962] -> F: 0.3208224073827459
Punto[1.         0.54461171 0.43187102] -> F: 0.31937513037657217
Punto[1.         0.54692952 0.43146241] -> F: 0.3179307387223382
Punto[1.         0.54924733 0.43105381] -> F: 0.31648923242004395
Punto[1.         0.55156514 0.4306452 ] -> F: 0.31505061146968943
Punto[1.         0.55388295 0.4302366 ] -> F: 0.31361487587127473
Punto[1.         0.55620076 0.42982799] -> F: 0.312180654291643
Best centerpoint:  [1.         0.45189927 0.44821522] Best F:  0.37929900554590035 Best u:  [-0.68454711  0.72860893  0.02289746] índice:  5
{
  "seed": 6840,
  "n_per_z": 5,
  "nz": 100,
  "nd": 100,
  "n_muestras": 50,
  "best_f": 0.37929900554590035,
  "best_cp": [
    1.0,
    0.4518992653295561,
    0.4482152156941528
  ],
  "best_u": [
    -0.6845471059286887,
    0.7286089254085035,
    0.02289745793144782
  ],
  "n_candidatos": 54
}
