Punto[0.         0.47902192 0.39696236] -> F: 0.14775237086944973
Punto[1.         0.49919384 0.46939727] -> F: 0.4552080305459214
Punto[2.         0.51542299 0.55321018] -> F: 0.12498106961966476
Punto[1.         0.49722246 0.47508627] -> F: 0.4557408333542795
Punto[1.         0.49915442 0.46951105] -> F: 0.4553833626646492
Punto[1.         0.49911578 0.46962255] -> F: 0.4555553617438434
Punto[1.         0.49907714 0.46973405] -> F: 0.4557275326723146
Punto[1.         0.4990385  0.46984556] -> F: 0.4558998754500625
Punto[1.         0.49899986 0.46995706] -> F: 0.4560723900770875
Punto[1.         0.49896122 0.47006857] -> F: 0.45624507655338925
Punto[1.         0.49892258 0.47018007] -> F: 0.45641793487896815
Punto[1.         0.49888394 0.47029158] -> F: 0.4565909650538238
Punto[1.         0.4988453  0.47040308] -> F: 0.4567641670779563
Punto[1.         0.49880666 0.47051459] -> F: 0.45693754095136574
Punto[1.         0.49876802 0.47062609] -> F: 0.4571110866740522
Punto[1.         0.49872938 0.4707376 ] -> F: 0.4572848042460156
Punto[1.         0.49869075 0.4708491 ] -> F: 0.4574586936672558
Punto[1.         0.49865211 0.4709606 ] -> F: 0.457632754937773
Punto[1.         0.49861347 0.47107211] -> F: 0.45780698805756687
Punto[1.         0.49857483 0.47118361] -> F: 0.45798139302663793
Punto[1.         0.49853619 0.47129512] -> F: 0.4581559698449857
Punto[1.         0.49849755 0.47140662] -> F: 0.4583307185126104
Punto[1.         0.49845891 0.47151813] -> F: 0.4585056390295122
Punto[1.         0.49842027 0.47162963] -> F: 0.45868073139569077
Punto[1.         0.49838163 0.47174114] -> F: 0.45885599561114626
Punto[1.         0.49834299 0.47185264] -> F: 0.45903143167587857
Punto[1.         0.49830435 0.47196414] -> F: 0.45920703958988796
Punto[1.         0.49826571 0.47207565] -> F: 0.4593828193531741
Punto[1.         0.49822708 0.47218715] -> F: 0.45955877096573733
Punto[1.         0.49818844 0.47229866] -> F: 0.4597348944275774
Punto[1.         0.4981498  0.47241016] -> F: 0.45991118973869416
Punto[1.         0.49811116 0.47252167] -> F: 0.4600876568990881
Punto[1.         0.49807252 0.47263317] -> F: 0.4599477973067832
Punto[1.         0.49803388 0.47274468] -> F: 0.459757035655142
Punto[1.         0.49799524 0.47285618] -> F: 0.4595663371062577
Punto[1.         0.4979566  0.47296769] -> F: 0.45937570166013064
Punto[1.         0.49791796 0.47307919] -> F: 0.4591851293167603
Punto[1.         0.49787932 0.47319069] -> F: 0.45899462007614716
Punto[1.         0.49784068 0.4733022 ] -> F: 0.45880417393829104
Punto[1.         0.49780204 0.4734137 ] -> F: 0.4586137909031918
Punto[1.         0.49776341 0.47352521] -> F: 0.45842347097084957
Punto[1.         0.49772477 0.47363671] -> F: 0.4582332141412644
Punto[1.         0.49768613 0.47374822] -> F: 0.45804302041443623
Punto[1.         0.49764749 0.47385972] -> F: 0.45785288979036504
Punto[1.         0.49760885 0.47397123] -> F: 0.4576628222690509
Punto[1.         0.49757021 0.47408273] -> F: 0.4574728178504937
Punto[1.         0.49753157 0.47419423] -> F: 0.4572828765346935
Punto[1.         0.49749293 0.47430574] -> F: 0.4570929983216504
Punto[1.         0.49745429 0.47441724] -> F: 0.4569000732601496
Punto[1.         0.49741565 0.47452875] -> F: 0.45670669982479173
Punto[1.         0.49737701 0.47464025] -> F: 0.45651339310318567
Punto[1.         0.49733837 0.47475176] -> F: 0.4563201530953315
Punto[1.         0.49729974 0.47486326] -> F: 0.4561269798012291
Punto[1.         0.4972611  0.47497477] -> F: 0.45593387322087847
{
  "seed": 7089,
  "n_per_z": 10,
  "nz": 100,
  "nd": 100,
  "n_muestras": 50,
  "best_f": 0.4600876568990881,
  "best_cp": [
    1.0,
    0.4981111577075442,
    0.4725216672393942
  ],
  "best_u": [
    0.27899110603922916,
    0.1799410932105162,
    -0.943284244395724
  ],
  "best_index": 31,
  "n_candidatos": 54
}
