Punto[0.         0.45502331 0.39860601] -> F: 0.117716836961697
Punto[1.         0.50484835 0.46790785] -> F: 0.46042276507070873
Punto[2.         0.56816317 0.5798355 ] -> F: 0.13495734882703675
Punto[1.         0.51159324 0.48922075] -> F: 0.4643779827819693
Punto[1.         0.50498324 0.46833411] -> F: 0.46086457993138913
Punto[1.         0.50511544 0.46875184] -> F: 0.46130470795679207
Punto[1.         0.50524764 0.46916957] -> F: 0.4617519132273431
Punto[1.         0.50537984 0.46958731] -> F: 0.46220619574304284
Punto[1.         0.50551204 0.47000504] -> F: 0.4626675555038912
Punto[1.         0.50564424 0.47042277] -> F: 0.46313599250988796
Punto[1.         0.50577644 0.47084051] -> F: 0.4636115067610333
Punto[1.         0.50590864 0.47125824] -> F: 0.46409409825732717
Punto[1.         0.50604084 0.47167597] -> F: 0.4645837669987696
Punto[1.         0.50617304 0.4720937 ] -> F: 0.46508051298536046
Punto[1.         0.50630524 0.47251144] -> F: 0.4655843362171
Punto[1.         0.50643744 0.47292917] -> F: 0.46609523669398795
Punto[1.         0.50656964 0.4733469 ] -> F: 0.46661273410472925
Punto[1.         0.50670184 0.47376464] -> F: 0.46713141479433723
Punto[1.         0.50683404 0.47418237] -> F: 0.46764976084742255
Punto[1.         0.50696624 0.4746001 ] -> F: 0.4681677722639855
Punto[1.         0.50709844 0.47501783] -> F: 0.46868544904402637
Punto[1.         0.50723064 0.47543557] -> F: 0.469202791187545
Punto[1.         0.50736284 0.4758533 ] -> F: 0.4697197986945407
Punto[1.         0.50749504 0.47627103] -> F: 0.47023647156501447
Punto[1.         0.50762724 0.47668877] -> F: 0.47075280979896567
Punto[1.         0.50775944 0.4771065 ] -> F: 0.4712688133963947
Punto[1.         0.50789164 0.47752423] -> F: 0.4712954023643625
Punto[1.         0.50802384 0.47794196] -> F: 0.4710480738315677
Punto[1.         0.50815604 0.4783597 ] -> F: 0.470800760119275
Punto[1.         0.50828824 0.47877743] -> F: 0.4705534612274848
Punto[1.         0.50842044 0.47919516] -> F: 0.4703061771561967
Punto[1.         0.50855264 0.4796129 ] -> F: 0.4700589079054108
Punto[1.         0.50868484 0.48003063] -> F: 0.4698116534751272
Punto[1.         0.50881704 0.48044836] -> F: 0.4695644138653458
Punto[1.         0.50894924 0.48086609] -> F: 0.46931718907606657
Punto[1.         0.50908144 0.48128383] -> F: 0.4690699791072896
Punto[1.         0.50921364 0.48170156] -> F: 0.4688227839590149
Punto[1.         0.50934584 0.48211929] -> F: 0.46857560363124234
Punto[1.         0.50947804 0.48253703] -> F: 0.46832843812397207
Punto[1.         0.50961024 0.48295476] -> F: 0.4680812874372041
Punto[1.         0.50974244 0.48337249] -> F: 0.4678341515709384
Punto[1.         0.50987464 0.48379023] -> F: 0.46758703063686585
Punto[1.         0.51000684 0.48420796] -> F: 0.4673399394923679
Punto[1.         0.51013904 0.48462569] -> F: 0.4670928885661211
Punto[1.         0.51027124 0.48504342] -> F: 0.4668458778581252
Punto[1.         0.51040344 0.48546116] -> F: 0.4665989073683802
Punto[1.         0.51053564 0.48587889] -> F: 0.4663519770968863
Punto[1.         0.51066784 0.48629662] -> F: 0.4661050870436433
Punto[1.         0.51080004 0.48671436] -> F: 0.46585823720865127
Punto[1.         0.51093224 0.48713209] -> F: 0.4656114275919102
Punto[1.         0.51106444 0.48754982] -> F: 0.4653646581934201
Punto[1.         0.51119664 0.48796755] -> F: 0.465117929013181
Punto[1.         0.51132884 0.48838529] -> F: 0.46487124005119274
Punto[1.         0.51146104 0.48880302] -> F: 0.4646245913074555
{
  "seed": 6344,
  "n_per_z": 10,
  "nz": 100,
  "nd": 100,
  "n_muestras": 50,
  "best_f": 0.4712954023643625,
  "best_cp": [
    1.0,
    0.5078916418020991,
    0.47752423182475756
  ],
  "best_u": [
    -0.5090414157503713,
    0.4838087859976665,
    0.711903009996672
  ],
  "best_index": 26,
  "n_candidatos": 54
}
