Punto[0.         0.638234   0.41745699] -> F: 0.1462145974955616
Punto[1.         0.51491013 0.46428184] -> F: 0.43317020721928634
Punto[2.         0.38068555 0.53159605] -> F: 0.10108843284192058
Punto[1.         0.50945978 0.47452652] -> F: 0.4203630400783052
Punto[1.         0.51480113 0.46448674] -> F: 0.43343640169963554
Punto[1.         0.5146943  0.46468753] -> F: 0.4336980629246607
Punto[1.         0.51458747 0.46488833] -> F: 0.43396050679776427
Punto[1.         0.51448065 0.46508912] -> F: 0.4339259803267842
Punto[1.         0.51437382 0.46528992] -> F: 0.43384073354195585
Punto[1.         0.51426699 0.46549071] -> F: 0.43375549969031507
Punto[1.         0.51416017 0.46569151] -> F: 0.43367027877186237
Punto[1.         0.51405334 0.46589231] -> F: 0.4335850707865974
Punto[1.         0.51394651 0.4660931 ] -> F: 0.4334998757345203
Punto[1.         0.51383968 0.4662939 ] -> F: 0.43341469361563106
Punto[1.         0.51373286 0.46649469] -> F: 0.4333295244299296
Punto[1.         0.51362603 0.46669549] -> F: 0.43324436817741596
Punto[1.         0.5135192  0.46689628] -> F: 0.43315922485809016
Punto[1.         0.51341238 0.46709708] -> F: 0.4330740944719523
Punto[1.         0.51330555 0.46729788] -> F: 0.43298897701900224
Punto[1.         0.51319872 0.46749867] -> F: 0.43290387249923995
Punto[1.         0.5130919  0.46769947] -> F: 0.4328187809126654
Punto[1.         0.51298507 0.46790026] -> F: 0.4327334340186315
Punto[1.         0.51287824 0.46810106] -> F: 0.4325564153381136
Punto[1.         0.51277141 0.46830186] -> F: 0.4322137461231855
Punto[1.         0.51266459 0.46850265] -> F: 0.431872362155943
Punto[1.         0.51255776 0.46870345] -> F: 0.4315322634363856
Punto[1.         0.51245093 0.46890424] -> F: 0.43119344996451364
Punto[1.         0.51234411 0.46910504] -> F: 0.4308559217403273
Punto[1.         0.51223728 0.46930583] -> F: 0.4305196787638259
Punto[1.         0.51213045 0.46950663] -> F: 0.4301847210350102
Punto[1.         0.51202363 0.46970743] -> F: 0.42985104855388
Punto[1.         0.5119168  0.46990822] -> F: 0.42951866132043515
Punto[1.         0.51180997 0.47010902] -> F: 0.42918755933467556
Punto[1.         0.51170314 0.47030981] -> F: 0.4288577425966016
Punto[1.         0.51159632 0.47051061] -> F: 0.428529211106213
Punto[1.         0.51148949 0.4707114 ] -> F: 0.4282019648635097
Punto[1.         0.51138266 0.4709122 ] -> F: 0.4278760038684919
Punto[1.         0.51127584 0.471113  ] -> F: 0.42755132812115965
Punto[1.         0.51116901 0.47131379] -> F: 0.42712607546795867
Punto[1.         0.51106218 0.47151459] -> F: 0.4266908846645505
Punto[1.         0.51095535 0.47171538] -> F: 0.42625553809636196
Punto[1.         0.51084853 0.47191618] -> F: 0.42582003576339267
Punto[1.         0.5107417  0.47211697] -> F: 0.4253843776656428
Punto[1.         0.51063487 0.47231777] -> F: 0.4249485638031122
Punto[1.         0.51052805 0.47251857] -> F: 0.4245125941758009
Punto[1.         0.51042122 0.47271936] -> F: 0.42407646878370925
Punto[1.         0.51031439 0.47292016] -> F: 0.4236401876268365
Punto[1.         0.51020757 0.47312095] -> F: 0.4232037507051834
Punto[1.         0.51010074 0.47332175] -> F: 0.42276715801874976
Punto[1.         0.50999391 0.47352254] -> F: 0.42233040956753537
Punto[1.         0.50988708 0.47372334] -> F: 0.4218935100214665
Punto[1.         0.50978026 0.47392414] -> F: 0.4214704963081045
Punto[1.         0.50967343 0.47412493] -> F: 0.4210744134131234
Punto[1.         0.5095666  0.47432573] -> F: 0.4207052613365238
Best centerpoint:  [1.         0.51458747 0.46488833] Best F:  0.43396050679776427 Best u:  [ 0.33873792  0.93670511 -0.0885447 ] índice:  3
{
  "seed": 8110,
  "n_per_z": 5,
  "nz": 100,
  "nd": 100,
  "n_muestras": 50,
  "best_f": 0.43396050679776427,
  "best_cp": [
    1.0,
    0.5145874736291449,
    0.4648883273759556
  ],
  "best_u": [
    0.33873792024529137,
    0.9367051067973253,
    -0.08854470220010896
  ],
  "n_candidatos": 54
}
