Punto[0.         0.45891287 0.46391013] -> F: 0.12165686298628156
Punto[1.         0.50012962 0.53001787] -> F: 0.4158232479090182
Punto[2.         0.46366931 0.51345466] -> F: 0.1653731619848
Punto[1.         0.46129109 0.48868239] -> F: 0.42270689614891904
Punto[1.         0.49935285 0.52919116] -> F: 0.417375969600335
Punto[1.         0.49859162 0.52838099] -> F: 0.41890050716332133
Punto[1.         0.49783038 0.52757081] -> F: 0.4204278860388189
Punto[1.         0.49706914 0.52676063] -> F: 0.42195810622682756
Punto[1.         0.49630791 0.52595046] -> F: 0.42349116772734763
Punto[1.         0.49554667 0.52514028] -> F: 0.4250270705403786
Punto[1.         0.49478544 0.52433011] -> F: 0.4265658146659209
Punto[1.         0.4940242  0.52351993] -> F: 0.4281074001039743
Punto[1.         0.49326297 0.52270976] -> F: 0.42965182685453873
Punto[1.         0.49250173 0.52189958] -> F: 0.4311990949176145
Punto[1.         0.4917405  0.52108941] -> F: 0.4327492042932015
Punto[1.         0.49097926 0.52027923] -> F: 0.4343021549812997
Punto[1.         0.49021803 0.51946906] -> F: 0.43585794698190894
Punto[1.         0.48945679 0.51865888] -> F: 0.4373372755229897
Punto[1.         0.48869556 0.51784871] -> F: 0.4388093391291148
Punto[1.         0.48793432 0.51703853] -> F: 0.44028344880864356
Punto[1.         0.48717309 0.51622836] -> F: 0.44138434591212095
Punto[1.         0.48641185 0.51541818] -> F: 0.4408479949906317
Punto[1.         0.48565062 0.514608  ] -> F: 0.4403056306398606
Punto[1.         0.48488938 0.51379783] -> F: 0.43976359580648183
Punto[1.         0.48412815 0.51298765] -> F: 0.4392218904904954
Punto[1.         0.48336691 0.51217748] -> F: 0.4386805146919012
Punto[1.         0.48260567 0.5113673 ] -> F: 0.4381394684106993
Punto[1.         0.48184444 0.51055713] -> F: 0.4375987516468897
Punto[1.         0.4810832  0.50974695] -> F: 0.43705838726061697
Punto[1.         0.48032197 0.50893678] -> F: 0.43651840447321644
Punto[1.         0.47956073 0.5081266 ] -> F: 0.4359712606600118
Punto[1.         0.4787995  0.50731643] -> F: 0.43542356490946055
Punto[1.         0.47803826 0.50650625] -> F: 0.43487620890039697
Punto[1.         0.47727703 0.50569608] -> F: 0.43432919263282127
Punto[1.         0.47651579 0.5048859 ] -> F: 0.4337825161067332
Punto[1.         0.47575456 0.50407573] -> F: 0.433236179322133
Punto[1.         0.47499332 0.50326555] -> F: 0.4326901822790206
Punto[1.         0.47423209 0.50245537] -> F: 0.43214452497739597
Punto[1.         0.47347085 0.5016452 ] -> F: 0.4315933044240581
Punto[1.         0.47270962 0.50083502] -> F: 0.43103994364352494
Punto[1.         0.47194838 0.50002485] -> F: 0.4304869331449052
Punto[1.         0.47118715 0.49921467] -> F: 0.4299342729281989
Punto[1.         0.47042591 0.4984045 ] -> F: 0.4293819629934062
Punto[1.         0.46966467 0.49759432] -> F: 0.4288300033405269
Punto[1.         0.46890344 0.49678415] -> F: 0.428278393969561
Punto[1.         0.4681422  0.49597397] -> F: 0.4277271348805086
Punto[1.         0.46738097 0.4951638 ] -> F: 0.4271718234406019
Punto[1.         0.46661973 0.49435362] -> F: 0.4266127763954504
Punto[1.         0.4658585  0.49354345] -> F: 0.42605409052400284
Punto[1.         0.46509726 0.49273327] -> F: 0.4254957658262593
Punto[1.         0.46433603 0.4919231 ] -> F: 0.4249378023022198
Punto[1.         0.46357479 0.49111292] -> F: 0.4243801999518841
Punto[1.         0.46281356 0.49030275] -> F: 0.42382295877525245
Punto[1.         0.46205232 0.48949257] -> F: 0.4232660787723247
{
  "seed": 1011,
  "n_per_z": 10,
  "nz": 100,
  "nd": 100,
  "n_muestras": 50,
  "best_f": 0.44138434591212095,
  "best_cp": [
    1.0,
    0.4871730861577278,
    0.5162283553389484
  ],
  "best_u": [
    -0.9995065603657316,
    -0.01156307163512217,
    -0.029204985194744612
  ],
  "best_index": 20,
  "n_candidatos": 54
}
