Punto[0.         0.39199398 0.54758084] -> F: 0.06712169513484603
Punto[1.         0.50204206 0.55914985] -> F: 0.3757341662503389
Punto[2.         0.31948385 0.31343738] -> F: 0.066367255261381
Punto[1.         0.35573891 0.43050911] -> F: 0.26896477047786754
Punto[1.         0.499116   0.55657703] -> F: 0.3796513380523537
Punto[1.         0.49624846 0.55405567] -> F: 0.384097976114691
Punto[1.         0.49338092 0.55153432] -> F: 0.38778371489141344
Punto[1.         0.49051338 0.54901296] -> F: 0.3919555779680676
Punto[1.         0.48764583 0.5464916 ] -> F: 0.3959299726383965
Punto[1.         0.48477829 0.54397024] -> F: 0.39987914458125623
Punto[1.         0.48191075 0.54144888] -> F: 0.40387245952634315
Punto[1.         0.47904321 0.53892752] -> F: 0.4077142406739329
Punto[1.         0.47617567 0.53640616] -> F: 0.41161560735245395
Punto[1.         0.47330813 0.53388481] -> F: 0.4153724478971669
Punto[1.         0.47044058 0.53136345] -> F: 0.41916694227621
Punto[1.         0.46757304 0.52884209] -> F: 0.4228517642322125
Punto[1.         0.4647055  0.52632073] -> F: 0.42654110382366145
Punto[1.         0.46183796 0.52379937] -> F: 0.4301708522599684
Punto[1.         0.45897042 0.52127801] -> F: 0.42937730013321607
Punto[1.         0.45610287 0.51875665] -> F: 0.4256674649102012
Punto[1.         0.45323533 0.5162353 ] -> F: 0.42195219313347826
Punto[1.         0.45036779 0.51371394] -> F: 0.41820940429105213
Punto[1.         0.44750025 0.51119258] -> F: 0.41445027217749225
Punto[1.         0.44463271 0.50867122] -> F: 0.41067828161944075
Punto[1.         0.44176517 0.50614986] -> F: 0.40679006062728207
Punto[1.         0.43889762 0.5036285 ] -> F: 0.4028810735643896
Punto[1.         0.43603008 0.50110714] -> F: 0.3984778750544573
Punto[1.         0.43316254 0.49858579] -> F: 0.39342383688809446
Punto[1.         0.430295   0.49606443] -> F: 0.38922050047126633
Punto[1.         0.42742746 0.49354307] -> F: 0.38508078541778373
Punto[1.         0.42455992 0.49102171] -> F: 0.3809541669338817
Punto[1.         0.42169237 0.48850035] -> F: 0.37684064501956016
Punto[1.         0.41882483 0.48597899] -> F: 0.37274021967481896
Punto[1.         0.41595729 0.48345764] -> F: 0.36846689132165494
Punto[1.         0.41308975 0.48093628] -> F: 0.3626246968460275
Punto[1.         0.41022221 0.47841492] -> F: 0.3569449972012482
Punto[1.         0.40735466 0.47589356] -> F: 0.3524167238871711
Punto[1.         0.40448712 0.4733722 ] -> F: 0.3482224555936029
Punto[1.         0.40161958 0.47085084] -> F: 0.3440414527520345
Punto[1.         0.39875204 0.46832948] -> F: 0.3398787617240054
Punto[1.         0.3958845  0.46580813] -> F: 0.33574072008136013
Punto[1.         0.39301696 0.46328677] -> F: 0.33087942057280245
Punto[1.         0.39014941 0.46076541] -> F: 0.3250443113956747
Punto[1.         0.38728187 0.45824405] -> F: 0.31941405466979805
Punto[1.         0.38441433 0.45572269] -> F: 0.31435250962992806
Punto[1.         0.38154679 0.45320133] -> F: 0.3101907043873326
Punto[1.         0.37867925 0.45067997] -> F: 0.306084361185975
Punto[1.         0.37581171 0.44815862] -> F: 0.30207009072196556
Punto[1.         0.37294416 0.44563726] -> F: 0.2980808177085548
Punto[1.         0.37007662 0.4431159 ] -> F: 0.29382138971731014
Punto[1.         0.36720908 0.44059454] -> F: 0.28820283125491697
Punto[1.         0.36434154 0.43807318] -> F: 0.28273038592989425
Punto[1.         0.361474   0.43555182] -> F: 0.2774324471996365
Punto[1.         0.35860645 0.43303046] -> F: 0.2731074652935775
Best centerpoint:  [1.         0.46183796 0.52379937] Best F:  0.4301708522599684 Best u:  [ 0.03141076  0.96810522 -0.24856717] índice:  14
{
  "seed": 12622,
  "n_per_z": 5,
  "nz": 100,
  "nd": 100,
  "n_muestras": 50,
  "best_f": 0.4301708522599684,
  "best_cp": [
    1.0,
    0.4618379579911921,
    0.5237993718086514
  ],
  "best_u": [
    0.03141075907812828,
    0.9681052238078451,
    -0.24856717371788636
  ],
  "n_candidatos": 54
}
