Punto[0.         0.43912666 0.42540094] -> F: 0.10493671171659731
Punto[1.         0.51795633 0.49031539] -> F: 0.4146387394268659
Punto[2.         0.50213197 0.47659487] -> F: 0.16024625190438907
Punto[1.         0.47062931 0.4509979 ] -> F: 0.4022108429248401
Punto[1.         0.51700979 0.48952904] -> F: 0.4161328364447326
Punto[1.         0.51608218 0.48875842] -> F: 0.4175992820798816
Punto[1.         0.51515457 0.48798779] -> F: 0.4190517758375301
Punto[1.         0.51422696 0.48721717] -> F: 0.42047864303523813
Punto[1.         0.51329935 0.48644655] -> F: 0.42190757248954
Punto[1.         0.51237174 0.48567593] -> F: 0.42333856420043525
Punto[1.         0.51144413 0.4849053 ] -> F: 0.4247716181679242
Punto[1.         0.51051652 0.48413468] -> F: 0.42620673439200696
Punto[1.         0.50958891 0.48336406] -> F: 0.42761891513379485
Punto[1.         0.5086613  0.48259343] -> F: 0.4290150220495369
Punto[1.         0.50773369 0.48182281] -> F: 0.43041305669445007
Punto[1.         0.50680608 0.48105219] -> F: 0.43078523335892266
Punto[1.         0.50587847 0.48028157] -> F: 0.43005221442174635
Punto[1.         0.50495086 0.47951094] -> F: 0.42931965465368743
Punto[1.         0.50402325 0.47874032] -> F: 0.4285875540547462
Punto[1.         0.50309564 0.4779697 ] -> F: 0.4278559126249225
Punto[1.         0.50216804 0.47719908] -> F: 0.42712473036421633
Punto[1.         0.50124043 0.47642845] -> F: 0.4263940072726277
Punto[1.         0.50031282 0.47565783] -> F: 0.42566374335015683
Punto[1.         0.49938521 0.47488721] -> F: 0.4249339385968033
Punto[1.         0.4984576  0.47411659] -> F: 0.42420459301256747
Punto[1.         0.49752999 0.47334596] -> F: 0.42347251657016166
Punto[1.         0.49660238 0.47257534] -> F: 0.42273824488903744
Punto[1.         0.49567477 0.47180472] -> F: 0.4220044397796856
Punto[1.         0.49474716 0.47103409] -> F: 0.42127110124210637
Punto[1.         0.49381955 0.47026347] -> F: 0.4205382292762992
Punto[1.         0.49289194 0.46949285] -> F: 0.41980582388226456
Punto[1.         0.49196433 0.46872223] -> F: 0.4190738850600023
Punto[1.         0.49103672 0.4679516 ] -> F: 0.4183424128095124
Punto[1.         0.49010911 0.46718098] -> F: 0.4176114071307948
Punto[1.         0.4891815  0.46641036] -> F: 0.4168808680238497
Punto[1.         0.48825389 0.46563974] -> F: 0.41615079548867684
Punto[1.         0.48732628 0.46486911] -> F: 0.4154165139015511
Punto[1.         0.48639867 0.46409849] -> F: 0.4146814972372572
Punto[1.         0.48547106 0.46332787] -> F: 0.4139469547030481
Punto[1.         0.48454346 0.46255724] -> F: 0.41321288629892383
Punto[1.         0.48361585 0.46178662] -> F: 0.41247929202488415
Punto[1.         0.48268824 0.461016  ] -> F: 0.4117461718809292
Punto[1.         0.48176063 0.46024538] -> F: 0.411013525867059
Punto[1.         0.48083302 0.45947475] -> F: 0.41028135398327353
Punto[1.         0.47990541 0.45870413] -> F: 0.4095496562295728
Punto[1.         0.4789778  0.45793351] -> F: 0.4088184326059568
Punto[1.         0.47805019 0.45716289] -> F: 0.4080869927637425
Punto[1.         0.47712258 0.45639226] -> F: 0.4073507875083932
Punto[1.         0.47619497 0.45562164] -> F: 0.4066150641174686
Punto[1.         0.47526736 0.45485102] -> F: 0.4058798225909688
Punto[1.         0.47433975 0.4540804 ] -> F: 0.4051450629288936
Punto[1.         0.47341214 0.45330977] -> F: 0.4044107851312431
Punto[1.         0.47248453 0.45253915] -> F: 0.4036769891980174
Punto[1.         0.47155692 0.45176853] -> F: 0.4029436751292164
{
  "seed": 16240,
  "n_per_z": 10,
  "nz": 100,
  "nd": 100,
  "n_muestras": 50,
  "best_f": 0.43078523335892266,
  "best_cp": [
    1.0,
    0.5068060826424532,
    0.4810521895134634
  ],
  "best_u": [
    -0.9408807689542255,
    -0.2968383022951143,
    -0.16318823763574294
  ],
  "best_index": 15,
  "n_candidatos": 54
}
