Punto[0.         0.4165297  0.68136275] -> F: 0.060861241385753696
Punto[1.         0.56373999 0.65051793] -> F: 0.353360386582881
Punto[2.         0.41918492 0.52527382] -> F: 0.14758543389798817
Punto[1.         0.41785731 0.60331828] -> F: 0.3002741443769408
Punto[1.         0.56082233 0.64957394] -> F: 0.35654458694262703
Punto[1.         0.55796303 0.64864883] -> F: 0.3596314711724862
Punto[1.         0.55510373 0.64772371] -> F: 0.36268685046017046
Punto[1.         0.55224443 0.6467986 ] -> F: 0.36571375435459236
Punto[1.         0.54938513 0.64587349] -> F: 0.3687163724609474
Punto[1.         0.54652583 0.64494838] -> F: 0.3717006409662832
Punto[1.         0.54366653 0.64402326] -> F: 0.37466469097052313
Punto[1.         0.54080723 0.64309815] -> F: 0.3776182426974784
Punto[1.         0.53794793 0.64217304] -> F: 0.3803970808569763
Punto[1.         0.53508863 0.64124792] -> F: 0.38211257725887804
Punto[1.         0.53222933 0.64032281] -> F: 0.3838248395419838
Punto[1.         0.52937003 0.6393977 ] -> F: 0.3835376365817919
Punto[1.         0.52651073 0.63847258] -> F: 0.3815080555318007
Punto[1.         0.52365143 0.63754747] -> F: 0.37946715398869246
Punto[1.         0.52079213 0.63662236] -> F: 0.3774149381148007
Punto[1.         0.51793283 0.63569724] -> F: 0.37535142395451176
Punto[1.         0.51507353 0.63477213] -> F: 0.37327663990657006
Punto[1.         0.51221423 0.63384702] -> F: 0.3711906301010187
Punto[1.         0.50935493 0.6329219 ] -> F: 0.3690934588379527
Punto[1.         0.50649563 0.63199679] -> F: 0.36698521629674286
Punto[1.         0.50363633 0.63107168] -> F: 0.3648669489844556
Punto[1.         0.50077703 0.63014657] -> F: 0.3627455841504619
Punto[1.         0.49791772 0.62922145] -> F: 0.3606224838215753
Punto[1.         0.49505842 0.62829634] -> F: 0.3585025316129866
Punto[1.         0.49219912 0.62737123] -> F: 0.3563857275246956
Punto[1.         0.48933982 0.62644611] -> F: 0.3542720715567024
Punto[1.         0.48648052 0.625521  ] -> F: 0.3521571359443884
Punto[1.         0.48362122 0.62459589] -> F: 0.3500414628510054
Punto[1.         0.48076192 0.62367077] -> F: 0.3479289628037115
Punto[1.         0.47790262 0.62274566] -> F: 0.34581963580250674
Punto[1.         0.47504332 0.62182055] -> F: 0.343713481847391
Punto[1.         0.47218402 0.62089543] -> F: 0.3416061331355067
Punto[1.         0.46932472 0.61997032] -> F: 0.33949786072568255
Punto[1.         0.46646542 0.61904521] -> F: 0.3373927870348842
Punto[1.         0.46360612 0.61812009] -> F: 0.3352909120631114
Punto[1.         0.46074682 0.61719498] -> F: 0.3331922358103641
Punto[1.         0.45788752 0.61626987] -> F: 0.33109261532938583
Punto[1.         0.45502822 0.61534476] -> F: 0.3289916983688477
Punto[1.         0.45216892 0.61441964] -> F: 0.32689400663410895
Punto[1.         0.44930962 0.61349453] -> F: 0.3247995401251697
Punto[1.         0.44645032 0.61256942] -> F: 0.3227082988420298
Punto[1.         0.44359102 0.6116443 ] -> F: 0.32061663135168994
Punto[1.         0.44073172 0.61071919] -> F: 0.31852300437644643
Punto[1.         0.43787241 0.60979408] -> F: 0.31643263006340006
Punto[1.         0.43501311 0.60886896] -> F: 0.31434550841255077
Punto[1.         0.43215381 0.60794385] -> F: 0.31226163942389873
Punto[1.         0.42929451 0.60701874] -> F: 0.3101782459428991
Punto[1.         0.42643521 0.60609362] -> F: 0.30809182141102953
Punto[1.         0.42357591 0.60516851] -> F: 0.30542599174302404
Punto[1.         0.42071661 0.6042434 ] -> F: 0.302579904542484
Best centerpoint:  [1.         0.53222933 0.64032281] Best F:  0.3838248395419838 Best u:  [-0.18738131  0.75686533 -0.62613346] índice:  11
{
  "seed": 2457,
  "n_per_z": 5,
  "nz": 100,
  "nd": 100,
  "n_muestras": 50,
  "best_f": 0.3838248395419838,
  "best_cp": [
    1.0,
    0.532229330276469,
    0.6403228095045091
  ],
  "best_u": [
    -0.18738131458572474,
    0.7568653348962765,
    -0.6261334584387523
  ],
  "n_candidatos": 54
}
