Punto[0.         0.43151222 0.63744894] -> F: 0.12337363338723298
Punto[1.         0.54185017 0.50281724] -> F: 0.397784051299476
Punto[2.         0.52928814 0.50325265] -> F: 0.14319112248538635
Punto[1.         0.48040018 0.5703508 ] -> F: 0.4323004447841989
Punto[1.         0.54062117 0.50416791] -> F: 0.40065342963154615
Punto[1.         0.53941675 0.50549157] -> F: 0.4034818271347469
Punto[1.         0.53821233 0.50681523] -> F: 0.40632646565109576
Punto[1.         0.53700791 0.50813889] -> F: 0.4090825609192226
Punto[1.         0.53580349 0.50946254] -> F: 0.4117036988489521
Punto[1.         0.53459907 0.5107862 ] -> F: 0.41433698220223847
Punto[1.         0.53339465 0.51210986] -> F: 0.4169888525236073
Punto[1.         0.53219023 0.51343352] -> F: 0.4196593098130585
Punto[1.         0.53098581 0.51475718] -> F: 0.4223483540705926
Punto[1.         0.52978139 0.51608083] -> F: 0.425055985296209
Punto[1.         0.52857697 0.51740449] -> F: 0.42778220348990814
Punto[1.         0.52737255 0.51872815] -> F: 0.4305270086516895
Punto[1.         0.52616813 0.52005181] -> F: 0.43329040078155373
Punto[1.         0.52496371 0.52137546] -> F: 0.43607237987950026
Punto[1.         0.52375929 0.52269912] -> F: 0.4388729459455296
Punto[1.         0.52255487 0.52402278] -> F: 0.44169209897964135
Punto[1.         0.52135045 0.52534644] -> F: 0.4443806610097009
Punto[1.         0.52014603 0.52667009] -> F: 0.44695730024540276
Punto[1.         0.51894161 0.52799375] -> F: 0.4495565944791728
Punto[1.         0.51773719 0.52931741] -> F: 0.4521785437110109
Punto[1.         0.51653277 0.53064107] -> F: 0.454823147940917
Punto[1.         0.51532835 0.53196473] -> F: 0.4574904071688913
Punto[1.         0.51412393 0.53328838] -> F: 0.46018032139493376
Punto[1.         0.51291951 0.53461204] -> F: 0.46094204395381483
Punto[1.         0.51171509 0.5359357 ] -> F: 0.4598446075316923
Punto[1.         0.51051067 0.53725936] -> F: 0.45874999114075377
Punto[1.         0.50930626 0.53858301] -> F: 0.45765819478099923
Punto[1.         0.50810184 0.53990667] -> F: 0.4565692184524288
Punto[1.         0.50689742 0.54123033] -> F: 0.45548306215504214
Punto[1.         0.505693   0.54255399] -> F: 0.45439972588883953
Punto[1.         0.50448858 0.54387764] -> F: 0.453319209653821
Punto[1.         0.50328416 0.5452013 ] -> F: 0.45224151344998637
Punto[1.         0.50207974 0.54652496] -> F: 0.4511666372773357
Punto[1.         0.50087532 0.54784862] -> F: 0.4500945811358691
Punto[1.         0.4996709  0.54917228] -> F: 0.4490253450255865
Punto[1.         0.49846648 0.55049593] -> F: 0.44795892894648776
Punto[1.         0.49726206 0.55181959] -> F: 0.4468953328985732
Punto[1.         0.49605764 0.55314325] -> F: 0.4458345568818424
Punto[1.         0.49485322 0.55446691] -> F: 0.4447766008962957
Punto[1.         0.4936488  0.55579056] -> F: 0.44372146494193304
Punto[1.         0.49244438 0.55711422] -> F: 0.4426691490187542
Punto[1.         0.49123996 0.55843788] -> F: 0.44161965312675955
Punto[1.         0.49003554 0.55976154] -> F: 0.4405729772659487
Punto[1.         0.48883112 0.56108519] -> F: 0.4395291214363219
Punto[1.         0.4876267  0.56240885] -> F: 0.43848808563787917
Punto[1.         0.48642228 0.56373251] -> F: 0.43744986987062034
Punto[1.         0.48521786 0.56505617] -> F: 0.4364144741345454
Punto[1.         0.48401344 0.56637983] -> F: 0.43538189842965463
Punto[1.         0.48280902 0.56770348] -> F: 0.43435214275594786
Punto[1.         0.4816046  0.56902714] -> F: 0.4333252071134249
{
  "seed": 15614,
  "n_per_z": 10,
  "nz": 100,
  "nd": 100,
  "n_muestras": 50,
  "best_f": 0.46094204395381483,
  "best_cp": [
    1.0,
    0.5129195146060651,
    0.5346120407093271
  ],
  "best_u": [
    -0.4257792915650727,
    -0.6971812263468518,
    0.5767584698154372
  ],
  "best_index": 27,
  "n_candidatos": 54
}
