Punto[0.         0.51458988 0.60068591] -> F: 0.1579720943940256
Punto[1.         0.45736713 0.59111054] -> F: 0.3947520689879864
Punto[2.         0.28326834 0.54278604] -> F: 0.08287518177012486
Punto[1.         0.39892911 0.57173598] -> F: 0.3687817043825886
Punto[1.         0.45619837 0.59072305] -> F: 0.3961282266132209
Punto[1.         0.45505299 0.59034331] -> F: 0.3963973597169315
Punto[1.         0.4539076  0.58996356] -> F: 0.3962689203155977
Punto[1.         0.45276222 0.58958382] -> F: 0.39614048664111373
Punto[1.         0.45161683 0.58920408] -> F: 0.39598764269198616
Punto[1.         0.45047145 0.58882434] -> F: 0.39582772627931284
Punto[1.         0.44932606 0.5884446 ] -> F: 0.3956678195285465
Punto[1.         0.44818068 0.58806486] -> F: 0.39550792243968763
Punto[1.         0.44703529 0.58768512] -> F: 0.3953480350127357
Punto[1.         0.44588991 0.58730537] -> F: 0.3951881572476911
Punto[1.         0.44474452 0.58692563] -> F: 0.39499576385889573
Punto[1.         0.44359914 0.58654589] -> F: 0.39480088858888446
Punto[1.         0.44245375 0.58616615] -> F: 0.3946067893875633
Punto[1.         0.44130836 0.58578641] -> F: 0.3944134662549322
Punto[1.         0.44016298 0.58540667] -> F: 0.3942209191909913
Punto[1.         0.43901759 0.58502693] -> F: 0.3940291481957407
Punto[1.         0.43787221 0.58464718] -> F: 0.3938381532691801
Punto[1.         0.43672682 0.58426744] -> F: 0.3936475871294534
Punto[1.         0.43558144 0.5838877 ] -> F: 0.3934465554431362
Punto[1.         0.43443605 0.58350796] -> F: 0.393213234131376
Punto[1.         0.43329067 0.58312822] -> F: 0.39298063907393466
Punto[1.         0.43214528 0.58274848] -> F: 0.392748770270812
Punto[1.         0.4309999  0.58236874] -> F: 0.3925176277220082
Punto[1.         0.42985451 0.58198899] -> F: 0.3920183496612477
Punto[1.         0.42870913 0.58160925] -> F: 0.3911560341818832
Punto[1.         0.42756374 0.58122951] -> F: 0.3902951862242885
Punto[1.         0.42641836 0.58084977] -> F: 0.3894358057884634
Punto[1.         0.42527297 0.58047003] -> F: 0.38857789287440797
Punto[1.         0.42412758 0.58009029] -> F: 0.3877214474821223
Punto[1.         0.4229822  0.57971055] -> F: 0.38686646961160615
Punto[1.         0.42183681 0.5793308 ] -> F: 0.38601295926285983
Punto[1.         0.42069143 0.57895106] -> F: 0.3851609164358831
Punto[1.         0.41954604 0.57857132] -> F: 0.38431034113067597
Punto[1.         0.41840066 0.57819158] -> F: 0.3834612333472387
Punto[1.         0.41725527 0.57781184] -> F: 0.38261359308557086
Punto[1.         0.41610989 0.5774321 ] -> F: 0.38175942290212916
Punto[1.         0.4149645  0.57705236] -> F: 0.3808878700033841
Punto[1.         0.41381912 0.57667261] -> F: 0.3800178795325641
Punto[1.         0.41267373 0.57629287] -> F: 0.3791494514896693
Punto[1.         0.41152835 0.57591313] -> F: 0.37828258587469943
Punto[1.         0.41038296 0.57553339] -> F: 0.3774172826876548
Punto[1.         0.40923757 0.57515365] -> F: 0.37655354192853513
Punto[1.         0.40809219 0.57477391] -> F: 0.3756913635973407
Punto[1.         0.4069468  0.57439417] -> F: 0.3748307476940712
Punto[1.         0.40580142 0.57401442] -> F: 0.3739716942187269
Punto[1.         0.40465603 0.57363468] -> F: 0.37311420317130756
Punto[1.         0.40351065 0.57325494] -> F: 0.37225827455181354
Punto[1.         0.40236526 0.5728752 ] -> F: 0.3714039083602444
Punto[1.         0.40121988 0.57249546] -> F: 0.37053696004872677
Punto[1.         0.40007449 0.57211572] -> F: 0.36965850014447466
Best centerpoint:  [1.         0.45505299 0.59034331] Best F:  0.3963973597169315 Best u:  [ 0.24868989 -0.41240265  0.87640025] índice:  2
{
  "seed": 2672,
  "n_per_z": 5,
  "nz": 100,
  "nd": 100,
  "n_muestras": 50,
  "best_f": 0.3963973597169315,
  "best_cp": [
    1.0,
    0.4550529890775489,
    0.5903433063951901
  ],
  "best_u": [
    0.24868988716485474,
    -0.41240265216720723,
    0.8764002467522388
  ],
  "n_candidatos": 54
}
