Punto[0.         0.5840765  0.41781196] -> F: 0.1387648653292536
Punto[1.         0.54194348 0.52194066] -> F: 0.45122756210022846
Punto[2.         0.56824434 0.58901752] -> F: 0.14275180750260053
Punto[1.         0.57616042 0.50341474] -> F: 0.4592393455245328
Punto[1.         0.54262782 0.52157014] -> F: 0.4520149751614924
Punto[1.         0.54329847 0.52120703] -> F: 0.45279724569284513
Punto[1.         0.54396912 0.52084392] -> F: 0.45359001482691297
Punto[1.         0.54463978 0.52048081] -> F: 0.4543932825636959
Punto[1.         0.54531043 0.52011771] -> F: 0.45518031948150117
Punto[1.         0.54598108 0.5197546 ] -> F: 0.4559388236777947
Punto[1.         0.54665173 0.51939149] -> F: 0.45670178145092244
Punto[1.         0.54732238 0.51902838] -> F: 0.4574691928008844
Punto[1.         0.54799304 0.51866527] -> F: 0.45824105772768053
Punto[1.         0.54866369 0.51830217] -> F: 0.45901737623131106
Punto[1.         0.54933434 0.51793906] -> F: 0.45979814831177573
Punto[1.         0.55000499 0.51757595] -> F: 0.4605833739690748
Punto[1.         0.55067564 0.51721284] -> F: 0.46137305320320804
Punto[1.         0.5513463  0.51684973] -> F: 0.4621671860141755
Punto[1.         0.55201695 0.51648663] -> F: 0.4629657724019774
Punto[1.         0.5526876  0.51612352] -> F: 0.46328212832441235
Punto[1.         0.55335825 0.51576041] -> F: 0.4634737456098222
Punto[1.        0.5540289 0.5153973] -> F: 0.4636654311569196
Punto[1.         0.55469956 0.51503419] -> F: 0.46385718496570444
Punto[1.         0.55537021 0.51467109] -> F: 0.4640490070361767
Punto[1.         0.55604086 0.51430798] -> F: 0.4642346154391525
Punto[1.         0.55671151 0.51394487] -> F: 0.4643978136404634
Punto[1.         0.55738216 0.51358176] -> F: 0.46456106174904616
Punto[1.         0.55805282 0.51321866] -> F: 0.4647243597649009
Punto[1.         0.55872347 0.51285555] -> F: 0.4648877076880279
Punto[1.         0.55939412 0.51249244] -> F: 0.4650511055184268
Punto[1.         0.56006477 0.51212933] -> F: 0.4651983963859363
Punto[1.         0.56073542 0.51176622] -> F: 0.4653341905756398
Punto[1.         0.56140607 0.51140312] -> F: 0.4654700199306031
Punto[1.         0.56207673 0.51104001] -> F: 0.46560588445082646
Punto[1.         0.56274738 0.5106769 ] -> F: 0.4657417841363098
Punto[1.         0.56341803 0.51031379] -> F: 0.4658732879618731
Punto[1.         0.56408868 0.50995068] -> F: 0.4659823669516061
Punto[1.         0.56475933 0.50958758] -> F: 0.46609146928498596
Punto[1.         0.56542999 0.50922447] -> F: 0.4662005949620131
Punto[1.         0.56610064 0.50886136] -> F: 0.46630974398268726
Punto[1.         0.56677129 0.50849825] -> F: 0.46641891634700855
Punto[1.         0.56744194 0.50813514] -> F: 0.4665080213022813
Punto[1.         0.56811259 0.50777204] -> F: 0.46659092448460027
Punto[1.         0.56878325 0.50740893] -> F: 0.46601982473775344
Punto[1.         0.5694539  0.50704582] -> F: 0.46540921033512483
Punto[1.         0.57012455 0.50668271] -> F: 0.46480807052603185
Punto[1.        0.5707952 0.5063196] -> F: 0.46421640531047476
Punto[1.         0.57146585 0.5059565 ] -> F: 0.46363421468845323
Punto[1.         0.57213651 0.50559339] -> F: 0.46306149865996743
Punto[1.         0.57280716 0.50523028] -> F: 0.4624608244800738
Punto[1.         0.57347781 0.50486717] -> F: 0.461863528983023
Punto[1.         0.57414846 0.50450407] -> F: 0.4612572463526204
Punto[1.         0.57481911 0.50414096] -> F: 0.4605833555152602
Punto[1.         0.57548977 0.50377785] -> F: 0.4599107219058979
{
  "seed": 12433,
  "n_per_z": 10,
  "nz": 100,
  "nd": 100,
  "n_muestras": 50,
  "best_f": 0.46659092448460027,
  "best_cp": [
    1.0,
    0.5681125947167603,
    0.507772036513997
  ],
  "best_u": [
    -0.2181432413965427,
    -0.5485465900530447,
    -0.8071617959084699
  ],
  "best_index": 42,
  "n_candidatos": 54
}
