Punto[0.         0.43695166 0.32540208] -> F: 0.0885701513366215
Punto[1.         0.52063106 0.37425216] -> F: 0.3978886470205207
Punto[2.         0.5902252  0.46862593] -> F: 0.15920592857530597
Punto[1.         0.51358843 0.39701401] -> F: 0.38364735107755726
Punto[1.         0.52049021 0.37470739] -> F: 0.39824197744383066
Punto[1.         0.52035218 0.37515353] -> F: 0.39858850196171997
Punto[1.         0.52021414 0.37559966] -> F: 0.39828470829507084
Punto[1.         0.5200761  0.37604579] -> F: 0.3979796926962826
Punto[1.         0.51993807 0.37649192] -> F: 0.39767489350634094
Punto[1.         0.51980003 0.37693805] -> F: 0.39737031072524565
Punto[1.         0.519662   0.37738419] -> F: 0.39706594435299675
Punto[1.         0.51952396 0.37783032] -> F: 0.39676179438959447
Punto[1.         0.51938593 0.37827645] -> F: 0.39645786083503853
Punto[1.         0.51924789 0.37872258] -> F: 0.39615414368932894
Punto[1.         0.51910985 0.37916872] -> F: 0.3958506429524659
Punto[1.         0.51897182 0.37961485] -> F: 0.39554735862444934
Punto[1.         0.51883378 0.38006098] -> F: 0.3952442907052791
Punto[1.         0.51869575 0.38050711] -> F: 0.39494143919495545
Punto[1.         0.51855771 0.38095324] -> F: 0.3946388040934782
Punto[1.         0.51841968 0.38139938] -> F: 0.3943363854008473
Punto[1.         0.51828164 0.38184551] -> F: 0.3940341831170629
Punto[1.         0.51814361 0.38229164] -> F: 0.39373219724212494
Punto[1.         0.51800557 0.38273777] -> F: 0.3934304277760334
Punto[1.         0.51786753 0.38318391] -> F: 0.39312887471878827
Punto[1.         0.5177295  0.38363004] -> F: 0.3928275380703897
Punto[1.         0.51759146 0.38407617] -> F: 0.39252641783083747
Punto[1.         0.51745343 0.3845223 ] -> F: 0.39222551400013195
Punto[1.         0.51731539 0.38496843] -> F: 0.3919248265782725
Punto[1.         0.51717736 0.38541457] -> F: 0.3916210271072093
Punto[1.         0.51703932 0.3858607 ] -> F: 0.39131147185732845
Punto[1.         0.51690128 0.38630683] -> F: 0.3910021466396546
Punto[1.         0.51676325 0.38675296] -> F: 0.39069305145418776
Punto[1.         0.51662521 0.3871991 ] -> F: 0.3903841863009275
Punto[1.         0.51648718 0.38764523] -> F: 0.3900755511798745
Punto[1.         0.51634914 0.38809136] -> F: 0.3897671460910283
Punto[1.         0.51621111 0.38853749] -> F: 0.38945897103438903
Punto[1.         0.51607307 0.38898362] -> F: 0.38915102600995666
Punto[1.         0.51593504 0.38942976] -> F: 0.38884331101773123
Punto[1.         0.515797   0.38987589] -> F: 0.3885358260577126
Punto[1.         0.51565896 0.39032202] -> F: 0.38822857112990117
Punto[1.         0.51552093 0.39076815] -> F: 0.3879215462342964
Punto[1.         0.51538289 0.39121429] -> F: 0.3876147513708986
Punto[1.         0.51524486 0.39166042] -> F: 0.38730818653970767
Punto[1.         0.51510682 0.39210655] -> F: 0.3870018517407238
Punto[1.         0.51496879 0.39255268] -> F: 0.3866957469739468
Punto[1.         0.51483075 0.39299882] -> F: 0.3863898722393767
Punto[1.         0.51469271 0.39344495] -> F: 0.3860842275370135
Punto[1.         0.51455468 0.39389108] -> F: 0.38577881286685733
Punto[1.         0.51441664 0.39433721] -> F: 0.38547362822890807
Punto[1.         0.51427861 0.39478334] -> F: 0.3851686736231656
Punto[1.         0.51414057 0.39522948] -> F: 0.38486394904963006
Punto[1.         0.51400254 0.39567561] -> F: 0.3845594545083015
Punto[1.         0.5138645  0.39612174] -> F: 0.38425518999917985
Punto[1.         0.51372647 0.39656787] -> F: 0.3839511555222651
Best centerpoint:  [1.         0.52035218 0.37515353] Best F:  0.39858850196171997 Best u:  [-0.99802673  0.03848475 -0.04961424] índice:  2
{
  "seed": 8514,
  "n_per_z": 5,
  "nz": 100,
  "nd": 100,
  "n_muestras": 50,
  "best_f": 0.39858850196171997,
  "best_cp": [
    1.0,
    0.5203521753883484,
    0.3751535251065142
  ],
  "best_u": [
    -0.9980267284282716,
    0.03848475232205115,
    -0.049614243735760635
  ],
  "n_candidatos": 54
}
