Punto[0.         0.49397871 0.59014615] -> F: 0.10890076595225573
Punto[1.         0.52614897 0.63437442] -> F: 0.3805773272546029
Punto[2.         0.43609363 0.57638296] -> F: 0.11714766924410089
Punto[1.         0.46503617 0.58326455] -> F: 0.40950706434496414
Punto[1.         0.52492672 0.63335222] -> F: 0.38333878853136416
Punto[1.         0.52372891 0.63235047] -> F: 0.38605488763554724
Punto[1.         0.5225311  0.63134871] -> F: 0.3887807541254859
Punto[1.         0.52133328 0.63034696] -> F: 0.39151638800118
Punto[1.         0.52013547 0.62934521] -> F: 0.39426178926262995
Punto[1.         0.51893766 0.62834345] -> F: 0.3970169579098351
Punto[1.         0.51773985 0.6273417 ] -> F: 0.3997818939427958
Punto[1.         0.51654204 0.62633995] -> F: 0.40252290727342505
Punto[1.         0.51534423 0.62533819] -> F: 0.4052547365241333
Punto[1.         0.51414642 0.62433644] -> F: 0.4079962050007962
Punto[1.         0.51294861 0.62333469] -> F: 0.410747312703414
Punto[1.         0.5117508  0.62233293] -> F: 0.4135080596319867
Punto[1.         0.51055299 0.62133118] -> F: 0.4162784457865137
Punto[1.         0.50935517 0.62032943] -> F: 0.41905847116699535
Punto[1.         0.50815736 0.61932767] -> F: 0.42184813577343205
Punto[1.         0.50695955 0.61832592] -> F: 0.4246474396058236
Punto[1.         0.50576174 0.61732417] -> F: 0.4274563826641697
Punto[1.         0.50456393 0.61632241] -> F: 0.43027496494847045
Punto[1.         0.50336612 0.61532066] -> F: 0.4331031864587259
Punto[1.         0.50216831 0.61431891] -> F: 0.43594104719493637
Punto[1.         0.5009705  0.61331715] -> F: 0.4387885471571015
Punto[1.         0.49977269 0.6123154 ] -> F: 0.44164568634522117
Punto[1.         0.49857488 0.61131365] -> F: 0.4445124647592958
Punto[1.         0.49737706 0.61031189] -> F: 0.4473888823993247
Punto[1.         0.49617925 0.60931014] -> F: 0.45026728347429323
Punto[1.         0.49498144 0.60830839] -> F: 0.4531369151669502
Punto[1.         0.49378363 0.60730663] -> F: 0.45419660636172465
Punto[1.         0.49258582 0.60630488] -> F: 0.4531430646627959
Punto[1.         0.49138801 0.60530313] -> F: 0.4520906341451255
Punto[1.         0.4901902  0.60430137] -> F: 0.4509942080846125
Punto[1.         0.48899239 0.60329962] -> F: 0.44987941180685714
Punto[1.         0.48779458 0.60229787] -> F: 0.4487599628722315
Punto[1.         0.48659677 0.60129611] -> F: 0.4475830222430626
Punto[1.         0.48539896 0.60029436] -> F: 0.4464074811442147
Punto[1.         0.48420114 0.59929261] -> F: 0.44520071430117436
Punto[1.         0.48300333 0.59829085] -> F: 0.4439632718702338
Punto[1.         0.48180552 0.5972891 ] -> F: 0.44261174242911383
Punto[1.         0.48060771 0.59628735] -> F: 0.44093683263798134
Punto[1.         0.4794099  0.59528559] -> F: 0.439299698422795
Punto[1.         0.47821209 0.59428384] -> F: 0.43687268024335724
Punto[1.         0.47701428 0.59328209] -> F: 0.4343366929720299
Punto[1.         0.47581647 0.59228033] -> F: 0.43183694785364657
Punto[1.         0.47461866 0.59127858] -> F: 0.4293734448882075
Punto[1.         0.47342085 0.59027683] -> F: 0.42672265045472846
Punto[1.         0.47222303 0.58927507] -> F: 0.42411196847239596
Punto[1.         0.47102522 0.58827332] -> F: 0.421577033718963
Punto[1.         0.46982741 0.58727157] -> F: 0.41911784619442904
Punto[1.         0.4686296  0.58626981] -> F: 0.41673440589879435
Punto[1.         0.46743179 0.58526806] -> F: 0.4144267128320587
Punto[1.         0.46623398 0.58426631] -> F: 0.4120061394677875
Best centerpoint:  [1.         0.49378363 0.60730663] Best F:  0.45419660636172465 Best u:  [-0.15643447 -0.90645554  0.39225834] índice:  27
{
  "seed": 19785,
  "n_per_z": 5,
  "nz": 100,
  "nd": 100,
  "n_muestras": 50,
  "best_f": 0.45419660636172465,
  "best_cp": [
    1.0,
    0.49378363205482295,
    0.6073066331441666
  ],
  "best_u": [
    -0.1564344650402308,
    -0.906455543315323,
    0.39225834107192614
  ],
  "n_candidatos": 54
}
