Punto[0.         0.46165654 0.40115047] -> F: 0.09953957871157422
Punto[1.         0.55320158 0.50946802] -> F: 0.3677670638253198
Punto[2.         0.51721739 0.46723793] -> F: 0.15017206267821523
Punto[1.         0.48943697 0.4341942 ] -> F: 0.39135144590123006
Punto[1.         0.55192629 0.50796254] -> F: 0.37126980985673785
Punto[1.         0.5506765  0.50648718] -> F: 0.3747286307674951
Punto[1.         0.54942672 0.50501181] -> F: 0.37821331754084625
Punto[1.         0.54817693 0.50353644] -> F: 0.38171950532082466
Punto[1.         0.54692714 0.50206108] -> F: 0.3852329453600341
Punto[1.         0.54567736 0.50058571] -> F: 0.3887171260406422
Punto[1.         0.54442757 0.49911034] -> F: 0.39222428705437434
Punto[1.         0.54317778 0.49763498] -> F: 0.3957545703031563
Punto[1.         0.541928   0.49615961] -> F: 0.39930797578698773
Punto[1.         0.54067821 0.49468424] -> F: 0.4028845035058689
Punto[1.         0.53942843 0.49320888] -> F: 0.4064427024805228
Punto[1.         0.53817864 0.49173351] -> F: 0.40999918148147635
Punto[1.         0.53692885 0.49025814] -> F: 0.4135618089055361
Punto[1.         0.53567907 0.48878277] -> F: 0.4171305847527021
Punto[1.         0.53442928 0.48730741] -> F: 0.4207055090229745
Punto[1.         0.53317949 0.48583204] -> F: 0.4242402338207611
Punto[1.         0.53192971 0.48435667] -> F: 0.42775873790643315
Punto[1.         0.53067992 0.48288131] -> F: 0.4294023554341394
Punto[1.         0.52943013 0.48140594] -> F: 0.42831852913912366
Punto[1.         0.52818035 0.47993057] -> F: 0.42720837571949377
Punto[1.         0.52693056 0.47845521] -> F: 0.426090605628611
Punto[1.         0.52568077 0.47697984] -> F: 0.4249524560068955
Punto[1.         0.52443099 0.47550447] -> F: 0.4238152197141896
Punto[1.         0.5231812  0.47402911] -> F: 0.4226792806972674
Punto[1.         0.52193141 0.47255374] -> F: 0.4215254237837087
Punto[1.         0.52068163 0.47107837] -> F: 0.42037320847021203
Punto[1.         0.51943184 0.46960301] -> F: 0.419223230513966
Punto[1.         0.51818206 0.46812764] -> F: 0.41807548991497034
Punto[1.         0.51693227 0.46665227] -> F: 0.4169299866732254
Punto[1.         0.51568248 0.46517691] -> F: 0.4157867207887309
Punto[1.         0.5144327  0.46370154] -> F: 0.41463083302879883
Punto[1.         0.51318291 0.46222617] -> F: 0.41347120810133303
Punto[1.         0.51193312 0.46075081] -> F: 0.41231390334560536
Punto[1.         0.51068334 0.45927544] -> F: 0.41115891876161564
Punto[1.         0.50943355 0.45780007] -> F: 0.4100062543493637
Punto[1.         0.50818376 0.4563247 ] -> F: 0.40885591010885
Punto[1.         0.50693398 0.45484934] -> F: 0.4076968507056706
Punto[1.         0.50568419 0.45337397] -> F: 0.4065299911019013
Punto[1.        0.5044344 0.4518986] -> F: 0.40536553833004907
Punto[1.         0.50318462 0.45042324] -> F: 0.4042034923901139
Punto[1.         0.50193483 0.44894787] -> F: 0.4030438532820959
Punto[1.         0.50068504 0.4474725 ] -> F: 0.4018866210059949
Punto[1.         0.49943526 0.44599714] -> F: 0.4007234685957238
Punto[1.         0.49818547 0.44452177] -> F: 0.3995495164204153
Punto[1.         0.49693569 0.4430464 ] -> F: 0.39837806203623743
Punto[1.         0.4956859  0.44157104] -> F: 0.3972091054431905
Punto[1.         0.49443611 0.44009567] -> F: 0.3960426466412744
Punto[1.         0.49318633 0.4386203 ] -> F: 0.39487868563048917
Punto[1.         0.49193654 0.43714494] -> F: 0.3937107277113721
Punto[1.         0.49068675 0.43566957] -> F: 0.39252979002308164
{
  "seed": 2579,
  "n_per_z": 10,
  "nz": 100,
  "nd": 100,
  "n_muestras": 50,
  "best_f": 0.4294023554341394,
  "best_cp": [
    1.0,
    0.5306799198729972,
    0.48288130759195513
  ],
  "best_u": [
    -0.9995065603657316,
    -0.028827369440197342,
    -0.012474716711115937
  ],
  "best_index": 21,
  "n_candidatos": 54
}
