Punto[0.         0.53483025 0.60560528] -> F: 0.10211172398351388
Punto[1.         0.55820896 0.53539575] -> F: 0.43473555490277954
Punto[2.         0.59614527 0.52664959] -> F: 0.1469891117679409
Punto[1.         0.56548776 0.56612743] -> F: 0.40410512295713247
Punto[1.         0.55835454 0.53601038] -> F: 0.4341182831392291
Punto[1.         0.5584972  0.53661272] -> F: 0.43351400825258424
Punto[1.         0.55863987 0.53721506] -> F: 0.43291037822735534
Punto[1.         0.55878253 0.5378174 ] -> F: 0.4323073930635426
Punto[1.         0.5589252  0.53841975] -> F: 0.43170505276114574
Punto[1.         0.55906786 0.53902209] -> F: 0.43110335732016475
Punto[1.         0.55921052 0.53962443] -> F: 0.43050230674059997
Punto[1.         0.55935319 0.54022677] -> F: 0.4299019010224512
Punto[1.         0.55949585 0.54082911] -> F: 0.4293021401657182
Punto[1.         0.55963852 0.54143145] -> F: 0.4287030241704015
Punto[1.         0.55978118 0.54203379] -> F: 0.4281045530365007
Punto[1.         0.55992385 0.54263613] -> F: 0.42750672676401597
Punto[1.         0.56006651 0.54323847] -> F: 0.42690473479098345
Punto[1.         0.56020918 0.54384081] -> F: 0.426293504750857
Punto[1.         0.56035184 0.54444316] -> F: 0.4256829517608202
Punto[1.        0.5604945 0.5450455] -> F: 0.42507307582087306
Punto[1.         0.56063717 0.54564784] -> F: 0.4244638769310153
Punto[1.         0.56077983 0.54625018] -> F: 0.4238553550912471
Punto[1.         0.5609225  0.54685252] -> F: 0.4232475103015686
Punto[1.         0.56106516 0.54745486] -> F: 0.42264034256197963
Punto[1.         0.56120783 0.5480572 ] -> F: 0.42203385187248016
Punto[1.         0.56135049 0.54865954] -> F: 0.42142803823306996
Punto[1.         0.56149316 0.54926188] -> F: 0.4208229016437497
Punto[1.         0.56163582 0.54986423] -> F: 0.4202184421045186
Punto[1.         0.56177848 0.55046657] -> F: 0.41961465961537725
Punto[1.         0.56192115 0.55106891] -> F: 0.41901155417632535
Punto[1.         0.56206381 0.55167125] -> F: 0.4184091257873633
Punto[1.         0.56220648 0.55227359] -> F: 0.41780737444849037
Punto[1.         0.56234914 0.55287593] -> F: 0.41720630015970717
Punto[1.         0.56249181 0.55347827] -> F: 0.41660590292101346
Punto[1.         0.56263447 0.55408061] -> F: 0.4160061827324095
Punto[1.         0.56277714 0.55468295] -> F: 0.4154071395938947
Punto[1.         0.5629198  0.55528529] -> F: 0.41480877350546974
Punto[1.         0.56306246 0.55588764] -> F: 0.4142110844671342
Punto[1.         0.56320513 0.55648998] -> F: 0.41361407247888826
Punto[1.         0.56334779 0.55709232] -> F: 0.4130177375407318
Punto[1.         0.56349046 0.55769466] -> F: 0.41242207965266486
Punto[1.         0.56363312 0.558297  ] -> F: 0.4118270988146877
Punto[1.         0.56377579 0.55889934] -> F: 0.4112327950267998
Punto[1.         0.56391845 0.55950168] -> F: 0.4106391682890015
Punto[1.         0.56406111 0.56010402] -> F: 0.41004621860129264
Punto[1.         0.56420378 0.56070636] -> F: 0.4094539459636735
Punto[1.         0.56434644 0.56130871] -> F: 0.4088623503761438
Punto[1.         0.56448911 0.56191105] -> F: 0.4082714318387038
Punto[1.         0.56463177 0.56251339] -> F: 0.40768119035135303
Punto[1.         0.56477444 0.56311573] -> F: 0.4070916259140923
Punto[1.         0.5649171  0.56371807] -> F: 0.40650273852692065
Punto[1.         0.56505977 0.56432041] -> F: 0.40590959070757354
Punto[1.         0.56520243 0.56492275] -> F: 0.4053073901471719
Punto[1.         0.56534509 0.56552509] -> F: 0.40470590089702496
Best centerpoint:  [1.         0.55820896 0.53539575] Best F:  0.43473555490277954 Best u:  [-0.30901699  0.76942088  0.55901699] índice:  1
{
  "seed": 3490,
  "n_per_z": 5,
  "nz": 100,
  "nd": 100,
  "n_muestras": 50,
  "best_f": 0.43473555490277954,
  "best_cp": [
    1.0,
    0.5582089625738248,
    0.5353957473897342
  ],
  "best_u": [
    -0.3090169943749471,
    0.7694208842938134,
    0.5590169943749475
  ],
  "n_candidatos": 54
}
