Punto[0.         0.45006757 0.46997484] -> F: 0.15927531441592913
Punto[1.         0.48300745 0.54049382] -> F: 0.4644406679922368
Punto[2.         0.52843309 0.61335404] -> F: 0.13535286726568777
Punto[1.         0.48925033 0.54166444] -> F: 0.4620238200260341
Punto[1.         0.48313231 0.54051723] -> F: 0.46453548162681496
Punto[1.         0.48325467 0.54054017] -> F: 0.46462840316733606
Punto[1.         0.48337703 0.54056312] -> F: 0.4647213288442834
Punto[1.         0.48349939 0.54058606] -> F: 0.46481425865765674
Punto[1.         0.48362175 0.540609  ] -> F: 0.4649071926074561
Punto[1.         0.48374411 0.54063195] -> F: 0.46500013069368185
Punto[1.         0.48386647 0.54065489] -> F: 0.46509307291633345
Punto[1.         0.48398883 0.54067784] -> F: 0.4651860192754112
Punto[1.         0.48411119 0.54070078] -> F: 0.46527896977091515
Punto[1.         0.48423355 0.54072373] -> F: 0.46524542212822056
Punto[1.         0.48435591 0.54074667] -> F: 0.46515111704034057
Punto[1.         0.48447827 0.54076961] -> F: 0.4650576317122213
Punto[1.         0.48460063 0.54079256] -> F: 0.46496496614386257
Punto[1.         0.48472299 0.5408155 ] -> F: 0.4648731203352647
Punto[1.         0.48484535 0.54083845] -> F: 0.4647820942864273
Punto[1.         0.48496771 0.54086139] -> F: 0.4646918879973505
Punto[1.         0.48509007 0.54088433] -> F: 0.4646025014680342
Punto[1.         0.48521243 0.54090728] -> F: 0.46451393469847874
Punto[1.         0.48533479 0.54093022] -> F: 0.464426187688684
Punto[1.         0.48545715 0.54095317] -> F: 0.46433926043864976
Punto[1.         0.48557952 0.54097611] -> F: 0.464253152948376
Punto[1.         0.48570188 0.54099906] -> F: 0.46416786521786296
Punto[1.         0.48582424 0.541022  ] -> F: 0.4640833972471107
Punto[1.         0.4859466  0.54104494] -> F: 0.4639997490361188
Punto[1.         0.48606896 0.54106789] -> F: 0.4639169205848878
Punto[1.         0.48619132 0.54109083] -> F: 0.46383491189341725
Punto[1.         0.48631368 0.54111378] -> F: 0.46375372296170736
Punto[1.         0.48643604 0.54113672] -> F: 0.4636733537897581
Punto[1.         0.4865584  0.54115967] -> F: 0.4635938043775694
Punto[1.         0.48668076 0.54118261] -> F: 0.4635150747251415
Punto[1.         0.48680312 0.54120555] -> F: 0.4634371648324742
Punto[1.         0.48692548 0.5412285 ] -> F: 0.46336007469956736
Punto[1.         0.48704784 0.54125144] -> F: 0.4632838043264213
Punto[1.         0.4871702  0.54127439] -> F: 0.46320835371303576
Punto[1.         0.48729256 0.54129733] -> F: 0.46313372285941096
Punto[1.         0.48741492 0.54132027] -> F: 0.4630599117655468
Punto[1.         0.48753728 0.54134322] -> F: 0.46298692043144307
Punto[1.         0.48765964 0.54136616] -> F: 0.46291474885710016
Punto[1.         0.487782   0.54138911] -> F: 0.4628433970425177
Punto[1.         0.48790436 0.54141205] -> F: 0.4627728649876961
Punto[1.         0.48802673 0.541435  ] -> F: 0.46270315269263484
Punto[1.         0.48814909 0.54145794] -> F: 0.46263426015733444
Punto[1.         0.48827145 0.54148088] -> F: 0.46256618738179456
Punto[1.         0.48839381 0.54150383] -> F: 0.46249893436601525
Punto[1.         0.48851617 0.54152677] -> F: 0.46243229545858416
Punto[1.         0.48863853 0.54154972] -> F: 0.46236568788418847
Punto[1.         0.48876089 0.54157266] -> F: 0.46229907616877736
Punto[1.         0.48888325 0.5415956 ] -> F: 0.46223246031235093
Punto[1.         0.48900561 0.54161855] -> F: 0.462165840314909
Punto[1.         0.48912797 0.54164149] -> F: 0.46209921617645167
{
  "seed": 419,
  "n_per_z": 10,
  "nz": 100,
  "nd": 100,
  "n_muestras": 50,
  "best_f": 0.46527896977091515,
  "best_cp": [
    1.0,
    0.4841111891287329,
    0.5407007815453949
  ],
  "best_u": [
    0.031410759078128396,
    -0.6126046210205816,
    0.7897651185753684
  ],
  "best_index": 12,
  "n_candidatos": 54
}
