Punto[0.         0.46394154 0.48984492] -> F: 0.03146826854620893
Punto[1.         0.49544142 0.48305395] -> F: 0.3671022136145108
Punto[2.         0.59671511 0.72202928] -> F: 0.11252097572078162
Punto[1.         0.53032833 0.6059371 ] -> F: 0.25221260052897254
Punto[1.         0.49613916 0.48551162] -> F: 0.3693042601456173
Punto[1.         0.49682294 0.48792013] -> F: 0.3711710621020141
Punto[1.         0.49750672 0.49032864] -> F: 0.37306202004086636
Punto[1.         0.49819051 0.49273714] -> F: 0.37351335710106354
Punto[1.         0.49887429 0.49514565] -> F: 0.3707399257311902
Punto[1.         0.49955807 0.49755416] -> F: 0.3679786779463157
Punto[1.         0.50024186 0.49996267] -> F: 0.3652296137464405
Punto[1.         0.50092564 0.50237118] -> F: 0.36249273313156416
Punto[1.         0.50160942 0.50477969] -> F: 0.3597680361016869
Punto[1.         0.50229321 0.5071882 ] -> F: 0.3570555226568085
Punto[1.         0.50297699 0.50959671] -> F: 0.35435519279692923
Punto[1.         0.50366077 0.51200522] -> F: 0.35166704652204894
Punto[1.         0.50434456 0.51441373] -> F: 0.34898027828616807
Punto[1.         0.50502834 0.51682224] -> F: 0.3463033012894257
Punto[1.         0.50571212 0.51923075] -> F: 0.3436386296418318
Punto[1.         0.50639591 0.52163926] -> F: 0.34098626334338616
Punto[1.         0.50707969 0.52404777] -> F: 0.3383462023940889
Punto[1.         0.50776347 0.52645628] -> F: 0.33571844679394003
Punto[1.         0.50844726 0.52886479] -> F: 0.3331029965429397
Punto[1.         0.50913104 0.5312733 ] -> F: 0.33049985164108764
Punto[1.         0.50981482 0.53368181] -> F: 0.3279090120883839
Punto[1.         0.51049861 0.53609032] -> F: 0.3253304778848288
Punto[1.         0.51118239 0.53849883] -> F: 0.3227642490304219
Punto[1.         0.51186617 0.54090734] -> F: 0.32021032552516343
Punto[1.         0.51254996 0.54331585] -> F: 0.3176687073690532
Punto[1.         0.51323374 0.54572436] -> F: 0.3151393945620913
Punto[1.         0.51391752 0.54813287] -> F: 0.3126223871042781
Punto[1.         0.51460131 0.55054138] -> F: 0.31011768499561304
Punto[1.         0.51528509 0.55294989] -> F: 0.30762424460919163
Punto[1.         0.51596888 0.5553584 ] -> F: 0.30514075503392857
Punto[1.         0.51665266 0.55776691] -> F: 0.30266721212314646
Punto[1.         0.51733644 0.56017541] -> F: 0.3001915034799334
Punto[1.         0.51802023 0.56258392] -> F: 0.29772401429592565
Punto[1.         0.51870401 0.56499243] -> F: 0.29516840567044594
Punto[1.         0.51938779 0.56740094] -> F: 0.2925550310960196
Punto[1.         0.52007158 0.56980945] -> F: 0.28999028095985857
Punto[1.         0.52075536 0.57221796] -> F: 0.2874741552619625
Punto[1.         0.52143914 0.57462647] -> F: 0.28497621308826093
Punto[1.         0.52212293 0.57703498] -> F: 0.2824647960456101
Punto[1.         0.52280671 0.57944349] -> F: 0.27999736956806986
Punto[1.         0.52349049 0.581852  ] -> F: 0.2775694619885485
Punto[1.         0.52417428 0.58426051] -> F: 0.2751420626767367
Punto[1.         0.52485806 0.58666902] -> F: 0.27247143037001015
Punto[1.         0.52554184 0.58907753] -> F: 0.26986354353294145
Punto[1.         0.52622563 0.59148604] -> F: 0.2672280602618582
Punto[1.         0.52690941 0.59389455] -> F: 0.264617395618815
Punto[1.         0.52759319 0.59630306] -> F: 0.2620613595447209
Punto[1.         0.52827698 0.59871157] -> F: 0.25955995203957555
Punto[1.         0.52896076 0.60112008] -> F: 0.2571131731033792
Punto[1.         0.52964454 0.60352859] -> F: 0.25466558358484676
Best centerpoint:  [1.         0.49819051 0.49273714] Best F:  0.37351335710106354 Best u:  [-0.50904142  0.36648613  0.77882267] índice:  4
{
  "seed": 4579,
  "n_per_z": 5,
  "nz": 100,
  "nd": 100,
  "n_muestras": 50,
  "best_f": 0.37351335710106354,
  "best_cp": [
    1.0,
    0.498190505735603,
    0.49273714471227714
  ],
  "best_u": [
    -0.5090414157503713,
    0.36648613047802375,
    0.7788226712276054
  ],
  "n_candidatos": 54
}
