Punto[0.         0.37979238 0.63853765] -> F: 0.1025443047373522
Punto[1.        0.4927115 0.4335233] -> F: 0.27276886021761043
Punto[2.         0.57758407 0.42396503] -> F: 0.12226480368514887
Punto[1.         0.47868823 0.53125134] -> F: 0.3618172598075029
Punto[1.         0.49243104 0.43547786] -> F: 0.27888794238914477
Punto[1.         0.49215618 0.43739333] -> F: 0.28492990301677934
Punto[1.         0.49188132 0.4393088 ] -> F: 0.2904432199185716
Punto[1.         0.49160647 0.44122427] -> F: 0.2961093099231402
Punto[1.         0.49133161 0.44313974] -> F: 0.30061102717691995
Punto[1.         0.49105675 0.44505521] -> F: 0.3048547526415265
Punto[1.         0.4907819  0.44697068] -> F: 0.3090170204823445
Punto[1.         0.49050704 0.44888615] -> F: 0.3133376611132012
Punto[1.         0.49023219 0.45080162] -> F: 0.31781667453409723
Punto[1.         0.48995733 0.45271709] -> F: 0.32245406074503186
Punto[1.         0.48968247 0.45463256] -> F: 0.3272498197460057
Punto[1.         0.48940762 0.45654803] -> F: 0.3321021620940871
Punto[1.         0.48913276 0.4584635 ] -> F: 0.3367491944554502
Punto[1.         0.48885791 0.46037897] -> F: 0.3419010449213247
Punto[1.         0.48858305 0.46229444] -> F: 0.3475577134917102
Punto[1.         0.48830819 0.46420991] -> F: 0.35360420660145875
Punto[1.         0.48803334 0.46612538] -> F: 0.3593502023426661
Punto[1.         0.48775848 0.46804084] -> F: 0.3652545708739127
Punto[1.         0.48748362 0.46995631] -> F: 0.37131731219519803
Punto[1.         0.48720877 0.47187178] -> F: 0.3772295460700168
Punto[1.         0.48693391 0.47378725] -> F: 0.3831451334592608
Punto[1.         0.48665906 0.47570272] -> F: 0.3891605796879229
Punto[1.         0.4863842  0.47761819] -> F: 0.39527588475600334
Punto[1.         0.48610934 0.47953366] -> F: 0.40121651851718615
Punto[1.         0.48583449 0.48144913] -> F: 0.40719592591236786
Punto[1.         0.48555963 0.4833646 ] -> F: 0.4110166098721857
Punto[1.         0.48528477 0.48528007] -> F: 0.4091499314308193
Punto[1.         0.48500992 0.48719554] -> F: 0.4072820681308716
Punto[1.         0.48473506 0.48911101] -> F: 0.4053732204216265
Punto[1.         0.48446021 0.49102648] -> F: 0.40347187195608497
Punto[1.         0.48418535 0.49294195] -> F: 0.40157802273424703
Punto[1.         0.48391049 0.49485742] -> F: 0.39966855677647994
Punto[1.         0.48363564 0.49677289] -> F: 0.3977311643771318
Punto[1.         0.48336078 0.49868836] -> F: 0.3958017476055792
Punto[1.         0.48308592 0.50060383] -> F: 0.3938803064618218
Punto[1.         0.48281107 0.5025193 ] -> F: 0.391930468766146
Punto[1.         0.48253621 0.50443477] -> F: 0.38996385276301837
Punto[1.         0.48226136 0.50635024] -> F: 0.3880057347959825
Punto[1.        0.4819865 0.5082657] -> F: 0.38605611486503844
Punto[1.         0.48171164 0.51018117] -> F: 0.3840676775434055
Punto[1.         0.48143679 0.51209664] -> F: 0.3820709455749747
Punto[1.         0.48116193 0.51401211] -> F: 0.38008328805971076
Punto[1.         0.48088707 0.51592758] -> F: 0.3781047049976138
Punto[1.         0.48061222 0.51784305] -> F: 0.37608016921244125
Punto[1.         0.48033736 0.51975852] -> F: 0.3740521700171061
Punto[1.         0.48006251 0.52167399] -> F: 0.3720338856211347
Punto[1.         0.47978765 0.52358946] -> F: 0.3700253160245268
Punto[1.         0.47951279 0.52550493] -> F: 0.36796817571950097
Punto[1.         0.47923794 0.5274204 ] -> F: 0.36590743885939314
Punto[1.         0.47896308 0.52933587] -> F: 0.36385713355539384
Best centerpoint:  [1.         0.48555963 0.4833646 ] Best F:  0.4110166098721857 Best u:  [-0.33873792  0.17630348  0.92421518] índice:  26
{
  "seed": 7108,
  "n_per_z": 5,
  "nz": 100,
  "nd": 100,
  "n_muestras": 50,
  "best_f": 0.4110166098721857,
  "best_cp": [
    1.0,
    0.48555963053680856,
    0.4833646010896143
  ],
  "best_u": [
    -0.33873792024529137,
    0.17630347535507032,
    0.9242151837995406
  ],
  "n_candidatos": 54
}
