Punto[0.         0.55335996 0.52511268] -> F: 0.1232017459589327
Punto[1.         0.51767981 0.51249851] -> F: 0.4225857359510893
Punto[2.         0.53565956 0.42136938] -> F: 0.17538894596101381
Punto[1.         0.54450976 0.47324103] -> F: 0.427280631020621
Punto[1.         0.51821641 0.51171336] -> F: 0.4237192810040417
Punto[1.         0.51874228 0.51094392] -> F: 0.4248313810525563
Punto[1.         0.51926814 0.51017447] -> F: 0.4259446946148978
Punto[1.         0.51979401 0.50940502] -> F: 0.4270592216910663
Punto[1.         0.52031988 0.50863558] -> F: 0.4281749622810616
Punto[1.         0.52084574 0.50786613] -> F: 0.42929191638488384
Punto[1.         0.52137161 0.50709668] -> F: 0.430410084002533
Punto[1.         0.52189748 0.50632724] -> F: 0.43152946513400914
Punto[1.         0.52242335 0.50555779] -> F: 0.43265005977931237
Punto[1.         0.52294921 0.50478834] -> F: 0.43377186793844236
Punto[1.         0.52347508 0.5040189 ] -> F: 0.43489067369272477
Punto[1.         0.52400095 0.50324945] -> F: 0.43601023151451535
Punto[1.         0.52452681 0.50248   ] -> F: 0.437130951601753
Punto[1.         0.52505268 0.50171056] -> F: 0.4382528339544382
Punto[1.         0.52557855 0.50094111] -> F: 0.4393758785725707
Punto[1.         0.52610441 0.50017166] -> F: 0.44050008545615066
Punto[1.         0.52663028 0.49940222] -> F: 0.4414356859026515
Punto[1.         0.52715615 0.49863277] -> F: 0.44103703950185946
Punto[1.         0.52768202 0.49786332] -> F: 0.4406359830024793
Punto[1.         0.52820788 0.49709388] -> F: 0.44023174794941705
Punto[1.         0.52873375 0.49632443] -> F: 0.4398276177551284
Punto[1.         0.52925962 0.49555498] -> F: 0.43942359241961326
Punto[1.         0.52978548 0.49478554] -> F: 0.4390196719428719
Punto[1.         0.53031135 0.49401609] -> F: 0.43861556414344477
Punto[1.         0.53083722 0.49324664] -> F: 0.43820611082816857
Punto[1.         0.53136309 0.4924772 ] -> F: 0.4377967653764346
Punto[1.         0.53188895 0.49170775] -> F: 0.4373875277882428
Punto[1.         0.53241482 0.4909383 ] -> F: 0.4369783980635933
Punto[1.         0.53294069 0.49016886] -> F: 0.4365693762024859
Punto[1.         0.53346655 0.48939941] -> F: 0.4361563262203543
Punto[1.         0.53399242 0.48862996] -> F: 0.4357418184605243
Punto[1.         0.53451829 0.48786052] -> F: 0.4353274215949674
Punto[1.         0.53504415 0.48709107] -> F: 0.43491313562368367
Punto[1.         0.53557002 0.48632162] -> F: 0.43449896054667303
Punto[1.         0.53609589 0.48555218] -> F: 0.4340823706640027
Punto[1.         0.53662176 0.48478273] -> F: 0.43366274202205324
Punto[1.         0.53714762 0.48401328] -> F: 0.43324322733676246
Punto[1.         0.53767349 0.48324384] -> F: 0.4328238266081301
Punto[1.         0.53819936 0.48247439] -> F: 0.4324045398361565
Punto[1.         0.53872522 0.48170494] -> F: 0.4319842383842021
Punto[1.         0.53925109 0.4809355 ] -> F: 0.4315595189797037
Punto[1.         0.53977696 0.48016605] -> F: 0.43113491663185594
Punto[1.         0.54030283 0.4793966 ] -> F: 0.4307104313406588
Punto[1.         0.54082869 0.47862716] -> F: 0.4302860631061122
Punto[1.         0.54135456 0.47785771] -> F: 0.42986181192821626
Punto[1.         0.54188043 0.47708826] -> F: 0.42943214604362984
Punto[1.         0.54240629 0.47631882] -> F: 0.42900247501317834
Punto[1.         0.54293216 0.47554937] -> F: 0.42857292418323295
Punto[1.         0.54345803 0.47477992] -> F: 0.428143493553794
Punto[1.         0.54398389 0.47401048] -> F: 0.42771418312486137
{
  "seed": 18729,
  "n_per_z": 10,
  "nz": 100,
  "nd": 100,
  "n_muestras": 50,
  "best_f": 0.4414356859026515,
  "best_cp": [
    1.0,
    0.5266302820310232,
    0.49940221634472837
  ],
  "best_u": [
    -0.9995065603657316,
    0.0009866357858642186,
    -0.03139525976465669
  ],
  "best_index": 20,
  "n_candidatos": 54
}
