Punto[0.         0.39607804 0.35453538] -> F: 0.11361048940617072
Punto[1.         0.47519106 0.48135496] -> F: 0.409366507955123
Punto[2.         0.43981908 0.55249763] -> F: 0.12045154666512148
Punto[1.         0.41794856 0.45351651] -> F: 0.435324577211406
Punto[1.         0.47404621 0.48079819] -> F: 0.41162413340154586
Punto[1.         0.47292426 0.48025256] -> F: 0.4138528376059094
Punto[1.         0.47180231 0.47970692] -> F: 0.41609760912495175
Punto[1.         0.47068035 0.47916129] -> F: 0.41835844795867305
Punto[1.         0.4695584  0.47861565] -> F: 0.4206353541070733
Punto[1.         0.46843645 0.47807002] -> F: 0.4229283275701522
Punto[1.         0.46731449 0.47752439] -> F: 0.42523736834790987
Punto[1.         0.46619254 0.47697875] -> F: 0.42756246203436105
Punto[1.         0.46507059 0.47643312] -> F: 0.42989519174996843
Punto[1.         0.46394863 0.47588749] -> F: 0.43210782937766307
Punto[1.         0.46282668 0.47534185] -> F: 0.4341012586495245
Punto[1.         0.46170473 0.47479622] -> F: 0.43620030634794277
Punto[1.         0.46058278 0.47425059] -> F: 0.4383361018945188
Punto[1.         0.45946082 0.47370495] -> F: 0.4404821000363051
Punto[1.         0.45833887 0.47315932] -> F: 0.4426383007733021
Punto[1.         0.45721692 0.47261368] -> F: 0.44480470410550926
Punto[1.         0.45609496 0.47206805] -> F: 0.44698131003292657
Punto[1.         0.45497301 0.47152242] -> F: 0.4491681185555543
Punto[1.         0.45385106 0.47097678] -> F: 0.4513651296733925
Punto[1.         0.4527291  0.47043115] -> F: 0.45357234338644103
Punto[1.         0.45160715 0.46988552] -> F: 0.4557897596946998
Punto[1.         0.4504852  0.46933988] -> F: 0.45801737859816893
Punto[1.         0.44936325 0.46879425] -> F: 0.46025520009684845
Punto[1.         0.44824129 0.46824862] -> F: 0.4625032241907383
Punto[1.         0.44711934 0.46770298] -> F: 0.4647614508798386
Punto[1.         0.44599739 0.46715735] -> F: 0.467029880164149
Punto[1.         0.44487543 0.46661171] -> F: 0.4691292591911505
Punto[1.         0.44375348 0.46606608] -> F: 0.4710424839318109
Punto[1.         0.44263153 0.46552045] -> F: 0.47012127874264503
Punto[1.         0.44150957 0.46497481] -> F: 0.4692007895422072
Punto[1.         0.44038762 0.46442918] -> F: 0.4682540914533649
Punto[1.         0.43926567 0.46388355] -> F: 0.4671412849699614
Punto[1.         0.43814372 0.46333791] -> F: 0.46603914634144405
Punto[1.         0.43702176 0.46279228] -> F: 0.46482821393458235
Punto[1.         0.43589981 0.46224664] -> F: 0.46359838949863696
Punto[1.         0.43477786 0.46170101] -> F: 0.4623721270085663
Punto[1.         0.4336559  0.46115538] -> F: 0.46114942646437035
Punto[1.         0.43253395 0.46060974] -> F: 0.4599302878660491
Punto[1.         0.431412   0.46006411] -> F: 0.4587147112136027
Punto[1.         0.43029005 0.45951848] -> F: 0.457462545625677
Punto[1.         0.42916809 0.45897284] -> F: 0.45611284794646284
Punto[1.         0.42804614 0.45842721] -> F: 0.4547658311924945
Punto[1.         0.42692419 0.45788158] -> F: 0.45342149536377163
Punto[1.         0.42580223 0.45733594] -> F: 0.45207984046029454
Punto[1.         0.42468028 0.45679031] -> F: 0.45062354220150524
Punto[1.         0.42355833 0.45624467] -> F: 0.44805478467566895
Punto[1.         0.42243637 0.45569904] -> F: 0.44549359916082726
Punto[1.         0.42131442 0.45515341] -> F: 0.44293998565698006
Punto[1.         0.42019247 0.45460777] -> F: 0.44039394416412736
Punto[1.         0.41907052 0.45406214] -> F: 0.4378554746822694
Best centerpoint:  [1.         0.44375348 0.46606608] Best F:  0.4710424839318109 Best u:  [-0.99950656 -0.02652098 -0.01683073] índice:  28
{
  "seed": 9021,
  "n_per_z": 5,
  "nz": 100,
  "nd": 100,
  "n_muestras": 50,
  "best_f": 0.4710424839318109,
  "best_cp": [
    1.0,
    0.4437534808686169,
    0.4660660803730127
  ],
  "best_u": [
    -0.9995065603657316,
    -0.026520981050879647,
    -0.016830726364690907
  ],
  "n_candidatos": 54
}
