Punto[0.         0.42713005 0.48465145] -> F: 0.18274831394919713
Punto[1.         0.48710363 0.4846683 ] -> F: 0.33904019509700956
Punto[2.         0.57593375 0.48255521] -> F: 0.04470789466632567
Punto[1.         0.5015319  0.48360333] -> F: 0.3268519984892393
Punto[1.         0.48739219 0.484647  ] -> F: 0.3390000793834029
Punto[1.         0.48767499 0.48462612] -> F: 0.33896076662980335
Punto[1.         0.48795778 0.48460525] -> F: 0.3389214545154165
Punto[1.         0.48824057 0.48458438] -> F: 0.3388821430402421
Punto[1.         0.48852337 0.4845635 ] -> F: 0.33884283220428024
Punto[1.         0.48880616 0.48454263] -> F: 0.33880352200753094
Punto[1.         0.48908896 0.48452176] -> F: 0.3387642124499943
Punto[1.         0.48937175 0.48450088] -> F: 0.3387249035316704
Punto[1.         0.48965454 0.48448001] -> F: 0.33849242059940776
Punto[1.         0.48993734 0.48445914] -> F: 0.33821806038850183
Punto[1.         0.49022013 0.48443826] -> F: 0.33794385830022206
Punto[1.         0.49050293 0.48441739] -> F: 0.33766981433456844
Punto[1.         0.49078572 0.48439652] -> F: 0.3373959284915408
Punto[1.         0.49106852 0.48437564] -> F: 0.33712212694962906
Punto[1.         0.49135131 0.48435477] -> F: 0.3368430059029925
Punto[1.        0.4916341 0.4843339] -> F: 0.3365640494635286
Punto[1.         0.4919169  0.48431302] -> F: 0.3362852576312373
Punto[1.         0.49219969 0.48429215] -> F: 0.33600663040611867
Punto[1.         0.49248249 0.48427128] -> F: 0.335728167788173
Punto[1.         0.49276528 0.4842504 ] -> F: 0.33544986977739993
Punto[1.         0.49304808 0.48422953] -> F: 0.3351717363737995
Punto[1.         0.49333087 0.48420866] -> F: 0.33489376757737177
Punto[1.         0.49361366 0.48418778] -> F: 0.33461596338811683
Punto[1.         0.49389646 0.48416691] -> F: 0.3343383238060346
Punto[1.         0.49417925 0.48414604] -> F: 0.334060848831125
Punto[1.         0.49446205 0.48412516] -> F: 0.3337835384633881
Punto[1.         0.49474484 0.48410429] -> F: 0.333506392702824
Punto[1.         0.49502764 0.48408342] -> F: 0.33322941154943275
Punto[1.         0.49531043 0.48406254] -> F: 0.332952595003214
Punto[1.         0.49559322 0.48404167] -> F: 0.33267594306416803
Punto[1.         0.49587602 0.4840208 ] -> F: 0.33239945573229496
Punto[1.         0.49615881 0.48399992] -> F: 0.3321231330075944
Punto[1.         0.49644161 0.48397905] -> F: 0.33184697489006654
Punto[1.         0.4967244  0.48395818] -> F: 0.3315709813797113
Punto[1.         0.49700719 0.4839373 ] -> F: 0.3312951524765291
Punto[1.         0.49728999 0.48391643] -> F: 0.3310194881805193
Punto[1.         0.49757278 0.48389556] -> F: 0.33074398849168235
Punto[1.         0.49785558 0.48387468] -> F: 0.3304686534100181
Punto[1.         0.49813837 0.48385381] -> F: 0.3301934829355265
Punto[1.         0.49842117 0.48383294] -> F: 0.3299184770682077
Punto[1.         0.49870396 0.48381206] -> F: 0.3296436358080616
Punto[1.         0.49898675 0.48379119] -> F: 0.32936819432725195
Punto[1.         0.49926955 0.48377032] -> F: 0.32908793069240905
Punto[1.         0.49955234 0.48374944] -> F: 0.32880783863744295
Punto[1.         0.49983514 0.48372857] -> F: 0.328527918162354
Punto[1.         0.50011793 0.4837077 ] -> F: 0.3282481692671422
Punto[1.         0.50040073 0.48368682] -> F: 0.32796859195180733
Punto[1.         0.50068352 0.48366595] -> F: 0.3276891862163498
Punto[1.         0.50096631 0.48364508] -> F: 0.3274099520607692
Punto[1.         0.50124911 0.4836242 ] -> F: 0.3271308894850658
Best centerpoint:  [1.         0.48710363 0.4846683 ] Best F:  0.33904019509700956 Best u:  [0.18738131 0.18406228 0.96488824] índice:  1
{
  "seed": 6617,
  "n_per_z": 5,
  "nz": 100,
  "nd": 100,
  "n_muestras": 50,
  "best_f": 0.33904019509700956,
  "best_cp": [
    1.0,
    0.4871036256118815,
    0.4846682958465116
  ],
  "best_u": [
    0.18738131458572474,
    0.18406227634233907,
    0.9648882429441256
  ],
  "n_candidatos": 54
}
