Punto[0.         0.50152537 0.46092447] -> F: 0.1314720875147878
Punto[1.         0.50816726 0.53441071] -> F: 0.39311674877052505
Punto[2.         0.37954607 0.45026394] -> F: 0.13472186269494746
Punto[1.         0.44053572 0.45559421] -> F: 0.42486348777587596
Punto[1.         0.50681463 0.53283438] -> F: 0.39612061038065643
Punto[1.         0.50548905 0.53128958] -> F: 0.39907534897317537
Punto[1.         0.50416348 0.52974477] -> F: 0.4020409311316527
Punto[1.         0.5028379  0.52819997] -> F: 0.404983706245493
Punto[1.         0.50151232 0.52665517] -> F: 0.40786345966812404
Punto[1.         0.50018674 0.52511036] -> F: 0.41075405665671294
Punto[1.         0.49886116 0.52356556] -> F: 0.41365549721126027
Punto[1.         0.49753559 0.52202076] -> F: 0.41655873104664926
Punto[1.         0.49621001 0.52047595] -> F: 0.4194344521462279
Punto[1.         0.49488443 0.51893115] -> F: 0.42232079709240933
Punto[1.         0.49355885 0.51738635] -> F: 0.4252177658851939
Punto[1.         0.49223327 0.51584154] -> F: 0.42812535852458156
Punto[1.         0.49090769 0.51429674] -> F: 0.4310435750105723
Punto[1.         0.48958212 0.51275194] -> F: 0.4339724153431663
Punto[1.         0.48825654 0.51120713] -> F: 0.4369118795223633
Punto[1.         0.48693096 0.50966233] -> F: 0.4398619675481636
Punto[1.         0.48560538 0.50811752] -> F: 0.4428226794205664
Punto[1.         0.4842798  0.50657272] -> F: 0.4457940151395728
Punto[1.         0.48295423 0.50502792] -> F: 0.4487759747051821
Punto[1.         0.48162865 0.50348311] -> F: 0.4517507070617474
Punto[1.         0.48030307 0.50193831] -> F: 0.45469432198592075
Punto[1.         0.47897749 0.50039351] -> F: 0.45764409447855214
Punto[1.         0.47765191 0.4988487 ] -> F: 0.4606000245396416
Punto[1.         0.47632633 0.4973039 ] -> F: 0.46356211216918913
Punto[1.         0.47500076 0.4957591 ] -> F: 0.46496172869838265
Punto[1.         0.47367518 0.49421429] -> F: 0.4638721829329418
Punto[1.         0.4723496  0.49266949] -> F: 0.4627838341680237
Punto[1.         0.47102402 0.49112469] -> F: 0.46168956899758967
Punto[1.         0.46969844 0.48957988] -> F: 0.46059298981763946
Punto[1.         0.46837287 0.48803508] -> F: 0.45949763120524
Punto[1.         0.46704729 0.48649028] -> F: 0.45840349316039103
Punto[1.         0.46572171 0.48494547] -> F: 0.4573105756830928
Punto[1.         0.46439613 0.48340067] -> F: 0.4562188787733452
Punto[1.         0.46307055 0.48185587] -> F: 0.45511952926142724
Punto[1.         0.46174497 0.48031106] -> F: 0.4540194762871961
Punto[1.         0.4604194  0.47876626] -> F: 0.45292066823465116
Punto[1.         0.45909382 0.47722145] -> F: 0.4518231074437889
Punto[1.         0.45776824 0.47567665] -> F: 0.4507271923785964
Punto[1.         0.45644266 0.47413185] -> F: 0.4496332146706338
Punto[1.         0.45511708 0.47258704] -> F: 0.4485411743199013
Punto[1.         0.4537915  0.47104224] -> F: 0.447451071326399
Punto[1.         0.45246593 0.46949744] -> F: 0.44539109273270994
Punto[1.         0.45114035 0.46795263] -> F: 0.443096500061359
Punto[1.         0.44981477 0.46640783] -> F: 0.44079938273953095
Punto[1.         0.44848919 0.46486303] -> F: 0.43851854988024924
Punto[1.         0.44716361 0.46331822] -> F: 0.4362540014835135
Punto[1.         0.44583804 0.46177342] -> F: 0.4339835712880227
Punto[1.         0.44451246 0.46022862] -> F: 0.4316766815203286
Punto[1.         0.44318688 0.45868381] -> F: 0.42939042565283625
Punto[1.         0.4418613  0.45713901] -> F: 0.42712480368554545
{
  "seed": 18215,
  "n_per_z": 10,
  "nz": 100,
  "nd": 100,
  "n_muestras": 50,
  "best_f": 0.46496172869838265,
  "best_cp": [
    1.0,
    0.4750007560844257,
    0.4957590967613036
  ],
  "best_u": [
    -0.9995065603657316,
    -0.018462780949435733,
    -0.025411837900422944
  ],
  "best_index": 28,
  "n_candidatos": 54
}
