Punto[0.         0.48644582 0.45542627] -> F: 0.14470727187761384
Punto[1.         0.49516494 0.48187213] -> F: 0.39239589988091156
Punto[2.         0.39081669 0.38837356] -> F: 0.1107738643992698
Punto[1.         0.43863125 0.42189991] -> F: 0.41832426000952977
Punto[1.         0.49403427 0.48067268] -> F: 0.3945512631350823
Punto[1.         0.49292621 0.47949723] -> F: 0.3973267184678983
Punto[1.         0.49181815 0.47832177] -> F: 0.4001181362639414
Punto[1.         0.49071008 0.47714632] -> F: 0.4029255165232114
Punto[1.         0.48960202 0.47597086] -> F: 0.4057488592457085
Punto[1.         0.48849396 0.4747954 ] -> F: 0.408588164431433
Punto[1.         0.4873859  0.47361995] -> F: 0.41144343208038403
Punto[1.         0.48627784 0.47244449] -> F: 0.41431466219256263
Punto[1.         0.48516978 0.47126904] -> F: 0.4172018547679681
Punto[1.         0.48406172 0.47009358] -> F: 0.42010500980660087
Punto[1.         0.48295366 0.46891813] -> F: 0.42302412730846045
Punto[1.         0.4818456  0.46774267] -> F: 0.4259592072735473
Punto[1.         0.48073754 0.46656722] -> F: 0.4289102497018613
Punto[1.         0.47962948 0.46539176] -> F: 0.43187725459340215
Punto[1.         0.47852142 0.46421631] -> F: 0.434819502983453
Punto[1.         0.47741336 0.46304085] -> F: 0.43772293055991696
Punto[1.         0.4763053  0.46186539] -> F: 0.44064001013803994
Punto[1.         0.47519724 0.46068994] -> F: 0.4435707417178218
Punto[1.         0.47408918 0.45951448] -> F: 0.44651512529926246
Punto[1.         0.47298112 0.45833903] -> F: 0.4477656254215347
Punto[1.         0.47187306 0.45716357] -> F: 0.44686242993460645
Punto[1.         0.470765   0.45598812] -> F: 0.44595222199799656
Punto[1.         0.46965694 0.45481266] -> F: 0.44504265952137023
Punto[1.         0.46854888 0.45363721] -> F: 0.44413374250472754
Punto[1.         0.46744082 0.45246175] -> F: 0.4432187631762743
Punto[1.         0.46633276 0.4512863 ] -> F: 0.44229810986216805
Punto[1.         0.4652247  0.45011084] -> F: 0.4413781206834392
Punto[1.         0.46411664 0.44893539] -> F: 0.4404587956400875
Punto[1.         0.46300858 0.44775993] -> F: 0.4395321445377767
Punto[1.         0.46190052 0.44658447] -> F: 0.4386009902363473
Punto[1.         0.46079246 0.44540902] -> F: 0.43767051926035583
Punto[1.         0.4596844  0.44423356] -> F: 0.4367407316098024
Punto[1.         0.45857634 0.44305811] -> F: 0.43580259552187633
Punto[1.         0.45746828 0.44188265] -> F: 0.43486085684071635
Punto[1.         0.45636022 0.4407072 ] -> F: 0.43391982124693607
Punto[1.         0.45525216 0.43953174] -> F: 0.4329794887405354
Punto[1.         0.4541441  0.43835629] -> F: 0.43203013823924913
Punto[1.         0.45303604 0.43718083] -> F: 0.43107770261404
Punto[1.         0.45192797 0.43600538] -> F: 0.4301259904728507
Punto[1.         0.45081991 0.43482992] -> F: 0.4291750018156816
Punto[1.         0.44971185 0.43365446] -> F: 0.4282148038071826
Punto[1.         0.44860379 0.43247901] -> F: 0.4272515277908335
Punto[1.         0.44749573 0.43130355] -> F: 0.4262889963591278
Punto[1.         0.44638767 0.4301281 ] -> F: 0.4253272095120655
Punto[1.         0.44527961 0.42895264] -> F: 0.42435664388869293
Punto[1.         0.44417155 0.42777719] -> F: 0.42338235107749406
Punto[1.         0.44306349 0.42660173] -> F: 0.42240882473230906
Punto[1.         0.44195543 0.42542628] -> F: 0.42143537887163246
Punto[1.         0.44084737 0.42425082] -> F: 0.4204307599262471
Punto[1.         0.43973931 0.42307537] -> F: 0.4193821238682222
{
  "seed": 483,
  "n_per_z": 10,
  "nz": 100,
  "nd": 100,
  "n_muestras": 50,
  "best_f": 0.4477656254215347,
  "best_cp": [
    1.0,
    0.4729811202925378,
    0.4583390286338053
  ],
  "best_u": [
    0.3971478906347807,
    -0.3644843137107057,
    -0.8422735529643444
  ],
  "best_index": 23,
  "n_candidatos": 54
}
