Punto[0.         0.63916711 0.60256292] -> F: 0.11770124741810538
Punto[1.         0.54965529 0.56728909] -> F: 0.4244788440923061
Punto[2.         0.50863716 0.48538828] -> F: 0.16345400788040665
Punto[1.         0.57390214 0.5439756 ] -> F: 0.43357426036131047
Punto[1.         0.55014023 0.56682282] -> F: 0.42520854873262515
Punto[1.         0.55061547 0.56636588] -> F: 0.42592470636924173
Punto[1.         0.55109071 0.56590893] -> F: 0.426641900518305
Punto[1.         0.55156595 0.56545199] -> F: 0.4273601311798147
Punto[1.         0.55204118 0.56499504] -> F: 0.42807939835377085
Punto[1.         0.55251642 0.5645381 ] -> F: 0.42879970204017337
Punto[1.         0.55299166 0.56408116] -> F: 0.42952104223902254
Punto[1.         0.5534669  0.56362421] -> F: 0.430243418950318
Punto[1.         0.55394214 0.56316727] -> F: 0.43096683217406007
Punto[1.         0.55441737 0.56271032] -> F: 0.43169128191024847
Punto[1.         0.55489261 0.56225338] -> F: 0.4324167681588835
Punto[1.         0.55536785 0.56179643] -> F: 0.43314329091996506
Punto[1.         0.55584309 0.56133949] -> F: 0.4338708501934929
Punto[1.         0.55631833 0.56088255] -> F: 0.4345994459794674
Punto[1.         0.55679356 0.5604256 ] -> F: 0.43532907827788847
Punto[1.         0.5572688  0.55996866] -> F: 0.43605974708875567
Punto[1.         0.55774404 0.55951171] -> F: 0.43679145241206957
Punto[1.         0.55821928 0.55905477] -> F: 0.4375241942478299
Punto[1.         0.55869452 0.55859782] -> F: 0.4382579725960367
Punto[1.         0.55916975 0.55814088] -> F: 0.43899278745669
Punto[1.         0.55964499 0.55768393] -> F: 0.4397286388297898
Punto[1.         0.56012023 0.55722699] -> F: 0.4404655267153362
Punto[1.         0.56059547 0.55677005] -> F: 0.4412034511133288
Punto[1.         0.56107071 0.5563131 ] -> F: 0.44194241202376805
Punto[1.         0.56154595 0.55585616] -> F: 0.442652810878576
Punto[1.         0.56202118 0.55539921] -> F: 0.4423014031896725
Punto[1.         0.56249642 0.55494227] -> F: 0.44195021317900113
Punto[1.         0.56297166 0.55448532] -> F: 0.44159924084656177
Punto[1.         0.5634469  0.55402838] -> F: 0.4412484861923544
Punto[1.         0.56392214 0.55357143] -> F: 0.44089794921637915
Punto[1.         0.56439737 0.55311449] -> F: 0.44054762991863583
Punto[1.         0.56487261 0.55265755] -> F: 0.4401975282991246
Punto[1.         0.56534785 0.5522006 ] -> F: 0.4398476443578454
Punto[1.         0.56582309 0.55174366] -> F: 0.4394979891584824
Punto[1.         0.56629833 0.55128671] -> F: 0.43914862181081327
Punto[1.         0.56677356 0.55082977] -> F: 0.4387995510463234
Punto[1.         0.5672488  0.55037282] -> F: 0.43845077686501305
Punto[1.         0.56772404 0.54991588] -> F: 0.43810229926688216
Punto[1.         0.56819928 0.54945894] -> F: 0.43775411825193056
Punto[1.         0.56867452 0.54900199] -> F: 0.4374059852319203
Punto[1.         0.56914976 0.54854505] -> F: 0.43705655012223066
Punto[1.         0.56962499 0.5480881 ] -> F: 0.43670733430955877
Punto[1.         0.57010023 0.54763116] -> F: 0.43635833779390454
Punto[1.         0.57057547 0.54717421] -> F: 0.43600956057526813
Punto[1.         0.57105071 0.54671727] -> F: 0.43566100265364943
Punto[1.         0.57152595 0.54626032] -> F: 0.4353126640290486
Punto[1.         0.57200118 0.54580338] -> F: 0.43496454470146545
Punto[1.         0.57247642 0.54534644] -> F: 0.4346166446709001
Punto[1.         0.57295166 0.54488949] -> F: 0.4342689639373524
Punto[1.         0.5734269  0.54443255] -> F: 0.43392150250082256
{
  "seed": 18824,
  "n_per_z": 10,
  "nz": 100,
  "nd": 100,
  "n_muestras": 50,
  "best_f": 0.442652810878576,
  "best_cp": [
    1.0,
    0.5615459453785319,
    0.5558561569457644
  ],
  "best_u": [
    -0.9995065603657316,
    0.015989377270924254,
    -0.02703656043864067
  ],
  "best_index": 28,
  "n_candidatos": 54
}
