Punto[0.         0.80330043 0.42161366] -> F: 0.04696453083197596
Punto[1.         0.5897376  0.54745762] -> F: 0.337833170009205
Punto[2.         0.59061573 0.57671565] -> F: 0.1414365769744095
Punto[1.         0.69695808 0.49916466] -> F: 0.2798661698352331
Punto[1.         0.59188201 0.54649176] -> F: 0.3411899428671858
Punto[1.         0.59398353 0.54554521] -> F: 0.3444933250905205
Punto[1.         0.59608505 0.54459867] -> F: 0.34781031329977774
Punto[1.         0.59818657 0.54365213] -> F: 0.35114090749495747
Punto[1.         0.60028809 0.54270559] -> F: 0.35494452166954055
Punto[1.         0.60238961 0.54175905] -> F: 0.3605416018468027
Punto[1.         0.60449114 0.5408125 ] -> F: 0.36536274326257556
Punto[1.         0.60659266 0.53986596] -> F: 0.3636545168746283
Punto[1.         0.60869418 0.53891942] -> F: 0.36195066694268474
Punto[1.         0.6107957  0.53797288] -> F: 0.360251193466745
Punto[1.         0.61289722 0.53702634] -> F: 0.358556096446809
Punto[1.         0.61499874 0.53607979] -> F: 0.3568229368951345
Punto[1.         0.61710027 0.53513325] -> F: 0.35504917050799695
Punto[1.         0.61920179 0.53418671] -> F: 0.35328024738619535
Punto[1.         0.62130331 0.53324017] -> F: 0.3515161675297289
Punto[1.         0.62340483 0.53229363] -> F: 0.34975693093859844
Punto[1.         0.62550635 0.53134708] -> F: 0.34798086942226786
Punto[1.         0.62760787 0.53040054] -> F: 0.34614343873638037
Punto[1.         0.62970939 0.529454  ] -> F: 0.34431135120471845
Punto[1.         0.63181092 0.52850746] -> F: 0.3424846068272818
Punto[1.         0.63391244 0.52756092] -> F: 0.34066320560407076
Punto[1.         0.63601396 0.52661437] -> F: 0.33883568892146815
Punto[1.         0.63811548 0.52566783] -> F: 0.3369363796668772
Punto[1.         0.640217   0.52472129] -> F: 0.3350429502852854
Punto[1.         0.64231852 0.52377475] -> F: 0.33315540077669337
Punto[1.         0.64442004 0.52282821] -> F: 0.33127373114110076
Punto[1.         0.64652157 0.52188166] -> F: 0.329387225906669
Punto[1.         0.64862309 0.52093512] -> F: 0.32742774560046045
Punto[1.         0.65072461 0.51998858] -> F: 0.3254747231683504
Punto[1.         0.65282613 0.51904204] -> F: 0.32352815861033885
Punto[1.         0.65492765 0.5180955 ] -> F: 0.32158805192642576
Punto[1.         0.65702917 0.51714895] -> F: 0.3196358304842816
Punto[1.         0.65913069 0.51620241] -> F: 0.3176178191815408
Punto[1.         0.66123222 0.51525587] -> F: 0.315606890337225
Punto[1.         0.66333374 0.51430933] -> F: 0.3136030439513343
Punto[1.         0.66543526 0.51336279] -> F: 0.3116062800238686
Punto[1.         0.66753678 0.51241624] -> F: 0.30958223881424174
Punto[1.        0.6696383 0.5114697] -> F: 0.30750727920588017
Punto[1.         0.67173982 0.51052316] -> F: 0.30544007956243724
Punto[1.         0.67384135 0.50957662] -> F: 0.3033806398839124
Punto[1.         0.67594287 0.50863008] -> F: 0.30132896017030597
Punto[1.         0.67804439 0.50768353] -> F: 0.2992274625799244
Punto[1.         0.68014591 0.50673699] -> F: 0.2970970897835088
Punto[1.         0.68224743 0.50579045] -> F: 0.29497521500486984
Punto[1.         0.68434895 0.50484391] -> F: 0.2928618382440072
Punto[1.         0.68645047 0.50389737] -> F: 0.2907569595009209
Punto[1.         0.688552   0.50295082] -> F: 0.2885726965888882
Punto[1.         0.69065352 0.50200428] -> F: 0.2863884079983993
Punto[1.         0.69275504 0.50105774] -> F: 0.2842134252597277
Punto[1.         0.69485656 0.5001112 ] -> F: 0.2820477483728733
Best centerpoint:  [1.         0.60449114 0.5408125 ] Best F:  0.36536274326257556 Best u:  [-0.33873792  0.77818421  0.52885344] índice:  7
{
  "seed": 8160,
  "n_per_z": 5,
  "nz": 100,
  "nd": 100,
  "n_muestras": 50,
  "best_f": 0.36536274326257556,
  "best_cp": [
    1.0,
    0.604491136104446,
    0.5408125040480535
  ],
  "best_u": [
    -0.33873792024529137,
    0.7781842067105521,
    0.528853440769901
  ],
  "n_candidatos": 54
}
