Punto[0.         0.48108935 0.62642955] -> F: 0.11094543642690538
Punto[1.         0.41510512 0.57332023] -> F: 0.327657717569018
Punto[2.         0.28820568 0.76837915] -> F: 0.08282992508281456
Punto[1.         0.38464751 0.69740435] -> F: 0.36717712246536505
Punto[1.         0.41449596 0.57580191] -> F: 0.3309080718887894
Punto[1.         0.413899   0.57823396] -> F: 0.33388707386094346
Punto[1.         0.41330203 0.58066601] -> F: 0.3367269981258529
Punto[1.         0.41270506 0.58309806] -> F: 0.340106167625293
Punto[1.         0.41210809 0.58553011] -> F: 0.344098281635583
Punto[1.         0.41151112 0.58796216] -> F: 0.3487033401567229
Punto[1.         0.41091415 0.59039421] -> F: 0.35392134318871293
Punto[1.         0.41031718 0.59282625] -> F: 0.35891335920709044
Punto[1.         0.40972021 0.5952583 ] -> F: 0.36348799735875337
Punto[1.         0.40912324 0.59769035] -> F: 0.3666133178289832
Punto[1.         0.40852627 0.6001224 ] -> F: 0.3698654792434425
Punto[1.         0.40792931 0.60255445] -> F: 0.37318854396126055
Punto[1.         0.40733234 0.6049865 ] -> F: 0.37622094567667597
Punto[1.         0.40673537 0.60741855] -> F: 0.3794566807091026
Punto[1.        0.4061384 0.6098506] -> F: 0.3828957490585404
Punto[1.         0.40554143 0.61228264] -> F: 0.3860934709066397
Punto[1.         0.40494446 0.61471469] -> F: 0.38916276966351687
Punto[1.         0.40434749 0.61714674] -> F: 0.3927977031395287
Punto[1.         0.40375052 0.61957879] -> F: 0.3970455811263901
Punto[1.         0.40315355 0.62201084] -> F: 0.40190640362410157
Punto[1.         0.40255658 0.62444289] -> F: 0.4073800890537151
Punto[1.         0.40195962 0.62687494] -> F: 0.4126625603809166
Punto[1.         0.40136265 0.62930699] -> F: 0.4141711006361465
Punto[1.         0.40076568 0.63173903] -> F: 0.41262598901721004
Punto[1.         0.40016871 0.63417108] -> F: 0.4110697714270823
Punto[1.         0.39957174 0.63660313] -> F: 0.40947160892109286
Punto[1.         0.39897477 0.63903518] -> F: 0.40787801078696234
Punto[1.         0.3983778  0.64146723] -> F: 0.40628897702469097
Punto[1.         0.39778083 0.64389928] -> F: 0.40470450763427857
Punto[1.         0.39718386 0.64633133] -> F: 0.4030820153670783
Punto[1.         0.39658689 0.64876338] -> F: 0.40144644194721224
Punto[1.         0.39598993 0.65119542] -> F: 0.3998157899241424
Punto[1.         0.39539296 0.65362747] -> F: 0.39819005929786894
Punto[1.         0.39479599 0.65605952] -> F: 0.3965485168325815
Punto[1.         0.39419902 0.65849157] -> F: 0.3948731613891166
Punto[1.         0.39360205 0.66092362] -> F: 0.3932030972481069
Punto[1.         0.39300508 0.66335567] -> F: 0.39153832440955255
Punto[1.         0.39240811 0.66578772] -> F: 0.3898694018088156
Punto[1.         0.39181114 0.66821977] -> F: 0.3881563744160759
Punto[1.         0.39121417 0.67065181] -> F: 0.3864490222818878
Punto[1.         0.3906172  0.67308386] -> F: 0.38474734540625116
Punto[1.         0.39002023 0.67551591] -> F: 0.3830440820040237
Punto[1.         0.38942327 0.67794796] -> F: 0.3812954235114661
Punto[1.         0.3888263  0.68038001] -> F: 0.37955283961583164
Punto[1.         0.38822933 0.68281206] -> F: 0.3778163303171203
Punto[1.         0.38763236 0.68524411] -> F: 0.3760756648109804
Punto[1.         0.38703539 0.68767616] -> F: 0.3742948233828934
Punto[1.         0.38643842 0.6901082 ] -> F: 0.3725207788135093
Punto[1.         0.38584145 0.69254025] -> F: 0.3707535311028286
Punto[1.         0.38524448 0.6949723 ] -> F: 0.36898665492780536
Best centerpoint:  [1.         0.40136265 0.62930699] Best F:  0.4141711006361465 Best u:  [ 0.53582679 -0.80300358  0.26091168] índice:  23
{
  "seed": 5909,
  "n_per_z": 5,
  "nz": 100,
  "nd": 100,
  "n_muestras": 50,
  "best_f": 0.4141711006361465,
  "best_cp": [
    1.0,
    0.401362646344088,
    0.6293069858545481
  ],
  "best_u": [
    0.5358267949789965,
    -0.8030035754386604,
    0.2609116778054673
  ],
  "n_candidatos": 54
}
