Punto[0.         0.59076035 0.33068054] -> F: 0.15457952081270712
Punto[1.         0.52573991 0.42177354] -> F: 0.35846690658291197
Punto[2.         0.70406676 0.546358  ] -> F: 0.07805577737614293
Punto[1.         0.64741355 0.43851927] -> F: 0.3264836173788563
Punto[1.         0.52817338 0.42210846] -> F: 0.3602065133646746
Punto[1.         0.53055819 0.42243667] -> F: 0.3618477923144574
Punto[1.         0.53294299 0.42276489] -> F: 0.3634948040252046
Punto[1.         0.53532779 0.42309311] -> F: 0.3651649630002935
Punto[1.         0.5377126  0.42342132] -> F: 0.3668432950498227
Punto[1.         0.5400974  0.42374954] -> F: 0.36852580383065336
Punto[1.         0.5424822  0.42407776] -> F: 0.37024458211080746
Punto[1.         0.54486701 0.42440597] -> F: 0.3719996298902851
Punto[1.         0.54725181 0.42473419] -> F: 0.3737909471690868
Punto[1.         0.54963661 0.4250624 ] -> F: 0.3756185339472118
Punto[1.         0.55202142 0.42539062] -> F: 0.37748239022466057
Punto[1.         0.55440622 0.42571884] -> F: 0.37935953631730546
Punto[1.         0.55679102 0.42604705] -> F: 0.38123802067146934
Punto[1.         0.55917583 0.42637527] -> F: 0.3831396522899748
Punto[1.         0.56156063 0.42670349] -> F: 0.3842294826734714
Punto[1.         0.56394543 0.4270317 ] -> F: 0.3826039817910268
Punto[1.         0.56633024 0.42735992] -> F: 0.38098262828627466
Punto[1.         0.56871504 0.42768813] -> F: 0.37936542215921487
Punto[1.         0.57109984 0.42801635] -> F: 0.3777523634098477
Punto[1.         0.57348465 0.42834457] -> F: 0.37613572762915704
Punto[1.         0.57586945 0.42867278] -> F: 0.3745147233037907
Punto[1.         0.57825426 0.429001  ] -> F: 0.37289795094053696
Punto[1.         0.58063906 0.42932921] -> F: 0.371285410539396
Punto[1.         0.58302386 0.42965743] -> F: 0.3696771021003676
Punto[1.         0.58540867 0.42998565] -> F: 0.36806534932747687
Punto[1.         0.58779347 0.43031386] -> F: 0.36644922147604825
Punto[1.         0.59017827 0.43064208] -> F: 0.3648374123976465
Punto[1.         0.59256308 0.4309703 ] -> F: 0.3632299220922715
Punto[1.         0.59494788 0.43129851] -> F: 0.36162675055992377
Punto[1.         0.59733268 0.43162673] -> F: 0.3600184362687406
Punto[1.         0.59971749 0.43195494] -> F: 0.35840754899315774
Punto[1.         0.60210229 0.43228316] -> F: 0.35680106979447335
Punto[1.         0.60448709 0.43261138] -> F: 0.35519899867268756
Punto[1.         0.6068719  0.43293959] -> F: 0.35360133562780055
Punto[1.         0.6092567  0.43326781] -> F: 0.3519951791443493
Punto[1.         0.6116415  0.43359603] -> F: 0.350389881026578
Punto[1.         0.61402631 0.43392424] -> F: 0.3487890830746622
Punto[1.         0.61641111 0.43425246] -> F: 0.3471927852886022
Punto[1.         0.61879591 0.43458067] -> F: 0.3455998133478004
Punto[1.         0.62118072 0.43490889] -> F: 0.3439958422763251
Punto[1.         0.62356552 0.43523711] -> F: 0.34239646656673317
Punto[1.         0.62595032 0.43556532] -> F: 0.34080168621902407
Punto[1.         0.62833513 0.43589354] -> F: 0.33921150123319826
Punto[1.         0.63071993 0.43622176] -> F: 0.33761856824221964
Punto[1.         0.63310473 0.43654997] -> F: 0.3360207389100714
Punto[1.         0.63548954 0.43687819] -> F: 0.33442760359967516
Punto[1.         0.63787434 0.4372064 ] -> F: 0.3328391623110313
Punto[1.         0.64025914 0.43753462] -> F: 0.33125541504413963
Punto[1.         0.64264395 0.43786284] -> F: 0.3296615983929612
Punto[1.         0.64502875 0.43819105] -> F: 0.32807020961448136
Best centerpoint:  [1.         0.56156063 0.42670349] Best F:  0.3842294826734714 Best u:  [0.99950656 0.0284213  0.01337405] índice:  15
{
  "seed": 8127,
  "n_per_z": 5,
  "nz": 100,
  "nd": 100,
  "n_muestras": 50,
  "best_f": 0.3842294826734714,
  "best_cp": [
    1.0,
    0.5615606312167717,
    0.4267034854013386
  ],
  "best_u": [
    0.9995065603657316,
    0.02842130455238309,
    0.01337405074780664
  ],
  "n_candidatos": 54
}
