Punto[0.         0.51673704 0.59866683] -> F: 0.13891262493040235
Punto[1.         0.44738814 0.53377304] -> F: 0.3825980424648979
Punto[2.         0.3725747  0.63360114] -> F: 0.11862653918920683
Punto[1.         0.44465587 0.61613398] -> F: 0.41447863501566756
Punto[1.         0.4473335  0.53542026] -> F: 0.3852601130392033
Punto[1.         0.44727994 0.53703454] -> F: 0.3878749641649985
Punto[1.         0.44722639 0.53864881] -> F: 0.3904957764258608
Punto[1.         0.44717284 0.54026309] -> F: 0.3931190898702406
Punto[1.         0.44711929 0.54187736] -> F: 0.3957074182240359
Punto[1.         0.44706573 0.54349163] -> F: 0.39830149500700374
Punto[1.         0.44701218 0.54510591] -> F: 0.4009013202191441
Punto[1.         0.44695863 0.54672018] -> F: 0.4035068938604568
Punto[1.         0.44690508 0.54833446] -> F: 0.4061182159309416
Punto[1.         0.44685152 0.54994873] -> F: 0.4087352864305992
Punto[1.         0.44679797 0.55156301] -> F: 0.4113267301988916
Punto[1.         0.44674442 0.55317728] -> F: 0.41391290612930876
Punto[1.         0.44669087 0.55479155] -> F: 0.4165046357471804
Punto[1.         0.44663731 0.55640583] -> F: 0.4191019190525065
Punto[1.         0.44658376 0.5580201 ] -> F: 0.42170475604528673
Punto[1.         0.44653021 0.55963438] -> F: 0.42431314672552156
Punto[1.         0.44647665 0.56124865] -> F: 0.4269075184278056
Punto[1.         0.4464231  0.56286293] -> F: 0.429486577692555
Punto[1.         0.44636955 0.5644772 ] -> F: 0.4320710113415333
Punto[1.         0.446316   0.56609148] -> F: 0.4346608193747405
Punto[1.         0.44626244 0.56770575] -> F: 0.43725600179217655
Punto[1.         0.44620889 0.56932002] -> F: 0.43985655859384126
Punto[1.         0.44615534 0.5709343 ] -> F: 0.4424513432008928
Punto[1.         0.44610179 0.57254857] -> F: 0.4450239284600828
Punto[1.         0.44604823 0.57416285] -> F: 0.44760172215838984
Punto[1.         0.44599468 0.57577712] -> F: 0.4501847242958138
Punto[1.         0.44594113 0.5773914 ] -> F: 0.45277293487235526
Punto[1.         0.44588758 0.57900567] -> F: 0.45536635388801366
Punto[1.         0.44583402 0.58061994] -> F: 0.455483443870896
Punto[1.         0.44578047 0.58223422] -> F: 0.4539321375760323
Punto[1.         0.44572692 0.58384849] -> F: 0.45233770117233185
Punto[1.         0.44567337 0.58546277] -> F: 0.4507714693918489
Punto[1.         0.44561981 0.58707704] -> F: 0.44923344223458384
Punto[1.         0.44556626 0.58869132] -> F: 0.4477236197005366
Punto[1.         0.44551271 0.59030559] -> F: 0.4462420017897069
Punto[1.         0.44545916 0.59191987] -> F: 0.44444388744231206
Punto[1.         0.4454056  0.59353414] -> F: 0.44248607493987474
Punto[1.         0.44535205 0.59514841] -> F: 0.4405403672267298
Punto[1.         0.4452985  0.59676269] -> F: 0.43860676430287715
Punto[1.         0.44524495 0.59837696] -> F: 0.4366417444215059
Punto[1.         0.44519139 0.59999124] -> F: 0.43467745012112435
Punto[1.         0.44513784 0.60160551] -> F: 0.43272417603901386
Punto[1.         0.44508429 0.60321979] -> F: 0.43078192217517436
Punto[1.         0.44503073 0.60483406] -> F: 0.4288506885296058
Punto[1.         0.44497718 0.60644833] -> F: 0.42693047539565143
Punto[1.         0.44492363 0.60806261] -> F: 0.42502194503687196
Punto[1.         0.44487008 0.60967688] -> F: 0.42312570598081
Punto[1.         0.44481652 0.61129116] -> F: 0.4210971167571708
Punto[1.         0.44476297 0.61290543] -> F: 0.41887866487395203
Punto[1.         0.44470942 0.61451971] -> F: 0.4166725042934508
{
  "seed": 11810,
  "n_per_z": 10,
  "nz": 100,
  "nd": 100,
  "n_muestras": 50,
  "best_f": 0.455483443870896,
  "best_cp": [
    1.0,
    0.44583402362013586,
    0.580619944407041
  ],
  "best_u": [
    0.2789911060392295,
    -0.09037161904947671,
    0.9560318683084699
  ],
  "best_index": 32,
  "n_candidatos": 54
}
