Punto[0.         0.31026804 0.61127865] -> F: 0.09290053136046446
Punto[1.         0.48223383 0.52373849] -> F: 0.3822758123848757
Punto[2.         0.43582834 0.46811878] -> F: 0.16486628388659985
Punto[1.         0.37304819 0.53969871] -> F: 0.35593588189738773
Punto[1.         0.48005012 0.52405769] -> F: 0.38547069749587004
Punto[1.         0.47791008 0.52437051] -> F: 0.38860410976717036
Punto[1.         0.47577004 0.52468333] -> F: 0.3917017833922711
Punto[1.         0.47363    0.52499615] -> F: 0.3947989187200769
Punto[1.         0.47148996 0.52530897] -> F: 0.3978976679951124
Punto[1.         0.46934993 0.52562179] -> F: 0.40094502148332667
Punto[1.         0.46720989 0.52593461] -> F: 0.40144864620880416
Punto[1.         0.46506985 0.52624743] -> F: 0.4004592747609064
Punto[1.         0.46292981 0.52656025] -> F: 0.3994601488976725
Punto[1.         0.46078977 0.52687307] -> F: 0.3984537577172949
Punto[1.         0.45864973 0.52718589] -> F: 0.39744862201979814
Punto[1.         0.45650969 0.52749872] -> F: 0.39644474180518213
Punto[1.         0.45436966 0.52781154] -> F: 0.3954421170734468
Punto[1.         0.45222962 0.52812436] -> F: 0.3944407478245922
Punto[1.         0.45008958 0.52843718] -> F: 0.39343704018729614
Punto[1.         0.44794954 0.52875   ] -> F: 0.3924191724789602
Punto[1.         0.4458095  0.52906282] -> F: 0.39140260853779524
Punto[1.         0.44366946 0.52937564] -> F: 0.3903873483638015
Punto[1.         0.44152942 0.52968846] -> F: 0.3893733919569789
Punto[1.         0.43938939 0.53000128] -> F: 0.3883607393173274
Punto[1.         0.43724935 0.5303141 ] -> F: 0.3873484597798758
Punto[1.         0.43510931 0.53062692] -> F: 0.3863197848080412
Punto[1.         0.43296927 0.53093974] -> F: 0.38529246217725616
Punto[1.         0.43082923 0.53125256] -> F: 0.3842664918875208
Punto[1.         0.42868919 0.53156538] -> F: 0.3832418739388351
Punto[1.         0.42654915 0.5318782 ] -> F: 0.38221860833119886
Punto[1.         0.42440912 0.53219102] -> F: 0.38119445995535006
Punto[1.         0.42226908 0.53250384] -> F: 0.3801556063815806
Punto[1.         0.42012904 0.53281666] -> F: 0.3791181541037951
Punto[1.         0.417989   0.53312948] -> F: 0.3780821031219934
Punto[1.         0.41584896 0.5334423 ] -> F: 0.37704745343617585
Punto[1.         0.41370892 0.53375512] -> F: 0.3760142050463422
Punto[1.         0.41156888 0.53406794] -> F: 0.37497544771536656
Punto[1.         0.40942885 0.53438077] -> F: 0.3739270068653533
Punto[1.         0.40728881 0.53469359] -> F: 0.37288001674230137
Punto[1.         0.40514877 0.53500641] -> F: 0.37183447734621045
Punto[1.         0.40300873 0.53531923] -> F: 0.370790388677081
Punto[1.         0.40086869 0.53563205] -> F: 0.3697477507349127
Punto[1.         0.39872865 0.53594487] -> F: 0.3686920909211503
Punto[1.         0.39658861 0.53625769] -> F: 0.3676346196457725
Punto[1.         0.39444858 0.53657051] -> F: 0.3665786491035719
Punto[1.         0.39230854 0.53688333] -> F: 0.3655241792945489
Punto[1.         0.3901685  0.53719615] -> F: 0.3644712102187032
Punto[1.         0.38802846 0.53750897] -> F: 0.3634127711947744
Punto[1.         0.38588842 0.53782179] -> F: 0.3623452429599467
Punto[1.         0.38374838 0.53813461] -> F: 0.3612792661439307
Punto[1.         0.38160834 0.53844743] -> F: 0.3602148407467262
Punto[1.         0.37946831 0.53876025] -> F: 0.35915196676833344
Punto[1.         0.37732827 0.53907307] -> F: 0.3580886650551709
Punto[1.         0.37518823 0.53938589] -> F: 0.3570114720293302
{
  "seed": 8189,
  "n_per_z": 10,
  "nz": 100,
  "nd": 100,
  "n_muestras": 50,
  "best_f": 0.40144864620880416,
  "best_cp": [
    1.0,
    0.46720988704139876,
    0.5259346129883331
  ],
  "best_u": [
    -0.9995065603657316,
    -0.024819368728108287,
    -0.019251875799579096
  ],
  "best_index": 10,
  "n_candidatos": 54
}
