Punto[0.         0.43619911 0.51357139] -> F: 0.12919131562639496
Punto[1.         0.55329702 0.48793273] -> F: 0.41180859614359605
Punto[2.         0.53482728 0.51733135] -> F: 0.14930658028480454
Punto[1.         0.4855132  0.51545137] -> F: 0.42179144987735767
Punto[1.         0.55194134 0.4884831 ] -> F: 0.41354043845909977
Punto[1.         0.55061278 0.48902247] -> F: 0.4149856638664017
Punto[1.         0.54928422 0.48956183] -> F: 0.4164447836656401
Punto[1.         0.54795565 0.4901012 ] -> F: 0.4179261467616914
Punto[1.         0.54662709 0.49064056] -> F: 0.41942975315455655
Punto[1.         0.54529853 0.49117993] -> F: 0.4209480039418399
Punto[1.         0.54396997 0.49171929] -> F: 0.42246670643212103
Punto[1.         0.5426414  0.49225866] -> F: 0.42396101389385804
Punto[1.         0.54131284 0.49279802] -> F: 0.4254065676590124
Punto[1.         0.53998428 0.49333739] -> F: 0.42680881362326833
Punto[1.         0.53865571 0.49387676] -> F: 0.42822618286726327
Punto[1.         0.53732715 0.49441612] -> F: 0.4296586753909976
Punto[1.         0.53599859 0.49495549] -> F: 0.4311001767861439
Punto[1.         0.53467003 0.49549485] -> F: 0.43254185917756427
Punto[1.         0.53334146 0.49603422] -> F: 0.4339836512097049
Punto[1.         0.5320129  0.49657358] -> F: 0.43542555288256585
Punto[1.         0.53068434 0.49711295] -> F: 0.4368675641961466
Punto[1.         0.52935577 0.49765231] -> F: 0.43827321146482134
Punto[1.         0.52802721 0.49819168] -> F: 0.4395861362732448
Punto[1.         0.52669865 0.49873104] -> F: 0.4409057409579173
Punto[1.         0.52537009 0.49927041] -> F: 0.4422320255188393
Punto[1.         0.52404152 0.49980977] -> F: 0.44356498995601057
Punto[1.         0.52271296 0.50034914] -> F: 0.4449046342694316
Punto[1.        0.5213844 0.5008885] -> F: 0.44625095845910145
Punto[1.         0.52005583 0.50142787] -> F: 0.4475693499881172
Punto[1.         0.51872727 0.50196724] -> F: 0.44722791876633106
Punto[1.         0.51739871 0.5025066 ] -> F: 0.4462752993775014
Punto[1.         0.51607015 0.50304597] -> F: 0.44533035523576253
Punto[1.         0.51474158 0.50358533] -> F: 0.44439308634111413
Punto[1.         0.51341302 0.5041247 ] -> F: 0.44346349269355656
Punto[1.         0.51208446 0.50466406] -> F: 0.44254157429308977
Punto[1.         0.51075589 0.50520343] -> F: 0.4416032370093665
Punto[1.         0.50942733 0.50574279] -> F: 0.4406554889809082
Punto[1.         0.50809877 0.50628216] -> F: 0.4397157939069458
Punto[1.         0.5067702  0.50682152] -> F: 0.43878415178747926
Punto[1.         0.50544164 0.50736089] -> F: 0.43786056262250883
Punto[1.         0.50411308 0.50790025] -> F: 0.43689925190434986
Punto[1.         0.50278452 0.50843962] -> F: 0.4358776043703921
Punto[1.         0.50145595 0.50897898] -> F: 0.43481126339071874
Punto[1.         0.50012739 0.50951835] -> F: 0.43374839439476537
Punto[1.         0.49879883 0.51005772] -> F: 0.4326889973825321
Punto[1.         0.49747026 0.51059708] -> F: 0.4316330723540187
Punto[1.         0.4961417  0.51113645] -> F: 0.4305627136247989
Punto[1.         0.49481314 0.51167581] -> F: 0.42946302740988807
Punto[1.         0.49348458 0.51221518] -> F: 0.4283675391720231
Punto[1.         0.49215601 0.51275454] -> F: 0.4272762489112039
Punto[1.         0.49082745 0.51329391] -> F: 0.4261891566274305
Punto[1.         0.48949889 0.51383327] -> F: 0.42510626232070303
Punto[1.         0.48817032 0.51437264] -> F: 0.42402756599102104
Punto[1.         0.48684176 0.514912  ] -> F: 0.42292043156001813
{
  "seed": 18189,
  "n_per_z": 10,
  "nz": 100,
  "nd": 100,
  "n_muestras": 50,
  "best_f": 0.4475693499881172,
  "best_cp": [
    1.0,
    0.5200558337445651,
    0.5014278702252117
  ],
  "best_u": [
    -0.27899110603922916,
    0.8415117715626474,
    0.4626250112915451
  ],
  "best_index": 28,
  "n_candidatos": 54
}
