Punto[0.         0.61085831 0.64463451] -> F: 0.13875836267129787
Punto[1.         0.55293336 0.57009463] -> F: 0.38703141447008765
Punto[2.         0.61746982 0.55687414] -> F: 0.13484870215560676
Punto[1.         0.61416407 0.60075433] -> F: 0.42299419137365024
Punto[1.         0.55415798 0.57070782] -> F: 0.38922475796583533
Punto[1.         0.5553581  0.57130875] -> F: 0.3913813144408246
Punto[1.         0.55655822 0.57190968] -> F: 0.39354487925134213
Punto[1.         0.55775834 0.57251061] -> F: 0.3957154523973884
Punto[1.         0.55895847 0.57311154] -> F: 0.39789303387896335
Punto[1.         0.56015859 0.57371247] -> F: 0.4000776236960668
Punto[1.         0.56135871 0.5743134 ] -> F: 0.40226922184869884
Punto[1.         0.56255883 0.57491433] -> F: 0.4044678283368594
Punto[1.         0.56375895 0.57551526] -> F: 0.4066734431605486
Punto[1.         0.56495907 0.57611619] -> F: 0.4088860663197664
Punto[1.         0.5661592  0.57671712] -> F: 0.41110569781451284
Punto[1.         0.56735932 0.57731805] -> F: 0.41333233764478766
Punto[1.         0.56855944 0.57791898] -> F: 0.415563678650012
Punto[1.         0.56975956 0.57851991] -> F: 0.417801612503962
Punto[1.         0.57095968 0.57912084] -> F: 0.420046242538783
Punto[1.         0.5721598  0.57972177] -> F: 0.4222975687544746
Punto[1.         0.57335993 0.5803227 ] -> F: 0.42454354868864513
Punto[1.         0.57456005 0.58092363] -> F: 0.4267014530898722
Punto[1.         0.57576017 0.58152456] -> F: 0.4288665528871938
Punto[1.         0.57696029 0.58212549] -> F: 0.43103884808060994
Punto[1.         0.57816041 0.58272642] -> F: 0.4332183386701209
Punto[1.         0.57936054 0.58332735] -> F: 0.43540502465572656
Punto[1.         0.58056066 0.58392828] -> F: 0.4375989060374267
Punto[1.         0.58176078 0.58452921] -> F: 0.4397999828152214
Punto[1.         0.5829609  0.58513014] -> F: 0.4420082549891109
Punto[1.         0.58416102 0.58573108] -> F: 0.44422372255909465
Punto[1.         0.58536114 0.58633201] -> F: 0.4464463855251736
Punto[1.         0.58656127 0.58693294] -> F: 0.4486762438873467
Punto[1.         0.58776139 0.58753387] -> F: 0.45091329764561455
Punto[1.         0.58896151 0.5881348 ] -> F: 0.45180651982492864
Punto[1.         0.59016163 0.58873573] -> F: 0.450769395258835
Punto[1.         0.59136175 0.58933666] -> F: 0.4497283275153508
Punto[1.         0.59256187 0.58993759] -> F: 0.44858678816561204
Punto[1.         0.593762   0.59053852] -> F: 0.4474672847849243
Punto[1.         0.59496212 0.59113945] -> F: 0.4463698173732879
Punto[1.         0.59616224 0.59174038] -> F: 0.4452943859307026
Punto[1.         0.59736236 0.59234131] -> F: 0.4438650931777631
Punto[1.         0.59856248 0.59294224] -> F: 0.44232664652788267
Punto[1.         0.59976261 0.59354317] -> F: 0.4407955334087078
Punto[1.         0.60096273 0.5941441 ] -> F: 0.43927175382023853
Punto[1.         0.60216285 0.59474503] -> F: 0.4377553077624749
Punto[1.         0.60336297 0.59534596] -> F: 0.4362461952354168
Punto[1.         0.60456309 0.59594689] -> F: 0.4347444162390646
Punto[1.         0.60576321 0.59654782] -> F: 0.43324997077341776
Punto[1.         0.60696334 0.59714875] -> F: 0.4317628588384768
Punto[1.         0.60816346 0.59774968] -> F: 0.4302830804342417
Punto[1.         0.60936358 0.59835061] -> F: 0.42881063556071214
Punto[1.         0.6105637  0.59895154] -> F: 0.4273455242178882
Punto[1.         0.61176382 0.59955247] -> F: 0.4258877464057698
Punto[1.         0.61296394 0.6001534 ] -> F: 0.4244373021243572
{
  "seed": 4126,
  "n_per_z": 10,
  "nz": 100,
  "nd": 100,
  "n_muestras": 50,
  "best_f": 0.45180651982492864,
  "best_cp": [
    1.0,
    0.5889615093463879,
    0.5881347950882884
  ],
  "best_u": [
    0.2789911060392295,
    0.2679133974894985,
    0.9221639627510073
  ],
  "best_index": 33,
  "n_candidatos": 54
}
