Punto[0.         0.47371097 0.58608569] -> F: 0.11842190849616879
Punto[1.         0.50894106 0.51777704] -> F: 0.435797903756616
Punto[2.         0.43319123 0.50404865] -> F: 0.10999803232136268
Punto[1.         0.4534511  0.54506717] -> F: 0.39821133295664674
Punto[1.         0.50783126 0.51832285] -> F: 0.43714136632450834
Punto[1.         0.50674366 0.51885773] -> F: 0.43846953164978025
Punto[1.         0.50565606 0.51939262] -> F: 0.43980915209481247
Punto[1.         0.50456845 0.5199275 ] -> F: 0.44116022746632166
Punto[1.         0.50348085 0.52046239] -> F: 0.4425173200294176
Punto[1.         0.50239325 0.52099728] -> F: 0.4438751203811918
Punto[1.         0.50130564 0.52153216] -> F: 0.4451941856925558
Punto[1.         0.50021804 0.52206705] -> F: 0.4465042017091907
Punto[1.         0.49913044 0.52260194] -> F: 0.44782265354104656
Punto[1.         0.49804284 0.52313682] -> F: 0.44914954118812295
Punto[1.         0.49695523 0.52367171] -> F: 0.45048486465042004
Punto[1.         0.49586763 0.5242066 ] -> F: 0.45176906512455395
Punto[1.         0.49478003 0.52474148] -> F: 0.4510658981827285
Punto[1.         0.49369242 0.52527637] -> F: 0.44975614329673097
Punto[1.         0.49260482 0.52581126] -> F: 0.4485909211622675
Punto[1.         0.49151722 0.52634614] -> F: 0.4474291003130116
Punto[1.         0.49042961 0.52688103] -> F: 0.4462682298745333
Punto[1.         0.48934201 0.52741592] -> F: 0.4451083098468322
Punto[1.         0.48825441 0.5279508 ] -> F: 0.4439493402299089
Punto[1.         0.4871668  0.52848569] -> F: 0.44279132102376284
Punto[1.         0.4860792  0.52902058] -> F: 0.4416133063031847
Punto[1.         0.4849916  0.52955546] -> F: 0.4403461006718266
Punto[1.         0.48390399 0.53009035] -> F: 0.4391107584848298
Punto[1.         0.48281639 0.53062523] -> F: 0.43790727974219373
Punto[1.         0.48172879 0.53116012] -> F: 0.436735643831913
Punto[1.         0.48064118 0.53169501] -> F: 0.4355793129155956
Punto[1.         0.47955358 0.53222989] -> F: 0.4344023554613163
Punto[1.         0.47846598 0.53276478] -> F: 0.4326278228173825
Punto[1.         0.47737837 0.53329967] -> F: 0.4308283457972278
Punto[1.         0.47629077 0.53383455] -> F: 0.4290302196715202
Punto[1.         0.47520317 0.53436944] -> F: 0.42723344444025996
Punto[1.         0.47411556 0.53490433] -> F: 0.42544859393873624
Punto[1.         0.47302796 0.53543921] -> F: 0.4237035065560618
Punto[1.         0.47194036 0.5359741 ] -> F: 0.42199965613413276
Punto[1.         0.47085275 0.53650899] -> F: 0.42033704267294864
Punto[1.         0.46976515 0.53704387] -> F: 0.41871566617251
Punto[1.         0.46867755 0.53757876] -> F: 0.4169863517512124
Punto[1.         0.46758994 0.53811365] -> F: 0.4151842316280384
Punto[1.         0.46650234 0.53864853] -> F: 0.41338348784464335
Punto[1.         0.46541474 0.53918342] -> F: 0.41162579042509134
Punto[1.         0.46432713 0.53971831] -> F: 0.4100773462104031
Punto[1.         0.46323953 0.54025319] -> F: 0.4087554160194064
Punto[1.         0.46215193 0.54078808] -> F: 0.4076023631861268
Punto[1.         0.46106432 0.54132296] -> F: 0.40645942952527514
Punto[1.         0.45997672 0.54185785] -> F: 0.40531744627520094
Punto[1.         0.45888912 0.54239274] -> F: 0.4041764134359042
Punto[1.         0.45780151 0.54292762] -> F: 0.4030363310073851
Punto[1.         0.45671391 0.54346251] -> F: 0.40189719898964327
Punto[1.         0.45562631 0.5439974 ] -> F: 0.4006769748358287
Punto[1.         0.4545387  0.54453228] -> F: 0.3994282221740572
{
  "seed": 13550,
  "n_per_z": 10,
  "nz": 100,
  "nd": 100,
  "n_muestras": 50,
  "best_f": 0.45176906512455395,
  "best_cp": [
    1.0,
    0.49586762848035754,
    0.5242065968297933
  ],
  "best_u": [
    -0.24868988716485474,
    0.9566582951435305,
    -0.15151978865813326
  ],
  "best_index": 15,
  "n_candidatos": 54
}
