Punto[0.         0.63353579 0.55056516] -> F: 0.10726738096108511
Punto[1.         0.51196845 0.47922064] -> F: 0.3666711848496988
Punto[2.         0.58341998 0.53326133] -> F: 0.1656804967779596
Punto[1.         0.60847789 0.54191324] -> F: 0.3831758699211135
Punto[1.         0.51389864 0.48047449] -> F: 0.37018915739676655
Punto[1.         0.51579022 0.48170327] -> F: 0.37365393901547467
Punto[1.         0.51768181 0.48293204] -> F: 0.3771357157373439
Punto[1.         0.51957339 0.48416082] -> F: 0.38063448756237467
Punto[1.         0.52146498 0.48538959] -> F: 0.3841502544905666
Punto[1.         0.52335656 0.48661837] -> F: 0.38768301652192005
Punto[1.         0.52524815 0.48784714] -> F: 0.3912327736564347
Punto[1.         0.52713973 0.48907592] -> F: 0.3947854453420329
Punto[1.         0.52903132 0.49030469] -> F: 0.39834551120689077
Punto[1.         0.5309229  0.49153347] -> F: 0.4019197223480475
Punto[1.         0.53281449 0.49276224] -> F: 0.405508078765503
Punto[1.         0.53470607 0.49399102] -> F: 0.40911058045925724
Punto[1.         0.53659766 0.49521979] -> F: 0.4127272274293106
Punto[1.         0.53848924 0.49644857] -> F: 0.4163580196756625
Punto[1.         0.54038083 0.49767734] -> F: 0.42000295719831315
Punto[1.         0.54227241 0.49890612] -> F: 0.421961325350587
Punto[1.         0.544164   0.50013489] -> F: 0.42098988875998483
Punto[1.         0.54605558 0.50136367] -> F: 0.420011242656028
Punto[1.         0.54794717 0.50259244] -> F: 0.41901774267593234
Punto[1.         0.54983875 0.50382122] -> F: 0.4180254897359758
Punto[1.         0.55173034 0.50504999] -> F: 0.4170180233179779
Punto[1.         0.55362192 0.50627877] -> F: 0.4160035890181332
Punto[1.         0.55551351 0.50750754] -> F: 0.41499046480891344
Punto[1.         0.55740509 0.50873632] -> F: 0.41395423588529023
Punto[1.         0.55929668 0.50996509] -> F: 0.41291875997481237
Punto[1.         0.56118826 0.51119387] -> F: 0.41187789171774414
Punto[1.         0.56307985 0.51242264] -> F: 0.41081977005369624
Punto[1.         0.56497143 0.51365142] -> F: 0.4097630927333742
Punto[1.         0.56686302 0.51488019] -> F: 0.4086940757374839
Punto[1.         0.5687546  0.51610897] -> F: 0.4076144654303345
Punto[1.         0.57064619 0.51733774] -> F: 0.4065363712228573
Punto[1.         0.57253777 0.51856652] -> F: 0.4054394976734493
Punto[1.         0.57442936 0.51979529] -> F: 0.4043381201610788
Punto[1.         0.57632094 0.52102407] -> F: 0.40323833401906356
Punto[1.         0.57821253 0.52225284] -> F: 0.40211399106407336
Punto[1.         0.58010411 0.52348162] -> F: 0.40099050311350704
Punto[1.         0.5819957  0.52471039] -> F: 0.3998651486882755
Punto[1.         0.58388728 0.52593917] -> F: 0.3987173826363557
Punto[1.         0.58577887 0.52716794] -> F: 0.39757137059140135
Punto[1.         0.58767045 0.52839672] -> F: 0.3964203854545787
Punto[1.         0.58956204 0.52962549] -> F: 0.3952495160351998
Punto[1.         0.59145362 0.53085427] -> F: 0.39408048890235153
Punto[1.         0.59334521 0.53208304] -> F: 0.3929048382001187
Punto[1.         0.59523679 0.53331182] -> F: 0.3917102834174659
Punto[1.         0.59712838 0.53454059] -> F: 0.390517664563276
Punto[1.         0.59901996 0.53576937] -> F: 0.3893185857915702
Punto[1.         0.60091155 0.53699814] -> F: 0.3880996673857507
Punto[1.         0.60280313 0.53822692] -> F: 0.38688278455754715
Punto[1.         0.60469472 0.53945569] -> F: 0.3856618652994136
Punto[1.         0.6065863  0.54068447] -> F: 0.3844177966194417
{
  "seed": 5722,
  "n_per_z": 10,
  "nz": 100,
  "nd": 100,
  "n_muestras": 50,
  "best_f": 0.421961325350587,
  "best_cp": [
    1.0,
    0.5422724127118299,
    0.49890611753903724
  ],
  "best_u": [
    -0.5358267949789969,
    0.3353230546171654,
    0.7748858592236341
  ],
  "best_index": 19,
  "n_candidatos": 54
}
