Punto[0.         0.71323637 0.46571106] -> F: 0.12242376225186917
Punto[1.         0.57976686 0.44284742] -> F: 0.42879141508357044
Punto[2.         0.42310263 0.34750604] -> F: 0.12506012014484835
Punto[1.         0.5681695  0.40660855] -> F: 0.4409324003661257
Punto[1.         0.57953491 0.44212264] -> F: 0.42994928071661265
Punto[1.         0.5793076  0.44141236] -> F: 0.43108531508613673
Punto[1.         0.5790803  0.44070207] -> F: 0.43222138584784053
Punto[1.         0.57885299 0.43999179] -> F: 0.43335718918859634
Punto[1.         0.57862568 0.43928151] -> F: 0.43449429291464553
Punto[1.         0.57839837 0.43857123] -> F: 0.4356326970259879
Punto[1.         0.57817106 0.43786095] -> F: 0.4367724015226235
Punto[1.         0.57794376 0.43715067] -> F: 0.43791340640455234
Punto[1.         0.57771645 0.43644038] -> F: 0.43905571167177426
Punto[1.         0.57748914 0.4357301 ] -> F: 0.4401993173242893
Punto[1.         0.57726183 0.43501982] -> F: 0.4413442233620976
Punto[1.         0.57703452 0.43430954] -> F: 0.44249042978519926
Punto[1.         0.57680721 0.43359926] -> F: 0.4436379365935941
Punto[1.         0.57657991 0.43288898] -> F: 0.4447867437872819
Punto[1.         0.5763526  0.43217869] -> F: 0.4459368513662631
Punto[1.         0.57612529 0.43146841] -> F: 0.4470882593305374
Punto[1.         0.57589798 0.43075813] -> F: 0.4482409676801049
Punto[1.         0.57567067 0.43004785] -> F: 0.4493949764149659
Punto[1.         0.57544336 0.42933757] -> F: 0.4505502855351198
Punto[1.         0.57521606 0.42862729] -> F: 0.45170689504056705
Punto[1.         0.57498875 0.427917  ] -> F: 0.45286480493130726
Punto[1.         0.57476144 0.42720672] -> F: 0.45402401520734087
Punto[1.         0.57453413 0.42649644] -> F: 0.45407085496735833
Punto[1.         0.57430682 0.42578616] -> F: 0.45403037565020854
Punto[1.         0.57407951 0.42507588] -> F: 0.45398989658030753
Punto[1.         0.57385221 0.42436559] -> F: 0.45394941775765535
Punto[1.         0.5736249  0.42365531] -> F: 0.453908939182252
Punto[1.         0.57339759 0.42294503] -> F: 0.45384848584894183
Punto[1.         0.57317028 0.42223475] -> F: 0.4537695677668327
Punto[1.         0.57294297 0.42152447] -> F: 0.4536906939527989
Punto[1.         0.57271567 0.42081419] -> F: 0.4536118644068409
Punto[1.         0.57248836 0.4201039 ] -> F: 0.45353307912895874
Punto[1.         0.57226105 0.41939362] -> F: 0.45345433811915226
Punto[1.         0.57203374 0.41868334] -> F: 0.45337564137742165
Punto[1.         0.57180643 0.41797306] -> F: 0.4532198238329533
Punto[1.         0.57157912 0.41726278] -> F: 0.45252837918221367
Punto[1.         0.57135182 0.4165525 ] -> F: 0.4518361629005088
Punto[1.         0.57112451 0.41584221] -> F: 0.4511431749878389
Punto[1.         0.5708972  0.41513193] -> F: 0.4504494154442041
Punto[1.         0.57066989 0.41442165] -> F: 0.44975488426960414
Punto[1.         0.57044258 0.41371137] -> F: 0.4490595814640391
Punto[1.         0.57021527 0.41300109] -> F: 0.44836350702750893
Punto[1.         0.56998797 0.4122908 ] -> F: 0.4476666609600139
Punto[1.         0.56976066 0.41158052] -> F: 0.4468679275874784
Punto[1.         0.56953335 0.41087024] -> F: 0.44597479484248603
Punto[1.         0.56930604 0.41015996] -> F: 0.44509672885909335
Punto[1.         0.56907873 0.40944968] -> F: 0.4442337296373005
Punto[1.         0.56885143 0.4087394 ] -> F: 0.44338579717710735
Punto[1.         0.56862412 0.40802911] -> F: 0.44255293147851377
Punto[1.         0.56839681 0.40731883] -> F: 0.44173513254151986
Best centerpoint:  [1.         0.57453413 0.42649644] Best F:  0.45407085496735833 Best u:  [ 0.03141076 -0.95981984  0.27885344] índice:  23
{
  "seed": 18172,
  "n_per_z": 5,
  "nz": 100,
  "nd": 100,
  "n_muestras": 50,
  "best_f": 0.45407085496735833,
  "best_cp": [
    1.0,
    0.5745341315036239,
    0.42649643981585617
  ],
  "best_u": [
    0.031410759078128396,
    -0.9598198387118922,
    0.27885344076990143
  ],
  "n_candidatos": 54
}
