Punto[0.         0.57192786 0.60203802] -> F: 0.15430038902676121
Punto[1.         0.50870666 0.50444155] -> F: 0.3353721449358692
Punto[2.         0.62307353 0.68299379] -> F: 0.09029285331334612
Punto[1.        0.5975007 0.6425159] -> F: 0.3360683581719988
Punto[1.         0.51048254 0.50720304] -> F: 0.33972660967914
Punto[1.         0.51222291 0.5099093 ] -> F: 0.34306213214799636
Punto[1.         0.51396327 0.51261555] -> F: 0.3468365452740226
Punto[1.         0.51570363 0.51532181] -> F: 0.35113554605989594
Punto[1.         0.517444   0.51802807] -> F: 0.3557931165322867
Punto[1.         0.51918436 0.52073432] -> F: 0.3605987579706812
Punto[1.         0.52092472 0.52344058] -> F: 0.36572647002668557
Punto[1.         0.52266509 0.52614684] -> F: 0.37098817865447314
Punto[1.         0.52440545 0.5288531 ] -> F: 0.37592042866436787
Punto[1.         0.52614581 0.53155935] -> F: 0.38078310746589616
Punto[1.         0.52788617 0.53426561] -> F: 0.3857713001053449
Punto[1.         0.52962654 0.53697187] -> F: 0.39032121871001046
Punto[1.         0.5313669  0.53967813] -> F: 0.39381131353322585
Punto[1.         0.53310726 0.54238438] -> F: 0.3974068905763666
Punto[1.         0.53484763 0.54509064] -> F: 0.4011078015277012
Punto[1.         0.53658799 0.5477969 ] -> F: 0.4009500248791211
Punto[1.         0.53832835 0.55050316] -> F: 0.398963164358171
Punto[1.         0.54006872 0.55320941] -> F: 0.3969834861119987
Punto[1.         0.54180908 0.55591567] -> F: 0.39501099014060465
Punto[1.         0.54354944 0.55862193] -> F: 0.39304567644398836
Punto[1.         0.54528981 0.56132818] -> F: 0.3910875450221502
Punto[1.         0.54703017 0.56403444] -> F: 0.38913659587509003
Punto[1.         0.54877053 0.5667407 ] -> F: 0.3871928290028079
Punto[1.         0.55051089 0.56944696] -> F: 0.38525624440530365
Punto[1.         0.55225126 0.57215321] -> F: 0.3833268420825774
Punto[1.         0.55399162 0.57485947] -> F: 0.38140462203462927
Punto[1.         0.55573198 0.57756573] -> F: 0.37948958426145896
Punto[1.         0.55747235 0.58027199] -> F: 0.37758192015700576
Punto[1.         0.55921271 0.58297824] -> F: 0.3756832364525258
Punto[1.         0.56095307 0.5856845 ] -> F: 0.3737938953348737
Punto[1.         0.56269344 0.58839076] -> F: 0.3719138968040494
Punto[1.         0.5644338  0.59109702] -> F: 0.37004324086005297
Punto[1.         0.56617416 0.59380327] -> F: 0.3681819275028841
Punto[1.         0.56791453 0.59650953] -> F: 0.3663200840639441
Punto[1.         0.56965489 0.59921579] -> F: 0.364465649318015
Punto[1.         0.57139525 0.60192204] -> F: 0.362620678089346
Punto[1.         0.57313561 0.6046283 ] -> F: 0.3607851703779371
Punto[1.         0.57487598 0.60733456] -> F: 0.35895912618378834
Punto[1.         0.57661634 0.61004082] -> F: 0.3571425455068997
Punto[1.         0.5783567  0.61274707] -> F: 0.35533542834727105
Punto[1.         0.58009707 0.61545333] -> F: 0.35353777470490255
Punto[1.         0.58183743 0.61815959] -> F: 0.35174958457979427
Punto[1.         0.58357779 0.62086585] -> F: 0.349970857971946
Punto[1.         0.58531816 0.6235721 ] -> F: 0.3482015948813578
Punto[1.         0.58705852 0.62627836] -> F: 0.3464417953080297
Punto[1.         0.58879888 0.62898462] -> F: 0.3446914592519619
Punto[1.         0.59053925 0.63169088] -> F: 0.3429505867131541
Punto[1.         0.59227961 0.63439713] -> F: 0.3412191776916063
Punto[1.         0.59401997 0.63710339] -> F: 0.33949723218731875
Punto[1.         0.59576033 0.63980965] -> F: 0.33778330742458273
{
  "seed": 3760,
  "n_per_z": 10,
  "nz": 100,
  "nd": 100,
  "n_muestras": 50,
  "best_f": 0.4011078015277012,
  "best_cp": [
    1.0,
    0.5348476271730063,
    0.5450906406255779
  ],
  "best_u": [
    0.24868988716485485,
    -0.9211773269651432,
    -0.29930865725415495
  ],
  "best_index": 18,
  "n_candidatos": 54
}
