Punto[0.         0.33600331 0.26740488] -> F: 0.052747994625026856
Punto[1.         0.4801631  0.38580576] -> F: 0.3183664263929563
Punto[2.         0.45760168 0.47027164] -> F: 0.22365177050072893
Punto[1.         0.39680249 0.36883826] -> F: 0.2798760230698564
Punto[1.         0.47849589 0.38546641] -> F: 0.3178971817727799
Punto[1.         0.47686202 0.38513385] -> F: 0.31743776579217076
Punto[1.         0.47522816 0.38480129] -> F: 0.31697878907643073
Punto[1.         0.47359429 0.38446872] -> F: 0.31652025162555997
Punto[1.         0.47196042 0.38413616] -> F: 0.3160621534395583
Punto[1.         0.47032655 0.3838036 ] -> F: 0.31558418237112584
Punto[1.         0.46869268 0.38347103] -> F: 0.31509564087334957
Punto[1.         0.46705882 0.38313847] -> F: 0.3146076009614264
Punto[1.         0.46542495 0.38280591] -> F: 0.3141200626353563
Punto[1.         0.46379108 0.38247334] -> F: 0.3136330258951395
Punto[1.         0.46215721 0.38214078] -> F: 0.3131464907407755
Punto[1.         0.46052334 0.38180822] -> F: 0.3126604571722649
Punto[1.         0.45888948 0.38147566] -> F: 0.3121651287814067
Punto[1.         0.45725561 0.38114309] -> F: 0.31165027805888906
Punto[1.         0.45562174 0.38081053] -> F: 0.31113581665488654
Punto[1.         0.45398787 0.38047797] -> F: 0.3106217445693992
Punto[1.        0.452354  0.3801454] -> F: 0.3098886572929956
Punto[1.         0.45072014 0.37981284] -> F: 0.30900029960469916
Punto[1.         0.44908627 0.37948028] -> F: 0.30811232523331755
Punto[1.         0.4474524  0.37914772] -> F: 0.3072247341788508
Punto[1.         0.44581853 0.37881515] -> F: 0.306337526441299
Punto[1.         0.44418466 0.37848259] -> F: 0.30545070202066205
Punto[1.         0.4425508  0.37815003] -> F: 0.30456426091694005
Punto[1.         0.44091693 0.37781746] -> F: 0.30367820313013294
Punto[1.         0.43928306 0.3774849 ] -> F: 0.3027925286602407
Punto[1.         0.43764919 0.37715234] -> F: 0.30190723750726334
Punto[1.         0.43601532 0.37681977] -> F: 0.30102232967120085
Punto[1.         0.43438146 0.37648721] -> F: 0.3001378051520533
Punto[1.         0.43274759 0.37615465] -> F: 0.29925366394982067
Punto[1.         0.43111372 0.37582209] -> F: 0.2983699060645028
Punto[1.         0.42947985 0.37548952] -> F: 0.29748653149609994
Punto[1.         0.42784598 0.37515696] -> F: 0.29660354024461194
Punto[1.         0.42621212 0.3748244 ] -> F: 0.2957203459852272
Punto[1.         0.42457825 0.37449183] -> F: 0.29483683814032097
Punto[1.         0.42294438 0.37415927] -> F: 0.29395371472870185
Punto[1.         0.42131051 0.37382671] -> F: 0.29307097575036994
Punto[1.         0.41967664 0.37349415] -> F: 0.2921886212053253
Punto[1.         0.41804278 0.37316158] -> F: 0.29130665109356785
Punto[1.         0.41640891 0.37282902] -> F: 0.29042506541509755
Punto[1.         0.41477504 0.37249646] -> F: 0.28954386416991446
Punto[1.         0.41314117 0.37216389] -> F: 0.2886630473580187
Punto[1.         0.4115073  0.37183133] -> F: 0.28778261497941
Punto[1.         0.40987344 0.37149877] -> F: 0.2869025670340885
Punto[1.         0.40823957 0.3711662 ] -> F: 0.28602290352205434
Punto[1.         0.4066057  0.37083364] -> F: 0.28514362444330726
Punto[1.         0.40497183 0.37050108] -> F: 0.28426472979784745
Punto[1.         0.40333796 0.37016852] -> F: 0.2833862195856749
Punto[1.         0.4017041  0.36983595] -> F: 0.28250809380678943
Punto[1.         0.40007023 0.36950339] -> F: 0.28163035246119117
Punto[1.         0.39843636 0.36917083] -> F: 0.2807529955488802
{
  "seed": 6085,
  "n_per_z": 10,
  "nz": 100,
  "nd": 100,
  "n_muestras": 50,
  "best_f": 0.3183664263929563,
  "best_cp": [
    1.0,
    0.48016310445137955,
    0.38580576108360126
  ],
  "best_u": [
    -0.5358267949789969,
    -0.4745826923810547,
    0.6983272255002559
  ],
  "best_index": 1,
  "n_candidatos": 54
}
