Punto[0.        0.5026308 0.5555744] -> F: 0.052500248813042036
Punto[1.         0.48565099 0.43747073] -> F: 0.38047231546672083
Punto[2.         0.38813383 0.3841607 ] -> F: 0.1134919602080993
Punto[1.         0.44538231 0.46986755] -> F: 0.3424291242891316
Punto[1.         0.48484561 0.43811866] -> F: 0.3825305148226316
Punto[1.         0.48405635 0.43875364] -> F: 0.38457564203385913
Punto[1.         0.48326708 0.43938862] -> F: 0.38664857733153774
Punto[1.         0.48247781 0.4400236 ] -> F: 0.38848827500772415
Punto[1.         0.48168855 0.44065857] -> F: 0.39023096060295653
Punto[1.         0.48089928 0.44129355] -> F: 0.3920284894143503
Punto[1.         0.48011002 0.44192853] -> F: 0.3938808614419057
Punto[1.         0.47932075 0.44256351] -> F: 0.3957880766856224
Punto[1.         0.47853148 0.44319848] -> F: 0.3977501351455001
Punto[1.         0.47774222 0.44383346] -> F: 0.39976703682153936
Punto[1.         0.47695295 0.44446844] -> F: 0.40183878171373977
Punto[1.         0.47616369 0.44510342] -> F: 0.40114173235753064
Punto[1.         0.47537442 0.4457384 ] -> F: 0.3998976969707012
Punto[1.         0.47458516 0.44637337] -> F: 0.39839940175948246
Punto[1.         0.47379589 0.44700835] -> F: 0.3969246581882409
Punto[1.         0.47300662 0.44764333] -> F: 0.3954734662569768
Punto[1.         0.47221736 0.44827831] -> F: 0.39404582596568993
Punto[1.         0.47142809 0.44891328] -> F: 0.3926417373143801
Punto[1.         0.47063883 0.44954826] -> F: 0.39126120030304784
Punto[1.         0.46984956 0.45018324] -> F: 0.38983900589894
Punto[1.         0.46906029 0.45081822] -> F: 0.3883162991689597
Punto[1.         0.46827103 0.4514532 ] -> F: 0.38682912796335933
Punto[1.         0.46748176 0.45208817] -> F: 0.38537749228213897
Punto[1.         0.4666925  0.45272315] -> F: 0.3839613921252987
Punto[1.         0.46590323 0.45335813] -> F: 0.38258082749283867
Punto[1.         0.46511396 0.45399311] -> F: 0.38123579838475863
Punto[1.         0.4643247  0.45462809] -> F: 0.3799263048010588
Punto[1.         0.46353543 0.45526306] -> F: 0.37864632552010014
Punto[1.         0.46274617 0.45589804] -> F: 0.37724721075942297
Punto[1.         0.4619569  0.45653302] -> F: 0.3756635248171998
Punto[1.         0.46116763 0.457168  ] -> F: 0.37409577843156655
Punto[1.         0.46037837 0.45780297] -> F: 0.3725439716025237
Punto[1.         0.4595891  0.45843795] -> F: 0.37100810433007053
Punto[1.         0.45879984 0.45907293] -> F: 0.3694881766142075
Punto[1.         0.45801057 0.45970791] -> F: 0.3679841884549347
Punto[1.         0.4572213  0.46034289] -> F: 0.3664190030684324
Punto[1.         0.45643204 0.46097786] -> F: 0.36484855981733166
Punto[1.         0.45564277 0.46161284] -> F: 0.36329665430221575
Punto[1.         0.45485351 0.46224782] -> F: 0.3617632865230845
Punto[1.         0.45406424 0.4628828 ] -> F: 0.36024845647993803
Punto[1.         0.45327497 0.46351777] -> F: 0.3587521641727765
Punto[1.         0.45248571 0.46415275] -> F: 0.3572744096015995
Punto[1.         0.45169644 0.46478773] -> F: 0.35581519276640755
Punto[1.         0.45090718 0.46542271] -> F: 0.35412582879676535
Punto[1.         0.45011791 0.46605769] -> F: 0.35242056176937786
Punto[1.         0.44932864 0.46669266] -> F: 0.3507290612179794
Punto[1.         0.44853938 0.46732764] -> F: 0.3490513271425698
Punto[1.         0.44775011 0.46796262] -> F: 0.3473873595431491
Punto[1.         0.44696085 0.4685976 ] -> F: 0.34573715841971725
Punto[1.         0.44617158 0.46923258] -> F: 0.3441007237722745
Best centerpoint:  [1.         0.47695295 0.44446844] Best F:  0.40183878171373977 Best u:  [-0.06279052  0.78859582 -0.61169762] índice:  11
{
  "seed": 7236,
  "n_per_z": 5,
  "nz": 100,
  "nd": 100,
  "n_muestras": 50,
  "best_f": 0.40183878171373977,
  "best_cp": [
    1.0,
    0.476952953009844,
    0.4444684401372697
  ],
  "best_u": [
    -0.06279051952931353,
    0.7885958219525108,
    -0.6116976215878911
  ],
  "n_candidatos": 54
}
