Punto[0.         0.58753833 0.56301858] -> F: 0.14276155366039098
Punto[1.         0.54792525 0.53713012] -> F: 0.4322848389171282
Punto[2.         0.47148749 0.47653821] -> F: 0.09463846256376401
Punto[1.         0.52951291 0.51977839] -> F: 0.4196668295582321
Punto[1.         0.54755701 0.53678308] -> F: 0.4323069728893954
Punto[1.         0.54719612 0.53644299] -> F: 0.43232866518100344
Punto[1.         0.54683524 0.5361029 ] -> F: 0.4323503584613088
Punto[1.         0.54647436 0.5357628 ] -> F: 0.4323720527303116
Punto[1.         0.54611348 0.53542271] -> F: 0.43239374798801183
Punto[1.         0.5457526  0.53508261] -> F: 0.4324154442344095
Punto[1.         0.54539172 0.53474252] -> F: 0.4324371414695046
Punto[1.         0.54503083 0.53440243] -> F: 0.4324588396932971
Punto[1.         0.54466995 0.53406233] -> F: 0.4324805389057871
Punto[1.         0.54430907 0.53372224] -> F: 0.4325022391069744
Punto[1.         0.54394819 0.53338214] -> F: 0.43252394029685903
Punto[1.         0.54358731 0.53304205] -> F: 0.4325436034072809
Punto[1.         0.54322642 0.53270196] -> F: 0.4325541413065059
Punto[1.         0.54286554 0.53236186] -> F: 0.43238377146796897
Punto[1.         0.54250466 0.53202177] -> F: 0.43205298260018105
Punto[1.         0.54214378 0.53168168] -> F: 0.43172077493201094
Punto[1.         0.5417829  0.53134158] -> F: 0.4313820457189079
Punto[1.         0.54142201 0.53100149] -> F: 0.43104344463495786
Punto[1.         0.54106113 0.53066139] -> F: 0.43070497168016075
Punto[1.         0.54070025 0.5303213 ] -> F: 0.43036662685451654
Punto[1.         0.54033937 0.52998121] -> F: 0.4300284101580253
Punto[1.         0.53997849 0.52964111] -> F: 0.4296903215906869
Punto[1.         0.5396176  0.52930102] -> F: 0.4293523611525015
Punto[1.         0.53925672 0.52896093] -> F: 0.42901452884346897
Punto[1.         0.53889584 0.52862083] -> F: 0.4286768246635895
Punto[1.         0.53853496 0.52828074] -> F: 0.4283392486128628
Punto[1.         0.53817408 0.52794064] -> F: 0.42800180069128907
Punto[1.         0.53781319 0.52760055] -> F: 0.4276624829845157
Punto[1.         0.53745231 0.52726046] -> F: 0.42731692837872337
Punto[1.         0.53709143 0.52692036] -> F: 0.4269715083384278
Punto[1.         0.53673055 0.52658027] -> F: 0.4266262228636291
Punto[1.         0.53636967 0.52624018] -> F: 0.42628107195432713
Punto[1.         0.53600879 0.52590008] -> F: 0.4259360556105219
Punto[1.         0.5356479  0.52555999] -> F: 0.4255911738322136
Punto[1.         0.53528702 0.52521989] -> F: 0.42524642661940215
Punto[1.         0.53492614 0.5248798 ] -> F: 0.42490181397208737
Punto[1.         0.53456526 0.52453971] -> F: 0.4245573358902695
Punto[1.         0.53420438 0.52419961] -> F: 0.4242129923739484
Punto[1.         0.53384349 0.52385952] -> F: 0.4238687834231242
Punto[1.         0.53348261 0.52351943] -> F: 0.4235247090377966
Punto[1.         0.53312173 0.52317933] -> F: 0.42317411952287576
Punto[1.         0.53276085 0.52283924] -> F: 0.42282243773547945
Punto[1.         0.53239997 0.52249914] -> F: 0.42247096767940145
Punto[1.         0.53203908 0.52215905] -> F: 0.4221197093546416
Punto[1.         0.5316782  0.52181896] -> F: 0.4217686627611999
Punto[1.         0.53131732 0.52147886] -> F: 0.4214178278990765
Punto[1.         0.53095644 0.52113877] -> F: 0.4210672047682712
Punto[1.         0.53059556 0.52079867] -> F: 0.4207167933687841
Punto[1.         0.53023467 0.52045858] -> F: 0.42036659370061524
Punto[1.         0.52987379 0.52011849] -> F: 0.4200166057637646
Best centerpoint:  [1.         0.54322642 0.53270196] Best F:  0.4325541413065059 Best u:  [ 0.48175367  0.6196424  -0.6196424 ] índice:  13
{
  "seed": 9942,
  "n_per_z": 5,
  "nz": 100,
  "nd": 100,
  "n_muestras": 50,
  "best_f": 0.4325541413065059,
  "best_cp": [
    1.0,
    0.5432264236731333,
    0.5327019573208376
  ],
  "best_u": [
    0.48175367410171543,
    0.619642395858086,
    -0.6196423958580861
  ],
  "n_candidatos": 54
}
