Punto[0.         0.55623556 0.41547417] -> F: 0.11388842203595277
Punto[1.         0.55335182 0.41159388] -> F: 0.4244396517199536
Punto[2.         0.54409607 0.53304526] -> F: 0.1550520407228252
Punto[1.         0.55016581 0.47425971] -> F: 0.42201823600320565
Punto[1.         0.5532881  0.41284719] -> F: 0.42570166299176154
Punto[1.         0.55322565 0.41407544] -> F: 0.42693990189630465
Punto[1.         0.55316321 0.41530369] -> F: 0.428179593832169
Punto[1.         0.55310076 0.41653194] -> F: 0.42942073879935494
Punto[1.         0.55303832 0.41776019] -> F: 0.4306633367978617
Punto[1.         0.55297587 0.41898845] -> F: 0.43190738782769
Punto[1.         0.55291342 0.4202167 ] -> F: 0.43311013148052135
Punto[1.         0.55285098 0.42144495] -> F: 0.43430900203503636
Punto[1.         0.55278853 0.4226732 ] -> F: 0.4355091882281787
Punto[1.         0.55272609 0.42390145] -> F: 0.4367106900599481
Punto[1.         0.55266364 0.4251297 ] -> F: 0.43791350753034514
Punto[1.         0.5526012  0.42635795] -> F: 0.43911764063936926
Punto[1.         0.55253875 0.4275862 ] -> F: 0.4403230893870209
Punto[1.         0.5524763  0.42881445] -> F: 0.4415298537732997
Punto[1.         0.55241386 0.4300427 ] -> F: 0.4427085657107574
Punto[1.         0.55235141 0.43127095] -> F: 0.44387028630616804
Punto[1.         0.55228897 0.4324992 ] -> F: 0.44503319686867204
Punto[1.         0.55222652 0.43372745] -> F: 0.4460916509267419
Punto[1.         0.55216408 0.4349557 ] -> F: 0.44541083314548374
Punto[1.         0.55210163 0.43618395] -> F: 0.4447301971483926
Punto[1.         0.55203919 0.4374122 ] -> F: 0.4440497429354685
Punto[1.         0.55197674 0.43864045] -> F: 0.4433694705067115
Punto[1.         0.55191429 0.4398687 ] -> F: 0.4426893798621216
Punto[1.         0.55185185 0.44109695] -> F: 0.4420092668654952
Punto[1.        0.5517894 0.4423252] -> F: 0.4413258541147464
Punto[1.         0.55172696 0.44355345] -> F: 0.4406426251251768
Punto[1.         0.55166451 0.4447817 ] -> F: 0.4399595798967865
Punto[1.         0.55160207 0.44600995] -> F: 0.4392767184295754
Punto[1.         0.55153962 0.4472382 ] -> F: 0.43859404072354347
Punto[1.         0.55147717 0.44846646] -> F: 0.4379115467786907
Punto[1.         0.55141473 0.44969471] -> F: 0.43722728224074786
Punto[1.         0.55135228 0.45092296] -> F: 0.43654137482947064
Punto[1.         0.55128984 0.45215121] -> F: 0.43585565322273884
Punto[1.         0.55122739 0.45337946] -> F: 0.43517011742055234
Punto[1.         0.55116495 0.45460771] -> F: 0.4344847674229114
Punto[1.         0.5511025  0.45583596] -> F: 0.4337996032298157
Punto[1.         0.55104005 0.45706421] -> F: 0.4331146248412656
Punto[1.         0.55097761 0.45829246] -> F: 0.4324298322572607
Punto[1.         0.55091516 0.45952071] -> F: 0.4317452254778013
Punto[1.         0.55085272 0.46074896] -> F: 0.43106080450288725
Punto[1.         0.55079027 0.46197721] -> F: 0.4303765693325187
Punto[1.         0.55072783 0.46320546] -> F: 0.42969253229462767
Punto[1.         0.55066538 0.46443371] -> F: 0.42900909387728514
Punto[1.         0.55060293 0.46566196] -> F: 0.4283264471125321
Punto[1.         0.55054049 0.46689021] -> F: 0.4276445920003687
Punto[1.         0.55047804 0.46811846] -> F: 0.4269635285407949
Punto[1.         0.5504156  0.46934671] -> F: 0.42628325673381073
Punto[1.         0.55035315 0.47057496] -> F: 0.42523142352945215
Punto[1.         0.55029071 0.47180321] -> F: 0.4241553963909912
Punto[1.         0.55022826 0.47303146] -> F: 0.42308343105111373
{
  "seed": 8186,
  "n_per_z": 10,
  "nz": 100,
  "nd": 100,
  "n_muestras": 50,
  "best_f": 0.4460916509267419,
  "best_cp": [
    1.0,
    0.5522265221008722,
    0.4337274502537527
  ],
  "best_u": [
    -0.5090414157503713,
    -0.2140578375736592,
    0.8337002334317453
  ],
  "best_index": 21,
  "n_candidatos": 54
}
