Punto[0.         0.38608965 0.64115105] -> F: 0.04852918736657494
Punto[1.         0.49067905 0.56108124] -> F: 0.3157784978884194
Punto[2.         0.29479106 0.70669165] -> F: 0.10843468157509613
Punto[1.         0.34044035 0.67392135] -> F: 0.22981488478435264
Punto[1.         0.48767428 0.56333804] -> F: 0.3208176484535662
Punto[1.         0.4847296  0.56554971] -> F: 0.3256176854949249
Punto[1.         0.48178492 0.56776137] -> F: 0.3301607837529659
Punto[1.         0.47884024 0.56997304] -> F: 0.3348402539969262
Punto[1.         0.47589557 0.57218471] -> F: 0.3396485441673587
Punto[1.         0.47295089 0.57439637] -> F: 0.34410769082014314
Punto[1.         0.47000621 0.57660804] -> F: 0.3485852681950059
Punto[1.         0.46706153 0.5788197 ] -> F: 0.35321061389581077
Punto[1.         0.46411685 0.58103137] -> F: 0.35779363303669337
Punto[1.         0.46117217 0.58324304] -> F: 0.361935215904322
Punto[1.         0.45822749 0.5854547 ] -> F: 0.36598902227343433
Punto[1.         0.45528282 0.58766637] -> F: 0.3700799497273741
Punto[1.         0.45233814 0.58987803] -> F: 0.37425470778333025
Punto[1.         0.44939346 0.5920897 ] -> F: 0.37677140078166504
Punto[1.         0.44644878 0.59430137] -> F: 0.3723758195031607
Punto[1.         0.4435041  0.59651303] -> F: 0.3680093701215393
Punto[1.         0.44055942 0.5987247 ] -> F: 0.3636720526368012
Punto[1.         0.43761474 0.60093637] -> F: 0.3593638670489461
Punto[1.         0.43467007 0.60314803] -> F: 0.3550848133579743
Punto[1.         0.43172539 0.6053597 ] -> F: 0.3507951622425841
Punto[1.         0.42878071 0.60757136] -> F: 0.34651934724662076
Punto[1.         0.42583603 0.60978303] -> F: 0.3422734352507363
Punto[1.         0.42289135 0.6119947 ] -> F: 0.3380574262549308
Punto[1.         0.41994667 0.61420636] -> F: 0.33387132025920446
Punto[1.         0.417002   0.61641803] -> F: 0.3297151172635572
Punto[1.         0.41405732 0.6186297 ] -> F: 0.3255888172679887
Punto[1.         0.41111264 0.62084136] -> F: 0.3214924202724996
Punto[1.         0.40816796 0.62305303] -> F: 0.3174259262770895
Punto[1.         0.40522328 0.62526469] -> F: 0.3133386944210835
Punto[1.         0.4022786  0.62747636] -> F: 0.3092773089712256
Punto[1.         0.39933392 0.62968803] -> F: 0.3052466574796331
Punto[1.         0.39638925 0.63189969] -> F: 0.30124673994630635
Punto[1.         0.39344457 0.63411136] -> F: 0.29727755637124514
Punto[1.         0.39049989 0.63632302] -> F: 0.2933391067544496
Punto[1.         0.38755521 0.63853469] -> F: 0.28943139109591953
Punto[1.         0.38461053 0.64074636] -> F: 0.2855472136249653
Punto[1.         0.38166585 0.64295802] -> F: 0.2816455431386045
Punto[1.         0.37872117 0.64516969] -> F: 0.27777550332015744
Punto[1.         0.3757765  0.64738136] -> F: 0.2739370941696236
Punto[1.         0.37283182 0.64959302] -> F: 0.2701303156870029
Punto[1.         0.36988714 0.65180469] -> F: 0.26635516787229574
Punto[1.         0.36694246 0.65401635] -> F: 0.262611650725502
Punto[1.         0.36399778 0.65622802] -> F: 0.25888952828032497
Punto[1.         0.3610531  0.65843969] -> F: 0.25515362524232754
Punto[1.         0.35810842 0.66065135] -> F: 0.2514503224592032
Punto[1.         0.35516375 0.66286302] -> F: 0.24777961993095218
Punto[1.         0.35221907 0.66507468] -> F: 0.2441415176575742
Punto[1.         0.34927439 0.66728635] -> F: 0.2405360156390694
Punto[1.         0.34632971 0.66949802] -> F: 0.2369631138754379
Punto[1.         0.34338503 0.67170968] -> F: 0.23337318995401612
Best centerpoint:  [1.         0.44939346 0.5920897 ] Best F:  0.37677140078166504 Best u:  [-0.63742399 -0.34980569  0.68653233] índice:  14
{
  "seed": 16807,
  "n_per_z": 5,
  "nz": 100,
  "nd": 100,
  "n_muestras": 50,
  "best_f": 0.37677140078166504,
  "best_cp": [
    1.0,
    0.44939345916896545,
    0.5920897009623953
  ],
  "best_u": [
    -0.6374239897486897,
    -0.3498056921437192,
    0.6865323262867641
  ],
  "n_candidatos": 54
}
