Punto[0.         0.50632335 0.40830913] -> F: 0.11758406657049522
Punto[1.         0.49516119 0.45392484] -> F: 0.40677297871316237
Punto[2.         0.5667885  0.52897645] -> F: 0.12820485411623345
Punto[1.         0.53655593 0.46864279] -> F: 0.43585508956406305
Punto[1.         0.49598909 0.4542192 ] -> F: 0.40815101544394866
Punto[1.         0.49680043 0.45450767] -> F: 0.40950458317916805
Punto[1.         0.49761176 0.45479615] -> F: 0.41086121142374876
Punto[1.         0.4984231  0.45508462] -> F: 0.412220900177691
Punto[1.         0.49923444 0.45537309] -> F: 0.4135836494409947
Punto[1.         0.50004577 0.45566156] -> F: 0.41494945921365967
Punto[1.         0.50085711 0.45595003] -> F: 0.41631832949568615
Punto[1.         0.50166845 0.4562385 ] -> F: 0.4176902602870739
Punto[1.         0.50247978 0.45652698] -> F: 0.41906525158782315
Punto[1.         0.50329112 0.45681545] -> F: 0.4204433033979339
Punto[1.         0.50410246 0.45710392] -> F: 0.421824415717406
Punto[1.         0.50491379 0.45739239] -> F: 0.42319349470751777
Punto[1.         0.50572513 0.45768086] -> F: 0.42456093392355904
Punto[1.         0.50653647 0.45796934] -> F: 0.42593126856211927
Punto[1.         0.5073478  0.45825781] -> F: 0.42730449862319864
Punto[1.         0.50815914 0.45854628] -> F: 0.428680624106797
Punto[1.         0.50897048 0.45883475] -> F: 0.43005964501291466
Punto[1.         0.50978181 0.45912322] -> F: 0.43144156134155137
Punto[1.         0.51059315 0.45941169] -> F: 0.43282637309270733
Punto[1.         0.51140449 0.45970017] -> F: 0.4342140802663821
Punto[1.         0.51221582 0.45998864] -> F: 0.43560468286257625
Punto[1.         0.51302716 0.46027711] -> F: 0.4369981808812893
Punto[1.         0.5138385  0.46056558] -> F: 0.4383944677757762
Punto[1.         0.51464983 0.46085405] -> F: 0.4397933311681751
Punto[1.         0.51546117 0.46114252] -> F: 0.4411947651961749
Punto[1.         0.51627251 0.461431  ] -> F: 0.4421516504750655
Punto[1.         0.51708384 0.46171947] -> F: 0.4426058426132391
Punto[1.         0.51789518 0.46200794] -> F: 0.4430606496671611
Punto[1.         0.51870652 0.46229641] -> F: 0.44351607163683127
Punto[1.         0.51951785 0.46258488] -> F: 0.4439437281305577
Punto[1.         0.52032919 0.46287336] -> F: 0.44435799837858164
Punto[1.         0.52114053 0.46316183] -> F: 0.44477269183745693
Punto[1.         0.52195186 0.4634503 ] -> F: 0.44518780850718376
Punto[1.         0.5227632  0.46373877] -> F: 0.4456033483877622
Punto[1.         0.52357454 0.46402724] -> F: 0.4459944546276706
Punto[1.         0.52438587 0.46431571] -> F: 0.44636974378152056
Punto[1.         0.52519721 0.46460419] -> F: 0.4467453102493527
Punto[1.         0.52600855 0.46489266] -> F: 0.4471211540311663
Punto[1.         0.52681988 0.46518113] -> F: 0.44747739598716035
Punto[1.         0.52763122 0.4654696 ] -> F: 0.44740717349472453
Punto[1.         0.52844256 0.46575807] -> F: 0.4467308116801051
Punto[1.         0.52925389 0.46604654] -> F: 0.44605500143247223
Punto[1.         0.53006523 0.46633502] -> F: 0.44510365593117535
Punto[1.         0.53087657 0.46662349] -> F: 0.44391022260419505
Punto[1.         0.5316879  0.46691196] -> F: 0.442727464286098
Punto[1.         0.53249924 0.46720043] -> F: 0.44155538097688446
Punto[1.         0.53331058 0.4674889 ] -> F: 0.44039397267655367
Punto[1.         0.53412191 0.46777738] -> F: 0.43924323938510623
Punto[1.         0.53493325 0.46806585] -> F: 0.43810318110254176
Punto[1.         0.53574459 0.46835432] -> F: 0.43697379782886087
{
  "seed": 16353,
  "n_per_z": 10,
  "nz": 100,
  "nd": 100,
  "n_muestras": 50,
  "best_f": 0.44747739598716035,
  "best_cp": [
    1.0,
    0.5268198845267505,
    0.46518112942607964
  ],
  "best_u": [
    -0.21814324139654234,
    -0.5485465900530448,
    0.8071617959084699
  ],
  "best_index": 42,
  "n_candidatos": 54
}
