Punto[0.         0.60392227 0.40944742] -> F: 0.14521748187464434
Punto[1.         0.51014921 0.44628868] -> F: 0.4064061342758987
Punto[2.         0.53128157 0.51201243] -> F: 0.13272833867634193
Punto[1.         0.56760192 0.46072993] -> F: 0.4357382762602936
Punto[1.         0.51129826 0.4465775 ] -> F: 0.40814789013552655
Punto[1.         0.51242433 0.44686055] -> F: 0.4098660383228322
Punto[1.         0.51355041 0.4471436 ] -> F: 0.4115953005464738
Punto[1.         0.51467648 0.44742665] -> F: 0.4133356768064518
Punto[1.         0.51580255 0.4477097 ] -> F: 0.4150871671027658
Punto[1.         0.51692863 0.44799275] -> F: 0.41684977143541646
Punto[1.        0.5180547 0.4482758] -> F: 0.4186234898044033
Punto[1.         0.51918077 0.44855884] -> F: 0.42040832220972624
Punto[1.         0.52030685 0.44884189] -> F: 0.42220426865138533
Punto[1.         0.52143292 0.44912494] -> F: 0.42401132912938094
Punto[1.         0.52255899 0.44940799] -> F: 0.4258282478686203
Punto[1.         0.52368507 0.44969104] -> F: 0.4276509794228426
Punto[1.         0.52481114 0.44997409] -> F: 0.4294792169800576
Punto[1.         0.52593721 0.45025713] -> F: 0.4313129605402649
Punto[1.         0.52706329 0.45054018] -> F: 0.433150529064869
Punto[1.         0.52818936 0.45082323] -> F: 0.43499003034382583
Punto[1.         0.52931543 0.45110628] -> F: 0.4368314627447152
Punto[1.         0.53044151 0.45138933] -> F: 0.43867482626753695
Punto[1.         0.53156758 0.45167238] -> F: 0.44052012091229076
Punto[1.         0.53269365 0.45195543] -> F: 0.4423673466789768
Punto[1.         0.53381973 0.45223847] -> F: 0.44289628640404444
Punto[1.         0.5349458  0.45252152] -> F: 0.44304334727609984
Punto[1.         0.53607187 0.45280457] -> F: 0.44319051118998637
Punto[1.         0.53719794 0.45308762] -> F: 0.44333777814570374
Punto[1.         0.53832402 0.45337067] -> F: 0.4434643209585362
Punto[1.         0.53945009 0.45365372] -> F: 0.44346943542164474
Punto[1.         0.54057616 0.45393676] -> F: 0.4434745498694609
Punto[1.         0.54170224 0.45421981] -> F: 0.44347966430198466
Punto[1.         0.54282831 0.45450286] -> F: 0.44348477871921577
Punto[1.         0.54395438 0.45478591] -> F: 0.4434898931211545
Punto[1.         0.54508046 0.45506896] -> F: 0.44349500750780074
Punto[1.         0.54620653 0.45535201] -> F: 0.44350012187915444
Punto[1.         0.5473326  0.45563506] -> F: 0.4434759366543321
Punto[1.         0.54845868 0.4559181 ] -> F: 0.44344575025236066
Punto[1.         0.54958475 0.45620115] -> F: 0.4434155821099404
Punto[1.         0.55071082 0.4564842 ] -> F: 0.44338543222707144
Punto[1.         0.5518369  0.45676725] -> F: 0.44335530060375367
Punto[1.         0.55296297 0.4570503 ] -> F: 0.4433251872399871
Punto[1.         0.55408904 0.45733335] -> F: 0.4432950921357718
Punto[1.         0.55521512 0.45761639] -> F: 0.4432650152911077
Punto[1.         0.55634119 0.45789944] -> F: 0.4431995169782799
Punto[1.         0.55746726 0.45818249] -> F: 0.4424694174910556
Punto[1.         0.55859334 0.45846554] -> F: 0.44173989133680197
Punto[1.         0.55971941 0.45874859] -> F: 0.4410109385155186
Punto[1.         0.56084548 0.45903164] -> F: 0.4402825590272056
Punto[1.         0.56197156 0.45931469] -> F: 0.43955299961035715
Punto[1.         0.56309763 0.45959773] -> F: 0.43878879264350373
Punto[1.         0.5642237  0.45988078] -> F: 0.43802521682507073
Punto[1.         0.56534978 0.46016383] -> F: 0.4372622721550581
Punto[1.         0.56647585 0.46044688] -> F: 0.4364999586334655
{
  "seed": 17602,
  "n_per_z": 10,
  "nz": 100,
  "nd": 100,
  "n_muestras": 50,
  "best_f": 0.44350012187915444,
  "best_cp": [
    1.0,
    0.5462065311382285,
    0.45535200698806544
  ],
  "best_u": [
    0.24868988716485474,
    -0.2408768370508577,
    0.9381533400219317
  ],
  "best_index": 35,
  "n_candidatos": 54
}
