Punto[0.         0.40282511 0.37649446] -> F: 0.11797309958226947
Punto[1.         0.50126431 0.44668912] -> F: 0.3666077976752314
Punto[2.         0.60732351 0.37874061] -> F: 0.0950673154069678
Punto[1.         0.50507431 0.37761754] -> F: 0.399118098968845
Punto[1.         0.50134051 0.44530769] -> F: 0.3690650299653183
Punto[1.         0.50141519 0.44395389] -> F: 0.3715380295851112
Punto[1.         0.50148986 0.44260009] -> F: 0.3740751115470215
Punto[1.         0.50156454 0.44124628] -> F: 0.376338598782665
Punto[1.         0.50163922 0.43989248] -> F: 0.3784982007223479
Punto[1.         0.50171389 0.43853868] -> F: 0.38066297002360916
Punto[1.         0.50178857 0.43718487] -> F: 0.38283454339810397
Punto[1.         0.50186324 0.43583107] -> F: 0.3853853171110211
Punto[1.         0.50193792 0.43447727] -> F: 0.38859974285722704
Punto[1.         0.5020126  0.43312346] -> F: 0.39223136447082635
Punto[1.         0.50208727 0.43176966] -> F: 0.39587023418672085
Punto[1.         0.50216195 0.43041586] -> F: 0.39951008337918464
Punto[1.         0.50223662 0.42906205] -> F: 0.4029369564056581
Punto[1.         0.5023113  0.42770825] -> F: 0.40617219850663405
Punto[1.         0.50238597 0.42635445] -> F: 0.40947090562853916
Punto[1.         0.50246065 0.42500064] -> F: 0.4128330777713738
Punto[1.         0.50253533 0.42364684] -> F: 0.41625871493513794
Punto[1.         0.50261    0.42229304] -> F: 0.4197478171198314
Punto[1.         0.50268468 0.42093924] -> F: 0.4233003843254547
Punto[1.         0.50275935 0.41958543] -> F: 0.42691629515602925
Punto[1.         0.50283403 0.41823163] -> F: 0.43027630572717523
Punto[1.         0.50290871 0.41687783] -> F: 0.4335951369795254
Punto[1.         0.50298338 0.41552402] -> F: 0.4326284695681547
Punto[1.         0.50305806 0.41417022] -> F: 0.43148411051013025
Punto[1.         0.50313273 0.41281642] -> F: 0.43034239473339336
Punto[1.         0.50320741 0.41146261] -> F: 0.429203322237944
Punto[1.         0.50328208 0.41010881] -> F: 0.42806689302378215
Punto[1.         0.50335676 0.40875501] -> F: 0.426911568196567
Punto[1.         0.50343144 0.4074012 ] -> F: 0.42575060192033387
Punto[1.         0.50350611 0.4060474 ] -> F: 0.4245924205676526
Punto[1.         0.50358079 0.4046936 ] -> F: 0.4234370241385233
Punto[1.         0.50365546 0.40333979] -> F: 0.4222844126329461
Punto[1.         0.50373014 0.40198599] -> F: 0.4211345860509207
Punto[1.         0.50380482 0.40063219] -> F: 0.41998754439244745
Punto[1.         0.50387949 0.39927839] -> F: 0.41884328765752615
Punto[1.         0.50395417 0.39792458] -> F: 0.4176814246061239
Punto[1.         0.50402884 0.39657078] -> F: 0.41651208878813606
Punto[1.         0.50410352 0.39521698] -> F: 0.4153456902803664
Punto[1.         0.50417819 0.39386317] -> F: 0.414182229082815
Punto[1.         0.50425287 0.39250937] -> F: 0.4130217051954818
Punto[1.         0.50432755 0.39115557] -> F: 0.4118641186183668
Punto[1.         0.50440222 0.38980176] -> F: 0.4106688689256208
Punto[1.         0.5044769  0.38844796] -> F: 0.40946572566732
Punto[1.         0.50455157 0.38709416] -> F: 0.4082662706199435
Punto[1.         0.50462625 0.38574035] -> F: 0.40705097018810776
Punto[1.         0.50470093 0.38438655] -> F: 0.4057434656658346
Punto[1.         0.5047756  0.38303275] -> F: 0.4044396493544861
Punto[1.         0.50485028 0.38167895] -> F: 0.403139521254062
Punto[1.         0.50492495 0.38032514] -> F: 0.40184308136456254
Punto[1.         0.50499963 0.37897134] -> F: 0.4005202549290392
Best centerpoint:  [1.         0.50290871 0.41687783] Best F:  0.4335951369795254 Best u:  [-0.09410831  0.27775293  0.95603187] índice:  22
{
  "seed": 8283,
  "n_per_z": 5,
  "nz": 100,
  "nd": 100,
  "n_muestras": 50,
  "best_f": 0.4335951369795254,
  "best_cp": [
    1.0,
    0.5029087054408172,
    0.4168778261097085
  ],
  "best_u": [
    -0.09410831331851438,
    0.27775293363520154,
    0.9560318683084699
  ],
  "n_candidatos": 54
}
