Punto[0.         0.63193523 0.47875487] -> F: 0.0663263512999451
Punto[1.         0.58450592 0.4441543 ] -> F: 0.3363627818773721
Punto[2.         0.36779493 0.3524316 ] -> F: 0.17516000899656153
Punto[1.         0.49986508 0.41559323] -> F: 0.30316478110386913
Punto[1.         0.5828131  0.44358308] -> F: 0.3377996903575659
Punto[1.         0.58115414 0.44302329] -> F: 0.33922191553320574
Punto[1.         0.57949518 0.44246349] -> F: 0.34065805360556134
Punto[1.         0.57783622 0.44190369] -> F: 0.34210810457463303
Punto[1.         0.57617726 0.4413439 ] -> F: 0.34357206844042043
Punto[1.        0.5745183 0.4407841] -> F: 0.34504994520292376
Punto[1.         0.57285934 0.4402243 ] -> F: 0.34654173486214285
Punto[1.         0.57120038 0.4396645 ] -> F: 0.3480474374180781
Punto[1.         0.56954142 0.43910471] -> F: 0.349567052870729
Punto[1.         0.56788246 0.43854491] -> F: 0.3511005812200959
Punto[1.         0.5662235  0.43798511] -> F: 0.35264802246617855
Punto[1.         0.56456454 0.43742532] -> F: 0.3542093766089772
Punto[1.         0.56290558 0.43686552] -> F: 0.3557846436484918
Punto[1.         0.56124662 0.43630572] -> F: 0.3548255066913118
Punto[1.         0.55958766 0.43574593] -> F: 0.3534631216152842
Punto[1.         0.5579287  0.43518613] -> F: 0.35209851547292464
Punto[1.         0.55626974 0.43462633] -> F: 0.3507455995694256
Punto[1.         0.55461078 0.43406653] -> F: 0.34940437390478746
Punto[1.         0.55295182 0.43350674] -> F: 0.34807483847901016
Punto[1.         0.55129286 0.43294694] -> F: 0.34673577885388196
Punto[1.         0.5496339  0.43238714] -> F: 0.3453635888663816
Punto[1.         0.54797494 0.43182735] -> F: 0.34400446103745635
Punto[1.         0.54631597 0.43126755] -> F: 0.3426583953671062
Punto[1.         0.54465701 0.43070775] -> F: 0.3413253918553309
Punto[1.         0.54299805 0.43014796] -> F: 0.33998403321215337
Punto[1.         0.54133909 0.42958816] -> F: 0.33861276377273164
Punto[1.         0.53968013 0.42902836] -> F: 0.3372563021283398
Punto[1.         0.53802117 0.42846856] -> F: 0.33591464827897793
Punto[1.         0.53636221 0.42790877] -> F: 0.33458780222464624
Punto[1.         0.53470325 0.42734897] -> F: 0.3332272522997265
Punto[1.         0.53304429 0.42678917] -> F: 0.3318689440644139
Punto[1.         0.53138533 0.42622938] -> F: 0.3305277425297104
Punto[1.         0.52972637 0.42566958] -> F: 0.32920364769561544
Punto[1.         0.52806741 0.42510978] -> F: 0.3278619852747622
Punto[1.         0.52640845 0.42454999] -> F: 0.3265147134991003
Punto[1.         0.52474949 0.42399019] -> F: 0.32518771599486135
Punto[1.         0.52309053 0.42343039] -> F: 0.3238809589955874
Punto[1.         0.52143157 0.42287059] -> F: 0.32256087977784825
Punto[1.         0.51977261 0.4223108 ] -> F: 0.32116981951001256
Punto[1.         0.51811365 0.421751  ] -> F: 0.31967855396295236
Punto[1.         0.51645469 0.4211912 ] -> F: 0.31820035057446716
Punto[1.         0.51479573 0.42063141] -> F: 0.31673520934455673
Punto[1.         0.51313677 0.42007161] -> F: 0.3152277053286824
Punto[1.         0.5114778  0.41951181] -> F: 0.3137147877207807
Punto[1.         0.50981884 0.41895202] -> F: 0.3122166779079089
Punto[1.         0.50815988 0.41839222] -> F: 0.3107333758900671
Punto[1.         0.50650092 0.41783242] -> F: 0.3092275563402741
Punto[1.         0.50484196 0.41727262] -> F: 0.3076977954197485
Punto[1.         0.503183   0.41671283] -> F: 0.306185141199832
Punto[1.         0.50152404 0.41615303] -> F: 0.3046895936805243
Best centerpoint:  [1.         0.56290558 0.43686552] Best F:  0.3557846436484918 Best u:  [-0.09410831  0.70396862 -0.70396862] índice:  13
{
  "seed": 19244,
  "n_per_z": 5,
  "nz": 100,
  "nd": 100,
  "n_muestras": 50,
  "best_f": 0.3557846436484918,
  "best_cp": [
    1.0,
    0.5629055792765284,
    0.4368655191836695
  ],
  "best_u": [
    -0.09410831331851428,
    0.7039686162622394,
    -0.7039686162622395
  ],
  "n_candidatos": 54
}
