Punto[0.         0.53703391 0.51409717] -> F: 0.1554844532086559
Punto[1.         0.53543971 0.5502468 ] -> F: 0.44982505019484764
Punto[2.         0.51063114 0.52429822] -> F: 0.10843502624809213
Punto[1.         0.52383252 0.5191977 ] -> F: 0.4353589776369417
Punto[1.         0.53520757 0.54962582] -> F: 0.4505362075270337
Punto[1.         0.53498007 0.54901726] -> F: 0.4511416344541293
Punto[1.         0.53475257 0.54840869] -> F: 0.4517468416642908
Punto[1.         0.53452507 0.54780013] -> F: 0.4521666089959665
Punto[1.         0.53429757 0.54719157] -> F: 0.4518534677228016
Punto[1.         0.53407006 0.54658301] -> F: 0.45154219621606184
Punto[1.         0.53384256 0.54597444] -> F: 0.45123279447574693
Punto[1.         0.53361506 0.54536588] -> F: 0.45092526250185705
Punto[1.         0.53338756 0.54475732] -> F: 0.4506196002943924
Punto[1.         0.53316006 0.54414876] -> F: 0.45031580785335285
Punto[1.         0.53293256 0.54354019] -> F: 0.45001388517873836
Punto[1.         0.53270506 0.54293163] -> F: 0.44971312718264156
Punto[1.         0.53247756 0.54232307] -> F: 0.44941220567934115
Punto[1.         0.53225006 0.54171451] -> F: 0.4491110896001502
Punto[1.         0.53202256 0.54110594] -> F: 0.4488046199205151
Punto[1.         0.53179505 0.54049738] -> F: 0.4484911523890591
Punto[1.         0.53156755 0.53988882] -> F: 0.4481787373413406
Punto[1.         0.53134005 0.53928026] -> F: 0.44786737477735966
Punto[1.         0.53111255 0.53867169] -> F: 0.4475570646971163
Punto[1.         0.53088505 0.53806313] -> F: 0.44724780710061046
Punto[1.         0.53065755 0.53745457] -> F: 0.446939601987842
Punto[1.         0.53043005 0.53684601] -> F: 0.446632449358811
Punto[1.         0.53020255 0.53623744] -> F: 0.44632634921351766
Punto[1.         0.52997505 0.53562888] -> F: 0.4460213015519616
Punto[1.         0.52974755 0.53502032] -> F: 0.44571730637414336
Punto[1.         0.52952005 0.53441176] -> F: 0.4454143636800622
Punto[1.         0.52929254 0.53380319] -> F: 0.4451124734697189
Punto[1.         0.52906504 0.53319463] -> F: 0.4448116357431129
Punto[1.         0.52883754 0.53258607] -> F: 0.4445118505002443
Punto[1.         0.52861004 0.53197751] -> F: 0.4442129473429412
Punto[1.         0.52838254 0.53136894] -> F: 0.44391400067769526
Punto[1.         0.52815504 0.53076038] -> F: 0.44361487131980437
Punto[1.         0.52792754 0.53015182] -> F: 0.44331555926926874
Punto[1.         0.52770004 0.52954326] -> F: 0.44301606452608827
Punto[1.         0.52747254 0.52893469] -> F: 0.44271638709026306
Punto[1.         0.52724504 0.52832613] -> F: 0.4424165269617931
Punto[1.         0.52701754 0.52771757] -> F: 0.44198843408629457
Punto[1.         0.52679003 0.52710901] -> F: 0.4414969445597694
Punto[1.         0.52656253 0.52650044] -> F: 0.4410053252867354
Punto[1.         0.52633503 0.52589188] -> F: 0.4405145333360998
Punto[1.         0.52610753 0.52528332] -> F: 0.4400272870925805
Punto[1.         0.52588003 0.52467476] -> F: 0.43954375272141666
Punto[1.         0.52565253 0.5240662 ] -> F: 0.4390639302226084
Punto[1.         0.52542503 0.52345763] -> F: 0.4385878195961557
Punto[1.         0.52519753 0.52284907] -> F: 0.43811542084205846
Punto[1.         0.52497003 0.52224051] -> F: 0.4376467339603168
Punto[1.         0.52474253 0.52163195] -> F: 0.43718175895093064
Punto[1.         0.52451503 0.52102338] -> F: 0.4367204958139002
Punto[1.         0.52428752 0.52041482] -> F: 0.4362629445492252
Punto[1.         0.52406002 0.51980626] -> F: 0.4358091051569057
{
  "seed": 10256,
  "n_per_z": 10,
  "nz": 100,
  "nd": 100,
  "n_muestras": 50,
  "best_f": 0.4521666089959665,
  "best_cp": [
    1.0,
    0.5345250659905789,
    0.5478001305003333
  ],
  "best_u": [
    0.3971478906347807,
    0.46717511396962585,
    -0.7899499768034755
  ],
  "best_index": 7,
  "n_candidatos": 54
}
