Punto[0.         0.49643597 0.49201264] -> F: 0.0997333765614251
Punto[1.         0.50893637 0.53723001] -> F: 0.39947864881867007
Punto[2.         0.49046066 0.48233894] -> F: 0.18548670736930956
Punto[1.         0.49344831 0.48717579] -> F: 0.37626460942710593
Punto[1.         0.50862661 0.53622893] -> F: 0.3995294396394286
Punto[1.         0.50832304 0.53524787] -> F: 0.39957823954399413
Punto[1.         0.50801948 0.5342668 ] -> F: 0.3996169888243874
Punto[1.         0.50771591 0.53328574] -> F: 0.39964531385707913
Punto[1.         0.50741235 0.53230468] -> F: 0.3996736409745326
Punto[1.         0.50710878 0.53132361] -> F: 0.39968918754155386
Punto[1.         0.50680521 0.53034255] -> F: 0.3996786542191616
Punto[1.         0.50650165 0.52936149] -> F: 0.39962412160364513
Punto[1.         0.50619808 0.52838043] -> F: 0.3995596148067557
Punto[1.         0.50589452 0.52739936] -> F: 0.39948565696259764
Punto[1.         0.50559095 0.5264183 ] -> F: 0.3993346968492076
Punto[1.         0.50528738 0.52543724] -> F: 0.3988900120581372
Punto[1.         0.50498382 0.52445618] -> F: 0.39833666986991145
Punto[1.         0.50468025 0.52347511] -> F: 0.3977523327652721
Punto[1.         0.50437669 0.52249405] -> F: 0.3971682972613437
Punto[1.         0.50407312 0.52151299] -> F: 0.39658456335812625
Punto[1.         0.50376955 0.52053193] -> F: 0.3960011310556198
Punto[1.         0.50346599 0.51955086] -> F: 0.3954180003538243
Punto[1.         0.50316242 0.5185698 ] -> F: 0.3948351712527397
Punto[1.         0.50285886 0.51758874] -> F: 0.39425264375236607
Punto[1.         0.50255529 0.51660767] -> F: 0.39367041785270357
Punto[1.         0.50225173 0.51562661] -> F: 0.3930884935537519
Punto[1.         0.50194816 0.51464555] -> F: 0.3925068708555112
Punto[1.         0.50164459 0.51366449] -> F: 0.39192554975798155
Punto[1.         0.50134103 0.51268342] -> F: 0.3913445302611629
Punto[1.         0.50103746 0.51170236] -> F: 0.39076381236505503
Punto[1.        0.5007339 0.5107213] -> F: 0.3901833960696583
Punto[1.         0.50043033 0.50974024] -> F: 0.3896032813749724
Punto[1.         0.50012676 0.50875917] -> F: 0.3890234682809976
Punto[1.         0.4998232  0.50777811] -> F: 0.388443000536907
Punto[1.         0.49951963 0.50679705] -> F: 0.387860021750249
Punto[1.         0.49921607 0.50581598] -> F: 0.38727734850363876
Punto[1.         0.4989125  0.50483492] -> F: 0.3866949807970761
Punto[1.         0.49860893 0.50385386] -> F: 0.3861129186305612
Punto[1.         0.49830537 0.5028728 ] -> F: 0.38553116200409404
Punto[1.         0.4980018  0.50189173] -> F: 0.38494971091767455
Punto[1.         0.49769824 0.50091067] -> F: 0.38436856537130276
Punto[1.         0.49739467 0.49992961] -> F: 0.38378772536497874
Punto[1.         0.4970911  0.49894855] -> F: 0.38320719089870225
Punto[1.         0.49678754 0.49796748] -> F: 0.38262696197247353
Punto[1.         0.49648397 0.49698642] -> F: 0.3820470385862925
Punto[1.         0.49618041 0.49600536] -> F: 0.3814674207401593
Punto[1.         0.49587684 0.49502429] -> F: 0.38088810843407367
Punto[1.         0.49557328 0.49404323] -> F: 0.3803091016680358
Punto[1.         0.49526971 0.49306217] -> F: 0.37973040044204553
Punto[1.         0.49496614 0.49208111] -> F: 0.37915200475610306
Punto[1.         0.49466258 0.49110004] -> F: 0.37857391461020823
Punto[1.         0.49435901 0.49011898] -> F: 0.3779961300043611
Punto[1.         0.49405545 0.48913792] -> F: 0.3774186509385617
Punto[1.         0.49375188 0.48815686] -> F: 0.37684147741281004
{
  "seed": 14416,
  "n_per_z": 10,
  "nz": 100,
  "nd": 100,
  "n_muestras": 50,
  "best_f": 0.39968918754155386,
  "best_cp": [
    1.0,
    0.5071087795667467,
    0.5313236148124826
  ],
  "best_u": [
    -0.4539904997395467,
    -0.8473975608908426,
    0.2753361580731584
  ],
  "best_index": 9,
  "n_candidatos": 54
}
