Punto[0.         0.50935006 0.41486491] -> F: 0.1585061719731639
Punto[1.         0.50479957 0.4866403 ] -> F: 0.43567610603780715
Punto[2.         0.54008143 0.42800455] -> F: 0.12238167935482472
Punto[1.         0.52471574 0.42143473] -> F: 0.4297195861773777
Punto[1.         0.50519789 0.48533619] -> F: 0.43746112487750616
Punto[1.         0.50558825 0.48405816] -> F: 0.439179322729459
Punto[1.         0.50597861 0.48278013] -> F: 0.4408564550491387
Punto[1.         0.50636896 0.4815021 ] -> F: 0.44253677441089023
Punto[1.         0.50675932 0.48022407] -> F: 0.44415887723178915
Punto[1.         0.50714968 0.47894604] -> F: 0.44577046857388264
Punto[1.         0.50754004 0.47766802] -> F: 0.44736394029229276
Punto[1.         0.50793039 0.47638999] -> F: 0.44889003090977675
Punto[1.         0.50832075 0.47511196] -> F: 0.45042469829082155
Punto[1.         0.50871111 0.47383393] -> F: 0.4519679424354273
Punto[1.         0.50910146 0.4725559 ] -> F: 0.45351976334359384
Punto[1.         0.50949182 0.47127787] -> F: 0.4550801610153215
Punto[1.         0.50988218 0.46999984] -> F: 0.45656465699926535
Punto[1.         0.51027253 0.46872181] -> F: 0.4559043318288806
Punto[1.         0.51066289 0.46744378] -> F: 0.45524223332455627
Punto[1.         0.51105325 0.46616575] -> F: 0.45456427651176473
Punto[1.         0.51144361 0.46488772] -> F: 0.4538868029115019
Punto[1.         0.51183396 0.46360969] -> F: 0.4532098125237679
Punto[1.         0.51222432 0.46233166] -> F: 0.45253330534856284
Punto[1.         0.51261468 0.46105363] -> F: 0.4518532972201679
Punto[1.         0.51300503 0.45977561] -> F: 0.45115885138359474
Punto[1.         0.51339539 0.45849758] -> F: 0.4504649161980382
Punto[1.         0.51378575 0.45721955] -> F: 0.4497714916634983
Punto[1.         0.5141761  0.45594152] -> F: 0.4490785777799751
Punto[1.         0.51456646 0.45466349] -> F: 0.4483816336405542
Punto[1.         0.51495682 0.45338546] -> F: 0.4476704220968222
Punto[1.         0.51534717 0.45210743] -> F: 0.4469597501352814
Punto[1.         0.51573753 0.4508294 ] -> F: 0.4462496177559319
Punto[1.         0.51612789 0.44955137] -> F: 0.44554002495877376
Punto[1.         0.51651825 0.44827334] -> F: 0.44483008108208605
Punto[1.         0.5169086  0.44699531] -> F: 0.444103778667431
Punto[1.         0.51729896 0.44571728] -> F: 0.4433785979767117
Punto[1.         0.51768932 0.44443925] -> F: 0.4426545390099281
Punto[1.         0.51807967 0.44316123] -> F: 0.44193160176708024
Punto[1.         0.51847003 0.4418832 ] -> F: 0.4412097862481682
Punto[1.         0.51886039 0.44060517] -> F: 0.44048909245319173
Punto[1.         0.51925074 0.43932714] -> F: 0.4397695203821511
Punto[1.         0.5196411  0.43804911] -> F: 0.4390510700350462
Punto[1.         0.52003146 0.43677108] -> F: 0.4383337414118771
Punto[1.         0.52042182 0.43549305] -> F: 0.4376175345126436
Punto[1.         0.52081217 0.43421502] -> F: 0.436902449337346
Punto[1.         0.52120253 0.43293699] -> F: 0.436188485885984
Punto[1.         0.52159289 0.43165896] -> F: 0.43547564415855794
Punto[1.         0.52198324 0.43038093] -> F: 0.4347571574683992
Punto[1.        0.5223736 0.4291029] -> F: 0.4340340192344754
Punto[1.         0.52276396 0.42782487] -> F: 0.4333120427313345
Punto[1.         0.52315431 0.42654684] -> F: 0.4325912279589768
Punto[1.         0.52354467 0.42526882] -> F: 0.4318715749174024
Punto[1.         0.52393503 0.42399079] -> F: 0.43115308360661103
Punto[1.         0.52432538 0.42271276] -> F: 0.4304357540266028
{
  "seed": 15304,
  "n_per_z": 10,
  "nz": 100,
  "nd": 100,
  "n_muestras": 50,
  "best_f": 0.45656465699926535,
  "best_cp": [
    1.0,
    0.5098821773692261,
    0.4699998396646067
  ],
  "best_u": [
    0.48175367410171543,
    0.6573273410920194,
    -0.5795120051753839
  ],
  "best_index": 16,
  "n_candidatos": 54
}
