Punto[0.         0.52310427 0.72582641] -> F: 0.12360533057645244
Punto[1.         0.51223098 0.52801567] -> F: 0.3494178343440439
Punto[2.         0.62615117 0.45214264] -> F: 0.06877562071471159
Punto[1.         0.57462772 0.58898453] -> F: 0.3204568495364648
Punto[1.         0.51347891 0.52923505] -> F: 0.3513416487076517
Punto[1.         0.51470189 0.53043004] -> F: 0.35322835602145053
Punto[1.         0.51592486 0.53162503] -> F: 0.355116418742031
Punto[1.         0.51714784 0.53282002] -> F: 0.3570058368693932
Punto[1.         0.51837082 0.53401501] -> F: 0.358896610403537
Punto[1.         0.51959379 0.53521   ] -> F: 0.36099373635271653
Punto[1.         0.52081677 0.53640499] -> F: 0.36411975877891617
Punto[1.         0.52203974 0.53759997] -> F: 0.36791199310771183
Punto[1.         0.52326272 0.53879496] -> F: 0.3714779507390343
Punto[1.         0.5244857  0.53998995] -> F: 0.3744958973035937
Punto[1.         0.52570867 0.54118494] -> F: 0.37642175329121474
Punto[1.         0.52693165 0.54237993] -> F: 0.37834622971200926
Punto[1.         0.52815462 0.54357492] -> F: 0.3802780037489153
Punto[1.         0.5293776  0.54476991] -> F: 0.38228552719774556
Punto[1.         0.53060058 0.5459649 ] -> F: 0.3843882818822361
Punto[1.         0.53182355 0.54715989] -> F: 0.38647104676184973
Punto[1.         0.53304653 0.54835488] -> F: 0.38712640025037975
Punto[1.         0.5342695  0.54954987] -> F: 0.3851561915381699
Punto[1.         0.53549248 0.55074486] -> F: 0.3831996521704209
Punto[1.         0.53671546 0.55193985] -> F: 0.3812113860236723
Punto[1.         0.53793843 0.55313484] -> F: 0.37924314222502403
Punto[1.         0.53916141 0.55432983] -> F: 0.3772949207744769
Punto[1.         0.54038438 0.55552482] -> F: 0.37536672167203033
Punto[1.         0.54160736 0.55671981] -> F: 0.3734382771181569
Punto[1.         0.54283034 0.5579148 ] -> F: 0.3714892007621938
Punto[1.         0.54405331 0.55910979] -> F: 0.3695589559428353
Punto[1.         0.54527629 0.56030478] -> F: 0.3676475426600814
Punto[1.         0.54649927 0.56149977] -> F: 0.3657549609139324
Punto[1.         0.54772224 0.56269476] -> F: 0.36386380271219254
Punto[1.         0.54894522 0.56388974] -> F: 0.3619488420073151
Punto[1.         0.55016819 0.56508473] -> F: 0.36005182546608033
Punto[1.         0.55139117 0.56627972] -> F: 0.3581727530884882
Punto[1.         0.55261415 0.56747471] -> F: 0.35631162487453855
Punto[1.         0.55383712 0.5686697 ] -> F: 0.35446844082423157
Punto[1.         0.5550601  0.56986469] -> F: 0.3525327994082481
Punto[1.         0.55628307 0.57105968] -> F: 0.3504591153028087
Punto[1.         0.55750605 0.57225467] -> F: 0.34840426273397374
Punto[1.         0.55872903 0.57344966] -> F: 0.3463682417017436
Punto[1.         0.559952   0.57464465] -> F: 0.3443174992069968
Punto[1.         0.56117498 0.57583964] -> F: 0.34227177183044943
Punto[1.         0.56239795 0.57703463] -> F: 0.3402439886175451
Punto[1.         0.56362093 0.57822962] -> F: 0.33823414956828296
Punto[1.         0.56484391 0.57942461] -> F: 0.3362422546826639
Punto[1.         0.56606688 0.5806196 ] -> F: 0.33424135275078015
Punto[1.         0.56728986 0.58181459] -> F: 0.33223639463673005
Punto[1.         0.56851283 0.58300958] -> F: 0.33024871743148226
Punto[1.         0.56973581 0.58420457] -> F: 0.3282783211350374
Punto[1.         0.57095879 0.58539956] -> F: 0.326325205747395
Punto[1.         0.57218176 0.58659455] -> F: 0.32437701649838147
Punto[1.         0.57340474 0.58778954] -> F: 0.32240853770302874
Best centerpoint:  [1.         0.53304653 0.54835488] Best F:  0.38712640025037975 Best u:  [0.30901699 0.80300358 0.50960156] índice:  17
{
  "seed": 19351,
  "n_per_z": 5,
  "nz": 100,
  "nd": 100,
  "n_muestras": 50,
  "best_f": 0.38712640025037975,
  "best_cp": [
    1.0,
    0.5330465284397768,
    0.5483548806971816
  ],
  "best_u": [
    0.30901699437494745,
    0.8030035754386604,
    0.509601564970322
  ],
  "n_candidatos": 54
}
