Punto[0.         0.51958077 0.51017348] -> F: 0.10469551532809426
Punto[1.         0.52072014 0.56485272] -> F: 0.3338483798808828
Punto[2.         0.35758396 0.7953111 ] -> F: 0.1109024758262884
Punto[1.         0.43858237 0.65274229] -> F: 0.38078263733692563
Punto[1.         0.51907739 0.56661051] -> F: 0.33848619493344884
Punto[1.         0.51746749 0.56833315] -> F: 0.3431276902984034
Punto[1.         0.51585759 0.57005578] -> F: 0.3470222553277174
Punto[1.         0.51424769 0.57177842] -> F: 0.35061771822393767
Punto[1.         0.51263779 0.57350105] -> F: 0.3543960499411954
Punto[1.         0.51102789 0.57522369] -> F: 0.35795883605324463
Punto[1.         0.50941799 0.57694633] -> F: 0.36221121750354895
Punto[1.         0.50780809 0.57866896] -> F: 0.3668282580191939
Punto[1.         0.50619819 0.5803916 ] -> F: 0.37133806502060246
Punto[1.         0.50458828 0.58211423] -> F: 0.3760307408430483
Punto[1.         0.50297838 0.58383687] -> F: 0.3807296282584868
Punto[1.         0.50136848 0.5855595 ] -> F: 0.3852836583071881
Punto[1.         0.49975858 0.58728214] -> F: 0.38993315086212343
Punto[1.         0.49814868 0.58900478] -> F: 0.39451734394058285
Punto[1.         0.49653878 0.59072741] -> F: 0.3990524802918667
Punto[1.         0.49492888 0.59245005] -> F: 0.40365340705198244
Punto[1.         0.49331898 0.59417268] -> F: 0.40813944773686345
Punto[1.         0.49170908 0.59589532] -> F: 0.41263974016312505
Punto[1.         0.49009918 0.59761795] -> F: 0.4171701535600675
Punto[1.         0.48848928 0.59934059] -> F: 0.4215876032535159
Punto[1.         0.48687938 0.60106322] -> F: 0.42604651412586153
Punto[1.         0.48526948 0.60278586] -> F: 0.4304817684535314
Punto[1.         0.48365958 0.6045085 ] -> F: 0.4348606528778721
Punto[1.         0.48204968 0.60623113] -> F: 0.4338742009493291
Punto[1.         0.48043978 0.60795377] -> F: 0.43212066725573783
Punto[1.         0.47882988 0.6096764 ] -> F: 0.43036384521125093
Punto[1.         0.47721998 0.61139904] -> F: 0.4286132392297142
Punto[1.         0.47561008 0.61312167] -> F: 0.42686884931112745
Punto[1.         0.47400018 0.61484431] -> F: 0.4251306754554909
Punto[1.         0.47239028 0.61656694] -> F: 0.42339871766280457
Punto[1.         0.47078038 0.61828958] -> F: 0.42167297593306824
Punto[1.         0.46917048 0.62001222] -> F: 0.41995345026628195
Punto[1.         0.46756058 0.62173485] -> F: 0.4182252023408839
Punto[1.         0.46595068 0.62345749] -> F: 0.41649990142790677
Punto[1.         0.46434078 0.62518012] -> F: 0.4147809505342538
Punto[1.         0.46273087 0.62690276] -> F: 0.41306834965992495
Punto[1.         0.46112097 0.62862539] -> F: 0.4113620988049203
Punto[1.         0.45951107 0.63034803] -> F: 0.4096621979692399
Punto[1.         0.45790117 0.63207067] -> F: 0.4079686471528836
Punto[1.         0.45629127 0.6337933 ] -> F: 0.4062731672082019
Punto[1.         0.45468137 0.63551594] -> F: 0.4045737403721732
Punto[1.         0.45307147 0.63723857] -> F: 0.40288080519969566
Punto[1.         0.45146157 0.63896121] -> F: 0.4011943616907692
Punto[1.         0.44985167 0.64068384] -> F: 0.39951440984539394
Punto[1.         0.44824177 0.64240648] -> F: 0.39784094966356953
Punto[1.         0.44663187 0.64412911] -> F: 0.3961739811452965
Punto[1.         0.44502197 0.64585175] -> F: 0.39450719198945894
Punto[1.         0.44341207 0.64757439] -> F: 0.3928342374455917
Punto[1.         0.44180217 0.64929702] -> F: 0.39000700535081284
Punto[1.         0.44019227 0.65101966] -> F: 0.38538244721120074
Best centerpoint:  [1.         0.48365958 0.6045085 ] Best F:  0.4348606528778721 Best u:  [ 0.09410831  0.33723459 -0.93670511] índice:  23
{
  "seed": 15658,
  "n_per_z": 5,
  "nz": 100,
  "nd": 100,
  "n_muestras": 50,
  "best_f": 0.4348606528778721,
  "best_cp": [
    1.0,
    0.4836595799038098,
    0.60450849567685
  ],
  "best_u": [
    0.09410831331851438,
    0.3372345893649637,
    -0.9367051067973253
  ],
  "n_candidatos": 54
}
