Punto[0.         0.45054491 0.49947895] -> F: 0.13010806417960535
Punto[1.         0.46947733 0.52271945] -> F: 0.4400686479535814
Punto[2.         0.52816772 0.57059053] -> F: 0.15918544005083346
Punto[1.         0.48935632 0.53503474] -> F: 0.4528984679307773
Punto[1.         0.46987491 0.52296575] -> F: 0.4404747801278649
Punto[1.         0.47026454 0.52320713] -> F: 0.44087385472447793
Punto[1.         0.47065416 0.52344851] -> F: 0.4412739836286657
Punto[1.         0.47104379 0.52368989] -> F: 0.44167516684042823
Punto[1.         0.47143342 0.52393127] -> F: 0.44207740435976506
Punto[1.         0.47182305 0.52417265] -> F: 0.44248069618667696
Punto[1.         0.47221268 0.52441403] -> F: 0.4428850423211632
Punto[1.         0.47260231 0.52465541] -> F: 0.4432904427632245
Punto[1.         0.47299193 0.52489679] -> F: 0.44369689751286046
Punto[1.         0.47338156 0.52513817] -> F: 0.4441044065700708
Punto[1.         0.47377119 0.52537955] -> F: 0.444512781123533
Punto[1.         0.47416082 0.52562093] -> F: 0.44491670377709874
Punto[1.         0.47455045 0.52586231] -> F: 0.44532143705078114
Punto[1.         0.47494007 0.52610369] -> F: 0.4457269809445802
Punto[1.         0.4753297  0.52634507] -> F: 0.44613333545849554
Punto[1.         0.47571933 0.52658645] -> F: 0.44654050059252753
Punto[1.         0.47610896 0.52682783] -> F: 0.44694847634667595
Punto[1.         0.47649859 0.52706921] -> F: 0.4473572627209411
Punto[1.         0.47688822 0.52731059] -> F: 0.44776685971532276
Punto[1.         0.47727784 0.52755197] -> F: 0.44817726732982077
Punto[1.         0.47766747 0.52779335] -> F: 0.44858848556443537
Punto[1.         0.4780571  0.52803473] -> F: 0.44900051441916655
Punto[1.         0.47844673 0.52827611] -> F: 0.4494133538940142
Punto[1.         0.47883636 0.52851749] -> F: 0.4498270039889787
Punto[1.         0.47922598 0.52875887] -> F: 0.4502414647040595
Punto[1.         0.47961561 0.52900025] -> F: 0.45065673603925666
Punto[1.         0.48000524 0.52924163] -> F: 0.4510728179945707
Punto[1.         0.48039487 0.52948301] -> F: 0.45148971057000103
Punto[1.         0.4807845  0.52972439] -> F: 0.45190741376554794
Punto[1.         0.48117412 0.52996577] -> F: 0.45232592758121143
Punto[1.         0.48156375 0.53020715] -> F: 0.4527452520169915
Punto[1.         0.48195338 0.53044853] -> F: 0.4531653870728879
Punto[1.         0.48234301 0.5306899 ] -> F: 0.4535022053821226
Punto[1.         0.48273264 0.53093128] -> F: 0.4537898639162124
Punto[1.         0.48312227 0.53117266] -> F: 0.4540636838325268
Punto[1.         0.48351189 0.53141404] -> F: 0.4543374668585768
Punto[1.         0.48390152 0.53165542] -> F: 0.45461292979590995
Punto[1.         0.48429115 0.5318968 ] -> F: 0.4548918452504994
Punto[1.         0.48468078 0.53213818] -> F: 0.4551742133352571
Punto[1.         0.48507041 0.53237956] -> F: 0.45546003405018287
Punto[1.         0.48546003 0.53262094] -> F: 0.4557493073952765
Punto[1.         0.48584966 0.53286232] -> F: 0.45604203337053834
Punto[1.         0.48623929 0.5331037 ] -> F: 0.45633821197596813
Punto[1.         0.48662892 0.53334508] -> F: 0.4566378432115659
Punto[1.         0.48701855 0.53358646] -> F: 0.4564459578483119
Punto[1.         0.48740817 0.53382784] -> F: 0.4558689835819185
Punto[1.         0.4877978  0.53406922] -> F: 0.4552751324026049
Punto[1.         0.48818743 0.5343106 ] -> F: 0.4546813859615421
Punto[1.         0.48857706 0.53455198] -> F: 0.4540877442587297
Punto[1.         0.48896669 0.53479336] -> F: 0.453494207294168
{
  "seed": 7016,
  "n_per_z": 10,
  "nz": 100,
  "nd": 100,
  "n_muestras": 50,
  "best_f": 0.4566378432115659,
  "best_cp": [
    1.0,
    0.4866289185811129,
    0.5333450824326882
  ],
  "best_u": [
    -0.2789911060392295,
    -0.3252878859108933,
    -0.9035218614016094
  ],
  "best_index": 47,
  "n_candidatos": 54
}
