Punto[0.         0.35585728 0.51109386] -> F: 0.14312329479176616
Punto[1.         0.48636489 0.4865247 ] -> F: 0.39862841996984877
Punto[2.         0.48188448 0.49917493] -> F: 0.13996126046903015
Punto[1.         0.41887088 0.50513439] -> F: 0.4361598559245239
Punto[1.         0.48501501 0.4868969 ] -> F: 0.4006940129302431
Punto[1.         0.48369212 0.48726165] -> F: 0.4027183420735844
Punto[1.         0.48236924 0.4876264 ] -> F: 0.40474523295602327
Punto[1.         0.48104636 0.48799115] -> F: 0.406313158200559
Punto[1.         0.47972348 0.4883559 ] -> F: 0.40762319629910837
Punto[1.         0.47840059 0.48872065] -> F: 0.40897664112498894
Punto[1.         0.47707771 0.4890854 ] -> F: 0.41050262307578955
Punto[1.         0.47575483 0.48945015] -> F: 0.4122098766651987
Punto[1.         0.47443195 0.4898149 ] -> F: 0.41409840189321634
Punto[1.         0.47310906 0.49017965] -> F: 0.41611475774303247
Punto[1.         0.47178618 0.4905444 ] -> F: 0.4181383915785575
Punto[1.         0.4704633  0.49090915] -> F: 0.4201647294748313
Punto[1.         0.46914042 0.4912739 ] -> F: 0.42219377143185405
Punto[1.         0.46781753 0.49163865] -> F: 0.42422551744962544
Punto[1.         0.46649465 0.4920034 ] -> F: 0.42625996752814577
Punto[1.         0.46517177 0.49236815] -> F: 0.42829712166741485
Punto[1.         0.46384889 0.4927329 ] -> F: 0.43033697986743263
Punto[1.         0.462526   0.49309765] -> F: 0.4323795421281993
Punto[1.         0.46120312 0.4934624 ] -> F: 0.43442480844971476
Punto[1.         0.45988024 0.49382715] -> F: 0.4364727788319792
Punto[1.         0.45855736 0.4941919 ] -> F: 0.43852345327499237
Punto[1.         0.45723447 0.49455665] -> F: 0.44057683177875423
Punto[1.         0.45591159 0.4949214 ] -> F: 0.442632914343265
Punto[1.         0.45458871 0.49528615] -> F: 0.4446917009685246
Punto[1.         0.45326583 0.49565089] -> F: 0.4467497325557928
Punto[1.         0.45194294 0.49601564] -> F: 0.44879088045914906
Punto[1.         0.45062006 0.49638039] -> F: 0.4508345901016028
Punto[1.         0.44929718 0.49674514] -> F: 0.4522796119644364
Punto[1.         0.4479743  0.49710989] -> F: 0.4536056299027232
Punto[1.         0.44665141 0.49747464] -> F: 0.4550350466806068
Punto[1.         0.44532853 0.49783939] -> F: 0.456645735097099
Punto[1.         0.44400565 0.49820414] -> F: 0.4584376951521997
Punto[1.         0.44268277 0.49856889] -> F: 0.4604087437144306
Punto[1.         0.44135988 0.49893364] -> F: 0.4594438042187931
Punto[1.         0.440037   0.49929839] -> F: 0.4576915427721172
Punto[1.         0.43871412 0.49966314] -> F: 0.45596104596906223
Punto[1.         0.43739124 0.50002789] -> F: 0.45435819939329153
Punto[1.         0.43606835 0.50039264] -> F: 0.45289522153452627
Punto[1.         0.43474547 0.50075739] -> F: 0.4515721123927669
Punto[1.         0.43342259 0.50112214] -> F: 0.450388871968013
Punto[1.         0.43209971 0.50148689] -> F: 0.449320964284293
Punto[1.         0.43077683 0.50185164] -> F: 0.4482622562437745
Punto[1.         0.42945394 0.50221639] -> F: 0.4470588662364547
Punto[1.         0.42813106 0.50258114] -> F: 0.44578877359935903
Punto[1.         0.42680818 0.50294589] -> F: 0.44454411352859563
Punto[1.         0.4254853  0.50331064] -> F: 0.44332488602416475
Punto[1.         0.42416241 0.50367539] -> F: 0.4421310910860662
Punto[1.         0.42283953 0.50404014] -> F: 0.44096272871430003
Punto[1.         0.42151665 0.50440489] -> F: 0.439642441745972
Punto[1.         0.42019377 0.50476964] -> F: 0.4378944584386881
{
  "seed": 2971,
  "n_per_z": 10,
  "nz": 100,
  "nd": 100,
  "n_muestras": 50,
  "best_f": 0.4604087437144306,
  "best_cp": [
    1.0,
    0.4426827673276609,
    0.49856889380526825
  ],
  "best_u": [
    0.1873813145857246,
    0.9342106906791707,
    -0.30354345383300985
  ],
  "best_index": 36,
  "n_candidatos": 54
}
