Punto[0.         0.33386038 0.43994721] -> F: 0.09310772822790953
Punto[1.         0.48528897 0.53133949] -> F: 0.3822907452670008
Punto[2.         0.49393516 0.66735048] -> F: 0.10311321718504161
Punto[1.         0.41389777 0.55364884] -> F: 0.3721024534151063
Punto[1.         0.48386114 0.53178568] -> F: 0.3835189783218658
Punto[1.         0.48246187 0.53222294] -> F: 0.3847238910144201
Punto[1.         0.48106261 0.53266021] -> F: 0.3859300354370864
Punto[1.         0.47966334 0.53309747] -> F: 0.38713741158986426
Punto[1.         0.47826407 0.53353473] -> F: 0.3883460194727545
Punto[1.        0.4768648 0.533972 ] -> F: 0.38955585908575624
Punto[1.         0.47546554 0.53440926] -> F: 0.39076693042886995
Punto[1.         0.47406627 0.53484652] -> F: 0.39198362417627486
Punto[1.         0.472667   0.53528378] -> F: 0.3933157942226268
Punto[1.         0.47126773 0.53572105] -> F: 0.3948110632338345
Punto[1.         0.46986847 0.53615831] -> F: 0.39646943120989714
Punto[1.         0.4684692  0.53659557] -> F: 0.3982908981508154
Punto[1.         0.46706993 0.53703284] -> F: 0.40027546405658904
Punto[1.         0.46567066 0.5374701 ] -> F: 0.4020205504691079
Punto[1.         0.4642714  0.53790736] -> F: 0.40375268092838273
Punto[1.         0.46287213 0.53834463] -> F: 0.40553051321253375
Punto[1.         0.46147286 0.53878189] -> F: 0.4073540473215606
Punto[1.         0.4600736  0.53921915] -> F: 0.4092232832554634
Punto[1.         0.45867433 0.53965642] -> F: 0.4111382210142426
Punto[1.         0.45727506 0.54009368] -> F: 0.4130988605978974
Punto[1.         0.45587579 0.54053094] -> F: 0.41510520200642836
Punto[1.         0.45447653 0.54096821] -> F: 0.4168569367014541
Punto[1.         0.45307726 0.54140547] -> F: 0.41859028056485115
Punto[1.         0.45167799 0.54184273] -> F: 0.4203432992188127
Punto[1.         0.45027872 0.54228   ] -> F: 0.42041695649506744
Punto[1.         0.44887946 0.54271726] -> F: 0.41851865883998157
Punto[1.         0.44748019 0.54315452] -> F: 0.41658567214525066
Punto[1.         0.44608092 0.54359179] -> F: 0.4146630826343928
Punto[1.         0.44468165 0.54402905] -> F: 0.4127508903074078
Punto[1.         0.44328239 0.54446631] -> F: 0.4108490951642958
Punto[1.         0.44188312 0.54490358] -> F: 0.4089576972050567
Punto[1.         0.44048385 0.54534084] -> F: 0.40707669642969035
Punto[1.         0.43908458 0.5457781 ] -> F: 0.40520609283819714
Punto[1.         0.43768532 0.54621537] -> F: 0.4033458864305766
Punto[1.         0.43628605 0.54665263] -> F: 0.40149607720682917
Punto[1.         0.43488678 0.54708989] -> F: 0.3996222039096002
Punto[1.         0.43348751 0.54752716] -> F: 0.39774353426402864
Punto[1.         0.43208825 0.54796442] -> F: 0.39587463423878083
Punto[1.         0.43068898 0.54840168] -> F: 0.3940155038338561
Punto[1.         0.42928971 0.54883895] -> F: 0.39216614304925507
Punto[1.         0.42789044 0.54927621] -> F: 0.39032655188497734
Punto[1.         0.42649118 0.54971347] -> F: 0.3884967303410231
Punto[1.         0.42509191 0.55015074] -> F: 0.38667667841739234
Punto[1.         0.42369264 0.550588  ] -> F: 0.38486336437322877
Punto[1.         0.42229337 0.55102526] -> F: 0.38301245700452274
Punto[1.         0.42089411 0.55146253] -> F: 0.3811708563321413
Punto[1.         0.41949484 0.55189979] -> F: 0.3793385623560847
Punto[1.         0.41809557 0.55233705] -> F: 0.377515575076353
Punto[1.         0.4166963  0.55277432] -> F: 0.375701894492946
Punto[1.         0.41529704 0.55321158] -> F: 0.3738975206058638
{
  "seed": 503,
  "n_per_z": 5,
  "nz": 100,
  "nd": 100,
  "n_muestras": 50,
  "best_f": 0.42041695649506744,
  "best_cp": [
    1.0,
    0.45027872287034,
    0.5422799976188184
  ],
  "best_u": [
    0.15643446504023092,
    -0.6295762426904155,
    0.7610269461637978
  ],
  "best_index": 28,
  "n_candidatos": 54
}
