Punto[0.         0.5409001  0.40262777] -> F: 0.11579993255502037
Punto[1.         0.49544746 0.38600192] -> F: 0.43674065606700474
Punto[2.         0.43722087 0.39475017] -> F: 0.07248847148025346
Punto[1.         0.48906049 0.39868897] -> F: 0.42988526198082055
Punto[1.         0.49531972 0.38625566] -> F: 0.43718954132052573
Punto[1.         0.49519454 0.38650433] -> F: 0.437640236149541
Punto[1.         0.49506936 0.38675299] -> F: 0.438101609296691
Punto[1.         0.49494417 0.38700166] -> F: 0.4385736607619754
Punto[1.         0.49481899 0.38725032] -> F: 0.4390563905453948
Punto[1.         0.4946938  0.38749899] -> F: 0.4395497986469487
Punto[1.         0.49456862 0.38774766] -> F: 0.44005388506663734
Punto[1.         0.49444343 0.38799632] -> F: 0.4405642784128689
Punto[1.         0.49431825 0.38824499] -> F: 0.4403156152071311
Punto[1.         0.49419306 0.38849365] -> F: 0.44006699693676155
Punto[1.         0.49406788 0.38874232] -> F: 0.4398184236017597
Punto[1.         0.49394269 0.38899099] -> F: 0.4395698952021261
Punto[1.         0.49381751 0.38923965] -> F: 0.43932141173786043
Punto[1.         0.49369232 0.38948832] -> F: 0.43907297320896244
Punto[1.         0.49356714 0.38973699] -> F: 0.43882457961543286
Punto[1.         0.49344195 0.38998565] -> F: 0.4385762309572711
Punto[1.         0.49331677 0.39023432] -> F: 0.4383279272344773
Punto[1.         0.49319158 0.39048298] -> F: 0.4380796684470516
Punto[1.         0.4930664  0.39073165] -> F: 0.43783145459499384
Punto[1.         0.49294121 0.39098032] -> F: 0.4375832856783042
Punto[1.         0.49281603 0.39122898] -> F: 0.4373351616969823
Punto[1.         0.49269085 0.39147765] -> F: 0.4370870826510285
Punto[1.         0.49256566 0.39172632] -> F: 0.4368390485404429
Punto[1.         0.49244048 0.39197498] -> F: 0.43659105936522496
Punto[1.         0.49231529 0.39222365] -> F: 0.4363431151253752
Punto[1.         0.49219011 0.39247231] -> F: 0.43609521582089344
Punto[1.         0.49206492 0.39272098] -> F: 0.4358473614517796
Punto[1.         0.49193974 0.39296965] -> F: 0.4355995520180339
Punto[1.         0.49181455 0.39321831] -> F: 0.435351787519656
Punto[1.         0.49168937 0.39346698] -> F: 0.43510406795664625
Punto[1.         0.49156418 0.39371564] -> F: 0.43485639332900444
Punto[1.         0.491439   0.39396431] -> F: 0.4346087636367305
Punto[1.         0.49131381 0.39421298] -> F: 0.4343611788798248
Punto[1.         0.49118863 0.39446164] -> F: 0.4341136390582869
Punto[1.         0.49106344 0.39471031] -> F: 0.4338661441721172
Punto[1.         0.49093826 0.39495898] -> F: 0.4336186942213154
Punto[1.         0.49081307 0.39520764] -> F: 0.4333712892058814
Punto[1.         0.49068789 0.39545631] -> F: 0.43312392912581565
Punto[1.         0.4905627  0.39570497] -> F: 0.43287474705028184
Punto[1.         0.49043752 0.39595364] -> F: 0.43262537192328593
Punto[1.         0.49031233 0.39620231] -> F: 0.43237604250014605
Punto[1.         0.49018715 0.39645097] -> F: 0.432126758780862
Punto[1.         0.49006197 0.39669964] -> F: 0.43187752076543384
Punto[1.         0.48993678 0.3969483 ] -> F: 0.4316283284538615
Punto[1.         0.4898116  0.39719697] -> F: 0.4313791818461452
Punto[1.         0.48968641 0.39744564] -> F: 0.43113008094228455
Punto[1.         0.48956123 0.3976943 ] -> F: 0.4308810257422799
Punto[1.         0.48943604 0.39794297] -> F: 0.43063201624613123
Punto[1.         0.48931086 0.39819164] -> F: 0.43038305245383845
Punto[1.         0.48918567 0.3984403 ] -> F: 0.4301341343654015
Best centerpoint:  [1.         0.49444343 0.38799632] Best F:  0.4405642784128689 Best u:  [9.95561965e-01 5.76247223e-18 9.41083133e-02] índice:  8
{
  "seed": 4788,
  "n_per_z": 5,
  "nz": 100,
  "nd": 100,
  "n_muestras": 50,
  "best_f": 0.4405642784128689,
  "best_cp": [
    1.0,
    0.49444343163900034,
    0.38799632251052374
  ],
  "best_u": [
    0.99556196460308,
    5.762472233933739e-18,
    0.09410831331851431
  ],
  "n_candidatos": 54
}
