Punto[0.         0.64839646 0.52328496] -> F: 0.10867592512398008
Punto[1.         0.51228958 0.4481196 ] -> F: 0.4056734739906862
Punto[2.         0.44879463 0.5278016 ] -> F: 0.14507752049551975
Punto[1.         0.54859554 0.52554328] -> F: 0.39953662043778415
Punto[1.         0.5130157  0.44966808] -> F: 0.40787886873433016
Punto[1.         0.5137273  0.45118558] -> F: 0.41004412638767906
Punto[1.         0.51443889 0.45270309] -> F: 0.41221331473646866
Punto[1.         0.51515049 0.45422059] -> F: 0.4143864337806989
Punto[1.         0.51586209 0.45573809] -> F: 0.41656348352036976
Punto[1.         0.51657368 0.4572556 ] -> F: 0.41874446395548137
Punto[1.         0.51728528 0.4587731 ] -> F: 0.42092937508603356
Punto[1.         0.51799688 0.46029061] -> F: 0.42311821691202656
Punto[1.         0.51870847 0.46180811] -> F: 0.4253109894334602
Punto[1.         0.51942007 0.46332561] -> F: 0.4274510267276519
Punto[1.         0.52013167 0.46484312] -> F: 0.42954264468644887
Punto[1.         0.52084327 0.46636062] -> F: 0.43163699724578236
Punto[1.         0.52155486 0.46787813] -> F: 0.4337294556118219
Punto[1.         0.52226646 0.46939563] -> F: 0.4358209505815206
Punto[1.         0.52297806 0.47091313] -> F: 0.43791534053175707
Punto[1.         0.52368965 0.47243064] -> F: 0.4398275451524091
Punto[1.         0.52440125 0.47394814] -> F: 0.4390973276219811
Punto[1.         0.52511285 0.47546565] -> F: 0.43836725547076666
Punto[1.         0.52582444 0.47698315] -> F: 0.4376265940734634
Punto[1.         0.52653604 0.47850065] -> F: 0.4368858049373986
Punto[1.         0.52724764 0.48001816] -> F: 0.436135345568839
Punto[1.         0.52795923 0.48153566] -> F: 0.4353841297270323
Punto[1.         0.52867083 0.48305317] -> F: 0.4346235566175041
Punto[1.         0.52938243 0.48457067] -> F: 0.43386217327438337
Punto[1.         0.53009403 0.48608817] -> F: 0.4330912409777543
Punto[1.         0.53080562 0.48760568] -> F: 0.43231965877738315
Punto[1.         0.53151722 0.48912318] -> F: 0.4315384383519996
Punto[1.         0.53222882 0.49064069] -> F: 0.43075598251391356
Punto[1.         0.53294041 0.49215819] -> F: 0.4299652038868362
Punto[1.         0.53365201 0.49367569] -> F: 0.42917152799875496
Punto[1.         0.53436361 0.4951932 ] -> F: 0.4283714609918181
Punto[1.        0.5350752 0.4967107] -> F: 0.42756476448657543
Punto[1.         0.5357868  0.49822821] -> F: 0.4267010938628213
Punto[1.         0.5364984  0.49974571] -> F: 0.42577263814060173
Punto[1.         0.53720999 0.50126321] -> F: 0.4248451094920709
Punto[1.         0.53792159 0.50278072] -> F: 0.4239185079172284
Punto[1.         0.53863319 0.50429822] -> F: 0.4229928334160747
Punto[1.         0.53934479 0.50581573] -> F: 0.4220680859886095
Punto[1.         0.54005638 0.50733323] -> F: 0.42114426563483276
Punto[1.         0.54076798 0.50885073] -> F: 0.4202213723547447
Punto[1.         0.54147958 0.51036824] -> F: 0.4192994061483451
Punto[1.         0.54219117 0.51188574] -> F: 0.4178019372074673
Punto[1.         0.54290277 0.51340325] -> F: 0.4154531206429431
Punto[1.         0.54361437 0.51492075] -> F: 0.4131145551559795
Punto[1.         0.54432596 0.51643825] -> F: 0.4108663654435854
Punto[1.         0.54503756 0.51795576] -> F: 0.4087210039820751
Punto[1.         0.54574916 0.51947326] -> F: 0.4066784707714491
Punto[1.         0.54646075 0.52099077] -> F: 0.40473876581170676
Punto[1.         0.54717235 0.52250827] -> F: 0.40290188910284874
Punto[1.         0.54788395 0.52402577] -> F: 0.40116784064487443
{
  "seed": 9372,
  "n_per_z": 10,
  "nz": 100,
  "nd": 100,
  "n_muestras": 50,
  "best_f": 0.4398275451524091,
  "best_cp": [
    1.0,
    0.5236896530978865,
    0.4724306379828938
  ],
  "best_u": [
    -0.5358267949789969,
    -0.2609116778054669,
    0.8030035754386604
  ],
  "best_index": 19,
  "n_candidatos": 54
}
