Punto[0.         0.45786668 0.64544631] -> F: 0.11694793594764281
Punto[1.         0.46272016 0.50705271] -> F: 0.40057628773934034
Punto[2.         0.48986921 0.47350432] -> F: 0.15976316120283546
Punto[1.         0.47386794 0.55947531] -> F: 0.3997499997397816
Punto[1.         0.46294311 0.50810116] -> F: 0.4019992191882487
Punto[1.         0.46316161 0.50912865] -> F: 0.40339867617334657
Punto[1.         0.4633801  0.51015613] -> F: 0.404777261194264
Punto[1.         0.4635986  0.51118361] -> F: 0.4061177649348923
Punto[1.         0.4638171  0.51221109] -> F: 0.4074078203534945
Punto[1.         0.46403559 0.51323858] -> F: 0.40870202949888557
Punto[1.         0.46425409 0.51426606] -> F: 0.41000039237106517
Punto[1.         0.46447259 0.51529354] -> F: 0.4113029089700336
Punto[1.         0.46469108 0.51632103] -> F: 0.4126095792957909
Punto[1.         0.46490958 0.51734851] -> F: 0.41389714145093714
Punto[1.         0.46512808 0.51837599] -> F: 0.41515154630344964
Punto[1.         0.46534657 0.51940348] -> F: 0.4164094903018765
Punto[1.         0.46556507 0.52043096] -> F: 0.4176709734462182
Punto[1.         0.46578357 0.52145844] -> F: 0.4189359957364745
Punto[1.         0.46600206 0.52248592] -> F: 0.4202045571726452
Punto[1.         0.46622056 0.52351341] -> F: 0.4214323600239831
Punto[1.         0.46643906 0.52454089] -> F: 0.42265626224978925
Punto[1.         0.46665755 0.52556837] -> F: 0.42388326973089724
Punto[1.         0.46687605 0.52659586] -> F: 0.42511338246730723
Punto[1.         0.46709455 0.52762334] -> F: 0.42634660045901906
Punto[1.         0.46731304 0.52865082] -> F: 0.4275593328471526
Punto[1.         0.46753154 0.52967831] -> F: 0.42686490935829247
Punto[1.         0.46775004 0.53070579] -> F: 0.4261039719357165
Punto[1.         0.46796853 0.53173327] -> F: 0.42538118424021026
Punto[1.         0.46818703 0.53276075] -> F: 0.4246938094504032
Punto[1.         0.46840553 0.53378824] -> F: 0.42401323605161545
Punto[1.         0.46862402 0.53481572] -> F: 0.4233318495159743
Punto[1.         0.46884252 0.5358432 ] -> F: 0.42250210987876013
Punto[1.         0.46906102 0.53687069] -> F: 0.42140461159944703
Punto[1.         0.46927951 0.53789817] -> F: 0.4201814261463843
Punto[1.         0.46949801 0.53892565] -> F: 0.4189705049508543
Punto[1.         0.46971651 0.53995314] -> F: 0.41777185814737516
Punto[1.         0.469935   0.54098062] -> F: 0.4165854857359465
Punto[1.        0.4701535 0.5420081] -> F: 0.4154113877165688
Punto[1.         0.470372   0.54303559] -> F: 0.41424956408924135
Punto[1.         0.47059049 0.54406307] -> F: 0.41310049483330435
Punto[1.         0.47080899 0.54509055] -> F: 0.4119977921895338
Punto[1.         0.47102749 0.54611803] -> F: 0.4109620212694112
Punto[1.         0.47124598 0.54714552] -> F: 0.4099931820729368
Punto[1.         0.47146448 0.548173  ] -> F: 0.4090912746001105
Punto[1.         0.47168297 0.54920048] -> F: 0.40825629885093223
Punto[1.         0.47190147 0.55022797] -> F: 0.4074876896072079
Punto[1.         0.47211997 0.55125545] -> F: 0.4067439041778709
Punto[1.         0.47233846 0.55228293] -> F: 0.4057740150315174
Punto[1.         0.47255696 0.55331042] -> F: 0.404800995011533
Punto[1.         0.47277546 0.5543379 ] -> F: 0.4038456010067083
Punto[1.         0.47299395 0.55536538] -> F: 0.4029342330696523
Punto[1.         0.47321245 0.55639286] -> F: 0.40207123693804225
Punto[1.         0.47343095 0.55742035] -> F: 0.4012566126118777
Punto[1.         0.47364944 0.55844783] -> F: 0.40049036009115924
{
  "seed": 4961,
  "n_per_z": 10,
  "nz": 100,
  "nd": 100,
  "n_muestras": 50,
  "best_f": 0.4275593328471526,
  "best_cp": [
    1.0,
    0.4673130431351261,
    0.5286508229208542
  ],
  "best_u": [
    -0.2789911060392295,
    -0.488829257293133,
    -0.8265651335286598
  ],
  "best_index": 24,
  "n_candidatos": 54
}
