Punto[0.         0.51247873 0.54269023] -> F: 0.1099275265098629
Punto[1.         0.49407599 0.50456186] -> F: 0.3397506558578772
Punto[2.         0.59673139 0.69216317] -> F: 0.11497293818606583
Punto[1.         0.55460506 0.6174267 ] -> F: 0.38641939533689423
Punto[1.         0.49528657 0.50681916] -> F: 0.34480555075019886
Punto[1.         0.49647294 0.50903131] -> F: 0.34977869040993426
Punto[1.         0.49765931 0.51124346] -> F: 0.35466544557495633
Punto[1.         0.49884568 0.51345561] -> F: 0.3595763963532827
Punto[1.         0.50003205 0.51566776] -> F: 0.36451154274491276
Punto[1.         0.50121842 0.51787991] -> F: 0.3694566577902072
Punto[1.         0.50240479 0.52009207] -> F: 0.3744138115436854
Punto[1.         0.50359116 0.52230422] -> F: 0.379395055666971
Punto[1.         0.50477753 0.52451637] -> F: 0.3844000411940357
Punto[1.         0.5059639  0.52672852] -> F: 0.38942876812487875
Punto[1.         0.50715027 0.52894067] -> F: 0.39448123645950073
Punto[1.         0.50833664 0.53115282] -> F: 0.39955744619790134
Punto[1.         0.50952301 0.53336497] -> F: 0.40465739734008094
Punto[1.         0.51070938 0.53557712] -> F: 0.4097810898860392
Punto[1.         0.51189575 0.53778927] -> F: 0.41492852383577594
Punto[1.         0.51308212 0.54000142] -> F: 0.4200996991892919
Punto[1.         0.51426849 0.54221357] -> F: 0.4252946159465864
Punto[1.         0.51545486 0.54442572] -> F: 0.43051327410766
Punto[1.         0.51664123 0.54663788] -> F: 0.43575567367251195
Punto[1.         0.5178276  0.54885003] -> F: 0.4408103483833128
Punto[1.         0.51901397 0.55106218] -> F: 0.44588605370340445
Punto[1.         0.52020034 0.55327433] -> F: 0.45098524372492116
Punto[1.         0.52138671 0.55548648] -> F: 0.45428781632022547
Punto[1.         0.52257308 0.55769863] -> F: 0.4523992132195277
Punto[1.         0.52375945 0.55991078] -> F: 0.45051381079255687
Punto[1.         0.52494582 0.56212293] -> F: 0.44861899500721575
Punto[1.         0.52613219 0.56433508] -> F: 0.4467153653588407
Punto[1.         0.52731856 0.56654723] -> F: 0.4448150209867878
Punto[1.         0.52850493 0.56875938] -> F: 0.4429179618910574
Punto[1.         0.5296913  0.57097153] -> F: 0.4410241880716494
Punto[1.         0.53087767 0.57318368] -> F: 0.4391330891094393
Punto[1.         0.53206404 0.57539584] -> F: 0.43722048987619644
Punto[1.         0.53325041 0.57760799] -> F: 0.43531126501660283
Punto[1.         0.53443678 0.57982014] -> F: 0.43340541453065856
Punto[1.         0.53562314 0.58203229] -> F: 0.4315029384183633
Punto[1.         0.53680951 0.58424444] -> F: 0.4296038366797172
Punto[1.         0.53799588 0.58645659] -> F: 0.4276956205507725
Punto[1.         0.53918225 0.58866874] -> F: 0.4257770960346226
Punto[1.         0.54036862 0.59088089] -> F: 0.42386204004098466
Punto[1.         0.54155499 0.59309304] -> F: 0.4219504525698584
Punto[1.         0.54274136 0.59530519] -> F: 0.42004233362124416
Punto[1.         0.54392773 0.59751734] -> F: 0.41813768319514166
Punto[1.         0.5451141  0.59972949] -> F: 0.41621330834598846
Punto[1.         0.54630047 0.60194165] -> F: 0.41428854352975997
Punto[1.         0.54748684 0.6041538 ] -> F: 0.41236734707917644
Punto[1.         0.54867321 0.60636595] -> F: 0.4104497189942376
Punto[1.         0.54985958 0.6085781 ] -> F: 0.4067515838298688
Punto[1.         0.55104595 0.61079025] -> F: 0.40163047599203017
Punto[1.         0.55223232 0.6130024 ] -> F: 0.39653474196392147
Punto[1.         0.55341869 0.61521455] -> F: 0.39146438174554266
{
  "seed": 203,
  "n_per_z": 10,
  "nz": 100,
  "nd": 100,
  "n_muestras": 50,
  "best_f": 0.45428781632022547,
  "best_cp": [
    1.0,
    0.5213867068065055,
    0.5554864784686684
  ],
  "best_u": [
    -0.5620833778521307,
    0.3984491054349266,
    0.7247762321713134
  ],
  "best_index": 26,
  "n_candidatos": 54
}
