Punto[0.         0.67235599 0.42078829] -> F: 0.10802143090703481
Punto[1.         0.51706924 0.63364584] -> F: 0.3884498175218346
Punto[2.         0.27063438 0.87879259] -> F: 0.08666917663633758
Punto[1.         0.47149518 0.64979044] -> F: 0.3651590268457724
Punto[1.         0.51615776 0.63396873] -> F: 0.39060791753593216
Punto[1.         0.51526451 0.63428516] -> F: 0.3927291379080468
Punto[1.         0.51437125 0.6346016 ] -> F: 0.39485657718029593
Punto[1.         0.513478   0.63491803] -> F: 0.3969902353526792
Punto[1.         0.51258475 0.63523447] -> F: 0.39913011242519747
Punto[1.        0.5116915 0.6355509] -> F: 0.40127620839785033
Punto[1.         0.51079825 0.63586733] -> F: 0.40342852327063733
Punto[1.         0.509905   0.63618377] -> F: 0.4055870570435591
Punto[1.         0.50901175 0.6365002 ] -> F: 0.4077518097166155
Punto[1.         0.50811849 0.63681664] -> F: 0.4099227805164025
Punto[1.         0.50722524 0.63713307] -> F: 0.41209982697083636
Punto[1.         0.50633199 0.63744951] -> F: 0.41428284352278943
Punto[1.         0.50543874 0.63776594] -> F: 0.4164718301722618
Punto[1.         0.50454549 0.63808237] -> F: 0.41866678691925335
Punto[1.         0.50365224 0.63839881] -> F: 0.4208677137637649
Punto[1.         0.50275898 0.63871524] -> F: 0.42307461070579516
Punto[1.         0.50186573 0.63903168] -> F: 0.42235221458312927
Punto[1.         0.50097248 0.63934811] -> F: 0.4207126782266755
Punto[1.         0.50007923 0.63966454] -> F: 0.41907813399683447
Punto[1.         0.49918598 0.63998098] -> F: 0.4174485818936061
Punto[1.         0.49829273 0.64029741] -> F: 0.41582402191699064
Punto[1.         0.49739948 0.64061385] -> F: 0.41420445406698797
Punto[1.         0.49650622 0.64093028] -> F: 0.4125898783435982
Punto[1.         0.49561297 0.64124672] -> F: 0.4109802947468211
Punto[1.         0.49471972 0.64156315] -> F: 0.409375703276657
Punto[1.         0.49382647 0.64187958] -> F: 0.4077761039331054
Punto[1.         0.49293322 0.64219602] -> F: 0.40617871869920696
Punto[1.         0.49203997 0.64251245] -> F: 0.4044800971544987
Punto[1.         0.49114672 0.64282889] -> F: 0.40278695240859735
Punto[1.         0.49025346 0.64314532] -> F: 0.4010992844615034
Punto[1.         0.48936021 0.64346176] -> F: 0.3994170933132165
Punto[1.         0.48846696 0.64377819] -> F: 0.3977403789637365
Punto[1.         0.48757371 0.64409462] -> F: 0.3960691414130639
Punto[1.         0.48668046 0.64441106] -> F: 0.3944033806611984
Punto[1.         0.48578721 0.64472749] -> F: 0.39272219492446386
Punto[1.         0.48489396 0.64504393] -> F: 0.3910441076651962
Punto[1.         0.4840007  0.64536036] -> F: 0.3893712460575696
Punto[1.         0.48310745 0.6456768 ] -> F: 0.387703610101585
Punto[1.         0.4822142  0.64599323] -> F: 0.38604119979724144
Punto[1.         0.48132095 0.64630966] -> F: 0.3842790330336161
Punto[1.        0.4804277 0.6466261] -> F: 0.38251211027206583
Punto[1.         0.47953445 0.64694253] -> F: 0.38075093558668294
Punto[1.         0.4786412  0.64725897] -> F: 0.3789955089774675
Punto[1.         0.47774794 0.6475754 ] -> F: 0.3772458304444195
Punto[1.         0.47685469 0.64789183] -> F: 0.3755018999875391
Punto[1.         0.47596144 0.64820827] -> F: 0.373763717606826
Punto[1.         0.47506819 0.6485247 ] -> F: 0.37203128330228025
Punto[1.         0.47417494 0.64884114] -> F: 0.370304597073902
Punto[1.         0.47328169 0.64915757] -> F: 0.36858365892169137
Punto[1.         0.47238844 0.64947401] -> F: 0.36686846884564833
Best centerpoint:  [1.         0.50275898 0.63871524] Best F:  0.42307461070579516 Best u:  [ 0.33873792  0.8245001  -0.45327277] índice:  16
{
  "seed": 4340,
  "n_per_z": 5,
  "nz": 100,
  "nd": 100,
  "n_muestras": 50,
  "best_f": 0.42307461070579516,
  "best_cp": [
    1.0,
    0.5027589849757017,
    0.6387152422858668
  ],
  "best_u": [
    0.33873792024529137,
    0.8245001029593948,
    -0.45327276733534516
  ],
  "n_candidatos": 54
}
