Punto[0.         0.62324359 0.4018137 ] -> F: 0.09900878070748868
Punto[1.         0.50980372 0.47090392] -> F: 0.4173698161262667
Punto[2.         0.47816939 0.48289682] -> F: 0.17190183116652
Punto[1.         0.55070649 0.44235526] -> F: 0.4040919385966615
Punto[1.         0.51062178 0.47033295] -> F: 0.4185319850925863
Punto[1.         0.51142347 0.4697734 ] -> F: 0.41967349497310213
Punto[1.         0.51222517 0.46921384] -> F: 0.4208147847904108
Punto[1.         0.51302686 0.46865429] -> F: 0.42194939500515904
Punto[1.         0.51382856 0.46809473] -> F: 0.42308718401950224
Punto[1.         0.51463025 0.46753518] -> F: 0.42406305029594427
Punto[1.         0.51543194 0.46697563] -> F: 0.42502038526780667
Punto[1.         0.51623364 0.46641607] -> F: 0.42476377797569526
Punto[1.         0.51703533 0.46585652] -> F: 0.42448632048859025
Punto[1.         0.51783703 0.46529697] -> F: 0.42419834259581146
Punto[1.         0.51863872 0.46473741] -> F: 0.4239104359468906
Punto[1.         0.51944042 0.46417786] -> F: 0.4236226005418275
Punto[1.         0.52024211 0.4636183 ] -> F: 0.4233241067523682
Punto[1.         0.5210438  0.46305875] -> F: 0.4230236941268816
Punto[1.        0.5218455 0.4624992] -> F: 0.4227233591865841
Punto[1.         0.52264719 0.46193964] -> F: 0.4224162757663934
Punto[1.         0.52344889 0.46138009] -> F: 0.42210344513004405
Punto[1.         0.52425058 0.46082053] -> F: 0.4217906988668657
Punto[1.         0.52505228 0.46026098] -> F: 0.4214748060270692
Punto[1.         0.52585397 0.45970143] -> F: 0.42114961977982357
Punto[1.         0.52665566 0.45914187] -> F: 0.4208245248514189
Punto[1.         0.52745736 0.45858232] -> F: 0.42049952124185513
Punto[1.         0.52825905 0.45802277] -> F: 0.4201621811016309
Punto[1.         0.52906075 0.45746321] -> F: 0.41982477497506254
Punto[1.         0.52986244 0.45690366] -> F: 0.41948746738389137
Punto[1.         0.53066414 0.4563441 ] -> F: 0.41914112048687713
Punto[1.         0.53146583 0.45578455] -> F: 0.4187914155838709
Punto[1.         0.53226752 0.455225  ] -> F: 0.41844181671915714
Punto[1.         0.53306922 0.45466544] -> F: 0.4180864558785774
Punto[1.         0.53387091 0.45410589] -> F: 0.4177244395039072
Punto[1.         0.53467261 0.45354634] -> F: 0.41736253697461223
Punto[1.         0.5354743  0.45298678] -> F: 0.41699823191604646
Punto[1.         0.53627599 0.45242723] -> F: 0.41650026638589577
Punto[1.         0.53707769 0.45186767] -> F: 0.41594133336521855
Punto[1.         0.53787938 0.45130812] -> F: 0.4153744835624332
Punto[1.         0.53868108 0.45074857] -> F: 0.4147151877626127
Punto[1.         0.53948277 0.45018901] -> F: 0.41406600704414037
Punto[1.         0.54028447 0.44962946] -> F: 0.41342694140701663
Punto[1.         0.54108616 0.44906991] -> F: 0.41279799085124125
Punto[1.         0.54188785 0.44851035] -> F: 0.4121791553768143
Punto[1.         0.54268955 0.4479508 ] -> F: 0.41153187995587687
Punto[1.         0.54349124 0.44739124] -> F: 0.41085251730056743
Punto[1.         0.54429294 0.44683169] -> F: 0.4101751143980119
Punto[1.         0.54509463 0.44627214] -> F: 0.409438320330829
Punto[1.         0.54589633 0.44571258] -> F: 0.4086748612155345
Punto[1.         0.54669802 0.44515303] -> F: 0.4079105549478356
Punto[1.         0.54749971 0.44459348] -> F: 0.407142912172093
Punto[1.         0.54830141 0.44403392] -> F: 0.40637722914910424
Punto[1.         0.5491031  0.44347437] -> F: 0.4056135058788695
Punto[1.         0.5499048  0.44291481] -> F: 0.4048517423613884
{
  "seed": 6881,
  "n_per_z": 10,
  "nz": 100,
  "nd": 100,
  "n_muestras": 50,
  "best_f": 0.42502038526780667,
  "best_cp": [
    1.0,
    0.5154319441876731,
    0.4669756263551329
  ],
  "best_u": [
    -0.4257792915650727,
    -0.7639707481467369,
    0.48483057953315994
  ],
  "best_index": 10,
  "n_candidatos": 54
}
