Punto[0.         0.45745826 0.55552713] -> F: 0.20441011504807852
Punto[1.         0.46417088 0.4959115 ] -> F: 0.3833976266171715
Punto[2.         0.38114532 0.5622288 ] -> F: 0.09234886939604206
Punto[1.         0.41930179 0.55887797] -> F: 0.35007829075959046
Punto[1.         0.46327349 0.49717083] -> F: 0.38369833698666583
Punto[1.         0.46239406 0.49840497] -> F: 0.3839676772289263
Punto[1.         0.46151463 0.49963911] -> F: 0.38423045301532716
Punto[1.         0.46063519 0.50087326] -> F: 0.3844933462713522
Punto[1.         0.45975576 0.5021074 ] -> F: 0.3839009483427038
Punto[1.         0.45887632 0.50334154] -> F: 0.3832468885779049
Punto[1.         0.45799689 0.50457568] -> F: 0.3825930691761762
Punto[1.         0.45711746 0.50580983] -> F: 0.38193134533796735
Punto[1.         0.45623802 0.50704397] -> F: 0.3812678167789232
Punto[1.         0.45535859 0.50827811] -> F: 0.38059934591274147
Punto[1.         0.45447915 0.50951226] -> F: 0.3798885459754717
Punto[1.         0.45359972 0.5107464 ] -> F: 0.37913677480792857
Punto[1.         0.45272029 0.51198054] -> F: 0.3783853402694672
Punto[1.         0.45184085 0.51321468] -> F: 0.3776342473490329
Punto[1.         0.45096142 0.51444883] -> F: 0.37688354014447156
Punto[1.         0.45008198 0.51568297] -> F: 0.37613322901237384
Punto[1.         0.44920255 0.51691711] -> F: 0.37538331395273916
Punto[1.         0.44832312 0.51815125] -> F: 0.3746337949655681
Punto[1.         0.44744368 0.5193854 ] -> F: 0.37388467205086023
Punto[1.         0.44656425 0.52061954] -> F: 0.37313594520861576
Punto[1.         0.44568481 0.52185368] -> F: 0.3723876144388347
Punto[1.         0.44480538 0.52308783] -> F: 0.3716390851146767
Punto[1.         0.44392595 0.52432197] -> F: 0.3708903192383591
Punto[1.         0.44304651 0.52555611] -> F: 0.3701419507367357
Punto[1.         0.44216708 0.52679025] -> F: 0.3693939796098065
Punto[1.         0.44128764 0.5280244 ] -> F: 0.3686464058575716
Punto[1.         0.44040821 0.52925854] -> F: 0.36789922948003084
Punto[1.         0.43952878 0.53049268] -> F: 0.36715245047718426
Punto[1.         0.43864934 0.53172683] -> F: 0.366406068849032
Punto[1.         0.43776991 0.53296097] -> F: 0.3656600845955739
Punto[1.         0.43689047 0.53419511] -> F: 0.3649144977168101
Punto[1.         0.43601104 0.53542925] -> F: 0.3641693082127406
Punto[1.         0.43513161 0.5366634 ] -> F: 0.36342451608336507
Punto[1.         0.43425217 0.53789754] -> F: 0.36268012132868394
Punto[1.         0.43337274 0.53913168] -> F: 0.361936123948697
Punto[1.         0.4324933  0.54036582] -> F: 0.36119252394340434
Punto[1.         0.43161387 0.54159997] -> F: 0.3604493213128059
Punto[1.         0.43073444 0.54283411] -> F: 0.3597065160569017
Punto[1.         0.429855   0.54406825] -> F: 0.3589641081756915
Punto[1.         0.42897557 0.5453024 ] -> F: 0.35822209766917584
Punto[1.         0.42809613 0.54653654] -> F: 0.35748048453735426
Punto[1.         0.4272167  0.54777068] -> F: 0.3567392687802269
Punto[1.         0.42633726 0.54900482] -> F: 0.35599845039779376
Punto[1.         0.42545783 0.55023897] -> F: 0.35525802939005485
Punto[1.         0.4245784  0.55147311] -> F: 0.35451744552409015
Punto[1.         0.42369896 0.55270725] -> F: 0.3537765896523545
Punto[1.         0.42281953 0.55394139] -> F: 0.35303613247834625
Punto[1.         0.42194009 0.55517554] -> F: 0.35229607400206586
Punto[1.         0.42106066 0.55640968] -> F: 0.351556414223513
Punto[1.         0.42018123 0.55764382] -> F: 0.35081715314268785
{
  "seed": 11655,
  "n_per_z": 10,
  "nz": 100,
  "nd": 100,
  "n_muestras": 50,
  "best_f": 0.3844933462713522,
  "best_cp": [
    1.0,
    0.4606351919926108,
    0.5008732558782523
  ],
  "best_u": [
    0.5620833778521307,
    -0.5272009994977287,
    -0.6372765353211546
  ],
  "best_index": 7,
  "n_candidatos": 54
}
