Punto[0.         0.6433783  0.42668705] -> F: 0.1287121651453923
Punto[1.         0.45861822 0.45595056] -> F: 0.387760868509435
Punto[2.         0.39470049 0.36648576] -> F: 0.09619785235009796
Punto[1.         0.51903939 0.3965864 ] -> F: 0.4032277792626937
Punto[1.         0.45982664 0.45476328] -> F: 0.39087421410437134
Punto[1.         0.4610109  0.45359974] -> F: 0.39396556163694313
Punto[1.         0.46219515 0.4524362 ] -> F: 0.3970967712629932
Punto[1.         0.46337941 0.45127266] -> F: 0.40026784298252177
Punto[1.         0.46456366 0.45010913] -> F: 0.4034787767955287
Punto[1.         0.46574792 0.44894559] -> F: 0.406500917005706
Punto[1.         0.46693217 0.44778205] -> F: 0.40943016936774024
Punto[1.         0.46811643 0.44661851] -> F: 0.41238462688316707
Punto[1.         0.46930068 0.44545498] -> F: 0.4153642895519863
Punto[1.         0.47048494 0.44429144] -> F: 0.4183691573741978
Punto[1.         0.47166919 0.4431279 ] -> F: 0.42139923034980176
Punto[1.         0.47285345 0.44196436] -> F: 0.424454508478798
Punto[1.         0.4740377  0.44080083] -> F: 0.4273480190870784
Punto[1.         0.47522196 0.43963729] -> F: 0.4301784864618362
Punto[1.         0.47640621 0.43847375] -> F: 0.43296474080370806
Punto[1.         0.47759047 0.43731021] -> F: 0.4357908572390581
Punto[1.         0.47877472 0.43614668] -> F: 0.4386568357678867
Punto[1.         0.47995898 0.43498314] -> F: 0.4415069600458651
Punto[1.         0.48114323 0.4338196 ] -> F: 0.4408332397895342
Punto[1.         0.48232749 0.43265606] -> F: 0.4396433250158428
Punto[1.         0.48351174 0.43149253] -> F: 0.4384543728275754
Punto[1.         0.484696   0.43032899] -> F: 0.437266383224732
Punto[1.         0.48588025 0.42916545] -> F: 0.4360793562073125
Punto[1.         0.48706451 0.42800191] -> F: 0.434893291775317
Punto[1.         0.48824876 0.42683838] -> F: 0.4337081899287454
Punto[1.         0.48943302 0.42567484] -> F: 0.43252405066759775
Punto[1.         0.49061727 0.4245113 ] -> F: 0.431340873991874
Punto[1.         0.49180153 0.42334776] -> F: 0.43015865990157426
Punto[1.         0.49298578 0.42218423] -> F: 0.4289774083966984
Punto[1.         0.49417004 0.42102069] -> F: 0.4277971194772466
Punto[1.         0.49535429 0.41985715] -> F: 0.4266177931432188
Punto[1.         0.49653855 0.41869361] -> F: 0.4254394293946148
Punto[1.         0.4977228  0.41753008] -> F: 0.4242620282314347
Punto[1.         0.49890706 0.41636654] -> F: 0.4230855896536787
Punto[1.         0.50009131 0.415203  ] -> F: 0.4219101136613465
Punto[1.         0.50127557 0.41403946] -> F: 0.4207356002544384
Punto[1.         0.50245982 0.41287593] -> F: 0.4195620494329541
Punto[1.         0.50364408 0.41171239] -> F: 0.41838946119689396
Punto[1.         0.50482833 0.41054885] -> F: 0.4172178355462575
Punto[1.         0.50601259 0.40938531] -> F: 0.4160471724810453
Punto[1.         0.50719684 0.40822178] -> F: 0.4148774720012567
Punto[1.         0.5083811  0.40705824] -> F: 0.41370873410689235
Punto[1.         0.50956535 0.4058947 ] -> F: 0.41254095879795166
Punto[1.         0.51074961 0.40473116] -> F: 0.4113741460744352
Punto[1.         0.51193386 0.40356763] -> F: 0.41020829593634256
Punto[1.         0.51311812 0.40240409] -> F: 0.4090434083836738
Punto[1.         0.51430237 0.40124055] -> F: 0.40787804454773385
Punto[1.         0.51548663 0.40007701] -> F: 0.4067127538818672
Punto[1.         0.51667088 0.39891348] -> F: 0.40554880936621507
Punto[1.         0.51785514 0.39774994] -> F: 0.40438713719057984
{
  "seed": 17549,
  "n_per_z": 10,
  "nz": 100,
  "nd": 100,
  "n_muestras": 50,
  "best_f": 0.4415069600458651,
  "best_cp": [
    1.0,
    0.47995897860207026,
    0.43498313820087386
  ],
  "best_u": [
    0.09410831331851428,
    -0.7670936777305546,
    0.6345950795193392
  ],
  "best_index": 21,
  "n_candidatos": 54
}
