Punto[0.         0.5259249  0.45571474] -> F: 0.15520925721520087
Punto[1.         0.44950969 0.48208876] -> F: 0.4348939445423646
Punto[2.         0.36238538 0.56884469] -> F: 0.1284175604375872
Punto[1.         0.44415514 0.51227972] -> F: 0.4323984519488881
Punto[1.         0.4494026  0.48269258] -> F: 0.435687155651907
Punto[1.         0.44929765 0.48328432] -> F: 0.436459033291627
Punto[1.         0.4491927  0.48387607] -> F: 0.4372254463881873
Punto[1.         0.44908775 0.48446781] -> F: 0.43799258531327784
Punto[1.         0.4489828  0.48505955] -> F: 0.4387604500668989
Punto[1.         0.44887785 0.48565129] -> F: 0.43952904064905035
Punto[1.         0.4487729  0.48624304] -> F: 0.4402983570597323
Punto[1.         0.44866795 0.48683478] -> F: 0.4410683992989445
Punto[1.         0.448563   0.48742652] -> F: 0.44183916736668716
Punto[1.         0.44845805 0.48801826] -> F: 0.4426106612629604
Punto[1.         0.44835311 0.48861001] -> F: 0.4433828809877638
Punto[1.         0.44824816 0.48920175] -> F: 0.44415582654109764
Punto[1.         0.44814321 0.48979349] -> F: 0.4449294979229621
Punto[1.         0.44803826 0.49038523] -> F: 0.4457038951333569
Punto[1.         0.44793331 0.49097698] -> F: 0.4464790181722819
Punto[1.         0.44782836 0.49156872] -> F: 0.44725486703973744
Punto[1.         0.44772341 0.49216046] -> F: 0.44803144173572346
Punto[1.         0.44761846 0.49275221] -> F: 0.4488087422602397
Punto[1.         0.44751351 0.49334395] -> F: 0.4495750789020652
Punto[1.         0.44740856 0.49393569] -> F: 0.4503418166264361
Punto[1.         0.44730361 0.49452743] -> F: 0.451109262976274
Punto[1.         0.44719866 0.49511918] -> F: 0.45187741795157926
Punto[1.         0.44709372 0.49571092] -> F: 0.45264628155235137
Punto[1.         0.44698877 0.49630266] -> F: 0.45235208033173585
Punto[1.         0.44688382 0.4968944 ] -> F: 0.4518443612080417
Punto[1.         0.44677887 0.49748615] -> F: 0.4513501174438051
Punto[1.         0.44667392 0.49807789] -> F: 0.4507010104878085
Punto[1.         0.44656897 0.49866963] -> F: 0.4499582129063297
Punto[1.         0.44646402 0.49926138] -> F: 0.44921801559507013
Punto[1.         0.44635907 0.49985312] -> F: 0.44848041855402937
Punto[1.         0.44625412 0.50044486] -> F: 0.4477454217832073
Punto[1.         0.44614917 0.5010366 ] -> F: 0.4470130252826041
Punto[1.         0.44604422 0.50162835] -> F: 0.44628322905222007
Punto[1.         0.44593927 0.50222009] -> F: 0.4455560330920547
Punto[1.         0.44583433 0.50281183] -> F: 0.44483143740210834
Punto[1.         0.44572938 0.50340357] -> F: 0.444060931035812
Punto[1.         0.44562443 0.50399532] -> F: 0.44327006436386995
Punto[1.         0.44551948 0.50458706] -> F: 0.4424834865731678
Punto[1.         0.44541453 0.5051788 ] -> F: 0.4417011976637051
Punto[1.         0.44530958 0.50577055] -> F: 0.44092319763548204
Punto[1.         0.44520463 0.50636229] -> F: 0.4401494864884986
Punto[1.         0.44509968 0.50695403] -> F: 0.4393800642227549
Punto[1.         0.44499473 0.50754577] -> F: 0.43861493083825076
Punto[1.         0.44488978 0.50813752] -> F: 0.4378540863349862
Punto[1.         0.44478483 0.50872926] -> F: 0.4370975307129613
Punto[1.         0.44467989 0.509321  ] -> F: 0.43634526397217605
Punto[1.         0.44457494 0.50991274] -> F: 0.43559728611263054
Punto[1.         0.44446999 0.51050449] -> F: 0.4348535971343245
Punto[1.         0.44436504 0.51109623] -> F: 0.43411419703725806
Punto[1.         0.44426009 0.51168797] -> F: 0.43327851824397495
{
  "seed": 18894,
  "n_per_z": 10,
  "nz": 100,
  "nd": 100,
  "n_muestras": 50,
  "best_f": 0.45264628155235137,
  "best_cp": [
    1.0,
    0.4470937154111189,
    0.4957109193357109
  ],
  "best_u": [
    0.24868988716485485,
    -0.06081783989461154,
    -0.9666718835119211
  ],
  "best_index": 26,
  "n_candidatos": 54
}
