Punto[0.         0.48747845 0.5547638 ] -> F: 0.08838896650977826
Punto[1.         0.49316479 0.50042152] -> F: 0.4463153079681918
Punto[2.         0.55377357 0.3884162 ] -> F: 0.12618411741955288
Punto[1.         0.52062601 0.47159   ] -> F: 0.41588041498724115
Punto[1.         0.49371402 0.49984489] -> F: 0.44698481709953186
Punto[1.         0.49425226 0.49927979] -> F: 0.44760700017587546
Punto[1.         0.4947905  0.49871469] -> F: 0.4482293493927769
Punto[1.         0.49532874 0.4981496 ] -> F: 0.4488399055130236
Punto[1.         0.49586698 0.4975845 ] -> F: 0.44942469614823694
Punto[1.         0.49640522 0.4970194 ] -> F: 0.4500097896513772
Punto[1.         0.49694346 0.4964543 ] -> F: 0.4505951860224442
Punto[1.         0.4974817  0.49588921] -> F: 0.4511302630659813
Punto[1.         0.49801994 0.49532411] -> F: 0.4502840405656794
Punto[1.         0.49855818 0.49475901] -> F: 0.4494391703746727
Punto[1.         0.49909642 0.49419391] -> F: 0.4485956524929611
Punto[1.         0.49963466 0.49362881] -> F: 0.4477534869205448
Punto[1.         0.5001729  0.49306372] -> F: 0.4469126736574239
Punto[1.         0.50071114 0.49249862] -> F: 0.44607321270359823
Punto[1.         0.50124938 0.49193352] -> F: 0.4452351040590678
Punto[1.         0.50178762 0.49136842] -> F: 0.44439834772383274
Punto[1.         0.50232586 0.49080333] -> F: 0.44356294369789295
Punto[1.         0.5028641  0.49023823] -> F: 0.4427288919812484
Punto[1.         0.50340234 0.48967313] -> F: 0.4418961925738991
Punto[1.         0.50394058 0.48910803] -> F: 0.44106484547584507
Punto[1.         0.50447882 0.48854293] -> F: 0.4402348506870864
Punto[1.         0.50501706 0.48797784] -> F: 0.43940620820762305
Punto[1.         0.5055553  0.48741274] -> F: 0.43857891803745486
Punto[1.         0.50609354 0.48684764] -> F: 0.43775298017658193
Punto[1.         0.50663178 0.48628254] -> F: 0.4369283946250044
Punto[1.         0.50717002 0.48571745] -> F: 0.4361051613827221
Punto[1.         0.50770826 0.48515235] -> F: 0.4352812124783613
Punto[1.         0.50824649 0.48458725] -> F: 0.43445716026529024
Punto[1.         0.50878473 0.48402215] -> F: 0.43363447202186645
Punto[1.         0.50932297 0.48345706] -> F: 0.4328131477480896
Punto[1.         0.50986121 0.48289196] -> F: 0.43199318744395987
Punto[1.         0.51039945 0.48232686] -> F: 0.4311745911094771
Punto[1.         0.51093769 0.48176176] -> F: 0.4303573587446413
Punto[1.         0.51147593 0.48119666] -> F: 0.42954149034945255
Punto[1.         0.51201417 0.48063157] -> F: 0.42872698592391095
Punto[1.         0.51255241 0.48006647] -> F: 0.42791384546801625
Punto[1.         0.51309065 0.47950137] -> F: 0.42710206898176867
Punto[1.         0.51362889 0.47893627] -> F: 0.4262916564651682
Punto[1.         0.51416713 0.47837118] -> F: 0.4254826079182146
Punto[1.         0.51470537 0.47780608] -> F: 0.42467492334090806
Punto[1.         0.51524361 0.47724098] -> F: 0.42386860273324867
Punto[1.         0.51578185 0.47667588] -> F: 0.4230636460952362
Punto[1.         0.51632009 0.47611078] -> F: 0.42226005342687084
Punto[1.         0.51685833 0.47554569] -> F: 0.42145782472815246
Punto[1.         0.51739657 0.47498059] -> F: 0.42065695999908126
Punto[1.         0.51793481 0.47441549] -> F: 0.419857459239657
Punto[1.         0.51847305 0.47385039] -> F: 0.41905932244987965
Punto[1.         0.51901129 0.4732853 ] -> F: 0.4182625496297495
Punto[1.         0.51954953 0.4727202 ] -> F: 0.4174671407792664
Punto[1.         0.52008777 0.4721551 ] -> F: 0.41667309589843016
Best centerpoint:  [1.         0.4974817  0.49588921] Best F:  0.4511302630659813 Best u:  [-0.99950656  0.02077231 -0.02356156] índice:  8
{
  "seed": 2033,
  "n_per_z": 5,
  "nz": 100,
  "nd": 100,
  "n_muestras": 50,
  "best_f": 0.4511302630659813,
  "best_cp": [
    1.0,
    0.4974816962277445,
    0.4958892052989639
  ],
  "best_u": [
    -0.9995065603657316,
    0.020772307677188847,
    -0.023561558089999487
  ],
  "n_candidatos": 54
}
