Punto[0.         0.45191702 0.52172252] -> F: 0.14317126719917608
Punto[1.         0.50340806 0.55042021] -> F: 0.42528844478895605
Punto[2.         0.45681109 0.53188641] -> F: 0.11893463036172715
Punto[1.         0.45436405 0.52680446] -> F: 0.4219597074340639
Punto[1.         0.50242718 0.5499479 ] -> F: 0.426674753416302
Punto[1.         0.50146591 0.54948503] -> F: 0.4280371521757373
Punto[1.         0.50050465 0.54902216] -> F: 0.4294033286912769
Punto[1.         0.49954339 0.54855929] -> F: 0.43077328296292133
Punto[1.         0.49858213 0.54809642] -> F: 0.4321470149906701
Punto[1.         0.49762086 0.54763355] -> F: 0.4335245247745234
Punto[1.         0.4966596  0.54717068] -> F: 0.43490581231448117
Punto[1.         0.49569834 0.54670782] -> F: 0.4362908776105434
Punto[1.         0.49473708 0.54624495] -> F: 0.4376797206627102
Punto[1.         0.49377581 0.54578208] -> F: 0.4390699799391667
Punto[1.         0.49281455 0.54531921] -> F: 0.44043362148660736
Punto[1.         0.49185329 0.54485634] -> F: 0.44180078484743585
Punto[1.         0.49089203 0.54439347] -> F: 0.4431714700216517
Punto[1.         0.48993076 0.5439306 ] -> F: 0.44319488124805606
Punto[1.         0.4889695  0.54346773] -> F: 0.442627975326505
Punto[1.         0.48800824 0.54300487] -> F: 0.44206307925660526
Punto[1.         0.48704698 0.542542  ] -> F: 0.4415001930383564
Punto[1.         0.48608571 0.54207913] -> F: 0.440939316671759
Punto[1.         0.48512445 0.54161626] -> F: 0.44038045015681254
Punto[1.         0.48416319 0.54115339] -> F: 0.4398235934935172
Punto[1.         0.48320193 0.54069052] -> F: 0.43926874668187327
Punto[1.         0.48224067 0.54022765] -> F: 0.43871590972188035
Punto[1.         0.4812794  0.53976479] -> F: 0.43816508261353865
Punto[1.         0.48031814 0.53930192] -> F: 0.43761626535684794
Punto[1.         0.47935688 0.53883905] -> F: 0.43706945795180857
Punto[1.         0.47839562 0.53837618] -> F: 0.4365246603984203
Punto[1.         0.47743435 0.53791331] -> F: 0.435981872696683
Punto[1.         0.47647309 0.53745044] -> F: 0.435441094846597
Punto[1.         0.47551183 0.53698757] -> F: 0.43490087248958054
Punto[1.         0.47455057 0.5365247 ] -> F: 0.43434253170934256
Punto[1.         0.4735893  0.53606184] -> F: 0.43378571713363434
Punto[1.         0.47262804 0.53559897] -> F: 0.43323042876245627
Punto[1.         0.47166678 0.5351361 ] -> F: 0.4326766665958081
Punto[1.         0.47070552 0.53467323] -> F: 0.43212443063368994
Punto[1.         0.46974425 0.53421036] -> F: 0.43157372087610174
Punto[1.         0.46878299 0.53374749] -> F: 0.4310245373230434
Punto[1.         0.46782173 0.53328462] -> F: 0.43047687997451517
Punto[1.         0.46686047 0.53282176] -> F: 0.42991069374884733
Punto[1.         0.4658992  0.53235889] -> F: 0.429342954287966
Punto[1.         0.46493794 0.53189602] -> F: 0.42877658140683744
Punto[1.         0.46397668 0.53143315] -> F: 0.4282115751054618
Punto[1.         0.46301542 0.53097028] -> F: 0.427647935383839
Punto[1.         0.46205415 0.53050741] -> F: 0.4270699629598652
Punto[1.         0.46109289 0.53004454] -> F: 0.42648475503063565
Punto[1.         0.46013163 0.52958168] -> F: 0.42590082534504003
Punto[1.         0.45917037 0.52911881] -> F: 0.4253181739030785
Punto[1.         0.4582091  0.52865594] -> F: 0.42473680070475106
Punto[1.         0.45724784 0.52819307] -> F: 0.42412659403500375
Punto[1.         0.45628658 0.5277302 ] -> F: 0.42340308736480275
Punto[1.         0.45532532 0.52726733] -> F: 0.42268079183115603
{
  "seed": 17373,
  "n_per_z": 10,
  "nz": 100,
  "nd": 100,
  "n_muestras": 50,
  "best_f": 0.44319488124805606,
  "best_cp": [
    1.0,
    0.48993076465186997,
    0.5439306031892611
  ],
  "best_u": [
    0.2789911060392295,
    -0.7587808690903622,
    0.5885707735298125
  ],
  "best_index": 17,
  "n_candidatos": 54
}
