Punto[0.         0.44099628 0.42409417] -> F: 0.132753313787414
Punto[1.         0.46571771 0.48082232] -> F: 0.45397558064238064
Punto[2.         0.44340961 0.53478331] -> F: 0.16655094693770153
Punto[1.         0.44220295 0.47943874] -> F: 0.45289080047313457
Punto[1.         0.46524742 0.48079465] -> F: 0.4543624311797922
Punto[1.         0.46478653 0.48076753] -> F: 0.4547416639640192
Punto[1.         0.46432564 0.48074041] -> F: 0.45512101480118794
Punto[1.         0.46386475 0.4807133 ] -> F: 0.4555004836912984
Punto[1.         0.46340386 0.48068618] -> F: 0.45588007063435065
Punto[1.         0.46294297 0.48065906] -> F: 0.4562597756303446
Punto[1.         0.46248208 0.48063194] -> F: 0.45663959867928045
Punto[1.         0.46202119 0.48060482] -> F: 0.45701953978115784
Punto[1.        0.4615603 0.4805777] -> F: 0.457399598935977
Punto[1.         0.46109941 0.48055059] -> F: 0.45777541926706905
Punto[1.         0.46063852 0.48052347] -> F: 0.4581416791948524
Punto[1.         0.46017763 0.48049635] -> F: 0.45850805127535627
Punto[1.         0.45971674 0.48046923] -> F: 0.45887453550858015
Punto[1.         0.45925585 0.48044211] -> F: 0.45924113189452476
Punto[1.         0.45879497 0.48041499] -> F: 0.4596078404331895
Punto[1.         0.45833408 0.48038788] -> F: 0.4597535943948924
Punto[1.         0.45787319 0.48036076] -> F: 0.45955890908960056
Punto[1.         0.4574123  0.48033364] -> F: 0.4593642629225694
Punto[1.         0.45695141 0.48030652] -> F: 0.45916965589379877
Punto[1.         0.45649052 0.4802794 ] -> F: 0.4589750880032887
Punto[1.         0.45602963 0.48025229] -> F: 0.4587805592510392
Punto[1.         0.45556874 0.48022517] -> F: 0.4585860696370503
Punto[1.         0.45510785 0.48019805] -> F: 0.458391619161322
Punto[1.         0.45464696 0.48017093] -> F: 0.45819720782385426
Punto[1.         0.45418607 0.48014381] -> F: 0.45800283562464716
Punto[1.         0.45372518 0.48011669] -> F: 0.4578085025637005
Punto[1.         0.45326429 0.48008958] -> F: 0.4576142086410145
Punto[1.         0.4528034  0.48006246] -> F: 0.45741929695431993
Punto[1.         0.45234251 0.48003534] -> F: 0.45722234731525646
Punto[1.         0.45188162 0.48000822] -> F: 0.4570254379242847
Punto[1.         0.45142073 0.4799811 ] -> F: 0.4568285687814049
Punto[1.         0.45095985 0.47995398] -> F: 0.4566317398866168
Punto[1.         0.45049896 0.47992687] -> F: 0.45643495123992056
Punto[1.         0.45003807 0.47989975] -> F: 0.45623820284131605
Punto[1.         0.44957718 0.47987263] -> F: 0.45604149469080335
Punto[1.         0.44911629 0.47984551] -> F: 0.4558448267883825
Punto[1.         0.4486554  0.47981839] -> F: 0.4556481991340534
Punto[1.         0.44819451 0.47979128] -> F: 0.4554516117278162
Punto[1.         0.44773362 0.47976416] -> F: 0.4552550645696707
Punto[1.         0.44727273 0.47973704] -> F: 0.455058557659617
Punto[1.         0.44681184 0.47970992] -> F: 0.4548620909976551
Punto[1.         0.44635095 0.4796828 ] -> F: 0.45466566458378505
Punto[1.         0.44589006 0.47965568] -> F: 0.45446927841800683
Punto[1.         0.44542917 0.47962857] -> F: 0.45427293250032036
Punto[1.         0.44496828 0.47960145] -> F: 0.45407662683072575
Punto[1.         0.44450739 0.47957433] -> F: 0.4538803614092229
Punto[1.         0.4440465  0.47954721] -> F: 0.45368413623581183
Punto[1.         0.44358562 0.47952009] -> F: 0.4534872747526477
Punto[1.         0.44312473 0.47949297] -> F: 0.4532884086199305
Punto[1.         0.44266384 0.47946586] -> F: 0.4530895838600928
{
  "seed": 6149,
  "n_per_z": 10,
  "nz": 100,
  "nd": 100,
  "n_muestras": 50,
  "best_f": 0.4597535943948924,
  "best_cp": [
    1.0,
    0.45833407604848486,
    0.480387876694056
  ],
  "best_u": [
    -0.9995065603657316,
    -0.026520981050879647,
    -0.016830726364690907
  ],
  "best_index": 19,
  "n_candidatos": 54
}
