Punto[0.         0.47417024 0.43093606] -> F: 0.14627988178598403
Punto[1.         0.47808928 0.43997845] -> F: 0.41892037824687
Punto[2.         0.55916552 0.3938851 ] -> F: 0.1218182156208515
Punto[1.         0.51666788 0.41241058] -> F: 0.42269931104816394
Punto[1.         0.47886086 0.43942709] -> F: 0.4202110234856947
Punto[1.         0.479617   0.43888676] -> F: 0.42147736121624196
Punto[1.         0.48037314 0.43834643] -> F: 0.42274518913726317
Punto[1.         0.48112928 0.4378061 ] -> F: 0.42401450724875805
Punto[1.         0.48188542 0.43726577] -> F: 0.4252853155507269
Punto[1.         0.48264156 0.43672544] -> F: 0.4265576140431696
Punto[1.         0.4833977  0.43618511] -> F: 0.42783140272608594
Punto[1.         0.48415384 0.43564478] -> F: 0.4291066815994764
Punto[1.         0.48490998 0.43510445] -> F: 0.4303834506633407
Punto[1.         0.48566612 0.43456412] -> F: 0.4316617099176786
Punto[1.         0.48642226 0.43402379] -> F: 0.4329414593624905
Punto[1.         0.4871784  0.43348346] -> F: 0.4342226989977763
Punto[1.         0.48793454 0.43294313] -> F: 0.43550542882353577
Punto[1.         0.48869068 0.4324028 ] -> F: 0.4367896488397692
Punto[1.         0.48944682 0.43186247] -> F: 0.4380753590464764
Punto[1.         0.49020296 0.43132214] -> F: 0.4393625594436576
Punto[1.         0.49095911 0.43078181] -> F: 0.44060941032136064
Punto[1.         0.49171525 0.43024148] -> F: 0.4418497519212953
Punto[1.         0.49247139 0.42970115] -> F: 0.44309157052729453
Punto[1.         0.49322753 0.42916082] -> F: 0.4443348661393582
Punto[1.         0.49398367 0.42862049] -> F: 0.4455796387574866
Punto[1.         0.49473981 0.42808016] -> F: 0.4468258883816795
Punto[1.         0.49549595 0.42753983] -> F: 0.4480736150119369
Punto[1.         0.49625209 0.4269995 ] -> F: 0.44852976893531415
Punto[1.         0.49700823 0.42645917] -> F: 0.4478022063773639
Punto[1.         0.49776437 0.42591884] -> F: 0.44708605938197615
Punto[1.         0.49852051 0.42537851] -> F: 0.4463689962804986
Punto[1.         0.49927665 0.42483818] -> F: 0.44565101707293087
Punto[1.         0.50003279 0.42429785] -> F: 0.44493212175927355
Punto[1.         0.50078893 0.42375752] -> F: 0.4442123103395259
Punto[1.         0.50154507 0.42321719] -> F: 0.44339805009548455
Punto[1.         0.50230121 0.42267686] -> F: 0.44255683825587483
Punto[1.         0.50305735 0.42213653] -> F: 0.44171997710294963
Punto[1.         0.50381349 0.4215962 ] -> F: 0.4406579723741902
Punto[1.         0.50456964 0.42105587] -> F: 0.4396053214229514
Punto[1.         0.50532578 0.42051554] -> F: 0.43856202424923263
Punto[1.         0.50608192 0.4199752 ] -> F: 0.4375280808530343
Punto[1.         0.50683806 0.41943487] -> F: 0.43649189462816124
Punto[1.         0.5075942  0.41889454] -> F: 0.43538449935105145
Punto[1.         0.50835034 0.41835421] -> F: 0.4342928798173768
Punto[1.         0.50910648 0.41781388] -> F: 0.4332170360271373
Punto[1.         0.50986262 0.41727355] -> F: 0.4321569679803333
Punto[1.         0.51061876 0.41673322] -> F: 0.4311126756769643
Punto[1.         0.5113749  0.41619289] -> F: 0.4300841591170305
Punto[1.         0.51213104 0.41565256] -> F: 0.4290714183005321
Punto[1.         0.51288718 0.41511223] -> F: 0.42807445322746873
Punto[1.         0.51364332 0.4145719 ] -> F: 0.42705954902793797
Punto[1.         0.51439946 0.41403157] -> F: 0.4258958137480142
Punto[1.         0.5151556  0.41349124] -> F: 0.4247811956580773
Punto[1.         0.51591174 0.41295091] -> F: 0.42371569475812726
{
  "seed": 232,
  "n_per_z": 10,
  "nz": 100,
  "nd": 100,
  "n_muestras": 50,
  "best_f": 0.44852976893531415,
  "best_cp": [
    1.0,
    0.4962520892386976,
    0.42699949853574787
  ],
  "best_u": [
    0.27899110603922916,
    0.8688997051127985,
    -0.4088731651819416
  ],
  "best_index": 27,
  "n_candidatos": 54
}
