Punto[0.         0.52070715 0.56347494] -> F: 0.16621578662849854
Punto[1.         0.47208667 0.5645129 ] -> F: 0.4061697670435379
Punto[2.         0.44596967 0.60013276] -> F: 0.10806709407049038
Punto[1.         0.48333841 0.58180385] -> F: 0.4124395984821984
Punto[1.         0.47231171 0.56485872] -> F: 0.406670125642739
Punto[1.         0.47253224 0.56519763] -> F: 0.4071617124681242
Punto[1.         0.47275278 0.56553653] -> F: 0.40765452221290777
Punto[1.         0.47297331 0.56587543] -> F: 0.40814855487708973
Punto[1.         0.47319384 0.56621433] -> F: 0.4086438104606699
Punto[1.         0.47341438 0.56655324] -> F: 0.40914028896364896
Punto[1.         0.47363491 0.56689214] -> F: 0.40963799038602616
Punto[1.         0.47385545 0.56723104] -> F: 0.4101369147278019
Punto[1.         0.47407598 0.56756994] -> F: 0.41063706198897626
Punto[1.         0.47429651 0.56790885] -> F: 0.4111384321695488
Punto[1.         0.47451705 0.56824775] -> F: 0.41164102526952007
Punto[1.         0.47473758 0.56858665] -> F: 0.41214484128888956
Punto[1.         0.47495812 0.56892555] -> F: 0.41264988022765753
Punto[1.         0.47517865 0.56926446] -> F: 0.4131561420858242
Punto[1.         0.47539919 0.56960336] -> F: 0.41364584391315296
Punto[1.         0.47561972 0.56994226] -> F: 0.4141292006856076
Punto[1.         0.47584025 0.57028116] -> F: 0.41461356834803137
Punto[1.         0.47606079 0.57062007] -> F: 0.41509894690042365
Punto[1.         0.47628132 0.57095897] -> F: 0.4155853363427846
Punto[1.         0.47650186 0.57129787] -> F: 0.4160727366751144
Punto[1.         0.47672239 0.57163677] -> F: 0.4165611478974129
Punto[1.         0.47694292 0.57197568] -> F: 0.41705057000968015
Punto[1.         0.47716346 0.57231458] -> F: 0.4175410030119161
Punto[1.         0.47738399 0.57265348] -> F: 0.4180324469041207
Punto[1.         0.47760453 0.57299238] -> F: 0.4185249016862942
Punto[1.         0.47782506 0.57333129] -> F: 0.4190088566112229
Punto[1.         0.47804559 0.57367019] -> F: 0.4194376004072937
Punto[1.         0.47826613 0.57400909] -> F: 0.41966556579398223
Punto[1.         0.47848666 0.57434799] -> F: 0.4193557463221577
Punto[1.        0.4787072 0.5746869] -> F: 0.4190461397758713
Punto[1.         0.47892773 0.5750258 ] -> F: 0.41873674615512296
Punto[1.         0.47914827 0.5753647 ] -> F: 0.41842756545991266
Punto[1.        0.4793688 0.5757036] -> F: 0.4181185976902407
Punto[1.         0.47958933 0.57604251] -> F: 0.4178030135354819
Punto[1.         0.47980987 0.57638141] -> F: 0.41748710559527435
Punto[1.         0.4800304  0.57672031] -> F: 0.4171714035626474
Punto[1.         0.48025094 0.57705921] -> F: 0.41685590743760115
Punto[1.         0.48047147 0.57739812] -> F: 0.41654061722013547
Punto[1.         0.480692   0.57773702] -> F: 0.4162255329102506
Punto[1.         0.48091254 0.57807592] -> F: 0.41591065450794606
Punto[1.         0.48113307 0.57841482] -> F: 0.4155959820132222
Punto[1.         0.48135361 0.57875373] -> F: 0.4152815154260789
Punto[1.         0.48157414 0.57909263] -> F: 0.41496725474651625
Punto[1.         0.48179467 0.57943153] -> F: 0.41465319997453426
Punto[1.         0.48201521 0.57977043] -> F: 0.41433935111013287
Punto[1.         0.48223574 0.58010934] -> F: 0.4140257081533121
Punto[1.         0.48245628 0.58044824] -> F: 0.4137122711040718
Punto[1.         0.48267681 0.58078714] -> F: 0.4133990399624123
Punto[1.         0.48289735 0.58112604] -> F: 0.4130797330497613
Punto[1.         0.48311788 0.58146495] -> F: 0.41275956511546785
{
  "seed": 11349,
  "n_per_z": 10,
  "nz": 100,
  "nd": 100,
  "n_muestras": 50,
  "best_f": 0.41966556579398223,
  "best_cp": [
    1.0,
    0.47826612896774534,
    0.5740090907580567
  ],
  "best_u": [
    0.3387379202452915,
    0.8748088149980956,
    0.34636131220089006
  ],
  "best_index": 31,
  "n_candidatos": 54
}
