Punto[0.         0.60418098 0.72913795] -> F: 0.11610183441445412
Punto[1.         0.48132566 0.55765943] -> F: 0.42398274297576066
Punto[2.         0.32993519 0.49425625] -> F: 0.1409044113585771
Punto[1.         0.46705809 0.6116971 ] -> F: 0.4407761173695476
Punto[1.         0.48104031 0.55874019] -> F: 0.4258524136424793
Punto[1.         0.48076066 0.55979933] -> F: 0.4276890385724354
Punto[1.         0.48048102 0.56085846] -> F: 0.4295299672630383
Punto[1.         0.48020137 0.5619176 ] -> F: 0.43137519971428817
Punto[1.         0.47992173 0.56297674] -> F: 0.43322473592618493
Punto[1.         0.47964208 0.56403588] -> F: 0.4350785758987282
Punto[1.         0.47936244 0.56509502] -> F: 0.4369367196319186
Punto[1.         0.4790828  0.56615415] -> F: 0.43879916712575573
Punto[1.         0.47880315 0.56721329] -> F: 0.44066591838023983
Punto[1.         0.47852351 0.56827243] -> F: 0.44252238471507294
Punto[1.         0.47824386 0.56933157] -> F: 0.44435460676513955
Punto[1.         0.47796422 0.57039071] -> F: 0.4461908873068041
Punto[1.         0.47768457 0.57144985] -> F: 0.4480312263400663
Punto[1.         0.47740493 0.57250898] -> F: 0.4498756238649263
Punto[1.         0.47712528 0.57356812] -> F: 0.4517240798813837
Punto[1.         0.47684564 0.57462726] -> F: 0.4535281177871021
Punto[1.        0.476566  0.5756864] -> F: 0.45464718519422725
Punto[1.         0.47628635 0.57674554] -> F: 0.4544915459420062
Punto[1.         0.47600671 0.57780468] -> F: 0.4543358821600337
Punto[1.         0.47572706 0.57886381] -> F: 0.45418019384830977
Punto[1.         0.47544742 0.57992295] -> F: 0.4540244810068343
Punto[1.         0.47516777 0.58098209] -> F: 0.4538687436356073
Punto[1.         0.47488813 0.58204123] -> F: 0.45371298173462893
Punto[1.         0.47460848 0.58310037] -> F: 0.45355719530389893
Punto[1.         0.47432884 0.5841595 ] -> F: 0.45340138434341737
Punto[1.         0.4740492  0.58521864] -> F: 0.4532455488531845
Punto[1.         0.47376955 0.58627778] -> F: 0.4530896888332
Punto[1.         0.47348991 0.58733692] -> F: 0.4529338042834639
Punto[1.         0.47321026 0.58839606] -> F: 0.45276356333424855
Punto[1.         0.47293062 0.5894552 ] -> F: 0.45226262117786903
Punto[1.         0.47265097 0.59051433] -> F: 0.451745192149452
Punto[1.         0.47237133 0.59157347] -> F: 0.4512288568359893
Punto[1.         0.47209169 0.59263261] -> F: 0.45071361523748116
Punto[1.         0.47181204 0.59369175] -> F: 0.4501994673539271
Punto[1.         0.4715324  0.59475089] -> F: 0.44967560236258225
Punto[1.         0.47125275 0.59581003] -> F: 0.4491451645767084
Punto[1.         0.47097311 0.59686916] -> F: 0.4486157470096557
Punto[1.         0.47069346 0.5979283 ] -> F: 0.4480873496614238
Punto[1.         0.47041382 0.59898744] -> F: 0.4475476263975375
Punto[1.         0.47013417 0.60004658] -> F: 0.447002950155814
Punto[1.         0.46985453 0.60110572] -> F: 0.4464592452281644
Punto[1.         0.46957489 0.60216486] -> F: 0.4459165116145888
Punto[1.         0.46929524 0.60322399] -> F: 0.44535864138650216
Punto[1.         0.4690156  0.60428313] -> F: 0.4447999707121662
Punto[1.         0.46873595 0.60534227] -> F: 0.44424223846547334
Punto[1.         0.46845631 0.60640141] -> F: 0.4436836895572656
Punto[1.         0.46817666 0.60746055] -> F: 0.4431105587952286
Punto[1.         0.46789702 0.60851968] -> F: 0.4425383446768799
Punto[1.         0.46761737 0.60957882] -> F: 0.4419670472022197
Punto[1.         0.46733773 0.61063796] -> F: 0.44139379607220974
Best centerpoint:  [1.        0.476566  0.5756864] Best F:  0.45464718519422725 Best u:  [-0.09410831  0.9136816   0.39538533] índice:  17
{
  "seed": 9639,
  "n_per_z": 5,
  "nz": 100,
  "nd": 100,
  "n_muestras": 50,
  "best_f": 0.45464718519422725,
  "best_cp": [
    1.0,
    0.47656599570143243,
    0.5756863988849439
  ],
  "best_u": [
    -0.09410831331851438,
    0.9136815981695086,
    0.39538533423833133
  ],
  "n_candidatos": 54
}
