Punto[0.         0.50661108 0.44841119] -> F: 0.15079615684089476
Punto[1.         0.49324723 0.49358031] -> F: 0.45750455375851984
Punto[2.         0.47958727 0.51826474] -> F: 0.14552752871280206
Punto[1.         0.49309917 0.48333797] -> F: 0.4674364798238112
Punto[1.         0.49324427 0.49337546] -> F: 0.45775234714667323
Punto[1.         0.49324137 0.49317471] -> F: 0.4579952415883439
Punto[1.         0.49323846 0.49297396] -> F: 0.45823819237633256
Punto[1.         0.49323556 0.49277321] -> F: 0.45848119951063876
Punto[1.         0.49323266 0.49257246] -> F: 0.45872426299126307
Punto[1.         0.49322976 0.49237171] -> F: 0.4589673828182052
Punto[1.         0.49322686 0.49217096] -> F: 0.4592105589914651
Punto[1.         0.49322395 0.49197021] -> F: 0.45945379151104293
Punto[1.         0.49322105 0.49176946] -> F: 0.45969708037693874
Punto[1.         0.49321815 0.49156871] -> F: 0.4599404255891522
Punto[1.         0.49321525 0.49136796] -> F: 0.4601838271476835
Punto[1.         0.49321235 0.49116721] -> F: 0.4604272850525327
Punto[1.         0.49320944 0.49096646] -> F: 0.46067079930370003
Punto[1.         0.49320654 0.49076571] -> F: 0.46091436990118506
Punto[1.         0.49320364 0.49056496] -> F: 0.46115765108292783
Punto[1.         0.49320074 0.49036421] -> F: 0.4613939253441488
Punto[1.         0.49319784 0.49016346] -> F: 0.46163024764539556
Punto[1.         0.49319493 0.48996271] -> F: 0.4618666179866687
Punto[1.         0.49319203 0.48976196] -> F: 0.46210303636796746
Punto[1.         0.49318913 0.48956121] -> F: 0.46233950278929253
Punto[1.         0.49318623 0.48936046] -> F: 0.46257601725064346
Punto[1.         0.49318333 0.48915971] -> F: 0.4628125797520204
Punto[1.         0.49318042 0.48895896] -> F: 0.4630491902934232
Punto[1.         0.49317752 0.48875821] -> F: 0.4632858488748521
Punto[1.         0.49317462 0.48855746] -> F: 0.463522555496307
Punto[1.         0.49317172 0.48835671] -> F: 0.4637593101577879
Punto[1.         0.49316882 0.48815596] -> F: 0.4639961128592949
Punto[1.         0.49316592 0.48795521] -> F: 0.4642329636008278
Punto[1.         0.49316301 0.48775446] -> F: 0.4644698623823864
Punto[1.         0.49316011 0.48755371] -> F: 0.4647068092039714
Punto[1.         0.49315721 0.48735296] -> F: 0.46494380406558233
Punto[1.         0.49315431 0.48715221] -> F: 0.4651808469672191
Punto[1.         0.49315141 0.48695146] -> F: 0.465417937908882
Punto[1.         0.4931485  0.48675071] -> F: 0.4656550768905708
Punto[1.         0.4931456  0.48654996] -> F: 0.4658922639122858
Punto[1.         0.4931427  0.48634921] -> F: 0.4661294989740266
Punto[1.         0.4931398  0.48614846] -> F: 0.46636678207579335
Punto[1.         0.4931369  0.48594771] -> F: 0.4666041132175863
Punto[1.         0.49313399 0.48574696] -> F: 0.46684149239940503
Punto[1.         0.49313109 0.48554622] -> F: 0.4670789196212499
Punto[1.         0.49312819 0.48534547] -> F: 0.4673163948831207
Punto[1.         0.49312529 0.48514472] -> F: 0.4675539181850175
Punto[1.         0.49312239 0.48494397] -> F: 0.46779148952694033
Punto[1.         0.49311948 0.48474322] -> F: 0.46802910890888916
Punto[1.         0.49311658 0.48454247] -> F: 0.468266776330864
Punto[1.         0.49311368 0.48434172] -> F: 0.4685044917928648
Punto[1.         0.49311078 0.48414097] -> F: 0.46855545997673664
Punto[1.         0.49310788 0.48394022] -> F: 0.4682756548868479
Punto[1.         0.49310497 0.48373947] -> F: 0.4679958898313974
Punto[1.         0.49310207 0.48353872] -> F: 0.4677161648103851
{
  "seed": 4704,
  "n_per_z": 10,
  "nz": 100,
  "nd": 100,
  "n_muestras": 50,
  "best_f": 0.46855545997673664,
  "best_cp": [
    1.0,
    0.49311077820765553,
    0.4841409661098215
  ],
  "best_u": [
    -0.06279051952931353,
    -0.4808030432720345,
    -0.8745774889840174
  ],
  "best_index": 50,
  "n_candidatos": 54
}
