Punto[0.         0.43190766 0.32965735] -> F: 0.1168292106968797
Punto[1.         0.5150455  0.42699805] -> F: 0.39844594192788874
Punto[2.         0.54367888 0.45578275] -> F: 0.14440870253534735
Punto[1.         0.48779327 0.39272005] -> F: 0.4036509349009872
Punto[1.         0.51450046 0.42631249] -> F: 0.39988059964925415
Punto[1.         0.51396631 0.42564064] -> F: 0.40132041871042273
Punto[1.         0.51343217 0.42496879] -> F: 0.40279375030123377
Punto[1.         0.51289803 0.42429694] -> F: 0.404300594421687
Punto[1.         0.51236388 0.42362509] -> F: 0.40584095107178253
Punto[1.         0.51182974 0.42295324] -> F: 0.40725934538998027
Punto[1.         0.51129559 0.42228139] -> F: 0.408682712902382
Punto[1.         0.51076145 0.42160955] -> F: 0.4101206179339242
Punto[1.         0.51022731 0.4209377 ] -> F: 0.41157306048460646
Punto[1.         0.50969316 0.42026585] -> F: 0.4130400405544293
Punto[1.         0.50915902 0.419594  ] -> F: 0.414521558143392
Punto[1.         0.50862488 0.41892215] -> F: 0.4160176132514953
Punto[1.         0.50809073 0.4182503 ] -> F: 0.4175282058787388
Punto[1.         0.50755659 0.41757845] -> F: 0.41905333602512257
Punto[1.         0.50702244 0.4169066 ] -> F: 0.4205930036906466
Punto[1.         0.5064883  0.41623476] -> F: 0.4221472088753108
Punto[1.         0.50595416 0.41556291] -> F: 0.423667465685473
Punto[1.         0.50542001 0.41489106] -> F: 0.4251588319757323
Punto[1.         0.50488587 0.41421921] -> F: 0.42665975873611556
Punto[1.         0.50435173 0.41354736] -> F: 0.42817024596662223
Punto[1.         0.50381758 0.41287551] -> F: 0.4296902936672527
Punto[1.         0.50328344 0.41220366] -> F: 0.43121990183800696
Punto[1.         0.50274929 0.41153181] -> F: 0.4322982365626159
Punto[1.         0.50221515 0.41085997] -> F: 0.4328178332433678
Punto[1.         0.50168101 0.41018812] -> F: 0.4317639867508511
Punto[1.         0.50114686 0.40951627] -> F: 0.43071290563884906
Punto[1.         0.50061272 0.40884442] -> F: 0.42966458990736206
Punto[1.         0.50007858 0.40817257] -> F: 0.4286190395563898
Punto[1.         0.49954443 0.40750072] -> F: 0.42757625458593235
Punto[1.         0.49901029 0.40682887] -> F: 0.4265362349959897
Punto[1.         0.49847614 0.40615702] -> F: 0.425498980786562
Punto[1.         0.497942   0.40548518] -> F: 0.42446449195764885
Punto[1.         0.49740786 0.40481333] -> F: 0.4234327685092507
Punto[1.         0.49687371 0.40414148] -> F: 0.4224038104413674
Punto[1.         0.49633957 0.40346963] -> F: 0.4213776177539987
Punto[1.         0.49580542 0.40279778] -> F: 0.420354190447145
Punto[1.         0.49527128 0.40212593] -> F: 0.4193335285208059
Punto[1.         0.49473714 0.40145408] -> F: 0.4183072621514962
Punto[1.         0.49420299 0.40078223] -> F: 0.41716642233597573
Punto[1.         0.49366885 0.40011039] -> F: 0.41602827022167704
Punto[1.         0.49313471 0.39943854] -> F: 0.4148928058085998
Punto[1.         0.49260056 0.39876669] -> F: 0.4137600290967441
Punto[1.         0.49206642 0.39809484] -> F: 0.4126299400861101
Punto[1.         0.49153227 0.39742299] -> F: 0.4115025387766977
Punto[1.         0.49099813 0.39675114] -> F: 0.4103778251685067
Punto[1.         0.49046399 0.39607929] -> F: 0.40925265550198286
Punto[1.         0.48992984 0.39540744] -> F: 0.40812687821276045
Punto[1.        0.4893957 0.3947356] -> F: 0.40700381750804976
Punto[1.         0.48886156 0.39406375] -> F: 0.40588347338785064
Punto[1.         0.48832741 0.3933919 ] -> F: 0.404765845852163
Best centerpoint:  [1.         0.50221515 0.41085997] Best F:  0.4328178332433678 Best u:  [-0.18738131 -0.64959821 -0.73682454] índice:  24
{
  "seed": 3403,
  "n_per_z": 5,
  "nz": 100,
  "nd": 100,
  "n_muestras": 50,
  "best_f": 0.4328178332433678,
  "best_cp": [
    1.0,
    0.5022151501598396,
    0.41085996564154137
  ],
  "best_u": [
    -0.18738131458572474,
    -0.6495982140630309,
    -0.7368245403284599
  ],
  "n_candidatos": 54
}
