Punto[0.         0.57733001 0.39255612] -> F: 0.13154329787577188
Punto[1.         0.6148156  0.43982454] -> F: 0.3900000580189551
Punto[2.         0.68244767 0.57416712] -> F: 0.08389769672888438
Punto[1.         0.62988884 0.48336162] -> F: 0.36445510146212706
Punto[1.         0.61511706 0.44069528] -> F: 0.3910913847155009
Punto[1.         0.6154125  0.44154861] -> F: 0.3921738600733787
Punto[1.         0.61570793 0.44240193] -> F: 0.39326917956394103
Punto[1.         0.61600337 0.44325526] -> F: 0.3943252015344823
Punto[1.         0.6162988  0.44410859] -> F: 0.3953553980029982
Punto[1.         0.61659424 0.44496192] -> F: 0.3964045431459409
Punto[1.         0.61688967 0.44581524] -> F: 0.39747263696331137
Punto[1.         0.61718511 0.44666857] -> F: 0.3985596794551086
Punto[1.         0.61748055 0.4475219 ] -> F: 0.3996656706213331
Punto[1.         0.61777598 0.44837522] -> F: 0.40076791147548896
Punto[1.         0.61807142 0.44922855] -> F: 0.4017704087411081
Punto[1.         0.61836685 0.45008188] -> F: 0.4027998898725045
Punto[1.         0.61866229 0.4509352 ] -> F: 0.403866848021066
Punto[1.         0.61895772 0.45178853] -> F: 0.4049712831867924
Punto[1.         0.61925316 0.45264186] -> F: 0.4053768787380201
Punto[1.         0.61954859 0.45349518] -> F: 0.4041927870831555
Punto[1.         0.61984403 0.45434851] -> F: 0.40301544741420225
Punto[1.         0.62013947 0.45520184] -> F: 0.40184485973116113
Punto[1.         0.6204349  0.45605516] -> F: 0.400681024034032
Punto[1.         0.62073034 0.45690849] -> F: 0.3995239403228147
Punto[1.         0.62102577 0.45776182] -> F: 0.39837360859750925
Punto[1.         0.62132121 0.45861514] -> F: 0.39723002885811565
Punto[1.         0.62161664 0.45946847] -> F: 0.396093201104634
Punto[1.         0.62191208 0.4603218 ] -> F: 0.3949574204793171
Punto[1.         0.62220752 0.46117512] -> F: 0.3938091285088395
Punto[1.         0.62250295 0.46202845] -> F: 0.39266818319480673
Punto[1.         0.62279839 0.46288178] -> F: 0.39153458453721884
Punto[1.         0.62309382 0.4637351 ] -> F: 0.3904083325360754
Punto[1.         0.62338926 0.46458843] -> F: 0.3892894271913769
Punto[1.         0.62368469 0.46544176] -> F: 0.3881778685031232
Punto[1.         0.62398013 0.46629508] -> F: 0.3870736564713142
Punto[1.         0.62427556 0.46714841] -> F: 0.38597679109594984
Punto[1.         0.624571   0.46800174] -> F: 0.38488727237703035
Punto[1.         0.62486644 0.46885506] -> F: 0.38380510031455567
Punto[1.         0.62516187 0.46970839] -> F: 0.3827116269127323
Punto[1.         0.62545731 0.47056172] -> F: 0.38162192926924304
Punto[1.         0.62575274 0.47141504] -> F: 0.3805404035465556
Punto[1.         0.62604818 0.47226837] -> F: 0.3794670497446695
Punto[1.         0.62634361 0.4731217 ] -> F: 0.37840186786358476
Punto[1.         0.62663905 0.47397503] -> F: 0.37734485790330163
Punto[1.         0.62693449 0.47482835] -> F: 0.37629601986382016
Punto[1.         0.62722992 0.47568168] -> F: 0.37525535374513996
Punto[1.         0.62752536 0.47653501] -> F: 0.37416318978255897
Punto[1.         0.62782079 0.47738833] -> F: 0.37294753866757585
Punto[1.         0.62811623 0.47824166] -> F: 0.37172066741137705
Punto[1.         0.62841166 0.47909499] -> F: 0.37049285978838914
Punto[1.         0.6287071  0.47994831] -> F: 0.3692718041513129
Punto[1.         0.62900253 0.48080164] -> F: 0.3680575005001485
Punto[1.         0.62929797 0.48165497] -> F: 0.3668499488348962
Punto[1.         0.62959341 0.48250829] -> F: 0.36564914915555563
Best centerpoint:  [1.         0.61925316 0.45264186] Best F:  0.4053768787380201 Best u:  [0.12533323 0.65609722 0.74419622] índice:  15
{
  "seed": 12682,
  "n_per_z": 5,
  "nz": 100,
  "nd": 100,
  "n_muestras": 50,
  "best_f": 0.4053768787380201,
  "best_cp": [
    1.0,
    0.6192531588178773,
    0.45264185602614887
  ],
  "best_u": [
    0.12533323356430448,
    0.6560972237412951,
    0.7441962197991068
  ],
  "n_candidatos": 54
}
