Punto[0.         0.607944   0.55991215] -> F: 0.10361686890253546
Punto[1.         0.47592649 0.43420702] -> F: 0.3261211206876862
Punto[2.         0.5705872  0.41796492] -> F: 0.09513863718492827
Punto[1.         0.5892656  0.48893854] -> F: 0.35081674409065183
Punto[1.         0.47819328 0.43530165] -> F: 0.3313317983958601
Punto[1.         0.48041472 0.43637439] -> F: 0.33677582973168085
Punto[1.         0.48263617 0.43744713] -> F: 0.3422549771856252
Punto[1.         0.48485762 0.43851986] -> F: 0.346698979253838
Punto[1.         0.48707906 0.4395926 ] -> F: 0.3506998468786161
Punto[1.         0.48930051 0.44066534] -> F: 0.3543800566077108
Punto[1.         0.49152195 0.44173808] -> F: 0.3580057075415046
Punto[1.         0.4937434  0.44281081] -> F: 0.36179833156075775
Punto[1.         0.49596485 0.44388355] -> F: 0.36575792866547063
Punto[1.         0.49818629 0.44495629] -> F: 0.3698844988556428
Punto[1.         0.50040774 0.44602903] -> F: 0.37379330571956737
Punto[1.         0.50262919 0.44710177] -> F: 0.37690251347704856
Punto[1.         0.50485063 0.4481745 ] -> F: 0.38011522772674233
Punto[1.         0.50707208 0.44924724] -> F: 0.3846796661197751
Punto[1.         0.50929353 0.45031998] -> F: 0.39004776534523306
Punto[1.         0.51151497 0.45139272] -> F: 0.39543929688113283
Punto[1.         0.51373642 0.45246545] -> F: 0.40015269056322056
Punto[1.         0.51595787 0.45353819] -> F: 0.4048545592865287
Punto[1.         0.51817931 0.45461093] -> F: 0.408643473741665
Punto[1.         0.52040076 0.45568367] -> F: 0.41217966514140214
Punto[1.         0.5226222  0.45675641] -> F: 0.41587080174244284
Punto[1.         0.52484365 0.45782914] -> F: 0.41971688354478653
Punto[1.         0.5270651  0.45890188] -> F: 0.42280674848788274
Punto[1.         0.52928654 0.45997462] -> F: 0.42579571586462406
Punto[1.         0.53150799 0.46104736] -> F: 0.42788600618583317
Punto[1.         0.53372944 0.46212009] -> F: 0.4251498311061057
Punto[1.         0.53595088 0.46319283] -> F: 0.4223966915072116
Punto[1.         0.53817233 0.46426557] -> F: 0.41968312433469124
Punto[1.         0.54039378 0.46533831] -> F: 0.41700912958854414
Punto[1.         0.54261522 0.46641104] -> F: 0.41437470726877057
Punto[1.         0.54483667 0.46748378] -> F: 0.4116142913215727
Punto[1.         0.54705812 0.46855652] -> F: 0.40825039531260676
Punto[1.         0.54927956 0.46962926] -> F: 0.40510567783716417
Punto[1.         0.55150101 0.470702  ] -> F: 0.4021823277824369
Punto[1.         0.55372246 0.47177473] -> F: 0.3994349757591704
Punto[1.         0.5559439  0.47284747] -> F: 0.3964612920878033
Punto[1.         0.55816535 0.47392021] -> F: 0.3935791850527619
Punto[1.         0.56038679 0.47499295] -> F: 0.39078865465404594
Punto[1.         0.56260824 0.47606568] -> F: 0.3880897008916557
Punto[1.         0.56482969 0.47713842] -> F: 0.38542042854062397
Punto[1.         0.56705113 0.47821116] -> F: 0.38264306595850617
Punto[1.         0.56927258 0.4792839 ] -> F: 0.3790067739128093
Punto[1.         0.57149403 0.48035663] -> F: 0.37504843670480686
Punto[1.         0.57371547 0.48142937] -> F: 0.37117072035155235
Punto[1.         0.57593692 0.48250211] -> F: 0.3677296695826117
Punto[1.         0.57815837 0.48357485] -> F: 0.3650030864231719
Punto[1.         0.58037981 0.48464759] -> F: 0.36197179401007035
Punto[1.         0.58260126 0.48572032] -> F: 0.3588840723702894
Punto[1.         0.58482271 0.48679306] -> F: 0.35601771815122385
Punto[1.         0.58704415 0.4878658 ] -> F: 0.35337181936750595
Best centerpoint:  [1.         0.53150799 0.46104736] Best F:  0.42788600618583317 Best u:  [-0.21814324  0.95241353 -0.21288965] índice:  25
{
  "seed": 8638,
  "n_per_z": 5,
  "nz": 100,
  "nd": 100,
  "n_muestras": 50,
  "best_f": 0.42788600618583317,
  "best_cp": [
    1.0,
    0.5315079906614847,
    0.4610473560230207
  ],
  "best_u": [
    -0.2181432413965427,
    0.9524135262330096,
    -0.2128896457825365
  ],
  "n_candidatos": 54
}
