Punto[0.         0.57032013 0.43654474] -> F: 0.11134516401014796
Punto[1.         0.59823085 0.47628593] -> F: 0.38855706703961707
Punto[2.         0.42654962 0.50542081] -> F: 0.14468969323293357
Punto[1.         0.49843488 0.47098278] -> F: 0.400610950111736
Punto[1.         0.59623493 0.47617987] -> F: 0.39162358139734993
Punto[1.         0.59427893 0.47607593] -> F: 0.3946417162184292
Punto[1.         0.59232293 0.47597199] -> F: 0.3976726709743481
Punto[1.         0.59036693 0.47586804] -> F: 0.40071644566510667
Punto[1.         0.58841093 0.4757641 ] -> F: 0.40377304029070477
Punto[1.         0.58645493 0.47566016] -> F: 0.4068424548511424
Punto[1.         0.58449893 0.47555622] -> F: 0.40992468934641973
Punto[1.         0.58254293 0.47545228] -> F: 0.4130197437765369
Punto[1.         0.58058692 0.47534833] -> F: 0.4161276181414931
Punto[1.         0.57863092 0.47524439] -> F: 0.41924569538189044
Punto[1.         0.57667492 0.47514045] -> F: 0.42236880117991155
Punto[1.         0.57471892 0.47503651] -> F: 0.42549679594394135
Punto[1.         0.57276292 0.47493257] -> F: 0.42862967967397964
Punto[1.         0.57080692 0.47482863] -> F: 0.4317674523700264
Punto[1.         0.56885092 0.47472468] -> F: 0.4349101140320822
Punto[1.         0.56689492 0.47462074] -> F: 0.43805766466014645
Punto[1.         0.56493892 0.4745168 ] -> F: 0.44086472646409103
Punto[1.         0.56298291 0.47441286] -> F: 0.4397417156585956
Punto[1.         0.56102691 0.47430892] -> F: 0.43861986826068466
Punto[1.         0.55907091 0.47420497] -> F: 0.4374991842703581
Punto[1.         0.55711491 0.47410103] -> F: 0.4363796636876158
Punto[1.         0.55515891 0.47399709] -> F: 0.435261306512458
Punto[1.         0.55320291 0.47389315] -> F: 0.4341441127448844
Punto[1.         0.55124691 0.47378921] -> F: 0.4330280823848953
Punto[1.         0.54929091 0.47368527] -> F: 0.43191321543249045
Punto[1.         0.5473349  0.47358132] -> F: 0.43079951188767
Punto[1.         0.5453789  0.47347738] -> F: 0.42968551380528386
Punto[1.         0.5434229  0.47337344] -> F: 0.4285717196095662
Punto[1.        0.5414669 0.4732695] -> F: 0.42745909389409587
Punto[1.         0.5395109  0.47316556] -> F: 0.42634763665887293
Punto[1.         0.5375549  0.47306161] -> F: 0.4252373479038975
Punto[1.         0.5355989  0.47295767] -> F: 0.4241282276291694
Punto[1.         0.5336429  0.47285373] -> F: 0.42302027583468876
Punto[1.         0.5316869  0.47274979] -> F: 0.42191349252045557
Punto[1.         0.52973089 0.47264585] -> F: 0.42080787768646977
Punto[1.         0.52777489 0.47254191] -> F: 0.41970343133273136
Punto[1.         0.52581889 0.47243796] -> F: 0.41860015345924034
Punto[1.         0.52386289 0.47233402] -> F: 0.4174980440659967
Punto[1.         0.52190689 0.47223008] -> F: 0.4163971031530007
Punto[1.         0.51995089 0.47212614] -> F: 0.4152973307202519
Punto[1.         0.51799489 0.4720222 ] -> F: 0.4140227240636634
Punto[1.         0.51603889 0.47191825] -> F: 0.4127941199830132
Punto[1.         0.51408288 0.47181431] -> F: 0.41154567594025476
Punto[1.         0.51212688 0.47171037] -> F: 0.4102271468456025
Punto[1.         0.51017088 0.47160643] -> F: 0.4089403910220893
Punto[1.         0.50821488 0.47150249] -> F: 0.4076272523261321
Punto[1.         0.50625888 0.47139855] -> F: 0.40628278370158066
Punto[1.         0.50430288 0.4712946 ] -> F: 0.4049607096685218
Punto[1.         0.50234688 0.47119066] -> F: 0.4035953262117102
Punto[1.         0.50039088 0.47108672] -> F: 0.4022312647193103
{
  "seed": 10066,
  "n_per_z": 10,
  "nz": 100,
  "nd": 100,
  "n_muestras": 50,
  "best_f": 0.44086472646409103,
  "best_cp": [
    1.0,
    0.5649389155026947,
    0.4745168002853445
  ],
  "best_u": [
    -0.9995065603657316,
    -0.03134877712019301,
    -0.001972297881325772
  ],
  "best_index": 20,
  "n_candidatos": 54
}
