Punto[0.         0.44228947 0.55869016] -> F: 0.11236769236347299
Punto[1.         0.47072784 0.54500863] -> F: 0.40446365441418636
Punto[2.         0.36957927 0.39952459] -> F: 0.11734019932545625
Punto[1.         0.40593437 0.47910738] -> F: 0.41409235021739305
Punto[1.         0.46943197 0.5436906 ] -> F: 0.40771869251145376
Punto[1.         0.46816202 0.54239894] -> F: 0.4100790853143764
Punto[1.         0.46689207 0.54110727] -> F: 0.4126272219091962
Punto[1.         0.46562212 0.53981561] -> F: 0.41536310229591283
Punto[1.         0.46435217 0.53852394] -> F: 0.4182867264745268
Punto[1.         0.46308221 0.53723228] -> F: 0.4213524490185976
Punto[1.         0.46181226 0.53594062] -> F: 0.4243458058326081
Punto[1.         0.46054231 0.53464895] -> F: 0.4273509881720832
Punto[1.         0.45927236 0.53335729] -> F: 0.43042999845566693
Punto[1.         0.45800241 0.53206562] -> F: 0.4335828366833594
Punto[1.         0.45673245 0.53077396] -> F: 0.4365735731536182
Punto[1.         0.4554625  0.52948229] -> F: 0.4389560601460331
Punto[1.         0.45419255 0.52819063] -> F: 0.44134344206656645
Punto[1.         0.4529226  0.52689896] -> F: 0.4436787766385295
Punto[1.         0.45165264 0.5256073 ] -> F: 0.44599561422130857
Punto[1.         0.45038269 0.52431563] -> F: 0.44828757515683815
Punto[1.         0.44911274 0.52302397] -> F: 0.4505350477458115
Punto[1.         0.44784279 0.52173231] -> F: 0.4527794865577858
Punto[1.         0.44657284 0.52044064] -> F: 0.45495892465651144
Punto[1.         0.44530288 0.51914898] -> F: 0.4571424382555862
Punto[1.         0.44403293 0.51785731] -> F: 0.4576511479246982
Punto[1.         0.44276298 0.51656565] -> F: 0.45647260045694527
Punto[1.         0.44149303 0.51527398] -> F: 0.4552962079086583
Punto[1.         0.44022308 0.51398232] -> F: 0.4541219702798376
Punto[1.         0.43895312 0.51269065] -> F: 0.452949887570483
Punto[1.         0.43768317 0.51139899] -> F: 0.4517799597805944
Punto[1.         0.43641322 0.51010733] -> F: 0.4506121869101719
Punto[1.         0.43514327 0.50881566] -> F: 0.4494465689592154
Punto[1.         0.43387332 0.507524  ] -> F: 0.44828310592772513
Punto[1.         0.43260336 0.50623233] -> F: 0.44712179781570105
Punto[1.         0.43133341 0.50494067] -> F: 0.4459626446231428
Punto[1.         0.43006346 0.503649  ] -> F: 0.44480564635005077
Punto[1.         0.42879351 0.50235734] -> F: 0.4436508029964249
Punto[1.         0.42752356 0.50106567] -> F: 0.44249811456226507
Punto[1.         0.4262536  0.49977401] -> F: 0.4413475810475712
Punto[1.         0.42498365 0.49848234] -> F: 0.4401992024523436
Punto[1.         0.4237137  0.49719068] -> F: 0.439052978776582
Punto[1.         0.42244375 0.49589902] -> F: 0.4379089100202865
Punto[1.         0.4211738  0.49460735] -> F: 0.43676699618345716
Punto[1.         0.41990384 0.49331569] -> F: 0.4356272372660938
Punto[1.         0.41863389 0.49202402] -> F: 0.4344896332681966
Punto[1.         0.41736394 0.49073236] -> F: 0.4333507775968163
Punto[1.         0.41609399 0.48944069] -> F: 0.43221257495489107
Punto[1.         0.41482403 0.48814903] -> F: 0.43107654598224193
Punto[1.         0.41355408 0.48685736] -> F: 0.429942690678869
Punto[1.         0.41228413 0.4855657 ] -> F: 0.42881100904477215
Punto[1.         0.41101418 0.48427403] -> F: 0.42660877312371187
Punto[1.         0.40974423 0.48298237] -> F: 0.4234646256214373
Punto[1.         0.40847427 0.48169071] -> F: 0.42033050596962607
Punto[1.         0.40720432 0.48039904] -> F: 0.4172064141682779
{
  "seed": 11377,
  "n_per_z": 10,
  "nz": 100,
  "nd": 100,
  "n_muestras": 50,
  "best_f": 0.4576511479246982,
  "best_cp": [
    1.0,
    0.44403293244922576,
    0.5178573121539618
  ],
  "best_u": [
    -0.9995065603657316,
    -0.021502144221956006,
    -0.022897457931447825
  ],
  "best_index": 24,
  "n_candidatos": 54
}
