Punto[0.         0.48394464 0.40324407] -> F: 0.13224321595065658
Punto[1.         0.53066113 0.50575737] -> F: 0.39626883085364717
Punto[2.         0.51167538 0.42602047] -> F: 0.14798184161578834
Punto[1.         0.49781001 0.41463227] -> F: 0.43750943620840904
Punto[1.         0.53000411 0.50393487] -> F: 0.3989898388503621
Punto[1.         0.52936023 0.50214882] -> F: 0.40163860540362084
Punto[1.         0.52871635 0.50036277] -> F: 0.40429276070217185
Punto[1.         0.52807246 0.49857671] -> F: 0.40695230474601457
Punto[1.         0.52742858 0.49679066] -> F: 0.4096172375351497
Punto[1.         0.5267847  0.49500461] -> F: 0.4122875590695768
Punto[1.         0.52614082 0.49321856] -> F: 0.4149632693492959
Punto[1.         0.52549694 0.49143251] -> F: 0.41763664819205804
Punto[1.         0.52485305 0.48964645] -> F: 0.42029388366243436
Punto[1.         0.52420917 0.4878604 ] -> F: 0.4229562941585401
Punto[1.         0.52356529 0.48607435] -> F: 0.42562387968037474
Punto[1.         0.52292141 0.4842883 ] -> F: 0.4282966402279391
Punto[1.         0.52227753 0.48250225] -> F: 0.4309745758012322
Punto[1.         0.52163364 0.4807162 ] -> F: 0.4336576864002546
Punto[1.         0.52098976 0.47893014] -> F: 0.4363443923081554
Punto[1.         0.52034588 0.47714409] -> F: 0.4390099502895132
Punto[1.         0.519702   0.47535804] -> F: 0.4416804922489946
Punto[1.         0.51905812 0.47357199] -> F: 0.4443560181866001
Punto[1.         0.51841423 0.47178594] -> F: 0.44703632397088394
Punto[1.         0.51777035 0.46999988] -> F: 0.449720571775603
Punto[1.         0.51712647 0.46821383] -> F: 0.45240503954600186
Punto[1.         0.51648259 0.46642778] -> F: 0.4550631587717852
Punto[1.         0.51583871 0.46464173] -> F: 0.457715319745713
Punto[1.         0.51519482 0.46285568] -> F: 0.460345781516227
Punto[1.         0.51455094 0.46106962] -> F: 0.46298122726486474
Punto[1.         0.51390706 0.45928357] -> F: 0.46248200062263145
Punto[1.         0.51326318 0.45749752] -> F: 0.4615860465341776
Punto[1.         0.5126193  0.45571147] -> F: 0.4606910440458378
Punto[1.         0.51197542 0.45392542] -> F: 0.459797054596059
Punto[1.         0.51133153 0.45213936] -> F: 0.45889688339197754
Punto[1.         0.51068765 0.45035331] -> F: 0.4579944105962147
Punto[1.         0.51004377 0.44856726] -> F: 0.45709291158271503
Punto[1.         0.50939989 0.44678121] -> F: 0.4561923863514785
Punto[1.         0.50875601 0.44499516] -> F: 0.4552928349025052
Punto[1.         0.50811212 0.4432091 ] -> F: 0.45439425723579513
Punto[1.         0.50746824 0.44142305] -> F: 0.45349665335134837
Punto[1.         0.50682436 0.439637  ] -> F: 0.45259927218647444
Punto[1.         0.50618048 0.43785095] -> F: 0.4516934523140417
Punto[1.        0.5055366 0.4360649] -> F: 0.45078862846356493
Punto[1.         0.50489271 0.43427885] -> F: 0.4498848006350441
Punto[1.         0.50424883 0.43249279] -> F: 0.4489819688284792
Punto[1.         0.50360495 0.43070674] -> F: 0.4480801330438703
Punto[1.         0.50296107 0.42892069] -> F: 0.4471792932812173
Punto[1.         0.50231719 0.42713464] -> F: 0.44627944954052023
Punto[1.         0.5016733  0.42534859] -> F: 0.4453734755298712
Punto[1.         0.50102942 0.42356253] -> F: 0.44446562364687503
Punto[1.         0.50038554 0.42177648] -> F: 0.4435587901271113
Punto[1.         0.49974166 0.41999043] -> F: 0.44229197357618927
Punto[1.         0.49909778 0.41820438] -> F: 0.4406925564400337
Punto[1.         0.49845389 0.41641833] -> F: 0.4391033386487601
{
  "seed": 9882,
  "n_per_z": 10,
  "nz": 100,
  "nd": 100,
  "n_muestras": 50,
  "best_f": 0.46298122726486474,
  "best_cp": [
    1.0,
    0.5145509429351112,
    0.4610696239652201
  ],
  "best_u": [
    0.06279051952931353,
    0.24819915448033597,
    0.9666718835119211
  ],
  "best_index": 28,
  "n_candidatos": 54
}
