Punto[0.         0.41453819 0.57260958] -> F: 0.16216485922590812
Punto[1.         0.48910871 0.5168848 ] -> F: 0.409223571614969
Punto[2.         0.45010728 0.48951474] -> F: 0.10832224183126063
Punto[1.         0.43232274 0.53106216] -> F: 0.4060435910441708
Punto[1.         0.48797299 0.51716835] -> F: 0.40999298734235334
Punto[1.         0.48685998 0.51744622] -> F: 0.4107831203460471
Punto[1.         0.48574698 0.5177241 ] -> F: 0.41160899423766
Punto[1.         0.48463397 0.51800198] -> F: 0.41247060901719246
Punto[1.         0.48352097 0.51827985] -> F: 0.41336796468464393
Punto[1.         0.48240796 0.51855773] -> F: 0.41424892139474256
Punto[1.         0.48129496 0.5188356 ] -> F: 0.4150080592448854
Punto[1.         0.48018195 0.51911348] -> F: 0.41577569129783176
Punto[1.         0.47906895 0.51939136] -> F: 0.4165518175535815
Punto[1.         0.47795594 0.51966923] -> F: 0.41733643801213466
Punto[1.         0.47684294 0.51994711] -> F: 0.4181295526734911
Punto[1.         0.47572993 0.52022499] -> F: 0.4189311615376511
Punto[1.         0.47461693 0.52050286] -> F: 0.4197412646046145
Punto[1.         0.47350392 0.52078074] -> F: 0.42055986187438116
Punto[1.         0.47239092 0.52105861] -> F: 0.42138695334695137
Punto[1.         0.47127791 0.52133649] -> F: 0.422222539022325
Punto[1.         0.47016491 0.52161437] -> F: 0.4230666189005018
Punto[1.         0.4690519  0.52189224] -> F: 0.42391919298148223
Punto[1.         0.4679389  0.52217012] -> F: 0.42478026126526586
Punto[1.         0.46682589 0.522448  ] -> F: 0.4256498237518529
Punto[1.         0.46571289 0.52272587] -> F: 0.4264224511854702
Punto[1.         0.46459988 0.52300375] -> F: 0.4261273416325516
Punto[1.         0.46348688 0.52328162] -> F: 0.42542918178964617
Punto[1.         0.46237387 0.5235595 ] -> F: 0.4247314964606178
Punto[1.         0.46126087 0.52383738] -> F: 0.4240342856454662
Punto[1.         0.46014786 0.52411525] -> F: 0.4233375493441916
Punto[1.         0.45903486 0.52439313] -> F: 0.42264128755679387
Punto[1.         0.45792185 0.52467101] -> F: 0.42194550028327305
Punto[1.         0.45680885 0.52494888] -> F: 0.42125018752362914
Punto[1.         0.45569584 0.52522676] -> F: 0.42055534927786214
Punto[1.         0.45458284 0.52550463] -> F: 0.4198609855459722
Punto[1.         0.45346983 0.52578251] -> F: 0.41916709632795907
Punto[1.         0.45235683 0.52606039] -> F: 0.41847368162382276
Punto[1.         0.45124382 0.52633826] -> F: 0.4177807414335635
Punto[1.         0.45013082 0.52661614] -> F: 0.41708827575718105
Punto[1.         0.44901781 0.52689402] -> F: 0.4163962845946756
Punto[1.         0.44790481 0.52717189] -> F: 0.41570476794604694
Punto[1.         0.4467918  0.52744977] -> F: 0.41501372581129525
Punto[1.         0.4456788  0.52772764] -> F: 0.41432315819042065
Punto[1.         0.44456579 0.52800552] -> F: 0.41363306508342274
Punto[1.         0.44345279 0.5282834 ] -> F: 0.41294344649030185
Punto[1.         0.44233978 0.52856127] -> F: 0.41225430241105787
Punto[1.         0.44122678 0.52883915] -> F: 0.4115654320363057
Punto[1.         0.44011377 0.52911703] -> F: 0.4108735231333972
Punto[1.         0.43900077 0.5293949 ] -> F: 0.4101820938816005
Punto[1.         0.43788776 0.52967278] -> F: 0.40949114428091576
Punto[1.         0.43677476 0.52995065] -> F: 0.408800674331343
Punto[1.         0.43566175 0.53022853] -> F: 0.40811068403288214
Punto[1.         0.43454875 0.53050641] -> F: 0.40742117338553313
Punto[1.         0.43343574 0.53078428] -> F: 0.40673214238929606
{
  "seed": 18487,
  "n_per_z": 10,
  "nz": 100,
  "nd": 100,
  "n_muestras": 50,
  "best_f": 0.4264224511854702,
  "best_cp": [
    1.0,
    0.46571288661580745,
    0.5227258719434392
  ],
  "best_u": [
    0.27899110603922916,
    0.38137861165649706,
    -0.8813139720451335
  ],
  "best_index": 24,
  "n_candidatos": 54
}
