Punto[0.         0.35396386 0.4408928 ] -> F: 0.135337853320087
Punto[1.         0.39450172 0.51230103] -> F: 0.442323421123482
Punto[2.         0.45148274 0.58515833] -> F: 0.11467370569123979
Punto[1.         0.4027233  0.51302557] -> F: 0.43973530623131407
Punto[1.         0.39466616 0.51231552] -> F: 0.44247258071023116
Punto[1.         0.3948273  0.51232972] -> F: 0.44261878033981145
Punto[1.         0.39498844 0.51234392] -> F: 0.4427650029692648
Punto[1.         0.39514958 0.51235812] -> F: 0.44291124859859154
Punto[1.         0.39531073 0.51237232] -> F: 0.4430575172277913
Punto[1.         0.39547187 0.51238652] -> F: 0.44320380885686483
Punto[1.         0.39563301 0.51240073] -> F: 0.4433501234858113
Punto[1.         0.39579416 0.51241493] -> F: 0.4434964611146312
Punto[1.         0.3959553  0.51242913] -> F: 0.44364282174332437
Punto[1.         0.39611644 0.51244333] -> F: 0.4437892053718907
Punto[1.         0.39627758 0.51245753] -> F: 0.4439356120003306
Punto[1.         0.39643873 0.51247173] -> F: 0.4440820416286435
Punto[1.         0.39659987 0.51248593] -> F: 0.4442284942568298
Punto[1.         0.39676101 0.51250013] -> F: 0.4443749698848895
Punto[1.         0.39692216 0.51251433] -> F: 0.4445214685128223
Punto[1.         0.3970833  0.51252853] -> F: 0.44462445733788797
Punto[1.         0.39724444 0.51254274] -> F: 0.444466791001232
Punto[1.         0.39740559 0.51255694] -> F: 0.4443101820942839
Punto[1.         0.39756673 0.51257114] -> F: 0.44415463061704435
Punto[1.         0.39772787 0.51258534] -> F: 0.44400013656951287
Punto[1.         0.39788901 0.51259954] -> F: 0.4438466999516897
Punto[1.         0.39805016 0.51261374] -> F: 0.4436943207635745
Punto[1.         0.3982113  0.51262794] -> F: 0.44354299900516786
Punto[1.         0.39837244 0.51264214] -> F: 0.44339273467646906
Punto[1.         0.39853359 0.51265634] -> F: 0.4432435277774787
Punto[1.         0.39869473 0.51267054] -> F: 0.4430953783081967
Punto[1.         0.39885587 0.51268474] -> F: 0.4429482862686228
Punto[1.         0.39901701 0.51269895] -> F: 0.442802251658757
Punto[1.         0.39917816 0.51271315] -> F: 0.44265727447859954
Punto[1.         0.3993393  0.51272735] -> F: 0.4425133547281502
Punto[1.         0.39950044 0.51274155] -> F: 0.4423704924074092
Punto[1.         0.39966159 0.51275575] -> F: 0.44222868751637634
Punto[1.         0.39982273 0.51276995] -> F: 0.4420879400550518
Punto[1.         0.39998387 0.51278415] -> F: 0.4419482500234354
Punto[1.         0.40014501 0.51279835] -> F: 0.4418096174215271
Punto[1.         0.40030616 0.51281255] -> F: 0.4416720422493271
Punto[1.         0.4004673  0.51282675] -> F: 0.4415355245068355
Punto[1.         0.40062844 0.51284096] -> F: 0.441400064194052
Punto[1.         0.40078959 0.51285516] -> F: 0.44126566131097666
Punto[1.         0.40095073 0.51286936] -> F: 0.4411323158576097
Punto[1.         0.40111187 0.51288356] -> F: 0.4410000278339507
Punto[1.         0.40127301 0.51289776] -> F: 0.44086879724000005
Punto[1.         0.40143416 0.51291196] -> F: 0.4407386240757576
Punto[1.         0.4015953  0.51292616] -> F: 0.4406095083412234
Punto[1.         0.40175644 0.51294036] -> F: 0.44048145003639744
Punto[1.         0.40191759 0.51295456] -> F: 0.44035444916127964
Punto[1.         0.40207873 0.51296876] -> F: 0.44022850571587
Punto[1.         0.40223987 0.51298296] -> F: 0.44010361970016865
Punto[1.         0.40240102 0.51299717] -> F: 0.4399797911141755
Punto[1.         0.40256216 0.51301137] -> F: 0.4398570199578907
Best centerpoint:  [1.         0.3970833  0.51252853] Best F:  0.44462445733788797 Best u:  [0.15643447 0.62957624 0.76102695] índice:  16
{
  "seed": 12837,
  "n_per_z": 5,
  "nz": 100,
  "nd": 100,
  "n_muestras": 50,
  "best_f": 0.44462445733788797,
  "best_cp": [
    1.0,
    0.3970832991895876,
    0.5125285342020137
  ],
  "best_u": [
    0.15643446504023092,
    0.6295762426904155,
    0.7610269461637978
  ],
  "n_candidatos": 54
}
