Punto[0.         0.42965216 0.37699034] -> F: 0.2026177687409953
Punto[1.         0.56142374 0.43897828] -> F: 0.2842137095487996
Punto[2.         0.8916368  0.35040932] -> F: 0.03391154400947319
Punto[1.         0.66064448 0.36369983] -> F: 0.23334158523321058
Punto[1.         0.56340815 0.43747271] -> F: 0.2871801554144584
Punto[1.         0.56535288 0.43599725] -> F: 0.2901052680298384
Punto[1.         0.56729761 0.4345218 ] -> F: 0.2930422301859824
Punto[1.         0.56924233 0.43304634] -> F: 0.2959693039341307
Punto[1.         0.57118706 0.43157088] -> F: 0.295691849570472
Punto[1.         0.57313179 0.43009542] -> F: 0.2945534124384078
Punto[1.         0.57507651 0.42861997] -> F: 0.29341665274745565
Punto[1.         0.57702124 0.42714451] -> F: 0.29227672780925584
Punto[1.         0.57896597 0.42566905] -> F: 0.2911059595461529
Punto[1.         0.58091069 0.42419359] -> F: 0.28993698125308875
Punto[1.         0.58285542 0.42271814] -> F: 0.28876979293006355
Punto[1.         0.58480015 0.42124268] -> F: 0.2875748110777806
Punto[1.         0.58674487 0.41976722] -> F: 0.28637508244366977
Punto[1.         0.5886896  0.41829176] -> F: 0.28517725687119944
Punto[1.         0.59063432 0.41681631] -> F: 0.2839589767813003
Punto[1.         0.59257905 0.41534085] -> F: 0.28272984965372067
Punto[1.         0.59452378 0.41386539] -> F: 0.2815027393592147
Punto[1.         0.5964685  0.41238993] -> F: 0.28025806040816337
Punto[1.         0.59841323 0.41091448] -> F: 0.2790007818836991
Punto[1.         0.60035796 0.40943902] -> F: 0.2777456347770699
Punto[1.         0.60230268 0.40796356] -> F: 0.2764721068877932
Punto[1.         0.60424741 0.4064881 ] -> F: 0.2751878292699869
Punto[1.         0.60619214 0.40501265] -> F: 0.2739057986166435
Punto[1.         0.60813686 0.40353719] -> F: 0.2726014832052401
Punto[1.         0.61008159 0.40206173] -> F: 0.27129127254012564
Punto[1.         0.61202632 0.40058627] -> F: 0.26998342551086557
Punto[1.         0.61397104 0.39911081] -> F: 0.2686467850086994
Punto[1.         0.61591577 0.39763536] -> F: 0.2673116284222237
Punto[1.         0.61786049 0.3961599 ] -> F: 0.2659705520230559
Punto[1.         0.61980522 0.39468444] -> F: 0.26460876296413877
Punto[1.         0.62174995 0.39320898] -> F: 0.2632495749809428
Punto[1.         0.62369467 0.39173353] -> F: 0.2618733585851817
Punto[1.         0.6256394  0.39025807] -> F: 0.26048826433063726
Punto[1.         0.62758413 0.38878261] -> F: 0.2591042645883102
Punto[1.         0.62952885 0.38730715] -> F: 0.2576938027807211
Punto[1.         0.63147358 0.3858317 ] -> F: 0.2562861863049915
Punto[1.         0.63341831 0.38435624] -> F: 0.25486523789056204
Punto[1.         0.63536303 0.38288078] -> F: 0.2534314973025373
Punto[1.         0.63730776 0.38140532] -> F: 0.2519976495405296
Punto[1.         0.63925249 0.37992987] -> F: 0.25054509732180563
Punto[1.         0.64119721 0.37845441] -> F: 0.24909134618655315
Punto[1.         0.64314194 0.37697895] -> F: 0.2476056865037072
Punto[1.         0.64508666 0.37550349] -> F: 0.24607093974599742
Punto[1.         0.64703139 0.37402804] -> F: 0.24454345837530925
Punto[1.         0.64897612 0.37255258] -> F: 0.24299782591032665
Punto[1.         0.65092084 0.37107712] -> F: 0.24146955862734465
Punto[1.         0.65286557 0.36960166] -> F: 0.2398531775126773
Punto[1.         0.6548103  0.36812621] -> F: 0.23820987516373668
Punto[1.         0.65675502 0.36665075] -> F: 0.23658614114173052
Punto[1.         0.65869975 0.36517529] -> F: 0.23498197544665866
{
  "seed": 385,
  "n_per_z": 5,
  "nz": 100,
  "nd": 100,
  "n_muestras": 50,
  "best_f": 0.2959693039341307,
  "best_cp": [
    1.0,
    0.5692423339236986,
    0.4330463396769229
  ],
  "best_u": [
    0.3681245526846781,
    -0.7850362515105807,
    0.49819915448033636
  ],
  "best_index": 7,
  "n_candidatos": 54
}
