Punto[0.         0.58385607 0.551443  ] -> F: 0.1837248901413537
Punto[1.         0.52950671 0.50427866] -> F: 0.37693001776625856
Punto[2.         0.66949992 0.46614436] -> F: 0.08694665803894419
Punto[1.         0.62667799 0.50879368] -> F: 0.33707173429738296
Punto[1.         0.53145014 0.50436896] -> F: 0.37864787826112023
Punto[1.         0.5333547  0.50445745] -> F: 0.3801459785326829
Punto[1.         0.53525925 0.50454595] -> F: 0.3816805090574179
Punto[1.         0.53716381 0.50463444] -> F: 0.3832514698353259
Punto[1.         0.53906837 0.50472294] -> F: 0.384851496368883
Punto[1.         0.54097292 0.50481143] -> F: 0.3838055336749199
Punto[1.         0.54287748 0.50489993] -> F: 0.3827604312742504
Punto[1.         0.54478204 0.50498842] -> F: 0.38171689437913153
Punto[1.         0.5466866  0.50507691] -> F: 0.38067492298956307
Punto[1.         0.54859115 0.50516541] -> F: 0.37963451710554513
Punto[1.         0.55049571 0.5052539 ] -> F: 0.3785956767270777
Punto[1.         0.55240027 0.5053424 ] -> F: 0.3775584018541607
Punto[1.         0.55430482 0.50543089] -> F: 0.3765225069005889
Punto[1.         0.55620938 0.50551939] -> F: 0.3754768412556535
Punto[1.         0.55811394 0.50560788] -> F: 0.3744327762222459
Punto[1.         0.5600185  0.50569638] -> F: 0.3733903118003659
Punto[1.         0.56192305 0.50578487] -> F: 0.3723494479900133
Punto[1.         0.56382761 0.50587336] -> F: 0.37131018479118844
Punto[1.         0.56573217 0.50596186] -> F: 0.3702725222038911
Punto[1.         0.56763672 0.50605035] -> F: 0.36923646022812145
Punto[1.         0.56954128 0.50613885] -> F: 0.36819891422051526
Punto[1.         0.57144584 0.50622734] -> F: 0.36715450844494246
Punto[1.         0.5733504  0.50631584] -> F: 0.366111739306759
Punto[1.         0.57525495 0.50640433] -> F: 0.36507060680596487
Punto[1.         0.57715951 0.50649282] -> F: 0.3640311109425599
Punto[1.         0.57906407 0.50658132] -> F: 0.36299325171654445
Punto[1.         0.58096862 0.50666981] -> F: 0.36195702912791833
Punto[1.         0.58287318 0.50675831] -> F: 0.3609224431766814
Punto[1.         0.58477774 0.5068468 ] -> F: 0.35988170770972294
Punto[1.        0.5866823 0.5069353] -> F: 0.3588388067903363
Punto[1.         0.58858685 0.50702379] -> F: 0.35779757956477753
Punto[1.         0.59049141 0.50711229] -> F: 0.35675802603304674
Punto[1.         0.59239597 0.50720078] -> F: 0.3557201461951435
Punto[1.         0.59430052 0.50728927] -> F: 0.3546839400510684
Punto[1.         0.59620508 0.50737777] -> F: 0.353649407600821
Punto[1.         0.59810964 0.50746626] -> F: 0.35261411982820373
Punto[1.         0.60001419 0.50755476] -> F: 0.3515712444439443
Punto[1.         0.60191875 0.50764325] -> F: 0.3505300809618447
Punto[1.         0.60382331 0.50773175] -> F: 0.3494906293819049
Punto[1.         0.60572787 0.50782024] -> F: 0.3484528897041248
Punto[1.         0.60763242 0.50790873] -> F: 0.3474168619285046
Punto[1.         0.60953698 0.50799723] -> F: 0.346382546055044
Punto[1.         0.61144154 0.50808572] -> F: 0.34534994208374314
Punto[1.         0.61334609 0.50817422] -> F: 0.344309577360929
Punto[1.         0.61525065 0.50826271] -> F: 0.34326942571246827
Punto[1.         0.61715521 0.50835121] -> F: 0.342231332086659
Punto[1.         0.61905977 0.5084397 ] -> F: 0.341195296483501
Punto[1.         0.62096432 0.5085282 ] -> F: 0.3401613189029943
Punto[1.         0.62286888 0.50861669] -> F: 0.3391293993451392
Punto[1.         0.62477344 0.50870518] -> F: 0.33809953780993535
{
  "seed": 16496,
  "n_per_z": 10,
  "nz": 100,
  "nd": 100,
  "n_muestras": 50,
  "best_f": 0.384851496368883,
  "best_cp": [
    1.0,
    0.5390683676737351,
    0.5047229369683129
  ],
  "best_u": [
    0.9995065603657316,
    0.028827369440197342,
    0.012474716711115937
  ],
  "best_index": 8,
  "n_candidatos": 54
}
