Punto[0.         0.55578064 0.53653242] -> F: 0.13568280976316147
Punto[1.         0.53661842 0.49204009] -> F: 0.46789521213807816
Punto[2.         0.53694665 0.41914632] -> F: 0.133220306690595
Punto[1.         0.54636364 0.47783937] -> F: 0.4680348805263914
Punto[1.         0.53681332 0.49175608] -> F: 0.468286217741434
Punto[1.         0.53700433 0.49147775] -> F: 0.46866948203521797
Punto[1.         0.53719534 0.49119941] -> F: 0.4690407469404064
Punto[1.         0.53738634 0.49092108] -> F: 0.46941169051247944
Punto[1.         0.53757735 0.49064274] -> F: 0.4697827059077527
Punto[1.         0.53776835 0.49036441] -> F: 0.47015379312622585
Punto[1.         0.53795936 0.49008607] -> F: 0.4705249521678994
Punto[1.         0.53815037 0.48980774] -> F: 0.47089618303277325
Punto[1.         0.53834137 0.48952941] -> F: 0.47126748572084715
Punto[1.         0.53853238 0.48925107] -> F: 0.4716388602321211
Punto[1.         0.53872339 0.48897274] -> F: 0.47201030656659526
Punto[1.         0.53891439 0.4886944 ] -> F: 0.47238182472426965
Punto[1.         0.5391054  0.48841607] -> F: 0.47275341470514404
Punto[1.         0.53929641 0.48813774] -> F: 0.4731210075801289
Punto[1.         0.53948741 0.4878594 ] -> F: 0.4734804601330415
Punto[1.         0.53967842 0.48758107] -> F: 0.4738399787630536
Punto[1.         0.53986943 0.48730273] -> F: 0.47419956347016473
Punto[1.         0.54006043 0.4870244 ] -> F: 0.47455921425437503
Punto[1.         0.54025144 0.48674606] -> F: 0.47491893111568495
Punto[1.         0.54044244 0.48646773] -> F: 0.4752787140540943
Punto[1.         0.54063345 0.4861894 ] -> F: 0.47563856306960267
Punto[1.         0.54082446 0.48591106] -> F: 0.47599847816221014
Punto[1.         0.54101546 0.48563273] -> F: 0.47635845933191723
Punto[1.         0.54120647 0.48535439] -> F: 0.47671850657872344
Punto[1.         0.54139748 0.48507606] -> F: 0.47707619783699134
Punto[1.         0.54158848 0.48479772] -> F: 0.4774242468978056
Punto[1.         0.54177949 0.48451939] -> F: 0.47769407838363176
Punto[1.         0.5419705  0.48424106] -> F: 0.47791623070155276
Punto[1.         0.5421615  0.48396272] -> F: 0.47813841323406014
Punto[1.         0.54235251 0.48368439] -> F: 0.4783606259811543
Punto[1.         0.54254352 0.48340605] -> F: 0.4785828689428347
Punto[1.         0.54273452 0.48312772] -> F: 0.4788051421191014
Punto[1.         0.54292553 0.48284939] -> F: 0.47902744550995474
Punto[1.         0.54311653 0.48257105] -> F: 0.47847381790880356
Punto[1.         0.54330754 0.48229272] -> F: 0.4778568944164887
Punto[1.         0.54349855 0.48201438] -> F: 0.4772403294681951
Punto[1.         0.54368955 0.48173605] -> F: 0.47662412306392354
Punto[1.         0.54388056 0.48145771] -> F: 0.47600827520367345
Punto[1.         0.54407157 0.48117938] -> F: 0.4753927858874449
Punto[1.         0.54426257 0.48090105] -> F: 0.4747776551152382
Punto[1.         0.54445358 0.48062271] -> F: 0.47416288288705305
Punto[1.         0.54464459 0.48034438] -> F: 0.4735484692028894
Punto[1.         0.54483559 0.48006604] -> F: 0.47293441406274755
Punto[1.         0.5450266  0.47978771] -> F: 0.47232071746662746
Punto[1.         0.54521761 0.47950937] -> F: 0.4717073794145288
Punto[1.         0.54540861 0.47923104] -> F: 0.4710943999064517
Punto[1.         0.54559962 0.47895271] -> F: 0.47048177894239634
Punto[1.         0.54579063 0.47867437] -> F: 0.46986951652236275
Punto[1.         0.54598163 0.47839604] -> F: 0.4692576126463505
Punto[1.         0.54617264 0.4781177 ] -> F: 0.46864606731436015
{
  "seed": 10646,
  "n_per_z": 10,
  "nz": 100,
  "nd": 100,
  "n_muestras": 50,
  "best_f": 0.47902744550995474,
  "best_cp": [
    1.0,
    0.5429255284973634,
    0.4828493851930402
  ],
  "best_u": [
    -0.031410759078128396,
    -0.9975342624844058,
    -0.06275953619832131
  ],
  "best_index": 36,
  "n_candidatos": 54
}
