Punto[0.         0.59018519 0.50865218] -> F: 0.1455368030703305
Punto[1.         0.52152027 0.45318606] -> F: 0.40690358164490203
Punto[2.         0.45378098 0.5501909 ] -> F: 0.10579986346984342
Punto[1.         0.52198309 0.52942154] -> F: 0.4073891154023636
Punto[1.         0.52152953 0.45471077] -> F: 0.4089507586651519
Punto[1.         0.5215386  0.45620498] -> F: 0.410963698128306
Punto[1.         0.52154767 0.4576992 ] -> F: 0.41298325636404687
Punto[1.         0.52155674 0.45919342] -> F: 0.41495611710347513
Punto[1.         0.52156581 0.46068763] -> F: 0.41687547328979824
Punto[1.         0.52157488 0.46218185] -> F: 0.4187255151563655
Punto[1.         0.52158395 0.46367606] -> F: 0.42050508213798377
Punto[1.         0.52159302 0.46517028] -> F: 0.4222229862151102
Punto[1.         0.5216021  0.46666449] -> F: 0.423874284236375
Punto[1.         0.52161117 0.46815871] -> F: 0.4254485749364201
Punto[1.         0.52162024 0.46965292] -> F: 0.42693410764479833
Punto[1.         0.52162931 0.47114714] -> F: 0.4282006289712513
Punto[1.         0.52163838 0.47264135] -> F: 0.42938755416829816
Punto[1.         0.52164745 0.47413557] -> F: 0.4305063667726503
Punto[1.         0.52165652 0.47562979] -> F: 0.4316001569533078
Punto[1.         0.52166559 0.477124  ] -> F: 0.4326606041156969
Punto[1.         0.52167467 0.47861822] -> F: 0.43372255185150826
Punto[1.         0.52168374 0.48011243] -> F: 0.43478600016074176
Punto[1.         0.52169281 0.48160665] -> F: 0.4351583908607769
Punto[1.         0.52170188 0.48310086] -> F: 0.43427633807445876
Punto[1.         0.52171095 0.48459508] -> F: 0.43339526647798055
Punto[1.         0.52172002 0.48608929] -> F: 0.43251517607134227
Punto[1.         0.52172909 0.48758351] -> F: 0.4316360668545441
Punto[1.         0.52173816 0.48907773] -> F: 0.4307579388275857
Punto[1.         0.52174723 0.49057194] -> F: 0.42988079199046736
Punto[1.         0.52175631 0.49206616] -> F: 0.42900462634318903
Punto[1.         0.52176538 0.49356037] -> F: 0.4281288801770088
Punto[1.         0.52177445 0.49505459] -> F: 0.42725340678156043
Punto[1.         0.52178352 0.4965488 ] -> F: 0.4263789174321852
Punto[1.         0.52179259 0.49804302] -> F: 0.4255054121288827
Punto[1.         0.52180166 0.49953723] -> F: 0.424632890871653
Punto[1.         0.52181073 0.50103145] -> F: 0.42376135366049633
Punto[1.         0.5218198  0.50252566] -> F: 0.4228908004954124
Punto[1.         0.52182888 0.50401988] -> F: 0.4220212313764014
Punto[1.         0.52183795 0.5055141 ] -> F: 0.4211526463034633
Punto[1.         0.52184702 0.50700831] -> F: 0.42028504527659805
Punto[1.         0.52185609 0.50850253] -> F: 0.41941842829580567
Punto[1.         0.52186516 0.50999674] -> F: 0.41855279536108614
Punto[1.         0.52187423 0.51149096] -> F: 0.4176881464724394
Punto[1.         0.5218833  0.51298517] -> F: 0.41682448162986563
Punto[1.         0.52189237 0.51447939] -> F: 0.41596180083336476
Punto[1.         0.52190145 0.5159736 ] -> F: 0.4151001040829366
Punto[1.         0.52191052 0.51746782] -> F: 0.4142393913785816
Punto[1.         0.52191959 0.51896203] -> F: 0.4133796627202993
Punto[1.         0.52192866 0.52045625] -> F: 0.41252091810808994
Punto[1.         0.52193773 0.52195047] -> F: 0.4116631575419533
Punto[1.         0.5219468  0.52344468] -> F: 0.41080638102188965
Punto[1.         0.52195587 0.5249389 ] -> F: 0.4099505885478989
Punto[1.         0.52196494 0.52643311] -> F: 0.409095780119981
Punto[1.         0.52197402 0.52792733] -> F: 0.4082419557381359
{
  "seed": 3819,
  "n_per_z": 10,
  "nz": 100,
  "nd": 100,
  "n_muestras": 50,
  "best_f": 0.4351583908607769,
  "best_cp": [
    1.0,
    0.5216928075004676,
    0.4816066477763523
  ],
  "best_u": [
    0.9995065603657316,
    -0.00876332241673877,
    0.030163553605046314
  ],
  "best_index": 22,
  "n_candidatos": 54
}
