Punto[0.         0.59635488 0.45827283] -> F: 0.055311067886679166
Punto[1.         0.52803863 0.39060781] -> F: 0.3669268339992587
Punto[2.         0.54500024 0.46123245] -> F: 0.15638682421300246
Punto[1.         0.57067756 0.45975264] -> F: 0.3171706569844543
Punto[1.         0.52889141 0.3919907 ] -> F: 0.3677892668712472
Punto[1.         0.52972713 0.39334594] -> F: 0.3686370049599917
Punto[1.         0.53056285 0.39470118] -> F: 0.36948727112622254
Punto[1.         0.53139858 0.39605642] -> F: 0.37034006536994
Punto[1.         0.5322343  0.39741166] -> F: 0.3711953876911443
Punto[1.         0.53307002 0.3987669 ] -> F: 0.3720398788763042
Punto[1.         0.53390574 0.40012214] -> F: 0.3728444276907957
Punto[1.         0.53474147 0.40147737] -> F: 0.3736510352029059
Punto[1.         0.53557719 0.40283261] -> F: 0.37278185659983276
Punto[1.         0.53641291 0.40418785] -> F: 0.37139598318902883
Punto[1.         0.53724864 0.40554309] -> F: 0.3700131242772241
Punto[1.         0.53808436 0.40689833] -> F: 0.36863327986441885
Punto[1.         0.53892008 0.40825357] -> F: 0.3672564499506129
Punto[1.         0.53975581 0.40960881] -> F: 0.3658826345358059
Punto[1.         0.54059153 0.41096405] -> F: 0.36451183361999845
Punto[1.         0.54142725 0.41231928] -> F: 0.3631440472031902
Punto[1.         0.54226297 0.41367452] -> F: 0.36177927528538134
Punto[1.         0.5430987  0.41502976] -> F: 0.36041751786657167
Punto[1.         0.54393442 0.416385  ] -> F: 0.3590587749467613
Punto[1.         0.54477014 0.41774024] -> F: 0.35770304652595025
Punto[1.         0.54560587 0.41909548] -> F: 0.35635033260413845
Punto[1.         0.54644159 0.42045072] -> F: 0.355000633181326
Punto[1.         0.54727731 0.42180595] -> F: 0.35365394825751284
Punto[1.         0.54811304 0.42316119] -> F: 0.3523102778326989
Punto[1.         0.54894876 0.42451643] -> F: 0.35096962190688424
Punto[1.         0.54978448 0.42587167] -> F: 0.34963198048006905
Punto[1.         0.55062021 0.42722691] -> F: 0.34829735355225294
Punto[1.         0.55145593 0.42858215] -> F: 0.34696574112343614
Punto[1.         0.55229165 0.42993739] -> F: 0.34563714319361866
Punto[1.         0.55312737 0.43129263] -> F: 0.3443115597628005
Punto[1.         0.5539631  0.43264786] -> F: 0.34298899083098155
Punto[1.         0.55479882 0.4340031 ] -> F: 0.34166943639816205
Punto[1.         0.55563454 0.43535834] -> F: 0.34035289646434175
Punto[1.         0.55647027 0.43671358] -> F: 0.33903937102952064
Punto[1.         0.55730599 0.43806882] -> F: 0.33772886009369896
Punto[1.         0.55814171 0.43942406] -> F: 0.33642136365687647
Punto[1.         0.55897744 0.4407793 ] -> F: 0.3351168817190533
Punto[1.         0.55981316 0.44213453] -> F: 0.3338154142802295
Punto[1.         0.56064888 0.44348977] -> F: 0.33251696134040487
Punto[1.         0.5614846  0.44484501] -> F: 0.3312215228995795
Punto[1.         0.56232033 0.44620025] -> F: 0.3299290989577535
Punto[1.         0.56315605 0.44755549] -> F: 0.3286396895149268
Punto[1.         0.56399177 0.44891073] -> F: 0.32735329457109946
Punto[1.         0.5648275  0.45026597] -> F: 0.32606991412627123
Punto[1.         0.56566322 0.4516212 ] -> F: 0.32478954818044237
Punto[1.         0.56649894 0.45297644] -> F: 0.3235121967336129
Punto[1.         0.56733467 0.45433168] -> F: 0.32223785978578257
Punto[1.         0.56817039 0.45568692] -> F: 0.3209665373369515
Punto[1.         0.56900611 0.45704216] -> F: 0.31969822938711984
Punto[1.         0.56984183 0.4583974 ] -> F: 0.31843293593628735
Best centerpoint:  [1.         0.53474147 0.40147737] Best F:  0.3736510352029059 Best u:  [-0.18738131  0.57737396 -0.79468708] índice:  8
{
  "seed": 17143,
  "n_per_z": 5,
  "nz": 100,
  "nd": 100,
  "n_muestras": 50,
  "best_f": 0.3736510352029059,
  "best_cp": [
    1.0,
    0.534741467627962,
    0.4014773747345448
  ],
  "best_u": [
    -0.18738131458572474,
    0.577373959493242,
    -0.794687079197354
  ],
  "n_candidatos": 54
}
