Punto[0.         0.47514457 0.43461383] -> F: 0.11080952424979977
Punto[1.         0.44786334 0.47995986] -> F: 0.429942027579329
Punto[2.         0.42480446 0.61185457] -> F: 0.17470795303977907
Punto[1.         0.44997451 0.5232342 ] -> F: 0.4129825984320324
Punto[1.         0.44790557 0.48082534] -> F: 0.4297289664776493
Punto[1.         0.44794694 0.48167352] -> F: 0.42952125267792735
Punto[1.         0.44798832 0.4825217 ] -> F: 0.42931461398762544
Punto[1.         0.4480297  0.48336988] -> F: 0.42910905040674335
Punto[1.         0.44807108 0.48421805] -> F: 0.4289045619352812
Punto[1.         0.44811246 0.48506623] -> F: 0.428701148573239
Punto[1.         0.44815384 0.48591441] -> F: 0.4284988103206167
Punto[1.         0.44819522 0.48676258] -> F: 0.42829754717741436
Punto[1.         0.4482366  0.48761076] -> F: 0.42809735914363195
Punto[1.         0.44827798 0.48845894] -> F: 0.4278982462192694
Punto[1.         0.44831935 0.48930712] -> F: 0.4277002084043269
Punto[1.         0.44836073 0.49015529] -> F: 0.42750324569880427
Punto[1.         0.44840211 0.49100347] -> F: 0.4273073581027017
Punto[1.         0.44844349 0.49185165] -> F: 0.4271125456160189
Punto[1.         0.44848487 0.49269982] -> F: 0.4269188082387561
Punto[1.         0.44852625 0.493548  ] -> F: 0.4267261459709131
Punto[1.         0.44856763 0.49439618] -> F: 0.42653455881249025
Punto[1.         0.44860901 0.49524435] -> F: 0.426332559011543
Punto[1.         0.44865039 0.49609253] -> F: 0.4260967940650123
Punto[1.         0.44869177 0.49694071] -> F: 0.42586175875464766
Punto[1.         0.44873314 0.49778889] -> F: 0.42562745308044925
Punto[1.         0.44877452 0.49863706] -> F: 0.42539387704241693
Punto[1.         0.4488159  0.49948524] -> F: 0.4251610306405511
Punto[1.         0.44885728 0.50033342] -> F: 0.4249289138748511
Punto[1.         0.44889866 0.50118159] -> F: 0.4246975267453177
Punto[1.         0.44894004 0.50202977] -> F: 0.4244668692519503
Punto[1.         0.44898142 0.50287795] -> F: 0.42423694139474916
Punto[1.         0.4490228  0.50372613] -> F: 0.42400774317371426
Punto[1.         0.44906418 0.5045743 ] -> F: 0.42377927458884546
Punto[1.         0.44910556 0.50542248] -> F: 0.4235515356401431
Punto[1.         0.44914693 0.50627066] -> F: 0.4233111620151671
Punto[1.         0.44918831 0.50711883] -> F: 0.4229918651404264
Punto[1.         0.44922969 0.50796701] -> F: 0.4224645749438206
Punto[1.         0.44927107 0.50881519] -> F: 0.4219374472904221
Punto[1.         0.44931245 0.50966336] -> F: 0.4214104821802307
Punto[1.         0.44935383 0.51051154] -> F: 0.4208836796132464
Punto[1.         0.44939521 0.51135972] -> F: 0.4203570395894695
Punto[1.         0.44943659 0.5122079 ] -> F: 0.4198305621088997
Punto[1.         0.44947797 0.51305607] -> F: 0.4193042471715371
Punto[1.         0.44951935 0.51390425] -> F: 0.41877809477738165
Punto[1.         0.44956072 0.51475243] -> F: 0.41825210492643333
Punto[1.        0.4496021 0.5156006] -> F: 0.41772627761869235
Punto[1.         0.44964348 0.51644878] -> F: 0.41720061285415844
Punto[1.         0.44968486 0.51729696] -> F: 0.4166751106328318
Punto[1.         0.44972624 0.51814514] -> F: 0.4161497709547124
Punto[1.         0.44976762 0.51899331] -> F: 0.41562237911584005
Punto[1.         0.449809   0.51984149] -> F: 0.4150940938281559
Punto[1.         0.44985038 0.52068967] -> F: 0.414565973115933
Punto[1.         0.44989176 0.52153784] -> F: 0.4140380169791715
Punto[1.         0.44993313 0.52238602] -> F: 0.41351022541787125
{
  "seed": 10598,
  "n_per_z": 10,
  "nz": 100,
  "nd": 100,
  "n_muestras": 50,
  "best_f": 0.429942027579329,
  "best_cp": [
    1.0,
    0.4478633418204214,
    0.47995985786788403
  ],
  "best_u": [
    -0.3971478906347807,
    -0.8634976779248416,
    0.31087829319968757
  ],
  "best_index": 1,
  "n_candidatos": 54
}
