Punto[0.        0.3064955 0.5427704] -> F: 0.08291031217606253
Punto[1.         0.49002365 0.53932701] -> F: 0.3200687031207333
Punto[2.         0.52860203 0.36280001] -> F: 0.1313256439907558
Punto[1.         0.41754876 0.4527852 ] -> F: 0.3494078066268966
Punto[1.         0.48857415 0.53759617] -> F: 0.3248198984706982
Punto[1.         0.48715364 0.53589995] -> F: 0.3295212533259805
Punto[1.         0.48573313 0.53420373] -> F: 0.33426733519547563
Punto[1.         0.48431262 0.53250751] -> F: 0.33905814407918283
Punto[1.         0.48289212 0.53081129] -> F: 0.34389367997710313
Punto[1.         0.48147161 0.52911507] -> F: 0.34872967270003047
Punto[1.         0.4800511  0.52741885] -> F: 0.3535287884948529
Punto[1.         0.47863059 0.52572264] -> F: 0.3583670351614618
Punto[1.         0.47721009 0.52402642] -> F: 0.3632442922507804
Punto[1.         0.47578958 0.5223302 ] -> F: 0.36816055976280954
Punto[1.         0.47436907 0.52063398] -> F: 0.37308056460293276
Punto[1.         0.47294856 0.51893776] -> F: 0.37793485647254305
Punto[1.         0.47152805 0.51724154] -> F: 0.3828256845308677
Punto[1.         0.47010755 0.51554532] -> F: 0.3877530487779071
Punto[1.         0.46868704 0.5138491 ] -> F: 0.3927169492136623
Punto[1.         0.46726653 0.51215288] -> F: 0.39760387345477277
Punto[1.         0.46584602 0.51045666] -> F: 0.4015538589855978
Punto[1.         0.46442552 0.50876044] -> F: 0.4055794904463612
Punto[1.         0.46300501 0.50706422] -> F: 0.4088192561727652
Punto[1.        0.4615845 0.505368 ] -> F: 0.4072376777905427
Punto[1.         0.46016399 0.50367178] -> F: 0.4056419049489051
Punto[1.         0.45874349 0.50197556] -> F: 0.4040138775051604
Punto[1.         0.45732298 0.50027935] -> F: 0.40237128281826434
Punto[1.         0.45590247 0.49858313] -> F: 0.40071126768997467
Punto[1.         0.45448196 0.49688691] -> F: 0.39902155075845364
Punto[1.         0.45306145 0.49519069] -> F: 0.3973222801578057
Punto[1.         0.45164095 0.49349447] -> F: 0.3955912790211854
Punto[1.         0.45022044 0.49179825] -> F: 0.39384664417831206
Punto[1.         0.44879993 0.49010203] -> F: 0.39207910728671685
Punto[1.         0.44737942 0.48840581] -> F: 0.3902898117650254
Punto[1.         0.44595892 0.48670959] -> F: 0.3884838401159157
Punto[1.         0.44453841 0.48501337] -> F: 0.386651156608371
Punto[1.         0.4431179  0.48331715] -> F: 0.384804582073927
Punto[1.         0.44169739 0.48162093] -> F: 0.38293059055611645
Punto[1.         0.44027689 0.47992471] -> F: 0.38104092928729943
Punto[1.         0.43885638 0.47822849] -> F: 0.37912884745727055
Punto[1.         0.43743587 0.47653227] -> F: 0.3771932419369968
Punto[1.         0.43601536 0.47483606] -> F: 0.37525037795306837
Punto[1.         0.43459485 0.47313984] -> F: 0.37327007477375107
Punto[1.         0.43317435 0.47144362] -> F: 0.371296190256963
Punto[1.         0.43175384 0.4697474 ] -> F: 0.36932872440270403
Punto[1.         0.43033333 0.46805118] -> F: 0.36736767721097396
Punto[1.         0.42891282 0.46635496] -> F: 0.36537029953664635
Punto[1.         0.42749232 0.46465874] -> F: 0.3633757705450345
Punto[1.         0.42607181 0.46296252] -> F: 0.361387970555346
Punto[1.        0.4246513 0.4612663] -> F: 0.35940689956758076
Punto[1.         0.42323079 0.45957008] -> F: 0.3574325575817388
Punto[1.         0.42181028 0.45787386] -> F: 0.35541700376905794
Punto[1.         0.42038978 0.45617764] -> F: 0.35340686496249873
Punto[1.         0.41896927 0.45448142] -> F: 0.351403799248445
Best centerpoint:  [1.         0.46300501 0.50706422] Best F:  0.4088192561727652 Best u:  [-0.99950656 -0.01598938 -0.02703656] índice:  19
{
  "seed": 9007,
  "n_per_z": 5,
  "nz": 100,
  "nd": 100,
  "n_muestras": 50,
  "best_f": 0.4088192561727652,
  "best_cp": [
    1.0,
    0.4630050086007924,
    0.5070642226977018
  ],
  "best_u": [
    -0.9995065603657316,
    -0.01598937727092425,
    -0.02703656043864067
  ],
  "n_candidatos": 54
}
