Punto[0.         0.47223962 0.48852416] -> F: 0.1320592368949452
Punto[1.         0.53912825 0.49607447] -> F: 0.39428717846848516
Punto[2.         0.42255555 0.47519607] -> F: 0.11434291167881622
Punto[1.         0.44739758 0.48186012] -> F: 0.3915615260002555
Punto[1.         0.53729363 0.49579019] -> F: 0.39687746071709834
Punto[1.         0.53549571 0.49551158] -> F: 0.399430192785003
Punto[1.         0.53369779 0.49523298] -> F: 0.401997036322582
Punto[1.         0.53189987 0.49495438] -> F: 0.4045779913298355
Punto[1.         0.53010195 0.49467578] -> F: 0.40717305780676394
Punto[1.         0.52830403 0.49439718] -> F: 0.4097822357533668
Punto[1.         0.52650611 0.49411858] -> F: 0.41225298510463704
Punto[1.         0.52470819 0.49383998] -> F: 0.4145680982067349
Punto[1.         0.52291027 0.49356137] -> F: 0.41689970695408624
Punto[1.         0.52111235 0.49328277] -> F: 0.4192478113466914
Punto[1.         0.51931442 0.49300417] -> F: 0.42161241138454975
Punto[1.         0.5175165  0.49272557] -> F: 0.42399350706766187
Punto[1.         0.51571858 0.49244697] -> F: 0.42639109839602757
Punto[1.         0.51392066 0.49216837] -> F: 0.42880518536964685
Punto[1.         0.51212274 0.49188977] -> F: 0.43123576798851976
Punto[1.         0.51032482 0.49161117] -> F: 0.43368284625264647
Punto[1.         0.5085269  0.49133256] -> F: 0.43614642016202626
Punto[1.         0.50672898 0.49105396] -> F: 0.4386264897166599
Punto[1.         0.50493106 0.49077536] -> F: 0.4411230549165472
Punto[1.         0.50313313 0.49049676] -> F: 0.44363611576168793
Punto[1.         0.50133521 0.49021816] -> F: 0.44616567225208226
Punto[1.         0.49953729 0.48993956] -> F: 0.44655510032708734
Punto[1.         0.49773937 0.48966096] -> F: 0.4449041917870721
Punto[1.         0.49594145 0.48938235] -> F: 0.44324301425299567
Punto[1.         0.49414353 0.48910375] -> F: 0.44161375939372793
Punto[1.         0.49234561 0.48882515] -> F: 0.4399593703220464
Punto[1.         0.49054769 0.48854655] -> F: 0.4383305427448237
Punto[1.         0.48874977 0.48826795] -> F: 0.43671233357010897
Punto[1.         0.48695185 0.48798935] -> F: 0.4350950950273437
Punto[1.         0.48515392 0.48771075] -> F: 0.43352211286547904
Punto[1.         0.483356   0.48743215] -> F: 0.4320856993587443
Punto[1.         0.48155808 0.48715354] -> F: 0.4307463513145663
Punto[1.         0.47976016 0.48687494] -> F: 0.4294050424776335
Punto[1.         0.47796224 0.48659634] -> F: 0.42787404516153926
Punto[1.         0.47616432 0.48631774] -> F: 0.42604512642444764
Punto[1.         0.4743664  0.48603914] -> F: 0.42423081623457326
Punto[1.         0.47256848 0.48576054] -> F: 0.4224358175593744
Punto[1.         0.47077056 0.48548194] -> F: 0.42065856314364386
Punto[1.         0.46897263 0.48520333] -> F: 0.4188490956461272
Punto[1.         0.46717471 0.48492473] -> F: 0.4170637238479527
Punto[1.         0.46537679 0.48464613] -> F: 0.4153024477491204
Punto[1.         0.46357887 0.48436753] -> F: 0.4135390438703537
Punto[1.         0.46178095 0.48408893] -> F: 0.41177190015431425
Punto[1.         0.45998303 0.48381033] -> F: 0.4097247260618594
Punto[1.         0.45818511 0.48353173] -> F: 0.4070963443087691
Punto[1.         0.45638719 0.48325312] -> F: 0.40447917551806123
Punto[1.         0.45458927 0.48297452] -> F: 0.40187321968973544
Punto[1.         0.45279135 0.48269592] -> F: 0.3992784768237919
Punto[1.         0.45099342 0.48241732] -> F: 0.39669494692023094
Punto[1.         0.4491955  0.48213872] -> F: 0.3941226299790521
Best centerpoint:  [1.         0.49953729 0.48993956] Best F:  0.44655510032708734 Best u:  [ 0.30901699 -0.93934743 -0.14877802] índice:  22
{
  "seed": 5237,
  "n_per_z": 5,
  "nz": 100,
  "nd": 100,
  "n_muestras": 50,
  "best_f": 0.44655510032708734,
  "best_cp": [
    1.0,
    0.49953729268402947,
    0.4899395573077979
  ],
  "best_u": [
    0.3090169943749471,
    -0.9393474323917529,
    -0.14877801734965798
  ],
  "n_candidatos": 54
}
