Punto[0.         0.52005125 0.46117673] -> F: 0.13750939117683966
Punto[1.         0.45690668 0.50783138] -> F: 0.4415634094015941
Punto[2.         0.48690201 0.52893056] -> F: 0.14641867318455182
Punto[1.         0.50347663 0.49505365] -> F: 0.44830960993990243
Punto[1.         0.45783808 0.50757583] -> F: 0.44239013247337333
Punto[1.         0.45875085 0.50732539] -> F: 0.4432181742722937
Punto[1.         0.45966362 0.50707494] -> F: 0.4439603990128288
Punto[1.         0.46057639 0.5068245 ] -> F: 0.44469221524761526
Punto[1.         0.46148917 0.50657405] -> F: 0.4454504509201195
Punto[1.         0.46240194 0.50632361] -> F: 0.4462653867407614
Punto[1.         0.46331471 0.50607317] -> F: 0.44713704914152697
Punto[1.         0.46422748 0.50582272] -> F: 0.4480654381224163
Punto[1.         0.46514025 0.50557228] -> F: 0.4490505536834291
Punto[1.         0.46605302 0.50532184] -> F: 0.4500923958245657
Punto[1.         0.46696579 0.50507139] -> F: 0.45118395355310714
Punto[1.         0.46787856 0.50482095] -> F: 0.45228264713829613
Punto[1.         0.46879133 0.50457051] -> F: 0.453381293634867
Punto[1.         0.4697041  0.50432006] -> F: 0.4544798930428196
Punto[1.         0.47061688 0.50406962] -> F: 0.4555784453621543
Punto[1.         0.47152965 0.50381918] -> F: 0.4566664090577376
Punto[1.         0.47244242 0.50356873] -> F: 0.45775954365673777
Punto[1.         0.47335519 0.50331829] -> F: 0.45887028061345597
Punto[1.         0.47426796 0.50306784] -> F: 0.45997218375331084
Punto[1.         0.47518073 0.5028174 ] -> F: 0.4610705006295546
Punto[1.         0.4760935  0.50256696] -> F: 0.46216877041718035
Punto[1.         0.47700627 0.50231651] -> F: 0.4632456864082345
Punto[1.         0.47791904 0.50206607] -> F: 0.4643016057741756
Punto[1.         0.47883181 0.50181563] -> F: 0.4653677652403313
Punto[1.         0.47974459 0.50156518] -> F: 0.4664435670739221
Punto[1.         0.48065736 0.50131474] -> F: 0.4675217031043631
Punto[1.         0.48157013 0.5010643 ] -> F: 0.46815540213907336
Punto[1.         0.4824829  0.50081385] -> F: 0.46729907769366186
Punto[1.         0.48339567 0.50056341] -> F: 0.46644410069174924
Punto[1.         0.48430844 0.50031296] -> F: 0.4655904711333349
Punto[1.         0.48522121 0.50006252] -> F: 0.4647381890184192
Punto[1.         0.48613398 0.49981208] -> F: 0.46388725434700206
Punto[1.         0.48704675 0.49956163] -> F: 0.46303766711908356
Punto[1.         0.48795952 0.49931119] -> F: 0.46219036414868986
Punto[1.         0.4888723  0.49906075] -> F: 0.4613491539938077
Punto[1.         0.48978507 0.4988103 ] -> F: 0.4605144423707821
Punto[1.         0.49069784 0.49855986] -> F: 0.45968622927961283
Punto[1.         0.49161061 0.49830942] -> F: 0.4588645147203
Punto[1.         0.49252338 0.49805897] -> F: 0.4580492986928436
Punto[1.         0.49343615 0.49780853] -> F: 0.4572405811972434
Punto[1.         0.49434892 0.49755809] -> F: 0.4564383622334997
Punto[1.         0.49526169 0.49730764] -> F: 0.45564264180161246
Punto[1.         0.49617446 0.4970572 ] -> F: 0.45485341990158157
Punto[1.         0.49708723 0.49680675] -> F: 0.45407069653340715
Punto[1.         0.49800001 0.49655631] -> F: 0.4532944716970889
Punto[1.         0.49891278 0.49630587] -> F: 0.45252474539262727
Punto[1.         0.49982555 0.49605542] -> F: 0.451761517620022
Punto[1.         0.50073832 0.49580498] -> F: 0.45100478837927316
Punto[1.         0.50165109 0.49555454] -> F: 0.4502234885350639
Punto[1.         0.50256386 0.49530409] -> F: 0.4492657406126512
{
  "seed": 17324,
  "n_per_z": 10,
  "nz": 100,
  "nd": 100,
  "n_muestras": 50,
  "best_f": 0.46815540213907336,
  "best_cp": [
    1.0,
    0.4815701277482274,
    0.501064295460522
  ],
  "best_u": [
    0.30901699437494745,
    0.8605416643679447,
    0.40494016974649644
  ],
  "best_index": 30,
  "n_candidatos": 54
}
