Punto[0.         0.45913508 0.43704668] -> F: 0.1062119023417832
Punto[1.         0.49140459 0.49761541] -> F: 0.44044178367176756
Punto[2.         0.60361114 0.52425084] -> F: 0.1233331233179138
Punto[1.         0.53137311 0.48064876] -> F: 0.4303116814714197
Punto[1.         0.49220396 0.49727608] -> F: 0.4405009525616817
Punto[1.         0.49298734 0.49694353] -> F: 0.44055893466962465
Punto[1.         0.49377072 0.49661098] -> F: 0.44061691340778036
Punto[1.         0.49455411 0.49627844] -> F: 0.4406748887761488
Punto[1.         0.49533749 0.49594589] -> F: 0.44073286077472984
Punto[1.         0.49612087 0.49561334] -> F: 0.44079082940352377
Punto[1.         0.49690426 0.4952808 ] -> F: 0.44084879466253046
Punto[1.         0.49768764 0.49494825] -> F: 0.44090675655174955
Punto[1.         0.49847102 0.49461571] -> F: 0.44096471507118157
Punto[1.         0.49925441 0.49428316] -> F: 0.4410226702208264
Punto[1.         0.50003779 0.49395061] -> F: 0.4410806220006839
Punto[1.         0.50082117 0.49361807] -> F: 0.441138570410754
Punto[1.         0.50160455 0.49328552] -> F: 0.44119651545103694
Punto[1.         0.50238794 0.49295297] -> F: 0.4412317106477396
Punto[1.         0.50317132 0.49262043] -> F: 0.44126359303356194
Punto[1.         0.5039547  0.49228788] -> F: 0.4412954743870489
Punto[1.         0.50473809 0.49195534] -> F: 0.44132735470820006
Punto[1.         0.50552147 0.49162279] -> F: 0.4413592339970156
Punto[1.         0.50630485 0.49129024] -> F: 0.4413911122534955
Punto[1.         0.50708824 0.4909577 ] -> F: 0.4414229894776396
Punto[1.         0.50787162 0.49062515] -> F: 0.4414548656694481
Punto[1.        0.508655  0.4902926] -> F: 0.44148674082892103
Punto[1.         0.50943839 0.48996006] -> F: 0.44151861495605826
Punto[1.         0.51022177 0.48962751] -> F: 0.44155048805086
Punto[1.         0.51100515 0.48929496] -> F: 0.4415823601133259
Punto[1.         0.51178853 0.48896242] -> F: 0.44161423114345605
Punto[1.         0.51257192 0.48862987] -> F: 0.44164610114125064
Punto[1.         0.5133553  0.48829733] -> F: 0.44167797010670956
Punto[1.         0.51413868 0.48796478] -> F: 0.4417098380398329
Punto[1.         0.51492207 0.48763223] -> F: 0.4417394608065838
Punto[1.         0.51570545 0.48729969] -> F: 0.4417461380507901
Punto[1.         0.51648883 0.48696714] -> F: 0.441752816155136
Punto[1.         0.51727222 0.48663459] -> F: 0.4417594951196214
Punto[1.         0.5180556  0.48630205] -> F: 0.4417661749442464
Punto[1.         0.51883898 0.4859695 ] -> F: 0.44177285562901086
Punto[1.         0.51962236 0.48563696] -> F: 0.4417795371739149
Punto[1.         0.52040575 0.48530441] -> F: 0.44178621957895853
Punto[1.         0.52118913 0.48497186] -> F: 0.4417929028441415
Punto[1.         0.52197251 0.48463932] -> F: 0.4417995869694642
Punto[1.         0.5227559  0.48430677] -> F: 0.4418062719549264
Punto[1.         0.52353928 0.48397422] -> F: 0.4418129578005281
Punto[1.         0.52432266 0.48364168] -> F: 0.44181964450626926
Punto[1.         0.52510605 0.48330913] -> F: 0.44182633207214994
Punto[1.         0.52588943 0.48297659] -> F: 0.4405922673536838
Punto[1.         0.52667281 0.48264404] -> F: 0.4390842889068649
Punto[1.         0.5274562  0.48231149] -> F: 0.43758941823363995
Punto[1.         0.52823958 0.48197895] -> F: 0.4361076553340086
Punto[1.         0.52902296 0.4816464 ] -> F: 0.43463900020797086
Punto[1.         0.52980634 0.48131385] -> F: 0.4331834528555268
Punto[1.         0.53058973 0.48098131] -> F: 0.4317410132766764
Best centerpoint:  [1.         0.52510605 0.48330913] Best F:  0.44182633207214994 Best u:  [-0.12533323 -0.39401626 -0.91051786] índice:  43
{
  "seed": 8866,
  "n_per_z": 5,
  "nz": 100,
  "nd": 100,
  "n_muestras": 50,
  "best_f": 0.44182633207214994,
  "best_cp": [
    1.0,
    0.5251060462119296,
    0.48330913176254187
  ],
  "best_u": [
    -0.12533323356430448,
    -0.3940162608948002,
    -0.9105178563404432
  ],
  "n_candidatos": 54
}
