Punto[0.         0.43081174 0.52866294] -> F: 0.11355711792007148
Punto[1.         0.42336029 0.55739755] -> F: 0.42174283780958405
Punto[2.         0.37217828 0.44065952] -> F: 0.14704324644511163
Punto[1.         0.40149501 0.48466123] -> F: 0.4134152165298446
Punto[1.         0.42292298 0.55594282] -> F: 0.42359163363164154
Punto[1.         0.42249442 0.55451719] -> F: 0.42540625716213754
Punto[1.         0.42206586 0.55309156] -> F: 0.42722365599806966
Punto[1.         0.4216373  0.55166593] -> F: 0.4290354222387729
Punto[1.         0.42120874 0.5502403 ] -> F: 0.4308220886922331
Punto[1.         0.42078018 0.54881466] -> F: 0.43261137662433097
Punto[1.         0.42035162 0.54738903] -> F: 0.43439378726165045
Punto[1.         0.41992307 0.5459634 ] -> F: 0.4361978169244412
Punto[1.         0.41949451 0.54453777] -> F: 0.43798508445448264
Punto[1.         0.41906595 0.54311214] -> F: 0.43974896525373147
Punto[1.         0.41863739 0.5416865 ] -> F: 0.44151532484479
Punto[1.         0.41820883 0.54026087] -> F: 0.44327840251209966
Punto[1.         0.41778027 0.53883524] -> F: 0.44349076739973703
Punto[1.         0.41735171 0.53740961] -> F: 0.4426822755955202
Punto[1.         0.41692315 0.53598398] -> F: 0.4418747062518011
Punto[1.         0.41649459 0.53455835] -> F: 0.4410680593685797
Punto[1.         0.41606603 0.53313271] -> F: 0.4402623349458559
Punto[1.         0.41563747 0.53170708] -> F: 0.43945753298363
Punto[1.         0.41520891 0.53028145] -> F: 0.4386536534819017
Punto[1.         0.41478035 0.52885582] -> F: 0.4378506964406711
Punto[1.         0.41435179 0.52743019] -> F: 0.43704866185993835
Punto[1.         0.41392323 0.52600456] -> F: 0.4362475497397032
Punto[1.         0.41349467 0.52457892] -> F: 0.43544736007996576
Punto[1.         0.41306611 0.52315329] -> F: 0.43464809288072614
Punto[1.         0.41263755 0.52172766] -> F: 0.4338497481419841
Punto[1.         0.412209   0.52030203] -> F: 0.4330523258637399
Punto[1.         0.41178044 0.5188764 ] -> F: 0.4322558260459934
Punto[1.         0.41135188 0.51745076] -> F: 0.4314602486887444
Punto[1.         0.41092332 0.51602513] -> F: 0.4306655937919934
Punto[1.         0.41049476 0.5145995 ] -> F: 0.4298718613557399
Punto[1.         0.4100662  0.51317387] -> F: 0.4290790513799842
Punto[1.         0.40963764 0.51174824] -> F: 0.4282871638647262
Punto[1.         0.40920908 0.51032261] -> F: 0.42749619880996603
Punto[1.         0.40878052 0.50889697] -> F: 0.42670615621570346
Punto[1.         0.40835196 0.50747134] -> F: 0.4259170360819386
Punto[1.         0.4079234  0.50604571] -> F: 0.42512883840867144
Punto[1.         0.40749484 0.50462008] -> F: 0.42434156319590205
Punto[1.         0.40706628 0.50319445] -> F: 0.42355521044363037
Punto[1.         0.40663772 0.50176881] -> F: 0.4227697801518564
Punto[1.         0.40620916 0.50034318] -> F: 0.42198527232058014
Punto[1.         0.4057806  0.49891755] -> F: 0.42120168694980153
Punto[1.         0.40535204 0.49749192] -> F: 0.42041902403952064
Punto[1.         0.40492349 0.49606629] -> F: 0.41963728358973756
Punto[1.         0.40449493 0.49464066] -> F: 0.41885646560045214
Punto[1.         0.40406637 0.49321502] -> F: 0.41807657007166443
Punto[1.         0.40363781 0.49178939] -> F: 0.41729759700337443
Punto[1.         0.40320925 0.49036376] -> F: 0.4165194037080538
Punto[1.         0.40278069 0.48893813] -> F: 0.4157419721408087
Punto[1.         0.40235213 0.4875125 ] -> F: 0.4149654637553589
Punto[1.         0.40192357 0.48608687] -> F: 0.4141898785517042
{
  "seed": 17200,
  "n_per_z": 10,
  "nz": 100,
  "nd": 100,
  "n_muestras": 50,
  "best_f": 0.44349076739973703,
  "best_cp": [
    1.0,
    0.4177802679758523,
    0.5388352412899808
  ],
  "best_u": [
    -0.9995065603657316,
    -0.01156307163512217,
    -0.029204985194744612
  ],
  "best_index": 16,
  "n_candidatos": 54
}
