Punto[0.         0.52203801 0.43638933] -> F: 0.12395059548461182
Punto[1.         0.56706604 0.44877115] -> F: 0.45895455501478816
Punto[2.         0.6070857  0.49789937] -> F: 0.1506436922193336
Punto[1.         0.56456185 0.46714435] -> F: 0.4522297994268185
Punto[1.         0.56701596 0.44913862] -> F: 0.4589812518040331
Punto[1.         0.56696687 0.44949873] -> F: 0.45900741535664735
Punto[1.         0.56691779 0.44985884] -> F: 0.45903357960135366
Punto[1.         0.56686871 0.45021896] -> F: 0.4590597445381522
Punto[1.         0.56681963 0.45057907] -> F: 0.4590859101670427
Punto[1.         0.56677055 0.45093919] -> F: 0.4591120764880252
Punto[1.         0.56672146 0.4512993 ] -> F: 0.4591382435010999
Punto[1.         0.56667238 0.45165942] -> F: 0.4591590505191622
Punto[1.         0.5666233  0.45201953] -> F: 0.4591780871184488
Punto[1.         0.56657422 0.45237965] -> F: 0.45919712434979226
Punto[1.         0.56652514 0.45273976] -> F: 0.45921616221319245
Punto[1.         0.56647605 0.45309988] -> F: 0.4592352007086496
Punto[1.         0.56642697 0.45345999] -> F: 0.45925423983616365
Punto[1.         0.56637789 0.45382011] -> F: 0.45924500061883894
Punto[1.         0.56632881 0.45418022] -> F: 0.45905790685115366
Punto[1.         0.56627973 0.45454033] -> F: 0.4588686894873218
Punto[1.         0.56623064 0.45490045] -> F: 0.4586795034603927
Punto[1.         0.56618156 0.45526056] -> F: 0.4584903487703664
Punto[1.         0.56613248 0.45562068] -> F: 0.458301225417243
Punto[1.         0.5660834  0.45598079] -> F: 0.4581121334010225
Punto[1.         0.56603432 0.45634091] -> F: 0.45792307272170485
Punto[1.         0.56598523 0.45670102] -> F: 0.4577340433792901
Punto[1.         0.56593615 0.45706114] -> F: 0.45754504537377816
Punto[1.         0.56588707 0.45742125] -> F: 0.45735607870516903
Punto[1.         0.56583799 0.45778137] -> F: 0.4571671433734627
Punto[1.         0.56578891 0.45814148] -> F: 0.45697823937865933
Punto[1.         0.56573982 0.4585016 ] -> F: 0.4567893667207589
Punto[1.         0.56569074 0.45886171] -> F: 0.45660052539976126
Punto[1.         0.56564166 0.45922182] -> F: 0.45641171541566644
Punto[1.         0.56559258 0.45958194] -> F: 0.45622293676847436
Punto[1.         0.5655435  0.45994205] -> F: 0.45603418945818536
Punto[1.         0.56549441 0.46030217] -> F: 0.45584547348479904
Punto[1.         0.56544533 0.46066228] -> F: 0.45565678884831573
Punto[1.         0.56539625 0.4610224 ] -> F: 0.4554681355487351
Punto[1.         0.56534717 0.46138251] -> F: 0.4552781719127993
Punto[1.         0.56529809 0.46174263] -> F: 0.4550874081569907
Punto[1.         0.565249   0.46210274] -> F: 0.45489667646457344
Punto[1.         0.56519992 0.46246286] -> F: 0.4547059768355475
Punto[1.         0.56515084 0.46282297] -> F: 0.4545153092699127
Punto[1.         0.56510176 0.46318309] -> F: 0.45432467376766944
Punto[1.         0.56505268 0.4635432 ] -> F: 0.45413407032881736
Punto[1.         0.56500359 0.46390331] -> F: 0.45394349895335656
Punto[1.         0.56495451 0.46426343] -> F: 0.4537529596412871
Punto[1.         0.56490543 0.46462354] -> F: 0.45356245239260895
Punto[1.         0.56485635 0.46498366] -> F: 0.45337197720732214
Punto[1.         0.56480727 0.46534377] -> F: 0.45318153408542666
Punto[1.         0.56475818 0.46570389] -> F: 0.4529911230269225
Punto[1.        0.5647091 0.466064 ] -> F: 0.4528007440318095
Punto[1.         0.56466002 0.46642412] -> F: 0.45261039710008794
Punto[1.         0.56461094 0.46678423] -> F: 0.45242008223175756
{
  "seed": 15838,
  "n_per_z": 10,
  "nz": 100,
  "nd": 100,
  "n_muestras": 50,
  "best_f": 0.45925423983616365,
  "best_cp": [
    1.0,
    0.5664269715600261,
    0.45345999069122045
  ],
  "best_u": [
    -0.9995065603657316,
    -0.03065428628956508,
    -0.00685204480002878
  ],
  "best_index": 16,
  "n_candidatos": 54
}
