Punto[0.         0.56499191 0.46088671] -> F: 0.05498321867298868
Punto[1.         0.67065738 0.60701663] -> F: 0.3922640481546275
Punto[2.         0.66304628 0.74061189] -> F: 0.10682014628842271
Punto[1.        0.6140191 0.6007493] -> F: 0.35833202732956065
Punto[1.         0.66952462 0.60689128] -> F: 0.39242761330281656
Punto[1.         0.66841451 0.60676844] -> F: 0.3925879737496861
Punto[1.        0.6673044 0.6066456] -> F: 0.39270397083841885
Punto[1.         0.66619428 0.60652276] -> F: 0.39281719149861555
Punto[1.         0.66508417 0.60639992] -> F: 0.3929304471525746
Punto[1.         0.66397406 0.60627708] -> F: 0.3930142834760978
Punto[1.         0.66286395 0.60615424] -> F: 0.3930812870195848
Punto[1.         0.66175384 0.60603141] -> F: 0.39314830370815107
Punto[1.         0.66064373 0.60590857] -> F: 0.3932153335417972
Punto[1.         0.65953362 0.60578573] -> F: 0.3932413786152347
Punto[1.         0.65842351 0.60566289] -> F: 0.3932631794800603
Punto[1.         0.6573134  0.60554005] -> F: 0.3932191609117763
Punto[1.         0.65620329 0.60541721] -> F: 0.3930512863578231
Punto[1.         0.65509318 0.60529437] -> F: 0.39288351467572336
Punto[1.         0.65398307 0.60517153] -> F: 0.39267385970536733
Punto[1.         0.65287296 0.60504869] -> F: 0.3924615590715025
Punto[1.         0.65176285 0.60492585] -> F: 0.3922494468179231
Punto[1.         0.65065274 0.60480301] -> F: 0.3920375229446295
Punto[1.         0.64954263 0.60468017] -> F: 0.3918257874516218
Punto[1.         0.64843252 0.60455733] -> F: 0.3915890940899975
Punto[1.         0.64732241 0.60443449] -> F: 0.3913361504731037
Punto[1.         0.6462123  0.60431165] -> F: 0.3910835244193151
Punto[1.         0.64510219 0.60418881] -> F: 0.3905858170899866
Punto[1.         0.64399208 0.60406597] -> F: 0.38943401317974985
Punto[1.         0.64288197 0.60394313] -> F: 0.3882839227228837
Punto[1.         0.64177186 0.60382029] -> F: 0.38713554571938824
Punto[1.         0.64066175 0.60369745] -> F: 0.3859888821692631
Punto[1.         0.63955164 0.60357461] -> F: 0.3848439320725091
Punto[1.         0.63844153 0.60345177] -> F: 0.38370069542912527
Punto[1.         0.63733141 0.60332893] -> F: 0.38255671580490136
Punto[1.         0.6362213  0.60320609] -> F: 0.38139720987097153
Punto[1.         0.63511119 0.60308325] -> F: 0.3802394771774554
Punto[1.         0.63400108 0.60296041] -> F: 0.379083517724353
Punto[1.         0.63289097 0.60283757] -> F: 0.3779293315116639
Punto[1.         0.63178086 0.60271473] -> F: 0.37677691853938866
Punto[1.         0.63067075 0.60259189] -> F: 0.375626278807527
Punto[1.         0.62956064 0.60246905] -> F: 0.3744774123160788
Punto[1.         0.62845053 0.60234621] -> F: 0.37332410818332973
Punto[1.         0.62734042 0.60222337] -> F: 0.37216021722107456
Punto[1.         0.62623031 0.60210053] -> F: 0.37099857911789813
Punto[1.         0.6251202  0.60197769] -> F: 0.3698391938738003
Punto[1.         0.62401009 0.60185485] -> F: 0.36868206148878097
Punto[1.         0.62289998 0.60173202] -> F: 0.3675271819628405
Punto[1.         0.62178987 0.60160918] -> F: 0.3663745552959783
Punto[1.         0.62067976 0.60148634] -> F: 0.36522418148819474
Punto[1.         0.61956965 0.6013635 ] -> F: 0.36407606053948965
Punto[1.         0.61845954 0.60124066] -> F: 0.36293019244986335
Punto[1.         0.61734943 0.60111782] -> F: 0.36178657721931556
Punto[1.         0.61623932 0.60099498] -> F: 0.3606411951327312
Punto[1.         0.61512921 0.60087214] -> F: 0.35948545161401024
Best centerpoint:  [1.         0.65842351 0.60566289] Best F:  0.3932631794800603 Best u:  [-0.06279052  0.12508592 -0.99015699] índice:  11
{
  "seed": 2643,
  "n_per_z": 5,
  "nz": 100,
  "nd": 100,
  "n_muestras": 50,
  "best_f": 0.3932631794800603,
  "best_cp": [
    1.0,
    0.6584235122073023,
    0.6056628860629018
  ],
  "best_u": [
    -0.06279051952931353,
    0.1250859170575189,
    -0.9901569895784802
  ],
  "n_candidatos": 54
}
