Punto[0.         0.46595396 0.59934134] -> F: 0.15739497502524383
Punto[1.         0.56905917 0.45100606] -> F: 0.3792112889246403
Punto[2.         0.70082008 0.43463655] -> F: 0.10564665755329335
Punto[1.         0.58338702 0.51698895] -> F: 0.3906607301249819
Punto[1.         0.56934572 0.45232571] -> F: 0.3818153502230933
Punto[1.         0.56962655 0.45361898] -> F: 0.38436922267129975
Punto[1.         0.56990737 0.45491224] -> F: 0.38693099011479365
Punto[1.         0.5701882  0.45620551] -> F: 0.3895006525535754
Punto[1.         0.57046903 0.45749877] -> F: 0.39207820998764464
Punto[1.         0.57074985 0.45879204] -> F: 0.39461294379362
Punto[1.         0.57103068 0.4600853 ] -> F: 0.397146990740203
Punto[1.         0.5713115  0.46137857] -> F: 0.39968853238667074
Punto[1.         0.57159233 0.46267183] -> F: 0.40223756873302413
Punto[1.         0.57187316 0.4639651 ] -> F: 0.40479409977926245
Punto[1.         0.57215398 0.46525836] -> F: 0.40730878210185123
Punto[1.         0.57243481 0.46655162] -> F: 0.4098227045774165
Punto[1.         0.57271563 0.46784489] -> F: 0.412343758122847
Punto[1.         0.57299646 0.46913815] -> F: 0.414871942738143
Punto[1.         0.57327729 0.47043142] -> F: 0.4174072584233038
Punto[1.         0.57355811 0.47172468] -> F: 0.4198999912413299
Punto[1.         0.57383894 0.47301795] -> F: 0.4204672176167533
Punto[1.         0.57411976 0.47431121] -> F: 0.4196401544464835
Punto[1.         0.57440059 0.47560448] -> F: 0.41881438494941375
Punto[1.         0.57468142 0.47689774] -> F: 0.4179900424409959
Punto[1.         0.57496224 0.47819101] -> F: 0.4171671269212299
Punto[1.         0.57524307 0.47948427] -> F: 0.41633582607809655
Punto[1.         0.57552389 0.48077754] -> F: 0.4154955059508094
Punto[1.         0.57580472 0.4820708 ] -> F: 0.41465567706223355
Punto[1.         0.57608554 0.48336407] -> F: 0.4138163394123686
Punto[1.         0.57636637 0.48465733] -> F: 0.4129734956747296
Punto[1.         0.5766472  0.48595059] -> F: 0.4121198733880868
Punto[1.         0.57692802 0.48724386] -> F: 0.41126676040304344
Punto[1.         0.57720885 0.48853712] -> F: 0.4104141567195991
Punto[1.         0.57748967 0.48983039] -> F: 0.40955336855670654
Punto[1.         0.5777705  0.49112365] -> F: 0.40868673148259155
Punto[1.         0.57805133 0.49241692] -> F: 0.4078206218852917
Punto[1.         0.57833215 0.49371018] -> F: 0.40695503976480685
Punto[1.         0.57861298 0.49500345] -> F: 0.40607576633196624
Punto[1.         0.5788938  0.49629671] -> F: 0.40519636894331074
Punto[1.         0.57917463 0.49758998] -> F: 0.40431751734984495
Punto[1.         0.57945546 0.49888324] -> F: 0.4034335013872633
Punto[1.         0.57973628 0.50017651] -> F: 0.4025410025326815
Punto[1.         0.58001711 0.50146977] -> F: 0.4016490679670073
Punto[1.         0.58029793 0.50276304] -> F: 0.4007576976902406
Punto[1.         0.58057876 0.5040563 ] -> F: 0.39985422946627697
Punto[1.         0.58085959 0.50534956] -> F: 0.3989493678083151
Punto[1.         0.58114041 0.50664283] -> F: 0.398045089142055
Punto[1.         0.58142124 0.50793609] -> F: 0.3971358413307781
Punto[1.         0.58170206 0.50922936] -> F: 0.39621817870775533
Punto[1.         0.58198289 0.51052262] -> F: 0.39530111802381507
Punto[1.         0.58226371 0.51181589] -> F: 0.39438465927895683
Punto[1.         0.58254454 0.51310915] -> F: 0.3934553343925249
Punto[1.         0.58282537 0.51440242] -> F: 0.3925255889545002
Punto[1.         0.58310619 0.51569568] -> F: 0.3915964646850699
{
  "seed": 516,
  "n_per_z": 5,
  "nz": 100,
  "nd": 100,
  "n_muestras": 50,
  "best_f": 0.4204672176167533,
  "best_cp": [
    1.0,
    0.5738389374268766,
    0.4730179480526491
  ],
  "best_u": [
    0.9995065603657316,
    0.025411837900422948,
    0.01846278094943573
  ],
  "best_index": 20,
  "n_candidatos": 54
}
