Punto[0.         0.50240252 0.40888497] -> F: 0.1254152691011054
Punto[1.         0.55693575 0.5202408 ] -> F: 0.436059913811234
Punto[2.         0.60622232 0.58210989] -> F: 0.15779807423013487
Punto[1.         0.55431242 0.49549743] -> F: 0.42531244415744124
Punto[1.         0.55688328 0.51974593] -> F: 0.4366941627054577
Punto[1.         0.55683187 0.51926096] -> F: 0.43731596874995027
Punto[1.         0.55678045 0.51877599] -> F: 0.437938014476857
Punto[1.         0.55672903 0.51829102] -> F: 0.43856029988617823
Punto[1.         0.55667761 0.51780605] -> F: 0.43918282497791367
Punto[1.         0.5566262  0.51732108] -> F: 0.4398055897520633
Punto[1.         0.55657478 0.51683611] -> F: 0.440428594208627
Punto[1.         0.55652336 0.51635114] -> F: 0.44067547448997185
Punto[1.         0.55647195 0.51586617] -> F: 0.4403227028741101
Punto[1.         0.55642053 0.5153812 ] -> F: 0.4399813412302516
Punto[1.         0.55636911 0.51489623] -> F: 0.43963979839803696
Punto[1.         0.55631769 0.51441126] -> F: 0.4392980743774659
Punto[1.         0.55626628 0.51392629] -> F: 0.43895616916853875
Punto[1.         0.55621486 0.51344132] -> F: 0.4386140827712551
Punto[1.         0.55616344 0.51295635] -> F: 0.4382718151856151
Punto[1.         0.55611203 0.51247138] -> F: 0.43792936641161884
Punto[1.         0.55606061 0.51198641] -> F: 0.43758673644926627
Punto[1.         0.55600919 0.51150144] -> F: 0.43724392529855743
Punto[1.         0.55595777 0.51101647] -> F: 0.4369009329594922
Punto[1.         0.55590636 0.5105315 ] -> F: 0.4365577594320706
Punto[1.         0.55585494 0.51004653] -> F: 0.43621440471629275
Punto[1.         0.55580352 0.50956156] -> F: 0.43587086881215864
Punto[1.         0.55575211 0.50907659] -> F: 0.43552715171966805
Punto[1.         0.55570069 0.50859162] -> F: 0.4351832534388213
Punto[1.         0.55564927 0.50810665] -> F: 0.43483917396961824
Punto[1.         0.55559785 0.50762168] -> F: 0.43449491331205864
Punto[1.         0.55554644 0.50713671] -> F: 0.4341504714661429
Punto[1.         0.55549502 0.50665174] -> F: 0.43379594755530576
Punto[1.         0.5554436  0.50616677] -> F: 0.4334271369315798
Punto[1.         0.55539218 0.5056818 ] -> F: 0.4330638835176928
Punto[1.         0.55534077 0.50519683] -> F: 0.43270618731364546
Punto[1.         0.55528935 0.50471186] -> F: 0.4323540483194373
Punto[1.         0.55523793 0.50422689] -> F: 0.4320055070553247
Punto[1.         0.55518652 0.50374192] -> F: 0.4316568643270227
Punto[1.         0.5551351  0.50325695] -> F: 0.43130803302287835
Punto[1.         0.55508368 0.50277198] -> F: 0.43095901314289164
Punto[1.         0.55503226 0.50228701] -> F: 0.4306098046870627
Punto[1.         0.55498085 0.50180204] -> F: 0.4302604076553914
Punto[1.         0.55492943 0.50131707] -> F: 0.429910822047878
Punto[1.         0.55487801 0.5008321 ] -> F: 0.42956104786452204
Punto[1.         0.5548266  0.50034713] -> F: 0.42921108510532385
Punto[1.         0.55477518 0.49986216] -> F: 0.4288609337702835
Punto[1.         0.55472376 0.49937719] -> F: 0.4285105938594007
Punto[1.         0.55467234 0.49889222] -> F: 0.4281600653726757
Punto[1.         0.55462093 0.49840725] -> F: 0.4278093483101083
Punto[1.         0.55456951 0.49792228] -> F: 0.4274584426716987
Punto[1.         0.55451809 0.49743731] -> F: 0.42710734845744663
Punto[1.         0.55446668 0.49695234] -> F: 0.4267560656673524
Punto[1.         0.55441526 0.49646737] -> F: 0.4264045943014157
Punto[1.         0.55436384 0.4959824 ] -> F: 0.42591016588847075
{
  "seed": 754,
  "n_per_z": 10,
  "nz": 100,
  "nd": 100,
  "n_muestras": 50,
  "best_f": 0.44067547448997185,
  "best_cp": [
    1.0,
    0.5565233632794094,
    0.5163511400872031
  ],
  "best_u": [
    -0.2181432413965427,
    -0.3305800142716505,
    -0.9182213134082464
  ],
  "best_index": 11,
  "n_candidatos": 54
}
