Punto[0.         0.37778598 0.60266542] -> F: 0.11450934254709255
Punto[1.         0.45838989 0.42890205] -> F: 0.31496312774227536
Punto[2.         0.44075023 0.52492585] -> F: 0.10932059440418593
Punto[1.         0.40926811 0.56379563] -> F: 0.3673190360877541
Punto[1.         0.45740746 0.43159992] -> F: 0.32021778451149385
Punto[1.         0.45644467 0.43424384] -> F: 0.32553526308429753
Punto[1.         0.45548188 0.43688775] -> F: 0.3309244649197555
Punto[1.         0.4545191  0.43953167] -> F: 0.3362719989527226
Punto[1.         0.45355631 0.44217558] -> F: 0.3417554695420853
Punto[1.         0.45259352 0.4448195 ] -> F: 0.3472677670779056
Punto[1.         0.45163074 0.44746341] -> F: 0.3527573227436661
Punto[1.         0.45066795 0.45010732] -> F: 0.35834958740349054
Punto[1.         0.44970516 0.45275124] -> F: 0.36404456105737915
Punto[1.         0.44874237 0.45539515] -> F: 0.3696807437786483
Punto[1.         0.44777959 0.45803907] -> F: 0.37536403115518513
Punto[1.         0.4468168  0.46068298] -> F: 0.3811308584885051
Punto[1.         0.44585401 0.4633269 ] -> F: 0.38698122577860916
Punto[1.         0.44489123 0.46597081] -> F: 0.3928429020075378
Punto[1.         0.44392844 0.46861472] -> F: 0.39868872774993735
Punto[1.         0.44296565 0.47125864] -> F: 0.40460735815329424
Punto[1.         0.44200287 0.47390255] -> F: 0.4105036155200861
Punto[1.         0.44104008 0.47654647] -> F: 0.41636656941886346
Punto[1.         0.44007729 0.47919038] -> F: 0.42228751075619236
Punto[1.         0.4391145  0.48183429] -> F: 0.42826643953207233
Punto[1.         0.43815172 0.48447821] -> F: 0.43279495312361577
Punto[1.         0.43718893 0.48712212] -> F: 0.4306282597912091
Punto[1.         0.43622614 0.48976604] -> F: 0.4284572991844799
Punto[1.         0.43526336 0.49240995] -> F: 0.4262929700639953
Punto[1.         0.43430057 0.49505387] -> F: 0.4241352724297552
Punto[1.         0.43333778 0.49769778] -> F: 0.42198257278458207
Punto[1.         0.43237499 0.50034169] -> F: 0.41981267350893886
Punto[1.         0.43141221 0.50298561] -> F: 0.41764956443077983
Punto[1.         0.43044942 0.50562952] -> F: 0.41549324555010503
Punto[1.         0.42948663 0.50827344] -> F: 0.4133437168669146
Punto[1.         0.42852385 0.51091735] -> F: 0.4112016036242004
Punto[1.         0.42756106 0.51356126] -> F: 0.40905091794402343
Punto[1.         0.42659827 0.51620518] -> F: 0.4069062799832832
Punto[1.         0.42563549 0.51884909] -> F: 0.4047701559769461
Punto[1.         0.4246727  0.52149301] -> F: 0.4026425459250126
Punto[1.         0.42370991 0.52413692] -> F: 0.40052346748677936
Punto[1.         0.42274712 0.52678084] -> F: 0.39841470523019756
Punto[1.         0.42178434 0.52942475] -> F: 0.39631301918289885
Punto[1.         0.42082155 0.53206866] -> F: 0.39419987046973615
Punto[1.         0.41985876 0.53471258] -> F: 0.3920954320890926
Punto[1.         0.41889598 0.53735649] -> F: 0.390001702074343
Punto[1.         0.41793319 0.54000041] -> F: 0.38791982901918254
Punto[1.         0.4169704  0.54264432] -> F: 0.3858498129236114
Punto[1.         0.41600762 0.54528824] -> F: 0.38378030295189003
Punto[1.         0.41504483 0.54793215] -> F: 0.38170165629143815
Punto[1.         0.41408204 0.55057606] -> F: 0.37963524629305007
Punto[1.         0.41311925 0.55321998] -> F: 0.37758107295672616
Punto[1.         0.41215647 0.55586389] -> F: 0.3755391362824657
Punto[1.         0.41119368 0.55850781] -> F: 0.3735094362702692
Punto[1.         0.41023089 0.56115172] -> F: 0.3714607650477866
Best centerpoint:  [1.         0.43815172 0.48447821] Best F:  0.43279495312361577 Best u:  [ 0.99950656 -0.01683073  0.02652098] índice:  21
{
  "seed": 19375,
  "n_per_z": 5,
  "nz": 100,
  "nd": 100,
  "n_muestras": 50,
  "best_f": 0.43279495312361577,
  "best_cp": [
    1.0,
    0.4381517169734368,
    0.4844782087298444
  ],
  "best_u": [
    0.9995065603657316,
    -0.016830726364690914,
    0.026520981050879643
  ],
  "n_candidatos": 54
}
