Punto[0.         0.49586087 0.50569282] -> F: 0.1643544442493969
Punto[1.         0.50961597 0.48847107] -> F: 0.4406721872519326
Punto[2.         0.46911703 0.46639941] -> F: 0.12008532811496647
Punto[1.         0.48248895 0.48604611] -> F: 0.43386857302350235
Punto[1.         0.50907343 0.48842257] -> F: 0.44126103279807877
Punto[1.         0.50854174 0.48837505] -> F: 0.4418428741838157
Punto[1.         0.50801005 0.48832752] -> F: 0.44242479339954727
Punto[1.         0.50747836 0.48827999] -> F: 0.443006790445273
Punto[1.         0.50694667 0.48823246] -> F: 0.44358886532099334
Punto[1.         0.50641498 0.48818493] -> F: 0.44417101802670794
Punto[1.         0.50588329 0.4881374 ] -> F: 0.44475324856241705
Punto[1.         0.5053516  0.48808987] -> F: 0.4453355569281206
Punto[1.         0.50481991 0.48804234] -> F: 0.44591794312381833
Punto[1.         0.50428822 0.48799481] -> F: 0.44650040714951045
Punto[1.         0.50375653 0.48794728] -> F: 0.44708294900519713
Punto[1.         0.50322484 0.48789975] -> F: 0.44766556869087826
Punto[1.         0.50269315 0.48785222] -> F: 0.4475423724448101
Punto[1.         0.50216146 0.48780469] -> F: 0.44721484784418103
Punto[1.         0.50162977 0.48775717] -> F: 0.44688780069709455
Punto[1.         0.50109809 0.48770964] -> F: 0.4465612310035511
Punto[1.         0.5005664  0.48766211] -> F: 0.4462351387635503
Punto[1.         0.50003471 0.48761458] -> F: 0.4459095239770924
Punto[1.         0.49950302 0.48756705] -> F: 0.44558438664417704
Punto[1.         0.49897133 0.48751952] -> F: 0.4452597267648046
Punto[1.         0.49843964 0.48747199] -> F: 0.44493554433897503
Punto[1.         0.49790795 0.48742446] -> F: 0.444611839366688
Punto[1.         0.49737626 0.48737693] -> F: 0.4442886118479439
Punto[1.         0.49684457 0.4873294 ] -> F: 0.44393706341012934
Punto[1.         0.49631288 0.48728187] -> F: 0.4435579741135831
Punto[1.         0.49578119 0.48723434] -> F: 0.4431794341946697
Punto[1.         0.4952495  0.48718682] -> F: 0.44280144365338914
Punto[1.         0.49471781 0.48713929] -> F: 0.4424240024897415
Punto[1.         0.49418612 0.48709176] -> F: 0.4420471107037267
Punto[1.         0.49365443 0.48704423] -> F: 0.44167076829534485
Punto[1.         0.49312274 0.4869967 ] -> F: 0.4412949752645958
Punto[1.         0.49259105 0.48694917] -> F: 0.4409197316114797
Punto[1.         0.49205936 0.48690164] -> F: 0.44054503733599637
Punto[1.         0.49152767 0.48685411] -> F: 0.44017089243814594
Punto[1.         0.49099598 0.48680658] -> F: 0.4397972969179285
Punto[1.         0.49046429 0.48675905] -> F: 0.43942326386035374
Punto[1.         0.4899326  0.48671152] -> F: 0.4390484386535338
Punto[1.         0.48940091 0.48666399] -> F: 0.43867425808733707
Punto[1.         0.48886922 0.48661646] -> F: 0.43830072216176386
Punto[1.         0.48833754 0.48656894] -> F: 0.43792783087681386
Punto[1.         0.48780585 0.48652141] -> F: 0.4375555842324871
Punto[1.         0.48727416 0.48647388] -> F: 0.43718398222878374
Punto[1.         0.48674247 0.48642635] -> F: 0.4368130248657038
Punto[1.         0.48621078 0.48637882] -> F: 0.436442712143247
Punto[1.         0.48567909 0.48633129] -> F: 0.4360730440614135
Punto[1.         0.4851474  0.48628376] -> F: 0.43570402062020336
Punto[1.         0.48461571 0.48623623] -> F: 0.4353356418196165
Punto[1.         0.48408402 0.4861887 ] -> F: 0.43496790765965304
Punto[1.         0.48355233 0.48614117] -> F: 0.4346008181403128
Punto[1.         0.48302064 0.48609364] -> F: 0.4342343732615958
{
  "seed": 5559,
  "n_per_z": 10,
  "nz": 100,
  "nd": 100,
  "n_muestras": 50,
  "best_f": 0.44766556869087826,
  "best_cp": [
    1.0,
    0.5032248436661523,
    0.4878997531863585
  ],
  "best_u": [
    0.3681245526846781,
    0.8533066707761395,
    0.3692587701323379
  ],
  "best_index": 15,
  "n_candidatos": 54
}
