Punto[0.         0.47250467 0.33098113] -> F: 0.13047027188103175
Punto[1.         0.49233109 0.47578789] -> F: 0.45655276267682066
Punto[2.         0.48906846 0.61709956] -> F: 0.12335644733429275
Punto[1.         0.48078657 0.47404035] -> F: 0.4437141544354632
Punto[1.         0.4921002  0.47575294] -> F: 0.45629546316910335
Punto[1.         0.49187392 0.47571869] -> F: 0.4560433756516121
Punto[1.         0.49164765 0.47568444] -> F: 0.4557913534675244
Punto[1.         0.49142138 0.47565019] -> F: 0.45553939661684123
Punto[1.         0.49119511 0.47561594] -> F: 0.4552875050995619
Punto[1.         0.49096883 0.47558168] -> F: 0.45503567891568647
Punto[1.         0.49074256 0.47554743] -> F: 0.45478391806521523
Punto[1.         0.49051629 0.47551318] -> F: 0.45453222254814774
Punto[1.         0.49029002 0.47547893] -> F: 0.45428059236448465
Punto[1.         0.49006374 0.47544468] -> F: 0.4540290275142253
Punto[1.         0.48983747 0.47541042] -> F: 0.45377752799737003
Punto[1.         0.4896112  0.47537617] -> F: 0.45352609381391884
Punto[1.         0.48938493 0.47534192] -> F: 0.4532747249638717
Punto[1.         0.48915865 0.47530767] -> F: 0.4530234214472285
Punto[1.         0.48893238 0.47527342] -> F: 0.45277218326398944
Punto[1.         0.48870611 0.47523916] -> F: 0.45252101041415427
Punto[1.         0.48847983 0.47520491] -> F: 0.45226990289772323
Punto[1.         0.48825356 0.47517066] -> F: 0.4520188607146962
Punto[1.         0.48802729 0.47513641] -> F: 0.45176788386507305
Punto[1.         0.48780102 0.47510216] -> F: 0.45151697234885396
Punto[1.         0.48757474 0.4750679 ] -> F: 0.451266126166039
Punto[1.         0.48734847 0.47503365] -> F: 0.45101534531662796
Punto[1.        0.4871222 0.4749994] -> F: 0.450764629800621
Punto[1.         0.48689593 0.47496515] -> F: 0.4505139796180181
Punto[1.         0.48666965 0.4749309 ] -> F: 0.45026339476881927
Punto[1.         0.48644338 0.47489664] -> F: 0.45001287525302425
Punto[1.         0.48621711 0.47486239] -> F: 0.44976242107063336
Punto[1.         0.48599084 0.47482814] -> F: 0.4495107651653339
Punto[1.         0.48576456 0.47479389] -> F: 0.44925792788123337
Punto[1.         0.48553829 0.47475964] -> F: 0.44900516429991744
Punto[1.         0.48531202 0.47472538] -> F: 0.44875247442138555
Punto[1.         0.48508575 0.47469113] -> F: 0.4484998582456381
Punto[1.         0.48485947 0.47465688] -> F: 0.4482473157726752
Punto[1.         0.4846332  0.47462263] -> F: 0.4479948470024965
Punto[1.         0.48440693 0.47458838] -> F: 0.4477424519351021
Punto[1.         0.48418065 0.47455413] -> F: 0.44749013057049203
Punto[1.         0.48395438 0.47451987] -> F: 0.4472378829086665
Punto[1.         0.48372811 0.47448562] -> F: 0.446985708949625
Punto[1.         0.48350184 0.47445137] -> F: 0.44673360869336803
Punto[1.         0.48327556 0.47441712] -> F: 0.4464815821398954
Punto[1.         0.48304929 0.47438287] -> F: 0.4462296292892071
Punto[1.         0.48282302 0.47434861] -> F: 0.4459777501413031
Punto[1.         0.48259675 0.47431436] -> F: 0.44572594469618354
Punto[1.         0.48237047 0.47428011] -> F: 0.44547421295384826
Punto[1.         0.4821442  0.47424586] -> F: 0.4452225549142974
Punto[1.         0.48191793 0.47421161] -> F: 0.4449709705775307
Punto[1.         0.48169166 0.47417735] -> F: 0.4447194599435486
Punto[1.         0.48146538 0.4741431 ] -> F: 0.44446802301235067
Punto[1.         0.48123911 0.47410885] -> F: 0.4442166597839372
Punto[1.         0.48101284 0.4740746 ] -> F: 0.44396537025830796
{
  "seed": 41,
  "n_per_z": 10,
  "nz": 100,
  "nd": 100,
  "n_muestras": 50,
  "best_f": 0.45655276267682066,
  "best_cp": [
    1.0,
    0.492331087165713,
    0.47578789381087394
  ],
  "best_u": [
    0.3090169943749471,
    -0.6062262390933466,
    -0.7328016404336241
  ],
  "best_index": 1,
  "n_candidatos": 54
}
