Punto[0.         0.52231307 0.4603937 ] -> F: 0.17805724440184456
Punto[1.         0.52745343 0.4815111 ] -> F: 0.41998729313771577
Punto[2.         0.55547603 0.56322671] -> F: 0.10785476419841825
Punto[1.         0.53889455 0.5118102 ] -> F: 0.40635244934104375
Punto[1.         0.52768225 0.48211708] -> F: 0.42059322832611495
Punto[1.         0.52790649 0.48271095] -> F: 0.4211704444187339
Punto[1.         0.52813074 0.48330481] -> F: 0.42174879086711337
Punto[1.         0.52835499 0.48389867] -> F: 0.42210535188725595
Punto[1.         0.52857923 0.48449253] -> F: 0.42177271565994934
Punto[1.         0.52880348 0.4850864 ] -> F: 0.4214401931622021
Punto[1.         0.52902772 0.48568026] -> F: 0.42110778439401453
Punto[1.         0.52925197 0.48627412] -> F: 0.4207754893553865
Punto[1.         0.52947622 0.48686798] -> F: 0.42044330804631797
Punto[1.         0.52970046 0.48746185] -> F: 0.42011124046680903
Punto[1.         0.52992471 0.48805571] -> F: 0.4197785862091193
Punto[1.         0.53014895 0.48864957] -> F: 0.41944287251582696
Punto[1.         0.5303732  0.48924343] -> F: 0.4191072752233574
Punto[1.         0.53059745 0.48983729] -> F: 0.41877179433171086
Punto[1.         0.53082169 0.49043116] -> F: 0.4184364298408871
Punto[1.         0.53104594 0.49102502] -> F: 0.4181011817508862
Punto[1.         0.53127019 0.49161888] -> F: 0.4177660500617081
Punto[1.         0.53149443 0.49221274] -> F: 0.4174310347733529
Punto[1.         0.53171868 0.49280661] -> F: 0.4170961358858207
Punto[1.         0.53194292 0.49340047] -> F: 0.4167613533991113
Punto[1.         0.53216717 0.49399433] -> F: 0.4164266873132247
Punto[1.         0.53239142 0.49458819] -> F: 0.4160921376281609
Punto[1.         0.53261566 0.49518206] -> F: 0.4157577043439202
Punto[1.         0.53283991 0.49577592] -> F: 0.4154233874605021
Punto[1.         0.53306415 0.49636978] -> F: 0.4150891869779071
Punto[1.         0.5332884  0.49696364] -> F: 0.41475493684067155
Punto[1.         0.53351265 0.49755751] -> F: 0.4144174275397583
Punto[1.         0.53373689 0.49815137] -> F: 0.41408006918754753
Punto[1.         0.53396114 0.49874523] -> F: 0.4137428617840393
Punto[1.         0.53418538 0.49933909] -> F: 0.4134058053292337
Punto[1.         0.53440963 0.49993296] -> F: 0.41306889982313066
Punto[1.         0.53463388 0.50052682] -> F: 0.41273214526573015
Punto[1.         0.53485812 0.50112068] -> F: 0.4123955416570321
Punto[1.         0.53508237 0.50171454] -> F: 0.41205908899703675
Punto[1.         0.53530661 0.50230841] -> F: 0.41172278728574396
Punto[1.         0.53553086 0.50290227] -> F: 0.41138663652315355
Punto[1.         0.53575511 0.50349613] -> F: 0.41105063670926584
Punto[1.         0.53597935 0.50408999] -> F: 0.4107147878440806
Punto[1.         0.5362036  0.50468386] -> F: 0.410379089927598
Punto[1.         0.53642784 0.50527772] -> F: 0.410043542959818
Punto[1.         0.53665209 0.50587158] -> F: 0.4097081469407405
Punto[1.         0.53687634 0.50646544] -> F: 0.4093729018703655
Punto[1.         0.53710058 0.5070593 ] -> F: 0.4090378077486931
Punto[1.         0.53732483 0.50765317] -> F: 0.40870286457572325
Punto[1.         0.53754907 0.50824703] -> F: 0.408368072351456
Punto[1.         0.53777332 0.50884089] -> F: 0.40803343107589124
Punto[1.         0.53799757 0.50943475] -> F: 0.40769894074902907
Punto[1.         0.53822181 0.51002862] -> F: 0.40736440276786967
Punto[1.         0.53844606 0.51062248] -> F: 0.40702693102882986
Punto[1.         0.5386703  0.51121634] -> F: 0.40668961321988784
{
  "seed": 8410,
  "n_per_z": 10,
  "nz": 100,
  "nd": 100,
  "n_muestras": 50,
  "best_f": 0.42210535188725595,
  "best_cp": [
    1.0,
    0.5283549865418289,
    0.4838986706250173
  ],
  "best_u": [
    0.9995065603657316,
    0.015132248592212108,
    0.027525458005412257
  ],
  "best_index": 7,
  "n_candidatos": 54
}
