Punto[0.         0.4608134  0.44850622] -> F: 0.09808892830005612
Punto[1.         0.55853913 0.53131955] -> F: 0.4241394934750035
Punto[2.         0.56649711 0.67479212] -> F: 0.14575346065074476
Punto[1.         0.51365525 0.56164917] -> F: 0.41241752952907457
Punto[1.         0.55764145 0.53192614] -> F: 0.4251079850757411
Punto[1.         0.55676173 0.5325206 ] -> F: 0.42605693964013014
Punto[1.         0.555882   0.53311506] -> F: 0.42700798350723895
Punto[1.         0.55500228 0.53370952] -> F: 0.4279935866593333
Punto[1.         0.55412255 0.53430398] -> F: 0.4290243801488025
Punto[1.         0.55324283 0.53489844] -> F: 0.4301003639756464
Punto[1.         0.55236311 0.5354929 ] -> F: 0.4312215381398651
Punto[1.         0.55148338 0.53608737] -> F: 0.43238790264145854
Punto[1.         0.55060366 0.53668183] -> F: 0.4325587092710589
Punto[1.         0.54972393 0.53727629] -> F: 0.43211598231238724
Punto[1.         0.54884421 0.53787075] -> F: 0.43167348725191507
Punto[1.         0.54796449 0.53846521] -> F: 0.4312291561407162
Punto[1.         0.54708476 0.53905967] -> F: 0.4307767767621775
Punto[1.         0.54620504 0.53965413] -> F: 0.4303246402707495
Punto[1.         0.54532531 0.54024859] -> F: 0.42987274666643194
Punto[1.         0.54444559 0.54084305] -> F: 0.42942109594922506
Punto[1.         0.54356587 0.54143751] -> F: 0.4289685945983939
Punto[1.         0.54268614 0.54203197] -> F: 0.4285072981694916
Punto[1.         0.54180642 0.54262643] -> F: 0.4280462556625988
Punto[1.         0.54092669 0.54322089] -> F: 0.42758546707771566
Punto[1.         0.54004697 0.54381535] -> F: 0.427124932414842
Punto[1.         0.53916725 0.54440981] -> F: 0.42666321355908066
Punto[1.         0.53828752 0.54500427] -> F: 0.42619324589911656
Punto[1.         0.5374078  0.54559873] -> F: 0.4257235432579457
Punto[1.         0.53652808 0.54619319] -> F: 0.42525410563556826
Punto[1.         0.53564835 0.54678765] -> F: 0.42478493303198406
Punto[1.         0.53476863 0.54738212] -> F: 0.4243131343037015
Punto[1.         0.5338889  0.54797658] -> F: 0.4238347172721329
Punto[1.         0.53300918 0.54857104] -> F: 0.4233565764348099
Punto[1.         0.53212946 0.5491655 ] -> F: 0.42287871179173236
Punto[1.         0.53124973 0.54975996] -> F: 0.42240112334290036
Punto[1.         0.53037001 0.55035442] -> F: 0.42191853175889954
Punto[1.         0.52949028 0.55094888] -> F: 0.421431864781601
Punto[1.         0.52861056 0.55154334] -> F: 0.42094548527038245
Punto[1.         0.52773084 0.5521378 ] -> F: 0.42045939322524395
Punto[1.         0.52685111 0.55273226] -> F: 0.4199735886461853
Punto[1.         0.52597139 0.55332672] -> F: 0.41947961185686705
Punto[1.         0.52509166 0.55392118] -> F: 0.4189848732156519
Punto[1.         0.52421194 0.55451564] -> F: 0.418490433427444
Punto[1.         0.52333222 0.5551101 ] -> F: 0.41799629249224324
Punto[1.         0.52245249 0.55570456] -> F: 0.41749955584463483
Punto[1.         0.52157277 0.55629902] -> F: 0.41699659338011974
Punto[1.         0.52069304 0.55689348] -> F: 0.41649394129043105
Punto[1.         0.51981332 0.55748794] -> F: 0.41599159957556847
Punto[1.        0.5189336 0.5580824] -> F: 0.4154895682355324
Punto[1.         0.51805387 0.55867686] -> F: 0.4149804419109919
Punto[1.         0.51717415 0.55927133] -> F: 0.41446969335505984
Punto[1.         0.51629443 0.55986579] -> F: 0.41395926685166745
Punto[1.         0.5154147  0.56046025] -> F: 0.41344916240081464
Punto[1.         0.51453498 0.56105471] -> F: 0.4129362776998571
{
  "seed": 4277,
  "n_per_z": 10,
  "nz": 100,
  "nd": 100,
  "n_muestras": 50,
  "best_f": 0.4325587092710589,
  "best_cp": [
    1.0,
    0.550603658036037,
    0.5366818259064223
  ],
  "best_u": [
    -0.9995065603657316,
    -0.030423932321343345,
    -0.007811538130902163
  ],
  "best_index": 12,
  "n_candidatos": 54
}
