Punto[0.         0.5087118  0.81113236] -> F: 0.06140901061959976
Punto[1.         0.51905377 0.56976485] -> F: 0.38130469055649835
Punto[2.         0.48721368 0.44800499] -> F: 0.146207793880095
Punto[1.         0.49796274 0.62956867] -> F: 0.3416430941258214
Punto[1.         0.51863195 0.57096093] -> F: 0.3805955112627768
Punto[1.         0.51821857 0.57213309] -> F: 0.3799009274544508
Punto[1.         0.51780518 0.57330524] -> F: 0.3792067513850448
Punto[1.        0.5173918 0.5744774] -> F: 0.3785129830545582
Punto[1.         0.51697842 0.57564955] -> F: 0.377797758031302
Punto[1.         0.51656503 0.57682171] -> F: 0.3770658519874183
Punto[1.         0.51615165 0.57799386] -> F: 0.3763344005060203
Punto[1.         0.51573826 0.57916601] -> F: 0.3756034035871074
Punto[1.         0.51532488 0.58033817] -> F: 0.37487286123068
Punto[1.         0.51491149 0.58151032] -> F: 0.3741427734367375
Punto[1.         0.51449811 0.58268248] -> F: 0.37341314020528027
Punto[1.         0.51408473 0.58385463] -> F: 0.3726839615363087
Punto[1.         0.51367134 0.58502679] -> F: 0.3719552374298223
Punto[1.         0.51325796 0.58619894] -> F: 0.3712269678858209
Punto[1.         0.51284457 0.5873711 ] -> F: 0.3704991529043052
Punto[1.         0.51243119 0.58854325] -> F: 0.3697717924852743
Punto[1.         0.51201781 0.58971541] -> F: 0.36904488662872903
Punto[1.         0.51160442 0.59088756] -> F: 0.36831843533466896
Punto[1.         0.51119104 0.59205972] -> F: 0.36759243860309404
Punto[1.         0.51077765 0.59323187] -> F: 0.3668477982933111
Punto[1.         0.51036427 0.59440403] -> F: 0.3660810581834442
Punto[1.         0.50995088 0.59557618] -> F: 0.36531541186797706
Punto[1.         0.5095375  0.59674834] -> F: 0.3645508593469098
Punto[1.         0.50912412 0.59792049] -> F: 0.3637874006202422
Punto[1.         0.50871073 0.59909265] -> F: 0.3630250356879743
Punto[1.         0.50829735 0.6002648 ] -> F: 0.36226364973356784
Punto[1.         0.50788396 0.60143696] -> F: 0.3615028098572932
Punto[1.         0.50747058 0.60260911] -> F: 0.360585769981529
Punto[1.         0.50705719 0.60378127] -> F: 0.35967568199079886
Punto[1.         0.50664381 0.60495342] -> F: 0.3587766403650306
Punto[1.         0.50623043 0.60612558] -> F: 0.3578886451042241
Punto[1.         0.50581704 0.60729773] -> F: 0.3570116962083794
Punto[1.         0.50540366 0.60846989] -> F: 0.3561457936774968
Punto[1.         0.50499027 0.60964204] -> F: 0.35529093751157603
Punto[1.         0.50457689 0.6108142 ] -> F: 0.35444712771061665
Punto[1.         0.5041635  0.61198635] -> F: 0.3536143642746195
Punto[1.         0.50375012 0.61315851] -> F: 0.3527926472035843
Punto[1.         0.50333674 0.61433066] -> F: 0.3519819764975107
Punto[1.         0.50292335 0.61550282] -> F: 0.351182352156399
Punto[1.         0.50250997 0.61667497] -> F: 0.35039360154169935
Punto[1.         0.50209658 0.61784713] -> F: 0.34960889113700633
Punto[1.         0.5016832  0.61901928] -> F: 0.3488246852016305
Punto[1.         0.50126981 0.62019144] -> F: 0.34804098373557235
Punto[1.         0.50085643 0.62136359] -> F: 0.3472577867388311
Punto[1.         0.50044305 0.62253575] -> F: 0.34647509421140726
Punto[1.         0.50002966 0.6237079 ] -> F: 0.34569290615330056
Punto[1.         0.49961628 0.62488006] -> F: 0.34491122256451107
Punto[1.         0.49920289 0.62605221] -> F: 0.3441077103471535
Punto[1.         0.49878951 0.62722436] -> F: 0.3432856135720708
Punto[1.         0.49837612 0.62839652] -> F: 0.34246407483162683
Best centerpoint:  [1.         0.51905377 0.56976485] Best F:  0.38130469055649835 Best u:  [-0.12533323  0.70153103  0.70153103] índice:  1
{
  "seed": 10481,
  "n_per_z": 5,
  "nz": 100,
  "nd": 100,
  "n_muestras": 50,
  "best_f": 0.38130469055649835,
  "best_cp": [
    1.0,
    0.5190537742215361,
    0.5697648544187819
  ],
  "best_u": [
    -0.12533323356430415,
    0.7015310330143335,
    0.7015310330143334
  ],
  "n_candidatos": 54
}
