Punto[0.         0.43649001 0.52348329] -> F: 0.14445634366683652
Punto[1.         0.48770708 0.5043007 ] -> F: 0.4401803978923666
Punto[2.         0.48480931 0.43881948] -> F: 0.13951135824271982
Punto[1.         0.46064966 0.48115138] -> F: 0.4581545668631981
Punto[1.         0.48716593 0.50383772] -> F: 0.44122459063899305
Punto[1.         0.4866356  0.50338399] -> F: 0.4422494222053476
Punto[1.         0.48610528 0.50293026] -> F: 0.4432757610658107
Punto[1.         0.48557495 0.50247654] -> F: 0.4443036072203817
Punto[1.         0.48504463 0.50202281] -> F: 0.4453329606690614
Punto[1.         0.4845143  0.50156908] -> F: 0.4463638214118494
Punto[1.         0.48398398 0.50111536] -> F: 0.4473961894487458
Punto[1.         0.48345365 0.50066163] -> F: 0.44843006477975056
Punto[1.         0.48292333 0.5002079 ] -> F: 0.44946544740486377
Punto[1.         0.482393   0.49975418] -> F: 0.45050233732408546
Punto[1.         0.48186267 0.49930045] -> F: 0.4515407345374152
Punto[1.         0.48133235 0.49884672] -> F: 0.4525806390448537
Punto[1.         0.48080202 0.498393  ] -> F: 0.4536220508464004
Punto[1.         0.4802717  0.49793927] -> F: 0.4546649699420556
Punto[1.         0.47974137 0.49748554] -> F: 0.45570939633181906
Punto[1.         0.47921105 0.49703182] -> F: 0.45675533001569096
Punto[1.         0.47868072 0.49657809] -> F: 0.4578027709936713
Punto[1.         0.4781504  0.49612436] -> F: 0.4588517192657599
Punto[1.         0.47762007 0.49567063] -> F: 0.4599021748319571
Punto[1.         0.47708975 0.49521691] -> F: 0.4609541376922625
Punto[1.         0.47655942 0.49476318] -> F: 0.4620076078466764
Punto[1.         0.4760291  0.49430945] -> F: 0.46306258529519856
Punto[1.         0.47549877 0.49385573] -> F: 0.4641190700378291
Punto[1.         0.47496844 0.493402  ] -> F: 0.46517706207456816
Punto[1.         0.47443812 0.49294827] -> F: 0.46623656140541553
Punto[1.         0.47390779 0.49249455] -> F: 0.4672975680303712
Punto[1.         0.47337747 0.49204082] -> F: 0.4683600819494354
Punto[1.         0.47284714 0.49158709] -> F: 0.4694241031626079
Punto[1.         0.47231682 0.49113337] -> F: 0.4700104626843382
Punto[1.         0.47178649 0.49067964] -> F: 0.46994618497754653
Punto[1.         0.47125617 0.49022591] -> F: 0.46988191100670473
Punto[1.         0.47072584 0.48977219] -> F: 0.46981764077181287
Punto[1.         0.47019552 0.48931846] -> F: 0.469739016358245
Punto[1.         0.46966519 0.48886473] -> F: 0.4696515259428184
Punto[1.         0.46913486 0.48841101] -> F: 0.4695640611890851
Punto[1.         0.46860454 0.48795728] -> F: 0.46947662209704516
Punto[1.         0.46807421 0.48750355] -> F: 0.46915165296854056
Punto[1.         0.46754389 0.48704983] -> F: 0.4683727717822132
Punto[1.         0.46701356 0.4865961 ] -> F: 0.4675945103899612
Punto[1.         0.46648324 0.48614237] -> F: 0.46681686879178474
Punto[1.         0.46595291 0.48568865] -> F: 0.46603984698768364
Punto[1.         0.46542259 0.48523492] -> F: 0.4652634449776579
Punto[1.         0.46489226 0.48478119] -> F: 0.4644876627617075
Punto[1.         0.46436194 0.48432747] -> F: 0.46371250033983247
Punto[1.         0.46383161 0.48387374] -> F: 0.46293795771203294
Punto[1.         0.46330129 0.48342001] -> F: 0.4621640348783087
Punto[1.         0.46277096 0.48296629] -> F: 0.46139073183865986
Punto[1.         0.46224063 0.48251256] -> F: 0.46061804859308647
Punto[1.         0.46171031 0.48205883] -> F: 0.4597995413312034
Punto[1.         0.46117998 0.48160511] -> F: 0.4589767478283977
{
  "seed": 14235,
  "n_per_z": 10,
  "nz": 100,
  "nd": 100,
  "n_muestras": 50,
  "best_f": 0.4700104626843382,
  "best_cp": [
    1.0,
    0.4723168171431621,
    0.49113336791626067
  ],
  "best_u": [
    0.24868988716485485,
    0.5693188977302335,
    -0.7836002378184705
  ],
  "best_index": 32,
  "n_candidatos": 54
}
