Punto[0.         0.53771603 0.5874876 ] -> F: 0.14442637329812644
Punto[1.         0.53453084 0.53278696] -> F: 0.4680346491314616
Punto[2.         0.53332702 0.50724505] -> F: 0.15864616552522876
Punto[1.         0.53552153 0.54736633] -> F: 0.47059967391118146
Punto[1.         0.53455065 0.53307855] -> F: 0.4683814591416791
Punto[1.         0.53457007 0.5333643 ] -> F: 0.46872140152570696
Punto[1.         0.53458949 0.53365006] -> F: 0.4690614117910827
Punto[1.         0.53460891 0.53393581] -> F: 0.469401489937806
Punto[1.         0.53462832 0.53422157] -> F: 0.46974163596587726
Punto[1.         0.53464774 0.53450732] -> F: 0.47008184987529616
Punto[1.         0.53466716 0.53479308] -> F: 0.47042213166606306
Punto[1.         0.53468658 0.53507883] -> F: 0.47076248133817783
Punto[1.         0.53470599 0.53536459] -> F: 0.47110289889164014
Punto[1.         0.53472541 0.53565035] -> F: 0.4714433843264504
Punto[1.         0.53474483 0.5359361 ] -> F: 0.47178393764260834
Punto[1.         0.53476425 0.53622186] -> F: 0.472124558840114
Punto[1.         0.53478366 0.53650761] -> F: 0.4722991602641262
Punto[1.         0.53480308 0.53679337] -> F: 0.4723009203786735
Punto[1.         0.5348225  0.53707912] -> F: 0.47230268049582896
Punto[1.         0.53484192 0.53736488] -> F: 0.47230444061559224
Punto[1.         0.53486133 0.53765064] -> F: 0.47230620073796337
Punto[1.         0.53488075 0.53793639] -> F: 0.4723079608629428
Punto[1.         0.53490017 0.53822215] -> F: 0.4723097209905299
Punto[1.         0.53491959 0.5385079 ] -> F: 0.47231148112072513
Punto[1.         0.534939   0.53879366] -> F: 0.47231324125352836
Punto[1.         0.53495842 0.53907941] -> F: 0.4723150013889394
Punto[1.         0.53497784 0.53936517] -> F: 0.4723167615269585
Punto[1.         0.53499726 0.53965092] -> F: 0.47231852166758564
Punto[1.         0.53501667 0.53993668] -> F: 0.4723202818108207
Punto[1.         0.53503609 0.54022244] -> F: 0.4723220419566638
Punto[1.         0.53505551 0.54050819] -> F: 0.4723148766938475
Punto[1.         0.53507493 0.54079395] -> F: 0.47230570286181917
Punto[1.         0.53509434 0.5410797 ] -> F: 0.4722965291000273
Punto[1.         0.53511376 0.54136546] -> F: 0.4722873554084719
Punto[1.         0.53513318 0.54165121] -> F: 0.4722781817871527
Punto[1.         0.5351526  0.54193697] -> F: 0.4722690082360698
Punto[1.         0.53517201 0.54222273] -> F: 0.47225983475522354
Punto[1.         0.53519143 0.54250848] -> F: 0.47225066134461346
Punto[1.         0.53521085 0.54279424] -> F: 0.4722414880042399
Punto[1.         0.53523027 0.54307999] -> F: 0.4722323147341026
Punto[1.         0.53524968 0.54336575] -> F: 0.4722231415342018
Punto[1.        0.5352691 0.5436515] -> F: 0.4722139684045374
Punto[1.         0.53528852 0.54393726] -> F: 0.4722047953451092
Punto[1.         0.53530794 0.54422301] -> F: 0.47219562235591755
Punto[1.         0.53532735 0.54450877] -> F: 0.4721864494369622
Punto[1.         0.53534677 0.54479453] -> F: 0.47217727658824327
Punto[1.         0.53536619 0.54508028] -> F: 0.47216437849305437
Punto[1.         0.53538561 0.54536604] -> F: 0.4720790332749498
Punto[1.         0.53540502 0.54565179] -> F: 0.47186222596614563
Punto[1.         0.53542444 0.54593755] -> F: 0.47164716889992425
Punto[1.         0.53544386 0.5462233 ] -> F: 0.47143396452319386
Punto[1.         0.53546328 0.54650906] -> F: 0.47122261283595435
Punto[1.         0.53548269 0.54679482] -> F: 0.4710131138382059
Punto[1.         0.53550211 0.54708057] -> F: 0.4708054675299482
{
  "seed": 8871,
  "n_per_z": 10,
  "nz": 100,
  "nd": 100,
  "n_muestras": 50,
  "best_f": 0.4723220419566638,
  "best_cp": [
    1.0,
    0.5350360915674848,
    0.5402224357545714
  ],
  "best_u": [
    -0.1873813145857246,
    -0.9803489312215545,
    0.061678326800275476
  ],
  "best_index": 29,
  "n_candidatos": 54
}
