Punto[0.         0.49110527 0.51257647] -> F: 0.17497027931064102
Punto[1.         0.49357387 0.47910835] -> F: 0.40221005842292873
Punto[2.         0.54014053 0.36583124] -> F: 0.09548857121982077
Punto[1.         0.5156229  0.43920385] -> F: 0.38568845394945755
Punto[1.         0.49401485 0.47831026] -> F: 0.4033776931124359
Punto[1.         0.49444701 0.47752814] -> F: 0.40452288980996015
Punto[1.         0.49487917 0.47674601] -> F: 0.40566899196987927
Punto[1.         0.49531133 0.47596388] -> F: 0.4068159995921932
Punto[1.         0.4957435  0.47518175] -> F: 0.40794508394675266
Punto[1.         0.49617566 0.47439962] -> F: 0.40898511403031046
Punto[1.         0.49660782 0.47361749] -> F: 0.4100261135136908
Punto[1.         0.49703998 0.47283537] -> F: 0.4110680823968942
Punto[1.         0.49747214 0.47205324] -> F: 0.41211102067992034
Punto[1.         0.4979043  0.47127111] -> F: 0.41263591609795147
Punto[1.         0.49833646 0.47048898] -> F: 0.41240439802915485
Punto[1.         0.49876862 0.46970685] -> F: 0.41217297933355274
Punto[1.         0.49920078 0.46892473] -> F: 0.41187814057486477
Punto[1.         0.49963294 0.4681426 ] -> F: 0.41132491174890395
Punto[1.         0.5000651  0.46736047] -> F: 0.410772099430131
Punto[1.         0.50049727 0.46657834] -> F: 0.4102197036185459
Punto[1.         0.50092943 0.46579621] -> F: 0.4096677243141486
Punto[1.         0.50136159 0.46501408] -> F: 0.4091161615169391
Punto[1.         0.50179375 0.46423196] -> F: 0.4085650152269174
Punto[1.         0.50222591 0.46344983] -> F: 0.4080142854440835
Punto[1.         0.50265807 0.4626677 ] -> F: 0.4074639721684373
Punto[1.         0.50309023 0.46188557] -> F: 0.406914075399979
Punto[1.         0.50352239 0.46110344] -> F: 0.40636459513870865
Punto[1.         0.50395455 0.46032132] -> F: 0.4058155313846259
Punto[1.         0.50438671 0.45953919] -> F: 0.4052668841377311
Punto[1.         0.50481888 0.45875706] -> F: 0.4047186533980241
Punto[1.         0.50525104 0.45797493] -> F: 0.40417083916550484
Punto[1.        0.5056832 0.4571928] -> F: 0.4036234414401735
Punto[1.         0.50611536 0.45641067] -> F: 0.4030764602220298
Punto[1.         0.50654752 0.45562855] -> F: 0.4025298955110741
Punto[1.         0.50697968 0.45484642] -> F: 0.4019837473073061
Punto[1.         0.50741184 0.45406429] -> F: 0.4010903987135871
Punto[1.         0.507844   0.45328216] -> F: 0.39996412099818457
Punto[1.         0.50827616 0.45250003] -> F: 0.3989325415678325
Punto[1.         0.50870832 0.45171791] -> F: 0.39800375376124564
Punto[1.         0.50914048 0.45093578] -> F: 0.39717775757842433
Punto[1.         0.50957265 0.45015365] -> F: 0.3964464175334906
Punto[1.         0.51000481 0.44937152] -> F: 0.3957328852378163
Punto[1.         0.51043697 0.44858939] -> F: 0.39501816859643335
Punto[1.         0.51086913 0.44780726] -> F: 0.3943022676093415
Punto[1.         0.51130129 0.44702514] -> F: 0.3935461282619458
Punto[1.         0.51173345 0.44624301] -> F: 0.39274222866313646
Punto[1.         0.51216561 0.44546088] -> F: 0.39195336628539545
Punto[1.         0.51259777 0.44467875] -> F: 0.3911795411287226
Punto[1.         0.51302993 0.44389662] -> F: 0.39042075319311803
Punto[1.         0.51346209 0.4431145 ] -> F: 0.38967700247858156
Punto[1.         0.51389426 0.44233237] -> F: 0.3888868470157112
Punto[1.         0.51432642 0.44155024] -> F: 0.3880742199943988
Punto[1.         0.51475858 0.44076811] -> F: 0.38727027880958564
Punto[1.         0.51519074 0.43998598] -> F: 0.38647502346127194
Best centerpoint:  [1.         0.4979043  0.47127111] Best F:  0.41263591609795147 Best u:  [ 0.48175367 -0.51508014 -0.708947  ] índice:  10
{
  "seed": 18257,
  "n_per_z": 5,
  "nz": 100,
  "nd": 100,
  "n_muestras": 50,
  "best_f": 0.41263591609795147,
  "best_cp": [
    1.0,
    0.49790430027754223,
    0.471271110040152
  ],
  "best_u": [
    0.48175367410171543,
    -0.5150801430151619,
    -0.7089469964397751
  ],
  "n_candidatos": 54
}
