Punto[0.         0.54118007 0.50751017] -> F: 0.13220827346338604
Punto[1.         0.51711626 0.54262844] -> F: 0.437165195577792
Punto[2.         0.4677621  0.52115624] -> F: 0.1268944694260375
Punto[1.         0.50447108 0.51433321] -> F: 0.440712467450026
Punto[1.         0.51686336 0.54206253] -> F: 0.43785047310676806
Punto[1.         0.51661551 0.54150795] -> F: 0.4385256127985546
Punto[1.         0.51636766 0.54095336] -> F: 0.4392042841662218
Punto[1.         0.51611982 0.54039877] -> F: 0.43988648720977014
Punto[1.         0.51587197 0.53984419] -> F: 0.44057222192919887
Punto[1.         0.51562413 0.5392896 ] -> F: 0.44126148832450834
Punto[1.         0.51537628 0.53873501] -> F: 0.4419542863956988
Punto[1.         0.51512844 0.53818043] -> F: 0.4426506161427698
Punto[1.         0.51488059 0.53762584] -> F: 0.44335047756572177
Punto[1.         0.51463275 0.53707125] -> F: 0.44405387066455454
Punto[1.         0.5143849  0.53651667] -> F: 0.444760795439268
Punto[1.         0.51413706 0.53596208] -> F: 0.44547125188986225
Punto[1.         0.51388921 0.53540749] -> F: 0.4461852400163371
Punto[1.         0.51364136 0.53485291] -> F: 0.446902759818693
Punto[1.         0.51339352 0.53429832] -> F: 0.4476238112969296
Punto[1.         0.51314567 0.53374373] -> F: 0.4483483944510468
Punto[1.         0.51289783 0.53318915] -> F: 0.44907650928104503
Punto[1.         0.51264998 0.53263456] -> F: 0.44980815578692385
Punto[1.         0.51240214 0.53207998] -> F: 0.45054333396868335
Punto[1.         0.51215429 0.53152539] -> F: 0.4512820438263238
Punto[1.         0.51190645 0.5309708 ] -> F: 0.4520242853598451
Punto[1.         0.5116586  0.53041622] -> F: 0.4527700585692474
Punto[1.         0.51141076 0.52986163] -> F: 0.45351936345452987
Punto[1.         0.51116291 0.52930704] -> F: 0.4542722000156935
Punto[1.         0.51091506 0.52875246] -> F: 0.4550285682527375
Punto[1.         0.51066722 0.52819787] -> F: 0.4557884681656628
Punto[1.         0.51041937 0.52764328] -> F: 0.45655189975446847
Punto[1.         0.51017153 0.5270887 ] -> F: 0.45731886301915514
Punto[1.         0.50992368 0.52653411] -> F: 0.45704132949221343
Punto[1.         0.50967584 0.52597952] -> F: 0.4562955997787175
Punto[1.         0.50942799 0.52542494] -> F: 0.45555041313798555
Punto[1.         0.50918015 0.52487035] -> F: 0.4548057695700175
Punto[1.         0.5089323  0.52431576] -> F: 0.4540616690748131
Punto[1.         0.50868446 0.52376118] -> F: 0.45331811165237257
Punto[1.         0.50843661 0.52320659] -> F: 0.45257509730269585
Punto[1.         0.50818876 0.522652  ] -> F: 0.4518326260257829
Punto[1.         0.50794092 0.52209742] -> F: 0.45109069782163375
Punto[1.         0.50769307 0.52154283] -> F: 0.4503493126902487
Punto[1.         0.50744523 0.52098824] -> F: 0.44960157399930556
Punto[1.         0.50719738 0.52043366] -> F: 0.4488524489529195
Punto[1.         0.50694954 0.51987907] -> F: 0.44810484502785664
Punto[1.         0.50670169 0.51932448] -> F: 0.4473587622241176
Punto[1.         0.50645385 0.5187699 ] -> F: 0.4466142005417021
Punto[1.         0.506206   0.51821531] -> F: 0.4458711599806102
Punto[1.         0.50595816 0.51766072] -> F: 0.4451296405408418
Punto[1.         0.50571031 0.51710614] -> F: 0.4443896422223971
Punto[1.         0.50546247 0.51655155] -> F: 0.44365116502527563
Punto[1.         0.50521462 0.51599697] -> F: 0.44291420894947786
Punto[1.         0.50496677 0.51544238] -> F: 0.4421787739950037
Punto[1.         0.50471893 0.51488779] -> F: 0.4414448601618532
Best centerpoint:  [1.         0.51017153 0.5270887 ] Best F:  0.45731886301915514 Best u:  [ 0.09410831 -0.63459508  0.76709368] índice:  28
{
  "seed": 4888,
  "n_per_z": 5,
  "nz": 100,
  "nd": 100,
  "n_muestras": 50,
  "best_f": 0.45731886301915514,
  "best_cp": [
    1.0,
    0.5101715285156531,
    0.5270886962480716
  ],
  "best_u": [
    0.09410831331851428,
    -0.6345950795193391,
    0.7670936777305547
  ],
  "n_candidatos": 54
}
