Punto[0.         0.62529504 0.43021629] -> F: 0.14367225715610885
Punto[1.         0.59779399 0.47800034] -> F: 0.3227386146899673
Punto[2.         0.41048948 0.27690287] -> F: 0.07627500816056688
Punto[1.         0.51789226 0.35355958] -> F: 0.30988873619648843
Punto[1.         0.59619595 0.47551152] -> F: 0.32688896971124365
Punto[1.         0.59462988 0.47307248] -> F: 0.33046951896808896
Punto[1.         0.59306381 0.47063345] -> F: 0.334065037444808
Punto[1.         0.59149773 0.46819441] -> F: 0.33787462568819737
Punto[1.         0.58993166 0.46575537] -> F: 0.34244559211352715
Punto[1.         0.58836559 0.46331633] -> F: 0.347809425513352
Punto[1.         0.58679951 0.46087729] -> F: 0.3538318756619322
Punto[1.         0.58523344 0.45843825] -> F: 0.3598963652282506
Punto[1.         0.58366736 0.45599921] -> F: 0.36601464672407863
Punto[1.         0.58210129 0.45356017] -> F: 0.37193120610372626
Punto[1.         0.58053522 0.45112113] -> F: 0.3779475830067401
Punto[1.         0.57896914 0.4486821 ] -> F: 0.3828004043079385
Punto[1.         0.57740307 0.44624306] -> F: 0.38532829048488415
Punto[1.         0.57583699 0.44380402] -> F: 0.38319875039556694
Punto[1.         0.57427092 0.44136498] -> F: 0.3810771560609796
Punto[1.         0.57270485 0.43892594] -> F: 0.378963507481122
Punto[1.         0.57113877 0.4364869 ] -> F: 0.37685780465599417
Punto[1.         0.5695727  0.43404786] -> F: 0.37476004758559633
Punto[1.         0.56800662 0.43160882] -> F: 0.3726702362699282
Punto[1.         0.56644055 0.42916978] -> F: 0.3705883707089899
Punto[1.         0.56487448 0.42673075] -> F: 0.3685144509027815
Punto[1.         0.5633084  0.42429171] -> F: 0.3664484768513029
Punto[1.         0.56174233 0.42185267] -> F: 0.36439044855455405
Punto[1.         0.56017626 0.41941363] -> F: 0.3623403660125351
Punto[1.         0.55861018 0.41697459] -> F: 0.360298229225246
Punto[1.         0.55704411 0.41453555] -> F: 0.35826403819268665
Punto[1.         0.55547803 0.41209651] -> F: 0.35623779291485724
Punto[1.         0.55391196 0.40965747] -> F: 0.3542194933917575
Punto[1.         0.55234589 0.40721843] -> F: 0.3522091396233877
Punto[1.         0.55077981 0.40477939] -> F: 0.35020673160974775
Punto[1.         0.54921374 0.40234036] -> F: 0.3482122693508376
Punto[1.         0.54764766 0.39990132] -> F: 0.34622297938928254
Punto[1.         0.54608159 0.39746228] -> F: 0.34423941145379583
Punto[1.         0.54451552 0.39502324] -> F: 0.3422638296312633
Punto[1.         0.54294944 0.3925842 ] -> F: 0.34029623392168495
Punto[1.         0.54138337 0.39014516] -> F: 0.33833662432506106
Punto[1.         0.5398173  0.38770612] -> F: 0.3363850008413913
Punto[1.         0.53825122 0.38526708] -> F: 0.3344413634706758
Punto[1.         0.53668515 0.38282804] -> F: 0.3325057122129146
Punto[1.         0.53511907 0.38038901] -> F: 0.3305780470681077
Punto[1.         0.533553   0.37794997] -> F: 0.328658368036255
Punto[1.         0.53198693 0.37551093] -> F: 0.3267466751173566
Punto[1.         0.53042085 0.37307189] -> F: 0.3248429683114124
Punto[1.         0.52885478 0.37063285] -> F: 0.32294724761842253
Punto[1.         0.5272887  0.36819381] -> F: 0.32105951303838687
Punto[1.         0.52572263 0.36575477] -> F: 0.3191797645713055
Punto[1.         0.52415656 0.36331573] -> F: 0.3173080022171785
Punto[1.         0.52259048 0.36087669] -> F: 0.3154442259760056
Punto[1.         0.52102441 0.35843766] -> F: 0.3135862069543672
Punto[1.         0.51945833 0.35599862] -> F: 0.3117334570259625
Best centerpoint:  [1.         0.57740307 0.44624306] Best F:  0.38532829048488415 Best u:  [ 0.42577929 -0.67872079 -0.59837287] índice:  13
{
  "seed": 3954,
  "n_per_z": 5,
  "nz": 100,
  "nd": 100,
  "n_muestras": 50,
  "best_f": 0.38532829048488415,
  "best_cp": [
    1.0,
    0.5774030680659864,
    0.44624305637833844
  ],
  "best_u": [
    0.4257792915650727,
    -0.6787207881558618,
    -0.5983728658616051
  ],
  "n_candidatos": 54
}
