Punto[0.         0.44411618 0.61888133] -> F: 0.1680889705882579
Punto[1.         0.53792305 0.60949642] -> F: 0.27903156302979504
Punto[2.         0.49983668 0.37625572] -> F: 0.061307957841377825
Punto[1.         0.47197643 0.49756853] -> F: 0.2695816231017884
Punto[1.         0.53660411 0.60725786] -> F: 0.2850901618725159
Punto[1.         0.53531156 0.60506407] -> F: 0.290935692655859
Punto[1.         0.53401901 0.60287029] -> F: 0.29699631547919997
Punto[1.         0.53272645 0.6006765 ] -> F: 0.3028853777561838
Punto[1.         0.5314339  0.59848271] -> F: 0.3087516239750487
Punto[1.         0.53014135 0.59628893] -> F: 0.31475479982466414
Punto[1.         0.52884879 0.59409514] -> F: 0.32063516904401584
Punto[1.         0.52755624 0.59190135] -> F: 0.3264828525718781
Punto[1.         0.52626368 0.58970757] -> F: 0.3324342880267815
Punto[1.         0.52497113 0.58751378] -> F: 0.33832184791749353
Punto[1.         0.52367858 0.58531999] -> F: 0.3441463770408773
Punto[1.         0.52238602 0.58312621] -> F: 0.35005588614408717
Punto[1.         0.52109347 0.58093242] -> F: 0.35259015314268316
Punto[1.         0.51980092 0.57873863] -> F: 0.3506669083882591
Punto[1.         0.51850836 0.57654485] -> F: 0.34869188085284186
Punto[1.         0.51721581 0.57435106] -> F: 0.34672059485966994
Punto[1.         0.51592325 0.57215727] -> F: 0.3447549099609164
Punto[1.         0.5146307  0.56996349] -> F: 0.3427480048463618
Punto[1.         0.51333815 0.5677697 ] -> F: 0.3407336574872612
Punto[1.         0.51204559 0.56557591] -> F: 0.3387252609338968
Punto[1.         0.51075304 0.56338213] -> F: 0.33668731818239306
Punto[1.         0.50946049 0.56118834] -> F: 0.33462947146560046
Punto[1.         0.50816793 0.55899455] -> F: 0.3325779481577211
Punto[1.         0.50687538 0.55680077] -> F: 0.33051024237500304
Punto[1.         0.50558282 0.55460698] -> F: 0.32840829629659374
Punto[1.         0.50429027 0.55241319] -> F: 0.3263130719943299
Punto[1.         0.50299772 0.55021941] -> F: 0.32421738996885485
Punto[1.         0.50170516 0.54802562] -> F: 0.32207056262341105
Punto[1.         0.50041261 0.54583183] -> F: 0.3199308845507488
Punto[1.         0.49912005 0.54363805] -> F: 0.31779835575086796
Punto[1.         0.4978275  0.54144426] -> F: 0.31561693327300666
Punto[1.         0.49653495 0.53925047] -> F: 0.31343184592679246
Punto[1.         0.49524239 0.53705669] -> F: 0.31125436844751203
Punto[1.         0.49394984 0.5348629 ] -> F: 0.3090483892304979
Punto[1.         0.49265729 0.53266911] -> F: 0.3068167041282981
Punto[1.         0.49136473 0.53047533] -> F: 0.3045931272960266
Punto[1.         0.49007218 0.52828154] -> F: 0.30236634909017274
Punto[1.         0.48877962 0.52608775] -> F: 0.3000866067506496
Punto[1.         0.48748707 0.52389397] -> F: 0.2978155145292588
Punto[1.         0.48619452 0.52170018] -> F: 0.2955530724260004
Punto[1.         0.48490196 0.51950639] -> F: 0.2932432561172038
Punto[1.         0.48360941 0.51731261] -> F: 0.2909229201580702
Punto[1.         0.48231686 0.51511882] -> F: 0.2886118264100206
Punto[1.         0.4810243  0.51292503] -> F: 0.2862891248853865
Punto[1.         0.47973175 0.51073125] -> F: 0.283917444586426
Punto[1.         0.47843919 0.50853746] -> F: 0.28155565711476976
Punto[1.         0.47714664 0.50634367] -> F: 0.2792037624704179
Punto[1.         0.47585409 0.50414989] -> F: 0.2768021823998192
Punto[1.         0.47456153 0.5019561 ] -> F: 0.2743872197248546
Punto[1.         0.47326898 0.49976231] -> F: 0.2719828691988983
Best centerpoint:  [1.         0.52109347 0.58093242] Best F:  0.35259015314268316 Best u:  [ 0.48175367  0.05502375 -0.87457749] índice:  13
{
  "seed": 13486,
  "n_per_z": 5,
  "nz": 100,
  "nd": 100,
  "n_muestras": 50,
  "best_f": 0.35259015314268316,
  "best_cp": [
    1.0,
    0.5210934691832035,
    0.5809324214943297
  ],
  "best_u": [
    0.48175367410171543,
    0.055023751706962,
    -0.8745774889840172
  ],
  "n_candidatos": 54
}
