Punto[0.         0.42178491 0.56029553] -> F: 0.12907667981704266
Punto[1.         0.50951498 0.52818968] -> F: 0.4398280571616832
Punto[2.        0.5574825 0.4604537] -> F: 0.16736713107110768
Punto[1.         0.48963371 0.51037462] -> F: 0.44564482694937496
Punto[1.         0.50911735 0.52783338] -> F: 0.4406596218422776
Punto[1.         0.50872768 0.5274842 ] -> F: 0.441474996240296
Punto[1.         0.50833801 0.52713503] -> F: 0.4422908071946932
Punto[1.         0.50794833 0.52678585] -> F: 0.4431070547054689
Punto[1.         0.50755866 0.52643668] -> F: 0.44392373877262375
Punto[1.         0.50716899 0.5260875 ] -> F: 0.444740859396157
Punto[1.         0.50677931 0.52573833] -> F: 0.4455584165760689
Punto[1.         0.50638964 0.52538915] -> F: 0.44637641031236
Punto[1.         0.50599997 0.52503998] -> F: 0.44719484060502945
Punto[1.        0.5056103 0.5246908] -> F: 0.4480137074540779
Punto[1.         0.50522062 0.52434163] -> F: 0.448833010859505
Punto[1.         0.50483095 0.52399245] -> F: 0.449652750821311
Punto[1.         0.50444128 0.52364328] -> F: 0.4504729273394957
Punto[1.        0.5040516 0.5232941] -> F: 0.4512935404140591
Punto[1.         0.50366193 0.52294493] -> F: 0.45211459004500126
Punto[1.         0.50327226 0.52259575] -> F: 0.4519892199591462
Punto[1.         0.50288259 0.52224658] -> F: 0.45182385226199623
Punto[1.         0.50249291 0.5218974 ] -> F: 0.45165855085842865
Punto[1.         0.50210324 0.52154822] -> F: 0.45149331574844387
Punto[1.         0.50171357 0.52119905] -> F: 0.4513281469320417
Punto[1.         0.50132389 0.52084987] -> F: 0.4511630444092221
Punto[1.         0.50093422 0.5205007 ] -> F: 0.45099800817998537
Punto[1.         0.50054455 0.52015152] -> F: 0.4508330382443311
Punto[1.         0.50015488 0.51980235] -> F: 0.4506681346022596
Punto[1.         0.4997652  0.51945317] -> F: 0.45050329725377064
Punto[1.         0.49937553 0.519104  ] -> F: 0.4503385261988644
Punto[1.         0.49898586 0.51875482] -> F: 0.45016923980810997
Punto[1.         0.49859618 0.51840565] -> F: 0.449994151831259
Punto[1.         0.49820651 0.51805647] -> F: 0.44981913883387403
Punto[1.         0.49781684 0.5177073 ] -> F: 0.4496442008159551
Punto[1.         0.49742717 0.51735812] -> F: 0.44946933777750203
Punto[1.         0.49703749 0.51700895] -> F: 0.44929454971851474
Punto[1.         0.49664782 0.51665977] -> F: 0.4491198366389934
Punto[1.         0.49625815 0.5163106 ] -> F: 0.4489451985389381
Punto[1.         0.49586847 0.51596142] -> F: 0.44877063541834866
Punto[1.         0.4954788  0.51561225] -> F: 0.4485961472772251
Punto[1.         0.49508913 0.51526307] -> F: 0.44842173411556746
Punto[1.         0.49469946 0.51491389] -> F: 0.4482473959333757
Punto[1.         0.49430978 0.51456472] -> F: 0.44807313273065
Punto[1.         0.49392011 0.51421554] -> F: 0.44789894450739004
Punto[1.         0.49353044 0.51386637] -> F: 0.44772483126359597
Punto[1.         0.49314076 0.51351719] -> F: 0.447550792999268
Punto[1.         0.49275109 0.51316802] -> F: 0.4473768297144059
Punto[1.         0.49236142 0.51281884] -> F: 0.44720294140900957
Punto[1.         0.49197175 0.51246967] -> F: 0.44702912808307926
Punto[1.         0.49158207 0.51212049] -> F: 0.4468553897366149
Punto[1.         0.4911924  0.51177132] -> F: 0.4466817263696164
Punto[1.         0.49080273 0.51142214] -> F: 0.44650813798208383
Punto[1.         0.49041305 0.51107297] -> F: 0.44632788226261616
Punto[1.         0.49002338 0.51072379] -> F: 0.4461438661867524
{
  "seed": 542,
  "n_per_z": 10,
  "nz": 100,
  "nd": 100,
  "n_muestras": 50,
  "best_f": 0.45211459004500126,
  "best_cp": [
    1.0,
    0.5036619318514989,
    0.5229449259550153
  ],
  "best_u": [
    -0.1873813145857246,
    0.8124307034352644,
    0.5521273359106641
  ],
  "best_index": 18,
  "n_candidatos": 54
}
