Punto[0.         0.48861594 0.44537565] -> F: 0.10794237490628548
Punto[1.         0.47517418 0.47861415] -> F: 0.40675983034571267
Punto[2.         0.50537014 0.47337526] -> F: 0.18384195716243376
Punto[1.         0.49699304 0.45937546] -> F: 0.4009958224154174
Punto[1.         0.47561056 0.47822937] -> F: 0.4073403226740349
Punto[1.         0.47603821 0.47785229] -> F: 0.407909746441075
Punto[1.         0.47646586 0.47747522] -> F: 0.4084797060258716
Punto[1.         0.47689351 0.47709814] -> F: 0.40905020142842413
Punto[1.         0.47732116 0.47672106] -> F: 0.409621232648733
Punto[1.         0.47774881 0.47634398] -> F: 0.4101927996867981
Punto[1.         0.47817646 0.4759669 ] -> F: 0.41076490254261966
Punto[1.         0.47860411 0.47558982] -> F: 0.4113375412161974
Punto[1.         0.47903176 0.47521275] -> F: 0.41191071570753124
Punto[1.         0.47945941 0.47483567] -> F: 0.41224525108814764
Punto[1.         0.47988706 0.47445859] -> F: 0.41198212899462333
Punto[1.         0.48031471 0.47408151] -> F: 0.41171582434443477
Punto[1.         0.48074236 0.47370443] -> F: 0.41144858486356173
Punto[1.         0.48117001 0.47332735] -> F: 0.41118141270898567
Punto[1.         0.48159766 0.47295028] -> F: 0.4109143078807064
Punto[1.        0.4820253 0.4725732] -> F: 0.4106472703787243
Punto[1.         0.48245295 0.47219612] -> F: 0.41038030020303906
Punto[1.         0.4828806  0.47181904] -> F: 0.41011339735365077
Punto[1.         0.48330825 0.47144196] -> F: 0.4098465618305595
Punto[1.         0.4837359  0.47106488] -> F: 0.40957585088790993
Punto[1.         0.48416355 0.47068781] -> F: 0.40930483429540937
Punto[1.         0.4845912  0.47031073] -> F: 0.4090338872265707
Punto[1.         0.48501885 0.46993365] -> F: 0.4087630096813939
Punto[1.         0.4854465  0.46955657] -> F: 0.408492201659879
Punto[1.         0.48587415 0.46917949] -> F: 0.40822146316202607
Punto[1.         0.4863018  0.46880241] -> F: 0.40795079418783514
Punto[1.         0.48672945 0.46842534] -> F: 0.40768019473730593
Punto[1.         0.4871571  0.46804826] -> F: 0.407405448148047
Punto[1.         0.48758475 0.46767118] -> F: 0.4071305931954534
Punto[1.        0.4880124 0.4672941] -> F: 0.4068558100450489
Punto[1.         0.48844005 0.46691702] -> F: 0.4065810986968335
Punto[1.         0.4888677  0.46653994] -> F: 0.40630645915080743
Punto[1.         0.48929535 0.46616287] -> F: 0.40603189140697044
Punto[1.         0.489723   0.46578579] -> F: 0.40575739546532275
Punto[1.         0.49015065 0.46540871] -> F: 0.40548297132586414
Punto[1.         0.4905783  0.46503163] -> F: 0.4052046528924331
Punto[1.         0.49100595 0.46465455] -> F: 0.4049258872823161
Punto[1.         0.4914336  0.46427747] -> F: 0.4046471958427063
Punto[1.         0.49186124 0.4639004 ] -> F: 0.40436857857360375
Punto[1.         0.49228889 0.46352332] -> F: 0.4040900354750084
Punto[1.         0.49271654 0.46314624] -> F: 0.4038115665469203
Punto[1.         0.49314419 0.46276916] -> F: 0.40353317178933945
Punto[1.         0.49357184 0.46239208] -> F: 0.40325485120226584
Punto[1.         0.49399949 0.462015  ] -> F: 0.40297353645597445
Punto[1.         0.49442714 0.46163793] -> F: 0.40269077596400343
Punto[1.         0.49485479 0.46126085] -> F: 0.40240809211028183
Punto[1.         0.49528244 0.46088377] -> F: 0.4021254848948098
Punto[1.         0.49571009 0.46050669] -> F: 0.4018429543175874
Punto[1.         0.49613774 0.46012961] -> F: 0.4015605003786145
Punto[1.         0.49656539 0.45975253] -> F: 0.4012781230778911
{
  "seed": 13187,
  "n_per_z": 10,
  "nz": 100,
  "nd": 100,
  "n_muestras": 50,
  "best_f": 0.41224525108814764,
  "best_cp": [
    1.0,
    0.47945940754184035,
    0.4748356673285544
  ],
  "best_u": [
    -0.9995065603657316,
    0.016830726364690914,
    -0.026520981050879643
  ],
  "best_index": 13,
  "n_candidatos": 54
}
