Punto[0.         0.41176858 0.43234507] -> F: 0.11750908866543747
Punto[1.         0.423681   0.44566552] -> F: 0.3918251550757793
Punto[2.         0.42208717 0.56327235] -> F: 0.0901062568272891
Punto[1.         0.41692787 0.49780871] -> F: 0.3681139051156679
Punto[1.         0.42354594 0.44670839] -> F: 0.3932428622027567
Punto[1.         0.42341358 0.44773039] -> F: 0.39463841169301694
Punto[1.         0.42328122 0.4487524 ] -> F: 0.39608813953211186
Punto[1.         0.42314886 0.44977441] -> F: 0.3976023734704226
Punto[1.         0.42301649 0.45079641] -> F: 0.39918111350794844
Punto[1.         0.42288413 0.45181842] -> F: 0.40082435964468976
Punto[1.         0.42275177 0.45284043] -> F: 0.4025321118806467
Punto[1.         0.42261941 0.45386243] -> F: 0.4043043702158185
Punto[1.         0.42248705 0.45488444] -> F: 0.4061411346502063
Punto[1.         0.42235469 0.45590645] -> F: 0.40804240518380924
Punto[1.         0.42222233 0.45692845] -> F: 0.4100081818166279
Punto[1.         0.42208997 0.45795046] -> F: 0.41203846454866166
Punto[1.         0.4219576  0.45897247] -> F: 0.41413325337991114
Punto[1.         0.42182524 0.45999447] -> F: 0.416292548310376
Punto[1.         0.42169288 0.46101648] -> F: 0.4184831066968911
Punto[1.         0.42156052 0.46203848] -> F: 0.42038544158138574
Punto[1.         0.42142816 0.46306049] -> F: 0.42105069693402103
Punto[1.        0.4212958 0.4640825] -> F: 0.41959919814951435
Punto[1.         0.42116344 0.4651045 ] -> F: 0.41815175506835
Punto[1.         0.42103107 0.46612651] -> F: 0.41670836769052777
Punto[1.         0.42089871 0.46714852] -> F: 0.4152690360160474
Punto[1.         0.42076635 0.46817052] -> F: 0.41381213013969176
Punto[1.         0.42063399 0.46919253] -> F: 0.4122720207438283
Punto[1.         0.42050163 0.47021454] -> F: 0.41073610343889455
Punto[1.         0.42036927 0.47123654] -> F: 0.40920437822489025
Punto[1.         0.42023691 0.47225855] -> F: 0.4076768451018162
Punto[1.         0.42010455 0.47328056] -> F: 0.4061535040696716
Punto[1.         0.41997218 0.47430256] -> F: 0.4046343551284569
Punto[1.         0.41983982 0.47532457] -> F: 0.40311939827817195
Punto[1.         0.41970746 0.47634658] -> F: 0.4016086335188171
Punto[1.         0.4195751  0.47736858] -> F: 0.40010206085039146
Punto[1.         0.41944274 0.47839059] -> F: 0.398599680272896
Punto[1.         0.41931038 0.47941259] -> F: 0.3971014917863302
Punto[1.         0.41917802 0.4804346 ] -> F: 0.395527658287401
Punto[1.         0.41904566 0.48145661] -> F: 0.3939211925803503
Punto[1.         0.41891329 0.48247861] -> F: 0.39231907157739615
Punto[1.         0.41878093 0.48350062] -> F: 0.39072129527853905
Punto[1.         0.41864857 0.48452263] -> F: 0.38912786368377855
Punto[1.         0.41851621 0.48554463] -> F: 0.3875387767931151
Punto[1.         0.41838385 0.48656664] -> F: 0.3859540346065482
Punto[1.         0.41825149 0.48758865] -> F: 0.3843736371240783
Punto[1.         0.41811913 0.48861065] -> F: 0.38279758434570543
Punto[1.         0.41798676 0.48963266] -> F: 0.381225876271429
Punto[1.         0.4178544  0.49065467] -> F: 0.3796585129012495
Punto[1.         0.41772204 0.49167667] -> F: 0.37807299393714405
Punto[1.         0.41758968 0.49269868] -> F: 0.376399463648623
Punto[1.         0.41745732 0.49372069] -> F: 0.37473140622074563
Punto[1.         0.41732496 0.49474269] -> F: 0.37306882165351124
Punto[1.        0.4171926 0.4957647] -> F: 0.37141170994692013
Punto[1.         0.41706024 0.49678671] -> F: 0.3697600711009723
Best centerpoint:  [1.         0.42142816 0.46306049] Best F:  0.42105069693402103 Best u:  [2.18143241e-01 5.97576669e-17 9.75916762e-01] índice:  17
{
  "seed": 19873,
  "n_per_z": 5,
  "nz": 100,
  "nd": 100,
  "n_muestras": 50,
  "best_f": 0.42105069693402103,
  "best_cp": [
    1.0,
    0.4214281586543356,
    0.46306049136047456
  ],
  "best_u": [
    0.2181432413965427,
    5.975766693712682e-17,
    0.9759167619387473
  ],
  "n_candidatos": 54
}
