Punto[0.         0.60709954 0.48216008] -> F: 0.1174713376527932
Punto[1.         0.52998307 0.46687336] -> F: 0.39076122458767937
Punto[2.         0.62265738 0.54117492] -> F: 0.12407967964226314
Punto[1.         0.61487846 0.5116675 ] -> F: 0.4165210703881009
Punto[1.         0.53168098 0.46776925] -> F: 0.39327716136635227
Punto[1.         0.53334493 0.46864721] -> F: 0.3957536054531259
Punto[1.         0.53500888 0.46952518] -> F: 0.3982407662295971
Punto[1.         0.53667283 0.47040314] -> F: 0.40073864369576584
Punto[1.         0.53833678 0.47128111] -> F: 0.403247237851632
Punto[1.         0.54000073 0.47215907] -> F: 0.405766548697196
Punto[1.         0.54166468 0.47303704] -> F: 0.40829657623245735
Punto[1.         0.54332863 0.473915  ] -> F: 0.4108373204574163
Punto[1.         0.54499258 0.47479297] -> F: 0.4133887813720728
Punto[1.         0.54665653 0.47567093] -> F: 0.4159509589764268
Punto[1.         0.54832048 0.4765489 ] -> F: 0.41838378255279934
Punto[1.         0.54998443 0.47742686] -> F: 0.4208116028097436
Punto[1.         0.55164838 0.47830483] -> F: 0.42325288537482947
Punto[1.         0.55331233 0.47918279] -> F: 0.42570763024805663
Punto[1.         0.55497628 0.48006076] -> F: 0.42817583742942505
Punto[1.         0.55664023 0.48093872] -> F: 0.4306575069189348
Punto[1.         0.55830417 0.48181669] -> F: 0.433152638716586
Punto[1.         0.55996812 0.48269465] -> F: 0.43566123282237834
Punto[1.         0.56163207 0.48357262] -> F: 0.4381832892363123
Punto[1.         0.56329602 0.48445058] -> F: 0.44071880795838736
Punto[1.         0.56495997 0.48532855] -> F: 0.4432677889886042
Punto[1.         0.56662392 0.48620651] -> F: 0.44583023232696195
Punto[1.         0.56828787 0.48708448] -> F: 0.4484061379734611
Punto[1.         0.56995182 0.48796244] -> F: 0.450880566721504
Punto[1.         0.57161577 0.48884041] -> F: 0.45324747653879227
Punto[1.         0.57327972 0.48971837] -> F: 0.45564330906885514
Punto[1.         0.57494367 0.49059634] -> F: 0.45499953356767947
Punto[1.         0.57660762 0.4914743 ] -> F: 0.4535980098420884
Punto[1.         0.57827157 0.49235227] -> F: 0.4521788311524944
Punto[1.         0.57993552 0.49323023] -> F: 0.450762148493975
Punto[1.         0.58159947 0.4941082 ] -> F: 0.44931820545061224
Punto[1.         0.58326342 0.49498616] -> F: 0.44785717859919183
Punto[1.         0.58492737 0.49586413] -> F: 0.4463368485857621
Punto[1.         0.58659132 0.49674209] -> F: 0.4447959753557001
Punto[1.         0.58825527 0.49762006] -> F: 0.4432577769178022
Punto[1.         0.58991922 0.49849802] -> F: 0.44169472395287107
Punto[1.         0.59158317 0.49937599] -> F: 0.44012767669268926
Punto[1.         0.59324712 0.50025395] -> F: 0.4385565053192848
Punto[1.         0.59491106 0.50113192] -> F: 0.43696105241607136
Punto[1.         0.59657501 0.50200988] -> F: 0.43536846564399945
Punto[1.         0.59823896 0.50288785] -> F: 0.4337612911740587
Punto[1.         0.59990291 0.50376581] -> F: 0.4321407932325155
Punto[1.         0.60156686 0.50464378] -> F: 0.43048550371586547
Punto[1.         0.60323081 0.50552175] -> F: 0.42876925712351455
Punto[1.         0.60489476 0.50639971] -> F: 0.4270560833336324
Punto[1.         0.60655871 0.50727768] -> F: 0.425311944507144
Punto[1.         0.60822266 0.50815564] -> F: 0.42357045003251453
Punto[1.         0.60988661 0.50903361] -> F: 0.42182746551255024
Punto[1.         0.61155056 0.50991157] -> F: 0.4200577878018533
Punto[1.         0.61321451 0.51078954] -> F: 0.4182914083610988
{
  "seed": 15775,
  "n_per_z": 10,
  "nz": 100,
  "nd": 100,
  "n_muestras": 50,
  "best_f": 0.45564330906885514,
  "best_cp": [
    1.0,
    0.5732797207697864,
    0.48971837312306254
  ],
  "best_u": [
    0.15643446504023092,
    -0.9639016071582615,
    0.2154575361069959
  ],
  "best_index": 29,
  "n_candidatos": 54
}
