Punto[0.         0.49791193 0.56415556] -> F: 0.11587693373088014
Punto[1.         0.51754548 0.57005067] -> F: 0.41131014870796756
Punto[2.         0.51032771 0.59723546] -> F: 0.18633046809882062
Punto[1.         0.50411982 0.58069551] -> F: 0.4064105169110427
Punto[1.         0.51727696 0.57026357] -> F: 0.4113224845097706
Punto[1.         0.51701382 0.57047221] -> F: 0.4113345738582191
Punto[1.         0.51675068 0.57068085] -> F: 0.4113466634666962
Punto[1.         0.51648754 0.57088949] -> F: 0.41135875333520167
Punto[1.         0.51622439 0.57109813] -> F: 0.4113708434637356
Punto[1.         0.51596125 0.57130676] -> F: 0.41138293385229785
Punto[1.         0.51569811 0.5715154 ] -> F: 0.4113950245008883
Punto[1.         0.51543496 0.57172404] -> F: 0.41140711540950753
Punto[1.         0.51517182 0.57193268] -> F: 0.4114151324820044
Punto[1.         0.51490868 0.57214132] -> F: 0.4113182208833102
Punto[1.         0.51464554 0.57234996] -> F: 0.41119891063184527
Punto[1.         0.51438239 0.5725586 ] -> F: 0.41107962753794147
Punto[1.         0.51411925 0.57276724] -> F: 0.41096037160159904
Punto[1.         0.51385611 0.57297587] -> F: 0.4108411428228179
Punto[1.         0.51359296 0.57318451] -> F: 0.4107219412015979
Punto[1.         0.51332982 0.57339315] -> F: 0.4106027667379393
Punto[1.         0.51306668 0.57360179] -> F: 0.4104836194318419
Punto[1.         0.51280354 0.57381043] -> F: 0.41036449928330576
Punto[1.         0.51254039 0.57401907] -> F: 0.41024540629233097
Punto[1.         0.51227725 0.57422771] -> F: 0.4101263404589173
Punto[1.         0.51201411 0.57443635] -> F: 0.41000730178306505
Punto[1.         0.51175096 0.57464499] -> F: 0.40988829026477397
Punto[1.         0.51148782 0.57485362] -> F: 0.4097693059040442
Punto[1.         0.51122468 0.57506226] -> F: 0.40965034870087563
Punto[1.         0.51096154 0.5752709 ] -> F: 0.40953141865526843
Punto[1.         0.51069839 0.57547954] -> F: 0.4094125157672225
Punto[1.         0.51043525 0.57568818] -> F: 0.40929364003673774
Punto[1.         0.51017211 0.57589682] -> F: 0.40917479146381436
Punto[1.         0.50990896 0.57610546] -> F: 0.40905597004845207
Punto[1.         0.50964582 0.5763141 ] -> F: 0.40893717579065114
Punto[1.         0.50938268 0.57652273] -> F: 0.40881840869041164
Punto[1.         0.50911954 0.57673137] -> F: 0.40869857978877416
Punto[1.         0.50885639 0.57694001] -> F: 0.40857792594392134
Punto[1.         0.50859325 0.57714865] -> F: 0.4084572971713584
Punto[1.         0.50833011 0.57735729] -> F: 0.40833669347108525
Punto[1.         0.50806696 0.57756593] -> F: 0.40821611484310194
Punto[1.         0.50780382 0.57777457] -> F: 0.4080955612874085
Punto[1.         0.50754068 0.57798321] -> F: 0.4079750328040048
Punto[1.         0.50727753 0.57819185] -> F: 0.4078545293928909
Punto[1.         0.50701439 0.57840048] -> F: 0.40773405105406696
Punto[1.         0.50675125 0.57860912] -> F: 0.4076135977875327
Punto[1.         0.50648811 0.57881776] -> F: 0.4074931695932883
Punto[1.         0.50622496 0.5790264 ] -> F: 0.4073727664713337
Punto[1.         0.50596182 0.57923504] -> F: 0.4072523884216689
Punto[1.         0.50569868 0.57944368] -> F: 0.40713203685652344
Punto[1.         0.50543553 0.57965232] -> F: 0.4070117133592938
Punto[1.         0.50517239 0.57986096] -> F: 0.40689141793125716
Punto[1.         0.50490925 0.5800696 ] -> F: 0.4067711505724138
Punto[1.         0.50464611 0.58027823] -> F: 0.4066509112827636
Punto[1.         0.50438296 0.58048687] -> F: 0.4065307000623065
{
  "seed": 17567,
  "n_per_z": 10,
  "nz": 100,
  "nd": 100,
  "n_muestras": 50,
  "best_f": 0.4114151324820044,
  "best_cp": [
    1.0,
    0.5151718212147756,
    0.5719326805159247
  ],
  "best_u": [
    -0.5358267949789969,
    0.5381948749297288,
    0.6505658478447126
  ],
  "best_index": 12,
  "n_candidatos": 54
}
