Punto[0.         0.4988026  0.59065085] -> F: 0.1112003783595461
Punto[1.         0.55600251 0.48397502] -> F: 0.3943287700461536
Punto[2.         0.49190185 0.5060124 ] -> F: 0.1410250555772768
Punto[1.         0.49535222 0.54833163] -> F: 0.41326931502689523
Punto[1.         0.5547895  0.48526215] -> F: 0.39687002014938494
Punto[1.         0.55360076 0.48652354] -> F: 0.39936267770896355
Punto[1.         0.55241201 0.48778493] -> F: 0.4018508219395005
Punto[1.         0.55122327 0.48904632] -> F: 0.4043257854992893
Punto[1.         0.55003452 0.49030771] -> F: 0.40682075684552266
Punto[1.         0.54884577 0.4915691 ] -> F: 0.4092958807564851
Punto[1.         0.54765703 0.49283049] -> F: 0.41172792474037445
Punto[1.         0.54646828 0.49409188] -> F: 0.41360239366708473
Punto[1.         0.54527954 0.49535327] -> F: 0.41555081696576235
Punto[1.         0.54409079 0.49661465] -> F: 0.4172086184874795
Punto[1.         0.54290205 0.49787604] -> F: 0.41899458555135466
Punto[1.         0.5417133  0.49913743] -> F: 0.4209473246178569
Punto[1.         0.54052456 0.50039882] -> F: 0.42306683568698616
Punto[1.         0.53933581 0.50166021] -> F: 0.4253492691527515
Punto[1.         0.53814706 0.5029216 ] -> F: 0.42772197185874605
Punto[1.         0.53695832 0.50418299] -> F: 0.43005829388781097
Punto[1.         0.53576957 0.50544438] -> F: 0.4322602346748614
Punto[1.         0.53458083 0.50670577] -> F: 0.4344989168496698
Punto[1.         0.53339208 0.50796716] -> F: 0.43677434041223623
Punto[1.         0.53220334 0.50922855] -> F: 0.4390865053625604
Punto[1.         0.53101459 0.51048994] -> F: 0.4414354117006424
Punto[1.         0.52982585 0.51175133] -> F: 0.443672330052675
Punto[1.         0.5286371  0.51301272] -> F: 0.4426677068645221
Punto[1.         0.52744835 0.51427411] -> F: 0.44161296406095063
Punto[1.         0.52625961 0.5155355 ] -> F: 0.44055945112180134
Punto[1.         0.52507086 0.51679689] -> F: 0.43950716804707396
Punto[1.         0.52388212 0.51805828] -> F: 0.43845253737988754
Punto[1.         0.52269337 0.51931967] -> F: 0.4373943969081212
Punto[1.         0.52150463 0.52058106] -> F: 0.43633750588651615
Punto[1.         0.52031588 0.52184245] -> F: 0.4352818643150724
Punto[1.         0.51912714 0.52310384] -> F: 0.4342274721937898
Punto[1.         0.51793839 0.52436523] -> F: 0.4331743295226686
Punto[1.         0.51674964 0.52562662] -> F: 0.4321224363017085
Punto[1.         0.5155609  0.52688801] -> F: 0.4310717925309097
Punto[1.         0.51437215 0.5281494 ] -> F: 0.4300223982102723
Punto[1.         0.51318341 0.52941078] -> F: 0.428974253339796
Punto[1.         0.51199466 0.53067217] -> F: 0.42792735791948094
Punto[1.         0.51080592 0.53193356] -> F: 0.42687810412464244
Punto[1.         0.50961717 0.53319495] -> F: 0.4258253924388623
Punto[1.         0.50842843 0.53445634] -> F: 0.42477395020051567
Punto[1.         0.50723968 0.53571773] -> F: 0.42372377740960254
Punto[1.         0.50605093 0.53697912] -> F: 0.4226748740661231
Punto[1.         0.50486219 0.53824051] -> F: 0.42162724017007713
Punto[1.         0.50367344 0.5395019 ] -> F: 0.42058087572146485
Punto[1.         0.5024847  0.54076329] -> F: 0.419535780720286
Punto[1.         0.50129595 0.54202468] -> F: 0.41849195516654075
Punto[1.         0.50010721 0.54328607] -> F: 0.41744939906022915
Punto[1.         0.49891846 0.54454746] -> F: 0.41640811240135106
Punto[1.         0.49772971 0.54580885] -> F: 0.41536217218332605
Punto[1.         0.49654097 0.54707024] -> F: 0.41431509865043453
{
  "seed": 6274,
  "n_per_z": 10,
  "nz": 100,
  "nd": 100,
  "n_muestras": 50,
  "best_f": 0.443672330052675,
  "best_cp": [
    1.0,
    0.5298258453964476,
    0.5117513302464362
  ],
  "best_u": [
    -0.2181432413965427,
    0.8830358871572186,
    -0.4155251475247597
  ],
  "best_index": 25,
  "n_candidatos": 54
}
