Punto[0.         0.56400638 0.6424914 ] -> F: 0.11566313830836088
Punto[1.         0.50599432 0.46290944] -> F: 0.36863792543995016
Punto[2.         0.60273268 0.42935532] -> F: 0.13263087909438917
Punto[1.         0.58336953 0.53592336] -> F: 0.39512326046649504
Punto[1.         0.50754182 0.46436972] -> F: 0.3719943130465066
Punto[1.         0.50905837 0.46580079] -> F: 0.37529317913359567
Punto[1.         0.51057493 0.46723186] -> F: 0.3785832637274201
Punto[1.         0.51209148 0.46866294] -> F: 0.3818865537710456
Punto[1.         0.51360804 0.47009401] -> F: 0.38520270535579393
Punto[1.         0.51512459 0.47152508] -> F: 0.38853171742436776
Punto[1.         0.51664115 0.47295615] -> F: 0.3918735899767667
Punto[1.         0.5181577  0.47438723] -> F: 0.3952283230129907
Punto[1.         0.51967425 0.4758183 ] -> F: 0.3985858270311906
Punto[1.         0.52119081 0.47724937] -> F: 0.4019365755178123
Punto[1.         0.52270736 0.47868045] -> F: 0.4052998741299662
Punto[1.         0.52422392 0.48011152] -> F: 0.40867572286765147
Punto[1.         0.52574047 0.48154259] -> F: 0.4120641217308688
Punto[1.         0.52725702 0.48297366] -> F: 0.41546507071961797
Punto[1.         0.52877358 0.48440474] -> F: 0.4188785698338987
Punto[1.         0.53029013 0.48583581] -> F: 0.4222907981573852
Punto[1.         0.53180669 0.48726688] -> F: 0.42570101236104835
Punto[1.         0.53332324 0.48869796] -> F: 0.4291235109583803
Punto[1.         0.5348398  0.49012903] -> F: 0.4325582939493806
Punto[1.         0.53635635 0.4915601 ] -> F: 0.43600536133404955
Punto[1.         0.5378729  0.49299117] -> F: 0.43946471311238733
Punto[1.         0.53938946 0.49442225] -> F: 0.4429363492843936
Punto[1.         0.54090601 0.49585332] -> F: 0.4429695013335188
Punto[1.         0.54242257 0.49728439] -> F: 0.4410802149045264
Punto[1.         0.54393912 0.49871547] -> F: 0.4394430491350083
Punto[1.         0.54545568 0.50014654] -> F: 0.4380868634639198
Punto[1.         0.54697223 0.50157761] -> F: 0.43673025675249955
Punto[1.         0.54848878 0.50300868] -> F: 0.4353732290007479
Punto[1.         0.55000534 0.50443976] -> F: 0.43392838075108076
Punto[1.         0.55152189 0.50587083] -> F: 0.43247234279423774
Punto[1.         0.55303845 0.5073019 ] -> F: 0.43109936604042987
Punto[1.         0.554555   0.50873298] -> F: 0.42976464974766415
Punto[1.         0.55607155 0.51016405] -> F: 0.42822670489303505
Punto[1.         0.55758811 0.51159512] -> F: 0.4263629441821826
Punto[1.         0.55910466 0.51302619] -> F: 0.42447087428859676
Punto[1.         0.56062122 0.51445727] -> F: 0.422571967342195
Punto[1.         0.56213777 0.51588834] -> F: 0.42071354688787804
Punto[1.         0.56365433 0.51731941] -> F: 0.4188956129256459
Punto[1.         0.56517088 0.51875048] -> F: 0.4171181654554985
Punto[1.         0.56668743 0.52018156] -> F: 0.41538120447743593
Punto[1.         0.56820399 0.52161263] -> F: 0.41357843758639157
Punto[1.         0.56972054 0.5230437 ] -> F: 0.41182294934140334
Punto[1.         0.5712371  0.52447478] -> F: 0.4101394320309521
Punto[1.         0.57275365 0.52590585] -> F: 0.40852788565503795
Punto[1.         0.57427021 0.52733692] -> F: 0.40683864713340623
Punto[1.         0.57578676 0.52876799] -> F: 0.40499539935602785
Punto[1.         0.57730331 0.53019907] -> F: 0.4029740286736628
Punto[1.         0.57881987 0.53163014] -> F: 0.40097612944352706
Punto[1.         0.58033642 0.53306121] -> F: 0.3990017016656204
Punto[1.         0.58185298 0.53449229] -> F: 0.39705074533994306
{
  "seed": 7256,
  "n_per_z": 10,
  "nz": 100,
  "nd": 100,
  "n_muestras": 50,
  "best_f": 0.4429695013335188,
  "best_cp": [
    1.0,
    0.5409060126997897,
    0.49585331936449073
  ],
  "best_u": [
    -0.33873792024529137,
    0.9242151837995407,
    0.17630347535507018
  ],
  "best_index": 26,
  "n_candidatos": 54
}
