Punto[0.         0.44357646 0.61029597] -> F: 0.11973280883309491
Punto[1.         0.40648054 0.54935078] -> F: 0.4444958851730742
Punto[2.         0.31325897 0.43539368] -> F: 0.13070568528936208
Punto[1.         0.37841772 0.52284483] -> F: 0.43040543786765995
Punto[1.         0.40591929 0.54882066] -> F: 0.44551889056308036
Punto[1.         0.40536926 0.54830114] -> F: 0.4465221292423723
Punto[1.         0.40481922 0.54778162] -> F: 0.44750636245840497
Punto[1.         0.40426919 0.54726211] -> F: 0.4484824085042303
Punto[1.         0.40371916 0.54674259] -> F: 0.44945910090360447
Punto[1.         0.40316913 0.54622307] -> F: 0.45043643965652735
Punto[1.         0.4026191  0.54570356] -> F: 0.45141442476299903
Punto[1.         0.40206907 0.54518404] -> F: 0.4523930562230194
Punto[1.         0.40151904 0.54466453] -> F: 0.45337233403658816
Punto[1.         0.400969   0.54414501] -> F: 0.454352258203706
Punto[1.         0.40041897 0.54362549] -> F: 0.4553328287243726
Punto[1.         0.39986894 0.54310598] -> F: 0.4563131210091165
Punto[1.         0.39931891 0.54258646] -> F: 0.4572660340538527
Punto[1.         0.39876888 0.54206694] -> F: 0.45821955451705765
Punto[1.         0.39821885 0.54154743] -> F: 0.45917368239873146
Punto[1.         0.39766882 0.54102791] -> F: 0.4601284176988741
Punto[1.         0.39711878 0.54050839] -> F: 0.4610837604174857
Punto[1.         0.39656875 0.53998888] -> F: 0.46203971055456633
Punto[1.         0.39601872 0.53946936] -> F: 0.4629962681101156
Punto[1.         0.39546869 0.53894984] -> F: 0.463953433084134
Punto[1.         0.39491866 0.53843033] -> F: 0.46488920989780863
Punto[1.         0.39436863 0.53791081] -> F: 0.4644204385115031
Punto[1.         0.3938186  0.53739129] -> F: 0.46395208436658963
Punto[1.         0.39326856 0.53687178] -> F: 0.46348414746306815
Punto[1.         0.39271853 0.53635226] -> F: 0.462319632766147
Punto[1.         0.3921685  0.53583274] -> F: 0.4610756081859417
Punto[1.         0.39161847 0.53531323] -> F: 0.459833309808055
Punto[1.         0.39106844 0.53479371] -> F: 0.4585927376324861
Punto[1.         0.39051841 0.53427419] -> F: 0.4573538916592357
Punto[1.         0.38996838 0.53375468] -> F: 0.4561167718883035
Punto[1.         0.38941834 0.53323516] -> F: 0.4548813783196896
Punto[1.         0.38886831 0.53271564] -> F: 0.4536437619159554
Punto[1.         0.38831828 0.53219613] -> F: 0.4524048815580552
Punto[1.         0.38776825 0.53167661] -> F: 0.4511677579413937
Punto[1.         0.38721822 0.53115709] -> F: 0.44993239106597044
Punto[1.         0.38666819 0.53063758] -> F: 0.44869878093178633
Punto[1.         0.38611816 0.53011806] -> F: 0.44746692753884065
Punto[1.         0.38556812 0.52959854] -> F: 0.4462368308871337
Punto[1.         0.38501809 0.52907903] -> F: 0.44500849097666534
Punto[1.         0.38446806 0.52855951] -> F: 0.4437819078074357
Punto[1.         0.38391803 0.52803999] -> F: 0.4425570813794446
Punto[1.         0.383368   0.52752048] -> F: 0.44133401169269226
Punto[1.         0.38281797 0.52700096] -> F: 0.44011269874717845
Punto[1.         0.38226794 0.52648144] -> F: 0.43889314254290346
Punto[1.         0.3817179  0.52596193] -> F: 0.43767534307986705
Punto[1.         0.38116787 0.52544241] -> F: 0.4364593003580692
Punto[1.         0.38061784 0.52492289] -> F: 0.4352450143775102
Punto[1.         0.38006781 0.52440338] -> F: 0.4340324851381895
Punto[1.         0.37951778 0.52388386] -> F: 0.43282171264010766
Punto[1.         0.37896775 0.52336434] -> F: 0.43161269688326453
Best centerpoint:  [1.         0.39491866 0.53843033] Best F:  0.46488920989780863 Best u:  [-0.99950656 -0.01846278 -0.02541184] índice:  21
{
  "seed": 16988,
  "n_per_z": 5,
  "nz": 100,
  "nd": 100,
  "n_muestras": 50,
  "best_f": 0.46488920989780863,
  "best_cp": [
    1.0,
    0.39491865881085825,
    0.5384303256950131
  ],
  "best_u": [
    -0.9995065603657316,
    -0.018462780949435733,
    -0.025411837900422944
  ],
  "n_candidatos": 54
}
