Punto[0.         0.53504346 0.36040307] -> F: 0.1315045926769088
Punto[1.         0.52361672 0.30392308] -> F: 0.45196625223327497
Punto[2.         0.53347853 0.25294609] -> F: 0.1549940866284677
Punto[1.         0.53426099 0.30667458] -> F: 0.45907509257485785
Punto[1.         0.52382961 0.30397811] -> F: 0.4521772236738535
Punto[1.         0.52403824 0.30403204] -> F: 0.4523843131445517
Punto[1.         0.52424686 0.30408597] -> F: 0.4525917366655049
Punto[1.         0.52445549 0.3041399 ] -> F: 0.4527994942367136
Punto[1.         0.52466412 0.30419383] -> F: 0.4530075858581776
Punto[1.         0.52487275 0.30424776] -> F: 0.45321601152989655
Punto[1.         0.52508137 0.30430169] -> F: 0.453424771251871
Punto[1.         0.52529    0.30435562] -> F: 0.4536338650241004
Punto[1.         0.52549863 0.30440955] -> F: 0.4538432928465853
Punto[1.         0.52570726 0.30446348] -> F: 0.4540530547193253
Punto[1.         0.52591589 0.30451741] -> F: 0.4542631506423207
Punto[1.         0.52612451 0.30457134] -> F: 0.45447358061557114
Punto[1.         0.52633314 0.30462527] -> F: 0.45468434463907675
Punto[1.         0.52654177 0.3046792 ] -> F: 0.45489544271283777
Punto[1.         0.5267504  0.30473312] -> F: 0.455106874836854
Punto[1.         0.52695902 0.30478705] -> F: 0.45531864101112535
Punto[1.         0.52716765 0.30484098] -> F: 0.455530741235652
Punto[1.         0.52737628 0.30489491] -> F: 0.45571518480002904
Punto[1.         0.52758491 0.30494884] -> F: 0.4558816995163794
Punto[1.         0.52779353 0.30500277] -> F: 0.45604883876796165
Punto[1.         0.52800216 0.3050567 ] -> F: 0.4562166025547757
Punto[1.         0.52821079 0.30511063] -> F: 0.4563849908768213
Punto[1.         0.52841942 0.30516456] -> F: 0.4565540037340987
Punto[1.         0.52862805 0.30521849] -> F: 0.45672364112660774
Punto[1.         0.52883667 0.30527242] -> F: 0.45689390305434885
Punto[1.         0.5290453  0.30532635] -> F: 0.45706478951732155
Punto[1.         0.52925393 0.30538028] -> F: 0.45723630051552594
Punto[1.         0.52946256 0.3054342 ] -> F: 0.45740843604896214
Punto[1.         0.52967118 0.30548813] -> F: 0.45758119611763
Punto[1.         0.52987981 0.30554206] -> F: 0.4577545807215298
Punto[1.         0.53008844 0.30559599] -> F: 0.4579285898606613
Punto[1.         0.53029707 0.30564992] -> F: 0.4581032235350245
Punto[1.         0.5305057  0.30570385] -> F: 0.45827848174461944
Punto[1.         0.53071432 0.30575778] -> F: 0.45845436448944615
Punto[1.         0.53092295 0.30581171] -> F: 0.4586154433083921
Punto[1.         0.53113158 0.30586564] -> F: 0.45875571761347517
Punto[1.         0.53134021 0.30591957] -> F: 0.4588959664326883
Punto[1.         0.53154883 0.3059735 ] -> F: 0.45903618976603155
Punto[1.         0.53175746 0.30602743] -> F: 0.4591763876135049
Punto[1.         0.53196609 0.30608136] -> F: 0.4593165599751085
Punto[1.         0.53217472 0.30613529] -> F: 0.45945670685084206
Punto[1.         0.53238334 0.30618921] -> F: 0.45959682824070586
Punto[1.         0.53259197 0.30624314] -> F: 0.45973692414469963
Punto[1.         0.5328006  0.30629707] -> F: 0.4598769945628237
Punto[1.         0.53300923 0.306351  ] -> F: 0.45999445439310355
Punto[1.         0.53321786 0.30640493] -> F: 0.4598411675726213
Punto[1.         0.53342648 0.30645886] -> F: 0.45968790469244886
Punto[1.         0.53363511 0.30651279] -> F: 0.45953466575258656
Punto[1.         0.53384374 0.30656672] -> F: 0.45938145075303377
Punto[1.         0.53405237 0.30662065] -> F: 0.459228259693791
Best centerpoint:  [1.         0.53300923 0.306351  ] Best F:  0.45999445439310355 Best u:  [-0.12533323  0.53160164 -0.83767015] índice:  45
{
  "seed": 19069,
  "n_per_z": 5,
  "nz": 100,
  "nd": 100,
  "n_muestras": 50,
  "best_f": 0.45999445439310355,
  "best_cp": [
    1.0,
    0.5330092277796685,
    0.3063510023582009
  ],
  "best_u": [
    -0.12533323356430448,
    0.5316016406568814,
    -0.8376701476209042
  ],
  "n_candidatos": 54
}
