Punto[0.         0.60032295 0.34390185] -> F: 0.07886833247567307
Punto[1.         0.43355108 0.38246535] -> F: 0.4253505548031544
Punto[2.         0.26802795 0.42611196] -> F: 0.13846223869580912
Punto[1.         0.43417545 0.38500691] -> F: 0.4237642289675579
Punto[1.         0.43356357 0.38251618] -> F: 0.42532207513539716
Punto[1.         0.43357581 0.382566  ] -> F: 0.42529416593113073
Punto[1.         0.43358805 0.38261581] -> F: 0.4252662575882107
Punto[1.         0.43360028 0.38266563] -> F: 0.425238350106637
Punto[1.         0.43361252 0.38271544] -> F: 0.42521044348640996
Punto[1.         0.43362476 0.38276526] -> F: 0.42518253772752934
Punto[1.         0.433637   0.38281507] -> F: 0.42515463282999516
Punto[1.         0.43364923 0.38286488] -> F: 0.4251267287938074
Punto[1.         0.43366147 0.3829147 ] -> F: 0.4250988256189661
Punto[1.         0.43367371 0.38296451] -> F: 0.42507092330547125
Punto[1.         0.43368595 0.38301433] -> F: 0.42504302185332293
Punto[1.         0.43369818 0.38306414] -> F: 0.425015121262521
Punto[1.         0.43371042 0.38311396] -> F: 0.42498722153306556
Punto[1.         0.43372266 0.38316377] -> F: 0.4249593226649566
Punto[1.         0.4337349  0.38321359] -> F: 0.42493142465819406
Punto[1.         0.43374713 0.3832634 ] -> F: 0.42490303738552293
Punto[1.         0.43375937 0.38331321] -> F: 0.4248739350458341
Punto[1.         0.43377161 0.38336303] -> F: 0.42484483364358216
Punto[1.         0.43378385 0.38341284] -> F: 0.42481573317876703
Punto[1.         0.43379608 0.38346266] -> F: 0.42478663365138875
Punto[1.         0.43380832 0.38351247] -> F: 0.4247575350614473
Punto[1.         0.43382056 0.38356229] -> F: 0.4247284374089428
Punto[1.        0.4338328 0.3836121] -> F: 0.42469934069387505
Punto[1.         0.43384503 0.38366192] -> F: 0.42467024491624417
Punto[1.         0.43385727 0.38371173] -> F: 0.42464115007605013
Punto[1.         0.43386951 0.38376154] -> F: 0.4246120561732929
Punto[1.         0.43388175 0.38381136] -> F: 0.4245829632079726
Punto[1.         0.43389398 0.38386117] -> F: 0.42455387118008914
Punto[1.         0.43390622 0.38391099] -> F: 0.4245247800896424
Punto[1.         0.43391846 0.3839608 ] -> F: 0.42449568993663267
Punto[1.         0.4339307  0.38401062] -> F: 0.4244666007210597
Punto[1.         0.43394293 0.38406043] -> F: 0.4244375124429236
Punto[1.         0.43395517 0.38411025] -> F: 0.4244084251022243
Punto[1.         0.43396741 0.38416006] -> F: 0.4243793386989618
Punto[1.         0.43397965 0.38420987] -> F: 0.42435025323313635
Punto[1.         0.43399189 0.38425969] -> F: 0.42432116870474756
Punto[1.         0.43400412 0.3843095 ] -> F: 0.42429208511379585
Punto[1.         0.43401636 0.38435932] -> F: 0.42426300246028076
Punto[1.         0.4340286  0.38440913] -> F: 0.4242339207442026
Punto[1.         0.43404084 0.38445895] -> F: 0.4242048399655613
Punto[1.         0.43405307 0.38450876] -> F: 0.42417274810087024
Punto[1.         0.43406531 0.38455858] -> F: 0.4241318830142171
Punto[1.         0.43407755 0.38460839] -> F: 0.4240910208549689
Punto[1.         0.43408979 0.38465821] -> F: 0.4240501616231255
Punto[1.         0.43410202 0.38470802] -> F: 0.424009305318687
Punto[1.         0.43411426 0.38475783] -> F: 0.4239684519416533
Punto[1.         0.4341265  0.38480765] -> F: 0.42392760149202446
Punto[1.         0.43413874 0.38485746] -> F: 0.4238867539698005
Punto[1.         0.43415097 0.38490728] -> F: 0.4238459093749814
Punto[1.         0.43416321 0.38495709] -> F: 0.4238050677075672
Best centerpoint:  [1.         0.43355108 0.38246535] Best F:  0.4253505548031544 Best u:  [-0.39714789 -0.60692202  0.6884179 ] índice:  1
{
  "seed": 1437,
  "n_per_z": 5,
  "nz": 100,
  "nd": 100,
  "n_muestras": 50,
  "best_f": 0.4253505548031544,
  "best_cp": [
    1.0,
    0.4335510840210297,
    0.38246535214603844
  ],
  "best_u": [
    -0.3971478906347807,
    -0.6069220234204833,
    0.6884179039301133
  ],
  "n_candidatos": 54
}
