Punto[0.         0.63826306 0.41601908] -> F: 0.10434976613070664
Punto[1.         0.57794395 0.34183519] -> F: 0.37300534300166016
Punto[2.         0.53602019 0.3742006 ] -> F: 0.12491898116447778
Punto[1.         0.58714163 0.39510984] -> F: 0.36759405223596775
Punto[1.         0.5781279  0.34290068] -> F: 0.37484325679074243
Punto[1.         0.57830817 0.34394486] -> F: 0.37665693104794495
Punto[1.         0.57848845 0.34498905] -> F: 0.37865496617098454
Punto[1.         0.57866872 0.34603323] -> F: 0.38088851726833095
Punto[1.         0.578849   0.34707741] -> F: 0.3833575843399841
Punto[1.         0.57902927 0.34812159] -> F: 0.3860621673859441
Punto[1.         0.57920955 0.34916578] -> F: 0.38900226640621116
Punto[1.         0.57938982 0.35020996] -> F: 0.3921188687717633
Punto[1.         0.5795701  0.35125414] -> F: 0.39524674327408116
Punto[1.         0.57975037 0.35229833] -> F: 0.39837605177578517
Punto[1.         0.57993064 0.35334251] -> F: 0.4015067942768755
Punto[1.         0.58011092 0.35438669] -> F: 0.4046389707773523
Punto[1.         0.58029119 0.35543088] -> F: 0.40776274711712723
Punto[1.         0.58047147 0.35647506] -> F: 0.4107331729811889
Punto[1.         0.58065174 0.35751924] -> F: 0.41376028579026286
Punto[1.         0.58083202 0.35856343] -> F: 0.41682531456091626
Punto[1.         0.58101229 0.35960761] -> F: 0.41921563907130993
Punto[1.         0.58119257 0.36065179] -> F: 0.421200422227124
Punto[1.         0.58137284 0.36169598] -> F: 0.42321300149781665
Punto[1.         0.58155312 0.36274016] -> F: 0.4250611514058352
Punto[1.         0.58173339 0.36378434] -> F: 0.4250471076772656
Punto[1.         0.58191366 0.36482853] -> F: 0.4233588296408723
Punto[1.         0.58209394 0.36587271] -> F: 0.42167566331468914
Punto[1.         0.58227421 0.36691689] -> F: 0.4199976086987168
Punto[1.         0.58245449 0.36796108] -> F: 0.41832466579295474
Punto[1.         0.58263476 0.36900526] -> F: 0.41665683459740316
Punto[1.         0.58281504 0.37004944] -> F: 0.4149502740071744
Punto[1.         0.58299531 0.37109363] -> F: 0.41304171419769997
Punto[1.         0.58317559 0.37213781] -> F: 0.4111381518974997
Punto[1.         0.58335586 0.37318199] -> F: 0.40923958710657343
Punto[1.         0.58353613 0.37422618] -> F: 0.40734601982492125
Punto[1.         0.58371641 0.37527036] -> F: 0.40545745005254297
Punto[1.         0.58389668 0.37631454] -> F: 0.40357387778943843
Punto[1.         0.58407696 0.37735873] -> F: 0.40169530303560824
Punto[1.         0.58425723 0.37840291] -> F: 0.3998217257910518
Punto[1.         0.58443751 0.37944709] -> F: 0.39795314605576954
Punto[1.         0.58461778 0.38049128] -> F: 0.3960895638297611
Punto[1.         0.58479806 0.38153546] -> F: 0.3942309791130267
Punto[1.         0.58497833 0.38257964] -> F: 0.3922623156389217
Punto[1.         0.58515861 0.38362383] -> F: 0.39017410376913303
Punto[1.         0.58533888 0.38466801] -> F: 0.3880926653735895
Punto[1.         0.58551915 0.38571219] -> F: 0.3860180004522907
Punto[1.         0.58569943 0.38675638] -> F: 0.3839501090052366
Punto[1.         0.5858797  0.38780056] -> F: 0.3818889910324273
Punto[1.         0.58605998 0.38884474] -> F: 0.37983464653386284
Punto[1.         0.58624025 0.38988893] -> F: 0.37778707550954327
Punto[1.         0.58642053 0.39093311] -> F: 0.37573484916597183
Punto[1.         0.5866008  0.39197729] -> F: 0.3736893316202841
Punto[1.         0.58678108 0.39302148] -> F: 0.37165069295005443
Punto[1.         0.58696135 0.39406566] -> F: 0.36961893315528244
Best centerpoint:  [1.         0.58155312 0.36274016] Best F:  0.4250611514058352 Best u:  [-0.09410831  0.30764557 -0.94683569] índice:  20
{
  "seed": 7040,
  "n_per_z": 5,
  "nz": 100,
  "nd": 100,
  "n_muestras": 50,
  "best_f": 0.4250611514058352,
  "best_cp": [
    1.0,
    0.5815531152004739,
    0.36274016063105197
  ],
  "best_u": [
    -0.09410831331851428,
    0.3076455660156613,
    -0.9468356938113643
  ],
  "n_candidatos": 54
}
