Punto[0.         0.52320543 0.32127815] -> F: 0.12927645003994584
Punto[1.         0.4482962  0.44678135] -> F: 0.36739884313601534
Punto[2.         0.53047337 0.44669048] -> F: 0.10792690680463411
Punto[1.         0.5268394  0.38398431] -> F: 0.39473764405520756
Punto[1.         0.44986706 0.44552541] -> F: 0.3705595008277419
Punto[1.         0.45140651 0.44429459] -> F: 0.3736728587598378
Punto[1.         0.45294595 0.44306376] -> F: 0.37680200278830267
Punto[1.         0.4544854  0.44183294] -> F: 0.3798421372983347
Punto[1.         0.45602485 0.44060212] -> F: 0.3828407227890806
Punto[1.         0.45756429 0.4393713 ] -> F: 0.38585431069986315
Punto[1.         0.45910374 0.43814048] -> F: 0.38888290103068235
Punto[1.         0.46064319 0.43690965] -> F: 0.39189637357193186
Punto[1.         0.46218263 0.43567883] -> F: 0.39491205999864387
Punto[1.         0.46372208 0.43444801] -> F: 0.39794204695495683
Punto[1.         0.46526153 0.43321719] -> F: 0.400986334440871
Punto[1.         0.46680098 0.43198637] -> F: 0.40404492245638635
Punto[1.         0.46834042 0.43075554] -> F: 0.40711781100150274
Punto[1.         0.46987987 0.42952472] -> F: 0.4101981779098978
Punto[1.         0.47141932 0.4282939 ] -> F: 0.41325591170582404
Punto[1.         0.47295876 0.42706308] -> F: 0.41632731262869643
Punto[1.         0.47449821 0.42583226] -> F: 0.4194123806785152
Punto[1.         0.47603766 0.42460144] -> F: 0.4225111158552803
Punto[1.         0.4775771  0.42337061] -> F: 0.42562351815899147
Punto[1.         0.47911655 0.42213979] -> F: 0.42874958758964915
Punto[1.         0.480656   0.42090897] -> F: 0.4318794084634541
Punto[1.         0.48219544 0.41967815] -> F: 0.4319147577361412
Punto[1.         0.48373489 0.41844733] -> F: 0.43062760764000874
Punto[1.         0.48527434 0.4172165 ] -> F: 0.42934231392474836
Punto[1.         0.48681378 0.41598568] -> F: 0.4280521318820416
Punto[1.         0.48835323 0.41475486] -> F: 0.4267608691663971
Punto[1.         0.48989268 0.41352404] -> F: 0.4254714910351703
Punto[1.         0.49143212 0.41229322] -> F: 0.4241839974883613
Punto[1.         0.49297157 0.41106239] -> F: 0.42289838852597006
Punto[1.         0.49451102 0.40983157] -> F: 0.42161466414799653
Punto[1.         0.49605047 0.40860075] -> F: 0.42032908165515376
Punto[1.         0.49758991 0.40736993] -> F: 0.41903949833571136
Punto[1.         0.49912936 0.40613911] -> F: 0.4177518280975349
Punto[1.         0.50066881 0.40490829] -> F: 0.4164660709406242
Punto[1.         0.50220825 0.40367746] -> F: 0.4151822268649794
Punto[1.         0.5037477  0.40244664] -> F: 0.4139002958706005
Punto[1.         0.50528715 0.40121582] -> F: 0.4126180782389713
Punto[1.         0.50682659 0.399985  ] -> F: 0.41133038225247737
Punto[1.         0.50836604 0.39875418] -> F: 0.41004462819910487
Punto[1.         0.50990549 0.39752335] -> F: 0.4087608160788539
Punto[1.         0.51144493 0.39629253] -> F: 0.4074789458917243
Punto[1.         0.51298438 0.39506171] -> F: 0.40619909132990484
Punto[1.         0.51452383 0.39383089] -> F: 0.4049215729514242
Punto[1.         0.51606327 0.39260007] -> F: 0.4036464280177048
Punto[1.         0.51760272 0.39136924] -> F: 0.4023672151484935
Punto[1.         0.51914217 0.39013842] -> F: 0.4010896187442359
Punto[1.         0.52068161 0.3889076 ] -> F: 0.3998144228287954
Punto[1.         0.52222106 0.38767678] -> F: 0.3985416274021724
Punto[1.         0.52376051 0.38644596] -> F: 0.3972712324643668
Punto[1.         0.52529996 0.38521514] -> F: 0.3960032380153785
Best centerpoint:  [1.         0.48219544 0.41967815] Best F:  0.4319147577361412 Best u:  [ 0.96858316  0.23651814 -0.0768494 ] índice:  22
{
  "seed": 14531,
  "n_per_z": 5,
  "nz": 100,
  "nd": 100,
  "n_muestras": 50,
  "best_f": 0.4319147577361412,
  "best_cp": [
    1.0,
    0.4821954437915893,
    0.4196781477366125
  ],
  "best_u": [
    0.968583161128631,
    0.23651813772484204,
    -0.07684940146312841
  ],
  "n_candidatos": 54
}
