Punto[0.         0.52673838 0.56737953] -> F: 0.12812098069579186
Punto[1.         0.48140763 0.45436576] -> F: 0.42331432324400264
Punto[2.         0.47710327 0.37648911] -> F: 0.15768380453980435
Punto[1.         0.50192083 0.47193432] -> F: 0.4278375980505248
Punto[1.         0.48181789 0.45471713] -> F: 0.4240013772910578
Punto[1.         0.48221995 0.45506147] -> F: 0.42467518654702496
Punto[1.         0.48262201 0.45540582] -> F: 0.4253494870798162
Punto[1.         0.48302407 0.45575016] -> F: 0.4260242788894317
Punto[1.         0.48342613 0.4560945 ] -> F: 0.4266995619758714
Punto[1.         0.48382819 0.45643885] -> F: 0.4273753363391352
Punto[1.         0.48423024 0.45678319] -> F: 0.42805160197922326
Punto[1.         0.4846323  0.45712754] -> F: 0.4287283588961354
Punto[1.         0.48503436 0.45747188] -> F: 0.42940560708987185
Punto[1.         0.48543642 0.45781622] -> F: 0.4300833465604323
Punto[1.         0.48583848 0.45816057] -> F: 0.43076157730781706
Punto[1.         0.48624054 0.45850491] -> F: 0.43144029933202593
Punto[1.         0.4866426  0.45884925] -> F: 0.43211951263305914
Punto[1.         0.48704466 0.4591936 ] -> F: 0.4327992172109165
Punto[1.         0.48744671 0.45953794] -> F: 0.4334794130655979
Punto[1.         0.48784877 0.45988229] -> F: 0.43416010019710344
Punto[1.         0.48825083 0.46022663] -> F: 0.43484127860543326
Punto[1.         0.48865289 0.46057097] -> F: 0.43552294829058746
Punto[1.         0.48905495 0.46091532] -> F: 0.4362051092525655
Punto[1.         0.48945701 0.46125966] -> F: 0.436887761491368
Punto[1.         0.48985907 0.461604  ] -> F: 0.4375709050069945
Punto[1.         0.49026112 0.46194835] -> F: 0.43825453979944523
Punto[1.         0.49066318 0.46229269] -> F: 0.43893866586872
Punto[1.         0.49106524 0.46263704] -> F: 0.4396232832148193
Punto[1.         0.4914673  0.46298138] -> F: 0.4399835122028265
Punto[1.         0.49186936 0.46332572] -> F: 0.43963177749422766
Punto[1.         0.49227142 0.46367007] -> F: 0.4392798576412011
Punto[1.         0.49267348 0.46401441] -> F: 0.43892775264374667
Punto[1.         0.49307554 0.46435876] -> F: 0.43857546250186447
Punto[1.         0.49347759 0.4647031 ] -> F: 0.43822298721555464
Punto[1.         0.49387965 0.46504744] -> F: 0.43777142939814756
Punto[1.         0.49428171 0.46539179] -> F: 0.43726914633184844
Punto[1.         0.49468377 0.46573613] -> F: 0.4367685389459866
Punto[1.         0.49508583 0.46608047] -> F: 0.436258928345127
Punto[1.         0.49548789 0.46642482] -> F: 0.4357477066725234
Punto[1.         0.49588995 0.46676916] -> F: 0.4352384661627114
Punto[1.         0.49629201 0.46711351] -> F: 0.43473120681569116
Punto[1.         0.49669406 0.46745785] -> F: 0.4342259286314623
Punto[1.         0.49709612 0.46780219] -> F: 0.4337226316100252
Punto[1.         0.49749818 0.46814654] -> F: 0.4332213157513797
Punto[1.         0.49790024 0.46849088] -> F: 0.43272198105552573
Punto[1.         0.4983023  0.46883522] -> F: 0.4322246275224635
Punto[1.         0.49870436 0.46917957] -> F: 0.43172925515219274
Punto[1.         0.49910642 0.46952391] -> F: 0.4312358639447137
Punto[1.         0.49950848 0.46986826] -> F: 0.43074445390002597
Punto[1.         0.49991053 0.4702126 ] -> F: 0.43025502501813023
Punto[1.         0.50031259 0.47055694] -> F: 0.429767577299026
Punto[1.         0.50071465 0.47090129] -> F: 0.42928211074271333
Punto[1.         0.50111671 0.47124563] -> F: 0.4287986253491922
Punto[1.         0.50151877 0.47158997] -> F: 0.4283171211184627
{
  "seed": 427,
  "n_per_z": 10,
  "nz": 100,
  "nd": 100,
  "n_muestras": 50,
  "best_f": 0.4399835122028265,
  "best_cp": [
    1.0,
    0.49146730087341417,
    0.4629813800049863
  ],
  "best_u": [
    -0.27899110603922916,
    0.5145510878348444,
    0.8108027755002974
  ],
  "best_index": 28,
  "n_candidatos": 54
}
