Punto[0.         0.56053257 0.52394778] -> F: 0.12992881840211565
Punto[1.         0.53487026 0.56453164] -> F: 0.37690257857476134
Punto[2.         0.44775108 0.50242269] -> F: 0.12405033504509873
Punto[1.         0.50414182 0.51318524] -> F: 0.41464483154384135
Punto[1.         0.53425569 0.56350471] -> F: 0.37965911610615627
Punto[1.         0.53365341 0.56249832] -> F: 0.382399154844592
Punto[1.         0.53305114 0.56149193] -> F: 0.38517743531890214
Punto[1.         0.53244886 0.56048554] -> F: 0.3879939575290856
Punto[1.         0.53184658 0.55947915] -> F: 0.3908487214751441
Punto[1.         0.5312443  0.55847276] -> F: 0.39285259006259193
Punto[1.         0.53064203 0.55746637] -> F: 0.39472013076400037
Punto[1.         0.53003975 0.55645998] -> F: 0.39663359962522826
Punto[1.         0.52943747 0.5554536 ] -> F: 0.39859299664627595
Punto[1.         0.52883519 0.55444721] -> F: 0.4005983218271437
Punto[1.         0.52823292 0.55344082] -> F: 0.40264957516783095
Punto[1.         0.52763064 0.55243443] -> F: 0.4047467566683382
Punto[1.         0.52702836 0.55142804] -> F: 0.40688986632866503
Punto[1.         0.52642609 0.55042165] -> F: 0.4090789041488119
Punto[1.         0.52582381 0.54941526] -> F: 0.4112017761180465
Punto[1.         0.52522153 0.54840887] -> F: 0.41307092347023905
Punto[1.         0.52461925 0.54740248] -> F: 0.415150405879819
Punto[1.         0.52401698 0.54639609] -> F: 0.417440223346786
Punto[1.        0.5234147 0.5453897] -> F: 0.41994033896981575
Punto[1.         0.52281242 0.54438331] -> F: 0.4226486614696937
Punto[1.         0.52221014 0.54337692] -> F: 0.4255594606304564
Punto[1.         0.52160787 0.54237053] -> F: 0.42821102143773404
Punto[1.         0.52100559 0.54136414] -> F: 0.4307868425682532
Punto[1.         0.52040331 0.54035775] -> F: 0.43340090543464616
Punto[1.         0.51980103 0.53935136] -> F: 0.436053210036913
Punto[1.         0.51919876 0.53834497] -> F: 0.43874375637505403
Punto[1.         0.51859648 0.53733859] -> F: 0.441472544449069
Punto[1.        0.5179942 0.5363322] -> F: 0.44423957425895816
Punto[1.         0.51739193 0.53532581] -> F: 0.44618982418406844
Punto[1.         0.51678965 0.53431942] -> F: 0.4459549204291674
Punto[1.         0.51618737 0.53331303] -> F: 0.4456831045835603
Punto[1.         0.51558509 0.53230664] -> F: 0.44537489845702427
Punto[1.         0.51498282 0.53130025] -> F: 0.44507046421356966
Punto[1.         0.51438054 0.53029386] -> F: 0.4447698018531963
Punto[1.         0.51377826 0.52928747] -> F: 0.4444729113759043
Punto[1.         0.51317598 0.52828108] -> F: 0.44417979278169356
Punto[1.         0.51257371 0.52727469] -> F: 0.44237358332962295
Punto[1.         0.51197143 0.5262683 ] -> F: 0.44053039972552244
Punto[1.         0.51136915 0.52526191] -> F: 0.4386932430301956
Punto[1.         0.51076687 0.52425552] -> F: 0.4368621132436421
Punto[1.         0.5101646  0.52324913] -> F: 0.43503701036586195
Punto[1.         0.50956232 0.52224274] -> F: 0.43321793439685574
Punto[1.         0.50896004 0.52123635] -> F: 0.43123779109402904
Punto[1.         0.50835777 0.52022996] -> F: 0.4291673045815391
Punto[1.         0.50775549 0.51922357] -> F: 0.42710183582680206
Punto[1.         0.50715321 0.51821719] -> F: 0.4250413848298178
Punto[1.         0.50655093 0.5172108 ] -> F: 0.4229859515905862
Punto[1.         0.50594866 0.51620441] -> F: 0.4209355361091075
Punto[1.         0.50534638 0.51519802] -> F: 0.4188901383853813
Punto[1.         0.5047441  0.51419163] -> F: 0.41684975841940836
Best centerpoint:  [1.         0.51739193 0.53532581] Best F:  0.44618982418406844 Best u:  [ 0.18738131 -0.92421518  0.33273794] índice:  29
{
  "seed": 10251,
  "n_per_z": 5,
  "nz": 100,
  "nd": 100,
  "n_muestras": 50,
  "best_f": 0.44618982418406844,
  "best_cp": [
    1.0,
    0.5173919252328829,
    0.5353258062626428
  ],
  "best_u": [
    0.18738131458572474,
    -0.9242151837995406,
    0.33273794039530097
  ],
  "n_candidatos": 54
}
