Punto[0.         0.50057574 0.42302263] -> F: 0.18373106217545132
Punto[1.         0.48593564 0.44823447] -> F: 0.4267212141009315
Punto[2.         0.48829707 0.43992182] -> F: 0.12081941390107355
Punto[1.         0.49443641 0.43147223] -> F: 0.4197852379577283
Punto[1.         0.48610565 0.44789923] -> F: 0.42666213186172264
Punto[1.         0.48627227 0.44757069] -> F: 0.426604239245888
Punto[1.         0.48643888 0.44724215] -> F: 0.4265463545280518
Punto[1.         0.4866055  0.44691361] -> F: 0.426488477708214
Punto[1.         0.48677211 0.44658507] -> F: 0.42643060878637457
Punto[1.         0.48693873 0.44625653] -> F: 0.4263727477625335
Punto[1.         0.48710534 0.44592799] -> F: 0.42631489463669087
Punto[1.         0.48727196 0.44559945] -> F: 0.4262570494088466
Punto[1.         0.48743858 0.44527091] -> F: 0.4261992120790007
Punto[1.         0.48760519 0.44494237] -> F: 0.42614138264715323
Punto[1.         0.48777181 0.44461383] -> F: 0.4260835611133041
Punto[1.         0.48793842 0.44428529] -> F: 0.4260257474774533
Punto[1.         0.48810504 0.44395675] -> F: 0.42596794173960095
Punto[1.         0.48827165 0.44362821] -> F: 0.4259101438997471
Punto[1.         0.48843827 0.44329967] -> F: 0.4258523539578915
Punto[1.         0.48860488 0.44297113] -> F: 0.4257945719140342
Punto[1.         0.4887715  0.44264259] -> F: 0.42573679776817547
Punto[1.         0.48893811 0.44231405] -> F: 0.42567903152031505
Punto[1.         0.48910473 0.44198551] -> F: 0.42562127317045295
Punto[1.         0.48927134 0.44165697] -> F: 0.42556352271858927
Punto[1.         0.48943796 0.44132843] -> F: 0.42550578016472407
Punto[1.         0.48960457 0.44099989] -> F: 0.4254480455088572
Punto[1.         0.48977119 0.44067135] -> F: 0.42539031875098865
Punto[1.         0.4899378  0.44034281] -> F: 0.42533259989111855
Punto[1.         0.49010442 0.44001427] -> F: 0.42527488892924675
Punto[1.         0.49027103 0.43968573] -> F: 0.4252171858653734
Punto[1.         0.49043765 0.43935719] -> F: 0.4251568103178764
Punto[1.         0.49060426 0.43902865] -> F: 0.42509184990250787
Punto[1.         0.49077088 0.43870011] -> F: 0.4250268995025256
Punto[1.         0.49093749 0.43837157] -> F: 0.4249619591179298
Punto[1.         0.49110411 0.43804303] -> F: 0.42489702874872026
Punto[1.         0.49127072 0.43771449] -> F: 0.42483210839489727
Punto[1.         0.49143734 0.43738595] -> F: 0.4245385156310969
Punto[1.         0.49160395 0.43705741] -> F: 0.4242451396393196
Punto[1.         0.49177057 0.43672887] -> F: 0.4239552112957686
Punto[1.         0.49193718 0.43640033] -> F: 0.42366873060044397
Punto[1.         0.4921038  0.43607179] -> F: 0.42338569755334543
Punto[1.         0.49227041 0.43574325] -> F: 0.4231061121544734
Punto[1.         0.49243703 0.43541471] -> F: 0.4228299744038275
Punto[1.         0.49260364 0.43508617] -> F: 0.422557284301408
Punto[1.         0.49277026 0.43475763] -> F: 0.4222880418472147
Punto[1.         0.49293687 0.43442909] -> F: 0.42202224704124786
Punto[1.         0.49310349 0.43410055] -> F: 0.42175989988350715
Punto[1.         0.4932701  0.43377201] -> F: 0.42150100037399274
Punto[1.         0.49343672 0.43344347] -> F: 0.4212455485127046
Punto[1.         0.49360333 0.43311493] -> F: 0.4209935442996429
Punto[1.         0.49376995 0.43278639] -> F: 0.42074498773480745
Punto[1.         0.49393656 0.43245785] -> F: 0.4204998788181982
Punto[1.         0.49410318 0.43212931] -> F: 0.42025821754981524
Punto[1.         0.49426979 0.43180077] -> F: 0.4200200039296586
{
  "seed": 15361,
  "n_per_z": 10,
  "nz": 100,
  "nd": 100,
  "n_muestras": 50,
  "best_f": 0.4267212141009315,
  "best_cp": [
    1.0,
    0.48593563891043345,
    0.44823447143270745
  ],
  "best_u": [
    0.7289686274214113,
    -0.5134863618406044,
    -0.4526991235236087
  ],
  "best_index": 1,
  "n_candidatos": 54
}
