Punto[0.         0.44352122 0.54802208] -> F: 0.17520737658790653
Punto[1.         0.42369306 0.46726308] -> F: 0.39211290704711294
Punto[2.         0.37875768 0.39462743] -> F: 0.08369209282950697
Punto[1.         0.41113945 0.47132476] -> F: 0.3811673835270297
Punto[1.         0.42344199 0.46734432] -> F: 0.3924629415707128
Punto[1.         0.42319594 0.46742393] -> F: 0.3928078019004527
Punto[1.         0.42294988 0.46750354] -> F: 0.39315447027734346
Punto[1.         0.42270383 0.46758314] -> F: 0.39350294670138514
Punto[1.         0.42245778 0.46766275] -> F: 0.393853231172578
Punto[1.         0.42221173 0.46774236] -> F: 0.39420532369092154
Punto[1.         0.42196568 0.46782197] -> F: 0.3945592242564166
Punto[1.         0.42171963 0.46790158] -> F: 0.39465251126475964
Punto[1.         0.42147358 0.46798119] -> F: 0.3943888509028027
Punto[1.         0.42122753 0.4680608 ] -> F: 0.3941140252630143
Punto[1.         0.42098148 0.46814041] -> F: 0.3938400285581341
Punto[1.         0.42073543 0.46822001] -> F: 0.39356686078816167
Punto[1.         0.42048938 0.46829962] -> F: 0.39329452195309755
Punto[1.         0.42024333 0.46837923] -> F: 0.3930230120529413
Punto[1.         0.41999728 0.46845884] -> F: 0.3927523310876929
Punto[1.         0.41975122 0.46853845] -> F: 0.3924824790573527
Punto[1.         0.41950517 0.46861806] -> F: 0.392200651097619
Punto[1.         0.41925912 0.46869767] -> F: 0.3919016765406095
Punto[1.         0.41901307 0.46877728] -> F: 0.3916030589155002
Punto[1.         0.41876702 0.46885688] -> F: 0.39130479822229147
Punto[1.         0.41852097 0.46893649] -> F: 0.39100689446098336
Punto[1.         0.41827492 0.4690161 ] -> F: 0.3907093476315758
Punto[1.         0.41802887 0.46909571] -> F: 0.39041215773406834
Punto[1.         0.41778282 0.46917532] -> F: 0.3901153247684617
Punto[1.         0.41753677 0.46925493] -> F: 0.3898188487347553
Punto[1.         0.41729072 0.46933454] -> F: 0.3895227296329494
Punto[1.         0.41704467 0.46941415] -> F: 0.38922696746304397
Punto[1.         0.41679862 0.46949375] -> F: 0.3888945540948827
Punto[1.         0.41655256 0.46957336] -> F: 0.38855423197899286
Punto[1.         0.41630651 0.46965297] -> F: 0.3882143060611172
Punto[1.         0.41606046 0.46973258] -> F: 0.38787477634125583
Punto[1.         0.41581441 0.46981219] -> F: 0.38753564281940883
Punto[1.         0.41556836 0.4698918 ] -> F: 0.387196905495576
Punto[1.         0.41532231 0.46997141] -> F: 0.3868585643697575
Punto[1.         0.41507626 0.47005102] -> F: 0.3865206194419533
Punto[1.         0.41483021 0.47013063] -> F: 0.38618307071216346
Punto[1.         0.41458416 0.47021023] -> F: 0.3858459181803878
Punto[1.         0.41433811 0.47028984] -> F: 0.38550916184662665
Punto[1.         0.41409206 0.47036945] -> F: 0.3851728017108794
Punto[1.         0.41384601 0.47044906] -> F: 0.3848368377731468
Punto[1.         0.41359995 0.47052867] -> F: 0.3845012700334284
Punto[1.         0.4133539  0.47060828] -> F: 0.3841660984917241
Punto[1.         0.41310785 0.47068789] -> F: 0.3838313231480343
Punto[1.        0.4128618 0.4707675] -> F: 0.38349694400235873
Punto[1.         0.41261575 0.4708471 ] -> F: 0.3831629610546974
Punto[1.         0.4123697  0.47092671] -> F: 0.3828293743050503
Punto[1.         0.41212365 0.47100632] -> F: 0.38249618375341765
Punto[1.         0.4118776  0.47108593] -> F: 0.38216338939979916
Punto[1.         0.41163155 0.47116554] -> F: 0.3818309912441951
Punto[1.         0.4113855  0.47124515] -> F: 0.3814989892866053
Best centerpoint:  [1.         0.42171963 0.46790158] Best F:  0.39465251126475964 Best u:  [ 0.24868989 -0.96667188  0.06081784] índice:  8
{
  "seed": 10626,
  "n_per_z": 5,
  "nz": 100,
  "nd": 100,
  "n_muestras": 50,
  "best_f": 0.39465251126475964,
  "best_cp": [
    1.0,
    0.42171963072491225,
    0.4679015791101218
  ],
  "best_u": [
    0.24868988716485474,
    -0.9666718835119211,
    0.06081783989461159
  ],
  "n_candidatos": 54
}
