Punto[0.         0.46864085 0.56133577] -> F: 0.13341840317739107
Punto[1.         0.51269884 0.51858978] -> F: 0.4272178070999406
Punto[2.         0.42496632 0.49950109] -> F: 0.1396998986641355
Punto[1.         0.44680359 0.53041843] -> F: 0.4377994015136025
Punto[1.         0.51138094 0.51882635] -> F: 0.42876632700286593
Punto[1.         0.51008939 0.5190582 ] -> F: 0.4302859517412379
Punto[1.         0.50879784 0.51929004] -> F: 0.43180763075116035
Punto[1.         0.5075063  0.51952188] -> F: 0.43333136403263345
Punto[1.         0.50621475 0.51975372] -> F: 0.4348571515856574
Punto[1.         0.5049232  0.51998556] -> F: 0.43638499341023146
Punto[1.         0.50363166 0.5202174 ] -> F: 0.4379148895063564
Punto[1.         0.50234011 0.52044925] -> F: 0.4394468398740319
Punto[1.         0.50104856 0.52068109] -> F: 0.4409808445132577
Punto[1.         0.49975701 0.52091293] -> F: 0.4425169034240343
Punto[1.         0.49846547 0.52114477] -> F: 0.44405501660636143
Punto[1.         0.49717392 0.52137661] -> F: 0.4455951840602391
Punto[1.         0.49588237 0.52160845] -> F: 0.4471374057856675
Punto[1.         0.49459083 0.52184029] -> F: 0.4486816817826464
Punto[1.         0.49329928 0.52207214] -> F: 0.4502232011248456
Punto[1.         0.49200773 0.52230398] -> F: 0.4517628616331727
Punto[1.         0.49071618 0.52253582] -> F: 0.4533045794909342
Punto[1.         0.48942464 0.52276766] -> F: 0.45484835469812995
Punto[1.         0.48813309 0.5229995 ] -> F: 0.4563941872547603
Punto[1.         0.48684154 0.52323134] -> F: 0.4579420771608249
Punto[1.         0.48555    0.52346319] -> F: 0.45949202441632386
Punto[1.         0.48425845 0.52369503] -> F: 0.4610440290212571
Punto[1.         0.4829669  0.52392687] -> F: 0.462598090975625
Punto[1.         0.48167536 0.52415871] -> F: 0.4641542054731284
Punto[1.         0.48038381 0.52439055] -> F: 0.46571218695709293
Punto[1.         0.47909226 0.52462239] -> F: 0.46727194023593166
Punto[1.         0.47780071 0.52485423] -> F: 0.4688334653096447
Punto[1.         0.47650917 0.52508608] -> F: 0.4693800946106702
Punto[1.         0.47521762 0.52531792] -> F: 0.46801737737508764
Punto[1.         0.47392607 0.52554976] -> F: 0.46665154868110326
Punto[1.         0.47263453 0.5257816 ] -> F: 0.46528949036253253
Punto[1.         0.47134298 0.52601344] -> F: 0.46393120241937547
Punto[1.         0.47005143 0.52624528] -> F: 0.4625766848516322
Punto[1.         0.46875989 0.52647713] -> F: 0.4612259376593027
Punto[1.         0.46746834 0.52670897] -> F: 0.45984870311271187
Punto[1.         0.46617679 0.52694081] -> F: 0.4584751077453035
Punto[1.         0.46488524 0.52717265] -> F: 0.45710577720287415
Punto[1.         0.4635937  0.52740449] -> F: 0.45574071148542405
Punto[1.         0.46230215 0.52763633] -> F: 0.4543799105929532
Punto[1.         0.4610106  0.52786817] -> F: 0.4530151508151955
Punto[1.         0.45971906 0.52810002] -> F: 0.45162908674794017
Punto[1.         0.45842751 0.52833186] -> F: 0.45024793909226035
Punto[1.         0.45713596 0.5285637 ] -> F: 0.4488717078481561
Punto[1.         0.45584441 0.52879554] -> F: 0.4475003930156273
Punto[1.         0.45455287 0.52902738] -> F: 0.4461339945946743
Punto[1.         0.45326132 0.52925922] -> F: 0.4447521461507957
Punto[1.         0.45196977 0.52949107] -> F: 0.44335794106587645
Punto[1.         0.45067823 0.52972291] -> F: 0.44196954877618444
Punto[1.         0.44938668 0.52995475] -> F: 0.4405869692817198
Punto[1.         0.44809513 0.53018659] -> F: 0.43920966481461565
{
  "seed": 9171,
  "n_per_z": 10,
  "nz": 100,
  "nd": 100,
  "n_muestras": 50,
  "best_f": 0.4693800946106702,
  "best_cp": [
    1.0,
    0.4765091672840718,
    0.5250860760365099
  ],
  "best_u": [
    -0.3387379202452915,
    -0.9367051067973253,
    -0.08854470220010892
  ],
  "best_index": 31,
  "n_candidatos": 54
}
