Punto[0.         0.52440052 0.46405354] -> F: 0.11398543239454166
Punto[1.         0.56352168 0.46086229] -> F: 0.4130040089838717
Punto[2.         0.51498329 0.44387255] -> F: 0.17307694489128614
Punto[1.         0.51969191 0.45396305] -> F: 0.4056504808949627
Punto[1.         0.56264509 0.46072431] -> F: 0.4140161152531413
Punto[1.         0.56178602 0.46058908] -> F: 0.4150108079007311
Punto[1.         0.56092696 0.46045386] -> F: 0.4160083004812821
Punto[1.         0.5600679  0.46031863] -> F: 0.4170085929947939
Punto[1.         0.55920883 0.46018341] -> F: 0.41792139744836293
Punto[1.         0.55834977 0.46004818] -> F: 0.4188054525482088
Punto[1.         0.55749071 0.45991295] -> F: 0.4196931881595608
Punto[1.         0.55663164 0.45977773] -> F: 0.4205846042824191
Punto[1.         0.55577258 0.4596425 ] -> F: 0.4214797009167834
Punto[1.         0.55491352 0.45950728] -> F: 0.4223784780626537
Punto[1.         0.55405445 0.45937205] -> F: 0.4232809357200302
Punto[1.         0.55319539 0.45923683] -> F: 0.4241727024877159
Punto[1.         0.55233632 0.4591016 ] -> F: 0.425066705854605
Punto[1.         0.55147726 0.45896638] -> F: 0.4249453685427029
Punto[1.         0.5506182  0.45883115] -> F: 0.42442737296012745
Punto[1.         0.54975913 0.45869593] -> F: 0.42390967293644566
Punto[1.         0.54890007 0.4585607 ] -> F: 0.42339226847165784
Punto[1.         0.54804101 0.45842548] -> F: 0.42287515956576377
Punto[1.         0.54718194 0.45829025] -> F: 0.42235834621876334
Punto[1.         0.54632288 0.45815503] -> F: 0.4218418284306567
Punto[1.         0.54546382 0.4580198 ] -> F: 0.42132560620144394
Punto[1.         0.54460475 0.45788458] -> F: 0.42080946904892247
Punto[1.         0.54374569 0.45774935] -> F: 0.42029200087691976
Punto[1.         0.54288663 0.45761413] -> F: 0.4197748303743098
Punto[1.         0.54202756 0.4574789 ] -> F: 0.4192579575410928
Punto[1.         0.5411685  0.45734368] -> F: 0.4187413823772683
Punto[1.         0.54030943 0.45720845] -> F: 0.418225104882837
Punto[1.         0.53945037 0.45707323] -> F: 0.4177091250577982
Punto[1.         0.53859131 0.456938  ] -> F: 0.4171934429021524
Punto[1.         0.53773224 0.45680278] -> F: 0.41667805841589933
Punto[1.         0.53687318 0.45666755] -> F: 0.4161629715990392
Punto[1.         0.53601412 0.45653232] -> F: 0.41564818245157187
Punto[1.         0.53515505 0.4563971 ] -> F: 0.4151336909734973
Punto[1.         0.53429599 0.45626187] -> F: 0.4146194971648155
Punto[1.         0.53343693 0.45612665] -> F: 0.4141056010255266
Punto[1.         0.53257786 0.45599142] -> F: 0.41359200255563056
Punto[1.        0.5317188 0.4558562] -> F: 0.41307870175512734
Punto[1.         0.53085974 0.45572097] -> F: 0.4125656986240168
Punto[1.         0.53000067 0.45558575] -> F: 0.4120529931622993
Punto[1.         0.52914161 0.45545052] -> F: 0.41154058536997445
Punto[1.         0.52828254 0.4553153 ] -> F: 0.4110284752470425
Punto[1.         0.52742348 0.45518007] -> F: 0.41051666279350335
Punto[1.         0.52656442 0.45504485] -> F: 0.410005148009357
Punto[1.         0.52570535 0.45490962] -> F: 0.40949393089460345
Punto[1.         0.52484629 0.4547744 ] -> F: 0.40898301144924276
Punto[1.         0.52398723 0.45463917] -> F: 0.408472389673275
Punto[1.         0.52312816 0.45450395] -> F: 0.4079620655666999
Punto[1.         0.5222691  0.45436872] -> F: 0.4074037089749154
Punto[1.         0.52141004 0.4542335 ] -> F: 0.4068181544065673
Punto[1.         0.52055097 0.45409827] -> F: 0.40623374504658305
Best centerpoint:  [1.         0.55233632 0.4591016 ] Best F:  0.425066705854605 Best u:  [-0.27899111  0.95981984  0.03016355] índice:  13
{
  "seed": 18407,
  "n_per_z": 5,
  "nz": 100,
  "nd": 100,
  "n_muestras": 50,
  "best_f": 0.425066705854605,
  "best_cp": [
    1.0,
    0.5523363243143586,
    0.45910160369597924
  ],
  "best_u": [
    -0.27899110603922916,
    0.9598198387118924,
    0.030163553605046314
  ],
  "n_candidatos": 54
}
