Punto[0.         0.50612714 0.47294931] -> F: 0.16193283452726737
Punto[1.         0.51316689 0.53887805] -> F: 0.4314495292716194
Punto[2.         0.50523803 0.61502204] -> F: 0.11244048850641633
Punto[1.         0.50568259 0.54398567] -> F: 0.4286695215511029
Punto[1.         0.51301721 0.53898021] -> F: 0.4314836106066794
Punto[1.         0.51287052 0.53908032] -> F: 0.43149048688715264
Punto[1.         0.51272382 0.53918042] -> F: 0.43149736324199917
Punto[1.         0.51257713 0.53928053] -> F: 0.4315042396712192
Punto[1.         0.51243044 0.53938064] -> F: 0.4315085726977545
Punto[1.         0.51228375 0.53948075] -> F: 0.4315119079292704
Punto[1.         0.51213705 0.53958086] -> F: 0.4315152431782822
Punto[1.         0.51199036 0.53968097] -> F: 0.43151857844478964
Punto[1.         0.51184367 0.53978108] -> F: 0.4315219137287927
Punto[1.         0.51169698 0.53988119] -> F: 0.43152524903029155
Punto[1.         0.51155028 0.5399813 ] -> F: 0.431528584349286
Punto[1.         0.51140359 0.54008141] -> F: 0.4315319196857761
Punto[1.         0.5112569  0.54018152] -> F: 0.43153525503976203
Punto[1.         0.51111021 0.54028163] -> F: 0.43153859041124343
Punto[1.         0.51096351 0.54038174] -> F: 0.43154192580022066
Punto[1.         0.51081682 0.54048185] -> F: 0.4315452612066936
Punto[1.         0.51067013 0.54058196] -> F: 0.4315485966306621
Punto[1.         0.51052344 0.54068206] -> F: 0.43155193207212633
Punto[1.         0.51037674 0.54078217] -> F: 0.43155526753108625
Punto[1.         0.51023005 0.54088228] -> F: 0.4315586030075419
Punto[1.         0.51008336 0.54098239] -> F: 0.43152765444681557
Punto[1.         0.50993667 0.5410825 ] -> F: 0.4314533070910587
Punto[1.         0.50978997 0.54118261] -> F: 0.43137896586190366
Punto[1.         0.50964328 0.54128272] -> F: 0.4313046307593506
Punto[1.         0.50949659 0.54138283] -> F: 0.43123030178339944
Punto[1.         0.5093499  0.54148294] -> F: 0.43115597893405
Punto[1.         0.5092032  0.54158305] -> F: 0.43108166221130256
Punto[1.         0.50905651 0.54168316] -> F: 0.4310073516151571
Punto[1.         0.50890982 0.54178327] -> F: 0.4309330471456134
Punto[1.         0.50876313 0.54188338] -> F: 0.4308587488026718
Punto[1.         0.50861643 0.54198349] -> F: 0.4307844565863319
Punto[1.         0.50846974 0.5420836 ] -> F: 0.4307101704965939
Punto[1.         0.50832305 0.5421837 ] -> F: 0.4306358905334579
Punto[1.         0.50817636 0.54228381] -> F: 0.43056161669692367
Punto[1.         0.50802966 0.54238392] -> F: 0.4304873489869915
Punto[1.         0.50788297 0.54248403] -> F: 0.43041308740366113
Punto[1.         0.50773628 0.54258414] -> F: 0.43033883194693257
Punto[1.         0.50758959 0.54268425] -> F: 0.4302645826168061
Punto[1.         0.50744289 0.54278436] -> F: 0.43019033941328133
Punto[1.         0.5072962  0.54288447] -> F: 0.43011610233635855
Punto[1.         0.50714951 0.54298458] -> F: 0.43004187138603767
Punto[1.         0.50700282 0.54308469] -> F: 0.4299676465623186
Punto[1.         0.50685613 0.5431848 ] -> F: 0.42989342786520157
Punto[1.         0.50670943 0.54328491] -> F: 0.4298192152946864
Punto[1.         0.50656274 0.54338502] -> F: 0.4297450088507731
Punto[1.         0.50641605 0.54348513] -> F: 0.42962907720928056
Punto[1.         0.50626936 0.54358523] -> F: 0.42943717609007437
Punto[1.         0.50612266 0.54368534] -> F: 0.4292452667595536
Punto[1.         0.50597597 0.54378545] -> F: 0.4290533505140256
Punto[1.         0.50582928 0.54388556] -> F: 0.42886143502427965
{
  "seed": 18307,
  "n_per_z": 10,
  "nz": 100,
  "nd": 100,
  "n_muestras": 50,
  "best_f": 0.4315586030075419,
  "best_cp": [
    1.0,
    0.5102300516627347,
    0.5408822832568624
  ],
  "best_u": [
    0.9995065603657316,
    0.018462780949435733,
    0.025411837900422944
  ],
  "best_index": 23,
  "n_candidatos": 54
}
