Punto[0.         0.38385146 0.59932785] -> F: 0.10654602246348066
Punto[1.         0.44050072 0.48545713] -> F: 0.4231625159079427
Punto[2.         0.49935475 0.48011577] -> F: 0.16972697987683166
Punto[1.         0.4416031  0.53972181] -> F: 0.40209645385746223
Punto[1.         0.44052277 0.48654242] -> F: 0.4241585297037324
Punto[1.         0.44054437 0.48760601] -> F: 0.4251233041598274
Punto[1.         0.44056598 0.4886696 ] -> F: 0.4259441755715607
Punto[1.         0.44058759 0.48973318] -> F: 0.4267327792050341
Punto[1.         0.44060919 0.49079677] -> F: 0.42752392253697985
Punto[1.         0.4406308  0.49186036] -> F: 0.42745662710682775
Punto[1.         0.44065241 0.49292395] -> F: 0.4269125710933283
Punto[1.         0.44067401 0.49398753] -> F: 0.42636886364710747
Punto[1.         0.44069562 0.49505112] -> F: 0.42582550476816505
Punto[1.         0.44071723 0.49611471] -> F: 0.42528249445650124
Punto[1.         0.44073883 0.4971783 ] -> F: 0.42473983271211574
Punto[1.         0.44076044 0.49824188] -> F: 0.42419751953500884
Punto[1.         0.44078205 0.49930547] -> F: 0.4236555549251805
Punto[1.         0.44080365 0.50036906] -> F: 0.4231139388826305
Punto[1.         0.44082526 0.50143265] -> F: 0.42257267140735905
Punto[1.         0.44084687 0.50249624] -> F: 0.4220317524993662
Punto[1.         0.44086847 0.50355982] -> F: 0.4214911821586518
Punto[1.         0.44089008 0.50462341] -> F: 0.4209509603852158
Punto[1.         0.44091169 0.505687  ] -> F: 0.4204110871790583
Punto[1.         0.44093329 0.50675059] -> F: 0.41987156254017943
Punto[1.         0.4409549  0.50781417] -> F: 0.41933238646857895
Punto[1.         0.44097651 0.50887776] -> F: 0.418793558964257
Punto[1.         0.44099811 0.50994135] -> F: 0.4182550800272135
Punto[1.         0.44101972 0.51100494] -> F: 0.4177169496574485
Punto[1.         0.44104133 0.51206853] -> F: 0.417179167854962
Punto[1.         0.44106293 0.51313211] -> F: 0.41664173461975407
Punto[1.         0.44108454 0.5141957 ] -> F: 0.41610464995182456
Punto[1.         0.44110615 0.51525929] -> F: 0.4155679138511736
Punto[1.         0.44112775 0.51632288] -> F: 0.4150315263178011
Punto[1.         0.44114936 0.51738646] -> F: 0.41449479455877697
Punto[1.         0.44117097 0.51845005] -> F: 0.4139558412712175
Punto[1.         0.44119257 0.51951364] -> F: 0.41341724081210574
Punto[1.         0.44121418 0.52057723] -> F: 0.4128789931814417
Punto[1.         0.44123579 0.52164082] -> F: 0.41234109837922556
Punto[1.         0.44125739 0.5227044 ] -> F: 0.4118035564054569
Punto[1.         0.441279   0.52376799] -> F: 0.41126636726013616
Punto[1.         0.44130061 0.52483158] -> F: 0.4107295309432632
Punto[1.         0.44132222 0.52589517] -> F: 0.41019304745483803
Punto[1.         0.44134382 0.52695875] -> F: 0.40965691679486044
Punto[1.         0.44136543 0.52802234] -> F: 0.40912113896333074
Punto[1.         0.44138704 0.52908593] -> F: 0.40858571396024873
Punto[1.         0.44140864 0.53014952] -> F: 0.4080506417856145
Punto[1.         0.44143025 0.53121311] -> F: 0.407515922439428
Punto[1.         0.44145186 0.53227669] -> F: 0.40688444382409666
Punto[1.         0.44147346 0.53334028] -> F: 0.40624057965333743
Punto[1.         0.44149507 0.53440387] -> F: 0.40558178189581257
Punto[1.         0.44151668 0.53546746] -> F: 0.40492321357948774
Punto[1.         0.44153828 0.53653104] -> F: 0.4042664191328593
Punto[1.         0.44155989 0.53759463] -> F: 0.40361139855592754
Punto[1.         0.4415815  0.53865822] -> F: 0.4028922415639387
{
  "seed": 4072,
  "n_per_z": 10,
  "nz": 100,
  "nd": 100,
  "n_muestras": 50,
  "best_f": 0.42752392253697985,
  "best_cp": [
    1.0,
    0.4406091933762218,
    0.49079677056931803
  ],
  "best_u": [
    -0.39714789063478056,
    -0.20020196885337438,
    -0.895652122551818
  ],
  "best_index": 8,
  "n_candidatos": 54
}
