Punto[0.         0.5955549  0.35795425] -> F: 0.08763809018742127
Punto[1.         0.51566461 0.39031791] -> F: 0.3367536379069298
Punto[2.         0.61069289 0.45743755] -> F: 0.12808699865872702
Punto[1.        0.6031239 0.4076959] -> F: 0.3735800226605284
Punto[1.         0.51741379 0.39066547] -> F: 0.33900824273491165
Punto[1.         0.51912799 0.39100608] -> F: 0.3413583694568521
Punto[1.         0.5208422  0.39134668] -> F: 0.343847689825972
Punto[1.         0.5225564  0.39168729] -> F: 0.3461130388356781
Punto[1.        0.5242706 0.3920279] -> F: 0.34812557498448965
Punto[1.         0.5259848  0.39236851] -> F: 0.3502879765744303
Punto[1.         0.527699   0.39270912] -> F: 0.35269323490680426
Punto[1.         0.52941321 0.39304973] -> F: 0.35534134998161165
Punto[1.         0.53112741 0.39339034] -> F: 0.35823232179885245
Punto[1.         0.53284161 0.39373094] -> F: 0.361366150358527
Punto[1.         0.53455581 0.39407155] -> F: 0.36474283566063465
Punto[1.         0.53627002 0.39441216] -> F: 0.36836237770517594
Punto[1.         0.53798422 0.39475277] -> F: 0.3722247764921504
Punto[1.         0.53969842 0.39509338] -> F: 0.3762872092102285
Punto[1.         0.54141262 0.39543399] -> F: 0.38036735221472495
Punto[1.         0.54312682 0.3957746 ] -> F: 0.38431136101740965
Punto[1.         0.54484103 0.39611521] -> F: 0.3870909467566132
Punto[1.         0.54655523 0.39645581] -> F: 0.3892327588489465
Punto[1.         0.54826943 0.39679642] -> F: 0.3913791559173967
Punto[1.         0.54998363 0.39713703] -> F: 0.393530137961964
Punto[1.         0.55169783 0.39747764] -> F: 0.39569188283655377
Punto[1.         0.55341204 0.39781825] -> F: 0.3979601213391133
Punto[1.         0.55512624 0.39815886] -> F: 0.4003675534888526
Punto[1.         0.55684044 0.39849947] -> F: 0.40291417928577156
Punto[1.         0.55855464 0.39884007] -> F: 0.4054894288136058
Punto[1.         0.56026884 0.39918068] -> F: 0.4074986348598565
Punto[1.         0.56198305 0.39952129] -> F: 0.4061618358654735
Punto[1.         0.56369725 0.3998619 ] -> F: 0.4048222325020538
Punto[1.         0.56541145 0.40020251] -> F: 0.40348503070958125
Punto[1.         0.56712565 0.40054312] -> F: 0.4021502304880557
Punto[1.         0.56883985 0.40088373] -> F: 0.40081783183747716
Punto[1.         0.57055406 0.40122434] -> F: 0.3994845856317794
Punto[1.         0.57226826 0.40156494] -> F: 0.3981446597988966
Punto[1.         0.57398246 0.40190555] -> F: 0.3968071804171235
Punto[1.         0.57569666 0.40224616] -> F: 0.3954721474864597
Punto[1.         0.57741086 0.40258677] -> F: 0.39413956100690556
Punto[1.         0.57912507 0.40292738] -> F: 0.3928094209784609
Punto[1.         0.58083927 0.40326799] -> F: 0.3914693138976204
Punto[1.         0.58255347 0.4036086 ] -> F: 0.3901316195230429
Punto[1.         0.58426767 0.4039492 ] -> F: 0.38879641790094754
Punto[1.         0.58598187 0.40428981] -> F: 0.3874637090313342
Punto[1.         0.58769608 0.40463042] -> F: 0.3861334929142027
Punto[1.         0.58941028 0.40497103] -> F: 0.38479617874232974
Punto[1.         0.59112448 0.40531164] -> F: 0.383458309694037
Punto[1.         0.59283868 0.40565225] -> F: 0.3821229812854094
Punto[1.         0.59455289 0.40599286] -> F: 0.38079019351644644
Punto[1.         0.59626709 0.40633347] -> F: 0.37945994638714825
Punto[1.         0.59798129 0.40667407] -> F: 0.3781252669919652
Punto[1.         0.59969549 0.40701468] -> F: 0.3767872399047806
Punto[1.         0.60140969 0.40735529] -> F: 0.3752415783285355
Best centerpoint:  [1.         0.56026884 0.39918068] Best F:  0.4074986348598565 Best u:  [-0.4539905   0.89056687  0.02798719] índice:  26
{
  "seed": 16239,
  "n_per_z": 5,
  "nz": 100,
  "nd": 100,
  "n_muestras": 50,
  "best_f": 0.4074986348598565,
  "best_cp": [
    1.0,
    0.5602688439540102,
    0.399180683412974
  ],
  "best_u": [
    -0.4539904997395467,
    0.8905668662549416,
    0.02798719126832131
  ],
  "n_candidatos": 54
}
