Punto[0.         0.54470642 0.50296114] -> F: 0.15746392812545373
Punto[1.         0.44034818 0.44684971] -> F: 0.4198053540808777
Punto[2.         0.38928685 0.33633407] -> F: 0.12528843011815338
Punto[1.         0.46699663 0.41964761] -> F: 0.43434261017419495
Punto[1.         0.44088115 0.44630567] -> F: 0.42077918703896366
Punto[1.         0.44140346 0.44577251] -> F: 0.42173539534249954
Punto[1.         0.44192577 0.44523934] -> F: 0.42269343694352957
Punto[1.         0.44244808 0.44470618] -> F: 0.42365331184205385
Punto[1.         0.44297039 0.44417302] -> F: 0.4246150200380722
Punto[1.         0.4434927  0.44363986] -> F: 0.42557856153158496
Punto[1.         0.44401501 0.4431067 ] -> F: 0.42654393632259185
Punto[1.         0.44453732 0.44257354] -> F: 0.427511144411093
Punto[1.         0.44505963 0.44204038] -> F: 0.42848018579708835
Punto[1.         0.44558194 0.44150722] -> F: 0.4294510604805777
Punto[1.         0.44610425 0.44097405] -> F: 0.4304237684615616
Punto[1.         0.44662656 0.44044089] -> F: 0.43139830974003956
Punto[1.         0.44714887 0.43990773] -> F: 0.43237468431601167
Punto[1.         0.44767118 0.43937457] -> F: 0.43335289218947803
Punto[1.         0.44819349 0.43884141] -> F: 0.43433293336043877
Punto[1.         0.4487158  0.43830825] -> F: 0.4353148078288937
Punto[1.         0.44923811 0.43777509] -> F: 0.4362985155948426
Punto[1.         0.44976042 0.43724193] -> F: 0.4372840566582859
Punto[1.         0.45028273 0.43670877] -> F: 0.43827143101922345
Punto[1.         0.45080503 0.4361756 ] -> F: 0.43926063867765514
Punto[1.         0.45132734 0.43564244] -> F: 0.44025167963358103
Punto[1.         0.45184965 0.43510928] -> F: 0.44124455388700135
Punto[1.         0.45237196 0.43457612] -> F: 0.44223926143791553
Punto[1.         0.45289427 0.43404296] -> F: 0.4432358022863241
Punto[1.         0.45341658 0.4335098 ] -> F: 0.44423417643222696
Punto[1.         0.45393889 0.43297664] -> F: 0.445234383875624
Punto[1.         0.4544612  0.43244348] -> F: 0.44623642461651525
Punto[1.         0.45498351 0.43191031] -> F: 0.4466060213258193
Punto[1.         0.45550582 0.43137715] -> F: 0.44621607543274666
Punto[1.         0.45602813 0.43084399] -> F: 0.44582643527524013
Punto[1.         0.45655044 0.43031083] -> F: 0.44543710085329946
Punto[1.         0.45707275 0.42977767] -> F: 0.44504807216692494
Punto[1.         0.45759506 0.42924451] -> F: 0.44465934921611644
Punto[1.         0.45811737 0.42871135] -> F: 0.444270932000874
Punto[1.         0.45863968 0.42817819] -> F: 0.4438826460745395
Punto[1.         0.45916199 0.42764502] -> F: 0.4434887435149598
Punto[1.         0.4596843  0.42711186] -> F: 0.4430951563837754
Punto[1.         0.46020661 0.4265787 ] -> F: 0.44270188468098626
Punto[1.         0.46072892 0.42604554] -> F: 0.4423089284065925
Punto[1.         0.46125123 0.42551238] -> F: 0.44191628756059403
Punto[1.         0.46177354 0.42497922] -> F: 0.441523962142991
Punto[1.         0.46229585 0.42444606] -> F: 0.4411319521537833
Punto[1.         0.46281816 0.4239129 ] -> F: 0.44074025759297086
Punto[1.         0.46334047 0.42337973] -> F: 0.4403488784605538
Punto[1.         0.46386278 0.42284657] -> F: 0.439957814756532
Punto[1.         0.46438509 0.42231341] -> F: 0.439149722117667
Punto[1.         0.4649074  0.42178025] -> F: 0.43818619611867093
Punto[1.         0.46542971 0.42124709] -> F: 0.43722372192482584
Punto[1.         0.46595202 0.42071393] -> F: 0.43626229953613144
Punto[1.         0.46647432 0.42018077] -> F: 0.43530192895258785
{
  "seed": 7323,
  "n_per_z": 10,
  "nz": 100,
  "nd": 100,
  "n_muestras": 50,
  "best_f": 0.4466060213258193,
  "best_cp": [
    1.0,
    0.45498351229022393,
    0.4319103141232369
  ],
  "best_u": [
    0.48175367410171543,
    0.7679133974894982,
    -0.4221639627510074
  ],
  "best_index": 31,
  "n_candidatos": 54
}
