Punto[0.         0.56190036 0.45828446] -> F: 0.14629890234178516
Punto[1.         0.52836713 0.49369445] -> F: 0.44671478528701875
Punto[2.         0.46782005 0.54876751] -> F: 0.10605614919307103
Punto[1.         0.51486021 0.50352598] -> F: 0.43989753167324946
Punto[1.         0.52809699 0.49389108] -> F: 0.44717378549588577
Punto[1.         0.52783226 0.49408378] -> F: 0.44762581776353444
Punto[1.         0.52756752 0.49427648] -> F: 0.44807781426012055
Punto[1.         0.52730278 0.49446918] -> F: 0.44852977498564434
Punto[1.         0.52703805 0.49466188] -> F: 0.4489816999401059
Punto[1.         0.52677331 0.49485457] -> F: 0.4494335891235051
Punto[1.         0.52650858 0.49504727] -> F: 0.4498854425358418
Punto[1.         0.52624384 0.49523997] -> F: 0.45029873698929523
Punto[1.         0.52597911 0.49543267] -> F: 0.450065329274678
Punto[1.         0.52571437 0.49562537] -> F: 0.4498354538593386
Punto[1.         0.52544964 0.49581806] -> F: 0.44960911074327703
Punto[1.         0.5251849  0.49601076] -> F: 0.4493862999264932
Punto[1.         0.52492016 0.49620346] -> F: 0.44916696711322895
Punto[1.         0.52465543 0.49639616] -> F: 0.4489487579841398
Punto[1.         0.52439069 0.49658886] -> F: 0.44873041692550975
Punto[1.         0.52412596 0.49678155] -> F: 0.4485119439373391
Punto[1.         0.52386122 0.49697425] -> F: 0.4482933390196276
Punto[1.         0.52359649 0.49716695] -> F: 0.4480746021723752
Punto[1.         0.52333175 0.49735965] -> F: 0.4478557333955821
Punto[1.         0.52306701 0.49755235] -> F: 0.4475941407550145
Punto[1.         0.52280228 0.49774504] -> F: 0.4473203788231321
Punto[1.         0.52253754 0.49793774] -> F: 0.44704760090397994
Punto[1.         0.52227281 0.49813044] -> F: 0.446775806997558
Punto[1.         0.52200807 0.49832314] -> F: 0.4465049971038664
Punto[1.         0.52174334 0.49851584] -> F: 0.446235171222905
Punto[1.         0.5214786  0.49870853] -> F: 0.44596632935467406
Punto[1.         0.52121386 0.49890123] -> F: 0.4456984714991733
Punto[1.         0.52094913 0.49909393] -> F: 0.44543159765640283
Punto[1.         0.52068439 0.49928663] -> F: 0.4451657078263625
Punto[1.         0.52041966 0.49947932] -> F: 0.4449008020090528
Punto[1.         0.52015492 0.49967202] -> F: 0.44463688020447295
Punto[1.         0.51989019 0.49986472] -> F: 0.4443739424126236
Punto[1.         0.51962545 0.50005742] -> F: 0.4441119886335045
Punto[1.         0.51936072 0.50025012] -> F: 0.44385228129709353
Punto[1.         0.51909598 0.50044281] -> F: 0.443596135842973
Punto[1.         0.51883124 0.50063551] -> F: 0.4433435524095349
Punto[1.         0.51856651 0.50082821] -> F: 0.4430945309967788
Punto[1.         0.51830177 0.50102091] -> F: 0.4428490716047056
Punto[1.         0.51803704 0.50121361] -> F: 0.4426071742333144
Punto[1.        0.5177723 0.5014063] -> F: 0.44236883888260586
Punto[1.         0.51750757 0.501599  ] -> F: 0.4421340655525796
Punto[1.         0.51724283 0.5017917 ] -> F: 0.4419028542432357
Punto[1.         0.51697809 0.5019844 ] -> F: 0.4416752049545743
Punto[1.         0.51671336 0.5021771 ] -> F: 0.4414511176865953
Punto[1.         0.51644862 0.50236979] -> F: 0.4412294711945516
Punto[1.         0.51618389 0.50256249] -> F: 0.44100779027280923
Punto[1.         0.51591915 0.50275519] -> F: 0.4407859857516771
Punto[1.         0.51565442 0.50294789] -> F: 0.44056405763115497
Punto[1.         0.51538968 0.50314059] -> F: 0.440342005911243
Punto[1.         0.51512494 0.50333328] -> F: 0.4401198305919412
{
  "seed": 14024,
  "n_per_z": 10,
  "nz": 100,
  "nd": 100,
  "n_muestras": 50,
  "best_f": 0.45029873698929523,
  "best_cp": [
    1.0,
    0.5262438421572764,
    0.49523997036218537
  ],
  "best_u": [
    0.24868988716485474,
    -0.9005658478447125,
    0.35655924292838886
  ],
  "best_index": 11,
  "n_candidatos": 54
}
