Punto[0.         0.5054521  0.58763204] -> F: 0.10559104271466113
Punto[1.         0.47688024 0.48921412] -> F: 0.41904869207500206
Punto[2.         0.42746287 0.44268922] -> F: 0.18123952798194573
Punto[1.         0.46645748 0.51516063] -> F: 0.40730961633298396
Punto[1.         0.47667179 0.48973305] -> F: 0.4188929806519542
Punto[1.        0.4764675 0.4902416] -> F: 0.4187404171254567
Punto[1.         0.47626321 0.49075015] -> F: 0.4185878869269667
Punto[1.         0.47605893 0.4912587 ] -> F: 0.41843539005648445
Punto[1.         0.47585464 0.49176726] -> F: 0.4182829265140097
Punto[1.         0.47565036 0.49227581] -> F: 0.4181304962995425
Punto[1.         0.47544607 0.49278436] -> F: 0.4179780994130832
Punto[1.         0.47524178 0.49329291] -> F: 0.41782573585463134
Punto[1.         0.4750375  0.49380146] -> F: 0.41767340562418726
Punto[1.         0.47483321 0.49431001] -> F: 0.41752110872175074
Punto[1.         0.47462893 0.49481856] -> F: 0.4173688451473218
Punto[1.         0.47442464 0.49532712] -> F: 0.4172166149009005
Punto[1.         0.47422035 0.49583567] -> F: 0.4170644179824868
Punto[1.         0.47401607 0.49634422] -> F: 0.4169122543920808
Punto[1.         0.47381178 0.49685277] -> F: 0.41676012412968255
Punto[1.         0.4736075  0.49736132] -> F: 0.41660802719529166
Punto[1.         0.47340321 0.49786987] -> F: 0.41645596358890863
Punto[1.         0.47319892 0.49837843] -> F: 0.41630393331053306
Punto[1.         0.47299464 0.49888698] -> F: 0.41611849171075027
Punto[1.         0.47279035 0.49939553] -> F: 0.4158411265630967
Punto[1.         0.47258607 0.49990408] -> F: 0.41556391667367193
Punto[1.         0.47238178 0.50041263] -> F: 0.4152868620424759
Punto[1.         0.47217749 0.50092118] -> F: 0.4150099626695087
Punto[1.         0.47197321 0.50142974] -> F: 0.4147332185547703
Punto[1.         0.47176892 0.50193829] -> F: 0.41445662969826064
Punto[1.         0.47156464 0.50244684] -> F: 0.41418019609997986
Punto[1.         0.47136035 0.50295539] -> F: 0.41390391775992785
Punto[1.         0.47115606 0.50346394] -> F: 0.4136277946781047
Punto[1.         0.47095178 0.50397249] -> F: 0.4133518268545102
Punto[1.         0.47074749 0.50448105] -> F: 0.4130760142891446
Punto[1.        0.4705432 0.5049896] -> F: 0.41280035698200773
Punto[1.         0.47033892 0.50549815] -> F: 0.4125248549330997
Punto[1.         0.47013463 0.5060067 ] -> F: 0.41224950814242045
Punto[1.         0.46993035 0.50651525] -> F: 0.4119743166099701
Punto[1.         0.46972606 0.5070238 ] -> F: 0.4116992803357484
Punto[1.         0.46952177 0.50753236] -> F: 0.41142439931975555
Punto[1.         0.46931749 0.50804091] -> F: 0.41114967356199156
Punto[1.         0.4691132  0.50854946] -> F: 0.4108751030624563
Punto[1.         0.46890892 0.50905801] -> F: 0.41060068782114983
Punto[1.         0.46870463 0.50956656] -> F: 0.4103264278380722
Punto[1.         0.46850034 0.51007511] -> F: 0.4100523231132233
Punto[1.         0.46829606 0.51058367] -> F: 0.40977837364660324
Punto[1.         0.46809177 0.51109222] -> F: 0.409504579438212
Punto[1.         0.46788749 0.51160077] -> F: 0.40923094048804953
Punto[1.         0.4676832  0.51210932] -> F: 0.40895745679611595
Punto[1.         0.46747891 0.51261787] -> F: 0.4086841283624111
Punto[1.         0.46727463 0.51312642] -> F: 0.40841095518693493
Punto[1.         0.46707034 0.51363498] -> F: 0.40813793726968767
Punto[1.         0.46686606 0.51414353] -> F: 0.40786266837699175
Punto[1.         0.46666177 0.51465208] -> F: 0.4075860624890634
{
  "seed": 16130,
  "n_per_z": 10,
  "nz": 100,
  "nd": 100,
  "n_muestras": 50,
  "best_f": 0.41904869207500206,
  "best_cp": [
    1.0,
    0.4768802407891928,
    0.48921411839666895
  ],
  "best_u": [
    -0.4257792915650727,
    0.6193967401315993,
    0.6595905344899158
  ],
  "best_index": 1,
  "n_candidatos": 54
}
