Punto[0.         0.4463127  0.55989846] -> F: 0.15181702923835066
Punto[1.         0.48653432 0.53426429] -> F: 0.42654478352808906
Punto[2.         0.47304492 0.54040093] -> F: 0.14541555649646887
Punto[1.         0.45967881 0.5501497 ] -> F: 0.4465973119691808
Punto[1.         0.48599721 0.534582  ] -> F: 0.4271375169148801
Punto[1.         0.48547084 0.53489336] -> F: 0.4277533686025063
Punto[1.         0.48494447 0.53520471] -> F: 0.42840383999639486
Punto[1.         0.4844181  0.53551606] -> F: 0.4290889310965456
Punto[1.         0.48389174 0.53582742] -> F: 0.4298086419029585
Punto[1.         0.48336537 0.53613877] -> F: 0.4305629724156335
Punto[1.         0.482839   0.53645013] -> F: 0.4313519226345708
Punto[1.         0.48231263 0.53676148] -> F: 0.4321752704380385
Punto[1.         0.48178626 0.53707283] -> F: 0.4330124863977358
Punto[1.         0.4812599  0.53738419] -> F: 0.4338501654464393
Punto[1.         0.48073353 0.53769554] -> F: 0.434688307584149
Punto[1.         0.48020716 0.53800689] -> F: 0.43552691281086486
Punto[1.         0.47968079 0.53831825] -> F: 0.4363659811265871
Punto[1.         0.47915442 0.5386296 ] -> F: 0.4372055125313153
Punto[1.         0.47862806 0.53894096] -> F: 0.43804550702504996
Punto[1.         0.47810169 0.53925231] -> F: 0.43888596460779083
Punto[1.         0.47757532 0.53956366] -> F: 0.4397268852795378
Punto[1.         0.47704895 0.53987502] -> F: 0.440568269040291
Punto[1.         0.47652258 0.54018637] -> F: 0.4414101158900504
Punto[1.         0.47599622 0.54049773] -> F: 0.4422524258288162
Punto[1.         0.47546985 0.54080908] -> F: 0.4430951988565881
Punto[1.         0.47494348 0.54112043] -> F: 0.4439384349733662
Punto[1.         0.47441711 0.54143179] -> F: 0.44478213417915063
Punto[1.         0.47389074 0.54174314] -> F: 0.4456262964739411
Punto[1.         0.47336438 0.5420545 ] -> F: 0.4464709218577379
Punto[1.         0.47283801 0.54236585] -> F: 0.44731601033054097
Punto[1.         0.47231164 0.5426772 ] -> F: 0.4481615618923501
Punto[1.         0.47178527 0.54298856] -> F: 0.4490075765431656
Punto[1.         0.4712589  0.54329991] -> F: 0.44985405428298725
Punto[1.         0.47073254 0.54361126] -> F: 0.45070099511181505
Punto[1.         0.47020617 0.54392262] -> F: 0.45154839554335213
Punto[1.         0.4696798  0.54423397] -> F: 0.452396230489579
Punto[1.         0.46915343 0.54454533] -> F: 0.4532444949874145
Punto[1.         0.46862706 0.54485668] -> F: 0.45409318903685897
Punto[1.         0.4681007  0.54516803] -> F: 0.4549423126379121
Punto[1.         0.46757433 0.54547939] -> F: 0.45540783572364985
Punto[1.         0.46704796 0.54579074] -> F: 0.45482418545504244
Punto[1.         0.46652159 0.5461021 ] -> F: 0.4542418310626281
Punto[1.         0.46599522 0.54641345] -> F: 0.4536607725464071
Punto[1.         0.46546886 0.5467248 ] -> F: 0.45308100990637934
Punto[1.         0.46494249 0.54703616] -> F: 0.4525025431425449
Punto[1.         0.46441612 0.54734751] -> F: 0.4519253722549037
Punto[1.         0.46388975 0.54765887] -> F: 0.4513494972434558
Punto[1.         0.46336339 0.54797022] -> F: 0.45077491810820114
Punto[1.         0.46283702 0.54828157] -> F: 0.4502016348491398
Punto[1.         0.46231065 0.54859293] -> F: 0.44962964746627165
Punto[1.         0.46178428 0.54890428] -> F: 0.44905895595959694
Punto[1.         0.46125791 0.54921563] -> F: 0.44848956032911536
Punto[1.         0.46073155 0.54952699] -> F: 0.44792146057482723
Punto[1.         0.46020518 0.54983834] -> F: 0.44726603961939765
{
  "seed": 9310,
  "n_per_z": 10,
  "nz": 100,
  "nd": 100,
  "n_muestras": 50,
  "best_f": 0.45540783572364985,
  "best_cp": [
    1.0,
    0.4675743287523665,
    0.5454793882414031
  ],
  "best_u": [
    0.3387379202452915,
    -0.8748088149980955,
    0.3463613122008902
  ],
  "best_index": 39,
  "n_candidatos": 54
}
