Punto[0.         0.43044507 0.4987053 ] -> F: 0.11181621768190356
Punto[1.         0.46003534 0.48749524] -> F: 0.41149526472971565
Punto[2.         0.46726491 0.46837943] -> F: 0.18940665319907526
Punto[1.         0.44885499 0.48354237] -> F: 0.40848196663325753
Punto[1.         0.45981173 0.48741618] -> F: 0.41167342903375714
Punto[1.         0.4595926  0.48733871] -> F: 0.4118481070705377
Punto[1.         0.45937346 0.48726123] -> F: 0.4120170178864031
Punto[1.         0.45915433 0.48718376] -> F: 0.412185556333226
Punto[1.         0.45893519 0.48710628] -> F: 0.4123541094055611
Punto[1.         0.45871606 0.4870288 ] -> F: 0.41251810686998636
Punto[1.         0.45849692 0.48695133] -> F: 0.4126798854181591
Punto[1.         0.45827779 0.48687385] -> F: 0.4128388279274526
Punto[1.         0.45805865 0.48679637] -> F: 0.41299415794383737
Punto[1.         0.45783952 0.4867189 ] -> F: 0.4131484647130479
Punto[1.         0.45762038 0.48664142] -> F: 0.41329760214772204
Punto[1.         0.45740125 0.48656394] -> F: 0.4134467539142358
Punto[1.         0.45718211 0.48648647] -> F: 0.4135903571199239
Punto[1.         0.45696298 0.48640899] -> F: 0.41373351819963927
Punto[1.         0.45674384 0.48633152] -> F: 0.41382050092542294
Punto[1.         0.45652471 0.48625404] -> F: 0.4138855740680815
Punto[1.         0.45630557 0.48617656] -> F: 0.41394578528822124
Punto[1.         0.45608644 0.48609909] -> F: 0.41399496232770955
Punto[1.         0.4558673  0.48602161] -> F: 0.41402852457990946
Punto[1.         0.45564817 0.48594413] -> F: 0.41399642220937194
Punto[1.         0.45542903 0.48586666] -> F: 0.4138793245283809
Punto[1.         0.4552099  0.48578918] -> F: 0.41376223181174027
Punto[1.         0.45499077 0.4857117 ] -> F: 0.41364514405944985
Punto[1.         0.45477163 0.48563423] -> F: 0.4135261108247137
Punto[1.         0.4545525  0.48555675] -> F: 0.41340484408974815
Punto[1.         0.45433336 0.48547928] -> F: 0.41328358268074117
Punto[1.         0.45411423 0.4854018 ] -> F: 0.4131623265976927
Punto[1.         0.45389509 0.48532432] -> F: 0.41304107584060273
Punto[1.         0.45367596 0.48524685] -> F: 0.41291983040947144
Punto[1.         0.45345682 0.48516937] -> F: 0.4127985903042987
Punto[1.         0.45323769 0.48509189] -> F: 0.4126773555250844
Punto[1.         0.45301855 0.48501442] -> F: 0.4124986467327289
Punto[1.         0.45279942 0.48493694] -> F: 0.412286081132918
Punto[1.         0.45258028 0.48485946] -> F: 0.4120738908350554
Punto[1.         0.45236115 0.48478199] -> F: 0.41186207583914103
Punto[1.         0.45214201 0.48470451] -> F: 0.41165063614517494
Punto[1.         0.45192288 0.48462704] -> F: 0.4114395717531571
Punto[1.         0.45170374 0.48454956] -> F: 0.4112288826630873
Punto[1.         0.45148461 0.48447208] -> F: 0.41101856887496596
Punto[1.         0.45126547 0.48439461] -> F: 0.4108086303887928
Punto[1.         0.45104634 0.48431713] -> F: 0.41059906720456785
Punto[1.         0.4508272  0.48423965] -> F: 0.4103898793222911
Punto[1.         0.45060807 0.48416218] -> F: 0.41018106674196264
Punto[1.         0.45038893 0.4840847 ] -> F: 0.40997262946358237
Punto[1.         0.4501698  0.48400723] -> F: 0.40976456748715034
Punto[1.         0.44995066 0.48392975] -> F: 0.4095568808126665
Punto[1.         0.44973153 0.48385227] -> F: 0.40934956944013084
Punto[1.         0.44951239 0.4837748 ] -> F: 0.40914263336954365
Punto[1.         0.44929326 0.48369732] -> F: 0.40893607260090453
Punto[1.         0.44907412 0.48361984] -> F: 0.40871668590190247
{
  "seed": 14771,
  "n_per_z": 10,
  "nz": 100,
  "nd": 100,
  "n_muestras": 50,
  "best_f": 0.41402852457990946,
  "best_cp": [
    1.0,
    0.4558673046405405,
    0.48602161006840194
  ],
  "best_u": [
    -0.3681245526846781,
    0.44792323817004687,
    -0.8147693455315836
  ],
  "best_index": 22,
  "n_candidatos": 54
}
