Punto[0.         0.44741468 0.54864134] -> F: 0.15021882002541312
Punto[1.         0.50339864 0.54970015] -> F: 0.4117595112227016
Punto[2.         0.50916291 0.52701143] -> F: 0.10843302345861788
Punto[1.         0.4782888  0.53782639] -> F: 0.41035169608201655
Punto[1.         0.50289644 0.54946267] -> F: 0.41175756573810146
Punto[1.         0.50240429 0.54922994] -> F: 0.4117556591870699
Punto[1.         0.50191214 0.54899722] -> F: 0.4117537526596735
Punto[1.         0.50141998 0.54876449] -> F: 0.4117518461559127
Punto[1.         0.50092783 0.54853177] -> F: 0.41174993967578694
Punto[1.         0.50043568 0.54829904] -> F: 0.4117480332192964
Punto[1.         0.49994352 0.54806632] -> F: 0.41174612678644124
Punto[1.         0.49945137 0.54783359] -> F: 0.411744220377221
Punto[1.         0.49895922 0.54760087] -> F: 0.4117423139916365
Punto[1.         0.49846707 0.54736814] -> F: 0.41174040762968694
Punto[1.         0.49797491 0.54713541] -> F: 0.41173850129137296
Punto[1.         0.49748276 0.54690269] -> F: 0.411736594976694
Punto[1.         0.49699061 0.54666996] -> F: 0.41173468868565033
Punto[1.         0.49649845 0.54643724] -> F: 0.411732782418242
Punto[1.         0.4960063  0.54620451] -> F: 0.4117250450344154
Punto[1.         0.49551415 0.54597179] -> F: 0.4116865988284437
Punto[1.         0.495022   0.54573906] -> F: 0.411648153464673
Punto[1.         0.49452984 0.54550633] -> F: 0.41160970988032464
Punto[1.         0.49403769 0.54527361] -> F: 0.41157128123815606
Punto[1.         0.49354554 0.54504088] -> F: 0.41153287178423226
Punto[1.         0.49305338 0.54480816] -> F: 0.41149448151855345
Punto[1.         0.49256123 0.54457543] -> F: 0.4114561104411193
Punto[1.         0.49206908 0.54434271] -> F: 0.41141775855192986
Punto[1.         0.49157692 0.54410998] -> F: 0.41137942585098547
Punto[1.         0.49108477 0.54387725] -> F: 0.4113411123382857
Punto[1.         0.49059262 0.54364453] -> F: 0.41130281801383084
Punto[1.         0.49010047 0.5434118 ] -> F: 0.4112645428776206
Punto[1.         0.48960831 0.54317908] -> F: 0.4112262869296552
Punto[1.         0.48911616 0.54294635] -> F: 0.4111880501699346
Punto[1.         0.48862401 0.54271363] -> F: 0.4111498325984589
Punto[1.         0.48813185 0.5424809 ] -> F: 0.4111116342152278
Punto[1.         0.4876397  0.54224818] -> F: 0.4110734550202417
Punto[1.         0.48714755 0.54201545] -> F: 0.41103529501350017
Punto[1.         0.4866554  0.54178272] -> F: 0.4109971541950039
Punto[1.         0.48616324 0.54155   ] -> F: 0.4109590325647524
Punto[1.         0.48567109 0.54131727] -> F: 0.41092093012274516
Punto[1.         0.48517894 0.54108455] -> F: 0.410882846868983
Punto[1.         0.48468678 0.54085182] -> F: 0.41084478280346565
Punto[1.         0.48419463 0.5406191 ] -> F: 0.4108067379261931
Punto[1.         0.48370248 0.54038637] -> F: 0.4107687122371652
Punto[1.         0.48321032 0.54015364] -> F: 0.41073070573638215
Punto[1.         0.48271817 0.53992092] -> F: 0.4106927184238441
Punto[1.         0.48222602 0.53968819] -> F: 0.4106547502995507
Punto[1.         0.48173387 0.53945547] -> F: 0.41061680136350226
Punto[1.         0.48124171 0.53922274] -> F: 0.4105788716156984
Punto[1.         0.48074956 0.53899002] -> F: 0.41054096105613946
Punto[1.         0.48025741 0.53875729] -> F: 0.4105030696848254
Punto[1.         0.47976525 0.53852456] -> F: 0.41046519750175603
Punto[1.         0.4792731  0.53829184] -> F: 0.4104273445069313
Punto[1.         0.47878095 0.53805911] -> F: 0.4103895107003516
Best centerpoint:  [1.         0.50339864 0.54970015] Best F:  0.4117595112227016 Best u:  [ 0.15643447  0.42053724 -0.89368713] índice:  1
{
  "seed": 6507,
  "n_per_z": 5,
  "nz": 100,
  "nd": 100,
  "n_muestras": 50,
  "best_f": 0.4117595112227016,
  "best_cp": [
    1.0,
    0.5033986388763881,
    0.5497001456910985
  ],
  "best_u": [
    0.1564344650402308,
    0.42053724194568,
    -0.8936871299757524
  ],
  "n_candidatos": 54
}
