Punto[0.         0.50784248 0.42619331] -> F: 0.1464703056313188
Punto[1.         0.44480673 0.44881244] -> F: 0.4461796410855719
Punto[2.         0.44295997 0.51426047] -> F: 0.14581655525806528
Punto[1.         0.47540122 0.47022689] -> F: 0.4629215676962672
Punto[1.         0.44541862 0.44924073] -> F: 0.4471322410536375
Punto[1.         0.44601827 0.44966045] -> F: 0.44806674133372665
Punto[1.         0.44661793 0.45008018] -> F: 0.4490021843058941
Punto[1.         0.44721758 0.4504999 ] -> F: 0.44993856997013976
Punto[1.         0.44781723 0.45091962] -> F: 0.4508758983264635
Punto[1.         0.44841688 0.45133935] -> F: 0.4518141693748656
Punto[1.         0.44901653 0.45175907] -> F: 0.452753383115346
Punto[1.         0.44961619 0.45217879] -> F: 0.45369353954790437
Punto[1.         0.45021584 0.45259852] -> F: 0.45463463867254106
Punto[1.         0.45081549 0.45301824] -> F: 0.4555766804892558
Punto[1.         0.45141514 0.45343796] -> F: 0.4565196649980489
Punto[1.         0.4520148  0.45385768] -> F: 0.457420005421515
Punto[1.         0.45261445 0.45427741] -> F: 0.45830779596847643
Punto[1.         0.4532141  0.45469713] -> F: 0.4591965478119465
Punto[1.         0.45381375 0.45511685] -> F: 0.46008626095192545
Punto[1.         0.4544134  0.45553658] -> F: 0.46097693538841317
Punto[1.         0.45501306 0.4559563 ] -> F: 0.46186857112140967
Punto[1.         0.45561271 0.45637602] -> F: 0.462761168150915
Punto[1.         0.45621236 0.45679575] -> F: 0.4636547264769291
Punto[1.         0.45681201 0.45721547] -> F: 0.46454924609945203
Punto[1.         0.45741166 0.45763519] -> F: 0.4654447270184838
Punto[1.         0.45801132 0.45805492] -> F: 0.4663411692340243
Punto[1.         0.45861097 0.45847464] -> F: 0.46723857274607344
Punto[1.         0.45921062 0.45889436] -> F: 0.4681369375546316
Punto[1.         0.45981027 0.45931409] -> F: 0.4690362277653516
Punto[1.         0.46040992 0.45973381] -> F: 0.46993588166120565
Punto[1.         0.46100958 0.46015353] -> F: 0.4708293554272855
Punto[1.         0.46160923 0.46057326] -> F: 0.4717238084065148
Punto[1.         0.46220888 0.46099298] -> F: 0.47261924059889326
Punto[1.         0.46280853 0.4614127 ] -> F: 0.4734796744295338
Punto[1.         0.46340818 0.46183243] -> F: 0.47432146044046897
Punto[1.         0.46400784 0.46225215] -> F: 0.4751638301047601
Punto[1.         0.46460749 0.46267187] -> F: 0.4746700214849799
Punto[1.         0.46520714 0.46309159] -> F: 0.47407033791100667
Punto[1.         0.46580679 0.46351132] -> F: 0.4734722088802581
Punto[1.         0.46640644 0.46393104] -> F: 0.4728756343927342
Punto[1.         0.4670061  0.46435076] -> F: 0.472280614448435
Punto[1.         0.46760575 0.46477049] -> F: 0.4716871490473604
Punto[1.         0.4682054  0.46519021] -> F: 0.471093580169641
Punto[1.         0.46880505 0.46560993] -> F: 0.4704974943005043
Punto[1.         0.4694047  0.46602966] -> F: 0.46990243568561324
Punto[1.         0.47000436 0.46644938] -> F: 0.4692078085437061
Punto[1.         0.47060401 0.4668691 ] -> F: 0.46850490392539906
Punto[1.         0.47120366 0.46728883] -> F: 0.46780310766035105
Punto[1.         0.47180331 0.46770855] -> F: 0.4671024197485621
Punto[1.         0.47240296 0.46812827] -> F: 0.46640284019003203
Punto[1.         0.47300262 0.468548  ] -> F: 0.465704368984761
Punto[1.         0.47360227 0.46896772] -> F: 0.46500700613274903
Punto[1.         0.47420192 0.46938744] -> F: 0.46431075163399604
Punto[1.         0.47480157 0.46980717] -> F: 0.46361560548850206
{
  "seed": 6116,
  "n_per_z": 10,
  "nz": 100,
  "nd": 100,
  "n_muestras": 50,
  "best_f": 0.4751638301047601,
  "best_cp": [
    1.0,
    0.4640078353101983,
    0.4622521484469353
  ],
  "best_u": [
    0.24868988716485485,
    -0.3846707593466036,
    -0.888921676485414
  ],
  "best_index": 35,
  "n_candidatos": 54
}
