Punto[0.         0.48278882 0.41293954] -> F: 0.13426590121304421
Punto[1.         0.5006097  0.48596558] -> F: 0.4097979538478712
Punto[2.         0.47111364 0.42643714] -> F: 0.1262645509221432
Punto[1.         0.47695123 0.41968834] -> F: 0.4326570370355946
Punto[1.         0.50013653 0.48464004] -> F: 0.4118172959182817
Punto[1.         0.49967282 0.483341  ] -> F: 0.4138471387039478
Punto[1.         0.49920912 0.48204197] -> F: 0.415927355030554
Punto[1.         0.49874541 0.48074294] -> F: 0.41805794489810016
Punto[1.         0.49828171 0.4794439 ] -> F: 0.4202359646903611
Punto[1.         0.497818   0.47814487] -> F: 0.4223291744227976
Punto[1.         0.49735429 0.47684583] -> F: 0.4243807831704555
Punto[1.         0.49689059 0.4755468 ] -> F: 0.4264552370876672
Punto[1.         0.49642688 0.47424777] -> F: 0.42855253617443295
Punto[1.         0.49596318 0.47294873] -> F: 0.4306726804307525
Punto[1.         0.49549947 0.4716497 ] -> F: 0.43281566985662584
Punto[1.         0.49503576 0.47035066] -> F: 0.43498150445205336
Punto[1.         0.49457206 0.46905163] -> F: 0.4371701842170346
Punto[1.         0.49410835 0.4677526 ] -> F: 0.4393817091515693
Punto[1.         0.49364465 0.46645356] -> F: 0.4416149217473779
Punto[1.         0.49318094 0.46515453] -> F: 0.4438535304939014
Punto[1.         0.49271723 0.46385549] -> F: 0.4460922732998848
Punto[1.         0.49225353 0.46255646] -> F: 0.4483045007447503
Punto[1.         0.49178982 0.46125743] -> F: 0.4496910801899628
Punto[1.         0.49132612 0.45995839] -> F: 0.4510961743452058
Punto[1.         0.49086241 0.45865936] -> F: 0.45267728210794905
Punto[1.         0.4903987  0.45736032] -> F: 0.4544448473737961
Punto[1.         0.489935   0.45606129] -> F: 0.45639887014274655
Punto[1.         0.48947129 0.45476226] -> F: 0.45849075006436546
Punto[1.         0.48900759 0.45346322] -> F: 0.4593252893433066
Punto[1.         0.48854388 0.45216419] -> F: 0.4585201174771943
Punto[1.         0.48808017 0.45086515] -> F: 0.4576802616776909
Punto[1.         0.48761647 0.44956612] -> F: 0.45665231256326216
Punto[1.         0.48715276 0.44826709] -> F: 0.455654268178019
Punto[1.         0.48668906 0.44696805] -> F: 0.4546861285219617
Punto[1.         0.48622535 0.44566902] -> F: 0.45374789359509016
Punto[1.         0.48576164 0.44436998] -> F: 0.4528395633974044
Punto[1.         0.48529794 0.44307095] -> F: 0.4519611379289044
Punto[1.         0.48483423 0.44177192] -> F: 0.4511126171895902
Punto[1.         0.48437053 0.44047288] -> F: 0.4502119663803524
Punto[1.         0.48390682 0.43917385] -> F: 0.4492230810015951
Punto[1.         0.48344311 0.43787482] -> F: 0.44824767553826345
Punto[1.         0.48297941 0.43657578] -> F: 0.44728574999035764
Punto[1.         0.4825157  0.43527675] -> F: 0.4463373043578773
Punto[1.         0.482052   0.43397771] -> F: 0.44540233864082257
Punto[1.         0.48158829 0.43267868] -> F: 0.44448085283919386
Punto[1.         0.48112458 0.43137965] -> F: 0.4435465065119212
Punto[1.         0.48066088 0.43008061] -> F: 0.4425486455199976
Punto[1.         0.48019717 0.42878158] -> F: 0.44140802463093637
Punto[1.         0.47973347 0.42748254] -> F: 0.4401736097329241
Punto[1.         0.47926976 0.42618351] -> F: 0.43895830665464386
Punto[1.         0.47880605 0.42488448] -> F: 0.43776211539609583
Punto[1.         0.47834235 0.42358544] -> F: 0.43650884546107727
Punto[1.         0.47787864 0.42228641] -> F: 0.43522485800206934
Punto[1.         0.47741494 0.42098737] -> F: 0.43394092186024175
{
  "seed": 2092,
  "n_per_z": 10,
  "nz": 100,
  "nd": 100,
  "n_muestras": 50,
  "best_f": 0.4593252893433066,
  "best_cp": [
    1.0,
    0.4890075867783826,
    0.45346322240192466
  ],
  "best_u": [
    0.3090169943749471,
    0.3501072546390014,
    -0.8842699856020305
  ],
  "best_index": 28,
  "n_candidatos": 54
}
