Punto[0.         0.31803233 0.42926305] -> F: 0.17942197421744435
Punto[1.         0.44247791 0.49533376] -> F: 0.3572168276830178
Punto[2.         0.48671241 0.53183679] -> F: 0.06305541803751785
Punto[1.         0.40237237 0.48054992] -> F: 0.32718760730370683
Punto[1.         0.4416758  0.49503809] -> F: 0.35732010537882475
Punto[1.         0.44088973 0.49474832] -> F: 0.3567101812615396
Punto[1.         0.44010366 0.49445856] -> F: 0.35610080759708407
Punto[1.         0.43931759 0.4941688 ] -> F: 0.3554919843854583
Punto[1.         0.43853152 0.49387903] -> F: 0.3548837116266621
Punto[1.         0.43774545 0.49358927] -> F: 0.35427478111653843
Punto[1.         0.43695939 0.49329951] -> F: 0.35366371257010276
Punto[1.         0.43617332 0.49300974] -> F: 0.3530532015697924
Punto[1.         0.43538725 0.49271998] -> F: 0.3524432481156073
Punto[1.         0.43460118 0.49243022] -> F: 0.35183385220754737
Punto[1.         0.43381511 0.49214045] -> F: 0.3512250138456127
Punto[1.         0.43302904 0.49185069] -> F: 0.3506167330298033
Punto[1.         0.43224298 0.49156093] -> F: 0.35000900976011895
Punto[1.         0.43145691 0.49127116] -> F: 0.34940184403655994
Punto[1.         0.43067084 0.4909814 ] -> F: 0.3487952358591262
Punto[1.         0.42988477 0.49069164] -> F: 0.34818918522781755
Punto[1.         0.4290987  0.49040187] -> F: 0.34758369214263424
Punto[1.         0.42831263 0.49011211] -> F: 0.346978756603576
Punto[1.         0.42752656 0.48982235] -> F: 0.34637437861064313
Punto[1.         0.4267405  0.48953258] -> F: 0.3457705581638354
Punto[1.         0.42595443 0.48924282] -> F: 0.34516729526315293
Punto[1.         0.42516836 0.48895306] -> F: 0.34456458990859573
Punto[1.         0.42438229 0.48866329] -> F: 0.34396244210016363
Punto[1.         0.42359622 0.48837353] -> F: 0.3433608518378568
Punto[1.         0.42281015 0.48808377] -> F: 0.34275981912167536
Punto[1.         0.42202408 0.487794  ] -> F: 0.34215934395161895
Punto[1.         0.42123802 0.48750424] -> F: 0.34155942632768777
Punto[1.         0.42045195 0.48721448] -> F: 0.34095896621935234
Punto[1.         0.41966588 0.48692471] -> F: 0.3403562899784923
Punto[1.         0.41887981 0.48663495] -> F: 0.33975417852606127
Punto[1.         0.41809374 0.48634519] -> F: 0.33915263186205924
Punto[1.         0.41730767 0.48605542] -> F: 0.3385516499864861
Punto[1.         0.41652161 0.48576566] -> F: 0.3379512328993421
Punto[1.         0.41573554 0.4854759 ] -> F: 0.337351380600627
Punto[1.         0.41494947 0.48518613] -> F: 0.33675209309034104
Punto[1.         0.4141634  0.48489637] -> F: 0.33615337036848414
Punto[1.         0.41337733 0.48460661] -> F: 0.33555521243505615
Punto[1.         0.41259126 0.48431684] -> F: 0.33495761929005724
Punto[1.         0.41180519 0.48402708] -> F: 0.3343605909334873
Punto[1.         0.41101913 0.48373732] -> F: 0.33376412736534644
Punto[1.         0.41023306 0.48344755] -> F: 0.3331682285856345
Punto[1.         0.40944699 0.48315779] -> F: 0.3325728945943517
Punto[1.         0.40866092 0.48286803] -> F: 0.3319781253914978
Punto[1.         0.40787485 0.48257826] -> F: 0.3313839209770731
Punto[1.         0.40708878 0.4822885 ] -> F: 0.3307902813510772
Punto[1.         0.40630271 0.48199874] -> F: 0.3301972065135105
Punto[1.         0.40551665 0.48170897] -> F: 0.3296046964643727
Punto[1.         0.40473058 0.48141921] -> F: 0.3290127512036639
Punto[1.         0.40394451 0.48112945] -> F: 0.3284204939082448
Punto[1.         0.40315844 0.48083968] -> F: 0.3278126464756129
Best centerpoint:  [1.         0.4416758  0.49503809] Best F:  0.35732010537882475 Best u:  [ 0.42577929 -0.90438057 -0.0284213 ] índice:  1
{
  "seed": 16076,
  "n_per_z": 5,
  "nz": 100,
  "nd": 100,
  "n_muestras": 50,
  "best_f": 0.35732010537882475,
  "best_cp": [
    1.0,
    0.4416757975537858,
    0.4950380869463427
  ],
  "best_u": [
    0.4257792915650727,
    -0.9043805749361745,
    -0.028421304552383085
  ],
  "n_candidatos": 54
}
