Punto[0.         0.39262328 0.30224932] -> F: 0.10107489701356914
Punto[1.         0.46361871 0.49093517] -> F: 0.30498875457625507
Punto[2.         0.32891363 0.40535823] -> F: 0.06741445001634615
Punto[1.         0.36076845 0.35380377] -> F: 0.31961041883067703
Punto[1.         0.46156171 0.48819254] -> F: 0.3102625821956962
Punto[1.         0.45954584 0.48550477] -> F: 0.3155309695491044
Punto[1.         0.45752998 0.48281699] -> F: 0.32089838272132964
Punto[1.         0.45551411 0.48012922] -> F: 0.3263648217123717
Punto[1.         0.45349825 0.47744144] -> F: 0.33185677352204407
Punto[1.         0.45148238 0.47475367] -> F: 0.33743720967403446
Punto[1.         0.44946652 0.47206589] -> F: 0.3431105347650001
Punto[1.         0.44745065 0.46937811] -> F: 0.3488767487949414
Punto[1.         0.44543479 0.46669034] -> F: 0.354735851763858
Punto[1.         0.44341892 0.46400256] -> F: 0.36068784367175016
Punto[1.         0.44140306 0.46131479] -> F: 0.36667727404796935
Punto[1.         0.43938719 0.45862701] -> F: 0.37273236044580776
Punto[1.         0.43737133 0.45593924] -> F: 0.3788756262214156
Punto[1.         0.43535546 0.45325146] -> F: 0.38510707137479294
Punto[1.         0.4333396  0.45056369] -> F: 0.39142669590594015
Punto[1.         0.43132373 0.44787591] -> F: 0.39783449981485675
Punto[1.         0.42930787 0.44518814] -> F: 0.40433048310154274
Punto[1.         0.427292   0.44250036] -> F: 0.4086136261583382
Punto[1.         0.42527614 0.43981258] -> F: 0.4066332321854799
Punto[1.         0.42326027 0.43712481] -> F: 0.40464581756020723
Punto[1.         0.42124441 0.43443703] -> F: 0.40260149111129023
Punto[1.         0.41922854 0.43174926] -> F: 0.4005636251347624
Punto[1.         0.41721268 0.42906148] -> F: 0.3985245868702969
Punto[1.         0.41519681 0.42637371] -> F: 0.3964244082609628
Punto[1.         0.41318095 0.42368593] -> F: 0.39433118009121143
Punto[1.         0.41116508 0.42099816] -> F: 0.3922363029000847
Punto[1.         0.40914922 0.41831038] -> F: 0.3900822483937849
Punto[1.         0.40713335 0.41562261] -> F: 0.38793565398002233
Punto[1.         0.40511749 0.41293483] -> F: 0.38578140020149637
Punto[1.         0.40310162 0.41024705] -> F: 0.3835753416358204
Punto[1.         0.40108576 0.40755928] -> F: 0.38137727425758694
Punto[1.         0.39906989 0.4048715 ] -> F: 0.37916064462477383
Punto[1.         0.39705403 0.40218373] -> F: 0.37690435899199765
Punto[1.         0.39503816 0.39949595] -> F: 0.37465661908684617
Punto[1.         0.3930223  0.39680818] -> F: 0.3723750379531937
Punto[1.         0.39100643 0.3941204 ] -> F: 0.37007021582320965
Punto[1.         0.38899056 0.39143263] -> F: 0.3677745196896873
Punto[1.         0.3869747  0.38874485] -> F: 0.36501425077944516
Punto[1.         0.38495883 0.38605708] -> F: 0.36255055215541426
Punto[1.         0.38294297 0.3833693 ] -> F: 0.35970946010092
Punto[1.         0.3809271  0.38068153] -> F: 0.35705923912933824
Punto[1.         0.37891124 0.37799375] -> F: 0.3545330061816449
Punto[1.         0.37689537 0.37530597] -> F: 0.35193982793025047
Punto[1.         0.37487951 0.3726182 ] -> F: 0.34927366194252696
Punto[1.         0.37286364 0.36993042] -> F: 0.34667311362660513
Punto[1.         0.37084778 0.36724265] -> F: 0.3422790946148826
Punto[1.         0.36883191 0.36455487] -> F: 0.3375837249342013
Punto[1.         0.36681605 0.3618671 ] -> F: 0.332852889095165
Punto[1.         0.36480018 0.35917932] -> F: 0.3283062472414238
Punto[1.         0.36278432 0.35649155] -> F: 0.3239437993729778
Best centerpoint:  [1.         0.427292   0.44250036] Best F:  0.4086136261583382 Best u:  [ 0.33873792  0.29074815 -0.89483079] índice:  18
{
  "seed": 3646,
  "n_per_z": 5,
  "nz": 100,
  "nd": 100,
  "n_muestras": 50,
  "best_f": 0.4086136261583382,
  "best_cp": [
    1.0,
    0.4272920015535395,
    0.4425003599778784
  ],
  "best_u": [
    0.33873792024529137,
    0.2907481472874238,
    -0.894830786370711
  ],
  "n_candidatos": 54
}
