Punto[0.         0.3088281  0.18852513] -> F: 0.08261339781238605
Punto[1.         0.44008104 0.38444794] -> F: 0.2883292247277023
Punto[2.         0.31977038 0.73989863] -> F: 0.1232759858420948
Punto[1.         0.31429924 0.46421188] -> F: 0.3056984343220308
Punto[1.         0.4375654  0.38604322] -> F: 0.29598616177320775
Punto[1.         0.43510008 0.38760659] -> F: 0.3037480871591413
Punto[1.         0.43263476 0.38916997] -> F: 0.3111175375056121
Punto[1.         0.43016943 0.39073334] -> F: 0.31656878642868486
Punto[1.         0.42770411 0.39229671] -> F: 0.3215767030956886
Punto[1.         0.42523879 0.39386008] -> F: 0.32648600333101185
Punto[1.         0.42277346 0.39542346] -> F: 0.33175998527235595
Punto[1.         0.42030814 0.39698683] -> F: 0.33739864891972055
Punto[1.         0.41784282 0.3985502 ] -> F: 0.3434019942731058
Punto[1.         0.41537749 0.40011358] -> F: 0.3497700213325114
Punto[1.         0.41291217 0.40167695] -> F: 0.3553348327785748
Punto[1.         0.41044685 0.40324032] -> F: 0.3602991612019413
Punto[1.         0.40798152 0.4048037 ] -> F: 0.36806640050756084
Punto[1.         0.4055162  0.40636707] -> F: 0.37650253514460025
Punto[1.         0.40305088 0.40793044] -> F: 0.38491770851478685
Punto[1.         0.40058555 0.40949382] -> F: 0.39298667580216184
Punto[1.         0.39812023 0.41105719] -> F: 0.3959521690413375
Punto[1.         0.39565491 0.41262056] -> F: 0.39311909212044627
Punto[1.         0.39318958 0.41418394] -> F: 0.3902858299096493
Punto[1.         0.39072426 0.41574731] -> F: 0.3874621116795672
Punto[1.         0.38825894 0.41731068] -> F: 0.3846479374302001
Punto[1.         0.38579362 0.41887406] -> F: 0.38184330716154796
Punto[1.         0.38332829 0.42043743] -> F: 0.3790163455747218
Punto[1.         0.38086297 0.4220008 ] -> F: 0.3761811485462187
Punto[1.         0.37839765 0.42356418] -> F: 0.3733558401711217
Punto[1.         0.37593232 0.42512755] -> F: 0.37054042044943053
Punto[1.         0.373467   0.42669092] -> F: 0.3677348893811455
Punto[1.         0.37100168 0.4282543 ] -> F: 0.3649392469662663
Punto[1.         0.36853635 0.42981767] -> F: 0.362152626051643
Punto[1.         0.36607103 0.43138104] -> F: 0.35937308587890116
Punto[1.         0.36360571 0.43294442] -> F: 0.35661392094061817
Punto[1.         0.36114038 0.43450779] -> F: 0.3538751312367941
Punto[1.         0.35867506 0.43607116] -> F: 0.3511567167674289
Punto[1.         0.35620974 0.43763454] -> F: 0.3484586775325224
Punto[1.         0.35374441 0.43919791] -> F: 0.34578101353207485
Punto[1.         0.35127909 0.44076128] -> F: 0.3431232928338931
Punto[1.         0.34881377 0.44232466] -> F: 0.3404855894788845
Punto[1.         0.34634844 0.44388803] -> F: 0.3378682736649547
Punto[1.         0.34388312 0.4454514 ] -> F: 0.3352713453921037
Punto[1.         0.3414178  0.44701478] -> F: 0.3326948046603313
Punto[1.         0.33895248 0.44857815] -> F: 0.33013865146963767
Punto[1.         0.33648715 0.45014152] -> F: 0.3276028858200227
Punto[1.         0.33402183 0.4517049 ] -> F: 0.32508750771148653
Punto[1.         0.33155651 0.45326827] -> F: 0.3225925171440291
Punto[1.         0.32909118 0.45483164] -> F: 0.3201179141176502
Punto[1.         0.32662586 0.45639502] -> F: 0.3176636986323503
Punto[1.         0.32416054 0.45795839] -> F: 0.31522987068812897
Punto[1.         0.32169521 0.45952176] -> F: 0.3128164302849864
Punto[1.         0.31922989 0.46108513] -> F: 0.3104233774229225
Punto[1.         0.31676457 0.46264851] -> F: 0.3080507121019373
Best centerpoint:  [1.         0.39812023 0.41105719] Best F:  0.3959521690413375 Best u:  [-0.56208338 -0.35215378  0.74836488] índice:  17
{
  "seed": 10544,
  "n_per_z": 5,
  "nz": 100,
  "nd": 100,
  "n_muestras": 50,
  "best_f": 0.3959521690413375,
  "best_cp": [
    1.0,
    0.3981202309680901,
    0.4110571907505274
  ],
  "best_u": [
    -0.5620833778521307,
    -0.3521537809818564,
    0.7483648781727543
  ],
  "n_candidatos": 54
}
