Punto[0.         0.57670268 0.46307238] -> F: 0.14572452785931375
Punto[1.         0.5724633  0.46627386] -> F: 0.42125125602360186
Punto[2.         0.69796233 0.37533532] -> F: 0.12134004034899608
Punto[1.         0.6373325  0.41920385] -> F: 0.42934215343398363
Punto[1.         0.57376068 0.46533246] -> F: 0.4235642155164388
Punto[1.         0.57503212 0.46440989] -> F: 0.42583777779501575
Punto[1.         0.57630355 0.46348732] -> F: 0.42811813273630456
Punto[1.         0.57757499 0.46256475] -> F: 0.430403338662875
Punto[1.         0.57884643 0.46164218] -> F: 0.43268448285805866
Punto[1.         0.58011786 0.4607196 ] -> F: 0.43497034299311194
Punto[1.         0.5813893  0.45979703] -> F: 0.437260919068035
Punto[1.         0.58266074 0.45887446] -> F: 0.43955621108282744
Punto[1.         0.58393217 0.45795189] -> F: 0.4418562190374899
Punto[1.         0.58520361 0.45702931] -> F: 0.4441065185694329
Punto[1.         0.58647505 0.45610674] -> F: 0.44632421741952655
Punto[1.         0.58774648 0.45518417] -> F: 0.4485273778109882
Punto[1.         0.58901792 0.4542616 ] -> F: 0.45073525414231985
Punto[1.         0.59028936 0.45333903] -> F: 0.45294784641352087
Punto[1.         0.59156079 0.45241645] -> F: 0.45516515462459173
Punto[1.         0.59283223 0.45149388] -> F: 0.4567451583184583
Punto[1.         0.59410366 0.45057131] -> F: 0.45760552078029143
Punto[1.         0.5953751  0.44964874] -> F: 0.458419509653599
Punto[1.         0.59664654 0.44872616] -> F: 0.4592029526091961
Punto[1.         0.59791797 0.44780359] -> F: 0.4599871217813059
Punto[1.         0.59918941 0.44688102] -> F: 0.4596306639228519
Punto[1.         0.60046085 0.44595845] -> F: 0.45873146843973395
Punto[1.         0.60173228 0.44503588] -> F: 0.45783100072821975
Punto[1.         0.60300372 0.4441133 ] -> F: 0.45692603071734644
Punto[1.         0.60427516 0.44319073] -> F: 0.4560217572514877
Punto[1.         0.60554659 0.44226816] -> F: 0.4551181803306433
Punto[1.         0.60681803 0.44134559] -> F: 0.4542152999548132
Punto[1.         0.60808947 0.44042301] -> F: 0.45331262344093426
Punto[1.         0.6093609  0.43950044] -> F: 0.4524039163778377
Punto[1.         0.61063234 0.43857787] -> F: 0.451495917066307
Punto[1.         0.61190378 0.4376553 ] -> F: 0.4505886255063417
Punto[1.         0.61317521 0.43673273] -> F: 0.44968204169794207
Punto[1.         0.61444665 0.43581015] -> F: 0.44877616564110806
Punto[1.         0.61571808 0.43488758] -> F: 0.4478648055063927
Punto[1.         0.61698952 0.43396501] -> F: 0.4469530462322211
Punto[1.         0.61826096 0.43304244] -> F: 0.4460420061906314
Punto[1.         0.61953239 0.43211987] -> F: 0.44513168538162323
Punto[1.         0.62080383 0.43119729] -> F: 0.44422208380519684
Punto[1.         0.62207527 0.43027472] -> F: 0.4433087517089625
Punto[1.         0.6233467  0.42935215] -> F: 0.4423931824958113
Punto[1.         0.62461814 0.42842958] -> F: 0.44147834430420413
Punto[1.         0.62588958 0.427507  ] -> F: 0.440564237134141
Punto[1.         0.62716101 0.42658443] -> F: 0.4396508609856223
Punto[1.         0.62843245 0.42566186] -> F: 0.43873583055005894
Punto[1.         0.62970389 0.42473929] -> F: 0.437816384617623
Punto[1.         0.63097532 0.42381672] -> F: 0.4368976818401788
Punto[1.         0.63224676 0.42289414] -> F: 0.4359797222177262
Punto[1.         0.63351819 0.42197157] -> F: 0.4350625057502651
Punto[1.         0.63478963 0.421049  ] -> F: 0.4335735194159328
Punto[1.         0.63606107 0.42012643] -> F: 0.43145618209171743
{
  "seed": 7912,
  "n_per_z": 10,
  "nz": 100,
  "nd": 100,
  "n_muestras": 50,
  "best_f": 0.4599871217813059,
  "best_cp": [
    1.0,
    0.5979179740515819,
    0.44780359242332324
  ],
  "best_u": [
    0.21814324139654234,
    -0.80716179590847,
    -0.5485465900530447
  ],
  "best_index": 23,
  "n_candidatos": 54
}
