Punto[0.         0.61757679 0.60701208] -> F: 0.12039701546049437
Punto[1.         0.49413465 0.52816408] -> F: 0.41050900135444796
Punto[2.         0.38946671 0.55728182] -> F: 0.1302867190917474
Punto[1.         0.50352175 0.58214695] -> F: 0.4379096889129517
Punto[1.         0.49432239 0.52924374] -> F: 0.4125904596658688
Punto[1.         0.49450638 0.53030181] -> F: 0.4146328572381661
Punto[1.         0.49469036 0.53135987] -> F: 0.41668093903925296
Punto[1.         0.49487435 0.53241793] -> F: 0.4187347050691302
Punto[1.         0.49505834 0.533476  ] -> F: 0.4207941553277971
Punto[1.         0.49524233 0.53453406] -> F: 0.42285928981525467
Punto[1.         0.49542631 0.53559213] -> F: 0.42491781746937335
Punto[1.         0.4956103  0.53665019] -> F: 0.426981128926205
Punto[1.         0.49579429 0.53770826] -> F: 0.4290526045648634
Punto[1.         0.49597828 0.53876632] -> F: 0.4311308213343216
Punto[1.         0.49616226 0.53982438] -> F: 0.43321069510408255
Punto[1.         0.49634625 0.54088245] -> F: 0.4352917736450687
Punto[1.         0.49653024 0.54194051] -> F: 0.4373740569572799
Punto[1.         0.49671422 0.54299858] -> F: 0.4394575450407162
Punto[1.         0.49689821 0.54405664] -> F: 0.441174759338895
Punto[1.        0.4970822 0.5451147] -> F: 0.44290330498668
Punto[1.         0.49726619 0.54617277] -> F: 0.44464563007994706
Punto[1.         0.49745017 0.54723083] -> F: 0.44640173461869564
Punto[1.         0.49763416 0.5482889 ] -> F: 0.448171618602926
Punto[1.         0.49781815 0.54934696] -> F: 0.44995528203263796
Punto[1.         0.49800213 0.55040503] -> F: 0.45166044789099347
Punto[1.         0.49818612 0.55146309] -> F: 0.4532850410070755
Punto[1.         0.49837011 0.55252115] -> F: 0.4549181565885566
Punto[1.         0.4985541  0.55357922] -> F: 0.45655979463543644
Punto[1.         0.49873808 0.55463728] -> F: 0.4582099551477151
Punto[1.         0.49892207 0.55569535] -> F: 0.4598686381253931
Punto[1.         0.49910606 0.55675341] -> F: 0.46153584356847
Punto[1.         0.49929004 0.55781147] -> F: 0.4631574705152988
Punto[1.         0.49947403 0.55886954] -> F: 0.46466288361372654
Punto[1.         0.49965802 0.5599276 ] -> F: 0.4638208396467721
Punto[1.         0.49984201 0.56098567] -> F: 0.462175427666905
Punto[1.         0.50002599 0.56204373] -> F: 0.4605283119880365
Punto[1.         0.50020998 0.5631018 ] -> F: 0.4588794926101665
Punto[1.         0.50039397 0.56415986] -> F: 0.457228969533295
Punto[1.         0.50057796 0.56521792] -> F: 0.455580612071694
Punto[1.         0.50076194 0.56627599] -> F: 0.45455877469257144
Punto[1.         0.50094593 0.56733405] -> F: 0.45358638219363295
Punto[1.         0.50112992 0.56839212] -> F: 0.4526121953661522
Punto[1.         0.5013139  0.56945018] -> F: 0.45163621421012917
Punto[1.         0.50149789 0.57050824] -> F: 0.4506584387255641
Punto[1.         0.50168188 0.57156631] -> F: 0.4494012177853426
Punto[1.         0.50186587 0.57262437] -> F: 0.4481313698658209
Punto[1.         0.50204985 0.57368244] -> F: 0.44688834306458414
Punto[1.         0.50223384 0.5747405 ] -> F: 0.44567213738163247
Punto[1.         0.50241783 0.57579857] -> F: 0.4444827528169661
Punto[1.         0.50260181 0.57685663] -> F: 0.4433201893705843
Punto[1.         0.5027858  0.57791469] -> F: 0.4421844470424878
Punto[1.         0.50296979 0.57897276] -> F: 0.4410755258326762
Punto[1.         0.50315378 0.58003082] -> F: 0.4399934257411497
Punto[1.         0.50333776 0.58108889] -> F: 0.43893814676790827
{
  "seed": 14565,
  "n_per_z": 10,
  "nz": 100,
  "nd": 100,
  "n_muestras": 50,
  "best_f": 0.46466288361372654,
  "best_cp": [
    1.0,
    0.4994740319329218,
    0.5588695386618906
  ],
  "best_u": [
    -0.2181432413965427,
    0.12231480346338842,
    -0.9682213667786527
  ],
  "best_index": 32,
  "n_candidatos": 54
}
