Punto[0.         0.31053313 0.49220181] -> F: 0.16767686663077444
Punto[1.         0.39851372 0.51823001] -> F: 0.3654453073511192
Punto[2.         0.4266029  0.55184024] -> F: 0.06044674250106081
Punto[1.         0.36856802 0.52202102] -> F: 0.33906650927453763
Punto[1.         0.39791481 0.51830583] -> F: 0.3659292119222921
Punto[1.         0.39732787 0.51838013] -> F: 0.36640386564795696
Punto[1.         0.39674094 0.51845443] -> F: 0.3668789423039218
Punto[1.         0.396154   0.51852874] -> F: 0.36735444189018673
Punto[1.         0.39556707 0.51860304] -> F: 0.3669183415552677
Punto[1.         0.39498013 0.51867735] -> F: 0.36646182164989166
Punto[1.         0.3943932  0.51875165] -> F: 0.3660055167330267
Punto[1.         0.39380626 0.51882595] -> F: 0.36554942680467273
Punto[1.         0.39321932 0.51890026] -> F: 0.3650935518648296
Punto[1.         0.39263239 0.51897456] -> F: 0.3646378919134974
Punto[1.         0.39204545 0.51904887] -> F: 0.36418244695067625
Punto[1.         0.39145852 0.51912317] -> F: 0.36372721697636595
Punto[1.         0.39087158 0.51919747] -> F: 0.3632722019905666
Punto[1.         0.39028464 0.51927178] -> F: 0.3628174019932783
Punto[1.         0.38969771 0.51934608] -> F: 0.3623581254828213
Punto[1.         0.38911077 0.51942039] -> F: 0.36189855508060453
Punto[1.         0.38852384 0.51949469] -> F: 0.361439204619599
Punto[1.         0.3879369  0.51956899] -> F: 0.3609800740998048
Punto[1.         0.38734997 0.5196433 ] -> F: 0.360521163521222
Punto[1.         0.38676303 0.5197176 ] -> F: 0.3600624728838504
Punto[1.         0.38617609 0.51979191] -> F: 0.35960400218769023
Punto[1.         0.38558916 0.51986621] -> F: 0.3591457514327414
Punto[1.         0.38500222 0.51994051] -> F: 0.3586877206190039
Punto[1.         0.38441529 0.52001482] -> F: 0.35822990974647767
Punto[1.         0.38382835 0.52008912] -> F: 0.35777231881516286
Punto[1.         0.38324141 0.52016342] -> F: 0.3573149478250593
Punto[1.         0.38265448 0.52023773] -> F: 0.3568557018931928
Punto[1.         0.38206754 0.52031203] -> F: 0.35639353336710894
Punto[1.         0.38148061 0.52038634] -> F: 0.35586048366956763
Punto[1.         0.38089367 0.52046064] -> F: 0.3548373979048216
Punto[1.         0.38030673 0.52053494] -> F: 0.35387348132532637
Punto[1.         0.3797198  0.52060925] -> F: 0.3529687339310818
Punto[1.         0.37913286 0.52068355] -> F: 0.3521231557220878
Punto[1.         0.37854593 0.52075786] -> F: 0.35133674669834447
Punto[1.         0.37795899 0.52083216] -> F: 0.350609506859852
Punto[1.         0.37737206 0.52090646] -> F: 0.34994138838616146
Punto[1.         0.37678512 0.52098077] -> F: 0.3492995758841718
Punto[1.         0.37619818 0.52105507] -> F: 0.3486559409419679
Punto[1.         0.37561125 0.52112938] -> F: 0.34801048355955
Punto[1.         0.37502431 0.52120368] -> F: 0.3473632037369181
Punto[1.         0.37443738 0.52127798] -> F: 0.34671410147407195
Punto[1.         0.37385044 0.52135229] -> F: 0.34606317677101184
Punto[1.         0.3732635  0.52142659] -> F: 0.34541042962773777
Punto[1.         0.37267657 0.5215009 ] -> F: 0.3447558600442495
Punto[1.         0.37208963 0.5215752 ] -> F: 0.34403025005159404
Punto[1.        0.3715027 0.5216495] -> F: 0.34317794690069087
Punto[1.         0.37091576 0.52172381] -> F: 0.34233564895834523
Punto[1.         0.37032882 0.52179811] -> F: 0.34150335622455713
Punto[1.         0.36974189 0.52187241] -> F: 0.3406810686993266
Punto[1.         0.36915495 0.52194672] -> F: 0.3398687863826533
Best centerpoint:  [1.         0.396154   0.51852874] Best F:  0.36735444189018673 Best u:  [ 0.21814324  0.668061   -0.7114127 ] índice:  4
{
  "seed": 16997,
  "n_per_z": 5,
  "nz": 100,
  "nd": 100,
  "n_muestras": 50,
  "best_f": 0.36735444189018673,
  "best_cp": [
    1.0,
    0.3961540032131156,
    0.5185287388891979
  ],
  "best_u": [
    0.21814324139654234,
    0.6680609950124666,
    -0.7114127024280371
  ],
  "n_candidatos": 54
}
