Punto[0.         0.64564283 0.57479797] -> F: 0.1536746701409759
Punto[1.         0.56739297 0.40995676] -> F: 0.37438980950614936
Punto[2.         0.36282957 0.39561659] -> F: 0.06321919575173988
Punto[1.         0.5042362  0.48520728] -> F: 0.3156962374176844
Punto[1.         0.56612983 0.41146177] -> F: 0.3763836094386804
Punto[1.         0.56489196 0.41293668] -> F: 0.37834975451203007
Punto[1.         0.56365409 0.41441159] -> F: 0.3803279972789956
Punto[1.         0.56241621 0.4158865 ] -> F: 0.38231833773957735
Punto[1.         0.56117834 0.41736141] -> F: 0.3842946008078811
Punto[1.         0.55994047 0.41883632] -> F: 0.3835281032045111
Punto[1.         0.5587026  0.42031123] -> F: 0.3822681807127012
Punto[1.         0.55746472 0.42178614] -> F: 0.3810071257153561
Punto[1.         0.55622685 0.42326105] -> F: 0.37974646508143717
Punto[1.         0.55498898 0.42473596] -> F: 0.378487246614435
Punto[1.         0.5537511  0.42621087] -> F: 0.3772294703143496
Punto[1.         0.55251323 0.42768578] -> F: 0.375973136181181
Punto[1.         0.55127536 0.42916069] -> F: 0.37471824421492916
Punto[1.         0.55003749 0.4306356 ] -> F: 0.373464794415594
Punto[1.         0.54879961 0.43211051] -> F: 0.37221278678317565
Punto[1.         0.54756174 0.43358542] -> F: 0.3709622213176741
Punto[1.         0.54632387 0.43506033] -> F: 0.3697123679335252
Punto[1.         0.545086   0.43653524] -> F: 0.36846112344158677
Punto[1.         0.54384812 0.43801015] -> F: 0.36721132937269935
Punto[1.         0.54261025 0.43948506] -> F: 0.36596298572686287
Punto[1.         0.54137238 0.44095997] -> F: 0.3647160925040773
Punto[1.         0.54013451 0.44243488] -> F: 0.3634706497043428
Punto[1.         0.53889663 0.44390979] -> F: 0.3622266573276592
Punto[1.         0.53765876 0.4453847 ] -> F: 0.36098411537402675
Punto[1.         0.53642089 0.44685961] -> F: 0.359743023843445
Punto[1.         0.53518302 0.44833452] -> F: 0.3585033370800832
Punto[1.         0.53394514 0.44980943] -> F: 0.3572616202075389
Punto[1.         0.53270727 0.45128434] -> F: 0.35602136203599444
Punto[1.         0.5314694  0.45275925] -> F: 0.3547825625654496
Punto[1.         0.53023152 0.45423416] -> F: 0.35342270926339847
Punto[1.         0.52899365 0.45570907] -> F: 0.35102719884063777
Punto[1.         0.52775578 0.45718398] -> F: 0.34918778753200697
Punto[1.         0.52651791 0.45865889] -> F: 0.34770690187319964
Punto[1.         0.52528003 0.4601338 ] -> F: 0.34623162627734644
Punto[1.         0.52404216 0.46160872] -> F: 0.34470224280908207
Punto[1.         0.52280429 0.46308363] -> F: 0.3429618659313977
Punto[1.         0.52156642 0.46455854] -> F: 0.34138006576967006
Punto[1.         0.52032854 0.46603345] -> F: 0.33990494293179646
Punto[1.         0.51909067 0.46750836] -> F: 0.33843279836450996
Punto[1.         0.5178528  0.46898327] -> F: 0.33696075033411954
Punto[1.         0.51661493 0.47045818] -> F: 0.33548879884062555
Punto[1.         0.51537705 0.47193309] -> F: 0.33394587187591
Punto[1.         0.51413918 0.473408  ] -> F: 0.33231985269042735
Punto[1.         0.51290131 0.47488291] -> F: 0.33076142988766133
Punto[1.         0.51166343 0.47635782] -> F: 0.32926963775832735
Punto[1.         0.51042556 0.47783273] -> F: 0.32776321428896776
Punto[1.         0.50918769 0.47930764] -> F: 0.3253966103572459
Punto[1.         0.50794982 0.48078255] -> F: 0.32269676072554815
Punto[1.         0.50671194 0.48225746] -> F: 0.3198206574798828
Punto[1.         0.50547407 0.48373237] -> F: 0.3174738228978935
Best centerpoint:  [1.         0.56117834 0.41736141] Best F:  0.3842946008078811 Best u:  [ 0.03141076 -0.33857077 -0.9404165 ] índice:  5
{
  "seed": 10903,
  "n_per_z": 5,
  "nz": 100,
  "nd": 100,
  "n_muestras": 50,
  "best_f": 0.3842946008078811,
  "best_cp": [
    1.0,
    0.561178340588208,
    0.4173614072427738
  ],
  "best_u": [
    0.03141075907812828,
    -0.3385707735298128,
    -0.9404165010917025
  ],
  "n_candidatos": 54
}
