Punto[0.         0.39738734 0.53753311] -> F: 0.1378938313558193
Punto[1.         0.51453565 0.55031111] -> F: 0.4163600717440982
Punto[2.         0.51549399 0.54854859] -> F: 0.14159196690439385
Punto[1.         0.45644067 0.54304085] -> F: 0.4443488525165897
Punto[1.         0.51337375 0.5501657 ] -> F: 0.4180915891237579
Punto[1.         0.51223509 0.5500232 ] -> F: 0.4197531660708579
Punto[1.         0.51109642 0.54988071] -> F: 0.42141672469128677
Punto[1.         0.50995776 0.54973821] -> F: 0.42309354506742286
Punto[1.         0.5088191  0.54959571] -> F: 0.424783627199266
Punto[1.         0.50768044 0.54945322] -> F: 0.42648415301382736
Punto[1.         0.50654178 0.54931072] -> F: 0.42818717964614617
Punto[1.         0.50540312 0.54916822] -> F: 0.429892228359703
Punto[1.         0.50426445 0.54902573] -> F: 0.4315992991544978
Punto[1.         0.50312579 0.54888323] -> F: 0.43330839203053084
Punto[1.         0.50198713 0.54874073] -> F: 0.43501950698780173
Punto[1.         0.50084847 0.54859823] -> F: 0.4367326440263106
Punto[1.         0.49970981 0.54845574] -> F: 0.4384478031460577
Punto[1.         0.49857115 0.54831324] -> F: 0.44016498434704254
Punto[1.         0.49743248 0.54817074] -> F: 0.44188418762926557
Punto[1.         0.49629382 0.54802825] -> F: 0.44360541299272654
Punto[1.         0.49515516 0.54788575] -> F: 0.4453286604374257
Punto[1.         0.4940165  0.54774325] -> F: 0.4470539299633625
Punto[1.         0.49287784 0.54760076] -> F: 0.44878122157053757
Punto[1.         0.49173918 0.54745826] -> F: 0.45049797505680866
Punto[1.         0.49060051 0.54731576] -> F: 0.45221318624418394
Punto[1.         0.48946185 0.54717326] -> F: 0.4539274443548845
Punto[1.         0.48832319 0.54703077] -> F: 0.45564287185140795
Punto[1.         0.48718453 0.54688827] -> F: 0.457346113081302
Punto[1.         0.48604587 0.54674577] -> F: 0.4590511671212461
Punto[1.         0.48490721 0.54660328] -> F: 0.46075803397124004
Punto[1.         0.48376854 0.54646078] -> F: 0.46246671363128383
Punto[1.         0.48262988 0.54631828] -> F: 0.4641772061013777
Punto[1.         0.48149122 0.54617578] -> F: 0.4658895113815211
Punto[1.         0.48035256 0.54603329] -> F: 0.46574025737367414
Punto[1.         0.4792139  0.54589079] -> F: 0.4651772723043152
Punto[1.         0.47807524 0.54574829] -> F: 0.4646151520621405
Punto[1.         0.47693658 0.5456058 ] -> F: 0.46404984831284374
Punto[1.         0.47579791 0.5454633 ] -> F: 0.46347582490184475
Punto[1.         0.47465925 0.5453208 ] -> F: 0.46290270896210606
Punto[1.         0.47352059 0.54517831] -> F: 0.4623305004936279
Punto[1.         0.47238193 0.54503581] -> F: 0.4617591994964102
Punto[1.         0.47124327 0.54489331] -> F: 0.4611888059704529
Punto[1.         0.47010461 0.54475081] -> F: 0.4606193199157561
Punto[1.         0.46896594 0.54460832] -> F: 0.45951588048327835
Punto[1.         0.46782728 0.54446582] -> F: 0.45819188754907636
Punto[1.         0.46668862 0.54432332] -> F: 0.4568814537999366
Punto[1.         0.46554996 0.54418083] -> F: 0.45545367849099505
Punto[1.         0.4644113  0.54403833] -> F: 0.4539891233335067
Punto[1.         0.46327264 0.54389583] -> F: 0.4525443814636523
Punto[1.         0.46213397 0.54375334] -> F: 0.4511311893644269
Punto[1.         0.46099531 0.54361084] -> F: 0.44974954703583075
Punto[1.         0.45985665 0.54346834] -> F: 0.4483994544778638
Punto[1.         0.45871799 0.54332584] -> F: 0.4470809116905257
Punto[1.         0.45757933 0.54318335] -> F: 0.445793918673817
{
  "seed": 13515,
  "n_per_z": 10,
  "nz": 100,
  "nd": 100,
  "n_muestras": 50,
  "best_f": 0.4658895113815211,
  "best_cp": [
    1.0,
    0.48149122166241803,
    0.5461757848468309
  ],
  "best_u": [
    -0.2181432413965427,
    0.9452565422770495,
    -0.24270062940883796
  ],
  "best_index": 32,
  "n_candidatos": 54
}
