Punto[0.         0.66962125 0.69599323] -> F: 0.0605610789263479
Punto[1.         0.60489883 0.57973346] -> F: 0.31902561267346735
Punto[2.         0.6048659  0.58521778] -> F: 0.19835127794854968
Punto[1.         0.63724358 0.64060551] -> F: 0.2952460475684549
Punto[1.         0.60554573 0.5809509 ] -> F: 0.3219131645052415
Punto[1.         0.60617969 0.58214399] -> F: 0.32473929106111643
Punto[1.         0.60681364 0.58333708] -> F: 0.32756178049125534
Punto[1.         0.6074476  0.58453018] -> F: 0.3295083295706839
Punto[1.         0.60808156 0.58572327] -> F: 0.3308351204619316
Punto[1.         0.60871551 0.58691636] -> F: 0.33215936071193947
Punto[1.         0.60934947 0.58810945] -> F: 0.33348105032070774
Punto[1.         0.60998343 0.58930255] -> F: 0.3348001892882359
Punto[1.         0.61061738 0.59049564] -> F: 0.33395489349559354
Punto[1.         0.61125134 0.59168873] -> F: 0.3330908574974335
Punto[1.         0.6118853  0.59288182] -> F: 0.33222390368097837
Punto[1.         0.61251925 0.59407491] -> F: 0.331357755753887
Punto[1.         0.61315321 0.59526801] -> F: 0.33049241371615906
Punto[1.         0.61378717 0.5964611 ] -> F: 0.32961971282063207
Punto[1.         0.61442113 0.59765419] -> F: 0.3287399055635571
Punto[1.         0.61505508 0.59884728] -> F: 0.32786093450509335
Punto[1.         0.61568904 0.60004037] -> F: 0.3269827996452405
Punto[1.         0.616323   0.60123347] -> F: 0.3261014399068812
Punto[1.         0.61695695 0.60242656] -> F: 0.32520875885175665
Punto[1.         0.61759091 0.60361965] -> F: 0.3243169452516174
Punto[1.         0.61822487 0.60481274] -> F: 0.32342599910646364
Punto[1.         0.61885882 0.60600583] -> F: 0.3225359204162951
Punto[1.         0.61949278 0.60719893] -> F: 0.3216305101084017
Punto[1.         0.62012674 0.60839202] -> F: 0.32072580114714866
Punto[1.         0.6207607  0.60958511] -> F: 0.31982199194424016
Punto[1.         0.62139465 0.6107782 ] -> F: 0.3189190824996758
Punto[1.         0.62202861 0.6119713 ] -> F: 0.31800524389098406
Punto[1.         0.62266257 0.61316439] -> F: 0.31708755180634174
Punto[1.         0.62329652 0.61435748] -> F: 0.31617079294091976
Punto[1.         0.62393048 0.61555057] -> F: 0.3152549672947181
Punto[1.         0.62456444 0.61674366] -> F: 0.3143330899832206
Punto[1.         0.62519839 0.61793676] -> F: 0.3134022901316473
Punto[1.         0.62583235 0.61912985] -> F: 0.3124724582405262
Punto[1.         0.62646631 0.62032294] -> F: 0.31154359430985756
Punto[1.         0.62710026 0.62151603] -> F: 0.3106142347124518
Punto[1.         0.62773422 0.62270912] -> F: 0.3096701631738586
Punto[1.         0.62836818 0.62390222] -> F: 0.30872709575438495
Punto[1.         0.62900214 0.62509531] -> F: 0.3077850324540313
Punto[1.         0.62963609 0.6262884 ] -> F: 0.30684397327279744
Punto[1.         0.63027005 0.62748149] -> F: 0.3058913877332001
Punto[1.         0.63090401 0.62867458] -> F: 0.30493488024173826
Punto[1.         0.63153796 0.62986768] -> F: 0.30397941459911854
Punto[1.         0.63217192 0.63106077] -> F: 0.30302499080534084
Punto[1.         0.63280588 0.63225386] -> F: 0.30206627168177735
Punto[1.         0.63343983 0.63344695] -> F: 0.30109607402926675
Punto[1.         0.63407379 0.63464005] -> F: 0.30012695769928754
Punto[1.         0.63470775 0.63583314] -> F: 0.29915892269183963
Punto[1.         0.63534171 0.63702623] -> F: 0.29819196900692285
Punto[1.         0.63597566 0.63821932] -> F: 0.2972110546792318
Punto[1.         0.63660962 0.63941241] -> F: 0.296227989755992
Best centerpoint:  [1.         0.60998343 0.58930255] Best F:  0.3348001892882359 Best u:  [-0.24868989 -0.59365145 -0.76533084] índice:  8
{
  "seed": 9005,
  "n_per_z": 5,
  "nz": 100,
  "nd": 100,
  "n_muestras": 50,
  "best_f": 0.3348001892882359,
  "best_cp": [
    1.0,
    0.6099834270647218,
    0.5893025451019281
  ],
  "best_u": [
    -0.24868988716485474,
    -0.5936514515052355,
    -0.7653308396684788
  ],
  "n_candidatos": 54
}
