Punto[0.         0.49605954 0.62654233] -> F: 0.09410777103642781
Punto[1.         0.53545849 0.53317417] -> F: 0.35732871263764704
Punto[2.         0.49879275 0.4598824 ] -> F: 0.162010339160546
Punto[1.         0.49742614 0.54321237] -> F: 0.3693063313839691
Punto[1.         0.53469784 0.53337494] -> F: 0.35803963241765113
Punto[1.         0.53395241 0.53357169] -> F: 0.35881576540444304
Punto[1.         0.53320698 0.53376843] -> F: 0.3597616493929888
Punto[1.         0.53246154 0.53396518] -> F: 0.36087737844936446
Punto[1.         0.53171611 0.53416193] -> F: 0.36215786596215965
Punto[1.         0.53097067 0.53435868] -> F: 0.36326441995966996
Punto[1.         0.53022524 0.53455543] -> F: 0.3642040295936318
Punto[1.         0.52947981 0.53475218] -> F: 0.3651699478809023
Punto[1.         0.52873437 0.53494893] -> F: 0.3661621748214817
Punto[1.         0.52798894 0.53514567] -> F: 0.36718071041537
Punto[1.         0.5272435  0.53534242] -> F: 0.368225554662567
Punto[1.         0.52649807 0.53553917] -> F: 0.369296707563073
Punto[1.         0.52575264 0.53573592] -> F: 0.37039416911688755
Punto[1.         0.5250072  0.53593267] -> F: 0.3715179393240111
Punto[1.         0.52426177 0.53612942] -> F: 0.3726680181844436
Punto[1.         0.52351633 0.53632617] -> F: 0.37384440569818483
Punto[1.         0.5227709  0.53652291] -> F: 0.3750471018652348
Punto[1.         0.52202547 0.53671966] -> F: 0.3762130416269684
Punto[1.         0.52128003 0.53691641] -> F: 0.37725541519577693
Punto[1.         0.5205346  0.53711316] -> F: 0.3783099204320273
Punto[1.         0.51978916 0.53730991] -> F: 0.37937655733571984
Punto[1.         0.51904373 0.53750666] -> F: 0.3804553259068545
Punto[1.         0.5182983  0.53770341] -> F: 0.38121588183783034
Punto[1.         0.51755286 0.53790015] -> F: 0.3819176110319256
Punto[1.         0.51680743 0.5380969 ] -> F: 0.38262080330991394
Punto[1.         0.51606199 0.53829365] -> F: 0.38334035739121797
Punto[1.         0.51531656 0.5384904 ] -> F: 0.38408042377947454
Punto[1.         0.51457113 0.53868715] -> F: 0.384841002474684
Punto[1.         0.51382569 0.5388839 ] -> F: 0.38562209347684623
Punto[1.         0.51308026 0.53908065] -> F: 0.3864236967859608
Punto[1.         0.51233482 0.53927739] -> F: 0.38724581240202843
Punto[1.         0.51158939 0.53947414] -> F: 0.3877945188510844
Punto[1.         0.51084396 0.53967089] -> F: 0.38700805932135834
Punto[1.         0.51009852 0.53986764] -> F: 0.3862260325562114
Punto[1.         0.50935309 0.54006439] -> F: 0.3854484385556434
Punto[1.         0.50860765 0.54026114] -> F: 0.3845184807057276
Punto[1.         0.50786222 0.54045789] -> F: 0.3833169808408014
Punto[1.         0.50711679 0.54065463] -> F: 0.3821422462011336
Punto[1.         0.50637135 0.54085138] -> F: 0.3809942767867241
Punto[1.         0.50562592 0.54104813] -> F: 0.37987307259757325
Punto[1.         0.50488048 0.54124488] -> F: 0.3787786336336808
Punto[1.         0.50413505 0.54144163] -> F: 0.37771095989504655
Punto[1.         0.50338962 0.54163838] -> F: 0.37667005138167103
Punto[1.         0.50264418 0.54183513] -> F: 0.3756559080935538
Punto[1.         0.50189875 0.54203187] -> F: 0.37466853003069506
Punto[1.         0.50115331 0.54222862] -> F: 0.3737079171930945
Punto[1.         0.50040788 0.54242537] -> F: 0.37277406958075276
Punto[1.         0.49966245 0.54262212] -> F: 0.3718669871936691
Punto[1.         0.49891701 0.54281887] -> F: 0.37098667003184393
Punto[1.         0.49817158 0.54301562] -> F: 0.3701331180952774
Best centerpoint:  [1.         0.51158939 0.53947414] Best F:  0.3877945188510844 Best u:  [-0.24868989 -0.92117733 -0.29930866] índice:  32
{
  "seed": 12695,
  "n_per_z": 5,
  "nz": 100,
  "nd": 100,
  "n_muestras": 50,
  "best_f": 0.3877945188510844,
  "best_cp": [
    1.0,
    0.5115893897285133,
    0.5394741431838814
  ],
  "best_u": [
    -0.24868988716485474,
    -0.9211773269651432,
    -0.29930865725415495
  ],
  "n_candidatos": 54
}
