Punto[0.         0.53321666 0.46570035] -> F: 0.09634682398459143
Punto[1.         0.52201368 0.5357979 ] -> F: 0.3990884966741108
Punto[2.         0.54794814 0.62120642] -> F: 0.18691173532719532
Punto[1.         0.5405824  0.54345339] -> F: 0.39283458638679497
Punto[1.         0.52238506 0.53595101] -> F: 0.3990635970832547
Punto[1.         0.52274901 0.53610106] -> F: 0.39903919664572896
Punto[1.         0.52311295 0.53625111] -> F: 0.3990147973579837
Punto[1.         0.5234769  0.53640115] -> F: 0.3989903992200191
Punto[1.         0.52384085 0.5365512 ] -> F: 0.3989660022318353
Punto[1.         0.52420479 0.53670125] -> F: 0.3989416063934321
Punto[1.         0.52456874 0.5368513 ] -> F: 0.39891721170480954
Punto[1.         0.52493269 0.53700134] -> F: 0.39888678212333173
Punto[1.         0.52529663 0.53715139] -> F: 0.39885563677981073
Punto[1.         0.52566058 0.53730144] -> F: 0.39882449331088876
Punto[1.         0.52602453 0.53745149] -> F: 0.3987933517165657
Punto[1.         0.52638847 0.53760153] -> F: 0.3987622119968416
Punto[1.         0.52675242 0.53775158] -> F: 0.39873107415171644
Punto[1.         0.52711637 0.53790163] -> F: 0.39869993818119026
Punto[1.         0.52748031 0.53805168] -> F: 0.39866880408526295
Punto[1.         0.52784426 0.53820172] -> F: 0.3986376718639347
Punto[1.         0.52820821 0.53835177] -> F: 0.39860654151720537
Punto[1.         0.52857215 0.53850182] -> F: 0.39857541304507493
Punto[1.         0.5289361  0.53865187] -> F: 0.39854428644754347
Punto[1.         0.52930005 0.53880191] -> F: 0.398513161724611
Punto[1.         0.529664   0.53895196] -> F: 0.3984820388762775
Punto[1.         0.53002794 0.53910201] -> F: 0.39845091790254283
Punto[1.         0.53039189 0.53925206] -> F: 0.3984197988034071
Punto[1.         0.53075584 0.5394021 ] -> F: 0.3983885017928775
Punto[1.         0.53111978 0.53955215] -> F: 0.39835066200034813
Punto[1.         0.53148373 0.5397022 ] -> F: 0.3982525562520041
Punto[1.         0.53184768 0.53985225] -> F: 0.39803729639967733
Punto[1.         0.53221162 0.54000229] -> F: 0.397822097658987
Punto[1.         0.53257557 0.54015234] -> F: 0.3976069600299334
Punto[1.         0.53293952 0.54030239] -> F: 0.3973918835125165
Punto[1.         0.53330346 0.54045244] -> F: 0.3971768681067359
Punto[1.         0.53366741 0.54060248] -> F: 0.396961913812592
Punto[1.         0.53403136 0.54075253] -> F: 0.39674702063008466
Punto[1.         0.5343953  0.54090258] -> F: 0.3965298374015815
Punto[1.         0.53475925 0.54105263] -> F: 0.3963119665819773
Punto[1.         0.5351232  0.54120267] -> F: 0.3960941586514797
Punto[1.         0.53548714 0.54135272] -> F: 0.3958764136100885
Punto[1.         0.53585109 0.54150277] -> F: 0.3956587314578039
Punto[1.         0.53621504 0.54165282] -> F: 0.3954411121946258
Punto[1.         0.53657898 0.54180286] -> F: 0.39522355582055413
Punto[1.         0.53694293 0.54195291] -> F: 0.395006062335589
Punto[1.         0.53730688 0.54210296] -> F: 0.3947886317397304
Punto[1.         0.53767083 0.54225301] -> F: 0.3945712640329782
Punto[1.         0.53803477 0.54240305] -> F: 0.39435395921533256
Punto[1.         0.53839872 0.5425531 ] -> F: 0.39413671728679334
Punto[1.         0.53876267 0.54270315] -> F: 0.3939195382473607
Punto[1.         0.53912661 0.5428532 ] -> F: 0.39370242209703454
Punto[1.         0.53949056 0.54300324] -> F: 0.3934853688358149
Punto[1.         0.53985451 0.54315329] -> F: 0.3932683784637018
Punto[1.         0.54021845 0.54330334] -> F: 0.39305145098069505
{
  "seed": 8065,
  "n_per_z": 10,
  "nz": 100,
  "nd": 100,
  "n_muestras": 50,
  "best_f": 0.3990884966741108,
  "best_cp": [
    1.0,
    0.5220136839498449,
    0.5357979022068549
  ],
  "best_u": [
    -0.9980267284282716,
    0.030249563482002233,
    -0.05502375170696198
  ],
  "best_index": 1,
  "n_candidatos": 54
}
