Punto[0.         0.50522177 0.39493562] -> F: 0.1716904745549989
Punto[1.         0.53458863 0.50836211] -> F: 0.3522532347154178
Punto[2.         0.66417221 0.48375328] -> F: 0.08280726273192043
Punto[1.         0.58469699 0.43934445] -> F: 0.33765146265536977
Punto[1.         0.5355908  0.50698176] -> F: 0.35365430237848844
Punto[1.         0.53657292 0.50562902] -> F: 0.354927440016569
Punto[1.         0.53755505 0.50427627] -> F: 0.3562018025598792
Punto[1.         0.53853717 0.50292352] -> F: 0.3574773900084187
Punto[1.         0.53951929 0.50157078] -> F: 0.35876222658246043
Punto[1.         0.54050142 0.50021803] -> F: 0.36009722686944723
Punto[1.         0.54148354 0.49886528] -> F: 0.36148813195345975
Punto[1.         0.54246567 0.49751254] -> F: 0.36293494183449854
Punto[1.         0.54344779 0.49615979] -> F: 0.3644376565125631
Punto[1.         0.54442991 0.49480705] -> F: 0.3656801595672023
Punto[1.         0.54541204 0.4934543 ] -> F: 0.3669158928822492
Punto[1.         0.54639416 0.49210155] -> F: 0.36815275768762945
Punto[1.         0.54737628 0.49074881] -> F: 0.36939075398334315
Punto[1.         0.54835841 0.48939606] -> F: 0.3706418036304848
Punto[1.         0.54934053 0.48804331] -> F: 0.37203873221264944
Punto[1.         0.55032266 0.48669057] -> F: 0.3736184897946417
Punto[1.         0.55130478 0.48533782] -> F: 0.37538107637646123
Punto[1.         0.5522869  0.48398508] -> F: 0.37732649195810847
Punto[1.         0.55326903 0.48263233] -> F: 0.3785728019130621
Punto[1.         0.55425115 0.48127958] -> F: 0.37735179282358017
Punto[1.         0.55523327 0.47992684] -> F: 0.37611467839115065
Punto[1.         0.5562154  0.47857409] -> F: 0.3748746601932004
Punto[1.         0.55719752 0.47722134] -> F: 0.37361489265736897
Punto[1.         0.55817965 0.4758686 ] -> F: 0.372355996641561
Punto[1.         0.55916177 0.47451585] -> F: 0.3710737528643579
Punto[1.         0.56014389 0.47316311] -> F: 0.3697915254317598
Punto[1.         0.56112602 0.47181036] -> F: 0.36849390952574473
Punto[1.         0.56210814 0.47045761] -> F: 0.36719093838188605
Punto[1.         0.56309027 0.46910487] -> F: 0.3658904876074522
Punto[1.         0.56407239 0.46775212] -> F: 0.3645925572024434
Punto[1.         0.56505451 0.46639937] -> F: 0.3632971471668595
Punto[1.         0.56603664 0.46504663] -> F: 0.36200425750070053
Punto[1.         0.56701876 0.46369388] -> F: 0.36071388820396666
Punto[1.         0.56800088 0.46234114] -> F: 0.35942603927665767
Punto[1.         0.56898301 0.46098839] -> F: 0.3581407107187736
Punto[1.         0.56996513 0.45963564] -> F: 0.35684829710636756
Punto[1.         0.57094726 0.4582829 ] -> F: 0.3555543105983608
Punto[1.         0.57192938 0.45693015] -> F: 0.3542628988130279
Punto[1.        0.5729115 0.4555774] -> F: 0.352974061750369
Punto[1.         0.57389363 0.45422466] -> F: 0.35168779941038397
Punto[1.         0.57487575 0.45287191] -> F: 0.35040411179307285
Punto[1.         0.57585787 0.45151917] -> F: 0.34912299889843557
Punto[1.         0.57684    0.45016642] -> F: 0.34784446072647224
Punto[1.         0.57782212 0.44881367] -> F: 0.3465684972771828
Punto[1.         0.57880425 0.44746093] -> F: 0.34529510855056733
Punto[1.         0.57978637 0.44610818] -> F: 0.3440242945466256
Punto[1.         0.58076849 0.44475543] -> F: 0.342754335639418
Punto[1.         0.58175062 0.44340269] -> F: 0.3414746692749641
Punto[1.         0.58273274 0.44204994] -> F: 0.34019763498947153
Punto[1.         0.58371486 0.4406972 ] -> F: 0.33892323278294006
{
  "seed": 290,
  "n_per_z": 5,
  "nz": 100,
  "nd": 100,
  "n_muestras": 50,
  "best_f": 0.3785728019130621,
  "best_cp": [
    1.0,
    0.5532690273102568,
    0.4826323292666673
  ],
  "best_u": [
    0.4257792915650727,
    0.6595905344899156,
    -0.6193967401315995
  ],
  "best_index": 22,
  "n_candidatos": 54
}
