Punto[0.         0.5055104  0.80017823] -> F: 0.11167938836650895
Punto[1.         0.41901558 0.56955554] -> F: 0.33010753995422265
Punto[2.         0.52378585 0.57483531] -> F: 0.04839061743778091
Punto[1.         0.51464812 0.68750677] -> F: 0.3022031237308527
Punto[1.         0.42092823 0.57191457] -> F: 0.3340990707706299
Punto[1.         0.42280262 0.57422641] -> F: 0.338085612032256
Punto[1.         0.42467702 0.57653825] -> F: 0.34203619248726347
Punto[1.         0.42655142 0.5788501 ] -> F: 0.34601428826027353
Punto[1.         0.42842582 0.58116194] -> F: 0.35001235827548144
Punto[1.         0.43030022 0.58347379] -> F: 0.35399756766659773
Punto[1.         0.43217461 0.58578563] -> F: 0.35803344299230316
Punto[1.         0.43404901 0.58809748] -> F: 0.3620392304870868
Punto[1.         0.43592341 0.59040932] -> F: 0.3661069686019254
Punto[1.         0.43779781 0.59272116] -> F: 0.3699983048333886
Punto[1.         0.43967221 0.59503301] -> F: 0.37375249001063354
Punto[1.         0.4415466  0.59734485] -> F: 0.3775089509955641
Punto[1.        0.443421  0.5996567] -> F: 0.38126042468918936
Punto[1.         0.4452954  0.60196854] -> F: 0.3840943513761132
Punto[1.         0.4471698  0.60428038] -> F: 0.3822482303829165
Punto[1.         0.44904419 0.60659223] -> F: 0.3804066805995596
Punto[1.         0.45091859 0.60890407] -> F: 0.3785697020260423
Punto[1.         0.45279299 0.61121592] -> F: 0.37669471699259716
Punto[1.         0.45466739 0.61352776] -> F: 0.3748120508951729
Punto[1.         0.45654179 0.6158396 ] -> F: 0.3729342352972661
Punto[1.         0.45841618 0.61815145] -> F: 0.37105309398199415
Punto[1.         0.46029058 0.62046329] -> F: 0.3691316371247241
Punto[1.         0.46216498 0.62277514] -> F: 0.3672153122222926
Punto[1.         0.46403938 0.62508698] -> F: 0.36530411927469975
Punto[1.         0.46591378 0.62739882] -> F: 0.36336162186853066
Punto[1.         0.46778817 0.62971067] -> F: 0.3614089656630932
Punto[1.         0.46966257 0.63202251] -> F: 0.3594617254680645
Punto[1.         0.47153697 0.63433436] -> F: 0.35749960223536037
Punto[1.         0.47341137 0.6366462 ] -> F: 0.3555126593171478
Punto[1.         0.47528577 0.63895804] -> F: 0.35353141953420975
Punto[1.         0.47716016 0.64126989] -> F: 0.35154426705367026
Punto[1.         0.47903456 0.64358173] -> F: 0.34952496259526267
Punto[1.         0.48090896 0.64589358] -> F: 0.3475116519706234
Punto[1.         0.48278336 0.64820542] -> F: 0.34549514542644005
Punto[1.         0.48465775 0.65051726] -> F: 0.34344529728527284
Punto[1.         0.48653215 0.65282911] -> F: 0.34140173779156474
Punto[1.         0.48840655 0.65514095] -> F: 0.3393524095684659
Punto[1.         0.49028095 0.6574528 ] -> F: 0.3372737388313661
Punto[1.         0.49215535 0.65976464] -> F: 0.33520165625237647
Punto[1.         0.49402974 0.66207648] -> F: 0.33311671923723873
Punto[1.         0.49590414 0.66438833] -> F: 0.33101085947282743
Punto[1.         0.49777854 0.66670017] -> F: 0.32891189270003257
Punto[1.         0.49965294 0.66901202] -> F: 0.3267890982408704
Punto[1.         0.50152734 0.67132386] -> F: 0.3246576036743447
Punto[1.         0.50340173 0.6736357 ] -> F: 0.32253331293074555
Punto[1.         0.50527613 0.67594755] -> F: 0.3203708358216696
Punto[1.         0.50715053 0.67825939] -> F: 0.3167143781359402
Punto[1.         0.50902493 0.68057124] -> F: 0.311843416029438
Punto[1.         0.51089933 0.68288308] -> F: 0.30858874997331176
Punto[1.         0.51277372 0.68519492] -> F: 0.30562695469864937
{
  "seed": 106,
  "n_per_z": 5,
  "nz": 100,
  "nd": 100,
  "n_muestras": 50,
  "best_f": 0.3840943513761132,
  "best_cp": [
    1.0,
    0.4452953991592017,
    0.6019685392341264
  ],
  "best_u": [
    0.4539904997395467,
    0.8870522056951332,
    -0.08385112114715937
  ],
  "best_index": 17,
  "n_candidatos": 54
}
