Punto[0.         0.46980972 0.49654822] -> F: 0.15562147957380226
Punto[1.         0.4771329  0.52182647] -> F: 0.44558056106325017
Punto[2.         0.43931163 0.58312287] -> F: 0.1272435373219065
Punto[1.         0.45456067 0.53983554] -> F: 0.4509632832818692
Punto[1.         0.47668145 0.52218665] -> F: 0.4460815258489563
Punto[1.         0.47623904 0.52253963] -> F: 0.4465440280384689
Punto[1.         0.47579662 0.52289261] -> F: 0.44700941102001074
Punto[1.         0.47535421 0.52324559] -> F: 0.44745298016747725
Punto[1.         0.47491179 0.52359857] -> F: 0.4478546929076082
Punto[1.         0.47446937 0.52395154] -> F: 0.4482563514887311
Punto[1.         0.47402696 0.52430452] -> F: 0.448657955910846
Punto[1.         0.47358454 0.5246575 ] -> F: 0.44905950617395274
Punto[1.         0.47314213 0.52501048] -> F: 0.44946100227805147
Punto[1.         0.47269971 0.52536345] -> F: 0.44986244422314203
Punto[1.         0.4722573  0.52571643] -> F: 0.45026366458019706
Punto[1.         0.47181488 0.52606941] -> F: 0.4506658612051442
Punto[1.         0.47137247 0.52642239] -> F: 0.45107899832964826
Punto[1.         0.47093005 0.52677537] -> F: 0.45150495432512755
Punto[1.         0.47048763 0.52712834] -> F: 0.4519437291915819
Punto[1.         0.47004522 0.52748132] -> F: 0.4523953229290112
Punto[1.        0.4696028 0.5278343] -> F: 0.4528597355374157
Punto[1.         0.46916039 0.52818728] -> F: 0.45333696701679516
Punto[1.         0.46871797 0.52854025] -> F: 0.4538270173671498
Punto[1.         0.46827556 0.52889323] -> F: 0.4543298865884797
Punto[1.         0.46783314 0.52924621] -> F: 0.4548455746807843
Punto[1.         0.46739073 0.52959919] -> F: 0.4553740816440643
Punto[1.         0.46694831 0.52995217] -> F: 0.4559154074783193
Punto[1.         0.46650589 0.53030514] -> F: 0.4564695521835495
Punto[1.         0.46606348 0.53065812] -> F: 0.45703651575975446
Punto[1.         0.46562106 0.5310111 ] -> F: 0.4576162982069348
Punto[1.         0.46517865 0.53136408] -> F: 0.4582088995250902
Punto[1.         0.46473623 0.53171705] -> F: 0.4588143197142205
Punto[1.         0.46429382 0.53207003] -> F: 0.4594325587743262
Punto[1.         0.4638514  0.53242301] -> F: 0.4592745186325384
Punto[1.         0.46340899 0.53277599] -> F: 0.4589153293117914
Punto[1.         0.46296657 0.53312897] -> F: 0.45855284943978264
Punto[1.         0.46252415 0.53348194] -> F: 0.4581907537065754
Punto[1.         0.46208174 0.53383492] -> F: 0.4578223867701568
Punto[1.         0.46163932 0.5341879 ] -> F: 0.4574497929369615
Punto[1.         0.46119691 0.53454088] -> F: 0.45707755795437516
Punto[1.         0.46075449 0.53489385] -> F: 0.45670278050030144
Punto[1.         0.46031208 0.53524683] -> F: 0.45632041269000345
Punto[1.         0.45986966 0.53559981] -> F: 0.45593838448312546
Punto[1.         0.45942725 0.53595279] -> F: 0.45555669587966735
Punto[1.         0.45898483 0.53630577] -> F: 0.45516800636740284
Punto[1.         0.45854241 0.53665874] -> F: 0.4547764461008473
Punto[1.         0.4581     0.53701172] -> F: 0.4543852108036184
Punto[1.         0.45765758 0.5373647 ] -> F: 0.4539943004757157
Punto[1.         0.45721517 0.53771768] -> F: 0.45359472627048375
Punto[1.         0.45677275 0.53807065] -> F: 0.4531941423115056
Punto[1.         0.45633034 0.53842363] -> F: 0.45275747797500937
Punto[1.         0.45588792 0.53877661] -> F: 0.45230922207690794
Punto[1.         0.45544551 0.53912959] -> F: 0.4518612801578331
Punto[1.         0.45500309 0.53948257] -> F: 0.451413652217785
{
  "seed": 17546,
  "n_per_z": 10,
  "nz": 100,
  "nd": 100,
  "n_muestras": 50,
  "best_f": 0.4594325587743262,
  "best_cp": [
    1.0,
    0.46429381697311545,
    0.532070031806058
  ],
  "best_u": [
    0.33873792024529137,
    0.9334616430635575,
    -0.1179236291715024
  ],
  "best_index": 32,
  "n_candidatos": 54
}
