Punto[0.         0.60633891 0.58874342] -> F: 0.14353470772885407
Punto[1.         0.53679993 0.47051894] -> F: 0.402888527347201
Punto[2.         0.62922841 0.34855965] -> F: 0.12937175939734116
Punto[1.         0.61778366 0.46865153] -> F: 0.42909997570518704
Punto[1.         0.53841961 0.47048159] -> F: 0.4054373277734253
Punto[1.         0.54000689 0.47044499] -> F: 0.40795735530220506
Punto[1.         0.54159417 0.47040839] -> F: 0.41049936166821543
Punto[1.         0.54318145 0.47037179] -> F: 0.4130633468714562
Punto[1.         0.54476873 0.47033519] -> F: 0.4154838576459713
Punto[1.         0.54635601 0.47029859] -> F: 0.41792312242116136
Punto[1.         0.54794329 0.47026199] -> F: 0.4203320417369489
Punto[1.         0.54953058 0.47022539] -> F: 0.4226110717061042
Punto[1.         0.55111786 0.47018878] -> F: 0.4249182953699752
Punto[1.         0.55270514 0.47015218] -> F: 0.42725371272856155
Punto[1.         0.55429242 0.47011558] -> F: 0.42961732378186324
Punto[1.         0.5558797  0.47007898] -> F: 0.43200912852988016
Punto[1.         0.55746698 0.47004238] -> F: 0.4344291269726126
Punto[1.         0.55905426 0.47000578] -> F: 0.43687731911006045
Punto[1.         0.56064154 0.46996918] -> F: 0.43935370494222353
Punto[1.         0.56222882 0.46993258] -> F: 0.441814687801954
Punto[1.         0.5638161  0.46989597] -> F: 0.44418129816385676
Punto[1.         0.56540339 0.46985937] -> F: 0.44656988736299025
Punto[1.         0.56699067 0.46982277] -> F: 0.44898045539935416
Punto[1.         0.56857795 0.46978617] -> F: 0.4514130022729487
Punto[1.         0.57016523 0.46974957] -> F: 0.4538675279837738
Punto[1.         0.57175251 0.46971297] -> F: 0.4562267360820856
Punto[1.         0.57333979 0.46967637] -> F: 0.4584969979043166
Punto[1.         0.57492707 0.46963977] -> F: 0.4608091853461061
Punto[1.         0.57651435 0.46960317] -> F: 0.46273829109630177
Punto[1.         0.57810163 0.46956656] -> F: 0.46215657032917096
Punto[1.         0.57968892 0.46952996] -> F: 0.46157147108387725
Punto[1.         0.5812762  0.46949336] -> F: 0.46056543955383905
Punto[1.         0.58286348 0.46945676] -> F: 0.4595602481846304
Punto[1.         0.58445076 0.46942016] -> F: 0.4585558969762514
Punto[1.         0.58603804 0.46938356] -> F: 0.4575523859287019
Punto[1.         0.58762532 0.46934696] -> F: 0.4565443492937437
Punto[1.         0.5892126  0.46931036] -> F: 0.45553607108365335
Punto[1.         0.59079988 0.46927375] -> F: 0.4545286438954802
Punto[1.         0.59238716 0.46923715] -> F: 0.45352206772922454
Punto[1.         0.59397445 0.46920055] -> F: 0.4525163425848863
Punto[1.         0.59556173 0.46916395] -> F: 0.4515114684624654
Punto[1.         0.59714901 0.46912735] -> F: 0.450507445361962
Punto[1.         0.59873629 0.46909075] -> F: 0.449504273283376
Punto[1.         0.60032357 0.46905415] -> F: 0.4484980517929315
Punto[1.         0.60191085 0.46901755] -> F: 0.4474899227719653
Punto[1.         0.60349813 0.46898095] -> F: 0.4464826561383747
Punto[1.         0.60508541 0.46894434] -> F: 0.44547625189215984
Punto[1.         0.60667269 0.46890774] -> F: 0.44447071003332056
Punto[1.         0.60825998 0.46887114] -> F: 0.4434660305618571
Punto[1.         0.60984726 0.46883454] -> F: 0.44145922761068557
Punto[1.         0.61143454 0.46879794] -> F: 0.43899752242098095
Punto[1.         0.61302182 0.46876134] -> F: 0.4365397321909977
Punto[1.         0.6146091  0.46872474] -> F: 0.43408585692073626
Punto[1.         0.61619638 0.46868814] -> F: 0.43159613540190706
{
  "seed": 19171,
  "n_per_z": 10,
  "nz": 100,
  "nd": 100,
  "n_muestras": 50,
  "best_f": 0.46273829109630177,
  "best_cp": [
    1.0,
    0.5765143535854886,
    0.469603165159304
  ],
  "best_u": [
    0.12533323356430415,
    0.21642311678190265,
    -0.9682213667786528
  ],
  "best_index": 28,
  "n_candidatos": 54
}
