Punto[0.         0.37147928 0.56195536] -> F: 0.11307297108606709
Punto[1.         0.43190392 0.51599237] -> F: 0.4160456346325673
Punto[2.         0.50207158 0.54075446] -> F: 0.1642055453578749
Punto[1.         0.43677543 0.55135491] -> F: 0.4202948199338618
Punto[1.         0.43200135 0.51669962] -> F: 0.41696922937484077
Punto[1.         0.43209683 0.51739273] -> F: 0.41787638471562066
Punto[1.         0.43219231 0.51808584] -> F: 0.41878555201951645
Punto[1.         0.4322878  0.51877894] -> F: 0.4196967312865282
Punto[1.         0.43238328 0.51947205] -> F: 0.42060992251665585
Punto[1.         0.43247876 0.52016515] -> F: 0.4215251257098996
Punto[1.         0.43257424 0.52085826] -> F: 0.4224423408662594
Punto[1.         0.43266972 0.52155136] -> F: 0.4233614940811712
Punto[1.         0.4327652  0.52224447] -> F: 0.42420157798235636
Punto[1.         0.43286068 0.52293758] -> F: 0.4250443408250375
Punto[1.         0.43295617 0.52363068] -> F: 0.4258897826092144
Punto[1.         0.43305165 0.52432379] -> F: 0.42673790333488687
Punto[1.         0.43314713 0.52501689] -> F: 0.42758870300205537
Punto[1.         0.43324261 0.52571   ] -> F: 0.4284421816107194
Punto[1.         0.43333809 0.5264031 ] -> F: 0.42929833916087945
Punto[1.         0.43343357 0.52709621] -> F: 0.4301468389242644
Punto[1.         0.43352906 0.52778932] -> F: 0.43098029779789265
Punto[1.         0.43362454 0.52848242] -> F: 0.43181611817150745
Punto[1.         0.43372002 0.52917553] -> F: 0.4326543000451087
Punto[1.         0.4338155  0.52986863] -> F: 0.43349484341869643
Punto[1.         0.43391098 0.53056174] -> F: 0.4343377482922707
Punto[1.         0.43400646 0.53125484] -> F: 0.43518301466583165
Punto[1.         0.43410195 0.53194795] -> F: 0.4360306425393789
Punto[1.         0.43419743 0.53264106] -> F: 0.4368806319129128
Punto[1.         0.43429291 0.53333416] -> F: 0.43773298278643324
Punto[1.         0.43438839 0.53402727] -> F: 0.43849292096126674
Punto[1.         0.43448387 0.53472037] -> F: 0.437912759402054
Punto[1.         0.43457935 0.53541348] -> F: 0.43734161395560034
Punto[1.         0.43467483 0.53610659] -> F: 0.4367601046442211
Punto[1.         0.43477032 0.53679969] -> F: 0.4361357193874034
Punto[1.        0.4348658 0.5374928] -> F: 0.43551591101748527
Punto[1.         0.43496128 0.5381859 ] -> F: 0.4349006795344668
Punto[1.         0.43505676 0.53887901] -> F: 0.43429002493834806
Punto[1.         0.43515224 0.53957211] -> F: 0.43368394722912884
Punto[1.         0.43524772 0.54026522] -> F: 0.4330824464068092
Punto[1.         0.43534321 0.54095833] -> F: 0.4324855224713894
Punto[1.         0.43543869 0.54165143] -> F: 0.43189317542286915
Punto[1.         0.43553417 0.54234454] -> F: 0.43130540526124855
Punto[1.         0.43562965 0.54303764] -> F: 0.43069772074534113
Punto[1.         0.43572513 0.54373075] -> F: 0.43007506180930855
Punto[1.         0.43582061 0.54442385] -> F: 0.429455361696041
Punto[1.         0.43591609 0.54511696] -> F: 0.4288386204055384
Punto[1.         0.43601158 0.54581007] -> F: 0.42792067176482823
Punto[1.         0.43610706 0.54650317] -> F: 0.4269942706541543
Punto[1.         0.43620254 0.54719628] -> F: 0.4260724464303805
Punto[1.         0.43629802 0.54788938] -> F: 0.4251551990935059
Punto[1.         0.4363935  0.54858249] -> F: 0.42419751993523813
Punto[1.         0.43648898 0.54927559] -> F: 0.4232083207657554
Punto[1.         0.43658447 0.5499687 ] -> F: 0.42222813770903167
Punto[1.         0.43667995 0.55066181] -> F: 0.4212569707650671
{
  "seed": 7211,
  "n_per_z": 10,
  "nz": 100,
  "nd": 100,
  "n_muestras": 50,
  "best_f": 0.43849292096126674,
  "best_cp": [
    1.0,
    0.43438838987115247,
    0.5340272678829828
  ],
  "best_u": [
    -0.27899110603922916,
    0.2967470684651295,
    0.9132935673201467
  ],
  "best_index": 29,
  "n_candidatos": 54
}
