Punto[0.         0.37767551 0.64133543] -> F: 0.17280774148602254
Punto[1.         0.52670464 0.47135583] -> F: 0.3439810828431776
Punto[2.         0.64020279 0.40997532] -> F: 0.0631219181808709
Punto[1.         0.50893915 0.52565538] -> F: 0.3313224042108281
Punto[1.         0.52634933 0.47244183] -> F: 0.34495674569716483
Punto[1.         0.52600113 0.4735061 ] -> F: 0.3459131239550969
Punto[1.         0.52565292 0.47457037] -> F: 0.3468697285643458
Punto[1.         0.52530472 0.47563464] -> F: 0.34782655952491165
Punto[1.         0.52495651 0.47669891] -> F: 0.34879102092155134
Punto[1.         0.52460831 0.47776318] -> F: 0.3497913941471616
Punto[1.         0.52426011 0.47882745] -> F: 0.3508304474275945
Punto[1.         0.5239119  0.47989172] -> F: 0.3519081807628499
Punto[1.         0.5235637  0.48095599] -> F: 0.3530245941529278
Punto[1.         0.5232155  0.48202026] -> F: 0.3541796875978283
Punto[1.         0.52286729 0.48308454] -> F: 0.3553734610975513
Punto[1.         0.52251909 0.48414881] -> F: 0.3565619504107755
Punto[1.         0.52217089 0.48521308] -> F: 0.357632521149126
Punto[1.         0.52182268 0.48627735] -> F: 0.3576033524972493
Punto[1.         0.52147448 0.48734162] -> F: 0.35688187622970385
Punto[1.         0.52112628 0.48840589] -> F: 0.35616113233334595
Punto[1.         0.52077807 0.48947016] -> F: 0.3554411208081755
Punto[1.         0.52042987 0.49053443] -> F: 0.3547218416541929
Punto[1.         0.52008166 0.4915987 ] -> F: 0.3540032948713977
Punto[1.         0.51973346 0.49266298] -> F: 0.35328548045979
Punto[1.         0.51938526 0.49372725] -> F: 0.3525683984193699
Punto[1.         0.51903705 0.49479152] -> F: 0.3518520487501373
Punto[1.         0.51868885 0.49585579] -> F: 0.3511364314520923
Punto[1.         0.51834065 0.49692006] -> F: 0.35042154652523483
Punto[1.         0.51799244 0.49798433] -> F: 0.3497073939695648
Punto[1.         0.51764424 0.4990486 ] -> F: 0.34899397378508246
Punto[1.         0.51729604 0.50011287] -> F: 0.3482812859717876
Punto[1.         0.51694783 0.50117714] -> F: 0.34756933052968025
Punto[1.         0.51659963 0.50224141] -> F: 0.34685810745876056
Punto[1.         0.51625142 0.50330569] -> F: 0.34614761675902833
Punto[1.         0.51590322 0.50436996] -> F: 0.3454378584304836
Punto[1.         0.51555502 0.50543423] -> F: 0.34472883247312647
Punto[1.         0.51520681 0.5064985 ] -> F: 0.34402053888695694
Punto[1.         0.51485861 0.50756277] -> F: 0.34330964760700855
Punto[1.         0.51451041 0.50862704] -> F: 0.3425985862000286
Punto[1.         0.5141622  0.50969131] -> F: 0.3418882659733609
Punto[1.         0.513814   0.51075558] -> F: 0.3411786869270055
Punto[1.         0.5134658  0.51181985] -> F: 0.3404698490609625
Punto[1.         0.51311759 0.51288413] -> F: 0.33976175237523193
Punto[1.         0.51276939 0.5139484 ] -> F: 0.33905439686981365
Punto[1.         0.51242118 0.51501267] -> F: 0.33834778254470776
Punto[1.         0.51207298 0.51607694] -> F: 0.3376419093999141
Punto[1.         0.51172478 0.51714121] -> F: 0.33693677743543293
Punto[1.         0.51137657 0.51820548] -> F: 0.33623238665126415
Punto[1.         0.51102837 0.51926975] -> F: 0.3355287370474077
Punto[1.         0.51068017 0.52033402] -> F: 0.3348258286238635
Punto[1.         0.51033196 0.52139829] -> F: 0.33412366138063176
Punto[1.         0.50998376 0.52246256] -> F: 0.33342223531771226
Punto[1.         0.50963556 0.52352684] -> F: 0.3327215504351052
Punto[1.         0.50928735 0.52459111] -> F: 0.33202160673281045
Best centerpoint:  [1.         0.52217089 0.48521308] Best F:  0.357632521149126 Best u:  [ 0.03141076  0.68420932 -0.72860893] índice:  13
{
  "seed": 2481,
  "n_per_z": 5,
  "nz": 100,
  "nd": 100,
  "n_muestras": 50,
  "best_f": 0.357632521149126,
  "best_cp": [
    1.0,
    0.5221708859409399,
    0.4852130780513455
  ],
  "best_u": [
    0.03141075907812828,
    0.6842093232550998,
    -0.7286089254085035
  ],
  "n_candidatos": 54
}
