Punto[0.         0.55907142 0.63215366] -> F: 0.0
Punto[1.         0.45870135 0.60302094] -> F: 0.22933799255111967
Punto[2.         0.53680396 0.76792735] -> F: 0.11306410559148385
Punto[1.         0.54793769 0.70004051] -> F: 0.22933799255111967
Punto[1.         0.46762499 0.61272289] -> F: 0.22933799255111967
Punto[1.         0.47565626 0.62145466] -> F: 0.22933799255111967
Punto[1.         0.48368753 0.63018642] -> F: 0.22933799255111967
Punto[1.         0.4917188  0.63891818] -> F: 0.22933799255111967
Punto[1.         0.49975007 0.64764994] -> F: 0.22933799255111967
Punto[1.         0.50778134 0.6563817 ] -> F: 0.22933799255111967
Punto[1.         0.51581261 0.66511346] -> F: 0.22933799255111967
Punto[1.         0.52384388 0.67384522] -> F: 0.22933799255111967
Punto[1.         0.53187515 0.68257699] -> F: 0.22933799255111967
Punto[1.         0.53990642 0.69130875] -> F: 0.22933799255111967
Best centerpoint:  [1.         0.45870135 0.60302094] Best F:  0.22933799255111967 Best u:  [-1. -0. -0.] índice:  1
{
  "seed": 29,
  "n_per_z": 5,
  "nz": 20,
  "nd": 20,
  "n_muestras": 10,
  "best_f": 0.22933799255111967,
  "best_cp": [
    1.0,
    0.4587013538780627,
    0.6030209367400542
  ],
  "best_u": [
    -1.0,
    -0.0,
    -0.0
  ],
  "n_candidatos": 14
}
