Punto[0.         0.41091531 0.4649196 ] -> F: 0.1456090097042937
Punto[1.         0.43642949 0.5271422 ] -> F: 0.40751247998828655
Punto[2.         0.47827632 0.43582716] -> F: 0.12766871457720294
Punto[1.         0.44459581 0.45037338] -> F: 0.4224665388639692
Punto[1.         0.43659282 0.52560682] -> F: 0.4096271540421266
Punto[1.         0.43675288 0.52410216] -> F: 0.41170324990848933
Punto[1.         0.43691294 0.52259749] -> F: 0.4137830235402341
Punto[1.         0.437073   0.52109282] -> F: 0.4158664749373603
Punto[1.         0.43723306 0.51958815] -> F: 0.4179410346214047
Punto[1.         0.43739312 0.51808348] -> F: 0.4199901746497983
Punto[1.         0.43755318 0.51657881] -> F: 0.42198221201502495
Punto[1.         0.43771324 0.51507414] -> F: 0.4239623856951659
Punto[1.         0.4378733  0.51356947] -> F: 0.4259459157810657
Punto[1.         0.43803336 0.5120648 ] -> F: 0.4279172025068953
Punto[1.         0.43819342 0.51056014] -> F: 0.4298687274045113
Punto[1.         0.43835348 0.50905547] -> F: 0.43182346615594014
Punto[1.         0.43851354 0.5075508 ] -> F: 0.4337814187611817
Punto[1.         0.4386736  0.50604613] -> F: 0.4357425852202364
Punto[1.         0.43883366 0.50454146] -> F: 0.4377069655331037
Punto[1.         0.43899372 0.50303679] -> F: 0.4396692435725098
Punto[1.         0.43915378 0.50153212] -> F: 0.4416022677127714
Punto[1.         0.43931384 0.50002745] -> F: 0.44353837380125827
Punto[1.         0.4394739  0.49852278] -> F: 0.4454775618379712
Punto[1.         0.43963396 0.49701812] -> F: 0.44741983182290945
Punto[1.         0.43979402 0.49551345] -> F: 0.4493651837560736
Punto[1.         0.43995408 0.49400878] -> F: 0.4513136176374633
Punto[1.         0.44011414 0.49250411] -> F: 0.45325229493568814
Punto[1.         0.4402742  0.49099944] -> F: 0.45516991481160035
Punto[1.         0.44043426 0.48949477] -> F: 0.4570904945553183
Punto[1.         0.44059432 0.4879901 ] -> F: 0.4586336726788601
Punto[1.         0.44075438 0.48648543] -> F: 0.457737498819451
Punto[1.         0.44091444 0.48498076] -> F: 0.4566761328598563
Punto[1.         0.4410745  0.48347609] -> F: 0.45531662066939305
Punto[1.         0.44123456 0.48197143] -> F: 0.45396238284834506
Punto[1.         0.44139462 0.48046676] -> F: 0.4526134193967121
Punto[1.         0.44155468 0.47896209] -> F: 0.4512553916061186
Punto[1.         0.44171473 0.47745742] -> F: 0.44989650844017726
Punto[1.         0.44187479 0.47595275] -> F: 0.44854351517047913
Punto[1.         0.44203485 0.47444808] -> F: 0.44719641179702446
Punto[1.         0.44219491 0.47294341] -> F: 0.4457687921288458
Punto[1.         0.44235497 0.47143874] -> F: 0.44422494128932116
Punto[1.         0.44251503 0.46993407] -> F: 0.4426869803460399
Punto[1.         0.44267509 0.46842941] -> F: 0.441154909299002
Punto[1.         0.44283515 0.46692474] -> F: 0.43960424060887743
Punto[1.         0.44299521 0.46542007] -> F: 0.43804705865398735
Punto[1.         0.44315527 0.4639154 ] -> F: 0.4364966019717761
Punto[1.         0.44331533 0.46241073] -> F: 0.43495287056224374
Punto[1.         0.44347539 0.46090606] -> F: 0.4334100100699158
Punto[1.         0.44363545 0.45940139] -> F: 0.4318396897066877
Punto[1.         0.44379551 0.45789672] -> F: 0.4302772683938022
Punto[1.         0.44395557 0.45639205] -> F: 0.42872274613125916
Punto[1.         0.44411563 0.45488739] -> F: 0.4271761229190586
Punto[1.         0.44427569 0.45338272] -> F: 0.4255974984663856
Punto[1.         0.44443575 0.45187805] -> F: 0.4240269915560267
{
  "seed": 1519,
  "n_per_z": 10,
  "nz": 100,
  "nd": 100,
  "n_muestras": 50,
  "best_f": 0.4586336726788601,
  "best_cp": [
    1.0,
    0.44059431610171995,
    0.48799010160691947
  ],
  "best_u": [
    0.3971478906347807,
    0.08636833986338398,
    -0.9136815981695086
  ],
  "best_index": 29,
  "n_candidatos": 54
}
