Punto[0.         0.55481854 0.52585402] -> F: 0.15068470912704124
Punto[1.         0.53033583 0.52635744] -> F: 0.46687889127339166
Punto[2.         0.51463672 0.55373275] -> F: 0.15220497768912283
Punto[1.         0.53472763 0.53979338] -> F: 0.4651418680987448
Punto[1.         0.53042367 0.52662615] -> F: 0.46722816319243704
Punto[1.         0.53050975 0.5268895 ] -> F: 0.4675705591739449
Punto[1.         0.53059583 0.52715284] -> F: 0.46791306355022694
Punto[1.         0.53068191 0.52741619] -> F: 0.4682556763212836
Punto[1.         0.53076798 0.52767953] -> F: 0.4685983974871145
Punto[1.         0.53085406 0.52794288] -> F: 0.46894122704771984
Punto[1.         0.53094014 0.52820622] -> F: 0.46928416500309944
Punto[1.         0.53102622 0.52846957] -> F: 0.46962721135325336
Punto[1.         0.5311123  0.52873291] -> F: 0.4699703660981817
Punto[1.         0.53119838 0.52899626] -> F: 0.4703136292378842
Punto[1.         0.53128446 0.5292596 ] -> F: 0.47065490753437117
Punto[1.         0.53137054 0.52952295] -> F: 0.4709772334095096
Punto[1.         0.53145662 0.52978629] -> F: 0.4712996676794225
Punto[1.         0.5315427  0.53004963] -> F: 0.47162221034410967
Punto[1.         0.53162878 0.53031298] -> F: 0.4719448614035712
Punto[1.         0.53171486 0.53057632] -> F: 0.47226762085780677
Punto[1.         0.53180094 0.53083967] -> F: 0.4725904887068171
Punto[1.         0.53188701 0.53110301] -> F: 0.47291346495060166
Punto[1.         0.53197309 0.53136636] -> F: 0.4732365495891604
Punto[1.         0.53205917 0.5316297 ] -> F: 0.47355974262249373
Punto[1.         0.53214525 0.53189305] -> F: 0.47388304405060117
Punto[1.         0.53223133 0.53215639] -> F: 0.47413031582544424
Punto[1.         0.53231741 0.53241974] -> F: 0.47382158428457927
Punto[1.         0.53240349 0.53268308] -> F: 0.47351293486429247
Punto[1.         0.53248957 0.53294642] -> F: 0.47320436756458417
Punto[1.         0.53257565 0.53320977] -> F: 0.4728958823854542
Punto[1.         0.53266173 0.53347311] -> F: 0.4725874793269028
Punto[1.         0.53274781 0.53373646] -> F: 0.47227915838892986
Punto[1.         0.53283389 0.5339998 ] -> F: 0.47197091957153514
Punto[1.         0.53291997 0.53426315] -> F: 0.47166276287471903
Punto[1.         0.53300604 0.53452649] -> F: 0.4713546882984813
Punto[1.         0.53309212 0.53478984] -> F: 0.471046695842822
Punto[1.         0.5331782  0.53505318] -> F: 0.47073878550774106
Punto[1.         0.53326428 0.53531653] -> F: 0.4704309572932385
Punto[1.         0.53335036 0.53557987] -> F: 0.4701232111993146
Punto[1.         0.53343644 0.53584322] -> F: 0.469815547225969
Punto[1.         0.53352252 0.53610656] -> F: 0.4695079653732017
Punto[1.        0.5336086 0.5363699] -> F: 0.46919940657327647
Punto[1.         0.53369468 0.53663325] -> F: 0.46888682650428265
Punto[1.         0.53378076 0.53689659] -> F: 0.4685743233710786
Punto[1.         0.53386684 0.53715994] -> F: 0.46826189717366445
Punto[1.         0.53395292 0.53742328] -> F: 0.4679495479120405
Punto[1.         0.534039   0.53768663] -> F: 0.46763727558620605
Punto[1.         0.53412507 0.53794997] -> F: 0.4673250801961617
Punto[1.         0.53421115 0.53821332] -> F: 0.46701296174190715
Punto[1.         0.53429723 0.53847666] -> F: 0.46670092022344256
Punto[1.         0.53438331 0.53874001] -> F: 0.46638895564076777
Punto[1.         0.53446939 0.53900335] -> F: 0.466077067993883
Punto[1.         0.53455547 0.5392667 ] -> F: 0.46576525728278806
Punto[1.         0.53464155 0.53953004] -> F: 0.465453523507483
{
  "seed": 2547,
  "n_per_z": 10,
  "nz": 100,
  "nd": 100,
  "n_muestras": 50,
  "best_f": 0.47413031582544424,
  "best_cp": [
    1.0,
    0.5322313313198425,
    0.5321563911229872
  ],
  "best_u": [
    -0.1873813145857246,
    0.7368245403284601,
    0.6495982140630308
  ],
  "best_index": 25,
  "n_candidatos": 54
}
