Punto[0.         0.42129811 0.71802824] -> F: 0.12998252040112046
Punto[1.         0.53696693 0.63286637] -> F: 0.4080796777637113
Punto[2.         0.72953385 0.47801749] -> F: 0.11587864394490935
Punto[1.         0.57541598 0.59802287] -> F: 0.3997612653808263
Punto[1.         0.53773591 0.6321695 ] -> F: 0.40882553510421565
Punto[1.         0.53848952 0.63148657] -> F: 0.40955944232750324
Punto[1.         0.53924312 0.63080364] -> F: 0.410296286610388
Punto[1.         0.53999672 0.6301207 ] -> F: 0.41103606795287023
Punto[1.         0.54075032 0.62943777] -> F: 0.41177878635495
Punto[1.         0.54150392 0.62875484] -> F: 0.41249133183871584
Punto[1.         0.54225752 0.62807191] -> F: 0.41314096249604615
Punto[1.         0.54301112 0.62738897] -> F: 0.4137938981735577
Punto[1.         0.54376473 0.62670604] -> F: 0.41445013887125076
Punto[1.         0.54451833 0.62602311] -> F: 0.415109684589125
Punto[1.         0.54527193 0.62534017] -> F: 0.41577253532718067
Punto[1.         0.54602553 0.62465724] -> F: 0.41643869108541787
Punto[1.         0.54677913 0.62397431] -> F: 0.41710815186383615
Punto[1.         0.54753273 0.62329138] -> F: 0.4177809066280861
Punto[1.         0.54828633 0.62260844] -> F: 0.4184568653965141
Punto[1.         0.54903993 0.62192551] -> F: 0.41913600835988923
Punto[1.         0.54979354 0.62124258] -> F: 0.419818335518211
Punto[1.         0.55054714 0.62055965] -> F: 0.420479280732529
Punto[1.         0.55130074 0.61987671] -> F: 0.42105028412456186
Punto[1.         0.55205434 0.61919378] -> F: 0.4216256772161888
Punto[1.         0.55280794 0.61851085] -> F: 0.42220546000741016
Punto[1.         0.55356154 0.61782791] -> F: 0.42278963249822565
Punto[1.         0.55431514 0.61714498] -> F: 0.4233781946886356
Punto[1.         0.55506875 0.61646205] -> F: 0.42397114657863966
Punto[1.         0.55582235 0.61577912] -> F: 0.4245684881682381
Punto[1.         0.55657595 0.61509618] -> F: 0.4251702194574307
Punto[1.         0.55732955 0.61441325] -> F: 0.42577634044621765
Punto[1.         0.55808315 0.61373032] -> F: 0.42522786456233563
Punto[1.         0.55883675 0.61304739] -> F: 0.4236734771763072
Punto[1.         0.55959035 0.61236445] -> F: 0.42220336308733486
Punto[1.         0.56034396 0.61168152] -> F: 0.42093281359335555
Punto[1.         0.56109756 0.61099859] -> F: 0.41986198351693493
Punto[1.         0.56185116 0.61031565] -> F: 0.41876750718132527
Punto[1.         0.56260476 0.60963272] -> F: 0.4175611591364833
Punto[1.         0.56335836 0.60894979] -> F: 0.41638346877293475
Punto[1.         0.56411196 0.60826686] -> F: 0.41523443609067945
Punto[1.         0.56486556 0.60758392] -> F: 0.41411406108971754
Punto[1.         0.56561916 0.60690099] -> F: 0.41302234377004887
Punto[1.         0.56637277 0.60621806] -> F: 0.4119592841316736
Punto[1.         0.56712637 0.60553513] -> F: 0.4109248821745916
Punto[1.         0.56787997 0.60485219] -> F: 0.40991913789880297
Punto[1.         0.56863357 0.60416926] -> F: 0.40894205130430766
Punto[1.         0.56938717 0.60348633] -> F: 0.4079936223911055
Punto[1.         0.57014077 0.60280339] -> F: 0.40701748857880665
Punto[1.         0.57089437 0.60212046] -> F: 0.40594276634738996
Punto[1.         0.57164798 0.60143753] -> F: 0.4048807504217795
Punto[1.         0.57240158 0.6007546 ] -> F: 0.4038314408019758
Punto[1.         0.57315518 0.60007166] -> F: 0.4027948374879786
Punto[1.         0.57390878 0.59938873] -> F: 0.4017709404797879
Punto[1.         0.57466238 0.5987058 ] -> F: 0.4007597497774041
Best centerpoint:  [1.         0.55732955 0.61441325] Best F:  0.42577634044621765 Best u:  [0.21814324 0.33058001 0.91822131] índice:  27
{
  "seed": 7806,
  "n_per_z": 5,
  "nz": 100,
  "nd": 100,
  "n_muestras": 50,
  "best_f": 0.42577634044621765,
  "best_cp": [
    1.0,
    0.5573295497284756,
    0.6144132512315068
  ],
  "best_u": [
    0.2181432413965427,
    0.3305800142716505,
    0.9182213134082464
  ],
  "n_candidatos": 54
}
