Punto[0.         0.49109318 0.52226104] -> F: 0.0459186230229573
Punto[1.         0.3765748  0.55566356] -> F: 0.3235928601440492
Punto[2.         0.52845319 0.61109275] -> F: 0.12446435508182906
Punto[1.         0.50977319 0.5666769 ] -> F: 0.22551918116768788
Punto[1.         0.37923877 0.55588383] -> F: 0.32912981287524196
Punto[1.         0.38184946 0.55609969] -> F: 0.33444953745380407
Punto[1.         0.38446015 0.55631555] -> F: 0.3398435411905501
Punto[1.         0.38707084 0.55653142] -> F: 0.34533220393050235
Punto[1.         0.38968152 0.55674728] -> F: 0.35091552567366174
Punto[1.         0.39229221 0.55696314] -> F: 0.35659350642002713
Punto[1.        0.3949029 0.557179 ] -> F: 0.36236614616959917
Punto[1.         0.39751359 0.55739486] -> F: 0.36572693558422514
Punto[1.         0.40012428 0.55761072] -> F: 0.3624034371033563
Punto[1.         0.40273497 0.55782658] -> F: 0.3590986592916794
Punto[1.         0.40534565 0.55804244] -> F: 0.35581260214919386
Punto[1.         0.40795634 0.55825831] -> F: 0.3524794580044696
Punto[1.         0.41056703 0.55847417] -> F: 0.3491579460604037
Punto[1.         0.41317772 0.55869003] -> F: 0.34585601147273876
Punto[1.         0.41578841 0.55890589] -> F: 0.34257365424147507
Punto[1.         0.41839909 0.55912175] -> F: 0.33926599112662276
Punto[1.         0.42100978 0.55933761] -> F: 0.335944319096412
Punto[1.         0.42362047 0.55955347] -> F: 0.33264318967596485
Punto[1.         0.42623116 0.55976933] -> F: 0.3293626028652816
Punto[1.         0.42884185 0.5599852 ] -> F: 0.32608961451608803
Punto[1.         0.43145254 0.56020106] -> F: 0.3227650144690826
Punto[1.         0.43406322 0.56041692] -> F: 0.3194620551881654
Punto[1.         0.43667391 0.56063278] -> F: 0.31618073667333635
Punto[1.         0.4392846  0.56084864] -> F: 0.3129210589245952
Punto[1.         0.44189529 0.5610645 ] -> F: 0.3096241267988118
Punto[1.         0.44450598 0.56128036] -> F: 0.30631591572491684
Punto[1.         0.44711667 0.56149622] -> F: 0.3030306086185741
Punto[1.         0.44972735 0.56171209] -> F: 0.29976820547978367
Punto[1.         0.45233804 0.56192795] -> F: 0.29652833346687735
Punto[1.         0.45494873 0.56214381] -> F: 0.29321038853504794
Punto[1.         0.45755942 0.56235967] -> F: 0.2899168191724368
Punto[1.         0.46017011 0.56257553] -> F: 0.2866476253790438
Punto[1.         0.4627808  0.56279139] -> F: 0.28340280715486926
Punto[1.         0.46539148 0.56300725] -> F: 0.28015480530107323
Punto[1.         0.46800217 0.56322311] -> F: 0.2768472954764992
Punto[1.         0.47061286 0.56343898] -> F: 0.2735659011540172
Punto[1.         0.47322355 0.56365484] -> F: 0.2703106223336273
Punto[1.         0.47583424 0.5638707 ] -> F: 0.2670814590153296
Punto[1.         0.47844493 0.56408656] -> F: 0.2638354438312016
Punto[1.         0.48105561 0.56430242] -> F: 0.26053452649977227
Punto[1.         0.4836663  0.56451828] -> F: 0.25726181820790456
Punto[1.         0.48627699 0.56473414] -> F: 0.2540173189555982
Punto[1.         0.48888768 0.56495001] -> F: 0.25080102874285315
Punto[1.         0.49149837 0.56516587] -> F: 0.24761324958948397
Punto[1.         0.49410906 0.56538173] -> F: 0.244378184474886
Punto[1.         0.49671974 0.56559759] -> F: 0.24114493932877692
Punto[1.         0.49933043 0.56581345] -> F: 0.23794772535396483
Punto[1.         0.50194112 0.56602931] -> F: 0.23478654255044992
Punto[1.         0.50455181 0.56624517] -> F: 0.23166139091823215
Punto[1.         0.5071625  0.56646103] -> F: 0.2285722704573114
Best centerpoint:  [1.         0.39751359 0.55739486] Best F:  0.36572693558422514 Best u:  [-0.99556196  0.09115173 -0.02340379] índice:  8
{
  "seed": 8470,
  "n_per_z": 5,
  "nz": 100,
  "nd": 100,
  "n_muestras": 50,
  "best_f": 0.36572693558422514,
  "best_cp": [
    1.0,
    0.3975135884709381,
    0.5573948602208211
  ],
  "best_u": [
    -0.99556196460308,
    0.09115172760253024,
    -0.023403785820456168
  ],
  "n_candidatos": 54
}
