Punto[0.         0.55871739 0.61082601] -> F: 0.08496296798879621
Punto[1.         0.45385723 0.49242318] -> F: 0.39431522848052225
Punto[2.         0.4185979  0.43885052] -> F: 0.1285551202942735
Punto[1.         0.48865765 0.52483826] -> F: 0.39156697823068737
Punto[1.         0.45455324 0.49307148] -> F: 0.39545957847081753
Punto[1.         0.45523533 0.49370682] -> F: 0.3965878343003494
Punto[1.         0.45591742 0.49434215] -> F: 0.39772281435438733
Punto[1.         0.45659951 0.49497749] -> F: 0.3988645186329317
Punto[1.         0.45728159 0.49561282] -> F: 0.3999963157387892
Punto[1.         0.45796368 0.49624816] -> F: 0.4011173974525542
Punto[1.         0.45864577 0.49688349] -> F: 0.4022468541410453
Punto[1.         0.45932786 0.49751883] -> F: 0.4033846858042622
Punto[1.         0.46000995 0.49815417] -> F: 0.4045308924422053
Punto[1.         0.46069203 0.4987895 ] -> F: 0.4056854740548743
Punto[1.         0.46137412 0.49942484] -> F: 0.4068484306422693
Punto[1.         0.46205621 0.50006017] -> F: 0.4080197622043902
Punto[1.         0.4627383  0.50069551] -> F: 0.40918372467492586
Punto[1.         0.46342039 0.50133084] -> F: 0.41034140781523804
Punto[1.         0.46410248 0.50196618] -> F: 0.4115105668878698
Punto[1.         0.46478456 0.50260152] -> F: 0.4126912018928215
Punto[1.         0.46546665 0.50323685] -> F: 0.41388331283009305
Punto[1.         0.46614874 0.50387219] -> F: 0.4150868996996846
Punto[1.         0.46683083 0.50450752] -> F: 0.416301962501596
Punto[1.         0.46751292 0.50514286] -> F: 0.41752850123582713
Punto[1.         0.468195   0.50577819] -> F: 0.4187665159023784
Punto[1.         0.46887709 0.50641353] -> F: 0.4200160065012496
Punto[1.         0.46955918 0.50704886] -> F: 0.4212769730324403
Punto[1.         0.47024127 0.5076842 ] -> F: 0.4225494154959513
Punto[1.         0.47092336 0.50831954] -> F: 0.42167777217010866
Punto[1.         0.47160544 0.50895487] -> F: 0.42072742207712055
Punto[1.         0.47228753 0.50959021] -> F: 0.419776732858759
Punto[1.         0.47296962 0.51022554] -> F: 0.41882570451502416
Punto[1.         0.47365171 0.51086088] -> F: 0.41787433704591603
Punto[1.         0.4743338  0.51149621] -> F: 0.41692263045143446
Punto[1.         0.47501588 0.51213155] -> F: 0.41597058473157966
Punto[1.         0.47569797 0.51276689] -> F: 0.4149895453312459
Punto[1.         0.47638006 0.51340222] -> F: 0.4139732350770003
Punto[1.         0.47706215 0.51403756] -> F: 0.41287645588254385
Punto[1.         0.47774424 0.51467289] -> F: 0.41168260198883666
Punto[1.         0.47842633 0.51530823] -> F: 0.41048681263939263
Punto[1.         0.47910841 0.51594356] -> F: 0.40929324438499304
Punto[1.        0.4797905 0.5165789] -> F: 0.40810189722563794
Punto[1.         0.48047259 0.51721424] -> F: 0.4069127711613273
Punto[1.         0.48115468 0.51784957] -> F: 0.40572586619206097
Punto[1.         0.48183677 0.51848491] -> F: 0.4045411823178395
Punto[1.         0.48251885 0.51912024] -> F: 0.4033532545312826
Punto[1.         0.48320094 0.51975558] -> F: 0.40215674245320937
Punto[1.         0.48388303 0.52039091] -> F: 0.40096264203992515
Punto[1.         0.48456512 0.52102625] -> F: 0.39977095329142964
Punto[1.         0.48524721 0.52166159] -> F: 0.39858167620772317
Punto[1.         0.48592929 0.52229692] -> F: 0.3973304378475867
Punto[1.         0.48661138 0.52293226] -> F: 0.39582973457935383
Punto[1.         0.48729347 0.52356759] -> F: 0.39436892355379316
Punto[1.         0.48797556 0.52420293] -> F: 0.39294800477090436
{
  "seed": 17119,
  "n_per_z": 10,
  "nz": 100,
  "nd": 100,
  "n_muestras": 50,
  "best_f": 0.4225494154959513,
  "best_cp": [
    1.0,
    0.47024126810780087,
    0.5076842005907163
  ],
  "best_u": [
    -0.30901699437494745,
    -0.8334171783286887,
    -0.4581749710035681
  ],
  "best_index": 27,
  "n_candidatos": 54
}
