Punto[0.         0.53964051 0.57099401] -> F: 0.15718222330809295
Punto[1.         0.519556   0.52993278] -> F: 0.3946303616197196
Punto[2.         0.41497704 0.59369877] -> F: 0.07600568650780158
Punto[1.         0.47730877 0.58234639] -> F: 0.36887079305253995
Punto[1.         0.51871105 0.53098105] -> F: 0.39533886599191215
Punto[1.         0.51788301 0.53200835] -> F: 0.3960374714107911
Punto[1.         0.51705496 0.53303566] -> F: 0.39674030482103106
Punto[1.         0.51622691 0.53406297] -> F: 0.3974473662226319
Punto[1.         0.51539887 0.53509027] -> F: 0.398158655615594
Punto[1.         0.51457082 0.53611758] -> F: 0.3987775972904616
Punto[1.         0.51374278 0.53714489] -> F: 0.39930196200685214
Punto[1.         0.51291473 0.5381722 ] -> F: 0.3998291505532012
Punto[1.         0.51208669 0.5391995 ] -> F: 0.4003591629295088
Punto[1.         0.51125864 0.54022681] -> F: 0.4008893208249385
Punto[1.         0.5104306  0.54125412] -> F: 0.40134160169829863
Punto[1.         0.50960255 0.54228142] -> F: 0.4013880748904493
Punto[1.         0.5087745  0.54330873] -> F: 0.40031158164573455
Punto[1.         0.50794646 0.54433604] -> F: 0.39926371164165764
Punto[1.         0.50711841 0.54536334] -> F: 0.3982444648782187
Punto[1.         0.50629037 0.54639065] -> F: 0.3972538413554178
Punto[1.         0.50546232 0.54741796] -> F: 0.39629184107325427
Punto[1.         0.50463428 0.54844526] -> F: 0.3953584640317287
Punto[1.         0.50380623 0.54947257] -> F: 0.3944537102308411
Punto[1.         0.50297819 0.55049988] -> F: 0.3935775796705916
Punto[1.         0.50215014 0.55152719] -> F: 0.3927300723509797
Punto[1.         0.50132209 0.55255449] -> F: 0.39191118827200566
Punto[1.         0.50049405 0.5535818 ] -> F: 0.3911209274336695
Punto[1.         0.499666   0.55460911] -> F: 0.3903592898359712
Punto[1.         0.49883796 0.55563641] -> F: 0.3896262754789107
Punto[1.         0.49800991 0.55666372] -> F: 0.38892188436248815
Punto[1.         0.49718187 0.55769103] -> F: 0.3882461164867033
Punto[1.         0.49635382 0.55871833] -> F: 0.3875949323321866
Punto[1.         0.49552578 0.55974564] -> F: 0.3869274092084757
Punto[1.         0.49469773 0.56077295] -> F: 0.3862435121388059
Punto[1.         0.49386969 0.56180025] -> F: 0.38557210162237215
Punto[1.         0.49304164 0.56282756] -> F: 0.3849001299734205
Punto[1.         0.49221359 0.56385487] -> F: 0.38422775931954645
Punto[1.         0.49138555 0.56488217] -> F: 0.38355512347063603
Punto[1.         0.4905575  0.56590948] -> F: 0.3828822224266894
Punto[1.         0.48972946 0.56693679] -> F: 0.38220905618770634
Punto[1.         0.48890141 0.5679641 ] -> F: 0.3815356247536868
Punto[1.         0.48807337 0.5689914 ] -> F: 0.38086192812463093
Punto[1.         0.48724532 0.57001871] -> F: 0.38018796630053875
Punto[1.         0.48641728 0.57104602] -> F: 0.37939184588205344
Punto[1.         0.48558923 0.57207332] -> F: 0.37843876858783204
Punto[1.         0.48476118 0.57310063] -> F: 0.3774868865711714
Punto[1.         0.48393314 0.57412794] -> F: 0.37653619983207165
Punto[1.         0.48310509 0.57515524] -> F: 0.37558670837053293
Punto[1.         0.48227705 0.57618255] -> F: 0.3746384121865548
Punto[1.         0.481449   0.57720986] -> F: 0.37367881890090227
Punto[1.         0.48062096 0.57823716] -> F: 0.37271473024279406
Punto[1.         0.47979291 0.57926447] -> F: 0.3717518833289036
Punto[1.         0.47896487 0.58029178] -> F: 0.3707902781592311
Punto[1.         0.47813682 0.58131909] -> F: 0.3698299147337766
{
  "seed": 15593,
  "n_per_z": 10,
  "nz": 100,
  "nd": 100,
  "n_muestras": 50,
  "best_f": 0.4013880748904493,
  "best_cp": [
    1.0,
    0.5096025501452356,
    0.5422814232425492
  ],
  "best_u": [
    0.2789911060392295,
    0.20948157728620106,
    0.9371667042360674
  ],
  "best_index": 15,
  "n_candidatos": 54
}
