Punto[0.         0.45886306 0.54053713] -> F: 0.14643704689824658
Punto[1.         0.58522466 0.53471145] -> F: 0.387284973779024
Punto[2.         0.71373524 0.45100074] -> F: 0.07107692467559297
Punto[1.         0.58629915 0.49576894] -> F: 0.35800848452112033
Punto[1.         0.58524615 0.5339326 ] -> F: 0.38847831769574676
Punto[1.         0.58526721 0.53316932] -> F: 0.3896707491131792
Punto[1.         0.58528827 0.53240605] -> F: 0.39088590304724097
Punto[1.         0.58530933 0.53164278] -> F: 0.3920273580760682
Punto[1.         0.58533039 0.5308795 ] -> F: 0.3930673193152859
Punto[1.         0.58535145 0.53011623] -> F: 0.3941062187339398
Punto[1.         0.58537251 0.52935296] -> F: 0.3951440563320299
Punto[1.         0.58539357 0.52858969] -> F: 0.3961808321095564
Punto[1.         0.58541463 0.52782641] -> F: 0.39612047971261416
Punto[1.         0.58543569 0.52706314] -> F: 0.3952661057517512
Punto[1.         0.58545675 0.52629987] -> F: 0.39440133149149276
Punto[1.         0.58547781 0.52553659] -> F: 0.39352920455196383
Punto[1.         0.58549887 0.52477332] -> F: 0.3926574380401429
Punto[1.         0.58551993 0.52401005] -> F: 0.3917860319560294
Punto[1.         0.58554099 0.52324677] -> F: 0.390908130142014
Punto[1.         0.58556205 0.5224835 ] -> F: 0.39001772587201855
Punto[1.         0.58558311 0.52172023] -> F: 0.38912769854633017
Punto[1.         0.58560417 0.52095695] -> F: 0.3882380481649487
Punto[1.         0.58562523 0.52019368] -> F: 0.38734877472787427
Punto[1.         0.58564629 0.51943041] -> F: 0.3864423638520273
Punto[1.         0.58566735 0.51866713] -> F: 0.3855326808367189
Punto[1.         0.58568841 0.51790386] -> F: 0.38462339294689296
Punto[1.         0.58570947 0.51714059] -> F: 0.38371450018254977
Punto[1.         0.58573053 0.51637731] -> F: 0.3828060025436894
Punto[1.         0.58575159 0.51561404] -> F: 0.38187549380456576
Punto[1.         0.58577265 0.51485077] -> F: 0.3809449580270598
Punto[1.         0.58579371 0.51408749] -> F: 0.38001483751284226
Punto[1.         0.58581477 0.51332422] -> F: 0.3790851322619137
Punto[1.         0.58583583 0.51256095] -> F: 0.37815584227427396
Punto[1.         0.58585689 0.51179767] -> F: 0.37722696754992274
Punto[1.         0.58587795 0.5110344 ] -> F: 0.3762985080888604
Punto[1.         0.58589901 0.51027113] -> F: 0.37537046389108686
Punto[1.         0.58592007 0.50950785] -> F: 0.37444283495660213
Punto[1.         0.58594113 0.50874458] -> F: 0.373515621285406
Punto[1.         0.58596219 0.50798131] -> F: 0.37258882287749867
Punto[1.         0.58598325 0.50721804] -> F: 0.37166286874454285
Punto[1.         0.58600431 0.50645476] -> F: 0.37073882804248726
Punto[1.         0.58602537 0.50569149] -> F: 0.36981675140050224
Punto[1.         0.58604643 0.50492822] -> F: 0.3688966388185878
Punto[1.         0.58606749 0.50416494] -> F: 0.3679784902967439
Punto[1.         0.58608855 0.50340167] -> F: 0.3670623058349708
Punto[1.         0.58610961 0.5026384 ] -> F: 0.36614808543326816
Punto[1.         0.58613067 0.50187512] -> F: 0.36523582909163593
Punto[1.         0.58615173 0.50111185] -> F: 0.3643255368100745
Punto[1.         0.58617279 0.50034858] -> F: 0.3634172085885835
Punto[1.         0.58619385 0.4995853 ] -> F: 0.36251084442716314
Punto[1.         0.58621491 0.49882203] -> F: 0.36160644432581346
Punto[1.         0.58623597 0.49805876] -> F: 0.3607040082845343
Punto[1.         0.58625703 0.49729548] -> F: 0.35980353630332573
Punto[1.         0.58627809 0.49653221] -> F: 0.3589050283821877
Best centerpoint:  [1.         0.58539357 0.52858969] Best F:  0.3961808321095564 Best u:  [ 0.21814324 -0.2722721   0.9371667 ] índice:  8
{
  "seed": 17800,
  "n_per_z": 5,
  "nz": 100,
  "nd": 100,
  "n_muestras": 50,
  "best_f": 0.3961808321095564,
  "best_cp": [
    1.0,
    0.5853935733639232,
    0.5285896850417177
  ],
  "best_u": [
    0.2181432413965427,
    -0.27227209681551423,
    0.9371667042360675
  ],
  "n_candidatos": 54
}
