Punto[0.         0.34595644 0.66524202] -> F: 0.0834940539158266
Punto[1.         0.52431638 0.55092595] -> F: 0.3255077725099984
Punto[2.         0.48025667 0.49652005] -> F: 0.13555795026395398
Punto[1.         0.41310656 0.58088104] -> F: 0.3408142300470305
Punto[1.         0.52209218 0.55152505] -> F: 0.330382391951497
Punto[1.         0.51991247 0.55211217] -> F: 0.33514868803061537
Punto[1.         0.51773276 0.55269929] -> F: 0.3400818576135866
Punto[1.         0.51555304 0.55328641] -> F: 0.3449839388485841
Punto[1.         0.51337333 0.55387353] -> F: 0.3496783858401404
Punto[1.         0.51119362 0.55446065] -> F: 0.3544992278989203
Punto[1.         0.50901391 0.55504777] -> F: 0.3594417562725338
Punto[1.         0.50683419 0.55563489] -> F: 0.36421722384484534
Punto[1.         0.50465448 0.55622201] -> F: 0.36792002120892203
Punto[1.         0.50247477 0.55680913] -> F: 0.3714346908739991
Punto[1.         0.50029506 0.55739625] -> F: 0.3748393375472675
Punto[1.         0.49811534 0.55798336] -> F: 0.3786354646771542
Punto[1.         0.49593563 0.55857048] -> F: 0.3833933508131984
Punto[1.         0.49375592 0.5591576 ] -> F: 0.38780058584278015
Punto[1.         0.49157621 0.55974472] -> F: 0.39242338192376697
Punto[1.         0.48939649 0.56033184] -> F: 0.39699622795695283
Punto[1.         0.48721678 0.56091896] -> F: 0.4015747809513096
Punto[1.         0.48503707 0.56150608] -> F: 0.4051804869154073
Punto[1.         0.48285736 0.5620932 ] -> F: 0.4032551973377861
Punto[1.         0.48067764 0.56268032] -> F: 0.4013110609274134
Punto[1.         0.47849793 0.56326744] -> F: 0.3993482751610274
Punto[1.         0.47631822 0.56385456] -> F: 0.3973671509122344
Punto[1.         0.47413851 0.56444168] -> F: 0.39537077007789734
Punto[1.         0.47195879 0.5650288 ] -> F: 0.3933590086736564
Punto[1.         0.46977908 0.56561592] -> F: 0.3913532735805758
Punto[1.         0.46759937 0.56620304] -> F: 0.3893535647986559
Punto[1.         0.46541966 0.56679016] -> F: 0.3873598823278964
Punto[1.         0.46323994 0.56737728] -> F: 0.38537222616829725
Punto[1.         0.46106023 0.5679644 ] -> F: 0.3833905963198587
Punto[1.         0.45888052 0.56855152] -> F: 0.3814149927825806
Punto[1.         0.45670081 0.56913864] -> F: 0.37944541555646305
Punto[1.         0.45452109 0.56972576] -> F: 0.377476514185605
Punto[1.         0.45234138 0.57031288] -> F: 0.3755096745504956
Punto[1.         0.45016167 0.5709    ] -> F: 0.37354891890798936
Punto[1.         0.44798196 0.57148712] -> F: 0.3715942472580861
Punto[1.         0.44580225 0.57207424] -> F: 0.3696456596007857
Punto[1.         0.44362253 0.57266136] -> F: 0.3677031559360885
Punto[1.         0.44144282 0.57324848] -> F: 0.36576673626399425
Punto[1.         0.43926311 0.5738356 ] -> F: 0.36383640058450295
Punto[1.         0.4370834  0.57442272] -> F: 0.3619121488976148
Punto[1.         0.43490368 0.57500984] -> F: 0.3599939812033296
Punto[1.         0.43272397 0.57559696] -> F: 0.35807675470157285
Punto[1.         0.43054426 0.57618408] -> F: 0.3561611827172204
Punto[1.         0.42836455 0.5767712 ] -> F: 0.35425175619328014
Punto[1.         0.42618483 0.57735832] -> F: 0.3523484751297519
Punto[1.         0.42400512 0.57794544] -> F: 0.3504513395266359
Punto[1.         0.42182541 0.57853256] -> F: 0.34856034938393204
Punto[1.         0.4196457  0.57911968] -> F: 0.34667550470164016
Punto[1.         0.41746598 0.5797068 ] -> F: 0.3447968054797605
Punto[1.         0.41528627 0.58029392] -> F: 0.3429175305847083
Best centerpoint:  [1.         0.48503707 0.56150608] Best F:  0.4051804869154073 Best u:  [-0.30901699 -0.89483079  0.32215891] índice:  18
{
  "seed": 17560,
  "n_per_z": 5,
  "nz": 100,
  "nd": 100,
  "n_muestras": 50,
  "best_f": 0.4051804869154073,
  "best_cp": [
    1.0,
    0.4850370698599298,
    0.5615060835678474
  ],
  "best_u": [
    -0.3090169943749471,
    -0.894830786370711,
    0.32215890636555233
  ],
  "n_candidatos": 54
}
