Punto[0.         0.57029874 0.45197243] -> F: 0.06109582898986113
Punto[1.         0.47699713 0.50098857] -> F: 0.3314277094197569
Punto[2.         0.57562906 0.54384934] -> F: 0.19499450476848837
Punto[1.         0.5729639  0.49791088] -> F: 0.2976431069275769
Punto[1.         0.47891646 0.50092701] -> F: 0.3334242484020958
Punto[1.         0.48079741 0.50086669] -> F: 0.33539747676923126
Punto[1.         0.48267836 0.50080637] -> F: 0.337346565609314
Punto[1.         0.48455931 0.50074605] -> F: 0.3390575649941795
Punto[1.         0.48644026 0.50068572] -> F: 0.3407692170821348
Punto[1.        0.4883212 0.5006254] -> F: 0.3424973214540848
Punto[1.         0.49020215 0.50056508] -> F: 0.34424187811002877
Punto[1.         0.4920831  0.50050476] -> F: 0.34422966887362755
Punto[1.         0.49396405 0.50044443] -> F: 0.34315211900212034
Punto[1.         0.495845   0.50038411] -> F: 0.34207537437753693
Punto[1.         0.49772595 0.50032379] -> F: 0.3409994349998774
Punto[1.         0.4996069  0.50026346] -> F: 0.3399243094864361
Punto[1.         0.50148785 0.50020314] -> F: 0.338850353011362
Punto[1.         0.50336879 0.50014282] -> F: 0.33777775186555603
Punto[1.         0.50524974 0.5000825 ] -> F: 0.33670650604901825
Punto[1.         0.50713069 0.50002217] -> F: 0.33563661556174856
Punto[1.         0.50901164 0.49996185] -> F: 0.33456808040374697
Punto[1.         0.51089259 0.49990153] -> F: 0.33350090057501336
Punto[1.         0.51277354 0.49984121] -> F: 0.33243507607554806
Punto[1.         0.51465449 0.49978088] -> F: 0.3313706069053509
Punto[1.         0.51653544 0.49972056] -> F: 0.33030749306442175
Punto[1.         0.51841638 0.49966024] -> F: 0.3292457345527606
Punto[1.         0.52029733 0.49959992] -> F: 0.3281853313703677
Punto[1.         0.52217828 0.49953959] -> F: 0.3271262835172429
Punto[1.         0.52405923 0.49947927] -> F: 0.32606859099338625
Punto[1.         0.52594018 0.49941895] -> F: 0.3250122537987976
Punto[1.         0.52782113 0.49935863] -> F: 0.32395727193347723
Punto[1.         0.52970208 0.4992983 ] -> F: 0.32290364539742494
Punto[1.         0.53158303 0.49923798] -> F: 0.32185137419064064
Punto[1.         0.53346397 0.49917766] -> F: 0.32079864365657523
Punto[1.         0.53534492 0.49911734] -> F: 0.31974631426742667
Punto[1.         0.53722587 0.49905701] -> F: 0.3186953473786832
Punto[1.         0.53910682 0.49899669] -> F: 0.3176457429903448
Punto[1.         0.54098777 0.49893637] -> F: 0.3165975011024117
Punto[1.         0.54286872 0.49887605] -> F: 0.31555062171488363
Punto[1.         0.54474967 0.49881572] -> F: 0.3145051048277607
Punto[1.         0.54663062 0.4987554 ] -> F: 0.31346095044104283
Punto[1.         0.54851156 0.49869508] -> F: 0.31241815855473015
Punto[1.         0.55039251 0.49863475] -> F: 0.3113767291688225
Punto[1.         0.55227346 0.49857443] -> F: 0.3103218592071492
Punto[1.         0.55415441 0.49851411] -> F: 0.3092101965550255
Punto[1.         0.55603536 0.49845379] -> F: 0.3081103210718938
Punto[1.         0.55791631 0.49839346] -> F: 0.30693040329259796
Punto[1.         0.55979726 0.49833314] -> F: 0.3057853054407693
Punto[1.         0.56167821 0.49827282] -> F: 0.3046669047980733
Punto[1.         0.56355916 0.4982125 ] -> F: 0.3034724862398889
Punto[1.         0.5654401  0.49815217] -> F: 0.3023065797174783
Punto[1.         0.56732105 0.49809185] -> F: 0.30116918523084174
Punto[1.         0.569202   0.49803153] -> F: 0.29997979881204534
Punto[1.         0.57108295 0.49797121] -> F: 0.29879867235973945
{
  "seed": 4554,
  "n_per_z": 10,
  "nz": 100,
  "nd": 100,
  "n_muestras": 50,
  "best_f": 0.34424187811002877,
  "best_cp": [
    1.0,
    0.49020215322150495,
    0.5005650778945387
  ],
  "best_u": [
    -0.24868988716485474,
    -0.8764002467522389,
    -0.4124026521672072
  ],
  "best_index": 10,
  "n_candidatos": 54
}
