Punto[0.         0.56457564 0.60788135] -> F: 0.06415877071916647
Punto[1.         0.43319879 0.5192721 ] -> F: 0.34838457784124527
Punto[2.        0.3952647 0.5746494] -> F: 0.17085410002267767
Punto[1.         0.47992017 0.59126537] -> F: 0.30966051525625493
Punto[1.         0.43413322 0.52071196] -> F: 0.3490082904339247
Punto[1.         0.43504896 0.52212303] -> F: 0.34960931172814397
Punto[1.        0.4359647 0.5235341] -> F: 0.3501551215290928
Punto[1.         0.43688044 0.52494517] -> F: 0.35072075787348517
Punto[1.         0.43779617 0.52635624] -> F: 0.3513359173578307
Punto[1.         0.43871191 0.5277673 ] -> F: 0.35200088518113093
Punto[1.         0.43962765 0.52917837] -> F: 0.35271566134338617
Punto[1.         0.44054339 0.53058944] -> F: 0.35348024584459614
Punto[1.         0.44145913 0.53200051] -> F: 0.35422636295590104
Punto[1.         0.44237487 0.53341158] -> F: 0.3547017020835445
Punto[1.         0.44329061 0.53482265] -> F: 0.35368424106231017
Punto[1.         0.44420635 0.53623371] -> F: 0.35266876014123155
Punto[1.         0.44512209 0.53764478] -> F: 0.3516306951568129
Punto[1.         0.44603783 0.53905585] -> F: 0.35058636006944593
Punto[1.         0.44695356 0.54046692] -> F: 0.3495441359723569
Punto[1.         0.4478693  0.54187799] -> F: 0.3485040228655458
Punto[1.         0.44878504 0.54328905] -> F: 0.34746602074901267
Punto[1.         0.44970078 0.54470012] -> F: 0.34641610354110497
Punto[1.         0.45061652 0.54611119] -> F: 0.3453489382107545
Punto[1.         0.45153226 0.54752226] -> F: 0.3442840226913211
Punto[1.         0.452448   0.54893333] -> F: 0.34322135698280454
Punto[1.         0.45336374 0.5503444 ] -> F: 0.34216094108520523
Punto[1.         0.45427948 0.55175546] -> F: 0.34109882479308556
Punto[1.         0.45519522 0.55316653] -> F: 0.34000884617416494
Punto[1.         0.45611095 0.5545776 ] -> F: 0.33892126506187464
Punto[1.         0.45702669 0.55598867] -> F: 0.3378360814562145
Punto[1.         0.45794243 0.55739974] -> F: 0.3367532953571845
Punto[1.         0.45885817 0.5588108 ] -> F: 0.3356729067647846
Punto[1.         0.45977391 0.56022187] -> F: 0.33456614348103164
Punto[1.         0.46068965 0.56163294] -> F: 0.3334558513921882
Punto[1.         0.46160539 0.56304401] -> F: 0.33234811448022133
Punto[1.         0.46252113 0.56445508] -> F: 0.331242932745131
Punto[1.         0.46343687 0.56586615] -> F: 0.33014030618691714
Punto[1.         0.46435261 0.56727721] -> F: 0.3290209822957161
Punto[1.         0.46526834 0.56868828] -> F: 0.3278878555500074
Punto[1.         0.46618408 0.57009935] -> F: 0.32675745291273656
Punto[1.         0.46709982 0.57151042] -> F: 0.32562977438390395
Punto[1.         0.46801556 0.57292149] -> F: 0.32450481996350916
Punto[1.         0.4689313  0.57433255] -> F: 0.3233825896515525
Punto[1.         0.46984704 0.57574362] -> F: 0.3222347839969767
Punto[1.         0.47076278 0.57715469] -> F: 0.3210875122756208
Punto[1.         0.47167852 0.57856576] -> F: 0.3199433147750165
Punto[1.         0.47259426 0.57997683] -> F: 0.3188022946256707
Punto[1.        0.47351   0.5813879] -> F: 0.31766478425444666
Punto[1.         0.47442574 0.58279896] -> F: 0.31653080889686136
Punto[1.         0.47534147 0.58421003] -> F: 0.3154003685529147
Punto[1.         0.47625721 0.5856211 ] -> F: 0.3142567564874503
Punto[1.         0.47717295 0.58703217] -> F: 0.31310282830468966
Punto[1.         0.47808869 0.58844324] -> F: 0.3119521305596043
Punto[1.         0.47900443 0.58985431] -> F: 0.3108046632521938
Best centerpoint:  [1.         0.44237487 0.53341158] Best F:  0.3547017020835445 Best u:  [-0.4539905   0.84739756  0.27533616] índice:  10
{
  "seed": 15709,
  "n_per_z": 5,
  "nz": 100,
  "nd": 100,
  "n_muestras": 50,
  "best_f": 0.3547017020835445,
  "best_cp": [
    1.0,
    0.4423748692525189,
    0.533411577007468
  ],
  "best_u": [
    -0.4539904997395467,
    0.8473975608908426,
    0.2753361580731583
  ],
  "n_candidatos": 54
}
