Punto[0.         0.55495818 0.53897342] -> F: 0.1443679650966741
Punto[1.         0.49497476 0.50487704] -> F: 0.3952631684725774
Punto[2.         0.51467691 0.42525851] -> F: 0.11450335234119899
Punto[1.         0.53481755 0.48211597] -> F: 0.4085397806086101
Punto[1.         0.49577162 0.50442181] -> F: 0.3963250419714908
Punto[1.         0.49655254 0.5039757 ] -> F: 0.3973713611789086
Punto[1.         0.49733346 0.50352958] -> F: 0.39842330615896554
Punto[1.         0.49811438 0.50308346] -> F: 0.39948087691166184
Punto[1.         0.49889529 0.50263735] -> F: 0.4005440734369972
Punto[1.         0.49967621 0.50219123] -> F: 0.4015871881103197
Punto[1.         0.50045713 0.50174511] -> F: 0.40263465629407097
Punto[1.         0.50123805 0.501299  ] -> F: 0.403687179730265
Punto[1.         0.50201897 0.50085288] -> F: 0.40474475841890173
Punto[1.         0.50279989 0.50040676] -> F: 0.40580739235998126
Punto[1.         0.50358081 0.49996065] -> F: 0.40687508155350355
Punto[1.         0.50436172 0.49951453] -> F: 0.40794782599946855
Punto[1.         0.50514264 0.49906841] -> F: 0.40902562569787626
Punto[1.         0.50592356 0.49862229] -> F: 0.4101084806487268
Punto[1.         0.50670448 0.49817618] -> F: 0.41119639085202
Punto[1.         0.5074854  0.49773006] -> F: 0.41228935630775604
Punto[1.         0.50826632 0.49728394] -> F: 0.41338737701593475
Punto[1.         0.50904724 0.49683783] -> F: 0.4144904529765563
Punto[1.         0.50982815 0.49639171] -> F: 0.41559858418962037
Punto[1.         0.51060907 0.49594559] -> F: 0.41671177065512754
Punto[1.         0.51138999 0.49549948] -> F: 0.41783001237307726
Punto[1.         0.51217091 0.49505336] -> F: 0.41895330934346986
Punto[1.         0.51295183 0.49460724] -> F: 0.4200816615663049
Punto[1.         0.51373275 0.49416113] -> F: 0.421215069041583
Punto[1.         0.51451367 0.49371501] -> F: 0.4223535317693037
Punto[1.         0.51529458 0.49326889] -> F: 0.4234970497494672
Punto[1.         0.5160755  0.49282277] -> F: 0.42463331385950803
Punto[1.         0.51685642 0.49237666] -> F: 0.4257664966808578
Punto[1.         0.51763734 0.49193054] -> F: 0.42690447105805607
Punto[1.         0.51841826 0.49148442] -> F: 0.428047236991103
Punto[1.         0.51919918 0.49103831] -> F: 0.4291947944799984
Punto[1.         0.51998009 0.49059219] -> F: 0.4290069199207738
Punto[1.         0.52076101 0.49014607] -> F: 0.42791284907857724
Punto[1.         0.52154193 0.48969996] -> F: 0.42681946359755873
Punto[1.         0.52232285 0.48925384] -> F: 0.4257284925272601
Punto[1.         0.52310377 0.48880772] -> F: 0.4246399358676811
Punto[1.         0.52388469 0.48836161] -> F: 0.42355379361882217
Punto[1.         0.52466561 0.48791549] -> F: 0.422470065780683
Punto[1.         0.52544652 0.48746937] -> F: 0.42138875235326373
Punto[1.         0.52622744 0.48702325] -> F: 0.4203098533365644
Punto[1.         0.52700836 0.48657714] -> F: 0.4192333687305849
Punto[1.         0.52778928 0.48613102] -> F: 0.41815929853532513
Punto[1.        0.5285702 0.4856849] -> F: 0.4170876427507853
Punto[1.         0.52935112 0.48523879] -> F: 0.4160184013769653
Punto[1.         0.53013204 0.48479267] -> F: 0.41495157441386515
Punto[1.         0.53091295 0.48434655] -> F: 0.41388716186148494
Punto[1.         0.53169387 0.48390044] -> F: 0.41282516371982475
Punto[1.         0.53247479 0.48345432] -> F: 0.41176557998888397
Punto[1.         0.53325571 0.4830082 ] -> F: 0.4106887507579635
Punto[1.         0.53403663 0.48256209] -> F: 0.4096131104288465
{
  "seed": 13142,
  "n_per_z": 10,
  "nz": 100,
  "nd": 100,
  "n_muestras": 50,
  "best_f": 0.4291947944799984,
  "best_cp": [
    1.0,
    0.5191991764555781,
    0.49103830690781497
  ],
  "best_u": [
    0.2181432413965427,
    -0.5485465900530447,
    0.8071617959084699
  ],
  "best_index": 34,
  "n_candidatos": 54
}
