Punto[0.         0.53957415 0.72525807] -> F: 0.12280164239678246
Punto[1.         0.53817478 0.57604066] -> F: 0.43415180831619143
Punto[2.         0.51243184 0.51425166] -> F: 0.11780144507200671
Punto[1.         0.52600299 0.61975487] -> F: 0.44413173062647876
Punto[1.         0.53793134 0.57691494] -> F: 0.43601176276230597
Punto[1.         0.53769277 0.57777174] -> F: 0.437808258990075
Punto[1.         0.53745421 0.57862854] -> F: 0.4395517540430487
Punto[1.         0.53721564 0.57948534] -> F: 0.4412988939665381
Punto[1.         0.53697707 0.58034213] -> F: 0.44292154407238105
Punto[1.         0.53673851 0.58119893] -> F: 0.44453727628183054
Punto[1.         0.53649994 0.58205573] -> F: 0.446157089584275
Punto[1.         0.53626137 0.58291253] -> F: 0.4477809839797147
Punto[1.         0.53602281 0.58376933] -> F: 0.4494089594681499
Punto[1.         0.53578424 0.58462613] -> F: 0.45104101604958036
Punto[1.         0.53554567 0.58548293] -> F: 0.4526771537240061
Punto[1.         0.5353071  0.58633972] -> F: 0.4543173724914269
Punto[1.         0.53506854 0.58719652] -> F: 0.4559157200425329
Punto[1.         0.53482997 0.58805332] -> F: 0.45749218542759634
Punto[1.         0.5345914  0.58891012] -> F: 0.4590722956831752
Punto[1.         0.53435284 0.58976692] -> F: 0.46065605080926975
Punto[1.         0.53411427 0.59062372] -> F: 0.4622434508058802
Punto[1.         0.5338757  0.59148052] -> F: 0.463834495673006
Punto[1.         0.53363714 0.59233731] -> F: 0.46542918541064704
Punto[1.         0.53339857 0.59319411] -> F: 0.46702752001880415
Punto[1.         0.53316    0.59405091] -> F: 0.46862949949747695
Punto[1.         0.53292144 0.59490771] -> F: 0.46807140116136886
Punto[1.         0.53268287 0.59576451] -> F: 0.46738221783308465
Punto[1.         0.5324443  0.59662131] -> F: 0.46669411855601495
Punto[1.         0.53220573 0.5974781 ] -> F: 0.46600710333015916
Punto[1.         0.53196717 0.5983349 ] -> F: 0.4652625677775425
Punto[1.        0.5317286 0.5991917] -> F: 0.46446460666219685
Punto[1.         0.53149003 0.6000485 ] -> F: 0.4636623584788272
Punto[1.         0.53125147 0.6009053 ] -> F: 0.4628615429565125
Punto[1.        0.5310129 0.6017621] -> F: 0.46206216009525286
Punto[1.         0.53077433 0.6026189 ] -> F: 0.4612642098950479
Punto[1.         0.53053577 0.60347569] -> F: 0.4604676923558979
Punto[1.         0.5302972  0.60433249] -> F: 0.45967260747780286
Punto[1.         0.53005863 0.60518929] -> F: 0.45887895526076267
Punto[1.         0.52982007 0.60604609] -> F: 0.4580867357047776
Punto[1.         0.5295815  0.60690289] -> F: 0.45729594880984703
Punto[1.         0.52934293 0.60775969] -> F: 0.4565065945759718
Punto[1.         0.52910436 0.60861648] -> F: 0.45570820341364277
Punto[1.         0.5288658  0.60947328] -> F: 0.4549111696354597
Punto[1.         0.52862723 0.61033008] -> F: 0.4541158144763261
Punto[1.         0.52838866 0.61118688] -> F: 0.45332213793624193
Punto[1.         0.5281501  0.61204368] -> F: 0.45253014001520747
Punto[1.         0.52791153 0.61290048] -> F: 0.4516699878721495
Punto[1.         0.52767296 0.61375728] -> F: 0.450720053028896
Punto[1.         0.5274344  0.61461407] -> F: 0.4497725618757814
Punto[1.         0.52719583 0.61547087] -> F: 0.4488275144128061
Punto[1.         0.52695726 0.61632767] -> F: 0.44788491063997
Punto[1.         0.5267187  0.61718447] -> F: 0.4469447505572731
Punto[1.         0.52648013 0.61804127] -> F: 0.4460070341647151
Punto[1.         0.52624156 0.61889807] -> F: 0.4450717614622963
{
  "seed": 6572,
  "n_per_z": 10,
  "nz": 100,
  "nd": 100,
  "n_muestras": 50,
  "best_f": 0.46862949949747695,
  "best_cp": [
    1.0,
    0.5331600023776132,
    0.594050910706904
  ],
  "best_u": [
    -0.2181432413965427,
    0.49678205015181803,
    -0.8400125718582825
  ],
  "best_index": 24,
  "n_candidatos": 54
}
