Punto[0.         0.67212693 0.39726489] -> F: 0.21815452256454831
Punto[1.         0.50228051 0.46903579] -> F: 0.2846876861065954
Punto[2.         0.24753756 0.43830618] -> F: 0.0272389850510712
Punto[1.         0.45983224 0.41778553] -> F: 0.22728202016398585
Punto[1.         0.50143155 0.46801079] -> F: 0.28618756674270496
Punto[1.         0.50059956 0.46700628] -> F: 0.28766128730745033
Punto[1.         0.49976757 0.46600178] -> F: 0.28781953761742246
Punto[1.         0.49893559 0.46499727] -> F: 0.28725538497905956
Punto[1.         0.4981036  0.46399277] -> F: 0.28666444024797083
Punto[1.         0.49727162 0.46298826] -> F: 0.2860474109247457
Punto[1.         0.49643963 0.46198376] -> F: 0.285406711847996
Punto[1.         0.49560764 0.46097925] -> F: 0.28473925856738064
Punto[1.         0.49477566 0.45997475] -> F: 0.2837000697613914
Punto[1.         0.49394367 0.45897024] -> F: 0.28262699940256547
Punto[1.         0.49311169 0.45796574] -> F: 0.28152033136602167
Punto[1.         0.4922797  0.45696123] -> F: 0.2803806266910364
Punto[1.         0.49144771 0.45595673] -> F: 0.2792043421483234
Punto[1.         0.49061573 0.45495222] -> F: 0.2779911445245711
Punto[1.         0.48978374 0.45394772] -> F: 0.27674938615007255
Punto[1.         0.48895176 0.45294321] -> F: 0.27549249202435294
Punto[1.         0.48811977 0.45193871] -> F: 0.2742374824208778
Punto[1.         0.48728778 0.4509342 ] -> F: 0.2729774710376027
Punto[1.        0.4864558 0.4499297] -> F: 0.27168993664532315
Punto[1.         0.48562381 0.44892519] -> F: 0.2704043978071446
Punto[1.         0.48479183 0.44792069] -> F: 0.26912085452306667
Punto[1.         0.48395984 0.44691618] -> F: 0.26783930679308937
Punto[1.         0.48312785 0.44591168] -> F: 0.2665221996148205
Punto[1.         0.48229587 0.44490717] -> F: 0.2652068210992949
Punto[1.         0.48146388 0.44390267] -> F: 0.26389355833531014
Punto[1.         0.48063189 0.44289816] -> F: 0.262582411322866
Punto[1.         0.47979991 0.44189365] -> F: 0.2612473808728159
Punto[1.         0.47896792 0.44088915] -> F: 0.2599007758725466
Punto[1.         0.47813594 0.43988464] -> F: 0.2585564173361201
Punto[1.         0.47730395 0.43888014] -> F: 0.25721430526353634
Punto[1.         0.47647196 0.43787563] -> F: 0.25586756796282767
Punto[1.         0.47563998 0.43687113] -> F: 0.2544881238801764
Punto[1.         0.47480799 0.43586662] -> F: 0.2531110691102866
Punto[1.         0.47397601 0.43486212] -> F: 0.2517364036531584
Punto[1.         0.47314402 0.43385761] -> F: 0.2503641275087916
Punto[1.         0.47231203 0.43285311] -> F: 0.24897193302276993
Punto[1.         0.47148005 0.4318486 ] -> F: 0.24756031503146114
Punto[1.         0.47064806 0.4308441 ] -> F: 0.24615124330480545
Punto[1.         0.46981608 0.42983959] -> F: 0.24474471784280283
Punto[1.         0.46898409 0.42883509] -> F: 0.24334073864545322
Punto[1.         0.4681521  0.42783058] -> F: 0.24190860728987826
Punto[1.         0.46732012 0.42682608] -> F: 0.2404629584216758
Punto[1.         0.46648813 0.42582157] -> F: 0.23902002928020014
Punto[1.         0.46565615 0.42481707] -> F: 0.2375798198654511
Punto[1.         0.46482416 0.42381256] -> F: 0.2361423301774288
Punto[1.         0.46399217 0.42280806] -> F: 0.23467795058828822
Punto[1.         0.46316019 0.42180355] -> F: 0.23319607961282535
Punto[1.         0.4623282  0.42079905] -> F: 0.23171712131473782
Punto[1.         0.46149622 0.41979454] -> F: 0.23024107569402577
Punto[1.         0.46066423 0.41879004] -> F: 0.22876794275068907
Best centerpoint:  [1.         0.49976757 0.46600178] Best F:  0.28781953761742246 Best u:  [ 0.53582679  0.28600589 -0.79441191] índice:  3
{
  "seed": 9243,
  "n_per_z": 5,
  "nz": 100,
  "nd": 100,
  "n_muestras": 50,
  "best_f": 0.28781953761742246,
  "best_cp": [
    1.0,
    0.49976757434493535,
    0.46600177725307335
  ],
  "best_u": [
    0.5358267949789969,
    0.28600588548957384,
    -0.7944119077958618
  ],
  "n_candidatos": 54
}
