Punto[0.         0.52865884 0.46369468] -> F: 0.13805891397483896
Punto[1.         0.55389931 0.50536635] -> F: 0.4092471578983316
Punto[2.         0.67017574 0.60193453] -> F: 0.13727511292672034
Punto[1.         0.59941729 0.5328146 ] -> F: 0.44027574001340364
Punto[1.         0.55480967 0.50591532] -> F: 0.41116340154876796
Punto[1.         0.55570182 0.5064533 ] -> F: 0.4130159369671923
Punto[1.         0.55659397 0.50699129] -> F: 0.41487111302324625
Punto[1.         0.55748613 0.50752927] -> F: 0.4167289297169303
Punto[1.         0.55837828 0.50806726] -> F: 0.4185893870482437
Punto[1.         0.55927043 0.50860524] -> F: 0.42045248501718707
Punto[1.         0.56016258 0.50914323] -> F: 0.42231822362376004
Punto[1.         0.56105474 0.50968122] -> F: 0.42418660286796256
Punto[1.         0.56194689 0.5102192 ] -> F: 0.4260576227497952
Punto[1.         0.56283904 0.51075719] -> F: 0.42793128326925706
Punto[1.         0.56373119 0.51129517] -> F: 0.4297850708740957
Punto[1.         0.56462335 0.51183316] -> F: 0.43161856571538165
Punto[1.         0.5655155  0.51237114] -> F: 0.43345456512681413
Punto[1.         0.56640765 0.51290913] -> F: 0.435293069108393
Punto[1.         0.5672998  0.51344712] -> F: 0.43713407766011797
Punto[1.         0.56819196 0.5139851 ] -> F: 0.438977590781989
Punto[1.         0.56908411 0.51452309] -> F: 0.4408236084740067
Punto[1.         0.56997626 0.51506107] -> F: 0.44267213073617045
Punto[1.         0.57086841 0.51559906] -> F: 0.4445231575684808
Punto[1.         0.57176057 0.51613705] -> F: 0.4463766889709374
Punto[1.         0.57265272 0.51667503] -> F: 0.4482086395833649
Punto[1.         0.57354487 0.51721302] -> F: 0.45002278642888544
Punto[1.         0.57443702 0.517751  ] -> F: 0.45183931092986795
Punto[1.         0.57532917 0.51828899] -> F: 0.4536582130863131
Punto[1.         0.57622133 0.51882697] -> F: 0.4554794928982215
Punto[1.         0.57711348 0.51936496] -> F: 0.45730315036559177
Punto[1.         0.57800563 0.51990295] -> F: 0.4591291854884249
Punto[1.         0.57889778 0.52044093] -> F: 0.4598031906829856
Punto[1.         0.57978994 0.52097892] -> F: 0.4591146692951778
Punto[1.         0.58068209 0.5215169 ] -> F: 0.4584272500001274
Punto[1.         0.58157424 0.52205489] -> F: 0.4577409327978343
Punto[1.         0.58246639 0.52259287] -> F: 0.4570557176882987
Punto[1.         0.58335855 0.52313086] -> F: 0.4563716046715205
Punto[1.         0.5842507  0.52366885] -> F: 0.4556885937474998
Punto[1.         0.58514285 0.52420683] -> F: 0.4550066849162363
Punto[1.         0.586035   0.52474482] -> F: 0.45432587817773035
Punto[1.         0.58692716 0.5252828 ] -> F: 0.4536461735319817
Punto[1.         0.58781931 0.52582079] -> F: 0.45296757097899043
Punto[1.         0.58871146 0.52635877] -> F: 0.45229007051875675
Punto[1.         0.58960361 0.52689676] -> F: 0.45161114212696085
Punto[1.         0.59049577 0.52743475] -> F: 0.45092418153532243
Punto[1.         0.59138792 0.52797273] -> F: 0.45023836148402874
Punto[1.         0.59228007 0.52851072] -> F: 0.4495536819730795
Punto[1.         0.59317222 0.5290487 ] -> F: 0.4488701430024748
Punto[1.         0.59406437 0.52958669] -> F: 0.4481877445722145
Punto[1.         0.59495653 0.53012468] -> F: 0.44750648668229887
Punto[1.         0.59584868 0.53066266] -> F: 0.4468263693327279
Punto[1.         0.59674083 0.53120065] -> F: 0.4460198118453484
Punto[1.         0.59763298 0.53173863] -> F: 0.4441038553418302
Punto[1.         0.59852514 0.53227662] -> F: 0.4421884259175225
{
  "seed": 16830,
  "n_per_z": 10,
  "nz": 100,
  "nd": 100,
  "n_muestras": 50,
  "best_f": 0.4598031906829856,
  "best_cp": [
    1.0,
    0.5788977841356496,
    0.520440931466998
  ],
  "best_u": [
    -0.9408807689542255,
    0.2540910636795928,
    0.224011405893268
  ],
  "best_index": 31,
  "n_candidatos": 54
}
