Punto[0.         0.42451983 0.61417655] -> F: 0.14038499871758997
Punto[1.         0.40024341 0.59594661] -> F: 0.4034302284577043
Punto[2.         0.38420942 0.58987974] -> F: 0.12121464541033956
Punto[1.         0.40436462 0.60202814] -> F: 0.4099758083515157
Punto[1.         0.40032584 0.59606824] -> F: 0.40357537531031845
Punto[1.         0.40040661 0.59618744] -> F: 0.4037178129648816
Punto[1.         0.40048739 0.59630663] -> F: 0.4038604424014866
Punto[1.         0.40056816 0.59642583] -> F: 0.40400326362013284
Punto[1.         0.40064894 0.59654503] -> F: 0.40414627662082087
Punto[1.         0.40072972 0.59666423] -> F: 0.40428948140355053
Punto[1.         0.40081049 0.59678343] -> F: 0.4044328779683218
Punto[1.         0.40089127 0.59690262] -> F: 0.4045764663151347
Punto[1.         0.40097204 0.59702182] -> F: 0.4047202464439893
Punto[1.         0.40105282 0.59714102] -> F: 0.40486421835488556
Punto[1.         0.40113359 0.59726022] -> F: 0.4049987511945696
Punto[1.         0.40121437 0.59737942] -> F: 0.4051196364252622
Punto[1.         0.40129515 0.59749862] -> F: 0.40524052380456205
Punto[1.         0.40137592 0.59761781] -> F: 0.40536141333246917
Punto[1.         0.4014567  0.59773701] -> F: 0.40548230500898347
Punto[1.         0.40153747 0.59785621] -> F: 0.4056031988341048
Punto[1.         0.40161825 0.59797541] -> F: 0.40572409480783334
Punto[1.         0.40169902 0.59809461] -> F: 0.40584499293016907
Punto[1.        0.4017798 0.5982138] -> F: 0.40596589320111187
Punto[1.         0.40186057 0.598333  ] -> F: 0.40608679562066197
Punto[1.         0.40194135 0.5984522 ] -> F: 0.4062077001888191
Punto[1.         0.40202213 0.5985714 ] -> F: 0.4063286069055835
Punto[1.        0.4021029 0.5986906] -> F: 0.4064496421414398
Punto[1.         0.40218368 0.59880979] -> F: 0.4065710125076235
Punto[1.         0.40226445 0.59892899] -> F: 0.4066927209583494
Punto[1.         0.40234523 0.59904819] -> F: 0.40681476749361734
Punto[1.         0.402426   0.59916739] -> F: 0.4069371521134274
Punto[1.         0.40250678 0.59928659] -> F: 0.40705987481777983
Punto[1.         0.40258756 0.59940578] -> F: 0.40718293560667435
Punto[1.         0.40266833 0.59952498] -> F: 0.407306334480111
Punto[1.         0.40274911 0.59964418] -> F: 0.40743007143808974
Punto[1.         0.40282988 0.59976338] -> F: 0.4075541464806106
Punto[1.         0.40291066 0.59988258] -> F: 0.4076785596076736
Punto[1.         0.40299143 0.60000178] -> F: 0.4078033108192789
Punto[1.         0.40307221 0.60012097] -> F: 0.40792840011542625
Punto[1.         0.40315299 0.60024017] -> F: 0.40805382749611563
Punto[1.         0.40323376 0.60035937] -> F: 0.4081795929613473
Punto[1.         0.40331454 0.60047857] -> F: 0.408305696511121
Punto[1.         0.40339531 0.60059777] -> F: 0.408432138145437
Punto[1.         0.40347609 0.60071696] -> F: 0.4085589178642951
Punto[1.         0.40355686 0.60083616] -> F: 0.40868603566769535
Punto[1.         0.40363764 0.60095536] -> F: 0.40881349155563773
Punto[1.         0.40371842 0.60107456] -> F: 0.40894128552812226
Punto[1.         0.40379919 0.60119376] -> F: 0.4090694175851488
Punto[1.         0.40387997 0.60131295] -> F: 0.4091978877267177
Punto[1.         0.40396074 0.60143215] -> F: 0.4093266959528287
Punto[1.         0.40404152 0.60155135] -> F: 0.40945584226348186
Punto[1.         0.40412229 0.60167055] -> F: 0.409585326658677
Punto[1.         0.40420307 0.60178975] -> F: 0.40971514913841434
Punto[1.         0.40428385 0.60190894] -> F: 0.40984530970269406
Best centerpoint:  [1.         0.40436462 0.60202814] Best F:  0.4099758083515157 Best u:  [ 0.15643447  0.1545085  -0.97552826] índice:  3
{
  "seed": 13755,
  "n_per_z": 5,
  "nz": 100,
  "nd": 100,
  "n_muestras": 50,
  "best_f": 0.4099758083515157,
  "best_cp": [
    1.0,
    0.40436462121237937,
    0.6020281426819597
  ],
  "best_u": [
    0.1564344650402308,
    0.15450849718747367,
    -0.9755282581475768
  ],
  "n_candidatos": 54
}
