Punto[0.         0.41096554 0.52489898] -> F: 0.05140530454636768
Punto[1.         0.57107054 0.55357063] -> F: 0.3409676252360249
Punto[2.         0.58258139 0.67057696] -> F: 0.17650242231434113
Punto[1.         0.49677346 0.59773797] -> F: 0.2900985066928786
Punto[1.         0.5695846  0.55445397] -> F: 0.3409638328032867
Punto[1.         0.56812837 0.55531965] -> F: 0.34096011624697786
Punto[1.         0.56667215 0.55618533] -> F: 0.34095639971816294
Punto[1.         0.56521593 0.55705101] -> F: 0.34091198988586713
Punto[1.         0.56375971 0.55791669] -> F: 0.33980934371280075
Punto[1.         0.56230348 0.55878237] -> F: 0.33870840257394913
Punto[1.         0.56084726 0.55964805] -> F: 0.33760275598470335
Punto[1.         0.55939104 0.56051373] -> F: 0.33649523892963334
Punto[1.         0.55793482 0.56137941] -> F: 0.33539017068775206
Punto[1.         0.55647859 0.56224509] -> F: 0.3342875512590594
Punto[1.         0.55502237 0.56311077] -> F: 0.33318738064355535
Punto[1.         0.55356615 0.56397645] -> F: 0.3320896588412398
Punto[1.         0.55210992 0.56484213] -> F: 0.33099438585211305
Punto[1.         0.5506537  0.56570781] -> F: 0.32990156167617485
Punto[1.         0.54919748 0.56657349] -> F: 0.32880998758200514
Punto[1.         0.54774126 0.56743917] -> F: 0.3277106604046817
Punto[1.         0.54628503 0.56830485] -> F: 0.3266138337042435
Punto[1.         0.54482881 0.56917053] -> F: 0.32551950748069053
Punto[1.         0.54337259 0.57003621] -> F: 0.3244276817340226
Punto[1.         0.54191637 0.57090189] -> F: 0.32333835646424
Punto[1.         0.54046014 0.57176757] -> F: 0.32225153167134246
Punto[1.         0.53900392 0.57263325] -> F: 0.32116720735533016
Punto[1.         0.5375477  0.57349893] -> F: 0.320085383516203
Punto[1.         0.53609147 0.57436461] -> F: 0.3189958594302856
Punto[1.         0.53463525 0.57523029] -> F: 0.31790764941239824
Punto[1.         0.53317903 0.57609597] -> F: 0.31682199320998394
Punto[1.         0.53172281 0.57696165] -> F: 0.3157388908230427
Punto[1.         0.53026658 0.57782733] -> F: 0.3146583422515746
Punto[1.         0.52881036 0.57869301] -> F: 0.31358034749557956
Punto[1.         0.52735414 0.57955869] -> F: 0.3125049065550577
Punto[1.         0.52589792 0.58042437] -> F: 0.3114320194300089
Punto[1.         0.52444169 0.58129005] -> F: 0.3103507470211631
Punto[1.         0.52298547 0.58215573] -> F: 0.30927152936266344
Punto[1.         0.52152925 0.58302141] -> F: 0.3081949207209345
Punto[1.         0.52007303 0.58388709] -> F: 0.3071209210959763
Punto[1.         0.5186168  0.58475277] -> F: 0.3060495304877887
Punto[1.         0.51716058 0.58561845] -> F: 0.3049807488963717
Punto[1.         0.51570436 0.58648413] -> F: 0.30391457632172547
Punto[1.         0.51424813 0.58734981] -> F: 0.30284803709915525
Punto[1.         0.51279191 0.58821549] -> F: 0.30177552260748125
Punto[1.         0.51133569 0.58908117] -> F: 0.3007056744052853
Punto[1.         0.50987947 0.58994685] -> F: 0.29963849249256724
Punto[1.         0.50842324 0.59081253] -> F: 0.2985739768693274
Punto[1.         0.50696702 0.59167821] -> F: 0.2975121275355655
Punto[1.         0.5055108  0.59254389] -> F: 0.29645294449128173
Punto[1.         0.50405458 0.59340957] -> F: 0.295396427736476
Punto[1.         0.50259835 0.59427525] -> F: 0.2943334518200145
Punto[1.         0.50114213 0.59514093] -> F: 0.2932706267383073
Punto[1.         0.49968591 0.59600661] -> F: 0.2922105275232156
Punto[1.         0.49822969 0.59687229] -> F: 0.2911531541747393
Best centerpoint:  [1.         0.57107054 0.55357063] Best F:  0.3409676252360249 Best u:  [-0.4539905   0.45355922  0.76692676] índice:  1
{
  "seed": 16529,
  "n_per_z": 5,
  "nz": 100,
  "nd": 100,
  "n_muestras": 50,
  "best_f": 0.3409676252360249,
  "best_cp": [
    1.0,
    0.5710705382363227,
    0.5535706268010026
  ],
  "best_u": [
    -0.4539904997395467,
    0.45355922251566416,
    0.7669267617036342
  ],
  "n_candidatos": 54
}
