Punto[0.         0.42390868 0.45434554] -> F: 0.15419973371043724
Punto[1.         0.50037294 0.59725432] -> F: 0.4060229430660678
Punto[2.         0.52325824 0.66043243] -> F: 0.09253163358429448
Punto[1.         0.47358346 0.55738899] -> F: 0.39761863239740486
Punto[1.         0.49983715 0.59645702] -> F: 0.40609107553320456
Punto[1.         0.49931207 0.59567566] -> F: 0.40613312913785415
Punto[1.        0.498787  0.5948943] -> F: 0.4061751867553448
Punto[1.         0.49826193 0.59411294] -> F: 0.4061485898257767
Punto[1.         0.49773685 0.59333158] -> F: 0.4061205862773076
Punto[1.         0.49721178 0.59255021] -> F: 0.40609258477607607
Punto[1.         0.4966867  0.59176885] -> F: 0.4060645853220821
Punto[1.         0.49616163 0.59098749] -> F: 0.4060166059239893
Punto[1.         0.49563656 0.59020613] -> F: 0.40595458138137097
Punto[1.         0.49511148 0.58942477] -> F: 0.40589256681713326
Punto[1.         0.49458641 0.58864341] -> F: 0.4058305622312768
Punto[1.         0.49406134 0.58786205] -> F: 0.405768567623801
Punto[1.         0.49353626 0.58708069] -> F: 0.40570658299470613
Punto[1.         0.49301119 0.58629933] -> F: 0.4056215558045438
Punto[1.         0.49248612 0.58551797] -> F: 0.4055249837148903
Punto[1.         0.49196104 0.58473661] -> F: 0.4054284357915026
Punto[1.         0.49143597 0.58395525] -> F: 0.40533191203438057
Punto[1.         0.49091089 0.58317389] -> F: 0.4052354124435245
Punto[1.         0.49038582 0.58239253] -> F: 0.40513893701893405
Punto[1.         0.48986075 0.58161117] -> F: 0.4050168851562476
Punto[1.         0.48933567 0.5808298 ] -> F: 0.4048851640020922
Punto[1.         0.4888106  0.58004844] -> F: 0.40475348771138653
Punto[1.         0.48828553 0.57926708] -> F: 0.4046218562841309
Punto[1.         0.48776045 0.57848572] -> F: 0.404490269720325
Punto[1.         0.48723538 0.57770436] -> F: 0.4043587280199692
Punto[1.        0.4867103 0.576923 ] -> F: 0.4042012364793345
Punto[1.         0.48618523 0.57614164] -> F: 0.4040336333473773
Punto[1.         0.48566016 0.57536028] -> F: 0.4038661035853114
Punto[1.         0.48513508 0.57457892] -> F: 0.4036986471931366
Punto[1.         0.48461001 0.57379756] -> F: 0.40353126417085305
Punto[1.         0.48408494 0.5730162 ] -> F: 0.40336395451846097
Punto[1.         0.48355986 0.57223484] -> F: 0.40317743848174215
Punto[1.         0.48303479 0.57145348] -> F: 0.40297303950848135
Punto[1.         0.48250971 0.57067212] -> F: 0.4027687513790872
Punto[1.         0.48198464 0.56989076] -> F: 0.40256457409355934
Punto[1.         0.48145957 0.5691094 ] -> F: 0.40236050765189807
Punto[1.         0.48093449 0.56832803] -> F: 0.4021565520541033
Punto[1.         0.48040942 0.56754667] -> F: 0.40193802289315134
Punto[1.         0.47988435 0.56676531] -> F: 0.4016476429223604
Punto[1.         0.47935927 0.56598395] -> F: 0.40135756487779445
Punto[1.         0.4788342  0.56520259] -> F: 0.4010540387222602
Punto[1.         0.47830912 0.56442123] -> F: 0.4007252014038569
Punto[1.         0.47778405 0.56363987] -> F: 0.40039677170950644
Punto[1.         0.47725898 0.56285851] -> F: 0.40006874963920874
Punto[1.         0.4767339  0.56207715] -> F: 0.3997411351929637
Punto[1.         0.47620883 0.56129579] -> F: 0.39941392837077166
Punto[1.         0.47568376 0.56051443] -> F: 0.3990871291726323
Punto[1.         0.47515868 0.55973307] -> F: 0.3987208018347026
Punto[1.         0.47463361 0.55895171] -> F: 0.39835286186288155
Punto[1.         0.47410854 0.55817035] -> F: 0.39798547205044893
{
  "seed": 14295,
  "n_per_z": 10,
  "nz": 100,
  "nd": 100,
  "n_muestras": 50,
  "best_f": 0.4061751867553448,
  "best_cp": [
    1.0,
    0.4987869998108125,
    0.5948942965899737
  ],
  "best_u": [
    0.2181432413965427,
    -0.7895332455038163,
    0.5736294801326202
  ],
  "best_index": 6,
  "n_candidatos": 54
}
