Punto[0.         0.42345659 0.4896811 ] -> F: 0.14905512782656732
Punto[1.         0.45270776 0.51234765] -> F: 0.40880472992328726
Punto[2.         0.40998994 0.54274779] -> F: 0.12632898767658357
Punto[1.         0.41672327 0.51621445] -> F: 0.4207586610970603
Punto[1.         0.45198807 0.51242499] -> F: 0.4094445653501618
Punto[1.         0.45128277 0.51250078] -> F: 0.4100742460450395
Punto[1.         0.45057748 0.51257657] -> F: 0.41070654202982565
Punto[1.         0.44987218 0.51265236] -> F: 0.41134145330452054
Punto[1.         0.44916688 0.51272814] -> F: 0.41197897986912413
Punto[1.         0.44846159 0.51280393] -> F: 0.4126191217236366
Punto[1.         0.44775629 0.51287972] -> F: 0.41326187886805754
Punto[1.         0.44705099 0.51295551] -> F: 0.4139072513023871
Punto[1.        0.4463457 0.5130313] -> F: 0.41455523902662544
Punto[1.         0.4456404  0.51310709] -> F: 0.41520584204077243
Punto[1.         0.44493511 0.51318288] -> F: 0.415859060344828
Punto[1.         0.44422981 0.51325867] -> F: 0.4165148939387923
Punto[1.         0.44352451 0.51333446] -> F: 0.4171733428226653
Punto[1.         0.44281922 0.51341025] -> F: 0.417834406996447
Punto[1.         0.44211392 0.51348604] -> F: 0.4184980864601374
Punto[1.         0.44140863 0.51356183] -> F: 0.41914600642950595
Punto[1.         0.44070333 0.51363762] -> F: 0.4197935894510335
Punto[1.         0.43999803 0.5137134 ] -> F: 0.42044334984445203
Punto[1.         0.43929274 0.51378919] -> F: 0.4210952876097614
Punto[1.         0.43858744 0.51386498] -> F: 0.4217494027469616
Punto[1.         0.43788215 0.51394077] -> F: 0.4224056952560527
Punto[1.         0.43717685 0.51401656] -> F: 0.42306416513703476
Punto[1.         0.43647155 0.51409235] -> F: 0.4237248123899075
Punto[1.         0.43576626 0.51416814] -> F: 0.42438763701467136
Punto[1.         0.43506096 0.51424393] -> F: 0.42505263901132595
Punto[1.         0.43435567 0.51431972] -> F: 0.4257198183798714
Punto[1.         0.43365037 0.51439551] -> F: 0.4263891751203079
Punto[1.         0.43294507 0.5144713 ] -> F: 0.4270607092326351
Punto[1.         0.43223978 0.51454709] -> F: 0.42773442071685336
Punto[1.         0.43153448 0.51462287] -> F: 0.42841030957296256
Punto[1.         0.43082919 0.51469866] -> F: 0.42908837580096243
Punto[1.         0.43012389 0.51477445] -> F: 0.4297686194008532
Punto[1.         0.42941859 0.51485024] -> F: 0.43045077908093066
Punto[1.         0.4287133  0.51492603] -> F: 0.4311345101359062
Punto[1.         0.428008   0.51500182] -> F: 0.4311006895525297
Punto[1.         0.42730271 0.51507761] -> F: 0.4304564676273473
Punto[1.         0.42659741 0.5151534 ] -> F: 0.42981289221757135
Punto[1.         0.42589211 0.51522919] -> F: 0.42916996332320234
Punto[1.         0.42518682 0.51530498] -> F: 0.42852768094424004
Punto[1.         0.42448152 0.51538077] -> F: 0.42788604508068445
Punto[1.         0.42377623 0.51545656] -> F: 0.4272450557325356
Punto[1.         0.42307093 0.51553234] -> F: 0.4266047128997935
Punto[1.         0.42236563 0.51560813] -> F: 0.42595836555428995
Punto[1.         0.42166034 0.51568392] -> F: 0.42530600285856845
Punto[1.         0.42095504 0.51575971] -> F: 0.4246543257738664
Punto[1.         0.42024975 0.5158355 ] -> F: 0.42400333430018355
Punto[1.         0.41954445 0.51591129] -> F: 0.4233530284375202
Punto[1.         0.41883915 0.51598708] -> F: 0.42270340818587615
Punto[1.         0.41813386 0.51606287] -> F: 0.4220544735452515
Punto[1.         0.41742856 0.51613866] -> F: 0.4214062245156462
{
  "seed": 19691,
  "n_per_z": 10,
  "nz": 100,
  "nd": 100,
  "n_muestras": 50,
  "best_f": 0.4311345101359062,
  "best_cp": [
    1.0,
    0.428713297983684,
    0.5149260311011338
  ],
  "best_u": [
    0.24868988716485485,
    0.61739814297001,
    -0.7463061523792464
  ],
  "best_index": 37,
  "n_candidatos": 54
}
