Punto[0.         0.37608266 0.54557555] -> F: 0.1841523730402964
Punto[1.         0.37612505 0.55395447] -> F: 0.27412790639756673
Punto[2.         0.12972961 0.47018405] -> F: 0.014097083568618251
Punto[1.         0.25290613 0.5078798 ] -> F: 0.21495472330460685
Punto[1.         0.37366067 0.55303298] -> F: 0.2781895608154352
Punto[1.         0.37124558 0.55212991] -> F: 0.282634524832243
Punto[1.         0.36883049 0.55122685] -> F: 0.28641867868378784
Punto[1.         0.3664154  0.55032378] -> F: 0.28917283526904297
Punto[1.         0.36400031 0.54942072] -> F: 0.288853416079844
Punto[1.         0.36158522 0.54851766] -> F: 0.28786261934487045
Punto[1.         0.35917013 0.54761459] -> F: 0.2867530227784952
Punto[1.         0.35675504 0.54671153] -> F: 0.2856229794341591
Punto[1.         0.35433995 0.54580847] -> F: 0.2844325146636731
Punto[1.         0.35192486 0.5449054 ] -> F: 0.28321585915686925
Punto[1.         0.34950976 0.54400234] -> F: 0.2820013169496074
Punto[1.         0.34709467 0.54309928] -> F: 0.28078888804188756
Punto[1.         0.34467958 0.54219621] -> F: 0.27949442687789783
Punto[1.         0.34226449 0.54129315] -> F: 0.2781939364314516
Punto[1.         0.3398494  0.54039009] -> F: 0.2768958953865491
Punto[1.         0.33743431 0.53948702] -> F: 0.2755921470270788
Punto[1.         0.33501922 0.53858396] -> F: 0.2742039266096387
Punto[1.         0.33260413 0.5376809 ] -> F: 0.27281852948012447
Punto[1.         0.33018904 0.53677783] -> F: 0.2714359556385364
Punto[1.         0.32777395 0.53587477] -> F: 0.27003556031934395
Punto[1.         0.32535886 0.53497171] -> F: 0.2685606875227543
Punto[1.         0.32294377 0.53406864] -> F: 0.2670890546322743
Punto[1.         0.32052868 0.53316558] -> F: 0.26562066164790377
Punto[1.         0.31811358 0.53226251] -> F: 0.2641277181952788
Punto[1.         0.31569849 0.53135945] -> F: 0.26256451930695646
Punto[1.         0.3132834  0.53045639] -> F: 0.2610050256992748
Punto[1.         0.31086831 0.52955332] -> F: 0.2594492373722342
Punto[1.         0.30845322 0.52865026] -> F: 0.25786907329956404
Punto[1.         0.30603813 0.5277472 ] -> F: 0.2562155219076097
Punto[1.         0.30362304 0.52684413] -> F: 0.2545661973092298
Punto[1.         0.30120795 0.52594107] -> F: 0.25292109950442454
Punto[1.         0.29879286 0.52503801] -> F: 0.25126065072636616
Punto[1.         0.29637777 0.52413494] -> F: 0.24951430212072037
Punto[1.         0.29396268 0.52323188] -> F: 0.24777276707617496
Punto[1.         0.29154759 0.52232882] -> F: 0.24603604559272993
Punto[1.         0.28913249 0.52142575] -> F: 0.2443041376703854
Punto[1.         0.2867174  0.52052269] -> F: 0.2424622798876229
Punto[1.         0.28430231 0.51961963] -> F: 0.240625662448067
Punto[1.         0.28188722 0.51871656] -> F: 0.2387945219550656
Punto[1.         0.27947213 0.5178135 ] -> F: 0.23696885840861867
Punto[1.         0.27705704 0.51691044] -> F: 0.2350621258538599
Punto[1.         0.27464195 0.51600737] -> F: 0.23312695155299126
Punto[1.         0.27222686 0.51510431] -> F: 0.2311980085225519
Punto[1.         0.26981177 0.51420124] -> F: 0.2292752967625418
Punto[1.         0.26739668 0.51329818] -> F: 0.22731839471968812
Punto[1.         0.26498159 0.51239512] -> F: 0.22528043910886933
Punto[1.         0.2625665  0.51149205] -> F: 0.22324957830904607
Punto[1.         0.2601514  0.51058899] -> F: 0.22122581232021837
Punto[1.         0.25773631 0.50968593] -> F: 0.21920914114238624
Punto[1.         0.25532122 0.50878286] -> F: 0.2170925445247566
Best centerpoint:  [1.         0.3664154  0.55032378] Best F:  0.28917283526904297 Best u:  [ 0.24868989  0.96810522 -0.03042393] índice:  4
{
  "seed": 10783,
  "n_per_z": 5,
  "nz": 100,
  "nd": 100,
  "n_muestras": 50,
  "best_f": 0.28917283526904297,
  "best_cp": [
    1.0,
    0.3664154004741565,
    0.5503237849334461
  ],
  "best_u": [
    0.24868988716485485,
    0.9681052238078452,
    -0.030423932321343293
  ],
  "n_candidatos": 54
}
