Punto[0.        0.4730485 0.5219498] -> F: 0.17121893884658076
Punto[1.         0.47134635 0.53099488] -> F: 0.45968630499878244
Punto[2.         0.4761938  0.58152383] -> F: 0.1357885833920521
Punto[1.         0.47462115 0.55173681] -> F: 0.4575908826333994
Punto[1.         0.47141184 0.53140972] -> F: 0.45976626108472246
Punto[1.         0.47147603 0.53181626] -> F: 0.4598447671505424
Punto[1.         0.47154022 0.53222281] -> F: 0.45992342081188425
Punto[1.         0.4716044  0.53262935] -> F: 0.46000222206874797
Punto[1.         0.47166859 0.53303589] -> F: 0.46008117092113354
Punto[1.         0.47173278 0.53344243] -> F: 0.46016026736904103
Punto[1.         0.47179696 0.53384897] -> F: 0.4602395114124704
Punto[1.         0.47186115 0.53425551] -> F: 0.4603189030514217
Punto[1.         0.47192533 0.53466206] -> F: 0.46039844228589466
Punto[1.         0.47198952 0.5350686 ] -> F: 0.4604781291158897
Punto[1.         0.47205371 0.53547514] -> F: 0.4605579635414066
Punto[1.         0.47211789 0.53588168] -> F: 0.4606379455624454
Punto[1.         0.47218208 0.53628822] -> F: 0.46071807517900604
Punto[1.         0.47224626 0.53669477] -> F: 0.46079835239108863
Punto[1.         0.47231045 0.53710131] -> F: 0.460878777198693
Punto[1.         0.47237464 0.53750785] -> F: 0.4609593496018194
Punto[1.         0.47243882 0.53791439] -> F: 0.4610400696004676
Punto[1.         0.47250301 0.53832093] -> F: 0.46112093719463765
Punto[1.         0.47256719 0.53872747] -> F: 0.46120195238432965
Punto[1.         0.47263138 0.53913402] -> F: 0.4612831151695435
Punto[1.         0.47269557 0.53954056] -> F: 0.4613644255502793
Punto[1.         0.47275975 0.5399471 ] -> F: 0.4614458835265368
Punto[1.         0.47282394 0.54035364] -> F: 0.46150223677984414
Punto[1.         0.47288812 0.54076018] -> F: 0.46137574518912305
Punto[1.         0.47295231 0.54116673] -> F: 0.4612492858910225
Punto[1.         0.4730165  0.54157327] -> F: 0.46112285888554266
Punto[1.         0.47308068 0.54197981] -> F: 0.4609964641726835
Punto[1.         0.47314487 0.54238635] -> F: 0.46087010175244475
Punto[1.         0.47320906 0.54279289] -> F: 0.46073649363971064
Punto[1.         0.47327324 0.54319943] -> F: 0.46060172182320624
Punto[1.         0.47333743 0.54360598] -> F: 0.46046698211582626
Punto[1.         0.47340161 0.54401252] -> F: 0.46033227451757064
Punto[1.         0.4734658  0.54441906] -> F: 0.46019759902843943
Punto[1.         0.47352999 0.5448256 ] -> F: 0.46006295564843264
Punto[1.         0.47359417 0.54523214] -> F: 0.4599283443775501
Punto[1.         0.47365836 0.54563869] -> F: 0.45979228136814554
Punto[1.         0.47372254 0.54604523] -> F: 0.4596493489047876
Punto[1.         0.47378673 0.54645177] -> F: 0.4595064489063966
Punto[1.         0.47385092 0.54685831] -> F: 0.4593635813729729
Punto[1.         0.4739151  0.54726485] -> F: 0.4592207463045162
Punto[1.         0.47397929 0.5476714 ] -> F: 0.4590779437010267
Punto[1.         0.47404347 0.54807794] -> F: 0.45893517356250413
Punto[1.         0.47410766 0.54848448] -> F: 0.4587924358889487
Punto[1.         0.47417185 0.54889102] -> F: 0.4586470562336912
Punto[1.         0.47423603 0.54929756] -> F: 0.45849607457212915
Punto[1.         0.47430022 0.5497041 ] -> F: 0.45834512615012146
Punto[1.         0.4743644  0.55011065] -> F: 0.4581942109676684
Punto[1.         0.47442859 0.55051719] -> F: 0.4580433290247694
Punto[1.         0.47449278 0.55092373] -> F: 0.4578924803214252
Punto[1.         0.47455696 0.55133027] -> F: 0.4577416648576351
{
  "seed": 13593,
  "n_per_z": 10,
  "nz": 100,
  "nd": 100,
  "n_muestras": 50,
  "best_f": 0.46150223677984414,
  "best_cp": [
    1.0,
    0.4728239386481814,
    0.5403536420659686
  ],
  "best_u": [
    0.39714789063478056,
    0.888921676485414,
    0.22823629430637282
  ],
  "best_index": 26,
  "n_candidatos": 54
}
