Punto[0.        0.5639903 0.5842323] -> F: 0.11341150441733472
Punto[1.         0.48935528 0.4541063 ] -> F: 0.4354707843976691
Punto[2.         0.4294183  0.37312892] -> F: 0.12859704293716606
Punto[1.         0.4967043  0.47868061] -> F: 0.44223099282359296
Punto[1.         0.48950226 0.45459779] -> F: 0.43627544191248063
Punto[1.         0.4896463  0.45507945] -> F: 0.4370661316318352
Punto[1.         0.48979034 0.4555611 ] -> F: 0.43785892523779796
Punto[1.         0.48993438 0.45604276] -> F: 0.43865382273036924
Punto[1.         0.49007842 0.45652442] -> F: 0.4394508241095488
Punto[1.         0.49022246 0.45700607] -> F: 0.44024992937533686
Punto[1.         0.4903665  0.45748773] -> F: 0.4410511385277332
Punto[1.         0.49051055 0.45796939] -> F: 0.44185445156673786
Punto[1.         0.49065459 0.45845104] -> F: 0.44265986849235106
Punto[1.         0.49079863 0.4589327 ] -> F: 0.44346738930457275
Punto[1.         0.49094267 0.45941435] -> F: 0.4442770140034027
Punto[1.         0.49108671 0.45989601] -> F: 0.44508874258884096
Punto[1.         0.49123075 0.46037767] -> F: 0.44590257506088776
Punto[1.         0.49137479 0.46085932] -> F: 0.44671851141954294
Punto[1.         0.49151883 0.46134098] -> F: 0.4475365516648063
Punto[1.         0.49166287 0.46182264] -> F: 0.44835669579667803
Punto[1.         0.49180691 0.46230429] -> F: 0.4491789438151586
Punto[1.         0.49195095 0.46278595] -> F: 0.45000329572024744
Punto[1.         0.492095   0.46326761] -> F: 0.4508297515119442
Punto[1.         0.49223904 0.46374926] -> F: 0.45165831119024974
Punto[1.         0.49238308 0.46423092] -> F: 0.45248897475516364
Punto[1.         0.49252712 0.46471257] -> F: 0.4533217422066858
Punto[1.         0.49267116 0.46519423] -> F: 0.4541566135448164
Punto[1.         0.4928152  0.46567589] -> F: 0.4549935887695556
Punto[1.         0.49295924 0.46615754] -> F: 0.45583266788090293
Punto[1.         0.49310328 0.4666392 ] -> F: 0.4566738508788585
Punto[1.         0.49324732 0.46712086] -> F: 0.4567616234846912
Punto[1.         0.49339136 0.46760251] -> F: 0.45629487318354495
Punto[1.         0.4935354  0.46808417] -> F: 0.4558149464328997
Punto[1.         0.49367944 0.46856582] -> F: 0.4552799295119585
Punto[1.         0.49382349 0.46904748] -> F: 0.4547451272431632
Punto[1.         0.49396753 0.46952914] -> F: 0.4542105396265134
Punto[1.         0.49411157 0.47001079] -> F: 0.4536743115485282
Punto[1.         0.49425561 0.47049245] -> F: 0.4531365079436925
Punto[1.         0.49439965 0.47097411] -> F: 0.4525324263801662
Punto[1.         0.49454369 0.47145576] -> F: 0.45192885393029253
Punto[1.         0.49468773 0.47193742] -> F: 0.45132579059407163
Punto[1.         0.49483177 0.47241908] -> F: 0.45072323637150324
Punto[1.         0.49497581 0.47290073] -> F: 0.4501211912625874
Punto[1.         0.49511985 0.47338239] -> F: 0.4495196552673244
Punto[1.         0.49526389 0.47386404] -> F: 0.44891862838571384
Punto[1.         0.49540794 0.4743457 ] -> F: 0.44831811061775606
Punto[1.         0.49555198 0.47482736] -> F: 0.44771810196345085
Punto[1.         0.49569602 0.47530901] -> F: 0.4471185914183331
Punto[1.         0.49584006 0.47579067] -> F: 0.446519418505505
Punto[1.         0.4959841  0.47627233] -> F: 0.4458334995106663
Punto[1.         0.49612814 0.47675398] -> F: 0.4451092497821025
Punto[1.         0.49627218 0.47723564] -> F: 0.4443845308119319
Punto[1.         0.49641622 0.4777173 ] -> F: 0.4436631969866353
Punto[1.         0.49656026 0.47819895] -> F: 0.4429453509905224
Best centerpoint:  [1.         0.49324732 0.46712086] Best F:  0.4567616234846912 Best u:  [-0.18738131  0.79468708  0.57737396] índice:  27
{
  "seed": 1498,
  "n_per_z": 5,
  "nz": 100,
  "nd": 100,
  "n_muestras": 50,
  "best_f": 0.4567616234846912,
  "best_cp": [
    1.0,
    0.4932473221752613,
    0.4671208558935239
  ],
  "best_u": [
    -0.1873813145857246,
    0.7946870791973542,
    0.5773739594932421
  ],
  "n_candidatos": 54
}
