Punto[0.         0.53504726 0.48863865] -> F: 0.18722127093684746
Punto[1.         0.50130531 0.3872582 ] -> F: 0.3739791683529308
Punto[2.         0.56171953 0.24903936] -> F: 0.08225711745701472
Punto[1.         0.5483834  0.36883901] -> F: 0.3455528914900615
Punto[1.         0.50224687 0.38688981] -> F: 0.37339923732650165
Punto[1.        0.5031696 0.3865288] -> F: 0.372831697286827
Punto[1.         0.50409233 0.38616778] -> F: 0.3722649416096795
Punto[1.         0.50501506 0.38580677] -> F: 0.3716989702950587
Punto[1.         0.50593779 0.38544575] -> F: 0.3711337833429648
Punto[1.         0.50686052 0.38508473] -> F: 0.37056938075339785
Punto[1.         0.50778325 0.38472372] -> F: 0.3700057625263577
Punto[1.         0.50870598 0.3843627 ] -> F: 0.3694429286618445
Punto[1.         0.50962871 0.38400168] -> F: 0.36888087915985823
Punto[1.         0.51055144 0.38364067] -> F: 0.3683196140203987
Punto[1.         0.51147417 0.38327965] -> F: 0.3677591332434661
Punto[1.         0.5123969  0.38291864] -> F: 0.3671994368290604
Punto[1.         0.51331963 0.38255762] -> F: 0.3666405247771817
Punto[1.         0.51424236 0.3821966 ] -> F: 0.3660808138024416
Punto[1.         0.5151651  0.38183559] -> F: 0.36551486276410117
Punto[1.         0.51608783 0.38147457] -> F: 0.3649497205271091
Punto[1.         0.51701056 0.38111356] -> F: 0.36438538709146545
Punto[1.         0.51793329 0.38075254] -> F: 0.3638218624571702
Punto[1.         0.51885602 0.38039152] -> F: 0.3632591466242234
Punto[1.         0.51977875 0.38003051] -> F: 0.362697239592625
Punto[1.         0.52070148 0.37966949] -> F: 0.3621361413623751
Punto[1.         0.52162421 0.37930847] -> F: 0.3615758519334736
Punto[1.         0.52254694 0.37894746] -> F: 0.36101637130592046
Punto[1.         0.52346967 0.37858644] -> F: 0.36045769947971584
Punto[1.         0.5243924  0.37822543] -> F: 0.35989983645485957
Punto[1.         0.52531513 0.37786441] -> F: 0.3593427822313518
Punto[1.         0.52623786 0.37750339] -> F: 0.3587865368091923
Punto[1.         0.52716059 0.37714238] -> F: 0.3582311001883814
Punto[1.         0.52808332 0.37678136] -> F: 0.3576764723689188
Punto[1.         0.52900605 0.37642035] -> F: 0.35712265335080473
Punto[1.         0.52992878 0.37605933] -> F: 0.35656964313403905
Punto[1.         0.53085152 0.37569831] -> F: 0.3560174417186218
Punto[1.         0.53177425 0.3753373 ] -> F: 0.35546604910455293
Punto[1.         0.53269698 0.37497628] -> F: 0.35491546529183265
Punto[1.         0.53361971 0.37461526] -> F: 0.35436569028046055
Punto[1.         0.53454244 0.37425425] -> F: 0.3538166260237349
Punto[1.         0.53546517 0.37389323] -> F: 0.3532598696187167
Punto[1.         0.5363879  0.37353222] -> F: 0.3527039476093327
Punto[1.         0.53731063 0.3731712 ] -> F: 0.352148859995583
Punto[1.         0.53823336 0.37281018] -> F: 0.35159460677746757
Punto[1.         0.53915609 0.37244917] -> F: 0.35104118795498657
Punto[1.         0.54007882 0.37208815] -> F: 0.35048860352813976
Punto[1.         0.54100155 0.37172713] -> F: 0.3499368534969272
Punto[1.         0.54192428 0.37136612] -> F: 0.349385937861349
Punto[1.         0.54284701 0.3710051 ] -> F: 0.3488358566214051
Punto[1.         0.54376974 0.37064409] -> F: 0.3482866097770954
Punto[1.         0.54469247 0.37028307] -> F: 0.3477381973284201
Punto[1.         0.5456152  0.36992205] -> F: 0.347190619275379
Punto[1.         0.54653794 0.36956104] -> F: 0.3466438756179722
Punto[1.         0.54746067 0.36920002] -> F: 0.34609796635619977
Best centerpoint:  [1.         0.50130531 0.3872582 ] Best F:  0.3739791683529308 Best u:  [ 0.50904142  0.54865762 -0.66321313] índice:  1
{
  "seed": 10968,
  "n_per_z": 5,
  "nz": 100,
  "nd": 100,
  "n_muestras": 50,
  "best_f": 0.3739791683529308,
  "best_cp": [
    1.0,
    0.5013053050889315,
    0.3872581974626821
  ],
  "best_u": [
    0.5090414157503713,
    0.5486576169972283,
    -0.6632131304202146
  ],
  "n_candidatos": 54
}
