Punto[0.         0.60889938 0.59145878] -> F: 0.1571407902998736
Punto[1.         0.52439995 0.50043376] -> F: 0.3920256343738127
Punto[2.         0.47200583 0.55282642] -> F: 0.1022545274280726
Punto[1.        0.5404526 0.5721426] -> F: 0.39694163349376216
Punto[1.         0.524721   0.50186794] -> F: 0.3946684927890808
Punto[1.         0.52503564 0.50327343] -> F: 0.39690934236470166
Punto[1.         0.52535027 0.50467893] -> F: 0.398503703740755
Punto[1.         0.5256649  0.50608442] -> F: 0.40009359150601553
Punto[1.         0.52597953 0.50748991] -> F: 0.401701263818369
Punto[1.         0.52629416 0.50889541] -> F: 0.4035979684512243
Punto[1.        0.5266088 0.5103009] -> F: 0.40586380201378836
Punto[1.         0.52692343 0.51170639] -> F: 0.40840757427817465
Punto[1.         0.52723806 0.51311189] -> F: 0.4109631954827879
Punto[1.         0.52755269 0.51451738] -> F: 0.4135135932121955
Punto[1.         0.52786732 0.51592287] -> F: 0.41605875577058254
Punto[1.         0.52818196 0.51732837] -> F: 0.418345585829677
Punto[1.         0.52849659 0.51873386] -> F: 0.42065976849873843
Punto[1.         0.52881122 0.52013935] -> F: 0.4230110028926733
Punto[1.         0.52912585 0.52154485] -> F: 0.4237274038820568
Punto[1.         0.52944048 0.52295034] -> F: 0.4231591339933077
Punto[1.         0.52975512 0.52435583] -> F: 0.42257141117528946
Punto[1.         0.53006975 0.52576133] -> F: 0.4219818196677983
Punto[1.         0.53038438 0.52716682] -> F: 0.42139268959166865
Punto[1.         0.53069901 0.52857231] -> F: 0.42080402094690067
Punto[1.         0.53101364 0.52997781] -> F: 0.4202158137334943
Punto[1.         0.53132828 0.5313833 ] -> F: 0.4196086864402164
Punto[1.         0.53164291 0.53278879] -> F: 0.4189992403273407
Punto[1.         0.53195754 0.53419429] -> F: 0.41839029116856696
Punto[1.         0.53227217 0.53559978] -> F: 0.4177818389638953
Punto[1.         0.5325868  0.53700527] -> F: 0.41717388371332587
Punto[1.         0.53290144 0.53841077] -> F: 0.41654666934517304
Punto[1.         0.53321607 0.53981626] -> F: 0.415917511738815
Punto[1.         0.5335307  0.54122175] -> F: 0.41528888814231923
Punto[1.         0.53384533 0.54262725] -> F: 0.41466079855568594
Punto[1.         0.53415996 0.54403274] -> F: 0.4140332429789151
Punto[1.         0.5344746  0.54543823] -> F: 0.41338543765356356
Punto[1.         0.53478923 0.54684372] -> F: 0.41273666974114226
Punto[1.         0.53510386 0.54824922] -> F: 0.4119837171629618
Punto[1.         0.53541849 0.54965471] -> F: 0.4110930857636538
Punto[1.         0.53573312 0.5510602 ] -> F: 0.41020320339255717
Punto[1.         0.53604776 0.5524657 ] -> F: 0.409313883313722
Punto[1.         0.53636239 0.55387119] -> F: 0.4084252800979938
Punto[1.         0.53667702 0.55527668] -> F: 0.4075374262800703
Punto[1.         0.53699165 0.55668218] -> F: 0.40665032185995165
Punto[1.         0.53730628 0.55808767] -> F: 0.4057639668376378
Punto[1.         0.53762092 0.55949316] -> F: 0.40487836121312876
Punto[1.         0.53793555 0.56089866] -> F: 0.4039935049864244
Punto[1.         0.53825018 0.56230415] -> F: 0.40310939815752495
Punto[1.         0.53856481 0.56370964] -> F: 0.4022260407264302
Punto[1.         0.53887944 0.56511514] -> F: 0.4013434326931401
Punto[1.         0.53919408 0.56652063] -> F: 0.4004615740576551
Punto[1.         0.53950871 0.56792612] -> F: 0.39958046481997467
Punto[1.         0.53982334 0.56933162] -> F: 0.39870010498009906
Punto[1.         0.54013797 0.57073711] -> F: 0.3978204945380283
Best centerpoint:  [1.         0.52912585 0.52154485] Best F:  0.4237274038820568 Best u:  [ 0.99802673 -0.04002418  0.04838093] índice:  15
{
  "seed": 5903,
  "n_per_z": 5,
  "nz": 100,
  "nd": 100,
  "n_muestras": 50,
  "best_f": 0.4237274038820568,
  "best_cp": [
    1.0,
    0.5291258522920116,
    0.5215448467954464
  ],
  "best_u": [
    0.9980267284282716,
    -0.04002418347676795,
    0.048380926818107774
  ],
  "n_candidatos": 54
}
