Punto[0.         0.28361532 0.54118304] -> F: 0.08168262941170025
Punto[1.         0.46557056 0.5134249 ] -> F: 0.37494697874527333
Punto[2.         0.39305881 0.42927327] -> F: 0.1396242613262721
Punto[1.         0.33833706 0.48522815] -> F: 0.3419522815593742
Punto[1.         0.46302589 0.51286096] -> F: 0.37831881116454996
Punto[1.         0.46053212 0.51230831] -> F: 0.38165197082432434
Punto[1.         0.45803834 0.51175565] -> F: 0.3850136038286497
Punto[1.         0.45554456 0.51120299] -> F: 0.38840371017752623
Punto[1.         0.45305079 0.51065034] -> F: 0.3918222898709537
Punto[1.         0.45055701 0.51009768] -> F: 0.3952693429089321
Punto[1.         0.44806323 0.50954503] -> F: 0.39633421653753687
Punto[1.         0.44556946 0.50899237] -> F: 0.39724586993146593
Punto[1.         0.44307568 0.50843971] -> F: 0.39816935157472755
Punto[1.         0.4405819  0.50788706] -> F: 0.3991046614673222
Punto[1.         0.43808813 0.5073344 ] -> F: 0.40005179960924925
Punto[1.         0.43559435 0.50678175] -> F: 0.401010766000509
Punto[1.         0.43310057 0.50622909] -> F: 0.40198156064110147
Punto[1.         0.4306068  0.50567643] -> F: 0.4029641835310263
Punto[1.         0.42811302 0.50512378] -> F: 0.40143324941984754
Punto[1.         0.42561924 0.50457112] -> F: 0.3997682217247805
Punto[1.         0.42312547 0.50401846] -> F: 0.3981042689178021
Punto[1.         0.42063169 0.50346581] -> F: 0.3964413909989127
Punto[1.         0.41813791 0.50291315] -> F: 0.39477882997808195
Punto[1.         0.41564414 0.5023605 ] -> F: 0.3931153542886167
Punto[1.         0.41315036 0.50180784] -> F: 0.3914529570486138
Punto[1.         0.41065659 0.50125518] -> F: 0.3897916382580732
Punto[1.         0.40816281 0.50070253] -> F: 0.3881313979169949
Punto[1.         0.40566903 0.50014987] -> F: 0.38647223602537895
Punto[1.         0.40317526 0.49959721] -> F: 0.38481415258322543
Punto[1.         0.40068148 0.49904456] -> F: 0.38315714759053404
Punto[1.        0.3981877 0.4984919] -> F: 0.3815009979678437
Punto[1.         0.39569393 0.49793925] -> F: 0.37984341403732197
Punto[1.         0.39320015 0.49738659] -> F: 0.3781869121264063
Punto[1.         0.39070637 0.49683393] -> F: 0.37653149223509674
Punto[1.         0.3882126  0.49628128] -> F: 0.37487715436339314
Punto[1.         0.38571882 0.49572862] -> F: 0.37322389851129567
Punto[1.         0.38322504 0.49517596] -> F: 0.3715717246788041
Punto[1.         0.38073127 0.49462331] -> F: 0.3699206328659187
Punto[1.         0.37823749 0.49407065] -> F: 0.3682706168462401
Punto[1.         0.37574371 0.493518  ] -> F: 0.36661895984909
Punto[1.         0.37324994 0.49296534] -> F: 0.36496838845750534
Punto[1.         0.37075616 0.49241268] -> F: 0.3633189026714862
Punto[1.         0.36826238 0.49186003] -> F: 0.36167050249103255
Punto[1.         0.36576861 0.49130737] -> F: 0.3600231879161445
Punto[1.         0.36327483 0.49075471] -> F: 0.35837695894682187
Punto[1.         0.36078105 0.49020206] -> F: 0.3567318155830646
Punto[1.         0.35828728 0.4896494 ] -> F: 0.3550877032670194
Punto[1.         0.3557935  0.48909675] -> F: 0.353442003401521
Punto[1.         0.35329972 0.48854409] -> F: 0.3517973927505349
Punto[1.         0.35080595 0.48799143] -> F: 0.35015387131406117
Punto[1.         0.34831217 0.48743878] -> F: 0.3485114390920999
Punto[1.         0.34581839 0.48688612] -> F: 0.34687009608465086
Punto[1.         0.34332462 0.48633346] -> F: 0.3452298422917143
Punto[1.         0.34083084 0.48578081] -> F: 0.3435906777132899
Best centerpoint:  [1.         0.4306068  0.50567643] Best F:  0.4029641835310263 Best u:  [-0.15643447  0.09294968  0.98330494] índice:  14
{
  "seed": 1931,
  "n_per_z": 5,
  "nz": 100,
  "nd": 100,
  "n_muestras": 50,
  "best_f": 0.4029641835310263,
  "best_cp": [
    1.0,
    0.4306067978934343,
    0.5056764325555574
  ],
  "best_u": [
    -0.1564344650402308,
    0.09294968381777068,
    0.9833049447784513
  ],
  "n_candidatos": 54
}
