Punto[0.         0.53626028 0.44063587] -> F: 0.17677911301492166
Punto[1.         0.46721628 0.46088042] -> F: 0.4129994159208068
Punto[2.         0.51506612 0.4942429 ] -> F: 0.11176708133799189
Punto[1.         0.5256632  0.46743938] -> F: 0.3976644748028527
Punto[1.         0.46838521 0.4610116 ] -> F: 0.41334295512471325
Punto[1.         0.46953077 0.46114016] -> F: 0.41368240729965056
Punto[1.         0.47067633 0.46126871] -> F: 0.4140246151109583
Punto[1.         0.47182189 0.46139727] -> F: 0.4143695785586365
Punto[1.         0.47296745 0.46152583] -> F: 0.4147172976426854
Punto[1.         0.47411301 0.46165438] -> F: 0.41506777236310444
Punto[1.         0.47525857 0.46178294] -> F: 0.4154210027198941
Punto[1.         0.47640413 0.46191149] -> F: 0.41577698871305424
Punto[1.         0.47754969 0.46204005] -> F: 0.41613573034258466
Punto[1.         0.47869525 0.4621686 ] -> F: 0.41649722760848584
Punto[1.         0.47984081 0.46229716] -> F: 0.41686022537059286
Punto[1.         0.48098637 0.46242572] -> F: 0.4172232425850568
Punto[1.         0.48213193 0.46255427] -> F: 0.4175862767663158
Punto[1.         0.48327749 0.46268283] -> F: 0.4179485559659138
Punto[1.         0.48442305 0.46281138] -> F: 0.4183067868741606
Punto[1.         0.48556861 0.46293994] -> F: 0.4186662188344233
Punto[1.         0.48671417 0.46306849] -> F: 0.4183879905720343
Punto[1.         0.48785973 0.46319705] -> F: 0.4177830895494254
Punto[1.         0.48900529 0.4633256 ] -> F: 0.4171766177757958
Punto[1.         0.49015085 0.46345416] -> F: 0.41657036858105273
Punto[1.         0.49129641 0.46358272] -> F: 0.415964341965196
Punto[1.         0.49244197 0.46371127] -> F: 0.41535853792822575
Punto[1.         0.49358753 0.46383983] -> F: 0.41475295647014215
Punto[1.         0.49473309 0.46396838] -> F: 0.4141475975909449
Punto[1.         0.49587865 0.46409694] -> F: 0.41354246129063416
Punto[1.         0.49702421 0.46422549] -> F: 0.4129341123132336
Punto[1.         0.49816977 0.46435405] -> F: 0.4123255501057613
Punto[1.         0.49931533 0.4644826 ] -> F: 0.41171721333754774
Punto[1.         0.50046089 0.46461116] -> F: 0.41110910200859324
Punto[1.         0.50160645 0.46473972] -> F: 0.41050121611889767
Punto[1.         0.502752   0.46486827] -> F: 0.4098935556684612
Punto[1.         0.50389756 0.46499683] -> F: 0.4092861206572835
Punto[1.         0.50504312 0.46512538] -> F: 0.4086780703467242
Punto[1.         0.50618868 0.46525394] -> F: 0.4080671744811767
Punto[1.         0.50733424 0.46538249] -> F: 0.40745650697073693
Punto[1.         0.5084798  0.46551105] -> F: 0.40684606781540494
Punto[1.         0.50962536 0.4656396 ] -> F: 0.4062358570151807
Punto[1.         0.51077092 0.46576816] -> F: 0.4056258745700641
Punto[1.         0.51191648 0.46589672] -> F: 0.4050161204800553
Punto[1.         0.51306204 0.46602527] -> F: 0.40440659474515417
Punto[1.         0.5142076  0.46615383] -> F: 0.4037953079487835
Punto[1.         0.51535316 0.46628238] -> F: 0.4031822807195027
Punto[1.         0.51649872 0.46641094] -> F: 0.4025694848241629
Punto[1.         0.51764428 0.46653949] -> F: 0.4019569202627639
Punto[1.         0.51878984 0.46666805] -> F: 0.40134458703530584
Punto[1.         0.5199354  0.46679661] -> F: 0.4007324851417887
Punto[1.         0.52108096 0.46692516] -> F: 0.4001206145822126
Punto[1.         0.52222652 0.46705372] -> F: 0.3995089753565772
Punto[1.         0.52337208 0.46718227] -> F: 0.39889462112441587
Punto[1.         0.52451764 0.46731083] -> F: 0.398279430771711
{
  "seed": 12463,
  "n_per_z": 10,
  "nz": 100,
  "nd": 100,
  "n_muestras": 50,
  "best_f": 0.4186662188344233,
  "best_cp": [
    1.0,
    0.48556860928156076,
    0.4629399374623883
  ],
  "best_u": [
    0.2789911060392295,
    -0.3535076834857452,
    0.8928584884893851
  ],
  "best_index": 19,
  "n_candidatos": 54
}
