Punto[0.         0.43421246 0.4532828 ] -> F: 0.2139816012482611
Punto[1.         0.52674956 0.49359781] -> F: 0.35436123600148
Punto[2.         0.6241148  0.52078424] -> F: 0.07250836970641208
Punto[1.         0.52916363 0.48703352] -> F: 0.351520663119537
Punto[1.         0.52679784 0.49346652] -> F: 0.35442047898685713
Punto[1.         0.52684516 0.49333786] -> F: 0.35447853213793956
Punto[1.         0.52689248 0.4932092 ] -> F: 0.3545365803646831
Punto[1.         0.52693979 0.49308054] -> F: 0.35459462366708755
Punto[1.         0.52698711 0.49295188] -> F: 0.3546526620451531
Punto[1.         0.52703442 0.49282322] -> F: 0.3547106954988798
Punto[1.         0.52708174 0.49269456] -> F: 0.3547687240282675
Punto[1.         0.52712905 0.4925659 ] -> F: 0.35482674763331623
Punto[1.         0.52717637 0.49243724] -> F: 0.3548162110866926
Punto[1.         0.52722369 0.49230858] -> F: 0.35473751058220243
Punto[1.         0.527271   0.49217992] -> F: 0.3546588215448686
Punto[1.         0.52731832 0.49205126] -> F: 0.3545801439746907
Punto[1.         0.52736563 0.4919226 ] -> F: 0.3545014778716689
Punto[1.         0.52741295 0.49179394] -> F: 0.35442282323580343
Punto[1.         0.52746026 0.49166528] -> F: 0.3543441800670939
Punto[1.         0.52750758 0.49153662] -> F: 0.35426554836554064
Punto[1.         0.5275549  0.49140796] -> F: 0.35418692813114344
Punto[1.         0.52760221 0.4912793 ] -> F: 0.3541083193639024
Punto[1.         0.52764953 0.49115064] -> F: 0.35402972206381744
Punto[1.         0.52769684 0.49102198] -> F: 0.35395113623088864
Punto[1.         0.52774416 0.49089332] -> F: 0.353872561865116
Punto[1.         0.52779147 0.49076466] -> F: 0.35379399896649943
Punto[1.         0.52783879 0.490636  ] -> F: 0.35371544753503903
Punto[1.         0.52788611 0.49050734] -> F: 0.35363690757073474
Punto[1.         0.52793342 0.49037868] -> F: 0.35355837907358667
Punto[1.         0.52798074 0.49025002] -> F: 0.35347986204359466
Punto[1.         0.52802805 0.49012136] -> F: 0.35340135648075877
Punto[1.         0.52807537 0.4899927 ] -> F: 0.3533228623850791
Punto[1.         0.52812268 0.48986404] -> F: 0.3532443797565555
Punto[1.         0.52817    0.48973538] -> F: 0.3531659085951879
Punto[1.         0.52821732 0.48960672] -> F: 0.3530874489009766
Punto[1.         0.52826463 0.48947806] -> F: 0.3530090006739213
Punto[1.         0.52831195 0.4893494 ] -> F: 0.3529305639140223
Punto[1.         0.52835926 0.48922074] -> F: 0.3528521386212793
Punto[1.         0.52840658 0.48909208] -> F: 0.3527737247956925
Punto[1.         0.52845389 0.48896342] -> F: 0.35269532243726176
Punto[1.         0.52850121 0.48883476] -> F: 0.3526169315459872
Punto[1.         0.52854853 0.4887061 ] -> F: 0.35253855212186874
Punto[1.         0.52859584 0.48857744] -> F: 0.35246018416490643
Punto[1.         0.52864316 0.48844878] -> F: 0.3523818276751002
Punto[1.         0.52869047 0.48832012] -> F: 0.3523034826524502
Punto[1.         0.52873779 0.48819146] -> F: 0.3522251490969563
Punto[1.        0.5287851 0.4880628] -> F: 0.3521468270086185
Punto[1.         0.52883242 0.48793414] -> F: 0.35206851638743686
Punto[1.         0.52887974 0.48780548] -> F: 0.35199021723341134
Punto[1.         0.52892705 0.48767682] -> F: 0.351911929546542
Punto[1.         0.52897437 0.48754816] -> F: 0.35183365332682875
Punto[1.         0.52902168 0.4874195 ] -> F: 0.3517553885742716
Punto[1.         0.529069   0.48729084] -> F: 0.3516771352888707
Punto[1.         0.52911631 0.48716218] -> F: 0.35159889347062573
{
  "seed": 463,
  "n_per_z": 10,
  "nz": 100,
  "nd": 100,
  "n_muestras": 50,
  "best_f": 0.35482674763331623,
  "best_cp": [
    1.0,
    0.5271290544125445,
    0.49256590177128734
  ],
  "best_u": [
    0.4539904997395468,
    -0.8177253590884803,
    0.3538613616232383
  ],
  "best_index": 11,
  "n_candidatos": 54
}
