Punto[0.         0.45157077 0.56191932] -> F: 0.06239426599203468
Punto[1.         0.47816773 0.56493334] -> F: 0.39572355228175743
Punto[2.         0.46259209 0.62272082] -> F: 0.12895413422486893
Punto[1.         0.45708143 0.59232007] -> F: 0.38314294428070583
Punto[1.         0.477746   0.56548107] -> F: 0.3956715908892356
Punto[1.         0.47733271 0.56601785] -> F: 0.395620675524672
Punto[1.         0.47691942 0.56655463] -> F: 0.39556976689152806
Punto[1.         0.47650613 0.56709141] -> F: 0.39551886498980426
Punto[1.         0.47609284 0.56762819] -> F: 0.3954512127665936
Punto[1.         0.47567955 0.56816497] -> F: 0.3953765704772033
Punto[1.         0.47526625 0.56870175] -> F: 0.3953019425374713
Punto[1.         0.47485296 0.56923853] -> F: 0.39522732894739776
Punto[1.         0.47443967 0.56977531] -> F: 0.3951527297069822
Punto[1.         0.47402638 0.57031209] -> F: 0.395078144816225
Punto[1.         0.47361309 0.57084887] -> F: 0.39500357427512606
Punto[1.         0.4731998  0.57138565] -> F: 0.3949290180836857
Punto[1.         0.47278651 0.57192243] -> F: 0.39485447624190323
Punto[1.         0.47237321 0.57245921] -> F: 0.39477994874977923
Punto[1.         0.47195992 0.57299599] -> F: 0.39470543560731336
Punto[1.         0.47154663 0.57353277] -> F: 0.39463093681450595
Punto[1.         0.47113334 0.57406955] -> F: 0.39455645237135656
Punto[1.         0.47072005 0.57460633] -> F: 0.39448198227786574
Punto[1.         0.47030676 0.57514311] -> F: 0.39440752653403305
Punto[1.         0.46989347 0.57567989] -> F: 0.39433308513985865
Punto[1.         0.46948018 0.57621667] -> F: 0.39425865809534266
Punto[1.         0.46906688 0.57675345] -> F: 0.39418275853607804
Punto[1.         0.46865359 0.57729023] -> F: 0.3940848328150196
Punto[1.         0.4682403  0.57782701] -> F: 0.3939869317960947
Punto[1.         0.46782701 0.57836379] -> F: 0.39388905547930325
Punto[1.         0.46741372 0.57890057] -> F: 0.393791203864646
Punto[1.         0.46700043 0.57943735] -> F: 0.3936933769521221
Punto[1.         0.46658714 0.57997413] -> F: 0.39359557474173196
Punto[1.         0.46617384 0.58051091] -> F: 0.39349779723347555
Punto[1.         0.46576055 0.58104769] -> F: 0.39340004442735277
Punto[1.         0.46534726 0.58158447] -> F: 0.3933023163233635
Punto[1.         0.46493397 0.58212125] -> F: 0.3932046129215083
Punto[1.         0.46452068 0.58265803] -> F: 0.3928596048830457
Punto[1.         0.46410739 0.58319481] -> F: 0.3923153930457486
Punto[1.         0.4636941  0.58373159] -> F: 0.39177169854484994
Punto[1.         0.4632808  0.58426837] -> F: 0.39122852138035036
Punto[1.         0.46286751 0.58480515] -> F: 0.39068586155224944
Punto[1.         0.46245422 0.58534193] -> F: 0.39014371906054723
Punto[1.         0.46204093 0.58587871] -> F: 0.3896020939052437
Punto[1.         0.46162764 0.58641549] -> F: 0.38906098608633916
Punto[1.         0.46121435 0.58695227] -> F: 0.3885203956038332
Punto[1.         0.46080106 0.58748905] -> F: 0.3879803224577261
Punto[1.         0.46038776 0.58802583] -> F: 0.38744076664801774
Punto[1.         0.45997447 0.58856261] -> F: 0.38690172817470797
Punto[1.         0.45956118 0.58909939] -> F: 0.38636320703779714
Punto[1.         0.45914789 0.58963617] -> F: 0.3858252032372851
Punto[1.         0.4587346  0.59017295] -> F: 0.3852877167731717
Punto[1.         0.45832131 0.59070973] -> F: 0.3847507476454572
Punto[1.         0.45790802 0.59124651] -> F: 0.38421429585414124
Punto[1.         0.45749472 0.59178329] -> F: 0.3836783613992243
