Punto[0.         0.42567421 0.45365756] -> F: 0.1493470829032234
Punto[1.         0.46914287 0.43041557] -> F: 0.44580247001442863
Punto[2.         0.51511197 0.48926797] -> F: 0.13358853642590568
Punto[1.         0.47039309 0.47146277] -> F: 0.44697137503540174
Punto[1.         0.46916787 0.43123652] -> F: 0.44690991655522255
Punto[1.         0.46919238 0.43204104] -> F: 0.44799570831195984
Punto[1.         0.46921688 0.43284557] -> F: 0.4490819892240745
Punto[1.         0.46924138 0.43365009] -> F: 0.45016875929156697
Punto[1.         0.46926589 0.43445462] -> F: 0.45125601851443714
Punto[1.         0.46929039 0.43525914] -> F: 0.45234376689268474
Punto[1.         0.4693149  0.43606367] -> F: 0.4534320044263103
Punto[1.         0.4693394  0.43686819] -> F: 0.4545207311153132
Punto[1.         0.46936391 0.43767272] -> F: 0.45560645469961836
Punto[1.         0.46938841 0.43847724] -> F: 0.456685206432093
Punto[1.         0.46941292 0.43928177] -> F: 0.45776443650080867
Punto[1.         0.46943742 0.44008629] -> F: 0.45884414490576525
Punto[1.         0.46946192 0.44089082] -> F: 0.459924331646963
Punto[1.         0.46948643 0.44169534] -> F: 0.46100499672440165
Punto[1.         0.46951093 0.44249987] -> F: 0.4611172822587102
Punto[1.         0.46953544 0.44330439] -> F: 0.46072378271324993
Punto[1.         0.46955994 0.44410892] -> F: 0.4603305894979638
Punto[1.         0.46958445 0.44491344] -> F: 0.4599377026128518
Punto[1.         0.46960895 0.44571797] -> F: 0.45954512205791376
Punto[1.         0.46963345 0.44652249] -> F: 0.45915284783314986
Punto[1.         0.46965796 0.44732702] -> F: 0.45876087993856013
Punto[1.         0.46968246 0.44813154] -> F: 0.4583692183741444
Punto[1.         0.46970697 0.44893607] -> F: 0.45797786313990263
Punto[1.         0.46973147 0.44974059] -> F: 0.45758681423583514
Punto[1.         0.46975598 0.45054512] -> F: 0.4571932933302916
Punto[1.         0.46978048 0.45134964] -> F: 0.45679759659129543
Punto[1.         0.46980498 0.45215417] -> F: 0.4564022144995278
Punto[1.         0.46982949 0.45295869] -> F: 0.4560071470549884
Punto[1.         0.46985399 0.45376322] -> F: 0.45561239425767736
Punto[1.         0.4698785  0.45456774] -> F: 0.45521795610759475
Punto[1.         0.469903   0.45537227] -> F: 0.4548238326047406
Punto[1.         0.46992751 0.45617679] -> F: 0.4544300237491148
Punto[1.         0.46995201 0.45698132] -> F: 0.45403652954071727
Punto[1.         0.46997651 0.45778584] -> F: 0.45364334997954814
Punto[1.         0.47000102 0.45859037] -> F: 0.4532504850656075
Punto[1.         0.47002552 0.45939489] -> F: 0.45285793479889513
Punto[1.         0.47005003 0.46019942] -> F: 0.4524656991794112
Punto[1.         0.47007453 0.46100394] -> F: 0.45207377820715566
Punto[1.         0.47009904 0.46180847] -> F: 0.4516821718821284
Punto[1.         0.47012354 0.46261299] -> F: 0.4512908802043297
Punto[1.         0.47014804 0.46341752] -> F: 0.4508999031737592
Punto[1.         0.47017255 0.46422204] -> F: 0.4505092407904171
Punto[1.         0.47019705 0.46502657] -> F: 0.45011889305430336
Punto[1.         0.47022156 0.46583109] -> F: 0.4497288599654181
Punto[1.         0.47024606 0.46663562] -> F: 0.44933440652854656
Punto[1.         0.47027057 0.46744014] -> F: 0.4489397599796955
Punto[1.         0.47029507 0.46824467] -> F: 0.44854543661750845
Punto[1.         0.47031958 0.46904919] -> F: 0.4481514364419856
Punto[1.         0.47034408 0.46985372] -> F: 0.44775775945312685
Punto[1.         0.47036858 0.47065824] -> F: 0.44736440565093216
{
  "seed": 10768,
  "n_per_z": 10,
  "nz": 100,
  "nd": 100,
  "n_muestras": 50,
  "best_f": 0.4611172822587102,
  "best_cp": [
    1.0,
    0.46951093231094626,
    0.4424998660403642
  ],
  "best_u": [
    0.9995065603657316,
    -0.013374050747806641,
    0.028421304552383085
  ],
  "best_index": 18,
  "n_candidatos": 54
}
