Punto[0.         0.44308068 0.4914612 ] -> F: 0.2152102071582232
Punto[1.         0.41182202 0.52880171] -> F: 0.321559737755497
Punto[2.         0.37015805 0.63774144] -> F: 0.06196741374369995
Punto[1.         0.40661937 0.56460132] -> F: 0.3048901510691787
Punto[1.         0.41171796 0.5295177 ] -> F: 0.32151913427082157
Punto[1.         0.41161599 0.53021937] -> F: 0.32147851450408765
Punto[1.         0.41151402 0.53092104] -> F: 0.3214378965789203
Punto[1.         0.41141205 0.53162272] -> F: 0.3213972804953193
Punto[1.         0.41131008 0.53232439] -> F: 0.3213566662532846
Punto[1.         0.4112081  0.53302606] -> F: 0.3213160538528163
Punto[1.         0.41110613 0.53372773] -> F: 0.32123967187236535
Punto[1.         0.41100416 0.53442941] -> F: 0.3208908376658031
Punto[1.         0.41090219 0.53513108] -> F: 0.32054214646619145
Punto[1.         0.41080022 0.53583275] -> F: 0.32019359827353044
Punto[1.         0.41069824 0.53653442] -> F: 0.31984519308782006
Punto[1.         0.41059627 0.5372361 ] -> F: 0.3194969309090601
Punto[1.         0.4104943  0.53793777] -> F: 0.31914881173725096
Punto[1.         0.41039233 0.53863944] -> F: 0.3187996562304971
Punto[1.         0.41029036 0.53934111] -> F: 0.31844137304172426
Punto[1.         0.41018838 0.54004279] -> F: 0.318083241584058
Punto[1.         0.41008641 0.54074446] -> F: 0.317725261857498
Punto[1.         0.40998444 0.54144613] -> F: 0.3173674338620446
Punto[1.         0.40988247 0.5421478 ] -> F: 0.31700975759769745
Punto[1.         0.4097805  0.54284948] -> F: 0.31665223306445694
Punto[1.         0.40967853 0.54355115] -> F: 0.31629486026232284
Punto[1.         0.40957655 0.54425282] -> F: 0.3159325873745368
Punto[1.         0.40947458 0.54495449] -> F: 0.3155650544253386
Punto[1.         0.40937261 0.54565616] -> F: 0.31519768223417727
Punto[1.         0.40927064 0.54635784] -> F: 0.31483047080105264
Punto[1.         0.40916867 0.54705951] -> F: 0.3144634201259646
Punto[1.         0.40906669 0.54776118] -> F: 0.31409653020891337
Punto[1.         0.40896472 0.54846285] -> F: 0.3137298010498988
Punto[1.         0.40886275 0.54916453] -> F: 0.3133632326489209
Punto[1.         0.40876078 0.5498662 ] -> F: 0.31298756242293757
Punto[1.         0.40865881 0.55056787] -> F: 0.3126108160852464
Punto[1.         0.40855683 0.55126954] -> F: 0.3122342398607504
Punto[1.         0.40845486 0.55197122] -> F: 0.3118578337494493
Punto[1.         0.40835289 0.55267289] -> F: 0.3114815977513432
Punto[1.         0.40825092 0.55337456] -> F: 0.3111055318664323
Punto[1.         0.40814895 0.55407623] -> F: 0.31072963609471643
Punto[1.         0.40804697 0.55477791] -> F: 0.31035079552141165
Punto[1.         0.407945   0.55547958] -> F: 0.3099646722575262
Punto[1.         0.40784303 0.55618125] -> F: 0.3095787288187699
Punto[1.         0.40774106 0.55688292] -> F: 0.30919296520514267
Punto[1.         0.40763909 0.5575846 ] -> F: 0.3088073814166446
Punto[1.         0.40753711 0.55828627] -> F: 0.30842197745327565
Punto[1.         0.40743514 0.55898794] -> F: 0.3080367533150359
Punto[1.         0.40733317 0.55968961] -> F: 0.3076517090019252
Punto[1.         0.4072312  0.56039129] -> F: 0.30725931042109017
Punto[1.         0.40712923 0.56109296] -> F: 0.3068639757144591
Punto[1.         0.40702725 0.56179463] -> F: 0.30646883093368643
Punto[1.         0.40692528 0.5624963 ] -> F: 0.3060738760787719
Punto[1.         0.40682331 0.56319798] -> F: 0.3056791111497159
Punto[1.         0.40672134 0.56389965] -> F: 0.30528453614651807
Best centerpoint:  [1.         0.41182202 0.52880171] Best F:  0.321559737755497 Best u:  [0.99950656 0.03085439 0.00588579] índice:  1
{
  "seed": 12363,
  "n_per_z": 5,
  "nz": 100,
  "nd": 100,
  "n_muestras": 50,
  "best_f": 0.321559737755497,
  "best_cp": [
    1.0,
    0.41182201702398463,
    0.5288017055970826
  ],
  "best_u": [
    0.9995065603657316,
    0.03085438817815584,
    0.005885789328195163
  ],
  "n_candidatos": 54
}
