Punto[0.         0.28890622 0.55398797] -> F: 0.10746701031564247
Punto[1.         0.45009588 0.54192403] -> F: 0.4286480115352605
Punto[2.         0.57229975 0.58626802] -> F: 0.16484871673148835
Punto[1.         0.43060299 0.57012799] -> F: 0.40422817847655257
Punto[1.         0.44970602 0.54248811] -> F: 0.42934642390821814
Punto[1.         0.44932396 0.54304091] -> F: 0.4300274168448567
Punto[1.        0.4489419 0.5435937] -> F: 0.4301173125274282
Punto[1.         0.44855984 0.5441465 ] -> F: 0.4301997826226086
Punto[1.         0.44817778 0.5446993 ] -> F: 0.4302768299761942
Punto[1.         0.44779572 0.5452521 ] -> F: 0.4299372142171351
Punto[1.         0.44741366 0.54580489] -> F: 0.42953378307294376
Punto[1.         0.4470316  0.54635769] -> F: 0.429123370510071
Punto[1.         0.44664954 0.54691049] -> F: 0.4287084428539068
Punto[1.         0.44626748 0.54746329] -> F: 0.4282937671451589
Punto[1.         0.44588542 0.54801608] -> F: 0.4278793433838272
Punto[1.         0.44550336 0.54856888] -> F: 0.4274651715699118
Punto[1.         0.4451213  0.54912168] -> F: 0.4270512517034127
Punto[1.         0.44473923 0.54967448] -> F: 0.42663758378432987
Punto[1.         0.44435717 0.55022728] -> F: 0.4262241678126632
Punto[1.         0.44397511 0.55078007] -> F: 0.4258110037884128
Punto[1.         0.44359305 0.55133287] -> F: 0.4253980917115787
Punto[1.         0.44321099 0.55188567] -> F: 0.42492642312589085
Punto[1.         0.44282893 0.55243847] -> F: 0.4244307391160053
Punto[1.         0.44244687 0.55299126] -> F: 0.4239345653041961
Punto[1.         0.44206481 0.55354406] -> F: 0.4234379016904633
Punto[1.         0.44168275 0.55409686] -> F: 0.42294074827480693
Punto[1.         0.44130069 0.55464966] -> F: 0.42241466313443665
Punto[1.         0.44091863 0.55520246] -> F: 0.42188616121043787
Punto[1.         0.44053657 0.55575525] -> F: 0.4213712561910855
Punto[1.         0.44015451 0.55630805] -> F: 0.42086993507527604
Punto[1.         0.43977244 0.55686085] -> F: 0.42037458049431775
Punto[1.         0.43939038 0.55741365] -> F: 0.41987874607833786
Punto[1.         0.43900832 0.55796644] -> F: 0.4193824318273362
Punto[1.         0.43862626 0.55851924] -> F: 0.41888563774131254
Punto[1.         0.4382442  0.55907204] -> F: 0.41817875869079335
Punto[1.         0.43786214 0.55962484] -> F: 0.41747323948692705
Punto[1.         0.43748008 0.56017763] -> F: 0.41676776293315937
Punto[1.         0.43709802 0.56073043] -> F: 0.4160508179181158
Punto[1.         0.43671596 0.56128323] -> F: 0.4153373328621003
Punto[1.         0.4363339  0.56183603] -> F: 0.4146273077651129
Punto[1.         0.43595184 0.56238883] -> F: 0.41392074262715345
Punto[1.         0.43556978 0.56294162] -> F: 0.4132176374482221
Punto[1.         0.43518772 0.56349442] -> F: 0.41251799222831875
Punto[1.         0.43480565 0.56404722] -> F: 0.4118218069674434
Punto[1.         0.43442359 0.56460002] -> F: 0.4111290816655961
Punto[1.         0.43404153 0.56515281] -> F: 0.41043981632277676
Punto[1.         0.43365947 0.56570561] -> F: 0.40973958608805333
Punto[1.         0.43327741 0.56625841] -> F: 0.4090337378841137
Punto[1.         0.43289535 0.56681121] -> F: 0.4083327246094603
Punto[1.         0.43251329 0.56736401] -> F: 0.4076365462640933
Punto[1.         0.43213123 0.5679168 ] -> F: 0.4069452028480127
Punto[1.         0.43174917 0.5684696 ] -> F: 0.4062586943612181
Punto[1.         0.43136711 0.5690224 ] -> F: 0.4055770208037101
Punto[1.         0.43098505 0.5695752 ] -> F: 0.4049001821754882
{
  "seed": 14029,
  "n_per_z": 10,
  "nz": 100,
  "nd": 100,
  "n_muestras": 50,
  "best_f": 0.4302768299761942,
  "best_cp": [
    1.0,
    0.44817778116682555,
    0.5446992982751633
  ],
  "best_u": [
    -0.5090414157503713,
    0.7899499768034755,
    0.3418418804053216
  ],
  "best_index": 8,
  "n_candidatos": 54
}
