Punto[0.         0.64946449 0.50471359] -> F: 0.13915279229785416
Punto[1.         0.51870996 0.50046228] -> F: 0.38578772432252584
Punto[2.         0.58732537 0.47499866] -> F: 0.10812663552415476
Punto[1.         0.61839493 0.48985613] -> F: 0.3849280327790777
Punto[1.         0.52070366 0.50025016] -> F: 0.388086057753971
Punto[1.         0.52265749 0.50004228] -> F: 0.39033151656915743
Punto[1.         0.52461131 0.4998344 ] -> F: 0.3925790561399287
Punto[1.         0.52656514 0.49962652] -> F: 0.39483759242737854
Punto[1.         0.52851896 0.49941864] -> F: 0.39710712543150695
Punto[1.         0.53047279 0.49921076] -> F: 0.39938765515231395
Punto[1.         0.53242662 0.49900288] -> F: 0.4016791815897995
Punto[1.         0.53438044 0.498795  ] -> F: 0.40398170474396333
Punto[1.         0.53633427 0.49858712] -> F: 0.40629522461480577
Punto[1.         0.53828809 0.49837923] -> F: 0.4086197412023266
Punto[1.         0.54024192 0.49817135] -> F: 0.41095525450652615
Punto[1.         0.54219574 0.49796347] -> F: 0.4132949594703424
Punto[1.         0.54414957 0.49775559] -> F: 0.41563372726243586
Punto[1.         0.54610339 0.49754771] -> F: 0.4179836057077597
Punto[1.         0.54805722 0.49733983] -> F: 0.420238554248846
Punto[1.         0.55001104 0.49713195] -> F: 0.42240535717076855
Punto[1.         0.55196487 0.49692407] -> F: 0.4245835726525596
Punto[1.         0.55391869 0.49671619] -> F: 0.42677013885910253
Punto[1.         0.55587252 0.49650831] -> F: 0.42895664201618544
Punto[1.         0.55782634 0.49630043] -> F: 0.43115451416958195
Punto[1.         0.55978017 0.49609255] -> F: 0.4333637553192924
Punto[1.         0.56173399 0.49588467] -> F: 0.4355843654653164
Punto[1.         0.56368782 0.49567679] -> F: 0.4360580438206432
Punto[1.         0.56564164 0.4954689 ] -> F: 0.43432522778963883
Punto[1.         0.56759547 0.49526102] -> F: 0.4325758384265302
Punto[1.         0.5695493  0.49505314] -> F: 0.43083078026095767
Punto[1.         0.57150312 0.49484526] -> F: 0.4290900532929204
Punto[1.         0.57345695 0.49463738] -> F: 0.427353657522419
Punto[1.         0.57541077 0.4944295 ] -> F: 0.4256015608318584
Punto[1.         0.5773646  0.49422162] -> F: 0.4238528259961228
Punto[1.         0.57931842 0.49401374] -> F: 0.42210891384469973
Punto[1.         0.58127225 0.49380586] -> F: 0.42036982437758874
Punto[1.         0.58322607 0.49359798] -> F: 0.4186220135956299
Punto[1.        0.5851799 0.4933901] -> F: 0.41687476748172053
Punto[1.         0.58713372 0.49318222] -> F: 0.4151329297338298
Punto[1.         0.58908755 0.49297434] -> F: 0.4133652652681424
Punto[1.         0.59104137 0.49276646] -> F: 0.4114801548824506
Punto[1.         0.5929952  0.49255858] -> F: 0.4095938099645528
Punto[1.         0.59494902 0.49235069] -> F: 0.40769254794209997
Punto[1.         0.59690285 0.49214281] -> F: 0.4057974039590573
Punto[1.         0.59885667 0.49193493] -> F: 0.40390316160172207
Punto[1.         0.6008105  0.49172705] -> F: 0.4019953756204141
Punto[1.         0.60276432 0.49151917] -> F: 0.4000945849623502
Punto[1.         0.60471815 0.49131129] -> F: 0.39819336736846656
Punto[1.         0.60667198 0.49110341] -> F: 0.39628735870888265
Punto[1.         0.6086258  0.49089553] -> F: 0.3943792075194045
Punto[1.         0.61057963 0.49068765] -> F: 0.39247563258598217
Punto[1.         0.61253345 0.49047977] -> F: 0.3905732703820165
Punto[1.         0.61448728 0.49027189] -> F: 0.3886806458210665
Punto[1.         0.6164411  0.49006401] -> F: 0.38679889995342026
{
  "seed": 5830,
  "n_per_z": 10,
  "nz": 100,
  "nd": 100,
  "n_muestras": 50,
  "best_f": 0.4360580438206432,
  "best_cp": [
    1.0,
    0.563687819518949,
    0.4956767853945641
  ],
  "best_u": [
    0.3387379202452915,
    0.7944119077958619,
    0.5041491268861165
  ],
  "best_index": 26,
  "n_candidatos": 54
}
