Punto[0.         0.85835393 0.50866718] -> F: 0.04006325194053105
Punto[1.         0.48094462 0.50755525] -> F: 0.26741005999314926
Punto[2.         0.43881282 0.47059615] -> F: 0.16076421595042464
Punto[1.         0.64858338 0.48963166] -> F: 0.22531025140116645
Punto[1.         0.48429739 0.50719677] -> F: 0.27031166701045173
Punto[1.         0.48758311 0.50684547] -> F: 0.2731650291014531
Punto[1.         0.49086883 0.50649417] -> F: 0.27618516818962846
Punto[1.         0.49415455 0.50614287] -> F: 0.27998656573816877
Punto[1.         0.49744027 0.50579157] -> F: 0.2848490354710806
Punto[1.         0.50072599 0.50544026] -> F: 0.2905418342471854
Punto[1.         0.50401171 0.50508896] -> F: 0.29672651784688625
Punto[1.         0.50729743 0.50473766] -> F: 0.30367969595210087
Punto[1.         0.51058315 0.50438636] -> F: 0.30852287439697357
Punto[1.         0.51386887 0.50403505] -> F: 0.3135405841397109
Punto[1.         0.51715459 0.50368375] -> F: 0.31887190334814697
Punto[1.         0.52044031 0.50333245] -> F: 0.32451683202228104
Punto[1.         0.52372603 0.50298115] -> F: 0.3260790082063061
Punto[1.         0.52701175 0.50262985] -> F: 0.323845274855865
Punto[1.         0.53029747 0.50227854] -> F: 0.3215639834317915
Punto[1.         0.53358319 0.50192724] -> F: 0.3192746896035465
Punto[1.         0.53686891 0.50157594] -> F: 0.31697790807668
Punto[1.         0.54015463 0.50122464] -> F: 0.3146326945178128
Punto[1.         0.54344035 0.50087333] -> F: 0.3122958392795106
Punto[1.         0.54672606 0.50052203] -> F: 0.3099195189256404
Punto[1.         0.55001178 0.50017073] -> F: 0.30752673401613906
Punto[1.         0.5532975  0.49981943] -> F: 0.30513576569808315
Punto[1.         0.55658322 0.49946813] -> F: 0.3026863387216191
Punto[1.         0.55986894 0.49911682] -> F: 0.3002463713816171
Punto[1.         0.56315466 0.49876552] -> F: 0.29777545506331826
Punto[1.         0.56644038 0.49841422] -> F: 0.29527851858404575
Punto[1.         0.5697261  0.49806292] -> F: 0.29279164661313717
Punto[1.         0.57301182 0.49771161] -> F: 0.29024030221537006
Punto[1.         0.57629754 0.49736031] -> F: 0.28769597270085995
Punto[1.         0.57958326 0.49700901] -> F: 0.2851332555817286
Punto[1.         0.58286898 0.49665771] -> F: 0.2825301079795949
Punto[1.        0.5861547 0.4963064] -> F: 0.27993836684348267
Punto[1.         0.58944042 0.4959551 ] -> F: 0.2772959064730083
Punto[1.         0.59272614 0.4956038 ] -> F: 0.2746444300720062
Punto[1.         0.59601186 0.4952525 ] -> F: 0.27199301416359306
Punto[1.         0.59929758 0.4949012 ] -> F: 0.269282784248929
Punto[1.         0.6025833  0.49454989] -> F: 0.26657525676811716
Punto[1.         0.60586902 0.49419859] -> F: 0.26361449903939527
Punto[1.         0.60915474 0.49384729] -> F: 0.2606038791722732
Punto[1.         0.61244046 0.49349599] -> F: 0.25760379649995097
Punto[1.         0.61572618 0.49314468] -> F: 0.25461443146848883
Punto[1.         0.6190119  0.49279338] -> F: 0.25163578407788684
Punto[1.         0.62229762 0.49244208] -> F: 0.24866785432814453
Punto[1.         0.62558334 0.49209078] -> F: 0.2457106422192623
Punto[1.         0.62886906 0.49173948] -> F: 0.2427641477512402
Punto[1.         0.63215478 0.49138817] -> F: 0.239828370924078
Punto[1.         0.6354405  0.49103687] -> F: 0.23690331173777568
Punto[1.         0.63872622 0.49068557] -> F: 0.2339889701923334
Punto[1.         0.64201194 0.49033427] -> F: 0.23108534628775107
Punto[1.         0.64529766 0.48998296] -> F: 0.2281924400240287
Best centerpoint:  [1.         0.52372603 0.50298115] Best F:  0.3260790082063061 Best u:  [-0.95105652  0.21850801 -0.21850801] índice:  13
{
  "seed": 16080,
  "n_per_z": 5,
  "nz": 100,
  "nd": 100,
  "n_muestras": 50,
  "best_f": 0.3260790082063061,
  "best_cp": [
    1.0,
    0.5237260271478467,
    0.5029811477485062
  ],
  "best_u": [
    -0.9510565162951535,
    0.2185080122244105,
    -0.21850801222441052
  ],
  "n_candidatos": 54
}
