Punto[0.         0.461866   0.52705504] -> F: 0.16995594747684445
Punto[1.         0.49478564 0.52304725] -> F: 0.40046782062112346
Punto[2.         0.40528306 0.54681913] -> F: 0.08868671713412979
Punto[1.         0.43357453 0.53693708] -> F: 0.38065650502921783
Punto[1.         0.49356141 0.52332505] -> F: 0.4011973949009326
Punto[1.         0.49236168 0.52359729] -> F: 0.40192249115493195
Punto[1.         0.49116194 0.52386953] -> F: 0.40265759871255863
Punto[1.         0.4899622  0.52414177] -> F: 0.4034027175738126
Punto[1.         0.48876246 0.52441401] -> F: 0.4041578477386938
Punto[1.         0.48756273 0.52468625] -> F: 0.40492298920720204
Punto[1.         0.48636299 0.52495849] -> F: 0.4056981419793376
Punto[1.         0.48516325 0.52523073] -> F: 0.40648318872231853
Punto[1.         0.48396351 0.52550298] -> F: 0.4072720604166015
Punto[1.         0.48276378 0.52577522] -> F: 0.40804687355794694
Punto[1.         0.48156404 0.52604746] -> F: 0.4084271636093047
Punto[1.        0.4803643 0.5263197] -> F: 0.40772755147588974
Punto[1.         0.47916456 0.52659194] -> F: 0.40702820011733853
Punto[1.         0.47796482 0.52686418] -> F: 0.4063291095336507
Punto[1.         0.47676509 0.52713642] -> F: 0.40563027972482657
Punto[1.         0.47556535 0.52740866] -> F: 0.4049317106908657
Punto[1.         0.47436561 0.5276809 ] -> F: 0.4042334024317686
Punto[1.         0.47316587 0.52795314] -> F: 0.4035353549475349
Punto[1.         0.47196614 0.52822538] -> F: 0.4028375682381648
Punto[1.         0.4707664  0.52849762] -> F: 0.40214004230365813
Punto[1.         0.46956666 0.52876986] -> F: 0.40144277714401516
Punto[1.         0.46836692 0.5290421 ] -> F: 0.4007457727592356
Punto[1.         0.46716719 0.52931434] -> F: 0.40004902914931956
Punto[1.         0.46596745 0.52958659] -> F: 0.3993525463142671
Punto[1.         0.46476771 0.52985883] -> F: 0.39865632425407815
Punto[1.         0.46356797 0.53013107] -> F: 0.3979603629687527
Punto[1.         0.46236823 0.53040331] -> F: 0.3972646624582908
Punto[1.         0.4611685  0.53067555] -> F: 0.39656922272269235
Punto[1.         0.45996876 0.53094779] -> F: 0.3958740437619576
Punto[1.         0.45876902 0.53122003] -> F: 0.3951791255760862
Punto[1.         0.45756928 0.53149227] -> F: 0.39448446816507854
Punto[1.         0.45636955 0.53176451] -> F: 0.3937900715289342
Punto[1.         0.45516981 0.53203675] -> F: 0.39309593566765344
Punto[1.         0.45397007 0.53230899] -> F: 0.39240206058123633
Punto[1.         0.45277033 0.53258123] -> F: 0.3917084462696826
Punto[1.         0.4515706  0.53285347] -> F: 0.3910151196146959
Punto[1.         0.45037086 0.53312571] -> F: 0.3903222214878414
Punto[1.         0.44917112 0.53339795] -> F: 0.38962977226461576
Punto[1.         0.44797138 0.53367019] -> F: 0.388937771945019
Punto[1.         0.44677164 0.53394244] -> F: 0.38824622052905144
Punto[1.         0.44557191 0.53421468] -> F: 0.3875551180167127
Punto[1.         0.44437217 0.53448692] -> F: 0.386864464408003
Punto[1.         0.44317243 0.53475916] -> F: 0.3861742597029223
Punto[1.         0.44197269 0.5350314 ] -> F: 0.3854845039014706
Punto[1.         0.44077296 0.53530364] -> F: 0.38479450865665954
Punto[1.         0.43957322 0.53557588] -> F: 0.38410378979180443
Punto[1.         0.43837348 0.53584812] -> F: 0.3834134299304897
Punto[1.         0.43717374 0.53612036] -> F: 0.38272352152357375
Punto[1.         0.43597401 0.5363926 ] -> F: 0.3820340645710563
Punto[1.         0.43477427 0.53666484] -> F: 0.3813450590729378
{
  "seed": 17369,
  "n_per_z": 10,
  "nz": 100,
  "nd": 100,
  "n_muestras": 50,
  "best_f": 0.4084271636093047,
  "best_cp": [
    1.0,
    0.4815640374316975,
    0.5260474567154798
  ],
  "best_u": [
    0.9995065603657316,
    -0.03134877712019301,
    0.0019722978813257784
  ],
  "best_index": 14,
  "n_candidatos": 54
}
