Punto[0.         0.42336372 0.3677724 ] -> F: 0.08106471530871409
Punto[1.         0.46110388 0.47110039] -> F: 0.3609286324531416
Punto[2.         0.57140735 0.45024462] -> F: 0.1202983605929922
Punto[1.         0.49738554 0.40900851] -> F: 0.3626721299366827
Punto[1.         0.46182951 0.46985856] -> F: 0.36286783505190123
Punto[1.         0.46254063 0.46864155] -> F: 0.36483651948125273
Punto[1.         0.46325175 0.46742455] -> F: 0.3668770262878121
Punto[1.         0.46396287 0.46620755] -> F: 0.3688998564547306
Punto[1.         0.46467399 0.46499055] -> F: 0.3708075228710477
Punto[1.         0.46538512 0.46377355] -> F: 0.3727190121112426
Punto[1.         0.46609624 0.46255655] -> F: 0.3746343241753154
Punto[1.         0.46680736 0.46133955] -> F: 0.37655345906326615
Punto[1.         0.46751848 0.46012255] -> F: 0.37847641677509497
Punto[1.         0.4682296  0.45890555] -> F: 0.38041592543033864
Punto[1.         0.46894072 0.45768855] -> F: 0.3827473598997454
Punto[1.         0.46965184 0.45647155] -> F: 0.385644982826677
Punto[1.         0.47036296 0.45525454] -> F: 0.3890050870822924
Punto[1.         0.47107408 0.45403754] -> F: 0.39240916125007624
Punto[1.         0.4717852  0.45282054] -> F: 0.395813057589558
Punto[1.         0.47249632 0.45160354] -> F: 0.3992167761007376
Punto[1.         0.47320744 0.45038654] -> F: 0.4026203167836149
Punto[1.         0.47391856 0.44916954] -> F: 0.40602367963818975
Punto[1.         0.47462968 0.44795254] -> F: 0.4079016920547598
Punto[1.         0.4753408  0.44673554] -> F: 0.4066039443331197
Punto[1.         0.47605192 0.44551854] -> F: 0.40532964640552993
Punto[1.         0.47676304 0.44430154] -> F: 0.40407879827199045
Punto[1.         0.47747416 0.44308453] -> F: 0.40285139993250113
Punto[1.         0.47818528 0.44186753] -> F: 0.40164745138706226
Punto[1.         0.4788964  0.44065053] -> F: 0.4004616069455536
Punto[1.         0.47960752 0.43943353] -> F: 0.39927716306272193
Punto[1.         0.48031865 0.43821653] -> F: 0.3980614814542154
Punto[1.         0.48102977 0.43699953] -> F: 0.39669513901256326
Punto[1.         0.48174089 0.43578253] -> F: 0.39456325984056834
Punto[1.         0.48245201 0.43456553] -> F: 0.39238870562312506
Punto[1.         0.48316313 0.43334853] -> F: 0.3903758799894387
Punto[1.         0.48387425 0.43213153] -> F: 0.38859546392213884
Punto[1.         0.48458537 0.43091453] -> F: 0.38704745742122537
Punto[1.         0.48529649 0.42969752] -> F: 0.3857318604866981
Punto[1.         0.48600761 0.42848052] -> F: 0.38458153211052704
Punto[1.         0.48671873 0.42726352] -> F: 0.3831545187358522
Punto[1.         0.48742985 0.42604652] -> F: 0.381657946120046
Punto[1.         0.48814097 0.42482952] -> F: 0.38021009380761345
Punto[1.         0.48885209 0.42361252] -> F: 0.37881096179855417
Punto[1.         0.48956321 0.42239552] -> F: 0.37746055009286855
Punto[1.         0.49027433 0.42117852] -> F: 0.37615885869055643
Punto[1.         0.49098545 0.41996152] -> F: 0.37490588759161786
Punto[1.         0.49169657 0.41874452] -> F: 0.37370163679605267
Punto[1.         0.49240769 0.41752752] -> F: 0.3724455660978883
Punto[1.         0.49311881 0.41631051] -> F: 0.3709790115498511
Punto[1.         0.49382993 0.41509351] -> F: 0.36953590679586407
Punto[1.         0.49454105 0.41387651] -> F: 0.3681162518359271
Punto[1.         0.49525218 0.41265951] -> F: 0.36672004667004066
Punto[1.         0.4959633  0.41144251] -> F: 0.36534729129820454
Punto[1.         0.49667442 0.41022551] -> F: 0.3639979857204184
Best centerpoint:  [1.         0.47462968 0.44795254] Best F:  0.4079016920547598 Best u:  [-0.15643447 -0.21545754 -0.96390161] índice:  19
{
  "seed": 7572,
  "n_per_z": 5,
  "nz": 100,
  "nd": 100,
  "n_muestras": 50,
  "best_f": 0.4079016920547598,
  "best_cp": [
    1.0,
    0.4746296813398045,
    0.44795253852566214
  ],
  "best_u": [
    -0.15643446504023092,
    -0.21545753610699583,
    -0.9639016071582615
  ],
  "n_candidatos": 54
}
