Punto[0.         0.53576351 0.44927842] -> F: 0.139883777556009
Punto[1.         0.50245199 0.49566675] -> F: 0.39525507342496213
Punto[2.         0.38220461 0.43330276] -> F: 0.14358612543230054
Punto[1.         0.45898406 0.44129059] -> F: 0.4443774652193232
Punto[1.         0.50158263 0.49457922] -> F: 0.39764444507108276
Punto[1.         0.50073066 0.49351345] -> F: 0.3999917538241397
Punto[1.         0.49987869 0.49244768] -> F: 0.40234472929342074
Punto[1.         0.49902672 0.4913819 ] -> F: 0.4047033714789254
Punto[1.         0.49817475 0.49031613] -> F: 0.40706768038065433
Punto[1.         0.49732278 0.48925036] -> F: 0.4094376559986068
Punto[1.         0.49647081 0.48818459] -> F: 0.4117888361366948
Punto[1.         0.49561883 0.48711881] -> F: 0.4141322621010691
Punto[1.         0.49476686 0.48605304] -> F: 0.4164812796595331
Punto[1.         0.49391489 0.48498727] -> F: 0.418835888812087
Punto[1.         0.49306292 0.4839215 ] -> F: 0.4211960895587303
Punto[1.         0.49221095 0.48285572] -> F: 0.4235618818994634
Punto[1.         0.49135898 0.48178995] -> F: 0.42593326583428637
Punto[1.         0.49050701 0.48072418] -> F: 0.42831024136319856
Punto[1.         0.48965503 0.4796584 ] -> F: 0.4306928084862009
Punto[1.         0.48880306 0.47859263] -> F: 0.43308096720329287
Punto[1.         0.48795109 0.47752686] -> F: 0.4354747175144745
Punto[1.         0.48709912 0.47646109] -> F: 0.4377836376505921
Punto[1.         0.48624715 0.47539531] -> F: 0.44005259355015114
Punto[1.         0.48539518 0.47432954] -> F: 0.4423270590566123
Punto[1.         0.48454321 0.47326377] -> F: 0.4446070341699757
Punto[1.         0.48369123 0.472198  ] -> F: 0.44689251889024106
Punto[1.         0.48283926 0.47113222] -> F: 0.449183513217409
Punto[1.         0.48198729 0.47006645] -> F: 0.4514800171514788
Punto[1.         0.48113532 0.46900068] -> F: 0.4537820306924507
Punto[1.         0.48028335 0.4679349 ] -> F: 0.4560895538403252
Punto[1.         0.47943138 0.46686913] -> F: 0.45840258659510175
Punto[1.         0.47857941 0.46580336] -> F: 0.46072112895678036
Punto[1.         0.47772743 0.46473759] -> F: 0.46304518092536123
Punto[1.         0.47687546 0.46367181] -> F: 0.46537474250084454
Punto[1.         0.47602349 0.46260604] -> F: 0.4677098136832296
Punto[1.         0.47517152 0.46154027] -> F: 0.4679002383490751
Punto[1.         0.47431955 0.4604745 ] -> F: 0.4672701266643457
Punto[1.         0.47346758 0.45940872] -> F: 0.46666395544128536
Punto[1.         0.4726156  0.45834295] -> F: 0.46608172467989395
Punto[1.         0.47176363 0.45727718] -> F: 0.46496634151786176
Punto[1.         0.47091166 0.4562114 ] -> F: 0.4637511447686151
Punto[1.         0.47005969 0.45514563] -> F: 0.46250959145936277
Punto[1.         0.46920772 0.45407986] -> F: 0.4612708456438917
Punto[1.         0.46835575 0.45301409] -> F: 0.4599684278522678
Punto[1.         0.46750378 0.45194831] -> F: 0.4585756358139856
Punto[1.         0.4666518  0.45088254] -> F: 0.45718225654915023
Punto[1.         0.46579983 0.44981677] -> F: 0.45579192452113154
Punto[1.         0.46494786 0.448751  ] -> F: 0.45440463972992917
Punto[1.         0.46409589 0.44768522] -> F: 0.45298336204155215
Punto[1.         0.46324392 0.44661945] -> F: 0.45156229043077034
Punto[1.         0.46239195 0.44555368] -> F: 0.4501445519599895
Punto[1.         0.46153998 0.4444879 ] -> F: 0.44872356950988185
Punto[1.         0.460688   0.44342213] -> F: 0.4472711897194659
Punto[1.         0.45983603 0.44235636] -> F: 0.44582248828927956
{
  "seed": 15740,
  "n_per_z": 10,
  "nz": 100,
  "nd": 100,
  "n_muestras": 50,
  "best_f": 0.4679002383490751,
  "best_cp": [
    1.0,
    0.4751715191502577,
    0.46154026827310024
  ],
  "best_u": [
    0.33873792024529137,
    0.4271509304928578,
    -0.8383309036215832
  ],
  "best_index": 35,
  "n_candidatos": 54
}
