Punto[0.         0.37102171 0.54522679] -> F: 0.056361823203845744
Punto[1.         0.4268924  0.58984378] -> F: 0.3785115135049731
Punto[2.         0.28946266 0.36832542] -> F: 0.09000980560176597
Punto[1.         0.33024218 0.45677611] -> F: 0.2868181844250804
Punto[1.         0.4249594  0.58718242] -> F: 0.3836255409686057
Punto[1.         0.42306505 0.5845743 ] -> F: 0.3874756703810445
Punto[1.         0.42117071 0.58196617] -> F: 0.3914535429458922
Punto[1.         0.41927636 0.57935804] -> F: 0.39556086381203415
Punto[1.         0.41738202 0.57674992] -> F: 0.3997976329794704
Punto[1.         0.41548767 0.57414179] -> F: 0.4025734320308556
Punto[1.         0.41359333 0.57153366] -> F: 0.40491011285420525
Punto[1.         0.41169899 0.56892554] -> F: 0.4073535145262552
Punto[1.         0.40980464 0.56631741] -> F: 0.4099036370470056
Punto[1.         0.4079103  0.56370929] -> F: 0.4125604804164565
Punto[1.         0.40601595 0.56110116] -> F: 0.4153240446346077
Punto[1.         0.40412161 0.55849303] -> F: 0.4172692704876771
Punto[1.         0.40222726 0.55588491] -> F: 0.41367547495099033
Punto[1.         0.40033292 0.55327678] -> F: 0.4100909873649221
Punto[1.         0.39843858 0.55066865] -> F: 0.4065158077294728
Punto[1.         0.39654423 0.54806053] -> F: 0.402931791160796
Punto[1.         0.39464989 0.5454524 ] -> F: 0.39934860622479423
Punto[1.         0.39275554 0.54284427] -> F: 0.3957748695402468
Punto[1.         0.3908612  0.54023615] -> F: 0.3922075906054784
Punto[1.         0.38896685 0.53762802] -> F: 0.38862586086571654
Punto[1.         0.38707251 0.5350199 ] -> F: 0.38505372309112507
Punto[1.         0.38517817 0.53241177] -> F: 0.3814911772817038
Punto[1.         0.38328382 0.52980364] -> F: 0.3779382234374527
Punto[1.         0.38138948 0.52719552] -> F: 0.3743948615583721
Punto[1.         0.37949513 0.52458739] -> F: 0.3708639641553354
Punto[1.         0.37760079 0.52197926] -> F: 0.3673549131533148
Punto[1.         0.37570644 0.51937114] -> F: 0.3638684359567691
Punto[1.         0.3738121  0.51676301] -> F: 0.3604045325656981
Punto[1.         0.37191776 0.51415489] -> F: 0.3569632029801021
Punto[1.         0.37002341 0.51154676] -> F: 0.353544447199981
Punto[1.         0.36812907 0.50893863] -> F: 0.35014826522533476
Punto[1.         0.36623472 0.50633051] -> F: 0.3467746570561634
Punto[1.         0.36434038 0.50372238] -> F: 0.34342362269246696
Punto[1.         0.36244604 0.50111425] -> F: 0.3400951621342453
Punto[1.         0.36055169 0.49850613] -> F: 0.33678927538149855
Punto[1.         0.35865735 0.495898  ] -> F: 0.3335059624342267
Punto[1.         0.356763   0.49328988] -> F: 0.33024522329242967
Punto[1.         0.35486866 0.49068175] -> F: 0.32700705795610757
Punto[1.         0.35297431 0.48807362] -> F: 0.32378938783549926
Punto[1.         0.35107997 0.4854655 ] -> F: 0.3205832728686125
Punto[1.         0.34918563 0.48285737] -> F: 0.3173999181470624
Punto[1.         0.34729128 0.48024924] -> F: 0.314239323670849
Punto[1.         0.34539694 0.47764112] -> F: 0.31110148943997235
Punto[1.         0.34350259 0.47503299] -> F: 0.3079864154544324
Punto[1.         0.34160825 0.47242486] -> F: 0.3048941017142291
Punto[1.         0.3397139  0.46981674] -> F: 0.30182454821936255
Punto[1.         0.33781956 0.46720861] -> F: 0.2987777549698327
Punto[1.         0.33592522 0.46460049] -> F: 0.29575372196563954
Punto[1.         0.33403087 0.46199236] -> F: 0.2927524492067832
Punto[1.         0.33213653 0.45938423] -> F: 0.2897739366932634
Best centerpoint:  [1.         0.40412161 0.55849303] Best F:  0.4172692704876771 Best u:  [-0.99950656 -0.01426019 -0.02798719] índice:  12
{
  "seed": 8914,
  "n_per_z": 5,
  "nz": 100,
  "nd": 100,
  "n_muestras": 50,
  "best_f": 0.4172692704876771,
  "best_cp": [
    1.0,
    0.4041216088078181,
    0.5584930325964241
  ],
  "best_u": [
    -0.9995065603657316,
    -0.01426018621107797,
    -0.027987191268321308
  ],
  "n_candidatos": 54
}
