Punto[0.         0.48445222 0.56574801] -> F: 0.09878765001515388
Punto[1.         0.50089627 0.51774766] -> F: 0.4041792490439336
Punto[2.         0.47013744 0.53921686] -> F: 0.1768401900378116
Punto[1.         0.47729483 0.55248244] -> F: 0.3952122924740197
Punto[1.         0.50042424 0.51844236] -> F: 0.4046643505809713
Punto[1.         0.49996165 0.51912316] -> F: 0.40514564401371683
Punto[1.         0.49949906 0.51980396] -> F: 0.40560554114909586
Punto[1.         0.49903648 0.52048476] -> F: 0.4059861755441338
Punto[1.         0.49857389 0.52116556] -> F: 0.4063665820889032
Punto[1.         0.4981113  0.52184636] -> F: 0.406746760783404
Punto[1.         0.49764871 0.52252717] -> F: 0.4071267116276362
Punto[1.         0.49718612 0.52320797] -> F: 0.40753638786446694
Punto[1.         0.49672353 0.52388877] -> F: 0.40806448053145156
Punto[1.         0.49626095 0.52456957] -> F: 0.40871182574743503
Punto[1.         0.49579836 0.52525037] -> F: 0.4093908822384651
Punto[1.         0.49533577 0.52593117] -> F: 0.41006969015329636
Punto[1.         0.49487318 0.52661198] -> F: 0.4107482494919289
Punto[1.         0.49441059 0.52729278] -> F: 0.4107492165624564
Punto[1.         0.49394801 0.52797358] -> F: 0.41032234106193133
Punto[1.         0.49348542 0.52865438] -> F: 0.40989585215214347
Punto[1.         0.49302283 0.52933518] -> F: 0.40946974983309276
Punto[1.         0.49256024 0.53001598] -> F: 0.40904403410477946
Punto[1.         0.49209765 0.53069679] -> F: 0.40861870496720326
Punto[1.         0.49163506 0.53137759] -> F: 0.4081937624203642
Punto[1.         0.49117248 0.53205839] -> F: 0.4077692064642625
Punto[1.         0.49070989 0.53273919] -> F: 0.407345037098898
Punto[1.         0.4902473  0.53341999] -> F: 0.40692125432427073
Punto[1.         0.48978471 0.53410079] -> F: 0.40649785814038064
Punto[1.         0.48932212 0.53478159] -> F: 0.40607484854722786
Punto[1.         0.48885954 0.5354624 ] -> F: 0.40565222554481223
Punto[1.         0.48839695 0.5361432 ] -> F: 0.4052299891331338
Punto[1.         0.48793436 0.536824  ] -> F: 0.40480813931219267
Punto[1.         0.48747177 0.5375048 ] -> F: 0.40438667608198875
Punto[1.         0.48700918 0.5381856 ] -> F: 0.40396559944252197
Punto[1.        0.4865466 0.5388664] -> F: 0.4035449093937925
Punto[1.         0.48608401 0.53954721] -> F: 0.4031246059358003
Punto[1.         0.48562142 0.54022801] -> F: 0.40270468906854523
Punto[1.         0.48515883 0.54090881] -> F: 0.4022851587920274
Punto[1.         0.48469624 0.54158961] -> F: 0.4018660151062468
Punto[1.         0.48423365 0.54227041] -> F: 0.4014472580112034
Punto[1.         0.48377107 0.54295121] -> F: 0.40102888750689725
Punto[1.         0.48330848 0.54363202] -> F: 0.4006109035933283
Punto[1.         0.48284589 0.54431282] -> F: 0.4001933062704966
Punto[1.         0.4823833  0.54499362] -> F: 0.39977609553840215
Punto[1.         0.48192071 0.54567442] -> F: 0.39935927139704486
Punto[1.         0.48145813 0.54635522] -> F: 0.3989428338464249
Punto[1.         0.48099554 0.54703602] -> F: 0.3985267828865421
Punto[1.         0.48053295 0.54771683] -> F: 0.39811111851739645
Punto[1.         0.48007036 0.54839763] -> F: 0.39769584073898817
Punto[1.         0.47960777 0.54907843] -> F: 0.397280949551317
Punto[1.         0.47914518 0.54975923] -> F: 0.39686644495438306
Punto[1.         0.4786826  0.55044003] -> F: 0.39645232694818633
Punto[1.         0.47822001 0.55112083] -> F: 0.3960385955327269
Punto[1.         0.47775742 0.55180163] -> F: 0.3956252507080047
{
  "seed": 11449,
  "n_per_z": 10,
  "nz": 100,
  "nd": 100,
  "n_muestras": 50,
  "best_f": 0.4107492165624564,
  "best_cp": [
    1.0,
    0.49441059390271425,
    0.527292777522367
  ],
  "best_u": [
    -0.7501110696304596,
    -0.43733338321784776,
    0.496057350657239
  ],
  "best_index": 17,
  "n_candidatos": 54
}
