Punto[0.         0.56069866 0.35629274] -> F: 0.0761145176147647
Punto[1.         0.51375612 0.44757593] -> F: 0.3548400978432691
Punto[2.         0.372024   0.62281485] -> F: 0.16710282935056522
Punto[1.         0.46636133 0.4895538 ] -> F: 0.35175658172161084
Punto[1.         0.51280822 0.44841549] -> F: 0.3569535510664218
Punto[1.         0.51187928 0.44923825] -> F: 0.3589789929774758
Punto[1.         0.51095035 0.45006102] -> F: 0.36101820769916343
Punto[1.         0.51002141 0.45088378] -> F: 0.363071195231485
Punto[1.         0.50909247 0.45170655] -> F: 0.36513795557444045
Punto[1.         0.50816353 0.45252932] -> F: 0.36721848872802937
Punto[1.         0.50723459 0.45335208] -> F: 0.3692917990642994
Punto[1.         0.50630566 0.45417485] -> F: 0.37134421482301555
Punto[1.         0.50537672 0.45499762] -> F: 0.37340915949954134
Punto[1.         0.50444778 0.45582038] -> F: 0.37548663309387725
Punto[1.         0.50351884 0.45664315] -> F: 0.37581654141557014
Punto[1.         0.5025899  0.45746591] -> F: 0.37529652823574355
Punto[1.         0.50166097 0.45828868] -> F: 0.37477700947760656
Punto[1.         0.50073203 0.45911145] -> F: 0.374257985141159
Punto[1.         0.49980309 0.45993421] -> F: 0.37373945522640056
Punto[1.         0.49887415 0.46075698] -> F: 0.37320170374472245
Punto[1.         0.49794522 0.46157975] -> F: 0.3726526557420141
Punto[1.         0.49701628 0.46240251] -> F: 0.37210416426521875
Punto[1.         0.49608734 0.46322528] -> F: 0.37155622931433574
Punto[1.         0.4951584  0.46404804] -> F: 0.3710088508893655
Punto[1.         0.49422946 0.46487081] -> F: 0.37046202899030795
Punto[1.         0.49330053 0.46569358] -> F: 0.3699093588734364
Punto[1.         0.49237159 0.46651634] -> F: 0.3693324133902414
Punto[1.         0.49144265 0.46733911] -> F: 0.3687560900192484
Punto[1.         0.49051371 0.46816188] -> F: 0.36818038876045706
Punto[1.         0.48958477 0.46898464] -> F: 0.36760530961386734
Punto[1.         0.48865584 0.46980741] -> F: 0.36703085257947954
Punto[1.         0.4877269  0.47063017] -> F: 0.3664570176572932
Punto[1.         0.48679796 0.47145294] -> F: 0.3658552409717856
Punto[1.         0.48586902 0.47227571] -> F: 0.36525167162658956
Punto[1.         0.48494009 0.47309847] -> F: 0.36464879364596
Punto[1.         0.48401115 0.47392124] -> F: 0.36404660702989666
Punto[1.         0.48308221 0.47474401] -> F: 0.36344511177839994
Punto[1.         0.48215327 0.47556677] -> F: 0.3628443078914699
Punto[1.         0.48122433 0.47638954] -> F: 0.3622208636347534
Punto[1.        0.4802954 0.4772123] -> F: 0.3615905776220141
Punto[1.         0.47936646 0.47803507] -> F: 0.36096105611919865
Punto[1.         0.47843752 0.47885784] -> F: 0.3603322991263066
Punto[1.         0.47750858 0.4796806 ] -> F: 0.35970430664333813
Punto[1.         0.47657964 0.48050337] -> F: 0.359077078670293
Punto[1.         0.47565071 0.48132614] -> F: 0.35842922363211954
Punto[1.         0.47472177 0.4821489 ] -> F: 0.3577726966507479
Punto[1.         0.47379283 0.48297167] -> F: 0.35711701149061253
Punto[1.         0.47286389 0.48379443] -> F: 0.35646216815171344
Punto[1.         0.47193495 0.4846172 ] -> F: 0.3558081666340507
Punto[1.         0.47100602 0.48543997] -> F: 0.35515500693762425
Punto[1.         0.47007708 0.48626273] -> F: 0.3544804145297355
Punto[1.         0.46914814 0.4870855 ] -> F: 0.35379807089479925
Punto[1.         0.4682192  0.48790826] -> F: 0.3531166508817999
Punto[1.         0.46729027 0.48873103] -> F: 0.352436154490737
Best centerpoint:  [1.         0.50351884 0.45664315] Best F:  0.37581654141557014 Best u:  [-0.99802673 -0.05762629 -0.02493712] índice:  11
{
  "seed": 16005,
  "n_per_z": 5,
  "nz": 100,
  "nd": 100,
  "n_muestras": 50,
  "best_f": 0.37581654141557014,
  "best_cp": [
    1.0,
    0.5035188426779479,
    0.45664314838557263
  ],
  "best_u": [
    -0.9980267284282716,
    -0.057626289747127704,
    -0.024937122382928806
  ],
  "n_candidatos": 54
}
