Punto[0.         0.53178946 0.34852184] -> F: 0.12305663612867984
Punto[1.         0.49892055 0.50970902] -> F: 0.3636196038537039
Punto[2.         0.45208574 0.40358883] -> F: 0.10456067641797329
Punto[1.         0.4919376  0.37605533] -> F: 0.38778313756890354
Punto[1.         0.49878089 0.50703595] -> F: 0.36717174973181216
Punto[1.         0.49864403 0.50441634] -> F: 0.37066764407058483
Punto[1.         0.49850716 0.50179672] -> F: 0.3741780479072824
Punto[1.         0.4983703  0.49917711] -> F: 0.37769783556605196
Punto[1.         0.49823343 0.4965575 ] -> F: 0.3812218389664204
Punto[1.         0.49809657 0.49393789] -> F: 0.3847600814120966
Punto[1.         0.4979597  0.49131827] -> F: 0.38831256290308086
Punto[1.         0.49782283 0.48869866] -> F: 0.3918789996666919
Punto[1.         0.49768597 0.48607905] -> F: 0.3954486398906401
Punto[1.         0.4975491  0.48345944] -> F: 0.39902774240001976
Punto[1.         0.49741224 0.48083983] -> F: 0.40262072533923043
Punto[1.         0.49727537 0.47822021] -> F: 0.40622757003616683
Punto[1.        0.4971385 0.4756006] -> F: 0.40984786195711687
Punto[1.         0.49700164 0.47298099] -> F: 0.4134713552880177
Punto[1.         0.49686477 0.47036138] -> F: 0.41710372388153677
Punto[1.         0.49672791 0.46774176] -> F: 0.42074965288216465
Punto[1.         0.49659104 0.46512215] -> F: 0.4244090680620137
Punto[1.         0.49645418 0.46250254] -> F: 0.42808152175575515
Punto[1.         0.49631731 0.45988293] -> F: 0.43176498479973374
Punto[1.         0.49618044 0.45726331] -> F: 0.43544918560476403
Punto[1.         0.49604358 0.4546437 ] -> F: 0.43914662523663
Punto[1.         0.49590671 0.45202409] -> F: 0.43905895880417756
Punto[1.         0.49576985 0.44940448] -> F: 0.4375592946846114
Punto[1.         0.49563298 0.44678486] -> F: 0.43606464774285436
Punto[1.         0.49549611 0.44416525] -> F: 0.43457501797890646
Punto[1.         0.49535925 0.44154564] -> F: 0.43306950490850676
Punto[1.         0.49522238 0.43892603] -> F: 0.4315521917742009
Punto[1.         0.49508552 0.43630642] -> F: 0.4300401558355353
Punto[1.         0.49494865 0.4336868 ] -> F: 0.42853339709251
Punto[1.         0.49481179 0.43106719] -> F: 0.42703191554512476
Punto[1.         0.49467492 0.42844758] -> F: 0.4255134984639802
Punto[1.         0.49453805 0.42582797] -> F: 0.4239845045377587
Punto[1.         0.49440119 0.42320835] -> F: 0.4224610618130991
Punto[1.         0.49426432 0.42058874] -> F: 0.4209431702900016
Punto[1.         0.49412746 0.41796913] -> F: 0.41943082996846626
Punto[1.         0.49399059 0.41534952] -> F: 0.4178958894096895
Punto[1.         0.49385372 0.4127299 ] -> F: 0.4163561552034717
Punto[1.         0.49371686 0.41011029] -> F: 0.41482226191325244
Punto[1.         0.49357999 0.40749068] -> F: 0.4132942095390322
Punto[1.         0.49344313 0.40487107] -> F: 0.41177199808081044
Punto[1.         0.49330626 0.40225145] -> F: 0.4102172250140124
Punto[1.         0.49316939 0.39963184] -> F: 0.4086676849165985
Punto[1.         0.49303253 0.39701223] -> F: 0.40599354809743293
Punto[1.         0.49289566 0.39439262] -> F: 0.4035187217289859
Punto[1.         0.4927588  0.39177301] -> F: 0.40137680793762953
Punto[1.         0.49262193 0.38915339] -> F: 0.3990320170361582
Punto[1.         0.49248507 0.38653378] -> F: 0.3968018762212084
Punto[1.         0.4923482  0.38391417] -> F: 0.3945393658940712
Punto[1.         0.49221133 0.38129456] -> F: 0.3922788566012297
Punto[1.         0.49207447 0.37867494] -> F: 0.3900549869383617
Best centerpoint:  [1.         0.49604358 0.4546437 ] Best F:  0.43914662523663 Best u:  [-0.03141076 -0.12527139  0.99162515] índice:  21
{
  "seed": 14325,
  "n_per_z": 5,
  "nz": 100,
  "nd": 100,
  "n_muestras": 50,
  "best_f": 0.43914662523663,
  "best_cp": [
    1.0,
    0.49604357781411607,
    0.45464370161940254
  ],
  "best_u": [
    -0.03141075907812828,
    -0.1252713891793725,
    0.991625152599109
  ],
  "n_candidatos": 54
}
