Punto[0.         0.44680691 0.53201319] -> F: 0.1521055875835161
Punto[1.         0.52740594 0.44416509] -> F: 0.4172065264306009
Punto[2.         0.50808892 0.33090728] -> F: 0.09850874473362257
Punto[1.         0.47744792 0.43146023] -> F: 0.39279891380673826
Punto[1.         0.52640678 0.44391099] -> F: 0.4181336526576391
Punto[1.         0.5254276  0.44366198] -> F: 0.4190493670608719
Punto[1.         0.52444843 0.44341296] -> F: 0.41997214013756007
Punto[1.         0.52346925 0.44316394] -> F: 0.42090197188770306
Punto[1.         0.52249007 0.44291493] -> F: 0.4218303261809713
Punto[1.         0.52151089 0.44266591] -> F: 0.4227043463536262
Punto[1.         0.52053172 0.4424169 ] -> F: 0.4235906458167405
Punto[1.         0.51955254 0.44216788] -> F: 0.42448922457031435
Punto[1.         0.51857336 0.44191887] -> F: 0.42540008261434764
Punto[1.         0.51759419 0.44166985] -> F: 0.42632321994884037
Punto[1.         0.51661501 0.44142084] -> F: 0.42591253026919373
Punto[1.         0.51563583 0.44117182] -> F: 0.4251849978689493
Punto[1.         0.51465665 0.44092281] -> F: 0.42446151049041053
Punto[1.         0.51367748 0.44067379] -> F: 0.4237420681335774
Punto[1.         0.5126983  0.44042478] -> F: 0.4230266707984498
Punto[1.         0.51171912 0.44017576] -> F: 0.4223153184850277
Punto[1.         0.51073994 0.43992675] -> F: 0.42160801119331115
Punto[1.         0.50976077 0.43967773] -> F: 0.4209047489233003
Punto[1.         0.50878159 0.43942872] -> F: 0.4200446601315335
Punto[1.         0.50780241 0.4391797 ] -> F: 0.41917280806760954
Punto[1.         0.50682324 0.43893069] -> F: 0.4183050010253911
Punto[1.         0.50584406 0.43868167] -> F: 0.4174321245419585
Punto[1.         0.50486488 0.43843266] -> F: 0.4165474473446225
Punto[1.         0.5038857  0.43818364] -> F: 0.41566768649285285
Punto[1.         0.50290653 0.43793463] -> F: 0.41479284198664934
Punto[1.         0.50192735 0.43768561] -> F: 0.4139229138260121
Punto[1.         0.50094817 0.4374366 ] -> F: 0.41305772970400917
Punto[1.         0.49996899 0.43718758] -> F: 0.4121720806743148
Punto[1.         0.49898982 0.43693857] -> F: 0.41129272539875716
Punto[1.         0.49801064 0.43668955] -> F: 0.4104196638773364
Punto[1.         0.49703146 0.43644054] -> F: 0.4095528961100521
Punto[1.         0.49605228 0.43619152] -> F: 0.4086924220969046
Punto[1.         0.49507311 0.43594251] -> F: 0.40781710208614336
Punto[1.         0.49409393 0.43569349] -> F: 0.40694772444751587
Punto[1.         0.49311475 0.43544448] -> F: 0.40608713273181585
Punto[1.         0.49213558 0.43519546] -> F: 0.4052353269390433
Punto[1.         0.4911564  0.43494645] -> F: 0.4043923070691981
Punto[1.         0.49017722 0.43469743] -> F: 0.4035580731222803
Punto[1.         0.48919804 0.43444842] -> F: 0.40273076930116947
Punto[1.         0.48821887 0.4341994 ] -> F: 0.4019150874210259
Punto[1.         0.48723969 0.43395039] -> F: 0.40110808681909155
Punto[1.         0.48626051 0.43370137] -> F: 0.40030899656388336
Punto[1.         0.48528133 0.43345236] -> F: 0.3995186922316028
Punto[1.         0.48430216 0.43320334] -> F: 0.39873717382224955
Punto[1.         0.48332298 0.43295433] -> F: 0.39796444133582365
Punto[1.         0.4823438  0.43270531] -> F: 0.3972004947723254
Punto[1.         0.48136462 0.4324563 ] -> F: 0.3964453341317544
Punto[1.         0.48038545 0.43220728] -> F: 0.3956989594141109
Punto[1.         0.47940627 0.43195827] -> F: 0.39479427511836945
Punto[1.         0.47842709 0.43170925] -> F: 0.39379344758548546
Best centerpoint:  [1.         0.51759419 0.44166985] Best F:  0.42632321994884037 Best u:  [ 0.21814324  0.9371667  -0.2722721 ] índice:  10
{
  "seed": 2647,
  "n_per_z": 5,
  "nz": 100,
  "nd": 100,
  "n_muestras": 50,
  "best_f": 0.42632321994884037,
  "best_cp": [
    1.0,
    0.5175941855797623,
    0.441669854224734
  ],
  "best_u": [
    0.21814324139654234,
    0.9371667042360675,
    -0.2722720968155146
  ],
  "n_candidatos": 54
}
