Punto[0.         0.51052407 0.44582878] -> F: 0.16251326001673572
Punto[1.         0.51652142 0.47151984] -> F: 0.47267580301061
Punto[2.         0.52429328 0.50177637] -> F: 0.14619855915064126
Punto[1.         0.51740867 0.47380257] -> F: 0.47475629573823563
Punto[1.         0.51653917 0.47156549] -> F: 0.4727412539086827
Punto[1.         0.51655656 0.47161023] -> F: 0.4728053999032133
Punto[1.         0.51657395 0.47165497] -> F: 0.4728695499706037
Punto[1.         0.51659134 0.47169972] -> F: 0.4729337041108532
Punto[1.         0.51660873 0.47174446] -> F: 0.47299786232396257
Punto[1.         0.51662612 0.4717892 ] -> F: 0.4730620246099317
Punto[1.         0.51664351 0.47183394] -> F: 0.4731261909687601
Punto[1.         0.5166609  0.47187868] -> F: 0.4731903614004482
Punto[1.         0.51667829 0.47192342] -> F: 0.4732545359049958
Punto[1.         0.51669568 0.47196817] -> F: 0.4733187144824029
Punto[1.         0.51671307 0.47201291] -> F: 0.47338289713266973
Punto[1.         0.51673046 0.47205765] -> F: 0.4734470838557959
Punto[1.         0.51674785 0.47210239] -> F: 0.47351127465178194
Punto[1.         0.51676524 0.47214713] -> F: 0.47357546952062746
Punto[1.         0.51678263 0.47219187] -> F: 0.4736396684623325
Punto[1.         0.51680002 0.47223662] -> F: 0.473703871476897
Punto[1.         0.51681741 0.47228136] -> F: 0.47376807856432135
Punto[1.        0.5168348 0.4723261] -> F: 0.4738322897246051
Punto[1.         0.51685219 0.47237084] -> F: 0.47389650495774843
Punto[1.         0.51686958 0.47241558] -> F: 0.47396072426375135
Punto[1.         0.51688697 0.47246032] -> F: 0.4740249476426139
Punto[1.         0.51690436 0.47250507] -> F: 0.47408917509433585
Punto[1.         0.51692175 0.47254981] -> F: 0.4741534066189175
Punto[1.         0.51693914 0.47259455] -> F: 0.47421764221635876
Punto[1.         0.51695653 0.47263929] -> F: 0.4742818818866596
Punto[1.         0.51697392 0.47268403] -> F: 0.47434612562981976
Punto[1.         0.51699131 0.47272877] -> F: 0.47441037344583986
Punto[1.         0.5170087  0.47277352] -> F: 0.47447462533471924
Punto[1.         0.51702609 0.47281826] -> F: 0.47453888129645827
Punto[1.         0.51704348 0.472863  ] -> F: 0.4746031413310569
Punto[1.         0.51706087 0.47290774] -> F: 0.47466740543851504
Punto[1.         0.51707826 0.47295248] -> F: 0.47473167361883284
Punto[1.         0.51709565 0.47299722] -> F: 0.47479594587201013
Punto[1.         0.51711304 0.47304197] -> F: 0.474860222198047
Punto[1.         0.51713043 0.47308671] -> F: 0.4749245025969436
Punto[1.         0.51714782 0.47313145] -> F: 0.4749887870686997
Punto[1.         0.51716521 0.47317619] -> F: 0.4750530756133151
Punto[1.         0.5171826  0.47322093] -> F: 0.4751173682307902
Punto[1.         0.51719999 0.47326567] -> F: 0.4751816649211252
Punto[1.         0.51721738 0.47331042] -> F: 0.475216807124097
Punto[1.         0.51723477 0.47335516] -> F: 0.47517483217037537
Punto[1.         0.51725216 0.4733999 ] -> F: 0.4751328792731096
Punto[1.         0.51726955 0.47344464] -> F: 0.47509094843230015
Punto[1.         0.51728694 0.47348938] -> F: 0.47504903964794626
Punto[1.         0.51730433 0.47353412] -> F: 0.47500715292004836
Punto[1.         0.51732172 0.47357887] -> F: 0.47496528824860645
Punto[1.         0.51733911 0.47362361] -> F: 0.4749234456336205
Punto[1.         0.5173565  0.47366835] -> F: 0.4748816250750905
Punto[1.         0.51737389 0.47371309] -> F: 0.4748398265730164
Punto[1.         0.51739128 0.47375783] -> F: 0.47479805012739806
{
  "seed": 557,
  "n_per_z": 10,
  "nz": 100,
  "nd": 100,
  "n_muestras": 50,
  "best_f": 0.475216807124097,
  "best_cp": [
    1.0,
    0.5172173832220952,
    0.4733104159209375
  ],
  "best_u": [
    0.3387379202452915,
    0.4532727673353451,
    0.8245001029593949
  ],
  "best_index": 43,
  "n_candidatos": 54
}
