Punto[0.         0.53138671 0.58409632] -> F: 0.1490282841361065
Punto[1.         0.49154418 0.53348923] -> F: 0.46754676187677
Punto[2.         0.43609252 0.49342982] -> F: 0.1426898957355771
Punto[1.         0.48373962 0.53876307] -> F: 0.4625080803191719
Punto[1.         0.49138809 0.5335947 ] -> F: 0.46744154199786087
Punto[1.         0.49123512 0.53369807] -> F: 0.4673386102287755
Punto[1.         0.49108215 0.53380144] -> F: 0.46723586031625614
Punto[1.         0.49092918 0.53390481] -> F: 0.46713329226030276
Punto[1.         0.49077621 0.53400817] -> F: 0.46703090606091563
Punto[1.         0.49062324 0.53411154] -> F: 0.4669287017180946
Punto[1.         0.49047028 0.53421491] -> F: 0.46682667923183957
Punto[1.         0.49031731 0.53431828] -> F: 0.46672483860215097
Punto[1.         0.49016434 0.53442164] -> F: 0.46662317982902823
Punto[1.         0.49001137 0.53452501] -> F: 0.46652170291247186
Punto[1.         0.4898584  0.53462838] -> F: 0.46642040785248134
Punto[1.         0.48970543 0.53473175] -> F: 0.46631929464905697
Punto[1.         0.48955246 0.53483511] -> F: 0.46621836330219885
Punto[1.         0.48939949 0.53493848] -> F: 0.46611761381190686
Punto[1.         0.48924652 0.53504185] -> F: 0.4660170461781808
Punto[1.         0.48909355 0.53514522] -> F: 0.46591666040102103
Punto[1.         0.48894058 0.53524858] -> F: 0.46581645648042735
Punto[1.         0.48878761 0.53535195] -> F: 0.4657164344163999
Punto[1.         0.48863464 0.53545532] -> F: 0.46561659420893836
Punto[1.         0.48848167 0.53555869] -> F: 0.46551693585804305
Punto[1.         0.4883287  0.53566205] -> F: 0.4654174593637139
Punto[1.         0.48817573 0.53576542] -> F: 0.46531816472595083
Punto[1.         0.48802276 0.53586879] -> F: 0.4652190519447537
Punto[1.         0.48786979 0.53597215] -> F: 0.465120121020123
Punto[1.         0.48771682 0.53607552] -> F: 0.46502137195205834
Punto[1.         0.48756385 0.53617889] -> F: 0.46492280474055975
Punto[1.         0.48741088 0.53628226] -> F: 0.46482441938562724
Punto[1.         0.48725792 0.53638562] -> F: 0.4647262158872609
Punto[1.         0.48710495 0.53648899] -> F: 0.4646281942454608
Punto[1.         0.48695198 0.53659236] -> F: 0.46453035446022656
Punto[1.         0.48679901 0.53669573] -> F: 0.4644326965315586
Punto[1.         0.48664604 0.53679909] -> F: 0.46433522045945674
Punto[1.         0.48649307 0.53690246] -> F: 0.464237926243921
Punto[1.         0.4863401  0.53700583] -> F: 0.46414081388495154
Punto[1.         0.48618713 0.5371092 ] -> F: 0.464043883382548
Punto[1.         0.48603416 0.53721256] -> F: 0.46394713473671056
Punto[1.         0.48588119 0.53731593] -> F: 0.4638505679474394
Punto[1.         0.48572822 0.5374193 ] -> F: 0.4637541830147342
Punto[1.         0.48557525 0.53752267] -> F: 0.4636579799385952
Punto[1.         0.48542228 0.53762603] -> F: 0.46356195871902234
Punto[1.         0.48526931 0.5377294 ] -> F: 0.46346611935601567
Punto[1.         0.48511634 0.53783277] -> F: 0.463370461849575
Punto[1.         0.48496337 0.53793614] -> F: 0.4632749861997005
Punto[1.        0.4848104 0.5380395] -> F: 0.4631796924063921
Punto[1.         0.48465743 0.53814287] -> F: 0.4630845804696499
Punto[1.         0.48450446 0.53824624] -> F: 0.4629896503894737
Punto[1.         0.48435149 0.5383496 ] -> F: 0.4628949021658636
Punto[1.         0.48419853 0.53845297] -> F: 0.46280033579881985
Punto[1.         0.48404556 0.53855634] -> F: 0.46270595128834213
Punto[1.         0.48389259 0.53865971] -> F: 0.46261174863443044
{
  "seed": 10191,
  "n_per_z": 10,
  "nz": 100,
  "nd": 100,
  "n_muestras": 50,
  "best_f": 0.46754676187677,
  "best_cp": [
    1.0,
    0.49154418344154316,
    0.5334892279400928
  ],
  "best_u": [
    0.27899110603922916,
    -0.9221639627510075,
    -0.26791339748949833
  ],
  "best_index": 1,
  "n_candidatos": 54
}
