Punto[0.         0.6211005  0.48899328] -> F: 0.18092264072144507
Punto[1.        0.5339797 0.3691175] -> F: 0.37603793992926415
Punto[2.         0.40492947 0.21892926] -> F: 0.08423933272463006
Punto[1.         0.51301499 0.35396127] -> F: 0.3632858010345291
Punto[1.         0.53356041 0.36881438] -> F: 0.3757903874511964
Punto[1.         0.5331495  0.36851732] -> F: 0.3755479135110718
Punto[1.         0.53273859 0.36822025] -> F: 0.3753055657715675
Punto[1.         0.53232768 0.36792319] -> F: 0.37506334423268356
Punto[1.         0.53191677 0.36762613] -> F: 0.3748212488944201
Punto[1.         0.53150586 0.36732907] -> F: 0.3745753062181028
Punto[1.         0.53109496 0.36703201] -> F: 0.37432570189094033
Punto[1.         0.53068405 0.36673494] -> F: 0.3740762319991691
Punto[1.         0.53027314 0.36643788] -> F: 0.3738268965427891
Punto[1.         0.52986223 0.36614082] -> F: 0.37357769552180053
Punto[1.         0.52945132 0.36584376] -> F: 0.3733286289362031
Punto[1.         0.52904041 0.36554669] -> F: 0.37307969678599684
Punto[1.         0.52862951 0.36524963] -> F: 0.37283089907118205
Punto[1.         0.5282186  0.36495257] -> F: 0.3725822357917585
Punto[1.         0.52780769 0.36465551] -> F: 0.37233370694772605
Punto[1.         0.52739678 0.36435845] -> F: 0.3720853125390848
Punto[1.         0.52698587 0.36406138] -> F: 0.371837052565835
Punto[1.         0.52657496 0.36376432] -> F: 0.37158892702797636
Punto[1.         0.52616406 0.36346726] -> F: 0.371340935925509
Punto[1.         0.52575315 0.3631702 ] -> F: 0.3710930792584328
Punto[1.         0.52534224 0.36287314] -> F: 0.37084535702674803
Punto[1.         0.52493133 0.36257607] -> F: 0.3705977692304544
Punto[1.         0.52452042 0.36227901] -> F: 0.3703503158695519
Punto[1.         0.52410951 0.36198195] -> F: 0.370102996944041
Punto[1.         0.5236986  0.36168489] -> F: 0.3698558124539212
Punto[1.         0.5232877  0.36138782] -> F: 0.3696087623991926
Punto[1.         0.52287679 0.36109076] -> F: 0.36936184677985523
Punto[1.         0.52246588 0.3607937 ] -> F: 0.3691122852745191
Punto[1.         0.52205497 0.36049664] -> F: 0.3688582143854496
Punto[1.         0.52164406 0.36019958] -> F: 0.36860428615075824
Punto[1.         0.52123315 0.35990251] -> F: 0.3683505005704448
Punto[1.         0.52082225 0.35960545] -> F: 0.36809685764450945
Punto[1.         0.52041134 0.35930839] -> F: 0.3678433573729522
Punto[1.         0.52000043 0.35901133] -> F: 0.36758999975577283
Punto[1.         0.51958952 0.35871426] -> F: 0.36733678479297177
Punto[1.         0.51917861 0.3584172 ] -> F: 0.36708371248454863
Punto[1.         0.5187677  0.35812014] -> F: 0.3668307828305036
Punto[1.         0.51835679 0.35782308] -> F: 0.3665779958308365
Punto[1.         0.51794589 0.35752602] -> F: 0.36632535148554757
Punto[1.         0.51753498 0.35722895] -> F: 0.3660728497946366
Punto[1.         0.51712407 0.35693189] -> F: 0.3658204907581038
Punto[1.         0.51671316 0.35663483] -> F: 0.36556827437594897
Punto[1.         0.51630225 0.35633777] -> F: 0.3653162006481722
Punto[1.         0.51589134 0.3560407 ] -> F: 0.3650642695747735
Punto[1.         0.51548044 0.35574364] -> F: 0.36481248115575293
Punto[1.         0.51506953 0.35544658] -> F: 0.36456083539111034
Punto[1.         0.51465862 0.35514952] -> F: 0.3643093322808458
Punto[1.         0.51424771 0.35485246] -> F: 0.3640579718249593
Punto[1.         0.5138368  0.35455539] -> F: 0.36380204789775084
Punto[1.         0.51342589 0.35425833] -> F: 0.36354384903119574
Best centerpoint:  [1.        0.5339797 0.3691175] Best F:  0.37603793992926415 Best u:  [ 0.99950656 -0.0284213   0.01337405] índice:  1
{
  "seed": 9837,
  "n_per_z": 5,
  "nz": 100,
  "nd": 100,
  "n_muestras": 50,
  "best_f": 0.37603793992926415,
  "best_cp": [
    1.0,
    0.533979701372285,
    0.3691175039884773
  ],
  "best_u": [
    0.9995065603657316,
    -0.02842130455238308,
    0.013374050747806647
  ],
  "n_candidatos": 54
}
