Punto[0.         0.60823576 0.62370281] -> F: 0.13834774145225237
Punto[1.         0.52933908 0.52634205] -> F: 0.36895448657650576
Punto[2.         0.65454103 0.49832542] -> F: 0.06324770307227809
Punto[1.         0.63138839 0.56101412] -> F: 0.29727527943241994
Punto[1.         0.53138007 0.52703549] -> F: 0.37366281048039834
Punto[1.         0.53338024 0.52771506] -> F: 0.37826525886645285
Punto[1.         0.5353804  0.52839464] -> F: 0.3828274871847821
Punto[1.         0.53738057 0.52907421] -> F: 0.3843512521801417
Punto[1.         0.53938074 0.52975378] -> F: 0.38574482743185345
Punto[1.         0.5413809  0.53043335] -> F: 0.38472940399387556
Punto[1.         0.54338107 0.53111293] -> F: 0.38265538839581265
Punto[1.         0.54538124 0.5317925 ] -> F: 0.38058872699759333
Punto[1.         0.5473814  0.53247207] -> F: 0.3785294197992179
Punto[1.         0.54938157 0.53315164] -> F: 0.37647746680068567
Punto[1.         0.55138174 0.53383122] -> F: 0.3744328680019974
Punto[1.         0.5533819  0.53451079] -> F: 0.37239562340315285
Punto[1.         0.55538207 0.53519036] -> F: 0.37036573300415176
Punto[1.         0.55738223 0.53586993] -> F: 0.3683431968049946
Punto[1.         0.5593824  0.53654951] -> F: 0.36632801480568106
Punto[1.         0.56138257 0.53722908] -> F: 0.36431581135921226
Punto[1.         0.56338273 0.53790865] -> F: 0.36229906114436605
Punto[1.         0.5653829  0.53858822] -> F: 0.3602897856335588
Punto[1.         0.56738307 0.5392678 ] -> F: 0.35828798482679103
Punto[1.         0.56938323 0.53994737] -> F: 0.35629365872406266
Punto[1.         0.5713834  0.54062694] -> F: 0.35430680732537323
Punto[1.         0.57338357 0.54130651] -> F: 0.35232743063072347
Punto[1.         0.57538373 0.54198609] -> F: 0.3503555286401129
Punto[1.         0.5773839  0.54266566] -> F: 0.34839110135354145
Punto[1.         0.57938407 0.54334523] -> F: 0.3464341487710096
Punto[1.         0.58138423 0.5440248 ] -> F: 0.3444846708925168
Punto[1.         0.5833844  0.54470438] -> F: 0.34254266771806335
Punto[1.         0.58538457 0.54538395] -> F: 0.34060813924764943
Punto[1.         0.58738473 0.54606352] -> F: 0.3386810854812746
Punto[1.         0.5893849  0.54674309] -> F: 0.3367615064189389
Punto[1.         0.59138507 0.54742267] -> F: 0.33484940206064284
Punto[1.         0.59338523 0.54810224] -> F: 0.3329447724063859
Punto[1.         0.5953854  0.54878181] -> F: 0.3310476174561683
Punto[1.         0.59738556 0.54946138] -> F: 0.32915793720998987
Punto[1.         0.59938573 0.55014096] -> F: 0.32726607522339585
Punto[1.         0.6013859  0.55082053] -> F: 0.3253745823336308
Punto[1.         0.60338606 0.5515001 ] -> F: 0.3234906989931392
Punto[1.         0.60538623 0.55217967] -> F: 0.3216144252019212
Punto[1.         0.6073864  0.55285925] -> F: 0.31974576095997653
Punto[1.         0.60938656 0.55353882] -> F: 0.3178847062673054
Punto[1.         0.61138673 0.55421839] -> F: 0.31603126112390767
Punto[1.         0.6133869  0.55489796] -> F: 0.3141854255297835
Punto[1.         0.61538706 0.55557754] -> F: 0.31234719948493267
Punto[1.         0.61738723 0.55625711] -> F: 0.3105165829893555
Punto[1.         0.6193874  0.55693668] -> F: 0.30869357604305175
Punto[1.         0.62138756 0.55761626] -> F: 0.3068781786460214
Punto[1.         0.62338773 0.55829583] -> F: 0.3050703907982646
Punto[1.        0.6253879 0.5589754] -> F: 0.30321011271359893
Punto[1.         0.62738806 0.55965497] -> F: 0.30098745123417725
Punto[1.         0.62938823 0.56033455] -> F: 0.29912968798141065
{
  "seed": 310,
  "n_per_z": 5,
  "nz": 100,
  "nd": 100,
  "n_muestras": 50,
  "best_f": 0.38574482743185345,
  "best_cp": [
    1.0,
    0.5393807362680743,
    0.5297537804531005
  ],
  "best_u": [
    0.30901699437494745,
    -0.7866003696649596,
    0.53457305920746
  ],
  "best_index": 8,
  "n_candidatos": 54
}
