Punto[0.         0.44504336 0.4159551 ] -> F: 0.14293269161672686
Punto[1.         0.44855514 0.41633408] -> F: 0.4444224858948464
Punto[2.         0.46978612 0.47700504] -> F: 0.13643505869110018
Punto[1.         0.45741474 0.44648007] -> F: 0.4497296144728569
Punto[1.         0.44873233 0.416937  ] -> F: 0.445221778988031
Punto[1.         0.44890598 0.41752786] -> F: 0.4460055544741488
Punto[1.         0.44907963 0.41811872] -> F: 0.4467897934852173
Punto[1.         0.44925328 0.41870959] -> F: 0.44756368957851955
Punto[1.         0.44942692 0.41930045] -> F: 0.44832720411720745
Punto[1.         0.44960057 0.41989131] -> F: 0.44909117109837854
Punto[1.         0.44977422 0.42048217] -> F: 0.4498555905220329
Punto[1.         0.44994787 0.42107303] -> F: 0.4506204623881702
Punto[1.         0.45012152 0.42166389] -> F: 0.45138578669679097
Punto[1.         0.45029516 0.42225475] -> F: 0.4521515634478946
Punto[1.         0.45046881 0.42284562] -> F: 0.45287786128417756
Punto[1.         0.45064246 0.42343648] -> F: 0.45358640266623035
Punto[1.         0.45081611 0.42402734] -> F: 0.4542953871096245
Punto[1.         0.45098976 0.4246182 ] -> F: 0.4549938779031521
Punto[1.         0.45116341 0.42520906] -> F: 0.45568447489187036
Punto[1.         0.45133705 0.42579992] -> F: 0.4563755072216613
Punto[1.         0.4515107  0.42639078] -> F: 0.457066974892525
Punto[1.         0.45168435 0.42698164] -> F: 0.4577588779044613
Punto[1.         0.451858   0.42757251] -> F: 0.45845121625747004
Punto[1.         0.45203165 0.42816337] -> F: 0.45914398995155153
Punto[1.         0.4522053  0.42875423] -> F: 0.4598371989867056
Punto[1.         0.45237894 0.42934509] -> F: 0.46053084336293243
Punto[1.         0.45255259 0.42993595] -> F: 0.4612249230802318
Punto[1.         0.45272624 0.43052681] -> F: 0.4619157138004536
Punto[1.         0.45289989 0.43111767] -> F: 0.46259147750628665
Punto[1.         0.45307354 0.43170854] -> F: 0.4632468105710276
Punto[1.         0.45324718 0.4322994 ] -> F: 0.463845866081358
Punto[1.         0.45342083 0.43289026] -> F: 0.46443074729846817
Punto[1.         0.45359448 0.43348112] -> F: 0.4650121462017455
Punto[1.         0.45376813 0.43407198] -> F: 0.46559389766307185
Punto[1.         0.45394178 0.43466284] -> F: 0.4660262458876665
Punto[1.         0.45411543 0.4352537 ] -> F: 0.4652538063660354
Punto[1.         0.45428907 0.43584456] -> F: 0.4644826983874892
Punto[1.         0.45446272 0.43643543] -> F: 0.4637129219520277
Punto[1.         0.45463637 0.43702629] -> F: 0.462944477059651
Punto[1.         0.45481002 0.43761715] -> F: 0.46217736371035933
Punto[1.         0.45498367 0.43820801] -> F: 0.4614115819041526
Punto[1.         0.45515732 0.43879887] -> F: 0.46064713164103027
Punto[1.         0.45533096 0.43938973] -> F: 0.4598840129209933
Punto[1.         0.45550461 0.43998059] -> F: 0.459122225744041
Punto[1.         0.45567826 0.44057146] -> F: 0.4583617701101733
Punto[1.         0.45585191 0.44116232] -> F: 0.4575478065228172
Punto[1.         0.45602556 0.44175318] -> F: 0.4566737923449267
Punto[1.         0.4561992  0.44234404] -> F: 0.45580110971012106
Punto[1.         0.45637285 0.4429349 ] -> F: 0.45492975861840007
Punto[1.         0.4565465  0.44352576] -> F: 0.4540597390697641
Punto[1.         0.45672015 0.44411662] -> F: 0.453191051064213
Punto[1.         0.4568938  0.44470749] -> F: 0.45232369460174676
Punto[1.         0.45706745 0.44529835] -> F: 0.4514576696823652
Punto[1.         0.45724109 0.44588921] -> F: 0.4505929763060686
{
  "seed": 13332,
  "n_per_z": 10,
  "nz": 100,
  "nd": 100,
  "n_muestras": 50,
  "best_f": 0.4660262458876665,
  "best_cp": [
    1.0,
    0.4539417776686774,
    0.4346628422284034
  ],
  "best_u": [
    0.2181432413965427,
    0.6453853342383313,
    0.7320459661681682
  ],
  "best_index": 34,
  "n_candidatos": 54
}
