Punto[0.         0.42713343 0.50615925] -> F: 0.18124127700134982
Punto[1.         0.46959311 0.53592699] -> F: 0.3137840271239558
Punto[2.         0.70347859 0.58443172] -> F: 0.03295757594350233
Punto[1.         0.56530601 0.54529549] -> F: 0.2508024739093597
Punto[1.         0.47150737 0.53611436] -> F: 0.31447389021780653
Punto[1.         0.47338334 0.53629798] -> F: 0.3151407049999072
Punto[1.         0.47525931 0.53648161] -> F: 0.31557746471826187
Punto[1.         0.47713529 0.53666523] -> F: 0.31418572228324265
Punto[1.         0.47901126 0.53684885] -> F: 0.31279609781287093
Punto[1.         0.48088723 0.53703247] -> F: 0.3114085913071465
Punto[1.         0.48276321 0.5372161 ] -> F: 0.3100232027660692
Punto[1.         0.48463918 0.53739972] -> F: 0.3086399321896393
Punto[1.         0.48651515 0.53758334] -> F: 0.30725877957785663
Punto[1.         0.48839112 0.53776696] -> F: 0.3058797449307213
Punto[1.         0.4902671  0.53795059] -> F: 0.30450282824823305
Punto[1.         0.49214307 0.53813421] -> F: 0.3031280295303923
Punto[1.         0.49401904 0.53831783] -> F: 0.30175327168704497
Punto[1.         0.49589502 0.53850145] -> F: 0.30037751110786604
Punto[1.         0.49777099 0.53868508] -> F: 0.2990038846108582
Punto[1.         0.49964696 0.5388687 ] -> F: 0.2976323921960214
Punto[1.         0.50152293 0.53905232] -> F: 0.29626303386335584
Punto[1.         0.50339891 0.53923594] -> F: 0.2948958096128611
Punto[1.         0.50527488 0.53941957] -> F: 0.29353071944453757
Punto[1.         0.50715085 0.53960319] -> F: 0.2921677633583852
Punto[1.         0.50902683 0.53978681] -> F: 0.2908069413544037
Punto[1.         0.5109028  0.53997043] -> F: 0.28944825343259345
Punto[1.         0.51277877 0.54015406] -> F: 0.28809169959295416
Punto[1.         0.51465474 0.54033768] -> F: 0.2867372798354861
Punto[1.         0.51653072 0.5405213 ] -> F: 0.2853849941601891
Punto[1.         0.51840669 0.54070492] -> F: 0.28403484256706296
Punto[1.         0.52028266 0.54088855] -> F: 0.2826868250561082
Punto[1.         0.52215864 0.54107217] -> F: 0.28133736879413873
Punto[1.         0.52403461 0.54125579] -> F: 0.2799882767938177
Punto[1.         0.52591058 0.54143941] -> F: 0.278641335911088
Punto[1.         0.52778655 0.54162304] -> F: 0.2772965461459495
Punto[1.         0.52966253 0.54180666] -> F: 0.2759539074984022
Punto[1.         0.5315385  0.54199028] -> F: 0.27461341996844624
Punto[1.         0.53341447 0.5421739 ] -> F: 0.2732750835560815
Punto[1.         0.53529044 0.54235753] -> F: 0.27193889826130824
Punto[1.         0.53716642 0.54254115] -> F: 0.2706048640841261
Punto[1.         0.53904239 0.54272477] -> F: 0.26927298102453523
Punto[1.         0.54091836 0.54290839] -> F: 0.26794324908253564
Punto[1.         0.54279434 0.54309202] -> F: 0.26661566825812744
Punto[1.         0.54467031 0.54327564] -> F: 0.26529023855131045
Punto[1.         0.54654628 0.54345926] -> F: 0.26396695996208475
Punto[1.         0.54842225 0.54364288] -> F: 0.26264484379455355
Punto[1.         0.55029823 0.54382651] -> F: 0.26132034820639555
Punto[1.         0.5521742  0.54401013] -> F: 0.259998021796244
Punto[1.         0.55405017 0.54419375] -> F: 0.25867786456409847
Punto[1.         0.55592615 0.54437737] -> F: 0.2573598765099595
Punto[1.         0.55780212 0.544561  ] -> F: 0.2560440576338268
Punto[1.         0.55967809 0.54474462] -> F: 0.25473040793570045
Punto[1.         0.56155406 0.54492824] -> F: 0.2534189274155806
Punto[1.         0.56343004 0.54511186] -> F: 0.25210961607346694
Best centerpoint:  [1.         0.47525931 0.53648161] Best F:  0.31557746471826187 Best u:  [ 0.4539905   0.87522435 -0.16695797] índice:  3
{
  "seed": 18507,
  "n_per_z": 5,
  "nz": 100,
  "nd": 100,
  "n_muestras": 50,
  "best_f": 0.31557746471826187,
  "best_cp": [
    1.0,
    0.4752593142820891,
    0.5364816060535889
  ],
  "best_u": [
    0.4539904997395467,
    0.8752243490263167,
    -0.16695797380687358
  ],
  "n_candidatos": 54
}
