Punto[0.         0.47958022 0.32662489] -> F: 0.08602926398997682
Punto[1.         0.50184346 0.46034118] -> F: 0.32262497703600074
Punto[2.         0.64827784 0.128299  ] -> F: 0.048903356080141756
Punto[1.         0.56392903 0.22746195] -> F: 0.20589611546458547
Punto[1.         0.50308517 0.4556836 ] -> F: 0.3268578997388787
Punto[1.         0.50430205 0.45111916] -> F: 0.3309814728372379
Punto[1.         0.50551893 0.44655473] -> F: 0.33510640714328455
Punto[1.        0.5067358 0.4419903] -> F: 0.3392230923292522
Punto[1.         0.50795268 0.43742586] -> F: 0.34357592108882645
Punto[1.         0.50916956 0.43286143] -> F: 0.3481806868218465
Punto[1.         0.51038644 0.428297  ] -> F: 0.3530859748093534
Punto[1.         0.51160331 0.42373257] -> F: 0.35834101261003504
Punto[1.         0.51282019 0.41916813] -> F: 0.3639531159674595
Punto[1.         0.51403707 0.4146037 ] -> F: 0.3699463270979816
Punto[1.         0.51525394 0.41003927] -> F: 0.37623683989385015
Punto[1.         0.51647082 0.40547483] -> F: 0.3827514690103243
Punto[1.        0.5176877 0.4009104] -> F: 0.38022496635847713
Punto[1.         0.51890458 0.39634597] -> F: 0.3755666542851711
Punto[1.         0.52012145 0.39178153] -> F: 0.37090251546193653
Punto[1.         0.52133833 0.3872171 ] -> F: 0.36625823686847797
Punto[1.         0.52255521 0.38265267] -> F: 0.3616338185047956
Punto[1.         0.52377208 0.37808824] -> F: 0.35702926037088906
Punto[1.         0.52498896 0.3735238 ] -> F: 0.35244456246675854
Punto[1.         0.52620584 0.36895937] -> F: 0.3478603817439842
Punto[1.         0.52742272 0.36439494] -> F: 0.343286177995942
Punto[1.         0.52863959 0.3598305 ] -> F: 0.3387320920346133
Punto[1.         0.52985647 0.35526607] -> F: 0.3341981238599983
Punto[1.         0.53107335 0.35070164] -> F: 0.3296842734720969
Punto[1.         0.53229022 0.3461372 ] -> F: 0.3251746469615868
Punto[1.         0.5335071  0.34157277] -> F: 0.3206725921892749
Punto[1.         0.53472398 0.33700834] -> F: 0.3161909130398729
Punto[1.         0.53594086 0.33244391] -> F: 0.3117296095133805
Punto[1.         0.53715773 0.32787947] -> F: 0.3072886816097979
Punto[1.         0.53837461 0.32331504] -> F: 0.30284576768228055
Punto[1.         0.53959149 0.31875061] -> F: 0.2984179326139461
Punto[1.         0.54080836 0.31418617] -> F: 0.29401073169888325
Punto[1.         0.54202524 0.30962174] -> F: 0.2896241649370924
Punto[1.         0.54324212 0.30505731] -> F: 0.2852485524830541
Punto[1.         0.544459   0.30049288] -> F: 0.2808761108273263
Punto[1.         0.54567587 0.29592844] -> F: 0.2765245629785603
Punto[1.         0.54689275 0.29136401] -> F: 0.27219390893675627
Punto[1.         0.54810963 0.28679958] -> F: 0.26787943027764094
Punto[1.         0.5493265  0.28223514] -> F: 0.26356392523002564
Punto[1.         0.55054338 0.27767071] -> F: 0.25926957521131166
Punto[1.         0.55176026 0.27310628] -> F: 0.2549963802214989
Punto[1.         0.55297714 0.26854184] -> F: 0.2507381361742448
Punto[1.         0.55419401 0.26397741] -> F: 0.24644315892286137
Punto[1.         0.55541089 0.25941298] -> F: 0.24166870880508118
Punto[1.         0.55662777 0.25484855] -> F: 0.23700948806904418
Punto[1.         0.55784464 0.25028411] -> F: 0.2324662626545774
Punto[1.         0.55906152 0.24571968] -> F: 0.22766713109916664
Punto[1.         0.5602784  0.24115525] -> F: 0.22203801401378503
Punto[1.         0.56149528 0.23659081] -> F: 0.21653604314335684
Punto[1.         0.56271215 0.23202638] -> F: 0.21115555619027998
Best centerpoint:  [1.         0.51647082 0.40547483] Best F:  0.3827514690103243 Best u:  [ 0.18738131 -0.62613346  0.75686533] índice:  12
{
  "seed": 11665,
  "n_per_z": 5,
  "nz": 100,
  "nd": 100,
  "n_muestras": 50,
  "best_f": 0.3827514690103243,
  "best_cp": [
    1.0,
    0.5164708215173777,
    0.4054748338723504
  ],
  "best_u": [
    0.18738131458572474,
    -0.6261334584387522,
    0.7568653348962766
  ],
  "n_candidatos": 54
}
