Punto[0.         0.44355724 0.49057612] -> F: 0.17543185939329925
Punto[1.         0.59268304 0.37776131] -> F: 0.30015176724948134
Punto[2.         0.81079429 0.56786722] -> F: 0.03968205520419135
Punto[1.         0.62717576 0.52922167] -> F: 0.24332140298713564
Punto[1.         0.59337289 0.38079051] -> F: 0.30341454394815665
Punto[1.         0.59404895 0.38375914] -> F: 0.3066868331749156
Punto[1.         0.59472501 0.38672776] -> F: 0.31012124044663486
Punto[1.         0.59540106 0.38969638] -> F: 0.3137177657633146
Punto[1.         0.59607712 0.39266501] -> F: 0.3174764091249548
Punto[1.         0.59675318 0.39563363] -> F: 0.32117338330527956
Punto[1.         0.59742924 0.39860225] -> F: 0.3246093465604637
Punto[1.         0.59810529 0.40157088] -> F: 0.3281181669316772
Punto[1.         0.59878135 0.4045395 ] -> F: 0.3277217805011127
Punto[1.         0.59945741 0.40750812] -> F: 0.32561051916548966
Punto[1.         0.60013347 0.41047675] -> F: 0.3235045403519913
Punto[1.         0.60080952 0.41344537] -> F: 0.32140384406061745
Punto[1.         0.60148558 0.41641399] -> F: 0.3193084302913683
Punto[1.         0.60216164 0.41938261] -> F: 0.31721829904424365
Punto[1.         0.60283769 0.42235124] -> F: 0.3151334503192437
Punto[1.         0.60351375 0.42531986] -> F: 0.3130538841163684
Punto[1.         0.60418981 0.42828848] -> F: 0.3109796004356176
Punto[1.         0.60486587 0.43125711] -> F: 0.30891059927699155
Punto[1.         0.60554192 0.43422573] -> F: 0.3068431750724791
Punto[1.         0.60621798 0.43719435] -> F: 0.30477881206580143
Punto[1.         0.60689404 0.44016298] -> F: 0.3027197621335658
Punto[1.        0.6075701 0.4431316] -> F: 0.3006660252757724
Punto[1.         0.60824615 0.44610022] -> F: 0.29861760149242106
Punto[1.         0.60892221 0.44906885] -> F: 0.2965744907835118
Punto[1.         0.60959827 0.45203747] -> F: 0.29453669314904474
Punto[1.         0.61027433 0.45500609] -> F: 0.2925042085890199
Punto[1.         0.61095038 0.45797472] -> F: 0.29047703710343703
Punto[1.         0.61162644 0.46094334] -> F: 0.2884551786922964
Punto[1.         0.6123025  0.46391196] -> F: 0.2864368997742365
Punto[1.         0.61297856 0.46688059] -> F: 0.28441957084114877
Punto[1.         0.61365461 0.46984921] -> F: 0.28240758730969284
Punto[1.         0.61433067 0.47281783] -> F: 0.2804009491798687
Punto[1.         0.61500673 0.47578645] -> F: 0.2783996564516765
Punto[1.         0.61568279 0.47875508] -> F: 0.27640370912511625
Punto[1.         0.61635884 0.4817237 ] -> F: 0.27441310720018774
Punto[1.         0.6170349  0.48469232] -> F: 0.2724278506768911
Punto[1.         0.61771096 0.48766095] -> F: 0.27044793955522645
Punto[1.         0.61838702 0.49062957] -> F: 0.26847337383519365
Punto[1.         0.61906307 0.49359819] -> F: 0.26650283411703535
Punto[1.         0.61973913 0.49656682] -> F: 0.2645326804870186
Punto[1.         0.62041519 0.49953544] -> F: 0.26256790655943996
Punto[1.         0.62109125 0.50250406] -> F: 0.2606085123342997
Punto[1.         0.6217673  0.50547269] -> F: 0.25865566945058577
Punto[1.         0.62244336 0.50844131] -> F: 0.2567108364905508
Punto[1.         0.62311942 0.51140993] -> F: 0.25477401771683117
Punto[1.         0.62379548 0.51437856] -> F: 0.25284521312942687
Punto[1.         0.62447153 0.51734718] -> F: 0.25092442272833787
Punto[1.         0.62514759 0.5203158 ] -> F: 0.2490116465135643
Punto[1.         0.62582365 0.52328443] -> F: 0.2471068844851061
Punto[1.         0.6264997  0.52625305] -> F: 0.24521013664296315
Best centerpoint:  [1.         0.59810529 0.40157088] Best F:  0.3281181669316772 Best u:  [-6.12323400e-17  6.61311865e-01 -7.50111070e-01] índice:  8
{
  "seed": 13840,
  "n_per_z": 5,
  "nz": 100,
  "nd": 100,
  "n_muestras": 50,
  "best_f": 0.3281181669316772,
  "best_cp": [
    1.0,
    0.5981052929764606,
    0.4015708756112977
  ],
  "best_u": [
    -6.123233995736766e-17,
    0.6613118653236517,
    -0.7501110696304597
  ],
  "n_candidatos": 54
}
