Punto[0.         0.4848414  0.49841984] -> F: 0.15366911174848294
Punto[1.         0.49899776 0.51880517] -> F: 0.46679327351946653
Punto[2.         0.53063634 0.48181178] -> F: 0.15246849513088245
Punto[1.         0.50773887 0.49011581] -> F: 0.4776981923492612
Punto[1.         0.49917258 0.51823138] -> F: 0.46743384314843334
Punto[1.         0.49934391 0.51766907] -> F: 0.4680618026416576
Punto[1.         0.49951524 0.51710676] -> F: 0.4686899613588212
Punto[1.         0.49968656 0.51654445] -> F: 0.4693165102949544
Punto[1.         0.49985789 0.51598214] -> F: 0.4699279562444607
Punto[1.         0.50002921 0.51541983] -> F: 0.47053959043523447
Punto[1.         0.50020054 0.51485752] -> F: 0.4711514128672753
Punto[1.         0.50037186 0.5142952 ] -> F: 0.4717634235405833
Punto[1.         0.50054319 0.51373289] -> F: 0.4723756224551585
Punto[1.         0.50071452 0.51317058] -> F: 0.4729880096110012
Punto[1.         0.50088584 0.51260827] -> F: 0.47360058500811086
Punto[1.         0.50105717 0.51204596] -> F: 0.4742133486464879
Punto[1.         0.50122849 0.51148365] -> F: 0.4748157883896519
Punto[1.         0.50139982 0.51092133] -> F: 0.47541208483901143
Punto[1.         0.50157114 0.51035902] -> F: 0.47600855910282114
Punto[1.         0.50174247 0.50979671] -> F: 0.4766052111810808
Punto[1.        0.5019138 0.5092344] -> F: 0.47720204107379083
Punto[1.         0.50208512 0.50867209] -> F: 0.477799048780951
Punto[1.         0.50225645 0.50810978] -> F: 0.47839623430256095
Punto[1.         0.50242777 0.50754747] -> F: 0.4789935976386213
Punto[1.         0.5025991  0.50698515] -> F: 0.479589173068833
Punto[1.         0.50277042 0.50642284] -> F: 0.4801701706470653
Punto[1.         0.50294175 0.50586053] -> F: 0.4807513422851762
Punto[1.         0.50311308 0.50529822] -> F: 0.48133268798316625
Punto[1.         0.5032844  0.50473591] -> F: 0.48191420774103494
Punto[1.         0.50345573 0.5041736 ] -> F: 0.48249590155878247
Punto[1.         0.50362705 0.50361128] -> F: 0.483077769436409
Punto[1.         0.50379838 0.50304897] -> F: 0.48365981137391406
Punto[1.         0.5039697  0.50248666] -> F: 0.4842420273712981
Punto[1.         0.50414103 0.50192435] -> F: 0.48481565447686975
Punto[1.         0.50431236 0.50136204] -> F: 0.4849869935165904
Punto[1.         0.50448368 0.50079973] -> F: 0.48462295724891097
Punto[1.         0.50465501 0.50023742] -> F: 0.4842588722815501
Punto[1.         0.50482633 0.4996751 ] -> F: 0.48389473861450766
Punto[1.         0.50499766 0.49911279] -> F: 0.48353055624778357
Punto[1.         0.50516898 0.49855048] -> F: 0.4831663251813781
Punto[1.         0.50534031 0.49798817] -> F: 0.482802045415291
Punto[1.         0.50551164 0.49742586] -> F: 0.48243771694952226
Punto[1.         0.50568296 0.49686355] -> F: 0.4820733397840722
Punto[1.         0.50585429 0.49630123] -> F: 0.4817089139189406
Punto[1.         0.50602561 0.49573892] -> F: 0.48134443935412735
Punto[1.         0.50619694 0.49517661] -> F: 0.4809799160896327
Punto[1.         0.50636826 0.4946143 ] -> F: 0.4806153441254564
Punto[1.         0.50653959 0.49405199] -> F: 0.48025072346159875
Punto[1.         0.50671092 0.49348968] -> F: 0.47988605409805923
Punto[1.         0.50688224 0.49292736] -> F: 0.47952133603483854
Punto[1.         0.50705357 0.49236505] -> F: 0.4791565692719362
Punto[1.         0.50722489 0.49180274] -> F: 0.4787917538093522
Punto[1.         0.50739622 0.49124043] -> F: 0.4784268896470869
Punto[1.         0.50756754 0.49067812] -> F: 0.4780619769241913
{
  "seed": 3173,
  "n_per_z": 10,
  "nz": 100,
  "nd": 100,
  "n_muestras": 50,
  "best_f": 0.4849869935165904,
  "best_cp": [
    1.0,
    0.5043123553818647,
    0.5013620381776791
  ],
  "best_u": [
    0.36812455268467775,
    -0.49819915448033597,
    -0.785036251510581
  ],
  "best_index": 34,
  "n_candidatos": 54
}
