Punto[0.         0.52361075 0.47944565] -> F: 0.14991552729895652
Punto[1.         0.51378432 0.53713172] -> F: 0.4029300861153852
Punto[2.         0.43780799 0.44913564] -> F: 0.11966800054749231
Punto[1.         0.48070937 0.46429064] -> F: 0.4208707300079364
Punto[1.         0.51312282 0.5356749 ] -> F: 0.40535901007951136
Punto[1.         0.51247455 0.53424722] -> F: 0.4076986715141528
Punto[1.         0.51182628 0.53281953] -> F: 0.4099606324454405
Punto[1.         0.51117801 0.53139184] -> F: 0.4122289209041496
Punto[1.         0.51052974 0.52996416] -> F: 0.41450353689027986
Punto[1.         0.50988148 0.52853647] -> F: 0.4167844804038315
Punto[1.         0.50923321 0.52710879] -> F: 0.41907175144480424
Punto[1.         0.50858494 0.5256811 ] -> F: 0.4213653500131982
Punto[1.         0.50793667 0.52425342] -> F: 0.4236652761090133
Punto[1.         0.5072884  0.52282573] -> F: 0.4259715297322497
Punto[1.         0.50664013 0.52139805] -> F: 0.4282841108829073
Punto[1.         0.50599186 0.51997036] -> F: 0.4306030195609861
Punto[1.         0.50534359 0.51854268] -> F: 0.4329282557664861
Punto[1.         0.50469532 0.51711499] -> F: 0.4352598194994075
Punto[1.         0.50404705 0.51568731] -> F: 0.43759771075974996
Punto[1.         0.50339878 0.51425962] -> F: 0.43977056807208825
Punto[1.         0.50275052 0.51283194] -> F: 0.4399210507377904
Punto[1.         0.50210225 0.51140425] -> F: 0.44007193451135745
Punto[1.         0.50145398 0.50997657] -> F: 0.4402232193927896
Punto[1.         0.50080571 0.50854888] -> F: 0.4403749053820868
Punto[1.         0.50015744 0.5071212 ] -> F: 0.4405269924792491
Punto[1.         0.49950917 0.50569351] -> F: 0.44064009686011135
Punto[1.         0.4988609  0.50426583] -> F: 0.44075249840777025
Punto[1.         0.49821263 0.50283814] -> F: 0.4408650408066141
Punto[1.         0.49756436 0.50141046] -> F: 0.44097440974332053
Punto[1.         0.49691609 0.49998277] -> F: 0.44104221258741505
Punto[1.         0.49626783 0.49855509] -> F: 0.44111005507474943
Punto[1.         0.49561956 0.4971274 ] -> F: 0.4411779372053237
Punto[1.         0.49497129 0.49569972] -> F: 0.4412075037997839
Punto[1.         0.49432302 0.49427203] -> F: 0.4412283717657526
Punto[1.         0.49367475 0.49284435] -> F: 0.44124924293439943
Punto[1.         0.49302648 0.49141666] -> F: 0.4412589118240362
Punto[1.         0.49237821 0.48998898] -> F: 0.440627259853881
Punto[1.         0.49172994 0.48856129] -> F: 0.4396503760265154
Punto[1.         0.49108167 0.48713361] -> F: 0.43867398260706036
Punto[1.         0.4904334  0.48570592] -> F: 0.4376980795955155
Punto[1.         0.48978513 0.48427824] -> F: 0.4367226669918812
Punto[1.         0.48913687 0.48285055] -> F: 0.435747744796157
Punto[1.         0.4884886  0.48142287] -> F: 0.4347723972898145
Punto[1.         0.48784033 0.47999518] -> F: 0.4337973012638022
Punto[1.         0.48719206 0.4785675 ] -> F: 0.4328226968099445
Punto[1.         0.48654379 0.47713981] -> F: 0.4318485839282414
Punto[1.         0.48589552 0.47571213] -> F: 0.43087496261869296
Punto[1.         0.48524725 0.47428444] -> F: 0.42990183288129913
Punto[1.         0.48459898 0.47285675] -> F: 0.4289291947160599
Punto[1.         0.48395071 0.47142907] -> F: 0.4279570481229753
Punto[1.         0.48330244 0.47000138] -> F: 0.4269853931020453
Punto[1.         0.48265418 0.4685737 ] -> F: 0.42601422965326985
Punto[1.         0.48200591 0.46714601] -> F: 0.4250435577766491
Punto[1.         0.48135764 0.46571833] -> F: 0.4231506596062757
{
  "seed": 4559,
  "n_per_z": 10,
  "nz": 100,
  "nd": 100,
  "n_muestras": 50,
  "best_f": 0.4412589118240362,
  "best_cp": [
    1.0,
    0.4930264799011894,
    0.49141666152876134
  ],
  "best_u": [
    0.24868988716485474,
    -0.8889216764854138,
    0.3846707593466041
  ],
  "best_index": 35,
  "n_candidatos": 54
}
