Punto[0.         0.46413828 0.47833463] -> F: 0.1510398741618586
Punto[1.         0.55790213 0.53107656] -> F: 0.43838588539645074
Punto[2.         0.70915596 0.52803216] -> F: 0.11345054994217044
Punto[1.         0.58664712 0.50318339] -> F: 0.4352432789546452
Punto[1.         0.55847703 0.5305187 ] -> F: 0.43938052412936257
Punto[1.         0.55904043 0.52997199] -> F: 0.439951924055823
Punto[1.         0.55960383 0.52942528] -> F: 0.440523605685314
Punto[1.         0.56016724 0.52887858] -> F: 0.4410955690178352
Punto[1.         0.56073064 0.52833187] -> F: 0.4416678140533867
Punto[1.         0.56129404 0.52778517] -> F: 0.4422403407919682
Punto[1.         0.56185744 0.52723846] -> F: 0.44281314923358
Punto[1.         0.56242084 0.52669175] -> F: 0.4433513160239813
Punto[1.         0.56298424 0.52614505] -> F: 0.44388207913066297
Punto[1.         0.56354765 0.52559834] -> F: 0.44441308141588565
Punto[1.         0.56411105 0.52505164] -> F: 0.4449443228796485
Punto[1.         0.56467445 0.52450493] -> F: 0.4454758035219525
Punto[1.         0.56523785 0.52395822] -> F: 0.4460075233427972
Punto[1.         0.56580125 0.52341152] -> F: 0.44652540346612646
Punto[1.         0.56636466 0.52286481] -> F: 0.44701504207420883
Punto[1.         0.56692806 0.52231811] -> F: 0.4475048813864152
Punto[1.         0.56749146 0.5217714 ] -> F: 0.4479949214027453
Punto[1.         0.56805486 0.52122469] -> F: 0.44848516212319994
Punto[1.         0.56861826 0.52067799] -> F: 0.44897560354777816
Punto[1.         0.56918166 0.52013128] -> F: 0.449466200553043
Punto[1.         0.56974507 0.51958458] -> F: 0.4499143516923526
Punto[1.         0.57030847 0.51903787] -> F: 0.45036266878607406
Punto[1.         0.57087187 0.51849116] -> F: 0.45081115183420906
Punto[1.         0.57143527 0.51794446] -> F: 0.4509918813260238
Punto[1.         0.57199867 0.51739775] -> F: 0.4504705380907783
Punto[1.         0.57256208 0.51685105] -> F: 0.4499496856340085
Punto[1.         0.57312548 0.51630434] -> F: 0.44942932395571417
Punto[1.         0.57368888 0.51575763] -> F: 0.44890945305589547
Punto[1.         0.57425228 0.51521093] -> F: 0.44839007293455224
Punto[1.         0.57481568 0.51466422] -> F: 0.4478711835916847
Punto[1.         0.57537908 0.51411752] -> F: 0.4473527850272928
Punto[1.         0.57594249 0.51357081] -> F: 0.4468348772413763
Punto[1.         0.57650589 0.5130241 ] -> F: 0.4463174602339355
Punto[1.         0.57706929 0.5124774 ] -> F: 0.4458005340049702
Punto[1.         0.57763269 0.51193069] -> F: 0.44528409855448053
Punto[1.         0.57819609 0.51138399] -> F: 0.44476815388246643
Punto[1.         0.5787595  0.51083728] -> F: 0.4442526999889279
Punto[1.         0.5793229  0.51029057] -> F: 0.44373773687386503
Punto[1.         0.5798863  0.50974387] -> F: 0.4432232645372777
Punto[1.         0.5804497  0.50919716] -> F: 0.44270928297916584
Punto[1.         0.5810131  0.50865046] -> F: 0.4421957921995298
Punto[1.         0.5815765  0.50810375] -> F: 0.4416827921983691
Punto[1.         0.58213991 0.50755704] -> F: 0.44117028297568406
Punto[1.         0.58270331 0.50701034] -> F: 0.44065826453147466
Punto[1.         0.58326671 0.50646363] -> F: 0.44004299427191096
Punto[1.         0.58383011 0.50591693] -> F: 0.4392785542053257
Punto[1.         0.58439351 0.50537022] -> F: 0.4385225620336361
Punto[1.         0.58495692 0.50482351] -> F: 0.43769898122994705
Punto[1.         0.58552032 0.50427681] -> F: 0.4368481893289099
Punto[1.         0.58608372 0.5037301 ] -> F: 0.4360143367699394
{
  "seed": 14876,
  "n_per_z": 10,
  "nz": 100,
  "nd": 100,
  "n_muestras": 50,
  "best_f": 0.4509918813260238,
  "best_cp": [
    1.0,
    0.571435271616054,
    0.5179444579786948
  ],
  "best_u": [
    0.3971478906347807,
    0.51585462004387,
    -0.7590570228538426
  ],
  "best_index": 27,
  "n_candidatos": 54
}
