Punto[0.         0.3516743  0.52628298] -> F: 0.15108982635080467
Punto[1.         0.46445463 0.53573759] -> F: 0.39598016940677616
Punto[2.         0.57969175 0.45475737] -> F: 0.09956950722752504
Punto[1.         0.46568302 0.49052017] -> F: 0.40183266840939863
Punto[1.         0.4644792  0.53483324] -> F: 0.39701821616620764
Punto[1.         0.46450328 0.53394698] -> F: 0.39804443124358196
Punto[1.         0.46452735 0.53306072] -> F: 0.399079485379612
Punto[1.         0.46455143 0.53217445] -> F: 0.40012337857429786
Punto[1.         0.46457551 0.53128819] -> F: 0.4011508351270044
Punto[1.         0.46459958 0.53040193] -> F: 0.4021310413990854
Punto[1.         0.46462366 0.52951567] -> F: 0.403116334376506
Punto[1.         0.46464774 0.52862941] -> F: 0.4041067140592659
Punto[1.         0.46467181 0.52774315] -> F: 0.40510218044736546
Punto[1.         0.46469589 0.52685689] -> F: 0.40610273354080445
Punto[1.         0.46471997 0.52597063] -> F: 0.4071083733395826
Punto[1.         0.46474404 0.52508436] -> F: 0.4079976520201797
Punto[1.         0.46476812 0.5241981 ] -> F: 0.4087327395158801
Punto[1.         0.4647922  0.52331184] -> F: 0.40947291371691996
Punto[1.         0.46481627 0.52242558] -> F: 0.4102181746232995
Punto[1.         0.46484035 0.52153932] -> F: 0.41096852223501834
Punto[1.         0.46486443 0.52065306] -> F: 0.4117239565520765
Punto[1.        0.4648885 0.5197668] -> F: 0.4124844775744743
Punto[1.         0.46491258 0.51888053] -> F: 0.4132500853022114
Punto[1.         0.46493665 0.51799427] -> F: 0.414020779735288
Punto[1.         0.46496073 0.51710801] -> F: 0.41479656087370426
Punto[1.         0.46498481 0.51622175] -> F: 0.41556181059089464
Punto[1.         0.46500888 0.51533549] -> F: 0.4153348686413817
Punto[1.         0.46503296 0.51444923] -> F: 0.4148508354640831
Punto[1.         0.46505704 0.51356297] -> F: 0.41436718018572855
Punto[1.         0.46508111 0.51267671] -> F: 0.4138839028063184
Punto[1.         0.46510519 0.51179044] -> F: 0.4134010033258524
Punto[1.         0.46512927 0.51090418] -> F: 0.4129184817443306
Punto[1.         0.46515334 0.51001792] -> F: 0.41243633806175306
Punto[1.         0.46517742 0.50913166] -> F: 0.4119545722781197
Punto[1.        0.4652015 0.5082454] -> F: 0.41147318439343067
Punto[1.         0.46522557 0.50735914] -> F: 0.4109921744076858
Punto[1.         0.46524965 0.50647288] -> F: 0.4105115423208851
Punto[1.         0.46527372 0.50558662] -> F: 0.4100306661323012
Punto[1.         0.4652978  0.50470035] -> F: 0.4095456402615886
Punto[1.         0.46532188 0.50381409] -> F: 0.4090610004479025
Punto[1.         0.46534595 0.50292783] -> F: 0.4085767466912431
Punto[1.         0.46537003 0.50204157] -> F: 0.40809287899161023
Punto[1.         0.46539411 0.50115531] -> F: 0.40760939734900403
Punto[1.         0.46541818 0.50026905] -> F: 0.4071263017634245
Punto[1.         0.46544226 0.49938279] -> F: 0.4066435922348715
Punto[1.         0.46546634 0.49849652] -> F: 0.4061612687633451
Punto[1.         0.46549041 0.49761026] -> F: 0.40567933134884543
Punto[1.         0.46551449 0.496724  ] -> F: 0.40519777999137235
Punto[1.         0.46553857 0.49583774] -> F: 0.40471661469092585
Punto[1.         0.46556264 0.49495148] -> F: 0.40423583544750596
Punto[1.         0.46558672 0.49406522] -> F: 0.4037554422611127
Punto[1.         0.4656108  0.49317896] -> F: 0.4032754351317461
Punto[1.         0.46563487 0.4922927 ] -> F: 0.402795814059406
Punto[1.         0.46565895 0.49140643] -> F: 0.4023165790440927
{
  "seed": 16095,
  "n_per_z": 10,
  "nz": 100,
  "nd": 100,
  "n_muestras": 50,
  "best_f": 0.41556181059089464,
  "best_cp": [
    1.0,
    0.4649848074326929,
    0.5162217509792691
  ],
  "best_u": [
    0.3387379202452915,
    -0.5041491268861167,
    0.7944119077958618
  ],
  "best_index": 25,
  "n_candidatos": 54
}
