Punto[0.         0.4434117  0.47528215] -> F: 0.11301460219930286
Punto[1.         0.45047767 0.58160723] -> F: 0.37028864541709566
Punto[2.         0.54708741 0.50374671] -> F: 0.13913289908365808
Punto[1.         0.49524956 0.48951443] -> F: 0.38075384890574254
Punto[1.         0.45137311 0.57976537] -> F: 0.37363118916060345
Punto[1.         0.45225064 0.57796035] -> F: 0.37697335975096663
Punto[1.         0.45312817 0.57615534] -> F: 0.38035135957876187
Punto[1.         0.4540057  0.57435032] -> F: 0.38372959535023204
Punto[1.         0.45488323 0.5725453 ] -> F: 0.3871080027971822
Punto[1.         0.45576076 0.57074028] -> F: 0.38942653732903015
Punto[1.         0.45663828 0.56893526] -> F: 0.391701644271675
Punto[1.         0.45751581 0.56713024] -> F: 0.39414128356541334
Punto[1.         0.45839334 0.56532522] -> F: 0.39674545521024485
Punto[1.         0.45927087 0.5635202 ] -> F: 0.3995141592061699
Punto[1.         0.4601484  0.56171519] -> F: 0.4024473955531882
Punto[1.         0.46102593 0.55991017] -> F: 0.4055451642513
Punto[1.         0.46190346 0.55810515] -> F: 0.40878814709570666
Punto[1.         0.46278099 0.55630013] -> F: 0.4120531687489281
Punto[1.         0.46365852 0.55449511] -> F: 0.41507166449364463
Punto[1.         0.46453604 0.55269009] -> F: 0.41811726131645494
Punto[1.         0.46541357 0.55088507] -> F: 0.42122170681605176
Punto[1.         0.4662911  0.54908005] -> F: 0.4243850009924356
Punto[1.         0.46716863 0.54727503] -> F: 0.42745445046566594
Punto[1.         0.46804616 0.54547002] -> F: 0.43045788990103584
Punto[1.         0.46892369 0.543665  ] -> F: 0.43349682495201497
Punto[1.         0.46980122 0.54185998] -> F: 0.436571255618604
Punto[1.         0.47067875 0.54005496] -> F: 0.43892400998559866
Punto[1.         0.47155628 0.53824994] -> F: 0.43747077492997216
Punto[1.         0.4724338  0.53644492] -> F: 0.4360128199143501
Punto[1.         0.47331133 0.5346399 ] -> F: 0.4345016341009167
Punto[1.         0.47418886 0.53283488] -> F: 0.43284311906499595
Punto[1.         0.47506639 0.53102987] -> F: 0.43059838727544225
Punto[1.         0.47594392 0.52922485] -> F: 0.4283999113778997
Punto[1.         0.47682145 0.52741983] -> F: 0.42592609399553744
Punto[1.         0.47769898 0.52561481] -> F: 0.4234895477118072
Punto[1.         0.47857651 0.52380979] -> F: 0.421180328173317
Punto[1.         0.47945404 0.52200477] -> F: 0.4189984353800669
Punto[1.         0.48033156 0.52019975] -> F: 0.41694393008222136
Punto[1.         0.48120909 0.51839473] -> F: 0.41501759504223096
Punto[1.         0.48208662 0.51658971] -> F: 0.413028237050269
Punto[1.         0.48296415 0.5147847 ] -> F: 0.41122464282326343
Punto[1.         0.48384168 0.51297968] -> F: 0.40960308826920994
Punto[1.         0.48471921 0.51117466] -> F: 0.4079966143424225
Punto[1.         0.48559674 0.50936964] -> F: 0.406386687813105
Punto[1.         0.48647427 0.50756462] -> F: 0.40477330868125744
Punto[1.        0.4873518 0.5057596] -> F: 0.40315647694688
Punto[1.         0.48822932 0.50395458] -> F: 0.4006713695449837
Punto[1.         0.48910685 0.50214956] -> F: 0.39817923434040936
Punto[1.         0.48998438 0.50034455] -> F: 0.395734375474124
Punto[1.         0.49086191 0.49853953] -> F: 0.3933367929461282
Punto[1.         0.49173944 0.49673451] -> F: 0.39074185810269707
Punto[1.         0.49261697 0.49492949] -> F: 0.38805224114849574
Punto[1.         0.4934945  0.49312447] -> F: 0.38549103396426937
Punto[1.         0.49437203 0.49131945] -> F: 0.3830582365500184
{
  "seed": 2793,
  "n_per_z": 10,
  "nz": 100,
  "nd": 100,
  "n_muestras": 50,
  "best_f": 0.43892400998559866,
  "best_cp": [
    1.0,
    0.47067874680364785,
    0.5400549594787336
  ],
  "best_u": [
    -0.2789911060392295,
    0.09037161904947671,
    -0.9560318683084699
  ],
  "best_index": 26,
  "n_candidatos": 54
}
