Punto[0.         0.48203073 0.54409849] -> F: 0.11898698792859293
Punto[1.         0.48676091 0.464628  ] -> F: 0.42501327929310495
Punto[2.         0.52898395 0.5224359 ] -> F: 0.15073237186928373
Punto[1.         0.50550734 0.5332672 ] -> F: 0.4188127525869256
Punto[1.         0.48713584 0.46600079] -> F: 0.42738789401664967
Punto[1.         0.48750327 0.46734612] -> F: 0.4297308228092987
Punto[1.         0.4878707  0.46869144] -> F: 0.4319536535643643
Punto[1.         0.48823813 0.47003677] -> F: 0.43420575016522817
Punto[1.         0.48860556 0.4713821 ] -> F: 0.436541892624697
Punto[1.         0.48897299 0.47272743] -> F: 0.43894092125235634
Punto[1.         0.48934042 0.47407276] -> F: 0.4413422661237618
Punto[1.         0.48970785 0.47541809] -> F: 0.4435211934053597
Punto[1.         0.49007528 0.47676341] -> F: 0.4443961462676727
Punto[1.         0.49044271 0.47810874] -> F: 0.4450733910472657
Punto[1.         0.49081014 0.47945407] -> F: 0.44575102770483993
Punto[1.         0.49117757 0.4807994 ] -> F: 0.4463904735961494
Punto[1.         0.491545   0.48214473] -> F: 0.4470136862651388
Punto[1.         0.49191243 0.48349005] -> F: 0.44763722468930384
Punto[1.         0.49227986 0.48483538] -> F: 0.4482371700968999
Punto[1.         0.49264729 0.48618071] -> F: 0.448807231205994
Punto[1.         0.49301472 0.48752604] -> F: 0.4493775607393075
Punto[1.         0.49338215 0.48887137] -> F: 0.44923389345717524
Punto[1.         0.49374958 0.4902167 ] -> F: 0.4484296260143235
Punto[1.         0.49411701 0.49156202] -> F: 0.44758743483879193
Punto[1.         0.49448444 0.49290735] -> F: 0.44670722655724854
Punto[1.         0.49485187 0.49425268] -> F: 0.4458279599082425
Punto[1.         0.4952193  0.49559801] -> F: 0.44494963489177375
Punto[1.         0.49558673 0.49694334] -> F: 0.44407225150784246
Punto[1.         0.49595416 0.49828867] -> F: 0.4431958097564483
Punto[1.         0.49632159 0.49963399] -> F: 0.44232030963759167
Punto[1.         0.49668902 0.50097932] -> F: 0.4414457511512724
Punto[1.         0.49705645 0.50232465] -> F: 0.4405721342974903
Punto[1.         0.49742388 0.50366998] -> F: 0.43948926425012574
Punto[1.         0.49779131 0.50501531] -> F: 0.43831644972672584
Punto[1.         0.49815874 0.50636063] -> F: 0.43717049944644637
Punto[1.         0.49852617 0.50770596] -> F: 0.43605141340928716
Punto[1.         0.4988936  0.50905129] -> F: 0.4349591916152483
Punto[1.         0.49926103 0.51039662] -> F: 0.4338464584335433
Punto[1.         0.49962846 0.51174195] -> F: 0.43259089439755666
Punto[1.         0.49999589 0.51308728] -> F: 0.43153038285851747
Punto[1.         0.50036332 0.5144326 ] -> F: 0.4306573248257843
Punto[1.         0.50073075 0.51577793] -> F: 0.42983394714431095
Punto[1.         0.50109818 0.51712326] -> F: 0.428970009956542
Punto[1.         0.50146561 0.51846859] -> F: 0.42806583786434543
Punto[1.         0.50183304 0.51981392] -> F: 0.42718853001526913
Punto[1.         0.50220047 0.52115924] -> F: 0.42633808640931314
Punto[1.         0.5025679  0.52250457] -> F: 0.42551382932465215
Punto[1.         0.50293533 0.5238499 ] -> F: 0.4246972158378575
Punto[1.         0.50330276 0.52519523] -> F: 0.42387989610204874
Punto[1.         0.50367019 0.52654056] -> F: 0.4230557627396704
Punto[1.         0.50403762 0.52788589] -> F: 0.4222157719046954
Punto[1.         0.50440505 0.52923121] -> F: 0.4213899669579394
Punto[1.         0.50477248 0.53057654] -> F: 0.42057792588354653
Punto[1.         0.50513991 0.53192187] -> F: 0.4197695439528143
{
  "seed": 16211,
  "n_per_z": 10,
  "nz": 100,
  "nd": 100,
  "n_muestras": 50,
  "best_f": 0.4493775607393075,
  "best_cp": [
    1.0,
    0.493014719380637,
    0.48752603942535
  ],
  "best_u": [
    -0.2789911060392295,
    0.7942402530219215,
    -0.5397651185753685
  ],
  "best_index": 20,
  "n_candidatos": 54
}
