Punto[0.         0.40236868 0.57260642] -> F: 0.0935246610622476
Punto[1.         0.40841021 0.51551452] -> F: 0.3831586217337321
Punto[2.         0.41421707 0.504703  ] -> F: 0.205882884348632
Punto[1.         0.40829287 0.53865471] -> F: 0.3735201193176477
Punto[1.         0.40840786 0.51597733] -> F: 0.3833462051503094
Punto[1.         0.40840556 0.51643088] -> F: 0.3835301069663644
Punto[1.         0.40840326 0.51688442] -> F: 0.38371407814247294
Punto[1.         0.40840096 0.51733797] -> F: 0.38381898120149827
Punto[1.         0.40839866 0.51779152] -> F: 0.38360059778255556
Punto[1.         0.40839636 0.51824507] -> F: 0.3833823347274729
Punto[1.         0.40839406 0.51869861] -> F: 0.3831641920362503
Punto[1.         0.40839176 0.51915216] -> F: 0.38294616970888773
Punto[1.         0.40838946 0.51960571] -> F: 0.38272826774538515
Punto[1.         0.40838716 0.52005926] -> F: 0.3825104861457428
Punto[1.         0.40838486 0.52051281] -> F: 0.3822928249099603
Punto[1.         0.40838256 0.52096635] -> F: 0.3820752840380379
Punto[1.         0.40838026 0.5214199 ] -> F: 0.3818578635299755
Punto[1.         0.40837796 0.52187345] -> F: 0.38164056338577323
Punto[1.         0.40837566 0.522327  ] -> F: 0.381423383605431
Punto[1.         0.40837336 0.52278054] -> F: 0.38120632418894873
Punto[1.         0.40837106 0.52323409] -> F: 0.38098938513632663
Punto[1.         0.40836876 0.52368764] -> F: 0.38076783579830364
Punto[1.         0.40836646 0.52414119] -> F: 0.3805461932477093
Punto[1.         0.40836417 0.52459473] -> F: 0.38032467662076835
Punto[1.         0.40836187 0.52504828] -> F: 0.38010328591748066
Punto[1.         0.40835957 0.52550183] -> F: 0.3798820211378463
Punto[1.         0.40835727 0.52595538] -> F: 0.37966088228186534
Punto[1.         0.40835497 0.52640893] -> F: 0.37943986934953766
Punto[1.         0.40835267 0.52686247] -> F: 0.37921898234086326
Punto[1.         0.40835037 0.52731602] -> F: 0.37899822125584226
Punto[1.         0.40834807 0.52776957] -> F: 0.37877758609447465
Punto[1.         0.40834577 0.52822312] -> F: 0.3785570768567602
Punto[1.         0.40834347 0.52867666] -> F: 0.37833669354269905
Punto[1.         0.40834117 0.52913021] -> F: 0.37811643615229146
Punto[1.         0.40833887 0.52958376] -> F: 0.3778963046855371
Punto[1.         0.40833657 0.53003731] -> F: 0.377676299142436
Punto[1.         0.40833427 0.53049085] -> F: 0.37745641952298825
Punto[1.         0.40833197 0.5309444 ] -> F: 0.37723666582719384
Punto[1.         0.40832967 0.53139795] -> F: 0.3770170380550528
Punto[1.         0.40832737 0.5318515 ] -> F: 0.37679753620656503
Punto[1.         0.40832507 0.53230504] -> F: 0.3765781602817305
Punto[1.         0.40832277 0.53275859] -> F: 0.37635891028054946
Punto[1.         0.40832047 0.53321214] -> F: 0.3761397862030217
Punto[1.         0.40831817 0.53366569] -> F: 0.3759207880491472
Punto[1.         0.40831587 0.53411924] -> F: 0.3757019158189261
Punto[1.         0.40831357 0.53457278] -> F: 0.3754831695123583
Punto[1.         0.40831127 0.53502633] -> F: 0.37526454912944374
Punto[1.         0.40830897 0.53547988] -> F: 0.3750460546701827
Punto[1.         0.40830667 0.53593343] -> F: 0.37482768613457484
Punto[1.         0.40830437 0.53638697] -> F: 0.37460944352262027
Punto[1.         0.40830207 0.53684052] -> F: 0.37439132683431914
Punto[1.         0.40829977 0.53729407] -> F: 0.37417333606967124
Punto[1.         0.40829747 0.53774762] -> F: 0.37395547122867684
Punto[1.         0.40829517 0.53820116] -> F: 0.37373773231133567
{
  "seed": 5204,
  "n_per_z": 10,
  "nz": 100,
  "nd": 100,
  "n_muestras": 50,
  "best_f": 0.38381898120149827,
  "best_cp": [
    1.0,
    0.4084009607592994,
    0.5173379716261939
  ],
  "best_u": [
    -0.5358267949789969,
    -0.5583640753585868,
    0.6333397233171836
  ],
  "best_index": 7,
  "n_candidatos": 54
}
