Punto[0.         0.42024862 0.47988608] -> F: 0.11136657494991538
Punto[1.         0.44309631 0.50485369] -> F: 0.40536087370453144
Punto[2.         0.41316267 0.43413627] -> F: 0.16471777897860676
Punto[1.         0.41670564 0.45701118] -> F: 0.41925531658037224
Punto[1.         0.4425685  0.50389684] -> F: 0.4067572240405047
Punto[1.         0.44205124 0.50295913] -> F: 0.40812890572065785
Punto[1.         0.44153398 0.50202142] -> F: 0.40950381283907566
Punto[1.         0.44101672 0.5010837 ] -> F: 0.4108819453957577
Punto[1.         0.44049947 0.50014599] -> F: 0.4122633033907043
Punto[1.         0.43998221 0.49920828] -> F: 0.41364788682391535
Punto[1.         0.43946495 0.49827056] -> F: 0.41502245613120065
Punto[1.         0.4389477  0.49733285] -> F: 0.41639928704772766
Punto[1.         0.43843044 0.49639514] -> F: 0.4177792739797098
Punto[1.         0.43791318 0.49545742] -> F: 0.4191624169271473
Punto[1.         0.43739593 0.49451971] -> F: 0.4205487158900401
Punto[1.         0.43687867 0.493582  ] -> F: 0.42193817086838786
Punto[1.         0.43636141 0.49264428] -> F: 0.4233307818621909
Punto[1.         0.43584415 0.49170657] -> F: 0.4247265488714494
Punto[1.         0.4353269  0.49076886] -> F: 0.4261254718961629
Punto[1.         0.43480964 0.48983114] -> F: 0.42752755093633193
Punto[1.         0.43429238 0.48889343] -> F: 0.4289327859919559
Punto[1.         0.43377513 0.48795572] -> F: 0.4303411770630351
Punto[1.         0.43325787 0.487018  ] -> F: 0.4317527241495699
Punto[1.         0.43274061 0.48608029] -> F: 0.43316742725155977
Punto[1.         0.43222335 0.48514258] -> F: 0.43458528636900473
Punto[1.         0.4317061  0.48420486] -> F: 0.43510204404686753
Punto[1.         0.43118884 0.48326715] -> F: 0.4346622514066298
Punto[1.         0.43067158 0.48232944] -> F: 0.43422270307092764
Punto[1.         0.43015433 0.48139172] -> F: 0.4337610766549245
Punto[1.         0.42963707 0.48045401] -> F: 0.4332950046362276
Punto[1.         0.42911981 0.4795163 ] -> F: 0.4328296808039448
Punto[1.         0.42860256 0.47857858] -> F: 0.4323651051580759
Punto[1.         0.4280853  0.47764087] -> F: 0.4319001158271494
Punto[1.         0.42756804 0.47670316] -> F: 0.43139687155002887
Punto[1.         0.42705078 0.47576544] -> F: 0.4308777564436986
Punto[1.         0.42653353 0.47482773] -> F: 0.43035942094086826
Punto[1.         0.42601627 0.47389002] -> F: 0.4298418650415378
Punto[1.         0.42549901 0.4729523 ] -> F: 0.4293250887457072
Punto[1.         0.42498176 0.47201459] -> F: 0.42880138265466305
Punto[1.         0.4244645  0.47107688] -> F: 0.42825189175014233
Punto[1.         0.42394724 0.47013916] -> F: 0.42770314903203555
Punto[1.         0.42342999 0.46920145] -> F: 0.4271551545003426
Punto[1.         0.42291273 0.46826374] -> F: 0.42660790815506355
Punto[1.         0.42239547 0.46732602] -> F: 0.42604612903411576
Punto[1.         0.42187821 0.46638831] -> F: 0.42546781746342205
Punto[1.         0.42136096 0.4654506 ] -> F: 0.42489022963775525
Punto[1.         0.4208437  0.46451288] -> F: 0.4243133655571154
Punto[1.         0.42032644 0.46357517] -> F: 0.4237344629378304
Punto[1.         0.41980919 0.46263746] -> F: 0.42312785252084334
Punto[1.         0.41929193 0.46169974] -> F: 0.42252194676403015
Punto[1.         0.41877467 0.46076203] -> F: 0.4219167456673911
Punto[1.         0.41825742 0.45982432] -> F: 0.42131224923092586
Punto[1.         0.41774016 0.4588866 ] -> F: 0.42062980131463307
Punto[1.         0.4172229  0.45794889] -> F: 0.4199422066174156
{
  "seed": 4292,
  "n_per_z": 10,
  "nz": 100,
  "nd": 100,
  "n_muestras": 50,
  "best_f": 0.43510204404686753,
  "best_cp": [
    1.0,
    0.43170609788041026,
    0.484204862001301
  ],
  "best_u": [
    -0.9995065603657316,
    -0.030423932321343345,
    -0.007811538130902163
  ],
  "best_index": 25,
  "n_candidatos": 54
}
