Punto[0.         0.42938801 0.55375082] -> F: 0.15644887101040325
Punto[1.         0.47254809 0.51513884] -> F: 0.46536850056710966
Punto[2.         0.49721532 0.46574645] -> F: 0.14700133875546234
Punto[1.         0.46330167 0.50974863] -> F: 0.4668376840796266
Punto[1.         0.47236316 0.51503104] -> F: 0.46560506109090116
Punto[1.         0.47218193 0.51492539] -> F: 0.46583697796527024
Punto[1.         0.4720007  0.51481974] -> F: 0.46606898151623816
Punto[1.         0.47181947 0.51471409] -> F: 0.4663010717438045
Punto[1.         0.47163824 0.51460844] -> F: 0.4665332486479694
Punto[1.         0.47145701 0.5145028 ] -> F: 0.4667655122287329
Punto[1.         0.47127578 0.51439715] -> F: 0.46699786248609504
Punto[1.         0.47109455 0.5142915 ] -> F: 0.4672302994200559
Punto[1.         0.47091332 0.51418585] -> F: 0.4674628230306152
Punto[1.         0.47073209 0.5140802 ] -> F: 0.46769543331777313
Punto[1.         0.47055086 0.51397456] -> F: 0.4679281302815297
Punto[1.         0.47036963 0.51386891] -> F: 0.4681609139218849
Punto[1.         0.4701884  0.51376326] -> F: 0.46839378423883854
Punto[1.         0.47000717 0.51365761] -> F: 0.4686250669663842
Punto[1.         0.46982594 0.51355196] -> F: 0.4688544205277674
Punto[1.         0.46964471 0.51344632] -> F: 0.4690838455292822
Punto[1.         0.46946348 0.51334067] -> F: 0.46931334197092855
Punto[1.         0.46928225 0.51323502] -> F: 0.46954290985270675
Punto[1.         0.46910102 0.51312937] -> F: 0.46977254917461675
Punto[1.         0.46891979 0.51302372] -> F: 0.47000225993665834
Punto[1.         0.46873856 0.51291808] -> F: 0.4702320421388316
Punto[1.         0.46855733 0.51281243] -> F: 0.47046189578113645
Punto[1.         0.4683761  0.51270678] -> F: 0.47069182086357336
Punto[1.         0.46819487 0.51260113] -> F: 0.47092181738614164
Punto[1.         0.46801364 0.51249548] -> F: 0.47115188534884167
Punto[1.         0.46783241 0.51238984] -> F: 0.47138202475167346
Punto[1.         0.46765119 0.51228419] -> F: 0.471612235594637
Punto[1.         0.46746996 0.51217854] -> F: 0.4718425178777322
Punto[1.         0.46728873 0.51207289] -> F: 0.472072871600959
Punto[1.         0.4671075  0.51196724] -> F: 0.4720710527619783
Punto[1.         0.46692627 0.5118616 ] -> F: 0.4718208952882407
Punto[1.         0.46674504 0.51175595] -> F: 0.47157083275862766
Punto[1.         0.46656381 0.5116503 ] -> F: 0.4713208651731391
Punto[1.         0.46638258 0.51154465] -> F: 0.4710709925317749
Punto[1.         0.46620135 0.511439  ] -> F: 0.4708212148345354
Punto[1.         0.46602012 0.51133336] -> F: 0.47057153208142005
Punto[1.         0.46583889 0.51122771] -> F: 0.47032194427242924
Punto[1.         0.46565766 0.51112206] -> F: 0.470072451407563
Punto[1.         0.46547643 0.51101641] -> F: 0.46982305348682113
Punto[1.         0.4652952  0.51091076] -> F: 0.46957375051020367
Punto[1.         0.46511397 0.51080512] -> F: 0.46932454247771077
Punto[1.         0.46493274 0.51069947] -> F: 0.46907542938934244
Punto[1.         0.46475151 0.51059382] -> F: 0.46882641124509833
Punto[1.         0.46457028 0.51048817] -> F: 0.4685774880449787
Punto[1.         0.46438905 0.51038252] -> F: 0.4683286597889837
Punto[1.         0.46420782 0.51027687] -> F: 0.46807992647711305
Punto[1.         0.46402659 0.51017123] -> F: 0.46783128810936686
Punto[1.         0.46384536 0.51006558] -> F: 0.4675827446857451
Punto[1.         0.46366413 0.50995993] -> F: 0.46733429620624783
Punto[1.         0.4634829  0.50985428] -> F: 0.4670859426708749
{
  "seed": 9227,
  "n_per_z": 10,
  "nz": 100,
  "nd": 100,
  "n_muestras": 50,
  "best_f": 0.472072871600959,
  "best_cp": [
    1.0,
    0.4672887251297831,
    0.5120728912022331
  ],
  "best_u": [
    0.2789911060392295,
    0.8813139720451334,
    0.38137861165649695
  ],
  "best_index": 32,
  "n_candidatos": 54
}
