Punto[0.         0.40758167 0.44489347] -> F: 0.12776864222755482
Punto[1.         0.45575268 0.50707892] -> F: 0.4295459197279578
Punto[2.         0.44000439 0.58325432] -> F: 0.15589636153323347
Punto[1.         0.42379303 0.5140739 ] -> F: 0.4340022593444667
Punto[1.         0.45511348 0.50721882] -> F: 0.43005287542257986
Punto[1.         0.45448707 0.50735592] -> F: 0.4305582778193613
Punto[1.         0.45386067 0.50749302] -> F: 0.43107217930677993
Punto[1.         0.45323426 0.50763013] -> F: 0.43159457988483574
Punto[1.         0.45260785 0.50776723] -> F: 0.43212547955352865
Punto[1.         0.45198144 0.50790433] -> F: 0.4326648783128587
Punto[1.         0.45135503 0.50804143] -> F: 0.43321277616282594
Punto[1.         0.45072862 0.50817853] -> F: 0.43376917310343027
Punto[1.         0.45010221 0.50831563] -> F: 0.43433406913467193
Punto[1.         0.4494758  0.50845273] -> F: 0.4349074642565506
Punto[1.         0.44884939 0.50858984] -> F: 0.43548935846906656
Punto[1.         0.44822298 0.50872694] -> F: 0.43607975177221947
Punto[1.         0.44759657 0.50886404] -> F: 0.4366786441660097
Punto[1.         0.44697017 0.50900114] -> F: 0.4372860356504371
Punto[1.         0.44634376 0.50913824] -> F: 0.4379019262255016
Punto[1.         0.44571735 0.50927534] -> F: 0.43852631589120333
Punto[1.         0.44509094 0.50941245] -> F: 0.43915920464754216
Punto[1.         0.44446453 0.50954955] -> F: 0.4398005924945182
Punto[1.         0.44383812 0.50968665] -> F: 0.44044916808159407
Punto[1.         0.44321171 0.50982375] -> F: 0.44109850624776775
Punto[1.         0.4425853  0.50996085] -> F: 0.4417106443438179
Punto[1.         0.44195889 0.51009795] -> F: 0.4422856852467012
Punto[1.         0.44133248 0.51023505] -> F: 0.44286365814162004
Punto[1.         0.44070607 0.51037216] -> F: 0.4434445630285743
Punto[1.         0.44007967 0.51050926] -> F: 0.44402839990756426
Punto[1.         0.43945326 0.51064636] -> F: 0.44461516877858964
Punto[1.         0.43882685 0.51078346] -> F: 0.44509047363514354
Punto[1.         0.43820044 0.51092056] -> F: 0.444641184443436
Punto[1.         0.43757403 0.51105766] -> F: 0.4441922015536193
Punto[1.         0.43694762 0.51119476] -> F: 0.4437435249656936
Punto[1.         0.43632121 0.51133187] -> F: 0.4432951546796584
Punto[1.         0.4356948  0.51146897] -> F: 0.4428470906955139
Punto[1.         0.43506839 0.51160607] -> F: 0.4423993330132606
Punto[1.         0.43444198 0.51174317] -> F: 0.4419518816328977
Punto[1.         0.43381557 0.51188027] -> F: 0.44149948044347564
Punto[1.         0.43318917 0.51201737] -> F: 0.44103920271639774
Punto[1.         0.43256276 0.51215448] -> F: 0.44057925196522363
Punto[1.         0.43193635 0.51229158] -> F: 0.44011962818995337
Punto[1.         0.43130994 0.51242868] -> F: 0.4396603313905867
Punto[1.         0.43068353 0.51256578] -> F: 0.43920136156712397
Punto[1.         0.43005712 0.51270288] -> F: 0.43874271871956494
Punto[1.         0.42943071 0.51283998] -> F: 0.4382844028479097
Punto[1.         0.4288043  0.51297708] -> F: 0.4378264139521583
Punto[1.         0.42817789 0.51311419] -> F: 0.43736424359125087
Punto[1.         0.42755148 0.51325129] -> F: 0.436893503162422
Punto[1.         0.42692507 0.51338839] -> F: 0.43642311264239075
Punto[1.         0.42629867 0.51352549] -> F: 0.43595307203115735
Punto[1.         0.42567226 0.51366259] -> F: 0.4354833813287217
Punto[1.         0.42504585 0.51379969] -> F: 0.43501404053508375
Punto[1.         0.42441944 0.5139368 ] -> F: 0.43450897662260385
{
  "seed": 15263,
  "n_per_z": 10,
  "nz": 100,
  "nd": 100,
  "n_muestras": 50,
  "best_f": 0.44509047363514354,
  "best_cp": [
    1.0,
    0.4388268469684769,
    0.5107834602604183
  ],
  "best_u": [
    -0.36812455268467775,
    -0.5226119078355523,
    0.7690000698954389
  ],
  "best_index": 30,
  "n_candidatos": 54
}
