Punto[0.         0.55328248 0.5134289 ] -> F: 0.16419036495877534
Punto[1.         0.53465071 0.57212239] -> F: 0.38374787517679526
Punto[2.         0.64979243 0.6594055 ] -> F: 0.09823457207466268
Punto[1.         0.60153746 0.5864172 ] -> F: 0.3914420619488728
Punto[1.         0.53598845 0.57240828] -> F: 0.3854776014088276
Punto[1.         0.53729943 0.57268846] -> F: 0.38721402305418984
Punto[1.         0.53861041 0.57296864] -> F: 0.388991317567442
Punto[1.         0.53992139 0.57324882] -> F: 0.3907930318041341
Punto[1.         0.54123237 0.573529  ] -> F: 0.39259563209505993
Punto[1.         0.54254335 0.57380918] -> F: 0.39431454168528085
Punto[1.         0.54385433 0.57408935] -> F: 0.3958677620900675
Punto[1.         0.54516531 0.57436953] -> F: 0.39743916984320854
Punto[1.         0.54647629 0.57464971] -> F: 0.3990287649447039
Punto[1.         0.54778727 0.57492989] -> F: 0.4006365473945535
Punto[1.         0.54909825 0.57521007] -> F: 0.40226251719275724
Punto[1.         0.55040923 0.57549025] -> F: 0.4039065517198952
Punto[1.         0.55172021 0.57577042] -> F: 0.405566664168922
Punto[1.         0.55303119 0.5760506 ] -> F: 0.40724215873235503
Punto[1.         0.55434217 0.57633078] -> F: 0.4085532059026211
Punto[1.         0.55565315 0.57661096] -> F: 0.40967717656475905
Punto[1.         0.55696413 0.57689114] -> F: 0.41082634338190743
Punto[1.         0.55827511 0.57717132] -> F: 0.41212275925983005
Punto[1.         0.55958609 0.57745149] -> F: 0.41358079050439805
Punto[1.         0.56089707 0.57773167] -> F: 0.4152004371156112
Punto[1.         0.56220805 0.57801185] -> F: 0.41696640987815325
Punto[1.         0.56351903 0.57829203] -> F: 0.4163836517968297
Punto[1.         0.56483001 0.57857221] -> F: 0.41572156404326066
Punto[1.         0.56614099 0.57885239] -> F: 0.41502366063830776
Punto[1.         0.56745197 0.57913256] -> F: 0.4143268293266435
Punto[1.         0.56876295 0.57941274] -> F: 0.4135994460896116
Punto[1.         0.57007393 0.57969292] -> F: 0.41287021380131295
Punto[1.         0.57138491 0.5799731 ] -> F: 0.41214216263020487
Punto[1.         0.57269589 0.58025328] -> F: 0.41141529257628756
Punto[1.         0.57400687 0.58053346] -> F: 0.410689603639561
Punto[1.         0.57531785 0.58081363] -> F: 0.40996509582002505
Punto[1.         0.57662883 0.58109381] -> F: 0.40924176911767984
Punto[1.         0.57793981 0.58137399] -> F: 0.4084978918293196
Punto[1.         0.57925079 0.58165417] -> F: 0.4077435244461591
Punto[1.         0.58056177 0.58193435] -> F: 0.4069904560073049
Punto[1.         0.58187275 0.58221453] -> F: 0.40623868651275735
Punto[1.         0.58318373 0.5824947 ] -> F: 0.40548821596251633
Punto[1.         0.58449471 0.58277488] -> F: 0.404739044356582
Punto[1.         0.58580569 0.58305506] -> F: 0.40399117169495413
Punto[1.         0.58711667 0.58333524] -> F: 0.4032335240892903
Punto[1.         0.58842765 0.58361542] -> F: 0.40245603610953506
Punto[1.         0.58973863 0.5838956 ] -> F: 0.40153076570832186
Punto[1.         0.59104961 0.58417577] -> F: 0.40030328373204305
Punto[1.         0.59236059 0.58445595] -> F: 0.39889562213186724
Punto[1.         0.59367158 0.58473613] -> F: 0.3975732450659356
Punto[1.         0.59498256 0.58501631] -> F: 0.39634213812386343
Punto[1.         0.59629354 0.58529649] -> F: 0.39520230130565037
Punto[1.         0.59760452 0.58557667] -> F: 0.39415373461129677
Punto[1.         0.5989155  0.58585684] -> F: 0.3931964380408026
Punto[1.         0.60022648 0.58613702] -> F: 0.39231546969399106
{
  "seed": 17528,
  "n_per_z": 10,
  "nz": 100,
  "nd": 100,
  "n_muestras": 50,
  "best_f": 0.41696640987815325,
  "best_cp": [
    1.0,
    0.5622080517908401,
    0.5780118512178986
  ],
  "best_u": [
    0.2789911060392295,
    -0.9035218614016094,
    0.32528788591089314
  ],
  "best_index": 24,
  "n_candidatos": 54
}
