Punto[0.         0.28140964 0.40451311] -> F: 0.13206420842817654
Punto[1.         0.41654534 0.4835379 ] -> F: 0.43354027173213744
Punto[2.         0.56899699 0.4881781 ] -> F: 0.14731937195729264
Punto[1.         0.42520332 0.44634561] -> F: 0.44466067639766016
Punto[1.         0.4167185  0.48279405] -> F: 0.434591825792241
Punto[1.         0.4168882  0.48206508] -> F: 0.4356235152815707
Punto[1.         0.4170579  0.48133611] -> F: 0.43665635949839476
Punto[1.         0.41722759 0.48060715] -> F: 0.4376903584427133
Punto[1.         0.41739729 0.47987818] -> F: 0.4387255121145265
Punto[1.         0.41756698 0.47914921] -> F: 0.4397618205138341
Punto[1.         0.41773668 0.47842024] -> F: 0.4407992836406363
Punto[1.         0.41790638 0.47769127] -> F: 0.441837901494933
Punto[1.         0.41807607 0.4769623 ] -> F: 0.44287767407672407
Punto[1.         0.41824577 0.47623333] -> F: 0.44391860138600986
Punto[1.         0.41841547 0.47550436] -> F: 0.44496068342279
Punto[1.         0.41858516 0.47477539] -> F: 0.4460039201870647
Punto[1.         0.41875486 0.47404643] -> F: 0.4470483116788337
Punto[1.         0.41892455 0.47331746] -> F: 0.44809385789809736
Punto[1.         0.41909425 0.47258849] -> F: 0.44914055884485576
Punto[1.         0.41926395 0.47185952] -> F: 0.45017638612533
Punto[1.         0.41943364 0.47113055] -> F: 0.4511965048559071
Punto[1.         0.41960334 0.47040158] -> F: 0.45221790212681984
Punto[1.         0.41977304 0.46967261] -> F: 0.4532374482297484
Punto[1.         0.41994273 0.46894364] -> F: 0.45425690018515463
Punto[1.         0.42011243 0.46821468] -> F: 0.4552774980326942
Punto[1.         0.42028213 0.46748571] -> F: 0.4562992417723667
Punto[1.         0.42045182 0.46675674] -> F: 0.4573221314041723
Punto[1.         0.42062152 0.46602777] -> F: 0.4583461669281112
Punto[1.         0.42079121 0.4652988 ] -> F: 0.4593713483441833
Punto[1.         0.42096091 0.46456983] -> F: 0.4599621617812285
Punto[1.         0.42113061 0.46384086] -> F: 0.45949167589354645
Punto[1.         0.4213003  0.46311189] -> F: 0.45900691776320734
Punto[1.         0.42147    0.46238292] -> F: 0.4585269494848978
Punto[1.         0.4216397  0.46165396] -> F: 0.458051771058618
Punto[1.         0.42180939 0.46092499] -> F: 0.45758138248436764
Punto[1.         0.42197909 0.46019602] -> F: 0.457113802600052
Punto[1.         0.42214878 0.45946705] -> F: 0.4566460330895893
Punto[1.         0.42231848 0.45873808] -> F: 0.4561217468996875
Punto[1.         0.42248818 0.45800911] -> F: 0.4554413272388275
Punto[1.         0.42265787 0.45728014] -> F: 0.45476328066385635
Punto[1.         0.42282757 0.45655117] -> F: 0.4540876071747735
Punto[1.         0.42299727 0.4558222 ] -> F: 0.45341430677157907
Punto[1.         0.42316696 0.45509324] -> F: 0.45274337945427273
Punto[1.         0.42333666 0.45436427] -> F: 0.4520528810151818
Punto[1.         0.42350635 0.4536353 ] -> F: 0.4513650952788776
Punto[1.         0.42367605 0.45290633] -> F: 0.4506804629695155
Punto[1.         0.42384575 0.45217736] -> F: 0.4499989840870958
Punto[1.         0.42401544 0.45144839] -> F: 0.4493206586316183
Punto[1.         0.42418514 0.45071942] -> F: 0.4486454866030832
Punto[1.         0.42435484 0.44999045] -> F: 0.4479734680014902
Punto[1.         0.42452453 0.44926149] -> F: 0.4473046028268397
Punto[1.         0.42469423 0.44853252] -> F: 0.44663889107913146
Punto[1.         0.42486392 0.44780355] -> F: 0.4459763327583654
Punto[1.         0.42503362 0.44707458] -> F: 0.44531692786454163
{
  "seed": 1323,
  "n_per_z": 10,
  "nz": 100,
  "nd": 100,
  "n_muestras": 50,
  "best_f": 0.4599621617812285,
  "best_cp": [
    1.0,
    0.4209609101827111,
    0.46456983086879367
  ],
  "best_u": [
    -0.39714789063478056,
    0.6690143297945028,
    -0.6282462729646364
  ],
  "best_index": 29,
  "n_candidatos": 54
}
