Punto[0.         0.37077567 0.41734963] -> F: 0.15436269687422305
Punto[1.         0.49991892 0.47543121] -> F: 0.40900403136355307
Punto[2.         0.52157517 0.56386353] -> F: 0.12293454612196916
Punto[1.         0.44617542 0.49060658] -> F: 0.42365579250258406
Punto[1.         0.49884405 0.47573472] -> F: 0.4105375899516652
Punto[1.         0.49779068 0.47603216] -> F: 0.41204341320458276
Punto[1.         0.49673731 0.47632959] -> F: 0.41355214263915346
Punto[1.         0.49568394 0.47662703] -> F: 0.4150637782553768
Punto[1.         0.49463056 0.47692447] -> F: 0.41657832005325324
Punto[1.         0.49357719 0.4772219 ] -> F: 0.4180957680327827
Punto[1.         0.49252382 0.47751934] -> F: 0.4196161221939649
Punto[1.         0.49147045 0.47781678] -> F: 0.42113938253680017
Punto[1.         0.49041707 0.47811422] -> F: 0.4226655490612884
Punto[1.         0.4893637  0.47841165] -> F: 0.4241946217674296
Punto[1.         0.48831033 0.47870909] -> F: 0.4257266006552235
Punto[1.         0.48725696 0.47900653] -> F: 0.42726148572467065
Punto[1.         0.48620358 0.47930397] -> F: 0.42879927697577047
Punto[1.         0.48515021 0.4796014 ] -> F: 0.4302404467678267
Punto[1.         0.48409684 0.47989884] -> F: 0.431608102780165
Punto[1.         0.48304346 0.48019628] -> F: 0.43297871769813806
Punto[1.         0.48199009 0.48049371] -> F: 0.4343522915217455
Punto[1.         0.48093672 0.48079115] -> F: 0.43562533741765036
Punto[1.         0.47988335 0.48108859] -> F: 0.436795053120467
Punto[1.         0.47882997 0.48138603] -> F: 0.43796894369374684
Punto[1.         0.4777766  0.48168346] -> F: 0.4391470091374896
Punto[1.         0.47672323 0.4819809 ] -> F: 0.4403292494516959
Punto[1.         0.47566986 0.48227834] -> F: 0.4415156646363652
Punto[1.         0.47461648 0.48257578] -> F: 0.44270625469149755
Punto[1.         0.47356311 0.48287321] -> F: 0.4438915654954051
Punto[1.         0.47250974 0.48317065] -> F: 0.44454845870114745
Punto[1.         0.47145637 0.48346809] -> F: 0.4440666503573533
Punto[1.         0.47040299 0.48376552] -> F: 0.4435852985944811
Punto[1.         0.46934962 0.48406296] -> F: 0.4431044034125309
Punto[1.         0.46829625 0.4843604 ] -> F: 0.4426239648115025
Punto[1.         0.46724288 0.48465784] -> F: 0.44214398279139605
Punto[1.         0.4661895  0.48495527] -> F: 0.4416644573522117
Punto[1.         0.46513613 0.48525271] -> F: 0.4411739625377008
Punto[1.         0.46408276 0.48555015] -> F: 0.44067929728688265
Punto[1.         0.46302939 0.48584759] -> F: 0.4401851197965142
Punto[1.         0.46197601 0.48614502] -> F: 0.439691430066596
Punto[1.         0.46092264 0.48644246] -> F: 0.43919822809712755
Punto[1.         0.45986927 0.4867399 ] -> F: 0.438705513888109
Punto[1.         0.45881589 0.48703733] -> F: 0.4382132874395407
Punto[1.         0.45776252 0.48733477] -> F: 0.43770563142001184
Punto[1.         0.45670915 0.48763221] -> F: 0.4371980755426541
Punto[1.         0.45565578 0.48792965] -> F: 0.436514943810262
Punto[1.         0.4546024  0.48822708] -> F: 0.43501472428785753
Punto[1.         0.45354903 0.48852452] -> F: 0.4335132154207384
Punto[1.         0.45249566 0.48882196] -> F: 0.43201041720890493
Punto[1.         0.45144229 0.4891194 ] -> F: 0.4305100059023208
Punto[1.         0.45038891 0.48941683] -> F: 0.4290469830483633
Punto[1.         0.44933554 0.48971427] -> F: 0.4276300502814108
Punto[1.         0.44828217 0.49001171] -> F: 0.4262592076014635
Punto[1.         0.4472288  0.49030914] -> F: 0.4249344550085213
{
  "seed": 8259,
  "n_per_z": 10,
  "nz": 100,
  "nd": 100,
  "n_muestras": 50,
  "best_f": 0.44454845870114745,
  "best_cp": [
    1.0,
    0.47250973876492725,
    0.4831706501390871
  ],
  "best_u": [
    0.9510565162951535,
    -0.1736933160119833,
    0.2555819531682305
  ],
  "best_index": 29,
  "n_candidatos": 54
}
