Punto[0.         0.47005085 0.51058186] -> F: 0.1447828896883883
Punto[1.         0.48265793 0.51048064] -> F: 0.4296105871361694
Punto[2.         0.46953623 0.41115576] -> F: 0.1435941438732326
Punto[1.         0.46979354 0.46086881] -> F: 0.4489026605839572
Punto[1.         0.48240064 0.50948841] -> F: 0.4307888101697831
Punto[1.         0.4821485  0.50851601] -> F: 0.4319444576504691
Punto[1.         0.48189636 0.50754362] -> F: 0.4331010840499323
Punto[1.         0.48164422 0.50657123] -> F: 0.4342586893681728
Punto[1.         0.48139208 0.50559884] -> F: 0.4354172736051904
Punto[1.         0.48113993 0.50462645] -> F: 0.43655726942029716
Punto[1.         0.48088779 0.50365405] -> F: 0.4376971750991942
Punto[1.         0.48063565 0.50268166] -> F: 0.4388384283485912
Punto[1.         0.48038351 0.50170927] -> F: 0.43998102916848786
Punto[1.         0.48013137 0.50073688] -> F: 0.4411249775588845
Punto[1.         0.47987922 0.49976449] -> F: 0.4422702735197808
Punto[1.         0.47962708 0.49879209] -> F: 0.4434168729782784
Punto[1.         0.47937494 0.4978197 ] -> F: 0.4445644415875392
Punto[1.         0.4791228  0.49684731] -> F: 0.44569261218740996
Punto[1.         0.47887066 0.49587492] -> F: 0.4468166309415937
Punto[1.         0.47861851 0.49490253] -> F: 0.44794190677822593
Punto[1.         0.47836637 0.49393014] -> F: 0.44906843969730637
Punto[1.         0.47811423 0.49295774] -> F: 0.4501962296988353
Punto[1.         0.47786209 0.49198535] -> F: 0.4513252767828128
Punto[1.         0.47760995 0.49101296] -> F: 0.4524555809492389
Punto[1.         0.4773578  0.49004057] -> F: 0.45358714219811314
Punto[1.         0.47710566 0.48906818] -> F: 0.4547199605294358
Punto[1.         0.47685352 0.48809578] -> F: 0.4558486862126996
Punto[1.         0.47660138 0.48712339] -> F: 0.45695759179286194
Punto[1.         0.47634924 0.486151  ] -> F: 0.4580676715844878
Punto[1.         0.47609709 0.48517861] -> F: 0.4591789255875774
Punto[1.         0.47584495 0.48420622] -> F: 0.4602913538021307
Punto[1.         0.47559281 0.48323382] -> F: 0.46140495622814737
Punto[1.         0.47534067 0.48226143] -> F: 0.4616597335094692
Punto[1.         0.47508852 0.48128904] -> F: 0.4612603671662749
Punto[1.         0.47483638 0.48031665] -> F: 0.4608627774512985
Punto[1.         0.47458424 0.47934426] -> F: 0.4604669643645399
Punto[1.         0.4743321  0.47837186] -> F: 0.4600729279059991
Punto[1.         0.47407996 0.47739947] -> F: 0.4596806680756763
Punto[1.         0.47382781 0.47642708] -> F: 0.4592901848735712
Punto[1.         0.47357567 0.47545469] -> F: 0.45890147829968403
Punto[1.         0.47332353 0.4744823 ] -> F: 0.4585145483540148
Punto[1.         0.47307139 0.47350991] -> F: 0.4581293950365634
Punto[1.         0.47281925 0.47253751] -> F: 0.4577460183473298
Punto[1.         0.4725671  0.47156512] -> F: 0.4573644182863141
Punto[1.         0.47231496 0.47059273] -> F: 0.4569845948535164
Punto[1.         0.47206282 0.46962034] -> F: 0.45660654804893624
Punto[1.         0.47181068 0.46864795] -> F: 0.45623027787257425
Punto[1.         0.47155854 0.46767555] -> F: 0.45585578432443
Punto[1.         0.47130639 0.46670316] -> F: 0.45534019725394287
Punto[1.         0.47105425 0.46573077] -> F: 0.4542615593420543
Punto[1.         0.47080211 0.46475838] -> F: 0.45318520748358904
Punto[1.         0.47054997 0.46378599] -> F: 0.45211114167854655
Punto[1.         0.47029783 0.46281359] -> F: 0.45103936192692706
Punto[1.         0.47004568 0.4618412 ] -> F: 0.44996986822873064
{
  "seed": 9672,
  "n_per_z": 10,
  "nz": 100,
  "nd": 100,
  "n_muestras": 50,
  "best_f": 0.4616597335094692,
  "best_cp": [
    1.0,
    0.4753406669655772,
    0.4822614324029021
  ],
  "best_u": [
    0.24868988716485485,
    0.8337002334317454,
    -0.49304894361288815
  ],
  "best_index": 32,
  "n_candidatos": 54
}
