Punto[0.         0.52454866 0.53042705] -> F: 0.17342415807165898
Punto[1.         0.52659783 0.54701614] -> F: 0.44667957217235094
Punto[2.         0.53888961 0.59502274] -> F: 0.1310101755081272
Punto[1.         0.53171913 0.56272489] -> F: 0.44534917092926757
Punto[1.         0.52670026 0.54733031] -> F: 0.44689863351643333
Punto[1.         0.52680064 0.54763821] -> F: 0.44711349638225073
Punto[1.         0.52690101 0.5479461 ] -> F: 0.44732854015073886
Punto[1.         0.52700139 0.54825399] -> F: 0.44754376482189795
Punto[1.         0.52710177 0.54856188] -> F: 0.44775917039572793
Punto[1.         0.52720215 0.54886977] -> F: 0.4479747568722288
Punto[1.         0.52730252 0.54917766] -> F: 0.4481905242514006
Punto[1.         0.5274029  0.54948556] -> F: 0.4484064725332435
Punto[1.         0.52750328 0.54979345] -> F: 0.44862260171775714
Punto[1.         0.52760366 0.55010134] -> F: 0.4488389118049416
Punto[1.         0.52770403 0.55040923] -> F: 0.4490554027947971
Punto[1.         0.52780441 0.55071712] -> F: 0.44927207468732333
Punto[1.         0.52790479 0.55102501] -> F: 0.4494889274825205
Punto[1.         0.52800517 0.55133291] -> F: 0.44970596118038864
Punto[1.         0.52810554 0.5516408 ] -> F: 0.44992317578092766
Punto[1.         0.52820592 0.55194869] -> F: 0.45014057128413776
Punto[1.         0.5283063  0.55225658] -> F: 0.4501282214423759
Punto[1.         0.52840668 0.55256447] -> F: 0.44999203604266097
Punto[1.         0.52850705 0.55287236] -> F: 0.44985587897280355
Punto[1.         0.52860743 0.55318025] -> F: 0.4497182054362454
Punto[1.         0.52870781 0.55348815] -> F: 0.4495786052015573
Punto[1.         0.52880819 0.55379604] -> F: 0.4494390280443485
Punto[1.         0.52890856 0.55410393] -> F: 0.44929947396461856
Punto[1.         0.52900894 0.55441182] -> F: 0.4491599429623678
Punto[1.         0.52910932 0.55471971] -> F: 0.4490204350375959
Punto[1.        0.5292097 0.5550276] -> F: 0.44888095019030333
Punto[1.         0.52931007 0.5553355 ] -> F: 0.44874148842048966
Punto[1.         0.52941045 0.55564339] -> F: 0.4486020497281551
Punto[1.         0.52951083 0.55595128] -> F: 0.44846263411329956
Punto[1.         0.52961121 0.55625917] -> F: 0.4483232415759231
Punto[1.         0.52971158 0.55656706] -> F: 0.4481838721160258
Punto[1.         0.52981196 0.55687495] -> F: 0.4480445257336075
Punto[1.         0.52991234 0.55718285] -> F: 0.4479052024286682
Punto[1.         0.53001272 0.55749074] -> F: 0.447765902201208
Punto[1.         0.53011309 0.55779863] -> F: 0.4476266250512268
Punto[1.         0.53021347 0.55810652] -> F: 0.4474865757952153
Punto[1.         0.53031385 0.55841441] -> F: 0.4473439125313886
Punto[1.         0.53041423 0.5587223 ] -> F: 0.44720127349700434
Punto[1.        0.5305146 0.5590302] -> F: 0.4470586586920624
Punto[1.         0.53061498 0.55933809] -> F: 0.44691606811656287
Punto[1.         0.53071536 0.55964598] -> F: 0.4467735017705059
Punto[1.         0.53081574 0.55995387] -> F: 0.44663095965389127
Punto[1.         0.53091611 0.56026176] -> F: 0.446488441766719
Punto[1.         0.53101649 0.56056965] -> F: 0.44634594810898903
Punto[1.         0.53111687 0.56087755] -> F: 0.4462034786807016
Punto[1.         0.53121725 0.56118544] -> F: 0.4460610334818566
Punto[1.         0.53131762 0.56149333] -> F: 0.44591861251245396
Punto[1.         0.531418   0.56180122] -> F: 0.44577621577249377
Punto[1.         0.53151838 0.56210911] -> F: 0.44563384326197597
Punto[1.         0.53161876 0.562417  ] -> F: 0.44549149498090057
{
  "seed": 4955,
  "n_per_z": 10,
  "nz": 100,
  "nd": 100,
  "n_muestras": 50,
  "best_f": 0.45014057128413776,
  "best_cp": [
    1.0,
    0.528205921289571,
    0.5519486884251014
  ],
  "best_u": [
    0.33873792024529137,
    0.5041491268861167,
    -0.7944119077958618
  ],
  "best_index": 19,
  "n_candidatos": 54
}
