Punto[0.         0.56035764 0.42891322] -> F: 0.1400979311717895
Punto[1.         0.51415798 0.51606477] -> F: 0.36882855326762104
Punto[2.         0.32816488 0.47737224] -> F: 0.10324163182859628
Punto[1.         0.44426126 0.45314273] -> F: 0.39143841240407024
Punto[1.         0.51276005 0.51480633] -> F: 0.37128195827266425
Punto[1.         0.51139007 0.51357305] -> F: 0.3737344552754612
Punto[1.         0.5100201  0.51233978] -> F: 0.37614685612187704
Punto[1.         0.50865012 0.51110651] -> F: 0.37844185967722543
Punto[1.         0.50728015 0.50987324] -> F: 0.38077466051341746
Punto[1.         0.50591017 0.50863997] -> F: 0.3831452586304522
Punto[1.         0.50454019 0.50740669] -> F: 0.3855536540283303
Punto[1.         0.50317022 0.50617342] -> F: 0.38799984670705157
Punto[1.         0.50180024 0.50494015] -> F: 0.39037345898043213
Punto[1.         0.50043027 0.50370688] -> F: 0.3927012346560322
Punto[1.         0.49906029 0.50247361] -> F: 0.39506150216751107
Punto[1.         0.49769032 0.50124033] -> F: 0.39745426151486946
Punto[1.         0.49632034 0.50000706] -> F: 0.3998795126981072
Punto[1.         0.49495036 0.49877379] -> F: 0.40233725571722395
Punto[1.         0.49358039 0.49754052] -> F: 0.40469896757192275
Punto[1.         0.49221041 0.49630725] -> F: 0.40706690589774347
Punto[1.         0.49084044 0.49507397] -> F: 0.40946443370668684
Punto[1.         0.48947046 0.4938407 ] -> F: 0.41189155099875324
Punto[1.         0.48810049 0.49260743] -> F: 0.41434825777394274
Punto[1.         0.48673051 0.49137416] -> F: 0.41683455403225517
Punto[1.         0.48536053 0.49014089] -> F: 0.4192497516623416
Punto[1.         0.48399056 0.48890762] -> F: 0.421673026434949
Punto[1.         0.48262058 0.48767434] -> F: 0.4241245946994432
Punto[1.         0.48125061 0.48644107] -> F: 0.42660445645582357
Punto[1.         0.47988063 0.4852078 ] -> F: 0.42911261170409065
Punto[1.         0.47851066 0.48397453] -> F: 0.43164906044424456
Punto[1.         0.47714068 0.48274126] -> F: 0.43253946159413076
Punto[1.         0.4757707  0.48150798] -> F: 0.4312806250140702
Punto[1.         0.47440073 0.48027471] -> F: 0.429867540990427
Punto[1.         0.47303075 0.47904144] -> F: 0.4283552232721618
Punto[1.         0.47166078 0.47780817] -> F: 0.42691183114282505
Punto[1.        0.4702908 0.4765749] -> F: 0.425537364602417
Punto[1.         0.46892083 0.47534162] -> F: 0.4242318236509375
Punto[1.         0.46755085 0.47410835] -> F: 0.42296558853832367
Punto[1.         0.46618087 0.47287508] -> F: 0.4216548971273203
Punto[1.         0.4648109  0.47164181] -> F: 0.42020895263853103
Punto[1.         0.46344092 0.47040854] -> F: 0.41879637756004134
Punto[1.         0.46207095 0.46917526] -> F: 0.4174171718918513
Punto[1.         0.46070097 0.46794199] -> F: 0.416071335633961
Punto[1.         0.45933099 0.46670872] -> F: 0.4147588687863703
Punto[1.         0.45796102 0.46547545] -> F: 0.41261560403936726
Punto[1.         0.45659104 0.46424218] -> F: 0.41014109652350866
Punto[1.         0.45522107 0.4630089 ] -> F: 0.40775889676966187
Punto[1.         0.45385109 0.46177563] -> F: 0.4054690047778268
Punto[1.         0.45248112 0.46054236] -> F: 0.403175458273973
Punto[1.         0.45111114 0.45930909] -> F: 0.4006683773425771
Punto[1.         0.44974116 0.45807582] -> F: 0.3981582539629475
Punto[1.         0.44837119 0.45684255] -> F: 0.3958711409687506
Punto[1.         0.44700121 0.45560927] -> F: 0.39429491490061713
Punto[1.         0.44563124 0.454376  ] -> F: 0.39286852800945443
Best centerpoint:  [1.         0.47714068 0.48274126] Best F:  0.43253946159413076 Best u:  [ 0.21814324 -0.15266702 -0.96390161] índice:  27
{
  "seed": 4744,
  "n_per_z": 5,
  "nz": 100,
  "nd": 100,
  "n_muestras": 50,
  "best_f": 0.43253946159413076,
  "best_cp": [
    1.0,
    0.4771406795420947,
    0.4827412556812093
  ],
  "best_u": [
    0.21814324139654234,
    -0.15266701657768236,
    -0.9639016071582616
  ],
  "n_candidatos": 54
}
