Punto[0.         0.38168877 0.41208306] -> F: 0.15824356881050702
Punto[1.         0.50848765 0.44831679] -> F: 0.43935835820812813
Punto[2.         0.60902324 0.45711678] -> F: 0.10980810085108361
Punto[1.         0.495356   0.43459992] -> F: 0.4249200408799841
Punto[1.         0.50822502 0.44804245] -> F: 0.4390818199206678
Punto[1.         0.50796764 0.4477736 ] -> F: 0.43881090100487763
Punto[1.         0.50771026 0.44750475] -> F: 0.43854006979999904
Punto[1.         0.50745288 0.4472359 ] -> F: 0.4382693263060321
Punto[1.         0.5071955  0.44696705] -> F: 0.4379986705229769
Punto[1.         0.50693812 0.4466982 ] -> F: 0.4377281024508332
Punto[1.         0.50668074 0.44642935] -> F: 0.43745762208960115
Punto[1.         0.50642336 0.4461605 ] -> F: 0.4371841034581286
Punto[1.         0.50616598 0.44589164] -> F: 0.43690958006873737
Punto[1.         0.5059086  0.44562279] -> F: 0.4365524550139014
Punto[1.         0.50565121 0.44535394] -> F: 0.43619018601041637
Punto[1.         0.50539383 0.44508509] -> F: 0.43582803979518026
Punto[1.         0.50513645 0.44481624] -> F: 0.43546601636819326
Punto[1.         0.50487907 0.44454739] -> F: 0.43510411572945534
Punto[1.         0.50462169 0.44427854] -> F: 0.43474233787896616
Punto[1.         0.50436431 0.44400969] -> F: 0.43438303840853076
Punto[1.         0.50410693 0.44374084] -> F: 0.43402905746737347
Punto[1.         0.50384955 0.44347199] -> F: 0.433680401130026
Punto[1.         0.50359217 0.44320314] -> F: 0.43333706939648825
Punto[1.         0.50333479 0.44293429] -> F: 0.4329990622667603
Punto[1.         0.50307741 0.44266544] -> F: 0.43266637974084216
Punto[1.         0.50282003 0.44239659] -> F: 0.43233902181873396
Punto[1.         0.50256265 0.44212774] -> F: 0.43201698850043535
Punto[1.         0.50230527 0.44185889] -> F: 0.43170027978594666
Punto[1.         0.50204789 0.44159004] -> F: 0.4313888956752678
Punto[1.         0.50179051 0.44132119] -> F: 0.4310828361683986
Punto[1.         0.50153313 0.44105233] -> F: 0.43078210126533933
Punto[1.         0.50127575 0.44078348] -> F: 0.43048669096608977
Punto[1.         0.50101837 0.44051463] -> F: 0.43019660527064996
Punto[1.         0.50076099 0.44024578] -> F: 0.42991184417901995
Punto[1.         0.50050361 0.43997693] -> F: 0.4296324076911999
Punto[1.         0.50024623 0.43970808] -> F: 0.42935829580718954
Punto[1.         0.49998885 0.43943923] -> F: 0.4290895085269889
Punto[1.         0.49973147 0.43917038] -> F: 0.42882604585059825
Punto[1.         0.49947409 0.43890153] -> F: 0.42856790777801723
Punto[1.         0.49921671 0.43863268] -> F: 0.42831509430924614
Punto[1.         0.49895933 0.43836383] -> F: 0.4280676054442848
Punto[1.         0.49870195 0.43809498] -> F: 0.42782544118313315
Punto[1.         0.49844457 0.43782613] -> F: 0.4275886015257914
Punto[1.         0.49818719 0.43755728] -> F: 0.42735708647225945
Punto[1.         0.49792981 0.43728843] -> F: 0.42713089602253723
Punto[1.         0.49767243 0.43701958] -> F: 0.4269096161536588
Punto[1.         0.49741505 0.43675073] -> F: 0.42668920015453654
Punto[1.         0.49715767 0.43648188] -> F: 0.42646862217537074
Punto[1.         0.49690028 0.43621302] -> F: 0.4262478822161611
Punto[1.         0.4966429  0.43594417] -> F: 0.4260269802769075
Punto[1.         0.49638552 0.43567532] -> F: 0.4258059163576104
Punto[1.         0.49612814 0.43540647] -> F: 0.42558469045826947
Punto[1.         0.49587076 0.43513762] -> F: 0.4253633025788847
Punto[1.         0.49561338 0.43486877] -> F: 0.4251417527194563
{
  "seed": 14514,
  "n_per_z": 10,
  "nz": 100,
  "nd": 100,
  "n_muestras": 50,
  "best_f": 0.43935835820812813,
  "best_cp": [
    1.0,
    0.5084876507884519,
    0.44831678646391643
  ],
  "best_u": [
    0.5090414157503713,
    -0.7119030099966721,
    -0.48380878599766647
  ],
  "best_index": 1,
  "n_candidatos": 54
}
