Punto[0.         0.46953186 0.32952122] -> F: 0.12461482551217914
Punto[1.         0.54119194 0.45553537] -> F: 0.42405739792566016
Punto[2.         0.59268139 0.47293516] -> F: 0.1498060355409372
Punto[1.         0.53110663 0.40122819] -> F: 0.4309168796483584
Punto[1.         0.54099023 0.45444923] -> F: 0.4251314764948975
Punto[1.         0.54079256 0.45338481] -> F: 0.4261751397840906
Punto[1.         0.54059489 0.45232038] -> F: 0.4272216688395075
Punto[1.         0.54039722 0.45125596] -> F: 0.4282557350730186
Punto[1.         0.54019954 0.45019154] -> F: 0.4292896451532142
Punto[1.         0.54000187 0.44912712] -> F: 0.43032718483168025
Punto[1.        0.5398042 0.4480627] -> F: 0.4313683541084177
Punto[1.         0.53960653 0.44699828] -> F: 0.43241315298342614
Punto[1.         0.53940886 0.44593386] -> F: 0.43346158145670555
Punto[1.         0.53921118 0.44486944] -> F: 0.4345136395282562
Punto[1.         0.53901351 0.44380502] -> F: 0.43556932719807745
Punto[1.         0.53881584 0.4427406 ] -> F: 0.43662864446617017
Punto[1.         0.53861817 0.44167618] -> F: 0.43769159133253366
Punto[1.         0.53842049 0.44061176] -> F: 0.4387581677971682
Punto[1.         0.53822282 0.43954734] -> F: 0.43982837386007384
Punto[1.         0.53802515 0.43848292] -> F: 0.44090220952125075
Punto[1.         0.53782748 0.43741849] -> F: 0.441902072605524
Punto[1.         0.53762981 0.43635407] -> F: 0.4426628890982564
Punto[1.         0.53743213 0.43528965] -> F: 0.443428702765999
Punto[1.         0.53723446 0.43422523] -> F: 0.44416280978436795
Punto[1.         0.53703679 0.43316081] -> F: 0.4448017214782644
Punto[1.         0.53683912 0.43209639] -> F: 0.44483724969711447
Punto[1.         0.53664145 0.43103197] -> F: 0.4442964184915862
Punto[1.         0.53644377 0.42996755] -> F: 0.4437599314607171
Punto[1.         0.5362461  0.42890313] -> F: 0.443227788604507
Punto[1.         0.53604843 0.42783871] -> F: 0.44269998992295573
Punto[1.         0.53585076 0.42677429] -> F: 0.44217653541606355
Punto[1.         0.53565309 0.42570987] -> F: 0.4416574250838304
Punto[1.         0.53545541 0.42464545] -> F: 0.4411426589262562
Punto[1.         0.53525774 0.42358103] -> F: 0.4406322369433413
Punto[1.         0.53506007 0.4225166 ] -> F: 0.4401261591350852
Punto[1.         0.5348624  0.42145218] -> F: 0.43962442550148817
Punto[1.         0.53466472 0.42038776] -> F: 0.43912703604255005
Punto[1.         0.53446705 0.41932334] -> F: 0.43863399075827103
Punto[1.         0.53426938 0.41825892] -> F: 0.43814528964865124
Punto[1.         0.53407171 0.4171945 ] -> F: 0.4376609327136903
Punto[1.         0.53387404 0.41613008] -> F: 0.43718091995338826
Punto[1.         0.53367636 0.41506566] -> F: 0.43670525136774535
Punto[1.         0.53347869 0.41400124] -> F: 0.43623392695676144
Punto[1.         0.53328102 0.41293682] -> F: 0.43576694672043675
Punto[1.         0.53308335 0.4118724 ] -> F: 0.4353043106587708
Punto[1.         0.53288568 0.41080798] -> F: 0.43484601877176393
Punto[1.         0.532688   0.40974356] -> F: 0.4343920710594161
Punto[1.         0.53249033 0.40867914] -> F: 0.4339424675217272
Punto[1.         0.53229266 0.40761471] -> F: 0.4334972081586977
Punto[1.         0.53209499 0.40655029] -> F: 0.43305629297032683
Punto[1.         0.53189732 0.40548587] -> F: 0.43261972195661513
Punto[1.         0.53169964 0.40442145] -> F: 0.4321874951175624
Punto[1.         0.53150197 0.40335703] -> F: 0.43175961245316863
Punto[1.         0.5313043  0.40229261] -> F: 0.43133607396343415
Best centerpoint:  [1.         0.53683912 0.43209639] Best F:  0.44483724969711447 Best u:  [-0.15643447 -0.98330494 -0.09294968] índice:  22
{
  "seed": 7840,
  "n_per_z": 5,
  "nz": 100,
  "nd": 100,
  "n_muestras": 50,
  "best_f": 0.44483724969711447,
  "best_cp": [
    1.0,
    0.5368391178363588,
    0.4320963911601937
  ],
  "best_u": [
    -0.15643446504023092,
    -0.9833049447784513,
    -0.0929496838177707
  ],
  "n_candidatos": 54
}
