Punto[0.         0.41470153 0.74021894] -> F: 0.07488507801369097
Punto[1.         0.41597918 0.62657377] -> F: 0.3375749097613976
Punto[2.         0.45892747 0.52581751] -> F: 0.21024929255809277
Punto[1.         0.4368145  0.63301823] -> F: 0.3273451488955454
Punto[1.         0.41639589 0.62670266] -> F: 0.33736923630762056
Punto[1.         0.41680426 0.62682897] -> F: 0.3371677739325284
Punto[1.         0.41721263 0.62695528] -> F: 0.33696640818109025
Punto[1.         0.417621   0.62708159] -> F: 0.3367651390533058
Punto[1.         0.41802938 0.6272079 ] -> F: 0.33656396654917525
Punto[1.         0.41843775 0.62733421] -> F: 0.3363628906686985
Punto[1.         0.41884612 0.62746052] -> F: 0.33616191141187546
Punto[1.         0.41925449 0.62758684] -> F: 0.33596102877870637
Punto[1.         0.41966287 0.62771315] -> F: 0.33575937500888026
Punto[1.         0.42007124 0.62783946] -> F: 0.3355574644655541
Punto[1.         0.42047961 0.62796577] -> F: 0.33535565172602694
Punto[1.         0.42088798 0.62809208] -> F: 0.33515393679029865
Punto[1.         0.42129636 0.62821839] -> F: 0.33495231965836925
Punto[1.         0.42170473 0.6283447 ] -> F: 0.33475080033023885
Punto[1.         0.4221131  0.62847102] -> F: 0.3345493788059073
Punto[1.         0.42252147 0.62859733] -> F: 0.33434805508537474
Punto[1.         0.42292984 0.62872364] -> F: 0.3341468291686411
Punto[1.         0.42333822 0.62884995] -> F: 0.33394570105570637
Punto[1.         0.42374659 0.62897626] -> F: 0.33374467074657055
Punto[1.         0.42415496 0.62910257] -> F: 0.3335437382412337
Punto[1.         0.42456333 0.62922888] -> F: 0.3333429035396957
Punto[1.         0.42497171 0.6293552 ] -> F: 0.33314216664195667
Punto[1.         0.42538008 0.62948151] -> F: 0.33294152754801665
Punto[1.         0.42578845 0.62960782] -> F: 0.3327409862578753
Punto[1.         0.42619682 0.62973413] -> F: 0.332540542771533
Punto[1.         0.42660519 0.62986044] -> F: 0.3323401970889897
Punto[1.         0.42701357 0.62998675] -> F: 0.33213994921024537
Punto[1.         0.42742194 0.63011306] -> F: 0.3319397991352999
Punto[1.         0.42783031 0.63023937] -> F: 0.33173974686415325
Punto[1.         0.42823868 0.63036569] -> F: 0.3315397923968056
Punto[1.         0.42864706 0.630492  ] -> F: 0.33133993573325676
Punto[1.         0.42905543 0.63061831] -> F: 0.3311401768735071
Punto[1.         0.4294638  0.63074462] -> F: 0.3309405158175562
Punto[1.         0.42987217 0.63087093] -> F: 0.33074095256540426
Punto[1.         0.43028055 0.63099724] -> F: 0.3305414871170512
Punto[1.         0.43068892 0.63112355] -> F: 0.3303418341530971
Punto[1.         0.43109729 0.63124987] -> F: 0.3301413622214046
Punto[1.         0.43150566 0.63137618] -> F: 0.32994098927750104
Punto[1.         0.43191403 0.63150249] -> F: 0.3297407153213865
Punto[1.         0.43232241 0.6316288 ] -> F: 0.32954054035306074
Punto[1.         0.43273078 0.63175511] -> F: 0.32934046437252396
Punto[1.         0.43313915 0.63188142] -> F: 0.3291404873797761
Punto[1.         0.43354752 0.63200773] -> F: 0.328940609374817
Punto[1.         0.4339559  0.63213405] -> F: 0.3287408303576469
Punto[1.         0.43436427 0.63226036] -> F: 0.3285411503282657
Punto[1.         0.43477264 0.63238667] -> F: 0.3283415692866734
Punto[1.         0.43518101 0.63251298] -> F: 0.32814208723287003
Punto[1.         0.43558939 0.63263929] -> F: 0.32794270416685545
Punto[1.         0.43599776 0.6327656 ] -> F: 0.3277434200886299
Punto[1.         0.43640613 0.63289191] -> F: 0.3275442349981932
Best centerpoint:  [1.         0.41597918 0.62657377] Best F:  0.3375749097613976 Best u:  [-0.63742399  0.56167998  0.52745261] índice:  1
{
  "seed": 17506,
  "n_per_z": 5,
  "nz": 100,
  "nd": 100,
  "n_muestras": 50,
  "best_f": 0.3375749097613976,
  "best_cp": [
    1.0,
    0.41597918105079495,
    0.626573767033846
  ],
  "best_u": [
    -0.6374239897486897,
    0.5616799809962879,
    0.5274526104218956
  ],
  "n_candidatos": 54
}
