Punto[0.         0.67820336 0.63656184] -> F: 0.05882026593427573
Punto[1.         0.38550035 0.63860217] -> F: 0.32727573635579016
Punto[2.         0.26329487 0.55233723] -> F: 0.17708719761752098
Punto[1.         0.47074911 0.59444954] -> F: 0.2772209347101298
Punto[1.         0.38720532 0.63771912] -> F: 0.3307636977721018
Punto[1.         0.3888762  0.63685373] -> F: 0.3331284978299208
Punto[1.         0.39054707 0.63598834] -> F: 0.33495073642685214
Punto[1.         0.39221795 0.63512295] -> F: 0.3368144799580033
Punto[1.         0.39388883 0.63425755] -> F: 0.3387197284233746
Punto[1.         0.3955597  0.63339216] -> F: 0.3405487494076477
Punto[1.         0.39723058 0.63252677] -> F: 0.341064409195447
Punto[1.         0.39890145 0.63166138] -> F: 0.3396044059294652
Punto[1.         0.40057233 0.63079599] -> F: 0.33814775385861795
Punto[1.        0.4022432 0.6299306] -> F: 0.33669213424488964
Punto[1.         0.40391408 0.6290652 ] -> F: 0.3352238556315752
Punto[1.         0.40558496 0.62819981] -> F: 0.33375901360029697
Punto[1.         0.40725583 0.62733442] -> F: 0.33229760815105525
Punto[1.         0.40892671 0.62646903] -> F: 0.3308359267999365
Punto[1.         0.41059758 0.62560364] -> F: 0.3293626840350959
Punto[1.         0.41226846 0.62473825] -> F: 0.32789296698418896
Punto[1.         0.41393934 0.62387285] -> F: 0.3264267756472157
Punto[1.         0.41561021 0.62300746] -> F: 0.3249592027522962
Punto[1.         0.41728109 0.62214207] -> F: 0.32348091484289815
Punto[1.         0.41895196 0.62127668] -> F: 0.32200624596277533
Punto[1.         0.42062284 0.62041129] -> F: 0.3205351961119278
Punto[1.         0.42229371 0.61954589] -> F: 0.3190620256978879
Punto[1.         0.42396459 0.6186805 ] -> F: 0.31757856665418804
Punto[1.         0.42563547 0.61781511] -> F: 0.3160988246363645
Punto[1.         0.42730634 0.61694972] -> F: 0.31462279964441753
Punto[1.         0.42897722 0.61608433] -> F: 0.3131504916783472
Punto[1.         0.43064809 0.61521894] -> F: 0.31166945986523725
Punto[1.         0.43231897 0.61435354] -> F: 0.3101912583122626
Punto[1.         0.43398985 0.61348815] -> F: 0.30871822930648496
Punto[1.         0.43566072 0.61262276] -> F: 0.3072503728479043
Punto[1.         0.4373316  0.61175737] -> F: 0.30578768893652086
Punto[1.         0.43900247 0.61089198] -> F: 0.3043301775723343
Punto[1.         0.44067335 0.61002659] -> F: 0.3028778387553449
Punto[1.         0.44234422 0.60916119] -> F: 0.3014288483442156
Punto[1.        0.4440151 0.6082958] -> F: 0.2999726307843706
Punto[1.         0.44568598 0.60743041] -> F: 0.29852168855396544
Punto[1.         0.44735685 0.60656502] -> F: 0.29707602165300034
Punto[1.         0.44902773 0.60569963] -> F: 0.2956356300814753
Punto[1.         0.4506986  0.60483424] -> F: 0.2942005138393902
Punto[1.         0.45236948 0.60396884] -> F: 0.29277067292674525
Punto[1.         0.45404036 0.60310345] -> F: 0.2913461073435404
Punto[1.         0.45571123 0.60223806] -> F: 0.2899180928508713
Punto[1.         0.45738211 0.60137267] -> F: 0.28848953868617105
Punto[1.         0.45905298 0.60050728] -> F: 0.28706636934789553
Punto[1.         0.46072386 0.59964189] -> F: 0.2856485848360446
Punto[1.         0.46239473 0.59877649] -> F: 0.28423618515061844
Punto[1.         0.46406561 0.5979111 ] -> F: 0.28282917029161686
Punto[1.         0.46573649 0.59704571] -> F: 0.2814275402590401
Punto[1.         0.46740736 0.59618032] -> F: 0.28002713939237533
Punto[1.         0.46907824 0.59531493] -> F: 0.2786212861002551
Best centerpoint:  [1.         0.39723058 0.63252677] Best F:  0.341064409195447 Best u:  [-0.99950656  0.02920499 -0.01156307] índice:  7
{
  "seed": 14838,
  "n_per_z": 5,
  "nz": 100,
  "nd": 100,
  "n_muestras": 50,
  "best_f": 0.341064409195447,
  "best_cp": [
    1.0,
    0.397230577453554,
    0.6325267702963704
  ],
  "best_u": [
    -0.9995065603657316,
    0.029204985194744612,
    -0.011563071635122171
  ],
  "n_candidatos": 54
}
