Punto[0.         0.60802381 0.46628804] -> F: 0.16254470390987255
Punto[1.         0.5004983  0.40716769] -> F: 0.423845781944583
Punto[2.         0.38131347 0.38975119] -> F: 0.11468400903365364
Punto[1.         0.49466864 0.42801961] -> F: 0.4309845686190492
Punto[1.         0.50038171 0.40758473] -> F: 0.4250073374168535
Punto[1.         0.50026745 0.40799343] -> F: 0.42614488501001846
Punto[1.         0.50015319 0.40840213] -> F: 0.4272816636796814
Punto[1.         0.50003893 0.40881083] -> F: 0.42841767342584236
Punto[1.         0.49992467 0.40921952] -> F: 0.4295529142485012
Punto[1.         0.4998104  0.40962822] -> F: 0.4306873861476581
Punto[1.         0.49969614 0.41003692] -> F: 0.43182108912331335
Punto[1.         0.49958188 0.41044562] -> F: 0.4329540231754661
Punto[1.         0.49946762 0.41085431] -> F: 0.43401567476765673
Punto[1.         0.49935336 0.41126301] -> F: 0.43497656722039085
Punto[1.         0.4992391  0.41167171] -> F: 0.435940094757633
Punto[1.         0.49912484 0.41208041] -> F: 0.4369062573793828
Punto[1.         0.49901057 0.4124891 ] -> F: 0.43787505508564084
Punto[1.         0.49889631 0.4128978 ] -> F: 0.4388464878764067
Punto[1.         0.49878205 0.4133065 ] -> F: 0.43982055575168016
Punto[1.         0.49866779 0.4137152 ] -> F: 0.44079725871146147
Punto[1.         0.49855353 0.41412389] -> F: 0.4417765967557508
Punto[1.         0.49843927 0.41453259] -> F: 0.44275856988454765
Punto[1.         0.49832501 0.41494129] -> F: 0.44339781734713485
Punto[1.         0.49821074 0.41534999] -> F: 0.4440042541231681
Punto[1.         0.49809648 0.41575869] -> F: 0.444548735127262
Punto[1.         0.49798222 0.41616738] -> F: 0.44409015201940016
Punto[1.         0.49786796 0.41657608] -> F: 0.44363201334079705
Punto[1.         0.4977537  0.41698478] -> F: 0.44317431909145316
Punto[1.         0.49763944 0.41739348] -> F: 0.442717069271368
Punto[1.         0.49752518 0.41780217] -> F: 0.4422602638805418
Punto[1.         0.49741091 0.41821087] -> F: 0.4418039029189747
Punto[1.         0.49729665 0.41861957] -> F: 0.44134798638666645
Punto[1.         0.49718239 0.41902827] -> F: 0.4408925142836173
Punto[1.         0.49706813 0.41943696] -> F: 0.440437486609827
Punto[1.         0.49695387 0.41984566] -> F: 0.43998290336529566
Punto[1.         0.49683961 0.42025436] -> F: 0.43952876455002343
Punto[1.         0.49672535 0.42066306] -> F: 0.43907507016400993
Punto[1.         0.49661108 0.42107175] -> F: 0.43862182020725526
Punto[1.         0.49649682 0.42148045] -> F: 0.43816901467975994
Punto[1.         0.49638256 0.42188915] -> F: 0.4377166535815233
Punto[1.         0.4962683  0.42229785] -> F: 0.43726473691254564
Punto[1.         0.49615404 0.42270654] -> F: 0.436813264672827
Punto[1.         0.49603978 0.42311524] -> F: 0.43636223686236736
Punto[1.         0.49592551 0.42352394] -> F: 0.43591165348116667
Punto[1.         0.49581125 0.42393264] -> F: 0.4354615145292248
Punto[1.         0.49569699 0.42434134] -> F: 0.4350118200065419
Punto[1.         0.49558273 0.42475003] -> F: 0.4345625699131181
Punto[1.         0.49546847 0.42515873] -> F: 0.43411376424895304
Punto[1.         0.49535421 0.42556743] -> F: 0.4336654030140471
Punto[1.         0.49523995 0.42597613] -> F: 0.4332174862084001
Punto[1.         0.49512568 0.42638482] -> F: 0.4327700138320121
Punto[1.         0.49501142 0.42679352] -> F: 0.4323229858848831
Punto[1.         0.49489716 0.42720222] -> F: 0.4318764023670129
Punto[1.         0.4947829  0.42761092] -> F: 0.43143026327840167
Best centerpoint:  [1.         0.49809648 0.41575869] Best F:  0.444548735127262 Best u:  [0.99950656 0.00876332 0.03016355] índice:  21
{
  "seed": 10704,
  "n_per_z": 5,
  "nz": 100,
  "nd": 100,
  "n_muestras": 50,
  "best_f": 0.444548735127262,
  "best_cp": [
    1.0,
    0.4980964825377338,
    0.4157586850049506
  ],
  "best_u": [
    0.9995065603657316,
    0.008763322416738781,
    0.03016355360504631
  ],
  "n_candidatos": 54
}
