Punto[0.         0.39362906 0.59549628] -> F: 0.16189357754090186
Punto[1.         0.44598233 0.59342919] -> F: 0.41712924602079504
Punto[2.         0.42736106 0.59748676] -> F: 0.1261380479431524
Punto[1.         0.41049506 0.59649152] -> F: 0.4271093229498308
Punto[1.         0.44527258 0.59349044] -> F: 0.41795439927600514
Punto[1.         0.44457703 0.59355046] -> F: 0.41876564766336166
Punto[1.         0.44388148 0.59361048] -> F: 0.4195794680035519
Punto[1.         0.44318593 0.5936705 ] -> F: 0.4203958602965757
Punto[1.         0.44249038 0.59373052] -> F: 0.4212148245424332
Punto[1.         0.44179483 0.59379054] -> F: 0.4220363607411246
Punto[1.         0.44109928 0.59385057] -> F: 0.42286046889264933
Punto[1.         0.44040373 0.59391059] -> F: 0.4236871489970081
Punto[1.         0.43970818 0.59397061] -> F: 0.42451640105420047
Punto[1.         0.43901263 0.59403063] -> F: 0.42534822506422654
Punto[1.         0.43831708 0.59409065] -> F: 0.4261826210270864
Punto[1.         0.43762153 0.59415067] -> F: 0.4270195889427799
Punto[1.         0.43692598 0.5942107 ] -> F: 0.4278591288113071
Punto[1.         0.43623043 0.59427072] -> F: 0.42870124063266796
Punto[1.         0.43553487 0.59433074] -> F: 0.42954592440686257
Punto[1.         0.43483932 0.59439076] -> F: 0.43039317188451814
Punto[1.         0.43414377 0.59445078] -> F: 0.4312429657719269
Punto[1.         0.43344822 0.5945108 ] -> F: 0.4320953055220472
Punto[1.         0.43275267 0.59457083] -> F: 0.4329501911348791
Punto[1.         0.43205712 0.59463085] -> F: 0.4338076226104226
Punto[1.         0.43136157 0.59469087] -> F: 0.4346675999486776
Punto[1.         0.43066602 0.59475089] -> F: 0.43553012314964434
Punto[1.         0.42997047 0.59481091] -> F: 0.4363951922133227
Punto[1.         0.42927492 0.59487093] -> F: 0.43726280713971255
Punto[1.         0.42857937 0.59493096] -> F: 0.4381329679288138
Punto[1.         0.42788382 0.59499098] -> F: 0.4390056745806269
Punto[1.         0.42718827 0.595051  ] -> F: 0.43979112562646605
Punto[1.         0.42649272 0.59511102] -> F: 0.4405127219565645
Punto[1.         0.42579717 0.59517104] -> F: 0.44036349280630954
Punto[1.         0.42510162 0.59523106] -> F: 0.4396886009802414
Punto[1.         0.42440607 0.59529109] -> F: 0.4390185911611847
Punto[1.         0.42371052 0.59535111] -> F: 0.43836084263061664
Punto[1.         0.42301497 0.59541113] -> F: 0.4377154413654108
Punto[1.         0.42231942 0.59547115] -> F: 0.43708238736556715
Punto[1.         0.42162387 0.59553117] -> F: 0.43646168063108565
Punto[1.         0.42092832 0.59559119] -> F: 0.4358533211619663
Punto[1.         0.42023277 0.59565122] -> F: 0.43525730895820913
Punto[1.         0.41953722 0.59571124] -> F: 0.43467364401981406
Punto[1.         0.41884166 0.59577126] -> F: 0.43410232634678125
Punto[1.         0.41814611 0.59583128] -> F: 0.4335433559391107
Punto[1.         0.41745056 0.5958913 ] -> F: 0.43296166688826027
Punto[1.         0.41675501 0.59595132] -> F: 0.4322903940765902
Punto[1.         0.41605946 0.59601135] -> F: 0.4316231498401895
Punto[1.         0.41536391 0.59607137] -> F: 0.43098934598736477
Punto[1.         0.41466836 0.59613139] -> F: 0.4303950330613291
Punto[1.         0.41397281 0.59619141] -> F: 0.42984021106208303
Punto[1.         0.41327726 0.59625143] -> F: 0.4293248799896265
Punto[1.         0.41258171 0.59631145] -> F: 0.4288410867797563
Punto[1.         0.41188616 0.59637148] -> F: 0.42835952688598083
Punto[1.         0.41119061 0.5964315 ] -> F: 0.42779266352549383
{
  "seed": 17278,
  "n_per_z": 10,
  "nz": 100,
  "nd": 100,
  "n_muestras": 50,
  "best_f": 0.4405127219565645,
  "best_cp": [
    1.0,
    0.4264927193538031,
    0.5951110210744328
  ],
  "best_u": [
    0.27899110603922916,
    0.8688997051127985,
    -0.4088731651819416
  ],
  "best_index": 31,
  "n_candidatos": 54
}
