Punto[0.         0.26834213 0.5874548 ] -> F: 0.09473484219460947
Punto[1.         0.50689239 0.43690958] -> F: 0.2777021550324753
Punto[2.         0.40852589 0.53021481] -> F: 0.08470264100026327
Punto[1.         0.33843401 0.55883481] -> F: 0.2986466148509253
Punto[1.         0.50352323 0.43934808] -> F: 0.28175797843581785
Punto[1.         0.50022144 0.44173781] -> F: 0.28598959133478513
Punto[1.         0.49691966 0.44412755] -> F: 0.2905432283440719
Punto[1.         0.49361787 0.44651728] -> F: 0.29541888946367817
Punto[1.         0.49031609 0.44890702] -> F: 0.30039826281589976
Punto[1.         0.4870143  0.45129675] -> F: 0.3047469903515827
Punto[1.         0.48371252 0.45368649] -> F: 0.30939368579499854
Punto[1.         0.48041073 0.45607622] -> F: 0.31467284230042325
Punto[1.         0.47710895 0.45846596] -> F: 0.3203883109133212
Punto[1.         0.47380717 0.46085569] -> F: 0.3249260314578142
Punto[1.         0.47050538 0.46324543] -> F: 0.33106893468279824
Punto[1.         0.4672036  0.46563516] -> F: 0.33918401436980816
Punto[1.         0.46390181 0.46802489] -> F: 0.3449325780991955
Punto[1.         0.46060003 0.47041463] -> F: 0.35000457099568727
Punto[1.         0.45729824 0.47280436] -> F: 0.355505800322474
Punto[1.         0.45399646 0.4751941 ] -> F: 0.3616337190878758
Punto[1.         0.45069468 0.47758383] -> F: 0.36735399377656924
Punto[1.         0.44739289 0.47997357] -> F: 0.37252653991136586
Punto[1.         0.44409111 0.4823633 ] -> F: 0.3800651018786455
Punto[1.         0.44078932 0.48475304] -> F: 0.39017760343187013
Punto[1.         0.43748754 0.48714277] -> F: 0.398656725540628
Punto[1.         0.43418575 0.48953251] -> F: 0.4041436209966177
Punto[1.         0.43088397 0.49192224] -> F: 0.4101298585607295
Punto[1.         0.42758219 0.49431197] -> F: 0.40866099175630216
Punto[1.         0.4242804  0.49670171] -> F: 0.40620694410630975
Punto[1.         0.42097862 0.49909144] -> F: 0.4037487560327876
Punto[1.         0.41767683 0.50148118] -> F: 0.4011378342387212
Punto[1.         0.41437505 0.50387091] -> F: 0.3975023495070144
Punto[1.         0.41107326 0.50626065] -> F: 0.39370014160492506
Punto[1.         0.40777148 0.50865038] -> F: 0.3897940895174014
Punto[1.         0.4044697  0.51104012] -> F: 0.3858905801671672
Punto[1.         0.40116791 0.51342985] -> F: 0.3819171229524567
Punto[1.         0.39786613 0.51581959] -> F: 0.37797220489362987
Punto[1.         0.39456434 0.51820932] -> F: 0.3740558259906866
Punto[1.         0.39126256 0.52059905] -> F: 0.37016798624362723
Punto[1.         0.38796077 0.52298879] -> F: 0.3662760123915514
Punto[1.         0.38465899 0.52537852] -> F: 0.36237194961280195
Punto[1.         0.38135721 0.52776826] -> F: 0.3585065580033466
Punto[1.         0.37805542 0.53015799] -> F: 0.35467983756318533
Punto[1.         0.37475364 0.53254773] -> F: 0.3508917882923181
Punto[1.         0.37145185 0.53493746] -> F: 0.3471424101907451
Punto[1.         0.36815007 0.5373272 ] -> F: 0.3434317032584662
Punto[1.         0.36484828 0.53971693] -> F: 0.3397596674954814
Punto[1.         0.3615465  0.54210666] -> F: 0.3361159741260306
Punto[1.         0.35824472 0.5444964 ] -> F: 0.3324682603610217
Punto[1.         0.35494293 0.54688613] -> F: 0.32886037576458743
Punto[1.         0.35164115 0.54927587] -> F: 0.3252923203367277
Punto[1.         0.34833936 0.5516656 ] -> F: 0.3207251058966441
Punto[1.         0.34503758 0.55405534] -> F: 0.31323247844154173
Punto[1.         0.34173579 0.55644507] -> F: 0.3058729814263021
Best centerpoint:  [1.         0.43088397 0.49192224] Best F:  0.4101298585607295 Best u:  [-0.06279052  0.7486309  -0.66000692] índice:  23
{
  "seed": 2914,
  "n_per_z": 5,
  "nz": 100,
  "nd": 100,
  "n_muestras": 50,
  "best_f": 0.4101298585607295,
  "best_cp": [
    1.0,
    0.4308839704539861,
    0.4919222399082298
  ],
  "best_u": [
    -0.06279051952931353,
    0.748630896781119,
    -0.6600069174197619
  ],
  "n_candidatos": 54
}
