Punto[0.         0.49534021 0.69499431] -> F: 0.07245042354027692
Punto[1.         0.51267946 0.54443778] -> F: 0.36634836522607933
Punto[2.         0.57428058 0.5981121 ] -> F: 0.18618159582836136
Punto[1.         0.53481039 0.64655321] -> F: 0.310576757590393
Punto[1.         0.51312208 0.54648009] -> F: 0.3675373006879274
Punto[1.         0.51355585 0.54848155] -> F: 0.3687115726188013
Punto[1.         0.51398961 0.55048301] -> F: 0.3696827061386748
Punto[1.         0.51442338 0.55248448] -> F: 0.37075202229828663
Punto[1.         0.51485715 0.55448594] -> F: 0.36971276766171224
Punto[1.         0.51529091 0.5564874 ] -> F: 0.3683644999018396
Punto[1.         0.51572468 0.55848886] -> F: 0.3670194804948484
Punto[1.         0.51615845 0.56049033] -> F: 0.3656777094407389
Punto[1.         0.51659221 0.56249179] -> F: 0.3643391867395106
Punto[1.         0.51702598 0.56449325] -> F: 0.3630039123911639
Punto[1.         0.51745974 0.56649471] -> F: 0.36167188639569875
Punto[1.         0.51789351 0.56849618] -> F: 0.3603431087531151
Punto[1.         0.51832728 0.57049764] -> F: 0.35901757946341306
Punto[1.         0.51876104 0.5724991 ] -> F: 0.3576952985265922
Punto[1.         0.51919481 0.57450056] -> F: 0.3563762659426531
Punto[1.         0.51962858 0.57650202] -> F: 0.35506048171159554
Punto[1.         0.52006234 0.57850349] -> F: 0.35374794583341934
Punto[1.         0.52049611 0.58050495] -> F: 0.35242639098109363
Punto[1.         0.52092987 0.58250641] -> F: 0.3511076812305977
Punto[1.         0.52136364 0.58450787] -> F: 0.34979228340146024
Punto[1.         0.52179741 0.58650934] -> F: 0.34848019749368137
Punto[1.         0.52223117 0.5885108 ] -> F: 0.34717142350726105
Punto[1.         0.52266494 0.59051226] -> F: 0.3458659614421995
Punto[1.         0.52309871 0.59251372] -> F: 0.3445638112984964
Punto[1.         0.52353247 0.59451519] -> F: 0.343264973076152
Punto[1.         0.52396624 0.59651665] -> F: 0.3419694467751663
Punto[1.         0.5244     0.59851811] -> F: 0.34067723239553904
Punto[1.         0.52483377 0.60051957] -> F: 0.3393883299372706
Punto[1.         0.52526754 0.60252104] -> F: 0.3381027394003606
Punto[1.        0.5257013 0.6045225] -> F: 0.3368204607848092
Punto[1.         0.52613507 0.60652396] -> F: 0.33554149409061645
Punto[1.         0.52656884 0.60852542] -> F: 0.3342658393177824
Punto[1.         0.5270026  0.61052688] -> F: 0.3329937944110003
Punto[1.         0.52743637 0.61252835] -> F: 0.3317263699591808
Punto[1.         0.52787013 0.61452981] -> F: 0.3304636490919706
Punto[1.         0.5283039  0.61653127] -> F: 0.3292056318093696
Punto[1.         0.52873767 0.61853273] -> F: 0.32795231811137787
Punto[1.         0.52917143 0.6205342 ] -> F: 0.3266847499160845
Punto[1.         0.5296052  0.62253566] -> F: 0.32541966261337346
Punto[1.         0.53003897 0.62453712] -> F: 0.3241579543323528
Punto[1.         0.53047273 0.62653858] -> F: 0.3228996250730228
Punto[1.         0.5309065  0.62854005] -> F: 0.3216453109278294
Punto[1.         0.53134026 0.63054151] -> F: 0.32039588745270753
Punto[1.         0.53177403 0.63254297] -> F: 0.3191513600314373
Punto[1.         0.5322078  0.63454443] -> F: 0.31791172866401884
Punto[1.         0.53264156 0.6365459 ] -> F: 0.3166769933504521
Punto[1.         0.53307533 0.63854736] -> F: 0.3154471540907369
Punto[1.         0.53350909 0.64054882] -> F: 0.31422221088487345
Punto[1.         0.53394286 0.64255028] -> F: 0.3130021637328616
Punto[1.         0.53437663 0.64455174] -> F: 0.3117870126347015
{
  "seed": 14806,
  "n_per_z": 10,
  "nz": 100,
  "nd": 100,
  "n_muestras": 50,
  "best_f": 0.37075202229828663,
  "best_cp": [
    1.0,
    0.5144233807450788,
    0.5524844767077786
  ],
  "best_u": [
    -0.2789911060392295,
    -0.8556279390750501,
    -0.43596421025720655
  ],
  "best_index": 7,
  "n_candidatos": 54
}
