Punto[0.         0.41968358 0.37313529] -> F: 0.1215719933478394
Punto[1.         0.47316952 0.50458598] -> F: 0.4432794720628111
Punto[2.         0.48973342 0.60988905] -> F: 0.14889467829833902
Punto[1.         0.4547085  0.49151217] -> F: 0.4274008944686768
Punto[1.        0.4728003 0.5043245] -> F: 0.44391972368788457
Punto[1.         0.47243847 0.50406826] -> F: 0.4444923045315016
Punto[1.         0.47207663 0.50381201] -> F: 0.44506711883892425
Punto[1.         0.47171479 0.50355576] -> F: 0.4456441666101524
Punto[1.         0.47135296 0.50329952] -> F: 0.4462234478451858
Punto[1.         0.47099112 0.50304327] -> F: 0.4468049625440249
Punto[1.         0.47062929 0.50278702] -> F: 0.44738871070666913
Punto[1.         0.47026745 0.50253078] -> F: 0.44797469233311926
Punto[1.         0.46990561 0.50227453] -> F: 0.44818094980275136
Punto[1.         0.46954378 0.50201828] -> F: 0.44777652448389704
Punto[1.         0.46918194 0.50176204] -> F: 0.4473561650862364
Punto[1.         0.46882011 0.50150579] -> F: 0.4468876219557029
Punto[1.         0.46845827 0.50124954] -> F: 0.4464219356286933
Punto[1.         0.46809643 0.5009933 ] -> F: 0.44595910610520756
Punto[1.         0.4677346  0.50073705] -> F: 0.44549913338524555
Punto[1.         0.46737276 0.5004808 ] -> F: 0.4450420174688076
Punto[1.         0.46701093 0.50022456] -> F: 0.4445877583558933
Punto[1.         0.46664909 0.49996831] -> F: 0.44413635604650303
Punto[1.         0.46628725 0.49971206] -> F: 0.44368781054063655
Punto[1.         0.46592542 0.49945582] -> F: 0.44324212183829387
Punto[1.         0.46556358 0.49919957] -> F: 0.44279928993947537
Punto[1.         0.46520174 0.49894332] -> F: 0.44235931484418045
Punto[1.         0.46483991 0.49868708] -> F: 0.44192219655240944
Punto[1.         0.46447807 0.49843083] -> F: 0.44148793506416234
Punto[1.         0.46411624 0.49817459] -> F: 0.44105653037943915
Punto[1.         0.4637544  0.49791834] -> F: 0.44062798249823965
Punto[1.         0.46339256 0.49766209] -> F: 0.4402022914205641
Punto[1.         0.46303073 0.49740585] -> F: 0.43977945714641253
Punto[1.         0.46266889 0.4971496 ] -> F: 0.4393594796757848
Punto[1.         0.46230706 0.49689335] -> F: 0.4389423590086809
Punto[1.         0.46194522 0.49663711] -> F: 0.4385280951451008
Punto[1.         0.46158338 0.49638086] -> F: 0.4381166880850447
Punto[1.         0.46122155 0.49612461] -> F: 0.43770813782851237
Punto[1.         0.46085971 0.49586837] -> F: 0.4372298646804125
Punto[1.         0.46049788 0.49561212] -> F: 0.43664858022280456
Punto[1.         0.46013604 0.49535587] -> F: 0.4360676844826054
Punto[1.         0.4597742  0.49509963] -> F: 0.4354871774598152
Punto[1.         0.45941237 0.49484338] -> F: 0.4349070591544338
Punto[1.         0.45905053 0.49458713] -> F: 0.4343273295664611
Punto[1.         0.4586887  0.49433089] -> F: 0.43374798869589737
Punto[1.         0.45832686 0.49407464] -> F: 0.4331690365427423
Punto[1.         0.45796502 0.49381839] -> F: 0.432590473106996
Punto[1.         0.45760319 0.49356215] -> F: 0.4320122983886585
Punto[1.         0.45724135 0.4933059 ] -> F: 0.43143451238773006
Punto[1.         0.45687952 0.49304965] -> F: 0.4308571151042103
Punto[1.         0.45651768 0.49279341] -> F: 0.43028010653809934
Punto[1.         0.45615584 0.49253716] -> F: 0.4297034866893972
Punto[1.         0.45579401 0.49228091] -> F: 0.4291272555581038
Punto[1.         0.45543217 0.49202467] -> F: 0.42855141314421935
Punto[1.         0.45507034 0.49176842] -> F: 0.42797595944774364
{
  "seed": 16322,
  "n_per_z": 10,
  "nz": 100,
  "nd": 100,
  "n_muestras": 50,
  "best_f": 0.44818094980275136,
  "best_cp": [
    1.0,
    0.4699056135186602,
    0.5022745301324767
  ],
  "best_u": [
    -0.18738131458572474,
    -0.6020507846850032,
    -0.7761591947560098
  ],
  "best_index": 12,
  "n_candidatos": 54
}
