Punto[0.         0.64092109 0.26258374] -> F: 0.04313616025428228
Punto[1.         0.53692778 0.446015  ] -> F: 0.34850224029610044
Punto[2.         0.45764997 0.42241003] -> F: 0.1304124934935476
Punto[1.         0.54928553 0.34249689] -> F: 0.28880898644703323
Punto[1.         0.53717494 0.44394463] -> F: 0.35224765447212897
Punto[1.         0.53741715 0.44191568] -> F: 0.355970153865503
Punto[1.         0.53765936 0.43988672] -> F: 0.3596531601838337
Punto[1.         0.53790158 0.43785777] -> F: 0.36327000970091655
Punto[1.         0.53814379 0.43582881] -> F: 0.36689251310405974
Punto[1.         0.538386   0.43379986] -> F: 0.3704153574691223
Punto[1.         0.53862821 0.4317709 ] -> F: 0.37395527210747226
Punto[1.         0.53887042 0.42974195] -> F: 0.37739510248075464
Punto[1.         0.53911263 0.42771299] -> F: 0.38084401930407624
Punto[1.         0.53935485 0.42568404] -> F: 0.38205076607686667
Punto[1.         0.53959706 0.42365509] -> F: 0.3798717861287869
Punto[1.         0.53983927 0.42162613] -> F: 0.37768017394059217
Punto[1.         0.54008148 0.41959718] -> F: 0.37548656696666544
Punto[1.         0.54032369 0.41756822] -> F: 0.37329096585335025
Punto[1.         0.54056591 0.41553927] -> F: 0.3710821711516992
Punto[1.         0.54080812 0.41351031] -> F: 0.36887445188494355
Punto[1.         0.54105033 0.41148136] -> F: 0.3666597873598682
Punto[1.         0.54129254 0.4094524 ] -> F: 0.3644362687354996
Punto[1.         0.54153475 0.40742345] -> F: 0.36221384313053206
Punto[1.         0.54177696 0.40539449] -> F: 0.3599809631624286
Punto[1.         0.54201918 0.40336554] -> F: 0.3577420515075648
Punto[1.         0.54226139 0.40133658] -> F: 0.3555042513441655
Punto[1.         0.5425036  0.39930763] -> F: 0.3532543205182242
Punto[1.         0.54274581 0.39727867] -> F: 0.35099926303661155
Punto[1.         0.54298802 0.39524972] -> F: 0.3487453365129784
Punto[1.         0.54323024 0.39322076] -> F: 0.3464799405100118
Punto[1.         0.54347245 0.39119181] -> F: 0.34420788954083137
Punto[1.         0.54371466 0.38916285] -> F: 0.3419369901132268
Punto[1.         0.54395687 0.3871339 ] -> F: 0.3396582732304218
Punto[1.         0.54419908 0.38510494] -> F: 0.3373682729254356
Punto[1.         0.54444129 0.38307599] -> F: 0.3350794460042023
Punto[1.         0.54468351 0.38104703] -> F: 0.3327902933010991
Punto[1.         0.54492572 0.37901808] -> F: 0.3304812636566954
Punto[1.         0.54516793 0.37698912] -> F: 0.32817343066108273
Punto[1.         0.54541014 0.37496017] -> F: 0.32586679431426124
Punto[1.         0.54565235 0.37293121] -> F: 0.32354842847350684
Punto[1.         0.54589457 0.37090226] -> F: 0.3212203676049862
Punto[1.         0.54613678 0.3688733 ] -> F: 0.3188935282651185
Punto[1.         0.54637899 0.36684435] -> F: 0.3165679104539041
Punto[1.         0.5466212  0.36481539] -> F: 0.31422812387149124
Punto[1.         0.54686341 0.36278644] -> F: 0.3118949860634368
Punto[1.         0.54710562 0.36075748] -> F: 0.30957293519872303
Punto[1.         0.54734784 0.35872853] -> F: 0.30726197127734994
Punto[1.         0.54759005 0.35669957] -> F: 0.304958144327627
Punto[1.         0.54783226 0.35467062] -> F: 0.3026398556883308
Punto[1.         0.54807447 0.35264166] -> F: 0.30032278857768757
Punto[1.         0.54831668 0.35061271] -> F: 0.29800694299569747
Punto[1.         0.5485589  0.34858375] -> F: 0.2956924972798772
Punto[1.         0.54880111 0.3465548 ] -> F: 0.2933862770630495
Punto[1.         0.54904332 0.34452584] -> F: 0.2910917734521015
Best centerpoint:  [1.         0.53935485 0.42568404] Best F:  0.38205076607686667 Best u:  [-0.99950656  0.01156307 -0.02920499] índice:  10
{
  "seed": 15894,
  "n_per_z": 5,
  "nz": 100,
  "nd": 100,
  "n_muestras": 50,
  "best_f": 0.38205076607686667,
  "best_cp": [
    1.0,
    0.5393548460356589,
    0.4256840400198064
  ],
  "best_u": [
    -0.9995065603657316,
    0.01156307163512216,
    -0.029204985194744616
  ],
  "n_candidatos": 54
}
