Punto[0.         0.33504974 0.32111703] -> F: 0.029670333799733235
Punto[1.         0.4767579  0.48152325] -> F: 0.365290593592779
Punto[2.         0.53477509 0.54052205] -> F: 0.13673321869554184
Punto[1.         0.43491242 0.43081954] -> F: 0.3023154010925954
Punto[1.         0.47592099 0.48050917] -> F: 0.36395812916360926
Punto[1.         0.47510082 0.47951538] -> F: 0.3626552032619578
Punto[1.         0.47428065 0.47852159] -> F: 0.3613551374150098
Punto[1.         0.47346048 0.4775278 ] -> F: 0.3600579316227651
Punto[1.        0.4726403 0.476534 ] -> F: 0.35876358588522367
Punto[1.         0.47182013 0.47554021] -> F: 0.35747210020238557
Punto[1.         0.47099996 0.47454642] -> F: 0.35618347457425076
Punto[1.         0.47017979 0.47355263] -> F: 0.35489770900081924
Punto[1.         0.46935962 0.47255883] -> F: 0.35361480348209107
Punto[1.         0.46853945 0.47156504] -> F: 0.3523347580180662
Punto[1.         0.46771928 0.47057125] -> F: 0.35105757260874465
Punto[1.         0.4668991  0.46957745] -> F: 0.34978324725412624
Punto[1.         0.46607893 0.46858366] -> F: 0.3485117819542113
Punto[1.         0.46525876 0.46758987] -> F: 0.3472431767089998
Punto[1.         0.46443859 0.46659608] -> F: 0.3459774315184915
Punto[1.         0.46361842 0.46560228] -> F: 0.3447145463826864
Punto[1.         0.46279825 0.46460849] -> F: 0.34345452130158466
Punto[1.         0.46197808 0.4636147 ] -> F: 0.34219735627518627
Punto[1.         0.4611579  0.46262091] -> F: 0.3409430513034911
Punto[1.         0.46033773 0.46162711] -> F: 0.3396916063864993
Punto[1.         0.45951756 0.46063332] -> F: 0.33844302152421085
Punto[1.         0.45869739 0.45963953] -> F: 0.3371972967166256
Punto[1.         0.45787722 0.45864574] -> F: 0.33595443196374386
Punto[1.         0.45705705 0.45765194] -> F: 0.33471442726556533
Punto[1.         0.45623688 0.45665815] -> F: 0.3334772826220901
Punto[1.         0.4554167  0.45566436] -> F: 0.3322429980333182
Punto[1.         0.45459653 0.45467056] -> F: 0.33101157349924953
Punto[1.         0.45377636 0.45367677] -> F: 0.3297830090198843
Punto[1.         0.45295619 0.45268298] -> F: 0.3285573045952222
Punto[1.         0.45213602 0.45168919] -> F: 0.3273344602252634
Punto[1.         0.45131585 0.45069539] -> F: 0.32611447591000814
Punto[1.         0.45049568 0.4497016 ] -> F: 0.324897351649456
Punto[1.         0.4496755  0.44870781] -> F: 0.32368308744360735
Punto[1.         0.44885533 0.44771402] -> F: 0.3224716832924617
Punto[1.         0.44803516 0.44672022] -> F: 0.3212631391960196
Punto[1.         0.44721499 0.44572643] -> F: 0.32005745515428086
Punto[1.         0.44639482 0.44473264] -> F: 0.3188546311672452
Punto[1.         0.44557465 0.44373885] -> F: 0.31765466723491304
Punto[1.         0.44475448 0.44274505] -> F: 0.31645756335728414
Punto[1.         0.4439343  0.44175126] -> F: 0.31526331953435854
Punto[1.         0.44311413 0.44075747] -> F: 0.31407193576613623
Punto[1.         0.44229396 0.43976368] -> F: 0.31288341205261727
Punto[1.         0.44147379 0.43876988] -> F: 0.31169774839380154
Punto[1.         0.44065362 0.43777609] -> F: 0.3105149447896892
Punto[1.         0.43983345 0.4367823 ] -> F: 0.30933500124028024
Punto[1.         0.43901328 0.4357885 ] -> F: 0.3081579177455745
Punto[1.         0.4381931  0.43479471] -> F: 0.306983694305572
Punto[1.         0.43737293 0.43380092] -> F: 0.3058123309202729
Punto[1.         0.43655276 0.43280713] -> F: 0.30464382758967706
Punto[1.         0.43573259 0.43181333] -> F: 0.3034781843137845
Best centerpoint:  [1.         0.4767579  0.48152325] Best F:  0.365290593592779 Best u:  [-0.99950656 -0.00970646 -0.02987341] índice:  1
{
  "seed": 6684,
  "n_per_z": 5,
  "nz": 100,
  "nd": 100,
  "n_muestras": 50,
  "best_f": 0.365290593592779,
  "best_cp": [
    1.0,
    0.4767578993068529,
    0.48152324772636323
  ],
  "best_u": [
    -0.9995065603657316,
    -0.0097064583613588,
    -0.02987340710303106
  ],
  "n_candidatos": 54
}
