Punto[0.         0.5991285  0.50503266] -> F: 0.16707835528375764
Punto[1.         0.51295166 0.5302151 ] -> F: 0.3838310532444513
Punto[2.         0.39780659 0.66174082] -> F: 0.08882343208858733
Punto[1.         0.49846754 0.58338674] -> F: 0.3681981652706266
Punto[1.         0.51266198 0.53127853] -> F: 0.3856375267288349
Punto[1.         0.51237809 0.53232069] -> F: 0.38741228943831413
Punto[1.         0.5120942  0.53336286] -> F: 0.3891914262092958
Punto[1.         0.51181031 0.53440502] -> F: 0.39097493704178055
Punto[1.         0.51152642 0.53544719] -> F: 0.3927628219357676
Punto[1.         0.51124253 0.53648935] -> F: 0.3940582010543553
Punto[1.         0.51095865 0.53753152] -> F: 0.39349836803559834
Punto[1.         0.51067476 0.53857368] -> F: 0.39293916062222356
Punto[1.         0.51039087 0.53961584] -> F: 0.39238057881423055
Punto[1.         0.51010698 0.54065801] -> F: 0.3918226226116198
Punto[1.         0.50982309 0.54170017] -> F: 0.39126529201439086
Punto[1.         0.5095392  0.54274234] -> F: 0.39070858702254413
Punto[1.         0.50925531 0.5437845 ] -> F: 0.39015250763607917
Punto[1.         0.50897142 0.54482666] -> F: 0.3895970538549963
Punto[1.         0.50868754 0.54586883] -> F: 0.38904222567929553
Punto[1.         0.50840365 0.54691099] -> F: 0.38847789674481276
Punto[1.         0.50811976 0.54795316] -> F: 0.38790924665548654
Punto[1.         0.50783587 0.54899532] -> F: 0.38734125675170056
Punto[1.         0.50755198 0.55003749] -> F: 0.38677392703345476
Punto[1.         0.50726809 0.55107965] -> F: 0.3862072575007492
Punto[1.         0.5069842  0.55212181] -> F: 0.38564124815358375
Punto[1.         0.50670031 0.55316398] -> F: 0.3850758989919587
Punto[1.         0.50641643 0.55420614] -> F: 0.38451121001587363
Punto[1.         0.50613254 0.55524831] -> F: 0.3839471812253289
Punto[1.         0.50584865 0.55629047] -> F: 0.3833772520782549
Punto[1.         0.50556476 0.55733263] -> F: 0.38279952093299663
Punto[1.         0.50528087 0.5583748 ] -> F: 0.3822224857348484
Punto[1.         0.50499698 0.55941696] -> F: 0.3816461464838101
Punto[1.         0.50471309 0.56045913] -> F: 0.3810705031798819
Punto[1.         0.50442921 0.56150129] -> F: 0.3804955558230637
Punto[1.         0.50414532 0.56254346] -> F: 0.3799213044133557
Punto[1.         0.50386143 0.56358562] -> F: 0.37934774895075746
Punto[1.         0.50357754 0.56462778] -> F: 0.3787748894352694
Punto[1.         0.50329365 0.56566995] -> F: 0.3781963804537979
Punto[1.         0.50300976 0.56671211] -> F: 0.37760990970410646
Punto[1.         0.50272587 0.56775428] -> F: 0.37702417196683163
Punto[1.         0.50244198 0.56879644] -> F: 0.3764391672419735
Punto[1.        0.5021581 0.5698386] -> F: 0.375854895529532
Punto[1.         0.50187421 0.57088077] -> F: 0.3752713568295073
Punto[1.         0.50159032 0.57192293] -> F: 0.3746885511418991
Punto[1.         0.50130643 0.5729651 ] -> F: 0.3741064784667075
Punto[1.         0.50102254 0.57400726] -> F: 0.3735251388039327
Punto[1.         0.50073865 0.57504943] -> F: 0.3729354419978141
Punto[1.         0.50045476 0.57609159] -> F: 0.37234055415287354
Punto[1.         0.50017087 0.57713375] -> F: 0.3717464378262258
Punto[1.         0.49988699 0.57817592] -> F: 0.371153093017871
Punto[1.         0.4996031  0.57921808] -> F: 0.37056051972780907
Punto[1.         0.49931921 0.58026025] -> F: 0.3699687179560401
Punto[1.         0.49903532 0.58130241] -> F: 0.36937768817333594
Punto[1.         0.49875143 0.58234457] -> F: 0.3687874900941197
Best centerpoint:  [1.         0.51124253 0.53648935] Best F:  0.3940582010543553 Best u:  [0.99802673 0.03024956 0.05502375] índice:  6
{
  "seed": 19999,
  "n_per_z": 5,
  "nz": 100,
  "nd": 100,
  "n_muestras": 50,
  "best_f": 0.3940582010543553,
  "best_cp": [
    1.0,
    0.5112425348184569,
    0.53648935141042
  ],
  "best_u": [
    0.9980267284282716,
    0.030249563482002216,
    0.05502375170696199
  ],
  "n_candidatos": 54
}
