Punto[0.         0.53993058 0.41247579] -> F: 0.11762847282133303
Punto[1.         0.47147    0.48674798] -> F: 0.4063761117858282
Punto[2.         0.35154205 0.41110517] -> F: 0.14705479350847792
Punto[1.         0.44573632 0.41179048] -> F: 0.4209703147427504
Punto[1.         0.47095533 0.48524883] -> F: 0.4084517737785059
Punto[1.         0.47045095 0.48377966] -> F: 0.4104743231558281
Punto[1.         0.46994657 0.4823105 ] -> F: 0.41249848974619485
Punto[1.         0.46944219 0.48084133] -> F: 0.4145260602933065
Punto[1.         0.46893781 0.47937216] -> F: 0.41655703479716316
Punto[1.         0.46843343 0.477903  ] -> F: 0.4185914132577647
Punto[1.         0.46792905 0.47643383] -> F: 0.4206291956751117
Punto[1.         0.46742467 0.47496466] -> F: 0.4226703820492034
Punto[1.         0.46692029 0.4734955 ] -> F: 0.42470082482688426
Punto[1.         0.46641591 0.47202633] -> F: 0.42673241554352337
Punto[1.         0.46591153 0.47055716] -> F: 0.42876735923699005
Punto[1.         0.46540715 0.46908799] -> F: 0.4308056559072841
Punto[1.         0.46490277 0.46761883] -> F: 0.43284730555440604
Punto[1.         0.46439839 0.46614966] -> F: 0.4348923081783553
Punto[1.         0.46389401 0.46468049] -> F: 0.43694066377913215
Punto[1.         0.46338963 0.46321133] -> F: 0.4389805741058002
Punto[1.         0.46288525 0.46174216] -> F: 0.4410197124597933
Punto[1.         0.46238086 0.46027299] -> F: 0.4430621558348801
Punto[1.         0.46187648 0.45880382] -> F: 0.4451079042310604
Punto[1.         0.4613721  0.45733466] -> F: 0.4471569576483344
Punto[1.         0.46086772 0.45586549] -> F: 0.4492093160867019
Punto[1.         0.46036334 0.45439632] -> F: 0.4512649795461627
Punto[1.         0.45985896 0.45292716] -> F: 0.4513235759794751
Punto[1.         0.45935458 0.45145799] -> F: 0.4503860346567938
Punto[1.         0.4588502  0.44998882] -> F: 0.44945029924352914
Punto[1.         0.45834582 0.44851966] -> F: 0.4485057381249365
Punto[1.         0.45784144 0.44705049] -> F: 0.447559764209988
Punto[1.         0.45733706 0.44558132] -> F: 0.446615644572814
Punto[1.         0.45683268 0.44411215] -> F: 0.44566527655616
Punto[1.         0.4563283  0.44264299] -> F: 0.4447121926135769
Punto[1.         0.45582392 0.44117382] -> F: 0.443761014482254
Punto[1.         0.45531954 0.43970465] -> F: 0.4427702283805683
Punto[1.         0.45481516 0.43823549] -> F: 0.4417177406771635
Punto[1.         0.45431078 0.43676632] -> F: 0.44066721368280354
Punto[1.         0.4538064  0.43529715] -> F: 0.43961864739748885
Punto[1.         0.45330202 0.43382799] -> F: 0.4385614228788258
Punto[1.         0.45279764 0.43235882] -> F: 0.4375058288560883
Punto[1.         0.45229326 0.43088965] -> F: 0.4364522540508172
Punto[1.         0.45178888 0.42942048] -> F: 0.43540069846301305
Punto[1.         0.4512845  0.42795132] -> F: 0.4343414822954191
Punto[1.         0.45078012 0.42648215] -> F: 0.4332638526761924
Punto[1.         0.45027574 0.42501298] -> F: 0.4320404104814953
Punto[1.         0.44977136 0.42354382] -> F: 0.4308309907674919
Punto[1.         0.44926698 0.42207465] -> F: 0.4296355935341821
Punto[1.         0.4487626  0.42060548] -> F: 0.4284542187815663
Punto[1.         0.44825822 0.41913631] -> F: 0.42720382820161473
Punto[1.         0.44775384 0.41766715] -> F: 0.42594811519195347
Punto[1.         0.44724946 0.41619798] -> F: 0.4247029954493363
Punto[1.         0.44674508 0.41472881] -> F: 0.4234684689737632
Punto[1.         0.4462407  0.41325965] -> F: 0.4222445357652341
{
  "seed": 7251,
  "n_per_z": 10,
  "nz": 100,
  "nd": 100,
  "n_muestras": 50,
  "best_f": 0.4513235759794751,
  "best_cp": [
    1.0,
    0.45985896348117494,
    0.45292715673780787
  ],
  "best_u": [
    -0.48175367410171516,
    -0.6573273410920195,
    -0.579512005175384
  ],
  "best_index": 26,
  "n_candidatos": 54
}
