Punto[0.         0.43913595 0.46624141] -> F: 0.11761044162634558
Punto[1.         0.50221242 0.50614455] -> F: 0.43775037482323853
Punto[2.         0.59146569 0.52883879] -> F: 0.1615541181716837
Punto[1.         0.51530082 0.4975401 ] -> F: 0.4424579863751015
Punto[1.         0.50247418 0.50597246] -> F: 0.4379819350278696
Punto[1.         0.50273072 0.50580381] -> F: 0.43823801970534565
Punto[1.         0.50298725 0.50563517] -> F: 0.4385229655579715
Punto[1.         0.50324378 0.50546652] -> F: 0.4388354366204026
Punto[1.         0.50350031 0.50529787] -> F: 0.4391548769818318
Punto[1.         0.50375685 0.50512922] -> F: 0.43947429321229603
Punto[1.         0.50401338 0.50496058] -> F: 0.4397936853117944
Punto[1.         0.50426991 0.50479193] -> F: 0.44011305328032724
Punto[1.         0.50452645 0.50462328] -> F: 0.44043239711789467
Punto[1.         0.50478298 0.50445464] -> F: 0.4407517168244965
Punto[1.         0.50503951 0.50428599] -> F: 0.4410710124001327
Punto[1.         0.50529604 0.50411734] -> F: 0.44139028384480355
Punto[1.         0.50555258 0.50394869] -> F: 0.44170953115850875
Punto[1.         0.50580911 0.50378005] -> F: 0.4420287543412485
Punto[1.         0.50606564 0.5036114 ] -> F: 0.44234795339302263
Punto[1.         0.50632218 0.50344275] -> F: 0.4426671283138312
Punto[1.         0.50657871 0.5032741 ] -> F: 0.44298627910367444
Punto[1.         0.50683524 0.50310546] -> F: 0.44330540576255206
Punto[1.         0.50709177 0.50293681] -> F: 0.443624508290464
Punto[1.         0.50734831 0.50276816] -> F: 0.44394358668741063
Punto[1.         0.50760484 0.50259952] -> F: 0.4442626409533916
Punto[1.         0.50786137 0.50243087] -> F: 0.44458167108840707
Punto[1.         0.50811791 0.50226222] -> F: 0.444900677092457
Punto[1.         0.50837444 0.50209357] -> F: 0.4452196589655415
Punto[1.         0.50863097 0.50192493] -> F: 0.4455386167076602
Punto[1.         0.5088875  0.50175628] -> F: 0.4458575503188136
Punto[1.         0.50914404 0.50158763] -> F: 0.4460462262954004
Punto[1.         0.50940057 0.50141898] -> F: 0.44589632029964194
Punto[1.         0.5096571  0.50125034] -> F: 0.4457464487385861
Punto[1.         0.50991364 0.50108169] -> F: 0.44559661161223285
Punto[1.         0.51017017 0.50091304] -> F: 0.445446808920582
Punto[1.         0.5104267  0.50074439] -> F: 0.44529704066363385
Punto[1.         0.51068323 0.50057575] -> F: 0.44514730684138815
Punto[1.         0.51093977 0.5004071 ] -> F: 0.44499760745384503
Punto[1.         0.5111963  0.50023845] -> F: 0.44484794250100446
Punto[1.         0.51145283 0.50006981] -> F: 0.44469831198286636
Punto[1.         0.51170936 0.49990116] -> F: 0.44454871589943085
Punto[1.         0.5119659  0.49973251] -> F: 0.444399154250698
Punto[1.         0.51222243 0.49956386] -> F: 0.44424962703666754
Punto[1.         0.51247896 0.49939522] -> F: 0.4441001342573397
Punto[1.         0.5127355  0.49922657] -> F: 0.44395067591271437
Punto[1.         0.51299203 0.49905792] -> F: 0.44380125200279164
Punto[1.         0.51324856 0.49888927] -> F: 0.4436518625275715
Punto[1.         0.51350509 0.49872063] -> F: 0.4435025074870537
Punto[1.         0.51376163 0.49855198] -> F: 0.4433531868812387
Punto[1.         0.51401816 0.49838333] -> F: 0.4432039007101261
Punto[1.         0.51427469 0.49821469] -> F: 0.44305464897371605
Punto[1.         0.51453123 0.49804604] -> F: 0.44290543167200863
Punto[1.         0.51478776 0.49787739] -> F: 0.4427562488050036
Punto[1.         0.51504429 0.49770874] -> F: 0.44260710037270123
{
  "seed": 2454,
  "n_per_z": 10,
  "nz": 100,
  "nd": 100,
  "n_muestras": 50,
  "best_f": 0.4460462262954004,
  "best_cp": [
    1.0,
    0.5091440366725156,
    0.5015876313516674
  ],
  "best_u": [
    -0.99556196460308,
    0.0686020079887415,
    -0.06442157352601925
  ],
  "best_index": 30,
  "n_candidatos": 54
}
