Punto[0.         0.41186394 0.57560722] -> F: 0.16220578793677995
Punto[1.         0.50032396 0.434357  ] -> F: 0.32840131891868085
Punto[2.         0.68134846 0.39162497] -> F: 0.034519271784991264
Punto[1.         0.5466062  0.48361609] -> F: 0.23336929778833782
Punto[1.         0.50124961 0.43534218] -> F: 0.3333655002175512
Punto[1.         0.50215674 0.43630766] -> F: 0.3354205779432825
Punto[1.         0.50306387 0.43727314] -> F: 0.33321460375996503
Punto[1.         0.503971   0.43823862] -> F: 0.3310168043514294
Punto[1.         0.50487814 0.4392041 ] -> F: 0.32882717971767517
Punto[1.         0.50578527 0.44016957] -> F: 0.32664572985870244
Punto[1.         0.5066924  0.44113505] -> F: 0.3244724547745116
Punto[1.         0.50759953 0.44210053] -> F: 0.3223073544651022
Punto[1.         0.50850666 0.44306601] -> F: 0.32015042893047446
Punto[1.         0.5094138  0.44403149] -> F: 0.3180016781706286
Punto[1.         0.51032093 0.44499697] -> F: 0.31586110218556407
Punto[1.         0.51122806 0.44596244] -> F: 0.3137287009752813
Punto[1.         0.51213519 0.44692792] -> F: 0.3116044745397802
Punto[1.         0.51304232 0.4478934 ] -> F: 0.3094884228790605
Punto[1.         0.51394945 0.44885888] -> F: 0.3073602837750193
Punto[1.         0.51485659 0.44982436] -> F: 0.3052063615945312
Punto[1.         0.51576372 0.45078983] -> F: 0.3030610433433291
Punto[1.         0.51667085 0.45175531] -> F: 0.3009243290214135
Punto[1.         0.51757798 0.45272079] -> F: 0.29879621862878397
Punto[1.         0.51848511 0.45368627] -> F: 0.2966767121654406
Punto[1.         0.51939225 0.45465175] -> F: 0.29456580963138307
Punto[1.         0.52029938 0.45561723] -> F: 0.29246351102661194
Punto[1.         0.52120651 0.4565827 ] -> F: 0.29036981635112724
Punto[1.         0.52211364 0.45754818] -> F: 0.28828472560492807
Punto[1.         0.52302077 0.45851366] -> F: 0.28620823878801555
Punto[1.         0.5239279  0.45947914] -> F: 0.28414035590038894
Punto[1.         0.52483504 0.46044462] -> F: 0.2820810769420487
Punto[1.         0.52574217 0.4614101 ] -> F: 0.2800031205912209
Punto[1.         0.5266493  0.46237557] -> F: 0.27790382987289286
Punto[1.         0.52755643 0.46334105] -> F: 0.2758136341099126
Punto[1.         0.52846356 0.46430653] -> F: 0.27373253330228015
Punto[1.         0.5293707  0.46527201] -> F: 0.2716605274499953
Punto[1.         0.53027783 0.46623749] -> F: 0.2695976165530584
Punto[1.         0.53118496 0.46720296] -> F: 0.2675438006114692
Punto[1.         0.53209209 0.46816844] -> F: 0.2654990796252279
Punto[1.         0.53299922 0.46913392] -> F: 0.2634634535943344
Punto[1.         0.53390635 0.4700994 ] -> F: 0.26143692251878836
Punto[1.         0.53481349 0.47106488] -> F: 0.25941948639859047
Punto[1.         0.53572062 0.47203036] -> F: 0.25741114523374
Punto[1.         0.53662775 0.47299583] -> F: 0.2554004687399934
Punto[1.         0.53753488 0.47396131] -> F: 0.25334932065894733
Punto[1.         0.53844201 0.47492679] -> F: 0.251307835449535
Punto[1.         0.53934915 0.47589227] -> F: 0.24927601311175618
Punto[1.         0.54025628 0.47685775] -> F: 0.24725385364561134
Punto[1.         0.54116341 0.47782323] -> F: 0.2452413570510998
Punto[1.         0.54207054 0.4787887 ] -> F: 0.24323852332822188
Punto[1.         0.54297767 0.47975418] -> F: 0.24124535247697784
Punto[1.         0.5438848  0.48071966] -> F: 0.23926184449736734
Punto[1.         0.54479194 0.48168514] -> F: 0.23728799938939052
Punto[1.         0.54569907 0.48265062] -> F: 0.23532381715304734
Best centerpoint:  [1.         0.50215674 0.43630766] Best F:  0.3354205779432825 Best u:  [0.86074203 0.34846283 0.37107522] índice:  2
{
  "seed": 19646,
  "n_per_z": 5,
  "nz": 100,
  "nd": 100,
  "n_muestras": 50,
  "best_f": 0.3354205779432825,
  "best_cp": [
    1.0,
    0.5021567406755744,
    0.4363076614618812
  ],
  "best_u": [
    0.8607420270039436,
    0.3484628279497591,
    0.3710752221402003
  ],
  "n_candidatos": 54
}
