Punto[0.         0.59428643 0.43948137] -> F: 0.11889132937402484
Punto[1.         0.59675127 0.4685591 ] -> F: 0.3432424758303197
Punto[2.         0.61762436 0.20921789] -> F: 0.10303822085957501
Punto[1.         0.6059554  0.32434963] -> F: 0.3682549577052118
Punto[1.         0.59693535 0.46567491] -> F: 0.3471902102166576
Punto[1.         0.59711575 0.4628484 ] -> F: 0.35081824073481005
Punto[1.         0.59729615 0.4600219 ] -> F: 0.3545246197628487
Punto[1.         0.59747655 0.45719539] -> F: 0.3582442792016174
Punto[1.         0.59765695 0.45436889] -> F: 0.3619860410434802
Punto[1.         0.59783736 0.45154238] -> F: 0.36582475516815743
Punto[1.         0.59801776 0.44871588] -> F: 0.36968080585394064
Punto[1.         0.59819816 0.44588937] -> F: 0.37354680085755854
Punto[1.         0.59837856 0.44306286] -> F: 0.37748410154718576
Punto[1.         0.59855896 0.44023636] -> F: 0.3814927079228229
Punto[1.         0.59873936 0.43740985] -> F: 0.38549089720752505
Punto[1.         0.59891976 0.43458335] -> F: 0.38951864794796875
Punto[1.         0.59910016 0.43175684] -> F: 0.3936042777194026
Punto[1.         0.59928056 0.42893034] -> F: 0.39764257253769836
Punto[1.         0.59946096 0.42610383] -> F: 0.40146938400390786
Punto[1.         0.59964136 0.42327733] -> F: 0.40546058605505386
Punto[1.         0.59982177 0.42045082] -> F: 0.40948591853046257
Punto[1.         0.60000217 0.41762431] -> F: 0.4134570028281332
Punto[1.         0.60018257 0.41479781] -> F: 0.4175250394086184
Punto[1.         0.60036297 0.4119713 ] -> F: 0.4216900282719182
Punto[1.         0.60054337 0.4091448 ] -> F: 0.42582865738347364
Punto[1.         0.60072377 0.40631829] -> F: 0.42471212134664127
Punto[1.         0.60090417 0.40349179] -> F: 0.42275844768909543
Punto[1.         0.60108457 0.40066528] -> F: 0.42078657036028394
Punto[1.         0.60126497 0.39783878] -> F: 0.4188198496150517
Punto[1.         0.60144537 0.39501227] -> F: 0.41685828545339854
Punto[1.         0.60162577 0.39218576] -> F: 0.4149018778753244
Punto[1.         0.60180618 0.38935926] -> F: 0.41295062688082945
Punto[1.         0.60198658 0.38653275] -> F: 0.41100165745170225
Punto[1.         0.60216698 0.38370625] -> F: 0.4090373122888172
Punto[1.         0.60234738 0.38087974] -> F: 0.4070782490453151
Punto[1.         0.60252778 0.37805324] -> F: 0.4051244677211961
Punto[1.         0.60270818 0.37522673] -> F: 0.40317596831645997
Punto[1.         0.60288858 0.37240022] -> F: 0.401232750831107
Punto[1.         0.60306898 0.36957372] -> F: 0.3992848695997042
Punto[1.         0.60324938 0.36674721] -> F: 0.39732886774450166
Punto[1.         0.60342978 0.36392071] -> F: 0.39537827653140384
Punto[1.         0.60361018 0.3610942 ] -> F: 0.3934330959604109
Punto[1.         0.60379059 0.3582677 ] -> F: 0.3914933260315227
Punto[1.         0.60397099 0.35544119] -> F: 0.3895589667447395
Punto[1.         0.60415139 0.35261469] -> F: 0.38760899568400015
Punto[1.         0.60433179 0.34978818] -> F: 0.3856621386484478
Punto[1.         0.60451219 0.34696167] -> F: 0.38372082476661656
Punto[1.         0.60469259 0.34413517] -> F: 0.38178505403850643
Punto[1.         0.60487299 0.34130866] -> F: 0.37985482646411756
Punto[1.         0.60505339 0.33848216] -> F: 0.37791785315623594
Punto[1.         0.60523379 0.33565565] -> F: 0.3759752550902864
Punto[1.         0.60541419 0.33282915] -> F: 0.374038336920004
Punto[1.         0.60559459 0.33000264] -> F: 0.3721070986453888
Punto[1.         0.605775   0.32717613] -> F: 0.37018154026644084
{
  "seed": 15801,
  "n_per_z": 10,
  "nz": 100,
  "nd": 100,
  "n_muestras": 50,
  "best_f": 0.42582865738347364,
  "best_cp": [
    1.0,
    0.6005433694968272,
    0.4091447975338531
  ],
  "best_u": [
    0.031410759078128396,
    0.24856717371788586,
    0.9681052238078452
  ],
  "best_index": 24,
  "n_candidatos": 54
}
