Punto[0.         0.48527288 0.62874818] -> F: 0.14743779939935014
Punto[1.         0.47393715 0.53116997] -> F: 0.457648387537115
Punto[2.         0.47826385 0.42500045] -> F: 0.13099623201214547
Punto[1.         0.48176837 0.52687431] -> F: 0.4554792427782994
Punto[1.         0.47409378 0.53108405] -> F: 0.45760230355961634
Punto[1.         0.47424727 0.53099986] -> F: 0.4575572482245278
Punto[1.         0.47440076 0.53091566] -> F: 0.457512298771866
Punto[1.         0.47455425 0.53083147] -> F: 0.45746745520163135
Punto[1.         0.47470774 0.53074728] -> F: 0.4574227175138237
Punto[1.         0.47486124 0.53066308] -> F: 0.45737808570844324
Punto[1.         0.47501473 0.53057889] -> F: 0.45733355978548973
Punto[1.         0.47516822 0.53049469] -> F: 0.4572891397449631
Punto[1.         0.47532171 0.5304105 ] -> F: 0.4572448255868637
Punto[1.        0.4754752 0.5303263] -> F: 0.45720061731119116
Punto[1.         0.4756287  0.53024211] -> F: 0.45715651491794573
Punto[1.         0.47578219 0.53015791] -> F: 0.45711251840712736
Punto[1.         0.47593568 0.53007372] -> F: 0.45706862777873614
Punto[1.         0.47608917 0.52998952] -> F: 0.45702484303277185
Punto[1.         0.47624266 0.52990533] -> F: 0.4569811641692345
Punto[1.         0.47639615 0.52982113] -> F: 0.4569375911881242
Punto[1.         0.47654965 0.52973694] -> F: 0.45689412408944124
Punto[1.         0.47670314 0.52965274] -> F: 0.4568507628731851
Punto[1.         0.47685663 0.52956855] -> F: 0.4568075075393559
Punto[1.         0.47701012 0.52948435] -> F: 0.4567643580879539
Punto[1.         0.47716361 0.52940016] -> F: 0.4567213145189788
Punto[1.         0.47731711 0.52931596] -> F: 0.4566783768324309
Punto[1.         0.4774706  0.52923177] -> F: 0.45663554502830983
Punto[1.         0.47762409 0.52914757] -> F: 0.4565928191066159
Punto[1.         0.47777758 0.52906338] -> F: 0.4565501990673491
Punto[1.         0.47793107 0.52897918] -> F: 0.45650768491050914
Punto[1.         0.47808456 0.52889499] -> F: 0.45646527663609643
Punto[1.         0.47823806 0.52881079] -> F: 0.4564229742441106
Punto[1.         0.47839155 0.5287266 ] -> F: 0.4563807777345517
Punto[1.         0.47854504 0.52864241] -> F: 0.4563386871074201
Punto[1.         0.47869853 0.52855821] -> F: 0.45629670236271547
Punto[1.         0.47885202 0.52847402] -> F: 0.45625482350043783
Punto[1.         0.47900551 0.52838982] -> F: 0.45621305052058725
Punto[1.         0.47915901 0.52830563] -> F: 0.4561713834231636
Punto[1.         0.4793125  0.52822143] -> F: 0.45612982220816706
Punto[1.         0.47946599 0.52813724] -> F: 0.4560883668755977
Punto[1.         0.47961948 0.52805304] -> F: 0.45604701742545517
Punto[1.         0.47977297 0.52796885] -> F: 0.45600577385773966
Punto[1.         0.47992647 0.52788465] -> F: 0.45596463617245137
Punto[1.         0.48007996 0.52780046] -> F: 0.45592360436959
Punto[1.         0.48023345 0.52771626] -> F: 0.45588267844915564
Punto[1.         0.48038694 0.52763207] -> F: 0.45584185841114844
Punto[1.         0.48054043 0.52754787] -> F: 0.4558011442555681
Punto[1.         0.48069392 0.52746368] -> F: 0.4557605359824149
Punto[1.         0.48084742 0.52737948] -> F: 0.4557200335916887
Punto[1.         0.48100091 0.52729529] -> F: 0.4556796370833896
Punto[1.         0.4811544  0.52721109] -> F: 0.45563934645751747
Punto[1.         0.48130789 0.5271269 ] -> F: 0.45559916171407233
Punto[1.         0.48146138 0.5270427 ] -> F: 0.4555590828530544
Punto[1.         0.48161487 0.52695851] -> F: 0.4555191098744634
{
  "seed": 19063,
  "n_per_z": 10,
  "nz": 100,
  "nd": 100,
  "n_muestras": 50,
  "best_f": 0.457648387537115,
  "best_cp": [
    1.0,
    0.47393715329491193,
    0.5311699675565593
  ],
  "best_u": [
    0.1873813145857246,
    -0.24428490554719298,
    -0.9514268904471456
  ],
  "best_index": 1,
  "n_candidatos": 54
}
