Punto[0.         0.52734739 0.27534471] -> F: 0.1283990850514924
Punto[1.         0.45180351 0.51625268] -> F: 0.3635665275469346
Punto[2.         0.27509785 0.51849795] -> F: 0.05375217582081821
Punto[1.         0.40122262 0.39692133] -> F: 0.3009696403141791
Punto[1.         0.45079189 0.51386606] -> F: 0.36607107090414304
Punto[1.         0.4498005  0.51152716] -> F: 0.3685181039819122
Punto[1.         0.44880912 0.50918827] -> F: 0.3709795515957453
Punto[1.         0.44781773 0.50684937] -> F: 0.3733758924921117
Punto[1.         0.44682635 0.50451048] -> F: 0.3757420844287748
Punto[1.         0.44583496 0.50217158] -> F: 0.3781215681008153
Punto[1.         0.44484358 0.49983269] -> F: 0.38046960367187516
Punto[1.         0.44385219 0.49749379] -> F: 0.38275416233228526
Punto[1.        0.4428608 0.4951549] -> F: 0.3850509892483825
Punto[1.         0.44186942 0.492816  ] -> F: 0.38736008442016695
Punto[1.         0.44087803 0.49047711] -> F: 0.38697132783005933
Punto[1.         0.43988665 0.48813822] -> F: 0.38474057130022743
Punto[1.         0.43889526 0.48579932] -> F: 0.38251474446565886
Punto[1.         0.43790388 0.48346043] -> F: 0.38027913043542577
Punto[1.         0.43691249 0.48112153] -> F: 0.3780500536756689
Punto[1.         0.43592111 0.47878264] -> F: 0.37582751418638843
Punto[1.         0.43492972 0.47644374] -> F: 0.37361151196758424
Punto[1.         0.43393834 0.47410485] -> F: 0.3714020470192565
Punto[1.         0.43294695 0.47176595] -> F: 0.36919911934140487
Punto[1.         0.43195556 0.46942706] -> F: 0.3670027289340297
Punto[1.         0.43096418 0.46708816] -> F: 0.3648128757971307
Punto[1.         0.42997279 0.46474927] -> F: 0.36261860642299104
Punto[1.         0.42898141 0.46241038] -> F: 0.3604241913628593
Punto[1.         0.42799002 0.46007148] -> F: 0.3582364202962066
Punto[1.         0.42699864 0.45773259] -> F: 0.35605529322303286
Punto[1.         0.42600725 0.45539369] -> F: 0.3538808101433382
Punto[1.         0.42501587 0.4530548 ] -> F: 0.35171297105712246
Punto[1.         0.42402448 0.4507159 ] -> F: 0.34955177596438575
Punto[1.         0.4230331  0.44837701] -> F: 0.3473972248651282
Punto[1.         0.42204171 0.44603811] -> F: 0.34523928999298564
Punto[1.         0.42105032 0.44369922] -> F: 0.34308037629298066
Punto[1.         0.42005894 0.44136032] -> F: 0.3409282169410656
Punto[1.         0.41906755 0.43902143] -> F: 0.33878281193724047
Punto[1.         0.41807617 0.43668254] -> F: 0.3366441612815051
Punto[1.         0.41708478 0.43434364] -> F: 0.3345122649738596
Punto[1.         0.4160934  0.43200475] -> F: 0.33238712301430395
Punto[1.         0.41510201 0.42966585] -> F: 0.33026873540283824
Punto[1.         0.41411063 0.42732696] -> F: 0.32814142511283206
Punto[1.         0.41311924 0.42498806] -> F: 0.32601888136407947
Punto[1.         0.41212786 0.42264917] -> F: 0.32390320632213243
Punto[1.         0.41113647 0.42031027] -> F: 0.321794399986991
Punto[1.         0.41014508 0.41797138] -> F: 0.3196924623586552
Punto[1.         0.4091537  0.41563248] -> F: 0.3175973934371252
Punto[1.         0.40816231 0.41329359] -> F: 0.31550919322240073
Punto[1.         0.40717093 0.4109547 ] -> F: 0.31341839466794386
Punto[1.         0.40617954 0.4086158 ] -> F: 0.3113261335617685
Punto[1.         0.40518816 0.40627691] -> F: 0.30924085994114575
Punto[1.         0.40419677 0.40393801] -> F: 0.30716257380607537
Punto[1.         0.40320539 0.40159912] -> F: 0.3050912751565576
Punto[1.         0.402214   0.39926022] -> F: 0.3030269639925921
Best centerpoint:  [1.         0.44186942 0.492816  ] Best F:  0.38736008442016695 Best u:  [-0.06279052 -0.58662539  0.80742058] índice:  10
{
  "seed": 7072,
  "n_per_z": 5,
  "nz": 100,
  "nd": 100,
  "n_muestras": 50,
  "best_f": 0.38736008442016695,
  "best_cp": [
    1.0,
    0.44186941870218155,
    0.49281600421205257
  ],
  "best_u": [
    -0.0627905195293134,
    -0.586625392363843,
    0.8074205841389022
  ],
  "n_candidatos": 54
}
