Punto[0.         0.49944154 0.52486134] -> F: 0.1765269705717927
Punto[1.         0.49389715 0.44424114] -> F: 0.3960376649792468
Punto[2.         0.46292273 0.39134488] -> F: 0.11493581061111525
Punto[1.         0.48118214 0.45810311] -> F: 0.4118217058436568
Punto[1.         0.49364285 0.44451838] -> F: 0.3964278233727579
Punto[1.         0.49339364 0.44479008] -> F: 0.39681079653566154
Punto[1.         0.49314442 0.44506177] -> F: 0.3971943813940373
Punto[1.         0.49289521 0.44533347] -> F: 0.39757857794788537
Punto[1.         0.492646   0.44560516] -> F: 0.39796338619720545
Punto[1.         0.49239678 0.44587685] -> F: 0.39834880614199775
Punto[1.         0.49214757 0.44614855] -> F: 0.39868430769867963
Punto[1.         0.49189835 0.44642024] -> F: 0.39901750365375616
Punto[1.         0.49164914 0.44669194] -> F: 0.3993513875832166
Punto[1.         0.49139992 0.44696363] -> F: 0.3996859594870612
Punto[1.         0.49115071 0.44723533] -> F: 0.4000212193652899
Punto[1.         0.4909015  0.44750702] -> F: 0.4003571672179027
Punto[1.         0.49065228 0.44777872] -> F: 0.40069380304489977
Punto[1.         0.49040307 0.44805041] -> F: 0.4010311268462808
Punto[1.         0.49015385 0.44832211] -> F: 0.40136913862204604
Punto[1.         0.48990464 0.4485938 ] -> F: 0.4017078383721955
Punto[1.         0.48965542 0.4488655 ] -> F: 0.4020472260967289
Punto[1.         0.48940621 0.44913719] -> F: 0.4023873017956465
Punto[1.         0.489157   0.44940888] -> F: 0.4027280654689482
Punto[1.         0.48890778 0.44968058] -> F: 0.40306951711663414
Punto[1.         0.48865857 0.44995227] -> F: 0.40341165673870416
Punto[1.         0.48840935 0.45022397] -> F: 0.4037544843351582
Punto[1.         0.48816014 0.45049566] -> F: 0.40409799990599643
Punto[1.         0.48791092 0.45076736] -> F: 0.4044394660786345
Punto[1.         0.48766171 0.45103905] -> F: 0.4047798384386751
Punto[1.         0.4874125  0.45131075] -> F: 0.405120822494188
Punto[1.         0.48716328 0.45158244] -> F: 0.4054624182451731
Punto[1.         0.48691407 0.45185414] -> F: 0.4058046256916304
Punto[1.         0.48666485 0.45212583] -> F: 0.4061474448335598
Punto[1.         0.48641564 0.45239752] -> F: 0.4064908756709614
Punto[1.         0.48616642 0.45266922] -> F: 0.40683491820383527
Punto[1.         0.48591721 0.45294091] -> F: 0.4071795724321812
Punto[1.         0.48566799 0.45321261] -> F: 0.4075248383559995
Punto[1.         0.48541878 0.4534843 ] -> F: 0.40787071597528995
Punto[1.         0.48516957 0.453756  ] -> F: 0.4082172052900524
Punto[1.         0.48492035 0.45402769] -> F: 0.4085643063002871
Punto[1.         0.48467114 0.45429939] -> F: 0.408912019005994
Punto[1.         0.48442192 0.45457108] -> F: 0.4092603434071732
Punto[1.         0.48417271 0.45484278] -> F: 0.40960927950382436
Punto[1.         0.48392349 0.45511447] -> F: 0.40995882729594785
Punto[1.         0.48367428 0.45538616] -> F: 0.41030898678354355
Punto[1.         0.48342507 0.45565786] -> F: 0.4106597579666113
Punto[1.         0.48317585 0.45592955] -> F: 0.4110111408451514
Punto[1.         0.48292664 0.45620125] -> F: 0.41136313541916353
Punto[1.         0.48267742 0.45647294] -> F: 0.411715741688648
Punto[1.         0.48242821 0.45674464] -> F: 0.4120689596536045
Punto[1.         0.48217899 0.45701633] -> F: 0.4124227893140332
Punto[1.         0.48192978 0.45728803] -> F: 0.41277723066993416
Punto[1.         0.48168057 0.45755972] -> F: 0.4125243289646487
Punto[1.         0.48143135 0.45783142] -> F: 0.41217290598867956
{
  "seed": 16092,
  "n_per_z": 10,
  "nz": 100,
  "nd": 100,
  "n_muestras": 50,
  "best_f": 0.41277723066993416,
  "best_cp": [
    1.0,
    0.48192977995414005,
    0.45728802690113285
  ],
  "best_u": [
    0.3090169943749471,
    0.8728365171167697,
    -0.3777100893210836
  ],
  "best_index": 51,
  "n_candidatos": 54
}
