Punto[0.         0.33023591 0.36784962] -> F: 0.08657793025742466
Punto[1.         0.52879604 0.47403267] -> F: 0.3643479489594537
Punto[2.         0.58270787 0.42982357] -> F: 0.17478453999525578
Punto[1.         0.45647189 0.39883659] -> F: 0.34938560474592545
Punto[1.         0.52734955 0.47252875] -> F: 0.36755819128974637
Punto[1.         0.525932   0.47105491] -> F: 0.3706949795519777
Punto[1.         0.52451445 0.46958107] -> F: 0.37379046395994386
Punto[1.         0.52309689 0.46810722] -> F: 0.3768928584600823
Punto[1.         0.52167934 0.46663338] -> F: 0.37997723607618383
Punto[1.         0.52026179 0.46515954] -> F: 0.38303002625333915
Punto[1.         0.51884423 0.46368569] -> F: 0.38608938386082137
Punto[1.         0.51742668 0.46221185] -> F: 0.3891137002198484
Punto[1.         0.51600913 0.46073801] -> F: 0.3921241994704728
Punto[1.         0.51459157 0.45926416] -> F: 0.3951359963466789
Punto[1.         0.51317402 0.45779032] -> F: 0.3980984381081591
Punto[1.         0.51175647 0.45631648] -> F: 0.3985459933328891
Punto[1.         0.51033891 0.45484263] -> F: 0.39728762124722344
Punto[1.         0.50892136 0.45336879] -> F: 0.3960311148865752
Punto[1.         0.50750381 0.45189495] -> F: 0.3947764742509443
Punto[1.         0.50608626 0.4504211 ] -> F: 0.3935236993403308
Punto[1.         0.5046687  0.44894726] -> F: 0.39227279015473476
Punto[1.         0.50325115 0.44747342] -> F: 0.39101594119140126
Punto[1.         0.5018336  0.44599958] -> F: 0.3897565764502526
Punto[1.         0.50041604 0.44452573] -> F: 0.3884991141382118
Punto[1.         0.49899849 0.44305189] -> F: 0.3872435542552791
Punto[1.         0.49758094 0.44157805] -> F: 0.38598989680145446
Punto[1.         0.49616338 0.4401042 ] -> F: 0.3847354083978742
Punto[1.         0.49474583 0.43863036] -> F: 0.3834734313696471
Punto[1.         0.49332828 0.43715652] -> F: 0.38221339390087683
Punto[1.         0.49191072 0.43568267] -> F: 0.38095529599156347
Punto[1.         0.49049317 0.43420883] -> F: 0.3796991376417071
Punto[1.         0.48907562 0.43273499] -> F: 0.37844491885130743
Punto[1.         0.48765806 0.43126114] -> F: 0.37718143780084723
Punto[1.         0.48624051 0.4297873 ] -> F: 0.37591905150261684
Punto[1.         0.48482296 0.42831346] -> F: 0.37465864240249885
Punto[1.         0.4834054  0.42683961] -> F: 0.3734002105004932
Punto[1.         0.48198785 0.42536577] -> F: 0.37214375579659986
Punto[1.         0.4805703  0.42389193] -> F: 0.3708804585555174
Punto[1.         0.47915274 0.42241809] -> F: 0.36961593000748877
Punto[1.         0.47773519 0.42094424] -> F: 0.3683534168908868
Punto[1.         0.47631764 0.4194704 ] -> F: 0.3670929192057117
Punto[1.         0.47490008 0.41799656] -> F: 0.36583443695196316
Punto[1.         0.47348253 0.41652271] -> F: 0.3645704351684348
Punto[1.         0.47206498 0.41504887] -> F: 0.3633039514910883
Punto[1.         0.47064743 0.41357503] -> F: 0.36203952216463736
Punto[1.         0.46922987 0.41210118] -> F: 0.3607771471890819
Punto[1.         0.46781232 0.41062734] -> F: 0.3595168265644219
Punto[1.         0.46639477 0.4091535 ] -> F: 0.35825136633104526
Punto[1.         0.46497721 0.40767965] -> F: 0.3569830953162243
Punto[1.         0.46355966 0.40620581] -> F: 0.355716918355497
Punto[1.         0.46214211 0.40473197] -> F: 0.35445283544886347
Punto[1.         0.46072455 0.40325812] -> F: 0.35319084659632355
Punto[1.         0.459307   0.40178428] -> F: 0.35192328994213745
Punto[1.         0.45788945 0.40031044] -> F: 0.3506533800211659
Best centerpoint:  [1.         0.51175647 0.45631648] Best F:  0.3985459933328891 Best u:  [-0.99950656 -0.01064002 -0.02955378] índice:  12
{
  "seed": 18731,
  "n_per_z": 5,
  "nz": 100,
  "nd": 100,
  "n_muestras": 50,
  "best_f": 0.3985459933328891,
  "best_cp": [
    1.0,
    0.5117564680947362,
    0.45631647733234904
  ],
  "best_u": [
    -0.9995065603657316,
    -0.010640015203451087,
    -0.029553779154865265
  ],
  "n_candidatos": 54
}
