Punto[0.         0.59045039 0.61618611] -> F: 0.0869073989580186
Punto[1.         0.53960179 0.52463821] -> F: 0.3952246099065953
Punto[2.         0.54088467 0.49503266] -> F: 0.17476562036265875
Punto[1.         0.56566753 0.55560938] -> F: 0.3732312295983379
Punto[1.         0.5401231  0.52525763] -> F: 0.3961994817921371
Punto[1.         0.54063399 0.52586467] -> F: 0.3971629646755891
Punto[1.         0.54114488 0.5264717 ] -> F: 0.39809013348616407
Punto[1.         0.54165577 0.52707874] -> F: 0.3980425171499434
Punto[1.         0.54216666 0.52768577] -> F: 0.39750016715998376
Punto[1.         0.54267754 0.52829281] -> F: 0.3969584454419726
Punto[1.         0.54318843 0.52889984] -> F: 0.3964173519959103
Punto[1.         0.54369932 0.52950688] -> F: 0.3958768868217967
Punto[1.         0.54421021 0.53011391] -> F: 0.3953370499196314
Punto[1.         0.5447211  0.53072095] -> F: 0.39479784128941503
Punto[1.         0.54523199 0.53132798] -> F: 0.3942592609311473
Punto[1.         0.54574288 0.53193502] -> F: 0.39372130884482837
Punto[1.         0.54625376 0.53254205] -> F: 0.3931839850304579
Punto[1.         0.54676465 0.53314909] -> F: 0.3926472894880362
Punto[1.         0.54727554 0.53375612] -> F: 0.39211122221756306
Punto[1.         0.54778643 0.53436316] -> F: 0.3915757832190387
Punto[1.         0.54829732 0.53497019] -> F: 0.3910409724924629
Punto[1.         0.54880821 0.53557723] -> F: 0.3905067900378356
Punto[1.         0.5493191  0.53618426] -> F: 0.38997323585515725
Punto[1.         0.54982999 0.5367913 ] -> F: 0.3894403099444274
Punto[1.         0.55034087 0.53739833] -> F: 0.3889080123056463
Punto[1.         0.55085176 0.53800537] -> F: 0.38837634293881373
Punto[1.         0.55136265 0.5386124 ] -> F: 0.38784530184392996
Punto[1.         0.55187354 0.53921944] -> F: 0.38731488902099476
Punto[1.         0.55238443 0.53982647] -> F: 0.3867851044700082
Punto[1.         0.55289532 0.54043351] -> F: 0.3862559481909702
Punto[1.         0.55340621 0.54104054] -> F: 0.38572742018388123
Punto[1.         0.55391709 0.54164758] -> F: 0.3851995204487406
Punto[1.         0.55442798 0.54225461] -> F: 0.3846722489855488
Punto[1.         0.55493887 0.54286165] -> F: 0.38414560579430557
Punto[1.         0.55544976 0.54346868] -> F: 0.383619590875011
Punto[1.         0.55596065 0.54407572] -> F: 0.383094204227665
Punto[1.         0.55647154 0.54468275] -> F: 0.3825694458522678
Punto[1.         0.55698243 0.54528979] -> F: 0.3820453157488191
Punto[1.         0.55749331 0.54589682] -> F: 0.38152181391731926
Punto[1.         0.5580042  0.54650386] -> F: 0.38099894035776793
Punto[1.         0.55851509 0.54711089] -> F: 0.3804766950701654
Punto[1.         0.55902598 0.54771793] -> F: 0.3799550780545114
Punto[1.         0.55953687 0.54832496] -> F: 0.379434089310806
Punto[1.         0.56004776 0.548932  ] -> F: 0.37891372883904945
Punto[1.         0.56055865 0.54953903] -> F: 0.3783939966392415
Punto[1.         0.56106953 0.55014607] -> F: 0.37787489271138214
Punto[1.         0.56158042 0.5507531 ] -> F: 0.37735641705547146
Punto[1.         0.56209131 0.55136014] -> F: 0.37683856967150947
Punto[1.         0.5626022  0.55196717] -> F: 0.3763213505594962
Punto[1.         0.56311309 0.55257421] -> F: 0.3758047597194315
Punto[1.         0.56362398 0.55318124] -> F: 0.3752887971513154
Punto[1.         0.56413487 0.55378828] -> F: 0.37477346285514807
Punto[1.         0.56464575 0.55439531] -> F: 0.3742587568309294
Punto[1.         0.56515664 0.55500235] -> F: 0.37374467907865927
{
  "seed": 18427,
  "n_per_z": 10,
  "nz": 100,
  "nd": 100,
  "n_muestras": 50,
  "best_f": 0.39809013348616407,
  "best_cp": [
    1.0,
    0.5411448790510847,
    0.5264717014956679
  ],
  "best_u": [
    -0.3681245526846781,
    -0.769000069895439,
    -0.5226119078355521
  ],
  "best_index": 6,
  "n_candidatos": 54
}
