Punto[0.         0.47840748 0.50763481] -> F: 0.17334124731070716
Punto[1.         0.46497929 0.505504  ] -> F: 0.42730887561028025
Punto[2.         0.41217428 0.41056922] -> F: 0.11243509417721277
Punto[1.         0.44529088 0.45910202] -> F: 0.40496521375270167
Punto[1.         0.46458552 0.50457596] -> F: 0.4273427042520651
Punto[1.         0.46419963 0.50366649] -> F: 0.4273758584388599
Punto[1.         0.46381373 0.50275701] -> F: 0.4274090147221082
Punto[1.         0.46342784 0.50184753] -> F: 0.42744217310180976
Punto[1.         0.46304195 0.50093805] -> F: 0.42747533357796463
Punto[1.         0.46265606 0.50002857] -> F: 0.42750849615057285
Punto[1.         0.46227016 0.49911909] -> F: 0.42752356568946925
Punto[1.         0.46188427 0.49820961] -> F: 0.42753822004760034
Punto[1.         0.46149838 0.49730013] -> F: 0.4273993446014394
Punto[1.         0.46111248 0.49639065] -> F: 0.42686040930799285
Punto[1.         0.46072659 0.49548118] -> F: 0.4263217439577225
Punto[1.        0.4603407 0.4945717] -> F: 0.42578334855062816
Punto[1.         0.45995481 0.49366222] -> F: 0.42524522308671003
Punto[1.         0.45956891 0.49275274] -> F: 0.42470736756596805
Punto[1.         0.45918302 0.49184326] -> F: 0.4241697819884021
Punto[1.         0.45879713 0.49093378] -> F: 0.4236324663540124
Punto[1.         0.45841123 0.4900243 ] -> F: 0.42309542066279876
Punto[1.         0.45802534 0.48911482] -> F: 0.42255864491476125
Punto[1.         0.45763945 0.48820534] -> F: 0.42202213910989994
Punto[1.         0.45725356 0.48729586] -> F: 0.42148590324821467
Punto[1.         0.45686766 0.48638639] -> F: 0.42094993732970554
Punto[1.         0.45648177 0.48547691] -> F: 0.4204142413543726
Punto[1.         0.45609588 0.48456743] -> F: 0.4198788153222158
Punto[1.         0.45570999 0.48365795] -> F: 0.41934365923323513
Punto[1.         0.45532409 0.48274847] -> F: 0.41880877308743053
Punto[1.         0.4549382  0.48183899] -> F: 0.418274156884802
Punto[1.         0.45455231 0.48092951] -> F: 0.41773981062534976
Punto[1.         0.45416641 0.48002003] -> F: 0.4172057343090736
Punto[1.         0.45378052 0.47911055] -> F: 0.4166719279359735
Punto[1.         0.45339463 0.47820108] -> F: 0.41613839150604953
Punto[1.         0.45300874 0.4772916 ] -> F: 0.41560512501930175
Punto[1.         0.45262284 0.47638212] -> F: 0.4150721284757301
Punto[1.         0.45223695 0.47547264] -> F: 0.4145394018753346
Punto[1.         0.45185106 0.47456316] -> F: 0.4140055078773541
Punto[1.         0.45146516 0.47365368] -> F: 0.41347155193249874
Punto[1.         0.45107927 0.4727442 ] -> F: 0.41293786772983376
Punto[1.         0.45069338 0.47183472] -> F: 0.4124044552693592
Punto[1.         0.45030749 0.47092524] -> F: 0.41187131455107495
Punto[1.         0.44992159 0.47001577] -> F: 0.411338445574981
Punto[1.         0.4495357  0.46910629] -> F: 0.4108058483410775
Punto[1.         0.44914981 0.46819681] -> F: 0.41027352284936436
Punto[1.         0.44876391 0.46728733] -> F: 0.4097414690998415
Punto[1.         0.44837802 0.46637785] -> F: 0.409209687092509
Punto[1.         0.44799213 0.46546837] -> F: 0.4086781768273669
Punto[1.         0.44760624 0.46455889] -> F: 0.40814693830441506
Punto[1.         0.44722034 0.46364941] -> F: 0.4076159715236537
Punto[1.         0.44683445 0.46273993] -> F: 0.4070852764850825
Punto[1.         0.44644856 0.46183045] -> F: 0.4065548531887019
Punto[1.         0.44606267 0.46092098] -> F: 0.4060247016345115
Punto[1.         0.44567677 0.4600115 ] -> F: 0.40549482182251145
{
  "seed": 15582,
  "n_per_z": 10,
  "nz": 100,
  "nd": 100,
  "n_muestras": 50,
  "best_f": 0.42753822004760034,
  "best_cp": [
    1.0,
    0.46188427005093585,
    0.498209612072537
  ],
  "best_u": [
    0.4257792915650727,
    0.84128691717848,
    -0.3330890539460492
  ],
  "best_index": 11,
  "n_candidatos": 54
}
